status file for recon-all
Tue Mar 10 00:24:24 CET 2026
#@# Tessellate lh Tue Mar 10 00:24:24 CET 2026
#@# Smooth1 lh Tue Mar 10 00:24:28 CET 2026
#@# Inflation1 lh Tue Mar 10 00:24:31 CET 2026
#@# QSphere lh Tue Mar 10 00:24:45 CET 2026
#@# Fix Topology lh Tue Mar 10 00:25:56 CET 2026
#@# Smooth2 lh Tue Mar 10 00:31:54 CET 2026
#@# Inflation2 lh Tue Mar 10 00:31:57 CET 2026
#@# Curv .H and .K lh Tue Mar 10 00:32:11 CET 2026
#@# Sphere lh Tue Mar 10 00:32:58 CET 2026
#@# Surf Reg lh Tue Mar 10 00:36:23 CET 2026
#@# Jacobian white lh Tue Mar 10 00:40:41 CET 2026
#@# AvgCurv lh Tue Mar 10 00:40:42 CET 2026
#@# Cortical Parc lh Tue Mar 10 00:40:43 CET 2026
#@# white curv lh Tue Mar 10 00:46:48 CET 2026
#@# white area lh Tue Mar 10 00:46:50 CET 2026
#@# pial curv lh Tue Mar 10 00:46:51 CET 2026
#@# pial area lh Tue Mar 10 00:46:53 CET 2026
#@# thickness lh Tue Mar 10 00:46:53 CET 2026
#@# area and vertex vol lh Tue Mar 10 00:47:23 CET 2026
#@# Curvature Stats lh Tue Mar 10 00:47:24 CET 2026
#@# Cortical Parc 2 lh Tue Mar 10 00:47:27 CET 2026
#@# Cortical Parc 3 lh Tue Mar 10 00:47:40 CET 2026
#@# WM/GM Contrast lh Tue Mar 10 00:47:50 CET 2026
recon-all -s sub-v1s2x0051482_ses-1 finished without error at Tue Mar 10 00:47:53 CET 2026



#New# invocation of recon-all 



status file for recon-all
Tue Mar 10 01:14:51 CET 2026
#@# white curv lh Tue Mar 10 01:14:51 CET 2026
#@# white area lh Tue Mar 10 01:14:51 CET 2026
#@# pial curv lh Tue Mar 10 01:14:51 CET 2026
#@# pial area lh Tue Mar 10 01:14:51 CET 2026
#@# thickness lh Tue Mar 10 01:14:51 CET 2026
#@# area and vertex vol lh Tue Mar 10 01:14:51 CET 2026
#@# Parcellation Stats lh Tue Mar 10 01:14:51 CET 2026
#@# Parcellation Stats 2 lh Tue Mar 10 01:15:10 CET 2026
#@# Parcellation Stats 3 lh Tue Mar 10 01:15:20 CET 2026
#@# BA_exvivo Labels lh Tue Mar 10 01:15:29 CET 2026
recon-all -s sub-v1s2x0051482_ses-1 finished without error at Tue Mar 10 01:18:06 CET 2026
