status file for recon-all
Tue Mar 10 00:47:55 CET 2026
#@# Tessellate rh Tue Mar 10 00:47:55 CET 2026
#@# Smooth1 rh Tue Mar 10 00:47:58 CET 2026
#@# Inflation1 rh Tue Mar 10 00:48:00 CET 2026
#@# QSphere rh Tue Mar 10 00:48:13 CET 2026
#@# Fix Topology rh Tue Mar 10 00:49:18 CET 2026
#@# Smooth2 rh Tue Mar 10 00:55:03 CET 2026
#@# Inflation2 rh Tue Mar 10 00:55:06 CET 2026
#@# Curv .H and .K rh Tue Mar 10 00:55:20 CET 2026
#@# Sphere rh Tue Mar 10 00:56:06 CET 2026
#@# Surf Reg rh Tue Mar 10 00:58:12 CET 2026
#@# Jacobian white rh Tue Mar 10 01:01:58 CET 2026
#@# AvgCurv rh Tue Mar 10 01:01:59 CET 2026
#@# Cortical Parc rh Tue Mar 10 01:01:59 CET 2026
#@# white curv rh Tue Mar 10 01:08:02 CET 2026
#@# white area rh Tue Mar 10 01:08:04 CET 2026
#@# pial curv rh Tue Mar 10 01:08:04 CET 2026
#@# pial area rh Tue Mar 10 01:08:06 CET 2026
#@# thickness rh Tue Mar 10 01:08:07 CET 2026
#@# area and vertex vol rh Tue Mar 10 01:08:36 CET 2026
#@# Curvature Stats rh Tue Mar 10 01:08:37 CET 2026
#@# Cortical Parc 2 rh Tue Mar 10 01:08:40 CET 2026
#@# Cortical Parc 3 rh Tue Mar 10 01:08:53 CET 2026
#@# WM/GM Contrast rh Tue Mar 10 01:09:03 CET 2026
recon-all -s sub-v1s2x0051482_ses-1 finished without error at Tue Mar 10 01:09:06 CET 2026



#New# invocation of recon-all 



status file for recon-all
Tue Mar 10 01:18:07 CET 2026
#@# white curv rh Tue Mar 10 01:18:07 CET 2026
#@# white area rh Tue Mar 10 01:18:07 CET 2026
#@# pial curv rh Tue Mar 10 01:18:07 CET 2026
#@# pial area rh Tue Mar 10 01:18:07 CET 2026
#@# thickness rh Tue Mar 10 01:18:07 CET 2026
#@# area and vertex vol rh Tue Mar 10 01:18:07 CET 2026
#@# Parcellation Stats rh Tue Mar 10 01:18:07 CET 2026
#@# Parcellation Stats 2 rh Tue Mar 10 01:18:25 CET 2026
#@# Parcellation Stats 3 rh Tue Mar 10 01:18:34 CET 2026
#@# BA_exvivo Labels rh Tue Mar 10 01:18:43 CET 2026
recon-all -s sub-v1s2x0051482_ses-1 finished without error at Tue Mar 10 01:21:15 CET 2026
