status file for recon-all
Mon Mar  9 22:28:42 CET 2026
#@# MotionCor Mon Mar  9 22:28:44 CET 2026
#@# Talairach Mon Mar  9 22:28:52 CET 2026
#@# Talairach Failure Detection Mon Mar  9 22:33:18 CET 2026
#@# Nu Intensity Correction Mon Mar  9 22:33:18 CET 2026
#@# Intensity Normalization Mon Mar  9 22:36:34 CET 2026
recon-all -s sub-v1s2x0051482_ses-1 finished without error at Mon Mar  9 22:38:14 CET 2026



#New# invocation of recon-all 



status file for recon-all
Mon Mar  9 22:45:28 CET 2026
#@# EM Registration Mon Mar  9 22:45:28 CET 2026
recon-all -s sub-v1s2x0051482_ses-1 finished without error at Mon Mar  9 22:47:56 CET 2026



#New# invocation of recon-all 



status file for recon-all
Mon Mar  9 22:48:00 CET 2026
#@# CA Normalize Mon Mar  9 22:48:00 CET 2026
#@# CA Reg Mon Mar  9 22:49:22 CET 2026
#@# SubCort Seg Mon Mar  9 23:36:53 CET 2026
#@# CC Seg Tue Mar 10 00:17:43 CET 2026
#@# Merge ASeg Tue Mar 10 00:18:43 CET 2026
#@# Intensity Normalization2 Tue Mar 10 00:18:43 CET 2026
#@# Mask BFS Tue Mar 10 00:21:05 CET 2026
#@# WM Segmentation Tue Mar 10 00:21:05 CET 2026
#@# Fill Tue Mar 10 00:23:18 CET 2026
recon-all -s sub-v1s2x0051482_ses-1 finished without error at Tue Mar 10 00:24:18 CET 2026



#New# invocation of recon-all 



status file for recon-all
Tue Mar 10 01:09:12 CET 2026
#@# white curv lh Tue Mar 10 01:09:12 CET 2026
#@# white area lh Tue Mar 10 01:09:12 CET 2026
#@# pial curv lh Tue Mar 10 01:09:12 CET 2026
#@# pial area lh Tue Mar 10 01:09:12 CET 2026
#@# thickness lh Tue Mar 10 01:09:12 CET 2026
#@# area and vertex vol lh Tue Mar 10 01:09:12 CET 2026
#@# white curv rh Tue Mar 10 01:09:12 CET 2026
#@# white area rh Tue Mar 10 01:09:12 CET 2026
#@# pial curv rh Tue Mar 10 01:09:12 CET 2026
#@# pial area rh Tue Mar 10 01:09:12 CET 2026
#@# thickness rh Tue Mar 10 01:09:12 CET 2026
#@# area and vertex vol rh Tue Mar 10 01:09:12 CET 2026
#@# Cortical ribbon mask Tue Mar 10 01:09:12 CET 2026
recon-all -s sub-v1s2x0051482_ses-1 finished without error at Tue Mar 10 01:14:47 CET 2026



#New# invocation of recon-all 



status file for recon-all
Tue Mar 10 01:21:19 CET 2026
#@# white curv lh Tue Mar 10 01:21:19 CET 2026
#@# white area lh Tue Mar 10 01:21:19 CET 2026
#@# pial curv lh Tue Mar 10 01:21:19 CET 2026
#@# pial area lh Tue Mar 10 01:21:19 CET 2026
#@# thickness lh Tue Mar 10 01:21:19 CET 2026
#@# area and vertex vol lh Tue Mar 10 01:21:19 CET 2026
#@# white curv rh Tue Mar 10 01:21:19 CET 2026
#@# white area rh Tue Mar 10 01:21:19 CET 2026
#@# pial curv rh Tue Mar 10 01:21:19 CET 2026
#@# pial area rh Tue Mar 10 01:21:19 CET 2026
#@# thickness rh Tue Mar 10 01:21:19 CET 2026
#@# area and vertex vol rh Tue Mar 10 01:21:19 CET 2026
#@# Curvature Stats lh Tue Mar 10 01:21:19 CET 2026
#@# Curvature Stats rh Tue Mar 10 01:21:21 CET 2026
#@# Relabel Hypointensities Tue Mar 10 01:21:24 CET 2026
#@# APas-to-ASeg Tue Mar 10 01:21:38 CET 2026
#@# AParc-to-ASeg aparc Tue Mar 10 01:21:46 CET 2026
#@# AParc-to-ASeg aparc.a2009s Tue Mar 10 01:22:29 CET 2026
#@# AParc-to-ASeg aparc.DKTatlas Tue Mar 10 01:23:09 CET 2026
#@# WMParc Tue Mar 10 01:23:52 CET 2026
#@# ASeg Stats Tue Mar 10 01:27:26 CET 2026
recon-all -s sub-v1s2x0051482_ses-1 finished without error at Tue Mar 10 01:28:07 CET 2026
