/out/sourcedata/freesurfer/sub-v1s2x0051468_ses-1/mri
/opt/freesurfer/bin/talairach_avi
--i orig_nu.mgz --xfm transforms/talairach.auto.xfm
talairach_avi 7.3.2
Linux dna060 5.14.0-427.37.1.el9_4.x86_64 #1 SMP PREEMPT_DYNAMIC Fri Sep 13 12:41:50 EDT 2024 x86_64 x86_64 x86_64 GNU/Linux
Mon Mar  9 21:35:51 CET 2026
mri_convert orig_nu.mgz talsrcimg.img 
reading from orig_nu.mgz...
TR=0.00, TE=0.00, TI=0.00, flip angle=0.00
i_ras = (-1, 0, 0)
j_ras = (0, 0, -1)
k_ras = (0, 1, 0)
writing to talsrcimg.img...
Analyze Output Matrix
-1.00000   0.00000   0.00000   130.85593;
 0.00000   0.00000   1.00000  -62.23729;
 0.00000  -1.00000   0.00000   115.08475;
 0.00000   0.00000   0.00000   1.00000;
--------------------
INFO: set hdr.hist.orient to -1
mpr2mni305 talsrcimg
Mon Mar  9 21:35:52 CET 2026
/opt/freesurfer/bin/mpr2mni305 talsrcimg
mpr2mni305 7.3.2
target=711-2C_as_mni_average_305

---------------------------------------------------------------------
analyzeto4dfp talsrcimg -O0 -y
---------------------------------------------------------------------

freesurfer ifh2hdr.c
Mon Mar  9 21:35:52 2026
Writing: talsrcimg.4dfp.hdr
freesurfer analyzeto4dfp.c
Reading: talsrcimg.hdr
header size 348 bytes
hdr.dime.datatype	offset=70	value=2
hdr.dime.bitpix		offset=72	value=8
hdr.hist.orient		offset=252	value=-1
dimensionality     4
dimensions       256       256       256         1
Reading: talsrcimg.img
Writing: talsrcimg.4dfp.img
Writing: talsrcimg.4dfp.ifh
ifh2hdr talsrcimg -r0to255
ori=2

---------------------------------------------------------------------
gauss_4dfp talsrcimg 1.1
---------------------------------------------------------------------

freesurfer gauss_4dfp.c
Reading: talsrcimg.4dfp.img
Writing: talsrcimg_g11.4dfp.img
image dimensions 256 256 256 padded to 288 288 288
processing volume 1freesurfer ifh2hdr.c
Mon Mar  9 21:35:53 2026
Writing: talsrcimg_g11.4dfp.hdr

Writing: talsrcimg_g11.4dfp.ifh
including: talsrcimg.4dfp.img.rec in talsrcimg_g11.4dfp.img.rec

---------------------------------------------------------------------
imgreg_4dfp /opt/freesurfer/average/711-2C_as_mni_average_305 none talsrcimg_g11 none talsrcimg_to_711-2C_as_mni_average_305_t4 4355
---------------------------------------------------------------------

freesurfer imgreg_4dfp.c
/opt/freesurfer/average/711-2C_as_mni_average_305.4dfp.img
       256       256       256         1
  1.000000  1.000000  1.000000
orientation T byte_order littleendian
Reading image: /opt/freesurfer/average/711-2C_as_mni_average_305.4dfp.img
dimensions:      256       256       256
mmppix:       1.0000   -1.0000   -1.0000
center:     128.0000 -129.0000 -129.0000
talsrcimg_g11.4dfp.img
       256       256       256         1
  1.000000  1.000000  1.000000
orientation T byte_order littleendian
Reading image: talsrcimg_g11.4dfp.img
dimensions:      256       256       256
mmppix:       1.0000   -1.0000   -1.0000
center:     128.0000 -129.0000 -129.0000
t4_read: open error in t4_sub.f l:  41 t4_file(1:l)talsrcimg_to_711-2C_as_mni_average_305_t4 
t4_read: transform initialized to I4
rotation matrix determinant  1.000000
image alignment mode   4355 decimal     1103 hex
   -7.5000  -45.0000  -45.0000 6604.7988   12.0724
    0.0000  -45.0000  -45.0000 6912.2207   12.0867
    7.5000  -45.0000  -45.0000 6603.7026   12.0756
   -7.5000  -37.5000  -45.0000 7231.6919   11.6681
    0.0000  -37.5000  -45.0000 7559.0459   11.6836
    7.5000  -37.5000  -45.0000 7219.7886   11.6690
   -7.5000  -30.0000  -45.0000 8205.1289   11.4128
    0.0000  -30.0000  -45.0000 8564.4795   11.4256
    7.5000  -30.0000  -45.0000 8179.9497   11.4027
   -7.5000  -22.5000  -45.0000 9236.9502   11.2227
    0.0000  -22.5000  -45.0000 9634.6943   11.2329
    7.5000  -22.5000  -45.0000 9207.3428   11.2089
   -7.5000  -15.0000  -45.000010276.0225   11.0729
    0.0000  -15.0000  -45.000010731.6504   11.0833
    7.5000  -15.0000  -45.000010254.6807   11.0664
   -7.5000   -7.5000  -45.000011348.1670   11.0181
    0.0000   -7.5000  -45.000011853.6836   11.0310
    7.5000   -7.5000  -45.000011334.1699   11.0218
   -7.5000    0.0000  -45.000012323.1123   11.0050
    0.0000    0.0000  -45.000012866.3086   11.0202
    7.5000    0.0000  -45.000012301.5996   11.0122
   -7.5000    7.5000  -45.000012343.4277   11.0146
    0.0000    7.5000  -45.000012896.0674   11.0297
    7.5000    7.5000  -45.000012331.7920   11.0149
   -7.5000   15.0000  -45.000012263.6230   11.0281
    0.0000   15.0000  -45.000012804.2070   11.0409
    7.5000   15.0000  -45.000012244.3984   11.0181
   -7.5000   22.5000  -45.000012119.4141   11.0304
    0.0000   22.5000  -45.000012623.6924   11.0410
    7.5000   22.5000  -45.000012087.1406   11.0173
   -7.5000   30.0000  -45.000011827.9453   10.8780
    0.0000   30.0000  -45.000012336.2734   10.8885
    7.5000   30.0000  -45.000011787.7002   10.8717
   -7.5000   37.5000  -45.000011732.6709   10.8633
    0.0000   37.5000  -45.000012218.4551   10.8761
    7.5000   37.5000  -45.000011671.3506   10.8669
   -7.5000   45.0000  -45.000011257.0186   10.5826
    0.0000   45.0000  -45.000011707.9844   10.5973
    7.5000   45.0000  -45.000011183.9863   10.5895
   -7.5000  -45.0000  -37.5000 6872.2666   12.0525
    0.0000  -45.0000  -37.5000 7184.2344   12.0680
    7.5000  -45.0000  -37.5000 6863.9604   12.0617
   -7.5000  -37.5000  -37.5000 7530.3813   11.6560
    0.0000  -37.5000  -37.5000 7870.9858   11.6680
    7.5000  -37.5000  -37.5000 7522.2075   11.6569
   -7.5000  -30.0000  -37.5000 8569.7578   11.4088
    0.0000  -30.0000  -37.5000 8945.7510   11.4166
    7.5000  -30.0000  -37.5000 8538.8945   11.3969
   -7.5000  -22.5000  -37.5000 9648.3047   11.2194
    0.0000  -22.5000  -37.500010077.0605   11.2275
    7.5000  -22.5000  -37.5000 9619.8301   11.2075
   -7.5000  -15.0000  -37.500010729.9121   11.0651
    0.0000  -15.0000  -37.500011213.3545   11.0772
    7.5000  -15.0000  -37.500010713.1826   11.0651
   -7.5000   -7.5000  -37.500011865.1562   11.0037
    0.0000   -7.5000  -37.500012373.1709   11.0197
    7.5000   -7.5000  -37.500011845.1641   11.0153
   -7.5000    0.0000  -37.500012893.1377   10.9885
    0.0000    0.0000  -37.500013460.9814   11.0046
    7.5000    0.0000  -37.500012883.9062   11.0008
   -7.5000    7.5000  -37.500012915.5879   11.0036
    0.0000    7.5000  -37.500013495.6572   11.0157
    7.5000    7.5000  -37.500012915.8066   11.0041
   -7.5000   15.0000  -37.500012826.5898   11.0241
    0.0000   15.0000  -37.500013388.1113   11.0323
    7.5000   15.0000  -37.500012823.2412   11.0126
   -7.5000   22.5000  -37.500012662.0352   11.0277
    0.0000   22.5000  -37.500013195.3955   11.0362
    7.5000   22.5000  -37.500012649.8623   11.0163
   -7.5000   30.0000  -37.500012362.0850   10.8706
    0.0000   30.0000  -37.500012889.2031   10.8827
    7.5000   30.0000  -37.500012336.9824   10.8706
   -7.5000   37.5000  -37.500012255.4521   10.8492
    0.0000   37.5000  -37.500012754.1729   10.8650
    7.5000   37.5000  -37.500012216.8652   10.8606
   -7.5000   45.0000  -37.500011741.3340   10.5668
    0.0000   45.0000  -37.500012209.6094   10.5823
    7.5000   45.0000  -37.500011696.2031   10.5786
   -7.5000  -45.0000  -30.0000 7254.4507   12.5431
    0.0000  -45.0000  -30.0000 7570.3203   12.5634
    7.5000  -45.0000  -30.0000 7242.4536   12.5668
   -7.5000  -37.5000  -30.0000 7970.5820   12.1339
    0.0000  -37.5000  -30.0000 8321.3574   12.1445
    7.5000  -37.5000  -30.0000 7952.3945   12.1417
   -7.5000  -30.0000  -30.0000 9078.5879   11.8790
    0.0000  -30.0000  -30.0000 9476.7461   11.8826
    7.5000  -30.0000  -30.0000 9032.7432   11.8701
   -7.5000  -22.5000  -30.000010221.4111   11.6821
    0.0000  -22.5000  -30.000010672.0010   11.6890
    7.5000  -22.5000  -30.000010187.5488   11.6760
   -7.5000  -15.0000  -30.000011388.1953   11.5198
    0.0000  -15.0000  -30.000011877.9297   11.5359
    7.5000  -15.0000  -30.000011361.9609   11.5309
   -7.5000   -7.5000  -30.000012605.1416   11.4528
    0.0000   -7.5000  -30.000013137.3779   11.4755
    7.5000   -7.5000  -30.000012582.8145   11.4786
   -7.5000    0.0000  -30.000013715.5781   11.4354
    0.0000    0.0000  -30.000014312.8213   11.4561
    7.5000    0.0000  -30.000013715.5225   11.4603
   -7.5000    7.5000  -30.000013751.2559   11.4529
    0.0000    7.5000  -30.000014372.6543   11.4642
    7.5000    7.5000  -30.000013761.9600   11.4602
   -7.5000   15.0000  -30.000013633.4023   11.4772
    0.0000   15.0000  -30.000014228.2588   11.4815
    7.5000   15.0000  -30.000013649.1758   11.4687
   -7.5000   22.5000  -30.000013451.9395   11.4812
    0.0000   22.5000  -30.000014017.2490   11.4884
    7.5000   22.5000  -30.000013430.4521   11.4754
   -7.5000   30.0000  -30.000013144.5732   11.3184
    0.0000   30.0000  -30.000013694.8096   11.3346
    7.5000   30.0000  -30.000013117.2803   11.3293
   -7.5000   37.5000  -30.000013027.6729   11.2930
    0.0000   37.5000  -30.000013570.0098   11.3155
    7.5000   37.5000  -30.000013011.8711   11.3185
   -7.5000   45.0000  -30.000012454.1494   11.0046
    0.0000   45.0000  -30.000012955.5596   11.0245
    7.5000   45.0000  -30.000012435.1299   11.0285
   -7.5000  -45.0000  -22.5000 7611.0444   12.9695
    0.0000  -45.0000  -22.5000 7952.8267   12.9940
    7.5000  -45.0000  -22.5000 7597.8408   13.0032
   -7.5000  -37.5000  -22.5000 8379.5986   12.5433
    0.0000  -37.5000  -22.5000 8744.8096   12.5574
    7.5000  -37.5000  -22.5000 8358.3232   12.5604
   -7.5000  -30.0000  -22.5000 9553.9902   12.2747
    0.0000  -30.0000  -22.5000 9954.6855   12.2806
    7.5000  -30.0000  -22.5000 9508.2236   12.2733
   -7.5000  -22.5000  -22.500010785.4570   12.0717
    0.0000  -22.5000  -22.500011232.9648   12.0809
    7.5000  -22.5000  -22.500010732.3984   12.0717
   -7.5000  -15.0000  -22.500012028.8740   11.9081
    0.0000  -15.0000  -22.500012534.7686   11.9272
    7.5000  -15.0000  -22.500011982.6162   11.9251
   -7.5000   -7.5000  -22.500013337.0537   11.8431
    0.0000   -7.5000  -22.500013912.7764   11.8696
    7.5000   -7.5000  -22.500013301.0244   11.8759
   -7.5000    0.0000  -22.500014545.4648   11.8253
    0.0000    0.0000  -22.500015180.8721   11.8501
    7.5000    0.0000  -22.500014492.2881   11.8587
   -7.5000    7.5000  -22.500014595.9287   11.8386
    0.0000    7.5000  -22.500015246.0713   11.8533
    7.5000    7.5000  -22.500014559.2607   11.8545
   -7.5000   15.0000  -22.500014499.0303   11.8592
    0.0000   15.0000  -22.500015157.8096   11.8657
    7.5000   15.0000  -22.500014502.3818   11.8576
   -7.5000   22.5000  -22.500014279.6084   11.8628
    0.0000   22.5000  -22.500014909.1074   11.8722
    7.5000   22.5000  -22.500014268.9307   11.8629
   -7.5000   30.0000  -22.500013934.7832   11.7016
    0.0000   30.0000  -22.500014528.4473   11.7206
    7.5000   30.0000  -22.500013897.9072   11.7182
   -7.5000   37.5000  -22.500013802.3037   11.6797
    0.0000   37.5000  -22.500014395.1387   11.7058
    7.5000   37.5000  -22.500013774.2861   11.7120
   -7.5000   45.0000  -22.500013162.9023   11.3884
    0.0000   45.0000  -22.500013730.0859   11.4123
    7.5000   45.0000  -22.500013119.9346   11.4205
   -7.5000  -45.0000  -15.0000 7933.5137   13.2857
    0.0000  -45.0000  -15.0000 8263.6992   13.3100
    7.5000  -45.0000  -15.0000 7911.8457   13.3150
   -7.5000  -37.5000  -15.0000 8775.5439   12.8414
    0.0000  -37.5000  -15.0000 9147.9385   12.8604
    7.5000  -37.5000  -15.0000 8749.3906   12.8606
   -7.5000  -30.0000  -15.000010025.2861   12.5580
    0.0000  -30.0000  -15.000010449.4316   12.5706
    7.5000  -30.0000  -15.0000 9976.1709   12.5605
   -7.5000  -22.5000  -15.000011303.6240   12.3509
    0.0000  -22.5000  -15.000011796.9150   12.3638
    7.5000  -22.5000  -15.000011263.9424   12.3507
   -7.5000  -15.0000  -15.000012607.7559   12.1902
    0.0000  -15.0000  -15.000013150.4814   12.2087
    7.5000  -15.0000  -15.000012580.9590   12.2018
   -7.5000   -7.5000  -15.000013969.6709   12.1315
    0.0000   -7.5000  -15.000014593.1738   12.1557
    7.5000   -7.5000  -15.000013964.6865   12.1574
   -7.5000    0.0000  -15.000015270.1016   12.1148
    0.0000    0.0000  -15.000015951.8906   12.1396
    7.5000    0.0000  -15.000015233.0049   12.1446
   -7.5000    7.5000  -15.000015393.3213   12.1210
    0.0000    7.5000  -15.000016067.9268   12.1398
    7.5000    7.5000  -15.000015309.0088   12.1385
   -7.5000   15.0000  -15.000015370.0391   12.1339
    0.0000   15.0000  -15.000016112.5098   12.1464
    7.5000   15.0000  -15.000015308.5439   12.1357
   -7.5000   22.5000  -15.000015161.5938   12.1363
    0.0000   22.5000  -15.000015921.1670   12.1493
    7.5000   22.5000  -15.000015145.9824   12.1362
   -7.5000   30.0000  -15.000014760.4111   11.9802
    0.0000   30.0000  -15.000015451.3633   11.9987
    7.5000   30.0000  -15.000014710.6895   11.9916
   -7.5000   37.5000  -15.000014604.3545   11.9658
    0.0000   37.5000  -15.000015260.2334   11.9897
    7.5000   37.5000  -15.000014497.6289   11.9913
   -7.5000   45.0000  -15.000013910.8486   11.6742
    0.0000   45.0000  -15.000014514.7773   11.6981
    7.5000   45.0000  -15.000013760.8916   11.7029
   -7.5000  -45.0000   -7.5000 8226.0195   13.4469
    0.0000  -45.0000   -7.5000 8575.5811   13.4666
    7.5000  -45.0000   -7.5000 8206.4248   13.4605
   -7.5000  -37.5000   -7.5000 9103.9404   12.9939
    0.0000  -37.5000   -7.5000 9509.0859   13.0138
    7.5000  -37.5000   -7.5000 9104.8682   13.0042
   -7.5000  -30.0000   -7.500010437.3145   12.7048
    0.0000  -30.0000   -7.500010883.6348   12.7207
    7.5000  -30.0000   -7.500010430.7314   12.7014
   -7.5000  -22.5000   -7.500011825.4727   12.4944
    0.0000  -22.5000   -7.500012310.7861   12.5078
    7.5000  -22.5000   -7.500011814.1494   12.4857
   -7.5000  -15.0000   -7.500013217.4482   12.3328
    0.0000  -15.0000   -7.500013763.2832   12.3472
    7.5000  -15.0000   -7.500013237.2695   12.3318
   -7.5000   -7.5000   -7.500014682.3311   12.2764
    0.0000   -7.5000   -7.500015322.9727   12.2943
    7.5000   -7.5000   -7.500014729.8662   12.2875
   -7.5000    0.0000   -7.500016057.5703   12.2616
    0.0000    0.0000   -7.500016764.2539   12.2821
    7.5000    0.0000   -7.500016077.2363   12.2781
   -7.5000    7.5000   -7.500016162.0342   12.2668
    0.0000    7.5000   -7.500016879.8047   12.2861
    7.5000    7.5000   -7.500016076.8936   12.2756
   -7.5000   15.0000   -7.500016191.2725   12.2770
    0.0000   15.0000   -7.500017020.6152   12.2927
    7.5000   15.0000   -7.500016026.5791   12.2731
   -7.5000   22.5000   -7.500016156.7002   12.2764
    0.0000   22.5000   -7.500017153.1641   12.2899
    7.5000   22.5000   -7.500015982.8623   12.2680
   -7.5000   30.0000   -7.500015841.3213   12.1201
    0.0000   30.0000   -7.500016721.5078   12.1346
    7.5000   30.0000   -7.500015595.7881   12.1192
   -7.5000   37.5000   -7.500015550.0391   12.1083
    0.0000   37.5000   -7.500016268.8281   12.1261
    7.5000   37.5000   -7.500015293.6211   12.1193
   -7.5000   45.0000   -7.500014651.6445   11.8179
    0.0000   45.0000   -7.500015292.3271   11.8376
    7.5000   45.0000   -7.500014446.6572   11.8337
   -7.5000  -45.0000    0.0000 8430.3945   13.4688
    0.0000  -45.0000    0.0000 8805.8965   13.4850
    7.5000  -45.0000    0.0000 8428.4150   13.4727
   -7.5000  -37.5000    0.0000 9401.6045   13.0189
    0.0000  -37.5000    0.0000 9813.4453   13.0364
    7.5000  -37.5000    0.0000 9405.3223   13.0202
   -7.5000  -30.0000    0.000010817.7275   12.7348
    0.0000  -30.0000    0.000011288.2725   12.7493
    7.5000  -30.0000    0.000010803.5420   12.7239
   -7.5000  -22.5000    0.000012267.4414   12.5231
    0.0000  -22.5000    0.000012800.9717   12.5347
    7.5000  -22.5000    0.000012238.9072   12.5080
   -7.5000  -15.0000    0.000013729.0918   12.3562
    0.0000  -15.0000    0.000014343.7871   12.3679
    7.5000  -15.0000    0.000013707.0049   12.3492
   -7.5000   -7.5000    0.000015298.7510   12.2952
    0.0000   -7.5000    0.000016030.3574   12.3097
    7.5000   -7.5000    0.000015269.6162   12.2994
   -7.5000    0.0000    0.000016754.0332   12.2806
    0.0000    0.0000    0.000017547.4453   12.2977
    7.5000    0.0000    0.000016697.2363   12.2888
   -7.5000    7.5000    0.000016876.2656   12.2914
    0.0000    7.5000    0.000017573.5684   12.3084
    7.5000    7.5000    0.000016736.0977   12.2920
   -7.5000   15.0000    0.000016812.0137   12.3066
    0.0000   15.0000    0.000017673.0898   12.3210
    7.5000   15.0000    0.000016704.5234   12.2957
   -7.5000   22.5000    0.000016793.3730   12.3051
    0.0000   22.5000    0.000017913.2520   12.3171
    7.5000   22.5000    0.000016719.7188   12.2907
   -7.5000   30.0000    0.000016557.6543   12.1437
    0.0000   30.0000    0.000017567.6270   12.1555
    7.5000   30.0000    0.000016357.8516   12.1368
   -7.5000   37.5000    0.000016273.3506   12.1272
    0.0000   37.5000    0.000017038.0879   12.1415
    7.5000   37.5000    0.000016036.8457   12.1313
   -7.5000   45.0000    0.000015265.1484   11.8371
    0.0000   45.0000    0.000015902.2725   11.8536
    7.5000   45.0000    0.000015040.2500   11.8450
   -7.5000  -45.0000    7.5000 7951.5908   13.4861
    0.0000  -45.0000    7.5000 8363.8174   13.5034
    7.5000  -45.0000    7.5000 7946.2783   13.4964
   -7.5000  -37.5000    7.5000 8899.8223   13.0425
    0.0000  -37.5000    7.5000 9346.9609   13.0559
    7.5000  -37.5000    7.5000 8881.1475   13.0435
   -7.5000  -30.0000    7.500010268.6016   12.7660
    0.0000  -30.0000    7.500010790.9248   12.7748
    7.5000  -30.0000    7.500010219.5820   12.7527
   -7.5000  -22.5000    7.500011680.6494   12.5541
    0.0000  -22.5000    7.500012268.6816   12.5632
    7.5000  -22.5000    7.500011612.6133   12.5407
   -7.5000  -15.0000    7.500013117.6621   12.3814
    0.0000  -15.0000    7.500013794.6221   12.3949
    7.5000  -15.0000    7.500013061.3105   12.3813
   -7.5000   -7.5000    7.500014619.4043   12.3127
    0.0000   -7.5000    7.500015360.7002   12.3306
    7.5000   -7.5000    7.500014565.9883   12.3256
   -7.5000    0.0000    7.500015989.8584   12.2957
    0.0000    0.0000    7.500016723.2266   12.3137
    7.5000    0.0000    7.500015913.7959   12.3094
   -7.5000    7.5000    7.500016074.9375   12.3126
    0.0000    7.5000    7.500016733.0410   12.3261
    7.5000    7.5000    7.500015929.2471   12.3131
   -7.5000   15.0000    7.500015996.8086   12.3356
    0.0000   15.0000    7.500016828.2578   12.3447
    7.5000   15.0000    7.500015938.4424   12.3227
   -7.5000   22.5000    7.500015845.5459   12.3356
    0.0000   22.5000    7.500016814.2266   12.3451
    7.5000   22.5000    7.500015874.3965   12.3228
   -7.5000   30.0000    7.500015538.5342   12.1685
    0.0000   30.0000    7.500016280.0459   12.1821
    7.5000   30.0000    7.500015430.7598   12.1684
   -7.5000   37.5000    7.500015392.3262   12.1445
    0.0000   37.5000    7.500016003.5195   12.1622
    7.5000   37.5000    7.500015224.3975   12.1572
   -7.5000   45.0000    7.500014552.6025   11.8516
    0.0000   45.0000    7.500015149.7285   11.8690
    7.5000   45.0000    7.500014399.4277   11.8648
   -7.5000  -45.0000   15.0000 7344.6133   13.5387
    0.0000  -45.0000   15.0000 7697.1548   13.5599
    7.5000  -45.0000   15.0000 7325.6196   13.5638
   -7.5000  -37.5000   15.0000 8233.6523   13.0971
    0.0000  -37.5000   15.0000 8628.0820   13.1079
    7.5000  -37.5000   15.0000 8213.1279   13.1051
   -7.5000  -30.0000   15.0000 9539.5166   12.8230
    0.0000  -30.0000   15.0000 9995.7979   12.8262
    7.5000  -30.0000   15.0000 9513.2275   12.8129
   -7.5000  -22.5000   15.000010884.6738   12.6116
    0.0000  -22.5000   15.000011404.2559   12.6184
    7.5000  -22.5000   15.000010848.0029   12.6045
   -7.5000  -15.0000   15.000012242.5908   12.4371
    0.0000  -15.0000   15.000012832.6514   12.4538
    7.5000  -15.0000   15.000012221.8877   12.4485
   -7.5000   -7.5000   15.000013594.2236   12.3642
    0.0000   -7.5000   15.000014257.7529   12.3881
    7.5000   -7.5000   15.000013573.9287   12.3916
   -7.5000    0.0000   15.000014848.9912   12.3453
    0.0000    0.0000   15.000015501.5322   12.3670
    7.5000    0.0000   15.000014766.5049   12.3717
   -7.5000    7.5000   15.000014910.9766   12.3644
    0.0000    7.5000   15.000015539.5098   12.3759
    7.5000    7.5000   15.000014782.5811   12.3718
   -7.5000   15.0000   15.000014851.9854   12.3911
    0.0000   15.0000   15.000015602.1934   12.3951
    7.5000   15.0000   15.000014820.7275   12.3814
   -7.5000   22.5000   15.000014722.0146   12.3927
    0.0000   22.5000   15.000015433.8145   12.3999
    7.5000   22.5000   15.000014690.6982   12.3860
   -7.5000   30.0000   15.000014423.3350   12.2231
    0.0000   30.0000   15.000014983.6172   12.2399
    7.5000   30.0000   15.000014289.7617   12.2343
   -7.5000   37.5000   15.000014382.1631   12.1953
    0.0000   37.5000   15.000014906.2354   12.2189
    7.5000   37.5000   15.000014218.0059   12.2223
   -7.5000   45.0000   15.000013646.1025   11.8995
    0.0000   45.0000   15.000014197.1416   11.9203
    7.5000   45.0000   15.000013516.0293   11.9248
   -7.5000  -45.0000   22.5000 6774.4634   13.7224
    0.0000  -45.0000   22.5000 7060.3169   13.7477
    7.5000  -45.0000   22.5000 6746.3296   13.7575
   -7.5000  -37.5000   22.5000 7600.4434   13.2688
    0.0000  -37.5000   22.5000 7927.1572   13.2832
    7.5000  -37.5000   22.5000 7584.1890   13.2865
   -7.5000  -30.0000   22.5000 8802.3916   12.9836
    0.0000  -30.0000   22.5000 9177.8887   12.9894
    7.5000  -30.0000   22.5000 8783.1455   12.9818
   -7.5000  -22.5000   22.500010048.9873   12.7676
    0.0000  -22.5000   22.500010483.2402   12.7768
    7.5000  -22.5000   22.500010014.5332   12.7672
   -7.5000  -15.0000   22.500011285.9424   12.5937
    0.0000  -15.0000   22.500011796.6846   12.6133
    7.5000  -15.0000   22.500011264.0752   12.6112
   -7.5000   -7.5000   22.500012532.8691   12.5247
    0.0000   -7.5000   22.500013100.3066   12.5521
    7.5000   -7.5000   22.500012499.9414   12.5588
   -7.5000    0.0000   22.500013694.5059   12.5070
    0.0000    0.0000   22.500014284.0371   12.5326
    7.5000    0.0000   22.500013614.6016   12.5419
   -7.5000    7.5000   22.500013789.4814   12.5224
    0.0000    7.5000   22.500014399.1172   12.5372
    7.5000    7.5000   22.500013710.0449   12.5387
   -7.5000   15.0000   22.500013754.0156   12.5443
    0.0000   15.0000   22.500014403.4492   12.5506
    7.5000   15.0000   22.500013733.7510   12.5422
   -7.5000   22.5000   22.500013628.1309   12.5447
    0.0000   22.5000   22.500014169.8779   12.5542
    7.5000   22.5000   22.500013548.2627   12.5444
   -7.5000   30.0000   22.500013345.5420   12.3765
    0.0000   30.0000   22.500013834.6328   12.3961
    7.5000   30.0000   22.500013215.0586   12.3936
   -7.5000   37.5000   22.500013347.8428   12.3534
    0.0000   37.5000   22.500013867.5449   12.3805
    7.5000   37.5000   22.500013216.0596   12.3871
   -7.5000   45.0000   22.500012664.1094   12.0553
    0.0000   45.0000   22.500013169.7168   12.0800
    7.5000   45.0000   22.500012545.7031   12.0889
   -7.5000  -45.0000   30.0000 6257.5386   14.1578
    0.0000  -45.0000   30.0000 6530.7275   14.1843
    7.5000  -45.0000   30.0000 6230.6152   14.1911
   -7.5000  -37.5000   30.0000 7031.5605   13.6741
    0.0000  -37.5000   30.0000 7346.7173   13.6943
    7.5000  -37.5000   30.0000 7007.3296   13.6957
   -7.5000  -30.0000   30.0000 8141.5635   13.3645
    0.0000  -30.0000   30.0000 8511.7139   13.3773
    7.5000  -30.0000   30.0000 8113.0269   13.3673
   -7.5000  -22.5000   30.0000 9303.7373   13.1329
    0.0000  -22.5000   30.0000 9729.3350   13.1462
    7.5000  -22.5000   30.0000 9274.8975   13.1325
   -7.5000  -15.0000   30.000010453.1133   12.9534
    0.0000  -15.0000   30.000010928.3545   12.9732
    7.5000  -15.0000   30.000010431.7793   12.9663
   -7.5000   -7.5000   30.000011598.4443   12.8908
    0.0000   -7.5000   30.000012137.1211   12.9170
    7.5000   -7.5000   30.000011575.4307   12.9198
   -7.5000    0.0000   30.000012667.6738   12.8784
    0.0000    0.0000   30.000013255.4512   12.9052
    7.5000    0.0000   30.000012636.1270   12.9117
   -7.5000    7.5000   30.000012768.9463   12.8905
    0.0000    7.5000   30.000013375.2109   12.9104
    7.5000    7.5000   30.000012751.8037   12.9100
   -7.5000   15.0000   30.000012720.4775   12.9047
    0.0000   15.0000   30.000013311.5098   12.9174
    7.5000   15.0000   30.000012719.3105   12.9065
   -7.5000   22.5000   30.000012551.0137   12.8994
    0.0000   22.5000   30.000013057.7168   12.9128
    7.5000   22.5000   30.000012509.3984   12.8990
   -7.5000   30.0000   30.000012293.2090   12.7287
    0.0000   30.0000   30.000012775.6680   12.7485
    7.5000   30.0000   30.000012214.5566   12.7413
   -7.5000   37.5000   30.000012368.3740   12.7142
    0.0000   37.5000   30.000012859.8574   12.7401
    7.5000   37.5000   30.000012260.8486   12.7427
   -7.5000   45.0000   30.000011760.2656   12.4133
    0.0000   45.0000   30.000012215.9971   12.4391
    7.5000   45.0000   30.000011652.9590   12.4454
   -7.5000  -45.0000   37.5000 6006.8462   14.7368
    0.0000  -45.0000   37.5000 6280.6001   14.7558
    7.5000  -45.0000   37.5000 5981.1362   14.7497
   -7.5000  -37.5000   37.5000 6752.3330   14.2242
    0.0000  -37.5000   37.5000 7073.2178   14.2428
    7.5000  -37.5000   37.5000 6728.9551   14.2322
   -7.5000  -30.0000   37.5000 7831.6587   13.8869
    0.0000  -30.0000   37.5000 8204.3359   13.9008
    7.5000  -30.0000   37.5000 7807.7979   13.8793
   -7.5000  -22.5000   37.5000 8946.0010   13.6302
    0.0000  -22.5000   37.5000 9377.9004   13.6421
    7.5000  -22.5000   37.5000 8927.6582   13.6178
   -7.5000  -15.0000   37.500010040.1289   13.4351
    0.0000  -15.0000   37.500010534.2100   13.4489
    7.5000  -15.0000   37.500010041.1357   13.4327
   -7.5000   -7.5000   37.500011136.1973   13.3753
    0.0000   -7.5000   37.500011679.5029   13.3931
    7.5000   -7.5000   37.500011133.8584   13.3867
   -7.5000    0.0000   37.500012156.8027   13.3715
    0.0000    0.0000   37.500012746.9199   13.3916
    7.5000    0.0000   37.500012153.3486   13.3879
   -7.5000    7.5000   37.500012267.7764   13.3880
    0.0000    7.5000   37.500012854.7676   13.4060
    7.5000    7.5000   37.500012272.0146   13.3946
   -7.5000   15.0000   37.500012192.5264   13.3977
    0.0000   15.0000   37.500012742.4482   13.4115
    7.5000   15.0000   37.500012178.4375   13.3897
   -7.5000   22.5000   37.500012008.3213   13.3823
    0.0000   22.5000   37.500012495.3125   13.3944
    7.5000   22.5000   37.500011966.4453   13.3704
   -7.5000   30.0000   37.500011750.9072   13.2008
    0.0000   30.0000   37.500012222.9668   13.2148
    7.5000   30.0000   37.500011698.7197   13.1985
   -7.5000   37.5000   37.500011850.4736   13.1917
    0.0000   37.5000   37.500012328.2607   13.2093
    7.5000   37.5000   37.500011776.3389   13.2029
   -7.5000   45.0000   37.500011284.1016   12.8886
    0.0000   45.0000   37.500011725.4512   12.9079
    7.5000   45.0000   37.500011211.8105   12.9044
   -7.5000  -45.0000   45.0000 5517.6343   15.3254
    0.0000  -45.0000   45.0000 5774.9272   15.3436
    7.5000  -45.0000   45.0000 5510.3882   15.3412
   -7.5000  -37.5000   45.0000 6204.4160   14.7873
    0.0000  -37.5000   45.0000 6506.2505   14.8064
    7.5000  -37.5000   45.0000 6194.0410   14.7986
   -7.5000  -30.0000   45.0000 7207.5557   14.4370
    0.0000  -30.0000   45.0000 7554.9766   14.4523
    7.5000  -30.0000   45.0000 7188.8271   14.4322
   -7.5000  -22.5000   45.0000 8234.8271   14.1624
    0.0000  -22.5000   45.0000 8640.0430   14.1749
    7.5000  -22.5000   45.0000 8227.4717   14.1525
   -7.5000  -15.0000   45.0000 9241.1357   13.9495
    0.0000  -15.0000   45.0000 9696.2500   13.9631
    7.5000  -15.0000   45.0000 9243.5430   13.9501
   -7.5000   -7.5000   45.000010240.8213   13.8801
    0.0000   -7.5000   45.000010741.2471   13.8968
    7.5000   -7.5000   45.000010258.4150   13.8946
   -7.5000    0.0000   45.000011191.5527   13.8733
    0.0000    0.0000   45.000011729.4863   13.8924
    7.5000    0.0000   45.000011207.7852   13.8923
   -7.5000    7.5000   45.000011284.9189   13.8956
    0.0000    7.5000   45.000011805.4580   13.9139
    7.5000    7.5000   45.000011288.9678   13.9046
   -7.5000   15.0000   45.000011213.0664   13.9125
    0.0000   15.0000   45.000011686.1504   13.9276
    7.5000   15.0000   45.000011186.8623   13.9071
   -7.5000   22.5000   45.000011034.1787   13.8979
    0.0000   22.5000   45.000011490.9688   13.9108
    7.5000   22.5000   45.000011009.6055   13.8885
   -7.5000   30.0000   45.000010768.5684   13.7040
    0.0000   30.0000   45.000011216.8184   13.7176
    7.5000   30.0000   45.000010756.2236   13.7045
   -7.5000   37.5000   45.000010869.5000   13.6879
    0.0000   37.5000   45.000011312.7109   13.7044
    7.5000   37.5000   45.000010836.1611   13.7022
   -7.5000   45.0000   45.000010360.3594   13.3784
    0.0000   45.0000   45.000010774.9355   13.3968
    7.5000   45.0000   45.000010320.6279   13.3967

---------------------------------------------------------------------
imgreg_4dfp /opt/freesurfer/average/711-2C_as_mni_average_305 /opt/freesurfer/average/711-2B_as_mni_average_305_mask talsrcimg_g11 none talsrcimg_to_711-2C_as_mni_average_305_t4 4355
---------------------------------------------------------------------

freesurfer imgreg_4dfp.c
/opt/freesurfer/average/711-2C_as_mni_average_305.4dfp.img
       256       256       256         1
  1.000000  1.000000  1.000000
orientation T byte_order littleendian
Reading image: /opt/freesurfer/average/711-2C_as_mni_average_305.4dfp.img
dimensions:      256       256       256
mmppix:       1.0000   -1.0000   -1.0000
center:     128.0000 -129.0000 -129.0000
/opt/freesurfer/average/711-2B_as_mni_average_305_mask.4dfp.img
       256       256       256         1
  1.000000  1.000000  1.000000
orientation T byte_order littleendian
Reading mask: /opt/freesurfer/average/711-2B_as_mni_average_305_mask.4dfp.img (2306576 pixels)
talsrcimg_g11.4dfp.img
       256       256       256         1
  1.000000  1.000000  1.000000
orientation T byte_order littleendian
Reading image: talsrcimg_g11.4dfp.img
dimensions:      256       256       256
mmppix:       1.0000   -1.0000   -1.0000
center:     128.0000 -129.0000 -129.0000
rotation matrix determinant  1.000000
image alignment mode   4355 decimal     1103 hex
   -7.5000  -22.5000  -45.0000 2266.1079   13.5079
    0.0000  -22.5000  -45.0000 2277.0295   13.4277
    7.5000  -22.5000  -45.0000 2260.0540   13.5499
   -7.5000  -15.0000  -45.0000 2375.8940   12.2452
    0.0000  -15.0000  -45.0000 2389.3811   12.1790
    7.5000  -15.0000  -45.0000 2369.6772   12.3166
   -7.5000   -7.5000  -45.0000 2465.5620   11.2742
    0.0000   -7.5000  -45.0000 2478.7048   11.2034
    7.5000   -7.5000  -45.0000 2461.2861   11.3639
   -7.5000    0.0000  -45.0000 2527.7092   10.5618
    0.0000    0.0000  -45.0000 2538.5938   10.5029
    7.5000    0.0000  -45.0000 2520.0684   10.6386
   -7.5000    7.5000  -45.0000 2569.8210   10.0555
    0.0000    7.5000  -45.0000 2581.6548    9.9802
    7.5000    7.5000  -45.0000 2567.2773   10.1142
   -7.5000   15.0000  -45.0000 2599.0911    9.7684
    0.0000   15.0000  -45.0000 2610.7139    9.7003
    7.5000   15.0000  -45.0000 2594.4692    9.8127
   -7.5000   22.5000  -45.0000 2597.6184    9.7197
    0.0000   22.5000  -45.0000 2610.9749    9.6476
    7.5000   22.5000  -45.0000 2593.3555    9.7547
   -7.5000   30.0000  -45.0000 2584.3992    9.7918
    0.0000   30.0000  -45.0000 2599.1445    9.7093
    7.5000   30.0000  -45.0000 2584.1821    9.8049
   -7.5000   37.5000  -45.0000 2557.7090   10.0661
    0.0000   37.5000  -45.0000 2574.6382    9.9704
    7.5000   37.5000  -45.0000 2558.1663   10.0800
   -7.5000   45.0000  -45.0000 2516.3267   10.4961
    0.0000   45.0000  -45.0000 2530.6340   10.3840
    7.5000   45.0000  -45.0000 2513.9263   10.5093
   -7.5000   52.5000  -45.0000 2429.1982   11.0581
    0.0000   52.5000  -45.0000 2446.3215   10.9459
    7.5000   52.5000  -45.0000 2426.8860   11.0608
   -7.5000   60.0000  -45.0000 2296.5828   11.6858
    0.0000   60.0000  -45.0000 2312.9529   11.6023
    7.5000   60.0000  -45.0000 2297.0349   11.6819
   -7.5000   67.5000  -45.0000 2136.9995   12.3522
    0.0000   67.5000  -45.0000 2151.9631   12.2499
    7.5000   67.5000  -45.0000 2137.8525   12.3329
   -7.5000  -22.5000  -37.5000 2303.9331   12.9315
    0.0000  -22.5000  -37.5000 2317.1909   12.8502
    7.5000  -22.5000  -37.5000 2299.5837   12.9999
   -7.5000  -15.0000  -37.5000 2417.0178   11.6931
    0.0000  -15.0000  -37.5000 2431.3096   11.6229
    7.5000  -15.0000  -37.5000 2413.4902   11.7794
   -7.5000   -7.5000  -37.5000 2517.7214   10.7168
    0.0000   -7.5000  -37.5000 2528.2600   10.6473
    7.5000   -7.5000  -37.5000 2512.6309   10.8016
   -7.5000    0.0000  -37.5000 2588.6318    9.9834
    0.0000    0.0000  -37.5000 2599.4031    9.9224
    7.5000    0.0000  -37.5000 2581.5046   10.0714
   -7.5000    7.5000  -37.5000 2635.7749    9.4694
    0.0000    7.5000  -37.5000 2649.5232    9.4041
    7.5000    7.5000  -37.5000 2634.4685    9.5458
   -7.5000   15.0000  -37.5000 2672.4194    9.1729
    0.0000   15.0000  -37.5000 2687.5728    9.0894
    7.5000   15.0000  -37.5000 2669.7058    9.2325
   -7.5000   22.5000  -37.5000 2678.3872    9.0998
    0.0000   22.5000  -37.5000 2696.4399    9.0091
    7.5000   22.5000  -37.5000 2675.0286    9.1572
   -7.5000   30.0000  -37.5000 2670.6753    9.1687
    0.0000   30.0000  -37.5000 2686.5576    9.0754
    7.5000   30.0000  -37.5000 2670.3989    9.2020
   -7.5000   37.5000  -37.5000 2650.9575    9.4191
    0.0000   37.5000  -37.5000 2667.7139    9.3139
    7.5000   37.5000  -37.5000 2650.2507    9.4432
   -7.5000   45.0000  -37.5000 2606.4917    9.8317
    0.0000   45.0000  -37.5000 2624.3174    9.6995
    7.5000   45.0000  -37.5000 2607.4473    9.8339
   -7.5000   52.5000  -37.5000 2514.4580   10.3536
    0.0000   52.5000  -37.5000 2529.7671   10.2366
    7.5000   52.5000  -37.5000 2516.4409   10.3499
   -7.5000   60.0000  -37.5000 2369.8406   10.9545
    0.0000   60.0000  -37.5000 2385.0107   10.8552
    7.5000   60.0000  -37.5000 2371.0676   10.9509
   -7.5000   67.5000  -37.5000 2201.5564   11.5981
    0.0000   67.5000  -37.5000 2217.4224   11.4845
    7.5000   67.5000  -37.5000 2202.2141   11.5852
   -7.5000  -22.5000  -30.0000 2375.7617   12.8450
    0.0000  -22.5000  -30.0000 2390.2148   12.7679
    7.5000  -22.5000  -30.0000 2376.2639   12.9222
   -7.5000  -15.0000  -30.0000 2495.3374   11.5808
    0.0000  -15.0000  -30.0000 2508.0315   11.5064
    7.5000  -15.0000  -30.0000 2494.0601   11.6756
   -7.5000   -7.5000  -30.0000 2606.1831   10.5847
    0.0000   -7.5000  -30.0000 2616.5286   10.5027
    7.5000   -7.5000  -30.0000 2602.3965   10.6695
   -7.5000    0.0000  -30.0000 2685.6992    9.8134
    0.0000    0.0000  -30.0000 2700.8384    9.7345
    7.5000    0.0000  -30.0000 2682.1614    9.9120
   -7.5000    7.5000  -30.0000 2744.7646    9.2623
    0.0000    7.5000  -30.0000 2763.2239    9.1822
    7.5000    7.5000  -30.0000 2741.9375    9.3563
   -7.5000   15.0000  -30.0000 2785.9192    8.9437
    0.0000   15.0000  -30.0000 2803.5947    8.8406
    7.5000   15.0000  -30.0000 2782.4756    9.0231
   -7.5000   22.5000  -30.0000 2805.0701    8.8441
    0.0000   22.5000  -30.0000 2822.3552    8.7242
    7.5000   22.5000  -30.0000 2798.8232    8.8975
   -7.5000   30.0000  -30.0000 2807.4731    8.8976
    0.0000   30.0000  -30.0000 2825.9963    8.7900
    7.5000   30.0000  -30.0000 2804.6624    8.9345
   -7.5000   37.5000  -30.0000 2791.5327    9.1307
    0.0000   37.5000  -30.0000 2813.0378    9.0104
    7.5000   37.5000  -30.0000 2792.8630    9.1612
   -7.5000   45.0000  -30.0000 2741.8933    9.5300
    0.0000   45.0000  -30.0000 2764.3079    9.4059
    7.5000   45.0000  -30.0000 2745.1665    9.5501
   -7.5000   52.5000  -30.0000 2644.3542   10.0508
    0.0000   52.5000  -30.0000 2663.0430    9.9198
    7.5000   52.5000  -30.0000 2646.1587   10.0606
   -7.5000   60.0000  -30.0000 2492.3306   10.6690
    0.0000   60.0000  -30.0000 2506.3523   10.5439
    7.5000   60.0000  -30.0000 2490.2268   10.6665
   -7.5000   67.5000  -30.0000 2310.5627   11.3156
    0.0000   67.5000  -30.0000 2325.5740   11.1908
    7.5000   67.5000  -30.0000 2308.9648   11.3133
   -7.5000  -22.5000  -22.5000 2417.9966   12.7087
    0.0000  -22.5000  -22.5000 2433.6667   12.6101
    7.5000  -22.5000  -22.5000 2420.1521   12.7977
   -7.5000  -15.0000  -22.5000 2540.4248   11.4278
    0.0000  -15.0000  -22.5000 2554.2529   11.3314
    7.5000  -15.0000  -22.5000 2540.6406   11.5121
   -7.5000   -7.5000  -22.5000 2657.9468   10.4003
    0.0000   -7.5000  -22.5000 2669.6772   10.3159
    7.5000   -7.5000  -22.5000 2657.4600   10.4805
   -7.5000    0.0000  -22.5000 2748.0166    9.6053
    0.0000    0.0000  -22.5000 2763.1357    9.5319
    7.5000    0.0000  -22.5000 2747.5566    9.6816
   -7.5000    7.5000  -22.5000 2816.9771    9.0215
    0.0000    7.5000  -22.5000 2831.4265    8.9428
    7.5000    7.5000  -22.5000 2814.0188    9.1001
   -7.5000   15.0000  -22.5000 2866.9480    8.7113
    0.0000   15.0000  -22.5000 2880.2207    8.6135
    7.5000   15.0000  -22.5000 2862.1726    8.7868
   -7.5000   22.5000  -22.5000 2900.7380    8.5751
    0.0000   22.5000  -22.5000 2919.7524    8.4665
    7.5000   22.5000  -22.5000 2894.1887    8.6428
   -7.5000   30.0000  -22.5000 2905.4561    8.5939
    0.0000   30.0000  -22.5000 2929.1230    8.4616
    7.5000   30.0000  -22.5000 2900.9546    8.6485
   -7.5000   37.5000  -22.5000 2887.7507    8.8011
    0.0000   37.5000  -22.5000 2913.0942    8.6790
    7.5000   37.5000  -22.5000 2887.7908    8.8505
   -7.5000   45.0000  -22.5000 2835.4250    9.1947
    0.0000   45.0000  -22.5000 2863.2363    9.0842
    7.5000   45.0000  -22.5000 2838.3528    9.2365
   -7.5000   52.5000  -22.5000 2732.9146    9.7252
    0.0000   52.5000  -22.5000 2755.4858    9.6075
    7.5000   52.5000  -22.5000 2734.6008    9.7426
   -7.5000   60.0000  -22.5000 2574.0835   10.3321
    0.0000   60.0000  -22.5000 2591.9060   10.1973
    7.5000   60.0000  -22.5000 2574.6489   10.3330
   -7.5000   67.5000  -22.5000 2385.2302   10.9772
    0.0000   67.5000  -22.5000 2401.7207   10.8350
    7.5000   67.5000  -22.5000 2386.2354   10.9602
   -7.5000  -22.5000  -15.0000 2426.9026   12.6233
    0.0000  -22.5000  -15.0000 2443.6877   12.5317
    7.5000  -22.5000  -15.0000 2433.6001   12.7225
   -7.5000  -15.0000  -15.0000 2545.1599   11.3050
    0.0000  -15.0000  -15.0000 2561.5957   11.2092
    7.5000  -15.0000  -15.0000 2551.5215   11.3952
   -7.5000   -7.5000  -15.0000 2660.4106   10.2527
    0.0000   -7.5000  -15.0000 2677.1492   10.1591
    7.5000   -7.5000  -15.0000 2669.8015   10.3410
   -7.5000    0.0000  -15.0000 2762.5020    9.4311
    0.0000    0.0000  -15.0000 2776.6553    9.3402
    7.5000    0.0000  -15.0000 2766.6406    9.5077
   -7.5000    7.5000  -15.0000 2847.9680    8.8553
    0.0000    7.5000  -15.0000 2856.4080    8.7743
    7.5000    7.5000  -15.0000 2846.6494    8.9217
   -7.5000   15.0000  -15.0000 2907.0837    8.5286
    0.0000   15.0000  -15.0000 2920.9033    8.4592
    7.5000   15.0000  -15.0000 2907.2998    8.5825
   -7.5000   22.5000  -15.0000 2953.4700    8.3695
    0.0000   22.5000  -15.0000 2976.8508    8.3141
    7.5000   22.5000  -15.0000 2952.3655    8.4258
   -7.5000   30.0000  -15.0000 2964.4478    8.3690
    0.0000   30.0000  -15.0000 2996.0486    8.2523
    7.5000   30.0000  -15.0000 2959.9009    8.4287
   -7.5000   37.5000  -15.0000 2944.4861    8.5363
    0.0000   37.5000  -15.0000 2973.1543    8.4195
    7.5000   37.5000  -15.0000 2940.9143    8.5817
   -7.5000   45.0000  -15.0000 2890.0625    8.9245
    0.0000   45.0000  -15.0000 2918.0811    8.8104
    7.5000   45.0000  -15.0000 2890.8809    8.9223
   -7.5000   52.5000  -15.0000 2783.6104    9.4432
    0.0000   52.5000  -15.0000 2808.0073    9.3211
    7.5000   52.5000  -15.0000 2786.1672    9.4132
   -7.5000   60.0000  -15.0000 2619.4963   10.0624
    0.0000   60.0000  -15.0000 2639.7944    9.9168
    7.5000   60.0000  -15.0000 2623.2476   10.0103
   -7.5000   67.5000  -15.0000 2428.1414   10.7052
    0.0000   67.5000  -15.0000 2447.6262   10.5661
    7.5000   67.5000  -15.0000 2432.6851   10.6634
   -7.5000  -22.5000   -7.5000 2411.8242   12.6517
    0.0000  -22.5000   -7.5000 2426.1636   12.5167
    7.5000  -22.5000   -7.5000 2421.6970   12.7822
   -7.5000  -15.0000   -7.5000 2529.7324   11.3144
    0.0000  -15.0000   -7.5000 2539.6409   11.2058
    7.5000  -15.0000   -7.5000 2540.8462   11.4260
   -7.5000   -7.5000   -7.5000 2650.0312   10.2352
    0.0000   -7.5000   -7.5000 2658.8201   10.1322
    7.5000   -7.5000   -7.5000 2663.7354   10.3380
   -7.5000    0.0000   -7.5000 2754.0496    9.3809
    0.0000    0.0000   -7.5000 2761.4124    9.2924
    7.5000    0.0000   -7.5000 2765.1084    9.4807
   -7.5000    7.5000   -7.5000 2844.0493    8.7788
    0.0000    7.5000   -7.5000 2854.4392    8.7093
    7.5000    7.5000   -7.5000 2850.5469    8.8541
   -7.5000   15.0000   -7.5000 2917.5337    8.4354
    0.0000   15.0000   -7.5000 2939.1470    8.3898
    7.5000   15.0000   -7.5000 2922.9302    8.4636
   -7.5000   22.5000   -7.5000 2979.7622    8.3265
    0.0000   22.5000   -7.5000 3015.7561    8.3046
    7.5000   22.5000   -7.5000 2983.3840    8.2998
   -7.5000   30.0000   -7.5000 2996.7603    8.3450
    0.0000   30.0000   -7.5000 3044.4917    8.2905
    7.5000   30.0000   -7.5000 2997.3936    8.3197
   -7.5000   37.5000   -7.5000 2973.9753    8.4049
    0.0000   37.5000   -7.5000 3006.6235    8.2912
    7.5000   37.5000   -7.5000 2971.6362    8.4113
   -7.5000   45.0000   -7.5000 2917.4243    8.6976
    0.0000   45.0000   -7.5000 2943.4495    8.5860
    7.5000   45.0000   -7.5000 2921.5769    8.7119
   -7.5000   52.5000   -7.5000 2806.8745    9.2345
    0.0000   52.5000   -7.5000 2830.6775    9.0961
    7.5000   52.5000   -7.5000 2813.9309    9.2241
   -7.5000   60.0000   -7.5000 2643.8352    9.8619
    0.0000   60.0000   -7.5000 2662.7014    9.7232
    7.5000   60.0000   -7.5000 2650.1792    9.8478
   -7.5000   67.5000   -7.5000 2445.9998   10.5130
    0.0000   67.5000   -7.5000 2468.6184   10.3869
    7.5000   67.5000   -7.5000 2450.7571   10.5133
   -7.5000  -22.5000    0.0000 2393.7908   12.8741
    0.0000  -22.5000    0.0000 2404.5845   12.7189
    7.5000  -22.5000    0.0000 2403.0640   12.9673
   -7.5000  -15.0000    0.0000 2511.4978   11.4865
    0.0000  -15.0000    0.0000 2524.6663   11.3782
    7.5000  -15.0000    0.0000 2522.4302   11.5687
   -7.5000   -7.5000    0.0000 2635.3201   10.3859
    0.0000   -7.5000    0.0000 2649.0977   10.3184
    7.5000   -7.5000    0.0000 2646.2124   10.4516
   -7.5000    0.0000    0.0000 2739.0923    9.5309
    0.0000    0.0000    0.0000 2753.6394    9.4858
    7.5000    0.0000    0.0000 2749.0271    9.5910
   -7.5000    7.5000    0.0000 2835.2520    8.9140
    0.0000    7.5000    0.0000 2848.9563    8.8688
    7.5000    7.5000    0.0000 2840.5325    8.9617
   -7.5000   15.0000    0.0000 2913.9973    8.5251
    0.0000   15.0000    0.0000 2935.1824    8.4770
    7.5000   15.0000    0.0000 2920.0388    8.5600
   -7.5000   22.5000    0.0000 2981.3257    8.3800
    0.0000   22.5000    0.0000 3019.9290    8.3646
    7.5000   22.5000    0.0000 2987.6372    8.4032
   -7.5000   30.0000    0.0000 2997.7720    8.4207
    0.0000   30.0000    0.0000 3048.5515    8.3972
    7.5000   30.0000    0.0000 3003.3801    8.4175
   -7.5000   37.5000    0.0000 2974.8564    8.5167
    0.0000   37.5000    0.0000 3004.8804    8.4240
    7.5000   37.5000    0.0000 2977.6155    8.4881
   -7.5000   45.0000    0.0000 2921.8337    8.7689
    0.0000   45.0000    0.0000 2947.4556    8.6310
    7.5000   45.0000    0.0000 2923.0264    8.7553
   -7.5000   52.5000    0.0000 2810.1316    9.2411
    0.0000   52.5000    0.0000 2834.5754    9.0847
    7.5000   52.5000    0.0000 2814.7783    9.2266
   -7.5000   60.0000    0.0000 2647.8218    9.8287
    0.0000   60.0000    0.0000 2667.8745    9.6769
    7.5000   60.0000    0.0000 2652.2478    9.8083
   -7.5000   67.5000    0.0000 2453.8894   10.4485
    0.0000   67.5000    0.0000 2469.5332   10.3110
    7.5000   67.5000    0.0000 2460.1042   10.4290
   -7.5000  -22.5000    7.5000 2370.7664   13.2423
    0.0000  -22.5000    7.5000 2385.7549   13.1767
    7.5000  -22.5000    7.5000 2375.4272   13.3189
   -7.5000  -15.0000    7.5000 2494.6899   11.8309
    0.0000  -15.0000    7.5000 2513.2229   11.7672
    7.5000  -15.0000    7.5000 2500.5679   11.8908
   -7.5000   -7.5000    7.5000 2616.8423   10.6949
    0.0000   -7.5000    7.5000 2633.7170   10.6440
    7.5000   -7.5000    7.5000 2624.8040   10.7498
   -7.5000    0.0000    7.5000 2720.7617    9.7893
    0.0000    0.0000    7.5000 2735.5979    9.7362
    7.5000    0.0000    7.5000 2730.5002    9.8446
   -7.5000    7.5000    7.5000 2818.8162    9.1154
    0.0000    7.5000    7.5000 2831.0596    9.0519
    7.5000    7.5000    7.5000 2827.9214    9.1713
   -7.5000   15.0000    7.5000 2904.7263    8.6974
    0.0000   15.0000    7.5000 2922.6821    8.6170
    7.5000   15.0000    7.5000 2914.8396    8.7195
   -7.5000   22.5000    7.5000 2966.6235    8.4947
    0.0000   22.5000    7.5000 3002.5476    8.4671
    7.5000   22.5000    7.5000 2980.0381    8.5296
   -7.5000   30.0000    7.5000 2977.3352    8.5232
    0.0000   30.0000    7.5000 3023.0015    8.4353
    7.5000   30.0000    7.5000 2987.0349    8.5309
   -7.5000   37.5000    7.5000 2954.5857    8.6678
    0.0000   37.5000    7.5000 2985.0132    8.5295
    7.5000   37.5000    7.5000 2959.7183    8.6582
   -7.5000   45.0000    7.5000 2901.5483    8.9495
    0.0000   45.0000    7.5000 2931.1355    8.8220
    7.5000   45.0000    7.5000 2909.3374    8.9585
   -7.5000   52.5000    7.5000 2792.5251    9.4090
    0.0000   52.5000    7.5000 2818.0435    9.2887
    7.5000   52.5000    7.5000 2801.8118    9.4105
   -7.5000   60.0000    7.5000 2633.9429    9.9826
    0.0000   60.0000    7.5000 2650.2515    9.8517
    7.5000   60.0000    7.5000 2640.2231    9.9529
   -7.5000   67.5000    7.5000 2446.2598   10.5672
    0.0000   67.5000    7.5000 2456.8411   10.4345
    7.5000   67.5000    7.5000 2447.1865   10.5258
   -7.5000  -22.5000   15.0000 2340.3384   13.7653
    0.0000  -22.5000   15.0000 2351.0098   13.7107
    7.5000  -22.5000   15.0000 2341.2134   13.8938
   -7.5000  -15.0000   15.0000 2470.5784   12.2419
    0.0000  -15.0000   15.0000 2484.8525   12.1769
    7.5000  -15.0000   15.0000 2476.6499   12.3412
   -7.5000   -7.5000   15.0000 2590.4246   11.0477
    0.0000   -7.5000   15.0000 2606.2341   10.9523
    7.5000   -7.5000   15.0000 2599.1074   11.1108
   -7.5000    0.0000   15.0000 2699.0376   10.1027
    0.0000    0.0000   15.0000 2713.2400    9.9964
    7.5000    0.0000   15.0000 2704.6755   10.1376
   -7.5000    7.5000   15.0000 2797.9968    9.4001
    0.0000    7.5000   15.0000 2812.9570    9.2888
    7.5000    7.5000   15.0000 2801.9973    9.4229
   -7.5000   15.0000   15.0000 2882.7976    8.9450
    0.0000   15.0000   15.0000 2904.1829    8.8757
    7.5000   15.0000   15.0000 2887.6804    8.9685
   -7.5000   22.5000   15.0000 2934.3926    8.7401
    0.0000   22.5000   15.0000 2967.1018    8.6899
    7.5000   22.5000   15.0000 2945.5564    8.7821
   -7.5000   30.0000   15.0000 2938.3557    8.7596
    0.0000   30.0000   15.0000 2973.3516    8.6185
    7.5000   30.0000   15.0000 2947.3650    8.7622
   -7.5000   37.5000   15.0000 2917.8882    8.9363
    0.0000   37.5000   15.0000 2942.0842    8.7866
    7.5000   37.5000   15.0000 2922.4314    8.9350
   -7.5000   45.0000   15.0000 2865.0715    9.2623
    0.0000   45.0000   15.0000 2891.6025    9.1527
    7.5000   45.0000   15.0000 2873.4258    9.2892
   -7.5000   52.5000   15.0000 2757.9807    9.7222
    0.0000   52.5000   15.0000 2781.5823    9.6162
    7.5000   52.5000   15.0000 2769.4731    9.7213
   -7.5000   60.0000   15.0000 2600.1340   10.2697
    0.0000   60.0000   15.0000 2618.0491   10.1412
    7.5000   60.0000   15.0000 2609.1958   10.2396
   -7.5000   67.5000   15.0000 2415.2874   10.8143
    0.0000   67.5000   15.0000 2428.3943   10.6766
    7.5000   67.5000   15.0000 2419.5933   10.7659
   -7.5000  -22.5000   22.5000 2303.3125   14.2689
    0.0000  -22.5000   22.5000 2312.3364   14.1730
    7.5000  -22.5000   22.5000 2304.2461   14.4138
   -7.5000  -15.0000   22.5000 2436.2009   12.6629
    0.0000  -15.0000   22.5000 2446.4082   12.5620
    7.5000  -15.0000   22.5000 2439.0669   12.7645
   -7.5000   -7.5000   22.5000 2559.9468   11.4426
    0.0000   -7.5000   22.5000 2572.8005   11.3293
    7.5000   -7.5000   22.5000 2564.2612   11.4979
   -7.5000    0.0000   22.5000 2671.2549   10.4922
    0.0000    0.0000   22.5000 2687.3865   10.3598
    7.5000    0.0000   22.5000 2675.0557   10.5246
   -7.5000    7.5000   22.5000 2771.0571    9.8033
    0.0000    7.5000   22.5000 2790.0496    9.6839
    7.5000    7.5000   22.5000 2771.4443    9.8341
   -7.5000   15.0000   22.5000 2850.9707    9.3550
    0.0000   15.0000   22.5000 2874.7715    9.2783
    7.5000   15.0000   22.5000 2852.0344    9.4030
   -7.5000   22.5000   22.5000 2896.8088    9.1552
    0.0000   22.5000   22.5000 2924.3960    9.0425
    7.5000   22.5000   22.5000 2903.8394    9.1677
   -7.5000   30.0000   22.5000 2896.2500    9.1476
    0.0000   30.0000   22.5000 2922.8491    8.9805
    7.5000   30.0000   22.5000 2903.2124    9.1235
   -7.5000   37.5000   22.5000 2872.6182    9.3149
    0.0000   37.5000   22.5000 2897.8782    9.1928
    7.5000   37.5000   22.5000 2879.3989    9.3337
   -7.5000   45.0000   22.5000 2811.6321    9.6857
    0.0000   45.0000   22.5000 2835.0881    9.5635
    7.5000   45.0000   22.5000 2819.6360    9.7044
   -7.5000   52.5000   22.5000 2707.6804   10.1543
    0.0000   52.5000   22.5000 2728.1287   10.0338
    7.5000   52.5000   22.5000 2715.5930   10.1435
   -7.5000   60.0000   22.5000 2555.1450   10.6567
    0.0000   60.0000   22.5000 2569.8635   10.5317
    7.5000   60.0000   22.5000 2560.9993   10.6310
   -7.5000   67.5000   22.5000 2370.5256   11.1590
    0.0000   67.5000   22.5000 2387.6218   11.0384
    7.5000   67.5000   22.5000 2378.2615   11.1319
   -7.5000  -22.5000   30.0000 2261.8674   14.9280
    0.0000  -22.5000   30.0000 2271.4023   14.8352
    7.5000  -22.5000   30.0000 2264.1057   15.0626
   -7.5000  -15.0000   30.0000 2397.1272   13.2609
    0.0000  -15.0000   30.0000 2406.2361   13.1520
    7.5000  -15.0000   30.0000 2398.8943   13.3568
   -7.5000   -7.5000   30.0000 2519.4255   12.0055
    0.0000   -7.5000   30.0000 2534.7925   11.8743
    7.5000   -7.5000   30.0000 2522.8142   12.0526
   -7.5000    0.0000   30.0000 2630.7585   11.0315
    0.0000    0.0000   30.0000 2648.4680   10.8997
    7.5000    0.0000   30.0000 2632.4265   11.0843
   -7.5000    7.5000   30.0000 2727.0291   10.3332
    0.0000    7.5000   30.0000 2748.1382   10.2280
    7.5000    7.5000   30.0000 2727.5063   10.4022
   -7.5000   15.0000   30.0000 2798.7012    9.8891
    0.0000   15.0000   30.0000 2826.7463    9.7758
    7.5000   15.0000   30.0000 2801.4570    9.9279
   -7.5000   22.5000   30.0000 2836.6677    9.6729
    0.0000   22.5000   30.0000 2866.5967    9.5193
    7.5000   22.5000   30.0000 2846.5615    9.6547
   -7.5000   30.0000   30.0000 2841.3569    9.6314
    0.0000   30.0000   30.0000 2864.2000    9.4971
    7.5000   30.0000   30.0000 2846.4929    9.6180
   -7.5000   37.5000   30.0000 2815.3872    9.8418
    0.0000   37.5000   30.0000 2835.9944    9.7251
    7.5000   37.5000   30.0000 2817.4355    9.8529
   -7.5000   45.0000   30.0000 2750.3557   10.2240
    0.0000   45.0000   30.0000 2769.3230   10.0941
    7.5000   45.0000   30.0000 2757.0166   10.2324
   -7.5000   52.5000   30.0000 2645.0505   10.6855
    0.0000   52.5000   30.0000 2662.1631   10.5491
    7.5000   52.5000   30.0000 2650.7009   10.6613
   -7.5000   60.0000   30.0000 2494.2332   11.1653
    0.0000   60.0000   30.0000 2507.7119   11.0379
    7.5000   60.0000   30.0000 2500.7295   11.1081
   -7.5000   67.5000   30.0000 2316.2727   11.6395
    0.0000   67.5000   30.0000 2333.8616   11.5232
    7.5000   67.5000   30.0000 2326.0662   11.5939
   -7.5000  -22.5000   37.5000 2218.3884   15.8131
    0.0000  -22.5000   37.5000 2230.5938   15.6945
    7.5000  -22.5000   37.5000 2219.0061   15.9362
   -7.5000  -15.0000   37.5000 2351.4712   14.0546
    0.0000  -15.0000   37.5000 2366.0635   13.9387
    7.5000  -15.0000   37.5000 2353.5801   14.1383
   -7.5000   -7.5000   37.5000 2472.1323   12.7350
    0.0000   -7.5000   37.5000 2489.5791   12.6033
    7.5000   -7.5000   37.5000 2474.7869   12.7799
   -7.5000    0.0000   37.5000 2577.9609   11.7216
    0.0000    0.0000   37.5000 2595.8486   11.5962
    7.5000    0.0000   37.5000 2577.9580   11.7739
   -7.5000    7.5000   37.5000 2670.9321   11.0117
    0.0000    7.5000   37.5000 2692.3586   10.8954
    7.5000    7.5000   37.5000 2673.0901   11.0619
   -7.5000   15.0000   37.5000 2731.4170   10.5590
    0.0000   15.0000   37.5000 2758.7544   10.4069
    7.5000   15.0000   37.5000 2737.5576   10.5758
   -7.5000   22.5000   37.5000 2759.8931   10.3074
    0.0000   22.5000   37.5000 2789.7695   10.1640
    7.5000   22.5000   37.5000 2770.2117   10.3002
   -7.5000   30.0000   37.5000 2766.0005   10.2501
    0.0000   30.0000   37.5000 2788.9438   10.1246
    7.5000   30.0000   37.5000 2771.5266   10.2575
   -7.5000   37.5000   37.5000 2742.6565   10.4594
    0.0000   37.5000   37.5000 2763.2732   10.3275
    7.5000   37.5000   37.5000 2745.4954   10.4604
   -7.5000   45.0000   37.5000 2681.2356   10.8271
    0.0000   45.0000   37.5000 2696.8325   10.7019
    7.5000   45.0000   37.5000 2685.7959   10.8414
   -7.5000   52.5000   37.5000 2576.4270   11.2946
    0.0000   52.5000   37.5000 2589.8091   11.1738
    7.5000   52.5000   37.5000 2582.3225   11.2981
   -7.5000   60.0000   37.5000 2425.2957   11.7782
    0.0000   60.0000   37.5000 2444.0969   11.6453
    7.5000   60.0000   37.5000 2434.6487   11.7369
   -7.5000   67.5000   37.5000 2253.4863   12.2400
    0.0000   67.5000   37.5000 2272.4373   12.1259
    7.5000   67.5000   37.5000 2262.1311   12.1874
   -7.5000  -22.5000   45.0000 2166.8467   16.8793
    0.0000  -22.5000   45.0000 2181.0762   16.7537
    7.5000  -22.5000   45.0000 2166.8562   16.9989
   -7.5000  -15.0000   45.0000 2297.5886   15.0339
    0.0000  -15.0000   45.0000 2315.2253   14.8793
    7.5000  -15.0000   45.0000 2298.2449   15.0928
   -7.5000   -7.5000   45.0000 2417.3347   13.6193
    0.0000   -7.5000   45.0000 2435.1609   13.4814
    7.5000   -7.5000   45.0000 2417.1150   13.6819
   -7.5000    0.0000   45.0000 2519.4285   12.5871
    0.0000    0.0000   45.0000 2539.0005   12.4491
    7.5000    0.0000   45.0000 2519.3967   12.6394
   -7.5000    7.5000   45.0000 2600.3191   11.8512
    0.0000    7.5000   45.0000 2622.4346   11.7039
    7.5000    7.5000   45.0000 2602.8933   11.8767
   -7.5000   15.0000   45.0000 2654.0408   11.3622
    0.0000   15.0000   45.0000 2676.4094   11.1951
    7.5000   15.0000   45.0000 2659.5952   11.3569
   -7.5000   22.5000   45.0000 2677.4705   11.0890
    0.0000   22.5000   45.0000 2701.6594   10.9494
    7.5000   22.5000   45.0000 2686.5566   11.0934
   -7.5000   30.0000   45.0000 2675.8674   11.0061
    0.0000   30.0000   45.0000 2696.1304   10.8896
    7.5000   30.0000   45.0000 2684.3799   11.0258
   -7.5000   37.5000   45.0000 2652.9070   11.1896
    0.0000   37.5000   45.0000 2672.5439   11.0557
    7.5000   37.5000   45.0000 2661.2302   11.1857
   -7.5000   45.0000   45.0000 2606.2939   11.5289
    0.0000   45.0000   45.0000 2621.6401   11.3943
    7.5000   45.0000   45.0000 2610.8782   11.5369
   -7.5000   52.5000   45.0000 2506.5835   11.9900
    0.0000   52.5000   45.0000 2517.6897   11.8661
    7.5000   52.5000   45.0000 2512.2222   12.0068
   -7.5000   60.0000   45.0000 2358.0225   12.5121
    0.0000   60.0000   45.0000 2375.5037   12.3781
    7.5000   60.0000   45.0000 2365.7424   12.4871
   -7.5000   67.5000   45.0000 2185.6897   12.9918
    0.0000   67.5000   45.0000 2203.5737   12.8759
    7.5000   67.5000   45.0000 2194.1167   12.9273

---------------------------------------------------------------------
imgreg_4dfp /opt/freesurfer/average/711-2C_as_mni_average_305 /opt/freesurfer/average/711-2B_as_mni_average_305_mask talsrcimg_g11 none talsrcimg_to_711-2C_as_mni_average_305_t4 1283
---------------------------------------------------------------------

freesurfer imgreg_4dfp.c
/opt/freesurfer/average/711-2C_as_mni_average_305.4dfp.img
       256       256       256         1
  1.000000  1.000000  1.000000
orientation T byte_order littleendian
Reading image: /opt/freesurfer/average/711-2C_as_mni_average_305.4dfp.img
dimensions:      256       256       256
mmppix:       1.0000   -1.0000   -1.0000
center:     128.0000 -129.0000 -129.0000
/opt/freesurfer/average/711-2B_as_mni_average_305_mask.4dfp.img
       256       256       256         1
  1.000000  1.000000  1.000000
orientation T byte_order littleendian
Reading mask: /opt/freesurfer/average/711-2B_as_mni_average_305_mask.4dfp.img (2306576 pixels)
talsrcimg_g11.4dfp.img
       256       256       256         1
  1.000000  1.000000  1.000000
orientation T byte_order littleendian
Reading image: talsrcimg_g11.4dfp.img
dimensions:      256       256       256
mmppix:       1.0000   -1.0000   -1.0000
center:     128.0000 -129.0000 -129.0000
rotation matrix determinant  1.000000
fimgreg.f
image alignment mode   1283 decimal      503 hex
parameters
    0.0000   30.0000    0.0000    0.0000    0.0000    0.0000
eta,q 0.95592  8.39617
niter,ni,del,rscale     5    3   12.0000    1.2000
parameters
    0.3866   28.8178   -1.8542   -1.9719    0.3630   -0.9385
eta,q 0.95793  8.39173
  0.0573  0.0481  0.0450  0.0442  0.0496  0.0447
  0.0513  0.0446  0.0438  0.0428  0.0461  0.0431
  0.0463  0.0431  0.0430  0.0421  0.0431  0.0422
  0.0436  0.0434  0.0429  0.0429  0.0421  0.0422
  0.0449  0.0456  0.0448  0.0441  0.0431  0.0430
  0.0491  0.0490  0.0477  0.0466  0.0451  0.0447
  0.0545  0.0529  0.0506  0.0502  0.0478  0.0470
niter,ni,del,rscale     4    3   12.0000    1.2000
parameters
    0.1649   29.2241   -2.7747   -3.3805    0.8320   -1.6686
eta,q 0.95852  8.37317
  0.0540  0.0494  0.0458  0.0439  0.0486  0.0443
  0.0476  0.0451  0.0429  0.0427  0.0450  0.0425
  0.0431  0.0428  0.0417  0.0417  0.0424  0.0416
  0.0421  0.0420  0.0420  0.0418  0.0416  0.0416
  0.0449  0.0426  0.0434  0.0432  0.0422  0.0424
  0.0495  0.0443  0.0457  0.0449  0.0439  0.0438
  0.0548  0.0473  0.0481  0.0477  0.0465  0.0457
niter,ni,del,rscale     3    3   12.0000    1.2000
parameters
    0.0055   29.5920   -3.3526   -4.2131    1.1650   -2.0529
eta,q 0.95890  8.36030
  0.0535  0.0485  0.0463  0.0440  0.0475  0.0445
  0.0471  0.0442  0.0429  0.0427  0.0443  0.0423
  0.0426  0.0420  0.0409  0.0415  0.0419  0.0412
  0.0415  0.0414  0.0415  0.0411  0.0411  0.0412
  0.0440  0.0419  0.0430  0.0421  0.0418  0.0420
  0.0486  0.0436  0.0452  0.0439  0.0435  0.0433
  0.0541  0.0466  0.0473  0.0462  0.0461  0.0450
niter,ni,del,rscale     2    3   12.0000    1.2000
parameters
   -0.1100   29.8541   -3.6784   -4.7280    1.4125   -2.2048
eta,q 0.95904  8.35557
  0.0533  0.0478  0.0466  0.0438  0.0471  0.0447
  0.0469  0.0436  0.0432  0.0427  0.0439  0.0424
  0.0423  0.0415  0.0408  0.0414  0.0416  0.0411
  0.0411  0.0411  0.0411  0.0409  0.0409  0.0410
  0.0435  0.0416  0.0426  0.0415  0.0416  0.0418
  0.0481  0.0435  0.0446  0.0432  0.0434  0.0430
  0.0535  0.0463  0.0469  0.0454  0.0459  0.0446
niter,ni,del,rscale     1    3   12.0000    1.2000
parameters
   -0.2141   30.0781   -3.8748   -5.1292    1.5968   -2.2192
eta,q 0.95915  8.35429
  0.0532  0.0475  0.0467  0.0436  0.0468  0.0448
  0.0468  0.0434  0.0433  0.0425  0.0436  0.0425
  0.0422  0.0413  0.0408  0.0413  0.0414  0.0411
  0.0410  0.0409  0.0409  0.0408  0.0408  0.0409
  0.0434  0.0414  0.0424  0.0412  0.0416  0.0416
  0.0479  0.0434  0.0443  0.0428  0.0434  0.0429
  0.0533  0.0461  0.0467  0.0449  0.0458  0.0444
registration optimization eta report
parameter search radius
    6.0000    6.0000    6.0000    6.0000    6.0000    6.0000
100000*second partial in parameter space
       33.       17.       16.       10.       15.       10.
  0.0532  0.0475  0.0467  0.0436  0.0468  0.0448
  0.0468  0.0434  0.0433  0.0425  0.0436  0.0425
  0.0422  0.0413  0.0408  0.0413  0.0414  0.0411
  0.0410  0.0409  0.0409  0.0408  0.0408  0.0409
  0.0434  0.0414  0.0424  0.0412  0.0416  0.0416
  0.0479  0.0434  0.0443  0.0428  0.0434  0.0429
  0.0533  0.0461  0.0467  0.0449  0.0458  0.0444
   -0.2141   30.0781   -3.8748   -5.1292    1.5968   -2.2192
eta,q 0.95915  8.35429

---------------------------------------------------------------------
imgreg_4dfp /opt/freesurfer/average/711-2C_as_mni_average_305 /opt/freesurfer/average/711-2B_as_mni_average_305_mask talsrcimg_g11 none talsrcimg_to_711-2C_as_mni_average_305_t4 3335
---------------------------------------------------------------------

freesurfer imgreg_4dfp.c
/opt/freesurfer/average/711-2C_as_mni_average_305.4dfp.img
       256       256       256         1
  1.000000  1.000000  1.000000
orientation T byte_order littleendian
Reading image: /opt/freesurfer/average/711-2C_as_mni_average_305.4dfp.img
dimensions:      256       256       256
mmppix:       1.0000   -1.0000   -1.0000
center:     128.0000 -129.0000 -129.0000
/opt/freesurfer/average/711-2B_as_mni_average_305_mask.4dfp.img
       256       256       256         1
  1.000000  1.000000  1.000000
orientation T byte_order littleendian
Reading mask: /opt/freesurfer/average/711-2B_as_mni_average_305_mask.4dfp.img (2306576 pixels)
talsrcimg_g11.4dfp.img
       256       256       256         1
  1.000000  1.000000  1.000000
orientation T byte_order littleendian
Reading image: talsrcimg_g11.4dfp.img
dimensions:      256       256       256
mmppix:       1.0000   -1.0000   -1.0000
center:     128.0000 -129.0000 -129.0000
fimgreg.f
image alignment mode   3335 decimal      D07 hex
parameters
   -0.2141   30.0781   -3.8748   -0.1138   -0.4848   -0.4391
    4.1057   -2.4272   -3.8707    9.0410    2.7867   -8.9368
eta,q 0.96098  8.38818
niter,ni,del,rscale     5    3    5.0000    1.2000
parameter  5  0.531559 ->  0.500000 qaram    1.1500
parameter 10 -0.543111 -> -0.500000 qaram    1.1500
parameters
   -0.3154   30.2479   -4.7478    1.0743   -4.6248   -0.1517
    3.9266   -0.8440   -4.0158   13.1810    5.5037  -10.3658
eta,q 0.96299  8.28569
  0.0407  0.0407  0.0393  0.0411  0.0384  0.0403  0.0397  0.0418  0.0389  0.0414  0.0387  0.0377
  0.0397  0.0398  0.0389  0.0402  0.0380  0.0395  0.0387  0.0401  0.0382  0.0400  0.0380  0.0373
  0.0392  0.0393  0.0388  0.0394  0.0381  0.0387  0.0381  0.0388  0.0378  0.0387  0.0375  0.0370
  0.0390  0.0390  0.0390  0.0388  0.0387  0.0380  0.0379  0.0379  0.0377  0.0377  0.0372  0.0371
  0.0393  0.0391  0.0394  0.0386  0.0398  0.0377  0.0382  0.0377  0.0379  0.0372  0.0371  0.0374
  0.0399  0.0395  0.0400  0.0390  0.0416  0.0386  0.0388  0.0383  0.0383  0.0372  0.0371  0.0378
  0.0410  0.0403  0.0407  0.0402  0.0442  0.0406  0.0398  0.0396  0.0389  0.0377  0.0374  0.0385
niter,ni,del,rscale     6    3    5.0000    1.2000
parameter  2 -0.640216 -> -0.500000 qaram    1.1500
parameter 10 -0.517610 -> -0.500000 qaram    1.3225
parameters
    0.1091   31.6279   -5.1459    0.9942   -7.9431   -0.2761
    3.1498   -0.2818   -4.5924   17.9420    6.2682  -12.2666
eta,q 0.96485  8.16170
  0.0397  0.0402  0.0371  0.0384  0.0367  0.0383  0.0375  0.0394  0.0370  0.0406  0.0364  0.0356
  0.0384  0.0388  0.0366  0.0376  0.0363  0.0377  0.0366  0.0378  0.0364  0.0391  0.0358  0.0353
  0.0375  0.0377  0.0364  0.0368  0.0360  0.0368  0.0362  0.0367  0.0361  0.0375  0.0354  0.0352
  0.0370  0.0369  0.0364  0.0364  0.0364  0.0361  0.0361  0.0361  0.0360  0.0360  0.0352  0.0352
  0.0370  0.0365  0.0366  0.0365  0.0372  0.0358  0.0365  0.0362  0.0362  0.0352  0.0353  0.0355
  0.0374  0.0364  0.0371  0.0373  0.0387  0.0373  0.0372  0.0372  0.0367  0.0353  0.0355  0.0359
  0.0383  0.0365  0.0378  0.0389  0.0411  0.0392  0.0382  0.0386  0.0374  0.0362  0.0360  0.0365
niter,ni,del,rscale     7    3    5.0000    1.2000
parameters
    0.4123   32.9665   -5.3461    0.8117   -9.5224   -0.1116
    2.9422    0.0759   -4.3205   18.9538    6.2367  -12.8520
eta,q 0.96559  8.11615
  0.0378  0.0395  0.0354  0.0366  0.0361  0.0372  0.0362  0.0380  0.0362  0.0393  0.0354  0.0351
  0.0365  0.0376  0.0349  0.0358  0.0354  0.0365  0.0353  0.0363  0.0353  0.0372  0.0349  0.0347
  0.0356  0.0361  0.0346  0.0351  0.0347  0.0354  0.0347  0.0351  0.0347  0.0354  0.0345  0.0344
  0.0352  0.0351  0.0346  0.0346  0.0346  0.0346  0.0345  0.0345  0.0345  0.0345  0.0344  0.0344
  0.0352  0.0346  0.0347  0.0347  0.0352  0.0344  0.0348  0.0348  0.0346  0.0347  0.0345  0.0346
  0.0357  0.0347  0.0351  0.0356  0.0364  0.0359  0.0354  0.0359  0.0352  0.0358  0.0349  0.0349
  0.0368  0.0352  0.0358  0.0372  0.0383  0.0375  0.0364  0.0374  0.0360  0.0378  0.0354  0.0354
niter,ni,del,rscale     6    3    5.0000    1.2000
parameters
    0.5453   33.1719   -5.3031    0.8126  -10.0039    0.0465
    2.6419    0.2979   -4.2375   19.3505    6.1954  -13.0789
eta,q 0.96565  8.10619
  0.0367  0.0369  0.0355  0.0365  0.0363  0.0372  0.0360  0.0378  0.0360  0.0387  0.0353  0.0351
  0.0356  0.0356  0.0349  0.0357  0.0356  0.0364  0.0351  0.0362  0.0351  0.0366  0.0348  0.0347
  0.0348  0.0347  0.0345  0.0350  0.0348  0.0353  0.0346  0.0349  0.0346  0.0351  0.0345  0.0344
  0.0344  0.0344  0.0344  0.0344  0.0344  0.0344  0.0344  0.0344  0.0344  0.0344  0.0344  0.0344
  0.0346  0.0346  0.0345  0.0345  0.0347  0.0344  0.0346  0.0347  0.0346  0.0347  0.0345  0.0345
  0.0352  0.0352  0.0348  0.0354  0.0356  0.0358  0.0353  0.0359  0.0351  0.0360  0.0348  0.0348
  0.0363  0.0362  0.0354  0.0368  0.0372  0.0375  0.0363  0.0374  0.0359  0.0382  0.0353  0.0352
niter,ni,del,rscale     5    3    5.0000    1.2000
parameters
    0.6154   33.2568   -5.2309    0.7953  -10.1887    0.1892
    2.4981    0.4147   -4.2251   19.4950    6.1420  -13.1534
eta,q 0.96567  8.10450
  0.0366  0.0366  0.0355  0.0364  0.0363  0.0372  0.0360  0.0377  0.0359  0.0384  0.0353  0.0351
  0.0355  0.0353  0.0349  0.0357  0.0356  0.0364  0.0351  0.0361  0.0351  0.0365  0.0348  0.0347
  0.0347  0.0346  0.0345  0.0349  0.0349  0.0352  0.0346  0.0349  0.0345  0.0350  0.0345  0.0344
  0.0344  0.0344  0.0344  0.0344  0.0344  0.0344  0.0343  0.0343  0.0343  0.0343  0.0343  0.0343
  0.0345  0.0346  0.0345  0.0345  0.0345  0.0344  0.0346  0.0347  0.0345  0.0348  0.0345  0.0344
  0.0352  0.0353  0.0348  0.0354  0.0354  0.0359  0.0352  0.0359  0.0351  0.0361  0.0348  0.0347
  0.0364  0.0362  0.0353  0.0368  0.0369  0.0375  0.0362  0.0375  0.0359  0.0384  0.0353  0.0351
niter,ni,del,rscale     4    3    5.0000    1.2000
parameters
    0.6449   33.2856   -5.1584    0.7770  -10.2661    0.3131
    2.4337    0.4737   -4.2078   19.5357    6.0964  -13.1678
eta,q 0.96569  8.10506
  0.0365  0.0364  0.0355  0.0364  0.0363  0.0372  0.0360  0.0376  0.0359  0.0383  0.0353  0.0351
  0.0354  0.0352  0.0349  0.0357  0.0356  0.0363  0.0351  0.0360  0.0351  0.0364  0.0348  0.0347
  0.0346  0.0345  0.0345  0.0349  0.0349  0.0352  0.0346  0.0348  0.0345  0.0349  0.0344  0.0344
  0.0343  0.0343  0.0343  0.0343  0.0343  0.0343  0.0343  0.0343  0.0343  0.0343  0.0343  0.0343
  0.0345  0.0346  0.0345  0.0345  0.0345  0.0344  0.0345  0.0348  0.0345  0.0348  0.0344  0.0344
  0.0353  0.0353  0.0348  0.0354  0.0353  0.0359  0.0352  0.0360  0.0350  0.0362  0.0348  0.0347
  0.0365  0.0362  0.0354  0.0368  0.0367  0.0375  0.0361  0.0375  0.0359  0.0384  0.0353  0.0351
niter,ni,del,rscale     3    3    5.0000    1.2000
parameters
    0.6587   33.2950   -5.0950    0.7662  -10.3039    0.4201
    2.3943    0.4995   -4.1997   19.5388    6.0605  -13.1514
eta,q 0.96570  8.10646
  0.0365  0.0364  0.0355  0.0364  0.0363  0.0372  0.0360  0.0376  0.0359  0.0383  0.0353  0.0351
  0.0354  0.0352  0.0348  0.0357  0.0356  0.0363  0.0351  0.0360  0.0350  0.0363  0.0348  0.0346
  0.0346  0.0345  0.0344  0.0349  0.0348  0.0352  0.0345  0.0348  0.0345  0.0349  0.0344  0.0344
  0.0343  0.0343  0.0343  0.0343  0.0343  0.0343  0.0343  0.0343  0.0343  0.0343  0.0343  0.0343
  0.0345  0.0346  0.0344  0.0345  0.0344  0.0344  0.0345  0.0347  0.0345  0.0348  0.0344  0.0344
  0.0353  0.0353  0.0348  0.0353  0.0353  0.0359  0.0351  0.0360  0.0350  0.0362  0.0348  0.0347
  0.0365  0.0362  0.0354  0.0368  0.0367  0.0375  0.0361  0.0376  0.0359  0.0384  0.0353  0.0351
niter,ni,del,rscale     2    3    5.0000    1.2000
parameters
    0.6632   33.2951   -5.0347    0.7558  -10.3219    0.5142
    2.3818    0.5105   -4.1947   19.5235    6.0299  -13.1326
eta,q 0.96572  8.10811
  0.0364  0.0363  0.0355  0.0364  0.0363  0.0372  0.0360  0.0376  0.0358  0.0383  0.0353  0.0351
  0.0353  0.0351  0.0348  0.0357  0.0355  0.0363  0.0351  0.0359  0.0350  0.0363  0.0347  0.0346
  0.0346  0.0345  0.0344  0.0349  0.0348  0.0352  0.0345  0.0348  0.0345  0.0349  0.0344  0.0343
  0.0343  0.0343  0.0343  0.0343  0.0343  0.0343  0.0343  0.0343  0.0343  0.0343  0.0343  0.0343
  0.0345  0.0346  0.0344  0.0345  0.0344  0.0344  0.0345  0.0347  0.0345  0.0347  0.0344  0.0344
  0.0353  0.0353  0.0348  0.0353  0.0352  0.0359  0.0351  0.0360  0.0350  0.0362  0.0348  0.0346
  0.0365  0.0362  0.0354  0.0368  0.0366  0.0375  0.0361  0.0376  0.0358  0.0385  0.0353  0.0351
niter,ni,del,rscale     1    3    5.0000    1.2000
parameters
    0.6601   33.2910   -4.9820    0.7536  -10.3288    0.5954
    2.3732    0.5098   -4.1917   19.5054    6.0025  -13.1016
eta,q 0.96574  8.10998
  0.0364  0.0363  0.0355  0.0364  0.0363  0.0372  0.0360  0.0376  0.0358  0.0383  0.0353  0.0351
  0.0353  0.0351  0.0348  0.0357  0.0355  0.0363  0.0351  0.0359  0.0350  0.0363  0.0347  0.0346
  0.0346  0.0344  0.0344  0.0349  0.0348  0.0352  0.0345  0.0348  0.0345  0.0349  0.0344  0.0343
  0.0343  0.0343  0.0343  0.0343  0.0343  0.0343  0.0343  0.0343  0.0343  0.0343  0.0343  0.0343
  0.0345  0.0346  0.0344  0.0344  0.0344  0.0345  0.0344  0.0347  0.0344  0.0347  0.0344  0.0344
  0.0353  0.0353  0.0348  0.0353  0.0352  0.0359  0.0351  0.0360  0.0350  0.0362  0.0347  0.0346
  0.0365  0.0362  0.0354  0.0368  0.0366  0.0375  0.0360  0.0376  0.0358  0.0385  0.0353  0.0350
registration optimization eta report
parameter search radius
    2.4000    2.7600    2.4000    7.2000    8.2800    7.2000
    7.2000    7.2000    7.2000    9.5220    7.2000    7.2000
100000*second partial in parameter space
       38.       26.       20.        4.        3.        6.
        3.        6.        3.        4.        2.        2.
  0.0364  0.0363  0.0355  0.0364  0.0363  0.0372  0.0360  0.0376  0.0358  0.0383  0.0353  0.0351
  0.0353  0.0351  0.0348  0.0357  0.0355  0.0363  0.0351  0.0359  0.0350  0.0363  0.0347  0.0346
  0.0346  0.0344  0.0344  0.0349  0.0348  0.0352  0.0345  0.0348  0.0345  0.0349  0.0344  0.0343
  0.0343  0.0343  0.0343  0.0343  0.0343  0.0343  0.0343  0.0343  0.0343  0.0343  0.0343  0.0343
  0.0345  0.0346  0.0344  0.0344  0.0344  0.0345  0.0344  0.0347  0.0344  0.0347  0.0344  0.0344
  0.0353  0.0353  0.0348  0.0353  0.0352  0.0359  0.0351  0.0360  0.0350  0.0362  0.0347  0.0346
  0.0365  0.0362  0.0354  0.0368  0.0366  0.0375  0.0360  0.0376  0.0358  0.0385  0.0353  0.0350
    0.6601   33.2910   -4.9820    0.7536  -10.3288    0.5954
    2.3732    0.5098   -4.1917   19.5054    6.0025  -13.1016
eta,q 0.96574  8.10998

---------------------------------------------------------------------
imgreg_4dfp /opt/freesurfer/average/711-2C_as_mni_average_305 /opt/freesurfer/average/711-2B_as_mni_average_305_mask talsrcimg_g11 none talsrcimg_to_711-2C_as_mni_average_305_t4 2311
---------------------------------------------------------------------

freesurfer imgreg_4dfp.c
/opt/freesurfer/average/711-2C_as_mni_average_305.4dfp.img
       256       256       256         1
  1.000000  1.000000  1.000000
orientation T byte_order littleendian
Reading image: /opt/freesurfer/average/711-2C_as_mni_average_305.4dfp.img
dimensions:      256       256       256
mmppix:       1.0000   -1.0000   -1.0000
center:     128.0000 -129.0000 -129.0000
/opt/freesurfer/average/711-2B_as_mni_average_305_mask.4dfp.img
       256       256       256         1
  1.000000  1.000000  1.000000
orientation T byte_order littleendian
Reading mask: /opt/freesurfer/average/711-2B_as_mni_average_305_mask.4dfp.img (2306576 pixels)
talsrcimg_g11.4dfp.img
       256       256       256         1
  1.000000  1.000000  1.000000
orientation T byte_order littleendian
Reading image: talsrcimg_g11.4dfp.img
dimensions:      256       256       256
mmppix:       1.0000   -1.0000   -1.0000
center:     128.0000 -129.0000 -129.0000
fimgreg.f
image alignment mode   2311 decimal      907 hex
parameters
    0.6601   33.2910   -4.9820    0.7536  -10.3288    0.5954
    2.3732    0.5098   -4.1917   19.5054    6.0025  -13.1016
eta,q 0.96574  8.10999
niter,ni,del,rscale     5    3    5.0000    0.8000
parameters
    0.6828   33.1938   -4.9718    1.2321   -9.7087    0.8292
    2.3850    0.4989   -4.2617   19.2431    5.9060  -13.5710
eta,q 0.96588  8.16087
  0.0353  0.0349  0.0348  0.0356  0.0352  0.0362  0.0350  0.0359  0.0349  0.0353  0.0346  0.0345
  0.0348  0.0345  0.0345  0.0351  0.0348  0.0353  0.0345  0.0350  0.0345  0.0346  0.0344  0.0342
  0.0344  0.0343  0.0343  0.0346  0.0345  0.0347  0.0342  0.0344  0.0342  0.0342  0.0342  0.0341
  0.0343  0.0343  0.0343  0.0343  0.0342  0.0342  0.0341  0.0341  0.0341  0.0341  0.0341  0.0341
  0.0344  0.0344  0.0343  0.0343  0.0342  0.0342  0.0342  0.0343  0.0342  0.0343  0.0342  0.0342
  0.0347  0.0346  0.0345  0.0346  0.0344  0.0349  0.0345  0.0350  0.0345  0.0348  0.0344  0.0344
  0.0353  0.0350  0.0348  0.0353  0.0349  0.0360  0.0350  0.0359  0.0349  0.0355  0.0347  0.0346
niter,ni,del,rscale     4    3    5.0000    0.7000
parameters
    0.6422   33.2107   -4.9319    1.3190   -9.4740    1.0940
    2.4572    0.4859   -4.2650   19.1588    5.8704  -13.8087
eta,q 0.96594  8.18325
  0.0349  0.0347  0.0346  0.0352  0.0349  0.0358  0.0347  0.0355  0.0347  0.0351  0.0345  0.0344
  0.0345  0.0344  0.0343  0.0347  0.0346  0.0351  0.0344  0.0348  0.0343  0.0345  0.0343  0.0342
  0.0342  0.0342  0.0342  0.0343  0.0343  0.0346  0.0342  0.0343  0.0341  0.0342  0.0341  0.0341
  0.0341  0.0341  0.0341  0.0341  0.0341  0.0341  0.0341  0.0341  0.0341  0.0341  0.0341  0.0341
  0.0342  0.0342  0.0342  0.0342  0.0342  0.0341  0.0341  0.0342  0.0341  0.0342  0.0341  0.0341
  0.0345  0.0344  0.0343  0.0346  0.0344  0.0347  0.0343  0.0348  0.0343  0.0346  0.0343  0.0342
  0.0350  0.0347  0.0345  0.0352  0.0348  0.0356  0.0347  0.0355  0.0347  0.0351  0.0345  0.0344
niter,ni,del,rscale     3    3    5.0000    0.6000
parameters
    0.6214   33.2207   -4.8413    1.3275   -9.3724    1.3447
    2.4800    0.4865   -4.2924   19.1109    5.8434  -13.9164
eta,q 0.96597  8.19631
  0.0347  0.0345  0.0345  0.0349  0.0347  0.0355  0.0345  0.0351  0.0345  0.0348  0.0343  0.0343
  0.0343  0.0343  0.0343  0.0345  0.0344  0.0349  0.0343  0.0346  0.0342  0.0344  0.0342  0.0341
  0.0341  0.0341  0.0341  0.0342  0.0342  0.0344  0.0341  0.0342  0.0341  0.0341  0.0341  0.0340
  0.0341  0.0341  0.0341  0.0341  0.0341  0.0341  0.0340  0.0340  0.0340  0.0340  0.0340  0.0340
  0.0341  0.0341  0.0341  0.0342  0.0341  0.0341  0.0341  0.0342  0.0341  0.0341  0.0341  0.0341
  0.0344  0.0343  0.0342  0.0344  0.0343  0.0345  0.0342  0.0345  0.0342  0.0344  0.0342  0.0342
  0.0347  0.0345  0.0344  0.0349  0.0346  0.0353  0.0345  0.0352  0.0345  0.0348  0.0344  0.0343
niter,ni,del,rscale     2    3    5.0000    0.5000
parameters
    0.6122   33.2268   -4.7357    1.3257   -9.3228    1.5777
    2.5088    0.4950   -4.3108   19.0702    5.8088  -13.9960
eta,q 0.96600  8.20630
  0.0345  0.0343  0.0343  0.0346  0.0345  0.0351  0.0343  0.0348  0.0343  0.0346  0.0342  0.0342
  0.0342  0.0342  0.0342  0.0343  0.0342  0.0347  0.0342  0.0344  0.0341  0.0342  0.0341  0.0341
  0.0341  0.0341  0.0341  0.0341  0.0341  0.0343  0.0340  0.0341  0.0340  0.0341  0.0340  0.0340
  0.0340  0.0340  0.0340  0.0340  0.0340  0.0340  0.0340  0.0340  0.0340  0.0340  0.0340  0.0340
  0.0341  0.0341  0.0340  0.0341  0.0341  0.0340  0.0340  0.0341  0.0340  0.0341  0.0340  0.0340
  0.0342  0.0342  0.0341  0.0343  0.0342  0.0344  0.0341  0.0344  0.0341  0.0343  0.0341  0.0341
  0.0345  0.0343  0.0342  0.0347  0.0345  0.0349  0.0343  0.0348  0.0343  0.0346  0.0342  0.0342
niter,ni,del,rscale     1    3    5.0000    0.4000
parameters
    0.5992   33.2302   -4.6242    1.3265   -9.2825    1.8057
    2.5166    0.5002   -4.3261   19.0273    5.7548  -13.9817
eta,q 0.96602  8.21503
  0.0343  0.0342  0.0342  0.0344  0.0343  0.0348  0.0342  0.0345  0.0342  0.0343  0.0341  0.0341
  0.0341  0.0341  0.0341  0.0342  0.0341  0.0345  0.0341  0.0342  0.0341  0.0341  0.0340  0.0340
  0.0340  0.0340  0.0340  0.0341  0.0340  0.0342  0.0340  0.0341  0.0340  0.0340  0.0340  0.0340
  0.0340  0.0340  0.0340  0.0340  0.0340  0.0340  0.0340  0.0340  0.0340  0.0340  0.0340  0.0340
  0.0340  0.0340  0.0340  0.0340  0.0340  0.0340  0.0340  0.0340  0.0340  0.0340  0.0340  0.0340
  0.0341  0.0341  0.0340  0.0342  0.0341  0.0342  0.0341  0.0342  0.0341  0.0342  0.0341  0.0340
  0.0343  0.0342  0.0341  0.0344  0.0343  0.0346  0.0342  0.0345  0.0342  0.0344  0.0341  0.0341
registration optimization eta report
parameter search radius
    0.8000    0.8000    0.8000    2.4000    2.4000    2.4000
    2.4000    2.4000    2.4000    2.4000    2.4000    2.4000
100000*second partial in parameter space
       43.       31.       27.        7.        5.       12.
        4.        9.        4.        7.        3.        2.
  0.0343  0.0342  0.0342  0.0344  0.0343  0.0348  0.0342  0.0345  0.0342  0.0343  0.0341  0.0341
  0.0341  0.0341  0.0341  0.0342  0.0341  0.0345  0.0341  0.0342  0.0341  0.0341  0.0340  0.0340
  0.0340  0.0340  0.0340  0.0341  0.0340  0.0342  0.0340  0.0341  0.0340  0.0340  0.0340  0.0340
  0.0340  0.0340  0.0340  0.0340  0.0340  0.0340  0.0340  0.0340  0.0340  0.0340  0.0340  0.0340
  0.0340  0.0340  0.0340  0.0340  0.0340  0.0340  0.0340  0.0340  0.0340  0.0340  0.0340  0.0340
  0.0341  0.0341  0.0340  0.0342  0.0341  0.0342  0.0341  0.0342  0.0341  0.0342  0.0341  0.0340
  0.0343  0.0342  0.0341  0.0344  0.0343  0.0346  0.0342  0.0345  0.0342  0.0344  0.0341  0.0341
    0.5992   33.2302   -4.6242    1.3265   -9.2825    1.8057
    2.5166    0.5002   -4.3261   19.0273    5.7548  -13.9817
eta,q 0.96602  8.21503

---------------------------------------------------------------------
imgreg_4dfp /opt/freesurfer/average/711-2C_as_mni_average_305 /opt/freesurfer/average/711-2B_as_mni_average_305_mask talsrcimg_g11 none talsrcimg_to_711-2C_as_mni_average_305_t4 2311
---------------------------------------------------------------------

freesurfer imgreg_4dfp.c
/opt/freesurfer/average/711-2C_as_mni_average_305.4dfp.img
       256       256       256         1
  1.000000  1.000000  1.000000
orientation T byte_order littleendian
Reading image: /opt/freesurfer/average/711-2C_as_mni_average_305.4dfp.img
dimensions:      256       256       256
mmppix:       1.0000   -1.0000   -1.0000
center:     128.0000 -129.0000 -129.0000
/opt/freesurfer/average/711-2B_as_mni_average_305_mask.4dfp.img
       256       256       256         1
  1.000000  1.000000  1.000000
orientation T byte_order littleendian
Reading mask: /opt/freesurfer/average/711-2B_as_mni_average_305_mask.4dfp.img (2306576 pixels)
talsrcimg_g11.4dfp.img
       256       256       256         1
  1.000000  1.000000  1.000000
orientation T byte_order littleendian
Reading image: talsrcimg_g11.4dfp.img
dimensions:      256       256       256
mmppix:       1.0000   -1.0000   -1.0000
center:     128.0000 -129.0000 -129.0000
fimgreg.f
image alignment mode   2311 decimal      907 hex
parameters
    0.5992   33.2302   -4.6242    1.3265   -9.2825    1.8057
    2.5166    0.5002   -4.3261   19.0273    5.7548  -13.9817
eta,q 0.96602  8.21504
niter,ni,del,rscale     5    3    5.0000    0.8000
parameters
    0.5750   33.2619   -4.4643    1.1272   -9.4649    1.8978
    2.4836    0.4130   -4.2936   19.1620    5.6753  -13.7174
eta,q 0.96602  8.20386
  0.0350  0.0348  0.0348  0.0352  0.0349  0.0361  0.0348  0.0358  0.0348  0.0354  0.0345  0.0345
  0.0345  0.0343  0.0344  0.0346  0.0345  0.0352  0.0344  0.0349  0.0343  0.0347  0.0342  0.0342
  0.0341  0.0341  0.0341  0.0342  0.0341  0.0345  0.0341  0.0342  0.0341  0.0342  0.0340  0.0340
  0.0340  0.0340  0.0340  0.0340  0.0340  0.0340  0.0340  0.0340  0.0340  0.0340  0.0340  0.0340
  0.0341  0.0341  0.0340  0.0342  0.0341  0.0342  0.0341  0.0342  0.0341  0.0341  0.0340  0.0340
  0.0345  0.0343  0.0342  0.0347  0.0345  0.0351  0.0344  0.0349  0.0343  0.0346  0.0342  0.0342
  0.0351  0.0347  0.0345  0.0355  0.0351  0.0360  0.0349  0.0359  0.0348  0.0353  0.0346  0.0344
niter,ni,del,rscale     4    3    5.0000    0.7000
parameters
    0.5606   33.2705   -4.3801    1.1915   -9.4863    1.9513
    2.5188    0.3874   -4.3084   19.1611    5.6294  -13.6600
eta,q 0.96603  8.20728
  0.0348  0.0346  0.0346  0.0351  0.0347  0.0357  0.0347  0.0354  0.0346  0.0351  0.0344  0.0343
  0.0344  0.0342  0.0342  0.0346  0.0344  0.0349  0.0343  0.0347  0.0343  0.0345  0.0342  0.0341
  0.0341  0.0340  0.0340  0.0342  0.0341  0.0343  0.0341  0.0342  0.0340  0.0341  0.0340  0.0340
  0.0340  0.0340  0.0340  0.0340  0.0340  0.0340  0.0340  0.0340  0.0340  0.0340  0.0340  0.0340
  0.0341  0.0341  0.0340  0.0341  0.0341  0.0341  0.0340  0.0341  0.0340  0.0341  0.0340  0.0340
  0.0344  0.0342  0.0342  0.0345  0.0343  0.0348  0.0343  0.0347  0.0343  0.0345  0.0342  0.0341
  0.0348  0.0346  0.0344  0.0351  0.0348  0.0357  0.0346  0.0355  0.0346  0.0351  0.0344  0.0343
niter,ni,del,rscale     3    3    5.0000    0.6000
parameters
    0.5465   33.2611   -4.3399    1.2520   -9.4454    2.0108
    2.5449    0.3838   -4.3163   19.1204    5.6162  -13.6804
eta,q 0.96603  8.21310
  0.0346  0.0344  0.0344  0.0348  0.0346  0.0353  0.0345  0.0351  0.0344  0.0348  0.0343  0.0342
  0.0343  0.0342  0.0342  0.0344  0.0343  0.0347  0.0342  0.0345  0.0342  0.0343  0.0341  0.0341
  0.0340  0.0340  0.0340  0.0341  0.0341  0.0342  0.0340  0.0341  0.0340  0.0341  0.0340  0.0340
  0.0340  0.0340  0.0340  0.0340  0.0340  0.0340  0.0340  0.0340  0.0340  0.0340  0.0340  0.0340
  0.0340  0.0340  0.0340  0.0341  0.0340  0.0341  0.0340  0.0341  0.0340  0.0341  0.0340  0.0340
  0.0343  0.0342  0.0341  0.0343  0.0342  0.0346  0.0342  0.0345  0.0342  0.0344  0.0341  0.0341
  0.0346  0.0344  0.0343  0.0348  0.0346  0.0353  0.0345  0.0351  0.0344  0.0348  0.0343  0.0342
niter,ni,del,rscale     2    3    5.0000    0.5000
parameters
    0.5404   33.2492   -4.3147    1.2825   -9.3917    2.0854
    2.5820    0.4010   -4.3375   19.0748    5.5846  -13.7183
eta,q 0.96604  8.21865
  0.0344  0.0343  0.0342  0.0346  0.0344  0.0350  0.0343  0.0348  0.0343  0.0345  0.0342  0.0341
  0.0342  0.0341  0.0341  0.0343  0.0342  0.0345  0.0341  0.0344  0.0341  0.0342  0.0341  0.0340
  0.0340  0.0340  0.0340  0.0341  0.0340  0.0342  0.0340  0.0341  0.0340  0.0340  0.0340  0.0340
  0.0340  0.0340  0.0340  0.0340  0.0340  0.0340  0.0340  0.0340  0.0340  0.0340  0.0340  0.0340
  0.0340  0.0340  0.0340  0.0340  0.0340  0.0340  0.0340  0.0340  0.0340  0.0340  0.0340  0.0340
  0.0342  0.0341  0.0341  0.0342  0.0341  0.0344  0.0341  0.0343  0.0341  0.0342  0.0341  0.0340
  0.0344  0.0343  0.0342  0.0346  0.0344  0.0350  0.0343  0.0348  0.0343  0.0346  0.0342  0.0341
niter,ni,del,rscale     1    3    5.0000    0.4000
parameters
    0.5401   33.2471   -4.2886    1.2969   -9.3417    2.1882
    2.5772    0.4340   -4.3364   19.0404    5.5772  -13.7976
eta,q 0.96605  8.22458
  0.0342  0.0342  0.0341  0.0344  0.0343  0.0347  0.0342  0.0345  0.0342  0.0343  0.0341  0.0341
  0.0341  0.0341  0.0340  0.0342  0.0341  0.0344  0.0340  0.0342  0.0340  0.0341  0.0340  0.0340
  0.0340  0.0340  0.0340  0.0340  0.0340  0.0341  0.0340  0.0340  0.0340  0.0340  0.0340  0.0340
  0.0340  0.0340  0.0340  0.0340  0.0340  0.0340  0.0339  0.0339  0.0339  0.0339  0.0339  0.0340
  0.0340  0.0340  0.0340  0.0340  0.0340  0.0340  0.0340  0.0340  0.0340  0.0340  0.0340  0.0340
  0.0341  0.0341  0.0340  0.0341  0.0341  0.0342  0.0341  0.0342  0.0340  0.0341  0.0340  0.0340
  0.0342  0.0342  0.0341  0.0344  0.0342  0.0346  0.0342  0.0345  0.0342  0.0343  0.0341  0.0341
registration optimization eta report
parameter search radius
    0.8000    0.8000    0.8000    2.4000    2.4000    2.4000
    2.4000    2.4000    2.4000    2.4000    2.4000    2.4000
100000*second partial in parameter space
       45.       31.       26.        7.        5.       12.
        4.        9.        4.        7.        3.        2.
  0.0342  0.0342  0.0341  0.0344  0.0343  0.0347  0.0342  0.0345  0.0342  0.0343  0.0341  0.0341
  0.0341  0.0341  0.0340  0.0342  0.0341  0.0344  0.0340  0.0342  0.0340  0.0341  0.0340  0.0340
  0.0340  0.0340  0.0340  0.0340  0.0340  0.0341  0.0340  0.0340  0.0340  0.0340  0.0340  0.0340
  0.0340  0.0340  0.0340  0.0340  0.0340  0.0340  0.0339  0.0339  0.0339  0.0339  0.0339  0.0340
  0.0340  0.0340  0.0340  0.0340  0.0340  0.0340  0.0340  0.0340  0.0340  0.0340  0.0340  0.0340
  0.0341  0.0341  0.0340  0.0341  0.0341  0.0342  0.0341  0.0342  0.0340  0.0341  0.0340  0.0340
  0.0342  0.0342  0.0341  0.0344  0.0342  0.0346  0.0342  0.0345  0.0342  0.0343  0.0341  0.0341
    0.5401   33.2471   -4.2886    1.2969   -9.3417    2.1882
    2.5772    0.4340   -4.3364   19.0404    5.5772  -13.7976
eta,q 0.96605  8.22458

---------------------------------------------------------------------
compute_vox2vox talsrcimg talsrcimg_to_711-2C_as_mni_average_305_t4 /opt/freesurfer/average/711-2C_as_mni_average_305
---------------------------------------------------------------------

freesurfer compute_vox2vox.c
Reading: talsrcimg.4dfp.ifh
Reading: talsrcimg_to_711-2C_as_mni_average_305_t4
Reading: /opt/freesurfer/average/711-2C_as_mni_average_305.4dfp.ifh
Writing: talsrcimg_to_711-2C_as_mni_average_305_t4_vox2vox.txt

start time Mon Mar 9 21:35:52 CET 2026
end		time Mon Mar 9 21:37:17 CET 2026

mpr2mni305 success

avi2talxfm orig_nu.mgz /opt/freesurfer/average/mni305.cor.mgz talsrcimg_to_711-2C_as_mni_average_305_t4_vox2vox.txt transforms/talairach.auto.xfm
avi2talxfm done
mv -f /out/sourcedata/freesurfer/sub-v1s2x0051468_ses-1/mri/talsrcimg_to_711-2C_as_mni_average_305_t4_vox2vox.txt /out/sourcedata/freesurfer/sub-v1s2x0051468_ses-1/mri/transforms/talsrcimg_to_711-2C_as_mni_average_305_t4_vox2vox.txt
lta_convert --src orig_nu.mgz --trg /opt/freesurfer/average/mni305.cor.mgz --inxfm transforms/talairach.auto.xfm --outlta transforms/talairach.auto.xfm.lta --subject fsaverage
7.3.2

--src: orig_nu.mgz src image (geometry).
--trg: /opt/freesurfer/average/mni305.cor.mgz trg image (geometry).
--inmni: transforms/talairach.auto.xfm input MNI/XFM transform.
--outlta: transforms/talairach.auto.xfm.lta output LTA.
--s: fsaverage subject name
 LTA read, type : 1
 0.98595   0.00101  -0.02788  -1.88538;
-0.04614   0.95155   0.14613  -62.21044;
 0.05685  -0.19980   1.07102  -8.55838;
 0.00000   0.00000   0.00000   1.00000;
setting subject to fsaverage
Writing  LTA to file transforms/talairach.auto.xfm.lta...
lta_convert successful.
 
 
Started at Mon Mar 9 21:35:51 CET 2026
Ended   at Mon Mar  9 21:37:17 CET 2026
talairach_avi done
