status file for recon-all
Mon Mar  9 23:51:29 CET 2026
#@# Tessellate rh Mon Mar  9 23:51:29 CET 2026
#@# Smooth1 rh Mon Mar  9 23:51:33 CET 2026
#@# Inflation1 rh Mon Mar  9 23:51:36 CET 2026
#@# QSphere rh Mon Mar  9 23:51:57 CET 2026
#@# Fix Topology rh Mon Mar  9 23:53:53 CET 2026
#@# Smooth2 rh Tue Mar 10 00:01:27 CET 2026
#@# Inflation2 rh Tue Mar 10 00:01:30 CET 2026
#@# Curv .H and .K rh Tue Mar 10 00:01:52 CET 2026
#@# Sphere rh Tue Mar 10 00:02:46 CET 2026
#@# Surf Reg rh Tue Mar 10 00:06:23 CET 2026
#@# Jacobian white rh Tue Mar 10 00:13:12 CET 2026
#@# AvgCurv rh Tue Mar 10 00:13:14 CET 2026
#@# Cortical Parc rh Tue Mar 10 00:13:14 CET 2026
#@# white curv rh Tue Mar 10 00:20:26 CET 2026
#@# white area rh Tue Mar 10 00:20:28 CET 2026
#@# pial curv rh Tue Mar 10 00:20:29 CET 2026
#@# pial area rh Tue Mar 10 00:20:31 CET 2026
#@# thickness rh Tue Mar 10 00:20:32 CET 2026
#@# area and vertex vol rh Tue Mar 10 00:21:06 CET 2026
#@# Curvature Stats rh Tue Mar 10 00:21:08 CET 2026
#@# Cortical Parc 2 rh Tue Mar 10 00:21:10 CET 2026
#@# Cortical Parc 3 rh Tue Mar 10 00:21:26 CET 2026
#@# WM/GM Contrast rh Tue Mar 10 00:21:37 CET 2026
recon-all -s sub-v1s2x0051458_ses-1 finished without error at Tue Mar 10 00:21:41 CET 2026



#New# invocation of recon-all 



status file for recon-all
Tue Mar 10 00:32:11 CET 2026
#@# white curv rh Tue Mar 10 00:32:11 CET 2026
#@# white area rh Tue Mar 10 00:32:11 CET 2026
#@# pial curv rh Tue Mar 10 00:32:11 CET 2026
#@# pial area rh Tue Mar 10 00:32:11 CET 2026
#@# thickness rh Tue Mar 10 00:32:11 CET 2026
#@# area and vertex vol rh Tue Mar 10 00:32:12 CET 2026
#@# Parcellation Stats rh Tue Mar 10 00:32:12 CET 2026
#@# Parcellation Stats 2 rh Tue Mar 10 00:32:36 CET 2026
#@# Parcellation Stats 3 rh Tue Mar 10 00:32:48 CET 2026
#@# BA_exvivo Labels rh Tue Mar 10 00:33:00 CET 2026
recon-all -s sub-v1s2x0051458_ses-1 finished without error at Tue Mar 10 00:36:01 CET 2026
