status file for recon-all
Mon Mar  9 21:17:55 CET 2026
#@# MotionCor Mon Mar  9 21:17:57 CET 2026
#@# Talairach Mon Mar  9 21:18:05 CET 2026
#@# Talairach Failure Detection Mon Mar  9 21:22:28 CET 2026
#@# Nu Intensity Correction Mon Mar  9 21:22:28 CET 2026
#@# Intensity Normalization Mon Mar  9 21:25:44 CET 2026
recon-all -s sub-v1s2x0051458_ses-1 finished without error at Mon Mar  9 21:27:27 CET 2026



#New# invocation of recon-all 



status file for recon-all
Mon Mar  9 21:34:45 CET 2026
#@# EM Registration Mon Mar  9 21:34:45 CET 2026
recon-all -s sub-v1s2x0051458_ses-1 finished without error at Mon Mar  9 21:37:34 CET 2026



#New# invocation of recon-all 



status file for recon-all
Mon Mar  9 21:37:36 CET 2026
#@# CA Normalize Mon Mar  9 21:37:36 CET 2026
#@# CA Reg Mon Mar  9 21:39:01 CET 2026
#@# SubCort Seg Mon Mar  9 22:27:22 CET 2026
#@# CC Seg Mon Mar  9 23:13:01 CET 2026
#@# Merge ASeg Mon Mar  9 23:13:40 CET 2026
#@# Intensity Normalization2 Mon Mar  9 23:13:40 CET 2026
#@# Mask BFS Mon Mar  9 23:16:06 CET 2026
#@# WM Segmentation Mon Mar  9 23:16:06 CET 2026
#@# Fill Mon Mar  9 23:18:27 CET 2026
recon-all -s sub-v1s2x0051458_ses-1 finished without error at Mon Mar  9 23:19:28 CET 2026



#New# invocation of recon-all 



status file for recon-all
Tue Mar 10 00:21:45 CET 2026
#@# white curv lh Tue Mar 10 00:21:45 CET 2026
#@# white area lh Tue Mar 10 00:21:45 CET 2026
#@# pial curv lh Tue Mar 10 00:21:45 CET 2026
#@# pial area lh Tue Mar 10 00:21:45 CET 2026
#@# thickness lh Tue Mar 10 00:21:45 CET 2026
#@# area and vertex vol lh Tue Mar 10 00:21:46 CET 2026
#@# white curv rh Tue Mar 10 00:21:46 CET 2026
#@# white area rh Tue Mar 10 00:21:46 CET 2026
#@# pial curv rh Tue Mar 10 00:21:46 CET 2026
#@# pial area rh Tue Mar 10 00:21:46 CET 2026
#@# thickness rh Tue Mar 10 00:21:46 CET 2026
#@# area and vertex vol rh Tue Mar 10 00:21:46 CET 2026
#@# Cortical ribbon mask Tue Mar 10 00:21:46 CET 2026
recon-all -s sub-v1s2x0051458_ses-1 finished without error at Tue Mar 10 00:28:19 CET 2026



#New# invocation of recon-all 



status file for recon-all
Tue Mar 10 00:36:05 CET 2026
#@# white curv lh Tue Mar 10 00:36:05 CET 2026
#@# white area lh Tue Mar 10 00:36:05 CET 2026
#@# pial curv lh Tue Mar 10 00:36:05 CET 2026
#@# pial area lh Tue Mar 10 00:36:05 CET 2026
#@# thickness lh Tue Mar 10 00:36:05 CET 2026
#@# area and vertex vol lh Tue Mar 10 00:36:05 CET 2026
#@# white curv rh Tue Mar 10 00:36:05 CET 2026
#@# white area rh Tue Mar 10 00:36:05 CET 2026
#@# pial curv rh Tue Mar 10 00:36:06 CET 2026
#@# pial area rh Tue Mar 10 00:36:06 CET 2026
#@# thickness rh Tue Mar 10 00:36:06 CET 2026
#@# area and vertex vol rh Tue Mar 10 00:36:06 CET 2026
#@# Curvature Stats lh Tue Mar 10 00:36:06 CET 2026
#@# Curvature Stats rh Tue Mar 10 00:36:09 CET 2026
#@# Relabel Hypointensities Tue Mar 10 00:36:12 CET 2026
#@# APas-to-ASeg Tue Mar 10 00:36:27 CET 2026
#@# AParc-to-ASeg aparc Tue Mar 10 00:36:37 CET 2026
#@# AParc-to-ASeg aparc.a2009s Tue Mar 10 00:37:29 CET 2026
#@# AParc-to-ASeg aparc.DKTatlas Tue Mar 10 00:38:20 CET 2026
#@# WMParc Tue Mar 10 00:39:05 CET 2026
#@# ASeg Stats Tue Mar 10 00:42:50 CET 2026
recon-all -s sub-v1s2x0051458_ses-1 finished without error at Tue Mar 10 00:43:32 CET 2026
