/out/sourcedata/freesurfer/sub-v1s2x0051473_ses-1/mri
/opt/freesurfer/bin/talairach_avi
--i orig_nu.mgz --xfm transforms/talairach.auto.xfm
talairach_avi 7.3.2
Linux dna006 5.14.0-427.37.1.el9_4.x86_64 #1 SMP PREEMPT_DYNAMIC Fri Sep 13 12:41:50 EDT 2024 x86_64 x86_64 x86_64 GNU/Linux
Mon Mar  9 21:44:28 CET 2026
mri_convert orig_nu.mgz talsrcimg.img 
reading from orig_nu.mgz...
TR=0.00, TE=0.00, TI=0.00, flip angle=0.00
i_ras = (-1, 0, 0)
j_ras = (0, 0, -1)
k_ras = (0, 1, 0)
writing to talsrcimg.img...
Analyze Output Matrix
-1.00000   0.00000   0.00000   130.85593;
 0.00000   0.00000   1.00000  -61.55933;
 0.00000  -1.00000   0.00000   119.15254;
 0.00000   0.00000   0.00000   1.00000;
--------------------
INFO: set hdr.hist.orient to -1
mpr2mni305 talsrcimg
Mon Mar  9 21:44:29 CET 2026
/opt/freesurfer/bin/mpr2mni305 talsrcimg
mpr2mni305 7.3.2
target=711-2C_as_mni_average_305

---------------------------------------------------------------------
analyzeto4dfp talsrcimg -O0 -y
---------------------------------------------------------------------

freesurfer ifh2hdr.c
Mon Mar  9 21:44:29 2026
Writing: talsrcimg.4dfp.hdr
freesurfer analyzeto4dfp.c
Reading: talsrcimg.hdr
header size 348 bytes
hdr.dime.datatype	offset=70	value=2
hdr.dime.bitpix		offset=72	value=8
hdr.hist.orient		offset=252	value=-1
dimensionality     4
dimensions       256       256       256         1
Reading: talsrcimg.img
Writing: talsrcimg.4dfp.img
Writing: talsrcimg.4dfp.ifh
ifh2hdr talsrcimg -r0to255
ori=2

---------------------------------------------------------------------
gauss_4dfp talsrcimg 1.1
---------------------------------------------------------------------

freesurfer gauss_4dfp.c
Reading: talsrcimg.4dfp.img
Writing: talsrcimg_g11.4dfp.img
image dimensions 256 256 256 padded to 288 288 288
processing volume 1freesurfer ifh2hdr.c
Mon Mar  9 21:44:30 2026
Writing: talsrcimg_g11.4dfp.hdr

Writing: talsrcimg_g11.4dfp.ifh
including: talsrcimg.4dfp.img.rec in talsrcimg_g11.4dfp.img.rec

---------------------------------------------------------------------
imgreg_4dfp /opt/freesurfer/average/711-2C_as_mni_average_305 none talsrcimg_g11 none talsrcimg_to_711-2C_as_mni_average_305_t4 4355
---------------------------------------------------------------------

freesurfer imgreg_4dfp.c
/opt/freesurfer/average/711-2C_as_mni_average_305.4dfp.img
       256       256       256         1
  1.000000  1.000000  1.000000
orientation T byte_order littleendian
Reading image: /opt/freesurfer/average/711-2C_as_mni_average_305.4dfp.img
dimensions:      256       256       256
mmppix:       1.0000   -1.0000   -1.0000
center:     128.0000 -129.0000 -129.0000
talsrcimg_g11.4dfp.img
       256       256       256         1
  1.000000  1.000000  1.000000
orientation T byte_order littleendian
Reading image: talsrcimg_g11.4dfp.img
dimensions:      256       256       256
mmppix:       1.0000   -1.0000   -1.0000
center:     128.0000 -129.0000 -129.0000
t4_read: open error in t4_sub.f l:  41 t4_file(1:l)talsrcimg_to_711-2C_as_mni_average_305_t4 
t4_read: transform initialized to I4
rotation matrix determinant  1.000000
image alignment mode   4355 decimal     1103 hex
   -7.5000  -45.0000  -45.0000 6234.4175   12.7177
    0.0000  -45.0000  -45.0000 6503.2563   12.7324
    7.5000  -45.0000  -45.0000 6191.9688   12.7257
   -7.5000  -37.5000  -45.0000 6892.3408   12.3287
    0.0000  -37.5000  -45.0000 7175.1035   12.3440
    7.5000  -37.5000  -45.0000 6828.5688   12.3387
   -7.5000  -30.0000  -45.0000 7858.0112   12.0597
    0.0000  -30.0000  -45.0000 8177.6504   12.0741
    7.5000  -30.0000  -45.0000 7775.8145   12.0705
   -7.5000  -22.5000  -45.0000 8889.8809   11.8723
    0.0000  -22.5000  -45.0000 9253.3008   11.8848
    7.5000  -22.5000  -45.0000 8798.7227   11.8764
   -7.5000  -15.0000  -45.0000 9971.3838   11.7784
    0.0000  -15.0000  -45.000010380.0322   11.7901
    7.5000  -15.0000  -45.0000 9865.3652   11.7785
   -7.5000   -7.5000  -45.000011084.2305   11.7541
    0.0000   -7.5000  -45.000011536.3535   11.7667
    7.5000   -7.5000  -45.000010961.0332   11.7565
   -7.5000    0.0000  -45.000012097.4551   11.7294
    0.0000    0.0000  -45.000012577.8242   11.7437
    7.5000    0.0000  -45.000011985.8994   11.7375
   -7.5000    7.5000  -45.000012095.1748   11.7095
    0.0000    7.5000  -45.000012581.7607   11.7253
    7.5000    7.5000  -45.000011980.7266   11.7225
   -7.5000   15.0000  -45.000011960.5547   11.7112
    0.0000   15.0000  -45.000012450.2881   11.7258
    7.5000   15.0000  -45.000011871.2988   11.7225
   -7.5000   22.5000  -45.000011798.3828   11.7336
    0.0000   22.5000  -45.000012276.7676   11.7460
    7.5000   22.5000  -45.000011700.8760   11.7377
   -7.5000   30.0000  -45.000011523.8691   11.6014
    0.0000   30.0000  -45.000011999.0967   11.6131
    7.5000   30.0000  -45.000011409.0947   11.6016
   -7.5000   37.5000  -45.000011645.3301   11.5974
    0.0000   37.5000  -45.000012131.1504   11.6098
    7.5000   37.5000  -45.000011521.1016   11.5997
   -7.5000   45.0000  -45.000011177.4346   11.2793
    0.0000   45.0000  -45.000011628.1221   11.2930
    7.5000   45.0000  -45.000011034.1113   11.2871
   -7.5000  -45.0000  -37.5000 6486.4688   12.6838
    0.0000  -45.0000  -37.5000 6766.3403   12.6915
    7.5000  -45.0000  -37.5000 6444.8276   12.6769
   -7.5000  -37.5000  -37.5000 7183.7856   12.3014
    0.0000  -37.5000  -37.5000 7489.0571   12.3119
    7.5000  -37.5000  -37.5000 7115.2349   12.3006
   -7.5000  -30.0000  -37.5000 8219.7041   12.0358
    0.0000  -30.0000  -37.5000 8556.4443   12.0478
    7.5000  -30.0000  -37.5000 8134.0356   12.0402
   -7.5000  -22.5000  -37.5000 9306.3389   11.8401
    0.0000  -22.5000  -37.5000 9682.9600   11.8503
    7.5000  -22.5000  -37.5000 9215.1387   11.8397
   -7.5000  -15.0000  -37.500010438.6875   11.7408
    0.0000  -15.0000  -37.500010865.1133   11.7483
    7.5000  -15.0000  -37.500010331.0869   11.7342
   -7.5000   -7.5000  -37.500011607.7969   11.7194
    0.0000   -7.5000  -37.500012069.1904   11.7258
    7.5000   -7.5000  -37.500011492.7666   11.7107
   -7.5000    0.0000  -37.500012670.5537   11.7028
    0.0000    0.0000  -37.500013158.0479   11.7106
    7.5000    0.0000  -37.500012549.9590   11.6979
   -7.5000    7.5000  -37.500012657.0273   11.6886
    0.0000    7.5000  -37.500013155.2607   11.7000
    7.5000    7.5000  -37.500012544.4053   11.6917
   -7.5000   15.0000  -37.500012537.6650   11.6884
    0.0000   15.0000  -37.500013014.1934   11.7008
    7.5000   15.0000  -37.500012425.1338   11.6937
   -7.5000   22.5000  -37.500012354.1182   11.7022
    0.0000   22.5000  -37.500012836.8301   11.7124
    7.5000   22.5000  -37.500012236.9834   11.7020
   -7.5000   30.0000  -37.500012018.8916   11.5644
    0.0000   30.0000  -37.500012492.3135   11.5720
    7.5000   30.0000  -37.500011911.6289   11.5581
   -7.5000   37.5000  -37.500012152.7656   11.5632
    0.0000   37.5000  -37.500012627.8467   11.5694
    7.5000   37.5000  -37.500012035.5088   11.5546
   -7.5000   45.0000  -37.500011643.4492   11.2536
    0.0000   45.0000  -37.500012091.7051   11.2612
    7.5000   45.0000  -37.500011524.3379   11.2490
   -7.5000  -45.0000  -30.0000 6844.9424   13.1907
    0.0000  -45.0000  -30.0000 7138.7837   13.1971
    7.5000  -45.0000  -30.0000 6809.2461   13.1819
   -7.5000  -37.5000  -30.0000 7616.6943   12.7969
    0.0000  -37.5000  -30.0000 7938.3394   12.8067
    7.5000  -37.5000  -30.0000 7547.6519   12.7949
   -7.5000  -30.0000  -30.0000 8747.8477   12.5234
    0.0000  -30.0000  -30.0000 9098.8857   12.5358
    7.5000  -30.0000  -30.0000 8658.4541   12.5296
   -7.5000  -22.5000  -30.0000 9903.2207   12.3161
    0.0000  -22.5000  -30.000010308.3027   12.3267
    7.5000  -22.5000  -30.0000 9817.6689   12.3190
   -7.5000  -15.0000  -30.000011081.8584   12.2071
    0.0000  -15.0000  -30.000011538.0869   12.2143
    7.5000  -15.0000  -30.000010991.3926   12.2035
   -7.5000   -7.5000  -30.000012335.0195   12.1837
    0.0000   -7.5000  -30.000012826.2881   12.1892
    7.5000   -7.5000  -30.000012236.8535   12.1759
   -7.5000    0.0000  -30.000013496.1875   12.1708
    0.0000    0.0000  -30.000014020.2861   12.1774
    7.5000    0.0000  -30.000013370.3389   12.1647
   -7.5000    7.5000  -30.000013485.8799   12.1618
    0.0000    7.5000  -30.000014031.2832   12.1725
    7.5000    7.5000  -30.000013380.2900   12.1638
   -7.5000   15.0000  -30.000013365.6367   12.1630
    0.0000   15.0000  -30.000013871.6465   12.1757
    7.5000   15.0000  -30.000013246.4551   12.1698
   -7.5000   22.5000  -30.000013118.2266   12.1716
    0.0000   22.5000  -30.000013631.5059   12.1822
    7.5000   22.5000  -30.000012994.5391   12.1747
   -7.5000   30.0000  -30.000012744.2275   12.0249
    0.0000   30.0000  -30.000013229.3359   12.0323
    7.5000   30.0000  -30.000012633.6553   12.0216
   -7.5000   37.5000  -30.000012893.2783   12.0224
    0.0000   37.5000  -30.000013386.9775   12.0278
    7.5000   37.5000  -30.000012785.5488   12.0147
   -7.5000   45.0000  -30.000012334.3936   11.7123
    0.0000   45.0000  -30.000012804.4404   11.7186
    7.5000   45.0000  -30.000012226.6289   11.7064
   -7.5000  -45.0000  -22.5000 7202.9751   13.6250
    0.0000  -45.0000  -22.5000 7502.4229   13.6372
    7.5000  -45.0000  -22.5000 7143.8760   13.6308
   -7.5000  -37.5000  -22.5000 8041.7983   13.2164
    0.0000  -37.5000  -22.5000 8375.3047   13.2305
    7.5000  -37.5000  -22.5000 7966.2119   13.2256
   -7.5000  -30.0000  -22.5000 9239.1201   12.9353
    0.0000  -30.0000  -22.5000 9615.7363   12.9502
    7.5000  -30.0000  -22.5000 9160.4805   12.9504
   -7.5000  -22.5000  -22.500010470.7500   12.7290
    0.0000  -22.5000  -22.500010898.9775   12.7416
    7.5000  -22.5000  -22.500010396.9189   12.7403
   -7.5000  -15.0000  -22.500011711.2578   12.6172
    0.0000  -15.0000  -22.500012184.0205   12.6279
    7.5000  -15.0000  -22.500011636.9570   12.6242
   -7.5000   -7.5000  -22.500013016.9521   12.5877
    0.0000   -7.5000  -22.500013547.7734   12.5983
    7.5000   -7.5000  -22.500012928.8291   12.5930
   -7.5000    0.0000  -22.500014282.0674   12.5687
    0.0000    0.0000  -22.500014865.4395   12.5804
    7.5000    0.0000  -22.500014173.0947   12.5755
   -7.5000    7.5000  -22.500014365.0410   12.5586
    0.0000    7.5000  -22.500014923.6689   12.5729
    7.5000    7.5000  -22.500014241.3203   12.5708
   -7.5000   15.0000  -22.500014221.9473   12.5645
    0.0000   15.0000  -22.500014777.0410   12.5795
    7.5000   15.0000  -22.500014099.0469   12.5794
   -7.5000   22.5000  -22.500013889.3457   12.5788
    0.0000   22.5000  -22.500014466.0723   12.5914
    7.5000   22.5000  -22.500013804.1475   12.5900
   -7.5000   30.0000  -22.500013461.6562   12.4308
    0.0000   30.0000  -22.500014000.8984   12.4416
    7.5000   30.0000  -22.500013401.8506   12.4379
   -7.5000   37.5000  -22.500013626.6865   12.4230
    0.0000   37.5000  -22.500014176.8125   12.4334
    7.5000   37.5000  -22.500013568.1992   12.4282
   -7.5000   45.0000  -22.500013008.6816   12.1043
    0.0000   45.0000  -22.500013529.9277   12.1156
    7.5000   45.0000  -22.500012931.4258   12.1108
   -7.5000  -45.0000  -15.0000 7501.2529   13.9538
    0.0000  -45.0000  -15.0000 7817.3770   13.9739
    7.5000  -45.0000  -15.0000 7440.4297   13.9758
   -7.5000  -37.5000  -15.0000 8412.9961   13.5308
    0.0000  -37.5000  -15.0000 8758.2861   13.5506
    7.5000  -37.5000  -15.0000 8348.5723   13.5520
   -7.5000  -30.0000  -15.0000 9719.4658   13.2421
    0.0000  -30.0000  -15.000010099.9170   13.2601
    7.5000  -30.0000  -15.0000 9633.5244   13.2647
   -7.5000  -22.5000  -15.000011039.8750   13.0417
    0.0000  -22.5000  -15.000011475.3740   13.0571
    7.5000  -22.5000  -15.000010952.8076   13.0589
   -7.5000  -15.0000  -15.000012352.1455   12.9329
    0.0000  -15.0000  -15.000012842.5303   12.9482
    7.5000  -15.0000  -15.000012266.8213   12.9481
   -7.5000   -7.5000  -15.000013656.9980   12.8981
    0.0000   -7.5000  -15.000014220.2920   12.9154
    7.5000   -7.5000  -15.000013575.6992   12.9158
   -7.5000    0.0000  -15.000014919.5674   12.8692
    0.0000    0.0000  -15.000015544.4707   12.8881
    7.5000    0.0000  -15.000014821.5166   12.8901
   -7.5000    7.5000  -15.000015127.0635   12.8533
    0.0000    7.5000  -15.000015711.4492   12.8729
    7.5000    7.5000  -15.000014974.4170   12.8767
   -7.5000   15.0000  -15.000015115.6094   12.8630
    0.0000   15.0000  -15.000015752.0654   12.8809
    7.5000   15.0000  -15.000014934.4502   12.8849
   -7.5000   22.5000  -15.000014704.0850   12.8871
    0.0000   22.5000  -15.000015373.8789   12.9025
    7.5000   22.5000  -15.000014624.9570   12.9041
   -7.5000   30.0000  -15.000014177.3350   12.7436
    0.0000   30.0000  -15.000014802.0713   12.7589
    7.5000   30.0000  -15.000014164.7070   12.7587
   -7.5000   37.5000  -15.000014331.2783   12.7310
    0.0000   37.5000  -15.000014976.5020   12.7481
    7.5000   37.5000  -15.000014287.0703   12.7485
   -7.5000   45.0000  -15.000013671.9688   12.4012
    0.0000   45.0000  -15.000014264.0645   12.4194
    7.5000   45.0000  -15.000013575.3818   12.4213
   -7.5000  -45.0000   -7.5000 7824.5957   14.1386
    0.0000  -45.0000   -7.5000 8172.1934   14.1605
    7.5000  -45.0000   -7.5000 7774.5488   14.1614
   -7.5000  -37.5000   -7.5000 8783.1582   13.7068
    0.0000  -37.5000   -7.5000 9170.8184   13.7277
    7.5000  -37.5000   -7.5000 8734.3408   13.7283
   -7.5000  -30.0000   -7.500010145.5176   13.4109
    0.0000  -30.0000   -7.500010580.2871   13.4292
    7.5000  -30.0000   -7.500010071.6768   13.4314
   -7.5000  -22.5000   -7.500011547.9521   13.2101
    0.0000  -22.5000   -7.500012045.6035   13.2262
    7.5000  -22.5000   -7.500011475.7461   13.2235
   -7.5000  -15.0000   -7.500012955.5010   13.1056
    0.0000  -15.0000   -7.500013525.1436   13.1220
    7.5000  -15.0000   -7.500012888.0918   13.1168
   -7.5000   -7.5000   -7.500014274.3486   13.0724
    0.0000   -7.5000   -7.500014920.2910   13.0914
    7.5000   -7.5000   -7.500014221.3096   13.0884
   -7.5000    0.0000   -7.500015464.4248   13.0401
    0.0000    0.0000   -7.500016110.7979   13.0608
    7.5000    0.0000   -7.500015414.3525   13.0614
   -7.5000    7.5000   -7.500015666.0107   13.0186
    0.0000    7.5000   -7.500016255.4941   13.0394
    7.5000    7.5000   -7.500015519.9541   13.0424
   -7.5000   15.0000   -7.500015940.1230   13.0259
    0.0000   15.0000   -7.500016725.1992   13.0442
    7.5000   15.0000   -7.500015650.1250   13.0461
   -7.5000   22.5000   -7.500015732.3555   13.0520
    0.0000   22.5000   -7.500016641.0625   13.0679
    7.5000   22.5000   -7.500015480.7139   13.0652
   -7.5000   30.0000   -7.500015145.2812   12.9133
    0.0000   30.0000   -7.500015961.8115   12.9297
    7.5000   30.0000   -7.500014979.5127   12.9246
   -7.5000   37.5000   -7.500015231.3975   12.9028
    0.0000   37.5000   -7.500015960.0977   12.9216
    7.5000   37.5000   -7.500015024.5342   12.9185
   -7.5000   45.0000   -7.500014433.9727   12.5682
    0.0000   45.0000   -7.500015067.0498   12.5882
    7.5000   45.0000   -7.500014197.1895   12.5887
   -7.5000  -45.0000    0.0000 8031.6924   14.1834
    0.0000  -45.0000    0.0000 8397.2275   14.1994
    7.5000  -45.0000    0.0000 7973.8208   14.1919
   -7.5000  -37.5000    0.0000 9056.9473   13.7509
    0.0000  -37.5000    0.0000 9456.9600   13.7677
    7.5000  -37.5000    0.0000 9009.4971   13.7618
   -7.5000  -30.0000    0.000010467.4717   13.4521
    0.0000  -30.0000    0.000010948.1260   13.4678
    7.5000  -30.0000    0.000010429.0762   13.4638
   -7.5000  -22.5000    0.000011938.6699   13.2440
    0.0000  -22.5000    0.000012485.6641   13.2577
    7.5000  -22.5000    0.000011909.3926   13.2481
   -7.5000  -15.0000    0.000013407.8848   13.1396
    0.0000  -15.0000    0.000014039.9082   13.1523
    7.5000  -15.0000    0.000013363.8945   13.1393
   -7.5000   -7.5000    0.000014786.2461   13.1123
    0.0000   -7.5000    0.000015525.4873   13.1260
    7.5000   -7.5000    0.000014716.9238   13.1145
   -7.5000    0.0000    0.000015980.8701   13.0846
    0.0000    0.0000    0.000016671.9668   13.1002
    7.5000    0.0000    0.000015891.9854   13.0933
   -7.5000    7.5000    0.000016155.5283   13.0624
    0.0000    7.5000    0.000016902.1992   13.0797
    7.5000    7.5000    0.000015990.0957   13.0767
   -7.5000   15.0000    0.000016528.9414   13.0646
    0.0000   15.0000    0.000017602.6758   13.0806
    7.5000   15.0000    0.000016143.9189   13.0768
   -7.5000   22.5000    0.000016570.2852   13.0854
    0.0000   22.5000    0.000017683.6660   13.0990
    7.5000   22.5000    0.000016077.9102   13.0897
   -7.5000   30.0000    0.000016057.5977   12.9472
    0.0000   30.0000    0.000017040.4238   12.9599
    7.5000   30.0000    0.000015620.3057   12.9471
   -7.5000   37.5000    0.000015998.7373   12.9425
    0.0000   37.5000    0.000016847.9648   12.9560
    7.5000   37.5000    0.000015634.0957   12.9447
   -7.5000   45.0000    0.000014985.2324   12.6120
    0.0000   45.0000    0.000015719.1514   12.6271
    7.5000   45.0000    0.000014730.6787   12.6204
   -7.5000  -45.0000    7.5000 7625.5181   14.1935
    0.0000  -45.0000    7.5000 7993.6328   14.2020
    7.5000  -45.0000    7.5000 7564.2085   14.1858
   -7.5000  -37.5000    7.5000 8600.6240   13.7655
    0.0000  -37.5000    7.5000 8995.5986   13.7773
    7.5000  -37.5000    7.5000 8544.2529   13.7646
   -7.5000  -30.0000    7.5000 9966.3896   13.4683
    0.0000  -30.0000    7.500010418.3389   13.4817
    7.5000  -30.0000    7.5000 9912.3281   13.4733
   -7.5000  -22.5000    7.500011387.0781   13.2494
    0.0000  -22.5000    7.500011920.8955   13.2608
    7.5000  -22.5000    7.500011326.2373   13.2489
   -7.5000  -15.0000    7.500012821.4922   13.1382
    0.0000  -15.0000    7.500013436.9160   13.1466
    7.5000  -15.0000    7.500012720.5703   13.1308
   -7.5000   -7.5000    7.500014188.9492   13.1143
    0.0000   -7.5000    7.500014868.9980   13.1214
    7.5000   -7.5000    7.500014049.3857   13.1045
   -7.5000    0.0000    7.500015417.8857   13.0956
    0.0000    0.0000    7.500016068.4072   13.1044
    7.5000    0.0000    7.500015271.8457   13.0902
   -7.5000    7.5000    7.500015557.2734   13.0798
    0.0000    7.5000    7.500016340.9688   13.0926
    7.5000    7.5000    7.500015444.0283   13.0832
   -7.5000   15.0000    7.500015617.1055   13.0795
    0.0000   15.0000    7.500016564.3438   13.0935
    7.5000   15.0000    7.500015518.7324   13.0856
   -7.5000   22.5000    7.500015424.7822   13.0908
    0.0000   22.5000    7.500016268.3730   13.1022
    7.5000   22.5000    7.500015321.1006   13.0906
   -7.5000   30.0000    7.500015026.1641   12.9459
    0.0000   30.0000    7.500015776.4121   12.9544
    7.5000   30.0000    7.500014929.0068   12.9388
   -7.5000   37.5000    7.500015113.0410   12.9445
    0.0000   37.5000    7.500015835.4180   12.9515
    7.5000   37.5000    7.500015026.7178   12.9348
   -7.5000   45.0000    7.500014230.6797   12.6227
    0.0000   45.0000    7.500014910.8486   12.6312
    7.5000   45.0000    7.500014160.4561   12.6175
   -7.5000  -45.0000   15.0000 7062.2959   14.2157
    0.0000  -45.0000   15.0000 7418.5151   14.2224
    7.5000  -45.0000   15.0000 7015.2329   14.2059
   -7.5000  -37.5000   15.0000 8006.5396   13.7923
    0.0000  -37.5000   15.0000 8393.0635   13.8028
    7.5000  -37.5000   15.0000 7947.0693   13.7898
   -7.5000  -30.0000   15.0000 9316.3916   13.4977
    0.0000  -30.0000   15.0000 9759.6592   13.5109
    7.5000  -30.0000   15.0000 9245.9688   13.5040
   -7.5000  -22.5000   15.000010671.9326   13.2734
    0.0000  -22.5000   15.000011184.9756   13.2846
    7.5000  -22.5000   15.000010596.5801   13.2762
   -7.5000  -15.0000   15.000011995.6445   13.1552
    0.0000  -15.0000   15.000012548.1035   13.1628
    7.5000  -15.0000   15.000011907.1895   13.1510
   -7.5000   -7.5000   15.000013245.0498   13.1299
    0.0000   -7.5000   15.000013780.3779   13.1355
    7.5000   -7.5000   15.000013113.8125   13.1210
   -7.5000    0.0000   15.000014409.8535   13.1161
    0.0000    0.0000   15.000014934.5605   13.1230
    7.5000    0.0000   15.000014281.2520   13.1091
   -7.5000    7.5000   15.000014528.9502   13.1068
    0.0000    7.5000   15.000015193.0977   13.1182
    7.5000    7.5000   15.000014495.0117   13.1086
   -7.5000   15.0000   15.000014471.5059   13.1082
    0.0000   15.0000   15.000015136.2373   13.1217
    7.5000   15.0000   15.000014474.9199   13.1151
   -7.5000   22.5000   15.000014218.3564   13.1142
    0.0000   22.5000   15.000014763.0127   13.1255
    7.5000   22.5000   15.000014204.3545   13.1172
   -7.5000   30.0000   15.000013891.5322   12.9625
    0.0000   30.0000   15.000014419.1650   12.9703
    7.5000   30.0000   15.000013858.7305   12.9586
   -7.5000   37.5000   15.000014059.8418   12.9598
    0.0000   37.5000   15.000014633.2031   12.9654
    7.5000   37.5000   15.000014008.9873   12.9511
   -7.5000   45.0000   15.000013332.4678   12.6425
    0.0000   45.0000   15.000013881.0723   12.6491
    7.5000   45.0000   15.000013271.9014   12.6357
   -7.5000  -45.0000   22.5000 6541.8374   14.4193
    0.0000  -45.0000   22.5000 6847.1870   14.4318
    7.5000  -45.0000   22.5000 6501.6938   14.4247
   -7.5000  -37.5000   22.5000 7419.0596   13.9846
    0.0000  -37.5000   22.5000 7763.1465   13.9990
    7.5000  -37.5000   22.5000 7382.2476   13.9934
   -7.5000  -30.0000   22.5000 8634.5020   13.6847
    0.0000  -30.0000   22.5000 9032.8086   13.7002
    7.5000  -30.0000   22.5000 8600.1992   13.7001
   -7.5000  -22.5000   22.5000 9890.8457   13.4633
    0.0000  -22.5000   22.500010320.8877   13.4764
    7.5000  -22.5000   22.5000 9835.7900   13.4748
   -7.5000  -15.0000   22.500011091.5742   13.3428
    0.0000  -15.0000   22.500011554.6621   13.3538
    7.5000  -15.0000   22.500011016.8877   13.3498
   -7.5000   -7.5000   22.500012261.7217   13.3112
    0.0000   -7.5000   22.500012730.5322   13.3220
    7.5000   -7.5000   22.500012153.0596   13.3162
   -7.5000    0.0000   22.500013388.0234   13.2920
    0.0000    0.0000   22.500013918.8477   13.3039
    7.5000    0.0000   22.500013298.1660   13.2984
   -7.5000    7.5000   22.500013517.4590   13.2822
    0.0000    7.5000   22.500014133.3838   13.2970
    7.5000    7.5000   22.500013483.8262   13.2944
   -7.5000   15.0000   22.500013424.8623   13.2885
    0.0000   15.0000   22.500013967.0205   13.3040
    7.5000   15.0000   22.500013392.5400   13.3036
   -7.5000   22.5000   22.500013201.4531   13.3006
    0.0000   22.5000   22.500013663.9219   13.3137
    7.5000   22.5000   22.500013153.7061   13.3120
   -7.5000   30.0000   22.500012917.7725   13.1471
    0.0000   30.0000   22.500013390.6758   13.1582
    7.5000   30.0000   22.500012853.6631   13.1542
   -7.5000   37.5000   22.500013079.3799   13.1388
    0.0000   37.5000   22.500013576.4629   13.1495
    7.5000   37.5000   22.500012995.7803   13.1437
   -7.5000   45.0000   22.500012420.6328   12.8119
    0.0000   45.0000   22.500012882.5527   12.8234
    7.5000   45.0000   22.500012334.8408   12.8181
   -7.5000  -45.0000   30.0000 5994.7427   14.7426
    0.0000  -45.0000   30.0000 6276.3516   14.7646
    7.5000  -45.0000   30.0000 5971.2100   14.7645
   -7.5000  -37.5000   30.0000 6798.8950   14.2856
    0.0000  -37.5000   30.0000 7118.3335   14.3072
    7.5000  -37.5000   30.0000 6782.6992   14.3068
   -7.5000  -30.0000   30.0000 7906.3413   13.9719
    0.0000  -30.0000   30.0000 8271.5439   13.9915
    7.5000  -30.0000   30.0000 7890.8823   13.9949
   -7.5000  -22.5000   30.0000 9062.5566   13.7531
    0.0000  -22.5000   30.0000 9449.7549   13.7699
    7.5000  -22.5000   30.0000 9030.8066   13.7701
   -7.5000  -15.0000   30.000010182.2568   13.6351
    0.0000  -15.0000   30.000010598.0723   13.6517
    7.5000  -15.0000   30.000010124.4902   13.6498
   -7.5000   -7.5000   30.000011274.5068   13.5993
    0.0000   -7.5000   30.000011714.6641   13.6181
    7.5000   -7.5000   30.000011182.7451   13.6167
   -7.5000    0.0000   30.000012329.1494   13.5710
    0.0000    0.0000   30.000012849.0938   13.5916
    7.5000    0.0000   30.000012269.8691   13.5919
   -7.5000    7.5000   30.000012437.6572   13.5544
    0.0000    7.5000   30.000012995.4521   13.5757
    7.5000    7.5000   30.000012398.9824   13.5782
   -7.5000   15.0000   30.000012334.1221   13.5627
    0.0000   15.0000   30.000012815.2578   13.5822
    7.5000   15.0000   30.000012269.7344   13.5850
   -7.5000   22.5000   30.000012119.4092   13.5846
    0.0000   22.5000   30.000012551.4590   13.6014
    7.5000   22.5000   30.000012044.6338   13.6015
   -7.5000   30.0000   30.000011878.3877   13.4346
    0.0000   30.0000   30.000012322.8154   13.4511
    7.5000   30.0000   30.000011794.2109   13.4493
   -7.5000   37.5000   30.000012022.9043   13.4232
    0.0000   37.5000   30.000012470.3193   13.4417
    7.5000   37.5000   30.000011919.5049   13.4404
   -7.5000   45.0000   30.000011450.1768   13.0809
    0.0000   45.0000   30.000011848.1094   13.1007
    7.5000   45.0000   30.000011318.9736   13.1010
   -7.5000  -45.0000   37.5000 5734.2114   15.2875
    0.0000  -45.0000   37.5000 6001.5894   15.3123
    7.5000  -45.0000   37.5000 5713.7134   15.3089
   -7.5000  -37.5000   37.5000 6502.7705   14.8012
    0.0000  -37.5000   37.5000 6805.4146   14.8247
    7.5000  -37.5000   37.5000 6483.9839   14.8220
   -7.5000  -30.0000   37.5000 7559.3511   14.4684
    0.0000  -30.0000   37.5000 7896.6548   14.4886
    7.5000  -30.0000   37.5000 7540.2754   14.4883
   -7.5000  -22.5000   37.5000 8655.4307   14.2385
    0.0000  -22.5000   37.5000 9030.5908   14.2559
    7.5000  -22.5000   37.5000 8634.3057   14.2496
   -7.5000  -15.0000   37.5000 9737.1084   14.1155
    0.0000  -15.0000   37.500010136.7734   14.1332
    7.5000  -15.0000   37.5000 9683.3047   14.1234
   -7.5000   -7.5000   37.500010785.2295   14.0756
    0.0000   -7.5000   37.500011223.4004   14.0966
    7.5000   -7.5000   37.500010715.1865   14.0889
   -7.5000    0.0000   37.500011808.3311   14.0424
    0.0000    0.0000   37.500012306.6621   14.0656
    7.5000    0.0000   37.500011746.7422   14.0625
   -7.5000    7.5000   37.500011890.5303   14.0227
    0.0000    7.5000   37.500012387.4395   14.0461
    7.5000    7.5000   37.500011838.1387   14.0464
   -7.5000   15.0000   37.500011767.1211   14.0331
    0.0000   15.0000   37.500012215.2852   14.0534
    7.5000   15.0000   37.500011698.7207   14.0528
   -7.5000   22.5000   37.500011543.6777   14.0601
    0.0000   22.5000   37.500011971.4365   14.0774
    7.5000   22.5000   37.500011476.1436   14.0711
   -7.5000   30.0000   37.500011302.8252   13.9070
    0.0000   30.0000   37.500011732.6172   13.9247
    7.5000   30.0000   37.500011229.3203   13.9150
   -7.5000   37.5000   37.500011452.5127   13.8934
    0.0000   37.5000   37.500011885.1641   13.9140
    7.5000   37.5000   37.500011367.6006   13.9064
   -7.5000   45.0000   37.500010948.5898   13.5353
    0.0000   45.0000   37.500011333.2725   13.5576
    7.5000   45.0000   37.500010835.1748   13.5546
   -7.5000  -45.0000   45.0000 5249.7578   15.8696
    0.0000  -45.0000   45.0000 5499.3555   15.8884
    7.5000  -45.0000   45.0000 5237.6748   15.8784
   -7.5000  -37.5000   45.0000 5948.7207   15.3671
    0.0000  -37.5000   45.0000 6228.3838   15.3867
    7.5000  -37.5000   45.0000 5934.5449   15.3793
   -7.5000  -30.0000   45.0000 6925.9307   15.0093
    0.0000  -30.0000   45.0000 7237.0576   15.0276
    7.5000  -30.0000   45.0000 6910.0615   15.0225
   -7.5000  -22.5000   45.0000 7919.0195   14.7492
    0.0000  -22.5000   45.0000 8271.3818   14.7652
    7.5000  -22.5000   45.0000 7899.2944   14.7524
   -7.5000  -15.0000   45.0000 8897.8584   14.6119
    0.0000  -15.0000   45.0000 9288.8320   14.6268
    7.5000  -15.0000   45.0000 8855.4766   14.6088
   -7.5000   -7.5000   45.0000 9875.7217   14.5748
    0.0000   -7.5000   45.000010303.1328   14.5908
    7.5000   -7.5000   45.0000 9819.9668   14.5749
   -7.5000    0.0000   45.000010816.3408   14.5499
    0.0000    0.0000   45.000011286.5986   14.5680
    7.5000    0.0000   45.000010757.5615   14.5585
   -7.5000    7.5000   45.000010868.7764   14.5344
    0.0000    7.5000   45.000011321.5498   14.5544
    7.5000    7.5000   45.000010820.0420   14.5505
   -7.5000   15.0000   45.000010743.7109   14.5413
    0.0000   15.0000   45.000011176.6504   14.5600
    7.5000   15.0000   45.000010695.2383   14.5551
   -7.5000   22.5000   45.000010529.6182   14.5592
    0.0000   22.5000   45.000010947.9316   14.5750
    7.5000   22.5000   45.000010479.8604   14.5625
   -7.5000   30.0000   45.000010313.7314   14.3938
    0.0000   30.0000   45.000010705.5391   14.4087
    7.5000   30.0000   45.000010246.9307   14.3910
   -7.5000   37.5000   45.000010449.4629   14.3848
    0.0000   37.5000   45.000010845.6357   14.4006
    7.5000   37.5000   45.000010375.6621   14.3849
   -7.5000   45.0000   45.000010009.9805   14.0308
    0.0000   45.0000   45.000010395.7871   14.0482
    7.5000   45.0000   45.0000 9931.0400   14.0391

---------------------------------------------------------------------
imgreg_4dfp /opt/freesurfer/average/711-2C_as_mni_average_305 /opt/freesurfer/average/711-2B_as_mni_average_305_mask talsrcimg_g11 none talsrcimg_to_711-2C_as_mni_average_305_t4 4355
---------------------------------------------------------------------

freesurfer imgreg_4dfp.c
/opt/freesurfer/average/711-2C_as_mni_average_305.4dfp.img
       256       256       256         1
  1.000000  1.000000  1.000000
orientation T byte_order littleendian
Reading image: /opt/freesurfer/average/711-2C_as_mni_average_305.4dfp.img
dimensions:      256       256       256
mmppix:       1.0000   -1.0000   -1.0000
center:     128.0000 -129.0000 -129.0000
/opt/freesurfer/average/711-2B_as_mni_average_305_mask.4dfp.img
       256       256       256         1
  1.000000  1.000000  1.000000
orientation T byte_order littleendian
Reading mask: /opt/freesurfer/average/711-2B_as_mni_average_305_mask.4dfp.img (2306576 pixels)
talsrcimg_g11.4dfp.img
       256       256       256         1
  1.000000  1.000000  1.000000
orientation T byte_order littleendian
Reading image: talsrcimg_g11.4dfp.img
dimensions:      256       256       256
mmppix:       1.0000   -1.0000   -1.0000
center:     128.0000 -129.0000 -129.0000
rotation matrix determinant  1.000000
image alignment mode   4355 decimal     1103 hex
   -7.5000  -22.5000  -45.0000 2150.5674   14.4920
    0.0000  -22.5000  -45.0000 2154.7566   14.4828
    7.5000  -22.5000  -45.0000 2135.5835   14.6419
   -7.5000  -15.0000  -45.0000 2266.0542   13.0673
    0.0000  -15.0000  -45.0000 2271.2607   13.0232
    7.5000  -15.0000  -45.0000 2252.5972   13.1973
   -7.5000   -7.5000  -45.0000 2372.0039   11.8747
    0.0000   -7.5000  -45.0000 2379.9714   11.8430
    7.5000   -7.5000  -45.0000 2360.4626   11.9962
   -7.5000    0.0000  -45.0000 2452.3425   10.9534
    0.0000    0.0000  -45.0000 2455.8337   10.9258
    7.5000    0.0000  -45.0000 2440.7915   11.0971
   -7.5000    7.5000  -45.0000 2501.5444   10.3240
    0.0000    7.5000  -45.0000 2505.2637   10.2757
    7.5000    7.5000  -45.0000 2486.5723   10.4629
   -7.5000   15.0000  -45.0000 2535.3074    9.9568
    0.0000   15.0000  -45.0000 2536.9109    9.9107
    7.5000   15.0000  -45.0000 2519.5693   10.0813
   -7.5000   22.5000  -45.0000 2553.6465    9.7660
    0.0000   22.5000  -45.0000 2556.3269    9.7058
    7.5000   22.5000  -45.0000 2537.3572    9.8719
   -7.5000   30.0000  -45.0000 2545.4304    9.7952
    0.0000   30.0000  -45.0000 2551.2102    9.7396
    7.5000   30.0000  -45.0000 2528.3867    9.8882
   -7.5000   37.5000  -45.0000 2518.7825   10.0309
    0.0000   37.5000  -45.0000 2527.2959    9.9757
    7.5000   37.5000  -45.0000 2504.1240   10.1262
   -7.5000   45.0000  -45.0000 2474.5051   10.4963
    0.0000   45.0000  -45.0000 2482.5459   10.4388
    7.5000   45.0000  -45.0000 2460.2881   10.5822
   -7.5000   52.5000  -45.0000 2390.7178   11.0817
    0.0000   52.5000  -45.0000 2395.5981   11.0271
    7.5000   52.5000  -45.0000 2372.6475   11.1834
   -7.5000   60.0000  -45.0000 2252.5989   11.7415
    0.0000   60.0000  -45.0000 2259.2012   11.6989
    7.5000   60.0000  -45.0000 2235.4536   11.8748
   -7.5000   67.5000  -45.0000 2078.4966   12.4718
    0.0000   67.5000  -45.0000 2087.5806   12.4360
    7.5000   67.5000  -45.0000 2063.1841   12.5880
   -7.5000  -22.5000  -37.5000 2201.0188   13.7845
    0.0000  -22.5000  -37.5000 2205.7651   13.7395
    7.5000  -22.5000  -37.5000 2187.8276   13.9497
   -7.5000  -15.0000  -37.5000 2322.2493   12.3727
    0.0000  -15.0000  -37.5000 2328.9292   12.3243
    7.5000  -15.0000  -37.5000 2310.3438   12.5277
   -7.5000   -7.5000  -37.5000 2430.8496   11.2474
    0.0000   -7.5000  -37.5000 2437.2832   11.1966
    7.5000   -7.5000  -37.5000 2421.7344   11.3831
   -7.5000    0.0000  -37.5000 2512.0859   10.3817
    0.0000    0.0000  -37.5000 2519.5820   10.3113
    7.5000    0.0000  -37.5000 2505.3149   10.4949
   -7.5000    7.5000  -37.5000 2569.9717    9.7625
    0.0000    7.5000  -37.5000 2574.2542    9.6989
    7.5000    7.5000  -37.5000 2559.9624    9.8697
   -7.5000   15.0000  -37.5000 2614.3450    9.3651
    0.0000   15.0000  -37.5000 2621.7764    9.2968
    7.5000   15.0000  -37.5000 2602.3323    9.4703
   -7.5000   22.5000  -37.5000 2643.8032    9.1421
    0.0000   22.5000  -37.5000 2649.4004    9.0773
    7.5000   22.5000  -37.5000 2627.2480    9.2412
   -7.5000   30.0000  -37.5000 2634.4993    9.1553
    0.0000   30.0000  -37.5000 2642.7939    9.0871
    7.5000   30.0000  -37.5000 2621.1050    9.2496
   -7.5000   37.5000  -37.5000 2608.0974    9.3900
    0.0000   37.5000  -37.5000 2619.3064    9.3186
    7.5000   37.5000  -37.5000 2594.7285    9.4730
   -7.5000   45.0000  -37.5000 2561.6777    9.8561
    0.0000   45.0000  -37.5000 2572.1875    9.7716
    7.5000   45.0000  -37.5000 2550.3352    9.9271
   -7.5000   52.5000  -37.5000 2469.6104   10.4238
    0.0000   52.5000  -37.5000 2474.8489   10.3362
    7.5000   52.5000  -37.5000 2457.4797   10.4897
   -7.5000   60.0000  -37.5000 2323.2197   11.0238
    0.0000   60.0000  -37.5000 2330.4966   10.9546
    7.5000   60.0000  -37.5000 2311.5022   11.1176
   -7.5000   67.5000  -37.5000 2144.6340   11.7070
    0.0000   67.5000  -37.5000 2153.3887   11.6292
    7.5000   67.5000  -37.5000 2133.6243   11.7873
   -7.5000  -22.5000  -30.0000 2285.1155   13.6141
    0.0000  -22.5000  -30.0000 2292.8372   13.5506
    7.5000  -22.5000  -30.0000 2275.7744   13.7937
   -7.5000  -15.0000  -30.0000 2409.7910   12.1757
    0.0000  -15.0000  -30.0000 2420.3022   12.1243
    7.5000  -15.0000  -30.0000 2402.9861   12.3390
   -7.5000   -7.5000  -30.0000 2526.4116   11.0415
    0.0000   -7.5000  -30.0000 2533.7996   10.9926
    7.5000   -7.5000  -30.0000 2519.5994   11.1956
   -7.5000    0.0000  -30.0000 2618.3625   10.1857
    0.0000    0.0000  -30.0000 2626.7725   10.1207
    7.5000    0.0000  -30.0000 2607.0374   10.3186
   -7.5000    7.5000  -30.0000 2683.7141    9.5595
    0.0000    7.5000  -30.0000 2695.5957    9.4894
    7.5000    7.5000  -30.0000 2672.1196    9.6640
   -7.5000   15.0000  -30.0000 2740.3533    9.1204
    0.0000   15.0000  -30.0000 2749.5049    9.0339
    7.5000   15.0000  -30.0000 2727.0837    9.2252
   -7.5000   22.5000  -30.0000 2774.5610    8.8735
    0.0000   22.5000  -30.0000 2784.3931    8.7843
    7.5000   22.5000  -30.0000 2756.4719    8.9780
   -7.5000   30.0000  -30.0000 2771.0857    8.8564
    0.0000   30.0000  -30.0000 2777.8345    8.7681
    7.5000   30.0000  -30.0000 2754.8513    8.9649
   -7.5000   37.5000  -30.0000 2747.5801    9.1085
    0.0000   37.5000  -30.0000 2760.5918    9.0103
    7.5000   37.5000  -30.0000 2734.2495    9.1913
   -7.5000   45.0000  -30.0000 2698.9946    9.5734
    0.0000   45.0000  -30.0000 2713.4893    9.4690
    7.5000   45.0000  -30.0000 2690.5806    9.6217
   -7.5000   52.5000  -30.0000 2596.3450   10.1167
    0.0000   52.5000  -30.0000 2603.7126   10.0216
    7.5000   52.5000  -30.0000 2588.1404   10.1800
   -7.5000   60.0000  -30.0000 2439.7593   10.7323
    0.0000   60.0000  -30.0000 2442.5327   10.6466
    7.5000   60.0000  -30.0000 2426.0605   10.8090
   -7.5000   67.5000  -30.0000 2250.9202   11.4162
    0.0000   67.5000  -30.0000 2259.2334   11.3172
    7.5000   67.5000  -30.0000 2244.0901   11.4765
   -7.5000  -22.5000  -22.5000 2332.9158   13.3912
    0.0000  -22.5000  -22.5000 2341.3230   13.3456
    7.5000  -22.5000  -22.5000 2322.9255   13.6249
   -7.5000  -15.0000  -22.5000 2461.6001   11.9496
    0.0000  -15.0000  -22.5000 2471.7158   11.8821
    7.5000  -15.0000  -22.5000 2451.8652   12.1433
   -7.5000   -7.5000  -22.5000 2584.5889   10.7936
    0.0000   -7.5000  -22.5000 2594.9197   10.7266
    7.5000   -7.5000  -22.5000 2573.1270   10.9710
   -7.5000    0.0000  -22.5000 2689.9355    9.9155
    0.0000    0.0000  -22.5000 2698.8438    9.8588
    7.5000    0.0000  -22.5000 2674.2808   10.0845
   -7.5000    7.5000  -22.5000 2768.7588    9.3010
    0.0000    7.5000  -22.5000 2778.3894    9.2277
    7.5000    7.5000  -22.5000 2753.7405    9.4232
   -7.5000   15.0000  -22.5000 2828.0503    8.8592
    0.0000   15.0000  -22.5000 2838.6746    8.7712
    7.5000   15.0000  -22.5000 2814.3616    8.9842
   -7.5000   22.5000  -22.5000 2867.6985    8.5879
    0.0000   22.5000  -22.5000 2880.7605    8.4953
    7.5000   22.5000  -22.5000 2851.3616    8.7281
   -7.5000   30.0000  -22.5000 2869.6562    8.5314
    0.0000   30.0000  -22.5000 2877.7073    8.4361
    7.5000   30.0000  -22.5000 2852.9446    8.6872
   -7.5000   37.5000  -22.5000 2847.9692    8.7792
    0.0000   37.5000  -22.5000 2864.3169    8.6769
    7.5000   37.5000  -22.5000 2837.2930    8.9022
   -7.5000   45.0000  -22.5000 2794.2932    9.2127
    0.0000   45.0000  -22.5000 2809.2891    9.1240
    7.5000   45.0000  -22.5000 2785.2600    9.3146
   -7.5000   52.5000  -22.5000 2681.6162    9.7568
    0.0000   52.5000  -22.5000 2694.1660    9.6737
    7.5000   52.5000  -22.5000 2675.6453    9.8703
   -7.5000   60.0000  -22.5000 2515.6006   10.3728
    0.0000   60.0000  -22.5000 2524.2515   10.2949
    7.5000   60.0000  -22.5000 2506.4807   10.4884
   -7.5000   67.5000  -22.5000 2324.3140   11.0407
    0.0000   67.5000  -22.5000 2333.5276   10.9586
    7.5000   67.5000  -22.5000 2316.3962   11.1531
   -7.5000  -22.5000  -15.0000 2351.5269   13.3095
    0.0000  -22.5000  -15.0000 2356.4041   13.2199
    7.5000  -22.5000  -15.0000 2340.4714   13.5325
   -7.5000  -15.0000  -15.0000 2481.5652   11.8251
    0.0000  -15.0000  -15.0000 2489.7634   11.7158
    7.5000  -15.0000  -15.0000 2469.4221   12.0149
   -7.5000   -7.5000  -15.0000 2601.9883   10.6222
    0.0000   -7.5000  -15.0000 2608.8643   10.5308
    7.5000   -7.5000  -15.0000 2589.5654   10.7985
   -7.5000    0.0000  -15.0000 2712.4587    9.7016
    0.0000    0.0000  -15.0000 2721.4492    9.6337
    7.5000    0.0000  -15.0000 2698.7305    9.8614
   -7.5000    7.5000  -15.0000 2806.3264    9.0876
    0.0000    7.5000  -15.0000 2811.2864    9.0051
    7.5000    7.5000  -15.0000 2792.3528    9.2014
   -7.5000   15.0000  -15.0000 2876.1721    8.7029
    0.0000   15.0000  -15.0000 2886.5288    8.6101
    7.5000   15.0000  -15.0000 2863.8882    8.7771
   -7.5000   22.5000  -15.0000 2923.4905    8.4092
    0.0000   22.5000  -15.0000 2940.1807    8.3456
    7.5000   22.5000  -15.0000 2907.6433    8.5402
   -7.5000   30.0000  -15.0000 2929.4243    8.2811
    0.0000   30.0000  -15.0000 2942.6521    8.2189
    7.5000   30.0000  -15.0000 2909.6799    8.4886
   -7.5000   37.5000  -15.0000 2905.2151    8.5181
    0.0000   37.5000  -15.0000 2923.3210    8.4356
    7.5000   37.5000  -15.0000 2891.7781    8.6775
   -7.5000   45.0000  -15.0000 2848.6270    8.9354
    0.0000   45.0000  -15.0000 2867.8760    8.8561
    7.5000   45.0000  -15.0000 2834.8062    9.0622
   -7.5000   52.5000  -15.0000 2732.9995    9.4856
    0.0000   52.5000  -15.0000 2746.3176    9.3969
    7.5000   52.5000  -15.0000 2721.1199    9.5866
   -7.5000   60.0000  -15.0000 2559.3389   10.1039
    0.0000   60.0000  -15.0000 2571.8032   10.0136
    7.5000   60.0000  -15.0000 2550.6445   10.1975
   -7.5000   67.5000  -15.0000 2362.5405   10.7966
    0.0000   67.5000  -15.0000 2370.9373   10.6943
    7.5000   67.5000  -15.0000 2353.3176   10.8966
   -7.5000  -22.5000   -7.5000 2345.9060   13.2467
    0.0000  -22.5000   -7.5000 2352.6399   13.1635
    7.5000  -22.5000   -7.5000 2337.1416   13.4414
   -7.5000  -15.0000   -7.5000 2475.5950   11.7292
    0.0000  -15.0000   -7.5000 2481.5132   11.6528
    7.5000  -15.0000   -7.5000 2466.6248   11.9008
   -7.5000   -7.5000   -7.5000 2592.3557   10.5113
    0.0000   -7.5000   -7.5000 2599.1902   10.4359
    7.5000   -7.5000   -7.5000 2584.5063   10.6544
   -7.5000    0.0000   -7.5000 2708.0540    9.5573
    0.0000    0.0000   -7.5000 2713.0676    9.4984
    7.5000    0.0000   -7.5000 2698.7632    9.7041
   -7.5000    7.5000   -7.5000 2810.7085    8.9185
    0.0000    7.5000   -7.5000 2813.8752    8.8521
    7.5000    7.5000   -7.5000 2802.4192    9.0319
   -7.5000   15.0000   -7.5000 2898.5706    8.6412
    0.0000   15.0000   -7.5000 2908.8657    8.5787
    7.5000   15.0000   -7.5000 2893.4053    8.6594
   -7.5000   22.5000   -7.5000 2959.1738    8.4590
    0.0000   22.5000   -7.5000 2986.7654    8.4404
    7.5000   22.5000   -7.5000 2948.4873    8.4763
   -7.5000   30.0000   -7.5000 2966.0208    8.3006
    0.0000   30.0000   -7.5000 2991.4678    8.2838
    7.5000   30.0000   -7.5000 2952.0161    8.3989
   -7.5000   37.5000   -7.5000 2941.2207    8.4126
    0.0000   37.5000   -7.5000 2957.7695    8.3708
    7.5000   37.5000   -7.5000 2920.9109    8.5270
   -7.5000   45.0000   -7.5000 2874.6345    8.7727
    0.0000   45.0000   -7.5000 2889.5188    8.6779
    7.5000   45.0000   -7.5000 2861.3728    8.8381
   -7.5000   52.5000   -7.5000 2752.1499    9.2855
    0.0000   52.5000   -7.5000 2770.1084    9.1803
    7.5000   52.5000   -7.5000 2743.3271    9.3370
   -7.5000   60.0000   -7.5000 2573.9690    9.9426
    0.0000   60.0000   -7.5000 2584.9421    9.8384
    7.5000   60.0000   -7.5000 2564.2080    9.9945
   -7.5000   67.5000   -7.5000 2373.7751   10.6591
    0.0000   67.5000   -7.5000 2383.2876   10.5561
    7.5000   67.5000   -7.5000 2365.7061   10.7041
   -7.5000  -22.5000    0.0000 2331.6362   13.3337
    0.0000  -22.5000    0.0000 2339.5066   13.2911
    7.5000  -22.5000    0.0000 2325.2173   13.5790
   -7.5000  -15.0000    0.0000 2460.6328   11.7503
    0.0000  -15.0000    0.0000 2466.5740   11.7087
    7.5000  -15.0000    0.0000 2455.8420   11.9558
   -7.5000   -7.5000    0.0000 2579.6997   10.5247
    0.0000   -7.5000    0.0000 2585.5757   10.5093
    7.5000   -7.5000    0.0000 2575.0391   10.6919
   -7.5000    0.0000    0.0000 2696.5144    9.5813
    0.0000    0.0000    0.0000 2701.4041    9.5746
    7.5000    0.0000    0.0000 2689.8657    9.7118
   -7.5000    7.5000    0.0000 2808.7983    8.9576
    0.0000    7.5000    0.0000 2811.7571    8.9384
    7.5000    7.5000    0.0000 2797.3779    9.0665
   -7.5000   15.0000    0.0000 2906.6187    8.6961
    0.0000   15.0000    0.0000 2919.7344    8.7146
    7.5000   15.0000    0.0000 2894.9746    8.7114
   -7.5000   22.5000    0.0000 2972.2175    8.6223
    0.0000   22.5000    0.0000 3008.1272    8.6626
    7.5000   22.5000    0.0000 2959.6809    8.5754
   -7.5000   30.0000    0.0000 2983.0955    8.5188
    0.0000   30.0000    0.0000 3017.0903    8.5353
    7.5000   30.0000    0.0000 2964.0571    8.5140
   -7.5000   37.5000    0.0000 2944.9304    8.5570
    0.0000   37.5000    0.0000 2963.7292    8.5072
    7.5000   37.5000    0.0000 2925.8647    8.5921
   -7.5000   45.0000    0.0000 2873.6731    8.7916
    0.0000   45.0000    0.0000 2893.3206    8.7019
    7.5000   45.0000    0.0000 2864.0156    8.8517
   -7.5000   52.5000    0.0000 2749.0330    9.2576
    0.0000   52.5000    0.0000 2765.1885    9.1677
    7.5000   52.5000    0.0000 2742.8640    9.3388
   -7.5000   60.0000    0.0000 2572.3247    9.8962
    0.0000   60.0000    0.0000 2582.3350    9.7983
    7.5000   60.0000    0.0000 2568.4607    9.9627
   -7.5000   67.5000    0.0000 2372.4387   10.5869
    0.0000   67.5000    0.0000 2381.2019   10.4992
    7.5000   67.5000    0.0000 2369.2188   10.6576
   -7.5000  -22.5000    7.5000 2309.2339   13.6127
    0.0000  -22.5000    7.5000 2321.4683   13.5444
    7.5000  -22.5000    7.5000 2306.7148   13.8113
   -7.5000  -15.0000    7.5000 2444.2573   12.0086
    0.0000  -15.0000    7.5000 2454.0249   11.9686
    7.5000  -15.0000    7.5000 2437.1477   12.1701
   -7.5000   -7.5000    7.5000 2564.8542   10.7895
    0.0000   -7.5000    7.5000 2574.9980   10.7765
    7.5000   -7.5000    7.5000 2557.6262   10.9240
   -7.5000    0.0000    7.5000 2684.0862    9.8480
    0.0000    0.0000    7.5000 2693.2278    9.8315
    7.5000    0.0000    7.5000 2675.0317    9.9716
   -7.5000    7.5000    7.5000 2796.9658    9.2011
    0.0000    7.5000    7.5000 2805.5266    9.1904
    7.5000    7.5000    7.5000 2784.2666    9.3116
   -7.5000   15.0000    7.5000 2889.5032    8.8645
    0.0000   15.0000    7.5000 2911.4216    8.8854
    7.5000   15.0000    7.5000 2884.2371    8.9538
   -7.5000   22.5000    7.5000 2951.1904    8.6650
    0.0000   22.5000    7.5000 2980.4719    8.6864
    7.5000   22.5000    7.5000 2942.3738    8.7567
   -7.5000   30.0000    7.5000 2956.6653    8.6301
    0.0000   30.0000    7.5000 2984.1423    8.5700
    7.5000   30.0000    7.5000 2946.5564    8.7103
   -7.5000   37.5000    7.5000 2917.6370    8.7624
    0.0000   37.5000    7.5000 2944.9646    8.6653
    7.5000   37.5000    7.5000 2911.3787    8.8247
   -7.5000   45.0000    7.5000 2848.4805    9.0378
    0.0000   45.0000    7.5000 2869.8096    8.9549
    7.5000   45.0000    7.5000 2845.0486    9.1161
   -7.5000   52.5000    7.5000 2723.5598    9.4984
    0.0000   52.5000    7.5000 2735.6860    9.4104
    7.5000   52.5000    7.5000 2720.3726    9.5884
   -7.5000   60.0000    7.5000 2549.6899   10.0806
    0.0000   60.0000    7.5000 2558.7639    9.9695
    7.5000   60.0000    7.5000 2549.6655   10.1743
   -7.5000   67.5000    7.5000 2356.2051   10.7154
    0.0000   67.5000    7.5000 2366.9373   10.6059
    7.5000   67.5000    7.5000 2354.9268   10.7984
   -7.5000  -22.5000   15.0000 2277.2373   14.1387
    0.0000  -22.5000   15.0000 2289.9583   14.0599
    7.5000  -22.5000   15.0000 2267.0935   14.2904
   -7.5000  -15.0000   15.0000 2417.8203   12.4441
    0.0000  -15.0000   15.0000 2430.6167   12.3547
    7.5000  -15.0000   15.0000 2408.6553   12.5681
   -7.5000   -7.5000   15.0000 2543.1553   11.1643
    0.0000   -7.5000   15.0000 2555.0398   11.0514
    7.5000   -7.5000   15.0000 2535.5173   11.2642
   -7.5000    0.0000   15.0000 2662.7073   10.1923
    0.0000    0.0000   15.0000 2675.0203   10.0702
    7.5000    0.0000   15.0000 2655.2185   10.2965
   -7.5000    7.5000   15.0000 2769.2021    9.5317
    0.0000    7.5000   15.0000 2784.6187    9.4618
    7.5000    7.5000   15.0000 2768.3723    9.6498
   -7.5000   15.0000   15.0000 2855.5417    9.1264
    0.0000   15.0000   15.0000 2879.4988    9.0955
    7.5000   15.0000   15.0000 2859.3406    9.2499
   -7.5000   22.5000   15.0000 2906.5271    8.8768
    0.0000   22.5000   15.0000 2925.0327    8.7920
    7.5000   22.5000   15.0000 2902.6072    9.0049
   -7.5000   30.0000   15.0000 2911.6719    8.8650
    0.0000   30.0000   15.0000 2929.6228    8.7623
    7.5000   30.0000   15.0000 2907.7617    8.9673
   -7.5000   37.5000   15.0000 2872.1863    9.0775
    0.0000   37.5000   15.0000 2897.8831    8.9716
    7.5000   37.5000   15.0000 2869.7632    9.1581
   -7.5000   45.0000   15.0000 2800.3210    9.4204
    0.0000   45.0000   15.0000 2820.4355    9.3199
    7.5000   45.0000   15.0000 2802.1072    9.4890
   -7.5000   52.5000   15.0000 2679.1824    9.8676
    0.0000   52.5000   15.0000 2692.7317    9.7695
    7.5000   52.5000   15.0000 2682.3616    9.9331
   -7.5000   60.0000   15.0000 2511.4653   10.4040
    0.0000   60.0000   15.0000 2523.4854   10.3016
    7.5000   60.0000   15.0000 2513.8530   10.4805
   -7.5000   67.5000   15.0000 2324.9365   10.9870
    0.0000   67.5000   15.0000 2339.4590   10.8852
    7.5000   67.5000   15.0000 2324.6399   11.0628
   -7.5000  -22.5000   22.5000 2241.7202   14.7508
    0.0000  -22.5000   22.5000 2250.4514   14.5984
    7.5000  -22.5000   22.5000 2230.9666   14.8597
   -7.5000  -15.0000   22.5000 2385.8079   12.9673
    0.0000  -15.0000   22.5000 2399.8677   12.7884
    7.5000  -15.0000   22.5000 2377.8127   13.0391
   -7.5000   -7.5000   22.5000 2513.5613   11.6463
    0.0000   -7.5000   22.5000 2528.9717   11.4682
    7.5000   -7.5000   22.5000 2507.8293   11.6994
   -7.5000    0.0000   22.5000 2634.3589   10.6854
    0.0000    0.0000   22.5000 2652.3552   10.5351
    7.5000    0.0000   22.5000 2629.5103   10.7707
   -7.5000    7.5000   22.5000 2739.3091   10.0295
    0.0000    7.5000   22.5000 2755.8240    9.9681
    7.5000    7.5000   22.5000 2739.9331   10.1329
   -7.5000   15.0000   22.5000 2810.3840    9.6048
    0.0000   15.0000   22.5000 2834.0518    9.5165
    7.5000   15.0000   22.5000 2815.8154    9.6987
   -7.5000   22.5000   22.5000 2856.3647    9.3207
    0.0000   22.5000   22.5000 2874.1812    9.1875
    7.5000   22.5000   22.5000 2856.9133    9.4162
   -7.5000   30.0000   22.5000 2857.0735    9.3046
    0.0000   30.0000   22.5000 2875.0486    9.1938
    7.5000   30.0000   22.5000 2859.5999    9.3883
   -7.5000   37.5000   22.5000 2813.7388    9.5177
    0.0000   37.5000   22.5000 2835.6260    9.4154
    7.5000   37.5000   22.5000 2815.8491    9.5832
   -7.5000   45.0000   22.5000 2737.4663    9.8972
    0.0000   45.0000   22.5000 2751.2715    9.7856
    7.5000   45.0000   22.5000 2740.5776    9.9486
   -7.5000   52.5000   22.5000 2622.4346   10.3309
    0.0000   52.5000   22.5000 2635.4692   10.2348
    7.5000   52.5000   22.5000 2621.7244   10.4065
   -7.5000   60.0000   22.5000 2463.0442   10.8565
    0.0000   60.0000   22.5000 2475.8906   10.7605
    7.5000   60.0000   22.5000 2462.0764   10.9145
   -7.5000   67.5000   22.5000 2281.0991   11.4246
    0.0000   67.5000   22.5000 2296.2910   11.3150
    7.5000   67.5000   22.5000 2284.1279   11.4539
   -7.5000  -22.5000   30.0000 2197.2209   15.5494
    0.0000  -22.5000   30.0000 2211.7410   15.3059
    7.5000  -22.5000   30.0000 2192.7195   15.6025
   -7.5000  -15.0000   30.0000 2345.4346   13.6830
    0.0000  -15.0000   30.0000 2363.1292   13.4259
    7.5000  -15.0000   30.0000 2342.3513   13.7141
   -7.5000   -7.5000   30.0000 2473.9248   12.3269
    0.0000   -7.5000   30.0000 2491.6211   12.1060
    7.5000   -7.5000   30.0000 2468.2812   12.3647
   -7.5000    0.0000   30.0000 2593.6611   11.3482
    0.0000    0.0000   30.0000 2614.2510   11.2076
    7.5000    0.0000   30.0000 2590.6641   11.4248
   -7.5000    7.5000   30.0000 2688.0684   10.6793
    0.0000    7.5000   30.0000 2709.3835   10.5697
    7.5000    7.5000   30.0000 2689.2380   10.7630
   -7.5000   15.0000   30.0000 2749.2151   10.2192
    0.0000   15.0000   30.0000 2776.6584   10.0758
    7.5000   15.0000   30.0000 2753.2935   10.2900
   -7.5000   22.5000   30.0000 2790.5764    9.9141
    0.0000   22.5000   30.0000 2809.7725    9.7893
    7.5000   22.5000   30.0000 2791.1011    9.9986
   -7.5000   30.0000   30.0000 2787.5725    9.9098
    0.0000   30.0000   30.0000 2806.4155    9.8001
    7.5000   30.0000   30.0000 2787.6694    9.9724
   -7.5000   37.5000   30.0000 2740.6846   10.1222
    0.0000   37.5000   30.0000 2760.0869   10.0141
    7.5000   37.5000   30.0000 2743.1658   10.1601
   -7.5000   45.0000   30.0000 2665.4385   10.5040
    0.0000   45.0000   30.0000 2676.6523   10.3786
    7.5000   45.0000   30.0000 2664.5891   10.5435
   -7.5000   52.5000   30.0000 2551.6326   10.9374
    0.0000   52.5000   30.0000 2565.8044   10.8047
    7.5000   52.5000   30.0000 2555.1008   10.9719
   -7.5000   60.0000   30.0000 2401.3315   11.4081
    0.0000   60.0000   30.0000 2413.9089   11.2974
    7.5000   60.0000   30.0000 2403.2324   11.4443
   -7.5000   67.5000   30.0000 2224.0454   11.9490
    0.0000   67.5000   30.0000 2235.7227   11.8453
    7.5000   67.5000   30.0000 2226.8816   11.9723
   -7.5000  -22.5000   37.5000 2155.4724   16.5208
    0.0000  -22.5000   37.5000 2170.9463   16.2282
    7.5000  -22.5000   37.5000 2151.5554   16.5588
   -7.5000  -15.0000   37.5000 2300.3879   14.5652
    0.0000  -15.0000   37.5000 2322.0090   14.3063
    7.5000  -15.0000   37.5000 2298.9470   14.5760
   -7.5000   -7.5000   37.5000 2424.8389   13.1664
    0.0000   -7.5000   37.5000 2447.1116   12.9639
    7.5000   -7.5000   37.5000 2421.4014   13.2030
   -7.5000    0.0000   37.5000 2539.3252   12.1727
    0.0000    0.0000   37.5000 2559.2925   12.0181
    7.5000    0.0000   37.5000 2537.1870   12.2255
   -7.5000    7.5000   37.5000 2623.0979   11.4741
    0.0000    7.5000   37.5000 2647.0273   11.3155
    7.5000    7.5000   37.5000 2626.7056   11.5210
   -7.5000   15.0000   37.5000 2678.3267   10.9741
    0.0000   15.0000   37.5000 2702.4863   10.8102
    7.5000   15.0000   37.5000 2679.5593   11.0299
   -7.5000   22.5000   37.5000 2708.9434   10.6687
    0.0000   22.5000   37.5000 2727.3860   10.5454
    7.5000   22.5000   37.5000 2709.2961   10.7319
   -7.5000   30.0000   37.5000 2698.9062   10.6461
    0.0000   30.0000   37.5000 2720.2207   10.5315
    7.5000   30.0000   37.5000 2700.1860   10.6961
   -7.5000   37.5000   37.5000 2658.8726   10.8522
    0.0000   37.5000   37.5000 2675.6108   10.7332
    7.5000   37.5000   37.5000 2662.8193   10.8965
   -7.5000   45.0000   37.5000 2587.0884   11.2209
    0.0000   45.0000   37.5000 2600.0698   11.0837
    7.5000   45.0000   37.5000 2588.0273   11.2550
   -7.5000   52.5000   37.5000 2480.5598   11.6301
    0.0000   52.5000   37.5000 2494.6643   11.5052
    7.5000   52.5000   37.5000 2482.4226   11.6754
   -7.5000   60.0000   37.5000 2331.6497   12.0994
    0.0000   60.0000   37.5000 2346.1938   11.9763
    7.5000   60.0000   37.5000 2335.2668   12.1204
   -7.5000   67.5000   37.5000 2153.1511   12.6194
    0.0000   67.5000   37.5000 2166.4949   12.5192
    7.5000   67.5000   37.5000 2157.9980   12.6364
   -7.5000  -22.5000   45.0000 2105.9431   17.6048
    0.0000  -22.5000   45.0000 2120.9158   17.3756
    7.5000  -22.5000   45.0000 2102.0532   17.6599
   -7.5000  -15.0000   45.0000 2245.6667   15.5991
    0.0000  -15.0000   45.0000 2268.6733   15.3969
    7.5000  -15.0000   45.0000 2244.9705   15.6122
   -7.5000   -7.5000   45.0000 2368.3484   14.1798
    0.0000   -7.5000   45.0000 2390.4700   14.0123
    7.5000   -7.5000   45.0000 2367.0518   14.2003
   -7.5000    0.0000   45.0000 2472.1692   13.1555
    0.0000    0.0000   45.0000 2491.7998   13.0049
    7.5000    0.0000   45.0000 2471.0603   13.1888
   -7.5000    7.5000   45.0000 2542.9246   12.4024
    0.0000    7.5000   45.0000 2569.7192   12.2238
    7.5000    7.5000   45.0000 2549.2764   12.4350
   -7.5000   15.0000   45.0000 2594.2144   11.8278
    0.0000   15.0000   45.0000 2615.4863   11.6979
    7.5000   15.0000   45.0000 2597.3035   11.8884
   -7.5000   22.5000   45.0000 2616.0833   11.5450
    0.0000   22.5000   45.0000 2634.4824   11.4274
    7.5000   22.5000   45.0000 2618.9636   11.6024
   -7.5000   30.0000   45.0000 2604.3108   11.5137
    0.0000   30.0000   45.0000 2623.4343   11.3938
    7.5000   30.0000   45.0000 2607.9568   11.5516
   -7.5000   37.5000   45.0000 2568.5237   11.6960
    0.0000   37.5000   45.0000 2586.2141   11.5685
    7.5000   37.5000   45.0000 2572.7817   11.7283
   -7.5000   45.0000   45.0000 2501.9932   12.0251
    0.0000   45.0000   45.0000 2526.3450   11.8845
    7.5000   45.0000   45.0000 2509.0898   12.0546
   -7.5000   52.5000   45.0000 2401.4089   12.4497
    0.0000   52.5000   45.0000 2416.9653   12.3270
    7.5000   52.5000   45.0000 2405.7871   12.4812
   -7.5000   60.0000   45.0000 2251.8135   12.9478
    0.0000   60.0000   45.0000 2267.6155   12.8248
    7.5000   60.0000   45.0000 2259.2090   12.9535
   -7.5000   67.5000   45.0000 2074.0286   13.4523
    0.0000   67.5000   45.0000 2089.9802   13.3643
    7.5000   67.5000   45.0000 2081.6055   13.4613

---------------------------------------------------------------------
imgreg_4dfp /opt/freesurfer/average/711-2C_as_mni_average_305 /opt/freesurfer/average/711-2B_as_mni_average_305_mask talsrcimg_g11 none talsrcimg_to_711-2C_as_mni_average_305_t4 1283
---------------------------------------------------------------------

freesurfer imgreg_4dfp.c
/opt/freesurfer/average/711-2C_as_mni_average_305.4dfp.img
       256       256       256         1
  1.000000  1.000000  1.000000
orientation T byte_order littleendian
Reading image: /opt/freesurfer/average/711-2C_as_mni_average_305.4dfp.img
dimensions:      256       256       256
mmppix:       1.0000   -1.0000   -1.0000
center:     128.0000 -129.0000 -129.0000
/opt/freesurfer/average/711-2B_as_mni_average_305_mask.4dfp.img
       256       256       256         1
  1.000000  1.000000  1.000000
orientation T byte_order littleendian
Reading mask: /opt/freesurfer/average/711-2B_as_mni_average_305_mask.4dfp.img (2306576 pixels)
talsrcimg_g11.4dfp.img
       256       256       256         1
  1.000000  1.000000  1.000000
orientation T byte_order littleendian
Reading image: talsrcimg_g11.4dfp.img
dimensions:      256       256       256
mmppix:       1.0000   -1.0000   -1.0000
center:     128.0000 -129.0000 -129.0000
rotation matrix determinant  1.000000
fimgreg.f
image alignment mode   1283 decimal      503 hex
parameters
    0.0000   30.0000    0.0000    0.0000    0.0000    0.0000
eta,q 0.94722  8.52590
niter,ni,del,rscale     5    3   12.0000    1.2000
parameter  2  1.064601 ->  0.500000 qaram    1.1500
parameters
   -0.6179   26.5500    0.4377   -1.5177   -1.4603   -0.0407
eta,q 0.95021  8.57748
  0.0651  0.0513  0.0580  0.0536  0.0542  0.0539
  0.0608  0.0507  0.0544  0.0510  0.0510  0.0522
  0.0572  0.0530  0.0516  0.0507  0.0497  0.0507
  0.0555  0.0555  0.0508  0.0508  0.0507  0.0498
  0.0577  0.0572  0.0521  0.0524  0.0532  0.0504
  0.0636  0.0605  0.0534  0.0550  0.0556  0.0521
  0.0709  0.0654  0.0559  0.0583  0.0586  0.0543
niter,ni,del,rscale     5    3   12.0000    1.2000
parameters
   -0.3239   27.4448    0.0496   -2.6958   -1.8409   -0.0863
eta,q 0.95035  8.57330
  0.0631  0.0651  0.0557  0.0535  0.0561  0.0534
  0.0586  0.0568  0.0519  0.0505  0.0529  0.0517
  0.0531  0.0507  0.0502  0.0496  0.0502  0.0504
  0.0498  0.0497  0.0504  0.0503  0.0498  0.0496
  0.0509  0.0522  0.0517  0.0516  0.0515  0.0500
  0.0554  0.0547  0.0533  0.0538  0.0545  0.0517
  0.0622  0.0570  0.0567  0.0570  0.0573  0.0537
niter,ni,del,rscale     4    3   12.0000    1.2000
parameters
   -0.2199   27.9313   -0.3246   -3.2851   -2.0718   -0.0394
eta,q 0.95051  8.56489
  0.0627  0.0625  0.0554  0.0544  0.0561  0.0531
  0.0581  0.0554  0.0511  0.0511  0.0532  0.0515
  0.0525  0.0501  0.0496  0.0493  0.0505  0.0502
  0.0496  0.0496  0.0500  0.0498  0.0495  0.0495
  0.0513  0.0521  0.0511  0.0512  0.0510  0.0498
  0.0561  0.0547  0.0528  0.0531  0.0540  0.0514
  0.0631  0.0578  0.0561  0.0557  0.0570  0.0531
niter,ni,del,rscale     3    3   12.0000    1.2000
parameters
   -0.1452   28.1949   -0.4950   -3.5785   -2.2092    0.0136
eta,q 0.95057  8.56024
  0.0624  0.0611  0.0558  0.0550  0.0561  0.0530
  0.0578  0.0548  0.0511  0.0515  0.0533  0.0514
  0.0523  0.0498  0.0493  0.0493  0.0507  0.0502
  0.0495  0.0495  0.0497  0.0496  0.0494  0.0494
  0.0512  0.0520  0.0507  0.0510  0.0507  0.0498
  0.0561  0.0545  0.0524  0.0528  0.0537  0.0513
  0.0630  0.0582  0.0555  0.0551  0.0568  0.0529
niter,ni,del,rscale     2    3   12.0000    1.2000
parameters
   -0.0963   28.3311   -0.5997   -3.7358   -2.2946    0.0466
eta,q 0.95058  8.55757
  0.0623  0.0605  0.0560  0.0552  0.0561  0.0529
  0.0576  0.0545  0.0511  0.0517  0.0534  0.0513
  0.0521  0.0497  0.0492  0.0493  0.0508  0.0501
  0.0494  0.0494  0.0495  0.0495  0.0494  0.0494
  0.0512  0.0520  0.0507  0.0509  0.0505  0.0498
  0.0561  0.0545  0.0524  0.0528  0.0535  0.0513
  0.0630  0.0585  0.0553  0.0549  0.0567  0.0528
niter,ni,del,rscale     1    3   12.0000    1.2000
parameters
   -0.0647   28.4138   -0.6561   -3.8256   -2.3446    0.0615
eta,q 0.95058  8.55594
  0.0622  0.0602  0.0561  0.0554  0.0561  0.0528
  0.0575  0.0544  0.0512  0.0519  0.0534  0.0512
  0.0521  0.0497  0.0492  0.0493  0.0508  0.0501
  0.0494  0.0494  0.0495  0.0495  0.0494  0.0494
  0.0512  0.0519  0.0506  0.0509  0.0504  0.0499
  0.0561  0.0545  0.0524  0.0527  0.0533  0.0512
  0.0630  0.0586  0.0552  0.0548  0.0566  0.0528
registration optimization eta report
parameter search radius
    6.0000    6.9000    6.0000    6.0000    6.0000    6.0000
100000*second partial in parameter space
       35.       21.       18.       16.       19.        9.
  0.0622  0.0602  0.0561  0.0554  0.0561  0.0528
  0.0575  0.0544  0.0512  0.0519  0.0534  0.0512
  0.0521  0.0497  0.0492  0.0493  0.0508  0.0501
  0.0494  0.0494  0.0495  0.0495  0.0494  0.0494
  0.0512  0.0519  0.0506  0.0509  0.0504  0.0499
  0.0561  0.0545  0.0524  0.0527  0.0533  0.0512
  0.0630  0.0586  0.0552  0.0548  0.0566  0.0528
   -0.0647   28.4138   -0.6561   -3.8256   -2.3446    0.0615
eta,q 0.95058  8.55594

---------------------------------------------------------------------
imgreg_4dfp /opt/freesurfer/average/711-2C_as_mni_average_305 /opt/freesurfer/average/711-2B_as_mni_average_305_mask talsrcimg_g11 none talsrcimg_to_711-2C_as_mni_average_305_t4 3335
---------------------------------------------------------------------

freesurfer imgreg_4dfp.c
/opt/freesurfer/average/711-2C_as_mni_average_305.4dfp.img
       256       256       256         1
  1.000000  1.000000  1.000000
orientation T byte_order littleendian
Reading image: /opt/freesurfer/average/711-2C_as_mni_average_305.4dfp.img
dimensions:      256       256       256
mmppix:       1.0000   -1.0000   -1.0000
center:     128.0000 -129.0000 -129.0000
/opt/freesurfer/average/711-2B_as_mni_average_305_mask.4dfp.img
       256       256       256         1
  1.000000  1.000000  1.000000
orientation T byte_order littleendian
Reading mask: /opt/freesurfer/average/711-2B_as_mni_average_305_mask.4dfp.img (2306576 pixels)
talsrcimg_g11.4dfp.img
       256       256       256         1
  1.000000  1.000000  1.000000
orientation T byte_order littleendian
Reading image: talsrcimg_g11.4dfp.img
dimensions:      256       256       256
mmppix:       1.0000   -1.0000   -1.0000
center:     128.0000 -129.0000 -129.0000
fimgreg.f
image alignment mode   3335 decimal      D07 hex
parameters
   -0.0647   28.4138   -0.6561   -0.0838   -0.2232   -0.3064
   -0.3800    4.0746    0.1072    6.6763   -4.0909   -6.6664
eta,q 0.95138  8.58436
niter,ni,del,rscale     5    3    5.0000    1.2000
parameter  5  3.203263 ->  0.500000 qaram    1.1500
parameters
   -0.3059   28.1323   -0.7421   -0.0840   -4.3632   -0.6935
    0.6327    4.5028   -0.0585    4.9416   -1.4615   -8.1858
eta,q 0.95728  8.46943
  0.0504  0.0493  0.0499  0.0516  0.0406  0.0459  0.0457  0.0472  0.0449  0.0450  0.0451  0.0435
  0.0493  0.0488  0.0492  0.0504  0.0425  0.0450  0.0445  0.0454  0.0440  0.0436  0.0442  0.0430
  0.0487  0.0486  0.0487  0.0492  0.0453  0.0441  0.0437  0.0440  0.0434  0.0430  0.0434  0.0427
  0.0486  0.0486  0.0486  0.0486  0.0486  0.0432  0.0433  0.0433  0.0432  0.0432  0.0430  0.0428
  0.0490  0.0487  0.0488  0.0488  0.0518  0.0433  0.0433  0.0434  0.0435  0.0443  0.0428  0.0431
  0.0499  0.0491  0.0493  0.0500  0.0553  0.0446  0.0438  0.0447  0.0441  0.0458  0.0429  0.0437
  0.0513  0.0498  0.0501  0.0520  0.0592  0.0476  0.0447  0.0466  0.0450  0.0474  0.0433  0.0445
niter,ni,del,rscale     5    3    5.0000    1.2000
parameter  5  1.122230 ->  0.500000 qaram    1.3225
parameters
   -0.0536   28.0882   -1.3115    0.7830   -9.1242   -0.7138
    0.5157    4.2761   -0.7654    6.0246   -1.1738   -8.9181
eta,q 0.96094  8.33218
  0.0457  0.0447  0.0434  0.0465  0.0383  0.0417  0.0414  0.0428  0.0407  0.0426  0.0405  0.0399
  0.0442  0.0436  0.0428  0.0451  0.0388  0.0410  0.0402  0.0410  0.0398  0.0410  0.0398  0.0394
  0.0432  0.0429  0.0426  0.0436  0.0403  0.0401  0.0394  0.0397  0.0393  0.0398  0.0393  0.0391
  0.0427  0.0427  0.0427  0.0426  0.0424  0.0391  0.0392  0.0392  0.0392  0.0391  0.0391  0.0391
  0.0428  0.0430  0.0431  0.0425  0.0459  0.0390  0.0395  0.0397  0.0395  0.0392  0.0392  0.0393
  0.0435  0.0437  0.0437  0.0435  0.0501  0.0401  0.0403  0.0413  0.0403  0.0398  0.0396  0.0397
  0.0447  0.0449  0.0446  0.0454  0.0540  0.0427  0.0415  0.0433  0.0414  0.0411  0.0403  0.0403
niter,ni,del,rscale     5    3    5.0000    1.2000
parameter  5  0.595582 ->  0.500000 qaram    1.5209
parameter 10 -0.583410 -> -0.500000 qaram    1.1500
parameters
   -0.0275   28.6989   -1.6552    1.6403  -14.5994   -1.3313
    1.3296    4.2867   -1.1104   10.1646   -0.8548   -8.0096
eta,q 0.96302  8.07148
  0.0418  0.0420  0.0399  0.0430  0.0376  0.0392  0.0398  0.0409  0.0388  0.0409  0.0383  0.0381
  0.0403  0.0406  0.0393  0.0415  0.0375  0.0388  0.0388  0.0393  0.0381  0.0395  0.0376  0.0376
  0.0394  0.0396  0.0390  0.0400  0.0377  0.0383  0.0380  0.0382  0.0378  0.0385  0.0372  0.0372
  0.0391  0.0391  0.0390  0.0389  0.0388  0.0375  0.0377  0.0377  0.0377  0.0377  0.0370  0.0370
  0.0394  0.0390  0.0393  0.0389  0.0410  0.0375  0.0377  0.0380  0.0378  0.0371  0.0371  0.0370
  0.0403  0.0393  0.0398  0.0399  0.0445  0.0385  0.0382  0.0393  0.0383  0.0370  0.0375  0.0372
  0.0417  0.0400  0.0406  0.0419  0.0494  0.0410  0.0390  0.0410  0.0390  0.0375  0.0381  0.0377
niter,ni,del,rscale     6    3    5.0000    1.2000
parameter  2 -0.712436 -> -0.500000 qaram    1.1500
parameters
    0.0527   30.0789   -2.0990    1.4799  -19.8646   -2.9441
    0.9197    5.1114   -1.1622   14.2015   -0.9367   -6.9166
eta,q 0.96498  7.75649
  0.0396  0.0408  0.0370  0.0389  0.0361  0.0366  0.0368  0.0388  0.0371  0.0397  0.0361  0.0362
  0.0382  0.0392  0.0365  0.0379  0.0356  0.0364  0.0362  0.0375  0.0364  0.0382  0.0355  0.0356
  0.0373  0.0379  0.0362  0.0368  0.0356  0.0360  0.0359  0.0364  0.0359  0.0368  0.0352  0.0352
  0.0370  0.0370  0.0362  0.0362  0.0362  0.0356  0.0358  0.0358  0.0357  0.0357  0.0350  0.0350
  0.0372  0.0364  0.0365  0.0364  0.0377  0.0358  0.0360  0.0358  0.0359  0.0351  0.0352  0.0351
  0.0380  0.0362  0.0371  0.0377  0.0406  0.0371  0.0364  0.0366  0.0364  0.0351  0.0356  0.0353
  0.0393  0.0363  0.0379  0.0397  0.0448  0.0397  0.0371  0.0378  0.0371  0.0359  0.0362  0.0357
niter,ni,del,rscale     6    3    5.0000    1.2000
parameters
    0.2373   30.9495   -2.5937    0.4518  -22.2903   -3.9903
    0.2037    5.5291   -1.1290   15.1766   -0.0146   -6.6432
eta,q 0.96507  7.58525
  0.0375  0.0386  0.0355  0.0363  0.0364  0.0361  0.0360  0.0379  0.0365  0.0377  0.0361  0.0357
  0.0362  0.0369  0.0350  0.0358  0.0355  0.0358  0.0354  0.0365  0.0357  0.0364  0.0355  0.0353
  0.0354  0.0357  0.0348  0.0352  0.0349  0.0354  0.0351  0.0355  0.0352  0.0355  0.0351  0.0350
  0.0350  0.0350  0.0348  0.0348  0.0349  0.0348  0.0350  0.0350  0.0350  0.0350  0.0349  0.0349
  0.0352  0.0348  0.0351  0.0350  0.0354  0.0349  0.0353  0.0352  0.0352  0.0350  0.0350  0.0350
  0.0358  0.0351  0.0357  0.0362  0.0369  0.0360  0.0357  0.0361  0.0357  0.0356  0.0352  0.0352
  0.0368  0.0358  0.0364  0.0382  0.0399  0.0382  0.0364  0.0374  0.0364  0.0368  0.0356  0.0356
niter,ni,del,rscale     5    3    5.0000    1.2000
parameters
    0.4439   31.0722   -3.0376   -0.0941  -22.9405   -4.9718
   -0.1271    5.6875   -1.3791   15.6238    0.7650   -6.5826
eta,q 0.96487  7.51024
  0.0370  0.0370  0.0355  0.0361  0.0370  0.0360  0.0362  0.0378  0.0364  0.0374  0.0361  0.0358
  0.0360  0.0358  0.0351  0.0358  0.0360  0.0358  0.0356  0.0365  0.0357  0.0362  0.0356  0.0354
  0.0353  0.0351  0.0349  0.0353  0.0353  0.0355  0.0353  0.0356  0.0353  0.0355  0.0353  0.0352
  0.0349  0.0349  0.0349  0.0349  0.0350  0.0350  0.0352  0.0352  0.0352  0.0352  0.0351  0.0351
  0.0350  0.0351  0.0351  0.0349  0.0352  0.0349  0.0354  0.0354  0.0353  0.0353  0.0352  0.0352
  0.0355  0.0357  0.0356  0.0356  0.0360  0.0359  0.0358  0.0363  0.0358  0.0358  0.0354  0.0354
  0.0364  0.0366  0.0362  0.0372  0.0381  0.0379  0.0364  0.0377  0.0366  0.0370  0.0357  0.0357
niter,ni,del,rscale     4    3    5.0000    1.2000
parameters
    0.5292   31.1872   -3.4801   -0.2311  -23.0506   -5.9262
   -0.2135    5.6848   -1.6414   15.8415    1.2203   -6.7205
eta,q 0.96473  7.47319
  0.0369  0.0371  0.0356  0.0362  0.0373  0.0360  0.0364  0.0377  0.0365  0.0372  0.0360  0.0358
  0.0360  0.0360  0.0353  0.0360  0.0363  0.0358  0.0358  0.0365  0.0358  0.0361  0.0356  0.0355
  0.0354  0.0353  0.0351  0.0355  0.0355  0.0355  0.0354  0.0356  0.0354  0.0355  0.0354  0.0353
  0.0351  0.0351  0.0351  0.0351  0.0351  0.0351  0.0353  0.0353  0.0353  0.0353  0.0353  0.0353
  0.0353  0.0353  0.0353  0.0350  0.0352  0.0350  0.0354  0.0355  0.0354  0.0354  0.0353  0.0353
  0.0358  0.0359  0.0356  0.0355  0.0359  0.0358  0.0358  0.0364  0.0359  0.0360  0.0355  0.0355
  0.0367  0.0367  0.0362  0.0369  0.0377  0.0375  0.0365  0.0378  0.0367  0.0371  0.0359  0.0359
niter,ni,del,rscale     3    3    5.0000    1.2000
parameters
    0.4938   31.2799   -3.9435   -0.2335  -23.0308   -6.9144
   -0.1999    5.5308   -1.8170   15.9196    1.4374   -6.9486
eta,q 0.96462  7.44405
  0.0368  0.0371  0.0357  0.0363  0.0374  0.0359  0.0365  0.0376  0.0366  0.0371  0.0360  0.0359
  0.0360  0.0361  0.0354  0.0360  0.0364  0.0357  0.0359  0.0365  0.0359  0.0361  0.0357  0.0356
  0.0354  0.0355  0.0353  0.0357  0.0356  0.0355  0.0355  0.0357  0.0355  0.0356  0.0355  0.0354
  0.0353  0.0353  0.0353  0.0353  0.0353  0.0352  0.0354  0.0354  0.0354  0.0354  0.0354  0.0354
  0.0354  0.0355  0.0354  0.0351  0.0353  0.0351  0.0355  0.0356  0.0355  0.0355  0.0354  0.0354
  0.0360  0.0360  0.0357  0.0356  0.0360  0.0357  0.0359  0.0365  0.0360  0.0361  0.0356  0.0356
  0.0369  0.0368  0.0362  0.0368  0.0377  0.0373  0.0365  0.0379  0.0368  0.0371  0.0359  0.0359
niter,ni,del,rscale     2    3    5.0000    1.2000
parameters
    0.3694   31.3521   -4.4826   -0.2305  -22.9451   -8.0589
   -0.1424    5.2443   -1.9349   15.8828    1.3943   -7.2770
eta,q 0.96456  7.41079
  0.0367  0.0371  0.0357  0.0363  0.0374  0.0359  0.0365  0.0375  0.0367  0.0371  0.0359  0.0359
  0.0360  0.0361  0.0355  0.0361  0.0365  0.0356  0.0360  0.0364  0.0360  0.0361  0.0357  0.0356
  0.0355  0.0355  0.0353  0.0357  0.0357  0.0355  0.0356  0.0357  0.0356  0.0356  0.0355  0.0355
  0.0354  0.0354  0.0354  0.0353  0.0353  0.0353  0.0354  0.0354  0.0354  0.0354  0.0354  0.0354
  0.0356  0.0356  0.0355  0.0352  0.0354  0.0352  0.0356  0.0357  0.0356  0.0356  0.0355  0.0355
  0.0362  0.0361  0.0358  0.0356  0.0360  0.0357  0.0359  0.0366  0.0360  0.0361  0.0357  0.0357
  0.0371  0.0369  0.0362  0.0368  0.0377  0.0371  0.0365  0.0379  0.0368  0.0371  0.0360  0.0360
niter,ni,del,rscale     1    3    5.0000    1.2000
parameters
    0.1829   31.4333   -5.0603   -0.2579  -22.8181   -9.2720
   -0.0468    4.9347   -1.9890   15.8808    1.1416   -7.7010
eta,q 0.96453  7.37698
  0.0367  0.0372  0.0357  0.0362  0.0374  0.0359  0.0365  0.0374  0.0367  0.0371  0.0359  0.0359
  0.0360  0.0362  0.0355  0.0360  0.0365  0.0356  0.0360  0.0364  0.0360  0.0361  0.0356  0.0356
  0.0355  0.0356  0.0354  0.0358  0.0358  0.0355  0.0356  0.0357  0.0356  0.0356  0.0355  0.0355
  0.0354  0.0354  0.0354  0.0354  0.0354  0.0354  0.0355  0.0355  0.0355  0.0355  0.0355  0.0355
  0.0357  0.0356  0.0356  0.0352  0.0355  0.0354  0.0356  0.0357  0.0356  0.0356  0.0355  0.0355
  0.0362  0.0361  0.0359  0.0356  0.0360  0.0357  0.0359  0.0366  0.0360  0.0361  0.0357  0.0357
  0.0371  0.0369  0.0362  0.0367  0.0377  0.0369  0.0365  0.0378  0.0367  0.0371  0.0360  0.0360
registration optimization eta report
parameter search radius
    2.4000    2.7600    2.4000    7.2000   10.9503    7.2000
    7.2000    7.2000    7.2000    8.2800    7.2000    7.2000
100000*second partial in parameter space
       25.       21.        9.        2.        2.        2.
        2.        4.        2.        2.        1.        1.
  0.0367  0.0372  0.0357  0.0362  0.0374  0.0359  0.0365  0.0374  0.0367  0.0371  0.0359  0.0359
  0.0360  0.0362  0.0355  0.0360  0.0365  0.0356  0.0360  0.0364  0.0360  0.0361  0.0356  0.0356
  0.0355  0.0356  0.0354  0.0358  0.0358  0.0355  0.0356  0.0357  0.0356  0.0356  0.0355  0.0355
  0.0354  0.0354  0.0354  0.0354  0.0354  0.0354  0.0355  0.0355  0.0355  0.0355  0.0355  0.0355
  0.0357  0.0356  0.0356  0.0352  0.0355  0.0354  0.0356  0.0357  0.0356  0.0356  0.0355  0.0355
  0.0362  0.0361  0.0359  0.0356  0.0360  0.0357  0.0359  0.0366  0.0360  0.0361  0.0357  0.0357
  0.0371  0.0369  0.0362  0.0367  0.0377  0.0369  0.0365  0.0378  0.0367  0.0371  0.0360  0.0360
    0.1829   31.4333   -5.0603   -0.2579  -22.8181   -9.2720
   -0.0468    4.9347   -1.9890   15.8808    1.1416   -7.7010
eta,q 0.96453  7.37698

---------------------------------------------------------------------
imgreg_4dfp /opt/freesurfer/average/711-2C_as_mni_average_305 /opt/freesurfer/average/711-2B_as_mni_average_305_mask talsrcimg_g11 none talsrcimg_to_711-2C_as_mni_average_305_t4 2311
---------------------------------------------------------------------

freesurfer imgreg_4dfp.c
/opt/freesurfer/average/711-2C_as_mni_average_305.4dfp.img
       256       256       256         1
  1.000000  1.000000  1.000000
orientation T byte_order littleendian
Reading image: /opt/freesurfer/average/711-2C_as_mni_average_305.4dfp.img
dimensions:      256       256       256
mmppix:       1.0000   -1.0000   -1.0000
center:     128.0000 -129.0000 -129.0000
/opt/freesurfer/average/711-2B_as_mni_average_305_mask.4dfp.img
       256       256       256         1
  1.000000  1.000000  1.000000
orientation T byte_order littleendian
Reading mask: /opt/freesurfer/average/711-2B_as_mni_average_305_mask.4dfp.img (2306576 pixels)
talsrcimg_g11.4dfp.img
       256       256       256         1
  1.000000  1.000000  1.000000
orientation T byte_order littleendian
Reading image: talsrcimg_g11.4dfp.img
dimensions:      256       256       256
mmppix:       1.0000   -1.0000   -1.0000
center:     128.0000 -129.0000 -129.0000
fimgreg.f
image alignment mode   2311 decimal      907 hex
parameters
    0.1829   31.4333   -5.0603   -0.2579  -22.8181   -9.2720
   -0.0468    4.9347   -1.9890   15.8808    1.1416   -7.7010
eta,q 0.96453  7.37699
niter,ni,del,rscale     5    3    5.0000    0.8000
parameters
    0.0083   31.5208   -5.5136    1.8459  -20.9371   -9.0592
   -0.1505    4.7861   -2.0799   15.4385    0.6301   -9.0023
eta,q 0.96482  7.53816
  0.0359  0.0361  0.0356  0.0360  0.0359  0.0356  0.0358  0.0364  0.0358  0.0357  0.0354  0.0353
  0.0356  0.0357  0.0355  0.0359  0.0356  0.0354  0.0355  0.0357  0.0355  0.0354  0.0353  0.0352
  0.0355  0.0355  0.0354  0.0357  0.0354  0.0353  0.0353  0.0354  0.0353  0.0352  0.0352  0.0352
  0.0355  0.0355  0.0355  0.0354  0.0353  0.0352  0.0352  0.0352  0.0352  0.0352  0.0352  0.0352
  0.0356  0.0355  0.0355  0.0353  0.0352  0.0352  0.0353  0.0354  0.0353  0.0353  0.0353  0.0353
  0.0358  0.0357  0.0356  0.0353  0.0352  0.0353  0.0355  0.0358  0.0355  0.0355  0.0354  0.0354
  0.0362  0.0359  0.0358  0.0356  0.0353  0.0356  0.0358  0.0366  0.0359  0.0360  0.0355  0.0356
niter,ni,del,rscale     4    3    5.0000    0.7000
parameters
   -0.0825   31.5024   -5.7019    1.6776  -20.3060   -8.4818
   -0.1469    4.6978   -1.9414   15.5754    0.6177   -9.5362
eta,q 0.96488  7.58234
  0.0357  0.0356  0.0353  0.0358  0.0355  0.0355  0.0356  0.0361  0.0356  0.0357  0.0354  0.0353
  0.0354  0.0354  0.0352  0.0355  0.0353  0.0354  0.0353  0.0356  0.0354  0.0354  0.0352  0.0352
  0.0352  0.0352  0.0352  0.0353  0.0352  0.0353  0.0352  0.0353  0.0352  0.0352  0.0352  0.0351
  0.0352  0.0352  0.0352  0.0352  0.0352  0.0352  0.0351  0.0351  0.0351  0.0351  0.0351  0.0351
  0.0353  0.0352  0.0352  0.0352  0.0352  0.0351  0.0352  0.0352  0.0352  0.0352  0.0352  0.0352
  0.0355  0.0354  0.0353  0.0355  0.0352  0.0352  0.0353  0.0356  0.0353  0.0353  0.0352  0.0353
  0.0358  0.0356  0.0355  0.0360  0.0354  0.0354  0.0356  0.0362  0.0356  0.0356  0.0354  0.0354
niter,ni,del,rscale     3    3    5.0000    0.6000
parameters
   -0.0718   31.5053   -5.7161    1.8720  -20.1437   -8.2154
   -0.2131    4.6831   -1.9226   15.6492    0.6241   -9.8199
eta,q 0.96490  7.60709
  0.0356  0.0355  0.0353  0.0357  0.0353  0.0354  0.0354  0.0358  0.0355  0.0355  0.0353  0.0353
  0.0353  0.0353  0.0352  0.0355  0.0352  0.0353  0.0352  0.0355  0.0353  0.0353  0.0352  0.0352
  0.0352  0.0352  0.0351  0.0353  0.0351  0.0352  0.0351  0.0352  0.0351  0.0352  0.0351  0.0351
  0.0351  0.0351  0.0351  0.0351  0.0351  0.0351  0.0351  0.0351  0.0351  0.0351  0.0351  0.0351
  0.0352  0.0352  0.0352  0.0351  0.0351  0.0351  0.0351  0.0352  0.0351  0.0351  0.0351  0.0351
  0.0353  0.0353  0.0352  0.0353  0.0352  0.0352  0.0353  0.0354  0.0353  0.0353  0.0352  0.0352
  0.0356  0.0354  0.0353  0.0357  0.0353  0.0354  0.0354  0.0359  0.0355  0.0355  0.0353  0.0353
niter,ni,del,rscale     2    3    5.0000    0.5000
parameters
   -0.0600   31.5028   -5.6610    2.0079  -20.0551   -7.8159
   -0.2846    4.6647   -1.9024   15.6979    0.6321   -9.9816
eta,q 0.96492  7.62982
  0.0354  0.0353  0.0353  0.0355  0.0352  0.0354  0.0353  0.0356  0.0353  0.0354  0.0352  0.0352
  0.0352  0.0352  0.0352  0.0353  0.0352  0.0353  0.0352  0.0353  0.0352  0.0352  0.0351  0.0351
  0.0351  0.0351  0.0351  0.0352  0.0351  0.0352  0.0351  0.0352  0.0351  0.0351  0.0351  0.0351
  0.0351  0.0351  0.0351  0.0351  0.0351  0.0351  0.0351  0.0351  0.0351  0.0351  0.0351  0.0351
  0.0351  0.0351  0.0351  0.0351  0.0351  0.0351  0.0351  0.0351  0.0351  0.0351  0.0351  0.0351
  0.0352  0.0352  0.0352  0.0352  0.0351  0.0351  0.0352  0.0353  0.0352  0.0352  0.0351  0.0351
  0.0354  0.0353  0.0352  0.0355  0.0352  0.0353  0.0353  0.0356  0.0353  0.0354  0.0352  0.0352
niter,ni,del,rscale     1    3    5.0000    0.4000
parameters
   -0.0408   31.4810   -5.5515    2.1015  -20.0425   -7.4114
   -0.3221    4.6654   -1.8932   15.6969    0.6027  -10.0695
eta,q 0.96494  7.64656
  0.0353  0.0352  0.0352  0.0354  0.0352  0.0353  0.0352  0.0354  0.0352  0.0353  0.0352  0.0351
  0.0352  0.0351  0.0351  0.0352  0.0351  0.0352  0.0351  0.0352  0.0351  0.0352  0.0351  0.0351
  0.0351  0.0351  0.0351  0.0351  0.0351  0.0351  0.0351  0.0351  0.0351  0.0351  0.0351  0.0351
  0.0351  0.0351  0.0351  0.0351  0.0351  0.0351  0.0351  0.0351  0.0351  0.0351  0.0351  0.0351
  0.0351  0.0351  0.0351  0.0351  0.0351  0.0351  0.0351  0.0351  0.0351  0.0351  0.0351  0.0351
  0.0352  0.0352  0.0351  0.0352  0.0351  0.0351  0.0351  0.0352  0.0351  0.0351  0.0351  0.0351
  0.0353  0.0352  0.0351  0.0353  0.0352  0.0352  0.0352  0.0354  0.0352  0.0353  0.0352  0.0352
registration optimization eta report
parameter search radius
    0.8000    0.8000    0.8000    2.4000    2.4000    2.4000
    2.4000    2.4000    2.4000    2.4000    2.4000    2.4000
100000*second partial in parameter space
       32.       23.       15.        5.        2.        3.
        3.        6.        3.        3.        2.        2.
  0.0353  0.0352  0.0352  0.0354  0.0352  0.0353  0.0352  0.0354  0.0352  0.0353  0.0352  0.0351
  0.0352  0.0351  0.0351  0.0352  0.0351  0.0352  0.0351  0.0352  0.0351  0.0352  0.0351  0.0351
  0.0351  0.0351  0.0351  0.0351  0.0351  0.0351  0.0351  0.0351  0.0351  0.0351  0.0351  0.0351
  0.0351  0.0351  0.0351  0.0351  0.0351  0.0351  0.0351  0.0351  0.0351  0.0351  0.0351  0.0351
  0.0351  0.0351  0.0351  0.0351  0.0351  0.0351  0.0351  0.0351  0.0351  0.0351  0.0351  0.0351
  0.0352  0.0352  0.0351  0.0352  0.0351  0.0351  0.0351  0.0352  0.0351  0.0351  0.0351  0.0351
  0.0353  0.0352  0.0351  0.0353  0.0352  0.0352  0.0352  0.0354  0.0352  0.0353  0.0352  0.0352
   -0.0408   31.4810   -5.5515    2.1015  -20.0425   -7.4114
   -0.3221    4.6654   -1.8932   15.6969    0.6027  -10.0695
eta,q 0.96494  7.64656

---------------------------------------------------------------------
imgreg_4dfp /opt/freesurfer/average/711-2C_as_mni_average_305 /opt/freesurfer/average/711-2B_as_mni_average_305_mask talsrcimg_g11 none talsrcimg_to_711-2C_as_mni_average_305_t4 2311
---------------------------------------------------------------------

freesurfer imgreg_4dfp.c
/opt/freesurfer/average/711-2C_as_mni_average_305.4dfp.img
       256       256       256         1
  1.000000  1.000000  1.000000
orientation T byte_order littleendian
Reading image: /opt/freesurfer/average/711-2C_as_mni_average_305.4dfp.img
dimensions:      256       256       256
mmppix:       1.0000   -1.0000   -1.0000
center:     128.0000 -129.0000 -129.0000
/opt/freesurfer/average/711-2B_as_mni_average_305_mask.4dfp.img
       256       256       256         1
  1.000000  1.000000  1.000000
orientation T byte_order littleendian
Reading mask: /opt/freesurfer/average/711-2B_as_mni_average_305_mask.4dfp.img (2306576 pixels)
talsrcimg_g11.4dfp.img
       256       256       256         1
  1.000000  1.000000  1.000000
orientation T byte_order littleendian
Reading image: talsrcimg_g11.4dfp.img
dimensions:      256       256       256
mmppix:       1.0000   -1.0000   -1.0000
center:     128.0000 -129.0000 -129.0000
fimgreg.f
image alignment mode   2311 decimal      907 hex
parameters
   -0.0408   31.4810   -5.5515    2.1015  -20.0425   -7.4114
   -0.3221    4.6654   -1.8932   15.6969    0.6027  -10.0695
eta,q 0.96494  7.64656
niter,ni,del,rscale     5    3    5.0000    0.8000
parameters
    0.0014   31.4967   -5.3664    1.5923  -20.3276   -7.8784
   -0.2026    4.8147   -1.9279   15.6889    0.8080   -9.5632
eta,q 0.96490  7.59937
  0.0360  0.0357  0.0355  0.0358  0.0354  0.0355  0.0357  0.0364  0.0357  0.0358  0.0355  0.0355
  0.0355  0.0353  0.0353  0.0355  0.0352  0.0354  0.0354  0.0357  0.0354  0.0354  0.0353  0.0353
  0.0352  0.0351  0.0351  0.0352  0.0351  0.0352  0.0352  0.0353  0.0352  0.0352  0.0352  0.0352
  0.0351  0.0351  0.0351  0.0351  0.0351  0.0351  0.0351  0.0351  0.0351  0.0351  0.0351  0.0351
  0.0352  0.0351  0.0351  0.0352  0.0351  0.0351  0.0352  0.0352  0.0352  0.0352  0.0351  0.0351
  0.0354  0.0353  0.0352  0.0356  0.0353  0.0354  0.0354  0.0356  0.0354  0.0354  0.0352  0.0352
  0.0358  0.0356  0.0353  0.0365  0.0356  0.0360  0.0356  0.0363  0.0357  0.0358  0.0354  0.0354
niter,ni,del,rscale     4    3    5.0000    0.7000
parameters
    0.0108   31.4657   -5.4930    1.6677  -20.3607   -8.0398
   -0.3002    4.7776   -1.9799   15.6497    0.7647   -9.5632
eta,q 0.96490  7.59443
  0.0357  0.0355  0.0353  0.0358  0.0354  0.0355  0.0355  0.0361  0.0356  0.0356  0.0354  0.0353
  0.0354  0.0353  0.0352  0.0355  0.0352  0.0353  0.0353  0.0356  0.0353  0.0353  0.0352  0.0352
  0.0352  0.0351  0.0351  0.0353  0.0351  0.0352  0.0351  0.0352  0.0352  0.0352  0.0351  0.0351
  0.0351  0.0351  0.0351  0.0351  0.0351  0.0351  0.0351  0.0351  0.0351  0.0351  0.0351  0.0351
  0.0352  0.0352  0.0352  0.0351  0.0351  0.0351  0.0352  0.0352  0.0352  0.0352  0.0351  0.0351
  0.0354  0.0353  0.0353  0.0354  0.0352  0.0353  0.0353  0.0356  0.0353  0.0353  0.0352  0.0352
  0.0357  0.0355  0.0354  0.0359  0.0354  0.0357  0.0356  0.0361  0.0356  0.0357  0.0354  0.0353
niter,ni,del,rscale     3    3    5.0000    0.6000
parameters
   -0.0125   31.4643   -5.5550    1.8345  -20.2057   -7.9209
   -0.2945    4.7353   -1.9798   15.6405    0.7135   -9.7261
eta,q 0.96491  7.61166
  0.0355  0.0354  0.0353  0.0357  0.0353  0.0354  0.0354  0.0358  0.0354  0.0355  0.0353  0.0353
  0.0353  0.0352  0.0352  0.0354  0.0352  0.0353  0.0352  0.0354  0.0352  0.0353  0.0352  0.0352
  0.0351  0.0351  0.0351  0.0352  0.0351  0.0352  0.0351  0.0352  0.0351  0.0351  0.0351  0.0351
  0.0351  0.0351  0.0351  0.0351  0.0351  0.0351  0.0351  0.0351  0.0351  0.0351  0.0351  0.0351
  0.0352  0.0351  0.0351  0.0351  0.0351  0.0351  0.0351  0.0352  0.0351  0.0351  0.0351  0.0351
  0.0353  0.0352  0.0352  0.0353  0.0352  0.0352  0.0352  0.0354  0.0352  0.0353  0.0352  0.0352
  0.0356  0.0354  0.0353  0.0356  0.0353  0.0355  0.0354  0.0359  0.0354  0.0355  0.0353  0.0353
niter,ni,del,rscale     2    3    5.0000    0.5000
parameters
   -0.0258   31.4623   -5.5410    1.9810  -20.1096   -7.6408
   -0.3042    4.6989   -1.9227   15.6415    0.6435   -9.8614
eta,q 0.96493  7.63046
  0.0354  0.0353  0.0352  0.0355  0.0352  0.0353  0.0353  0.0356  0.0353  0.0354  0.0352  0.0352
  0.0352  0.0352  0.0351  0.0353  0.0351  0.0353  0.0352  0.0353  0.0352  0.0352  0.0351  0.0351
  0.0351  0.0351  0.0351  0.0352  0.0351  0.0352  0.0351  0.0351  0.0351  0.0351  0.0351  0.0351
  0.0351  0.0351  0.0351  0.0351  0.0351  0.0351  0.0351  0.0351  0.0351  0.0351  0.0351  0.0351
  0.0351  0.0351  0.0351  0.0351  0.0351  0.0351  0.0351  0.0351  0.0351  0.0351  0.0351  0.0351
  0.0352  0.0352  0.0351  0.0352  0.0351  0.0351  0.0352  0.0353  0.0352  0.0352  0.0351  0.0351
  0.0354  0.0353  0.0352  0.0355  0.0352  0.0353  0.0353  0.0356  0.0353  0.0354  0.0352  0.0352
niter,ni,del,rscale     1    3    5.0000    0.4000
parameters
   -0.0228   31.4443   -5.4575    2.0831  -20.1022   -7.2487
   -0.3403    4.6777   -1.8676   15.6424    0.5964  -10.0079
eta,q 0.96494  7.64703
  0.0353  0.0352  0.0352  0.0354  0.0352  0.0353  0.0352  0.0354  0.0352  0.0353  0.0351  0.0351
  0.0352  0.0351  0.0351  0.0352  0.0351  0.0352  0.0351  0.0352  0.0351  0.0351  0.0351  0.0351
  0.0351  0.0351  0.0351  0.0351  0.0351  0.0351  0.0351  0.0351  0.0351  0.0351  0.0351  0.0351
  0.0351  0.0351  0.0351  0.0351  0.0351  0.0351  0.0351  0.0351  0.0351  0.0351  0.0351  0.0351
  0.0351  0.0351  0.0351  0.0351  0.0351  0.0351  0.0351  0.0351  0.0351  0.0351  0.0351  0.0351
  0.0352  0.0351  0.0351  0.0352  0.0351  0.0351  0.0351  0.0352  0.0351  0.0351  0.0351  0.0351
  0.0353  0.0352  0.0351  0.0353  0.0352  0.0352  0.0352  0.0354  0.0352  0.0353  0.0352  0.0352
registration optimization eta report
parameter search radius
    0.8000    0.8000    0.8000    2.4000    2.4000    2.4000
    2.4000    2.4000    2.4000    2.4000    2.4000    2.4000
100000*second partial in parameter space
       32.       22.       15.        5.        2.        3.
        3.        6.        3.        3.        2.        2.
  0.0353  0.0352  0.0352  0.0354  0.0352  0.0353  0.0352  0.0354  0.0352  0.0353  0.0351  0.0351
  0.0352  0.0351  0.0351  0.0352  0.0351  0.0352  0.0351  0.0352  0.0351  0.0351  0.0351  0.0351
  0.0351  0.0351  0.0351  0.0351  0.0351  0.0351  0.0351  0.0351  0.0351  0.0351  0.0351  0.0351
  0.0351  0.0351  0.0351  0.0351  0.0351  0.0351  0.0351  0.0351  0.0351  0.0351  0.0351  0.0351
  0.0351  0.0351  0.0351  0.0351  0.0351  0.0351  0.0351  0.0351  0.0351  0.0351  0.0351  0.0351
  0.0352  0.0351  0.0351  0.0352  0.0351  0.0351  0.0351  0.0352  0.0351  0.0351  0.0351  0.0351
  0.0353  0.0352  0.0351  0.0353  0.0352  0.0352  0.0352  0.0354  0.0352  0.0353  0.0352  0.0352
   -0.0228   31.4443   -5.4575    2.0831  -20.1022   -7.2487
   -0.3403    4.6777   -1.8676   15.6424    0.5964  -10.0079
eta,q 0.96494  7.64703

---------------------------------------------------------------------
compute_vox2vox talsrcimg talsrcimg_to_711-2C_as_mni_average_305_t4 /opt/freesurfer/average/711-2C_as_mni_average_305
---------------------------------------------------------------------

freesurfer compute_vox2vox.c
Reading: talsrcimg.4dfp.ifh
Reading: talsrcimg_to_711-2C_as_mni_average_305_t4
Reading: /opt/freesurfer/average/711-2C_as_mni_average_305.4dfp.ifh
Writing: talsrcimg_to_711-2C_as_mni_average_305_t4_vox2vox.txt

start time Mon Mar 9 21:44:29 CET 2026
end		time Mon Mar 9 21:45:55 CET 2026

mpr2mni305 success

avi2talxfm orig_nu.mgz /opt/freesurfer/average/mni305.cor.mgz talsrcimg_to_711-2C_as_mni_average_305_t4_vox2vox.txt transforms/talairach.auto.xfm
avi2talxfm done
mv -f /out/sourcedata/freesurfer/sub-v1s2x0051473_ses-1/mri/talsrcimg_to_711-2C_as_mni_average_305_t4_vox2vox.txt /out/sourcedata/freesurfer/sub-v1s2x0051473_ses-1/mri/transforms/talsrcimg_to_711-2C_as_mni_average_305_t4_vox2vox.txt
lta_convert --src orig_nu.mgz --trg /opt/freesurfer/average/mni305.cor.mgz --inxfm transforms/talairach.auto.xfm --outlta transforms/talairach.auto.xfm.lta --subject fsaverage
7.3.2

--src: orig_nu.mgz src image (geometry).
--trg: /opt/freesurfer/average/mni305.cor.mgz trg image (geometry).
--inmni: transforms/talairach.auto.xfm input MNI/XFM transform.
--outlta: transforms/talairach.auto.xfm.lta output LTA.
--s: fsaverage subject name
 LTA read, type : 1
 0.97984  -0.04908  -0.00197   1.23972;
-0.00375   1.05604   0.13226  -68.24991;
 0.02364  -0.20790   1.22566  -13.83540;
 0.00000   0.00000   0.00000   1.00000;
setting subject to fsaverage
Writing  LTA to file transforms/talairach.auto.xfm.lta...
lta_convert successful.
 
 
Started at Mon Mar 9 21:44:28 CET 2026
Ended   at Mon Mar  9 21:45:55 CET 2026
talairach_avi done
