status file for recon-all
Wed Mar 11 23:15:45 CET 2026
#@# Tessellate lh Wed Mar 11 23:15:45 CET 2026
#@# Smooth1 lh Wed Mar 11 23:15:49 CET 2026
#@# Inflation1 lh Wed Mar 11 23:15:52 CET 2026
#@# QSphere lh Wed Mar 11 23:16:04 CET 2026
#@# Fix Topology lh Wed Mar 11 23:17:19 CET 2026
#@# Smooth2 lh Wed Mar 11 23:24:08 CET 2026
#@# Inflation2 lh Wed Mar 11 23:24:10 CET 2026
#@# Curv .H and .K lh Wed Mar 11 23:24:24 CET 2026
#@# Sphere lh Wed Mar 11 23:25:12 CET 2026
#@# Surf Reg lh Wed Mar 11 23:29:26 CET 2026
#@# Jacobian white lh Wed Mar 11 23:33:22 CET 2026
#@# AvgCurv lh Wed Mar 11 23:33:23 CET 2026
#@# Cortical Parc lh Wed Mar 11 23:33:24 CET 2026
#@# white curv lh Wed Mar 11 23:39:25 CET 2026
#@# white area lh Wed Mar 11 23:39:27 CET 2026
#@# pial curv lh Wed Mar 11 23:39:28 CET 2026
#@# pial area lh Wed Mar 11 23:39:30 CET 2026
#@# thickness lh Wed Mar 11 23:39:30 CET 2026
#@# area and vertex vol lh Wed Mar 11 23:40:02 CET 2026
#@# Curvature Stats lh Wed Mar 11 23:40:03 CET 2026
#@# Cortical Parc 2 lh Wed Mar 11 23:40:06 CET 2026
#@# Cortical Parc 3 lh Wed Mar 11 23:40:20 CET 2026
#@# WM/GM Contrast lh Wed Mar 11 23:40:31 CET 2026
recon-all -s sub-v1s2x0051487_ses-1 finished without error at Wed Mar 11 23:40:34 CET 2026



#New# invocation of recon-all 



status file for recon-all
Thu Mar 12 00:09:54 CET 2026
#@# white curv lh Thu Mar 12 00:09:54 CET 2026
#@# white area lh Thu Mar 12 00:09:54 CET 2026
#@# pial curv lh Thu Mar 12 00:09:54 CET 2026
#@# pial area lh Thu Mar 12 00:09:54 CET 2026
#@# thickness lh Thu Mar 12 00:09:54 CET 2026
#@# area and vertex vol lh Thu Mar 12 00:09:54 CET 2026
#@# Parcellation Stats lh Thu Mar 12 00:09:54 CET 2026
#@# Parcellation Stats 2 lh Thu Mar 12 00:10:14 CET 2026
#@# Parcellation Stats 3 lh Thu Mar 12 00:10:23 CET 2026
#@# BA_exvivo Labels lh Thu Mar 12 00:10:33 CET 2026
recon-all -s sub-v1s2x0051487_ses-1 finished without error at Thu Mar 12 00:13:11 CET 2026
