status file for recon-all
Wed Mar 11 23:40:36 CET 2026
#@# Tessellate rh Wed Mar 11 23:40:36 CET 2026
#@# Smooth1 rh Wed Mar 11 23:40:39 CET 2026
#@# Inflation1 rh Wed Mar 11 23:40:42 CET 2026
#@# QSphere rh Wed Mar 11 23:40:55 CET 2026
#@# Fix Topology rh Wed Mar 11 23:42:15 CET 2026
#@# Smooth2 rh Wed Mar 11 23:48:24 CET 2026
#@# Inflation2 rh Wed Mar 11 23:48:27 CET 2026
#@# Curv .H and .K rh Wed Mar 11 23:48:42 CET 2026
#@# Sphere rh Wed Mar 11 23:49:29 CET 2026
#@# Surf Reg rh Wed Mar 11 23:52:45 CET 2026
#@# Jacobian white rh Wed Mar 11 23:57:14 CET 2026
#@# AvgCurv rh Wed Mar 11 23:57:15 CET 2026
#@# Cortical Parc rh Wed Mar 11 23:57:16 CET 2026
#@# white curv rh Thu Mar 12 00:03:15 CET 2026
#@# white area rh Thu Mar 12 00:03:17 CET 2026
#@# pial curv rh Thu Mar 12 00:03:17 CET 2026
#@# pial area rh Thu Mar 12 00:03:19 CET 2026
#@# thickness rh Thu Mar 12 00:03:20 CET 2026
#@# area and vertex vol rh Thu Mar 12 00:03:50 CET 2026
#@# Curvature Stats rh Thu Mar 12 00:03:51 CET 2026
#@# Cortical Parc 2 rh Thu Mar 12 00:03:54 CET 2026
#@# Cortical Parc 3 rh Thu Mar 12 00:04:07 CET 2026
#@# WM/GM Contrast rh Thu Mar 12 00:04:17 CET 2026
recon-all -s sub-v1s2x0051487_ses-1 finished without error at Thu Mar 12 00:04:20 CET 2026



#New# invocation of recon-all 



status file for recon-all
Thu Mar 12 00:13:12 CET 2026
#@# white curv rh Thu Mar 12 00:13:12 CET 2026
#@# white area rh Thu Mar 12 00:13:12 CET 2026
#@# pial curv rh Thu Mar 12 00:13:12 CET 2026
#@# pial area rh Thu Mar 12 00:13:12 CET 2026
#@# thickness rh Thu Mar 12 00:13:12 CET 2026
#@# area and vertex vol rh Thu Mar 12 00:13:12 CET 2026
#@# Parcellation Stats rh Thu Mar 12 00:13:12 CET 2026
#@# Parcellation Stats 2 rh Thu Mar 12 00:13:31 CET 2026
#@# Parcellation Stats 3 rh Thu Mar 12 00:13:41 CET 2026
#@# BA_exvivo Labels rh Thu Mar 12 00:13:50 CET 2026
recon-all -s sub-v1s2x0051487_ses-1 finished without error at Thu Mar 12 00:16:25 CET 2026
