/out/sourcedata/freesurfer/sub-v1s2x0051489_ses-1/mri
/opt/freesurfer/bin/talairach_avi
--i orig_nu.mgz --xfm transforms/talairach.auto.xfm
talairach_avi 7.3.2
Linux dna055 5.14.0-427.37.1.el9_4.x86_64 #1 SMP PREEMPT_DYNAMIC Fri Sep 13 12:41:50 EDT 2024 x86_64 x86_64 x86_64 GNU/Linux
Wed Mar 11 21:34:16 CET 2026
mri_convert orig_nu.mgz talsrcimg.img 
reading from orig_nu.mgz...
TR=0.00, TE=0.00, TI=0.00, flip angle=0.00
i_ras = (-1, 0, 0)
j_ras = (0, 0, -1)
k_ras = (0, 1, 0)
writing to talsrcimg.img...
Analyze Output Matrix
-1.00000   0.00000   0.00000   130.85593;
 0.00000   0.00000   1.00000  -69.69492;
 0.00000  -1.00000   0.00000   108.98305;
 0.00000   0.00000   0.00000   1.00000;
--------------------
INFO: set hdr.hist.orient to -1
mpr2mni305 talsrcimg
Wed Mar 11 21:34:16 CET 2026
/opt/freesurfer/bin/mpr2mni305 talsrcimg
mpr2mni305 7.3.2
target=711-2C_as_mni_average_305

---------------------------------------------------------------------
analyzeto4dfp talsrcimg -O0 -y
---------------------------------------------------------------------

freesurfer ifh2hdr.c
Wed Mar 11 21:34:16 2026
Writing: talsrcimg.4dfp.hdr
freesurfer analyzeto4dfp.c
Reading: talsrcimg.hdr
header size 348 bytes
hdr.dime.datatype	offset=70	value=2
hdr.dime.bitpix		offset=72	value=8
hdr.hist.orient		offset=252	value=-1
dimensionality     4
dimensions       256       256       256         1
Reading: talsrcimg.img
Writing: talsrcimg.4dfp.img
Writing: talsrcimg.4dfp.ifh
ifh2hdr talsrcimg -r0to213
ori=2

---------------------------------------------------------------------
gauss_4dfp talsrcimg 1.1
---------------------------------------------------------------------

freesurfer gauss_4dfp.c
Reading: talsrcimg.4dfp.img
Writing: talsrcimg_g11.4dfp.img
image dimensions 256 256 256 padded to 288 288 288
processing volume 1freesurfer ifh2hdr.c
Wed Mar 11 21:34:18 2026
Writing: talsrcimg_g11.4dfp.hdr

Writing: talsrcimg_g11.4dfp.ifh
including: talsrcimg.4dfp.img.rec in talsrcimg_g11.4dfp.img.rec

---------------------------------------------------------------------
imgreg_4dfp /opt/freesurfer/average/711-2C_as_mni_average_305 none talsrcimg_g11 none talsrcimg_to_711-2C_as_mni_average_305_t4 4355
---------------------------------------------------------------------

freesurfer imgreg_4dfp.c
/opt/freesurfer/average/711-2C_as_mni_average_305.4dfp.img
       256       256       256         1
  1.000000  1.000000  1.000000
orientation T byte_order littleendian
Reading image: /opt/freesurfer/average/711-2C_as_mni_average_305.4dfp.img
dimensions:      256       256       256
mmppix:       1.0000   -1.0000   -1.0000
center:     128.0000 -129.0000 -129.0000
talsrcimg_g11.4dfp.img
       256       256       256         1
  1.000000  1.000000  1.000000
orientation T byte_order littleendian
Reading image: talsrcimg_g11.4dfp.img
dimensions:      256       256       256
mmppix:       1.0000   -1.0000   -1.0000
center:     128.0000 -129.0000 -129.0000
t4_read: open error in t4_sub.f l:  41 t4_file(1:l)talsrcimg_to_711-2C_as_mni_average_305_t4 
t4_read: transform initialized to I4
rotation matrix determinant  1.000000
image alignment mode   4355 decimal     1103 hex
   -7.5000  -45.0000  -45.0000 6206.2637   12.8587
    0.0000  -45.0000  -45.0000 6487.6758   12.8819
    7.5000  -45.0000  -45.0000 6241.5098   12.9044
   -7.5000  -37.5000  -45.0000 6834.5718   12.5036
    0.0000  -37.5000  -45.0000 7137.6895   12.5236
    7.5000  -37.5000  -45.0000 6871.7837   12.5423
   -7.5000  -30.0000  -45.0000 7741.3843   12.2730
    0.0000  -30.0000  -45.0000 8086.4282   12.2887
    7.5000  -30.0000  -45.0000 7794.2974   12.3057
   -7.5000  -22.5000  -45.0000 8678.0732   12.1411
    0.0000  -22.5000  -45.0000 9067.1240   12.1565
    7.5000  -22.5000  -45.0000 8729.7305   12.1758
   -7.5000  -15.0000  -45.0000 9673.1973   12.1063
    0.0000  -15.0000  -45.000010104.0312   12.1236
    7.5000  -15.0000  -45.0000 9728.2383   12.1451
   -7.5000   -7.5000  -45.000010617.4375   12.0740
    0.0000   -7.5000  -45.000011091.7139   12.0941
    7.5000   -7.5000  -45.000010687.5889   12.1147
   -7.5000    0.0000  -45.000011459.8555   12.0530
    0.0000    0.0000  -45.000011998.2490   12.0737
    7.5000    0.0000  -45.000011529.0830   12.0923
   -7.5000    7.5000  -45.000011451.2920   12.0416
    0.0000    7.5000  -45.000011991.5869   12.0595
    7.5000    7.5000  -45.000011474.1631   12.0757
   -7.5000   15.0000  -45.000011331.3887   12.0442
    0.0000   15.0000  -45.000011850.3135   12.0594
    7.5000   15.0000  -45.000011337.4561   12.0749
   -7.5000   22.5000  -45.000011096.9600   12.0582
    0.0000   22.5000  -45.000011613.7500   12.0734
    7.5000   22.5000  -45.000011101.7539   12.0919
   -7.5000   30.0000  -45.000010756.7461   11.9124
    0.0000   30.0000  -45.000011249.7549   11.9295
    7.5000   30.0000  -45.000010752.4346   11.9503
   -7.5000   37.5000  -45.000010759.7646   11.9071
    0.0000   37.5000  -45.000011219.2070   11.9269
    7.5000   37.5000  -45.000010737.1660   11.9471
   -7.5000   45.0000  -45.000010256.9414   11.5904
    0.0000   45.0000  -45.000010697.0137   11.6103
    7.5000   45.0000  -45.000010208.1836   11.6282
   -7.5000  -45.0000  -37.5000 6532.3398   12.7439
    0.0000  -45.0000  -37.5000 6824.4756   12.7654
    7.5000  -45.0000  -37.5000 6574.8882   12.7837
   -7.5000  -37.5000  -37.5000 7177.1289   12.3982
    0.0000  -37.5000  -37.5000 7506.6577   12.4157
    7.5000  -37.5000  -37.5000 7240.6826   12.4293
   -7.5000  -30.0000  -37.5000 8150.9487   12.1732
    0.0000  -30.0000  -37.5000 8525.0059   12.1875
    7.5000  -30.0000  -37.5000 8215.8350   12.1997
   -7.5000  -22.5000  -37.5000 9180.4727   12.0428
    0.0000  -22.5000  -37.5000 9602.2568   12.0582
    7.5000  -22.5000  -37.5000 9242.7168   12.0730
   -7.5000  -15.0000  -37.500010230.2129   12.0072
    0.0000  -15.0000  -37.500010696.8926   12.0253
    7.5000  -15.0000  -37.500010293.4014   12.0426
   -7.5000   -7.5000  -37.500011235.2441   11.9745
    0.0000   -7.5000  -37.500011759.5049   11.9946
    7.5000   -7.5000  -37.500011301.5156   12.0114
   -7.5000    0.0000  -37.500012111.6357   11.9541
    0.0000    0.0000  -37.500012705.0479   11.9730
    7.5000    0.0000  -37.500012169.1768   11.9875
   -7.5000    7.5000  -37.500012085.4854   11.9444
    0.0000    7.5000  -37.500012660.0225   11.9601
    7.5000    7.5000  -37.500012094.4727   11.9716
   -7.5000   15.0000  -37.500011955.9746   11.9482
    0.0000   15.0000  -37.500012487.8721   11.9621
    7.5000   15.0000  -37.500011949.0352   11.9730
   -7.5000   22.5000  -37.500011707.6045   11.9612
    0.0000   22.5000  -37.500012246.9512   11.9763
    7.5000   22.5000  -37.500011707.3057   11.9905
   -7.5000   30.0000  -37.500011326.7734   11.8151
    0.0000   30.0000  -37.500011849.7070   11.8330
    7.5000   30.0000  -37.500011327.9893   11.8497
   -7.5000   37.5000  -37.500011310.1523   11.8090
    0.0000   37.5000  -37.500011812.4902   11.8288
    7.5000   37.5000  -37.500011292.2197   11.8454
   -7.5000   45.0000  -37.500010789.5176   11.4953
    0.0000   45.0000  -37.500011278.0518   11.5134
    7.5000   45.0000  -37.500010748.6143   11.5274
   -7.5000  -45.0000  -30.0000 6954.8018   13.1860
    0.0000  -45.0000  -30.0000 7273.0298   13.2081
    7.5000  -45.0000  -30.0000 7012.3037   13.2195
   -7.5000  -37.5000  -30.0000 7651.0439   12.8281
    0.0000  -37.5000  -30.0000 8005.0142   12.8450
    7.5000  -37.5000  -30.0000 7717.2993   12.8520
   -7.5000  -30.0000  -30.0000 8731.4189   12.5926
    0.0000  -30.0000  -30.0000 9134.1182   12.6082
    7.5000  -30.0000  -30.0000 8787.0791   12.6161
   -7.5000  -22.5000  -30.0000 9852.2549   12.4578
    0.0000  -22.5000  -30.000010308.9473   12.4771
    7.5000  -22.5000  -30.0000 9906.1973   12.4892
   -7.5000  -15.0000  -30.000010986.2920   12.4238
    0.0000  -15.0000  -30.000011484.9561   12.4473
    7.5000  -15.0000  -30.000011026.0234   12.4615
   -7.5000   -7.5000  -30.000012056.6523   12.3932
    0.0000   -7.5000  -30.000012630.4482   12.4169
    7.5000   -7.5000  -30.000012098.0391   12.4292
   -7.5000    0.0000  -30.000012996.6123   12.3728
    0.0000    0.0000  -30.000013621.5371   12.3923
    7.5000    0.0000  -30.000013029.0234   12.4006
   -7.5000    7.5000  -30.000012968.7061   12.3608
    0.0000    7.5000  -30.000013577.6592   12.3761
    7.5000    7.5000  -30.000012971.6191   12.3816
   -7.5000   15.0000  -30.000012821.8213   12.3614
    0.0000   15.0000  -30.000013396.8027   12.3766
    7.5000   15.0000  -30.000012809.8574   12.3835
   -7.5000   22.5000  -30.000012533.5869   12.3727
    0.0000   22.5000  -30.000013132.4404   12.3917
    7.5000   22.5000  -30.000012529.4775   12.4030
   -7.5000   30.0000  -30.000012114.5439   12.2264
    0.0000   30.0000  -30.000012678.0391   12.2496
    7.5000   30.0000  -30.000012105.7559   12.2632
   -7.5000   37.5000  -30.000012089.1504   12.2232
    0.0000   37.5000  -30.000012617.2295   12.2465
    7.5000   37.5000  -30.000012046.2832   12.2586
   -7.5000   45.0000  -30.000011528.7178   11.9067
    0.0000   45.0000  -30.000012035.6855   11.9254
    7.5000   45.0000  -30.000011479.5430   11.9334
   -7.5000  -45.0000  -22.5000 7400.4771   13.6372
    0.0000  -45.0000  -22.5000 7737.2197   13.6599
    7.5000  -45.0000  -22.5000 7445.1602   13.6642
   -7.5000  -37.5000  -22.5000 8162.7334   13.2645
    0.0000  -37.5000  -22.5000 8545.3438   13.2818
    7.5000  -37.5000  -22.5000 8212.6455   13.2832
   -7.5000  -30.0000  -22.5000 9350.8105   13.0189
    0.0000  -30.0000  -22.5000 9776.5752   13.0356
    7.5000  -30.0000  -22.5000 9378.2080   13.0398
   -7.5000  -22.5000  -22.500010568.6104   12.8789
    0.0000  -22.5000  -22.500011044.7070   12.9007
    7.5000  -22.5000  -22.500010589.1641   12.9103
   -7.5000  -15.0000  -22.500011761.5420   12.8452
    0.0000  -15.0000  -22.500012278.9658   12.8719
    7.5000  -15.0000  -22.500011773.5488   12.8830
   -7.5000   -7.5000  -22.500012915.1055   12.8155
    0.0000   -7.5000  -22.500013509.9316   12.8415
    7.5000   -7.5000  -22.500012931.8818   12.8485
   -7.5000    0.0000  -22.500013957.9102   12.7950
    0.0000    0.0000  -22.500014611.4492   12.8153
    7.5000    0.0000  -22.500013980.1895   12.8176
   -7.5000    7.5000  -22.500013913.9863   12.7812
    0.0000    7.5000  -22.500014562.3408   12.7970
    7.5000    7.5000  -22.500013916.1094   12.7974
   -7.5000   15.0000  -22.500013719.4277   12.7799
    0.0000   15.0000  -22.500014369.6504   12.7962
    7.5000   15.0000  -22.500013705.8047   12.7996
   -7.5000   22.5000  -22.500013412.4004   12.7901
    0.0000   22.5000  -22.500014076.2959   12.8115
    7.5000   22.5000  -22.500013384.8730   12.8205
   -7.5000   30.0000  -22.500012928.3672   12.6431
    0.0000   30.0000  -22.500013556.9766   12.6693
    7.5000   30.0000  -22.500012912.1172   12.6799
   -7.5000   37.5000  -22.500012887.1641   12.6416
    0.0000   37.5000  -22.500013452.5811   12.6672
    7.5000   37.5000  -22.500012826.7539   12.6741
   -7.5000   45.0000  -22.500012311.9160   12.3223
    0.0000   45.0000  -22.500012848.8379   12.3418
    7.5000   45.0000  -22.500012225.7881   12.3439
   -7.5000  -45.0000  -15.0000 7850.6685   13.9763
    0.0000  -45.0000  -15.0000 8196.3604   13.9997
    7.5000  -45.0000  -15.0000 7883.6509   14.0047
   -7.5000  -37.5000  -15.0000 8703.0615   13.5942
    0.0000  -37.5000  -15.0000 9084.3203   13.6134
    7.5000  -37.5000  -15.0000 8731.6660   13.6173
   -7.5000  -30.0000  -15.0000 9945.2715   13.3435
    0.0000  -30.0000  -15.000010384.0156   13.3615
    7.5000  -30.0000  -15.0000 9966.7734   13.3683
   -7.5000  -22.5000  -15.000011227.5703   13.1995
    0.0000  -22.5000  -15.000011714.0996   13.2215
    7.5000  -22.5000  -15.000011240.1562   13.2330
   -7.5000  -15.0000  -15.000012496.9395   13.1634
    0.0000  -15.0000  -15.000013048.5283   13.1896
    7.5000  -15.0000  -15.000012508.6416   13.2014
   -7.5000   -7.5000  -15.000013740.2646   13.1322
    0.0000   -7.5000  -15.000014395.3848   13.1578
    7.5000   -7.5000  -15.000013766.0557   13.1648
   -7.5000    0.0000  -15.000014901.0635   13.1118
    0.0000    0.0000  -15.000015605.1143   13.1330
    7.5000    0.0000  -15.000014924.0654   13.1361
   -7.5000    7.5000  -15.000014869.4355   13.0987
    0.0000    7.5000  -15.000015599.1104   13.1161
    7.5000    7.5000  -15.000014892.5938   13.1188
   -7.5000   15.0000  -15.000014601.8662   13.0983
    0.0000   15.0000  -15.000015347.7988   13.1159
    7.5000   15.0000  -15.000014618.1865   13.1217
   -7.5000   22.5000  -15.000014277.8828   13.1078
    0.0000   22.5000  -15.000014990.6396   13.1296
    7.5000   22.5000  -15.000014253.8652   13.1404
   -7.5000   30.0000  -15.000013772.8047   12.9581
    0.0000   30.0000  -15.000014406.9746   12.9838
    7.5000   30.0000  -15.000013727.1650   12.9952
   -7.5000   37.5000  -15.000013649.1445   12.9558
    0.0000   37.5000  -15.000014250.3994   12.9811
    7.5000   37.5000  -15.000013587.1025   12.9879
   -7.5000   45.0000  -15.000013029.9219   12.6349
    0.0000   45.0000  -15.000013568.8877   12.6553
    7.5000   45.0000  -15.000012932.6162   12.6584
   -7.5000  -45.0000   -7.5000 8299.0527   14.1385
    0.0000  -45.0000   -7.5000 8677.0703   14.1625
    7.5000  -45.0000   -7.5000 8335.4443   14.1779
   -7.5000  -37.5000   -7.5000 9217.5518   13.7536
    0.0000  -37.5000   -7.5000 9636.3184   13.7745
    7.5000  -37.5000   -7.5000 9242.4590   13.7885
   -7.5000  -30.0000   -7.500010540.8027   13.5035
    0.0000  -30.0000   -7.500011022.5254   13.5211
    7.5000  -30.0000   -7.500010572.9102   13.5358
   -7.5000  -22.5000   -7.500011916.5342   13.3593
    0.0000  -22.5000   -7.500012447.9111   13.3784
    7.5000  -22.5000   -7.500011928.9004   13.3958
   -7.5000  -15.0000   -7.500013251.9824   13.3211
    0.0000  -15.0000   -7.500013854.8643   13.3428
    7.5000  -15.0000   -7.500013276.0879   13.3606
   -7.5000   -7.5000   -7.500014573.6006   13.2865
    0.0000   -7.5000   -7.500015266.7168   13.3093
    7.5000   -7.5000   -7.500014607.9541   13.3240
   -7.5000    0.0000   -7.500015852.6045   13.2643
    0.0000    0.0000   -7.500016616.5664   13.2860
    7.5000    0.0000   -7.500015879.8877   13.2984
   -7.5000    7.5000   -7.500015856.9277   13.2526
    0.0000    7.5000   -7.500016676.9297   13.2715
    7.5000    7.5000   -7.500015891.8828   13.2833
   -7.5000   15.0000   -7.500015583.2725   13.2553
    0.0000   15.0000   -7.500016380.3223   13.2725
    7.5000   15.0000   -7.500015602.4941   13.2857
   -7.5000   22.5000   -7.500015164.5068   13.2651
    0.0000   22.5000   -7.500015848.7422   13.2839
    7.5000   22.5000   -7.500015141.0459   13.3005
   -7.5000   30.0000   -7.500014617.3086   13.1130
    0.0000   30.0000   -7.500015179.8594   13.1344
    7.5000   30.0000   -7.500014583.1016   13.1516
   -7.5000   37.5000   -7.500014466.5430   13.1076
    0.0000   37.5000   -7.500015030.4668   13.1301
    7.5000   37.5000   -7.500014421.4131   13.1445
   -7.5000   45.0000   -7.500013792.5098   12.7843
    0.0000   45.0000   -7.500014296.8506   12.8052
    7.5000   45.0000   -7.500013696.2441   12.8172
   -7.5000  -45.0000    0.0000 8728.2881   14.1573
    0.0000  -45.0000    0.0000 9112.1377   14.1817
    7.5000  -45.0000    0.0000 8774.6621   14.2051
   -7.5000  -37.5000    0.0000 9681.2920   13.7735
    0.0000  -37.5000    0.000010119.5449   13.7945
    7.5000  -37.5000    0.0000 9724.5273   13.8143
   -7.5000  -30.0000    0.000011055.9111   13.5253
    0.0000  -30.0000    0.000011573.8848   13.5417
    7.5000  -30.0000    0.000011094.4043   13.5599
   -7.5000  -22.5000    0.000012476.6943   13.3827
    0.0000  -22.5000    0.000013071.4092   13.3988
    7.5000  -22.5000    0.000012513.4961   13.4191
   -7.5000  -15.0000    0.000013881.8184   13.3439
    0.0000  -15.0000    0.000014576.4434   13.3619
    7.5000  -15.0000    0.000013938.2539   13.3840
   -7.5000   -7.5000    0.000015246.7490   13.3069
    0.0000   -7.5000    0.000016009.4023   13.3280
    7.5000   -7.5000    0.000015285.9941   13.3490
   -7.5000    0.0000    0.000016543.3457   13.2833
    0.0000    0.0000    0.000017364.1113   13.3051
    7.5000    0.0000    0.000016593.0352   13.3243
   -7.5000    7.5000    0.000016600.6367   13.2721
    0.0000    7.5000    0.000017515.6934   13.2910
    7.5000    7.5000    0.000016641.4355   13.3082
   -7.5000   15.0000    0.000016495.4141   13.2769
    0.0000   15.0000    0.000017374.0059   13.2928
    7.5000   15.0000    0.000016519.1348   13.3095
   -7.5000   22.5000    0.000016109.0303   13.2884
    0.0000   22.5000    0.000016697.9336   13.3042
    7.5000   22.5000    0.000016065.8789   13.3237
   -7.5000   30.0000    0.000015476.1289   13.1358
    0.0000   30.0000    0.000015960.8711   13.1536
    7.5000   30.0000    0.000015433.6514   13.1750
   -7.5000   37.5000    0.000015256.2910   13.1282
    0.0000   37.5000    0.000015781.1055   13.1490
    7.5000   37.5000    0.000015200.3633   13.1696
   -7.5000   45.0000    0.000014508.2188   12.8035
    0.0000   45.0000    0.000015062.3477   12.8245
    7.5000   45.0000    0.000014389.5889   12.8431
   -7.5000  -45.0000    7.5000 8406.7979   14.1571
    0.0000  -45.0000    7.5000 8796.6416   14.1811
    7.5000  -45.0000    7.5000 8469.5352   14.2015
   -7.5000  -37.5000    7.5000 9357.5908   13.7750
    0.0000  -37.5000    7.5000 9809.1797   13.7945
    7.5000  -37.5000    7.5000 9430.2646   13.8099
   -7.5000  -30.0000    7.500010728.1738   13.5265
    0.0000  -30.0000    7.500011244.7021   13.5424
    7.5000  -30.0000    7.500010776.1836   13.5566
   -7.5000  -22.5000    7.500012152.2793   13.3831
    0.0000  -22.5000    7.500012711.2344   13.4003
    7.5000  -22.5000    7.500012172.6514   13.4174
   -7.5000  -15.0000    7.500013512.7100   13.3447
    0.0000  -15.0000    7.500014162.6611   13.3649
    7.5000  -15.0000    7.500013559.3184   13.3845
   -7.5000   -7.5000    7.500014793.5508   13.3087
    0.0000   -7.5000    7.500015500.3477   13.3312
    7.5000   -7.5000    7.500014846.9746   13.3501
   -7.5000    0.0000    7.500015986.6377   13.2856
    0.0000    0.0000    7.500016673.3750   13.3068
    7.5000    0.0000    7.500016030.1855   13.3230
   -7.5000    7.5000    7.500016009.2012   13.2742
    0.0000    7.5000    7.500016801.6992   13.2917
    7.5000    7.5000    7.500016057.4043   13.3048
   -7.5000   15.0000    7.500016045.8604   13.2781
    0.0000   15.0000    7.500016985.7969   13.2937
    7.5000   15.0000    7.500016080.8535   13.3064
   -7.5000   22.5000    7.500015821.0801   13.2887
    0.0000   22.5000    7.500016660.2812   13.3057
    7.5000   22.5000    7.500015838.4736   13.3219
   -7.5000   30.0000    7.500015221.3721   13.1366
    0.0000   30.0000    7.500015956.2168   13.1565
    7.5000   30.0000    7.500015229.7637   13.1755
   -7.5000   37.5000    7.500014938.6035   13.1300
    0.0000   37.5000    7.500015645.4189   13.1521
    7.5000   37.5000    7.500014893.6934   13.1707
   -7.5000   45.0000    7.500014113.4512   12.8058
    0.0000   45.0000    7.500014752.8008   12.8262
    7.5000   45.0000    7.500013999.4453   12.8418
   -7.5000  -45.0000   15.0000 7998.1343   14.1734
    0.0000  -45.0000   15.0000 8372.8389   14.1968
    7.5000  -45.0000   15.0000 8063.7056   14.2086
   -7.5000  -37.5000   15.0000 8945.4326   13.7906
    0.0000  -37.5000   15.0000 9366.5947   13.8084
    7.5000  -37.5000   15.0000 9008.7959   13.8154
   -7.5000  -30.0000   15.000010261.2568   13.5396
    0.0000  -30.0000   15.000010730.4189   13.5559
    7.5000  -30.0000   15.000010288.7490   13.5639
   -7.5000  -22.5000   15.000011604.3008   13.3957
    0.0000  -22.5000   15.000012142.7969   13.4160
    7.5000  -22.5000   15.000011612.5830   13.4284
   -7.5000  -15.0000   15.000012926.3555   13.3593
    0.0000  -15.0000   15.000013529.9131   13.3842
    7.5000  -15.0000   15.000012915.3389   13.3989
   -7.5000   -7.5000   15.000014157.3867   13.3261
    0.0000   -7.5000   15.000014801.7246   13.3512
    7.5000   -7.5000   15.000014172.0059   13.3639
   -7.5000    0.0000   15.000015347.8164   13.3037
    0.0000    0.0000   15.000015982.3311   13.3243
    7.5000    0.0000   15.000015353.7373   13.3327
   -7.5000    7.5000   15.000015488.5059   13.2905
    0.0000    7.5000   15.000016220.5693   13.3067
    7.5000    7.5000   15.000015490.1250   13.3121
   -7.5000   15.0000   15.000015540.1807   13.2914
    0.0000   15.0000   15.000016257.7969   13.3074
    7.5000   15.0000   15.000015547.3623   13.3142
   -7.5000   22.5000   15.000015197.6123   13.3011
    0.0000   22.5000   15.000015890.7354   13.3211
    7.5000   22.5000   15.000015244.2393   13.3327
   -7.5000   30.0000   15.000014630.1396   13.1508
    0.0000   30.0000   15.000015314.1387   13.1753
    7.5000   30.0000   15.000014674.2012   13.1896
   -7.5000   37.5000   15.000014419.0732   13.1471
    0.0000   37.5000   15.000015120.3672   13.1719
    7.5000   37.5000   15.000014405.0850   13.1844
   -7.5000   45.0000   15.000013586.3516   12.8233
    0.0000   45.0000   15.000014212.3320   12.8431
    7.5000   45.0000   15.000013529.3613   12.8512
   -7.5000  -45.0000   22.5000 7558.8999   14.2127
    0.0000  -45.0000   22.5000 7901.6987   14.2358
    7.5000  -45.0000   22.5000 7609.8887   14.2399
   -7.5000  -37.5000   22.5000 8456.2852   13.8276
    0.0000  -37.5000   22.5000 8864.4678   13.8451
    7.5000  -37.5000   22.5000 8500.9102   13.8461
   -7.5000  -30.0000   22.5000 9685.3545   13.5751
    0.0000  -30.0000   22.500010134.2207   13.5918
    7.5000  -30.0000   22.5000 9715.7754   13.5958
   -7.5000  -22.5000   22.500010945.9512   13.4309
    0.0000  -22.5000   22.500011445.2861   13.4530
    7.5000  -22.5000   22.500010965.7178   13.4626
   -7.5000  -15.0000   22.500012209.5352   13.3956
    0.0000  -15.0000   22.500012773.0352   13.4228
    7.5000  -15.0000   22.500012219.5254   13.4339
   -7.5000   -7.5000   22.500013435.8672   13.3641
    0.0000   -7.5000   22.500014046.2705   13.3906
    7.5000   -7.5000   22.500013450.6699   13.3975
   -7.5000    0.0000   22.500014583.5439   13.3424
    0.0000    0.0000   22.500015222.4678   13.3630
    7.5000    0.0000   22.500014610.6279   13.3648
   -7.5000    7.5000   22.500014665.1074   13.3280
    0.0000    7.5000   22.500015321.8643   13.3438
    7.5000    7.5000   22.500014702.5068   13.3437
   -7.5000   15.0000   22.500014518.2715   13.3269
    0.0000   15.0000   22.500015123.4561   13.3433
    7.5000   15.0000   22.500014605.8867   13.3463
   -7.5000   22.5000   22.500014183.9053   13.3358
    0.0000   22.5000   22.500014769.7256   13.3576
    7.5000   22.5000   22.500014289.3447   13.3665
   -7.5000   30.0000   22.500013710.9619   13.1865
    0.0000   30.0000   22.500014293.8564   13.2132
    7.5000   30.0000   22.500013773.5547   13.2239
   -7.5000   37.5000   22.500013590.8721   13.1846
    0.0000   37.5000   22.500014153.2490   13.2107
    7.5000   37.5000   22.500013579.0732   13.2174
   -7.5000   45.0000   22.500012824.0850   12.8606
    0.0000   45.0000   22.500013334.4355   12.8804
    7.5000   45.0000   22.500012771.4980   12.8822
   -7.5000  -45.0000   30.0000 7049.0405   14.3865
    0.0000  -45.0000   30.0000 7362.0454   14.4098
    7.5000  -45.0000   30.0000 7076.9692   14.4148
   -7.5000  -37.5000   30.0000 7915.0117   13.9941
    0.0000  -37.5000   30.0000 8275.5342   14.0130
    7.5000  -37.5000   30.0000 7950.6382   14.0168
   -7.5000  -30.0000   30.0000 9079.5723   13.7389
    0.0000  -30.0000   30.0000 9500.4873   13.7566
    7.5000  -30.0000   30.0000 9108.8652   13.7632
   -7.5000  -22.5000   30.000010271.7676   13.5930
    0.0000  -22.5000   30.000010760.6348   13.6150
    7.5000  -22.5000   30.000010293.4600   13.6264
   -7.5000  -15.0000   30.000011430.7637   13.5556
    0.0000  -15.0000   30.000011995.4902   13.5819
    7.5000  -15.0000   30.000011465.8281   13.5937
   -7.5000   -7.5000   30.000012534.5400   13.5226
    0.0000   -7.5000   30.000013111.8789   13.5484
    7.5000   -7.5000   30.000012576.0938   13.5552
   -7.5000    0.0000   30.000013582.6230   13.5006
    0.0000    0.0000   30.000014190.6143   13.5217
    7.5000    0.0000   30.000013617.9658   13.5246
   -7.5000    7.5000   30.000013583.7422   13.4867
    0.0000    7.5000   30.000014195.7500   13.5039
    7.5000    7.5000   30.000013646.2910   13.5063
   -7.5000   15.0000   30.000013420.4531   13.4866
    0.0000   15.0000   30.000013979.9102   13.5039
    7.5000   15.0000   30.000013491.4834   13.5094
   -7.5000   22.5000   30.000013180.8477   13.4957
    0.0000   22.5000   30.000013724.6416   13.5175
    7.5000   22.5000   30.000013224.2861   13.5281
   -7.5000   30.0000   30.000012768.2100   13.3435
    0.0000   30.0000   30.000013313.8223   13.3695
    7.5000   30.0000   30.000012802.1035   13.3807
   -7.5000   37.5000   30.000012665.3242   13.3409
    0.0000   37.5000   30.000013179.5449   13.3663
    7.5000   37.5000   30.000012664.4072   13.3729
   -7.5000   45.0000   30.000011955.1426   13.0131
    0.0000   45.0000   30.000012431.6035   13.0334
    7.5000   45.0000   30.000011921.7725   13.0362
   -7.5000  -45.0000   37.5000 6763.1084   14.6088
    0.0000  -45.0000   37.5000 7061.3364   14.6328
    7.5000  -45.0000   37.5000 6796.1162   14.6489
   -7.5000  -37.5000   37.5000 7600.0132   14.2067
    0.0000  -37.5000   37.5000 7947.0708   14.2275
    7.5000  -37.5000   37.5000 7634.9434   14.2420
   -7.5000  -30.0000   37.5000 8737.8389   13.9491
    0.0000  -30.0000   37.5000 9151.4502   13.9665
    7.5000  -30.0000   37.5000 8760.5547   13.9814
   -7.5000  -22.5000   37.5000 9864.2578   13.8036
    0.0000  -22.5000   37.500010337.3936   13.8224
    7.5000  -22.5000   37.5000 9883.3730   13.8400
   -7.5000  -15.0000   37.500010944.2217   13.7648
    0.0000  -15.0000   37.500011464.7773   13.7865
    7.5000  -15.0000   37.500010969.6768   13.8044
   -7.5000   -7.5000   37.500011995.2002   13.7281
    0.0000   -7.5000   37.500012573.1826   13.7510
    7.5000   -7.5000   37.500012025.4092   13.7658
   -7.5000    0.0000   37.500013016.6885   13.7031
    0.0000    0.0000   37.500013619.1885   13.7248
    7.5000    0.0000   37.500013053.3711   13.7376
   -7.5000    7.5000   37.500013028.8320   13.6890
    0.0000    7.5000   37.500013623.5635   13.7076
    7.5000    7.5000   37.500013054.8662   13.7198
   -7.5000   15.0000   37.500012859.4131   13.6914
    0.0000   15.0000   37.500013398.9121   13.7083
    7.5000   15.0000   37.500012884.9287   13.7217
   -7.5000   22.5000   37.500012636.1904   13.7035
    0.0000   22.5000   37.500013151.3682   13.7221
    7.5000   22.5000   37.500012629.2432   13.7389
   -7.5000   30.0000   37.500012265.1299   13.5490
    0.0000   30.0000   37.500012754.5674   13.5704
    7.5000   30.0000   37.500012265.6055   13.5877
   -7.5000   37.5000   37.500012168.7500   13.5435
    0.0000   37.5000   37.500012653.8672   13.5661
    7.5000   37.5000   37.500012168.1826   13.5806
   -7.5000   45.0000   37.500011468.6211   13.2082
    0.0000   45.0000   37.500011926.2686   13.2292
    7.5000   45.0000   37.500011449.5508   13.2414
   -7.5000  -45.0000   45.0000 6216.6938   14.8879
    0.0000  -45.0000   45.0000 6499.3638   14.9090
    7.5000  -45.0000   45.0000 6252.7280   14.9314
   -7.5000  -37.5000   45.0000 6980.7812   14.4705
    0.0000  -37.5000   45.0000 7288.7158   14.4887
    7.5000  -37.5000   45.0000 6995.4858   14.5074
   -7.5000  -30.0000   45.0000 8031.2339   14.2071
    0.0000  -30.0000   45.0000 8392.0762   14.2209
    7.5000  -30.0000   45.0000 8035.7070   14.2382
   -7.5000  -22.5000   45.0000 9052.8203   14.0610
    0.0000  -22.5000   45.0000 9466.4375   14.0746
    7.5000  -22.5000   45.0000 9075.5576   14.0943
   -7.5000  -15.0000   45.000010058.8447   14.0214
    0.0000  -15.0000   45.000010521.7695   14.0368
    7.5000  -15.0000   45.000010073.8906   14.0583
   -7.5000   -7.5000   45.000011034.7891   13.9799
    0.0000   -7.5000   45.000011550.7568   13.9981
    7.5000   -7.5000   45.000011052.5273   14.0181
   -7.5000    0.0000   45.000011984.9092   13.9505
    0.0000    0.0000   45.000012546.7656   13.9693
    7.5000    0.0000   45.000011995.7148   13.9872
   -7.5000    7.5000   45.000012003.8848   13.9353
    0.0000    7.5000   45.000012554.9150   13.9514
    7.5000    7.5000   45.000011995.4062   13.9672
   -7.5000   15.0000   45.000011832.2197   13.9408
    0.0000   15.0000   45.000012338.4385   13.9542
    7.5000   15.0000   45.000011809.6963   13.9697
   -7.5000   22.5000   45.000011592.2754   13.9570
    0.0000   22.5000   45.000012065.9043   13.9704
    7.5000   22.5000   45.000011555.3496   13.9892
   -7.5000   30.0000   45.000011255.3174   13.7995
    0.0000   30.0000   45.000011713.7578   13.8146
    7.5000   30.0000   45.000011234.4990   13.8354
   -7.5000   37.5000   45.000011181.6143   13.7906
    0.0000   37.5000   45.000011642.6309   13.8085
    7.5000   37.5000   45.000011174.4453   13.8281
   -7.5000   45.0000   45.000010542.5312   13.4527
    0.0000   45.0000   45.000010967.9482   13.4709
    7.5000   45.0000   45.000010522.1045   13.4881

---------------------------------------------------------------------
imgreg_4dfp /opt/freesurfer/average/711-2C_as_mni_average_305 /opt/freesurfer/average/711-2B_as_mni_average_305_mask talsrcimg_g11 none talsrcimg_to_711-2C_as_mni_average_305_t4 4355
---------------------------------------------------------------------

freesurfer imgreg_4dfp.c
/opt/freesurfer/average/711-2C_as_mni_average_305.4dfp.img
       256       256       256         1
  1.000000  1.000000  1.000000
orientation T byte_order littleendian
Reading image: /opt/freesurfer/average/711-2C_as_mni_average_305.4dfp.img
dimensions:      256       256       256
mmppix:       1.0000   -1.0000   -1.0000
center:     128.0000 -129.0000 -129.0000
/opt/freesurfer/average/711-2B_as_mni_average_305_mask.4dfp.img
       256       256       256         1
  1.000000  1.000000  1.000000
orientation T byte_order littleendian
Reading mask: /opt/freesurfer/average/711-2B_as_mni_average_305_mask.4dfp.img (2306576 pixels)
talsrcimg_g11.4dfp.img
       256       256       256         1
  1.000000  1.000000  1.000000
orientation T byte_order littleendian
Reading image: talsrcimg_g11.4dfp.img
dimensions:      256       256       256
mmppix:       1.0000   -1.0000   -1.0000
center:     128.0000 -129.0000 -129.0000
rotation matrix determinant  1.000000
image alignment mode   4355 decimal     1103 hex
   -7.5000  -37.5000  -45.0000 1927.7366   18.4468
    0.0000  -37.5000  -45.0000 1939.2482   18.3594
    7.5000  -37.5000  -45.0000 1932.4535   18.5702
   -7.5000  -30.0000  -45.0000 2043.5894   16.2853
    0.0000  -30.0000  -45.0000 2056.4592   16.2019
    7.5000  -30.0000  -45.0000 2049.4192   16.3808
   -7.5000  -22.5000  -45.0000 2149.2600   14.5933
    0.0000  -22.5000  -45.0000 2162.3342   14.5314
    7.5000  -22.5000  -45.0000 2152.7395   14.7012
   -7.5000  -15.0000  -45.0000 2249.2195   13.3275
    0.0000  -15.0000  -45.0000 2260.1377   13.2813
    7.5000  -15.0000  -45.0000 2251.3130   13.3875
   -7.5000   -7.5000  -45.0000 2324.2854   12.4010
    0.0000   -7.5000  -45.0000 2333.6045   12.3388
    7.5000   -7.5000  -45.0000 2329.3552   12.4328
   -7.5000    0.0000  -45.0000 2371.1372   11.7323
    0.0000    0.0000  -45.0000 2384.5884   11.6644
    7.5000    0.0000  -45.0000 2378.2449   11.7524
   -7.5000    7.5000  -45.0000 2401.1306   11.2868
    0.0000    7.5000  -45.0000 2420.1997   11.2087
    7.5000    7.5000  -45.0000 2406.2715   11.2860
   -7.5000   15.0000  -45.0000 2414.2058   11.0369
    0.0000   15.0000  -45.0000 2431.1465   10.9559
    7.5000   15.0000  -45.0000 2420.6204   11.0254
   -7.5000   22.5000  -45.0000 2417.5405   11.0214
    0.0000   22.5000  -45.0000 2439.0579   10.9096
    7.5000   22.5000  -45.0000 2421.4658   10.9921
   -7.5000   30.0000  -45.0000 2400.7419   11.1976
    0.0000   30.0000  -45.0000 2426.1836   11.1207
    7.5000   30.0000  -45.0000 2410.7952   11.1780
   -7.5000   37.5000  -45.0000 2365.0488   11.6208
    0.0000   37.5000  -45.0000 2388.0193   11.5229
    7.5000   37.5000  -45.0000 2373.1428   11.6059
   -7.5000   45.0000  -45.0000 2313.2534   12.2006
    0.0000   45.0000  -45.0000 2333.8901   12.1271
    7.5000   45.0000  -45.0000 2319.2217   12.2082
   -7.5000   52.5000  -45.0000 2220.2258   12.9555
    0.0000   52.5000  -45.0000 2239.2527   12.8751
    7.5000   52.5000  -45.0000 2226.5947   12.9523
   -7.5000  -37.5000  -37.5000 1980.1487   17.3419
    0.0000  -37.5000  -37.5000 1994.3466   17.2247
    7.5000  -37.5000  -37.5000 1987.8175   17.4300
   -7.5000  -30.0000  -37.5000 2104.2573   15.2996
    0.0000  -30.0000  -37.5000 2118.6350   15.2193
    7.5000  -30.0000  -37.5000 2108.9805   15.3749
   -7.5000  -22.5000  -37.5000 2225.0957   13.6971
    0.0000  -22.5000  -37.5000 2237.7388   13.6395
    7.5000  -22.5000  -37.5000 2229.7373   13.7533
   -7.5000  -15.0000  -37.5000 2332.4414   12.4854
    0.0000  -15.0000  -37.5000 2342.4287   12.4635
    7.5000  -15.0000  -37.5000 2336.4534   12.5426
   -7.5000   -7.5000  -37.5000 2412.2373   11.5985
    0.0000   -7.5000  -37.5000 2425.9194   11.5678
    7.5000   -7.5000  -37.5000 2420.9197   11.6252
   -7.5000    0.0000  -37.5000 2462.9741   10.9196
    0.0000    0.0000  -37.5000 2482.6667   10.8827
    7.5000    0.0000  -37.5000 2469.8169   10.9340
   -7.5000    7.5000  -37.5000 2498.4065   10.4785
    0.0000    7.5000  -37.5000 2517.5464   10.4160
    7.5000    7.5000  -37.5000 2502.1641   10.4784
   -7.5000   15.0000  -37.5000 2509.9553   10.2611
    0.0000   15.0000  -37.5000 2528.4453   10.1823
    7.5000   15.0000  -37.5000 2515.5671   10.2519
   -7.5000   22.5000  -37.5000 2517.3965   10.2223
    0.0000   22.5000  -37.5000 2536.5813   10.1431
    7.5000   22.5000  -37.5000 2524.4836   10.2059
   -7.5000   30.0000  -37.5000 2501.2688   10.3947
    0.0000   30.0000  -37.5000 2525.5017   10.3094
    7.5000   30.0000  -37.5000 2511.4429   10.3726
   -7.5000   37.5000  -37.5000 2463.5586   10.7557
    0.0000   37.5000  -37.5000 2487.6616   10.6712
    7.5000   37.5000  -37.5000 2473.3206   10.7538
   -7.5000   45.0000  -37.5000 2408.8638   11.2743
    0.0000   45.0000  -37.5000 2432.4360   11.2089
    7.5000   45.0000  -37.5000 2414.6694   11.3096
   -7.5000   52.5000  -37.5000 2313.3787   11.9634
    0.0000   52.5000  -37.5000 2332.4885   11.8895
    7.5000   52.5000  -37.5000 2316.9319   11.9972
   -7.5000  -37.5000  -30.0000 2068.6951   16.9256
    0.0000  -37.5000  -30.0000 2077.2939   16.8284
    7.5000  -37.5000  -30.0000 2072.8589   16.9823
   -7.5000  -30.0000  -30.0000 2207.8093   14.9291
    0.0000  -30.0000  -30.0000 2221.1118   14.8487
    7.5000  -30.0000  -30.0000 2210.6868   14.9767
   -7.5000  -22.5000  -30.0000 2338.8577   13.3570
    0.0000  -22.5000  -30.0000 2353.0469   13.2786
    7.5000  -22.5000  -30.0000 2342.5291   13.3952
   -7.5000  -15.0000  -30.0000 2453.2932   12.1453
    0.0000  -15.0000  -30.0000 2465.4658   12.0825
    7.5000  -15.0000  -30.0000 2456.4873   12.1866
   -7.5000   -7.5000  -30.0000 2538.5291   11.2263
    0.0000   -7.5000  -30.0000 2557.9827   11.1794
    7.5000   -7.5000  -30.0000 2546.3911   11.2519
   -7.5000    0.0000  -30.0000 2595.8950   10.5607
    0.0000    0.0000  -30.0000 2616.4463   10.5322
    7.5000    0.0000  -30.0000 2603.0754   10.5669
   -7.5000    7.5000  -30.0000 2639.5439   10.1031
    0.0000    7.5000  -30.0000 2661.2358   10.0300
    7.5000    7.5000  -30.0000 2647.9407   10.0838
   -7.5000   15.0000  -30.0000 2658.3259    9.8861
    0.0000   15.0000  -30.0000 2680.7234    9.8078
    7.5000   15.0000  -30.0000 2665.7898    9.8780
   -7.5000   22.5000  -30.0000 2664.4565    9.8376
    0.0000   22.5000  -30.0000 2684.6890    9.7764
    7.5000   22.5000  -30.0000 2673.3662    9.8388
   -7.5000   30.0000  -30.0000 2648.9709    9.9779
    0.0000   30.0000  -30.0000 2673.8599    9.9207
    7.5000   30.0000  -30.0000 2656.1338    9.9979
   -7.5000   37.5000  -30.0000 2614.5903   10.3047
    0.0000   37.5000  -30.0000 2636.9680   10.2356
    7.5000   37.5000  -30.0000 2622.2117   10.3204
   -7.5000   45.0000  -30.0000 2553.5012   10.8143
    0.0000   45.0000  -30.0000 2577.5959   10.7407
    7.5000   45.0000  -30.0000 2560.1643   10.8334
   -7.5000   52.5000  -30.0000 2445.8667   11.4811
    0.0000   52.5000  -30.0000 2469.3398   11.3879
    7.5000   52.5000  -30.0000 2449.3748   11.4944
   -7.5000  -37.5000  -22.5000 2133.5151   16.4799
    0.0000  -37.5000  -22.5000 2145.2004   16.3914
    7.5000  -37.5000  -22.5000 2135.0479   16.5299
   -7.5000  -30.0000  -22.5000 2284.1475   14.5338
    0.0000  -30.0000  -22.5000 2296.3506   14.4372
    7.5000  -30.0000  -22.5000 2285.0530   14.5581
   -7.5000  -22.5000  -22.5000 2419.7812   12.9776
    0.0000  -22.5000  -22.5000 2433.1189   12.9009
    7.5000  -22.5000  -22.5000 2423.1619   13.0193
   -7.5000  -15.0000  -22.5000 2533.0283   11.7567
    0.0000  -15.0000  -22.5000 2550.7158   11.6964
    7.5000  -15.0000  -22.5000 2539.5205   11.7969
   -7.5000   -7.5000  -22.5000 2628.4219   10.8384
    0.0000   -7.5000  -22.5000 2649.5676   10.7744
    7.5000   -7.5000  -22.5000 2636.4021   10.8728
   -7.5000    0.0000  -22.5000 2698.6658   10.1582
    0.0000    0.0000  -22.5000 2720.5708   10.1061
    7.5000    0.0000  -22.5000 2705.7783   10.1701
   -7.5000    7.5000  -22.5000 2751.3083    9.6884
    0.0000    7.5000  -22.5000 2775.1860    9.6359
    7.5000    7.5000  -22.5000 2762.0530    9.6870
   -7.5000   15.0000  -22.5000 2776.8142    9.4469
    0.0000   15.0000  -22.5000 2804.3596    9.3771
    7.5000   15.0000  -22.5000 2783.3970    9.4483
   -7.5000   22.5000  -22.5000 2784.0271    9.3783
    0.0000   22.5000  -22.5000 2809.5332    9.3366
    7.5000   22.5000  -22.5000 2788.6052    9.4021
   -7.5000   30.0000  -22.5000 2763.8447    9.5183
    0.0000   30.0000  -22.5000 2796.2419    9.4611
    7.5000   30.0000  -22.5000 2774.8162    9.5340
   -7.5000   37.5000  -22.5000 2731.0605    9.8284
    0.0000   37.5000  -22.5000 2756.3496    9.7515
    7.5000   37.5000  -22.5000 2736.8496    9.8303
   -7.5000   45.0000  -22.5000 2672.5530   10.3325
    0.0000   45.0000  -22.5000 2695.2493   10.2396
    7.5000   45.0000  -22.5000 2673.1851   10.3279
   -7.5000   52.5000  -22.5000 2558.9697   10.9564
    0.0000   52.5000  -22.5000 2575.0364   10.8613
    7.5000   52.5000  -22.5000 2557.0774   10.9504
   -7.5000  -37.5000  -15.0000 2174.5964   16.1782
    0.0000  -37.5000  -15.0000 2186.8884   16.0339
    7.5000  -37.5000  -15.0000 2174.6379   16.2010
   -7.5000  -30.0000  -15.0000 2319.6970   14.2139
    0.0000  -30.0000  -15.0000 2336.9377   14.0884
    7.5000  -30.0000  -15.0000 2326.5508   14.2467
   -7.5000  -22.5000  -15.0000 2457.2542   12.6559
    0.0000  -22.5000  -15.0000 2473.4863   12.5663
    7.5000  -22.5000  -15.0000 2464.4004   12.6886
   -7.5000  -15.0000  -15.0000 2573.5518   11.4136
    0.0000  -15.0000  -15.0000 2593.2104   11.3440
    7.5000  -15.0000  -15.0000 2583.9934   11.4579
   -7.5000   -7.5000  -15.0000 2677.8188   10.4827
    0.0000   -7.5000  -15.0000 2699.9978   10.4255
    7.5000   -7.5000  -15.0000 2688.4666   10.5211
   -7.5000    0.0000  -15.0000 2758.3140    9.7977
    0.0000    0.0000  -15.0000 2784.5847    9.7420
    7.5000    0.0000  -15.0000 2769.1846    9.8235
   -7.5000    7.5000  -15.0000 2821.8633    9.3249
    0.0000    7.5000  -15.0000 2849.4409    9.2665
    7.5000    7.5000  -15.0000 2833.4771    9.3373
   -7.5000   15.0000  -15.0000 2854.6057    9.0325
    0.0000   15.0000  -15.0000 2892.1221    8.9665
    7.5000   15.0000  -15.0000 2866.1885    9.0468
   -7.5000   22.5000  -15.0000 2869.0820    8.9432
    0.0000   22.5000  -15.0000 2901.5908    8.8888
    7.5000   22.5000  -15.0000 2873.0977    8.9648
   -7.5000   30.0000  -15.0000 2854.7000    9.0885
    0.0000   30.0000  -15.0000 2885.7183    9.0127
    7.5000   30.0000  -15.0000 2861.7812    9.0922
   -7.5000   37.5000  -15.0000 2813.3660    9.4021
    0.0000   37.5000  -15.0000 2845.1313    9.2923
    7.5000   37.5000  -15.0000 2824.5024    9.3759
   -7.5000   45.0000  -15.0000 2748.1155    9.8957
    0.0000   45.0000  -15.0000 2771.0498    9.7753
    7.5000   45.0000  -15.0000 2752.2986    9.8643
   -7.5000   52.5000  -15.0000 2627.4553   10.5023
    0.0000   52.5000  -15.0000 2644.6694   10.3979
    7.5000   52.5000  -15.0000 2629.6250   10.5013
   -7.5000  -37.5000   -7.5000 2191.4875   15.9118
    0.0000  -37.5000   -7.5000 2205.3831   15.7579
    7.5000  -37.5000   -7.5000 2192.5767   15.9323
   -7.5000  -30.0000   -7.5000 2335.0535   13.9467
    0.0000  -30.0000   -7.5000 2358.2678   13.8036
    7.5000  -30.0000   -7.5000 2344.5049   13.9716
   -7.5000  -22.5000   -7.5000 2473.7671   12.3956
    0.0000  -22.5000   -7.5000 2495.6218   12.2714
    7.5000  -22.5000   -7.5000 2482.6929   12.4111
   -7.5000  -15.0000   -7.5000 2593.8687   11.1402
    0.0000  -15.0000   -7.5000 2618.7180   11.0552
    7.5000  -15.0000   -7.5000 2606.1750   11.1883
   -7.5000   -7.5000   -7.5000 2701.9246   10.1937
    0.0000   -7.5000   -7.5000 2727.0137   10.1184
    7.5000   -7.5000   -7.5000 2715.2170   10.2346
   -7.5000    0.0000   -7.5000 2793.8748    9.4882
    0.0000    0.0000   -7.5000 2822.3391    9.4092
    7.5000    0.0000   -7.5000 2806.8347    9.5117
   -7.5000    7.5000   -7.5000 2863.2759    9.0039
    0.0000    7.5000   -7.5000 2895.8621    8.9230
    7.5000    7.5000   -7.5000 2876.2273    9.0208
   -7.5000   15.0000   -7.5000 2908.9717    8.6907
    0.0000   15.0000   -7.5000 2950.6667    8.6221
    7.5000   15.0000   -7.5000 2922.2681    8.7092
   -7.5000   22.5000   -7.5000 2926.7896    8.5641
    0.0000   22.5000   -7.5000 2968.6682    8.4412
    7.5000   22.5000   -7.5000 2931.8291    8.5928
   -7.5000   30.0000   -7.5000 2914.3164    8.7097
    0.0000   30.0000   -7.5000 2944.0728    8.5681
    7.5000   30.0000   -7.5000 2921.5715    8.7122
   -7.5000   37.5000   -7.5000 2870.0486    9.0342
    0.0000   37.5000   -7.5000 2898.7227    8.8774
    7.5000   37.5000   -7.5000 2883.8911    9.0173
   -7.5000   45.0000   -7.5000 2798.3943    9.5137
    0.0000   45.0000   -7.5000 2824.1494    9.3609
    7.5000   45.0000   -7.5000 2803.6174    9.5148
   -7.5000   52.5000   -7.5000 2671.2715   10.1236
    0.0000   52.5000   -7.5000 2693.4795    9.9792
    7.5000   52.5000   -7.5000 2674.2456   10.1364
   -7.5000  -37.5000    0.0000 2196.3003   15.8190
    0.0000  -37.5000    0.0000 2211.3760   15.6300
    7.5000  -37.5000    0.0000 2201.7302   15.8137
   -7.5000  -30.0000    0.0000 2340.5530   13.7853
    0.0000  -30.0000    0.0000 2359.1990   13.6229
    7.5000  -30.0000    0.0000 2347.6416   13.7833
   -7.5000  -22.5000    0.0000 2474.0493   12.1977
    0.0000  -22.5000    0.0000 2494.3345   12.0796
    7.5000  -22.5000    0.0000 2483.3247   12.2191
   -7.5000  -15.0000    0.0000 2597.0349   10.9466
    0.0000  -15.0000    0.0000 2620.0549   10.8615
    7.5000  -15.0000    0.0000 2610.4558   10.9931
   -7.5000   -7.5000    0.0000 2707.9419    9.9821
    0.0000   -7.5000    0.0000 2732.3494    9.8920
    7.5000   -7.5000    0.0000 2723.5120    9.9981
   -7.5000    0.0000    0.0000 2806.3872    9.2476
    0.0000    0.0000    0.0000 2836.7832    9.1602
    7.5000    0.0000    0.0000 2823.3489    9.2650
   -7.5000    7.5000    0.0000 2886.1736    8.7527
    0.0000    7.5000    0.0000 2920.8379    8.6612
    7.5000    7.5000    0.0000 2900.7915    8.7757
   -7.5000   15.0000    0.0000 2942.3843    8.4883
    0.0000   15.0000    0.0000 2982.9714    8.4070
    7.5000   15.0000    0.0000 2958.8665    8.4811
   -7.5000   22.5000    0.0000 2969.5193    8.4053
    0.0000   22.5000    0.0000 3015.1726    8.2583
    7.5000   22.5000    0.0000 2976.2456    8.4156
   -7.5000   30.0000    0.0000 2959.4297    8.4913
    0.0000   30.0000    0.0000 2990.3723    8.3095
    7.5000   30.0000    0.0000 2959.0315    8.5209
   -7.5000   37.5000    0.0000 2906.6250    8.7539
    0.0000   37.5000    0.0000 2934.3135    8.6177
    7.5000   37.5000    0.0000 2911.4365    8.7838
   -7.5000   45.0000    0.0000 2825.7498    9.2211
    0.0000   45.0000    0.0000 2854.5935    9.0986
    7.5000   45.0000    0.0000 2828.0396    9.2455
   -7.5000   52.5000    0.0000 2694.0693    9.8518
    0.0000   52.5000    0.0000 2718.5046    9.7507
    7.5000   52.5000    0.0000 2695.8215    9.8706
   -7.5000  -37.5000    7.5000 2195.6687   15.9048
    0.0000  -37.5000    7.5000 2211.1663   15.7090
    7.5000  -37.5000    7.5000 2203.0789   15.9148
   -7.5000  -30.0000    7.5000 2333.6104   13.8180
    0.0000  -30.0000    7.5000 2355.7373   13.6703
    7.5000  -30.0000    7.5000 2341.8118   13.8453
   -7.5000  -22.5000    7.5000 2467.6748   12.1985
    0.0000  -22.5000    7.5000 2489.1633   12.0631
    7.5000  -22.5000    7.5000 2474.6499   12.2247
   -7.5000  -15.0000    7.5000 2588.2021   10.9095
    0.0000  -15.0000    7.5000 2608.0396   10.7847
    7.5000  -15.0000    7.5000 2596.1089   10.9388
   -7.5000   -7.5000    7.5000 2698.9250    9.8957
    0.0000   -7.5000    7.5000 2723.4722    9.7849
    7.5000   -7.5000    7.5000 2712.2732    9.9228
   -7.5000    0.0000    7.5000 2800.0481    9.1325
    0.0000    0.0000    7.5000 2830.1829    9.0095
    7.5000    0.0000    7.5000 2817.5630    9.1515
   -7.5000    7.5000    7.5000 2891.5781    8.6280
    0.0000    7.5000    7.5000 2924.8240    8.5039
    7.5000    7.5000    7.5000 2904.1030    8.6517
   -7.5000   15.0000    7.5000 2960.4858    8.4072
    0.0000   15.0000    7.5000 3002.3591    8.3138
    7.5000   15.0000    7.5000 2976.6958    8.4164
   -7.5000   22.5000    7.5000 2989.8435    8.3881
    0.0000   22.5000    7.5000 3043.3245    8.2937
    7.5000   22.5000    7.5000 2997.1055    8.4179
   -7.5000   30.0000    7.5000 2977.3914    8.4556
    0.0000   30.0000    7.5000 3021.4075    8.3451
    7.5000   30.0000    7.5000 2974.7571    8.4987
   -7.5000   37.5000    7.5000 2924.7502    8.6598
    0.0000   37.5000    7.5000 2959.4148    8.5676
    7.5000   37.5000    7.5000 2919.6196    8.7017
   -7.5000   45.0000    7.5000 2840.3713    9.0854
    0.0000   45.0000    7.5000 2867.8020    8.9835
    7.5000   45.0000    7.5000 2838.6995    9.1128
   -7.5000   52.5000    7.5000 2705.4871    9.7444
    0.0000   52.5000    7.5000 2725.1865    9.6361
    7.5000   52.5000    7.5000 2704.5872    9.7496
   -7.5000  -37.5000   15.0000 2183.5669   16.1425
    0.0000  -37.5000   15.0000 2205.6863   15.9491
    7.5000  -37.5000   15.0000 2193.6321   16.1940
   -7.5000  -30.0000   15.0000 2318.6025   13.9913
    0.0000  -30.0000   15.0000 2344.4614   13.8155
    7.5000  -30.0000   15.0000 2329.3872   14.0011
   -7.5000  -22.5000   15.0000 2450.3586   12.3297
    0.0000  -22.5000   15.0000 2469.6777   12.1565
    7.5000  -22.5000   15.0000 2455.2761   12.3224
   -7.5000  -15.0000   15.0000 2567.2820   11.0310
    0.0000  -15.0000   15.0000 2584.3650   10.8797
    7.5000  -15.0000   15.0000 2570.7888   11.0359
   -7.5000   -7.5000   15.0000 2678.2944   10.0136
    0.0000   -7.5000   15.0000 2700.2351    9.8656
    7.5000   -7.5000   15.0000 2682.2529   10.0321
   -7.5000    0.0000   15.0000 2783.9324    9.2357
    0.0000    0.0000   15.0000 2809.1775    9.1003
    7.5000    0.0000   15.0000 2787.3660    9.2751
   -7.5000    7.5000   15.0000 2879.6135    8.7410
    0.0000    7.5000   15.0000 2910.7122    8.5965
    7.5000    7.5000   15.0000 2883.9329    8.7786
   -7.5000   15.0000   15.0000 2959.2866    8.5100
    0.0000   15.0000   15.0000 3000.6140    8.3856
    7.5000   15.0000   15.0000 2966.8750    8.5314
   -7.5000   22.5000   15.0000 2994.5378    8.4434
    0.0000   22.5000   15.0000 3042.9351    8.3090
    7.5000   22.5000   15.0000 2993.0459    8.4960
   -7.5000   30.0000   15.0000 2975.8542    8.5225
    0.0000   30.0000   15.0000 3014.6958    8.3924
    7.5000   30.0000   15.0000 2969.5754    8.6006
   -7.5000   37.5000   15.0000 2915.1741    8.7882
    0.0000   37.5000   15.0000 2948.5203    8.6893
    7.5000   37.5000   15.0000 2909.0994    8.8295
   -7.5000   45.0000   15.0000 2827.7170    9.2323
    0.0000   45.0000   15.0000 2851.6619    9.1543
    7.5000   45.0000   15.0000 2826.7810    9.2645
   -7.5000   52.5000   15.0000 2693.0266    9.8387
    0.0000   52.5000   15.0000 2708.0605    9.7547
    7.5000   52.5000   15.0000 2690.8474    9.8439
   -7.5000  -37.5000   22.5000 2161.7139   16.5986
    0.0000  -37.5000   22.5000 2191.2319   16.3536
    7.5000  -37.5000   22.5000 2174.1584   16.5799
   -7.5000  -30.0000   22.5000 2298.3901   14.3551
    0.0000  -30.0000   22.5000 2323.1162   14.1164
    7.5000  -30.0000   22.5000 2308.2131   14.3360
   -7.5000  -22.5000   22.5000 2424.9492   12.6351
    0.0000  -22.5000   22.5000 2444.5769   12.4372
    7.5000  -22.5000   22.5000 2426.5117   12.6455
   -7.5000  -15.0000   22.5000 2541.0771   11.3275
    0.0000  -15.0000   22.5000 2559.8130   11.1642
    7.5000  -15.0000   22.5000 2539.9048   11.3578
   -7.5000   -7.5000   22.5000 2655.0474   10.3125
    0.0000   -7.5000   22.5000 2674.4729   10.1536
    7.5000   -7.5000   22.5000 2653.1780   10.3484
   -7.5000    0.0000   22.5000 2761.2498    9.5293
    0.0000    0.0000   22.5000 2785.0229    9.3698
    7.5000    0.0000   22.5000 2761.6147    9.5815
   -7.5000    7.5000   22.5000 2860.7366    8.9950
    0.0000    7.5000   22.5000 2891.2756    8.8534
    7.5000    7.5000   22.5000 2860.1228    9.0497
   -7.5000   15.0000   22.5000 2936.4868    8.6989
    0.0000   15.0000   22.5000 2976.7620    8.5612
    7.5000   15.0000   22.5000 2936.3616    8.7635
   -7.5000   22.5000   22.5000 2966.5083    8.5840
    0.0000   22.5000   22.5000 3002.9260    8.4391
    7.5000   22.5000   22.5000 2963.0466    8.7006
   -7.5000   30.0000   22.5000 2945.6350    8.7108
    0.0000   30.0000   22.5000 2977.1030    8.5864
    7.5000   30.0000   22.5000 2939.7839    8.8060
   -7.5000   37.5000   22.5000 2889.3228    9.0576
    0.0000   37.5000   22.5000 2913.8125    8.9426
    7.5000   37.5000   22.5000 2880.4543    9.1057
   -7.5000   45.0000   22.5000 2798.1006    9.5495
    0.0000   45.0000   22.5000 2816.9514    9.4242
    7.5000   45.0000   22.5000 2795.3074    9.5510
   -7.5000   52.5000   22.5000 2663.9077   10.1595
    0.0000   52.5000   22.5000 2676.8164   10.0451
    7.5000   52.5000   22.5000 2659.3335   10.1483
   -7.5000  -37.5000   30.0000 2127.7439   17.2291
    0.0000  -37.5000   30.0000 2149.2192   16.9953
    7.5000  -37.5000   30.0000 2132.3523   17.2506
   -7.5000  -30.0000   30.0000 2267.3218   14.9045
    0.0000  -30.0000   30.0000 2286.4919   14.6871
    7.5000  -30.0000   30.0000 2268.9011   14.9278
   -7.5000  -22.5000   30.0000 2393.6775   13.1399
    0.0000  -22.5000   30.0000 2411.5588   12.9603
    7.5000  -22.5000   30.0000 2390.7227   13.1823
   -7.5000  -15.0000   30.0000 2507.5762   11.7854
    0.0000  -15.0000   30.0000 2527.3015   11.6358
    7.5000  -15.0000   30.0000 2504.2959   11.8418
   -7.5000   -7.5000   30.0000 2623.1951   10.7233
    0.0000   -7.5000   30.0000 2646.6729   10.5792
    7.5000   -7.5000   30.0000 2619.8120   10.7924
   -7.5000    0.0000   30.0000 2731.2290    9.9011
    0.0000    0.0000   30.0000 2756.6902    9.7574
    7.5000    0.0000   30.0000 2727.9617    9.9863
   -7.5000    7.5000   30.0000 2826.5979    9.3544
    0.0000    7.5000   30.0000 2856.0881    9.2196
    7.5000    7.5000   30.0000 2822.4763    9.4183
   -7.5000   15.0000   30.0000 2893.1450    9.0614
    0.0000   15.0000   30.0000 2926.3110    8.9045
    7.5000   15.0000   30.0000 2887.5601    9.1485
   -7.5000   22.5000   30.0000 2923.7998    8.9544
    0.0000   22.5000   30.0000 2947.5310    8.8516
    7.5000   22.5000   30.0000 2913.6272    9.0530
   -7.5000   30.0000   30.0000 2893.8040    9.1345
    0.0000   30.0000   30.0000 2920.3027    9.0399
    7.5000   30.0000   30.0000 2888.3389    9.2138
   -7.5000   37.5000   30.0000 2836.1160    9.4691
    0.0000   37.5000   30.0000 2857.3264    9.3652
    7.5000   37.5000   30.0000 2829.7197    9.5199
   -7.5000   45.0000   30.0000 2745.3213    9.9756
    0.0000   45.0000   30.0000 2762.6570    9.8484
    7.5000   45.0000   30.0000 2743.7488    9.9764
   -7.5000   52.5000   30.0000 2613.0332   10.5757
    0.0000   52.5000   30.0000 2632.0002   10.4521
    7.5000   52.5000   30.0000 2612.2400   10.5641
   -7.5000  -37.5000   37.5000 2077.5940   18.0189
    0.0000  -37.5000   37.5000 2085.3364   17.8158
    7.5000  -37.5000   37.5000 2070.5093   18.0765
   -7.5000  -30.0000   37.5000 2220.4087   15.5791
    0.0000  -30.0000   37.5000 2234.4995   15.4199
    7.5000  -30.0000   37.5000 2218.2268   15.6795
   -7.5000  -22.5000   37.5000 2351.8191   13.7539
    0.0000  -22.5000   37.5000 2368.4771   13.5986
    7.5000  -22.5000   37.5000 2347.2798   13.8131
   -7.5000  -15.0000   37.5000 2467.4092   12.3106
    0.0000  -15.0000   37.5000 2488.1531   12.1915
    7.5000  -15.0000   37.5000 2463.3389   12.3896
   -7.5000   -7.5000   37.5000 2583.5034   11.2124
    0.0000   -7.5000   37.5000 2607.4180   11.0817
    7.5000   -7.5000   37.5000 2577.8586   11.3000
   -7.5000    0.0000   37.5000 2692.5479   10.4017
    0.0000    0.0000   37.5000 2716.0647   10.2751
    7.5000    0.0000   37.5000 2684.0264   10.4781
   -7.5000    7.5000   37.5000 2783.7205    9.8831
    0.0000    7.5000   37.5000 2812.4634    9.7464
    7.5000    7.5000   37.5000 2774.3267    9.9340
   -7.5000   15.0000   37.5000 2840.0308    9.5594
    0.0000   15.0000   37.5000 2867.1499    9.4249
    7.5000   15.0000   37.5000 2829.0754    9.6312
   -7.5000   22.5000   37.5000 2862.1277    9.4861
    0.0000   22.5000   37.5000 2880.7971    9.3891
    7.5000   22.5000   37.5000 2850.4214    9.5495
   -7.5000   30.0000   37.5000 2826.2585    9.6932
    0.0000   30.0000   37.5000 2849.3958    9.5900
    7.5000   30.0000   37.5000 2822.3538    9.7425
   -7.5000   37.5000   37.5000 2769.8259    9.9980
    0.0000   37.5000   37.5000 2787.9495    9.9134
    7.5000   37.5000   37.5000 2766.4238   10.0497
   -7.5000   45.0000   37.5000 2684.0894   10.4840
    0.0000   45.0000   37.5000 2700.7183   10.3924
    7.5000   45.0000   37.5000 2677.5068   10.5099
   -7.5000   52.5000   37.5000 2553.0776   11.0931
    0.0000   52.5000   37.5000 2570.5164   10.9790
    7.5000   52.5000   37.5000 2549.6350   11.0845
   -7.5000  -37.5000   45.0000 2014.6656   18.9198
    0.0000  -37.5000   45.0000 2022.2345   18.6850
    7.5000  -37.5000   45.0000 2011.0519   19.0046
   -7.5000  -30.0000   45.0000 2165.9915   16.3800
    0.0000  -30.0000   45.0000 2178.3447   16.1938
    7.5000  -30.0000   45.0000 2162.6826   16.4186
   -7.5000  -22.5000   45.0000 2298.2856   14.4712
    0.0000  -22.5000   45.0000 2312.2595   14.3204
    7.5000  -22.5000   45.0000 2296.9768   14.5265
   -7.5000  -15.0000   45.0000 2418.8125   13.0046
    0.0000  -15.0000   45.0000 2434.9802   12.8716
    7.5000  -15.0000   45.0000 2413.2107   13.0683
   -7.5000   -7.5000   45.0000 2532.8669   11.8702
    0.0000   -7.5000   45.0000 2554.5654   11.7569
    7.5000   -7.5000   45.0000 2526.2368   11.9374
   -7.5000    0.0000   45.0000 2639.1428   11.0594
    0.0000    0.0000   45.0000 2663.5078   10.9434
    7.5000    0.0000   45.0000 2628.4966   11.1159
   -7.5000    7.5000   45.0000 2722.6692   10.5250
    0.0000    7.5000   45.0000 2750.0635   10.3946
    7.5000    7.5000   45.0000 2708.8662   10.5752
   -7.5000   15.0000   45.0000 2766.3242   10.2033
    0.0000   15.0000   45.0000 2787.3398   10.0995
    7.5000   15.0000   45.0000 2750.3950   10.2500
   -7.5000   22.5000   45.0000 2780.2834   10.1291
    0.0000   22.5000   45.0000 2797.8323   10.0262
    7.5000   22.5000   45.0000 2764.6655   10.1716
   -7.5000   30.0000   45.0000 2746.3608   10.3039
    0.0000   30.0000   45.0000 2767.8093   10.2078
    7.5000   30.0000   45.0000 2739.7578   10.3374
   -7.5000   37.5000   45.0000 2692.0747   10.6058
    0.0000   37.5000   45.0000 2711.1301   10.5187
    7.5000   37.5000   45.0000 2686.4873   10.6590
   -7.5000   45.0000   45.0000 2608.1106   11.0879
    0.0000   45.0000   45.0000 2626.5918   11.0046
    7.5000   45.0000   45.0000 2603.6729   11.1252
   -7.5000   52.5000   45.0000 2485.2422   11.6800
    0.0000   52.5000   45.0000 2502.8987   11.5871
    7.5000   52.5000   45.0000 2484.6311   11.6968

---------------------------------------------------------------------
imgreg_4dfp /opt/freesurfer/average/711-2C_as_mni_average_305 /opt/freesurfer/average/711-2B_as_mni_average_305_mask talsrcimg_g11 none talsrcimg_to_711-2C_as_mni_average_305_t4 1283
---------------------------------------------------------------------

freesurfer imgreg_4dfp.c
/opt/freesurfer/average/711-2C_as_mni_average_305.4dfp.img
       256       256       256         1
  1.000000  1.000000  1.000000
orientation T byte_order littleendian
Reading image: /opt/freesurfer/average/711-2C_as_mni_average_305.4dfp.img
dimensions:      256       256       256
mmppix:       1.0000   -1.0000   -1.0000
center:     128.0000 -129.0000 -129.0000
/opt/freesurfer/average/711-2B_as_mni_average_305_mask.4dfp.img
       256       256       256         1
  1.000000  1.000000  1.000000
orientation T byte_order littleendian
Reading mask: /opt/freesurfer/average/711-2B_as_mni_average_305_mask.4dfp.img (2306576 pixels)
talsrcimg_g11.4dfp.img
       256       256       256         1
  1.000000  1.000000  1.000000
orientation T byte_order littleendian
Reading image: talsrcimg_g11.4dfp.img
dimensions:      256       256       256
mmppix:       1.0000   -1.0000   -1.0000
center:     128.0000 -129.0000 -129.0000
rotation matrix determinant  1.000000
fimgreg.f
image alignment mode   1283 decimal      503 hex
parameters
    0.0000   22.5000    7.5000    0.0000    0.0000    0.0000
eta,q 0.95402  8.29916
niter,ni,del,rscale     5    3   12.0000    1.2000
parameter  4  1.611027 ->  0.500000 qaram    1.1500
parameters
    0.2268   23.0554    9.2258   -3.4500    1.5063    2.7667
eta,q 0.95872  8.33252
  0.0587  0.0555  0.0526  0.0407  0.0500  0.0474
  0.0535  0.0511  0.0484  0.0425  0.0465  0.0454
  0.0479  0.0470  0.0457  0.0441  0.0444  0.0437
  0.0452  0.0451  0.0452  0.0458  0.0430  0.0422
  0.0471  0.0459  0.0458  0.0472  0.0421  0.0414
  0.0518  0.0484  0.0463  0.0503  0.0429  0.0415
  0.0572  0.0526  0.0464  0.0545  0.0455  0.0427
niter,ni,del,rscale     5    3   12.0000    1.2000
parameter  4  4.023489 ->  0.500000 qaram    1.3225
parameters
    0.2921   24.0127    9.0060   -7.4175    1.7288    2.5620
eta,q 0.96358  8.35094
  0.0558  0.0517  0.0441  0.0351  0.0437  0.0416
  0.0497  0.0468  0.0416  0.0362  0.0409  0.0390
  0.0440  0.0428  0.0411  0.0382  0.0387  0.0370
  0.0413  0.0413  0.0413  0.0413  0.0366  0.0365
  0.0430  0.0418  0.0417  0.0442  0.0368  0.0375
  0.0486  0.0435  0.0424  0.0461  0.0399  0.0395
  0.0559  0.0466  0.0440  0.0490  0.0435  0.0422
niter,ni,del,rscale     5    3   12.0000    1.2000
parameter  4  0.675045 ->  0.500000 qaram    1.5209
parameters
    0.1919   25.0639    8.8486  -11.9801    2.1121    2.3383
eta,q 0.96664  8.32301
  0.0519  0.0479  0.0416  0.0358  0.0426  0.0385
  0.0455  0.0428  0.0389  0.0334  0.0392  0.0360
  0.0393  0.0388  0.0373  0.0344  0.0359  0.0340
  0.0364  0.0365  0.0364  0.0365  0.0335  0.0334
  0.0387  0.0370  0.0368  0.0397  0.0343  0.0345
  0.0455  0.0389  0.0390  0.0437  0.0373  0.0366
  0.0537  0.0421  0.0427  0.0465  0.0412  0.0392
niter,ni,del,rscale     5    3   12.0000    1.2000
parameters
   -0.1148   26.2688    8.1200  -12.1620    2.3000    2.2763
eta,q 0.96701  8.30485
  0.0494  0.0495  0.0400  0.0436  0.0416  0.0380
  0.0421  0.0415  0.0361  0.0384  0.0384  0.0358
  0.0358  0.0363  0.0338  0.0330  0.0351  0.0338
  0.0334  0.0334  0.0332  0.0332  0.0330  0.0330
  0.0366  0.0337  0.0352  0.0357  0.0340  0.0338
  0.0445  0.0364  0.0394  0.0393  0.0372  0.0358
  0.0530  0.0399  0.0437  0.0434  0.0411  0.0384
niter,ni,del,rscale     4    3   12.0000    1.2000
parameters
   -0.2112   26.5305    8.0282  -12.4721    2.4142    2.2240
eta,q 0.96712  8.30115
  0.0504  0.0445  0.0416  0.0430  0.0414  0.0379
  0.0428  0.0383  0.0373  0.0381  0.0382  0.0357
  0.0360  0.0342  0.0343  0.0330  0.0349  0.0337
  0.0330  0.0330  0.0331  0.0331  0.0329  0.0329
  0.0357  0.0350  0.0342  0.0357  0.0340  0.0336
  0.0433  0.0383  0.0378  0.0394  0.0374  0.0356
  0.0519  0.0416  0.0421  0.0434  0.0413  0.0382
niter,ni,del,rscale     3    3   12.0000    1.2000
parameters
   -0.2624   26.6715    7.9784  -12.6644    2.4833    2.1788
eta,q 0.96716  8.29946
  0.0507  0.0441  0.0418  0.0431  0.0414  0.0379
  0.0430  0.0379  0.0373  0.0383  0.0381  0.0356
  0.0360  0.0338  0.0342  0.0333  0.0347  0.0336
  0.0329  0.0329  0.0330  0.0330  0.0328  0.0328
  0.0355  0.0352  0.0340  0.0355  0.0341  0.0336
  0.0431  0.0386  0.0376  0.0391  0.0375  0.0356
  0.0517  0.0417  0.0420  0.0431  0.0414  0.0382
niter,ni,del,rscale     2    3   12.0000    1.2000
parameters
   -0.2923   26.7606    7.9428  -12.7863    2.5287    2.1459
eta,q 0.96718  8.29836
  0.0508  0.0440  0.0418  0.0432  0.0414  0.0379
  0.0431  0.0377  0.0373  0.0383  0.0381  0.0356
  0.0361  0.0336  0.0341  0.0334  0.0347  0.0336
  0.0328  0.0328  0.0329  0.0329  0.0328  0.0328
  0.0354  0.0354  0.0340  0.0354  0.0341  0.0335
  0.0430  0.0388  0.0376  0.0390  0.0375  0.0355
  0.0516  0.0418  0.0420  0.0429  0.0415  0.0381
niter,ni,del,rscale     1    3   12.0000    1.2000
parameters
   -0.3108   26.8194    7.9210  -12.8658    2.5591    2.1218
eta,q 0.96719  8.29752
  0.0509  0.0439  0.0419  0.0432  0.0414  0.0379
  0.0432  0.0376  0.0373  0.0384  0.0380  0.0356
  0.0361  0.0335  0.0341  0.0336  0.0346  0.0336
  0.0328  0.0328  0.0329  0.0329  0.0328  0.0328
  0.0354  0.0354  0.0340  0.0353  0.0341  0.0335
  0.0429  0.0389  0.0376  0.0389  0.0376  0.0355
  0.0516  0.0418  0.0420  0.0428  0.0416  0.0381
registration optimization eta report
parameter search radius
    6.0000    6.0000    6.0000    9.1253    6.0000    6.0000
100000*second partial in parameter space
       50.       27.       25.       12.       23.       14.
  0.0509  0.0439  0.0419  0.0432  0.0414  0.0379
  0.0432  0.0376  0.0373  0.0384  0.0380  0.0356
  0.0361  0.0335  0.0341  0.0336  0.0346  0.0336
  0.0328  0.0328  0.0329  0.0329  0.0328  0.0328
  0.0354  0.0354  0.0340  0.0353  0.0341  0.0335
  0.0429  0.0389  0.0376  0.0389  0.0376  0.0355
  0.0516  0.0418  0.0420  0.0428  0.0416  0.0381
   -0.3108   26.8194    7.9210  -12.8658    2.5591    2.1218
eta,q 0.96719  8.29752

---------------------------------------------------------------------
imgreg_4dfp /opt/freesurfer/average/711-2C_as_mni_average_305 /opt/freesurfer/average/711-2B_as_mni_average_305_mask talsrcimg_g11 none talsrcimg_to_711-2C_as_mni_average_305_t4 3335
---------------------------------------------------------------------

freesurfer imgreg_4dfp.c
/opt/freesurfer/average/711-2C_as_mni_average_305.4dfp.img
       256       256       256         1
  1.000000  1.000000  1.000000
orientation T byte_order littleendian
Reading image: /opt/freesurfer/average/711-2C_as_mni_average_305.4dfp.img
dimensions:      256       256       256
mmppix:       1.0000   -1.0000   -1.0000
center:     128.0000 -129.0000 -129.0000
/opt/freesurfer/average/711-2B_as_mni_average_305_mask.4dfp.img
       256       256       256         1
  1.000000  1.000000  1.000000
orientation T byte_order littleendian
Reading mask: /opt/freesurfer/average/711-2B_as_mni_average_305_mask.4dfp.img (2306576 pixels)
talsrcimg_g11.4dfp.img
       256       256       256         1
  1.000000  1.000000  1.000000
orientation T byte_order littleendian
Reading image: talsrcimg_g11.4dfp.img
dimensions:      256       256       256
mmppix:       1.0000   -1.0000   -1.0000
center:     128.0000 -129.0000 -129.0000
fimgreg.f
image alignment mode   3335 decimal      D07 hex
parameters
   -0.3108   26.8194    7.9210   -0.1682   -2.5406   -2.6078
   -2.6158   -5.1744    3.6986   22.0904    4.4651  -22.2446
eta,q 0.96629  8.35024
niter,ni,del,rscale     5    3    5.0000    1.2000
parameter  4  0.737235 ->  0.500000 qaram    1.1500
parameter  5  1.153444 ->  0.500000 qaram    1.1500
parameter 12  1.376454 ->  0.500000 qaram    1.1500
parameters
   -0.5347   27.3630    7.3831   -4.3082   -6.6806   -2.2018
   -1.0803   -5.4734    3.5916   19.2073    2.2823  -26.3846
eta,q 0.97179  8.14789
  0.0357  0.0365  0.0342  0.0320  0.0285  0.0313  0.0319  0.0322  0.0304  0.0296  0.0293  0.0281
  0.0345  0.0352  0.0337  0.0317  0.0293  0.0307  0.0307  0.0306  0.0298  0.0291  0.0291  0.0281
  0.0338  0.0342  0.0336  0.0321  0.0302  0.0301  0.0299  0.0296  0.0295  0.0291  0.0290  0.0285
  0.0337  0.0337  0.0336  0.0336  0.0317  0.0295  0.0294  0.0293  0.0293  0.0293  0.0291  0.0290
  0.0341  0.0337  0.0339  0.0355  0.0339  0.0293  0.0294  0.0298  0.0294  0.0299  0.0293  0.0297
  0.0350  0.0340  0.0343  0.0380  0.0368  0.0298  0.0297  0.0309  0.0298  0.0311  0.0296  0.0304
  0.0366  0.0347  0.0350  0.0415  0.0398  0.0315  0.0304  0.0327  0.0305  0.0329  0.0300  0.0311
niter,ni,del,rscale     7    3    5.0000    1.2000
parameter  5  0.573272 ->  0.500000 qaram    1.3225
parameter 12  0.503495 ->  0.500000 qaram    1.3225
parameters
   -0.5285   27.8391    7.7204   -5.3647  -11.4416    0.0821
    0.3339   -5.4012    5.6119   21.6005    2.2224  -31.1456
eta,q 0.97378  8.06032
  0.0310  0.0307  0.0295  0.0309  0.0276  0.0300  0.0293  0.0305  0.0289  0.0302  0.0275  0.0267
  0.0295  0.0295  0.0288  0.0295  0.0275  0.0290  0.0282  0.0287  0.0281  0.0286  0.0270  0.0263
  0.0285  0.0287  0.0283  0.0285  0.0277  0.0284  0.0275  0.0274  0.0274  0.0274  0.0267  0.0263
  0.0282  0.0282  0.0281  0.0281  0.0282  0.0276  0.0270  0.0269  0.0269  0.0267  0.0266  0.0266
  0.0285  0.0281  0.0282  0.0288  0.0294  0.0270  0.0269  0.0273  0.0267  0.0266  0.0267  0.0271
  0.0295  0.0285  0.0284  0.0306  0.0317  0.0270  0.0273  0.0285  0.0269  0.0268  0.0270  0.0278
  0.0310  0.0293  0.0289  0.0331  0.0349  0.0285  0.0280  0.0304  0.0275  0.0274  0.0275  0.0286
niter,ni,del,rscale     7    3    5.0000    1.2000
parameters
   -0.4941   28.5032    8.2885   -5.7644  -13.7043    0.3103
    0.1094   -5.6012    5.4610   24.2907    2.6135  -29.8737
eta,q 0.97436  8.00002
  0.0292  0.0291  0.0281  0.0298  0.0277  0.0292  0.0278  0.0296  0.0274  0.0296  0.0269  0.0277
  0.0276  0.0277  0.0272  0.0281  0.0266  0.0283  0.0268  0.0277  0.0266  0.0279  0.0263  0.0266
  0.0266  0.0267  0.0265  0.0266  0.0261  0.0271  0.0262  0.0264  0.0261  0.0267  0.0258  0.0260
  0.0262  0.0262  0.0261  0.0260  0.0260  0.0260  0.0260  0.0260  0.0260  0.0260  0.0257  0.0257
  0.0265  0.0261  0.0260  0.0265  0.0267  0.0259  0.0262  0.0265  0.0261  0.0257  0.0258  0.0257
  0.0274  0.0264  0.0263  0.0284  0.0285  0.0271  0.0269  0.0280  0.0267  0.0258  0.0261  0.0261
  0.0291  0.0270  0.0268  0.0310  0.0317  0.0297  0.0281  0.0300  0.0276  0.0265  0.0267  0.0268
niter,ni,del,rscale     6    3    5.0000    1.2000
parameters
   -0.5394   29.2411    8.3369   -6.0912  -15.2999   -0.1603
   -0.0325   -5.6056    4.4903   26.0742    3.7085  -29.3616
eta,q 0.97471  7.93549
  0.0283  0.0284  0.0270  0.0291  0.0272  0.0284  0.0272  0.0292  0.0267  0.0287  0.0267  0.0269
  0.0268  0.0271  0.0262  0.0276  0.0261  0.0275  0.0263  0.0273  0.0260  0.0273  0.0260  0.0261
  0.0259  0.0262  0.0257  0.0262  0.0255  0.0263  0.0258  0.0260  0.0256  0.0262  0.0256  0.0256
  0.0256  0.0256  0.0255  0.0255  0.0255  0.0255  0.0256  0.0256  0.0256  0.0255  0.0253  0.0253
  0.0260  0.0255  0.0256  0.0258  0.0259  0.0256  0.0258  0.0261  0.0259  0.0253  0.0253  0.0254
  0.0269  0.0257  0.0261  0.0276  0.0270  0.0275  0.0264  0.0273  0.0265  0.0257  0.0256  0.0258
  0.0286  0.0263  0.0269  0.0302  0.0296  0.0302  0.0273  0.0292  0.0275  0.0267  0.0261  0.0266
niter,ni,del,rscale     5    3    5.0000    1.2000
parameters
   -0.6321   29.5255    8.2753   -6.5337  -16.2893   -0.6760
   -0.3212   -5.4850    3.4865   26.8076    4.6564  -28.9219
eta,q 0.97483  7.87448
  0.0277  0.0276  0.0266  0.0284  0.0274  0.0282  0.0269  0.0289  0.0266  0.0284  0.0264  0.0268
  0.0263  0.0264  0.0258  0.0271  0.0261  0.0271  0.0260  0.0271  0.0258  0.0270  0.0258  0.0261
  0.0255  0.0256  0.0254  0.0259  0.0253  0.0259  0.0255  0.0258  0.0253  0.0259  0.0254  0.0255
  0.0253  0.0253  0.0253  0.0253  0.0253  0.0253  0.0253  0.0253  0.0253  0.0253  0.0252  0.0252
  0.0256  0.0254  0.0254  0.0255  0.0258  0.0254  0.0256  0.0257  0.0258  0.0253  0.0252  0.0253
  0.0266  0.0259  0.0259  0.0272  0.0267  0.0273  0.0262  0.0269  0.0265  0.0260  0.0255  0.0258
  0.0282  0.0267  0.0267  0.0297  0.0287  0.0300  0.0271  0.0287  0.0275  0.0275  0.0259  0.0266
niter,ni,del,rscale     4    3    5.0000    1.2000
parameters
   -0.6900   29.6156    8.2172   -6.7994  -16.7369   -0.9679
   -0.3562   -5.4583    3.0648   27.0372    5.0684  -28.7738
eta,q 0.97481  7.84186
  0.0277  0.0274  0.0264  0.0282  0.0278  0.0283  0.0270  0.0287  0.0269  0.0282  0.0262  0.0268
  0.0262  0.0262  0.0257  0.0269  0.0264  0.0271  0.0260  0.0269  0.0259  0.0268  0.0257  0.0260
  0.0254  0.0254  0.0253  0.0258  0.0254  0.0259  0.0254  0.0257  0.0254  0.0257  0.0254  0.0255
  0.0252  0.0252  0.0252  0.0252  0.0252  0.0252  0.0252  0.0252  0.0252  0.0252  0.0252  0.0252
  0.0255  0.0254  0.0253  0.0253  0.0257  0.0253  0.0255  0.0256  0.0256  0.0254  0.0253  0.0253
  0.0264  0.0260  0.0258  0.0268  0.0267  0.0269  0.0261  0.0269  0.0263  0.0263  0.0256  0.0259
  0.0279  0.0270  0.0266  0.0291  0.0284  0.0295  0.0270  0.0287  0.0273  0.0281  0.0261  0.0268
niter,ni,del,rscale     3    3    5.0000    1.2000
parameters
   -0.7049   29.6645    8.1361   -6.8573  -16.8575   -1.1242
   -0.3040   -5.4703    2.9181   27.1240    5.2392  -28.7706
eta,q 0.97478  7.83207
  0.0277  0.0274  0.0264  0.0282  0.0281  0.0283  0.0271  0.0287  0.0271  0.0282  0.0262  0.0268
  0.0263  0.0262  0.0257  0.0270  0.0266  0.0272  0.0261  0.0269  0.0261  0.0267  0.0257  0.0260
  0.0255  0.0254  0.0253  0.0259  0.0255  0.0259  0.0254  0.0257  0.0254  0.0257  0.0254  0.0255
  0.0252  0.0252  0.0252  0.0252  0.0252  0.0252  0.0252  0.0252  0.0252  0.0252  0.0252  0.0252
  0.0255  0.0254  0.0253  0.0252  0.0257  0.0252  0.0255  0.0256  0.0255  0.0255  0.0253  0.0254
  0.0264  0.0261  0.0258  0.0266  0.0266  0.0268  0.0261  0.0269  0.0262  0.0264  0.0256  0.0260
  0.0278  0.0272  0.0266  0.0289  0.0282  0.0293  0.0270  0.0287  0.0272  0.0282  0.0261  0.0269
niter,ni,del,rscale     2    3    5.0000    1.2000
parameters
   -0.7113   29.6887    8.0827   -6.8574  -16.8858   -1.2032
   -0.2657   -5.4885    2.8648   27.1669    5.3100  -28.7980
eta,q 0.97477  7.82968
  0.0278  0.0274  0.0264  0.0282  0.0281  0.0283  0.0271  0.0287  0.0271  0.0282  0.0262  0.0268
  0.0263  0.0262  0.0258  0.0270  0.0266  0.0272  0.0261  0.0269  0.0261  0.0267  0.0257  0.0260
  0.0255  0.0254  0.0254  0.0259  0.0256  0.0260  0.0254  0.0257  0.0255  0.0257  0.0254  0.0255
  0.0252  0.0252  0.0252  0.0252  0.0252  0.0252  0.0252  0.0252  0.0252  0.0252  0.0252  0.0252
  0.0255  0.0255  0.0253  0.0252  0.0257  0.0252  0.0255  0.0257  0.0255  0.0255  0.0253  0.0254
  0.0264  0.0262  0.0258  0.0265  0.0266  0.0267  0.0261  0.0269  0.0262  0.0265  0.0256  0.0260
  0.0278  0.0272  0.0266  0.0288  0.0282  0.0292  0.0270  0.0287  0.0272  0.0283  0.0262  0.0269
niter,ni,del,rscale     1    3    5.0000    1.2000
parameters
   -0.7156   29.6989    8.0546   -6.8549  -16.8967   -1.2401
   -0.2449   -5.5000    2.8433   27.1917    5.3371  -28.8240
eta,q 0.97477  7.82896
  0.0278  0.0273  0.0264  0.0282  0.0282  0.0284  0.0271  0.0287  0.0272  0.0282  0.0262  0.0268
  0.0263  0.0262  0.0258  0.0270  0.0267  0.0273  0.0261  0.0269  0.0261  0.0267  0.0257  0.0260
  0.0255  0.0255  0.0254  0.0259  0.0256  0.0260  0.0254  0.0257  0.0255  0.0257  0.0254  0.0255
  0.0252  0.0252  0.0252  0.0252  0.0252  0.0252  0.0252  0.0252  0.0252  0.0252  0.0252  0.0252
  0.0255  0.0255  0.0254  0.0252  0.0257  0.0252  0.0255  0.0257  0.0255  0.0255  0.0253  0.0254
  0.0264  0.0262  0.0258  0.0265  0.0266  0.0267  0.0261  0.0269  0.0262  0.0265  0.0256  0.0260
  0.0278  0.0273  0.0266  0.0288  0.0282  0.0291  0.0270  0.0287  0.0272  0.0283  0.0262  0.0269
registration optimization eta report
parameter search radius
    2.4000    2.4000    2.4000    8.2800    9.5220    7.2000
    7.2000    7.2000    7.2000    7.2000    7.2000    9.5220
100000*second partial in parameter space
       44.       36.       22.        5.        3.        7.
        3.        7.        4.        6.        2.        2.
  0.0278  0.0273  0.0264  0.0282  0.0282  0.0284  0.0271  0.0287  0.0272  0.0282  0.0262  0.0268
  0.0263  0.0262  0.0258  0.0270  0.0267  0.0273  0.0261  0.0269  0.0261  0.0267  0.0257  0.0260
  0.0255  0.0255  0.0254  0.0259  0.0256  0.0260  0.0254  0.0257  0.0255  0.0257  0.0254  0.0255
  0.0252  0.0252  0.0252  0.0252  0.0252  0.0252  0.0252  0.0252  0.0252  0.0252  0.0252  0.0252
  0.0255  0.0255  0.0254  0.0252  0.0257  0.0252  0.0255  0.0257  0.0255  0.0255  0.0253  0.0254
  0.0264  0.0262  0.0258  0.0265  0.0266  0.0267  0.0261  0.0269  0.0262  0.0265  0.0256  0.0260
  0.0278  0.0273  0.0266  0.0288  0.0282  0.0291  0.0270  0.0287  0.0272  0.0283  0.0262  0.0269
   -0.7156   29.6989    8.0546   -6.8549  -16.8967   -1.2401
   -0.2449   -5.5000    2.8433   27.1917    5.3371  -28.8240
eta,q 0.97477  7.82896

---------------------------------------------------------------------
imgreg_4dfp /opt/freesurfer/average/711-2C_as_mni_average_305 /opt/freesurfer/average/711-2B_as_mni_average_305_mask talsrcimg_g11 none talsrcimg_to_711-2C_as_mni_average_305_t4 2311
---------------------------------------------------------------------

freesurfer imgreg_4dfp.c
/opt/freesurfer/average/711-2C_as_mni_average_305.4dfp.img
       256       256       256         1
  1.000000  1.000000  1.000000
orientation T byte_order littleendian
Reading image: /opt/freesurfer/average/711-2C_as_mni_average_305.4dfp.img
dimensions:      256       256       256
mmppix:       1.0000   -1.0000   -1.0000
center:     128.0000 -129.0000 -129.0000
/opt/freesurfer/average/711-2B_as_mni_average_305_mask.4dfp.img
       256       256       256         1
  1.000000  1.000000  1.000000
orientation T byte_order littleendian
Reading mask: /opt/freesurfer/average/711-2B_as_mni_average_305_mask.4dfp.img (2306576 pixels)
talsrcimg_g11.4dfp.img
       256       256       256         1
  1.000000  1.000000  1.000000
orientation T byte_order littleendian
Reading image: talsrcimg_g11.4dfp.img
dimensions:      256       256       256
mmppix:       1.0000   -1.0000   -1.0000
center:     128.0000 -129.0000 -129.0000
fimgreg.f
image alignment mode   2311 decimal      907 hex
parameters
   -0.7156   29.6989    8.0546   -6.8549  -16.8967   -1.2402
   -0.2449   -5.5000    2.8433   27.1917    5.3371  -28.8240
eta,q 0.97477  7.82896
niter,ni,del,rscale     5    3    5.0000    0.8000
parameters
   -0.7211   29.6784    8.0951   -6.0348  -17.0901   -0.6326
   -0.3780   -5.6138    2.7824   27.0608    5.0087  -28.7542
eta,q 0.97493  7.85820
  0.0263  0.0262  0.0258  0.0267  0.0259  0.0272  0.0259  0.0268  0.0259  0.0264  0.0255  0.0255
  0.0257  0.0256  0.0255  0.0261  0.0255  0.0263  0.0254  0.0258  0.0255  0.0257  0.0252  0.0253
  0.0254  0.0253  0.0253  0.0255  0.0252  0.0256  0.0251  0.0252  0.0252  0.0252  0.0251  0.0251
  0.0252  0.0252  0.0252  0.0252  0.0252  0.0251  0.0251  0.0251  0.0251  0.0251  0.0251  0.0251
  0.0254  0.0254  0.0253  0.0251  0.0253  0.0250  0.0252  0.0253  0.0252  0.0252  0.0251  0.0251
  0.0257  0.0257  0.0255  0.0254  0.0256  0.0254  0.0255  0.0259  0.0255  0.0257  0.0253  0.0253
  0.0264  0.0262  0.0258  0.0261  0.0260  0.0266  0.0259  0.0269  0.0260  0.0265  0.0256  0.0255
niter,ni,del,rscale     4    3    5.0000    0.7000
parameters
   -0.7557   29.7194    8.2923   -6.0037  -17.2149   -0.2957
   -0.3349   -5.5989    2.8019   27.0462    4.8736  -28.7019
eta,q 0.97499  7.86183
  0.0259  0.0258  0.0256  0.0261  0.0257  0.0267  0.0257  0.0264  0.0257  0.0261  0.0254  0.0254
  0.0254  0.0254  0.0253  0.0256  0.0253  0.0259  0.0253  0.0256  0.0253  0.0255  0.0252  0.0252
  0.0251  0.0252  0.0252  0.0252  0.0251  0.0254  0.0251  0.0252  0.0251  0.0251  0.0250  0.0251
  0.0251  0.0251  0.0251  0.0251  0.0251  0.0250  0.0250  0.0250  0.0250  0.0250  0.0250  0.0250
  0.0252  0.0251  0.0251  0.0251  0.0252  0.0250  0.0251  0.0252  0.0251  0.0251  0.0251  0.0250
  0.0255  0.0254  0.0252  0.0254  0.0254  0.0254  0.0253  0.0256  0.0253  0.0255  0.0252  0.0252
  0.0260  0.0258  0.0254  0.0262  0.0257  0.0264  0.0256  0.0264  0.0257  0.0261  0.0254  0.0254
niter,ni,del,rscale     3    3    5.0000    0.6000
parameters
   -0.7588   29.7158    8.3923   -5.9451  -17.3037   -0.0944
   -0.3675   -5.5839    2.8117   27.0106    4.7752  -28.6772
eta,q 0.97502  7.86409
  0.0257  0.0256  0.0254  0.0258  0.0255  0.0262  0.0255  0.0260  0.0255  0.0258  0.0253  0.0253
  0.0253  0.0252  0.0252  0.0254  0.0252  0.0256  0.0252  0.0255  0.0252  0.0254  0.0251  0.0251
  0.0251  0.0251  0.0251  0.0251  0.0250  0.0252  0.0250  0.0251  0.0250  0.0251  0.0250  0.0250
  0.0250  0.0250  0.0250  0.0250  0.0250  0.0250  0.0250  0.0250  0.0250  0.0250  0.0250  0.0250
  0.0251  0.0251  0.0250  0.0250  0.0251  0.0250  0.0250  0.0251  0.0250  0.0251  0.0250  0.0250
  0.0253  0.0253  0.0251  0.0253  0.0253  0.0253  0.0252  0.0254  0.0252  0.0253  0.0251  0.0251
  0.0257  0.0256  0.0253  0.0258  0.0255  0.0261  0.0255  0.0260  0.0255  0.0258  0.0253  0.0253
niter,ni,del,rscale     2    3    5.0000    0.5000
parameters
   -0.7584   29.7105    8.4396   -5.8685  -17.3736    0.0698
   -0.4069   -5.5812    2.8276   26.9635    4.7009  -28.6392
eta,q 0.97504  7.86633
  0.0255  0.0254  0.0252  0.0255  0.0253  0.0258  0.0253  0.0257  0.0253  0.0255  0.0252  0.0252
  0.0252  0.0251  0.0251  0.0252  0.0251  0.0254  0.0251  0.0253  0.0251  0.0252  0.0250  0.0251
  0.0250  0.0250  0.0250  0.0251  0.0250  0.0251  0.0250  0.0250  0.0250  0.0250  0.0250  0.0250
  0.0250  0.0250  0.0250  0.0250  0.0250  0.0250  0.0250  0.0250  0.0250  0.0250  0.0250  0.0250
  0.0250  0.0250  0.0250  0.0250  0.0250  0.0250  0.0250  0.0250  0.0250  0.0250  0.0250  0.0250
  0.0252  0.0252  0.0251  0.0252  0.0252  0.0252  0.0251  0.0253  0.0251  0.0252  0.0251  0.0250
  0.0255  0.0254  0.0252  0.0255  0.0253  0.0258  0.0253  0.0257  0.0253  0.0256  0.0252  0.0252
niter,ni,del,rscale     1    3    5.0000    0.4000
parameters
   -0.7569   29.7033    8.4840   -5.7903  -17.4254    0.2214
   -0.4366   -5.5710    2.8423   26.9113    4.6202  -28.6401
eta,q 0.97505  7.86937
  0.0253  0.0252  0.0251  0.0253  0.0252  0.0255  0.0252  0.0254  0.0252  0.0253  0.0251  0.0251
  0.0251  0.0251  0.0251  0.0251  0.0251  0.0252  0.0250  0.0252  0.0251  0.0251  0.0250  0.0250
  0.0250  0.0250  0.0250  0.0250  0.0250  0.0251  0.0250  0.0250  0.0250  0.0250  0.0250  0.0250
  0.0250  0.0250  0.0250  0.0250  0.0250  0.0250  0.0250  0.0250  0.0250  0.0250  0.0250  0.0250
  0.0250  0.0250  0.0250  0.0250  0.0250  0.0250  0.0250  0.0250  0.0250  0.0250  0.0250  0.0250
  0.0251  0.0251  0.0250  0.0251  0.0251  0.0251  0.0251  0.0252  0.0251  0.0251  0.0250  0.0250
  0.0253  0.0252  0.0251  0.0253  0.0252  0.0254  0.0252  0.0254  0.0252  0.0253  0.0251  0.0251
registration optimization eta report
parameter search radius
    0.8000    0.8000    0.8000    2.4000    2.4000    2.4000
    2.4000    2.4000    2.4000    2.4000    2.4000    2.4000
100000*second partial in parameter space
       48.       39.       26.        6.        4.        9.
        4.        8.        4.        6.        2.        2.
  0.0253  0.0252  0.0251  0.0253  0.0252  0.0255  0.0252  0.0254  0.0252  0.0253  0.0251  0.0251
  0.0251  0.0251  0.0251  0.0251  0.0251  0.0252  0.0250  0.0252  0.0251  0.0251  0.0250  0.0250
  0.0250  0.0250  0.0250  0.0250  0.0250  0.0251  0.0250  0.0250  0.0250  0.0250  0.0250  0.0250
  0.0250  0.0250  0.0250  0.0250  0.0250  0.0250  0.0250  0.0250  0.0250  0.0250  0.0250  0.0250
  0.0250  0.0250  0.0250  0.0250  0.0250  0.0250  0.0250  0.0250  0.0250  0.0250  0.0250  0.0250
  0.0251  0.0251  0.0250  0.0251  0.0251  0.0251  0.0251  0.0252  0.0251  0.0251  0.0250  0.0250
  0.0253  0.0252  0.0251  0.0253  0.0252  0.0254  0.0252  0.0254  0.0252  0.0253  0.0251  0.0251
   -0.7569   29.7033    8.4840   -5.7903  -17.4254    0.2214
   -0.4366   -5.5710    2.8423   26.9113    4.6202  -28.6401
eta,q 0.97505  7.86937

---------------------------------------------------------------------
imgreg_4dfp /opt/freesurfer/average/711-2C_as_mni_average_305 /opt/freesurfer/average/711-2B_as_mni_average_305_mask talsrcimg_g11 none talsrcimg_to_711-2C_as_mni_average_305_t4 2311
---------------------------------------------------------------------

freesurfer imgreg_4dfp.c
/opt/freesurfer/average/711-2C_as_mni_average_305.4dfp.img
       256       256       256         1
  1.000000  1.000000  1.000000
orientation T byte_order littleendian
Reading image: /opt/freesurfer/average/711-2C_as_mni_average_305.4dfp.img
dimensions:      256       256       256
mmppix:       1.0000   -1.0000   -1.0000
center:     128.0000 -129.0000 -129.0000
/opt/freesurfer/average/711-2B_as_mni_average_305_mask.4dfp.img
       256       256       256         1
  1.000000  1.000000  1.000000
orientation T byte_order littleendian
Reading mask: /opt/freesurfer/average/711-2B_as_mni_average_305_mask.4dfp.img (2306576 pixels)
talsrcimg_g11.4dfp.img
       256       256       256         1
  1.000000  1.000000  1.000000
orientation T byte_order littleendian
Reading image: talsrcimg_g11.4dfp.img
dimensions:      256       256       256
mmppix:       1.0000   -1.0000   -1.0000
center:     128.0000 -129.0000 -129.0000
fimgreg.f
image alignment mode   2311 decimal      907 hex
parameters
   -0.7569   29.7033    8.4840   -5.7903  -17.4254    0.2214
   -0.4366   -5.5710    2.8423   26.9113    4.6202  -28.6401
eta,q 0.97505  7.86938
niter,ni,del,rscale     5    3    5.0000    0.8000
parameters
   -0.7437   29.7122    8.4799   -6.1953  -17.2499   -0.1944
   -0.3242   -5.4995    2.8716   26.9977    4.8049  -28.6146
eta,q 0.97500  7.85647
  0.0262  0.0259  0.0256  0.0261  0.0259  0.0267  0.0259  0.0269  0.0259  0.0265  0.0255  0.0255
  0.0255  0.0254  0.0253  0.0255  0.0254  0.0258  0.0254  0.0259  0.0254  0.0257  0.0253  0.0252
  0.0251  0.0251  0.0250  0.0251  0.0251  0.0252  0.0251  0.0252  0.0251  0.0252  0.0251  0.0251
  0.0250  0.0250  0.0250  0.0250  0.0250  0.0250  0.0250  0.0250  0.0250  0.0250  0.0250  0.0250
  0.0251  0.0251  0.0250  0.0251  0.0251  0.0251  0.0251  0.0252  0.0251  0.0251  0.0250  0.0251
  0.0255  0.0254  0.0252  0.0257  0.0254  0.0261  0.0254  0.0258  0.0254  0.0256  0.0252  0.0252
  0.0262  0.0259  0.0256  0.0268  0.0258  0.0278  0.0258  0.0268  0.0259  0.0264  0.0255  0.0255
niter,ni,del,rscale     4    3    5.0000    0.7000
parameters
   -0.7443   29.6891    8.4140   -6.0685  -17.2458   -0.1997
   -0.3955   -5.5416    2.8382   26.9895    4.8247  -28.6071
eta,q 0.97501  7.85963
  0.0259  0.0257  0.0254  0.0261  0.0257  0.0265  0.0256  0.0264  0.0257  0.0261  0.0254  0.0254
  0.0254  0.0253  0.0252  0.0255  0.0253  0.0258  0.0253  0.0256  0.0253  0.0255  0.0252  0.0252
  0.0251  0.0251  0.0250  0.0252  0.0251  0.0253  0.0251  0.0251  0.0251  0.0251  0.0250  0.0250
  0.0250  0.0250  0.0250  0.0250  0.0250  0.0250  0.0250  0.0250  0.0250  0.0250  0.0250  0.0250
  0.0251  0.0251  0.0251  0.0250  0.0251  0.0250  0.0251  0.0252  0.0251  0.0251  0.0250  0.0250
  0.0254  0.0254  0.0252  0.0253  0.0253  0.0256  0.0253  0.0257  0.0253  0.0255  0.0252  0.0252
  0.0259  0.0258  0.0255  0.0260  0.0257  0.0268  0.0257  0.0264  0.0257  0.0261  0.0254  0.0254
niter,ni,del,rscale     3    3    5.0000    0.6000
parameters
   -0.7513   29.6950    8.4183   -5.9593  -17.2966   -0.0742
   -0.4020   -5.5653    2.8239   26.9726    4.7620  -28.6300
eta,q 0.97502  7.86356
  0.0257  0.0256  0.0253  0.0258  0.0255  0.0262  0.0255  0.0260  0.0255  0.0258  0.0253  0.0252
  0.0253  0.0252  0.0252  0.0254  0.0252  0.0256  0.0252  0.0254  0.0252  0.0254  0.0251  0.0251
  0.0251  0.0251  0.0250  0.0251  0.0250  0.0252  0.0250  0.0251  0.0250  0.0251  0.0250  0.0250
  0.0250  0.0250  0.0250  0.0250  0.0250  0.0250  0.0250  0.0250  0.0250  0.0250  0.0250  0.0250
  0.0251  0.0251  0.0250  0.0250  0.0251  0.0250  0.0250  0.0251  0.0250  0.0251  0.0250  0.0250
  0.0253  0.0252  0.0251  0.0252  0.0252  0.0253  0.0252  0.0255  0.0252  0.0253  0.0251  0.0251
  0.0257  0.0255  0.0253  0.0258  0.0255  0.0262  0.0255  0.0261  0.0255  0.0258  0.0253  0.0253
niter,ni,del,rscale     2    3    5.0000    0.5000
parameters
   -0.7533   29.6975    8.4516   -5.8732  -17.3673    0.0817
   -0.4153   -5.5756    2.8334   26.9357    4.6999  -28.6354
eta,q 0.97504  7.86645
  0.0255  0.0254  0.0252  0.0255  0.0253  0.0258  0.0253  0.0257  0.0253  0.0255  0.0252  0.0252
  0.0252  0.0252  0.0251  0.0252  0.0251  0.0254  0.0251  0.0253  0.0251  0.0252  0.0250  0.0251
  0.0250  0.0250  0.0250  0.0251  0.0250  0.0251  0.0250  0.0250  0.0250  0.0250  0.0250  0.0250
  0.0250  0.0250  0.0250  0.0250  0.0250  0.0250  0.0250  0.0250  0.0250  0.0250  0.0250  0.0250
  0.0250  0.0250  0.0250  0.0250  0.0250  0.0250  0.0250  0.0250  0.0250  0.0250  0.0250  0.0250
  0.0252  0.0251  0.0251  0.0252  0.0252  0.0252  0.0251  0.0253  0.0251  0.0252  0.0251  0.0251
  0.0255  0.0254  0.0252  0.0255  0.0253  0.0258  0.0253  0.0257  0.0253  0.0256  0.0252  0.0252
niter,ni,del,rscale     1    3    5.0000    0.4000
parameters
   -0.7582   29.6952    8.4888   -5.7904  -17.4177    0.2252
   -0.4419   -5.5677    2.8483   26.9037    4.6254  -28.6321
eta,q 0.97505  7.86960
  0.0253  0.0252  0.0251  0.0253  0.0252  0.0255  0.0252  0.0254  0.0252  0.0253  0.0251  0.0251
  0.0251  0.0251  0.0250  0.0251  0.0251  0.0252  0.0250  0.0252  0.0251  0.0251  0.0250  0.0250
  0.0250  0.0250  0.0250  0.0250  0.0250  0.0251  0.0250  0.0250  0.0250  0.0250  0.0250  0.0250
  0.0250  0.0250  0.0250  0.0250  0.0250  0.0250  0.0250  0.0249  0.0249  0.0250  0.0249  0.0250
  0.0250  0.0250  0.0250  0.0250  0.0250  0.0250  0.0250  0.0250  0.0250  0.0250  0.0250  0.0250
  0.0251  0.0251  0.0250  0.0251  0.0251  0.0251  0.0251  0.0252  0.0251  0.0251  0.0250  0.0250
  0.0253  0.0252  0.0251  0.0253  0.0252  0.0254  0.0252  0.0254  0.0252  0.0253  0.0251  0.0251
registration optimization eta report
parameter search radius
    0.8000    0.8000    0.8000    2.4000    2.4000    2.4000
    2.4000    2.4000    2.4000    2.4000    2.4000    2.4000
100000*second partial in parameter space
       48.       38.       25.        6.        4.        9.
        4.        8.        4.        6.        2.        2.
  0.0253  0.0252  0.0251  0.0253  0.0252  0.0255  0.0252  0.0254  0.0252  0.0253  0.0251  0.0251
  0.0251  0.0251  0.0250  0.0251  0.0251  0.0252  0.0250  0.0252  0.0251  0.0251  0.0250  0.0250
  0.0250  0.0250  0.0250  0.0250  0.0250  0.0251  0.0250  0.0250  0.0250  0.0250  0.0250  0.0250
  0.0250  0.0250  0.0250  0.0250  0.0250  0.0250  0.0250  0.0249  0.0249  0.0250  0.0249  0.0250
  0.0250  0.0250  0.0250  0.0250  0.0250  0.0250  0.0250  0.0250  0.0250  0.0250  0.0250  0.0250
  0.0251  0.0251  0.0250  0.0251  0.0251  0.0251  0.0251  0.0252  0.0251  0.0251  0.0250  0.0250
  0.0253  0.0252  0.0251  0.0253  0.0252  0.0254  0.0252  0.0254  0.0252  0.0253  0.0251  0.0251
   -0.7582   29.6952    8.4888   -5.7904  -17.4177    0.2252
   -0.4419   -5.5677    2.8483   26.9037    4.6254  -28.6321
eta,q 0.97505  7.86960

---------------------------------------------------------------------
compute_vox2vox talsrcimg talsrcimg_to_711-2C_as_mni_average_305_t4 /opt/freesurfer/average/711-2C_as_mni_average_305
---------------------------------------------------------------------

freesurfer compute_vox2vox.c
Reading: talsrcimg.4dfp.ifh
Reading: talsrcimg_to_711-2C_as_mni_average_305_t4
Reading: /opt/freesurfer/average/711-2C_as_mni_average_305.4dfp.ifh
Writing: talsrcimg_to_711-2C_as_mni_average_305_t4_vox2vox.txt

start time Wed Mar 11 21:34:16 CET 2026
end		time Wed Mar 11 21:35:42 CET 2026

mpr2mni305 success

avi2talxfm orig_nu.mgz /opt/freesurfer/average/mni305.cor.mgz talsrcimg_to_711-2C_as_mni_average_305_t4_vox2vox.txt transforms/talairach.auto.xfm
avi2talxfm done
mv -f /out/sourcedata/freesurfer/sub-v1s2x0051489_ses-1/mri/talsrcimg_to_711-2C_as_mni_average_305_t4_vox2vox.txt /out/sourcedata/freesurfer/sub-v1s2x0051489_ses-1/mri/transforms/talsrcimg_to_711-2C_as_mni_average_305_t4_vox2vox.txt
lta_convert --src orig_nu.mgz --trg /opt/freesurfer/average/mni305.cor.mgz --inxfm transforms/talairach.auto.xfm --outlta transforms/talairach.auto.xfm.lta --subject fsaverage
7.3.2

--src: orig_nu.mgz src image (geometry).
--trg: /opt/freesurfer/average/mni305.cor.mgz trg image (geometry).
--inmni: transforms/talairach.auto.xfm input MNI/XFM transform.
--outlta: transforms/talairach.auto.xfm.lta output LTA.
--s: fsaverage subject name
 LTA read, type : 1
 1.05817   0.05239   0.02383  -4.89133;
-0.05421   0.91012   0.31526  -64.78181;
-0.01884  -0.29831   1.10739   9.22801;
 0.00000   0.00000   0.00000   1.00000;
setting subject to fsaverage
Writing  LTA to file transforms/talairach.auto.xfm.lta...
lta_convert successful.
 
 
Started at Wed Mar 11 21:34:16 CET 2026
Ended   at Wed Mar 11 21:35:42 CET 2026
talairach_avi done
