00a97d12-b136-4fc7-8999-acb89e858189 oesteban@dna018:/tmp/59383391/oesteban/bootstrap-fmriprep/59383391_78/project/derivatives/fmriprep-25.2 timestamp=1772791801.503353571s
017567aa-edb2-4c75-ae38-7622d810bce6 oesteban@dna021:/tmp/59383902/oesteban/bootstrap-fmriprep/59383902_82/project/derivatives/fmriprep-25.2 timestamp=1772793173.399671803s
02233d6f-fee5-48e6-9f21-24bc1809559b oesteban@dna044:/tmp/59405729/oesteban/bootstrap-fmriprep/59405729_218/project/derivatives/fmriprep-25.2 timestamp=1772830778.732304715s
02235a03-04d5-44b3-85db-446704f9f321 oscar.esteban@calypso7:/tmp/oscar.esteban/bootstrap-fmriprep/4188_7/project/derivatives/fmriprep-25.2 timestamp=1771866427s
032d4506-7be0-4b4a-8f3d-036a818dbfa0 oesteban@dna082:/tmp/59388672/oesteban/bootstrap-fmriprep/59388672_107/project/derivatives/fmriprep-25.2 timestamp=1772800175.93707162s
0354e09e-22cb-44f4-9cc3-76f9420ae774 oesteban@dna078:/tmp/59393249/oesteban/bootstrap-fmriprep/59393249_129/project/derivatives/fmriprep-25.2 timestamp=1772804667.01786591s
03657d0c-d838-4edc-9561-a15cdd8239e4 oscar.esteban@calypso4:/tmp/oscar.esteban/bootstrap-fmriprep/7007_525/project/derivatives/fmriprep-25.2 timestamp=1772525295s
039f5897-1b18-4616-a5b3-dd0f7b44650d oscar.esteban@calypso7:/tmp/oscar.esteban/bootstrap-fmriprep/4196_7/project/derivatives/fmriprep-25.2 timestamp=1771968993s
03d842cb-fa1d-4867-8f3f-d872f7acaba5 oesteban@dna024:/tmp/59407754/oesteban/bootstrap-fmriprep/59407754_234/project/derivatives/fmriprep-25.2 timestamp=1772835374.920822721s
0403dcfd-b19d-48a6-a371-3b685d27217d oscar.esteban@calypso1:/tmp/oscar.esteban/bootstrap-fmriprep/6483_2/project/derivatives/fmriprep-25.2 timestamp=1772450882s
0772459c-15e4-4ff2-802f-8c41fc875d7e oesteban@dna042:/tmp/59391752/oesteban/bootstrap-fmriprep/59391752_124/project/derivatives/fmriprep-25.2 timestamp=1772803390.70163095s
07dbacee-2d66-468e-bd99-0c5268fdece6 oesteban@dna010:/tmp/59380011/oesteban/bootstrap-fmriprep/59380011_56/project/derivatives/fmriprep-25.2 timestamp=1772784814.657889363s
08ba85c7-9610-445c-8890-7e7e48a2564e oesteban@dna082:/tmp/59404069/oesteban/bootstrap-fmriprep/59404069_192/project/derivatives/fmriprep-25.2 timestamp=1772823681.640147271s
08ca5228-d7a4-49c0-bf0a-e1336d0291d7 oesteban@dna021:/tmp/59410819/oesteban/bootstrap-fmriprep/59410819_335/project/derivatives/fmriprep-25.2 timestamp=1772856478.486223017s
090a0c4b-0f60-413e-9e04-e999a25af6d2 oesteban@dna058:/tmp/59395211/oesteban/bootstrap-fmriprep/59395211_144/project/derivatives/fmriprep-25.2 timestamp=1772809045.193726969s
0928eea2-18cb-4292-bfdf-3ff863f6a1fc oesteban@dna030:/tmp/59383924/oesteban/bootstrap-fmriprep/59383924_83/project/derivatives/fmriprep-25.2 timestamp=1772793308.962473262s
09c65b29-080b-4230-9a72-e1360949b410 oesteban@dna012:/tmp/59386577/oesteban/bootstrap-fmriprep/59386577_102/project/derivatives/fmriprep-25.2 timestamp=1772798373.098011871s
0b1e713d-6934-41c3-a869-7c8e435fc831 oesteban@dna023:/tmp/59410450/oesteban/bootstrap-fmriprep/59410450_297/project/derivatives/fmriprep-25.2 timestamp=1772849382.790422815s
0b8b9adf-6af6-4055-9165-9fe1c36bd56f oscar.esteban@calypso5:/tmp/oscar.esteban/bootstrap-fmriprep/6804_322/project/derivatives/fmriprep-25.2 timestamp=1772486722s
0d827b51-94d9-4258-912e-52d1b37c6130 oesteban@dna058:/tmp/59378757/oesteban/bootstrap-fmriprep/59378757_31/project/derivatives/fmriprep-25.2 timestamp=1772776643.076612809s
0d97b5f7-a680-4817-812b-f4410418d1fb oesteban@dna066:/tmp/59385117/oesteban/bootstrap-fmriprep/59385117_95/project/derivatives/fmriprep-25.2 timestamp=1772795974.916019678s
0dcb7f85-d015-40eb-bf1f-606f9f643e26 oesteban@dna062:/tmp/59410663/oesteban/bootstrap-fmriprep/59410663_322/project/derivatives/fmriprep-25.2 timestamp=1772853834.075874278s
0e570fb2-f837-439c-86c9-c87b0b99e919 oscar.esteban@calypso3:/tmp/oscar.esteban/bootstrap-fmriprep/5593_282/project/derivatives/fmriprep-25.2 timestamp=1772111948s
0e9a7964-a8f9-498a-a03a-4c538f856a9b oesteban@dna063:/tmp/59411305/oesteban/bootstrap-fmriprep/59411305_346/project/derivatives/fmriprep-25.2 timestamp=1772860394.470465367s
0ea8e5d3-d4af-4b8e-8191-9c64613a146a oesteban@dna052:/tmp/59383136/oesteban/bootstrap-fmriprep/59383136_75/project/derivatives/fmriprep-25.2 timestamp=1772791196.696661302s
0f636544-4521-4c89-830e-dc72f8dcee1a oesteban@dna028:/tmp/59390935/oesteban/bootstrap-fmriprep/59390935_117/project/derivatives/fmriprep-25.2 timestamp=1772802302.346666601s
10d3046e-76a8-49b3-b450-ee06a070d693 oesteban@dna061:/tmp/59395413/oesteban/bootstrap-fmriprep/59395413_150/project/derivatives/fmriprep-25.2 timestamp=1772809569.377391209s
11cf95d5-f17a-4d0f-b30c-43cca501cf15 oscar.esteban@calypso1:/tmp/oscar.esteban/bootstrap-fmriprep/7010_528/project/derivatives/fmriprep-25.2 timestamp=1772525584s
1267d5ef-18a2-420d-94ff-f636a417bb6c oesteban@dna078:/tmp/59405590/oesteban/bootstrap-fmriprep/59405590_213/project/derivatives/fmriprep-25.2 timestamp=1772830114.433108992s
13a51485-6155-469e-9178-d5fa6004d33b oscar.esteban@calypso4:/tmp/oscar.esteban/bootstrap-fmriprep/4190_1/project/derivatives/fmriprep-25.2 timestamp=1771968994s
13e68a96-fd1b-43ad-8478-922a8c529a49 oesteban@dna012:/tmp/59380012/oesteban/bootstrap-fmriprep/59380012_57/project/derivatives/fmriprep-25.2 timestamp=1772784816.733800269s
145e9c02-e4a4-4e14-8b3a-89116946e8ca oscar.esteban@calypso3:/tmp/oscar.esteban/bootstrap-fmriprep/5341_30/project/derivatives/fmriprep-25.2 timestamp=1772074640s
150024ef-aacd-4588-a37c-65328f736428 oscar.esteban@calypso2:/tmp/oscar.esteban/bootstrap-fmriprep/7199_717/project/derivatives/fmriprep-25.2 timestamp=1772562655s
150f72c4-f54a-4dde-b017-ff4538aad1a9 oesteban@dna044:/tmp/59398394/oesteban/bootstrap-fmriprep/59398394_168/project/derivatives/fmriprep-25.2 timestamp=1772816862.827753066s
15563950-cfaf-433f-8bce-cda2f8ef0ca6 oesteban@dna024:/tmp/59392071/oesteban/bootstrap-fmriprep/59392071_127/project/derivatives/fmriprep-25.2 timestamp=1772803932.317419408s
1610b414-8fce-4356-9eca-ed54b84f2895 oscar.esteban@calypso6:/tmp/oscar.esteban/bootstrap-fmriprep/5334_23/project/derivatives/fmriprep-25.2 timestamp=1772056865s
164e7c23-d3bf-437b-81e8-b33bbfc4bf2c oesteban@dna058:/tmp/59409352/oesteban/bootstrap-fmriprep/59409352_257/project/derivatives/fmriprep-25.2 timestamp=1772839296.28283106s
16745e8f-975e-42e0-8392-b54aed51662e oesteban@dna042:/tmp/59410589/oesteban/bootstrap-fmriprep/59410589_308/project/derivatives/fmriprep-25.2 timestamp=1772851465.993368049s
172b150c-7199-4ce2-b8bd-6ad7b7935cd3 oesteban@dna020:/tmp/59403441/oesteban/bootstrap-fmriprep/59403441_170/project/derivatives/fmriprep-25.2 timestamp=1772817409.943405496s
182249ea-bfb3-4deb-be72-1acd01cfbc11 oesteban@dna042:/tmp/59381198/oesteban/bootstrap-fmriprep/59381198_67/project/derivatives/fmriprep-25.2 timestamp=1772788728.741359778s
18657f06-e779-49e8-91dd-ca6a145edd2b oesteban@dna049:/tmp/59410532/oesteban/bootstrap-fmriprep/59410532_299/project/derivatives/fmriprep-25.2 timestamp=1772850261.463164756s
18cb3153-a9a0-4a9d-9b19-aeff2df3bd17 oesteban@dna058:/tmp/59373332/oesteban/bootstrap-fmriprep/59373332_3/project/derivatives/fmriprep-25.2 timestamp=1772751442.065517958s
18f9a254-1413-490e-8585-65f1bd4dc2e4 oesteban@dna088:/tmp/59386528/oesteban/bootstrap-fmriprep/59386528_101/project/derivatives/fmriprep-25.2 timestamp=1772798156.363912022s
1aeae159-0026-438e-a383-a82f2ff43784 oscar.esteban@calypso1:/tmp/oscar.esteban/bootstrap-fmriprep/5594_283/project/derivatives/fmriprep-25.2 timestamp=1772113373s
1b229994-7726-4167-ad84-6fb23e72007e oesteban@dna043:/tmp/59405758/oesteban/bootstrap-fmriprep/59405758_219/project/derivatives/fmriprep-25.2 timestamp=1772830961.515674963s
1bdff6cc-597c-482d-b958-42e3d4e07206 oesteban@dna082:/tmp/59410587/oesteban/bootstrap-fmriprep/59410587_307/project/derivatives/fmriprep-25.2 timestamp=1772851428.843872416s
1c977254-c69a-4a65-8295-f81f0ccee00e oesteban@dna044:/tmp/59378268/oesteban/bootstrap-fmriprep/59378268_7/project/derivatives/fmriprep-25.2 timestamp=1772773686.662123154s
1d5340ad-a821-47d5-83c3-ce7dd239efca oesteban@dna042:/tmp/59378267/oesteban/bootstrap-fmriprep/59378267_6/project/derivatives/fmriprep-25.2 timestamp=1772773668.261232738s
1e32e23b-6d65-42ad-8cec-9ba2888b8974 oscar.esteban@calypso0:/exports/oscar.esteban/abide_fmriprep/derivatives/fmriprep-25.2 timestamp=1770642886s
1fd9b84a-3c98-4e7b-a241-d31264b15143 oesteban@dna078:/tmp/59404898/oesteban/bootstrap-fmriprep/59404898_207/project/derivatives/fmriprep-25.2 timestamp=1772827031.493575123s
20467ad5-b85c-4905-a744-79b9e6b05be4 oesteban@dna058:/tmp/59403527/oesteban/bootstrap-fmriprep/59403527_175/project/derivatives/fmriprep-25.2 timestamp=1772818757.784013615s
213c7dad-414f-41a3-8406-68ff06a705d3 oesteban@dna061:/tmp/59383146/oesteban/bootstrap-fmriprep/59383146_76/project/derivatives/fmriprep-25.2 timestamp=1772791232.407054633s
22195218-e831-4c5e-87de-3d112fc7df4e oscar.esteban@calypso1:/tmp/oscar.esteban/bootstrap-fmriprep/5332_21/project/derivatives/fmriprep-25.2 timestamp=1772055191s
23fd1d23-a064-486a-9aa1-d1df423f26a9 oesteban@dna052:/tmp/59396103/oesteban/bootstrap-fmriprep/59396103_157/project/derivatives/fmriprep-25.2 timestamp=1772811271.255302488s
24e8c33a-9a41-49da-ad62-2e97a2ee85b0 oesteban@dna033:/tmp/59405591/oesteban/bootstrap-fmriprep/59405591_214/project/derivatives/fmriprep-25.2 timestamp=1772830122.73354322s
250bee75-3ede-4863-a68a-354f2882cb61 oesteban@dna045:/tmp/59410618/oesteban/bootstrap-fmriprep/59410618_315/project/derivatives/fmriprep-25.2 timestamp=1772852492.732059149s
257832aa-dd6e-4773-901f-cc53ce7ae1f8 oesteban@dna039:/tmp/59405792/oesteban/bootstrap-fmriprep/59405792_220/project/derivatives/fmriprep-25.2 timestamp=1772831145.914622899s
261645e8-0c80-4059-9e72-196c23e7fc41 oscar.esteban@calypso1:/tmp/oscar.esteban/bootstrap-fmriprep/4172_2/project/derivatives/fmriprep-25.2 timestamp=1771827339s
268e35ab-54d5-41a1-8e6a-bbded26b5ed6 oscar.esteban@calypso2:/tmp/oscar.esteban/bootstrap-fmriprep/6656_174/project/derivatives/fmriprep-25.2 timestamp=1772468946s
269c400c-231f-49e3-85a7-f4ebd421146e oscar.esteban@calypso6:/tmp/oscar.esteban/bootstrap-fmriprep/6817_335/project/derivatives/fmriprep-25.2 timestamp=1772488521s
271a509d-baca-440f-a71c-4a8822040aa2 oesteban@dna068:/tmp/59410607/oesteban/bootstrap-fmriprep/59410607_313/project/derivatives/fmriprep-25.2 timestamp=1772852099.474663354s
2723b47b-2575-45d1-85b5-338c3ca8b232 oesteban@dna007:/tmp/59395029/oesteban/bootstrap-fmriprep/59395029_138/project/derivatives/fmriprep-25.2 timestamp=1772808288.817892663s
274e2bce-5b35-4797-aa25-de609c6bbcdb oesteban@dna079:/tmp/59403836/oesteban/bootstrap-fmriprep/59403836_186/project/derivatives/fmriprep-25.2 timestamp=1772822695.344903516s
2781e2b1-aedf-4230-8eca-826fc8719874 oscar.esteban@calypso4:/tmp/oscar.esteban/bootstrap-fmriprep/4171_1/project/derivatives/fmriprep-25.2 timestamp=1771827338s
27a3c5d5-cb01-40a1-917a-e30003f46a97 oesteban@dna047:/tmp/59409718/oesteban/bootstrap-fmriprep/59409718_259/project/derivatives/fmriprep-25.2 timestamp=1772840202.005893667s
282b4f0d-939f-4585-94a1-7e173d721918 oesteban@dna007:/tmp/59404237/oesteban/bootstrap-fmriprep/59404237_196/project/derivatives/fmriprep-25.2 timestamp=1772824758.463068058s
287905b9-a7a0-4376-bcce-ac9e5f50f5f8 oesteban@dna045:/tmp/59407943/oesteban/bootstrap-fmriprep/59407943_236/project/derivatives/fmriprep-25.2 timestamp=1772835863.215859542s
28a6edbb-3d98-42a9-b65e-4d4cc009004c oscar.esteban@calypso3:/tmp/oscar.esteban/bootstrap-fmriprep/7009_527/project/derivatives/fmriprep-25.2 timestamp=1772525507s
28db72d1-c6ef-4486-9cb7-2e1c83e5c552 oscar.esteban@calypso3:/tmp/oscar.esteban/bootstrap-fmriprep/5328_17/project/derivatives/fmriprep-25.2 timestamp=1772038639s
28e7371e-2e82-4722-82ce-102ee8e2ab92 oesteban@dna052:/tmp/59378692/oesteban/bootstrap-fmriprep/59378692_28/project/derivatives/fmriprep-25.2 timestamp=1772776261.031601177s
290a7b51-396a-44e0-8626-cf4375c1b6a1 oesteban@dna063:/tmp/59395820/oesteban/bootstrap-fmriprep/59395820_155/project/derivatives/fmriprep-25.2 timestamp=1772810709.551197686s
2936380c-ef3d-444a-8a77-0335ab8cbf3a oesteban@dna059:/tmp/59380009/oesteban/bootstrap-fmriprep/59380009_54/project/derivatives/fmriprep-25.2 timestamp=1772784816.40704668s
2b00e99e-ea5c-4ba3-848f-c17f03651ae7 oesteban@dna039:/tmp/59411318/oesteban/bootstrap-fmriprep/59411318_348/project/derivatives/fmriprep-25.2 timestamp=1772860724.601242821s
2b0c7047-c43a-430b-bf59-941ab1b20c11 oesteban@dna039:/tmp/59391598/oesteban/bootstrap-fmriprep/59391598_123/project/derivatives/fmriprep-25.2 timestamp=1772803217.789091498s
2b2175a8-7d1e-4f4c-a98f-00e6b27e1225 oesteban@dna075:/tmp/59380002/oesteban/bootstrap-fmriprep/59380002_47/project/derivatives/fmriprep-25.2 timestamp=1772784811.287636716s
2b3bdcff-19f6-4e23-8206-1bd6e7fa7e57 oesteban@dna068:/tmp/59408636/oesteban/bootstrap-fmriprep/59408636_248/project/derivatives/fmriprep-25.2 timestamp=1772837895.492665431s
2c409e21-a3af-43c0-aa87-458b166e4ac4 oesteban@dna082:/tmp/59404589/oesteban/bootstrap-fmriprep/59404589_204/project/derivatives/fmriprep-25.2 timestamp=1772826246.831614591s
2c92a488-1b2f-45aa-b6d9-48cd036581a4 oesteban@dna078:/tmp/59411067/oesteban/bootstrap-fmriprep/59411067_343/project/derivatives/fmriprep-25.2 timestamp=1772858910.789051243s
2d489c2e-580b-44aa-823c-2b0bd5e75852 oesteban@dna032:/tmp/59373498/oesteban/bootstrap-fmriprep/59373498_7/project/derivatives/fmriprep-25.2 timestamp=1772753059.489908458s
2d55ac55-4914-4d58-9178-104cb1ce0cab oesteban@dna024:/tmp/59403532/oesteban/bootstrap-fmriprep/59403532_177/project/derivatives/fmriprep-25.2 timestamp=1772818850.645104921s
2ebc693e-b6a8-43e1-9fd2-027ebbb07577 oscar.esteban@calypso7:/tmp/oscar.esteban/bootstrap-fmriprep/5345_34/project/derivatives/fmriprep-25.2 timestamp=1772092666s
2fa30c54-6ee7-4a4a-8b57-b994f99d5ec9 oesteban@dna088:/tmp/59386143/oesteban/bootstrap-fmriprep/59386143_98/project/derivatives/fmriprep-25.2 timestamp=1772797213.604636196s
2ffae883-1880-4f96-96d4-cd99feb2532b oesteban@dna079:/tmp/59410549/oesteban/bootstrap-fmriprep/59410549_301/project/derivatives/fmriprep-25.2 timestamp=1772850434.997604259s
30801293-ac44-4c65-9d70-11126e17029e oesteban@dna047:/tmp/59410219/oesteban/bootstrap-fmriprep/59410219_272/project/derivatives/fmriprep-25.2 timestamp=1772843866.989279382s
3183ea4c-2b85-4f50-9349-ab14356090b2 oscar.esteban@calypso2:/tmp/oscar.esteban/bootstrap-fmriprep/5319_8/project/derivatives/fmriprep-25.2 timestamp=1772019822s
31abf753-743a-4a28-a6d9-2922d316a3a5 oesteban@dna042:/tmp/59410264/oesteban/bootstrap-fmriprep/59410264_276/project/derivatives/fmriprep-25.2 timestamp=1772844868.452122745s
3282a4b1-0e03-4d35-bce5-febacb5cf28d oesteban@dna042:/tmp/59388957/oesteban/bootstrap-fmriprep/59388957_109/project/derivatives/fmriprep-25.2 timestamp=1772800578.315543624s
32f4e952-4a49-4b47-af5b-13d8f9098829 oesteban@dna020:/tmp/59395088/oesteban/bootstrap-fmriprep/59395088_140/project/derivatives/fmriprep-25.2 timestamp=1772808557.516633423s
341b7a34-12fc-47f8-bcbc-4cb88020c0a8 oesteban@dna037:/tmp/59395429/oesteban/bootstrap-fmriprep/59395429_151/project/derivatives/fmriprep-25.2 timestamp=1772809629.721867865s
349f5925-9270-4cb6-bb52-c55b5c9019cf oscar.esteban@calypso2:/tmp/oscar.esteban/bootstrap-fmriprep/5329_18/project/derivatives/fmriprep-25.2 timestamp=1772038830s
34d145b0-394e-45be-9148-b0a0ce8a1bf1 oesteban@dna043:/tmp/59397249/oesteban/bootstrap-fmriprep/59397249_163/project/derivatives/fmriprep-25.2 timestamp=1772814343.103256461s
357ee06b-d225-4290-9b9a-4bd0be08d666 oesteban@dna047:/tmp/59409335/oesteban/bootstrap-fmriprep/59409335_256/project/derivatives/fmriprep-25.2 timestamp=1772839264.654242229s
35a28e97-0cbb-418a-9faf-db3b12a86725 oesteban@dna007:/tmp/59410282/oesteban/bootstrap-fmriprep/59410282_277/project/derivatives/fmriprep-25.2 timestamp=1772845398.895013946s
35b22f5f-e97d-4ba6-81bb-47ec231de53b oesteban@dna082:/tmp/59373320/oesteban/bootstrap-fmriprep/59373320_2/project/derivatives/fmriprep-25.2 timestamp=1772751161.696815181s
37364301-b48e-4299-bd57-9ebeadcef5cd oesteban@dna030:/tmp/59396504/oesteban/bootstrap-fmriprep/59396504_159/project/derivatives/fmriprep-25.2 timestamp=1772812057.734070089s
387ea999-91d8-4847-b616-daa35cb5253f oesteban@dna080:/tmp/59408724/oesteban/bootstrap-fmriprep/59408724_253/project/derivatives/fmriprep-25.2 timestamp=1772838149.503516877s
3926350c-400d-46a8-a9ec-3b32ce2a2d68 oscar.esteban@calypso4:/tmp/oscar.esteban/bootstrap-fmriprep/5348_37/project/derivatives/fmriprep-25.2 timestamp=1772100513s
3a0ac086-7a4c-44ad-8945-b067006290f2 oscar.esteban@calypso3:/tmp/oscar.esteban/bootstrap-fmriprep/7204_722/project/derivatives/fmriprep-25.2 timestamp=1772563451s
3ac9c862-eb44-465e-8eef-c361783c5942 oscar.esteban@calypso5:/tmp/oscar.esteban/bootstrap-fmriprep/4175_5/project/derivatives/fmriprep-25.2 timestamp=1771827339s
3bade996-5855-447b-92a9-f0ccfe0260b6 oesteban@dna041:/tmp/59404533/oesteban/bootstrap-fmriprep/59404533_201/project/derivatives/fmriprep-25.2 timestamp=1772825989.415316241s
3c0a0c27-2d99-4bcb-9b38-64744874e53e oesteban@dna020:/tmp/59410445/oesteban/bootstrap-fmriprep/59410445_296/project/derivatives/fmriprep-25.2 timestamp=1772849085.253831131s
3c4d6822-45aa-4524-bf46-a58664e1b3da oesteban@dna082:/tmp/59408124/oesteban/bootstrap-fmriprep/59408124_240/project/derivatives/fmriprep-25.2 timestamp=1772836431.587440632s
3c89d671-4cda-4da8-8639-56812e365a65 oscar.esteban@calypso6:/tmp/oscar.esteban/bootstrap-fmriprep/5327_16/project/derivatives/fmriprep-25.2 timestamp=1772037027s
3d527e1a-f89c-4e3f-9cd4-8ee96a2edb4d oesteban@dna079:/tmp/59404985/oesteban/bootstrap-fmriprep/59404985_209/project/derivatives/fmriprep-25.2 timestamp=1772827508.909537689s
3e50e2d0-c1be-4731-b07d-adda0458f372 oesteban@dna021:/tmp/59403574/oesteban/bootstrap-fmriprep/59403574_180/project/derivatives/fmriprep-25.2 timestamp=1772819401.816395977s
3e6e41b8-1aeb-4bf5-af03-4787b4093a7e oesteban@dna014:/tmp/59408689/oesteban/bootstrap-fmriprep/59408689_250/project/derivatives/fmriprep-25.2 timestamp=1772838056.516596415s
3e9d85eb-460b-4995-b168-5dfdf863151b oesteban@dna018:/tmp/59400799/oesteban/bootstrap-fmriprep/59400799_169/project/derivatives/fmriprep-25.2 timestamp=1772817258.703751129s
3f93e5a0-5e1a-4b74-8c7e-d312c8d651c4 oesteban@dna047:/tmp/59379481/oesteban/bootstrap-fmriprep/59379481_43/project/derivatives/fmriprep-25.2 timestamp=1772781939.375584915s
3fc45cba-637c-4e9d-8ac7-27cde150c5db oesteban@dna079:/tmp/59411381/oesteban/bootstrap-fmriprep/59411381_360/project/derivatives/fmriprep-25.2 timestamp=1772864180.564950386s
4203bf14-6ab4-4590-b238-2fab68503c42 oesteban@dna007:/tmp/59378662/oesteban/bootstrap-fmriprep/59378662_26/project/derivatives/fmriprep-25.2 timestamp=1772775955.774172203s
4212b1df-6638-470b-8dba-3d9dbbf49190 oesteban@dna079:/tmp/59407983/oesteban/bootstrap-fmriprep/59407983_237/project/derivatives/fmriprep-25.2 timestamp=1772835986.824669076s
4239de14-71ca-49b5-9039-71a6ea11f314 oesteban@dna018:/tmp/59408412/oesteban/bootstrap-fmriprep/59408412_244/project/derivatives/fmriprep-25.2 timestamp=1772837297.748295436s
42e25fd9-edca-457f-9061-97df83acd19e oesteban@dna023:/tmp/59389862/oesteban/bootstrap-fmriprep/59389862_111/project/derivatives/fmriprep-25.2 timestamp=1772801313.487384587s
42eb9c0e-3930-43a5-963c-ba391c8b0659 oscar.esteban@calypso2:/tmp/oscar.esteban/bootstrap-fmriprep/5349_38/project/derivatives/fmriprep-25.2 timestamp=1772102946s
4403e518-2b55-467f-ab75-4a7ef8af9270 oesteban@dna058:/tmp/59378518/oesteban/bootstrap-fmriprep/59378518_23/project/derivatives/fmriprep-25.2 timestamp=1772775110.845574327s
4424a394-2b25-43a1-84d6-bfc06f785e3d oscar.esteban@calypso1:/tmp/oscar.esteban/bootstrap-fmriprep/4191_2/project/derivatives/fmriprep-25.2 timestamp=1771968993s
44f7220c-a62b-4819-8231-02b26542bff7 oscar.esteban@calypso6:/tmp/oscar.esteban/bootstrap-fmriprep/7239_757/project/derivatives/fmriprep-25.2 timestamp=1772570335s
45b478fe-f7cf-41da-ad37-27b036be1a46 oscar.esteban@calypso1:/tmp/oscar.esteban/bootstrap-fmriprep/4183_2/project/derivatives/fmriprep-25.2 timestamp=1771866427s
45ca858f-0bf8-44b2-b420-957c596a5fc8 oesteban@dna021:/tmp/59378709/oesteban/bootstrap-fmriprep/59378709_30/project/derivatives/fmriprep-25.2 timestamp=1772776396.815668705s
4623c3fb-c1b0-4f2b-91de-b35b123735f7 oesteban@dna086:/tmp/59380004/oesteban/bootstrap-fmriprep/59380004_49/project/derivatives/fmriprep-25.2 timestamp=1772784813.694667342s
463654a9-d24d-4aba-adbb-45808e3a3137 oscar.esteban@calypso8:/tmp/oscar.esteban/bootstrap-fmriprep/5313_3/project/derivatives/fmriprep-25.2 timestamp=1772002648s
46dab277-2034-4c8f-951b-1f1b74a1f611 oscar.esteban@calypso2:/tmp/oscar.esteban/bootstrap-fmriprep/5336_25/project/derivatives/fmriprep-25.2 timestamp=1772061480s
4867cb82-c851-4ffb-8764-00ba013f4579 oesteban@dna066:/tmp/59395308/oesteban/bootstrap-fmriprep/59395308_148/project/derivatives/fmriprep-25.2 timestamp=1772809414.695927139s
499e2356-d07b-4a11-a2f9-7a8e7bec6921 oscar.esteban@calypso4:/tmp/oscar.esteban/bootstrap-fmriprep/5323_12/project/derivatives/fmriprep-25.2 timestamp=1772021166s
49e777d2-11b1-4ca4-a105-af166d1b5c69 oesteban@dna088:/tmp/59395113/oesteban/bootstrap-fmriprep/59395113_142/project/derivatives/fmriprep-25.2 timestamp=1772808704.914986268s
4a264581-49b7-42f4-926b-f3a00c77c802 gin-src timestamp=1770200901s
4a264581-49b7-42f4-926b-f3a00c77c802 git@0cf3a9a26dcd:/data/repos/oesteban/abide-fmriprep.git timestamp=1770200839.198643242s
4a2b0837-5a8c-4127-93a6-4375c52686ac oscar.esteban@calypso3:/tmp/oscar.esteban/bootstrap-fmriprep/5333_22/project/derivatives/fmriprep-25.2 timestamp=1772056274s
4a3a46bc-32a6-4c0a-b577-503d35f3c6d7 oesteban@dna078:/tmp/59410255/oesteban/bootstrap-fmriprep/59410255_275/project/derivatives/fmriprep-25.2 timestamp=1772844498.008595106s
4a8d6aac-d62c-4c4e-9539-b92fb4ea5a16 oscar.esteban@calypso1:/tmp/oscar.esteban/bootstrap-fmriprep/5344_33/project/derivatives/fmriprep-25.2 timestamp=1772091563s
4a97ea38-f609-41a6-a340-cf03b6dda107 oesteban@dna008:/tmp/59380010/oesteban/bootstrap-fmriprep/59380010_55/project/derivatives/fmriprep-25.2 timestamp=1772784817.932674164s
4b23b029-33a9-4a96-9017-e58ba08b3bed oscar.esteban@calypso1:/tmp/oscar.esteban/bootstrap-fmriprep/5325_14/project/derivatives/fmriprep-25.2 timestamp=1772035854s
4b4167e1-7b2b-4d11-ac61-c562130aa70c oesteban@dna070:/tmp/59380001/oesteban/bootstrap-fmriprep/59380001_46/project/derivatives/fmriprep-25.2 timestamp=1772784811.430062159s
4c46bc36-2219-4845-bbdf-52b8aab2e723 oesteban@dna030:/tmp/59385063/oesteban/bootstrap-fmriprep/59385063_91/project/derivatives/fmriprep-25.2 timestamp=1772795913.904646422s
4c847634-b23e-44d6-a518-880f8d34d322 oesteban@dna063:/tmp/59383357/oesteban/bootstrap-fmriprep/59383357_77/project/derivatives/fmriprep-25.2 timestamp=1772791710.498811776s
4ca3c955-45f9-4632-b77b-8d41fbdffa7e oesteban@dna032:/tmp/59384283/oesteban/bootstrap-fmriprep/59384283_88/project/derivatives/fmriprep-25.2 timestamp=1772794203.468170737s
4cd04029-3ab2-408a-a7af-ae804e49f885 oesteban@dna047:/tmp/59378936/oesteban/bootstrap-fmriprep/59378936_34/project/derivatives/fmriprep-25.2 timestamp=1772777630.919003261s
4ce4ff7c-f3fe-423f-8e5b-6a57690aad6b oscar.esteban@calypso3:/tmp/oscar.esteban/bootstrap-fmriprep/7306_824/project/derivatives/fmriprep-25.2 timestamp=1772583316s
4d2de43f-abfe-4742-9ee3-3b8906abc63d oscar.esteban@calypso2:/tmp/oscar.esteban/bootstrap-fmriprep/4184_3/project/derivatives/fmriprep-25.2 timestamp=1771866427s
4e4a9da4-ce2e-4fd0-890c-bd7567b54821 oesteban@dna028:/tmp/59410639/oesteban/bootstrap-fmriprep/59410639_318/project/derivatives/fmriprep-25.2 timestamp=1772853070.389556275s
4e57361b-79b3-4fcd-8ffa-26cf446b3368 oesteban@dna028:/tmp/59407451/oesteban/bootstrap-fmriprep/59407451_231/project/derivatives/fmriprep-25.2 timestamp=1772834520.038904242s
4ea2a9d1-1ce1-49d9-8f35-7f514efa9284 oesteban@dna021:/tmp/59408090/oesteban/bootstrap-fmriprep/59408090_239/project/derivatives/fmriprep-25.2 timestamp=1772836323.494028789s
4ea8f9bc-78a0-43e8-a5c8-ecfb34479aa0 oscar.esteban@calypso6:/tmp/oscar.esteban/bootstrap-fmriprep/5340_29/project/derivatives/fmriprep-25.2 timestamp=1772074081s
4ee482fa-cc24-4c01-ab27-3dcda7337b4b oscar.esteban@calypso8:/tmp/oscar.esteban/bootstrap-fmriprep/5326_15/project/derivatives/fmriprep-25.2 timestamp=1772035948s
4f7fd394-b9bb-4f39-81cf-74fc7ae0ca52 oscar.esteban@calypso1:/tmp/oscar.esteban/bootstrap-fmriprep/6661_179/project/derivatives/fmriprep-25.2 timestamp=1772469440s
4fab5004-0a17-4801-a294-17e66c6869a7 oesteban@dna052:/tmp/59405619/oesteban/bootstrap-fmriprep/59405619_215/project/derivatives/fmriprep-25.2 timestamp=1772830264.390132537s
4ff505d6-79a8-4d72-9c1d-048dea5f2600 oesteban@dna078:/tmp/59378508/oesteban/bootstrap-fmriprep/59378508_21/project/derivatives/fmriprep-25.2 timestamp=1772775086.167564877s
5046b5b0-2c22-4d00-be6a-2b5dfc4f3df9 oesteban@dna088:/tmp/59411315/oesteban/bootstrap-fmriprep/59411315_347/project/derivatives/fmriprep-25.2 timestamp=1772860657.368835144s
50927de9-1a18-4902-87be-152dbd304549 oesteban@dna024:/tmp/59383806/oesteban/bootstrap-fmriprep/59383806_80/project/derivatives/fmriprep-25.2 timestamp=1772792961.731009732s
50e60262-a7a9-4cb5-a71a-7c6956401b4d oesteban@dna046:/tmp/59373523/oesteban/bootstrap-fmriprep/59373523_8/project/derivatives/fmriprep-25.2 timestamp=1772753212.808780579s
5116d168-54bb-416d-95ba-911a8e67e3fc oesteban@dna024:/tmp/59405981/oesteban/bootstrap-fmriprep/59405981_222/project/derivatives/fmriprep-25.2 timestamp=1772832058.574276109s
51fdb946-80db-47cc-bec0-09102552b625 oesteban@dna015:/tmp/59408240/oesteban/bootstrap-fmriprep/59408240_241/project/derivatives/fmriprep-25.2 timestamp=1772836782.248703s
524fd770-6869-43cc-826a-62c3adc8921a oesteban@dna059:/tmp/59387846/oesteban/bootstrap-fmriprep/59387846_106/project/derivatives/fmriprep-25.2 timestamp=1772799631.95578985s
532a2561-fa96-447a-a1f6-2eb4d902f362 oesteban@dna063:/tmp/59410444/oesteban/bootstrap-fmriprep/59410444_295/project/derivatives/fmriprep-25.2 timestamp=1772849053.716893626s
54820587-0534-48ed-8e1c-af1e501f3e01 oesteban@dna078:/tmp/59403482/oesteban/bootstrap-fmriprep/59403482_171/project/derivatives/fmriprep-25.2 timestamp=1772817829.824661936s
5522d1b5-e508-42a8-9cb6-c4a21a0067d1 oesteban@dna058:/tmp/59384172/oesteban/bootstrap-fmriprep/59384172_84/project/derivatives/fmriprep-25.2 timestamp=1772793906.984709334s
567856e0-aa80-446e-9635-24dd285c4ab9 oesteban@dna045:/tmp/59379381/oesteban/bootstrap-fmriprep/59379381_42/project/derivatives/fmriprep-25.2 timestamp=1772781274.168979568s
573abad9-a2b5-438a-9398-8d42a83dc278 oesteban@dna044:/tmp/59408045/oesteban/bootstrap-fmriprep/59408045_238/project/derivatives/fmriprep-25.2 timestamp=1772836201.785615378s
5746267a-8969-4f38-8622-88d27e3e6029 oesteban@dna047:/tmp/59384202/oesteban/bootstrap-fmriprep/59384202_86/project/derivatives/fmriprep-25.2 timestamp=1772793992.733230776s
57c29402-ab7c-490d-adc5-1e9c4aa69f35 oscar.esteban@calypso2:/tmp/oscar.esteban/bootstrap-fmriprep/7292_810/project/derivatives/fmriprep-25.2 timestamp=1772580692s
581d5c4c-39e5-4c71-b963-ac7a45adbbe1 oesteban@dna075:/tmp/59385941/oesteban/bootstrap-fmriprep/59385941_97/project/derivatives/fmriprep-25.2 timestamp=1772796848.588811125s
584031a4-0f4c-479a-88ba-7ac31aa02001 oesteban@dna047:/tmp/59404877/oesteban/bootstrap-fmriprep/59404877_206/project/derivatives/fmriprep-25.2 timestamp=1772826816.29160689s
596c7095-065d-43d8-8dd6-2f1a15570c82 oesteban@dna079:/tmp/59395017/oesteban/bootstrap-fmriprep/59395017_137/project/derivatives/fmriprep-25.2 timestamp=1772808260.736081526s
598e9b3d-b999-48f5-be91-4fc03b169079 oscar.esteban@calypso7:/tmp/oscar.esteban/bootstrap-fmriprep/5596_285/project/derivatives/fmriprep-25.2 timestamp=1772115793s
59d78ae0-ebbe-4bc6-b0dd-69f52030e18f oscar.esteban@calypso3:/tmp/oscar.esteban/bootstrap-fmriprep/4185_4/project/derivatives/fmriprep-25.2 timestamp=1771866428s
5a1a7d7f-9c64-4034-9179-5d63b64a6d95 oesteban@dna042:/tmp/59407448/oesteban/bootstrap-fmriprep/59407448_230/project/derivatives/fmriprep-25.2 timestamp=1772834493.32608336s
5a9c4774-35c4-44f6-afc7-765b315d24c2 oesteban@dna061:/tmp/59404220/oesteban/bootstrap-fmriprep/59404220_195/project/derivatives/fmriprep-25.2 timestamp=1772824669.307474904s
5ab5772e-de6e-4894-845a-407ed7e57480 oesteban@dna042:/tmp/59410468/oesteban/bootstrap-fmriprep/59410468_298/project/derivatives/fmriprep-25.2 timestamp=1772849532.822051976s
5add6d2a-3200-400a-8c1c-b9e9db52176b oesteban@dna044:/tmp/59378270/oesteban/bootstrap-fmriprep/59378270_9/project/derivatives/fmriprep-25.2 timestamp=1772773679.025953911s
5aecffa3-1428-4b25-85f8-62ee010de25a oesteban@dna032:/tmp/59395224/oesteban/bootstrap-fmriprep/59395224_145/project/derivatives/fmriprep-25.2 timestamp=1772809107.942558997s
5af6a7c0-1767-4a1a-a394-5fad814f64a4 oesteban@dna042:/tmp/59378443/oesteban/bootstrap-fmriprep/59378443_19/project/derivatives/fmriprep-25.2 timestamp=1772774757.231888054s
5be99d26-3d85-476d-a34f-ccd4358462f6 oesteban@dna016:/tmp/59380013/oesteban/bootstrap-fmriprep/59380013_58/project/derivatives/fmriprep-25.2 timestamp=1772784822.037349424s
5bee027b-0453-4f0b-ba21-ad0821f7a977 oscar.esteban@calypso6:/tmp/oscar.esteban/bootstrap-fmriprep/5311_1/project/derivatives/fmriprep-25.2 timestamp=1772002629s
5c301562-3957-402f-a5e0-b3080d013936 oesteban@dna024:/tmp/59410730/oesteban/bootstrap-fmriprep/59410730_331/project/derivatives/fmriprep-25.2 timestamp=1772855598.231668682s
5d40f22d-36d4-409e-b380-f205e9c010f8 oesteban@dna028:/tmp/59379928/oesteban/bootstrap-fmriprep/59379928_45/project/derivatives/fmriprep-25.2 timestamp=1772784786.375224401s
5db909e0-45f0-4df8-b759-3045424a29ee oesteban@dna030:/tmp/59378468/oesteban/bootstrap-fmriprep/59378468_20/project/derivatives/fmriprep-25.2 timestamp=1772774885.084042333s
5edf8e68-3e9a-46c1-993f-1b7d3fb815d8 oesteban@dna079:/tmp/59410953/oesteban/bootstrap-fmriprep/59410953_337/project/derivatives/fmriprep-25.2 timestamp=1772857570.812962343s
5ffd8f47-6b64-45b4-abac-5db8546aa12c oesteban@dna042:/tmp/59381492/oesteban/bootstrap-fmriprep/59381492_72/project/derivatives/fmriprep-25.2 timestamp=1772789747.97701538s
60bb8434-7ebe-44c2-a68b-d990c481df46 oesteban@dna061:/tmp/59411023/oesteban/bootstrap-fmriprep/59411023_340/project/derivatives/fmriprep-25.2 timestamp=1772858170.239891503s
60eb1b3c-159d-463d-b06f-28e6ba6361b4 oscar.esteban@calypso4:/tmp/oscar.esteban/test-annex-push/4178_0/project/derivatives/fmriprep-25.2 timestamp=1771861568s
6175c5ef-6100-4142-961e-acf5b09ddc0e oesteban@dna086:/tmp/59390881/oesteban/bootstrap-fmriprep/59390881_115/project/derivatives/fmriprep-25.2 timestamp=1772802195.39315882s
625b0cad-6f94-4609-9623-707c6d2b40cc oesteban@dna082:/tmp/59380824/oesteban/bootstrap-fmriprep/59380824_64/project/derivatives/fmriprep-25.2 timestamp=1772787871.040576824s
635187d7-5994-43bd-a435-664778b7a91c oesteban@dna020:/tmp/59403626/oesteban/bootstrap-fmriprep/59403626_183/project/derivatives/fmriprep-25.2 timestamp=1772820014.857380545s
638f48e2-ca6b-4594-a32f-57b57944f215 oesteban@dna024:/tmp/59404450/oesteban/bootstrap-fmriprep/59404450_199/project/derivatives/fmriprep-25.2 timestamp=1772825643.787417074s
646f8658-e047-4eab-8bfb-aab31331792f oscar.esteban@calypso3:/tmp/oscar.esteban/bootstrap-fmriprep/5317_7/project/derivatives/fmriprep-25.2 timestamp=1772002657s
659645bf-28f4-4ca8-8216-30a7ea97ebd7 oesteban@dna045:/tmp/59403657/oesteban/bootstrap-fmriprep/59403657_184/project/derivatives/fmriprep-25.2 timestamp=1772820383.506872845s
66b58652-7f87-4e16-94e9-2486ae6c99e9 oesteban@dna007:/tmp/59409693/oesteban/bootstrap-fmriprep/59409693_258/project/derivatives/fmriprep-25.2 timestamp=1772840142.580124581s
676f4df8-3869-4a6f-a1d4-3be6da1fbe49 oesteban@dna042:/tmp/59380776/oesteban/bootstrap-fmriprep/59380776_62/project/derivatives/fmriprep-25.2 timestamp=1772787815.606687741s
67f36fde-f52f-46b9-9c4e-d715efa6657c oesteban@dna079:/tmp/59385118/oesteban/bootstrap-fmriprep/59385118_96/project/derivatives/fmriprep-25.2 timestamp=1772795985.437243699s
6825bee1-d99f-4676-8130-e0e018d7cc42 oscar.esteban@calypso7:/tmp/oscar.esteban/bootstrap-fmriprep/5324_13/project/derivatives/fmriprep-25.2 timestamp=1772024299s
688a1f8d-c316-416d-873b-c14c6bd7b8f7 oesteban@dna079:/tmp/59403562/oesteban/bootstrap-fmriprep/59403562_178/project/derivatives/fmriprep-25.2 timestamp=1772819303.379431898s
6a039644-a7b7-4b05-a590-e15fafc96891 oesteban@dna018:/tmp/59410547/oesteban/bootstrap-fmriprep/59410547_300/project/derivatives/fmriprep-25.2 timestamp=1772850416.755255297s
6abd5fe5-9e1c-4514-a344-1ff59191fbd5 oscar.esteban@calypso1:/tmp/oscar.esteban/bootstrap-fmriprep/6908_426/project/derivatives/fmriprep-25.2 timestamp=1772505996s
6af6cdb0-7196-42c1-8c85-ed46add582fd oesteban@dna066:/tmp/59385116/oesteban/bootstrap-fmriprep/59385116_94/project/derivatives/fmriprep-25.2 timestamp=1772795973.034519885s
6b014303-6b0e-42d6-bc95-e8ca77a5b80a oesteban@dna047:/tmp/59404271/oesteban/bootstrap-fmriprep/59404271_197/project/derivatives/fmriprep-25.2 timestamp=1772824942.783282971s
6b0a872e-cedb-4169-85d0-fa6048b3ef2e oesteban@dna082:/tmp/59410558/oesteban/bootstrap-fmriprep/59410558_302/project/derivatives/fmriprep-25.2 timestamp=1772850551.515759294s
6b90a4b2-2ad1-4dbd-aa79-2bd15daf5397 oesteban@dna021:/tmp/59406988/oesteban/bootstrap-fmriprep/59406988_227/project/derivatives/fmriprep-25.2 timestamp=1772833729.589696035s
6b9b451c-ecd9-4416-8205-8185f13cba35 oesteban@dna042:/tmp/59378266/oesteban/bootstrap-fmriprep/59378266_5/project/derivatives/fmriprep-25.2 timestamp=1772773668.384384352s
6bb773bf-90f4-493a-9e0a-aed70caf71dd oesteban@dna082:/tmp/59411409/oesteban/bootstrap-fmriprep/59411409_366/project/derivatives/fmriprep-25.2 timestamp=1772865455.746000728s
6c971c3f-4fb9-4503-9c23-fbc078b8b12a oscar.esteban@calypso4:/tmp/oscar.esteban/test-ria-push/4169/project/derivatives/fmriprep-25.2 timestamp=1771826537s
6cbf9aaa-fdc0-4c51-b1f6-8f00dc0146f1 oesteban@dna044:/tmp/59378269/oesteban/bootstrap-fmriprep/59378269_8/project/derivatives/fmriprep-25.2 timestamp=1772773682.895011213s
6cc08fe2-f69a-49bc-a02d-52fab6c174f6 oesteban@dna044:/tmp/59390896/oesteban/bootstrap-fmriprep/59390896_116/project/derivatives/fmriprep-25.2 timestamp=1772802229.77953716s
6ea7a810-0d64-45bc-95f7-441b6e586519 oscar.esteban@calypso6:/tmp/oscar.esteban/bootstrap-fmriprep/4195_6/project/derivatives/fmriprep-25.2 timestamp=1771968994s
6f6e4b1f-29a9-46c9-996b-e89996348aa2 oesteban@dna044:/tmp/59381402/oesteban/bootstrap-fmriprep/59381402_71/project/derivatives/fmriprep-25.2 timestamp=1772789393.27302696s
6f9588fd-c910-4ffd-909e-2dec9dea16ca oscar.esteban@calypso7:/tmp/oscar.esteban/bootstrap-fmriprep/5338_27/project/derivatives/fmriprep-25.2 timestamp=1772070141s
71bf678b-10ae-4ac0-b239-aea6d77c113e oscar.esteban@calypso6:/tmp/oscar.esteban/bootstrap-fmriprep/5595_284/project/derivatives/fmriprep-25.2 timestamp=1772113816s
7235892e-0d08-46c1-9924-4695784914b1 oscar.esteban@calypso1:/tmp/oscar.esteban/bootstrap-fmriprep/5315_5/project/derivatives/fmriprep-25.2 timestamp=1772002657s
729a6856-aeb5-4317-a561-8f8c8c00f0b2 oesteban@dna024:/tmp/59381304/oesteban/bootstrap-fmriprep/59381304_69/project/derivatives/fmriprep-25.2 timestamp=1772789064.398788009s
732ffb4c-fe20-4568-b0c3-0bb7d590982a oesteban@dna052:/tmp/59394402/oesteban/bootstrap-fmriprep/59394402_130/project/derivatives/fmriprep-25.2 timestamp=1772806420.795973654s
73ecf4c1-341c-4bef-975e-9fada28d4dbe oesteban@dna047:/tmp/59395755/oesteban/bootstrap-fmriprep/59395755_154/project/derivatives/fmriprep-25.2 timestamp=1772810528.698383524s
74b7641d-66a0-452e-80c4-4fc99c90c6d4 oesteban@dna044:/tmp/59380486/oesteban/bootstrap-fmriprep/59380486_59/project/derivatives/fmriprep-25.2 timestamp=1772787032.480366818s
7542e3e3-0d51-4d9e-8d7a-b4ad5fdc5b8c oesteban@dna028:/tmp/59411327/oesteban/bootstrap-fmriprep/59411327_352/project/derivatives/fmriprep-25.2 timestamp=1772861253.869841713s
755ed6d4-a5e4-4302-909f-f05d34b24713 oesteban@dna082:/tmp/59397077/oesteban/bootstrap-fmriprep/59397077_161/project/derivatives/fmriprep-25.2 timestamp=1772813389.537466764s
76504aa4-961b-4c48-928f-0aaf8c29b25c oesteban@dna024:/tmp/59378265/oesteban/bootstrap-fmriprep/59378265_4/project/derivatives/fmriprep-25.2 timestamp=1772773674.522430921s
76dbe878-da27-45bc-afdc-9068df27c862 oscar.esteban@calypso4:/tmp/oscar.esteban/test-annex-push/4180_0/project/derivatives/fmriprep-25.2 timestamp=1771865350s
77853132-5398-401a-baf9-575865565925 oscar.esteban@calypso7:/tmp/oscar.esteban/bootstrap-fmriprep/5312_2/project/derivatives/fmriprep-25.2 timestamp=1772002646s
783dd097-f258-42a6-a9a0-e3f39c6b06d5 oesteban@dna063:/tmp/59403710/oesteban/bootstrap-fmriprep/59403710_185/project/derivatives/fmriprep-25.2 timestamp=1772821175.939927135s
786c393d-a151-4dd6-a535-91c677437011 oesteban@dna028:/tmp/59410374/oesteban/bootstrap-fmriprep/59410374_287/project/derivatives/fmriprep-25.2 timestamp=1772847215.733268849s
787c33fd-27e4-4cef-89ad-b8e8a8a23c1b oesteban@dna082:/tmp/59389285/oesteban/bootstrap-fmriprep/59389285_110/project/derivatives/fmriprep-25.2 timestamp=1772801028.863401134s
791f1c9f-0e7e-45c9-a8c1-e886bbfe0142 oscar.esteban@calypso2:/tmp/oscar.esteban/bootstrap-fmriprep/6903_421/project/derivatives/fmriprep-25.2 timestamp=1772505521s
794b5f6a-3f3f-4613-8e10-79bfd03b09be oscar.esteban@calypso6:/tmp/oscar.esteban/bootstrap-fmriprep/5322_11/project/derivatives/fmriprep-25.2 timestamp=1772020228s
794f95b1-93db-42e4-bff3-a3f9bceecf64 oesteban@dna044:/tmp/59410353/oesteban/bootstrap-fmriprep/59410353_284/project/derivatives/fmriprep-25.2 timestamp=1772846525.433821831s
7967aafb-a3c0-46ef-86e2-7f3a4c84992f oesteban@dna050:/tmp/59380007/oesteban/bootstrap-fmriprep/59380007_52/project/derivatives/fmriprep-25.2 timestamp=1772784819.127720562s
7999842d-9fdc-4b96-9c16-7566af781ab9 oesteban@dna044:/tmp/59410355/oesteban/bootstrap-fmriprep/59410355_285/project/derivatives/fmriprep-25.2 timestamp=1772846546.929648357s
7a3e6659-f07c-43d4-99a4-d8e66a16bb9d oesteban@dna023:/tmp/59407399/oesteban/bootstrap-fmriprep/59407399_229/project/derivatives/fmriprep-25.2 timestamp=1772834369.16868167s
7a72e8c6-fe61-445b-982e-8ce1ab15a2a2 oesteban@dna061:/tmp/59410774/oesteban/bootstrap-fmriprep/59410774_334/project/derivatives/fmriprep-25.2 timestamp=1772856214.091670368s
7b1e03cd-dd37-4cc5-8c04-57e27b0548f9 oesteban@dna078:/tmp/59397342/oesteban/bootstrap-fmriprep/59397342_165/project/derivatives/fmriprep-25.2 timestamp=1772814725.404718677s
7b37e032-8237-468f-913d-a900ba8245f0 oesteban@dna030:/tmp/59406808/oesteban/bootstrap-fmriprep/59406808_225/project/derivatives/fmriprep-25.2 timestamp=1772833062.199860007s
7b40e160-e048-4671-9d35-6321295e0cb0 oscar.esteban@calypso2:/tmp/oscar.esteban/bootstrap-fmriprep/6484_3/project/derivatives/fmriprep-25.2 timestamp=1772450887s
7c2cd729-c58c-4551-b24a-98aee7ef1647 oscar.esteban@calypso4:/tmp/oscar.esteban/bootstrap-fmriprep/6482_1/project/derivatives/fmriprep-25.2 timestamp=1772450886s
7c5ee933-69a1-47ac-a95d-26b5b7c763ed oesteban@dna061:/tmp/59394710/oesteban/bootstrap-fmriprep/59394710_134/project/derivatives/fmriprep-25.2 timestamp=1772807000.663764957s
7c782819-9270-4a7c-aecd-9504aae985fd oesteban@dna018:/tmp/59373641/oesteban/bootstrap-fmriprep/59373641_9/project/derivatives/fmriprep-25.2 timestamp=1772754170.768669265s
7e1d4a4c-2e08-4aa3-9dcc-428748b27699 oscar.esteban@calypso4:/tmp/oscar.esteban/bootstrap-fmriprep/7208_726/project/derivatives/fmriprep-25.2 timestamp=1772564017s
7e4643fc-515f-4eb5-b458-aefd66d4990b oesteban@dna044:/tmp/59390872/oesteban/bootstrap-fmriprep/59390872_114/project/derivatives/fmriprep-25.2 timestamp=1772802170.633452141s
7f84c1a7-a537-42e3-b50f-2d7dc2377a4e oscar.esteban@calypso1:/tmp/oscar.esteban/bootstrap-fmriprep/7113_631/project/derivatives/fmriprep-25.2 timestamp=1772545653s
804b38c8-b03a-4659-abe7-361723ee8e8c oesteban@dna021:/tmp/59382605/oesteban/bootstrap-fmriprep/59382605_73/project/derivatives/fmriprep-25.2 timestamp=1772790781.544041755s
807c6469-3ce4-4856-8767-0a6956f43239 oscar.esteban@calypso2:/tmp/oscar.esteban/bootstrap-fmriprep/5343_32/project/derivatives/fmriprep-25.2 timestamp=1772082546s
816c8d45-c18d-4ebd-8f08-c398e3e58f5f ria-nas-storage timestamp=1771794658s
816f9077-b013-4849-a365-326fe552fffb oesteban@dna058:/tmp/59410972/oesteban/bootstrap-fmriprep/59410972_338/project/derivatives/fmriprep-25.2 timestamp=1772857744.262413364s
818791a6-bb6b-4ee6-9bdc-f1f9d374d347 oesteban@dna024:/tmp/59378696/oesteban/bootstrap-fmriprep/59378696_29/project/derivatives/fmriprep-25.2 timestamp=1772776321.052939698s
823be5aa-e119-4e37-981d-bf95d74843b2 oscar.esteban@calypso2:/tmp/oscar.esteban/bootstrap-fmriprep/7101_619/project/derivatives/fmriprep-25.2 timestamp=1772543423s
828d6eca-6543-45a8-95f3-10bdd8bec19e oesteban@dna041:/tmp/59410180/oesteban/bootstrap-fmriprep/59410180_270/project/derivatives/fmriprep-25.2 timestamp=1772843110.125097284s
830c29ed-9a17-4e64-b402-d8fc1ed7f7c1 oesteban@dna082:/tmp/59379359/oesteban/bootstrap-fmriprep/59379359_41/project/derivatives/fmriprep-25.2 timestamp=1772781138.862667535s
831c7950-6b09-40f1-9359-75fcb5cfb591 oesteban@dna080:/tmp/59411061/oesteban/bootstrap-fmriprep/59411061_342/project/derivatives/fmriprep-25.2 timestamp=1772858806.707386585s
8367d4a0-810b-45ee-a49a-2ba5983459f4 oesteban@dna078:/tmp/59391591/oesteban/bootstrap-fmriprep/59391591_122/project/derivatives/fmriprep-25.2 timestamp=1772803176.510901031s
84368be5-0cf8-4040-b330-33bfc83de4ac oesteban@dna082:/tmp/59395255/oesteban/bootstrap-fmriprep/59395255_147/project/derivatives/fmriprep-25.2 timestamp=1772809192.240661202s
8507fc07-5c14-49b4-a9ef-6aaee2644877 oesteban@dna082:/tmp/59378352/oesteban/bootstrap-fmriprep/59378352_14/project/derivatives/fmriprep-25.2 timestamp=1772774260.416647804s
855f1698-e866-4516-a390-d70108d1378a oesteban@dna023:/tmp/59381037/oesteban/bootstrap-fmriprep/59381037_65/project/derivatives/fmriprep-25.2 timestamp=1772788302.123215686s
85cda387-21db-4ce8-bcfc-3792391d21cb oesteban@dna063:/tmp/59394438/oesteban/bootstrap-fmriprep/59394438_131/project/derivatives/fmriprep-25.2 timestamp=1772806506.225963663s
85e76da5-55df-4e9e-be44-f0e8011fa7de oscar.esteban@calypso2:/tmp/oscar.esteban/bootstrap-fmriprep/4173_3/project/derivatives/fmriprep-25.2 timestamp=1771827338s
8644ef03-7df8-4baf-b243-66558d96a91c oesteban@dna061:/tmp/59378944/oesteban/bootstrap-fmriprep/59378944_36/project/derivatives/fmriprep-25.2 timestamp=1772777655.718899072s
86a3ba15-7e63-4117-bcaf-d284098e6e8b oesteban@dna085:/tmp/59390847/oesteban/bootstrap-fmriprep/59390847_112/project/derivatives/fmriprep-25.2 timestamp=1772802139.684334873s
86bb78f1-11d8-49c4-b4ae-17e23ce51e0e oesteban@dna063:/tmp/59410225/oesteban/bootstrap-fmriprep/59410225_273/project/derivatives/fmriprep-25.2 timestamp=1772843980.05730464s
87151b8d-702b-418e-bbc5-5c13f1bb8a17 oscar.esteban@calypso3:/tmp/oscar.esteban/bootstrap-fmriprep/4193_4/project/derivatives/fmriprep-25.2 timestamp=1771968992s
87182da1-213d-43ca-822e-5d098b30dc87 oscar.esteban@calypso6:/tmp/oscar.esteban/bootstrap-fmriprep/7340_858/project/derivatives/fmriprep-25.2 timestamp=1772589941s
88a12eff-11cc-479d-bf38-cd82f2e76347 oesteban@dna007:/tmp/59373310/oesteban/bootstrap-fmriprep/59373310_10/project/derivatives/fmriprep-25.2 timestamp=1772754469.868934302s
88a7cc29-015b-4d83-97de-131f13f14ec4 oscar.esteban@calypso6:/tmp/oscar.esteban/bootstrap-fmriprep/6911_429/project/derivatives/fmriprep-25.2 timestamp=1772506364s
8a0d69d6-fba6-4f37-a09f-dbe54ccb03f0 oesteban@dna023:/tmp/59381344/oesteban/bootstrap-fmriprep/59381344_70/project/derivatives/fmriprep-25.2 timestamp=1772789241.56999049s
8a1c89c6-6f40-4f43-b6f7-f990b9e869c9 oesteban@dna020:/tmp/59411356/oesteban/bootstrap-fmriprep/59411356_355/project/derivatives/fmriprep-25.2 timestamp=1772863193.388978821s
8b734198-593e-42a8-80c2-f11630a29b23 oesteban@dna007:/tmp/59378942/oesteban/bootstrap-fmriprep/59378942_35/project/derivatives/fmriprep-25.2 timestamp=1772777631.389932275s
8da24154-f353-49c1-89b4-d3c7f9268acf oscar.esteban@calypso3:/tmp/oscar.esteban/bootstrap-fmriprep/6485_4/project/derivatives/fmriprep-25.2 timestamp=1772450876s
8de17f12-e21a-43ca-b519-380951507642 oesteban@dna030:/tmp/59404129/oesteban/bootstrap-fmriprep/59404129_193/project/derivatives/fmriprep-25.2 timestamp=1772824149.470430275s
8fbaf379-0a33-4eea-9401-dd99c9a6f2fb oscar.esteban@calypso6:/tmp/oscar.esteban/bootstrap-fmriprep/7432_950/project/derivatives/fmriprep-25.2 timestamp=1772607587s
8fdc5a48-4811-4685-8b8e-b5bdf0aad529 oesteban@dna042:/tmp/59405547/oesteban/bootstrap-fmriprep/59405547_212/project/derivatives/fmriprep-25.2 timestamp=1772829865.455203644s
8fe9d2a5-9a8b-468d-a447-6d443e08ee2b oesteban@dna023:/tmp/59378350/oesteban/bootstrap-fmriprep/59378350_12/project/derivatives/fmriprep-25.2 timestamp=1772774204.083431043s
91bb2a46-25a6-48c5-b3cf-c3e5d2763b93 oesteban@dna082:/tmp/59378509/oesteban/bootstrap-fmriprep/59378509_22/project/derivatives/fmriprep-25.2 timestamp=1772775070.685965455s
9461cf9c-f99e-465b-9621-3e2241956e97 oesteban@dna044:/tmp/59373419/oesteban/bootstrap-fmriprep/59373419_5/project/derivatives/fmriprep-25.2 timestamp=1772752495.543905099s
96dfa3f4-15a4-4f42-926c-7d52c9ce8e23 oesteban@dna041:/tmp/59409792/oesteban/bootstrap-fmriprep/59409792_260/project/derivatives/fmriprep-25.2 timestamp=1772840445.043779329s
978e9ecd-a321-4041-9bef-5f8ffdf57e24 oscar.esteban@calypso8:/tmp/oscar.esteban/bootstrap-fmriprep/6993_511/project/derivatives/fmriprep-25.2 timestamp=1772522773s
97f92611-58b3-4fe0-b4ad-fa6ad8a03ec7 oesteban@curnagl:/scratch/oesteban/abide_fmriprep/derivatives/fmriprep-25.2 timestamp=1772485549.438807571s
996dd7b7-a8de-4a0b-8aee-a1e84dbff5f2 oesteban@dna061:/tmp/59404648/oesteban/bootstrap-fmriprep/59404648_205/project/derivatives/fmriprep-25.2 timestamp=1772826407.410544458s
9a71f613-f921-468b-8dae-5c8a016d69eb oscar.esteban@calypso4:/tmp/oscar.esteban/bootstrap-fmriprep/6819_337/project/derivatives/fmriprep-25.2 timestamp=1772488621s
9ab1b775-f237-46d6-8620-59b1975319f1 oesteban@dna044:/tmp/59403618/oesteban/bootstrap-fmriprep/59403618_182/project/derivatives/fmriprep-25.2 timestamp=1772819891.489670134s
9ac4daeb-559a-4580-9069-a85491049b30 oesteban@dna088:/tmp/59380006/oesteban/bootstrap-fmriprep/59380006_51/project/derivatives/fmriprep-25.2 timestamp=1772784811.794507625s
9add79ac-4221-4642-be1a-ff552a0b35e3 oesteban@dna042:/tmp/59391766/oesteban/bootstrap-fmriprep/59391766_125/project/derivatives/fmriprep-25.2 timestamp=1772803422.685498409s
9b48835e-1aa7-4648-9746-a265bd7de68c oesteban@dna044:/tmp/59405639/oesteban/bootstrap-fmriprep/59405639_216/project/derivatives/fmriprep-25.2 timestamp=1772830388.722431479s
9bccd19c-7e08-4ee4-befe-c6cb89ebc26c oesteban@dna024:/tmp/59378264/oesteban/bootstrap-fmriprep/59378264_3/project/derivatives/fmriprep-25.2 timestamp=1772773682.325864546s
9c38dfca-4180-44f8-a0f0-193ba37a1f1c oesteban@dna052:/tmp/59373436/oesteban/bootstrap-fmriprep/59373436_6/project/derivatives/fmriprep-25.2 timestamp=1772752614.09905285s
9c60c0ad-cce2-4bc7-b8bc-b89e809048e1 oesteban@dna004:/tmp/59388712/oesteban/bootstrap-fmriprep/59388712_108/project/derivatives/fmriprep-25.2 timestamp=1772800244.302555974s
9d635870-92ee-4364-b035-42e7d6426115 oesteban@dna041:/tmp/59404534/oesteban/bootstrap-fmriprep/59404534_202/project/derivatives/fmriprep-25.2 timestamp=1772825984.805666662s
9db47324-c9c1-4615-8cfe-4a98b367688d oesteban@dna007:/tmp/59379099/oesteban/bootstrap-fmriprep/59379099_40/project/derivatives/fmriprep-25.2 timestamp=1772778742.37500717s
9dfa8ab1-e54e-44f2-95d3-cb4bcbb5e1a0 oscar.esteban@calypso4:/tmp/oscar.esteban/bootstrap-fmriprep/5335_24/project/derivatives/fmriprep-25.2 timestamp=1772058234s
9e3f9483-06a2-44b8-93dc-8e20d0daa6d0 oesteban@dna028:/tmp/59410559/oesteban/bootstrap-fmriprep/59410559_303/project/derivatives/fmriprep-25.2 timestamp=1772850592.223630942s
9e5e52cd-108e-4935-9443-10253ca40931 oesteban@dna008:/tmp/59408400/oesteban/bootstrap-fmriprep/59408400_243/project/derivatives/fmriprep-25.2 timestamp=1772837270.056285989s
9e68cf3a-eaef-4559-90f6-c0198eecc3e9 oesteban@dna078:/tmp/59380529/oesteban/bootstrap-fmriprep/59380529_60/project/derivatives/fmriprep-25.2 timestamp=1772787169.66944044s
9e6b210c-8250-4654-a828-4ad0595507c2 oscar.esteban@calypso4:/tmp/oscar.esteban/bootstrap-fmriprep/5314_4/project/derivatives/fmriprep-25.2 timestamp=1772002642s
9ee60bcd-0dc0-4d46-acd4-0c99c2c5e424 oscar.esteban@calypso6:/tmp/oscar.esteban/bootstrap-fmriprep/4187_6/project/derivatives/fmriprep-25.2 timestamp=1771866426s
a013d779-2d2d-439d-a59c-711254e6420b oesteban@dna018:/tmp/59378601/oesteban/bootstrap-fmriprep/59378601_24/project/derivatives/fmriprep-25.2 timestamp=1772775601.898673775s
a1ba25f4-44ea-4f08-9611-5acdf40b393d oesteban@dna028:/tmp/59403912/oesteban/bootstrap-fmriprep/59403912_187/project/derivatives/fmriprep-25.2 timestamp=1772822859.91573978s
a2aabad6-2789-4745-b172-226105448680 oscar.esteban@calypso5:/tmp/oscar.esteban/bootstrap-fmriprep/6909_427/project/derivatives/fmriprep-25.2 timestamp=1772506174s
a35a6179-a032-4008-91ac-f3cb1e2c8bc5 oesteban@dna078:/tmp/59380808/oesteban/bootstrap-fmriprep/59380808_63/project/derivatives/fmriprep-25.2 timestamp=1772787846.138372338s
a37e5709-f2cc-458b-8e2f-fbda83df116f oesteban@dna021:/tmp/59409890/oesteban/bootstrap-fmriprep/59409890_266/project/derivatives/fmriprep-25.2 timestamp=1772841054.324168283s
a3d32210-f71c-4a44-8c6b-be97ec181fc1 oesteban@dna054:/tmp/59380008/oesteban/bootstrap-fmriprep/59380008_53/project/derivatives/fmriprep-25.2 timestamp=1772784824.086163609s
a4fdbe19-0a7e-41d0-ba6e-b5d60aca0d01 oesteban@dna043:/tmp/59410383/oesteban/bootstrap-fmriprep/59410383_290/project/derivatives/fmriprep-25.2 timestamp=1772847541.975899787s
a503388d-4b33-4c5b-bc34-029a2661dc73 oesteban@dna032:/tmp/59382907/oesteban/bootstrap-fmriprep/59382907_74/project/derivatives/fmriprep-25.2 timestamp=1772790938.184600407s
a50b215e-8304-40c1-beaf-a13d0c5c57c2 oesteban@dna062:/tmp/59408627/oesteban/bootstrap-fmriprep/59408627_247/project/derivatives/fmriprep-25.2 timestamp=1772837875.575503502s
a579e760-289d-40d2-8ef8-ac04bd99d2c1 oesteban@dna052:/tmp/59384376/oesteban/bootstrap-fmriprep/59384376_90/project/derivatives/fmriprep-25.2 timestamp=1772794416.800269621s
a648e487-7bf4-474d-9948-38c9aefcdc2c oesteban@dna008:/tmp/59386595/oesteban/bootstrap-fmriprep/59386595_103/project/derivatives/fmriprep-25.2 timestamp=1772798470.09603716s
a653fc75-012c-4fb3-be07-7371860194a6 oesteban@dna082:/tmp/59411367/oesteban/bootstrap-fmriprep/59411367_358/project/derivatives/fmriprep-25.2 timestamp=1772863499.855755039s
a6f95f52-06d1-41a4-ba45-79a128ebd37d oscar.esteban@calypso3:/tmp/oscar.esteban/bootstrap-fmriprep/6825_343/project/derivatives/fmriprep-25.2 timestamp=1772489742s
a733b090-921d-4e5a-ac78-03ae355eb5c6 oesteban@dna088:/tmp/59410366/oesteban/bootstrap-fmriprep/59410366_286/project/derivatives/fmriprep-25.2 timestamp=1772846824.926705502s
a76350ba-3b6e-4fcf-bd06-40f7381760d9 oesteban@dna047:/tmp/59411098/oesteban/bootstrap-fmriprep/59411098_345/project/derivatives/fmriprep-25.2 timestamp=1772859289.91005017s
a8815e68-4941-4133-9ba4-f98c85700ec0 oesteban@dna082:/tmp/59380530/oesteban/bootstrap-fmriprep/59380530_61/project/derivatives/fmriprep-25.2 timestamp=1772787177.754372837s
a9f81dc5-649e-4a06-b0fa-3bd512c87c1f oscar.esteban@calypso3:/tmp/oscar.esteban/bootstrap-fmriprep/7398_916/project/derivatives/fmriprep-25.2 timestamp=1772601044s
aa810439-acda-4f90-a0fa-3ff79652d8f0 oesteban@dna079:/tmp/59394640/oesteban/bootstrap-fmriprep/59394640_133/project/derivatives/fmriprep-25.2 timestamp=1772806923.531586634s
aa866c2b-791e-444c-b7e6-ccf2156b6cf2 oesteban@dna047:/tmp/59379011/oesteban/bootstrap-fmriprep/59379011_39/project/derivatives/fmriprep-25.2 timestamp=1772778096.294483566s
aaf9dc74-bd09-472a-8c58-3ff823201851 oesteban@dna052:/tmp/59408723/oesteban/bootstrap-fmriprep/59408723_252/project/derivatives/fmriprep-25.2 timestamp=1772838145.33802093s
ab648874-8a7d-43c0-bf34-3d80d4959a7f oesteban@dna014:/tmp/59410707/oesteban/bootstrap-fmriprep/59410707_329/project/derivatives/fmriprep-25.2 timestamp=1772854972.034943195s
abc316bc-449d-457e-aa31-f592f19f7700 oscar.esteban@calypso4:/tmp/oscar.esteban/bootstrap-fmriprep/7099_617/project/derivatives/fmriprep-25.2 timestamp=1772543309s
ac13f189-2918-40a8-8718-84754c221fba oesteban@dna058:/tmp/59391590/oesteban/bootstrap-fmriprep/59391590_121/project/derivatives/fmriprep-25.2 timestamp=1772803179.238038899s
acc1a68d-ff63-4944-bc27-92fb16376614 oscar.esteban@calypso5:/tmp/oscar.esteban/bootstrap-fmriprep/4186_5/project/derivatives/fmriprep-25.2 timestamp=1771866429s
acd8b987-1b99-48a2-b1e7-701652c90503 oscar.esteban@calypso3:/tmp/oscar.esteban/bootstrap-fmriprep/5346_35/project/derivatives/fmriprep-25.2 timestamp=1772093128s
ad1cac2c-584a-4321-8751-a2bfbed29199 oesteban@dna007:/tmp/59385110/oesteban/bootstrap-fmriprep/59385110_92/project/derivatives/fmriprep-25.2 timestamp=1772795947.074800083s
ad658cd7-5098-4fa0-8f46-889c0c9e5061 oesteban@dna052:/tmp/59410684/oesteban/bootstrap-fmriprep/59410684_325/project/derivatives/fmriprep-25.2 timestamp=1772854492.258915548s
ad930237-aec5-4e22-ae27-033c3099f229 oesteban@dna077:/tmp/59395735/oesteban/bootstrap-fmriprep/59395735_153/project/derivatives/fmriprep-25.2 timestamp=1772810489.962178235s
add6c445-7ad4-4a68-94b3-16ae8608fb6f oesteban@dna079:/tmp/59409848/oesteban/bootstrap-fmriprep/59409848_263/project/derivatives/fmriprep-25.2 timestamp=1772840687.259126674s
ae00efcf-8464-4f03-bdd2-864eb6bf0b31 oesteban@dna028:/tmp/59403499/oesteban/bootstrap-fmriprep/59403499_173/project/derivatives/fmriprep-25.2 timestamp=1772818206.163560001s
ae1fc36c-1f92-4548-88c2-3f3f98feaccb oesteban@dna052:/tmp/59378990/oesteban/bootstrap-fmriprep/59378990_38/project/derivatives/fmriprep-25.2 timestamp=1772777958.962529003s
ae3a2b6c-2f3d-4b6b-9e54-0b1138db861b oesteban@dna028:/tmp/59394524/oesteban/bootstrap-fmriprep/59394524_132/project/derivatives/fmriprep-25.2 timestamp=1772806723.573597313s
ae5b1bd4-9439-4cea-a6ea-d7cf58a5616d oesteban@dna044:/tmp/59381222/oesteban/bootstrap-fmriprep/59381222_68/project/derivatives/fmriprep-25.2 timestamp=1772788821.434719112s
aefc6d01-1f59-4f90-aa8d-c4fd21196f8d oscar.esteban@calypso6:/tmp/oscar.esteban/bootstrap-fmriprep/6487_6/project/derivatives/fmriprep-25.2 timestamp=1772450875s
af9df8d2-9e9e-43a4-971d-8b8159d8e1bb oscar.esteban@calypso2:/tmp/oscar.esteban/bootstrap-fmriprep/7395_913/project/derivatives/fmriprep-25.2 timestamp=1772600555s
afd07763-abb4-4615-ac99-b159ae53af70 oesteban@dna063:/tmp/59378926/oesteban/bootstrap-fmriprep/59378926_33/project/derivatives/fmriprep-25.2 timestamp=1772777566.059635348s
aff28dd5-e954-41e3-b382-242699a3157e oscar.esteban@calypso3:/tmp/oscar.esteban/bootstrap-fmriprep/5320_9/project/derivatives/fmriprep-25.2 timestamp=1772019927s
b0dcdfa3-3c55-4488-a533-1455cb3c87df oesteban@dna047:/tmp/59410695/oesteban/bootstrap-fmriprep/59410695_328/project/derivatives/fmriprep-25.2 timestamp=1772854645.983271559s
b2d4a193-08bb-4b3d-b4c8-2e2dbeef2fb8 oesteban@dna047:/tmp/59404272/oesteban/bootstrap-fmriprep/59404272_198/project/derivatives/fmriprep-25.2 timestamp=1772824943.244098757s
b337082f-e4ba-4e2a-9dc2-4302f8ad5fad oesteban@dna061:/tmp/59410028/oesteban/bootstrap-fmriprep/59410028_267/project/derivatives/fmriprep-25.2 timestamp=1772842077.162881254s
b489ef8a-e557-43c8-bf31-59571b1eecd3 oesteban@dna023:/tmp/59391515/oesteban/bootstrap-fmriprep/59391515_120/project/derivatives/fmriprep-25.2 timestamp=1772802909.571771139s
b4ee369f-a332-4eff-a856-249b8d7e3404 oesteban@dna023:/tmp/59379884/oesteban/bootstrap-fmriprep/59379884_44/project/derivatives/fmriprep-25.2 timestamp=1772784555.356817841s
b6209854-1f7e-443d-91a9-a3d2e6073cd5 oesteban@dna042:/tmp/59411076/oesteban/bootstrap-fmriprep/59411076_344/project/derivatives/fmriprep-25.2 timestamp=1772859094.925186418s
b64fa600-c554-4838-a4e9-59cceb395dc7 oesteban@dna061:/tmp/59383829/oesteban/bootstrap-fmriprep/59383829_81/project/derivatives/fmriprep-25.2 timestamp=1772792992.728892168s
b6fc213c-9765-4c67-a922-645dc81f462d oscar.esteban@calypso4:/tmp/oscar.esteban/bootstrap-fmriprep/5330_19/project/derivatives/fmriprep-25.2 timestamp=1772039140s
b71c670d-26c7-4e32-b8d8-c3ed67767e06 oesteban@dna042:/tmp/59397332/oesteban/bootstrap-fmriprep/59397332_164/project/derivatives/fmriprep-25.2 timestamp=1772814670.696524132s
b73c5857-e7f5-47dd-9fd2-6d5dceeca439 oesteban@dna052:/tmp/59403913/oesteban/bootstrap-fmriprep/59403913_188/project/derivatives/fmriprep-25.2 timestamp=1772822860.585068775s
b7649ddc-45ef-4edc-84bd-05db63ebc656 oscar.esteban@calypso7:/tmp/oscar.esteban/bootstrap-fmriprep/4170_7/project/derivatives/fmriprep-25.2 timestamp=1771827339s
b7bba713-ae4f-4da8-bc0d-694cf2e5efc1 oesteban@dna079:/tmp/59410215/oesteban/bootstrap-fmriprep/59410215_271/project/derivatives/fmriprep-25.2 timestamp=1772843700.736518347s
b7c681c5-2b5d-4899-a029-58adb50b692d oesteban@dna028:/tmp/59390848/oesteban/bootstrap-fmriprep/59390848_113/project/derivatives/fmriprep-25.2 timestamp=1772802144.535132434s
b8539fdd-8444-4c9b-9749-74ad0ae72fdd oesteban@dna032:/tmp/59378339/oesteban/bootstrap-fmriprep/59378339_11/project/derivatives/fmriprep-25.2 timestamp=1772774164.481398218s
b90176f2-99de-4f22-a86b-af43934ab4a1 oesteban@dna066:/tmp/59394918/oesteban/bootstrap-fmriprep/59394918_135/project/derivatives/fmriprep-25.2 timestamp=1772807678.447529805s
b9ed64fa-1dfc-403e-ba79-9425e87dfc56 oesteban@dna061:/tmp/59409813/oesteban/bootstrap-fmriprep/59409813_261/project/derivatives/fmriprep-25.2 timestamp=1772840537.031541059s
ba6bd299-02c8-4355-ae6c-19185543225f oesteban@dna079:/tmp/59410658/oesteban/bootstrap-fmriprep/59410658_321/project/derivatives/fmriprep-25.2 timestamp=1772853774.327736728s
bb520f42-3922-4729-8727-b4a80439d812 oesteban@dna024:/tmp/59398379/oesteban/bootstrap-fmriprep/59398379_167/project/derivatives/fmriprep-25.2 timestamp=1772816832.387353566s
bb7ca48d-c19c-4d33-b1b4-0dd608dcb314 oesteban@dna021:/tmp/59378305/oesteban/bootstrap-fmriprep/59378305_10/project/derivatives/fmriprep-25.2 timestamp=1772773895.938343233s
bb83a6b9-1100-464d-8233-92fe9c2375eb oesteban@dna077:/tmp/59380003/oesteban/bootstrap-fmriprep/59380003_48/project/derivatives/fmriprep-25.2 timestamp=1772784815.311812507s
bce5927d-9272-46a2-b4c5-6b093a4e51df oesteban@dna021:/tmp/59393075/oesteban/bootstrap-fmriprep/59393075_128/project/derivatives/fmriprep-25.2 timestamp=1772804481.309245998s
bdaef446-8eb9-44e3-8a80-9e236983f551 oesteban@dna024:/tmp/59410375/oesteban/bootstrap-fmriprep/59410375_288/project/derivatives/fmriprep-25.2 timestamp=1772847270.55244389s
beb8d099-0be4-4c44-9a2a-10999b8b1b2d oesteban@dna018:/tmp/59406907/oesteban/bootstrap-fmriprep/59406907_226/project/derivatives/fmriprep-25.2 timestamp=1772833360.580641242s
bf5498dd-2130-48c5-9559-0d956bb4cd4a oesteban@dna052:/tmp/59410425/oesteban/bootstrap-fmriprep/59410425_293/project/derivatives/fmriprep-25.2 timestamp=1772848780.924499175s
bf6bb879-36d1-4e4e-96b0-c3055f255428 oscar.esteban@calypso1:/tmp/oscar.esteban/bootstrap-fmriprep/7392_910/project/derivatives/fmriprep-25.2 timestamp=1772600161s
bff3cfcd-443f-4a65-aa7f-382b53048584 oscar.esteban@calypso2:/tmp/oscar.esteban/bootstrap-fmriprep/4192_3/project/derivatives/fmriprep-25.2 timestamp=1771968995s
c0bad80c-2b89-404c-b0ab-32e96c4c0695 oscar.esteban@calypso2:/tmp/oscar.esteban/bootstrap-fmriprep/7000_518/project/derivatives/fmriprep-25.2 timestamp=1772524185s
c0dac272-c3d5-4446-b7e0-704700ff71b4 oesteban@dna058:/tmp/59410973/oesteban/bootstrap-fmriprep/59410973_339/project/derivatives/fmriprep-25.2 timestamp=1772857745.580385783s
c0e1459b-49da-4e01-bfd9-5d8216ce26a0 oesteban@dna054:/tmp/59410668/oesteban/bootstrap-fmriprep/59410668_323/project/derivatives/fmriprep-25.2 timestamp=1772853942.288285575s
c0fbfd69-0367-4580-a1af-9e711702b816 oscar.esteban@calypso1:/tmp/oscar.esteban/bootstrap-fmriprep/6814_332/project/derivatives/fmriprep-25.2 timestamp=1772488165s
c13430cd-8a55-4d76-817e-c79bdb03ce89 oscar.esteban@calypso3:/tmp/oscar.esteban/bootstrap-fmriprep/7098_616/project/derivatives/fmriprep-25.2 timestamp=1772543122s
c1456393-74e3-4806-8496-06ca057e72cd oesteban@dna010:/tmp/59387640/oesteban/bootstrap-fmriprep/59387640_105/project/derivatives/fmriprep-25.2 timestamp=1772799266.505235913s
c1c2c662-ee95-4a46-891f-ca669986748b oesteban@dna047:/tmp/59386526/oesteban/bootstrap-fmriprep/59386526_100/project/derivatives/fmriprep-25.2 timestamp=1772798040.015125207s
c38f6f46-3206-4851-8c38-9ada51fff813 oscar.esteban@calypso6:/tmp/oscar.esteban/bootstrap-fmriprep/4176_6/project/derivatives/fmriprep-25.2 timestamp=1771827339s
c3b1ccf7-8d12-477f-82c3-3620bae28759 oscar.esteban@calypso5:/tmp/oscar.esteban/test-ria-push/4168/project/derivatives/fmriprep-25.2 timestamp=1771795054s
c445ca57-574c-465b-96cb-a8c58a4ed95c oscar.esteban@calypso6:/tmp/oscar.esteban/bootstrap-fmriprep/6672_190/project/derivatives/fmriprep-25.2 timestamp=1772470490s
c4770fbc-dc1f-4537-90da-6040bfae0ba0 oscar.esteban@calypso2:/tmp/oscar.esteban/bootstrap-fmriprep/5316_6/project/derivatives/fmriprep-25.2 timestamp=1772002643s
c5cf881e-b523-440c-8863-0eb109bc23ab oesteban@dna063:/tmp/59406536/oesteban/bootstrap-fmriprep/59406536_223/project/derivatives/fmriprep-25.2 timestamp=1772832782.932280654s
c5efe339-437c-477b-9690-4ad05abb549d oscar.esteban@calypso3:/tmp/oscar.esteban/bootstrap-fmriprep/6680_198/project/derivatives/fmriprep-25.2 timestamp=1772471250s
c60adb4e-a353-48f4-a424-9c2e8cc7258c oesteban@dna041:/tmp/59411049/oesteban/bootstrap-fmriprep/59411049_341/project/derivatives/fmriprep-25.2 timestamp=1772858393.471868933s
c641d77f-4643-4878-8643-7d530e2fe223 oscar.esteban@calypso6:/tmp/oscar.esteban/bootstrap-fmriprep/7034_552/project/derivatives/fmriprep-25.2 timestamp=1772530548s
c89b0050-9936-4791-9df8-c457ba676478 oesteban@dna024:/tmp/59411355/oesteban/bootstrap-fmriprep/59411355_354/project/derivatives/fmriprep-25.2 timestamp=1772863051.207655358s
c89d4741-369d-41be-af0a-e07a7cb36f18 oesteban@dna004:/tmp/59386605/oesteban/bootstrap-fmriprep/59386605_104/project/derivatives/fmriprep-25.2 timestamp=1772798537.024861916s
c8ac207d-5666-4fb9-a64f-cc17add3029c oscar.esteban@calypso3:/tmp/oscar.esteban/bootstrap-fmriprep/4174_4/project/derivatives/fmriprep-25.2 timestamp=1771827338s
c95a0610-b124-4911-9482-6383b0a84ff0 oesteban@dna049:/tmp/59407777/oesteban/bootstrap-fmriprep/59407777_235/project/derivatives/fmriprep-25.2 timestamp=1772835437.708761611s
c9b65fc4-25af-481b-a178-83eda6e4fa9b oesteban@dna023:/tmp/59403569/oesteban/bootstrap-fmriprep/59403569_179/project/derivatives/fmriprep-25.2 timestamp=1772819383.694478186s
ca1e000c-061b-4a78-aa9d-9fe498131988 oesteban@dna020:/tmp/59408368/oesteban/bootstrap-fmriprep/59408368_242/project/derivatives/fmriprep-25.2 timestamp=1772837170.839741542s
ca5abfeb-8bd6-4465-8688-b2526a93b97b oesteban@dna021:/tmp/59395460/oesteban/bootstrap-fmriprep/59395460_152/project/derivatives/fmriprep-25.2 timestamp=1772809721.869643392s
caa3d7ab-d5b0-48dd-a65f-ba2776fa3cbc oscar.esteban@calypso1:/tmp/oscar.esteban/bootstrap-fmriprep/7298_816/project/derivatives/fmriprep-25.2 timestamp=1772581740s
cb44af93-9f7e-4788-b445-b5ee19f80d3f oscar.esteban@calypso4:/tmp/oscar.esteban/bootstrap-fmriprep/6655_173/project/derivatives/fmriprep-25.2 timestamp=1772468926s
cb704542-8061-4aef-b0fa-33b953549eb1 oesteban@dna020:/tmp/59411359/oesteban/bootstrap-fmriprep/59411359_356/project/derivatives/fmriprep-25.2 timestamp=1772863259.129417525s
cb8212f0-9a56-4b8c-bf91-163c30dae1d5 oesteban@dna018:/tmp/59396161/oesteban/bootstrap-fmriprep/59396161_158/project/derivatives/fmriprep-25.2 timestamp=1772811412.564777746s
cc21b8ac-03dc-41a4-99fb-ec6bae056e1b oesteban@dna023:/tmp/59411395/oesteban/bootstrap-fmriprep/59411395_365/project/derivatives/fmriprep-25.2 timestamp=1772864850.273962682s
cc4ad259-4dbf-4cc6-a3bb-7637a5937ea4 oesteban@dna018:/tmp/59404007/oesteban/bootstrap-fmriprep/59404007_190/project/derivatives/fmriprep-25.2 timestamp=1772823165.446299044s
cd7c2ab9-4a7b-4ef3-9068-cc6a324cd346 oesteban@dna050:/tmp/59390963/oesteban/bootstrap-fmriprep/59390963_118/project/derivatives/fmriprep-25.2 timestamp=1772802359.102070193s
ceac789f-18f0-4da2-a8e3-46d913625688 oesteban@dna052:/tmp/59405248/oesteban/bootstrap-fmriprep/59405248_210/project/derivatives/fmriprep-25.2 timestamp=1772828561.775152932s
cf69b4c0-874a-421d-9529-9b98b78dd9b9 oesteban@dna020:/tmp/59391423/oesteban/bootstrap-fmriprep/59391423_119/project/derivatives/fmriprep-25.2 timestamp=1772802634.678960889s
cfa86635-6029-4a5d-8f97-95d0d55e9f38 oscar.esteban@calypso4:/tmp/oscar.esteban/bootstrap-fmriprep/7310_828/project/derivatives/fmriprep-25.2 timestamp=1772583822s
d07fc3d0-21ff-4b51-a948-b04051f16742 oscar.esteban@calypso4:/tmp/oscar.esteban/test-annex-push/4179_0/project/derivatives/fmriprep-25.2 timestamp=1771862495s
d16db4a4-c3e2-4e29-9e0e-deb22a66a402 oscar.esteban@calypso5:/tmp/oscar.esteban/bootstrap-fmriprep/7005_523/project/derivatives/fmriprep-25.2 timestamp=1772524878s
d1a18509-49cd-4882-8641-5759dcef213a oesteban@dna063:/tmp/59404944/oesteban/bootstrap-fmriprep/59404944_208/project/derivatives/fmriprep-25.2 timestamp=1772827259.160175353s
d22d611f-07e4-4ca6-9264-789fdb96c110 oesteban@dna082:/tmp/59408950/oesteban/bootstrap-fmriprep/59408950_255/project/derivatives/fmriprep-25.2 timestamp=1772838468.114652377s
d2fba6c5-a773-4f43-b483-75ca4983897f oesteban@dna082:/tmp/59404577/oesteban/bootstrap-fmriprep/59404577_203/project/derivatives/fmriprep-25.2 timestamp=1772826164.766694174s
d3b940ce-ca76-4bdf-841c-28d95023237b oesteban@dna044:/tmp/59398281/oesteban/bootstrap-fmriprep/59398281_166/project/derivatives/fmriprep-25.2 timestamp=1772816406.893949741s
d3e33597-2ac3-4674-967d-54b8376e5366 oesteban@dna020:/tmp/59378669/oesteban/bootstrap-fmriprep/59378669_27/project/derivatives/fmriprep-25.2 timestamp=1772776020.589831631s
d44ab23d-b714-4003-aa8f-65b99928cf7c oesteban@dna078:/tmp/59410644/oesteban/bootstrap-fmriprep/59410644_320/project/derivatives/fmriprep-25.2 timestamp=1772853391.651606664s
d5267474-4c4b-4a99-9c2a-a1426359ac1c oesteban@dna030:/tmp/59373368/oesteban/bootstrap-fmriprep/59373368_4/project/derivatives/fmriprep-25.2 timestamp=1772752078.968503086s
d5fb9e0d-001d-463c-9115-38e3d70e7177 oesteban@dna007:/tmp/59395195/oesteban/bootstrap-fmriprep/59395195_143/project/derivatives/fmriprep-25.2 timestamp=1772808983.58117353s
d70cff55-9b76-496f-b3a8-8fc13a67c79f oesteban@dna054:/tmp/59408714/oesteban/bootstrap-fmriprep/59408714_251/project/derivatives/fmriprep-25.2 timestamp=1772838114.192537986s
d72b3ea0-9528-4273-aea9-6feb64aeedc0 oesteban@dna007:/tmp/59410714/oesteban/bootstrap-fmriprep/59410714_330/project/derivatives/fmriprep-25.2 timestamp=1772855122.507205311s
da78060a-2e01-40b9-83f6-35e89e8c0690 oesteban@dna047:/tmp/59410623/oesteban/bootstrap-fmriprep/59410623_317/project/derivatives/fmriprep-25.2 timestamp=1772852701.70499255s
daa03fb6-8fca-4413-9bec-6fccbbf58505 oscar.esteban@calypso4:/tmp/oscar.esteban/bootstrap-fmriprep/6906_424/project/derivatives/fmriprep-25.2 timestamp=1772505943s
dac9a391-9f08-4e92-974a-956bb07250a9 oscar.esteban@calypso4:/tmp/oscar.esteban/bootstrap-fmriprep/7408_926/project/derivatives/fmriprep-25.2 timestamp=1772602999s
dba7f6e1-b222-4e4b-bd15-57c21f661c95 oesteban@dna032:/tmp/59395236/oesteban/bootstrap-fmriprep/59395236_146/project/derivatives/fmriprep-25.2 timestamp=1772809144.102763485s
dc804563-d60c-47c3-a279-83d8e61feb6b oesteban@dna018:/tmp/59394949/oesteban/bootstrap-fmriprep/59394949_136/project/derivatives/fmriprep-25.2 timestamp=1772807894.895542636s
dcdc76e3-539d-4aca-b783-10dd36040890 oesteban@dna058:/tmp/59407737/oesteban/bootstrap-fmriprep/59407737_233/project/derivatives/fmriprep-25.2 timestamp=1772835192.055757263s
dd37712d-9928-4dbd-8b7e-0ade40a509fd oesteban@dna063:/tmp/59384292/oesteban/bootstrap-fmriprep/59384292_89/project/derivatives/fmriprep-25.2 timestamp=1772794235.952073274s
dde831d3-a877-453d-8cee-b6357a19db46 oesteban@dna044:/tmp/59391957/oesteban/bootstrap-fmriprep/59391957_126/project/derivatives/fmriprep-25.2 timestamp=1772803781.333294934s
de2e22f4-0800-4660-83f9-ae4622bbeef8 oesteban@dna030:/tmp/59409880/oesteban/bootstrap-fmriprep/59409880_264/project/derivatives/fmriprep-25.2 timestamp=1772840930.577687855s
de87ef55-7965-4977-aba7-0648285184e3 oesteban@dna082:/tmp/59410420/oesteban/bootstrap-fmriprep/59410420_292/project/derivatives/fmriprep-25.2 timestamp=1772848528.451232992s
dece84cb-1879-48c0-965e-f888992d4982 oesteban@dna042:/tmp/59403528/oesteban/bootstrap-fmriprep/59403528_176/project/derivatives/fmriprep-25.2 timestamp=1772818765.170693661s
e150841a-a66e-448f-8d0a-e63ddf83a80e oesteban@dna008:/tmp/59410619/oesteban/bootstrap-fmriprep/59410619_316/project/derivatives/fmriprep-25.2 timestamp=1772852627.965354564s
e1ca85a3-d96a-4bd5-ab29-5407f2781b2e oesteban@dna028:/tmp/59403521/oesteban/bootstrap-fmriprep/59403521_174/project/derivatives/fmriprep-25.2 timestamp=1772818512.448309638s
e1f2ab72-9b73-4717-a489-91cacc42d5ef oscar.esteban@calypso1:/tmp/oscar.esteban/bootstrap-fmriprep/5339_28/project/derivatives/fmriprep-25.2 timestamp=1772073055s
e2661744-c4de-41b0-ae3f-e84fd4532f7b oesteban@dna007:/tmp/59384220/oesteban/bootstrap-fmriprep/59384220_87/project/derivatives/fmriprep-25.2 timestamp=1772794024.015265583s
e2737d6d-0953-4bce-919d-966b44371167 oesteban@dna078:/tmp/59378387/oesteban/bootstrap-fmriprep/59378387_16/project/derivatives/fmriprep-25.2 timestamp=1772774452.498135734s
e275f1e7-20eb-4cb2-a00a-565472657dea oesteban@dna023:/tmp/59378351/oesteban/bootstrap-fmriprep/59378351_13/project/derivatives/fmriprep-25.2 timestamp=1772774204.936824043s
e2b729d5-e4dd-458d-9bef-35e7f6bbd6e3 oesteban@dna061:/tmp/59378395/oesteban/bootstrap-fmriprep/59378395_17/project/derivatives/fmriprep-25.2 timestamp=1772774448.510103608s
e2d932fa-9299-45e2-8aca-869cdfe48425 oesteban@dna049:/tmp/59411393/oesteban/bootstrap-fmriprep/59411393_363/project/derivatives/fmriprep-25.2 timestamp=1772864703.835364452s
e3142f4d-7549-4e95-9f46-174c06b30ec2 oesteban@dna082:/tmp/59411336/oesteban/bootstrap-fmriprep/59411336_353/project/derivatives/fmriprep-25.2 timestamp=1772861637.126475439s
e458625b-593d-403c-a071-ece39a42d707 oesteban@dna023:/tmp/59406802/oesteban/bootstrap-fmriprep/59406802_224/project/derivatives/fmriprep-25.2 timestamp=1772833023.938974495s
e4e05099-ecf1-4a8d-8803-fee1c185d1e5 oesteban@dna024:/tmp/59395100/oesteban/bootstrap-fmriprep/59395100_141/project/derivatives/fmriprep-25.2 timestamp=1772808648.889329518s
e4ee0f40-05b3-468b-af22-c6dce7f3e68f oesteban@dna030:/tmp/59378970/oesteban/bootstrap-fmriprep/59378970_37/project/derivatives/fmriprep-25.2 timestamp=1772777880.870288959s
e56b654b-ecf0-4898-9ba0-bb1fa7a81d24 oesteban@dna082:/tmp/59385115/oesteban/bootstrap-fmriprep/59385115_93/project/derivatives/fmriprep-25.2 timestamp=1772795977.389729876s
e7ee9d1f-798b-4298-91df-1eeffbaa5c17 oesteban@dna030:/tmp/59395030/oesteban/bootstrap-fmriprep/59395030_139/project/derivatives/fmriprep-25.2 timestamp=1772808292.546689394s
e8c0acbf-8f29-4c0c-998d-985244494f0e oesteban@dna063:/tmp/59410686/oesteban/bootstrap-fmriprep/59410686_326/project/derivatives/fmriprep-25.2 timestamp=1772854542.057162808s
e9d3dcf0-ed8c-44b4-b2d4-fdb1b6b60d0a oesteban@dna087:/tmp/59380005/oesteban/bootstrap-fmriprep/59380005_50/project/derivatives/fmriprep-25.2 timestamp=1772784814.401318063s
ec4b5fde-6053-4b3d-8b0c-c4bc8f10fcbc oesteban@dna079:/tmp/59405826/oesteban/bootstrap-fmriprep/59405826_221/project/derivatives/fmriprep-25.2 timestamp=1772831334.976481049s
ec8c05f6-f93c-450e-bc8c-6f8e7b653729 oesteban@dna007:/tmp/59408661/oesteban/bootstrap-fmriprep/59408661_249/project/derivatives/fmriprep-25.2 timestamp=1772837966.69045153s
ecaa3803-f224-4401-b893-df53ec632805 oesteban@dna028:/tmp/59381178/oesteban/bootstrap-fmriprep/59381178_66/project/derivatives/fmriprep-25.2 timestamp=1772788637.418436867s
ed297675-77ce-42da-b034-c2861f0e1d8b oesteban@soma.local:~/workspace/abide_preproc/derivatives/fmriprep-25.2 timestamp=1770199600s
ed46c25a-7382-4263-8585-f06c9c7440d1 oesteban@dna024:/tmp/59409814/oesteban/bootstrap-fmriprep/59409814_262/project/derivatives/fmriprep-25.2 timestamp=1772840535.477386419s
ee7d0c4f-6d96-444b-ae6c-9bfdecd7d2e4 oesteban@dna044:/tmp/59411326/oesteban/bootstrap-fmriprep/59411326_351/project/derivatives/fmriprep-25.2 timestamp=1772861044.829725998s
eee1c435-cf6a-4237-8c23-28b648c6dc71 oesteban@dna020:/tmp/59403916/oesteban/bootstrap-fmriprep/59403916_189/project/derivatives/fmriprep-25.2 timestamp=1772822885.792935974s
ef0f234c-9058-4323-bdaf-84863e0e107d oesteban@dna052:/tmp/59397178/oesteban/bootstrap-fmriprep/59397178_162/project/derivatives/fmriprep-25.2 timestamp=1772814032.91190673s
ef0f9f13-211b-4c0f-9a91-e88efe5ae471 oscar.esteban@calypso4:/tmp/oscar.esteban/bootstrap-fmriprep/5342_31/project/derivatives/fmriprep-25.2 timestamp=1772079138s
ef8c9cc1-42c1-49bc-8342-813f176a9535 oesteban@dna078:/tmp/59409885/oesteban/bootstrap-fmriprep/59409885_265/project/derivatives/fmriprep-25.2 timestamp=1772840992.455995271s
efca2b27-a4b6-4e49-8e3f-03fe90221f34 oscar.esteban@calypso2:/tmp/oscar.esteban/bootstrap-fmriprep/6808_326/project/derivatives/fmriprep-25.2 timestamp=1772487090s
eff48f95-07bf-46c3-8cce-31bc4cc74591 oesteban@dna007:/tmp/59411320/oesteban/bootstrap-fmriprep/59411320_349/project/derivatives/fmriprep-25.2 timestamp=1772860737.858442144s
f0231a24-7825-4acc-be00-f59a4b82249e oscar.esteban@calypso7:/tmp/oscar.esteban/bootstrap-fmriprep/5331_20/project/derivatives/fmriprep-25.2 timestamp=1772045451s
f1b0730c-17a5-484c-9079-c3d3550c45a1 oscar.esteban@calypso6:/tmp/oscar.esteban/bootstrap-fmriprep/5347_36/project/derivatives/fmriprep-25.2 timestamp=1772094953s
f230ea37-6d3d-4bfc-9d26-424c970b8cfb oscar.esteban@calypso4:/tmp/oscar.esteban/bootstrap-fmriprep/4182_1/project/derivatives/fmriprep-25.2 timestamp=1771866429s
f3356103-6d79-4b71-9669-f9e988f510ef oesteban@dna032:/tmp/59378863/oesteban/bootstrap-fmriprep/59378863_32/project/derivatives/fmriprep-25.2 timestamp=1772777295.889012122s
f39afe51-3fda-417b-b05b-b54c34abb356 oesteban@dna063:/tmp/59378357/oesteban/bootstrap-fmriprep/59378357_15/project/derivatives/fmriprep-25.2 timestamp=1772774279.513167089s
f5b314f3-f183-451b-a4af-1cea887eed03 oesteban@dna082:/tmp/59408928/oesteban/bootstrap-fmriprep/59408928_254/project/derivatives/fmriprep-25.2 timestamp=1772838406.219473848s
f5b56e81-6ab8-43d1-a373-b40b91e12664 oscar.esteban@calypso3:/tmp/oscar.esteban/bootstrap-fmriprep/6924_442/project/derivatives/fmriprep-25.2 timestamp=1772508791s
f5bb5d42-85e6-44ed-95da-9392fdd4bcff oesteban@dna058:/tmp/59410733/oesteban/bootstrap-fmriprep/59410733_333/project/derivatives/fmriprep-25.2 timestamp=1772855729.206044234s
f5ff39af-72cc-405b-9c45-648798ffdfdd oesteban@dna007:/tmp/59404054/oesteban/bootstrap-fmriprep/59404054_191/project/derivatives/fmriprep-25.2 timestamp=1772823567.903562564s
f7db20c1-14d5-4339-920b-be7b870cb3d7 oesteban@dna018:/tmp/59384193/oesteban/bootstrap-fmriprep/59384193_85/project/derivatives/fmriprep-25.2 timestamp=1772793961.772583537s
f8ad3480-ccdc-474c-9659-3524da9fd73d oesteban@dna021:/tmp/59410435/oesteban/bootstrap-fmriprep/59410435_294/project/derivatives/fmriprep-25.2 timestamp=1772848997.023017089s
f93681e8-ee31-4153-8471-c91c1ff638f5 oesteban@dna078:/tmp/59373312/oesteban/bootstrap-fmriprep/59373312_1/project/derivatives/fmriprep-25.2 timestamp=1772750741.812088827s
f9421aba-44fc-472e-a572-83bdd2bcf7c6 oesteban@dna020:/tmp/59410642/oesteban/bootstrap-fmriprep/59410642_319/project/derivatives/fmriprep-25.2 timestamp=1772853311.440844383s
f9b45c5d-ae17-4a54-b1e4-a555ee4f437f oesteban@dna007:/tmp/59410606/oesteban/bootstrap-fmriprep/59410606_312/project/derivatives/fmriprep-25.2 timestamp=1772852038.400531264s
fa8c26f8-24e2-4aeb-a781-0d9f462cfef3 oscar.esteban@calypso1:/tmp/oscar.esteban/bootstrap-fmriprep/7197_715/project/derivatives/fmriprep-25.2 timestamp=1772562518s
fb9f899c-241f-4cb0-a6d2-d17a6f8d1671 oesteban@dna020:/tmp/59383750/oesteban/bootstrap-fmriprep/59383750_79/project/derivatives/fmriprep-25.2 timestamp=1772792936.406876816s
fc923ad6-757b-4715-931d-56dc04f916b4 oesteban@dna015:/tmp/59410671/oesteban/bootstrap-fmriprep/59410671_324/project/derivatives/fmriprep-25.2 timestamp=1772854016.981056707s
fcc6d03a-15c2-439d-a0cb-2ccec1ad2f5f oscar.esteban@calypso6:/tmp/oscar.esteban/bootstrap-fmriprep/7142_660/project/derivatives/fmriprep-25.2 timestamp=1772551367s
fcf814b9-ed99-42f4-a3a7-6cc5b7c4e3c1 oesteban@dna028:/tmp/59408513/oesteban/bootstrap-fmriprep/59408513_245/project/derivatives/fmriprep-25.2 timestamp=1772837568.046951963s
fd1f4835-ef19-4da4-9038-a25b651e7ec2 oesteban@dna018:/tmp/59378624/oesteban/bootstrap-fmriprep/59378624_25/project/derivatives/fmriprep-25.2 timestamp=1772775686.497526655s
fe463284-ae1a-4d4e-a426-5bd1483ea32e oesteban@dna021:/tmp/59404460/oesteban/bootstrap-fmriprep/59404460_200/project/derivatives/fmriprep-25.2 timestamp=1772825680.188007225s
fe8c1d1b-705e-4d6d-a27f-f71c6ed00389 oscar.esteban@calypso1:/tmp/oscar.esteban/bootstrap-fmriprep/5321_10/project/derivatives/fmriprep-25.2 timestamp=1772019941s
ff47b89a-e736-45ee-a76a-3decb05792d7 oesteban@dna063:/tmp/59395393/oesteban/bootstrap-fmriprep/59395393_149/project/derivatives/fmriprep-25.2 timestamp=1772809473.177096676s
