status file for recon-all
Mon Mar  9 21:20:28 CET 2026
#@# MotionCor Mon Mar  9 21:20:30 CET 2026
#@# Talairach Mon Mar  9 21:20:36 CET 2026
#@# Talairach Failure Detection Mon Mar  9 21:23:27 CET 2026
#@# Nu Intensity Correction Mon Mar  9 21:23:27 CET 2026
#@# Intensity Normalization Mon Mar  9 21:26:13 CET 2026
recon-all -s sub-v1s2x0051460_ses-1 finished without error at Mon Mar  9 21:27:30 CET 2026



#New# invocation of recon-all 



status file for recon-all
Mon Mar  9 21:33:32 CET 2026
#@# EM Registration Mon Mar  9 21:33:32 CET 2026
recon-all -s sub-v1s2x0051460_ses-1 finished without error at Mon Mar  9 21:35:42 CET 2026



#New# invocation of recon-all 



status file for recon-all
Mon Mar  9 21:35:45 CET 2026
#@# CA Normalize Mon Mar  9 21:35:45 CET 2026
#@# CA Reg Mon Mar  9 21:36:39 CET 2026
#@# SubCort Seg Mon Mar  9 22:23:44 CET 2026
#@# CC Seg Mon Mar  9 22:56:25 CET 2026
#@# Merge ASeg Mon Mar  9 22:56:57 CET 2026
#@# Intensity Normalization2 Mon Mar  9 22:56:57 CET 2026
#@# Mask BFS Mon Mar  9 22:58:33 CET 2026
#@# WM Segmentation Mon Mar  9 22:58:34 CET 2026
#@# Fill Mon Mar  9 23:00:22 CET 2026
recon-all -s sub-v1s2x0051460_ses-1 finished without error at Mon Mar  9 23:01:01 CET 2026



#New# invocation of recon-all 



status file for recon-all
Mon Mar  9 23:48:44 CET 2026
#@# white curv lh Mon Mar  9 23:48:44 CET 2026
#@# white area lh Mon Mar  9 23:48:44 CET 2026
#@# pial curv lh Mon Mar  9 23:48:44 CET 2026
#@# pial area lh Mon Mar  9 23:48:44 CET 2026
#@# thickness lh Mon Mar  9 23:48:44 CET 2026
#@# area and vertex vol lh Mon Mar  9 23:48:44 CET 2026
#@# white curv rh Mon Mar  9 23:48:44 CET 2026
#@# white area rh Mon Mar  9 23:48:44 CET 2026
#@# pial curv rh Mon Mar  9 23:48:44 CET 2026
#@# pial area rh Mon Mar  9 23:48:44 CET 2026
#@# thickness rh Mon Mar  9 23:48:44 CET 2026
#@# area and vertex vol rh Mon Mar  9 23:48:44 CET 2026
#@# Cortical ribbon mask Mon Mar  9 23:48:44 CET 2026
recon-all -s sub-v1s2x0051460_ses-1 finished without error at Mon Mar  9 23:52:08 CET 2026



#New# invocation of recon-all 



status file for recon-all
Mon Mar  9 23:58:15 CET 2026
#@# white curv lh Mon Mar  9 23:58:15 CET 2026
#@# white area lh Mon Mar  9 23:58:15 CET 2026
#@# pial curv lh Mon Mar  9 23:58:15 CET 2026
#@# pial area lh Mon Mar  9 23:58:15 CET 2026
#@# thickness lh Mon Mar  9 23:58:15 CET 2026
#@# area and vertex vol lh Mon Mar  9 23:58:16 CET 2026
#@# white curv rh Mon Mar  9 23:58:16 CET 2026
#@# white area rh Mon Mar  9 23:58:16 CET 2026
#@# pial curv rh Mon Mar  9 23:58:16 CET 2026
#@# pial area rh Mon Mar  9 23:58:16 CET 2026
#@# thickness rh Mon Mar  9 23:58:16 CET 2026
#@# area and vertex vol rh Mon Mar  9 23:58:16 CET 2026
#@# Curvature Stats lh Mon Mar  9 23:58:16 CET 2026
#@# Curvature Stats rh Mon Mar  9 23:58:18 CET 2026
#@# Relabel Hypointensities Mon Mar  9 23:58:20 CET 2026
#@# APas-to-ASeg Mon Mar  9 23:58:31 CET 2026
#@# AParc-to-ASeg aparc Mon Mar  9 23:58:38 CET 2026
#@# AParc-to-ASeg aparc.a2009s Mon Mar  9 23:59:09 CET 2026
#@# AParc-to-ASeg aparc.DKTatlas Mon Mar  9 23:59:37 CET 2026
#@# WMParc Tue Mar 10 00:00:10 CET 2026
#@# ASeg Stats Tue Mar 10 00:02:18 CET 2026
recon-all -s sub-v1s2x0051460_ses-1 finished without error at Tue Mar 10 00:02:44 CET 2026
