status file for recon-all
Mon Mar  9 23:24:47 CET 2026
#@# Tessellate rh Mon Mar  9 23:24:47 CET 2026
#@# Smooth1 rh Mon Mar  9 23:24:50 CET 2026
#@# Inflation1 rh Mon Mar  9 23:24:52 CET 2026
#@# QSphere rh Mon Mar  9 23:25:08 CET 2026
#@# Fix Topology rh Mon Mar  9 23:26:25 CET 2026
#@# Smooth2 rh Mon Mar  9 23:32:32 CET 2026
#@# Inflation2 rh Mon Mar  9 23:32:34 CET 2026
#@# Curv .H and .K rh Mon Mar  9 23:32:50 CET 2026
#@# Sphere rh Mon Mar  9 23:33:32 CET 2026
#@# Surf Reg rh Mon Mar  9 23:36:55 CET 2026
#@# Jacobian white rh Mon Mar  9 23:41:21 CET 2026
#@# AvgCurv rh Mon Mar  9 23:41:22 CET 2026
#@# Cortical Parc rh Mon Mar  9 23:41:23 CET 2026
#@# white curv rh Mon Mar  9 23:47:47 CET 2026
#@# white area rh Mon Mar  9 23:47:48 CET 2026
#@# pial curv rh Mon Mar  9 23:47:49 CET 2026
#@# pial area rh Mon Mar  9 23:47:51 CET 2026
#@# thickness rh Mon Mar  9 23:47:51 CET 2026
#@# area and vertex vol rh Mon Mar  9 23:48:13 CET 2026
#@# Curvature Stats rh Mon Mar  9 23:48:15 CET 2026
#@# Cortical Parc 2 rh Mon Mar  9 23:48:17 CET 2026
#@# Cortical Parc 3 rh Mon Mar  9 23:48:29 CET 2026
#@# WM/GM Contrast rh Mon Mar  9 23:48:37 CET 2026
recon-all -s sub-v1s2x0051460_ses-1 finished without error at Mon Mar  9 23:48:40 CET 2026



#New# invocation of recon-all 



status file for recon-all
Mon Mar  9 23:55:11 CET 2026
#@# white curv rh Mon Mar  9 23:55:11 CET 2026
#@# white area rh Mon Mar  9 23:55:11 CET 2026
#@# pial curv rh Mon Mar  9 23:55:11 CET 2026
#@# pial area rh Mon Mar  9 23:55:12 CET 2026
#@# thickness rh Mon Mar  9 23:55:12 CET 2026
#@# area and vertex vol rh Mon Mar  9 23:55:12 CET 2026
#@# Parcellation Stats rh Mon Mar  9 23:55:12 CET 2026
#@# Parcellation Stats 2 rh Mon Mar  9 23:55:30 CET 2026
#@# Parcellation Stats 3 rh Mon Mar  9 23:55:40 CET 2026
#@# BA_exvivo Labels rh Mon Mar  9 23:55:49 CET 2026
recon-all -s sub-v1s2x0051460_ses-1 finished without error at Mon Mar  9 23:58:11 CET 2026
