status file for recon-all
Mon Mar  9 23:01:05 CET 2026
#@# Tessellate lh Mon Mar  9 23:01:05 CET 2026
#@# Smooth1 lh Mon Mar  9 23:01:08 CET 2026
#@# Inflation1 lh Mon Mar  9 23:01:11 CET 2026
#@# QSphere lh Mon Mar  9 23:01:25 CET 2026
#@# Fix Topology lh Mon Mar  9 23:02:28 CET 2026
#@# Smooth2 lh Mon Mar  9 23:09:07 CET 2026
#@# Inflation2 lh Mon Mar  9 23:09:09 CET 2026
#@# Curv .H and .K lh Mon Mar  9 23:09:23 CET 2026
#@# Sphere lh Mon Mar  9 23:10:05 CET 2026
#@# Surf Reg lh Mon Mar  9 23:13:25 CET 2026
#@# Jacobian white lh Mon Mar  9 23:17:46 CET 2026
#@# AvgCurv lh Mon Mar  9 23:17:47 CET 2026
#@# Cortical Parc lh Mon Mar  9 23:17:48 CET 2026
#@# white curv lh Mon Mar  9 23:23:51 CET 2026
#@# white area lh Mon Mar  9 23:23:53 CET 2026
#@# pial curv lh Mon Mar  9 23:23:53 CET 2026
#@# pial area lh Mon Mar  9 23:23:55 CET 2026
#@# thickness lh Mon Mar  9 23:23:56 CET 2026
#@# area and vertex vol lh Mon Mar  9 23:24:20 CET 2026
#@# Curvature Stats lh Mon Mar  9 23:24:21 CET 2026
#@# Cortical Parc 2 lh Mon Mar  9 23:24:23 CET 2026
#@# Cortical Parc 3 lh Mon Mar  9 23:24:34 CET 2026
#@# WM/GM Contrast lh Mon Mar  9 23:24:43 CET 2026
recon-all -s sub-v1s2x0051460_ses-1 finished without error at Mon Mar  9 23:24:46 CET 2026



#New# invocation of recon-all 



status file for recon-all
Mon Mar  9 23:52:15 CET 2026
#@# white curv lh Mon Mar  9 23:52:15 CET 2026
#@# white area lh Mon Mar  9 23:52:15 CET 2026
#@# pial curv lh Mon Mar  9 23:52:15 CET 2026
#@# pial area lh Mon Mar  9 23:52:15 CET 2026
#@# thickness lh Mon Mar  9 23:52:15 CET 2026
#@# area and vertex vol lh Mon Mar  9 23:52:15 CET 2026
#@# Parcellation Stats lh Mon Mar  9 23:52:15 CET 2026
#@# Parcellation Stats 2 lh Mon Mar  9 23:52:33 CET 2026
#@# Parcellation Stats 3 lh Mon Mar  9 23:52:42 CET 2026
#@# BA_exvivo Labels lh Mon Mar  9 23:52:51 CET 2026
recon-all -s sub-v1s2x0051460_ses-1 finished without error at Mon Mar  9 23:55:09 CET 2026
