status file for recon-all
Mon Mar  9 21:27:11 CET 2026
#@# MotionCor Mon Mar  9 21:27:14 CET 2026
#@# Talairach Mon Mar  9 21:27:21 CET 2026
#@# Talairach Failure Detection Mon Mar  9 21:31:50 CET 2026
#@# Nu Intensity Correction Mon Mar  9 21:31:50 CET 2026
#@# Intensity Normalization Mon Mar  9 21:35:07 CET 2026
recon-all -s sub-v1s2x0051463_ses-1 finished without error at Mon Mar  9 21:36:52 CET 2026



#New# invocation of recon-all 



status file for recon-all
Mon Mar  9 21:44:16 CET 2026
#@# EM Registration Mon Mar  9 21:44:16 CET 2026
recon-all -s sub-v1s2x0051463_ses-1 finished without error at Mon Mar  9 21:46:17 CET 2026



#New# invocation of recon-all 



status file for recon-all
Mon Mar  9 21:46:20 CET 2026
#@# CA Normalize Mon Mar  9 21:46:20 CET 2026
#@# CA Reg Mon Mar  9 21:47:45 CET 2026
#@# SubCort Seg Mon Mar  9 22:34:36 CET 2026
#@# CC Seg Mon Mar  9 23:12:06 CET 2026
#@# Merge ASeg Mon Mar  9 23:13:05 CET 2026
#@# Intensity Normalization2 Mon Mar  9 23:13:05 CET 2026
#@# Mask BFS Mon Mar  9 23:15:36 CET 2026
#@# WM Segmentation Mon Mar  9 23:15:37 CET 2026
#@# Fill Mon Mar  9 23:17:51 CET 2026
recon-all -s sub-v1s2x0051463_ses-1 finished without error at Mon Mar  9 23:18:55 CET 2026



#New# invocation of recon-all 



status file for recon-all
Tue Mar 10 00:13:57 CET 2026
#@# white curv lh Tue Mar 10 00:13:57 CET 2026
#@# white area lh Tue Mar 10 00:13:57 CET 2026
#@# pial curv lh Tue Mar 10 00:13:57 CET 2026
#@# pial area lh Tue Mar 10 00:13:57 CET 2026
#@# thickness lh Tue Mar 10 00:13:57 CET 2026
#@# area and vertex vol lh Tue Mar 10 00:13:57 CET 2026
#@# white curv rh Tue Mar 10 00:13:57 CET 2026
#@# white area rh Tue Mar 10 00:13:57 CET 2026
#@# pial curv rh Tue Mar 10 00:13:57 CET 2026
#@# pial area rh Tue Mar 10 00:13:57 CET 2026
#@# thickness rh Tue Mar 10 00:13:57 CET 2026
#@# area and vertex vol rh Tue Mar 10 00:13:57 CET 2026
#@# Cortical ribbon mask Tue Mar 10 00:13:57 CET 2026
recon-all -s sub-v1s2x0051463_ses-1 finished without error at Tue Mar 10 00:21:27 CET 2026



#New# invocation of recon-all 



status file for recon-all
Tue Mar 10 00:29:03 CET 2026
#@# white curv lh Tue Mar 10 00:29:03 CET 2026
#@# white area lh Tue Mar 10 00:29:03 CET 2026
#@# pial curv lh Tue Mar 10 00:29:03 CET 2026
#@# pial area lh Tue Mar 10 00:29:03 CET 2026
#@# thickness lh Tue Mar 10 00:29:03 CET 2026
#@# area and vertex vol lh Tue Mar 10 00:29:03 CET 2026
#@# white curv rh Tue Mar 10 00:29:03 CET 2026
#@# white area rh Tue Mar 10 00:29:03 CET 2026
#@# pial curv rh Tue Mar 10 00:29:03 CET 2026
#@# pial area rh Tue Mar 10 00:29:03 CET 2026
#@# thickness rh Tue Mar 10 00:29:03 CET 2026
#@# area and vertex vol rh Tue Mar 10 00:29:03 CET 2026
#@# Curvature Stats lh Tue Mar 10 00:29:03 CET 2026
#@# Curvature Stats rh Tue Mar 10 00:29:06 CET 2026
#@# Relabel Hypointensities Tue Mar 10 00:29:09 CET 2026
#@# APas-to-ASeg Tue Mar 10 00:29:25 CET 2026
#@# AParc-to-ASeg aparc Tue Mar 10 00:29:34 CET 2026
#@# AParc-to-ASeg aparc.a2009s Tue Mar 10 00:30:30 CET 2026
#@# AParc-to-ASeg aparc.DKTatlas Tue Mar 10 00:31:26 CET 2026
#@# WMParc Tue Mar 10 00:32:20 CET 2026
#@# ASeg Stats Tue Mar 10 00:36:09 CET 2026
recon-all -s sub-v1s2x0051463_ses-1 finished without error at Tue Mar 10 00:36:50 CET 2026
