status file for recon-all
Mon Mar  9 23:19:00 CET 2026
#@# Tessellate lh Mon Mar  9 23:19:00 CET 2026
#@# Smooth1 lh Mon Mar  9 23:19:04 CET 2026
#@# Inflation1 lh Mon Mar  9 23:19:07 CET 2026
#@# QSphere lh Mon Mar  9 23:19:22 CET 2026
#@# Fix Topology lh Mon Mar  9 23:20:33 CET 2026
#@# Smooth2 lh Mon Mar  9 23:29:19 CET 2026
#@# Inflation2 lh Mon Mar  9 23:29:22 CET 2026
#@# Curv .H and .K lh Mon Mar  9 23:29:38 CET 2026
#@# Sphere lh Mon Mar  9 23:30:32 CET 2026
#@# Surf Reg lh Mon Mar  9 23:34:13 CET 2026
#@# Jacobian white lh Mon Mar  9 23:38:55 CET 2026
#@# AvgCurv lh Mon Mar  9 23:38:56 CET 2026
#@# Cortical Parc lh Mon Mar  9 23:38:57 CET 2026
#@# white curv lh Mon Mar  9 23:46:28 CET 2026
#@# white area lh Mon Mar  9 23:46:31 CET 2026
#@# pial curv lh Mon Mar  9 23:46:31 CET 2026
#@# pial area lh Mon Mar  9 23:46:34 CET 2026
#@# thickness lh Mon Mar  9 23:46:34 CET 2026
#@# area and vertex vol lh Mon Mar  9 23:47:12 CET 2026
#@# Curvature Stats lh Mon Mar  9 23:47:14 CET 2026
#@# Cortical Parc 2 lh Mon Mar  9 23:47:17 CET 2026
#@# Cortical Parc 3 lh Mon Mar  9 23:47:32 CET 2026
#@# WM/GM Contrast lh Mon Mar  9 23:47:44 CET 2026
recon-all -s sub-v1s2x0051463_ses-1 finished without error at Mon Mar  9 23:47:48 CET 2026



#New# invocation of recon-all 



status file for recon-all
Tue Mar 10 00:21:30 CET 2026
#@# white curv lh Tue Mar 10 00:21:31 CET 2026
#@# white area lh Tue Mar 10 00:21:31 CET 2026
#@# pial curv lh Tue Mar 10 00:21:31 CET 2026
#@# pial area lh Tue Mar 10 00:21:31 CET 2026
#@# thickness lh Tue Mar 10 00:21:31 CET 2026
#@# area and vertex vol lh Tue Mar 10 00:21:31 CET 2026
#@# Parcellation Stats lh Tue Mar 10 00:21:31 CET 2026
#@# Parcellation Stats 2 lh Tue Mar 10 00:21:53 CET 2026
#@# Parcellation Stats 3 lh Tue Mar 10 00:22:05 CET 2026
#@# BA_exvivo Labels lh Tue Mar 10 00:22:17 CET 2026
recon-all -s sub-v1s2x0051463_ses-1 finished without error at Tue Mar 10 00:25:16 CET 2026
