status file for recon-all
Mon Mar  9 23:47:52 CET 2026
#@# Tessellate rh Mon Mar  9 23:47:52 CET 2026
#@# Smooth1 rh Mon Mar  9 23:47:56 CET 2026
#@# Inflation1 rh Mon Mar  9 23:47:59 CET 2026
#@# QSphere rh Mon Mar  9 23:48:13 CET 2026
#@# Fix Topology rh Mon Mar  9 23:49:16 CET 2026
#@# Smooth2 rh Mon Mar  9 23:56:35 CET 2026
#@# Inflation2 rh Mon Mar  9 23:56:38 CET 2026
#@# Curv .H and .K rh Mon Mar  9 23:56:54 CET 2026
#@# Sphere rh Mon Mar  9 23:57:49 CET 2026
#@# Surf Reg rh Tue Mar 10 00:01:10 CET 2026
#@# Jacobian white rh Tue Mar 10 00:05:23 CET 2026
#@# AvgCurv rh Tue Mar 10 00:05:24 CET 2026
#@# Cortical Parc rh Tue Mar 10 00:05:25 CET 2026
#@# white curv rh Tue Mar 10 00:12:35 CET 2026
#@# white area rh Tue Mar 10 00:12:37 CET 2026
#@# pial curv rh Tue Mar 10 00:12:38 CET 2026
#@# pial area rh Tue Mar 10 00:12:40 CET 2026
#@# thickness rh Tue Mar 10 00:12:41 CET 2026
#@# area and vertex vol rh Tue Mar 10 00:13:15 CET 2026
#@# Curvature Stats rh Tue Mar 10 00:13:17 CET 2026
#@# Cortical Parc 2 rh Tue Mar 10 00:13:20 CET 2026
#@# Cortical Parc 3 rh Tue Mar 10 00:13:36 CET 2026
#@# WM/GM Contrast rh Tue Mar 10 00:13:48 CET 2026
recon-all -s sub-v1s2x0051463_ses-1 finished without error at Tue Mar 10 00:13:51 CET 2026



#New# invocation of recon-all 



status file for recon-all
Tue Mar 10 00:25:19 CET 2026
#@# white curv rh Tue Mar 10 00:25:19 CET 2026
#@# white area rh Tue Mar 10 00:25:19 CET 2026
#@# pial curv rh Tue Mar 10 00:25:19 CET 2026
#@# pial area rh Tue Mar 10 00:25:19 CET 2026
#@# thickness rh Tue Mar 10 00:25:19 CET 2026
#@# area and vertex vol rh Tue Mar 10 00:25:19 CET 2026
#@# Parcellation Stats rh Tue Mar 10 00:25:19 CET 2026
#@# Parcellation Stats 2 rh Tue Mar 10 00:25:42 CET 2026
#@# Parcellation Stats 3 rh Tue Mar 10 00:25:54 CET 2026
#@# BA_exvivo Labels rh Tue Mar 10 00:26:05 CET 2026
recon-all -s sub-v1s2x0051463_ses-1 finished without error at Tue Mar 10 00:28:59 CET 2026
