/out/sourcedata/freesurfer/sub-v1s2x0051464_ses-1/mri
/opt/freesurfer/bin/talairach_avi
--i orig_nu.mgz --xfm transforms/talairach.auto.xfm
talairach_avi 7.3.2
Linux dna075 5.14.0-427.37.1.el9_4.x86_64 #1 SMP PREEMPT_DYNAMIC Fri Sep 13 12:41:50 EDT 2024 x86_64 x86_64 x86_64 GNU/Linux
Mon Mar  9 21:31:08 CET 2026
mri_convert orig_nu.mgz talsrcimg.img 
reading from orig_nu.mgz...
TR=0.00, TE=0.00, TI=0.00, flip angle=0.00
i_ras = (-1, 0, 0)
j_ras = (0, 0, -1)
k_ras = (0, 1, 0)
writing to talsrcimg.img...
Analyze Output Matrix
-1.00000   0.00000   0.00000   130.85593;
 0.00000   0.00000   1.00000  -57.49153;
 0.00000  -1.00000   0.00000   148.30508;
 0.00000   0.00000   0.00000   1.00000;
--------------------
INFO: set hdr.hist.orient to -1
mpr2mni305 talsrcimg
Mon Mar  9 21:31:08 CET 2026
/opt/freesurfer/bin/mpr2mni305 talsrcimg
mpr2mni305 7.3.2
target=711-2C_as_mni_average_305

---------------------------------------------------------------------
analyzeto4dfp talsrcimg -O0 -y
---------------------------------------------------------------------

freesurfer ifh2hdr.c
Mon Mar  9 21:31:08 2026
Writing: talsrcimg.4dfp.hdr
freesurfer analyzeto4dfp.c
Reading: talsrcimg.hdr
header size 348 bytes
hdr.dime.datatype	offset=70	value=2
hdr.dime.bitpix		offset=72	value=8
hdr.hist.orient		offset=252	value=-1
dimensionality     4
dimensions       256       256       256         1
Reading: talsrcimg.img
Writing: talsrcimg.4dfp.img
Writing: talsrcimg.4dfp.ifh
ifh2hdr talsrcimg -r0to242
ori=2

---------------------------------------------------------------------
gauss_4dfp talsrcimg 1.1
---------------------------------------------------------------------

freesurfer gauss_4dfp.c
Reading: talsrcimg.4dfp.img
Writing: talsrcimg_g11.4dfp.img
image dimensions 256 256 256 padded to 288 288 288
processing volume 1freesurfer ifh2hdr.c
Mon Mar  9 21:31:10 2026
Writing: talsrcimg_g11.4dfp.hdr

Writing: talsrcimg_g11.4dfp.ifh
including: talsrcimg.4dfp.img.rec in talsrcimg_g11.4dfp.img.rec

---------------------------------------------------------------------
imgreg_4dfp /opt/freesurfer/average/711-2C_as_mni_average_305 none talsrcimg_g11 none talsrcimg_to_711-2C_as_mni_average_305_t4 4355
---------------------------------------------------------------------

freesurfer imgreg_4dfp.c
/opt/freesurfer/average/711-2C_as_mni_average_305.4dfp.img
       256       256       256         1
  1.000000  1.000000  1.000000
orientation T byte_order littleendian
Reading image: /opt/freesurfer/average/711-2C_as_mni_average_305.4dfp.img
dimensions:      256       256       256
mmppix:       1.0000   -1.0000   -1.0000
center:     128.0000 -129.0000 -129.0000
talsrcimg_g11.4dfp.img
       256       256       256         1
  1.000000  1.000000  1.000000
orientation T byte_order littleendian
Reading image: talsrcimg_g11.4dfp.img
dimensions:      256       256       256
mmppix:       1.0000   -1.0000   -1.0000
center:     128.0000 -129.0000 -129.0000
t4_read: open error in t4_sub.f l:  41 t4_file(1:l)talsrcimg_to_711-2C_as_mni_average_305_t4 
t4_read: transform initialized to I4
rotation matrix determinant  1.000000
image alignment mode   4355 decimal     1103 hex
   -7.5000  -45.0000  -45.0000 9210.7012    9.9449
    0.0000  -45.0000  -45.0000 9618.3535    9.9606
    7.5000  -45.0000  -45.0000 9176.9814    9.9598
   -7.5000  -37.5000  -45.0000 9803.6377    9.8241
    0.0000  -37.5000  -45.000010239.6504    9.8388
    7.5000  -37.5000  -45.0000 9763.3203    9.8352
   -7.5000  -30.0000  -45.000010770.5762    9.7852
    0.0000  -30.0000  -45.000011245.8291    9.7968
    7.5000  -30.0000  -45.000010716.8242    9.7904
   -7.5000  -22.5000  -45.000011699.6475    9.7559
    0.0000  -22.5000  -45.000012198.2012    9.7655
    7.5000  -22.5000  -45.000011634.0947    9.7599
   -7.5000  -15.0000  -45.000012586.4570    9.7438
    0.0000  -15.0000  -45.000013104.7627    9.7539
    7.5000  -15.0000  -45.000012497.9990    9.7511
   -7.5000   -7.5000  -45.000013438.6904    9.7481
    0.0000   -7.5000  -45.000013993.0859    9.7611
    7.5000   -7.5000  -45.000013373.2656    9.7604
   -7.5000    0.0000  -45.000014078.4443    9.7545
    0.0000    0.0000  -45.000014618.7510    9.7701
    7.5000    0.0000  -45.000014002.9180    9.7693
   -7.5000    7.5000  -45.000013603.2656    9.7536
    0.0000    7.5000  -45.000014111.8760    9.7684
    7.5000    7.5000  -45.000013514.1611    9.7647
   -7.5000   15.0000  -45.000012992.9736    9.7477
    0.0000   15.0000  -45.000013493.8477    9.7593
    7.5000   15.0000  -45.000012914.2041    9.7529
   -7.5000   22.5000  -45.000012181.1641    9.7405
    0.0000   22.5000  -45.000012654.0488    9.7501
    7.5000   22.5000  -45.000012099.2227    9.7445
   -7.5000   30.0000  -45.000011298.6924    9.6117
    0.0000   30.0000  -45.000011728.2441    9.6216
    7.5000   30.0000  -45.000011217.3154    9.6188
   -7.5000   37.5000  -45.000010833.5527    9.6182
    0.0000   37.5000  -45.000011262.3457    9.6310
    7.5000   37.5000  -45.000010769.1289    9.6303
   -7.5000   45.0000  -45.0000 9990.9541    9.3814
    0.0000   45.0000  -45.000010395.4395    9.3964
    7.5000   45.0000  -45.0000 9920.9170    9.3957
   -7.5000  -45.0000  -37.5000 9550.4668    9.8761
    0.0000  -45.0000  -37.5000 9972.8213    9.8892
    7.5000  -45.0000  -37.5000 9501.2832    9.8922
   -7.5000  -37.5000  -37.500010175.2920    9.7571
    0.0000  -37.5000  -37.500010618.7988    9.7691
    7.5000  -37.5000  -37.500010129.1582    9.7686
   -7.5000  -30.0000  -37.500011200.3652    9.7192
    0.0000  -30.0000  -37.500011665.6211    9.7282
    7.5000  -30.0000  -37.500011142.8701    9.7249
   -7.5000  -22.5000  -37.500012181.9600    9.6904
    0.0000  -22.5000  -37.500012677.0381    9.6974
    7.5000  -22.5000  -37.500012107.7666    9.6957
   -7.5000  -15.0000  -37.500013147.7295    9.6783
    0.0000  -15.0000  -37.500013665.0156    9.6858
    7.5000  -15.0000  -37.500013046.8506    9.6876
   -7.5000   -7.5000  -37.500014061.0107    9.6825
    0.0000   -7.5000  -37.500014610.4072    9.6929
    7.5000   -7.5000  -37.500013967.3848    9.6965
   -7.5000    0.0000  -37.500014685.4102    9.6884
    0.0000    0.0000  -37.500015260.8115    9.7015
    7.5000    0.0000  -37.500014607.3857    9.7044
   -7.5000    7.5000  -37.500014137.2100    9.6875
    0.0000    7.5000  -37.500014669.1611    9.6997
    7.5000    7.5000  -37.500014061.8643    9.6991
   -7.5000   15.0000  -37.500013512.7314    9.6819
    0.0000   15.0000  -37.500014015.7441    9.6910
    7.5000   15.0000  -37.500013423.5674    9.6876
   -7.5000   22.5000  -37.500012686.0498    9.6751
    0.0000   22.5000  -37.500013163.9219    9.6821
    7.5000   22.5000  -37.500012601.9668    9.6804
   -7.5000   30.0000  -37.500011748.5410    9.5471
    0.0000   30.0000  -37.500012190.9219    9.5545
    7.5000   30.0000  -37.500011676.6855    9.5562
   -7.5000   37.5000  -37.500011249.4355    9.5534
    0.0000   37.5000  -37.500011693.8809    9.5637
    7.5000   37.5000  -37.500011185.4922    9.5673
   -7.5000   45.0000  -37.500010359.4541    9.3176
    0.0000   45.0000  -37.500010762.0850    9.3302
    7.5000   45.0000  -37.500010281.1035    9.3330
   -7.5000  -45.0000  -30.000010103.4121   10.2444
    0.0000  -45.0000  -30.000010514.4502   10.2522
    7.5000  -45.0000  -30.000010019.6143   10.2564
   -7.5000  -37.5000  -30.000010779.9473   10.1226
    0.0000  -37.5000  -30.000011208.8750   10.1292
    7.5000  -37.5000  -30.000010705.2744   10.1301
   -7.5000  -30.0000  -30.000011883.0664   10.0860
    0.0000  -30.0000  -30.000012342.6348   10.0896
    7.5000  -30.0000  -30.000011824.2354   10.0883
   -7.5000  -22.5000  -30.000012956.6953   10.0570
    0.0000  -22.5000  -30.000013432.6738   10.0592
    7.5000  -22.5000  -30.000012869.3105   10.0600
   -7.5000  -15.0000  -30.000013997.9668   10.0428
    0.0000  -15.0000  -30.000014528.4961   10.0463
    7.5000  -15.0000  -30.000013892.0723   10.0505
   -7.5000   -7.5000  -30.000015026.0225   10.0446
    0.0000   -7.5000  -30.000015593.2207   10.0507
    7.5000   -7.5000  -30.000014912.3213   10.0561
   -7.5000    0.0000  -30.000015681.6016   10.0499
    0.0000    0.0000  -30.000016304.9238   10.0579
    7.5000    0.0000  -30.000015598.1299   10.0620
   -7.5000    7.5000  -30.000015031.2051   10.0506
    0.0000    7.5000  -30.000015591.0439   10.0574
    7.5000    7.5000  -30.000014950.8105   10.0582
   -7.5000   15.0000  -30.000014349.1729   10.0475
    0.0000   15.0000  -30.000014853.8066   10.0511
    7.5000   15.0000  -30.000014233.7979   10.0498
   -7.5000   22.5000  -30.000013481.5566   10.0402
    0.0000   22.5000  -30.000013963.8994   10.0424
    7.5000   22.5000  -30.000013377.9219   10.0432
   -7.5000   30.0000  -30.000012491.7383    9.9076
    0.0000   30.0000  -30.000012948.9268    9.9110
    7.5000   30.0000  -30.000012397.6904    9.9151
   -7.5000   37.5000  -30.000011954.7109    9.9116
    0.0000   37.5000  -30.000012395.9844    9.9177
    7.5000   37.5000  -30.000011867.5498    9.9230
   -7.5000   45.0000  -30.000010993.5029    9.6724
    0.0000   45.0000  -30.000011401.9443    9.6801
    7.5000   45.0000  -30.000010890.9170    9.6841
   -7.5000  -45.0000  -22.500010596.0781   10.5754
    0.0000  -45.0000  -22.500011036.3857   10.5801
    7.5000  -45.0000  -22.500010515.3203   10.5821
   -7.5000  -37.5000  -22.500011334.9707   10.4519
    0.0000  -37.5000  -22.500011795.9580   10.4549
    7.5000  -37.5000  -22.500011262.9082   10.4547
   -7.5000  -30.0000  -22.500012531.5928   10.4164
    0.0000  -30.0000  -22.500013028.3848   10.4163
    7.5000  -30.0000  -22.500012462.5273   10.4145
   -7.5000  -22.5000  -22.500013658.7988   10.3865
    0.0000  -22.5000  -22.500014187.9883   10.3860
    7.5000  -22.5000  -22.500013596.8877   10.3858
   -7.5000  -15.0000  -22.500014776.8262   10.3698
    0.0000  -15.0000  -22.500015348.7236   10.3716
    7.5000  -15.0000  -22.500014688.3467   10.3740
   -7.5000   -7.5000  -22.500015939.8486   10.3693
    0.0000   -7.5000  -22.500016630.5820   10.3735
    7.5000   -7.5000  -22.500015802.0010   10.3766
   -7.5000    0.0000  -22.500016762.4570   10.3746
    0.0000    0.0000  -22.500017562.5820   10.3797
    7.5000    0.0000  -22.500016640.0859   10.3817
   -7.5000    7.5000  -22.500016032.8916   10.3776
    0.0000    7.5000  -22.500016697.5781   10.3808
    7.5000    7.5000  -22.500015891.5146   10.3804
   -7.5000   15.0000  -22.500015233.3643   10.3766
    0.0000   15.0000  -22.500015803.0938   10.3767
    7.5000   15.0000  -22.500015060.2412   10.3748
   -7.5000   22.5000  -22.500014309.6182   10.3684
    0.0000   22.5000  -22.500014870.7959   10.3680
    7.5000   22.5000  -22.500014164.0928   10.3678
   -7.5000   30.0000  -22.500013262.6602   10.2318
    0.0000   30.0000  -22.500013787.9072   10.2335
    7.5000   30.0000  -22.500013125.4355   10.2358
   -7.5000   37.5000  -22.500012684.6943   10.2337
    0.0000   37.5000  -22.500013184.5820   10.2378
    7.5000   37.5000  -22.500012544.7412   10.2409
   -7.5000   45.0000  -22.500011640.8066    9.9925
    0.0000   45.0000  -22.500012100.2080    9.9974
    7.5000   45.0000  -22.500011486.4668    9.9994
   -7.5000  -45.0000  -15.000011076.1621   10.8245
    0.0000  -45.0000  -15.000011519.1445   10.8311
    7.5000  -45.0000  -15.000011026.2432   10.8295
   -7.5000  -37.5000  -15.000011893.5342   10.6992
    0.0000  -37.5000  -15.000012362.0029   10.7037
    7.5000  -37.5000  -15.000011845.2334   10.7005
   -7.5000  -30.0000  -15.000013194.0488   10.6630
    0.0000  -30.0000  -15.000013750.2422   10.6645
    7.5000  -30.0000  -15.000013165.5557   10.6597
   -7.5000  -22.5000  -15.000014428.3994   10.6320
    0.0000  -22.5000  -15.000015054.0791   10.6331
    7.5000  -22.5000  -15.000014398.4590   10.6293
   -7.5000  -15.0000  -15.000015589.8682   10.6142
    0.0000  -15.0000  -15.000016276.4346   10.6178
    7.5000  -15.0000  -15.000015532.5518   10.6160
   -7.5000   -7.5000  -15.000016853.4746   10.6132
    0.0000   -7.5000  -15.000017645.9609   10.6193
    7.5000   -7.5000  -15.000016732.0664   10.6184
   -7.5000    0.0000  -15.000017859.1660   10.6190
    0.0000    0.0000  -15.000018921.1367   10.6258
    7.5000    0.0000  -15.000017693.9434   10.6243
   -7.5000    7.5000  -15.000017152.4688   10.6229
    0.0000    7.5000  -15.000018088.2656   10.6277
    7.5000    7.5000  -15.000016921.3574   10.6244
   -7.5000   15.0000  -15.000016181.5156   10.6223
    0.0000   15.0000  -15.000016940.9766   10.6239
    7.5000   15.0000  -15.000015929.0352   10.6191
   -7.5000   22.5000  -15.000015134.2422   10.6131
    0.0000   22.5000  -15.000015821.6768   10.6142
    7.5000   22.5000  -15.000014909.1768   10.6103
   -7.5000   30.0000  -15.000013999.0918   10.4743
    0.0000   30.0000  -15.000014590.6240   10.4779
    7.5000   30.0000  -15.000013793.1396   10.4761
   -7.5000   37.5000  -15.000013392.3564   10.4758
    0.0000   37.5000  -15.000013920.5664   10.4819
    7.5000   37.5000  -15.000013199.3066   10.4810
   -7.5000   45.0000  -15.000012277.9805   10.2341
    0.0000   45.0000  -15.000012745.1270   10.2407
    7.5000   45.0000  -15.000012089.7559   10.2393
   -7.5000  -45.0000   -7.500011591.8604   10.9648
    0.0000  -45.0000   -7.500012073.6963   10.9774
    7.5000  -45.0000   -7.500011570.6064   10.9745
   -7.5000  -37.5000   -7.500012492.6396   10.8359
    0.0000  -37.5000   -7.500013045.1846   10.8468
    7.5000  -37.5000   -7.500012467.1445   10.8419
   -7.5000  -30.0000   -7.500013916.9521   10.7962
    0.0000  -30.0000   -7.500014604.7324   10.8038
    7.5000  -30.0000   -7.500013883.5303   10.7966
   -7.5000  -22.5000   -7.500015250.8887   10.7638
    0.0000  -22.5000   -7.500016056.6152   10.7702
    7.5000  -22.5000   -7.500015231.0518   10.7635
   -7.5000  -15.0000   -7.500016440.4395   10.7476
    0.0000  -15.0000   -7.500017271.9453   10.7555
    7.5000  -15.0000   -7.500016429.5586   10.7512
   -7.5000   -7.5000   -7.500017636.9883   10.7495
    0.0000   -7.5000   -7.500018562.5039   10.7604
    7.5000   -7.5000   -7.500017578.1621   10.7576
   -7.5000    0.0000   -7.500018667.9355   10.7564
    0.0000    0.0000   -7.500019813.6855   10.7691
    7.5000    0.0000   -7.500018485.0117   10.7663
   -7.5000    7.5000   -7.500017958.8945   10.7584
    0.0000    7.5000   -7.500018980.8867   10.7696
    7.5000    7.5000   -7.500017683.1680   10.7646
   -7.5000   15.0000   -7.500017042.6367   10.7549
    0.0000   15.0000   -7.500017859.2988   10.7626
    7.5000   15.0000   -7.500016716.4336   10.7554
   -7.5000   22.5000   -7.500015936.9248   10.7434
    0.0000   22.5000   -7.500016637.6328   10.7498
    7.5000   22.5000   -7.500015647.5107   10.7431
   -7.5000   30.0000   -7.500014751.7695   10.6057
    0.0000   30.0000   -7.500015308.9678   10.6135
    7.5000   30.0000   -7.500014483.4072   10.6092
   -7.5000   37.5000   -7.500014111.5098   10.6101
    0.0000   37.5000   -7.500014598.9863   10.6208
    7.5000   37.5000   -7.500013860.1387   10.6181
   -7.5000   45.0000   -7.500012930.3389   10.3685
    0.0000   45.0000   -7.500013383.2725   10.3808
    7.5000   45.0000   -7.500012718.0537   10.3781
   -7.5000  -45.0000    0.000012038.1484   11.0006
    0.0000  -45.0000    0.000012589.2295   11.0176
    7.5000  -45.0000    0.000011994.0605   11.0172
   -7.5000  -37.5000    0.000012989.2031   10.8680
    0.0000  -37.5000    0.000013584.1826   10.8839
    7.5000  -37.5000    0.000012917.4717   10.8803
   -7.5000  -30.0000    0.000014455.8340   10.8247
    0.0000  -30.0000    0.000015164.2666   10.8372
    7.5000  -30.0000    0.000014373.9502   10.8305
   -7.5000  -22.5000    0.000015813.8008   10.7918
    0.0000  -22.5000    0.000016602.8320   10.8021
    7.5000  -22.5000    0.000015728.1768   10.7965
   -7.5000  -15.0000    0.000016991.8555   10.7785
    0.0000  -15.0000    0.000017779.1562   10.7893
    7.5000  -15.0000    0.000016926.2891   10.7868
   -7.5000   -7.5000    0.000018208.3711   10.7837
    0.0000   -7.5000    0.000019034.7637   10.7977
    7.5000   -7.5000    0.000018057.2988   10.7974
   -7.5000    0.0000    0.000019206.4570   10.7912
    0.0000    0.0000    0.000020106.8828   10.8080
    7.5000    0.0000    0.000018906.3320   10.8076
   -7.5000    7.5000    0.000018437.3203   10.7902
    0.0000    7.5000    0.000019161.4629   10.8062
    7.5000    7.5000    0.000018081.4355   10.8026
   -7.5000   15.0000    0.000017467.5605   10.7833
    0.0000   15.0000    0.000018119.7871   10.7958
    7.5000   15.0000    0.000017168.3164   10.7892
   -7.5000   22.5000    0.000016423.0840   10.7715
    0.0000   22.5000    0.000017032.5547   10.7817
    7.5000   22.5000    0.000016198.8555   10.7760
   -7.5000   30.0000    0.000015286.5840   10.6365
    0.0000   30.0000    0.000015826.3643   10.6472
    7.5000   30.0000    0.000015035.9814   10.6446
   -7.5000   37.5000    0.000014664.0586   10.6441
    0.0000   37.5000    0.000015166.4805   10.6580
    7.5000   37.5000    0.000014411.9707   10.6577
   -7.5000   45.0000    0.000013453.0293   10.4029
    0.0000   45.0000    0.000013917.8164   10.4192
    7.5000   45.0000    0.000013214.6445   10.4188
   -7.5000  -45.0000    7.500011416.0938   11.0222
    0.0000  -45.0000    7.500011920.4736   11.0367
    7.5000  -45.0000    7.500011306.5605   11.0401
   -7.5000  -37.5000    7.500012307.1992   10.8894
    0.0000  -37.5000    7.500012825.1914   10.9029
    7.5000  -37.5000    7.500012156.9697   10.9024
   -7.5000  -30.0000    7.500013669.2334   10.8471
    0.0000  -30.0000    7.500014266.5186   10.8573
    7.5000  -30.0000    7.500013520.8203   10.8537
   -7.5000  -22.5000    7.500014943.1504   10.8151
    0.0000  -22.5000    7.500015586.1738   10.8230
    7.5000  -22.5000    7.500014803.5928   10.8213
   -7.5000  -15.0000    7.500016120.1084   10.8019
    0.0000  -15.0000    7.500016757.9434   10.8104
    7.5000  -15.0000    7.500015957.4258   10.8125
   -7.5000   -7.5000    7.500017415.4746   10.8066
    0.0000   -7.5000    7.500018086.8066   10.8183
    7.5000   -7.5000    7.500017100.3047   10.8224
   -7.5000    0.0000    7.500018455.0938   10.8132
    0.0000    0.0000    7.500019141.3301   10.8278
    7.5000    0.0000    7.500018000.0566   10.8311
   -7.5000    7.5000    7.500017647.6621   10.8120
    0.0000    7.5000    7.500018210.7109   10.8256
    7.5000    7.5000    7.500017244.7227   10.8250
   -7.5000   15.0000    7.500016658.0977   10.8056
    0.0000   15.0000    7.500017167.0410   10.8159
    7.5000   15.0000    7.500016343.7344   10.8122
   -7.5000   22.5000    7.500015681.2422   10.7946
    0.0000   22.5000    7.500016190.3818   10.8026
    7.5000   22.5000    7.500015390.6934   10.8008
   -7.5000   30.0000    7.500014628.2529   10.6596
    0.0000   30.0000    7.500015105.3594   10.6679
    7.5000   30.0000    7.500014353.9824   10.6700
   -7.5000   37.5000    7.500014084.8994   10.6668
    0.0000   37.5000    7.500014533.1211   10.6783
    7.5000   37.5000    7.500013814.5020   10.6823
   -7.5000   45.0000    7.500012938.8242   10.4238
    0.0000   45.0000    7.500013374.7002   10.4379
    7.5000   45.0000    7.500012684.8691   10.4411
   -7.5000  -45.0000   15.000010702.6650   11.1633
    0.0000  -45.0000   15.000011120.5908   11.1717
    7.5000  -45.0000   15.000010554.6143   11.1765
   -7.5000  -37.5000   15.000011524.1123   11.0304
    0.0000  -37.5000   15.000011969.9512   11.0373
    7.5000  -37.5000   15.000011354.7666   11.0385
   -7.5000  -30.0000   15.000012773.7529   10.9907
    0.0000  -30.0000   15.000013287.2705   10.9944
    7.5000  -30.0000   15.000012615.1523   10.9931
   -7.5000  -22.5000   15.000013939.0576   10.9587
    0.0000  -22.5000   15.000014475.4814   10.9609
    7.5000  -22.5000   15.000013785.7725   10.9621
   -7.5000  -15.0000   15.000015112.2617   10.9430
    0.0000  -15.0000   15.000015643.5430   10.9465
    7.5000  -15.0000   15.000014882.3447   10.9515
   -7.5000   -7.5000   15.000016358.1104   10.9450
    0.0000   -7.5000   15.000016965.2891   10.9516
    7.5000   -7.5000   15.000016001.7627   10.9577
   -7.5000    0.0000   15.000017205.6094   10.9511
    0.0000    0.0000   15.000017856.9395   10.9596
    7.5000    0.0000   15.000016893.2305   10.9644
   -7.5000    7.5000   15.000016463.5000   10.9520
    0.0000    7.5000   15.000017067.7090   10.9591
    7.5000    7.5000   15.000016225.9658   10.9601
   -7.5000   15.0000   15.000015663.1445   10.9484
    0.0000   15.0000   15.000016209.5498   10.9521
    7.5000   15.0000   15.000015394.0439   10.9508
   -7.5000   22.5000   15.000014767.2715   10.9378
    0.0000   22.5000   15.000015305.6201   10.9399
    7.5000   22.5000   15.000014488.0010   10.9410
   -7.5000   30.0000   15.000013760.0596   10.7988
    0.0000   30.0000   15.000014250.3037   10.8023
    7.5000   30.0000   15.000013512.8193   10.8071
   -7.5000   37.5000   15.000013262.3291   10.8034
    0.0000   37.5000   15.000013716.2910   10.8098
    7.5000   37.5000   15.000012997.3027   10.8159
   -7.5000   45.0000   15.000012212.6943   10.5565
    0.0000   45.0000   15.000012625.4043   10.5648
    7.5000   45.0000   15.000011932.3291   10.5694
   -7.5000  -45.0000   22.500010011.5166   11.4035
    0.0000  -45.0000   22.500010389.2432   11.4085
    7.5000  -45.0000   22.5000 9851.4697   11.4117
   -7.5000  -37.5000   22.500010734.4150   11.2694
    0.0000  -37.5000   22.500011143.0039   11.2723
    7.5000  -37.5000   22.500010576.4414   11.2727
   -7.5000  -30.0000   22.500011842.0420   11.2317
    0.0000  -30.0000   22.500012298.5410   11.2312
    7.5000  -30.0000   22.500011714.8838   11.2296
   -7.5000  -22.5000   22.500012919.7881   11.1982
    0.0000  -22.5000   22.500013393.1445   11.1971
    7.5000  -22.5000   22.500012780.8262   11.1974
   -7.5000  -15.0000   22.500014017.5166   11.1788
    0.0000  -15.0000   22.500014532.5674   11.1803
    7.5000  -15.0000   22.500013821.3447   11.1837
   -7.5000   -7.5000   22.500015059.5693   11.1783
    0.0000   -7.5000   22.500015664.1875   11.1826
    7.5000   -7.5000   22.500014875.0566   11.1869
   -7.5000    0.0000   22.500015816.5449   11.1848
    0.0000    0.0000   22.500016422.5273   11.1902
    7.5000    0.0000   22.500015687.3916   11.1933
   -7.5000    7.5000   22.500015256.1504   11.1889
    0.0000    7.5000   22.500015820.0459   11.1920
    7.5000    7.5000   22.500015094.8350   11.1923
   -7.5000   15.0000   22.500014580.8564   11.1879
    0.0000   15.0000   22.500015114.5039   11.1875
    7.5000   15.0000   22.500014381.5371   11.1858
   -7.5000   22.5000   22.500013782.9668   11.1764
    0.0000   22.5000   22.500014304.8193   11.1754
    7.5000   22.5000   22.500013578.0967   11.1756
   -7.5000   30.0000   22.500012851.4932   11.0314
    0.0000   30.0000   22.500013330.3857   11.0328
    7.5000   30.0000   22.500012652.3672   11.0362
   -7.5000   37.5000   22.500012389.4746   11.0337
    0.0000   37.5000   22.500012820.2559   11.0379
    7.5000   37.5000   22.500012149.8262   11.0421
   -7.5000   45.0000   22.500011417.3965   10.7817
    0.0000   45.0000   22.500011805.0645   10.7868
    7.5000   45.0000   22.500011153.1201   10.7898
   -7.5000  -45.0000   30.0000 9318.6504   11.7929
    0.0000  -45.0000   30.0000 9680.1592   11.8015
    7.5000  -45.0000   30.0000 9184.4316   11.8000
   -7.5000  -37.5000   30.0000 9961.2236   11.6523
    0.0000  -37.5000   30.000010357.7705   11.6579
    7.5000  -37.5000   30.0000 9849.6523   11.6541
   -7.5000  -30.0000   30.000010984.7334   11.6121
    0.0000  -30.0000   30.000011436.8486   11.6138
    7.5000  -30.0000   30.000010904.3213   11.6077
   -7.5000  -22.5000   30.000012005.4971   11.5747
    0.0000  -22.5000   30.000012473.3291   11.5762
    7.5000  -22.5000   30.000011895.3555   11.5711
   -7.5000  -15.0000   30.000013013.9326   11.5528
    0.0000  -15.0000   30.000013512.6309   11.5577
    7.5000  -15.0000   30.000012863.7373   11.5554
   -7.5000   -7.5000   30.000013923.0479   11.5535
    0.0000   -7.5000   30.000014457.3877   11.5616
    7.5000   -7.5000   30.000013813.4971   11.5608
   -7.5000    0.0000   30.000014657.1836   11.5626
    0.0000    0.0000   30.000015188.5439   11.5713
    7.5000    0.0000   30.000014566.4727   11.5700
   -7.5000    7.5000   30.000014204.2979   11.5678
    0.0000    7.5000   30.000014726.5586   11.5736
    7.5000    7.5000   30.000014076.7090   11.5697
   -7.5000   15.0000   30.000013544.9893   11.5658
    0.0000   15.0000   30.000014049.0430   11.5676
    7.5000   15.0000   30.000013419.6211   11.5613
   -7.5000   22.5000   30.000012781.6045   11.5516
    0.0000   22.5000   30.000013265.9424   11.5532
    7.5000   22.5000   30.000012649.3262   11.5480
   -7.5000   30.0000   30.000011920.5312   11.4004
    0.0000   30.0000   30.000012369.1543   11.4052
    7.5000   30.0000   30.000011783.9629   11.4029
   -7.5000   37.5000   30.000011484.1113   11.4039
    0.0000   37.5000   30.000011903.8057   11.4119
    7.5000   37.5000   30.000011321.4893   11.4111
   -7.5000   45.0000   30.000010574.7207   11.1455
    0.0000   45.0000   30.000010954.7441   11.1540
    7.5000   45.0000   30.000010407.5039   11.1527
   -7.5000  -45.0000   37.5000 9027.1758   12.2957
    0.0000  -45.0000   37.5000 9380.9287   12.3058
    7.5000  -45.0000   37.5000 8905.8672   12.3056
   -7.5000  -37.5000   37.5000 9632.9941   12.1441
    0.0000  -37.5000   37.500010026.9648   12.1507
    7.5000  -37.5000   37.5000 9542.7588   12.1466
   -7.5000  -30.0000   37.500010632.8379   12.1008
    0.0000  -30.0000   37.500011065.2070   12.1030
    7.5000  -30.0000   37.500010543.6553   12.0947
   -7.5000  -22.5000   37.500011622.7969   12.0612
    0.0000  -22.5000   37.500012071.1396   12.0629
    7.5000  -22.5000   37.500011503.6143   12.0554
   -7.5000  -15.0000   37.500012556.5166   12.0388
    0.0000  -15.0000   37.500013038.7666   12.0440
    7.5000  -15.0000   37.500012433.5537   12.0404
   -7.5000   -7.5000   37.500013392.0264   12.0401
    0.0000   -7.5000   37.500013886.0713   12.0491
    7.5000   -7.5000   37.500013291.7188   12.0487
   -7.5000    0.0000   37.500014126.5107   12.0495
    0.0000    0.0000   37.500014614.5537   12.0597
    7.5000    0.0000   37.500014024.4688   12.0593
   -7.5000    7.5000   37.500013720.6367   12.0541
    0.0000    7.5000   37.500014204.2314   12.0610
    7.5000    7.5000   37.500013590.1523   12.0567
   -7.5000   15.0000   37.500013070.1650   12.0510
    0.0000   15.0000   37.500013547.3379   12.0533
    7.5000   15.0000   37.500012947.4697   12.0450
   -7.5000   22.5000   37.500012310.9131   12.0364
    0.0000   22.5000   37.500012765.1953   12.0381
    7.5000   22.5000   37.500012198.7402   12.0305
   -7.5000   30.0000   37.500011476.3604   11.8799
    0.0000   30.0000   37.500011906.6748   11.8850
    7.5000   30.0000   37.500011366.7461   11.8814
   -7.5000   37.5000   37.500011048.8867   11.8843
    0.0000   37.5000   37.500011464.8252   11.8931
    7.5000   37.5000   37.500010923.9639   11.8927
   -7.5000   45.0000   37.500010163.7617   11.6146
    0.0000   45.0000   37.500010557.2402   11.6245
    7.5000   45.0000   37.500010047.0430   11.6242
   -7.5000  -45.0000   45.0000 8377.5654   12.8146
    0.0000  -45.0000   45.0000 8703.2471   12.8303
    7.5000  -45.0000   45.0000 8265.8379   12.8388
   -7.5000  -37.5000   45.0000 8928.3945   12.6513
    0.0000  -37.5000   45.0000 9292.6201   12.6641
    7.5000  -37.5000   45.0000 8838.0107   12.6670
   -7.5000  -30.0000   45.0000 9851.5908   12.6030
    0.0000  -30.0000   45.000010250.4111   12.6108
    7.5000  -30.0000   45.0000 9763.3994   12.6083
   -7.5000  -22.5000   45.000010756.8877   12.5570
    0.0000  -22.5000   45.000011175.8418   12.5628
    7.5000  -22.5000   45.000010654.8105   12.5616
   -7.5000  -15.0000   45.000011580.4551   12.5318
    0.0000  -15.0000   45.000012027.6768   12.5397
    7.5000  -15.0000   45.000011466.9092   12.5439
   -7.5000   -7.5000   45.000012323.1416   12.5361
    0.0000   -7.5000   45.000012786.0684   12.5488
    7.5000   -7.5000   45.000012223.1064   12.5569
   -7.5000    0.0000   45.000013010.9121   12.5496
    0.0000    0.0000   45.000013482.6533   12.5653
    7.5000    0.0000   45.000012913.9609   12.5732
   -7.5000    7.5000   45.000012652.7168   12.5552
    0.0000    7.5000   45.000013119.7861   12.5682
    7.5000    7.5000   45.000012544.5889   12.5708
   -7.5000   15.0000   45.000012056.7451   12.5494
    0.0000   15.0000   45.000012500.1055   12.5573
    7.5000   15.0000   45.000011945.7979   12.5547
   -7.5000   22.5000   45.000011336.1426   12.5302
    0.0000   22.5000   45.000011764.5723   12.5360
    7.5000   22.5000   45.000011251.3193   12.5348
   -7.5000   30.0000   45.000010568.1182   12.3651
    0.0000   30.0000   45.000010980.3477   12.3729
    7.5000   30.0000   45.000010483.9600   12.3770
   -7.5000   37.5000   45.000010181.2666   12.3728
    0.0000   37.5000   45.000010581.7070   12.3853
    7.5000   37.5000   45.000010087.1445   12.3932
   -7.5000   45.0000   45.0000 9350.9053   12.1020
    0.0000   45.0000   45.0000 9741.8604   12.1171
    7.5000   45.0000   45.0000 9273.7539   12.1248

---------------------------------------------------------------------
imgreg_4dfp /opt/freesurfer/average/711-2C_as_mni_average_305 /opt/freesurfer/average/711-2B_as_mni_average_305_mask talsrcimg_g11 none talsrcimg_to_711-2C_as_mni_average_305_t4 4355
---------------------------------------------------------------------

freesurfer imgreg_4dfp.c
/opt/freesurfer/average/711-2C_as_mni_average_305.4dfp.img
       256       256       256         1
  1.000000  1.000000  1.000000
orientation T byte_order littleendian
Reading image: /opt/freesurfer/average/711-2C_as_mni_average_305.4dfp.img
dimensions:      256       256       256
mmppix:       1.0000   -1.0000   -1.0000
center:     128.0000 -129.0000 -129.0000
/opt/freesurfer/average/711-2B_as_mni_average_305_mask.4dfp.img
       256       256       256         1
  1.000000  1.000000  1.000000
orientation T byte_order littleendian
Reading mask: /opt/freesurfer/average/711-2B_as_mni_average_305_mask.4dfp.img (2306576 pixels)
talsrcimg_g11.4dfp.img
       256       256       256         1
  1.000000  1.000000  1.000000
orientation T byte_order littleendian
Reading image: talsrcimg_g11.4dfp.img
dimensions:      256       256       256
mmppix:       1.0000   -1.0000   -1.0000
center:     128.0000 -129.0000 -129.0000
rotation matrix determinant  1.000000
image alignment mode   4355 decimal     1103 hex
   -7.5000  -45.0000  -45.0000 2461.0696   11.6968
    0.0000  -45.0000  -45.0000 2469.0854   11.6861
    7.5000  -45.0000  -45.0000 2450.4932   11.8592
   -7.5000  -37.5000  -45.0000 2536.6084   10.8071
    0.0000  -37.5000  -45.0000 2545.1990   10.7902
    7.5000  -37.5000  -45.0000 2531.5217   10.9583
   -7.5000  -30.0000  -45.0000 2591.5281   10.1097
    0.0000  -30.0000  -45.0000 2600.5554   10.0798
    7.5000  -30.0000  -45.0000 2587.9590   10.2399
   -7.5000  -22.5000  -45.0000 2633.0085    9.5985
    0.0000  -22.5000  -45.0000 2643.7441    9.5475
    7.5000  -22.5000  -45.0000 2629.8044    9.7072
   -7.5000  -15.0000  -45.0000 2659.1465    9.2652
    0.0000  -15.0000  -45.0000 2670.1846    9.1827
    7.5000  -15.0000  -45.0000 2653.5251    9.3513
   -7.5000   -7.5000  -45.0000 2676.0864    9.1131
    0.0000   -7.5000  -45.0000 2688.3972    9.0284
    7.5000   -7.5000  -45.0000 2673.1653    9.1990
   -7.5000    0.0000  -45.0000 2684.2007    9.0904
    0.0000    0.0000  -45.0000 2693.1187    8.9856
    7.5000    0.0000  -45.0000 2678.5767    9.1783
   -7.5000    7.5000  -45.0000 2682.1738    9.1868
    0.0000    7.5000  -45.0000 2685.6511    9.0970
    7.5000    7.5000  -45.0000 2671.1328    9.2880
   -7.5000   15.0000  -45.0000 2660.3083    9.4749
    0.0000   15.0000  -45.0000 2666.2874    9.4021
    7.5000   15.0000  -45.0000 2654.1597    9.5713
   -7.5000   22.5000  -45.0000 2622.9626    9.9197
    0.0000   22.5000  -45.0000 2631.9922    9.8440
    7.5000   22.5000  -45.0000 2614.5466   10.0047
   -7.5000   30.0000  -45.0000 2556.9399   10.5445
    0.0000   30.0000  -45.0000 2566.9575   10.4537
    7.5000   30.0000  -45.0000 2552.6523   10.6105
   -7.5000   37.5000  -45.0000 2475.2219   11.3743
    0.0000   37.5000  -45.0000 2483.2595   11.2848
    7.5000   37.5000  -45.0000 2468.2014   11.4289
   -7.5000   45.0000  -45.0000 2370.4900   12.4435
    0.0000   45.0000  -45.0000 2377.9858   12.3801
    7.5000   45.0000  -45.0000 2362.7170   12.5216
   -7.5000  -45.0000  -37.5000 2499.6277   11.2294
    0.0000  -45.0000  -37.5000 2511.0667   11.1824
    7.5000  -45.0000  -37.5000 2492.7385   11.3685
   -7.5000  -37.5000  -37.5000 2582.5315   10.3435
    0.0000  -37.5000  -37.5000 2594.8149   10.2944
    7.5000  -37.5000  -37.5000 2581.7761   10.4734
   -7.5000  -30.0000  -37.5000 2643.0349    9.6489
    0.0000  -30.0000  -37.5000 2653.2488    9.5941
    7.5000  -30.0000  -37.5000 2642.6707    9.7744
   -7.5000  -22.5000  -37.5000 2693.0039    9.1368
    0.0000  -22.5000  -37.5000 2700.5020    9.0598
    7.5000  -22.5000  -37.5000 2688.3862    9.2434
   -7.5000  -15.0000  -37.5000 2728.1604    8.7846
    0.0000  -15.0000  -37.5000 2737.0850    8.6976
    7.5000  -15.0000  -37.5000 2720.2332    8.8648
   -7.5000   -7.5000  -37.5000 2747.5706    8.6280
    0.0000   -7.5000  -37.5000 2756.2534    8.5175
    7.5000   -7.5000  -37.5000 2741.4395    8.7036
   -7.5000    0.0000  -37.5000 2757.5793    8.5944
    0.0000    0.0000  -37.5000 2769.0825    8.4773
    7.5000    0.0000  -37.5000 2748.9709    8.6672
   -7.5000    7.5000  -37.5000 2756.4319    8.6582
    0.0000    7.5000  -37.5000 2765.3872    8.5445
    7.5000    7.5000  -37.5000 2744.7937    8.7437
   -7.5000   15.0000  -37.5000 2739.6890    8.9176
    0.0000   15.0000  -37.5000 2744.6975    8.8182
    7.5000   15.0000  -37.5000 2728.3511    9.0006
   -7.5000   22.5000  -37.5000 2698.8560    9.3505
    0.0000   22.5000  -37.5000 2707.7317    9.2428
    7.5000   22.5000  -37.5000 2691.8313    9.4092
   -7.5000   30.0000  -37.5000 2630.6411    9.9452
    0.0000   30.0000  -37.5000 2640.7930    9.8192
    7.5000   30.0000  -37.5000 2624.8228    9.9852
   -7.5000   37.5000  -37.5000 2544.1555   10.7308
    0.0000   37.5000  -37.5000 2553.6951   10.6137
    7.5000   37.5000  -37.5000 2536.3501   10.7664
   -7.5000   45.0000  -37.5000 2433.4167   11.7643
    0.0000   45.0000  -37.5000 2438.7715   11.6541
    7.5000   45.0000  -37.5000 2424.0537   11.8047
   -7.5000  -45.0000  -30.0000 2579.6064   11.1690
    0.0000  -45.0000  -30.0000 2588.6753   11.0932
    7.5000  -45.0000  -30.0000 2568.3440   11.3021
   -7.5000  -37.5000  -30.0000 2672.9492   10.2590
    0.0000  -37.5000  -30.0000 2684.7156   10.1685
    7.5000  -37.5000  -30.0000 2666.6421   10.3735
   -7.5000  -30.0000  -30.0000 2743.9778    9.5493
    0.0000  -30.0000  -30.0000 2754.0432    9.4450
    7.5000  -30.0000  -30.0000 2738.6125    9.6499
   -7.5000  -22.5000  -30.0000 2800.4131    9.0191
    0.0000  -22.5000  -30.0000 2804.2363    8.9152
    7.5000  -22.5000  -30.0000 2788.8550    9.1190
   -7.5000  -15.0000  -30.0000 2841.2300    8.6538
    0.0000  -15.0000  -30.0000 2845.4292    8.5440
    7.5000  -15.0000  -30.0000 2829.0491    8.7259
   -7.5000   -7.5000  -30.0000 2867.6782    8.4897
    0.0000   -7.5000  -30.0000 2871.4387    8.3649
    7.5000   -7.5000  -30.0000 2853.4893    8.5479
   -7.5000    0.0000  -30.0000 2879.3513    8.4405
    0.0000    0.0000  -30.0000 2888.2085    8.3203
    7.5000    0.0000  -30.0000 2868.6255    8.5101
   -7.5000    7.5000  -30.0000 2879.9121    8.4713
    0.0000    7.5000  -30.0000 2892.9487    8.3332
    7.5000    7.5000  -30.0000 2866.2725    8.5607
   -7.5000   15.0000  -30.0000 2863.7065    8.7095
    0.0000   15.0000  -30.0000 2868.9011    8.5788
    7.5000   15.0000  -30.0000 2848.3865    8.8028
   -7.5000   22.5000  -30.0000 2820.7197    9.1314
    0.0000   22.5000  -30.0000 2828.4482    8.9936
    7.5000   22.5000  -30.0000 2809.8655    9.1896
   -7.5000   30.0000  -30.0000 2751.0144    9.7047
    0.0000   30.0000  -30.0000 2762.3860    9.5581
    7.5000   30.0000  -30.0000 2744.1392    9.7442
   -7.5000   37.5000  -30.0000 2659.3215   10.4904
    0.0000   37.5000  -30.0000 2668.3308   10.3300
    7.5000   37.5000  -30.0000 2648.3987   10.5244
   -7.5000   45.0000  -30.0000 2542.1553   11.5094
    0.0000   45.0000  -30.0000 2548.3059   11.3543
    7.5000   45.0000  -30.0000 2531.5737   11.5381
   -7.5000  -45.0000  -22.5000 2621.4939   11.0849
    0.0000  -45.0000  -22.5000 2625.6602   11.0061
    7.5000  -45.0000  -22.5000 2610.0803   11.2107
   -7.5000  -37.5000  -22.5000 2721.8521   10.1449
    0.0000  -37.5000  -22.5000 2727.1702   10.0620
    7.5000  -37.5000  -22.5000 2713.9553   10.2479
   -7.5000  -30.0000  -22.5000 2802.4460    9.4073
    0.0000  -30.0000  -22.5000 2803.7786    9.3324
    7.5000  -30.0000  -22.5000 2790.8398    9.5132
   -7.5000  -22.5000  -22.5000 2857.4614    8.8730
    0.0000  -22.5000  -22.5000 2858.8577    8.7854
    7.5000  -22.5000  -22.5000 2847.1562    8.9650
   -7.5000  -15.0000  -22.5000 2902.2490    8.5072
    0.0000  -15.0000  -22.5000 2905.1641    8.4151
    7.5000  -15.0000  -22.5000 2891.7837    8.5808
   -7.5000   -7.5000  -22.5000 2934.8894    8.3563
    0.0000   -7.5000  -22.5000 2937.8623    8.2619
    7.5000   -7.5000  -22.5000 2921.7261    8.4042
   -7.5000    0.0000  -22.5000 2955.6028    8.3145
    0.0000    0.0000  -22.5000 2964.1055    8.2468
    7.5000    0.0000  -22.5000 2944.0117    8.3695
   -7.5000    7.5000  -22.5000 2961.5786    8.2970
    0.0000    7.5000  -22.5000 2974.8264    8.2305
    7.5000    7.5000  -22.5000 2947.9724    8.3874
   -7.5000   15.0000  -22.5000 2943.1108    8.4780
    0.0000   15.0000  -22.5000 2951.5112    8.3848
    7.5000   15.0000  -22.5000 2922.1467    8.5815
   -7.5000   22.5000  -22.5000 2899.9580    8.8777
    0.0000   22.5000  -22.5000 2909.4812    8.7752
    7.5000   22.5000  -22.5000 2883.1909    8.9490
   -7.5000   30.0000  -22.5000 2826.8264    9.4511
    0.0000   30.0000  -22.5000 2839.6726    9.3442
    7.5000   30.0000  -22.5000 2817.1746    9.4943
   -7.5000   37.5000  -22.5000 2729.6511   10.2396
    0.0000   37.5000  -22.5000 2741.2236   10.1304
    7.5000   37.5000  -22.5000 2718.8916   10.2711
   -7.5000   45.0000  -22.5000 2610.4185   11.2552
    0.0000   45.0000  -22.5000 2619.0239   11.1386
    7.5000   45.0000  -22.5000 2597.1719   11.2789
   -7.5000  -45.0000  -15.0000 2623.1562   11.0707
    0.0000  -45.0000  -15.0000 2622.5398   10.9850
    7.5000  -45.0000  -15.0000 2611.2993   11.2169
   -7.5000  -37.5000  -15.0000 2730.3276   10.1057
    0.0000  -37.5000  -15.0000 2727.3867   10.0122
    7.5000  -37.5000  -15.0000 2717.7354   10.2359
   -7.5000  -30.0000  -15.0000 2815.4543    9.3548
    0.0000  -30.0000  -15.0000 2813.0735    9.2885
    7.5000  -30.0000  -15.0000 2802.9692    9.4923
   -7.5000  -22.5000  -15.0000 2881.2800    8.8005
    0.0000  -22.5000  -15.0000 2878.8347    8.7558
    7.5000  -22.5000  -15.0000 2868.9875    8.9246
   -7.5000  -15.0000  -15.0000 2927.7317    8.4282
    0.0000  -15.0000  -15.0000 2931.9575    8.3945
    7.5000  -15.0000  -15.0000 2919.8279    8.5306
   -7.5000   -7.5000  -15.0000 2966.7629    8.2547
    0.0000   -7.5000  -15.0000 2972.7258    8.2197
    7.5000   -7.5000  -15.0000 2954.0657    8.3320
   -7.5000    0.0000  -15.0000 2991.4849    8.2417
    0.0000    0.0000  -15.0000 3001.7112    8.2314
    7.5000    0.0000  -15.0000 2983.5488    8.2927
   -7.5000    7.5000  -15.0000 3001.3372    8.2440
    0.0000    7.5000  -15.0000 3017.6409    8.2527
    7.5000    7.5000  -15.0000 2990.6008    8.3216
   -7.5000   15.0000  -15.0000 2982.5945    8.3299
    0.0000   15.0000  -15.0000 2994.9062    8.3027
    7.5000   15.0000  -15.0000 2963.3008    8.4250
   -7.5000   22.5000  -15.0000 2936.1248    8.6619
    0.0000   22.5000  -15.0000 2950.3398    8.6014
    7.5000   22.5000  -15.0000 2917.1726    8.7366
   -7.5000   30.0000  -15.0000 2857.0591    9.2543
    0.0000   30.0000  -15.0000 2870.7095    9.1703
    7.5000   30.0000  -15.0000 2845.5952    9.3038
   -7.5000   37.5000  -15.0000 2760.1812   10.0515
    0.0000   37.5000  -15.0000 2769.3508    9.9617
    7.5000   37.5000  -15.0000 2748.5037   10.0836
   -7.5000   45.0000  -15.0000 2640.9631   11.0618
    0.0000   45.0000  -15.0000 2650.2122   10.9768
    7.5000   45.0000  -15.0000 2626.3298   11.1015
   -7.5000  -45.0000   -7.5000 2605.7900   11.1341
    0.0000  -45.0000   -7.5000 2601.1431   11.0720
    7.5000  -45.0000   -7.5000 2596.0703   11.3162
   -7.5000  -37.5000   -7.5000 2720.0154   10.1571
    0.0000  -37.5000   -7.5000 2715.0940   10.1190
    7.5000  -37.5000   -7.5000 2707.5020   10.3309
   -7.5000  -30.0000   -7.5000 2810.4634    9.3868
    0.0000  -30.0000   -7.5000 2807.7122    9.3824
    7.5000  -30.0000   -7.5000 2796.6340    9.5606
   -7.5000  -22.5000   -7.5000 2879.0730    8.8239
    0.0000  -22.5000   -7.5000 2883.6538    8.8261
    7.5000  -22.5000   -7.5000 2871.5251    8.9683
   -7.5000  -15.0000   -7.5000 2933.3403    8.4078
    0.0000  -15.0000   -7.5000 2943.7542    8.4148
    7.5000  -15.0000   -7.5000 2928.3679    8.5463
   -7.5000   -7.5000   -7.5000 2975.0657    8.1972
    0.0000   -7.5000   -7.5000 2989.2766    8.1876
    7.5000   -7.5000   -7.5000 2967.1611    8.2954
   -7.5000    0.0000   -7.5000 3008.6082    8.1515
    0.0000    0.0000   -7.5000 3023.8608    8.1677
    7.5000    0.0000   -7.5000 2992.9282    8.2149
   -7.5000    7.5000   -7.5000 3018.6733    8.1608
    0.0000    7.5000   -7.5000 3033.5903    8.1769
    7.5000    7.5000   -7.5000 2999.0737    8.2199
   -7.5000   15.0000   -7.5000 2999.1194    8.3014
    0.0000   15.0000   -7.5000 3006.0701    8.2602
    7.5000   15.0000   -7.5000 2974.6731    8.3560
   -7.5000   22.5000   -7.5000 2949.5532    8.6526
    0.0000   22.5000   -7.5000 2957.4429    8.5579
    7.5000   22.5000   -7.5000 2926.6006    8.6874
   -7.5000   30.0000   -7.5000 2871.4285    9.1766
    0.0000   30.0000   -7.5000 2878.5569    9.0783
    7.5000   30.0000   -7.5000 2850.1799    9.2250
   -7.5000   37.5000   -7.5000 2772.1323    9.9361
    0.0000   37.5000   -7.5000 2776.8201    9.8212
    7.5000   37.5000   -7.5000 2753.5779    9.9840
   -7.5000   45.0000   -7.5000 2646.0134   10.9380
    0.0000   45.0000   -7.5000 2650.7100   10.8251
    7.5000   45.0000   -7.5000 2632.6323   10.9830
   -7.5000  -45.0000    0.0000 2587.8167   11.4002
    0.0000  -45.0000    0.0000 2584.7136   11.4140
    7.5000  -45.0000    0.0000 2569.8320   11.6503
   -7.5000  -37.5000    0.0000 2703.9463   10.3718
    0.0000  -37.5000    0.0000 2696.8423   10.3802
    7.5000  -37.5000    0.0000 2681.1023   10.5908
   -7.5000  -30.0000    0.0000 2796.4185    9.5441
    0.0000  -30.0000    0.0000 2793.3435    9.5463
    7.5000  -30.0000    0.0000 2776.9150    9.7316
   -7.5000  -22.5000    0.0000 2870.0889    8.9199
    0.0000  -22.5000    0.0000 2873.4265    8.9188
    7.5000  -22.5000    0.0000 2858.5652    9.0666
   -7.5000  -15.0000    0.0000 2930.1575    8.4608
    0.0000  -15.0000    0.0000 2942.5332    8.4437
    7.5000  -15.0000    0.0000 2926.1152    8.5833
   -7.5000   -7.5000    0.0000 2981.9382    8.2187
    0.0000   -7.5000    0.0000 2995.9150    8.1622
    7.5000   -7.5000    0.0000 2972.6392    8.2923
   -7.5000    0.0000    0.0000 3016.8970    8.1212
    0.0000    0.0000    0.0000 3028.1619    8.0849
    7.5000    0.0000    0.0000 2998.0247    8.1775
   -7.5000    7.5000    0.0000 3025.0491    8.1223
    0.0000    7.5000    0.0000 3033.3564    8.0496
    7.5000    7.5000    0.0000 2997.3806    8.1736
   -7.5000   15.0000    0.0000 2996.3745    8.3091
    0.0000   15.0000    0.0000 2999.1941    8.1996
    7.5000   15.0000    0.0000 2968.6428    8.3606
   -7.5000   22.5000    0.0000 2945.5046    8.6805
    0.0000   22.5000    0.0000 2952.0569    8.5635
    7.5000   22.5000    0.0000 2922.8135    8.7234
   -7.5000   30.0000    0.0000 2867.6423    9.2386
    0.0000   30.0000    0.0000 2870.0732    9.1230
    7.5000   30.0000    0.0000 2843.7119    9.2931
   -7.5000   37.5000    0.0000 2764.1392   10.0019
    0.0000   37.5000    0.0000 2764.2527    9.9075
    7.5000   37.5000    0.0000 2743.5193   10.0651
   -7.5000   45.0000    0.0000 2636.6670   10.9842
    0.0000   45.0000    0.0000 2638.3540   10.8790
    7.5000   45.0000    0.0000 2622.5049   11.0270
   -7.5000  -45.0000    7.5000 2571.6218   11.7061
    0.0000  -45.0000    7.5000 2566.2954   11.7366
    7.5000  -45.0000    7.5000 2544.2773   11.9908
   -7.5000  -37.5000    7.5000 2687.2598   10.6005
    0.0000  -37.5000    7.5000 2675.6819   10.6122
    7.5000  -37.5000    7.5000 2653.8726   10.8357
   -7.5000  -30.0000    7.5000 2778.8684    9.7216
    0.0000  -30.0000    7.5000 2771.8755    9.7232
    7.5000  -30.0000    7.5000 2753.9146    9.9133
   -7.5000  -22.5000    7.5000 2859.5571    9.0588
    0.0000  -22.5000    7.5000 2857.5325    9.0361
    7.5000  -22.5000    7.5000 2843.3188    9.2020
   -7.5000  -15.0000    7.5000 2927.3994    8.5850
    0.0000  -15.0000    7.5000 2934.4968    8.5251
    7.5000  -15.0000    7.5000 2917.2017    8.6898
   -7.5000   -7.5000    7.5000 2982.2065    8.3346
    0.0000   -7.5000    7.5000 2988.7720    8.2503
    7.5000   -7.5000    7.5000 2969.8174    8.4041
   -7.5000    0.0000    7.5000 3019.5278    8.2676
    0.0000    0.0000    7.5000 3023.0854    8.1946
    7.5000    0.0000    7.5000 2993.5652    8.2999
   -7.5000    7.5000    7.5000 3021.2585    8.2665
    0.0000    7.5000    7.5000 3023.1545    8.1615
    7.5000    7.5000    7.5000 2988.9031    8.3137
   -7.5000   15.0000    7.5000 2987.9968    8.4077
    0.0000   15.0000    7.5000 2988.5186    8.2910
    7.5000   15.0000    7.5000 2961.4771    8.4866
   -7.5000   22.5000    7.5000 2935.7415    8.7737
    0.0000   22.5000    7.5000 2935.6567    8.6547
    7.5000   22.5000    7.5000 2907.4846    8.8464
   -7.5000   30.0000    7.5000 2853.6008    9.3747
    0.0000   30.0000    7.5000 2851.2642    9.2508
    7.5000   30.0000    7.5000 2828.5498    9.4294
   -7.5000   37.5000    7.5000 2747.2251   10.1715
    0.0000   37.5000    7.5000 2746.5979   10.0462
    7.5000   37.5000    7.5000 2728.3320   10.2264
   -7.5000   45.0000    7.5000 2617.6389   11.1729
    0.0000   45.0000    7.5000 2618.8865   11.0594
    7.5000   45.0000    7.5000 2604.6826   11.2250
   -7.5000  -45.0000   15.0000 2547.1953   12.0311
    0.0000  -45.0000   15.0000 2540.6694   12.0406
    7.5000  -45.0000   15.0000 2519.1155   12.3358
   -7.5000  -37.5000   15.0000 2657.5549   10.8881
    0.0000  -37.5000   15.0000 2648.7314   10.8797
    7.5000  -37.5000   15.0000 2627.6130   11.1280
   -7.5000  -30.0000   15.0000 2753.9121    9.9529
    0.0000  -30.0000   15.0000 2745.7417    9.9366
    7.5000  -30.0000   15.0000 2729.4102   10.1671
   -7.5000  -22.5000   15.0000 2841.7991    9.2263
    0.0000  -22.5000   15.0000 2835.2234    9.1935
    7.5000  -22.5000   15.0000 2817.7222    9.4089
   -7.5000  -15.0000   15.0000 2916.0769    8.7396
    0.0000  -15.0000   15.0000 2913.8718    8.6830
    7.5000  -15.0000   15.0000 2895.3040    8.8938
   -7.5000   -7.5000   15.0000 2975.6130    8.5349
    0.0000   -7.5000   15.0000 2973.0293    8.4643
    7.5000   -7.5000   15.0000 2951.8711    8.6120
   -7.5000    0.0000   15.0000 3007.7329    8.4660
    0.0000    0.0000   15.0000 3005.5071    8.4178
    7.5000    0.0000   15.0000 2968.7871    8.5346
   -7.5000    7.5000   15.0000 2999.2068    8.4546
    0.0000    7.5000   15.0000 2995.5752    8.3926
    7.5000    7.5000   15.0000 2959.2751    8.5832
   -7.5000   15.0000   15.0000 2960.6074    8.6419
    0.0000   15.0000   15.0000 2961.5659    8.5649
    7.5000   15.0000   15.0000 2932.7314    8.7655
   -7.5000   22.5000   15.0000 2905.9675    9.0254
    0.0000   22.5000   15.0000 2905.8501    8.9370
    7.5000   22.5000   15.0000 2877.4675    9.1169
   -7.5000   30.0000   15.0000 2821.7468    9.6027
    0.0000   30.0000   15.0000 2819.4980    9.4917
    7.5000   30.0000   15.0000 2798.6287    9.6690
   -7.5000   37.5000   15.0000 2715.7896   10.3847
    0.0000   37.5000   15.0000 2712.6987   10.2717
    7.5000   37.5000   15.0000 2695.3396   10.4389
   -7.5000   45.0000   15.0000 2589.6812   11.4001
    0.0000   45.0000   15.0000 2587.5227   11.2957
    7.5000   45.0000   15.0000 2569.4773   11.4612
   -7.5000  -45.0000   22.5000 2519.4980   12.4412
    0.0000  -45.0000   22.5000 2511.6069   12.4199
    7.5000  -45.0000   22.5000 2487.9351   12.7411
   -7.5000  -37.5000   22.5000 2631.0281   11.2171
    0.0000  -37.5000   22.5000 2623.7466   11.1812
    7.5000  -37.5000   22.5000 2601.4941   11.4743
   -7.5000  -30.0000   22.5000 2727.9387   10.2256
    0.0000  -30.0000   22.5000 2720.3896   10.1811
    7.5000  -30.0000   22.5000 2702.5913   10.4568
   -7.5000  -22.5000   22.5000 2818.1228    9.4898
    0.0000  -22.5000   22.5000 2811.6892    9.4422
    7.5000  -22.5000   22.5000 2785.6394    9.6962
   -7.5000  -15.0000   22.5000 2896.2715    9.0136
    0.0000  -15.0000   22.5000 2889.9253    8.9691
    7.5000  -15.0000   22.5000 2865.2510    9.1867
   -7.5000   -7.5000   22.5000 2952.8816    8.8017
    0.0000   -7.5000   22.5000 2947.3040    8.7636
    7.5000   -7.5000   22.5000 2924.4160    8.9152
   -7.5000    0.0000   22.5000 2969.3147    8.7050
    0.0000    0.0000   22.5000 2967.0259    8.6707
    7.5000    0.0000   22.5000 2933.5464    8.8656
   -7.5000    7.5000   22.5000 2959.0515    8.7554
    0.0000    7.5000   22.5000 2952.4167    8.7137
    7.5000    7.5000   22.5000 2916.3440    8.9366
   -7.5000   15.0000   22.5000 2920.7551    9.0468
    0.0000   15.0000   22.5000 2921.9114    8.9583
    7.5000   15.0000   22.5000 2889.7219    9.1519
   -7.5000   22.5000   22.5000 2863.2854    9.4395
    0.0000   22.5000   22.5000 2861.3975    9.3580
    7.5000   22.5000   22.5000 2838.3455    9.5311
   -7.5000   30.0000   22.5000 2777.2271    9.9973
    0.0000   30.0000   22.5000 2773.3833    9.9020
    7.5000   30.0000   22.5000 2755.3262   10.0785
   -7.5000   37.5000   22.5000 2672.0334   10.7643
    0.0000   37.5000   22.5000 2669.1145   10.6527
    7.5000   37.5000   22.5000 2651.1255   10.8218
   -7.5000   45.0000   22.5000 2550.1487   11.7569
    0.0000   45.0000   22.5000 2549.4443   11.6450
    7.5000   45.0000   22.5000 2528.4377   11.8269
   -7.5000  -45.0000   30.0000 2479.1646   12.8646
    0.0000  -45.0000   30.0000 2471.7703   12.8604
    7.5000  -45.0000   30.0000 2448.6667   13.1972
   -7.5000  -37.5000   30.0000 2593.0129   11.5881
    0.0000  -37.5000   30.0000 2586.9824   11.5700
    7.5000  -37.5000   30.0000 2562.1240   11.8989
   -7.5000  -30.0000   30.0000 2693.4219   10.6060
    0.0000  -30.0000   30.0000 2690.3105   10.5773
    7.5000  -30.0000   30.0000 2662.9480   10.8657
   -7.5000  -22.5000   30.0000 2786.4255    9.8787
    0.0000  -22.5000   30.0000 2783.1868    9.8431
    7.5000  -22.5000   30.0000 2751.9788   10.1014
   -7.5000  -15.0000   30.0000 2869.0166    9.4322
    0.0000  -15.0000   30.0000 2859.8081    9.3968
    7.5000  -15.0000   30.0000 2827.7239    9.6002
   -7.5000   -7.5000   30.0000 2918.2930    9.2029
    0.0000   -7.5000   30.0000 2912.0493    9.1634
    7.5000   -7.5000   30.0000 2881.7546    9.3513
   -7.5000    0.0000   30.0000 2926.1824    9.0968
    0.0000    0.0000   30.0000 2922.9893    9.0510
    7.5000    0.0000   30.0000 2889.6804    9.2894
   -7.5000    7.5000   30.0000 2915.4253    9.2121
    0.0000    7.5000   30.0000 2909.9346    9.1559
    7.5000    7.5000   30.0000 2877.0471    9.3593
   -7.5000   15.0000   30.0000 2867.8923    9.5039
    0.0000   15.0000   30.0000 2868.9561    9.4303
    7.5000   15.0000   30.0000 2840.5649    9.6071
   -7.5000   22.5000   30.0000 2802.3435    9.9093
    0.0000   22.5000   30.0000 2801.6340    9.8361
    7.5000   22.5000   30.0000 2781.0312    9.9909
   -7.5000   30.0000   30.0000 2717.4438   10.4757
    0.0000   30.0000   30.0000 2714.5862   10.3988
    7.5000   30.0000   30.0000 2697.6165   10.5538
   -7.5000   37.5000   30.0000 2614.9465   11.2421
    0.0000   37.5000   30.0000 2612.7288   11.1515
    7.5000   37.5000   30.0000 2593.4253   11.3175
   -7.5000   45.0000   30.0000 2499.4944   12.2474
    0.0000   45.0000   30.0000 2497.8076   12.1592
    7.5000   45.0000   30.0000 2479.0781   12.3314
   -7.5000  -45.0000   37.5000 2441.6453   13.4385
    0.0000  -45.0000   37.5000 2432.6448   13.4441
    7.5000  -45.0000   37.5000 2406.1165   13.8047
   -7.5000  -37.5000   37.5000 2551.7944   12.1283
    0.0000  -37.5000   37.5000 2546.4546   12.1223
    7.5000  -37.5000   37.5000 2520.3411   12.4660
   -7.5000  -30.0000   37.5000 2655.4041   11.1349
    0.0000  -30.0000   37.5000 2650.4250   11.1075
    7.5000  -30.0000   37.5000 2622.1328   11.4222
   -7.5000  -22.5000   37.5000 2749.1218   10.4218
    0.0000  -22.5000   37.5000 2743.0627   10.3881
    7.5000  -22.5000   37.5000 2710.3738   10.6679
   -7.5000  -15.0000   37.5000 2823.7234    9.9707
    0.0000  -15.0000   37.5000 2811.8767    9.9403
    7.5000  -15.0000   37.5000 2779.6172   10.1691
   -7.5000   -7.5000   37.5000 2871.3181    9.6846
    0.0000   -7.5000   37.5000 2862.6331    9.6562
    7.5000   -7.5000   37.5000 2829.0786    9.8897
   -7.5000    0.0000   37.5000 2876.1233    9.6133
    0.0000    0.0000   37.5000 2867.1707    9.5668
    7.5000    0.0000   37.5000 2836.4036    9.8013
   -7.5000    7.5000   37.5000 2861.1904    9.7658
    0.0000    7.5000   37.5000 2852.0747    9.7082
    7.5000    7.5000   37.5000 2823.1101    9.9073
   -7.5000   15.0000   37.5000 2810.9924   10.0552
    0.0000   15.0000   37.5000 2808.2017    9.9804
    7.5000   15.0000   37.5000 2780.1836   10.1653
   -7.5000   22.5000   37.5000 2738.8083   10.4485
    0.0000   22.5000   37.5000 2738.4468   10.3766
    7.5000   22.5000   37.5000 2721.3352   10.5484
   -7.5000   30.0000   37.5000 2651.3740   11.0191
    0.0000   30.0000   37.5000 2651.9771   10.9495
    7.5000   30.0000   37.5000 2635.2332   11.0975
   -7.5000   37.5000   37.5000 2551.2393   11.7936
    0.0000   37.5000   37.5000 2551.3218   11.7077
    7.5000   37.5000   37.5000 2530.3730   11.8750
   -7.5000   45.0000   37.5000 2438.3574   12.8158
    0.0000   45.0000   37.5000 2440.6118   12.7382
    7.5000   45.0000   37.5000 2419.9194   12.9043
   -7.5000  -45.0000   45.0000 2394.3887   14.1876
    0.0000  -45.0000   45.0000 2384.2317   14.2121
    7.5000  -45.0000   45.0000 2357.8752   14.6092
   -7.5000  -37.5000   45.0000 2506.4951   12.8218
    0.0000  -37.5000   45.0000 2498.4155   12.8326
    7.5000  -37.5000   45.0000 2469.6804   13.1979
   -7.5000  -30.0000   45.0000 2608.6804   11.8088
    0.0000  -30.0000   45.0000 2602.5374   11.7936
    7.5000  -30.0000   45.0000 2572.4060   12.1309
   -7.5000  -22.5000   45.0000 2696.5925   11.0876
    0.0000  -22.5000   45.0000 2687.0989   11.0631
    7.5000  -22.5000   45.0000 2656.1389   11.3620
   -7.5000  -15.0000   45.0000 2758.6277   10.6098
    0.0000  -15.0000   45.0000 2747.4441   10.5943
    7.5000  -15.0000   45.0000 2714.0034   10.8683
   -7.5000   -7.5000   45.0000 2795.4617   10.3182
    0.0000   -7.5000   45.0000 2786.1418   10.3018
    7.5000   -7.5000   45.0000 2752.2446   10.5673
   -7.5000    0.0000   45.0000 2803.4661   10.2379
    0.0000    0.0000   45.0000 2792.7659   10.2234
    7.5000    0.0000   45.0000 2762.8518   10.4498
   -7.5000    7.5000   45.0000 2789.1094   10.3765
    0.0000    7.5000   45.0000 2780.2681   10.3535
    7.5000    7.5000   45.0000 2747.8569   10.5658
   -7.5000   15.0000   45.0000 2739.8201   10.6447
    0.0000   15.0000   45.0000 2732.5757   10.6057
    7.5000   15.0000   45.0000 2703.8674   10.8053
   -7.5000   22.5000   45.0000 2663.4905   11.0685
    0.0000   22.5000   45.0000 2660.0994   11.0317
    7.5000   22.5000   45.0000 2640.1829   11.2257
   -7.5000   30.0000   45.0000 2576.4644   11.6549
    0.0000   30.0000   45.0000 2576.6597   11.6071
    7.5000   30.0000   45.0000 2554.9751   11.7669
   -7.5000   37.5000   45.0000 2482.1013   12.4457
    0.0000   37.5000   45.0000 2479.5671   12.3668
    7.5000   37.5000   45.0000 2457.5364   12.5342
   -7.5000   45.0000   45.0000 2364.3916   13.4949
    0.0000   45.0000   45.0000 2366.4480   13.4200
    7.5000   45.0000   45.0000 2344.3140   13.5954

---------------------------------------------------------------------
imgreg_4dfp /opt/freesurfer/average/711-2C_as_mni_average_305 /opt/freesurfer/average/711-2B_as_mni_average_305_mask talsrcimg_g11 none talsrcimg_to_711-2C_as_mni_average_305_t4 1283
---------------------------------------------------------------------

freesurfer imgreg_4dfp.c
/opt/freesurfer/average/711-2C_as_mni_average_305.4dfp.img
       256       256       256         1
  1.000000  1.000000  1.000000
orientation T byte_order littleendian
Reading image: /opt/freesurfer/average/711-2C_as_mni_average_305.4dfp.img
dimensions:      256       256       256
mmppix:       1.0000   -1.0000   -1.0000
center:     128.0000 -129.0000 -129.0000
/opt/freesurfer/average/711-2B_as_mni_average_305_mask.4dfp.img
       256       256       256         1
  1.000000  1.000000  1.000000
orientation T byte_order littleendian
Reading mask: /opt/freesurfer/average/711-2B_as_mni_average_305_mask.4dfp.img (2306576 pixels)
talsrcimg_g11.4dfp.img
       256       256       256         1
  1.000000  1.000000  1.000000
orientation T byte_order littleendian
Reading image: talsrcimg_g11.4dfp.img
dimensions:      256       256       256
mmppix:       1.0000   -1.0000   -1.0000
center:     128.0000 -129.0000 -129.0000
rotation matrix determinant  1.000000
fimgreg.f
image alignment mode   1283 decimal      503 hex
parameters
    0.0000    7.5000   -7.5000    0.0000    0.0000    0.0000
eta,q 0.95105  8.18955
niter,ni,del,rscale     5    3   12.0000    1.2000
parameter  3 -2.821928 -> -0.500000 qaram    1.1500
parameter  4  8.285341 ->  0.500000 qaram    1.1500
parameter  5 -0.737345 -> -0.500000 qaram    1.1500
parameter  6 -0.980828 -> -0.500000 qaram    1.1500
parameters
   -2.1368    5.2790   -4.0500   -3.4500    3.4500    3.4500
eta,q 0.95728  8.05492
  0.0546  0.0526  0.0549  0.0440  0.0530  0.0496
  0.0524  0.0517  0.0530  0.0454  0.0501  0.0476
  0.0519  0.0514  0.0522  0.0473  0.0477  0.0455
  0.0525  0.0518  0.0515  0.0494  0.0459  0.0441
  0.0550  0.0529  0.0502  0.0513  0.0446  0.0432
  0.0581  0.0541  0.0490  0.0531  0.0440  0.0426
  0.0612  0.0557  0.0487  0.0553  0.0446  0.0424
niter,ni,del,rscale     7    3   12.0000    1.2000
parameter  4  1.617959 ->  0.500000 qaram    1.3225
parameters
   -3.1751    5.1850   -1.4981   -7.4175    5.0321    4.9057
eta,q 0.96120  8.05515
  0.0485  0.0468  0.0463  0.0384  0.0469  0.0451
  0.0449  0.0444  0.0449  0.0390  0.0438  0.0427
  0.0428  0.0432  0.0435  0.0398  0.0409  0.0405
  0.0427  0.0424  0.0424  0.0419  0.0391  0.0391
  0.0455  0.0425  0.0419  0.0444  0.0394  0.0388
  0.0488  0.0444  0.0424  0.0465  0.0407  0.0398
  0.0536  0.0475  0.0432  0.0488  0.0422  0.0419
niter,ni,del,rscale     7    3   12.0000    1.2000
parameter  4  0.665707 ->  0.500000 qaram    1.5209
parameters
   -4.0045    5.7566   -3.5638  -11.9801    6.2041    4.8155
eta,q 0.96427  8.07036
  0.0455  0.0453  0.0402  0.0374  0.0434  0.0412
  0.0412  0.0414  0.0389  0.0361  0.0403  0.0381
  0.0392  0.0394  0.0381  0.0364  0.0377  0.0364
  0.0388  0.0387  0.0386  0.0381  0.0359  0.0357
  0.0411  0.0388  0.0399  0.0406  0.0361  0.0368
  0.0447  0.0402  0.0421  0.0435  0.0377  0.0388
  0.0501  0.0430  0.0451  0.0460  0.0398  0.0411
niter,ni,del,rscale     7    3   12.0000    1.2000
parameters
   -4.2293    6.7274   -5.6721  -13.3149    6.3296    4.3759
eta,q 0.96485  8.10425
  0.0452  0.0466  0.0377  0.0403  0.0417  0.0395
  0.0398  0.0410  0.0359  0.0370  0.0386  0.0368
  0.0367  0.0370  0.0353  0.0353  0.0363  0.0354
  0.0357  0.0357  0.0359  0.0353  0.0352  0.0352
  0.0378  0.0365  0.0374  0.0369  0.0361  0.0364
  0.0414  0.0383  0.0396  0.0400  0.0385  0.0382
  0.0461  0.0407  0.0423  0.0438  0.0411  0.0400
niter,ni,del,rscale     6    3   12.0000    1.2000
parameters
   -4.2203    7.1745   -6.3618  -13.7566    6.3497    4.2452
eta,q 0.96501  8.12175
  0.0454  0.0431  0.0388  0.0416  0.0416  0.0396
  0.0401  0.0384  0.0368  0.0376  0.0385  0.0369
  0.0368  0.0358  0.0353  0.0352  0.0361  0.0354
  0.0351  0.0351  0.0352  0.0351  0.0350  0.0350
  0.0366  0.0358  0.0362  0.0363  0.0362  0.0359
  0.0404  0.0378  0.0380  0.0387  0.0387  0.0376
  0.0452  0.0404  0.0404  0.0426  0.0412  0.0395
niter,ni,del,rscale     5    3   12.0000    1.2000
parameters
   -4.2005    7.3962   -6.6406  -13.9764    6.3449    4.2197
eta,q 0.96508  8.13003
  0.0454  0.0419  0.0394  0.0419  0.0415  0.0397
  0.0401  0.0378  0.0371  0.0378  0.0384  0.0370
  0.0367  0.0356  0.0353  0.0352  0.0360  0.0354
  0.0350  0.0350  0.0350  0.0350  0.0349  0.0349
  0.0365  0.0357  0.0359  0.0361  0.0362  0.0358
  0.0403  0.0377  0.0377  0.0385  0.0388  0.0375
  0.0451  0.0405  0.0400  0.0422  0.0413  0.0393
niter,ni,del,rscale     4    3   12.0000    1.2000
parameters
   -4.1792    7.5060   -6.7775  -14.1029    6.3283    4.2198
eta,q 0.96513  8.13448
  0.0454  0.0415  0.0396  0.0420  0.0415  0.0397
  0.0400  0.0376  0.0372  0.0378  0.0384  0.0370
  0.0366  0.0356  0.0354  0.0352  0.0359  0.0353
  0.0349  0.0349  0.0349  0.0349  0.0349  0.0349
  0.0365  0.0357  0.0357  0.0361  0.0362  0.0357
  0.0403  0.0378  0.0375  0.0384  0.0388  0.0374
  0.0450  0.0406  0.0399  0.0420  0.0413  0.0393
niter,ni,del,rscale     3    3   12.0000    1.2000
parameters
   -4.1662    7.5691   -6.8581  -14.1814    6.3142    4.2229
eta,q 0.96516  8.13725
  0.0453  0.0413  0.0398  0.0421  0.0415  0.0396
  0.0400  0.0375  0.0373  0.0378  0.0384  0.0370
  0.0366  0.0355  0.0354  0.0352  0.0359  0.0353
  0.0349  0.0349  0.0349  0.0349  0.0348  0.0348
  0.0364  0.0356  0.0357  0.0360  0.0361  0.0357
  0.0403  0.0378  0.0375  0.0384  0.0388  0.0374
  0.0450  0.0406  0.0399  0.0419  0.0413  0.0392
niter,ni,del,rscale     2    3   12.0000    1.2000
parameters
   -4.1590    7.6074   -6.9084  -14.2307    6.3047    4.2273
eta,q 0.96518  8.13896
  0.0453  0.0412  0.0398  0.0421  0.0415  0.0396
  0.0400  0.0375  0.0373  0.0379  0.0384  0.0370
  0.0366  0.0355  0.0354  0.0352  0.0359  0.0353
  0.0348  0.0348  0.0348  0.0348  0.0348  0.0348
  0.0364  0.0356  0.0357  0.0360  0.0361  0.0356
  0.0403  0.0378  0.0375  0.0384  0.0388  0.0373
  0.0450  0.0407  0.0398  0.0418  0.0413  0.0392
registration optimization eta report
parameter search radius
    6.0000    6.0000    6.9000    9.1253    6.9000    6.9000
100000*second partial in parameter space
       28.       17.       10.        9.       13.        9.
  0.0453  0.0412  0.0398  0.0421  0.0415  0.0396
  0.0400  0.0375  0.0373  0.0379  0.0384  0.0370
  0.0366  0.0355  0.0354  0.0352  0.0359  0.0353
  0.0348  0.0348  0.0348  0.0348  0.0348  0.0348
  0.0364  0.0356  0.0357  0.0360  0.0361  0.0356
  0.0403  0.0378  0.0375  0.0384  0.0388  0.0373
  0.0450  0.0407  0.0398  0.0418  0.0413  0.0392
   -4.1590    7.6074   -6.9084  -14.2307    6.3047    4.2273
eta,q 0.96518  8.13896

---------------------------------------------------------------------
imgreg_4dfp /opt/freesurfer/average/711-2C_as_mni_average_305 /opt/freesurfer/average/711-2B_as_mni_average_305_mask talsrcimg_g11 none talsrcimg_to_711-2C_as_mni_average_305_t4 3335
---------------------------------------------------------------------

freesurfer imgreg_4dfp.c
/opt/freesurfer/average/711-2C_as_mni_average_305.4dfp.img
       256       256       256         1
  1.000000  1.000000  1.000000
orientation T byte_order littleendian
Reading image: /opt/freesurfer/average/711-2C_as_mni_average_305.4dfp.img
dimensions:      256       256       256
mmppix:       1.0000   -1.0000   -1.0000
center:     128.0000 -129.0000 -129.0000
/opt/freesurfer/average/711-2B_as_mni_average_305_mask.4dfp.img
       256       256       256         1
  1.000000  1.000000  1.000000
orientation T byte_order littleendian
Reading mask: /opt/freesurfer/average/711-2B_as_mni_average_305_mask.4dfp.img (2306576 pixels)
talsrcimg_g11.4dfp.img
       256       256       256         1
  1.000000  1.000000  1.000000
orientation T byte_order littleendian
Reading image: talsrcimg_g11.4dfp.img
dimensions:      256       256       256
mmppix:       1.0000   -1.0000   -1.0000
center:     128.0000 -129.0000 -129.0000
fimgreg.f
image alignment mode   3335 decimal      D07 hex
parameters
   -4.1590    7.6074   -6.9084   -0.8752   -3.1333   -3.6549
   -4.4530  -12.4278    7.3268   23.7311   10.9816  -24.4340
eta,q 0.96506  8.20557
niter,ni,del,rscale     5    3    5.0000    1.2000
parameter  9 -0.526875 -> -0.500000 qaram    1.1500
parameters
   -4.4818    7.5701   -6.3052   -2.7191   -3.0893   -3.0103
   -2.3570  -11.5817   11.4668   23.8978   11.1271  -23.0259
eta,q 0.96536  8.12508
  0.0360  0.0360  0.0354  0.0352  0.0365  0.0357  0.0365  0.0370  0.0371  0.0363  0.0350  0.0353
  0.0352  0.0354  0.0351  0.0353  0.0360  0.0353  0.0359  0.0359  0.0362  0.0356  0.0348  0.0350
  0.0349  0.0350  0.0350  0.0352  0.0354  0.0350  0.0354  0.0353  0.0355  0.0350  0.0347  0.0348
  0.0349  0.0349  0.0349  0.0349  0.0351  0.0351  0.0351  0.0350  0.0350  0.0347  0.0347  0.0346
  0.0353  0.0351  0.0348  0.0349  0.0352  0.0350  0.0350  0.0350  0.0347  0.0347  0.0346  0.0346
  0.0359  0.0355  0.0349  0.0358  0.0357  0.0350  0.0352  0.0354  0.0347  0.0353  0.0348  0.0347
  0.0367  0.0361  0.0351  0.0373  0.0367  0.0356  0.0355  0.0363  0.0349  0.0363  0.0350  0.0349
niter,ni,del,rscale     5    3    5.0000    1.2000
parameters
   -4.5010    7.5199   -6.2301   -2.8028   -3.4780   -4.0488
   -3.9984  -11.7892   11.1965   23.7562   13.4204  -22.0052
eta,q 0.96547  8.07764
  0.0360  0.0359  0.0351  0.0354  0.0360  0.0352  0.0352  0.0362  0.0360  0.0361  0.0351  0.0353
  0.0352  0.0352  0.0349  0.0352  0.0354  0.0348  0.0348  0.0354  0.0352  0.0354  0.0349  0.0349
  0.0348  0.0347  0.0347  0.0350  0.0349  0.0347  0.0346  0.0349  0.0348  0.0349  0.0347  0.0347
  0.0346  0.0346  0.0346  0.0346  0.0346  0.0347  0.0347  0.0346  0.0346  0.0346  0.0346  0.0346
  0.0348  0.0348  0.0347  0.0344  0.0348  0.0347  0.0349  0.0347  0.0348  0.0347  0.0346  0.0346
  0.0353  0.0353  0.0348  0.0348  0.0354  0.0350  0.0354  0.0354  0.0354  0.0353  0.0346  0.0347
  0.0360  0.0359  0.0351  0.0360  0.0365  0.0358  0.0361  0.0366  0.0362  0.0364  0.0347  0.0349
niter,ni,del,rscale     4    3    5.0000    1.2000
parameters
   -4.4815    7.4392   -6.2459   -3.3056   -3.6787   -4.9383
   -4.1755  -11.6186   10.3858   23.6732   13.8484  -21.2530
eta,q 0.96541  8.01518
  0.0360  0.0358  0.0351  0.0352  0.0360  0.0353  0.0356  0.0365  0.0358  0.0361  0.0350  0.0352
  0.0351  0.0350  0.0348  0.0350  0.0354  0.0349  0.0351  0.0356  0.0351  0.0355  0.0348  0.0349
  0.0346  0.0346  0.0346  0.0348  0.0349  0.0347  0.0347  0.0350  0.0347  0.0349  0.0347  0.0347
  0.0345  0.0345  0.0345  0.0345  0.0346  0.0346  0.0346  0.0346  0.0346  0.0346  0.0346  0.0346
  0.0347  0.0347  0.0346  0.0343  0.0348  0.0348  0.0348  0.0347  0.0349  0.0347  0.0346  0.0346
  0.0351  0.0352  0.0348  0.0348  0.0354  0.0351  0.0352  0.0354  0.0355  0.0353  0.0347  0.0348
  0.0358  0.0359  0.0351  0.0360  0.0364  0.0358  0.0357  0.0364  0.0364  0.0363  0.0350  0.0350
niter,ni,del,rscale     3    3    5.0000    1.2000
parameters
   -4.4096    7.4571   -6.5228   -3.4468   -3.7651   -5.7119
   -4.0749  -11.3445   10.1327   23.7315   13.8062  -20.7913
eta,q 0.96539  7.98281
  0.0359  0.0359  0.0350  0.0352  0.0360  0.0353  0.0356  0.0365  0.0360  0.0361  0.0349  0.0351
  0.0352  0.0352  0.0348  0.0349  0.0354  0.0349  0.0351  0.0356  0.0352  0.0355  0.0348  0.0348
  0.0347  0.0347  0.0346  0.0348  0.0349  0.0347  0.0347  0.0350  0.0348  0.0349  0.0347  0.0347
  0.0346  0.0346  0.0346  0.0346  0.0346  0.0346  0.0346  0.0346  0.0346  0.0346  0.0346  0.0346
  0.0347  0.0347  0.0347  0.0343  0.0347  0.0347  0.0347  0.0347  0.0348  0.0347  0.0346  0.0347
  0.0351  0.0352  0.0349  0.0346  0.0353  0.0350  0.0351  0.0353  0.0354  0.0353  0.0347  0.0348
  0.0357  0.0358  0.0353  0.0356  0.0363  0.0358  0.0356  0.0364  0.0362  0.0362  0.0350  0.0350
niter,ni,del,rscale     2    3    5.0000    1.2000
parameters
   -4.3257    7.5534   -6.8211   -3.5528   -3.8907   -6.4516
   -4.0869  -11.1484   10.0680   23.9442   13.6504  -20.4431
eta,q 0.96539  7.95764
  0.0359  0.0360  0.0350  0.0351  0.0360  0.0352  0.0356  0.0365  0.0361  0.0361  0.0349  0.0351
  0.0352  0.0352  0.0347  0.0348  0.0354  0.0349  0.0351  0.0356  0.0353  0.0355  0.0348  0.0348
  0.0348  0.0348  0.0346  0.0348  0.0349  0.0347  0.0347  0.0349  0.0348  0.0349  0.0346  0.0347
  0.0346  0.0346  0.0346  0.0346  0.0346  0.0346  0.0346  0.0346  0.0346  0.0346  0.0346  0.0346
  0.0347  0.0347  0.0347  0.0343  0.0347  0.0347  0.0347  0.0348  0.0348  0.0347  0.0346  0.0347
  0.0351  0.0351  0.0349  0.0345  0.0353  0.0350  0.0351  0.0354  0.0353  0.0352  0.0347  0.0348
  0.0357  0.0357  0.0353  0.0355  0.0363  0.0357  0.0356  0.0364  0.0361  0.0361  0.0350  0.0350
niter,ni,del,rscale     1    3    5.0000    1.2000
parameters
   -4.2596    7.6827   -7.1075   -3.7067   -4.0995   -7.1593
   -4.1443  -11.0342   10.0402   24.2330   13.3666  -20.0284
eta,q 0.96538  7.93049
  0.0358  0.0360  0.0350  0.0351  0.0359  0.0352  0.0356  0.0364  0.0361  0.0361  0.0349  0.0351
  0.0352  0.0352  0.0348  0.0348  0.0354  0.0349  0.0351  0.0355  0.0353  0.0355  0.0347  0.0348
  0.0348  0.0348  0.0346  0.0347  0.0349  0.0347  0.0347  0.0349  0.0348  0.0350  0.0346  0.0347
  0.0346  0.0346  0.0346  0.0346  0.0346  0.0346  0.0346  0.0346  0.0346  0.0346  0.0346  0.0346
  0.0347  0.0347  0.0347  0.0344  0.0347  0.0347  0.0348  0.0348  0.0348  0.0347  0.0347  0.0347
  0.0351  0.0351  0.0349  0.0345  0.0353  0.0350  0.0351  0.0354  0.0353  0.0352  0.0348  0.0348
  0.0357  0.0357  0.0352  0.0355  0.0363  0.0356  0.0356  0.0364  0.0361  0.0360  0.0350  0.0349
registration optimization eta report
parameter search radius
    2.4000    2.4000    2.4000    7.2000    7.2000    7.2000
    7.2000    7.2000    8.2800    7.2000    7.2000    7.2000
100000*second partial in parameter space
       20.       21.        8.        2.        3.        2.
        2.        3.        2.        3.        1.        1.
  0.0358  0.0360  0.0350  0.0351  0.0359  0.0352  0.0356  0.0364  0.0361  0.0361  0.0349  0.0351
  0.0352  0.0352  0.0348  0.0348  0.0354  0.0349  0.0351  0.0355  0.0353  0.0355  0.0347  0.0348
  0.0348  0.0348  0.0346  0.0347  0.0349  0.0347  0.0347  0.0349  0.0348  0.0350  0.0346  0.0347
  0.0346  0.0346  0.0346  0.0346  0.0346  0.0346  0.0346  0.0346  0.0346  0.0346  0.0346  0.0346
  0.0347  0.0347  0.0347  0.0344  0.0347  0.0347  0.0348  0.0348  0.0348  0.0347  0.0347  0.0347
  0.0351  0.0351  0.0349  0.0345  0.0353  0.0350  0.0351  0.0354  0.0353  0.0352  0.0348  0.0348
  0.0357  0.0357  0.0352  0.0355  0.0363  0.0356  0.0356  0.0364  0.0361  0.0360  0.0350  0.0349
   -4.2596    7.6827   -7.1075   -3.7067   -4.0995   -7.1593
   -4.1443  -11.0342   10.0402   24.2330   13.3666  -20.0284
eta,q 0.96538  7.93049

---------------------------------------------------------------------
imgreg_4dfp /opt/freesurfer/average/711-2C_as_mni_average_305 /opt/freesurfer/average/711-2B_as_mni_average_305_mask talsrcimg_g11 none talsrcimg_to_711-2C_as_mni_average_305_t4 2311
---------------------------------------------------------------------

freesurfer imgreg_4dfp.c
/opt/freesurfer/average/711-2C_as_mni_average_305.4dfp.img
       256       256       256         1
  1.000000  1.000000  1.000000
orientation T byte_order littleendian
Reading image: /opt/freesurfer/average/711-2C_as_mni_average_305.4dfp.img
dimensions:      256       256       256
mmppix:       1.0000   -1.0000   -1.0000
center:     128.0000 -129.0000 -129.0000
/opt/freesurfer/average/711-2B_as_mni_average_305_mask.4dfp.img
       256       256       256         1
  1.000000  1.000000  1.000000
orientation T byte_order littleendian
Reading mask: /opt/freesurfer/average/711-2B_as_mni_average_305_mask.4dfp.img (2306576 pixels)
talsrcimg_g11.4dfp.img
       256       256       256         1
  1.000000  1.000000  1.000000
orientation T byte_order littleendian
Reading image: talsrcimg_g11.4dfp.img
dimensions:      256       256       256
mmppix:       1.0000   -1.0000   -1.0000
center:     128.0000 -129.0000 -129.0000
fimgreg.f
image alignment mode   2311 decimal      907 hex
parameters
   -4.2596    7.6827   -7.1075   -3.7067   -4.0995   -7.1593
   -4.1443  -11.0342   10.0402   24.2330   13.3666  -20.0284
eta,q 0.96538  7.93049
niter,ni,del,rscale     5    3    5.0000    0.8000
parameter  4 -1.479385 -> -0.500000 qaram    1.1500
parameters
   -4.1850    7.8010   -7.3390   -0.9467   -3.7417   -7.2794
   -4.0244  -10.7506   10.2151   24.2784   12.7069  -21.4026
eta,q 0.96564  8.06036
  0.0352  0.0352  0.0348  0.0347  0.0352  0.0348  0.0349  0.0354  0.0350  0.0351  0.0345  0.0345
  0.0349  0.0349  0.0347  0.0347  0.0348  0.0346  0.0346  0.0349  0.0346  0.0348  0.0344  0.0344
  0.0347  0.0347  0.0346  0.0347  0.0346  0.0345  0.0345  0.0346  0.0344  0.0345  0.0344  0.0344
  0.0346  0.0346  0.0346  0.0346  0.0344  0.0344  0.0344  0.0344  0.0344  0.0344  0.0344  0.0344
  0.0347  0.0347  0.0347  0.0345  0.0344  0.0344  0.0344  0.0344  0.0344  0.0344  0.0344  0.0344
  0.0348  0.0348  0.0348  0.0344  0.0346  0.0346  0.0346  0.0347  0.0346  0.0347  0.0345  0.0345
  0.0351  0.0351  0.0349  0.0345  0.0350  0.0348  0.0349  0.0353  0.0349  0.0352  0.0346  0.0347
niter,ni,del,rscale     5    3    5.0000    0.8000
parameters
   -4.2176    7.8114   -7.3344   -2.3354   -3.4337   -6.9842
   -4.0797  -10.7277   10.4404   24.5533   13.3975  -21.6487
eta,q 0.96557  8.03200
  0.0351  0.0349  0.0346  0.0347  0.0352  0.0349  0.0349  0.0354  0.0350  0.0353  0.0346  0.0346
  0.0346  0.0346  0.0345  0.0347  0.0349  0.0347  0.0347  0.0349  0.0347  0.0349  0.0345  0.0345
  0.0344  0.0344  0.0344  0.0345  0.0346  0.0345  0.0345  0.0346  0.0345  0.0346  0.0345  0.0344
  0.0344  0.0344  0.0344  0.0344  0.0345  0.0344  0.0344  0.0344  0.0344  0.0344  0.0344  0.0344
  0.0345  0.0344  0.0344  0.0345  0.0345  0.0345  0.0345  0.0345  0.0345  0.0345  0.0344  0.0345
  0.0347  0.0346  0.0345  0.0350  0.0347  0.0346  0.0347  0.0348  0.0346  0.0347  0.0345  0.0345
  0.0351  0.0349  0.0346  0.0359  0.0351  0.0348  0.0349  0.0354  0.0349  0.0352  0.0346  0.0347
niter,ni,del,rscale     4    3    5.0000    0.7000
parameters
   -4.2198    7.8165   -7.3519   -2.3250   -3.4044   -6.9932
   -4.1804  -10.7263   10.3084   24.6625   13.5823  -21.7914
eta,q 0.96558  8.03678
  0.0349  0.0349  0.0346  0.0347  0.0350  0.0347  0.0348  0.0351  0.0348  0.0351  0.0346  0.0346
  0.0346  0.0346  0.0345  0.0347  0.0347  0.0346  0.0346  0.0348  0.0346  0.0348  0.0345  0.0345
  0.0345  0.0345  0.0344  0.0346  0.0345  0.0345  0.0345  0.0345  0.0345  0.0345  0.0344  0.0344
  0.0344  0.0344  0.0344  0.0344  0.0344  0.0344  0.0344  0.0344  0.0344  0.0344  0.0344  0.0344
  0.0345  0.0345  0.0345  0.0343  0.0345  0.0344  0.0345  0.0345  0.0345  0.0345  0.0344  0.0345
  0.0346  0.0346  0.0345  0.0345  0.0347  0.0346  0.0346  0.0348  0.0346  0.0347  0.0345  0.0345
  0.0349  0.0349  0.0346  0.0349  0.0350  0.0348  0.0348  0.0352  0.0349  0.0351  0.0346  0.0346
niter,ni,del,rscale     3    3    5.0000    0.6000
parameters
   -4.2143    7.8298   -7.3614   -1.7041   -3.3183   -6.8839
   -4.1405  -10.6583   10.2466   24.6429   13.4502  -22.0629
eta,q 0.96564  8.06821
  0.0348  0.0348  0.0346  0.0347  0.0348  0.0346  0.0347  0.0350  0.0346  0.0348  0.0345  0.0345
  0.0346  0.0346  0.0345  0.0347  0.0346  0.0345  0.0345  0.0347  0.0345  0.0346  0.0344  0.0344
  0.0344  0.0345  0.0344  0.0346  0.0344  0.0344  0.0344  0.0345  0.0344  0.0344  0.0344  0.0344
  0.0344  0.0344  0.0344  0.0344  0.0344  0.0344  0.0344  0.0344  0.0344  0.0344  0.0344  0.0344
  0.0345  0.0345  0.0344  0.0343  0.0344  0.0344  0.0344  0.0344  0.0344  0.0344  0.0344  0.0344
  0.0346  0.0346  0.0345  0.0344  0.0346  0.0345  0.0345  0.0346  0.0345  0.0346  0.0344  0.0344
  0.0348  0.0347  0.0346  0.0347  0.0348  0.0346  0.0346  0.0349  0.0347  0.0349  0.0345  0.0345
niter,ni,del,rscale     2    3    5.0000    0.5000
parameters
   -4.2179    7.8186   -7.3027   -1.3332   -3.1894   -6.6384
   -4.0867  -10.6515   10.2791   24.6079   13.4280  -22.3417
eta,q 0.96568  8.09434
  0.0346  0.0346  0.0345  0.0347  0.0347  0.0346  0.0345  0.0347  0.0345  0.0347  0.0344  0.0344
  0.0345  0.0344  0.0344  0.0346  0.0345  0.0345  0.0344  0.0345  0.0344  0.0345  0.0344  0.0344
  0.0344  0.0344  0.0344  0.0345  0.0344  0.0344  0.0343  0.0344  0.0343  0.0344  0.0343  0.0343
  0.0344  0.0344  0.0344  0.0344  0.0343  0.0343  0.0343  0.0343  0.0343  0.0343  0.0343  0.0343
  0.0344  0.0344  0.0344  0.0343  0.0343  0.0343  0.0343  0.0344  0.0343  0.0344  0.0343  0.0343
  0.0345  0.0345  0.0344  0.0344  0.0345  0.0344  0.0344  0.0345  0.0344  0.0345  0.0344  0.0344
  0.0346  0.0346  0.0344  0.0347  0.0346  0.0345  0.0345  0.0348  0.0345  0.0347  0.0344  0.0344
niter,ni,del,rscale     1    3    5.0000    0.4000
parameters
   -4.2095    7.7817   -7.1566   -1.0042   -3.0769   -6.2694
   -4.0753  -10.6613   10.2554   24.5015   13.4601  -22.5778
eta,q 0.96571  8.11955
  0.0345  0.0344  0.0344  0.0346  0.0345  0.0345  0.0344  0.0346  0.0344  0.0345  0.0343  0.0343
  0.0344  0.0344  0.0344  0.0345  0.0344  0.0344  0.0343  0.0344  0.0343  0.0344  0.0343  0.0343
  0.0343  0.0343  0.0343  0.0344  0.0343  0.0343  0.0343  0.0343  0.0343  0.0343  0.0343  0.0343
  0.0343  0.0343  0.0343  0.0343  0.0343  0.0343  0.0343  0.0343  0.0343  0.0343  0.0343  0.0343
  0.0343  0.0343  0.0343  0.0343  0.0343  0.0343  0.0343  0.0343  0.0343  0.0343  0.0343  0.0343
  0.0344  0.0344  0.0343  0.0344  0.0344  0.0343  0.0343  0.0344  0.0343  0.0344  0.0343  0.0343
  0.0345  0.0345  0.0344  0.0345  0.0345  0.0344  0.0344  0.0346  0.0344  0.0346  0.0343  0.0344
registration optimization eta report
parameter search radius
    0.8000    0.8000    0.8000    2.7600    2.4000    2.4000
    2.4000    2.4000    2.4000    2.4000    2.4000    2.4000
100000*second partial in parameter space
       28.       23.       10.        3.        4.        3.
        2.        5.        2.        4.        1.        1.
  0.0345  0.0344  0.0344  0.0346  0.0345  0.0345  0.0344  0.0346  0.0344  0.0345  0.0343  0.0343
  0.0344  0.0344  0.0344  0.0345  0.0344  0.0344  0.0343  0.0344  0.0343  0.0344  0.0343  0.0343
  0.0343  0.0343  0.0343  0.0344  0.0343  0.0343  0.0343  0.0343  0.0343  0.0343  0.0343  0.0343
  0.0343  0.0343  0.0343  0.0343  0.0343  0.0343  0.0343  0.0343  0.0343  0.0343  0.0343  0.0343
  0.0343  0.0343  0.0343  0.0343  0.0343  0.0343  0.0343  0.0343  0.0343  0.0343  0.0343  0.0343
  0.0344  0.0344  0.0343  0.0344  0.0344  0.0343  0.0343  0.0344  0.0343  0.0344  0.0343  0.0343
  0.0345  0.0345  0.0344  0.0345  0.0345  0.0344  0.0344  0.0346  0.0344  0.0346  0.0343  0.0344
   -4.2095    7.7817   -7.1566   -1.0042   -3.0769   -6.2694
   -4.0753  -10.6613   10.2554   24.5015   13.4601  -22.5778
eta,q 0.96571  8.11955

---------------------------------------------------------------------
imgreg_4dfp /opt/freesurfer/average/711-2C_as_mni_average_305 /opt/freesurfer/average/711-2B_as_mni_average_305_mask talsrcimg_g11 none talsrcimg_to_711-2C_as_mni_average_305_t4 2311
---------------------------------------------------------------------

freesurfer imgreg_4dfp.c
/opt/freesurfer/average/711-2C_as_mni_average_305.4dfp.img
       256       256       256         1
  1.000000  1.000000  1.000000
orientation T byte_order littleendian
Reading image: /opt/freesurfer/average/711-2C_as_mni_average_305.4dfp.img
dimensions:      256       256       256
mmppix:       1.0000   -1.0000   -1.0000
center:     128.0000 -129.0000 -129.0000
/opt/freesurfer/average/711-2B_as_mni_average_305_mask.4dfp.img
       256       256       256         1
  1.000000  1.000000  1.000000
orientation T byte_order littleendian
Reading mask: /opt/freesurfer/average/711-2B_as_mni_average_305_mask.4dfp.img (2306576 pixels)
talsrcimg_g11.4dfp.img
       256       256       256         1
  1.000000  1.000000  1.000000
orientation T byte_order littleendian
Reading image: talsrcimg_g11.4dfp.img
dimensions:      256       256       256
mmppix:       1.0000   -1.0000   -1.0000
center:     128.0000 -129.0000 -129.0000
fimgreg.f
image alignment mode   2311 decimal      907 hex
parameters
   -4.2095    7.7817   -7.1566   -1.0042   -3.0769   -6.2694
   -4.0753  -10.6613   10.2554   24.5015   13.4601  -22.5778
eta,q 0.96571  8.11956
niter,ni,del,rscale     5    3    5.0000    0.8000
parameters
   -4.1459    7.7592   -7.0153   -1.8404   -3.2474   -6.1629
   -4.2431  -10.6099   10.2682   24.4773   13.6096  -22.2173
eta,q 0.96565  8.07963
  0.0351  0.0349  0.0346  0.0347  0.0351  0.0348  0.0348  0.0353  0.0349  0.0352  0.0346  0.0346
  0.0347  0.0345  0.0345  0.0346  0.0347  0.0346  0.0346  0.0349  0.0346  0.0348  0.0345  0.0345
  0.0344  0.0343  0.0343  0.0344  0.0345  0.0345  0.0344  0.0345  0.0344  0.0345  0.0344  0.0344
  0.0343  0.0343  0.0343  0.0343  0.0344  0.0344  0.0344  0.0344  0.0344  0.0344  0.0344  0.0344
  0.0344  0.0344  0.0343  0.0343  0.0345  0.0344  0.0344  0.0344  0.0344  0.0344  0.0344  0.0344
  0.0346  0.0346  0.0344  0.0348  0.0348  0.0346  0.0346  0.0348  0.0346  0.0347  0.0344  0.0344
  0.0350  0.0349  0.0345  0.0355  0.0352  0.0348  0.0349  0.0354  0.0349  0.0353  0.0346  0.0346
niter,ni,del,rscale     4    3    5.0000    0.7000
parameters
   -4.1719    7.7177   -7.0010   -1.7366   -3.2363   -6.2287
   -4.2435  -10.6062   10.2262   24.4128   13.6454  -22.2065
eta,q 0.96566  8.08094
  0.0349  0.0348  0.0346  0.0347  0.0349  0.0347  0.0347  0.0351  0.0347  0.0350  0.0345  0.0345
  0.0346  0.0345  0.0344  0.0346  0.0347  0.0345  0.0345  0.0347  0.0345  0.0347  0.0344  0.0344
  0.0344  0.0344  0.0344  0.0345  0.0344  0.0344  0.0344  0.0345  0.0344  0.0344  0.0344  0.0344
  0.0343  0.0343  0.0343  0.0343  0.0343  0.0343  0.0343  0.0343  0.0343  0.0343  0.0343  0.0343
  0.0344  0.0344  0.0344  0.0343  0.0344  0.0344  0.0344  0.0344  0.0344  0.0344  0.0343  0.0344
  0.0346  0.0346  0.0344  0.0344  0.0346  0.0345  0.0345  0.0347  0.0345  0.0347  0.0344  0.0344
  0.0349  0.0348  0.0346  0.0349  0.0350  0.0348  0.0347  0.0352  0.0348  0.0351  0.0345  0.0345
niter,ni,del,rscale     3    3    5.0000    0.6000
parameters
   -4.1893    7.6969   -7.0060   -1.3507   -3.1413   -6.1833
   -4.2025  -10.6335   10.2162   24.3458   13.5475  -22.3048
eta,q 0.96569  8.10026
  0.0347  0.0347  0.0345  0.0347  0.0348  0.0346  0.0346  0.0349  0.0346  0.0348  0.0344  0.0344
  0.0345  0.0345  0.0344  0.0346  0.0346  0.0345  0.0344  0.0346  0.0344  0.0345  0.0344  0.0344
  0.0344  0.0344  0.0344  0.0345  0.0344  0.0344  0.0343  0.0344  0.0343  0.0344  0.0343  0.0343
  0.0343  0.0343  0.0343  0.0343  0.0343  0.0343  0.0343  0.0343  0.0343  0.0343  0.0343  0.0343
  0.0344  0.0344  0.0344  0.0343  0.0343  0.0343  0.0343  0.0344  0.0343  0.0344  0.0343  0.0343
  0.0345  0.0345  0.0344  0.0344  0.0345  0.0344  0.0344  0.0346  0.0344  0.0345  0.0344  0.0344
  0.0347  0.0347  0.0345  0.0347  0.0348  0.0346  0.0346  0.0349  0.0346  0.0349  0.0345  0.0345
niter,ni,del,rscale     2    3    5.0000    0.5000
parameters
   -4.1968    7.6746   -6.9352   -1.0504   -3.0349   -5.9814
   -4.1690  -10.6523   10.2048   24.2784   13.4276  -22.4904
eta,q 0.96572  8.12044
  0.0346  0.0345  0.0344  0.0346  0.0346  0.0345  0.0345  0.0347  0.0345  0.0346  0.0344  0.0344
  0.0344  0.0344  0.0344  0.0345  0.0345  0.0344  0.0344  0.0345  0.0344  0.0344  0.0343  0.0343
  0.0343  0.0343  0.0343  0.0344  0.0343  0.0343  0.0343  0.0343  0.0343  0.0343  0.0343  0.0343
  0.0343  0.0343  0.0343  0.0343  0.0343  0.0343  0.0343  0.0343  0.0343  0.0343  0.0343  0.0343
  0.0343  0.0343  0.0343  0.0343  0.0343  0.0343  0.0343  0.0343  0.0343  0.0343  0.0343  0.0343
  0.0344  0.0344  0.0343  0.0344  0.0344  0.0344  0.0344  0.0345  0.0344  0.0345  0.0343  0.0343
  0.0346  0.0345  0.0344  0.0346  0.0346  0.0345  0.0345  0.0347  0.0345  0.0347  0.0344  0.0344
niter,ni,del,rscale     1    3    5.0000    0.4000
parameters
   -4.1951    7.6356   -6.8336   -0.7900   -2.9321   -5.7176
   -4.1244  -10.6695   10.1936   24.1873   13.4293  -22.6107
eta,q 0.96574  8.13959
  0.0345  0.0344  0.0344  0.0345  0.0345  0.0345  0.0344  0.0345  0.0344  0.0345  0.0343  0.0343
  0.0344  0.0343  0.0343  0.0344  0.0344  0.0344  0.0343  0.0344  0.0343  0.0344  0.0343  0.0343
  0.0343  0.0343  0.0343  0.0344  0.0343  0.0343  0.0343  0.0343  0.0343  0.0343  0.0343  0.0343
  0.0343  0.0343  0.0343  0.0343  0.0343  0.0343  0.0343  0.0343  0.0343  0.0343  0.0343  0.0343
  0.0343  0.0343  0.0343  0.0343  0.0343  0.0343  0.0343  0.0343  0.0343  0.0343  0.0343  0.0343
  0.0344  0.0344  0.0343  0.0343  0.0344  0.0343  0.0343  0.0344  0.0343  0.0344  0.0343  0.0343
  0.0345  0.0344  0.0343  0.0345  0.0345  0.0344  0.0344  0.0346  0.0344  0.0345  0.0343  0.0343
registration optimization eta report
parameter search radius
    0.8000    0.8000    0.8000    2.4000    2.4000    2.4000
    2.4000    2.4000    2.4000    2.4000    2.4000    2.4000
100000*second partial in parameter space
       30.       23.       11.        4.        4.        3.
        2.        5.        2.        4.        1.        1.
  0.0345  0.0344  0.0344  0.0345  0.0345  0.0345  0.0344  0.0345  0.0344  0.0345  0.0343  0.0343
  0.0344  0.0343  0.0343  0.0344  0.0344  0.0344  0.0343  0.0344  0.0343  0.0344  0.0343  0.0343
  0.0343  0.0343  0.0343  0.0344  0.0343  0.0343  0.0343  0.0343  0.0343  0.0343  0.0343  0.0343
  0.0343  0.0343  0.0343  0.0343  0.0343  0.0343  0.0343  0.0343  0.0343  0.0343  0.0343  0.0343
  0.0343  0.0343  0.0343  0.0343  0.0343  0.0343  0.0343  0.0343  0.0343  0.0343  0.0343  0.0343
  0.0344  0.0344  0.0343  0.0343  0.0344  0.0343  0.0343  0.0344  0.0343  0.0344  0.0343  0.0343
  0.0345  0.0344  0.0343  0.0345  0.0345  0.0344  0.0344  0.0346  0.0344  0.0345  0.0343  0.0343
   -4.1951    7.6356   -6.8336   -0.7900   -2.9321   -5.7176
   -4.1244  -10.6695   10.1936   24.1873   13.4293  -22.6107
eta,q 0.96574  8.13959

---------------------------------------------------------------------
compute_vox2vox talsrcimg talsrcimg_to_711-2C_as_mni_average_305_t4 /opt/freesurfer/average/711-2C_as_mni_average_305
---------------------------------------------------------------------

freesurfer compute_vox2vox.c
Reading: talsrcimg.4dfp.ifh
Reading: talsrcimg_to_711-2C_as_mni_average_305_t4
Reading: /opt/freesurfer/average/711-2C_as_mni_average_305.4dfp.ifh
Writing: talsrcimg_to_711-2C_as_mni_average_305_t4_vox2vox.txt

start time Mon Mar 9 21:31:08 CET 2026
end		time Mon Mar 9 21:31:23 CET 2026

mpr2mni305 success

avi2talxfm orig_nu.mgz /opt/freesurfer/average/mni305.cor.mgz talsrcimg_to_711-2C_as_mni_average_305_t4_vox2vox.txt transforms/talairach.auto.xfm
avi2talxfm done
mv -f /out/sourcedata/freesurfer/sub-v1s2x0051464_ses-1/mri/talsrcimg_to_711-2C_as_mni_average_305_t4_vox2vox.txt /out/sourcedata/freesurfer/sub-v1s2x0051464_ses-1/mri/transforms/talsrcimg_to_711-2C_as_mni_average_305_t4_vox2vox.txt
lta_convert --src orig_nu.mgz --trg /opt/freesurfer/average/mni305.cor.mgz --inxfm transforms/talairach.auto.xfm --outlta transforms/talairach.auto.xfm.lta --subject fsaverage
7.3.2

--src: orig_nu.mgz src image (geometry).
--trg: /opt/freesurfer/average/mni305.cor.mgz trg image (geometry).
--inmni: transforms/talairach.auto.xfm input MNI/XFM transform.
--outlta: transforms/talairach.auto.xfm.lta output LTA.
--s: fsaverage subject name
 LTA read, type : 1
 0.98845   0.09538   0.06422  -5.49144;
-0.15634   0.98575   0.22297  -70.14024;
-0.06485  -0.25565   0.96790  -9.94943;
 0.00000   0.00000   0.00000   1.00000;
setting subject to fsaverage
Writing  LTA to file transforms/talairach.auto.xfm.lta...
lta_convert successful.
 
 
Started at Mon Mar 9 21:31:08 CET 2026
Ended   at Mon Mar  9 21:31:23 CET 2026
talairach_avi done
