/out/sourcedata/freesurfer/sub-v1s2x0051475_ses-1/mri
/opt/freesurfer/bin/talairach_avi
--i orig_nu.mgz --xfm transforms/talairach.auto.xfm
talairach_avi 7.3.2
Linux dna010 5.14.0-427.37.1.el9_4.x86_64 #1 SMP PREEMPT_DYNAMIC Fri Sep 13 12:41:50 EDT 2024 x86_64 x86_64 x86_64 GNU/Linux
Mon Mar  9 21:48:43 CET 2026
mri_convert orig_nu.mgz talsrcimg.img 
reading from orig_nu.mgz...
TR=0.00, TE=0.00, TI=0.00, flip angle=0.00
i_ras = (-1, 0, 0)
j_ras = (0, 0, -1)
k_ras = (0, 1, 0)
writing to talsrcimg.img...
Analyze Output Matrix
-1.00000   0.00000   0.00000   130.85593;
 0.00000   0.00000   1.00000  -67.66103;
 0.00000  -1.00000   0.00000   113.72882;
 0.00000   0.00000   0.00000   1.00000;
--------------------
INFO: set hdr.hist.orient to -1
mpr2mni305 talsrcimg
Mon Mar  9 21:48:43 CET 2026
/opt/freesurfer/bin/mpr2mni305 talsrcimg
mpr2mni305 7.3.2
target=711-2C_as_mni_average_305

---------------------------------------------------------------------
analyzeto4dfp talsrcimg -O0 -y
---------------------------------------------------------------------

freesurfer ifh2hdr.c
Mon Mar  9 21:48:44 2026
Writing: talsrcimg.4dfp.hdr
freesurfer analyzeto4dfp.c
Reading: talsrcimg.hdr
header size 348 bytes
hdr.dime.datatype	offset=70	value=2
hdr.dime.bitpix		offset=72	value=8
hdr.hist.orient		offset=252	value=-1
dimensionality     4
dimensions       256       256       256         1
Reading: talsrcimg.img
Writing: talsrcimg.4dfp.img
Writing: talsrcimg.4dfp.ifh
ifh2hdr talsrcimg -r0to255
ori=2

---------------------------------------------------------------------
gauss_4dfp talsrcimg 1.1
---------------------------------------------------------------------

freesurfer gauss_4dfp.c
Reading: talsrcimg.4dfp.img
Writing: talsrcimg_g11.4dfp.img
image dimensions 256 256 256 padded to 288 288 288
processing volume 1freesurfer ifh2hdr.c
Mon Mar  9 21:48:45 2026
Writing: talsrcimg_g11.4dfp.hdr

Writing: talsrcimg_g11.4dfp.ifh
including: talsrcimg.4dfp.img.rec in talsrcimg_g11.4dfp.img.rec

---------------------------------------------------------------------
imgreg_4dfp /opt/freesurfer/average/711-2C_as_mni_average_305 none talsrcimg_g11 none talsrcimg_to_711-2C_as_mni_average_305_t4 4355
---------------------------------------------------------------------

freesurfer imgreg_4dfp.c
/opt/freesurfer/average/711-2C_as_mni_average_305.4dfp.img
       256       256       256         1
  1.000000  1.000000  1.000000
orientation T byte_order littleendian
Reading image: /opt/freesurfer/average/711-2C_as_mni_average_305.4dfp.img
dimensions:      256       256       256
mmppix:       1.0000   -1.0000   -1.0000
center:     128.0000 -129.0000 -129.0000
talsrcimg_g11.4dfp.img
       256       256       256         1
  1.000000  1.000000  1.000000
orientation T byte_order littleendian
Reading image: talsrcimg_g11.4dfp.img
dimensions:      256       256       256
mmppix:       1.0000   -1.0000   -1.0000
center:     128.0000 -129.0000 -129.0000
t4_read: open error in t4_sub.f l:  41 t4_file(1:l)talsrcimg_to_711-2C_as_mni_average_305_t4 
t4_read: transform initialized to I4
rotation matrix determinant  1.000000
image alignment mode   4355 decimal     1103 hex
   -7.5000  -45.0000  -45.0000 6082.0576   12.5529
    0.0000  -45.0000  -45.0000 6324.0195   12.5824
    7.5000  -45.0000  -45.0000 6064.5371   12.5891
   -7.5000  -37.5000  -45.0000 6659.4365   12.0551
    0.0000  -37.5000  -45.0000 6955.6802   12.0818
    7.5000  -37.5000  -45.0000 6649.8525   12.0870
   -7.5000  -30.0000  -45.0000 7562.4023   11.7515
    0.0000  -30.0000  -45.0000 7924.9551   11.7707
    7.5000  -30.0000  -45.0000 7556.1348   11.7713
   -7.5000  -22.5000  -45.0000 8565.3330   11.5833
    0.0000  -22.5000  -45.0000 8979.2080   11.6007
    7.5000  -22.5000  -45.0000 8547.7422   11.5975
   -7.5000  -15.0000  -45.0000 9611.2051   11.4776
    0.0000  -15.0000  -45.000010082.6377   11.4975
    7.5000  -15.0000  -45.0000 9599.9404   11.4941
   -7.5000   -7.5000  -45.000010689.5273   11.4122
    0.0000   -7.5000  -45.000011173.2422   11.4358
    7.5000   -7.5000  -45.000010652.8164   11.4365
   -7.5000    0.0000  -45.000011720.9854   11.3681
    0.0000    0.0000  -45.000012228.4277   11.3937
    7.5000    0.0000  -45.000011658.3760   11.3979
   -7.5000    7.5000  -45.000011749.1904   11.3482
    0.0000    7.5000  -45.000012277.8584   11.3715
    7.5000    7.5000  -45.000011698.2275   11.3749
   -7.5000   15.0000  -45.000011657.8389   11.3558
    0.0000   15.0000  -45.000012192.0605   11.3747
    7.5000   15.0000  -45.000011615.7314   11.3744
   -7.5000   22.5000  -45.000011530.3574   11.3865
    0.0000   22.5000  -45.000012004.4561   11.4040
    7.5000   22.5000  -45.000011459.7676   11.4004
   -7.5000   30.0000  -45.000011315.9268   11.2632
    0.0000   30.0000  -45.000011757.6553   11.2829
    7.5000   30.0000  -45.000011235.9932   11.2795
   -7.5000   37.5000  -45.000011336.1582   11.2481
    0.0000   37.5000  -45.000011777.7559   11.2714
    7.5000   37.5000  -45.000011244.0664   11.2720
   -7.5000   45.0000  -45.000010871.3203   10.9318
    0.0000   45.0000  -45.000011306.8213   10.9564
    7.5000   45.0000  -45.000010766.0596   10.9604
   -7.5000  -45.0000  -37.5000 6339.0254   12.4728
    0.0000  -45.0000  -37.5000 6614.2598   12.4989
    7.5000  -45.0000  -37.5000 6315.8389   12.5054
   -7.5000  -37.5000  -37.5000 6951.2939   11.9803
    0.0000  -37.5000  -37.5000 7269.3159   12.0038
    7.5000  -37.5000  -37.5000 6932.4111   12.0085
   -7.5000  -30.0000  -37.5000 7919.8140   11.6769
    0.0000  -30.0000  -37.5000 8292.4873   11.6943
    7.5000  -30.0000  -37.5000 7905.2656   11.6946
   -7.5000  -22.5000  -37.5000 8997.3408   11.5079
    0.0000  -22.5000  -37.5000 9428.9199   11.5259
    7.5000  -22.5000  -37.5000 8972.9795   11.5241
   -7.5000  -15.0000  -37.500010111.0107   11.4038
    0.0000  -15.0000  -37.500010594.8799   11.4255
    7.5000  -15.0000  -37.500010076.3789   11.4246
   -7.5000   -7.5000  -37.500011237.8242   11.3439
    0.0000   -7.5000  -37.500011755.4131   11.3676
    7.5000   -7.5000  -37.500011187.0859   11.3697
   -7.5000    0.0000  -37.500012308.7861   11.3034
    0.0000    0.0000  -37.500012850.9990   11.3268
    7.5000    0.0000  -37.500012237.4004   11.3309
   -7.5000    7.5000  -37.500012342.2744   11.2822
    0.0000    7.5000  -37.500012893.7383   11.3026
    7.5000    7.5000  -37.500012290.8154   11.3055
   -7.5000   15.0000  -37.500012251.4502   11.2863
    0.0000   15.0000  -37.500012783.4580   11.3036
    7.5000   15.0000  -37.500012195.1680   11.3033
   -7.5000   22.5000  -37.500012091.2422   11.3138
    0.0000   22.5000  -37.500012573.1182   11.3320
    7.5000   22.5000  -37.500012007.4482   11.3298
   -7.5000   30.0000  -37.500011842.3926   11.1915
    0.0000   30.0000  -37.500012300.8652   11.2130
    7.5000   30.0000  -37.500011752.6299   11.2119
   -7.5000   37.5000  -37.500011853.1260   11.1810
    0.0000   37.5000  -37.500012304.1270   11.2044
    7.5000   37.5000  -37.500011755.9287   11.2064
   -7.5000   45.0000  -37.500011366.3174   10.8696
    0.0000   45.0000  -37.500011807.6172   10.8921
    7.5000   45.0000  -37.500011260.8818   10.8960
   -7.5000  -45.0000  -30.0000 6689.3047   12.9076
    0.0000  -45.0000  -30.0000 6998.6245   12.9249
    7.5000  -45.0000  -30.0000 6666.0054   12.9305
   -7.5000  -37.5000  -30.0000 7368.5347   12.3976
    0.0000  -37.5000  -30.0000 7715.8276   12.4132
    7.5000  -37.5000  -30.0000 7348.6533   12.4164
   -7.5000  -30.0000  -30.0000 8425.0967   12.0799
    0.0000  -30.0000  -30.0000 8823.7646   12.0908
    7.5000  -30.0000  -30.0000 8403.4053   12.0902
   -7.5000  -22.5000  -30.0000 9576.0811   11.9028
    0.0000  -22.5000  -30.000010034.3418   11.9163
    7.5000  -22.5000  -30.0000 9545.8633   11.9159
   -7.5000  -15.0000  -30.000010765.8018   11.7978
    0.0000  -15.0000  -30.000011276.3896   11.8154
    7.5000  -15.0000  -30.000010721.5488   11.8166
   -7.5000   -7.5000  -30.000011971.4170   11.7435
    0.0000   -7.5000  -30.000012507.5283   11.7620
    7.5000   -7.5000  -30.000011904.1064   11.7648
   -7.5000    0.0000  -30.000013109.1602   11.7058
    0.0000    0.0000  -30.000013668.0645   11.7226
    7.5000    0.0000  -30.000013024.2148   11.7258
   -7.5000    7.5000  -30.000013160.5732   11.6805
    0.0000    7.5000  -30.000013730.0449   11.6939
    7.5000    7.5000  -30.000013089.1709   11.6951
   -7.5000   15.0000  -30.000013055.6279   11.6789
    0.0000   15.0000  -30.000013604.2578   11.6901
    7.5000   15.0000  -30.000012990.6123   11.6890
   -7.5000   22.5000  -30.000012869.2510   11.7022
    0.0000   22.5000  -30.000013390.2275   11.7160
    7.5000   22.5000  -30.000012766.8008   11.7152
   -7.5000   30.0000  -30.000012591.3301   11.5799
    0.0000   30.0000  -30.000013097.2002   11.5973
    7.5000   30.0000  -30.000012484.4697   11.5983
   -7.5000   37.5000  -30.000012596.4844   11.5761
    0.0000   37.5000  -30.000013104.0283   11.5945
    7.5000   37.5000  -30.000012476.9912   11.5972
   -7.5000   45.0000  -30.000012073.0732   11.2648
    0.0000   45.0000  -30.000012557.6826   11.2809
    7.5000   45.0000  -30.000011968.1182   11.2841
   -7.5000  -45.0000  -22.5000 7050.0049   13.3185
    0.0000  -45.0000  -22.5000 7370.8960   13.3293
    7.5000  -45.0000  -22.5000 7021.8936   13.3356
   -7.5000  -37.5000  -22.5000 7779.3301   12.7953
    0.0000  -37.5000  -22.5000 8152.0972   12.8049
    7.5000  -37.5000  -22.5000 7764.8735   12.8085
   -7.5000  -30.0000  -22.5000 8905.1172   12.4694
    0.0000  -30.0000  -22.5000 9342.8965   12.4747
    7.5000  -30.0000  -22.5000 8888.7852   12.4747
   -7.5000  -22.5000  -22.500010126.1748   12.2853
    0.0000  -22.5000  -22.500010619.3389   12.2926
    7.5000  -22.5000  -22.500010099.9512   12.2931
   -7.5000  -15.0000  -22.500011394.8750   12.1746
    0.0000  -15.0000  -22.500011918.1885   12.1854
    7.5000  -15.0000  -22.500011348.1504   12.1872
   -7.5000   -7.5000  -22.500012698.5547   12.1180
    0.0000   -7.5000  -22.500013242.5752   12.1303
    7.5000   -7.5000  -22.500012629.0293   12.1333
   -7.5000    0.0000  -22.500013912.2773   12.0804
    0.0000    0.0000  -22.500014516.9482   12.0917
    7.5000    0.0000  -22.500013810.6914   12.0952
   -7.5000    7.5000  -22.500013982.8564   12.0570
    0.0000    7.5000  -22.500014602.3486   12.0649
    7.5000    7.5000  -22.500013913.9258   12.0662
   -7.5000   15.0000  -22.500013884.1758   12.0564
    0.0000   15.0000  -22.500014482.9404   12.0622
    7.5000   15.0000  -22.500013804.6270   12.0614
   -7.5000   22.5000  -22.500013634.1904   12.0775
    0.0000   22.5000  -22.500014219.3252   12.0853
    7.5000   22.5000  -22.500013543.4365   12.0854
   -7.5000   30.0000  -22.500013342.9014   11.9515
    0.0000   30.0000  -22.500013917.6992   11.9624
    7.5000   30.0000  -22.500013259.5439   11.9640
   -7.5000   37.5000  -22.500013358.1553   11.9472
    0.0000   37.5000  -22.500013930.7295   11.9594
    7.5000   37.5000  -22.500013263.0078   11.9623
   -7.5000   45.0000  -22.500012788.5166   11.6340
    0.0000   45.0000  -22.500013330.0674   11.6449
    7.5000   45.0000  -22.500012703.6455   11.6482
   -7.5000  -45.0000  -15.0000 7375.3682   13.6264
    0.0000  -45.0000  -15.0000 7714.5522   13.6406
    7.5000  -45.0000  -15.0000 7349.2451   13.6477
   -7.5000  -37.5000  -15.0000 8176.1724   13.0938
    0.0000  -37.5000  -15.0000 8554.3789   13.1068
    7.5000  -37.5000  -15.0000 8157.3740   13.1116
   -7.5000  -30.0000  -15.0000 9381.5498   12.7653
    0.0000  -30.0000  -15.0000 9825.7646   12.7724
    7.5000  -30.0000  -15.0000 9356.3916   12.7731
   -7.5000  -22.5000  -15.000010664.3867   12.5794
    0.0000  -22.5000  -15.000011179.6260   12.5858
    7.5000  -22.5000  -15.000010632.4141   12.5852
   -7.5000  -15.0000  -15.000011994.3281   12.4643
    0.0000  -15.0000  -15.000012553.5234   12.4728
    7.5000  -15.0000  -15.000011944.1025   12.4726
   -7.5000   -7.5000  -15.000013369.6514   12.3996
    0.0000   -7.5000  -15.000013965.6338   12.4117
    7.5000   -7.5000  -15.000013294.7852   12.4138
   -7.5000    0.0000  -15.000014659.6973   12.3584
    0.0000    0.0000  -15.000015331.1855   12.3722
    7.5000    0.0000  -15.000014559.9150   12.3761
   -7.5000    7.5000  -15.000014777.9590   12.3381
    0.0000    7.5000  -15.000015477.8975   12.3491
    7.5000    7.5000  -15.000014691.1875   12.3514
   -7.5000   15.0000  -15.000014681.2979   12.3424
    0.0000   15.0000  -15.000015371.2949   12.3498
    7.5000   15.0000  -15.000014636.1162   12.3494
   -7.5000   22.5000  -15.000014389.8555   12.3659
    0.0000   22.5000  -15.000015090.4629   12.3727
    7.5000   22.5000  -15.000014386.3516   12.3718
   -7.5000   30.0000  -15.000014098.5781   12.2372
    0.0000   30.0000  -15.000014765.6582   12.2458
    7.5000   30.0000  -15.000014079.8877   12.2455
   -7.5000   37.5000  -15.000014165.4043   12.2265
    0.0000   37.5000  -15.000014811.0820   12.2384
    7.5000   37.5000  -15.000014098.1445   12.2405
   -7.5000   45.0000  -15.000013569.4004   11.9089
    0.0000   45.0000  -15.000014197.6377   11.9222
    7.5000   45.0000  -15.000013463.0117   11.9260
   -7.5000  -45.0000   -7.5000 7691.9409   13.7971
    0.0000  -45.0000   -7.5000 8047.0264   13.8225
    7.5000  -45.0000   -7.5000 7658.6592   13.8299
   -7.5000  -37.5000   -7.5000 8536.8672   13.2579
    0.0000  -37.5000   -7.5000 8935.4795   13.2809
    7.5000  -37.5000   -7.5000 8516.0059   13.2867
   -7.5000  -30.0000   -7.5000 9832.4121   12.9297
    0.0000  -30.0000   -7.500010296.7129   12.9447
    7.5000  -30.0000   -7.5000 9798.9824   12.9458
   -7.5000  -22.5000   -7.500011221.4365   12.7468
    0.0000  -22.5000   -7.500011753.4229   12.7592
    7.5000  -22.5000   -7.500011177.4307   12.7565
   -7.5000  -15.0000   -7.500012624.6396   12.6308
    0.0000  -15.0000   -7.500013195.0518   12.6451
    7.5000  -15.0000   -7.500012593.6211   12.6420
   -7.5000   -7.5000   -7.500014050.2451   12.5584
    0.0000   -7.5000   -7.500014662.5518   12.5776
    7.5000   -7.5000   -7.500014008.8242   12.5784
   -7.5000    0.0000   -7.500015370.0215   12.5109
    0.0000    0.0000   -7.500016054.0332   12.5334
    7.5000    0.0000   -7.500015316.6807   12.5378
   -7.5000    7.5000   -7.500015548.3232   12.4911
    0.0000    7.5000   -7.500016243.8516   12.5111
    7.5000    7.5000   -7.500015480.1777   12.5147
   -7.5000   15.0000   -7.500015551.7432   12.5004
    0.0000   15.0000   -7.500016278.7568   12.5153
    7.5000   15.0000   -7.500015545.6289   12.5152
   -7.5000   22.5000   -7.500015369.8809   12.5289
    0.0000   22.5000   -7.500016236.0117   12.5416
    7.5000   22.5000   -7.500015386.4326   12.5384
   -7.5000   30.0000   -7.500015096.0127   12.4000
    0.0000   30.0000   -7.500015952.5410   12.4144
    7.5000   30.0000   -7.500015032.3076   12.4113
   -7.5000   37.5000   -7.500015145.0264   12.3826
    0.0000   37.5000   -7.500015951.0830   12.4016
    7.5000   37.5000   -7.500014979.0498   12.4023
   -7.5000   45.0000   -7.500014438.7764   12.0581
    0.0000   45.0000   -7.500015189.9004   12.0798
    7.5000   45.0000   -7.500014219.5059   12.0841
   -7.5000  -45.0000    0.0000 7927.7124   13.8416
    0.0000  -45.0000    0.0000 8302.1230   13.8747
    7.5000  -45.0000    0.0000 7897.0923   13.8821
   -7.5000  -37.5000    0.0000 8835.4326   13.2978
    0.0000  -37.5000    0.0000 9251.2363   13.3275
    7.5000  -37.5000    0.0000 8814.4473   13.3334
   -7.5000  -30.0000    0.000010207.1025   12.9680
    0.0000  -30.0000    0.000010703.8652   12.9894
    7.5000  -30.0000    0.000010194.0166   12.9900
   -7.5000  -22.5000    0.000011681.6152   12.7875
    0.0000  -22.5000    0.000012235.0508   12.8069
    7.5000  -22.5000    0.000011675.0029   12.8030
   -7.5000  -15.0000    0.000013173.9600   12.6738
    0.0000  -15.0000    0.000013753.5928   12.6960
    7.5000  -15.0000    0.000013156.3105   12.6919
   -7.5000   -7.5000    0.000014661.3301   12.6009
    0.0000   -7.5000    0.000015314.8086   12.6274
    7.5000   -7.5000    0.000014644.6494   12.6279
   -7.5000    0.0000    0.000016025.5254   12.5504
    0.0000    0.0000    0.000016760.0078   12.5793
    7.5000    0.0000    0.000016011.7373   12.5839
   -7.5000    7.5000    0.000016201.0098   12.5276
    0.0000    7.5000    0.000016888.3711   12.5537
    7.5000    7.5000    0.000016133.4717   12.5576
   -7.5000   15.0000    0.000016241.5117   12.5369
    0.0000   15.0000    0.000016952.8359   12.5580
    7.5000   15.0000    0.000016154.6768   12.5576
   -7.5000   22.5000    0.000016245.0850   12.5690
    0.0000   22.5000    0.000017195.8262   12.5885
    7.5000   22.5000    0.000016140.3350   12.5842
   -7.5000   30.0000    0.000016031.4609   12.4428
    0.0000   30.0000    0.000017076.0098   12.4648
    7.5000   30.0000    0.000015861.5410   12.4606
   -7.5000   37.5000    0.000015971.5723   12.4247
    0.0000   37.5000    0.000016915.8047   12.4509
    7.5000   37.5000    0.000015704.3252   12.4514
   -7.5000   45.0000    0.000015069.2588   12.0972
    0.0000   45.0000    0.000015866.5303   12.1250
    7.5000   45.0000    0.000014796.2021   12.1294
   -7.5000  -45.0000    7.5000 7528.8320   13.8602
    0.0000  -45.0000    7.5000 7884.6699   13.8896
    7.5000  -45.0000    7.5000 7501.0444   13.8959
   -7.5000  -37.5000    7.5000 8420.0498   13.3125
    0.0000  -37.5000    7.5000 8828.0713   13.3388
    7.5000  -37.5000    7.5000 8398.0088   13.3434
   -7.5000  -30.0000    7.5000 9767.5859   12.9766
    0.0000  -30.0000    7.500010242.5938   12.9960
    7.5000  -30.0000    7.5000 9772.3594   12.9959
   -7.5000  -22.5000    7.500011208.0547   12.7933
    0.0000  -22.5000    7.500011741.4482   12.8133
    7.5000  -22.5000    7.500011200.7295   12.8107
   -7.5000  -15.0000    7.500012665.9570   12.6819
    0.0000  -15.0000    7.500013271.9707   12.7060
    7.5000  -15.0000    7.500012647.4902   12.7041
   -7.5000   -7.5000    7.500014162.1797   12.6163
    0.0000   -7.5000    7.500014871.7012   12.6428
    7.5000   -7.5000    7.500014125.0020   12.6443
   -7.5000    0.0000    7.500015561.5479   12.5690
    0.0000    0.0000    7.500016354.9990   12.5953
    7.5000    0.0000    7.500015513.1992   12.5991
   -7.5000    7.5000    7.500015682.4824   12.5418
    0.0000    7.5000    7.500016364.7588   12.5647
    7.5000    7.5000    7.500015573.2227   12.5674
   -7.5000   15.0000    7.500015576.0977   12.5454
    0.0000   15.0000    7.500016150.7480   12.5647
    7.5000   15.0000    7.500015402.0479   12.5639
   -7.5000   22.5000    7.500015517.1475   12.5748
    0.0000   22.5000    7.500016302.6123   12.5949
    7.5000   22.5000    7.500015309.4541   12.5919
   -7.5000   30.0000    7.500015393.1416   12.4511
    0.0000   30.0000    7.500016305.6582   12.4749
    7.5000   30.0000    7.500015175.1582   12.4729
   -7.5000   37.5000    7.500015375.2549   12.4400
    0.0000   37.5000    7.500016231.2412   12.4662
    7.5000   37.5000    7.500015161.4385   12.4676
   -7.5000   45.0000    7.500014499.3477   12.1151
    0.0000   45.0000    7.500015247.0615   12.1404
    7.5000   45.0000    7.500014318.8613   12.1441
   -7.5000  -45.0000   15.0000 7005.1968   13.8748
    0.0000  -45.0000   15.0000 7343.0322   13.8930
    7.5000  -45.0000   15.0000 6985.7100   13.8989
   -7.5000  -37.5000   15.0000 7894.4595   13.3275
    0.0000  -37.5000   15.0000 8270.0859   13.3437
    7.5000  -37.5000   15.0000 7875.1753   13.3473
   -7.5000  -30.0000   15.0000 9217.8682   12.9883
    0.0000  -30.0000   15.0000 9664.3311   12.9996
    7.5000  -30.0000   15.0000 9190.8838   12.9992
   -7.5000  -22.5000   15.000010603.1299   12.8009
    0.0000  -22.5000   15.000011110.4756   12.8150
    7.5000  -22.5000   15.000010554.7012   12.8147
   -7.5000  -15.0000   15.000011990.9863   12.6900
    0.0000  -15.0000   15.000012585.0371   12.7086
    7.5000  -15.0000   15.000011939.7705   12.7099
   -7.5000   -7.5000   15.000013412.5078   12.6310
    0.0000   -7.5000   15.000014069.2910   12.6507
    7.5000   -7.5000   15.000013329.5693   12.6536
   -7.5000    0.0000   15.000014744.7227   12.5890
    0.0000    0.0000   15.000015458.2451   12.6066
    7.5000    0.0000   15.000014635.5498   12.6101
   -7.5000    7.5000   15.000014820.5186   12.5607
    0.0000    7.5000   15.000015485.4209   12.5747
    7.5000    7.5000   15.000014721.4785   12.5761
   -7.5000   15.0000   15.000014724.7412   12.5595
    0.0000   15.0000   15.000015369.8496   12.5711
    7.5000   15.0000   15.000014612.4014   12.5701
   -7.5000   22.5000   15.000014691.0840   12.5832
    0.0000   22.5000   15.000015409.1328   12.5976
    7.5000   22.5000   15.000014526.3525   12.5970
   -7.5000   30.0000   15.000014556.0605   12.4591
    0.0000   30.0000   15.000015218.8584   12.4776
    7.5000   30.0000   15.000014346.1768   12.4786
   -7.5000   37.5000   15.000014565.5020   12.4546
    0.0000   37.5000   15.000015184.6924   12.4741
    7.5000   37.5000   15.000014385.6465   12.4769
   -7.5000   45.0000   15.000013817.2119   12.1344
    0.0000   45.0000   15.000014391.1533   12.1513
    7.5000   45.0000   15.000013694.0898   12.1547
   -7.5000  -45.0000   22.5000 6484.4565   14.0324
    0.0000  -45.0000   22.5000 6795.0186   14.0436
    7.5000  -45.0000   22.5000 6452.0630   14.0507
   -7.5000  -37.5000   22.5000 7334.2153   13.4777
    0.0000  -37.5000   22.5000 7684.1538   13.4876
    7.5000  -37.5000   22.5000 7293.2954   13.4917
   -7.5000  -30.0000   22.5000 8587.4492   13.1341
    0.0000  -30.0000   22.5000 9006.7646   13.1395
    7.5000  -30.0000   22.5000 8538.1230   13.1397
   -7.5000  -22.5000   22.5000 9879.3965   12.9420
    0.0000  -22.5000   22.500010356.4170   12.9496
    7.5000  -22.5000   22.5000 9818.2988   12.9504
   -7.5000  -15.0000   22.500011185.6631   12.8272
    0.0000  -15.0000   22.500011732.1240   12.8385
    7.5000  -15.0000   22.500011114.4297   12.8409
   -7.5000   -7.5000   22.500012507.9668   12.7660
    0.0000   -7.5000   22.500013108.7070   12.7789
    7.5000   -7.5000   22.500012406.5020   12.7825
   -7.5000    0.0000   22.500013741.0762   12.7249
    0.0000    0.0000   22.500014380.3301   12.7367
    7.5000    0.0000   22.500013632.8047   12.7408
   -7.5000    7.5000   22.500013837.0225   12.6994
    0.0000    7.5000   22.500014438.3232   12.7076
    7.5000    7.5000   22.500013739.4814   12.7093
   -7.5000   15.0000   22.500013824.1279   12.6992
    0.0000   15.0000   22.500014468.0273   12.7051
    7.5000   15.0000   22.500013747.4229   12.7046
   -7.5000   22.5000   22.500013795.4395   12.7209
    0.0000   22.5000   22.500014477.5156   12.7290
    7.5000   22.5000   22.500013714.6729   12.7295
   -7.5000   30.0000   22.500013573.6660   12.5929
    0.0000   30.0000   22.500014112.8584   12.6043
    7.5000   30.0000   22.500013464.1904   12.6064
   -7.5000   37.5000   22.500013595.0488   12.5877
    0.0000   37.5000   22.500014087.2676   12.6005
    7.5000   37.5000   22.500013456.2012   12.6040
   -7.5000   45.0000   22.500012972.5400   12.2653
    0.0000   45.0000   22.500013467.5381   12.2767
    7.5000   45.0000   22.500012842.2002   12.2806
   -7.5000  -45.0000   30.0000 5935.4355   14.2718
    0.0000  -45.0000   30.0000 6209.3926   14.2861
    7.5000  -45.0000   30.0000 5890.6094   14.2935
   -7.5000  -37.5000   30.0000 6721.7842   13.7039
    0.0000  -37.5000   30.0000 7041.6206   13.7170
    7.5000  -37.5000   30.0000 6681.5479   13.7222
   -7.5000  -30.0000   30.0000 7884.9985   13.3564
    0.0000  -30.0000   30.0000 8267.7949   13.3633
    7.5000  -30.0000   30.0000 7833.9458   13.3645
   -7.5000  -22.5000   30.0000 9099.9424   13.1623
    0.0000  -22.5000   30.0000 9534.0859   13.1685
    7.5000  -22.5000   30.0000 9045.1934   13.1684
   -7.5000  -15.0000   30.000010315.8887   13.0429
    0.0000  -15.0000   30.000010802.9912   13.0512
    7.5000  -15.0000   30.000010267.5410   13.0515
   -7.5000   -7.5000   30.000011529.0049   12.9718
    0.0000   -7.5000   30.000012069.9580   12.9839
    7.5000   -7.5000   30.000011470.8535   12.9863
   -7.5000    0.0000   30.000012616.6172   12.9264
    0.0000    0.0000   30.000013188.2998   12.9404
    7.5000    0.0000   30.000012573.3369   12.9445
   -7.5000    7.5000   30.000012726.0811   12.9049
    0.0000    7.5000   30.000013254.1006   12.9159
    7.5000    7.5000   30.000012678.1152   12.9185
   -7.5000   15.0000   30.000012773.8047   12.9105
    0.0000   15.0000   30.000013355.1143   12.9178
    7.5000   15.0000   30.000012750.8223   12.9179
   -7.5000   22.5000   30.000012712.8926   12.9356
    0.0000   22.5000   30.000013274.7617   12.9423
    7.5000   22.5000   30.000012676.0820   12.9418
   -7.5000   30.0000   30.000012438.0830   12.8030
    0.0000   30.0000   30.000012895.5059   12.8116
    7.5000   30.0000   30.000012371.7510   12.8116
   -7.5000   37.5000   30.000012513.6387   12.7903
    0.0000   37.5000   30.000012966.2812   12.8023
    7.5000   37.5000   30.000012424.7705   12.8045
   -7.5000   45.0000   30.000012024.7676   12.4596
    0.0000   45.0000   30.000012497.6426   12.4730
    7.5000   45.0000   30.000011911.1650   12.4770
   -7.5000  -45.0000   37.5000 5678.7964   14.7230
    0.0000  -45.0000   37.5000 5913.3135   14.7529
    7.5000  -45.0000   37.5000 5640.2803   14.7617
   -7.5000  -37.5000   37.5000 6440.8774   14.1214
    0.0000  -37.5000   37.5000 6728.6719   14.1483
    7.5000  -37.5000   37.5000 6418.4307   14.1557
   -7.5000  -30.0000   37.5000 7543.1279   13.7572
    0.0000  -30.0000   37.5000 7901.3516   13.7748
    7.5000  -30.0000   37.5000 7522.2178   13.7770
   -7.5000  -22.5000   37.5000 8705.0703   13.5570
    0.0000  -22.5000   37.5000 9126.8701   13.5717
    7.5000  -22.5000   37.5000 8699.0928   13.5692
   -7.5000  -15.0000   37.5000 9884.2236   13.4331
    0.0000  -15.0000   37.500010351.5771   13.4503
    7.5000  -15.0000   37.5000 9869.4268   13.4470
   -7.5000   -7.5000   37.500011036.6465   13.3533
    0.0000   -7.5000   37.500011534.9531   13.3759
    7.5000   -7.5000   37.500011013.6299   13.3770
   -7.5000    0.0000   37.500012073.6611   13.3017
    0.0000    0.0000   37.500012592.0986   13.3279
    7.5000    0.0000   37.500012046.6318   13.3333
   -7.5000    7.5000   37.500012232.1094   13.2797
    0.0000    7.5000   37.500012760.8857   13.3028
    7.5000    7.5000   37.500012202.6816   13.3077
   -7.5000   15.0000   37.500012291.7441   13.2887
    0.0000   15.0000   37.500012878.5879   13.3060
    7.5000   15.0000   37.500012277.1680   13.3069
   -7.5000   22.5000   37.500012179.5127   13.3193
    0.0000   22.5000   37.500012694.7500   13.3343
    7.5000   22.5000   37.500012126.6904   13.3313
   -7.5000   30.0000   37.500011882.7969   13.1839
    0.0000   30.0000   37.500012346.8936   13.2010
    7.5000   30.0000   37.500011826.2930   13.1977
   -7.5000   37.5000   37.500012015.5078   13.1658
    0.0000   37.5000   37.500012477.5381   13.1882
    7.5000   37.5000   37.500011938.2725   13.1892
   -7.5000   45.0000   37.500011593.1494   12.8214
    0.0000   45.0000   37.500012057.3779   12.8466
    7.5000   45.0000   37.500011503.2148   12.8518
   -7.5000  -45.0000   45.0000 5215.0259   15.2431
    0.0000  -45.0000   45.0000 5435.0806   15.2768
    7.5000  -45.0000   45.0000 5189.7637   15.2851
   -7.5000  -37.5000   45.0000 5913.2358   14.6077
    0.0000  -37.5000   45.0000 6183.9917   14.6385
    7.5000  -37.5000   45.0000 5892.5854   14.6462
   -7.5000  -30.0000   45.0000 6926.8564   14.2140
    0.0000  -30.0000   45.0000 7259.1689   14.2346
    7.5000  -30.0000   45.0000 6905.6792   14.2359
   -7.5000  -22.5000   45.0000 8003.0820   14.0007
    0.0000  -22.5000   45.0000 8376.3916   14.0180
    7.5000  -22.5000   45.0000 7997.5864   14.0127
   -7.5000  -15.0000   45.0000 9085.8535   13.8738
    0.0000  -15.0000   45.0000 9492.3330   13.8937
    7.5000  -15.0000   45.0000 9084.0381   13.8870
   -7.5000   -7.5000   45.000010137.2021   13.7926
    0.0000   -7.5000   45.000010569.2920   13.8180
    7.5000   -7.5000   45.000010116.8184   13.8172
   -7.5000    0.0000   45.000011105.9658   13.7376
    0.0000    0.0000   45.000011583.9111   13.7667
    7.5000    0.0000   45.000011070.5469   13.7719
   -7.5000    7.5000   45.000011269.5586   13.7100
    0.0000    7.5000   45.000011780.0381   13.7366
    7.5000    7.5000   45.000011234.7256   13.7420
   -7.5000   15.0000   45.000011320.0947   13.7163
    0.0000   15.0000   45.000011843.6299   13.7367
    7.5000   15.0000   45.000011287.0645   13.7369
   -7.5000   22.5000   45.000011163.6855   13.7492
    0.0000   22.5000   45.000011639.7783   13.7668
    7.5000   22.5000   45.000011113.0293   13.7610
   -7.5000   30.0000   45.000010893.0840   13.6127
    0.0000   30.0000   45.000011354.2920   13.6326
    7.5000   30.0000   45.000010838.2285   13.6259
   -7.5000   37.5000   45.000011055.1455   13.5972
    0.0000   37.5000   45.000011508.9727   13.6223
    7.5000   37.5000   45.000010982.5967   13.6214
   -7.5000   45.0000   45.000010691.3877   13.2475
    0.0000   45.0000   45.000011129.4434   13.2755
    7.5000   45.0000   45.000010611.2715   13.2805

---------------------------------------------------------------------
imgreg_4dfp /opt/freesurfer/average/711-2C_as_mni_average_305 /opt/freesurfer/average/711-2B_as_mni_average_305_mask talsrcimg_g11 none talsrcimg_to_711-2C_as_mni_average_305_t4 4355
---------------------------------------------------------------------

freesurfer imgreg_4dfp.c
/opt/freesurfer/average/711-2C_as_mni_average_305.4dfp.img
       256       256       256         1
  1.000000  1.000000  1.000000
orientation T byte_order littleendian
Reading image: /opt/freesurfer/average/711-2C_as_mni_average_305.4dfp.img
dimensions:      256       256       256
mmppix:       1.0000   -1.0000   -1.0000
center:     128.0000 -129.0000 -129.0000
/opt/freesurfer/average/711-2B_as_mni_average_305_mask.4dfp.img
       256       256       256         1
  1.000000  1.000000  1.000000
orientation T byte_order littleendian
Reading mask: /opt/freesurfer/average/711-2B_as_mni_average_305_mask.4dfp.img (2306576 pixels)
talsrcimg_g11.4dfp.img
       256       256       256         1
  1.000000  1.000000  1.000000
orientation T byte_order littleendian
Reading image: talsrcimg_g11.4dfp.img
dimensions:      256       256       256
mmppix:       1.0000   -1.0000   -1.0000
center:     128.0000 -129.0000 -129.0000
rotation matrix determinant  1.000000
image alignment mode   4355 decimal     1103 hex
   -7.5000  -22.5000  -45.0000 2143.6553   14.6594
    0.0000  -22.5000  -45.0000 2156.5300   14.6602
    7.5000  -22.5000  -45.0000 2140.9690   14.7154
   -7.5000  -15.0000  -45.0000 2258.6145   13.2341
    0.0000  -15.0000  -45.0000 2270.4495   13.2144
    7.5000  -15.0000  -45.0000 2254.9846   13.2807
   -7.5000   -7.5000  -45.0000 2354.1958   12.1064
    0.0000   -7.5000  -45.0000 2365.8635   12.0598
    7.5000   -7.5000  -45.0000 2351.3354   12.1503
   -7.5000    0.0000  -45.0000 2430.7288   11.2162
    0.0000    0.0000  -45.0000 2440.0334   11.1687
    7.5000    0.0000  -45.0000 2423.8220   11.2463
   -7.5000    7.5000  -45.0000 2474.3208   10.5611
    0.0000    7.5000  -45.0000 2488.2959   10.5061
    7.5000    7.5000  -45.0000 2469.4011   10.6249
   -7.5000   15.0000  -45.0000 2502.5979   10.1817
    0.0000   15.0000  -45.0000 2516.8257   10.1120
    7.5000   15.0000  -45.0000 2499.6064   10.2553
   -7.5000   22.5000  -45.0000 2509.1428   10.0413
    0.0000   22.5000  -45.0000 2522.2488    9.9363
    7.5000   22.5000  -45.0000 2505.3489   10.0933
   -7.5000   30.0000  -45.0000 2508.7876   10.0677
    0.0000   30.0000  -45.0000 2515.6013    9.9498
    7.5000   30.0000  -45.0000 2500.7683   10.1131
   -7.5000   37.5000  -45.0000 2486.5476   10.3030
    0.0000   37.5000  -45.0000 2500.2959   10.1919
    7.5000   37.5000  -45.0000 2479.0520   10.3467
   -7.5000   45.0000  -45.0000 2445.8091   10.7034
    0.0000   45.0000  -45.0000 2457.7234   10.6146
    7.5000   45.0000  -45.0000 2437.6467   10.7818
   -7.5000   52.5000  -45.0000 2366.3296   11.2676
    0.0000   52.5000  -45.0000 2383.9832   11.1630
    7.5000   52.5000  -45.0000 2358.8987   11.3546
   -7.5000   60.0000  -45.0000 2233.7842   11.8988
    0.0000   60.0000  -45.0000 2247.9084   11.8047
    7.5000   60.0000  -45.0000 2228.5818   11.9863
   -7.5000   67.5000  -45.0000 2077.8147   12.5493
    0.0000   67.5000  -45.0000 2090.8755   12.4427
    7.5000   67.5000  -45.0000 2072.9753   12.6157
   -7.5000  -22.5000  -37.5000 2201.6379   13.9242
    0.0000  -22.5000  -37.5000 2215.6914   13.8803
    7.5000  -22.5000  -37.5000 2195.4231   13.9680
   -7.5000  -15.0000  -37.5000 2317.9299   12.5612
    0.0000  -15.0000  -37.5000 2335.0581   12.5005
    7.5000  -15.0000  -37.5000 2311.8562   12.6024
   -7.5000   -7.5000  -37.5000 2424.8359   11.4562
    0.0000   -7.5000  -37.5000 2439.6611   11.3920
    7.5000   -7.5000  -37.5000 2417.6716   11.5103
   -7.5000    0.0000  -37.5000 2505.9033   10.5845
    0.0000    0.0000  -37.5000 2520.9436   10.5221
    7.5000    0.0000  -37.5000 2497.8572   10.6494
   -7.5000    7.5000  -37.5000 2551.8057    9.9488
    0.0000    7.5000  -37.5000 2568.8228    9.8849
    7.5000    7.5000  -37.5000 2552.2139   10.0029
   -7.5000   15.0000  -37.5000 2586.4136    9.5583
    0.0000   15.0000  -37.5000 2603.3081    9.4606
    7.5000   15.0000  -37.5000 2588.0476    9.6076
   -7.5000   22.5000  -37.5000 2597.6118    9.4028
    0.0000   22.5000  -37.5000 2612.7141    9.2897
    7.5000   22.5000  -37.5000 2597.1836    9.4460
   -7.5000   30.0000  -37.5000 2596.1650    9.4071
    0.0000   30.0000  -37.5000 2608.7490    9.3000
    7.5000   30.0000  -37.5000 2589.9568    9.4590
   -7.5000   37.5000  -37.5000 2576.2065    9.6217
    0.0000   37.5000  -37.5000 2589.3022    9.5191
    7.5000   37.5000  -37.5000 2570.2231    9.6796
   -7.5000   45.0000  -37.5000 2535.6016    9.9785
    0.0000   45.0000  -37.5000 2548.7249    9.8858
    7.5000   45.0000  -37.5000 2528.7620   10.0650
   -7.5000   52.5000  -37.5000 2453.9592   10.4802
    0.0000   52.5000  -37.5000 2467.2100   10.3708
    7.5000   52.5000  -37.5000 2447.3936   10.5747
   -7.5000   60.0000  -37.5000 2317.6289   11.0701
    0.0000   60.0000  -37.5000 2330.4055   10.9632
    7.5000   60.0000  -37.5000 2313.6760   11.1372
   -7.5000   67.5000  -37.5000 2151.0376   11.6859
    0.0000   67.5000  -37.5000 2164.2305   11.5636
    7.5000   67.5000  -37.5000 2147.2356   11.7341
   -7.5000  -22.5000  -30.0000 2291.7178   13.7471
    0.0000  -22.5000  -30.0000 2303.7664   13.6778
    7.5000  -22.5000  -30.0000 2284.2856   13.7908
   -7.5000  -15.0000  -30.0000 2414.2117   12.3764
    0.0000  -15.0000  -30.0000 2430.2449   12.2986
    7.5000  -15.0000  -30.0000 2405.4470   12.4355
   -7.5000   -7.5000  -30.0000 2527.3606   11.2437
    0.0000   -7.5000  -30.0000 2542.6338   11.1558
    7.5000   -7.5000  -30.0000 2520.7007   11.3072
   -7.5000    0.0000  -30.0000 2613.5864   10.3479
    0.0000    0.0000  -30.0000 2632.2253   10.2590
    7.5000    0.0000  -30.0000 2609.6199   10.4165
   -7.5000    7.5000  -30.0000 2669.6614    9.7131
    0.0000    7.5000  -30.0000 2687.6899    9.6160
    7.5000    7.5000  -30.0000 2670.2964    9.7668
   -7.5000   15.0000  -30.0000 2711.4573    9.2886
    0.0000   15.0000  -30.0000 2728.5637    9.1923
    7.5000   15.0000  -30.0000 2711.2075    9.3374
   -7.5000   22.5000  -30.0000 2735.0874    9.0890
    0.0000   22.5000  -30.0000 2754.9607    8.9683
    7.5000   22.5000  -30.0000 2731.8230    9.1318
   -7.5000   30.0000  -30.0000 2733.4929    9.0951
    0.0000   30.0000  -30.0000 2752.8298    8.9790
    7.5000   30.0000  -30.0000 2728.0605    9.1550
   -7.5000   37.5000  -30.0000 2716.9058    9.3045
    0.0000   37.5000  -30.0000 2735.5789    9.1858
    7.5000   37.5000  -30.0000 2711.7817    9.3568
   -7.5000   45.0000  -30.0000 2677.8550    9.6652
    0.0000   45.0000  -30.0000 2695.8572    9.5458
    7.5000   45.0000  -30.0000 2673.0190    9.7145
   -7.5000   52.5000  -30.0000 2587.5957   10.1582
    0.0000   52.5000  -30.0000 2604.8140   10.0160
    7.5000   52.5000  -30.0000 2581.6687   10.2136
   -7.5000   60.0000  -30.0000 2439.4590   10.7207
    0.0000   60.0000  -30.0000 2454.9460   10.5897
    7.5000   60.0000  -30.0000 2437.0178   10.7530
   -7.5000   67.5000  -30.0000 2266.6501   11.3038
    0.0000   67.5000  -30.0000 2278.2253   11.1726
    7.5000   67.5000  -30.0000 2262.6995   11.3415
   -7.5000  -22.5000  -22.5000 2340.8918   13.5093
    0.0000  -22.5000  -22.5000 2358.4753   13.4225
    7.5000  -22.5000  -22.5000 2334.9065   13.5579
   -7.5000  -15.0000  -22.5000 2468.1880   12.1470
    0.0000  -15.0000  -22.5000 2485.4646   12.0381
    7.5000  -15.0000  -22.5000 2460.8940   12.1885
   -7.5000   -7.5000  -22.5000 2586.5259   10.9960
    0.0000   -7.5000  -22.5000 2603.1689   10.8850
    7.5000   -7.5000  -22.5000 2583.1938   11.0550
   -7.5000    0.0000  -22.5000 2681.6851   10.0895
    0.0000    0.0000  -22.5000 2700.1067    9.9707
    7.5000    0.0000  -22.5000 2677.5315   10.1461
   -7.5000    7.5000  -22.5000 2746.8750    9.4169
    0.0000    7.5000  -22.5000 2770.4561    9.3173
    7.5000    7.5000  -22.5000 2745.9504    9.4822
   -7.5000   15.0000  -22.5000 2798.6814    8.9766
    0.0000   15.0000  -22.5000 2821.1753    8.8905
    7.5000   15.0000  -22.5000 2793.7737    9.0469
   -7.5000   22.5000  -22.5000 2835.0747    8.7368
    0.0000   22.5000  -22.5000 2856.2827    8.6299
    7.5000   22.5000  -22.5000 2829.5164    8.7959
   -7.5000   30.0000  -22.5000 2839.8706    8.7372
    0.0000   30.0000  -22.5000 2861.8103    8.6234
    7.5000   30.0000  -22.5000 2836.7112    8.7993
   -7.5000   37.5000  -22.5000 2825.7400    8.9501
    0.0000   37.5000  -22.5000 2846.1218    8.8283
    7.5000   37.5000  -22.5000 2820.1790    9.0089
   -7.5000   45.0000  -22.5000 2782.0027    9.3222
    0.0000   45.0000  -22.5000 2805.8813    9.1792
    7.5000   45.0000  -22.5000 2778.8435    9.3692
   -7.5000   52.5000  -22.5000 2686.3599    9.8079
    0.0000   52.5000  -22.5000 2706.9424    9.6636
    7.5000   52.5000  -22.5000 2679.6584    9.8455
   -7.5000   60.0000  -22.5000 2535.9041   10.3277
    0.0000   60.0000  -22.5000 2551.1309   10.2013
    7.5000   60.0000  -22.5000 2532.3120   10.3536
   -7.5000   67.5000  -22.5000 2350.6963   10.8946
    0.0000   67.5000  -22.5000 2360.8457   10.7631
    7.5000   67.5000  -22.5000 2343.7341   10.9285
   -7.5000  -22.5000  -15.0000 2358.6956   13.3705
    0.0000  -22.5000  -15.0000 2375.1294   13.2554
    7.5000  -22.5000  -15.0000 2354.1213   13.4254
   -7.5000  -15.0000  -15.0000 2487.1462   11.9450
    0.0000  -15.0000  -15.0000 2505.5691   11.8376
    7.5000  -15.0000  -15.0000 2481.9490   11.9998
   -7.5000   -7.5000  -15.0000 2608.2947   10.7807
    0.0000   -7.5000  -15.0000 2625.1355   10.6824
    7.5000   -7.5000  -15.0000 2603.6101   10.8428
   -7.5000    0.0000  -15.0000 2704.6216    9.8576
    0.0000    0.0000  -15.0000 2724.2678    9.7734
    7.5000    0.0000  -15.0000 2701.0618    9.9137
   -7.5000    7.5000  -15.0000 2781.3408    9.1614
    0.0000    7.5000  -15.0000 2805.4873    9.0937
    7.5000    7.5000  -15.0000 2780.0801    9.2302
   -7.5000   15.0000  -15.0000 2839.6006    8.7028
    0.0000   15.0000  -15.0000 2860.9087    8.6463
    7.5000   15.0000  -15.0000 2837.7346    8.8008
   -7.5000   22.5000  -15.0000 2885.7629    8.4540
    0.0000   22.5000  -15.0000 2908.3450    8.3997
    7.5000   22.5000  -15.0000 2885.5640    8.5576
   -7.5000   30.0000  -15.0000 2902.4890    8.4682
    0.0000   30.0000  -15.0000 2927.1692    8.3864
    7.5000   30.0000  -15.0000 2899.8523    8.5498
   -7.5000   37.5000  -15.0000 2895.7312    8.6699
    0.0000   37.5000  -15.0000 2918.1008    8.5840
    7.5000   37.5000  -15.0000 2886.8726    8.7513
   -7.5000   45.0000  -15.0000 2849.0071    9.0199
    0.0000   45.0000  -15.0000 2876.3669    8.9329
    7.5000   45.0000  -15.0000 2842.3884    9.0754
   -7.5000   52.5000  -15.0000 2752.1995    9.4648
    0.0000   52.5000  -15.0000 2774.9114    9.3863
    7.5000   52.5000  -15.0000 2744.5544    9.5030
   -7.5000   60.0000  -15.0000 2592.3298    9.9727
    0.0000   60.0000  -15.0000 2611.6853    9.8936
    7.5000   60.0000  -15.0000 2586.7610    9.9989
   -7.5000   67.5000  -15.0000 2399.2163   10.5399
    0.0000   67.5000  -15.0000 2413.8169   10.4553
    7.5000   67.5000  -15.0000 2393.0042   10.5589
   -7.5000  -22.5000   -7.5000 2353.1165   13.2980
    0.0000  -22.5000   -7.5000 2371.5837   13.1854
    7.5000  -22.5000   -7.5000 2350.0396   13.3846
   -7.5000  -15.0000   -7.5000 2481.1028   11.8135
    0.0000  -15.0000   -7.5000 2497.8367   11.7062
    7.5000  -15.0000   -7.5000 2477.3826   11.9035
   -7.5000   -7.5000   -7.5000 2602.9143   10.6213
    0.0000   -7.5000   -7.5000 2617.8000   10.5306
    7.5000   -7.5000   -7.5000 2597.7788   10.7348
   -7.5000    0.0000   -7.5000 2698.4209    9.6736
    0.0000    0.0000   -7.5000 2717.7354    9.5843
    7.5000    0.0000   -7.5000 2696.7961    9.7838
   -7.5000    7.5000   -7.5000 2784.3208    8.9965
    0.0000    7.5000   -7.5000 2803.9224    8.9106
    7.5000    7.5000   -7.5000 2786.6660    9.0857
   -7.5000   15.0000   -7.5000 2855.1558    8.5666
    0.0000   15.0000   -7.5000 2872.8567    8.5039
    7.5000   15.0000   -7.5000 2860.1260    8.6700
   -7.5000   22.5000   -7.5000 2914.4768    8.3772
    0.0000   22.5000   -7.5000 2937.5383    8.3495
    7.5000   22.5000   -7.5000 2922.2048    8.4620
   -7.5000   30.0000   -7.5000 2946.5874    8.3417
    0.0000   30.0000   -7.5000 2976.9500    8.3506
    7.5000   30.0000   -7.5000 2942.9639    8.4140
   -7.5000   37.5000   -7.5000 2940.8152    8.4749
    0.0000   37.5000   -7.5000 2970.1206    8.4509
    7.5000   37.5000   -7.5000 2927.1284    8.5502
   -7.5000   45.0000   -7.5000 2890.9666    8.7609
    0.0000   45.0000   -7.5000 2919.0864    8.7305
    7.5000   45.0000   -7.5000 2879.6538    8.8177
   -7.5000   52.5000   -7.5000 2788.5312    9.1510
    0.0000   52.5000   -7.5000 2816.0420    9.1154
    7.5000   52.5000   -7.5000 2782.0713    9.1987
   -7.5000   60.0000   -7.5000 2622.2205    9.6470
    0.0000   60.0000   -7.5000 2645.5737    9.6022
    7.5000   60.0000   -7.5000 2619.1497    9.6863
   -7.5000   67.5000   -7.5000 2426.7412   10.2313
    0.0000   67.5000   -7.5000 2442.1987   10.1632
    7.5000   67.5000   -7.5000 2421.9153   10.2564
   -7.5000  -22.5000    0.0000 2337.3020   13.3437
    0.0000  -22.5000    0.0000 2353.3691   13.2372
    7.5000  -22.5000    0.0000 2334.7678   13.4965
   -7.5000  -15.0000    0.0000 2460.6296   11.8169
    0.0000  -15.0000    0.0000 2473.1326   11.6991
    7.5000  -15.0000    0.0000 2457.0564   11.9681
   -7.5000   -7.5000    0.0000 2574.7163   10.6368
    0.0000   -7.5000    0.0000 2588.4175   10.5179
    7.5000   -7.5000    0.0000 2573.8198   10.7632
   -7.5000    0.0000    0.0000 2675.7163    9.6831
    0.0000    0.0000    0.0000 2690.5549    9.5983
    7.5000    0.0000    0.0000 2678.5061    9.8156
   -7.5000    7.5000    0.0000 2774.8621    9.0086
    0.0000    7.5000    0.0000 2791.3997    8.9345
    7.5000    7.5000    0.0000 2777.4255    9.1124
   -7.5000   15.0000    0.0000 2858.2332    8.5563
    0.0000   15.0000    0.0000 2877.9099    8.4776
    7.5000   15.0000    0.0000 2861.3518    8.6481
   -7.5000   22.5000    0.0000 2930.3088    8.3888
    0.0000   22.5000    0.0000 2957.9807    8.3744
    7.5000   22.5000    0.0000 2934.6897    8.4430
   -7.5000   30.0000    0.0000 2967.4644    8.3919
    0.0000   30.0000    0.0000 3010.4116    8.4360
    7.5000   30.0000    0.0000 2965.1880    8.4392
   -7.5000   37.5000    0.0000 2963.9377    8.4282
    0.0000   37.5000    0.0000 3003.4807    8.4723
    7.5000   37.5000    0.0000 2948.1995    8.4934
   -7.5000   45.0000    0.0000 2912.4773    8.6000
    0.0000   45.0000    0.0000 2940.5391    8.5931
    7.5000   45.0000    0.0000 2897.8162    8.6590
   -7.5000   52.5000    0.0000 2807.8037    8.9397
    0.0000   52.5000    0.0000 2830.9800    8.8987
    7.5000   52.5000    0.0000 2801.3250    8.9939
   -7.5000   60.0000    0.0000 2637.7866    9.4539
    0.0000   60.0000    0.0000 2660.1624    9.3783
    7.5000   60.0000    0.0000 2636.2292    9.4941
   -7.5000   67.5000    0.0000 2438.7700   10.0435
    0.0000   67.5000    0.0000 2456.1704    9.9513
    7.5000   67.5000    0.0000 2436.5962   10.0729
   -7.5000  -22.5000    7.5000 2312.8235   13.6001
    0.0000  -22.5000    7.5000 2326.9456   13.4997
    7.5000  -22.5000    7.5000 2310.1919   13.7851
   -7.5000  -15.0000    7.5000 2430.0383   12.0819
    0.0000  -15.0000    7.5000 2443.1436   11.9846
    7.5000  -15.0000    7.5000 2429.1360   12.2452
   -7.5000   -7.5000    7.5000 2545.1892   10.9084
    0.0000   -7.5000    7.5000 2556.5032   10.8192
    7.5000   -7.5000    7.5000 2541.6345   11.0405
   -7.5000    0.0000    7.5000 2651.7493    9.9387
    0.0000    0.0000    7.5000 2665.8296    9.8666
    7.5000    0.0000    7.5000 2651.3835   10.0657
   -7.5000    7.5000    7.5000 2756.6545    9.1770
    0.0000    7.5000    7.5000 2771.4980    9.1024
    7.5000    7.5000    7.5000 2754.6333    9.2803
   -7.5000   15.0000    7.5000 2853.6777    8.6385
    0.0000   15.0000    7.5000 2870.0042    8.5470
    7.5000   15.0000    7.5000 2847.9392    8.7174
   -7.5000   22.5000    7.5000 2934.2622    8.4193
    0.0000   22.5000    7.5000 2963.8032    8.3382
    7.5000   22.5000    7.5000 2928.8516    8.4591
   -7.5000   30.0000    7.5000 2974.5105    8.4473
    0.0000   30.0000    7.5000 3020.2485    8.4328
    7.5000   30.0000    7.5000 2967.0654    8.4767
   -7.5000   37.5000    7.5000 2965.9475    8.5130
    0.0000   37.5000    7.5000 3006.7634    8.5001
    7.5000   37.5000    7.5000 2954.5859    8.5656
   -7.5000   45.0000    7.5000 2907.5725    8.6833
    0.0000   45.0000    7.5000 2936.7195    8.6456
    7.5000   45.0000    7.5000 2897.8762    8.7428
   -7.5000   52.5000    7.5000 2806.9402    8.9742
    0.0000   52.5000    7.5000 2828.7581    8.9127
    7.5000   52.5000    7.5000 2800.2524    9.0502
   -7.5000   60.0000    7.5000 2641.3596    9.4260
    0.0000   60.0000    7.5000 2659.0608    9.3292
    7.5000   60.0000    7.5000 2637.3630    9.4847
   -7.5000   67.5000    7.5000 2444.3762    9.9852
    0.0000   67.5000    7.5000 2457.5894    9.8946
    7.5000   67.5000    7.5000 2440.2981   10.0281
   -7.5000  -22.5000   15.0000 2279.9673   14.1557
    0.0000  -22.5000   15.0000 2294.2478   14.0479
    7.5000  -22.5000   15.0000 2275.4714   14.3277
   -7.5000  -15.0000   15.0000 2400.3000   12.5652
    0.0000  -15.0000   15.0000 2412.7329   12.4789
    7.5000  -15.0000   15.0000 2395.0686   12.7137
   -7.5000   -7.5000   15.0000 2513.8035   11.2962
    0.0000   -7.5000   15.0000 2526.1560   11.2276
    7.5000   -7.5000   15.0000 2507.2864   11.4395
   -7.5000    0.0000   15.0000 2625.1353   10.2576
    0.0000    0.0000   15.0000 2639.8557   10.1817
    7.5000    0.0000   15.0000 2620.0994   10.3672
   -7.5000    7.5000   15.0000 2733.6333    9.4225
    0.0000    7.5000   15.0000 2749.5222    9.3406
    7.5000    7.5000   15.0000 2731.0325    9.5099
   -7.5000   15.0000   15.0000 2832.9517    8.8473
    0.0000   15.0000   15.0000 2849.7080    8.7479
    7.5000   15.0000   15.0000 2827.9778    8.9158
   -7.5000   22.5000   15.0000 2915.9722    8.6025
    0.0000   22.5000   15.0000 2940.0464    8.5048
    7.5000   22.5000   15.0000 2910.2065    8.6402
   -7.5000   30.0000   15.0000 2963.4644    8.5598
    0.0000   30.0000   15.0000 2995.7632    8.4738
    7.5000   30.0000   15.0000 2949.2380    8.6031
   -7.5000   37.5000   15.0000 2953.4285    8.6563
    0.0000   37.5000   15.0000 2985.3418    8.5267
    7.5000   37.5000   15.0000 2936.1084    8.7150
   -7.5000   45.0000   15.0000 2889.2732    8.8874
    0.0000   45.0000   15.0000 2919.6572    8.7475
    7.5000   45.0000   15.0000 2880.9377    8.9379
   -7.5000   52.5000   15.0000 2782.7112    9.1907
    0.0000   52.5000   15.0000 2804.8335    9.0697
    7.5000   52.5000   15.0000 2781.3220    9.2501
   -7.5000   60.0000   15.0000 2623.3630    9.6235
    0.0000   60.0000   15.0000 2637.8835    9.5063
    7.5000   60.0000   15.0000 2619.1094    9.6709
   -7.5000   67.5000   15.0000 2430.1826   10.1298
    0.0000   67.5000   15.0000 2437.5103   10.0295
    7.5000   67.5000   15.0000 2426.5020   10.1599
   -7.5000  -22.5000   22.5000 2239.0891   14.8455
    0.0000  -22.5000   22.5000 2252.1877   14.7352
    7.5000  -22.5000   22.5000 2230.6658   15.0153
   -7.5000  -15.0000   22.5000 2363.8188   13.1169
    0.0000  -15.0000   22.5000 2379.6042   13.0232
    7.5000  -15.0000   22.5000 2355.7898   13.2586
   -7.5000   -7.5000   22.5000 2478.2153   11.7624
    0.0000   -7.5000   22.5000 2495.7659   11.6670
    7.5000   -7.5000   22.5000 2469.0889   11.8699
   -7.5000    0.0000   22.5000 2594.1477   10.6523
    0.0000    0.0000   22.5000 2609.4407   10.5453
    7.5000    0.0000   22.5000 2587.9670   10.7483
   -7.5000    7.5000   22.5000 2703.0322    9.7726
    0.0000    7.5000   22.5000 2720.4438    9.6568
    7.5000    7.5000   22.5000 2696.9351    9.8585
   -7.5000   15.0000   22.5000 2804.8777    9.1919
    0.0000   15.0000   22.5000 2822.5535    9.0811
    7.5000   15.0000   22.5000 2797.1328    9.2707
   -7.5000   22.5000   22.5000 2879.9480    8.9304
    0.0000   22.5000   22.5000 2908.2041    8.8298
    7.5000   22.5000   22.5000 2875.5273    8.9903
   -7.5000   30.0000   22.5000 2920.6250    8.8442
    0.0000   30.0000   22.5000 2951.0164    8.7228
    7.5000   30.0000   22.5000 2909.2664    8.9129
   -7.5000   37.5000   22.5000 2910.5718    8.9105
    0.0000   37.5000   22.5000 2931.4055    8.7548
    7.5000   37.5000   22.5000 2893.8357    8.9777
   -7.5000   45.0000   22.5000 2850.8452    9.1649
    0.0000   45.0000   22.5000 2873.5417    9.0051
    7.5000   45.0000   22.5000 2842.7493    9.2072
   -7.5000   52.5000   22.5000 2745.7256    9.5076
    0.0000   52.5000   22.5000 2761.4165    9.3550
    7.5000   52.5000   22.5000 2742.6443    9.5271
   -7.5000   60.0000   22.5000 2593.8257    9.9305
    0.0000   60.0000   22.5000 2604.9858    9.7921
    7.5000   60.0000   22.5000 2591.1675    9.9354
   -7.5000   67.5000   22.5000 2402.8259   10.4049
    0.0000   67.5000   22.5000 2410.7056   10.3134
    7.5000   67.5000   22.5000 2401.7935   10.4211
   -7.5000  -22.5000   30.0000 2186.9265   15.6014
    0.0000  -22.5000   30.0000 2200.1128   15.4701
    7.5000  -22.5000   30.0000 2177.4551   15.7621
   -7.5000  -15.0000   30.0000 2319.0430   13.7601
    0.0000  -15.0000   30.0000 2332.6399   13.6123
    7.5000  -15.0000   30.0000 2309.4421   13.8932
   -7.5000   -7.5000   30.0000 2440.5942   12.3063
    0.0000   -7.5000   30.0000 2457.8716   12.1472
    7.5000   -7.5000   30.0000 2433.1858   12.4172
   -7.5000    0.0000   30.0000 2551.8069   11.1207
    0.0000    0.0000   30.0000 2573.5190   10.9798
    7.5000    0.0000   30.0000 2548.9917   11.2329
   -7.5000    7.5000   30.0000 2664.9248   10.1977
    0.0000    7.5000   30.0000 2685.8972   10.0570
    7.5000    7.5000   30.0000 2658.4001   10.3231
   -7.5000   15.0000   30.0000 2761.3394    9.6326
    0.0000   15.0000   30.0000 2783.6008    9.5058
    7.5000   15.0000   30.0000 2755.5608    9.7302
   -7.5000   22.5000   30.0000 2830.5913    9.3595
    0.0000   22.5000   30.0000 2859.1941    9.2370
    7.5000   22.5000   30.0000 2827.6421    9.4290
   -7.5000   30.0000   30.0000 2863.5747    9.2320
    0.0000   30.0000   30.0000 2889.7002    9.0714
    7.5000   30.0000   30.0000 2855.5586    9.2937
   -7.5000   37.5000   30.0000 2848.2805    9.3245
    0.0000   37.5000   30.0000 2864.3862    9.1677
    7.5000   37.5000   30.0000 2839.4382    9.3711
   -7.5000   45.0000   30.0000 2797.3806    9.6037
    0.0000   45.0000   30.0000 2819.9951    9.4873
    7.5000   45.0000   30.0000 2790.0923    9.6369
   -7.5000   52.5000   30.0000 2692.5620    9.9737
    0.0000   52.5000   30.0000 2706.3242    9.8385
    7.5000   52.5000   30.0000 2689.0784    9.9790
   -7.5000   60.0000   30.0000 2545.9187   10.3701
    0.0000   60.0000   30.0000 2555.6001   10.2375
    7.5000   60.0000   30.0000 2543.5327   10.3628
   -7.5000   67.5000   30.0000 2364.1238   10.8028
    0.0000   67.5000   30.0000 2376.4695   10.7214
    7.5000   67.5000   30.0000 2360.5056   10.8215
   -7.5000  -22.5000   37.5000 2130.5085   16.4411
    0.0000  -22.5000   37.5000 2144.9258   16.2794
    7.5000  -22.5000   37.5000 2127.1697   16.6485
   -7.5000  -15.0000   37.5000 2266.3845   14.4642
    0.0000  -15.0000   37.5000 2282.9661   14.3053
    7.5000  -15.0000   37.5000 2261.7612   14.6515
   -7.5000   -7.5000   37.5000 2394.8745   12.9273
    0.0000   -7.5000   37.5000 2411.8906   12.7707
    7.5000   -7.5000   37.5000 2385.9646   13.0850
   -7.5000    0.0000   37.5000 2509.4287   11.6981
    0.0000    0.0000   37.5000 2527.8386   11.5513
    7.5000    0.0000   37.5000 2501.6992   11.8661
   -7.5000    7.5000   37.5000 2621.3069   10.7976
    0.0000    7.5000   37.5000 2645.4932   10.6633
    7.5000    7.5000   37.5000 2612.3052   10.9323
   -7.5000   15.0000   37.5000 2712.6411   10.2449
    0.0000   15.0000   37.5000 2740.4243   10.1208
    7.5000   15.0000   37.5000 2707.4753   10.3451
   -7.5000   22.5000   37.5000 2773.4087    9.9469
    0.0000   22.5000   37.5000 2801.9167    9.8065
    7.5000   22.5000   37.5000 2770.1943    9.9943
   -7.5000   30.0000   37.5000 2799.9700    9.7731
    0.0000   30.0000   37.5000 2824.5210    9.6091
    7.5000   30.0000   37.5000 2795.1548    9.8145
   -7.5000   37.5000   37.5000 2782.2471    9.8693
    0.0000   37.5000   37.5000 2800.7363    9.7533
    7.5000   37.5000   37.5000 2777.8093    9.9151
   -7.5000   45.0000   37.5000 2735.6899   10.1381
    0.0000   45.0000   37.5000 2755.1182   10.0278
    7.5000   45.0000   37.5000 2732.0239   10.1686
   -7.5000   52.5000   37.5000 2632.7290   10.5244
    0.0000   52.5000   37.5000 2645.8169   10.4085
    7.5000   52.5000   37.5000 2629.0566   10.5478
   -7.5000   60.0000   37.5000 2486.3386   10.9115
    0.0000   60.0000   37.5000 2494.7664   10.7989
    7.5000   60.0000   37.5000 2485.8877   10.9178
   -7.5000   67.5000   37.5000 2312.7705   11.3289
    0.0000   67.5000   37.5000 2324.0410   11.2413
    7.5000   67.5000   37.5000 2309.7319   11.3366
   -7.5000  -22.5000   45.0000 2074.9121   17.4931
    0.0000  -22.5000   45.0000 2087.2681   17.3316
    7.5000  -22.5000   45.0000 2068.9255   17.7333
   -7.5000  -15.0000   45.0000 2213.3762   15.3744
    0.0000  -15.0000   45.0000 2230.4255   15.1905
    7.5000  -15.0000   45.0000 2207.8813   15.5648
   -7.5000   -7.5000   45.0000 2343.7734   13.7292
    0.0000   -7.5000   45.0000 2358.8628   13.5540
    7.5000   -7.5000   45.0000 2335.0894   13.9017
   -7.5000    0.0000   45.0000 2458.6328   12.4549
    0.0000    0.0000   45.0000 2477.5205   12.3136
    7.5000    0.0000   45.0000 2449.5908   12.6319
   -7.5000    7.5000   45.0000 2567.3096   11.5532
    0.0000    7.5000   45.0000 2589.6643   11.4480
    7.5000    7.5000   45.0000 2558.5366   11.6861
   -7.5000   15.0000   45.0000 2652.6709   10.9877
    0.0000   15.0000   45.0000 2680.2336   10.8772
    7.5000   15.0000   45.0000 2647.7661   11.0719
   -7.5000   22.5000   45.0000 2702.2563   10.6284
    0.0000   22.5000   45.0000 2731.1851   10.4915
    7.5000   22.5000   45.0000 2699.9131   10.6849
   -7.5000   30.0000   45.0000 2722.2258   10.4592
    0.0000   30.0000   45.0000 2743.0015   10.3554
    7.5000   30.0000   45.0000 2717.4666   10.5188
   -7.5000   37.5000   45.0000 2706.6252   10.5694
    0.0000   37.5000   45.0000 2727.0889   10.4735
    7.5000   37.5000   45.0000 2701.8701   10.6237
   -7.5000   45.0000   45.0000 2663.1895   10.8143
    0.0000   45.0000   45.0000 2680.4236   10.7310
    7.5000   45.0000   45.0000 2658.0872   10.8593
   -7.5000   52.5000   45.0000 2565.9338   11.1738
    0.0000   52.5000   45.0000 2578.5605   11.0683
    7.5000   52.5000   45.0000 2562.0137   11.1831
   -7.5000   60.0000   45.0000 2421.4458   11.5655
    0.0000   60.0000   45.0000 2431.1396   11.4591
    7.5000   60.0000   45.0000 2420.3479   11.5571
   -7.5000   67.5000   45.0000 2248.1809   11.9803
    0.0000   67.5000   45.0000 2262.9109   11.8864
    7.5000   67.5000   45.0000 2249.2615   11.9579

---------------------------------------------------------------------
imgreg_4dfp /opt/freesurfer/average/711-2C_as_mni_average_305 /opt/freesurfer/average/711-2B_as_mni_average_305_mask talsrcimg_g11 none talsrcimg_to_711-2C_as_mni_average_305_t4 1283
---------------------------------------------------------------------

freesurfer imgreg_4dfp.c
/opt/freesurfer/average/711-2C_as_mni_average_305.4dfp.img
       256       256       256         1
  1.000000  1.000000  1.000000
orientation T byte_order littleendian
Reading image: /opt/freesurfer/average/711-2C_as_mni_average_305.4dfp.img
dimensions:      256       256       256
mmppix:       1.0000   -1.0000   -1.0000
center:     128.0000 -129.0000 -129.0000
/opt/freesurfer/average/711-2B_as_mni_average_305_mask.4dfp.img
       256       256       256         1
  1.000000  1.000000  1.000000
orientation T byte_order littleendian
Reading mask: /opt/freesurfer/average/711-2B_as_mni_average_305_mask.4dfp.img (2306576 pixels)
talsrcimg_g11.4dfp.img
       256       256       256         1
  1.000000  1.000000  1.000000
orientation T byte_order littleendian
Reading image: talsrcimg_g11.4dfp.img
dimensions:      256       256       256
mmppix:       1.0000   -1.0000   -1.0000
center:     128.0000 -129.0000 -129.0000
rotation matrix determinant  1.000000
fimgreg.f
image alignment mode   1283 decimal      503 hex
parameters
    0.0000   30.0000    7.5000    0.0000    0.0000    0.0000
eta,q 0.94672  8.42529
niter,ni,del,rscale     5    3   12.0000    1.2000
parameter  4  0.718449 ->  0.500000 qaram    1.1500
parameters
   -0.5337   32.1946    6.5022   -3.4500    0.2677    0.0587
eta,q 0.95302  8.36218
  0.0621  0.0651  0.0532  0.0471  0.0549  0.0526
  0.0571  0.0603  0.0518  0.0469  0.0521  0.0502
  0.0535  0.0555  0.0497  0.0475  0.0490  0.0480
  0.0517  0.0516  0.0490  0.0490  0.0470  0.0470
  0.0546  0.0491  0.0510  0.0526  0.0479  0.0475
  0.0602  0.0502  0.0543  0.0576  0.0509  0.0498
  0.0662  0.0547  0.0572  0.0620  0.0541  0.0527
niter,ni,del,rscale     5    3   12.0000    1.2000
parameter  4  0.564938 ->  0.500000 qaram    1.3225
parameters
   -0.7551   33.0001    5.7376   -7.4175    0.7643   -0.4283
eta,q 0.95387  8.38967
  0.0600  0.0592  0.0514  0.0462  0.0541  0.0508
  0.0541  0.0535  0.0497  0.0461  0.0506  0.0486
  0.0496  0.0490  0.0481  0.0468  0.0478  0.0466
  0.0470  0.0471  0.0472  0.0473  0.0463  0.0462
  0.0495  0.0480  0.0483  0.0485  0.0470  0.0476
  0.0556  0.0504  0.0512  0.0514  0.0492  0.0498
  0.0620  0.0539  0.0550  0.0567  0.0519  0.0523
niter,ni,del,rscale     5    3   12.0000    1.2000
parameters
   -0.7509   34.5462    4.6971   -9.6495    0.7849   -0.8097
eta,q 0.95562  8.39021
  0.0604  0.0584  0.0486  0.0485  0.0515  0.0489
  0.0540  0.0525  0.0470  0.0452  0.0488  0.0466
  0.0491  0.0487  0.0462  0.0444  0.0462  0.0449
  0.0461  0.0461  0.0455  0.0458  0.0444  0.0444
  0.0483  0.0456  0.0463  0.0479  0.0453  0.0454
  0.0543  0.0473  0.0489  0.0501  0.0483  0.0475
  0.0604  0.0500  0.0529  0.0533  0.0520  0.0502
niter,ni,del,rscale     4    3   12.0000    1.2000
parameters
   -0.8228   35.5047    4.4532  -10.7783    0.8957   -1.1504
eta,q 0.95586  8.40495
  0.0600  0.0571  0.0495  0.0496  0.0517  0.0488
  0.0526  0.0502  0.0471  0.0459  0.0489  0.0463
  0.0471  0.0457  0.0454  0.0443  0.0461  0.0446
  0.0444  0.0444  0.0446  0.0446  0.0442  0.0442
  0.0475  0.0451  0.0452  0.0467  0.0452  0.0451
  0.0541  0.0469  0.0474  0.0490  0.0482  0.0471
  0.0600  0.0503  0.0507  0.0522  0.0516  0.0499
niter,ni,del,rscale     3    3   12.0000    1.2000
parameters
   -0.8593   36.0825    4.1876  -11.6759    1.0558   -1.2809
eta,q 0.95594  8.41603
  0.0599  0.0555  0.0496  0.0496  0.0519  0.0493
  0.0524  0.0485  0.0470  0.0461  0.0489  0.0466
  0.0469  0.0450  0.0450  0.0443  0.0458  0.0447
  0.0441  0.0441  0.0442  0.0442  0.0441  0.0441
  0.0470  0.0449  0.0452  0.0462  0.0451  0.0448
  0.0535  0.0472  0.0475  0.0486  0.0481  0.0469
  0.0597  0.0509  0.0508  0.0517  0.0514  0.0499
niter,ni,del,rscale     2    3   12.0000    1.2000
parameters
   -0.9102   36.5097    3.9430  -12.3140    1.2283   -1.2820
eta,q 0.95593  8.42234
  0.0593  0.0547  0.0497  0.0499  0.0520  0.0497
  0.0520  0.0479  0.0470  0.0461  0.0487  0.0469
  0.0467  0.0448  0.0448  0.0444  0.0456  0.0448
  0.0441  0.0441  0.0441  0.0441  0.0441  0.0441
  0.0467  0.0449  0.0451  0.0457  0.0452  0.0447
  0.0530  0.0472  0.0474  0.0482  0.0481  0.0467
  0.0594  0.0511  0.0509  0.0512  0.0513  0.0499
niter,ni,del,rscale     1    3   12.0000    1.2000
parameters
   -0.9867   36.8142    3.7306  -12.7646    1.3947   -1.2220
eta,q 0.95593  8.42557
  0.0587  0.0540  0.0497  0.0503  0.0519  0.0499
  0.0517  0.0476  0.0470  0.0461  0.0485  0.0470
  0.0466  0.0447  0.0448  0.0444  0.0455  0.0449
  0.0441  0.0441  0.0441  0.0441  0.0441  0.0441
  0.0466  0.0449  0.0451  0.0454  0.0453  0.0446
  0.0527  0.0472  0.0473  0.0480  0.0481  0.0467
  0.0591  0.0514  0.0508  0.0509  0.0511  0.0498
registration optimization eta report
parameter search radius
    6.0000    6.0000    6.0000    7.9350    6.0000    6.0000
100000*second partial in parameter space
       40.       24.       17.       10.       20.       16.
  0.0587  0.0540  0.0497  0.0503  0.0519  0.0499
  0.0517  0.0476  0.0470  0.0461  0.0485  0.0470
  0.0466  0.0447  0.0448  0.0444  0.0455  0.0449
  0.0441  0.0441  0.0441  0.0441  0.0441  0.0441
  0.0466  0.0449  0.0451  0.0454  0.0453  0.0446
  0.0527  0.0472  0.0473  0.0480  0.0481  0.0467
  0.0591  0.0514  0.0508  0.0509  0.0511  0.0498
   -0.9867   36.8142    3.7306  -12.7646    1.3947   -1.2220
eta,q 0.95593  8.42557

---------------------------------------------------------------------
imgreg_4dfp /opt/freesurfer/average/711-2C_as_mni_average_305 /opt/freesurfer/average/711-2B_as_mni_average_305_mask talsrcimg_g11 none talsrcimg_to_711-2C_as_mni_average_305_t4 3335
---------------------------------------------------------------------

freesurfer imgreg_4dfp.c
/opt/freesurfer/average/711-2C_as_mni_average_305.4dfp.img
       256       256       256         1
  1.000000  1.000000  1.000000
orientation T byte_order littleendian
Reading image: /opt/freesurfer/average/711-2C_as_mni_average_305.4dfp.img
dimensions:      256       256       256
mmppix:       1.0000   -1.0000   -1.0000
center:     128.0000 -129.0000 -129.0000
/opt/freesurfer/average/711-2B_as_mni_average_305_mask.4dfp.img
       256       256       256         1
  1.000000  1.000000  1.000000
orientation T byte_order littleendian
Reading mask: /opt/freesurfer/average/711-2B_as_mni_average_305_mask.4dfp.img (2306576 pixels)
talsrcimg_g11.4dfp.img
       256       256       256         1
  1.000000  1.000000  1.000000
orientation T byte_order littleendian
Reading image: talsrcimg_g11.4dfp.img
dimensions:      256       256       256
mmppix:       1.0000   -1.0000   -1.0000
center:     128.0000 -129.0000 -129.0000
fimgreg.f
image alignment mode   3335 decimal      D07 hex
parameters
   -0.9867   36.8142    3.7306   -0.0524   -2.5050   -2.5003
    2.6175   -1.9020   -2.1320   22.1401    2.4339  -22.0880
eta,q 0.95583  8.48910
niter,ni,del,rscale     5    3    5.0000    1.2000
parameter  4  0.516081 ->  0.500000 qaram    1.1500
parameter  5  1.629867 ->  0.500000 qaram    1.1500
parameter  6  1.013755 ->  0.500000 qaram    1.1500
parameter 12 -0.565124 -> -0.500000 qaram    1.1500
parameters
   -1.2028   37.4567    2.6731   -4.1924   -6.6450   -6.6403
    3.3990   -1.9451    0.2016   20.3818   -0.0707  -17.9480
eta,q 0.96098  7.88109
  0.0460  0.0466  0.0441  0.0436  0.0391  0.0393  0.0409  0.0417  0.0417  0.0402  0.0394  0.0404
  0.0449  0.0455  0.0439  0.0435  0.0403  0.0394  0.0402  0.0406  0.0407  0.0396  0.0393  0.0398
  0.0443  0.0446  0.0438  0.0436  0.0417  0.0399  0.0397  0.0398  0.0400  0.0393  0.0392  0.0395
  0.0442  0.0441  0.0440  0.0438  0.0435  0.0406  0.0395  0.0395  0.0395  0.0393  0.0393  0.0392
  0.0446  0.0440  0.0444  0.0447  0.0459  0.0415  0.0396  0.0399  0.0393  0.0398  0.0395  0.0390
  0.0455  0.0443  0.0450  0.0464  0.0488  0.0426  0.0399  0.0406  0.0395  0.0407  0.0398  0.0390
  0.0468  0.0449  0.0459  0.0486  0.0520  0.0442  0.0404  0.0417  0.0400  0.0423  0.0403  0.0391
niter,ni,del,rscale     7    3    5.0000    1.2000
parameter  5  1.561007 ->  0.500000 qaram    1.3225
parameters
   -1.4911   37.1369    2.1967   -6.2194  -11.4060  -10.7443
    2.8757   -2.1173   -0.1071   20.0568    1.1778  -16.0496
eta,q 0.96413  7.39281
  0.0404  0.0401  0.0395  0.0397  0.0350  0.0362  0.0372  0.0379  0.0374  0.0376  0.0368  0.0372
  0.0396  0.0394  0.0391  0.0390  0.0358  0.0360  0.0365  0.0368  0.0365  0.0366  0.0364  0.0365
  0.0391  0.0390  0.0389  0.0388  0.0371  0.0359  0.0360  0.0361  0.0360  0.0360  0.0360  0.0361
  0.0390  0.0390  0.0390  0.0389  0.0388  0.0361  0.0359  0.0359  0.0359  0.0359  0.0359  0.0359
  0.0394  0.0393  0.0392  0.0393  0.0408  0.0369  0.0362  0.0362  0.0362  0.0362  0.0359  0.0359
  0.0402  0.0400  0.0396  0.0399  0.0431  0.0383  0.0368  0.0369  0.0368  0.0368  0.0361  0.0361
  0.0413  0.0408  0.0402  0.0414  0.0461  0.0397  0.0376  0.0380  0.0376  0.0378  0.0363  0.0363
niter,ni,del,rscale     7    3    5.0000    1.2000
parameter  5  0.714221 ->  0.500000 qaram    1.5209
parameters
   -1.7137   37.6949    1.0668   -7.4177  -16.8811  -12.1495
    2.5094   -2.5235   -0.5696   20.5240    1.2408  -14.6770
eta,q 0.96584  7.07237
  0.0373  0.0383  0.0358  0.0366  0.0345  0.0349  0.0356  0.0359  0.0357  0.0361  0.0347  0.0351
  0.0364  0.0371  0.0357  0.0359  0.0342  0.0345  0.0348  0.0349  0.0348  0.0351  0.0344  0.0346
  0.0360  0.0363  0.0356  0.0356  0.0344  0.0343  0.0343  0.0343  0.0343  0.0344  0.0342  0.0343
  0.0359  0.0358  0.0358  0.0356  0.0356  0.0342  0.0342  0.0342  0.0342  0.0342  0.0342  0.0342
  0.0362  0.0358  0.0360  0.0359  0.0374  0.0342  0.0344  0.0345  0.0345  0.0343  0.0342  0.0342
  0.0369  0.0361  0.0365  0.0364  0.0396  0.0349  0.0350  0.0352  0.0351  0.0349  0.0344  0.0343
  0.0379  0.0368  0.0370  0.0374  0.0422  0.0362  0.0358  0.0363  0.0360  0.0356  0.0347  0.0346
niter,ni,del,rscale     7    3    5.0000    1.2000
parameters
   -1.6356   38.4423    0.7735   -7.8169  -18.8410  -12.7295
    2.3014   -2.4808   -0.8541   21.4071    1.6964  -14.6977
eta,q 0.96607  6.98837
  0.0359  0.0367  0.0344  0.0355  0.0363  0.0348  0.0355  0.0359  0.0354  0.0358  0.0345  0.0346
  0.0350  0.0355  0.0342  0.0346  0.0351  0.0344  0.0346  0.0349  0.0346  0.0349  0.0342  0.0342
  0.0344  0.0346  0.0340  0.0341  0.0342  0.0341  0.0341  0.0342  0.0341  0.0343  0.0340  0.0340
  0.0342  0.0342  0.0340  0.0340  0.0340  0.0340  0.0340  0.0340  0.0340  0.0340  0.0339  0.0339
  0.0343  0.0340  0.0341  0.0343  0.0348  0.0340  0.0342  0.0342  0.0342  0.0340  0.0340  0.0340
  0.0348  0.0342  0.0343  0.0349  0.0367  0.0344  0.0348  0.0349  0.0348  0.0344  0.0341  0.0342
  0.0357  0.0347  0.0347  0.0356  0.0392  0.0353  0.0356  0.0359  0.0356  0.0351  0.0344  0.0346
niter,ni,del,rscale     6    3    5.0000    1.2000
parameters
   -1.5570   38.7809    0.6930   -7.9017  -19.4506  -12.9746
    2.2711   -2.3430   -1.0619   21.9693    1.8358  -14.8051
eta,q 0.96609  6.96946
  0.0357  0.0357  0.0344  0.0356  0.0368  0.0348  0.0355  0.0359  0.0354  0.0356  0.0345  0.0346
  0.0347  0.0348  0.0341  0.0347  0.0356  0.0344  0.0347  0.0349  0.0346  0.0348  0.0342  0.0342
  0.0341  0.0342  0.0340  0.0341  0.0345  0.0341  0.0341  0.0342  0.0341  0.0342  0.0340  0.0340
  0.0339  0.0339  0.0339  0.0339  0.0339  0.0339  0.0339  0.0339  0.0339  0.0339  0.0339  0.0339
  0.0341  0.0340  0.0340  0.0342  0.0343  0.0340  0.0342  0.0341  0.0342  0.0340  0.0340  0.0340
  0.0346  0.0343  0.0342  0.0348  0.0357  0.0343  0.0347  0.0348  0.0347  0.0345  0.0342  0.0343
  0.0354  0.0349  0.0345  0.0355  0.0380  0.0351  0.0355  0.0358  0.0355  0.0352  0.0345  0.0346
niter,ni,del,rscale     5    3    5.0000    1.2000
parameters
   -1.5114   38.9461    0.6057   -7.9505  -19.6915  -13.2555
    2.2732   -2.2514   -1.1608   22.2979    1.8776  -14.8491
eta,q 0.96608  6.96123
  0.0356  0.0354  0.0344  0.0356  0.0369  0.0348  0.0355  0.0359  0.0354  0.0355  0.0345  0.0346
  0.0347  0.0346  0.0342  0.0347  0.0357  0.0343  0.0347  0.0349  0.0346  0.0347  0.0342  0.0342
  0.0341  0.0341  0.0340  0.0341  0.0346  0.0340  0.0341  0.0342  0.0341  0.0342  0.0340  0.0340
  0.0339  0.0339  0.0339  0.0339  0.0339  0.0339  0.0339  0.0339  0.0339  0.0339  0.0339  0.0339
  0.0341  0.0340  0.0340  0.0342  0.0342  0.0340  0.0341  0.0342  0.0342  0.0340  0.0340  0.0340
  0.0346  0.0344  0.0342  0.0348  0.0355  0.0343  0.0347  0.0348  0.0347  0.0345  0.0342  0.0343
  0.0355  0.0350  0.0345  0.0356  0.0377  0.0351  0.0355  0.0358  0.0354  0.0353  0.0345  0.0346
niter,ni,del,rscale     4    3    5.0000    1.2000
parameters
   -1.4890   39.0410    0.5090   -7.9831  -19.8149  -13.5000
    2.2739   -2.1991   -1.1983   22.5028    1.8768  -14.8349
eta,q 0.96607  6.95588
  0.0356  0.0353  0.0344  0.0356  0.0370  0.0348  0.0355  0.0359  0.0354  0.0354  0.0345  0.0346
  0.0347  0.0345  0.0342  0.0347  0.0358  0.0343  0.0347  0.0349  0.0346  0.0347  0.0342  0.0343
  0.0341  0.0341  0.0340  0.0341  0.0346  0.0340  0.0341  0.0342  0.0341  0.0342  0.0340  0.0340
  0.0339  0.0339  0.0339  0.0339  0.0339  0.0339  0.0339  0.0339  0.0339  0.0339  0.0339  0.0339
  0.0341  0.0341  0.0340  0.0342  0.0342  0.0340  0.0341  0.0342  0.0341  0.0341  0.0340  0.0340
  0.0346  0.0345  0.0342  0.0348  0.0354  0.0343  0.0347  0.0348  0.0347  0.0345  0.0342  0.0343
  0.0355  0.0351  0.0345  0.0356  0.0376  0.0350  0.0355  0.0359  0.0354  0.0353  0.0345  0.0346
niter,ni,del,rscale     3    3    5.0000    1.2000
parameters
   -1.4763   39.1074    0.4327   -8.0170  -19.8965  -13.6987
    2.2699   -2.1629   -1.2127   22.6551    1.8734  -14.8295
eta,q 0.96606  6.95185
  0.0356  0.0353  0.0344  0.0356  0.0370  0.0348  0.0355  0.0359  0.0354  0.0354  0.0345  0.0346
  0.0347  0.0345  0.0342  0.0348  0.0358  0.0344  0.0347  0.0349  0.0346  0.0347  0.0342  0.0343
  0.0341  0.0341  0.0340  0.0341  0.0346  0.0340  0.0341  0.0342  0.0341  0.0342  0.0340  0.0340
  0.0339  0.0339  0.0339  0.0339  0.0339  0.0339  0.0339  0.0339  0.0339  0.0339  0.0339  0.0339
  0.0341  0.0341  0.0340  0.0342  0.0342  0.0341  0.0341  0.0342  0.0341  0.0341  0.0340  0.0340
  0.0347  0.0345  0.0342  0.0348  0.0354  0.0343  0.0347  0.0348  0.0346  0.0346  0.0342  0.0343
  0.0355  0.0351  0.0345  0.0356  0.0375  0.0350  0.0355  0.0359  0.0354  0.0353  0.0345  0.0346
niter,ni,del,rscale     2    3    5.0000    1.2000
parameters
   -1.4671   39.1568    0.3711   -8.0349  -19.9529  -13.8561
    2.2590   -2.1455   -1.2219   22.7723    1.8738  -14.8337
eta,q 0.96606  6.94918
  0.0356  0.0353  0.0345  0.0356  0.0370  0.0348  0.0355  0.0359  0.0354  0.0354  0.0345  0.0346
  0.0347  0.0345  0.0342  0.0348  0.0358  0.0344  0.0347  0.0349  0.0346  0.0347  0.0342  0.0343
  0.0341  0.0341  0.0340  0.0341  0.0346  0.0341  0.0341  0.0342  0.0341  0.0342  0.0340  0.0340
  0.0339  0.0339  0.0339  0.0339  0.0339  0.0339  0.0339  0.0339  0.0339  0.0339  0.0339  0.0339
  0.0341  0.0341  0.0340  0.0342  0.0342  0.0341  0.0342  0.0342  0.0341  0.0341  0.0340  0.0340
  0.0347  0.0345  0.0342  0.0349  0.0354  0.0343  0.0347  0.0348  0.0346  0.0346  0.0342  0.0343
  0.0355  0.0351  0.0345  0.0356  0.0375  0.0350  0.0355  0.0359  0.0354  0.0353  0.0345  0.0346
niter,ni,del,rscale     1    3    5.0000    1.2000
parameters
   -1.4587   39.1960    0.3147   -8.0517  -19.9954  -13.9917
    2.2494   -2.1229   -1.2282   22.8631    1.8770  -14.8209
eta,q 0.96606  6.94685
  0.0356  0.0352  0.0345  0.0357  0.0370  0.0348  0.0355  0.0359  0.0354  0.0354  0.0345  0.0346
  0.0347  0.0345  0.0342  0.0348  0.0358  0.0344  0.0347  0.0349  0.0346  0.0347  0.0342  0.0343
  0.0341  0.0341  0.0340  0.0341  0.0346  0.0341  0.0341  0.0342  0.0341  0.0342  0.0340  0.0340
  0.0339  0.0339  0.0339  0.0339  0.0339  0.0339  0.0339  0.0339  0.0339  0.0339  0.0339  0.0339
  0.0341  0.0341  0.0340  0.0342  0.0342  0.0341  0.0341  0.0342  0.0341  0.0341  0.0340  0.0340
  0.0347  0.0345  0.0342  0.0349  0.0354  0.0343  0.0347  0.0348  0.0346  0.0346  0.0342  0.0343
  0.0355  0.0351  0.0345  0.0356  0.0375  0.0350  0.0355  0.0359  0.0354  0.0353  0.0345  0.0346
registration optimization eta report
parameter search radius
    2.4000    2.4000    2.4000    8.2800   10.9503    8.2800
    7.2000    7.2000    7.2000    7.2000    7.2000    8.2800
100000*second partial in parameter space
       28.       21.        9.        2.        3.        1.
        3.        4.        3.        3.        1.        1.
  0.0356  0.0352  0.0345  0.0357  0.0370  0.0348  0.0355  0.0359  0.0354  0.0354  0.0345  0.0346
  0.0347  0.0345  0.0342  0.0348  0.0358  0.0344  0.0347  0.0349  0.0346  0.0347  0.0342  0.0343
  0.0341  0.0341  0.0340  0.0341  0.0346  0.0341  0.0341  0.0342  0.0341  0.0342  0.0340  0.0340
  0.0339  0.0339  0.0339  0.0339  0.0339  0.0339  0.0339  0.0339  0.0339  0.0339  0.0339  0.0339
  0.0341  0.0341  0.0340  0.0342  0.0342  0.0341  0.0341  0.0342  0.0341  0.0341  0.0340  0.0340
  0.0347  0.0345  0.0342  0.0349  0.0354  0.0343  0.0347  0.0348  0.0346  0.0346  0.0342  0.0343
  0.0355  0.0351  0.0345  0.0356  0.0375  0.0350  0.0355  0.0359  0.0354  0.0353  0.0345  0.0346
   -1.4587   39.1960    0.3147   -8.0517  -19.9954  -13.9917
    2.2494   -2.1229   -1.2282   22.8631    1.8770  -14.8209
eta,q 0.96606  6.94685

---------------------------------------------------------------------
imgreg_4dfp /opt/freesurfer/average/711-2C_as_mni_average_305 /opt/freesurfer/average/711-2B_as_mni_average_305_mask talsrcimg_g11 none talsrcimg_to_711-2C_as_mni_average_305_t4 2311
---------------------------------------------------------------------

freesurfer imgreg_4dfp.c
/opt/freesurfer/average/711-2C_as_mni_average_305.4dfp.img
       256       256       256         1
  1.000000  1.000000  1.000000
orientation T byte_order littleendian
Reading image: /opt/freesurfer/average/711-2C_as_mni_average_305.4dfp.img
dimensions:      256       256       256
mmppix:       1.0000   -1.0000   -1.0000
center:     128.0000 -129.0000 -129.0000
/opt/freesurfer/average/711-2B_as_mni_average_305_mask.4dfp.img
       256       256       256         1
  1.000000  1.000000  1.000000
orientation T byte_order littleendian
Reading mask: /opt/freesurfer/average/711-2B_as_mni_average_305_mask.4dfp.img (2306576 pixels)
talsrcimg_g11.4dfp.img
       256       256       256         1
  1.000000  1.000000  1.000000
orientation T byte_order littleendian
Reading image: talsrcimg_g11.4dfp.img
dimensions:      256       256       256
mmppix:       1.0000   -1.0000   -1.0000
center:     128.0000 -129.0000 -129.0000
fimgreg.f
image alignment mode   2311 decimal      907 hex
parameters
   -1.4587   39.1960    0.3147   -8.0517  -19.9954  -13.9917
    2.2494   -2.1229   -1.2282   22.8631    1.8770  -14.8209
eta,q 0.96606  6.94686
niter,ni,del,rscale     5    3    5.0000    0.8000
parameters
   -1.4729   39.1762    0.3040   -8.2448  -19.0057  -14.0347
    2.2486   -2.0407   -1.2316   22.6638    2.0118  -15.1425
eta,q 0.96611  6.97001
  0.0346  0.0345  0.0342  0.0346  0.0350  0.0342  0.0346  0.0348  0.0346  0.0345  0.0342  0.0341
  0.0342  0.0342  0.0341  0.0342  0.0345  0.0340  0.0342  0.0343  0.0342  0.0342  0.0340  0.0340
  0.0340  0.0340  0.0340  0.0340  0.0341  0.0339  0.0340  0.0340  0.0340  0.0340  0.0339  0.0339
  0.0339  0.0339  0.0339  0.0339  0.0339  0.0339  0.0339  0.0339  0.0339  0.0339  0.0339  0.0339
  0.0340  0.0340  0.0340  0.0341  0.0339  0.0339  0.0340  0.0340  0.0340  0.0340  0.0339  0.0339
  0.0343  0.0342  0.0341  0.0343  0.0341  0.0340  0.0342  0.0343  0.0342  0.0342  0.0340  0.0340
  0.0347  0.0345  0.0342  0.0347  0.0344  0.0342  0.0346  0.0348  0.0346  0.0346  0.0341  0.0342
niter,ni,del,rscale     4    3    5.0000    0.7000
parameters
   -1.4733   39.0681    0.2882   -8.3444  -18.7883  -13.8156
    2.2113   -2.0274   -1.2542   22.4661    2.0647  -15.2407
eta,q 0.96612  6.97235
  0.0344  0.0343  0.0341  0.0344  0.0346  0.0341  0.0344  0.0346  0.0344  0.0344  0.0341  0.0341
  0.0341  0.0340  0.0340  0.0341  0.0342  0.0340  0.0341  0.0342  0.0341  0.0341  0.0340  0.0340
  0.0339  0.0339  0.0339  0.0339  0.0340  0.0339  0.0339  0.0340  0.0339  0.0339  0.0339  0.0339
  0.0339  0.0339  0.0339  0.0339  0.0339  0.0339  0.0339  0.0339  0.0339  0.0339  0.0339  0.0339
  0.0340  0.0340  0.0339  0.0340  0.0339  0.0339  0.0339  0.0340  0.0339  0.0339  0.0339  0.0339
  0.0341  0.0341  0.0340  0.0342  0.0341  0.0340  0.0341  0.0342  0.0341  0.0341  0.0340  0.0340
  0.0344  0.0344  0.0341  0.0344  0.0344  0.0341  0.0345  0.0346  0.0344  0.0345  0.0341  0.0341
niter,ni,del,rscale     3    3    5.0000    0.6000
parameters
   -1.4764   39.0204    0.3411   -8.3814  -18.6691  -13.5464
    2.1848   -2.0450   -1.2507   22.3315    2.0952  -15.3435
eta,q 0.96612  6.97616
  0.0343  0.0342  0.0340  0.0343  0.0344  0.0341  0.0343  0.0344  0.0343  0.0342  0.0340  0.0340
  0.0341  0.0340  0.0340  0.0341  0.0341  0.0340  0.0341  0.0341  0.0341  0.0340  0.0339  0.0339
  0.0339  0.0339  0.0339  0.0339  0.0339  0.0339  0.0339  0.0339  0.0339  0.0339  0.0339  0.0339
  0.0339  0.0339  0.0339  0.0339  0.0339  0.0339  0.0339  0.0339  0.0339  0.0339  0.0339  0.0339
  0.0339  0.0339  0.0339  0.0339  0.0339  0.0339  0.0339  0.0339  0.0339  0.0339  0.0339  0.0339
  0.0341  0.0340  0.0339  0.0341  0.0341  0.0339  0.0341  0.0341  0.0341  0.0341  0.0339  0.0340
  0.0343  0.0342  0.0340  0.0343  0.0343  0.0340  0.0343  0.0344  0.0343  0.0343  0.0340  0.0340
niter,ni,del,rscale     2    3    5.0000    0.5000
parameters
   -1.4758   38.9845    0.4207   -8.4181  -18.6061  -13.2651
    2.1555   -2.0364   -1.2433   22.2237    2.1565  -15.4460
eta,q 0.96613  6.97890
  0.0342  0.0341  0.0340  0.0342  0.0342  0.0340  0.0342  0.0342  0.0342  0.0341  0.0340  0.0340
  0.0340  0.0340  0.0339  0.0340  0.0340  0.0339  0.0340  0.0340  0.0340  0.0340  0.0339  0.0339
  0.0339  0.0339  0.0339  0.0339  0.0339  0.0339  0.0339  0.0339  0.0339  0.0339  0.0339  0.0339
  0.0339  0.0339  0.0339  0.0339  0.0339  0.0339  0.0339  0.0339  0.0339  0.0339  0.0339  0.0339
  0.0339  0.0339  0.0339  0.0339  0.0339  0.0339  0.0339  0.0339  0.0339  0.0339  0.0339  0.0339
  0.0340  0.0340  0.0339  0.0340  0.0340  0.0339  0.0340  0.0340  0.0340  0.0340  0.0339  0.0339
  0.0342  0.0341  0.0340  0.0342  0.0342  0.0340  0.0342  0.0342  0.0342  0.0342  0.0340  0.0340
niter,ni,del,rscale     1    3    5.0000    0.4000
parameters
   -1.4799   38.9473    0.4854   -8.4408  -18.5500  -13.1028
    2.1297   -2.0446   -1.2507   22.1498    2.1444  -15.4658
eta,q 0.96613  6.98127
  0.0341  0.0340  0.0339  0.0341  0.0341  0.0340  0.0341  0.0341  0.0341  0.0340  0.0339  0.0339
  0.0340  0.0339  0.0339  0.0340  0.0340  0.0339  0.0339  0.0340  0.0340  0.0339  0.0339  0.0339
  0.0339  0.0339  0.0339  0.0339  0.0339  0.0339  0.0339  0.0339  0.0339  0.0339  0.0339  0.0339
  0.0339  0.0339  0.0339  0.0339  0.0339  0.0339  0.0339  0.0339  0.0339  0.0339  0.0339  0.0339
  0.0339  0.0339  0.0339  0.0339  0.0339  0.0339  0.0339  0.0339  0.0339  0.0339  0.0339  0.0339
  0.0340  0.0340  0.0339  0.0340  0.0340  0.0339  0.0340  0.0340  0.0340  0.0340  0.0339  0.0339
  0.0341  0.0340  0.0339  0.0341  0.0341  0.0339  0.0341  0.0341  0.0341  0.0341  0.0339  0.0339
registration optimization eta report
parameter search radius
    0.8000    0.8000    0.8000    2.4000    2.4000    2.4000
    2.4000    2.4000    2.4000    2.4000    2.4000    2.4000
100000*second partial in parameter space
       27.       23.       10.        3.        4.        1.
        3.        4.        3.        3.        1.        1.
  0.0341  0.0340  0.0339  0.0341  0.0341  0.0340  0.0341  0.0341  0.0341  0.0340  0.0339  0.0339
  0.0340  0.0339  0.0339  0.0340  0.0340  0.0339  0.0339  0.0340  0.0340  0.0339  0.0339  0.0339
  0.0339  0.0339  0.0339  0.0339  0.0339  0.0339  0.0339  0.0339  0.0339  0.0339  0.0339  0.0339
  0.0339  0.0339  0.0339  0.0339  0.0339  0.0339  0.0339  0.0339  0.0339  0.0339  0.0339  0.0339
  0.0339  0.0339  0.0339  0.0339  0.0339  0.0339  0.0339  0.0339  0.0339  0.0339  0.0339  0.0339
  0.0340  0.0340  0.0339  0.0340  0.0340  0.0339  0.0340  0.0340  0.0340  0.0340  0.0339  0.0339
  0.0341  0.0340  0.0339  0.0341  0.0341  0.0339  0.0341  0.0341  0.0341  0.0341  0.0339  0.0339
   -1.4799   38.9473    0.4854   -8.4408  -18.5500  -13.1028
    2.1297   -2.0446   -1.2507   22.1498    2.1444  -15.4658
eta,q 0.96613  6.98127

---------------------------------------------------------------------
imgreg_4dfp /opt/freesurfer/average/711-2C_as_mni_average_305 /opt/freesurfer/average/711-2B_as_mni_average_305_mask talsrcimg_g11 none talsrcimg_to_711-2C_as_mni_average_305_t4 2311
---------------------------------------------------------------------

freesurfer imgreg_4dfp.c
/opt/freesurfer/average/711-2C_as_mni_average_305.4dfp.img
       256       256       256         1
  1.000000  1.000000  1.000000
orientation T byte_order littleendian
Reading image: /opt/freesurfer/average/711-2C_as_mni_average_305.4dfp.img
dimensions:      256       256       256
mmppix:       1.0000   -1.0000   -1.0000
center:     128.0000 -129.0000 -129.0000
/opt/freesurfer/average/711-2B_as_mni_average_305_mask.4dfp.img
       256       256       256         1
  1.000000  1.000000  1.000000
orientation T byte_order littleendian
Reading mask: /opt/freesurfer/average/711-2B_as_mni_average_305_mask.4dfp.img (2306576 pixels)
talsrcimg_g11.4dfp.img
       256       256       256         1
  1.000000  1.000000  1.000000
orientation T byte_order littleendian
Reading image: talsrcimg_g11.4dfp.img
dimensions:      256       256       256
mmppix:       1.0000   -1.0000   -1.0000
center:     128.0000 -129.0000 -129.0000
fimgreg.f
image alignment mode   2311 decimal      907 hex
parameters
   -1.4799   38.9473    0.4854   -8.4408  -18.5500  -13.1028
    2.1297   -2.0446   -1.2507   22.1498    2.1444  -15.4658
eta,q 0.96613  6.98127
niter,ni,del,rscale     5    3    5.0000    0.8000
parameters
   -1.4624   38.9593    0.5018   -8.3302  -18.6126  -12.9036
    2.1912   -2.0393   -1.2600   22.0517    2.1137  -15.5043
eta,q 0.96613  6.98327
  0.0346  0.0345  0.0341  0.0346  0.0346  0.0342  0.0346  0.0348  0.0346  0.0345  0.0341  0.0341
  0.0342  0.0341  0.0340  0.0342  0.0342  0.0340  0.0342  0.0343  0.0342  0.0342  0.0340  0.0340
  0.0340  0.0339  0.0339  0.0340  0.0340  0.0339  0.0339  0.0340  0.0339  0.0339  0.0339  0.0339
  0.0339  0.0339  0.0339  0.0339  0.0339  0.0339  0.0339  0.0339  0.0339  0.0339  0.0339  0.0339
  0.0340  0.0339  0.0339  0.0340  0.0340  0.0339  0.0340  0.0340  0.0340  0.0340  0.0339  0.0339
  0.0342  0.0341  0.0340  0.0342  0.0342  0.0340  0.0342  0.0343  0.0342  0.0342  0.0340  0.0340
  0.0346  0.0345  0.0341  0.0345  0.0347  0.0341  0.0346  0.0348  0.0346  0.0346  0.0341  0.0341
niter,ni,del,rscale     4    3    5.0000    0.7000
parameters
   -1.4751   38.9363    0.5600   -8.3506  -18.5519  -12.6990
    2.1864   -2.0413   -1.2385   21.9799    2.1037  -15.5766
eta,q 0.96613  6.98642
  0.0344  0.0343  0.0341  0.0344  0.0345  0.0341  0.0344  0.0346  0.0344  0.0344  0.0341  0.0341
  0.0341  0.0341  0.0340  0.0341  0.0342  0.0340  0.0341  0.0342  0.0341  0.0341  0.0340  0.0340
  0.0339  0.0339  0.0339  0.0339  0.0340  0.0339  0.0339  0.0339  0.0339  0.0339  0.0339  0.0339
  0.0339  0.0339  0.0339  0.0339  0.0339  0.0339  0.0339  0.0339  0.0339  0.0339  0.0339  0.0339
  0.0339  0.0339  0.0339  0.0339  0.0339  0.0339  0.0339  0.0339  0.0339  0.0339  0.0339  0.0339
  0.0341  0.0341  0.0339  0.0341  0.0341  0.0340  0.0341  0.0342  0.0341  0.0341  0.0340  0.0340
  0.0344  0.0343  0.0341  0.0344  0.0345  0.0341  0.0344  0.0346  0.0344  0.0345  0.0341  0.0341
niter,ni,del,rscale     3    3    5.0000    0.6000
parameters
   -1.4821   38.9025    0.6104   -8.3681  -18.5005  -12.5566
    2.1655   -2.0477   -1.2392   21.9207    2.1162  -15.6109
eta,q 0.96613  6.98880
  0.0343  0.0342  0.0340  0.0343  0.0343  0.0340  0.0343  0.0344  0.0343  0.0343  0.0340  0.0340
  0.0341  0.0340  0.0339  0.0340  0.0341  0.0339  0.0340  0.0341  0.0341  0.0341  0.0339  0.0339
  0.0339  0.0339  0.0339  0.0339  0.0339  0.0339  0.0339  0.0339  0.0339  0.0339  0.0339  0.0339
  0.0339  0.0339  0.0339  0.0339  0.0339  0.0339  0.0339  0.0339  0.0339  0.0339  0.0339  0.0339
  0.0339  0.0339  0.0339  0.0339  0.0339  0.0339  0.0339  0.0339  0.0339  0.0339  0.0339  0.0339
  0.0341  0.0340  0.0339  0.0341  0.0341  0.0339  0.0341  0.0341  0.0341  0.0341  0.0339  0.0339
  0.0343  0.0342  0.0340  0.0343  0.0343  0.0340  0.0343  0.0344  0.0343  0.0343  0.0340  0.0340
niter,ni,del,rscale     2    3    5.0000    0.5000
parameters
   -1.4778   38.8810    0.6317   -8.3924  -18.4485  -12.4659
    2.1132   -2.0502   -1.2208   21.8769    2.1232  -15.6512
eta,q 0.96613  6.99038
  0.0342  0.0341  0.0340  0.0342  0.0342  0.0340  0.0342  0.0342  0.0342  0.0342  0.0340  0.0340
  0.0340  0.0340  0.0339  0.0340  0.0340  0.0339  0.0340  0.0340  0.0340  0.0340  0.0339  0.0339
  0.0339  0.0339  0.0339  0.0339  0.0339  0.0339  0.0339  0.0339  0.0339  0.0339  0.0339  0.0339
  0.0339  0.0339  0.0339  0.0339  0.0339  0.0339  0.0339  0.0339  0.0339  0.0339  0.0339  0.0339
  0.0339  0.0339  0.0339  0.0339  0.0339  0.0339  0.0339  0.0339  0.0339  0.0339  0.0339  0.0339
  0.0340  0.0340  0.0339  0.0340  0.0340  0.0339  0.0340  0.0340  0.0340  0.0340  0.0339  0.0339
  0.0341  0.0341  0.0340  0.0342  0.0342  0.0340  0.0342  0.0342  0.0342  0.0342  0.0340  0.0340
niter,ni,del,rscale     1    3    5.0000    0.4000
parameters
   -1.4765   38.8627    0.6526   -8.4432  -18.4229  -12.4302
    2.0911   -2.0373   -1.2189   21.8415    2.1329  -15.6989
eta,q 0.96613  6.98958
  0.0341  0.0340  0.0339  0.0341  0.0341  0.0339  0.0341  0.0341  0.0341  0.0341  0.0339  0.0339
  0.0340  0.0339  0.0339  0.0339  0.0340  0.0339  0.0339  0.0340  0.0340  0.0340  0.0339  0.0339
  0.0339  0.0339  0.0339  0.0339  0.0339  0.0339  0.0339  0.0339  0.0339  0.0339  0.0339  0.0339
  0.0339  0.0339  0.0339  0.0339  0.0339  0.0339  0.0339  0.0339  0.0339  0.0339  0.0339  0.0339
  0.0339  0.0339  0.0339  0.0339  0.0339  0.0339  0.0339  0.0339  0.0339  0.0339  0.0339  0.0339
  0.0340  0.0340  0.0339  0.0340  0.0340  0.0339  0.0340  0.0340  0.0340  0.0340  0.0339  0.0339
  0.0340  0.0340  0.0339  0.0341  0.0341  0.0339  0.0341  0.0341  0.0341  0.0341  0.0339  0.0339
registration optimization eta report
parameter search radius
    0.8000    0.8000    0.8000    2.4000    2.4000    2.4000
    2.4000    2.4000    2.4000    2.4000    2.4000    2.4000
100000*second partial in parameter space
       28.       24.       10.        3.        4.        1.
        3.        4.        3.        3.        1.        1.
  0.0341  0.0340  0.0339  0.0341  0.0341  0.0339  0.0341  0.0341  0.0341  0.0341  0.0339  0.0339
  0.0340  0.0339  0.0339  0.0339  0.0340  0.0339  0.0339  0.0340  0.0340  0.0340  0.0339  0.0339
  0.0339  0.0339  0.0339  0.0339  0.0339  0.0339  0.0339  0.0339  0.0339  0.0339  0.0339  0.0339
  0.0339  0.0339  0.0339  0.0339  0.0339  0.0339  0.0339  0.0339  0.0339  0.0339  0.0339  0.0339
  0.0339  0.0339  0.0339  0.0339  0.0339  0.0339  0.0339  0.0339  0.0339  0.0339  0.0339  0.0339
  0.0340  0.0340  0.0339  0.0340  0.0340  0.0339  0.0340  0.0340  0.0340  0.0340  0.0339  0.0339
  0.0340  0.0340  0.0339  0.0341  0.0341  0.0339  0.0341  0.0341  0.0341  0.0341  0.0339  0.0339
   -1.4765   38.8627    0.6526   -8.4432  -18.4229  -12.4302
    2.0911   -2.0373   -1.2189   21.8415    2.1329  -15.6989
eta,q 0.96613  6.98958

---------------------------------------------------------------------
compute_vox2vox talsrcimg talsrcimg_to_711-2C_as_mni_average_305_t4 /opt/freesurfer/average/711-2C_as_mni_average_305
---------------------------------------------------------------------

freesurfer compute_vox2vox.c
Reading: talsrcimg.4dfp.ifh
Reading: talsrcimg_to_711-2C_as_mni_average_305_t4
Reading: /opt/freesurfer/average/711-2C_as_mni_average_305.4dfp.ifh
Writing: talsrcimg_to_711-2C_as_mni_average_305_t4_vox2vox.txt

start time Mon Mar 9 21:48:43 CET 2026
end		time Mon Mar 9 21:50:14 CET 2026

mpr2mni305 success

avi2talxfm orig_nu.mgz /opt/freesurfer/average/mni305.cor.mgz talsrcimg_to_711-2C_as_mni_average_305_t4_vox2vox.txt transforms/talairach.auto.xfm
avi2talxfm done
mv -f /out/sourcedata/freesurfer/sub-v1s2x0051475_ses-1/mri/talsrcimg_to_711-2C_as_mni_average_305_t4_vox2vox.txt /out/sourcedata/freesurfer/sub-v1s2x0051475_ses-1/mri/transforms/talsrcimg_to_711-2C_as_mni_average_305_t4_vox2vox.txt
lta_convert --src orig_nu.mgz --trg /opt/freesurfer/average/mni305.cor.mgz --inxfm transforms/talairach.auto.xfm --outlta transforms/talairach.auto.xfm.lta --subject fsaverage
7.3.2

--src: orig_nu.mgz src image (geometry).
--trg: /opt/freesurfer/average/mni305.cor.mgz trg image (geometry).
--inmni: transforms/talairach.auto.xfm input MNI/XFM transform.
--outlta: transforms/talairach.auto.xfm.lta output LTA.
--s: fsaverage subject name
 LTA read, type : 1
 1.09121   0.03088  -0.02203  -1.77785;
-0.02257   1.08901   0.21015  -72.36939;
 0.02235  -0.29111   1.16924  -9.83739;
 0.00000   0.00000   0.00000   1.00000;
setting subject to fsaverage
Writing  LTA to file transforms/talairach.auto.xfm.lta...
lta_convert successful.
 
 
Started at Mon Mar 9 21:48:43 CET 2026
Ended   at Mon Mar  9 21:50:14 CET 2026
talairach_avi done
