/out/sourcedata/freesurfer/sub-v1s2x0051466_ses-1/mri
/opt/freesurfer/bin/talairach_avi
--i orig_nu.mgz --xfm transforms/talairach.auto.xfm
talairach_avi 7.3.2
Linux dna049 5.14.0-427.37.1.el9_4.x86_64 #1 SMP PREEMPT_DYNAMIC Fri Sep 13 12:41:50 EDT 2024 x86_64 x86_64 x86_64 GNU/Linux
Mon Mar  9 21:33:11 CET 2026
mri_convert orig_nu.mgz talsrcimg.img 
reading from orig_nu.mgz...
TR=0.00, TE=0.00, TI=0.00, flip angle=0.00
i_ras = (-1, 0, 0)
j_ras = (0, 0, -1)
k_ras = (0, 1, 0)
writing to talsrcimg.img...
Analyze Output Matrix
-1.00000   0.00000   0.00000   126.11017;
 0.00000   0.00000   1.00000  -69.01695;
 0.00000  -1.00000   0.00000   104.23729;
 0.00000   0.00000   0.00000   1.00000;
--------------------
INFO: set hdr.hist.orient to -1
mpr2mni305 talsrcimg
Mon Mar  9 21:33:11 CET 2026
/opt/freesurfer/bin/mpr2mni305 talsrcimg
mpr2mni305 7.3.2
target=711-2C_as_mni_average_305

---------------------------------------------------------------------
analyzeto4dfp talsrcimg -O0 -y
---------------------------------------------------------------------

freesurfer ifh2hdr.c
Mon Mar  9 21:33:12 2026
Writing: talsrcimg.4dfp.hdr
freesurfer analyzeto4dfp.c
Reading: talsrcimg.hdr
header size 348 bytes
hdr.dime.datatype	offset=70	value=2
hdr.dime.bitpix		offset=72	value=8
hdr.hist.orient		offset=252	value=-1
dimensionality     4
dimensions       256       256       256         1
Reading: talsrcimg.img
Writing: talsrcimg.4dfp.img
Writing: talsrcimg.4dfp.ifh
ifh2hdr talsrcimg -r0to217
ori=2

---------------------------------------------------------------------
gauss_4dfp talsrcimg 1.1
---------------------------------------------------------------------

freesurfer gauss_4dfp.c
Reading: talsrcimg.4dfp.img
Writing: talsrcimg_g11.4dfp.img
image dimensions 256 256 256 padded to 288 288 288
processing volume 1freesurfer ifh2hdr.c
Mon Mar  9 21:33:13 2026
Writing: talsrcimg_g11.4dfp.hdr

Writing: talsrcimg_g11.4dfp.ifh
including: talsrcimg.4dfp.img.rec in talsrcimg_g11.4dfp.img.rec

---------------------------------------------------------------------
imgreg_4dfp /opt/freesurfer/average/711-2C_as_mni_average_305 none talsrcimg_g11 none talsrcimg_to_711-2C_as_mni_average_305_t4 4355
---------------------------------------------------------------------

freesurfer imgreg_4dfp.c
/opt/freesurfer/average/711-2C_as_mni_average_305.4dfp.img
       256       256       256         1
  1.000000  1.000000  1.000000
orientation T byte_order littleendian
Reading image: /opt/freesurfer/average/711-2C_as_mni_average_305.4dfp.img
dimensions:      256       256       256
mmppix:       1.0000   -1.0000   -1.0000
center:     128.0000 -129.0000 -129.0000
talsrcimg_g11.4dfp.img
       256       256       256         1
  1.000000  1.000000  1.000000
orientation T byte_order littleendian
Reading image: talsrcimg_g11.4dfp.img
dimensions:      256       256       256
mmppix:       1.0000   -1.0000   -1.0000
center:     128.0000 -129.0000 -129.0000
t4_read: open error in t4_sub.f l:  41 t4_file(1:l)talsrcimg_to_711-2C_as_mni_average_305_t4 
t4_read: transform initialized to I4
rotation matrix determinant  1.000000
image alignment mode   4355 decimal     1103 hex
   -7.5000  -45.0000  -45.0000 6744.6343   14.6855
    0.0000  -45.0000  -45.0000 6984.5088   14.6861
    7.5000  -45.0000  -45.0000 6620.7095   14.6691
   -7.5000  -37.5000  -45.0000 7368.7661   14.2349
    0.0000  -37.5000  -45.0000 7620.7051   14.2302
    7.5000  -37.5000  -45.0000 7218.1118   14.2117
   -7.5000  -30.0000  -45.0000 8331.0254   13.9352
    0.0000  -30.0000  -45.0000 8603.0010   13.9307
    7.5000  -30.0000  -45.0000 8141.8350   13.9165
   -7.5000  -22.5000  -45.0000 9370.1807   13.7332
    0.0000  -22.5000  -45.0000 9666.4980   13.7333
    7.5000  -22.5000  -45.0000 9145.5674   13.7232
   -7.5000  -15.0000  -45.000010414.4883   13.6175
    0.0000  -15.0000  -45.000010772.4355   13.6207
    7.5000  -15.0000  -45.000010187.3770   13.6126
   -7.5000   -7.5000  -45.000011415.4102   13.5889
    0.0000   -7.5000  -45.000011827.5830   13.5909
    7.5000   -7.5000  -45.000011208.2227   13.5800
   -7.5000    0.0000  -45.000012346.0107   13.5976
    0.0000    0.0000  -45.000012818.9873   13.5959
    7.5000    0.0000  -45.000012149.3047   13.5818
   -7.5000    7.5000  -45.000012295.4365   13.6068
    0.0000    7.5000  -45.000012778.9697   13.6025
    7.5000    7.5000  -45.000012134.4268   13.5876
   -7.5000   15.0000  -45.000012169.9248   13.6008
    0.0000   15.0000  -45.000012625.5918   13.5970
    7.5000   15.0000  -45.000012005.7178   13.5836
   -7.5000   22.5000  -45.000012006.8896   13.5796
    0.0000   22.5000  -45.000012470.7285   13.5799
    7.5000   22.5000  -45.000011848.6973   13.5701
   -7.5000   30.0000  -45.000011695.4932   13.3908
    0.0000   30.0000  -45.000012143.0859   13.3941
    7.5000   30.0000  -45.000011535.4414   13.3861
   -7.5000   37.5000  -45.000011521.6953   13.3990
    0.0000   37.5000  -45.000011967.6670   13.4010
    7.5000   37.5000  -45.000011359.9697   13.3902
   -7.5000   45.0000  -45.000010964.7725   13.0758
    0.0000   45.0000  -45.000011363.9355   13.0741
    7.5000   45.0000  -45.000010772.4141   13.0605
   -7.5000  -45.0000  -37.5000 7015.0679   14.6705
    0.0000  -45.0000  -37.5000 7251.6250   14.6653
    7.5000  -45.0000  -37.5000 6870.5889   14.6457
   -7.5000  -37.5000  -37.5000 7674.5801   14.2174
    0.0000  -37.5000  -37.5000 7928.2085   14.2090
    7.5000  -37.5000  -37.5000 7502.8428   14.1881
   -7.5000  -30.0000  -37.5000 8686.3379   13.9217
    0.0000  -30.0000  -37.5000 8968.1543   13.9141
    7.5000  -30.0000  -37.5000 8487.0332   13.8973
   -7.5000  -22.5000  -37.5000 9793.8848   13.7287
    0.0000  -22.5000  -37.500010113.4072   13.7243
    7.5000  -22.5000  -37.5000 9562.5518   13.7104
   -7.5000  -15.0000  -37.500010889.8701   13.6170
    0.0000  -15.0000  -37.500011259.5391   13.6150
    7.5000  -15.0000  -37.500010659.4268   13.6023
   -7.5000   -7.5000  -37.500011897.8877   13.5838
    0.0000   -7.5000  -37.500012343.8564   13.5804
    7.5000   -7.5000  -37.500011711.1602   13.5656
   -7.5000    0.0000  -37.500012874.4238   13.5856
    0.0000    0.0000  -37.500013379.0361   13.5792
    7.5000    0.0000  -37.500012709.1387   13.5623
   -7.5000    7.5000  -37.500012836.6602   13.5921
    0.0000    7.5000  -37.500013361.3350   13.5845
    7.5000    7.5000  -37.500012688.2627   13.5675
   -7.5000   15.0000  -37.500012654.1611   13.5890
    0.0000   15.0000  -37.500013156.4346   13.5824
    7.5000   15.0000  -37.500012506.7090   13.5666
   -7.5000   22.5000  -37.500012491.4912   13.5752
    0.0000   22.5000  -37.500012990.7617   13.5712
    7.5000   22.5000  -37.500012345.8906   13.5577
   -7.5000   30.0000  -37.500012165.4287   13.3903
    0.0000   30.0000  -37.500012635.9189   13.3884
    7.5000   30.0000  -37.500012006.8887   13.3760
   -7.5000   37.5000  -37.500012000.6621   13.3940
    0.0000   37.5000  -37.500012469.4863   13.3907
    7.5000   37.5000  -37.500011839.0010   13.3761
   -7.5000   45.0000  -37.500011373.7188   13.0641
    0.0000   45.0000  -37.500011813.1270   13.0581
    7.5000   45.0000  -37.500011220.4873   13.0417
   -7.5000  -45.0000  -30.0000 7378.1938   15.2767
    0.0000  -45.0000  -30.0000 7630.7920   15.2697
    7.5000  -45.0000  -30.0000 7235.2314   15.2529
   -7.5000  -37.5000  -30.0000 8075.4492   14.8016
    0.0000  -37.5000  -30.0000 8348.9141   14.7928
    7.5000  -37.5000  -30.0000 7915.5527   14.7752
   -7.5000  -30.0000  -30.0000 9150.0293   14.4945
    0.0000  -30.0000  -30.0000 9467.4111   14.4895
    7.5000  -30.0000  -30.0000 8979.9902   14.4769
   -7.5000  -22.5000  -30.000010315.3232   14.2968
    0.0000  -22.5000  -30.000010689.7012   14.2967
    7.5000  -22.5000  -30.000010128.5479   14.2870
   -7.5000  -15.0000  -30.000011474.8369   14.1820
    0.0000  -15.0000  -30.000011881.5928   14.1834
    7.5000  -15.0000  -30.000011279.4561   14.1742
   -7.5000   -7.5000  -30.000012553.5527   14.1451
    0.0000   -7.5000  -30.000013039.8564   14.1420
    7.5000   -7.5000  -30.000012403.0820   14.1296
   -7.5000    0.0000  -30.000013609.1406   14.1444
    0.0000    0.0000  -30.000014162.9268   14.1363
    7.5000    0.0000  -30.000013481.4033   14.1213
   -7.5000    7.5000  -30.000013592.2529   14.1502
    0.0000    7.5000  -30.000014167.1699   14.1424
    7.5000    7.5000  -30.000013472.8164   14.1282
   -7.5000   15.0000  -30.000013363.5957   14.1482
    0.0000   15.0000  -30.000013927.1104   14.1440
    7.5000   15.0000  -30.000013248.0762   14.1322
   -7.5000   22.5000  -30.000013183.9541   14.1356
    0.0000   22.5000  -30.000013733.7412   14.1358
    7.5000   22.5000  -30.000013061.1143   14.1264
   -7.5000   30.0000  -30.000012838.3965   13.9472
    0.0000   30.0000  -30.000013368.9385   13.9487
    7.5000   30.0000  -30.000012702.3076   13.9397
   -7.5000   37.5000  -30.000012680.1924   13.9488
    0.0000   37.5000  -30.000013212.9912   13.9458
    7.5000   37.5000  -30.000012545.7373   13.9335
   -7.5000   45.0000  -30.000011971.3799   13.6115
    0.0000   45.0000  -30.000012486.4180   13.6037
    7.5000   45.0000  -30.000011867.3057   13.5893
   -7.5000  -45.0000  -22.5000 7714.2026   15.7972
    0.0000  -45.0000  -22.5000 7988.0322   15.7963
    7.5000  -45.0000  -22.5000 7589.9116   15.7863
   -7.5000  -37.5000  -22.5000 8452.7959   15.3091
    0.0000  -37.5000  -22.5000 8742.3213   15.3048
    7.5000  -37.5000  -22.5000 8311.9141   15.2937
   -7.5000  -30.0000  -22.5000 9593.3184   14.9901
    0.0000  -30.0000  -22.5000 9924.9316   14.9910
    7.5000  -30.0000  -22.5000 9442.5039   14.9862
   -7.5000  -22.5000  -22.500010803.1943   14.7789
    0.0000  -22.5000  -22.500011183.2598   14.7877
    7.5000  -22.5000  -22.500010648.9424   14.7873
   -7.5000  -15.0000  -22.500012035.8623   14.6558
    0.0000  -15.0000  -22.500012454.9551   14.6668
    7.5000  -15.0000  -22.500011872.1191   14.6671
   -7.5000   -7.5000  -22.500013221.0264   14.6206
    0.0000   -7.5000  -22.500013713.0605   14.6248
    7.5000   -7.5000  -22.500013076.4893   14.6201
   -7.5000    0.0000  -22.500014322.8984   14.6263
    0.0000    0.0000  -22.500014910.8574   14.6228
    7.5000    0.0000  -22.500014239.0273   14.6137
   -7.5000    7.5000  -22.500014306.9492   14.6357
    0.0000    7.5000  -22.500014930.1533   14.6318
    7.5000    7.5000  -22.500014247.7656   14.6235
   -7.5000   15.0000  -22.500014076.1260   14.6316
    0.0000   15.0000  -22.500014707.7256   14.6332
    7.5000   15.0000  -22.500014030.8711   14.6287
   -7.5000   22.5000  -22.500013824.1318   14.6112
    0.0000   22.5000  -22.500014448.9375   14.6202
    7.5000   22.5000  -22.500013774.6738   14.6200
   -7.5000   30.0000  -22.500013460.9922   14.4153
    0.0000   30.0000  -22.500014057.5684   14.4263
    7.5000   30.0000  -22.500013393.4199   14.4267
   -7.5000   37.5000  -22.500013322.9902   14.4198
    0.0000   37.5000  -22.500013923.3486   14.4240
    7.5000   37.5000  -22.500013237.5137   14.4195
   -7.5000   45.0000  -22.500012553.9092   14.0859
    0.0000   45.0000  -22.500013133.0840   14.0825
    7.5000   45.0000  -22.500012489.1055   14.0737
   -7.5000  -45.0000  -15.0000 8022.1191   16.1789
    0.0000  -45.0000  -15.0000 8306.3467   16.1852
    7.5000  -45.0000  -15.0000 7928.8086   16.1774
   -7.5000  -37.5000  -15.0000 8807.8105   15.6833
    0.0000  -37.5000  -15.0000 9119.0186   15.6836
    7.5000  -37.5000  -15.0000 8706.1084   15.6743
   -7.5000  -30.0000  -15.000010006.3770   15.3533
    0.0000  -30.0000  -15.000010377.5742   15.3575
    7.5000  -30.0000  -15.0000 9899.4922   15.3553
   -7.5000  -22.5000  -15.000011284.4316   15.1282
    0.0000  -22.5000  -15.000011696.7773   15.1416
    7.5000  -22.5000  -15.000011181.5156   15.1456
   -7.5000  -15.0000  -15.000012582.0898   14.9979
    0.0000  -15.0000  -15.000013040.6211   15.0151
    7.5000  -15.0000  -15.000012470.1484   15.0207
   -7.5000   -7.5000  -15.000013839.5234   14.9676
    0.0000   -7.5000  -15.000014393.8789   14.9783
    7.5000   -7.5000  -15.000013756.8721   14.9780
   -7.5000    0.0000  -15.000014976.2666   14.9813
    0.0000    0.0000  -15.000015627.3076   14.9836
    7.5000    0.0000  -15.000014952.4238   14.9772
   -7.5000    7.5000  -15.000014955.5098   14.9936
    0.0000    7.5000  -15.000015655.0283   14.9937
    7.5000    7.5000  -15.000014955.4482   14.9871
   -7.5000   15.0000  -15.000014803.6807   14.9856
    0.0000   15.0000  -15.000015520.1406   14.9904
    7.5000   15.0000  -15.000014748.0332   14.9883
   -7.5000   22.5000  -15.000014553.3574   14.9558
    0.0000   22.5000  -15.000015244.2471   14.9694
    7.5000   22.5000  -15.000014499.0742   14.9735
   -7.5000   30.0000  -15.000014128.6816   14.7539
    0.0000   30.0000  -15.000014779.8760   14.7710
    7.5000   30.0000  -15.000014068.2070   14.7766
   -7.5000   37.5000  -15.000013976.9141   14.7641
    0.0000   37.5000  -15.000014612.7803   14.7747
    7.5000   37.5000  -15.000013880.6826   14.7745
   -7.5000   45.0000  -15.000013150.6826   14.4365
    0.0000   45.0000  -15.000013741.5322   14.4387
    7.5000   45.0000  -15.000013044.5967   14.4325
   -7.5000  -45.0000   -7.5000 8327.6641   16.3707
    0.0000  -45.0000   -7.5000 8628.9150   16.3769
    7.5000  -45.0000   -7.5000 8225.7246   16.3647
   -7.5000  -37.5000   -7.5000 9165.8408   15.8698
    0.0000  -37.5000   -7.5000 9513.4062   15.8692
    7.5000  -37.5000   -7.5000 9098.1924   15.8555
   -7.5000  -30.0000   -7.500010436.8252   15.5339
    0.0000  -30.0000   -7.500010847.3018   15.5353
    7.5000  -30.0000   -7.500010373.5420   15.5280
   -7.5000  -22.5000   -7.500011772.8184   15.3046
    0.0000  -22.5000   -7.500012237.7520   15.3140
    7.5000  -22.5000   -7.500011726.6338   15.3127
   -7.5000  -15.0000   -7.500013133.9502   15.1738
    0.0000  -15.0000   -7.500013672.7568   15.1874
    7.5000  -15.0000   -7.500013102.0938   15.1884
   -7.5000   -7.5000   -7.500014496.5430   15.1458
    0.0000   -7.5000   -7.500015153.4502   15.1549
    7.5000   -7.5000   -7.500014488.9189   15.1509
   -7.5000    0.0000   -7.500015702.9727   15.1606
    0.0000    0.0000   -7.500016445.4492   15.1629
    7.5000    0.0000   -7.500015739.3105   15.1531
   -7.5000    7.5000   -7.500015738.7275   15.1716
    0.0000    7.5000   -7.500016423.3477   15.1709
    7.5000    7.5000   -7.500015662.1299   15.1604
   -7.5000   15.0000   -7.500015699.3477   15.1618
    0.0000   15.0000   -7.500016390.5117   15.1638
    7.5000   15.0000   -7.500015462.4775   15.1568
   -7.5000   22.5000   -7.500015541.1133   15.1287
    0.0000   22.5000   -7.500016211.1924   15.1382
    7.5000   22.5000   -7.500015297.0488   15.1372
   -7.5000   30.0000   -7.500015048.0264   14.9266
    0.0000   30.0000   -7.500015689.4971   14.9401
    7.5000   30.0000   -7.500014847.5049   14.9412
   -7.5000   37.5000   -7.500014802.4287   14.9395
    0.0000   37.5000   -7.500015404.3848   14.9486
    7.5000   37.5000   -7.500014592.4824   14.9446
   -7.5000   45.0000   -7.500013849.2734   14.6119
    0.0000   45.0000   -7.500014411.3428   14.6142
    7.5000   45.0000   -7.500013640.0684   14.6048
   -7.5000  -45.0000    0.0000 8500.7236   16.3989
    0.0000  -45.0000    0.0000 8853.5146   16.3993
    7.5000  -45.0000    0.0000 8384.6094   16.3805
   -7.5000  -37.5000    0.0000 9440.3887   15.8958
    0.0000  -37.5000    0.0000 9843.0078   15.8903
    7.5000  -37.5000    0.0000 9329.3018   15.8700
   -7.5000  -30.0000    0.000010802.8818   15.5612
    0.0000  -30.0000    0.000011277.9932   15.5561
    7.5000  -30.0000    0.000010729.0986   15.5406
   -7.5000  -22.5000    0.000012224.4795   15.3364
    0.0000  -22.5000    0.000012762.1182   15.3365
    7.5000  -22.5000    0.000012159.1357   15.3256
   -7.5000  -15.0000    0.000013695.7021   15.2082
    0.0000  -15.0000    0.000014315.7646   15.2120
    7.5000  -15.0000    0.000013626.6436   15.2032
   -7.5000   -7.5000    0.000015156.6084   15.1769
    0.0000   -7.5000    0.000015864.9609   15.1791
    7.5000   -7.5000    0.000015057.9629   15.1671
   -7.5000    0.0000    0.000016486.0586   15.1864
    0.0000    0.0000    0.000017201.6230   15.1843
    7.5000    0.0000    0.000016332.2441   15.1687
   -7.5000    7.5000    0.000016540.3887   15.1958
    0.0000    7.5000    0.000017125.4590   15.1908
    7.5000    7.5000    0.000016220.5293   15.1744
   -7.5000   15.0000    0.000016477.4082   15.1885
    0.0000   15.0000    0.000017130.0254   15.1843
    7.5000   15.0000    0.000016016.3623   15.1696
   -7.5000   22.5000    0.000016364.8760   15.1603
    0.0000   22.5000    0.000017092.8398   15.1607
    7.5000   22.5000    0.000015906.7754   15.1501
   -7.5000   30.0000    0.000015913.6172   14.9610
    0.0000   30.0000    0.000016569.0762   14.9648
    7.5000   30.0000    0.000015454.9727   14.9562
   -7.5000   37.5000    0.000015569.8066   14.9707
    0.0000   37.5000    0.000016155.8525   14.9728
    7.5000   37.5000    0.000015181.3760   14.9611
   -7.5000   45.0000    0.000014439.7930   14.6380
    0.0000   45.0000    0.000014988.9443   14.6359
    7.5000   45.0000    0.000014193.3027   14.6209
   -7.5000  -45.0000    7.5000 8003.8511   16.4150
    0.0000  -45.0000    7.5000 8302.8740   16.4092
    7.5000  -45.0000    7.5000 7830.5884   16.3872
   -7.5000  -37.5000    7.5000 8961.5664   15.9080
    0.0000  -37.5000    7.5000 9286.3545   15.8986
    7.5000  -37.5000    7.5000 8770.2178   15.8754
   -7.5000  -30.0000    7.500010316.0537   15.5773
    0.0000  -30.0000    7.500010718.4189   15.5688
    7.5000  -30.0000    7.500010124.1416   15.5500
   -7.5000  -22.5000    7.500011708.9844   15.3614
    0.0000  -22.5000    7.500012172.2920   15.3565
    7.5000  -22.5000    7.500011479.8828   15.3410
   -7.5000  -15.0000    7.500013129.6133   15.2365
    0.0000  -15.0000    7.500013680.2744   15.2341
    7.5000  -15.0000    7.500012881.5039   15.2200
   -7.5000   -7.5000    7.500014531.6641   15.1992
    0.0000   -7.5000    7.500015174.3252   15.1954
    7.5000   -7.5000    7.500014275.7451   15.1788
   -7.5000    0.0000    7.500015831.2432   15.2011
    0.0000    0.0000    7.500016491.0703   15.1940
    7.5000    0.0000    7.500015510.5742   15.1751
   -7.5000    7.5000    7.500015864.0918   15.2084
    0.0000    7.5000    7.500016449.0215   15.2000
    7.5000    7.5000    7.500015491.4014   15.1810
   -7.5000   15.0000    7.500015669.5059   15.2051
    0.0000   15.0000    7.500016327.5449   15.1977
    7.5000   15.0000    7.500015356.5117   15.1800
   -7.5000   22.5000    7.500015466.8457   15.1848
    0.0000   22.5000    7.500016040.5234   15.1803
    7.5000   22.5000    7.500015106.4443   15.1652
   -7.5000   30.0000    7.500015014.4326   14.9886
    0.0000   30.0000    7.500015495.3105   14.9864
    7.5000   30.0000    7.500014640.1006   14.9727
   -7.5000   37.5000    7.500014738.1445   14.9927
    0.0000   37.5000    7.500015256.3418   14.9889
    7.5000   37.5000    7.500014459.7344   14.9726
   -7.5000   45.0000    7.500013793.5791   14.6521
    0.0000   45.0000    7.500014325.4600   14.6453
    7.5000   45.0000    7.500013633.7725   14.6270
   -7.5000  -45.0000   15.0000 7363.9341   16.4495
    0.0000  -45.0000   15.0000 7621.2168   16.4421
    7.5000  -45.0000   15.0000 7172.6626   16.4244
   -7.5000  -37.5000   15.0000 8262.2471   15.9395
    0.0000  -37.5000   15.0000 8574.6748   15.9301
    7.5000  -37.5000   15.0000 8077.2568   15.9114
   -7.5000  -30.0000   15.0000 9546.4980   15.6106
    0.0000  -30.0000   15.0000 9930.0654   15.6052
    7.5000  -30.0000   15.0000 9353.1426   15.5919
   -7.5000  -22.5000   15.000010870.0371   15.3994
    0.0000  -22.5000   15.000011304.9932   15.3995
    7.5000  -22.5000   15.000010659.6748   15.3893
   -7.5000  -15.0000   15.000012194.0840   15.2753
    0.0000  -15.0000   15.000012709.4795   15.2770
    7.5000  -15.0000   15.000011969.6719   15.2672
   -7.5000   -7.5000   15.000013485.6836   15.2353
    0.0000   -7.5000   15.000014088.3672   15.2321
    7.5000   -7.5000   15.000013279.3818   15.2190
   -7.5000    0.0000   15.000014690.9639   15.2346
    0.0000    0.0000   15.000015309.1191   15.2260
    7.5000    0.0000   15.000014455.1201   15.2101
   -7.5000    7.5000   15.000014685.9971   15.2412
    0.0000    7.5000   15.000015267.7686   15.2328
    7.5000    7.5000   15.000014479.0186   15.2178
   -7.5000   15.0000   15.000014480.8906   15.2391
    0.0000   15.0000   15.000015084.9561   15.2347
    7.5000   15.0000   15.000014341.8486   15.2222
   -7.5000   22.5000   15.000014261.0625   15.2219
    0.0000   22.5000   15.000014742.3428   15.2223
    7.5000   22.5000   15.000014043.2119   15.2125
   -7.5000   30.0000   15.000013859.4541   15.0266
    0.0000   30.0000   15.000014296.5586   15.0284
    7.5000   30.0000   15.000013635.8809   15.0189
   -7.5000   37.5000   15.000013676.6084   15.0283
    0.0000   37.5000   15.000014163.8008   15.0251
    7.5000   37.5000   15.000013538.0107   15.0122
   -7.5000   45.0000   15.000012905.6807   14.6844
    0.0000   45.0000   15.000013387.5498   14.6761
    7.5000   45.0000   15.000012808.4512   14.6608
   -7.5000  -45.0000   22.5000 6647.8745   16.6163
    0.0000  -45.0000   22.5000 6909.6875   16.6153
    7.5000  -45.0000   22.5000 6519.8086   16.6051
   -7.5000  -37.5000   22.5000 7481.5352   16.1018
    0.0000  -37.5000   22.5000 7797.7466   16.0972
    7.5000  -37.5000   22.5000 7354.6050   16.0858
   -7.5000  -30.0000   22.5000 8689.3184   15.7671
    0.0000  -30.0000   22.5000 9045.1846   15.7682
    7.5000  -30.0000   22.5000 8557.1992   15.7633
   -7.5000  -22.5000   22.5000 9908.4531   15.5475
    0.0000  -22.5000   22.500010317.3672   15.5570
    7.5000  -22.5000   22.5000 9774.9014   15.5568
   -7.5000  -15.0000   22.500011119.4092   15.4164
    0.0000  -15.0000   22.500011577.9697   15.4282
    7.5000  -15.0000   22.500010987.7695   15.4288
   -7.5000   -7.5000   22.500012299.3984   15.3793
    0.0000   -7.5000   22.500012824.2217   15.3837
    7.5000   -7.5000   22.500012189.9521   15.3791
   -7.5000    0.0000   22.500013428.1201   15.3858
    0.0000    0.0000   22.500013965.9082   15.3820
    7.5000    0.0000   22.500013282.1953   15.3727
   -7.5000    7.5000   22.500013474.2373   15.3957
    0.0000    7.5000   22.500013996.5537   15.3916
    7.5000    7.5000   22.500013364.6533   15.3830
   -7.5000   15.0000   22.500013350.0488   15.3909
    0.0000   15.0000   22.500013866.0273   15.3927
    7.5000   15.0000   22.500013245.2080   15.3882
   -7.5000   22.5000   22.500013146.2607   15.3666
    0.0000   22.5000   22.500013591.2090   15.3763
    7.5000   22.5000   22.500012984.2188   15.3763
   -7.5000   30.0000   22.500012802.1172   15.1649
    0.0000   30.0000   22.500013230.5059   15.1767
    7.5000   30.0000   22.500012638.6816   15.1773
   -7.5000   37.5000   22.500012725.0332   15.1701
    0.0000   37.5000   22.500013194.1299   15.1746
    7.5000   37.5000   22.500012601.2734   15.1701
   -7.5000   45.0000   22.500012050.5576   14.8301
    0.0000   45.0000   22.500012504.5957   14.8265
    7.5000   45.0000   22.500011956.5020   14.8175
   -7.5000  -45.0000   30.0000 6017.3843   17.0388
    0.0000  -45.0000   30.0000 6277.7676   17.0461
    7.5000  -45.0000   30.0000 5949.7656   17.0382
   -7.5000  -37.5000   30.0000 6784.2383   16.5033
    0.0000  -37.5000   30.0000 7083.9526   16.5041
    7.5000  -37.5000   30.0000 6718.2212   16.4946
   -7.5000  -30.0000   30.0000 7888.2153   16.1530
    0.0000  -30.0000   30.0000 8221.9551   16.1584
    7.5000  -30.0000   30.0000 7823.0288   16.1564
   -7.5000  -22.5000   30.0000 9015.7891   15.9202
    0.0000  -22.5000   30.0000 9419.5029   15.9356
    7.5000  -22.5000   30.0000 8951.9912   15.9403
   -7.5000  -15.0000   30.000010125.6260   15.7813
    0.0000  -15.0000   30.000010580.5566   15.8006
    7.5000  -15.0000   30.000010060.1309   15.8071
   -7.5000   -7.5000   30.000011215.1494   15.7475
    0.0000   -7.5000   30.000011719.3311   15.7594
    7.5000   -7.5000   30.000011146.5518   15.7595
   -7.5000    0.0000   30.000012263.7246   15.7592
    0.0000    0.0000   30.000012779.9600   15.7619
    7.5000    0.0000   30.000012160.4170   15.7553
   -7.5000    7.5000   30.000012340.1631   15.7697
    0.0000    7.5000   30.000012854.3047   15.7702
    7.5000    7.5000   30.000012253.9082   15.7635
   -7.5000   15.0000   30.000012242.8145   15.7616
    0.0000   15.0000   30.000012748.3691   15.7675
    7.5000   15.0000   30.000012156.0742   15.7656
   -7.5000   22.5000   30.000012042.9980   15.7311
    0.0000   22.5000   30.000012496.7666   15.7467
    7.5000   22.5000   30.000011929.7041   15.7516
   -7.5000   30.0000   30.000011743.4336   15.5226
    0.0000   30.0000   30.000012163.9590   15.5417
    7.5000   30.0000   30.000011620.3369   15.5482
   -7.5000   37.5000   30.000011737.7959   15.5331
    0.0000   37.5000   30.000012166.9600   15.5449
    7.5000   37.5000   30.000011615.7686   15.5450
   -7.5000   45.0000   30.000011169.4775   15.1900
    0.0000   45.0000   30.000011590.3838   15.1927
    7.5000   45.0000   30.000011070.9346   15.1863
   -7.5000  -45.0000   37.5000 5679.7603   17.6988
    0.0000  -45.0000   37.5000 5940.3506   17.7059
    7.5000  -45.0000   37.5000 5650.9780   17.6892
   -7.5000  -37.5000   37.5000 6420.9985   17.1256
    0.0000  -37.5000   37.5000 6710.5425   17.1254
    7.5000  -37.5000   37.5000 6375.0039   17.1079
   -7.5000  -30.0000   37.5000 7473.9209   16.7561
    0.0000  -30.0000   37.5000 7812.3271   16.7589
    7.5000  -30.0000   37.5000 7431.1880   16.7492
   -7.5000  -22.5000   37.5000 8564.2373   16.5151
    0.0000  -22.5000   37.5000 8959.5791   16.5270
    7.5000  -22.5000   37.5000 8522.5527   16.5241
   -7.5000  -15.0000   37.5000 9640.5586   16.3713
    0.0000  -15.0000   37.500010073.0205   16.3876
    7.5000  -15.0000   37.5000 9585.8379   16.3868
   -7.5000   -7.5000   37.500010706.0986   16.3316
    0.0000   -7.5000   37.500011163.5918   16.3421
    7.5000   -7.5000   37.500010623.5283   16.3350
   -7.5000    0.0000   37.500011688.7910   16.3362
    0.0000    0.0000   37.500012195.9609   16.3386
    7.5000    0.0000   37.500011623.9990   16.3250
   -7.5000    7.5000   37.500011757.7617   16.3445
    0.0000    7.5000   37.500012264.4893   16.3440
    7.5000    7.5000   37.500011699.1943   16.3302
   -7.5000   15.0000   37.500011683.9229   16.3395
    0.0000   15.0000   37.500012153.6260   16.3428
    7.5000   15.0000   37.500011595.6895   16.3336
   -7.5000   22.5000   37.500011477.9258   16.3135
    0.0000   22.5000   37.500011929.3203   16.3256
    7.5000   22.5000   37.500011369.6074   16.3229
   -7.5000   30.0000   37.500011176.5215   16.1010
    0.0000   30.0000   37.500011607.2598   16.1171
    7.5000   30.0000   37.500011073.3359   16.1164
   -7.5000   37.5000   37.500011196.0459   16.1088
    0.0000   37.5000   37.500011628.6426   16.1192
    7.5000   37.5000   37.500011090.8945   16.1122
   -7.5000   45.0000   37.500010698.4141   15.7462
    0.0000   45.0000   37.500011104.4990   15.7485
    7.5000   45.0000   37.500010595.4785   15.7355
   -7.5000  -45.0000   45.0000 5142.0669   18.4317
    0.0000  -45.0000   45.0000 5377.5151   18.4375
    7.5000  -45.0000   45.0000 5125.0024   18.4212
   -7.5000  -37.5000   45.0000 5832.1860   17.8374
    0.0000  -37.5000   45.0000 6099.6743   17.8360
    7.5000  -37.5000   45.0000 5805.1465   17.8177
   -7.5000  -30.0000   45.0000 6800.7734   17.4494
    0.0000  -30.0000   45.0000 7109.7476   17.4482
    7.5000  -30.0000   45.0000 6785.9922   17.4351
   -7.5000  -22.5000   45.0000 7808.3911   17.1984
    0.0000  -22.5000   45.0000 8142.5278   17.2026
    7.5000  -22.5000   45.0000 7776.4253   17.1938
   -7.5000  -15.0000   45.0000 8798.9219   17.0424
    0.0000  -15.0000   45.0000 9164.9004   17.0504
    7.5000  -15.0000   45.0000 8745.9316   17.0438
   -7.5000   -7.5000   45.0000 9779.6533   16.9865
    0.0000   -7.5000   45.000010181.0576   16.9925
    7.5000   -7.5000   45.0000 9713.3691   16.9827
   -7.5000    0.0000   45.000010680.0400   16.9822
    0.0000    0.0000   45.000011141.5400   16.9834
    7.5000    0.0000   45.000010638.0166   16.9701
   -7.5000    7.5000   45.000010753.3662   16.9951
    0.0000    7.5000   45.000011218.9541   16.9936
    7.5000    7.5000   45.000010715.4053   16.9796
   -7.5000   15.0000   45.000010683.8418   17.0009
    0.0000   15.0000   45.000011123.3564   17.0005
    7.5000   15.0000   45.000010606.4238   16.9880
   -7.5000   22.5000   45.000010465.4824   16.9815
    0.0000   22.5000   45.000010897.5166   16.9860
    7.5000   22.5000   45.000010385.3359   16.9775
   -7.5000   30.0000   45.000010189.7197   16.7567
    0.0000   30.0000   45.000010613.5137   16.7647
    7.5000   30.0000   45.000010122.6357   16.7583
   -7.5000   37.5000   45.000010221.7666   16.7528
    0.0000   37.5000   45.000010650.4434   16.7588
    7.5000   37.5000   45.000010154.4473   16.7491
   -7.5000   45.0000   45.0000 9793.7910   16.3763
    0.0000   45.0000   45.000010194.7354   16.3775
    7.5000   45.0000   45.0000 9720.9688   16.3646

---------------------------------------------------------------------
imgreg_4dfp /opt/freesurfer/average/711-2C_as_mni_average_305 /opt/freesurfer/average/711-2B_as_mni_average_305_mask talsrcimg_g11 none talsrcimg_to_711-2C_as_mni_average_305_t4 4355
---------------------------------------------------------------------

freesurfer imgreg_4dfp.c
/opt/freesurfer/average/711-2C_as_mni_average_305.4dfp.img
       256       256       256         1
  1.000000  1.000000  1.000000
orientation T byte_order littleendian
Reading image: /opt/freesurfer/average/711-2C_as_mni_average_305.4dfp.img
dimensions:      256       256       256
mmppix:       1.0000   -1.0000   -1.0000
center:     128.0000 -129.0000 -129.0000
/opt/freesurfer/average/711-2B_as_mni_average_305_mask.4dfp.img
       256       256       256         1
  1.000000  1.000000  1.000000
orientation T byte_order littleendian
Reading mask: /opt/freesurfer/average/711-2B_as_mni_average_305_mask.4dfp.img (2306576 pixels)
talsrcimg_g11.4dfp.img
       256       256       256         1
  1.000000  1.000000  1.000000
orientation T byte_order littleendian
Reading image: talsrcimg_g11.4dfp.img
dimensions:      256       256       256
mmppix:       1.0000   -1.0000   -1.0000
center:     128.0000 -129.0000 -129.0000
rotation matrix determinant  1.000000
image alignment mode   4355 decimal     1103 hex
   -7.5000  -45.0000  -45.0000 1881.4679   21.3646
    0.0000  -45.0000  -45.0000 1870.0927   21.4477
    7.5000  -45.0000  -45.0000 1842.3838   21.7022
   -7.5000  -37.5000  -45.0000 2004.7529   18.8195
    0.0000  -37.5000  -45.0000 1995.6372   18.8891
    7.5000  -37.5000  -45.0000 1968.4326   19.1622
   -7.5000  -30.0000  -45.0000 2123.2437   16.7570
    0.0000  -30.0000  -45.0000 2114.9143   16.8091
    7.5000  -30.0000  -45.0000 2084.5488   17.0563
   -7.5000  -22.5000  -45.0000 2240.2861   15.0703
    0.0000  -22.5000  -45.0000 2227.5400   15.1016
    7.5000  -22.5000  -45.0000 2195.5537   15.3509
   -7.5000  -15.0000  -45.0000 2349.7891   13.7387
    0.0000  -15.0000  -45.0000 2337.6934   13.7710
    7.5000  -15.0000  -45.0000 2304.8564   14.0395
   -7.5000   -7.5000  -45.0000 2426.2346   12.6925
    0.0000   -7.5000  -45.0000 2417.3984   12.7136
    7.5000   -7.5000  -45.0000 2391.3135   12.9851
   -7.5000    0.0000  -45.0000 2479.9949   11.9541
    0.0000    0.0000  -45.0000 2472.8213   11.9742
    7.5000    0.0000  -45.0000 2449.0078   12.2310
   -7.5000    7.5000  -45.0000 2509.9080   11.4556
    0.0000    7.5000  -45.0000 2505.5347   11.4735
    7.5000    7.5000  -45.0000 2484.7864   11.7284
   -7.5000   15.0000  -45.0000 2532.1152   11.2094
    0.0000   15.0000  -45.0000 2526.8159   11.2134
    7.5000   15.0000  -45.0000 2504.9246   11.4593
   -7.5000   22.5000  -45.0000 2536.4353   11.2233
    0.0000   22.5000  -45.0000 2532.1509   11.2231
    7.5000   22.5000  -45.0000 2507.3811   11.4772
   -7.5000   30.0000  -45.0000 2526.6350   11.4392
    0.0000   30.0000  -45.0000 2525.8064   11.4229
    7.5000   30.0000  -45.0000 2496.5847   11.6614
   -7.5000   37.5000  -45.0000 2495.6414   11.8355
    0.0000   37.5000  -45.0000 2496.6245   11.8352
    7.5000   37.5000  -45.0000 2470.4507   12.0566
   -7.5000   45.0000  -45.0000 2447.3149   12.5175
    0.0000   45.0000  -45.0000 2448.7712   12.4819
    7.5000   45.0000  -45.0000 2420.3098   12.6940
   -7.5000  -45.0000  -37.5000 1916.0094   20.4997
    0.0000  -45.0000  -37.5000 1906.4941   20.5502
    7.5000  -45.0000  -37.5000 1877.8114   20.9217
   -7.5000  -37.5000  -37.5000 2048.5190   18.0453
    0.0000  -37.5000  -37.5000 2038.9492   18.0833
    7.5000  -37.5000  -37.5000 2009.8826   18.3864
   -7.5000  -30.0000  -37.5000 2172.2971   16.0082
    0.0000  -30.0000  -37.5000 2161.8086   16.0412
    7.5000  -30.0000  -37.5000 2131.8704   16.3519
   -7.5000  -22.5000  -37.5000 2299.7571   14.4139
    0.0000  -22.5000  -37.5000 2286.9946   14.4362
    7.5000  -22.5000  -37.5000 2249.6667   14.7280
   -7.5000  -15.0000  -37.5000 2410.0750   13.0770
    0.0000  -15.0000  -37.5000 2399.0400   13.1087
    7.5000  -15.0000  -37.5000 2362.4995   13.4169
   -7.5000   -7.5000  -37.5000 2490.8325   12.0403
    0.0000   -7.5000  -37.5000 2481.9744   12.0619
    7.5000   -7.5000  -37.5000 2451.5627   12.3454
   -7.5000    0.0000  -37.5000 2547.5420   11.2975
    0.0000    0.0000  -37.5000 2543.7058   11.3171
    7.5000    0.0000  -37.5000 2518.3455   11.5631
   -7.5000    7.5000  -37.5000 2588.6777   10.7902
    0.0000    7.5000  -37.5000 2585.8523   10.7978
    7.5000    7.5000  -37.5000 2563.8411   11.0393
   -7.5000   15.0000  -37.5000 2616.8540   10.5015
    0.0000   15.0000  -37.5000 2613.9158   10.4890
    7.5000   15.0000  -37.5000 2586.5444   10.7339
   -7.5000   22.5000  -37.5000 2627.8210   10.5097
    0.0000   22.5000  -37.5000 2627.0862   10.5014
    7.5000   22.5000  -37.5000 2598.4062   10.7138
   -7.5000   30.0000  -37.5000 2617.1709   10.7039
    0.0000   30.0000  -37.5000 2620.8616   10.6745
    7.5000   30.0000  -37.5000 2592.0547   10.8803
   -7.5000   37.5000  -37.5000 2591.7180   11.0713
    0.0000   37.5000  -37.5000 2593.5818   11.0497
    7.5000   37.5000  -37.5000 2564.0925   11.2426
   -7.5000   45.0000  -37.5000 2537.0405   11.6909
    0.0000   45.0000  -37.5000 2542.6099   11.6397
    7.5000   45.0000  -37.5000 2513.3367   11.8449
   -7.5000  -45.0000  -30.0000 1973.2780   20.5520
    0.0000  -45.0000  -30.0000 1966.7874   20.6245
    7.5000  -45.0000  -30.0000 1942.6466   21.0533
   -7.5000  -37.5000  -30.0000 2115.8474   18.0169
    0.0000  -37.5000  -30.0000 2107.5400   18.0506
    7.5000  -37.5000  -30.0000 2080.2258   18.4194
   -7.5000  -30.0000  -30.0000 2245.0232   15.9724
    0.0000  -30.0000  -30.0000 2236.4907   15.9944
    7.5000  -30.0000  -30.0000 2208.9075   16.3431
   -7.5000  -22.5000  -30.0000 2375.9453   14.3190
    0.0000  -22.5000  -30.0000 2367.9912   14.3593
    7.5000  -22.5000  -30.0000 2332.6775   14.6951
   -7.5000  -15.0000  -30.0000 2494.4189   12.9514
    0.0000  -15.0000  -30.0000 2482.5637   12.9877
    7.5000  -15.0000  -30.0000 2447.4294   13.3266
   -7.5000   -7.5000  -30.0000 2584.0867   11.8746
    0.0000   -7.5000  -30.0000 2576.1604   11.9065
    7.5000   -7.5000  -30.0000 2545.3923   12.2144
   -7.5000    0.0000  -30.0000 2657.8716   11.0647
    0.0000    0.0000  -30.0000 2653.4934   11.1066
    7.5000    0.0000  -30.0000 2625.0190   11.3693
   -7.5000    7.5000  -30.0000 2707.6995   10.5388
    0.0000    7.5000  -30.0000 2708.9839   10.5445
    7.5000    7.5000  -30.0000 2682.9670   10.7950
   -7.5000   15.0000  -30.0000 2742.4617   10.2224
    0.0000   15.0000  -30.0000 2745.1240   10.2134
    7.5000   15.0000  -30.0000 2711.8130   10.4669
   -7.5000   22.5000  -30.0000 2761.0806   10.1961
    0.0000   22.5000  -30.0000 2764.8042   10.1745
    7.5000   22.5000  -30.0000 2733.1199   10.4051
   -7.5000   30.0000  -30.0000 2756.8701   10.3849
    0.0000   30.0000  -30.0000 2764.1038   10.3383
    7.5000   30.0000  -30.0000 2734.4033   10.5440
   -7.5000   37.5000  -30.0000 2732.4265   10.7578
    0.0000   37.5000  -30.0000 2739.0144   10.7146
    7.5000   37.5000  -30.0000 2711.0000   10.9149
   -7.5000   45.0000  -30.0000 2673.7068   11.3364
    0.0000   45.0000  -30.0000 2685.4106   11.2598
    7.5000   45.0000  -30.0000 2659.4512   11.4696
   -7.5000  -45.0000  -22.5000 2002.8494   20.5412
    0.0000  -45.0000  -22.5000 1998.3342   20.6624
    7.5000  -45.0000  -22.5000 1978.3761   21.1283
   -7.5000  -37.5000  -22.5000 2152.0806   17.9294
    0.0000  -37.5000  -22.5000 2143.9663   17.9890
    7.5000  -37.5000  -22.5000 2118.2666   18.4636
   -7.5000  -30.0000  -22.5000 2284.2466   15.8666
    0.0000  -30.0000  -22.5000 2274.4949   15.9048
    7.5000  -30.0000  -22.5000 2245.2109   16.3306
   -7.5000  -22.5000  -22.5000 2414.4780   14.1841
    0.0000  -22.5000  -22.5000 2403.2231   14.2171
    7.5000  -22.5000  -22.5000 2369.4131   14.6022
   -7.5000  -15.0000  -22.5000 2533.3992   12.7802
    0.0000  -15.0000  -22.5000 2519.6887   12.8145
    7.5000  -15.0000  -22.5000 2487.1562   13.1977
   -7.5000   -7.5000  -22.5000 2637.0208   11.6714
    0.0000   -7.5000  -22.5000 2627.0691   11.7000
    7.5000   -7.5000  -22.5000 2597.2249   12.0573
   -7.5000    0.0000  -22.5000 2723.5769   10.8177
    0.0000    0.0000  -22.5000 2716.1448   10.8431
    7.5000    0.0000  -22.5000 2689.3137   11.1685
   -7.5000    7.5000  -22.5000 2780.8162   10.2362
    0.0000    7.5000  -22.5000 2784.3010   10.2610
    7.5000    7.5000  -22.5000 2756.9744   10.5568
   -7.5000   15.0000  -22.5000 2823.9482    9.9440
    0.0000   15.0000  -22.5000 2830.9116    9.9443
    7.5000   15.0000  -22.5000 2801.3665   10.2236
   -7.5000   22.5000  -22.5000 2855.0618    9.8425
    0.0000   22.5000  -22.5000 2862.0188    9.8459
    7.5000   22.5000  -22.5000 2825.0671   10.1200
   -7.5000   30.0000  -22.5000 2857.2791   10.0183
    0.0000   30.0000  -22.5000 2868.1523    9.9892
    7.5000   30.0000  -22.5000 2835.9211   10.2521
   -7.5000   37.5000  -22.5000 2833.9963   10.3993
    0.0000   37.5000  -22.5000 2845.6296   10.3648
    7.5000   37.5000  -22.5000 2815.6960   10.5846
   -7.5000   45.0000  -22.5000 2774.1316   10.9448
    0.0000   45.0000  -22.5000 2787.0459   10.8960
    7.5000   45.0000  -22.5000 2761.1548   11.1070
   -7.5000  -45.0000  -15.0000 2006.5580   20.5733
    0.0000  -45.0000  -15.0000 1997.3140   20.7264
    7.5000  -45.0000  -15.0000 1983.2867   21.4006
   -7.5000  -37.5000  -15.0000 2158.5400   17.8926
    0.0000  -37.5000  -15.0000 2147.3542   17.9828
    7.5000  -37.5000  -15.0000 2127.3206   18.5994
   -7.5000  -30.0000  -15.0000 2288.5066   15.7742
    0.0000  -30.0000  -15.0000 2280.8176   15.8443
    7.5000  -30.0000  -15.0000 2253.2661   16.3972
   -7.5000  -22.5000  -15.0000 2416.7991   14.0505
    0.0000  -22.5000  -15.0000 2408.3350   14.0877
    7.5000  -22.5000  -15.0000 2377.8447   14.5967
   -7.5000  -15.0000  -15.0000 2536.4927   12.6397
    0.0000  -15.0000  -15.0000 2523.7156   12.6724
    7.5000  -15.0000  -15.0000 2493.1028   13.1382
   -7.5000   -7.5000  -15.0000 2644.8752   11.5159
    0.0000   -7.5000  -15.0000 2636.7561   11.5435
    7.5000   -7.5000  -15.0000 2611.0386   11.9516
   -7.5000    0.0000  -15.0000 2730.8174   10.6329
    0.0000    0.0000  -15.0000 2729.0295   10.6589
    7.5000    0.0000  -15.0000 2706.6348   11.0230
   -7.5000    7.5000  -15.0000 2806.3140   10.0278
    0.0000    7.5000  -15.0000 2808.7979   10.0612
    7.5000    7.5000  -15.0000 2787.4978   10.3895
   -7.5000   15.0000  -15.0000 2866.1084    9.7377
    0.0000   15.0000  -15.0000 2873.9170    9.7587
    7.5000   15.0000  -15.0000 2845.5020   10.0189
   -7.5000   22.5000  -15.0000 2913.2803    9.6386
    0.0000   22.5000  -15.0000 2926.4412    9.6474
    7.5000   22.5000  -15.0000 2883.7878    9.8955
   -7.5000   30.0000  -15.0000 2923.2595    9.7458
    0.0000   30.0000  -15.0000 2939.4858    9.7396
    7.5000   30.0000  -15.0000 2898.5791   10.0136
   -7.5000   37.5000  -15.0000 2892.4641   10.1202
    0.0000   37.5000  -15.0000 2913.1458   10.0963
    7.5000   37.5000  -15.0000 2879.0002   10.3171
   -7.5000   45.0000  -15.0000 2833.6963   10.6347
    0.0000   45.0000  -15.0000 2851.9719   10.5936
    7.5000   45.0000  -15.0000 2820.0647   10.7989
   -7.5000  -45.0000   -7.5000 1983.3671   20.8935
    0.0000  -45.0000   -7.5000 1974.9886   21.0302
    7.5000  -45.0000   -7.5000 1959.3502   21.8404
   -7.5000  -37.5000   -7.5000 2135.5928   18.0281
    0.0000  -37.5000   -7.5000 2133.2122   18.1104
    7.5000  -37.5000   -7.5000 2112.3379   18.8572
   -7.5000  -30.0000   -7.5000 2268.4595   15.7859
    0.0000  -30.0000   -7.5000 2267.3623   15.8747
    7.5000  -30.0000   -7.5000 2242.0215   16.5189
   -7.5000  -22.5000   -7.5000 2393.1028   13.9847
    0.0000  -22.5000   -7.5000 2391.5479   14.0479
    7.5000  -22.5000   -7.5000 2367.0310   14.6434
   -7.5000  -15.0000   -7.5000 2510.3591   12.5714
    0.0000  -15.0000   -7.5000 2504.9805   12.6215
    7.5000  -15.0000   -7.5000 2482.3792   13.1442
   -7.5000   -7.5000   -7.5000 2622.3176   11.4608
    0.0000   -7.5000   -7.5000 2622.0767   11.5141
    7.5000   -7.5000   -7.5000 2599.4043   11.9467
   -7.5000    0.0000   -7.5000 2715.8601   10.5943
    0.0000    0.0000   -7.5000 2720.5825   10.6420
    7.5000    0.0000   -7.5000 2701.1792   11.0084
   -7.5000    7.5000   -7.5000 2805.2966    9.9875
    0.0000    7.5000   -7.5000 2811.4365    9.9997
    7.5000    7.5000   -7.5000 2789.9026   10.3216
   -7.5000   15.0000   -7.5000 2884.1353    9.6953
    0.0000   15.0000   -7.5000 2891.7954    9.6598
    7.5000   15.0000   -7.5000 2864.3513    9.8994
   -7.5000   22.5000   -7.5000 2946.3838    9.6257
    0.0000   22.5000   -7.5000 2963.5647    9.5835
    7.5000   22.5000   -7.5000 2921.8010    9.7538
   -7.5000   30.0000   -7.5000 2964.5398    9.7103
    0.0000   30.0000   -7.5000 2990.3877    9.6658
    7.5000   30.0000   -7.5000 2938.2117    9.8778
   -7.5000   37.5000   -7.5000 2929.4656    9.9837
    0.0000   37.5000   -7.5000 2952.3091    9.9574
    7.5000   37.5000   -7.5000 2912.4871   10.1567
   -7.5000   45.0000   -7.5000 2863.8079   10.4517
    0.0000   45.0000   -7.5000 2881.9478   10.3929
    7.5000   45.0000   -7.5000 2854.4268   10.5654
   -7.5000  -45.0000    0.0000 1938.2128   21.6946
    0.0000  -45.0000    0.0000 1936.9004   21.8205
    7.5000  -45.0000    0.0000 1923.0325   22.6787
   -7.5000  -37.5000    0.0000 2094.5435   18.6050
    0.0000  -37.5000    0.0000 2101.2561   18.7314
    7.5000  -37.5000    0.0000 2081.7588   19.4989
   -7.5000  -30.0000    0.0000 2230.2239   16.2370
    0.0000  -30.0000    0.0000 2240.7170   16.3529
    7.5000  -30.0000    0.0000 2221.2781   16.9868
   -7.5000  -22.5000    0.0000 2353.0063   14.3579
    0.0000  -22.5000    0.0000 2359.2629   14.4269
    7.5000  -22.5000    0.0000 2342.1467   14.9928
   -7.5000  -15.0000    0.0000 2473.6045   12.9103
    0.0000  -15.0000    0.0000 2479.6438   12.9559
    7.5000  -15.0000    0.0000 2464.7859   13.4294
   -7.5000   -7.5000    0.0000 2587.8032   11.7604
    0.0000   -7.5000    0.0000 2595.1990   11.7813
    7.5000   -7.5000    0.0000 2579.4050   12.1670
   -7.5000    0.0000    0.0000 2694.0884   10.8471
    0.0000    0.0000    0.0000 2702.6411   10.8340
    7.5000    0.0000    0.0000 2685.6748   11.1479
   -7.5000    7.5000    0.0000 2796.3589   10.1942
    0.0000    7.5000    0.0000 2801.8442   10.1480
    7.5000    7.5000    0.0000 2782.1680   10.4149
   -7.5000   15.0000    0.0000 2885.4219    9.8480
    0.0000   15.0000    0.0000 2890.0632    9.7599
    7.5000   15.0000    0.0000 2863.0664    9.9534
   -7.5000   22.5000    0.0000 2956.8579    9.7445
    0.0000   22.5000    0.0000 2976.5432    9.6917
    7.5000   22.5000    0.0000 2935.0447    9.7822
   -7.5000   30.0000    0.0000 2978.4927    9.8486
    0.0000   30.0000    0.0000 3005.9924    9.7926
    7.5000   30.0000    0.0000 2952.9431    9.9152
   -7.5000   37.5000    0.0000 2941.6045   10.0604
    0.0000   37.5000    0.0000 2963.7664    9.9866
    7.5000   37.5000    0.0000 2929.7732   10.1324
   -7.5000   45.0000    0.0000 2868.2434   10.4442
    0.0000   45.0000    0.0000 2891.8870   10.3496
    7.5000   45.0000    0.0000 2866.6270   10.5301
   -7.5000  -45.0000    7.5000 1885.0564   23.0965
    0.0000  -45.0000    7.5000 1883.3967   23.2290
    7.5000  -45.0000    7.5000 1871.9188   23.9597
   -7.5000  -37.5000    7.5000 2046.4935   19.7658
    0.0000  -37.5000    7.5000 2052.0281   19.8342
    7.5000  -37.5000    7.5000 2034.4816   20.4851
   -7.5000  -30.0000    7.5000 2191.2361   17.1778
    0.0000  -30.0000    7.5000 2200.8018   17.2212
    7.5000  -30.0000    7.5000 2183.5610   17.7892
   -7.5000  -22.5000    7.5000 2316.3669   15.1751
    0.0000  -22.5000    7.5000 2322.7900   15.2032
    7.5000  -22.5000    7.5000 2304.5168   15.6404
   -7.5000  -15.0000    7.5000 2438.4465   13.6075
    0.0000  -15.0000    7.5000 2443.1455   13.6148
    7.5000  -15.0000    7.5000 2426.0896   13.9603
   -7.5000   -7.5000    7.5000 2554.3481   12.3446
    0.0000   -7.5000    7.5000 2559.2339   12.3344
    7.5000   -7.5000    7.5000 2543.9470   12.6022
   -7.5000    0.0000    7.5000 2667.5327   11.3294
    0.0000    0.0000    7.5000 2674.2473   11.3033
    7.5000    0.0000    7.5000 2656.4185   11.5242
   -7.5000    7.5000    7.5000 2773.3594   10.5910
    0.0000    7.5000    7.5000 2778.4104   10.5287
    7.5000    7.5000    7.5000 2754.5461   10.7329
   -7.5000   15.0000    7.5000 2862.5281   10.1340
    0.0000   15.0000    7.5000 2870.0728   10.0468
    7.5000   15.0000    7.5000 2845.5166   10.2227
   -7.5000   22.5000    7.5000 2934.5168    9.9298
    0.0000   22.5000    7.5000 2953.3711    9.8624
    7.5000   22.5000    7.5000 2920.6160   10.0256
   -7.5000   30.0000    7.5000 2955.2747    9.9961
    0.0000   30.0000    7.5000 2977.5481    9.8467
    7.5000   30.0000    7.5000 2942.7371   10.0388
   -7.5000   37.5000    7.5000 2915.9004   10.2253
    0.0000   37.5000    7.5000 2938.5989   10.0696
    7.5000   37.5000    7.5000 2912.7791   10.2677
   -7.5000   45.0000    7.5000 2843.7971   10.6692
    0.0000   45.0000    7.5000 2861.7725   10.5581
    7.5000   45.0000    7.5000 2844.7380   10.7656
   -7.5000  -45.0000   15.0000 1826.0996   25.0167
    0.0000  -45.0000   15.0000 1825.7687   25.1647
    7.5000  -45.0000   15.0000 1806.3086   25.7571
   -7.5000  -37.5000   15.0000 1992.6700   21.2163
    0.0000  -37.5000   15.0000 1998.5828   21.3037
    7.5000  -37.5000   15.0000 1979.2223   21.8132
   -7.5000  -30.0000   15.0000 2147.5620   18.3711
    0.0000  -30.0000   15.0000 2154.3586   18.4254
    7.5000  -30.0000   15.0000 2131.4961   18.8531
   -7.5000  -22.5000   15.0000 2275.6487   16.1577
    0.0000  -22.5000   15.0000 2278.0137   16.1539
    7.5000  -22.5000   15.0000 2255.7205   16.4828
   -7.5000  -15.0000   15.0000 2396.9636   14.3975
    0.0000  -15.0000   15.0000 2399.7432   14.3793
    7.5000  -15.0000   15.0000 2377.9661   14.6425
   -7.5000   -7.5000   15.0000 2514.8728   12.9829
    0.0000   -7.5000   15.0000 2520.1240   12.9431
    7.5000   -7.5000   15.0000 2502.2673   13.1559
   -7.5000    0.0000   15.0000 2631.6245   11.8803
    0.0000    0.0000   15.0000 2637.2209   11.7986
    7.5000    0.0000   15.0000 2621.8516   11.9964
   -7.5000    7.5000   15.0000 2734.4583   11.0704
    0.0000    7.5000   15.0000 2742.8428   10.9518
    7.5000    7.5000   15.0000 2724.0999   11.1651
   -7.5000   15.0000   15.0000 2820.3762   10.5219
    0.0000   15.0000   15.0000 2831.8616   10.4165
    7.5000   15.0000   15.0000 2812.8767   10.6351
   -7.5000   22.5000   15.0000 2883.9351   10.2938
    0.0000   22.5000   15.0000 2904.0813   10.1609
    7.5000   22.5000   15.0000 2879.6343   10.3922
   -7.5000   30.0000   15.0000 2900.5217   10.2961
    0.0000   30.0000   15.0000 2921.0405   10.1213
    7.5000   30.0000   15.0000 2896.3877   10.3418
   -7.5000   37.5000   15.0000 2867.3086   10.5289
    0.0000   37.5000   15.0000 2887.5789   10.3734
    7.5000   37.5000   15.0000 2871.2092   10.6020
   -7.5000   45.0000   15.0000 2797.7964   11.0012
    0.0000   45.0000   15.0000 2813.4124   10.8826
    7.5000   45.0000   15.0000 2802.0396   11.1088
   -7.5000  -45.0000   22.5000 1767.6221   27.0804
    0.0000  -45.0000   22.5000 1765.0931   27.2153
    7.5000  -45.0000   22.5000 1746.3160   27.7662
   -7.5000  -37.5000   22.5000 1936.1168   22.7478
    0.0000  -37.5000   22.5000 1941.4172   22.8124
    7.5000  -37.5000   22.5000 1921.0239   23.2888
   -7.5000  -30.0000   22.5000 2092.6436   19.6066
    0.0000  -30.0000   22.5000 2094.6704   19.6565
    7.5000  -30.0000   22.5000 2070.9905   20.0103
   -7.5000  -22.5000   22.5000 2227.6775   17.1290
    0.0000  -22.5000   22.5000 2228.3784   17.0887
    7.5000  -22.5000   22.5000 2204.0342   17.4278
   -7.5000  -15.0000   22.5000 2352.2097   15.1959
    0.0000  -15.0000   22.5000 2352.9497   15.1048
    7.5000  -15.0000   22.5000 2332.7883   15.3918
   -7.5000   -7.5000   22.5000 2469.6289   13.6615
    0.0000   -7.5000   22.5000 2477.2246   13.5644
    7.5000   -7.5000   22.5000 2460.9883   13.8129
   -7.5000    0.0000   22.5000 2589.4658   12.4865
    0.0000    0.0000   22.5000 2597.0950   12.3703
    7.5000    0.0000   22.5000 2580.5710   12.6065
   -7.5000    7.5000   22.5000 2688.1230   11.6394
    0.0000    7.5000   22.5000 2701.9307   11.5282
    7.5000    7.5000   22.5000 2688.1714   11.7524
   -7.5000   15.0000   22.5000 2769.9319   11.1246
    0.0000   15.0000   22.5000 2787.5962   11.0266
    7.5000   15.0000   22.5000 2772.5203   11.2370
   -7.5000   22.5000   22.5000 2820.3870   10.9044
    0.0000   22.5000   22.5000 2846.6218   10.7389
    7.5000   22.5000   22.5000 2826.9500   10.9484
   -7.5000   30.0000   22.5000 2836.2212   10.8421
    0.0000   30.0000   22.5000 2854.7852   10.6868
    7.5000   30.0000   22.5000 2837.0264   10.9147
   -7.5000   37.5000   22.5000 2806.2148   11.0680
    0.0000   37.5000   22.5000 2824.1929   10.9540
    7.5000   37.5000   22.5000 2812.5930   11.1532
   -7.5000   45.0000   22.5000 2739.2444   11.5303
    0.0000   45.0000   22.5000 2753.1033   11.4208
    7.5000   45.0000   22.5000 2747.2219   11.6317
   -7.5000  -45.0000   30.0000 1703.6088   29.3623
    0.0000  -45.0000   30.0000 1700.7329   29.4724
    7.5000  -45.0000   30.0000 1684.7771   30.0687
   -7.5000  -37.5000   30.0000 1873.2610   24.4488
    0.0000  -37.5000   30.0000 1876.7676   24.4993
    7.5000  -37.5000   30.0000 1858.6943   24.9899
   -7.5000  -30.0000   30.0000 2029.9460   20.8895
    0.0000  -30.0000   30.0000 2031.1943   20.8568
    7.5000  -30.0000   30.0000 2012.5710   21.2896
   -7.5000  -22.5000   30.0000 2170.9622   18.2010
    0.0000  -22.5000   30.0000 2173.1355   18.1040
    7.5000  -22.5000   30.0000 2153.6548   18.4385
   -7.5000  -15.0000   30.0000 2296.6318   16.0869
    0.0000  -15.0000   30.0000 2301.7576   16.0081
    7.5000  -15.0000   30.0000 2284.8831   16.2855
   -7.5000   -7.5000   30.0000 2415.3569   14.4729
    0.0000   -7.5000   30.0000 2429.3374   14.3710
    7.5000   -7.5000   30.0000 2413.6958   14.6168
   -7.5000    0.0000   30.0000 2531.8853   13.2754
    0.0000    0.0000   30.0000 2547.2539   13.1658
    7.5000    0.0000   30.0000 2530.5154   13.3812
   -7.5000    7.5000   30.0000 2630.8875   12.4126
    0.0000    7.5000   30.0000 2651.3381   12.3124
    7.5000    7.5000   30.0000 2636.2012   12.5229
   -7.5000   15.0000   30.0000 2702.5718   11.9007
    0.0000   15.0000   30.0000 2729.7866   11.7844
    7.5000   15.0000   30.0000 2716.8069   11.9832
   -7.5000   22.5000   30.0000 2743.4246   11.6343
    0.0000   22.5000   30.0000 2775.7144   11.4755
    7.5000   22.5000   30.0000 2758.9917   11.6807
   -7.5000   30.0000   30.0000 2758.1440   11.5482
    0.0000   30.0000   30.0000 2777.4578   11.4336
    7.5000   30.0000   30.0000 2763.5115   11.6371
   -7.5000   37.5000   30.0000 2730.9902   11.7856
    0.0000   37.5000   30.0000 2744.6067   11.6907
    7.5000   37.5000   30.0000 2736.1387   11.8805
   -7.5000   45.0000   30.0000 2668.8564   12.2461
    0.0000   45.0000   30.0000 2683.3574   12.1272
    7.5000   45.0000   30.0000 2677.0972   12.3293
   -7.5000  -45.0000   37.5000 1632.8309   32.0678
    0.0000  -45.0000   37.5000 1637.1787   32.2367
    7.5000  -45.0000   37.5000 1625.5060   32.9474
   -7.5000  -37.5000   37.5000 1801.4531   26.5024
    0.0000  -37.5000   37.5000 1808.9661   26.5231
    7.5000  -37.5000   37.5000 1791.9319   27.0545
   -7.5000  -30.0000   37.5000 1961.1816   22.4438
    0.0000  -30.0000   37.5000 1967.3486   22.3848
    7.5000  -30.0000   37.5000 1948.9241   22.8363
   -7.5000  -22.5000   37.5000 2109.3484   19.4815
    0.0000  -22.5000   37.5000 2115.2148   19.3732
    7.5000  -22.5000   37.5000 2095.2974   19.7228
   -7.5000  -15.0000   37.5000 2237.3186   17.2409
    0.0000  -15.0000   37.5000 2246.4653   17.1273
    7.5000  -15.0000   37.5000 2231.0178   17.4200
   -7.5000   -7.5000   37.5000 2361.9897   15.5510
    0.0000   -7.5000   37.5000 2376.5310   15.4264
    7.5000   -7.5000   37.5000 2359.0337   15.6484
   -7.5000    0.0000   37.5000 2472.1006   14.2965
    0.0000    0.0000   37.5000 2492.4553   14.1743
    7.5000    0.0000   37.5000 2478.5166   14.3869
   -7.5000    7.5000   37.5000 2563.2021   13.3996
    0.0000    7.5000   37.5000 2590.5840   13.2705
    7.5000    7.5000   37.5000 2577.4026   13.4751
   -7.5000   15.0000   37.5000 2626.9294   12.8540
    0.0000   15.0000   37.5000 2656.8379   12.7115
    7.5000   15.0000   37.5000 2645.5735   12.9027
   -7.5000   22.5000   37.5000 2662.7932   12.5274
    0.0000   22.5000   37.5000 2693.0771   12.4004
    7.5000   22.5000   37.5000 2676.8218   12.5902
   -7.5000   30.0000   37.5000 2668.8928   12.4316
    0.0000   30.0000   37.5000 2690.8838   12.3296
    7.5000   30.0000   37.5000 2677.7354   12.5251
   -7.5000   37.5000   37.5000 2640.0332   12.6560
    0.0000   37.5000   37.5000 2658.6475   12.5637
    7.5000   37.5000   37.5000 2648.4241   12.7315
   -7.5000   45.0000   37.5000 2588.3213   13.0983
    0.0000   45.0000   37.5000 2603.1072   12.9823
    7.5000   45.0000   37.5000 2595.1653   13.1668
   -7.5000  -45.0000   45.0000 1561.7445   35.5949
    0.0000  -45.0000   45.0000 1568.2858   35.5706
    7.5000  -45.0000   45.0000 1557.9561   36.3905
   -7.5000  -37.5000   45.0000 1725.1603   29.0814
    0.0000  -37.5000   45.0000 1735.5244   29.0424
    7.5000  -37.5000   45.0000 1720.0267   29.5270
   -7.5000  -30.0000   45.0000 1886.4175   24.4630
    0.0000  -30.0000   45.0000 1894.6031   24.3259
    7.5000  -30.0000   45.0000 1880.1068   24.7431
   -7.5000  -22.5000   45.0000 2038.9968   21.1430
    0.0000  -22.5000   45.0000 2045.9496   20.9691
    7.5000  -22.5000   45.0000 2031.2533   21.3404
   -7.5000  -15.0000   45.0000 2168.7073   18.7243
    0.0000  -15.0000   45.0000 2181.1135   18.5086
    7.5000  -15.0000   45.0000 2167.0574   18.7935
   -7.5000   -7.5000   45.0000 2295.5183   16.8986
    0.0000   -7.5000   45.0000 2313.2129   16.6882
    7.5000   -7.5000   45.0000 2296.9656   16.9120
   -7.5000    0.0000   45.0000 2401.1055   15.5451
    0.0000    0.0000   45.0000 2426.7520   15.3693
    7.5000    0.0000   45.0000 2415.1929   15.5898
   -7.5000    7.5000   45.0000 2484.5220   14.5969
    0.0000    7.5000   45.0000 2514.3772   14.4437
    7.5000    7.5000   45.0000 2505.0129   14.6381
   -7.5000   15.0000   45.0000 2539.9260   13.9781
    0.0000   15.0000   45.0000 2568.5664   13.8437
    7.5000   15.0000   45.0000 2557.7803   14.0049
   -7.5000   22.5000   45.0000 2569.0957   13.5999
    0.0000   22.5000   45.0000 2593.8687   13.4980
    7.5000   22.5000   45.0000 2583.9163   13.6579
   -7.5000   30.0000   45.0000 2569.3765   13.5063
    0.0000   30.0000   45.0000 2593.6611   13.4247
    7.5000   30.0000   45.0000 2582.9353   13.5983
   -7.5000   37.5000   45.0000 2538.7429   13.7203
    0.0000   37.5000   45.0000 2560.6235   13.6304
    7.5000   37.5000   45.0000 2550.9543   13.7860
   -7.5000   45.0000   45.0000 2494.8645   14.1326
    0.0000   45.0000   45.0000 2512.7979   14.0276
    7.5000   45.0000   45.0000 2503.7859   14.1757

---------------------------------------------------------------------
imgreg_4dfp /opt/freesurfer/average/711-2C_as_mni_average_305 /opt/freesurfer/average/711-2B_as_mni_average_305_mask talsrcimg_g11 none talsrcimg_to_711-2C_as_mni_average_305_t4 1283
---------------------------------------------------------------------

freesurfer imgreg_4dfp.c
/opt/freesurfer/average/711-2C_as_mni_average_305.4dfp.img
       256       256       256         1
  1.000000  1.000000  1.000000
orientation T byte_order littleendian
Reading image: /opt/freesurfer/average/711-2C_as_mni_average_305.4dfp.img
dimensions:      256       256       256
mmppix:       1.0000   -1.0000   -1.0000
center:     128.0000 -129.0000 -129.0000
/opt/freesurfer/average/711-2B_as_mni_average_305_mask.4dfp.img
       256       256       256         1
  1.000000  1.000000  1.000000
orientation T byte_order littleendian
Reading mask: /opt/freesurfer/average/711-2B_as_mni_average_305_mask.4dfp.img (2306576 pixels)
talsrcimg_g11.4dfp.img
       256       256       256         1
  1.000000  1.000000  1.000000
orientation T byte_order littleendian
Reading image: talsrcimg_g11.4dfp.img
dimensions:      256       256       256
mmppix:       1.0000   -1.0000   -1.0000
center:     128.0000 -129.0000 -129.0000
rotation matrix determinant  1.000000
fimgreg.f
image alignment mode   1283 decimal      503 hex
parameters
    0.0000   30.0000    0.0000    0.0000    0.0000    0.0000
eta,q 0.94380  9.82088
niter,ni,del,rscale     5    3   12.0000    1.2000
parameter  4  1.849663 ->  0.500000 qaram    1.1500
parameter  5  0.926865 ->  0.500000 qaram    1.1500
parameters
   -1.0090   28.1662   -1.4933   -3.4500   -3.4500   -0.7628
eta,q 0.95241  9.62324
  0.0649  0.0588  0.0599  0.0496  0.0485  0.0506
  0.0603  0.0569  0.0566  0.0512  0.0476  0.0492
  0.0573  0.0563  0.0547  0.0530  0.0488  0.0479
  0.0564  0.0564  0.0561  0.0546  0.0517  0.0476
  0.0597  0.0582  0.0591  0.0563  0.0554  0.0486
  0.0662  0.0620  0.0616  0.0589  0.0598  0.0505
  0.0726  0.0669  0.0641  0.0628  0.0637  0.0526
niter,ni,del,rscale     6    3   12.0000    1.2000
parameter  4  0.729219 ->  0.500000 qaram    1.3225
parameters
   -0.1783   29.5032   -1.4400   -7.4175   -5.1167   -1.4757
eta,q 0.95545  9.60919
  0.0665  0.0624  0.0546  0.0447  0.0485  0.0481
  0.0584  0.0565  0.0499  0.0443  0.0461  0.0460
  0.0518  0.0508  0.0468  0.0449  0.0449  0.0448
  0.0476  0.0471  0.0465  0.0466  0.0444  0.0446
  0.0479  0.0468  0.0484  0.0499  0.0463  0.0457
  0.0524  0.0494  0.0508  0.0540  0.0510  0.0476
  0.0591  0.0537  0.0531  0.0584  0.0570  0.0500
niter,ni,del,rscale     6    3   12.0000    1.2000
parameters
    0.4801   30.6292   -2.3004   -9.6914   -5.6508   -1.2880
eta,q 0.95719  9.59640
  0.0610  0.0589  0.0501  0.0463  0.0495  0.0475
  0.0536  0.0515  0.0454  0.0434  0.0462  0.0452
  0.0478  0.0463  0.0430  0.0428  0.0440  0.0437
  0.0445  0.0442  0.0443  0.0434  0.0427  0.0428
  0.0448  0.0449  0.0469  0.0455  0.0438  0.0432
  0.0488  0.0471  0.0493  0.0486  0.0475  0.0449
  0.0558  0.0503  0.0525  0.0533  0.0527  0.0470
niter,ni,del,rscale     5    3   12.0000    1.2000
parameters
    0.5977   31.5653   -2.9537  -10.8293   -5.7801   -1.4423
eta,q 0.95774  9.59265
  0.0592  0.0561  0.0499  0.0477  0.0493  0.0460
  0.0512  0.0486  0.0451  0.0431  0.0465  0.0440
  0.0456  0.0445  0.0423  0.0424  0.0441  0.0428
  0.0428  0.0428  0.0427  0.0422  0.0422  0.0423
  0.0443  0.0432  0.0456  0.0440  0.0427  0.0428
  0.0504  0.0454  0.0486  0.0471  0.0460  0.0443
  0.0583  0.0491  0.0518  0.0506  0.0510  0.0464
niter,ni,del,rscale     4    3   12.0000    1.2000
parameters
    0.5550   32.1041   -3.3004  -11.5934   -5.7022   -1.6205
eta,q 0.95791  9.59621
  0.0586  0.0538  0.0500  0.0482  0.0493  0.0455
  0.0505  0.0466  0.0453  0.0435  0.0464  0.0437
  0.0449  0.0434  0.0424  0.0421  0.0441  0.0426
  0.0423  0.0423  0.0422  0.0421  0.0421  0.0421
  0.0445  0.0429  0.0445  0.0435  0.0423  0.0424
  0.0513  0.0453  0.0475  0.0465  0.0453  0.0439
  0.0589  0.0495  0.0507  0.0500  0.0501  0.0460
niter,ni,del,rscale     3    3   12.0000    1.2000
parameters
    0.4876   32.4675   -3.4774  -12.1193   -5.5993   -1.7096
eta,q 0.95796  9.59989
  0.0584  0.0529  0.0499  0.0484  0.0493  0.0453
  0.0502  0.0458  0.0453  0.0439  0.0463  0.0436
  0.0446  0.0429  0.0424  0.0419  0.0440  0.0425
  0.0421  0.0421  0.0421  0.0421  0.0421  0.0420
  0.0445  0.0428  0.0439  0.0431  0.0423  0.0422
  0.0514  0.0452  0.0468  0.0460  0.0451  0.0436
  0.0588  0.0498  0.0499  0.0496  0.0499  0.0458
niter,ni,del,rscale     2    3   12.0000    1.2000
parameters
    0.4320   32.7089   -3.5528  -12.4824   -5.5283   -1.7659
eta,q 0.95795  9.60389
  0.0583  0.0525  0.0499  0.0485  0.0492  0.0453
  0.0501  0.0453  0.0454  0.0443  0.0462  0.0436
  0.0445  0.0425  0.0425  0.0419  0.0439  0.0425
  0.0420  0.0421  0.0421  0.0421  0.0421  0.0420
  0.0444  0.0427  0.0437  0.0428  0.0423  0.0422
  0.0512  0.0454  0.0463  0.0456  0.0452  0.0435
  0.0585  0.0500  0.0494  0.0493  0.0500  0.0456
niter,ni,del,rscale     1    3   12.0000    1.2000
parameters
    0.3989   32.8834   -3.5859  -12.7365   -5.4724   -1.8104
eta,q 0.95795  9.60679
  0.0582  0.0523  0.0498  0.0486  0.0492  0.0453
  0.0501  0.0451  0.0454  0.0445  0.0462  0.0435
  0.0445  0.0423  0.0425  0.0419  0.0439  0.0426
  0.0421  0.0421  0.0421  0.0421  0.0421  0.0420
  0.0443  0.0428  0.0436  0.0427  0.0423  0.0421
  0.0510  0.0455  0.0461  0.0454  0.0452  0.0435
  0.0582  0.0501  0.0492  0.0491  0.0500  0.0456
registration optimization eta report
parameter search radius
    6.0000    6.0000    6.0000    7.9350    6.9000    6.0000
100000*second partial in parameter space
       44.       26.       20.       11.       15.       10.
  0.0582  0.0523  0.0498  0.0486  0.0492  0.0453
  0.0501  0.0451  0.0454  0.0445  0.0462  0.0435
  0.0445  0.0423  0.0425  0.0419  0.0439  0.0426
  0.0421  0.0421  0.0421  0.0421  0.0421  0.0420
  0.0443  0.0428  0.0436  0.0427  0.0423  0.0421
  0.0510  0.0455  0.0461  0.0454  0.0452  0.0435
  0.0582  0.0501  0.0492  0.0491  0.0500  0.0456
    0.3989   32.8834   -3.5859  -12.7365   -5.4724   -1.8104
eta,q 0.95795  9.60679

---------------------------------------------------------------------
imgreg_4dfp /opt/freesurfer/average/711-2C_as_mni_average_305 /opt/freesurfer/average/711-2B_as_mni_average_305_mask talsrcimg_g11 none talsrcimg_to_711-2C_as_mni_average_305_t4 3335
---------------------------------------------------------------------

freesurfer imgreg_4dfp.c
/opt/freesurfer/average/711-2C_as_mni_average_305.4dfp.img
       256       256       256         1
  1.000000  1.000000  1.000000
orientation T byte_order littleendian
Reading image: /opt/freesurfer/average/711-2C_as_mni_average_305.4dfp.img
dimensions:      256       256       256
mmppix:       1.0000   -1.0000   -1.0000
center:     128.0000 -129.0000 -129.0000
/opt/freesurfer/average/711-2B_as_mni_average_305_mask.4dfp.img
       256       256       256         1
  1.000000  1.000000  1.000000
orientation T byte_order littleendian
Reading mask: /opt/freesurfer/average/711-2B_as_mni_average_305_mask.4dfp.img (2306576 pixels)
talsrcimg_g11.4dfp.img
       256       256       256         1
  1.000000  1.000000  1.000000
orientation T byte_order littleendian
Reading image: talsrcimg_g11.4dfp.img
dimensions:      256       256       256
mmppix:       1.0000   -1.0000   -1.0000
center:     128.0000 -129.0000 -129.0000
fimgreg.f
image alignment mode   3335 decimal      D07 hex
parameters
    0.3989   32.8834   -3.5859   -0.5055   -2.4428   -2.9051
    0.9799    9.9938   -3.1447   21.7418   -9.5366  -21.9462
eta,q 0.95967  9.71222
niter,ni,del,rscale     5    3    5.0000    1.2000
parameter  4  0.517576 ->  0.500000 qaram    1.1500
parameter  5  1.370962 ->  0.500000 qaram    1.1500
parameters
    0.3450   33.3250   -4.3198   -4.6455   -6.5828   -5.7460
    2.3148   10.8697   -1.2855   20.1875  -10.6297  -20.2452
eta,q 0.96492  9.30818
  0.0429  0.0428  0.0408  0.0401  0.0349  0.0369  0.0386  0.0400  0.0383  0.0369  0.0360  0.0368
  0.0415  0.0417  0.0403  0.0390  0.0357  0.0359  0.0372  0.0380  0.0370  0.0357  0.0354  0.0360
  0.0406  0.0408  0.0401  0.0390  0.0370  0.0356  0.0361  0.0364  0.0360  0.0352  0.0352  0.0354
  0.0403  0.0403  0.0402  0.0401  0.0389  0.0360  0.0356  0.0355  0.0354  0.0353  0.0351  0.0351
  0.0406  0.0402  0.0407  0.0419  0.0418  0.0376  0.0355  0.0356  0.0353  0.0361  0.0354  0.0351
  0.0416  0.0407  0.0415  0.0444  0.0449  0.0398  0.0360  0.0367  0.0356  0.0375  0.0359  0.0353
  0.0432  0.0416  0.0425  0.0476  0.0480  0.0425  0.0370  0.0384  0.0364  0.0390  0.0366  0.0357
niter,ni,del,rscale     6    3    5.0000    1.2000
parameter  3  0.601599 ->  0.500000 qaram    1.1500
parameter  5  0.566780 ->  0.500000 qaram    1.3225
parameters
    0.2036   33.4707   -5.6998   -3.7970  -11.3438   -7.7358
    1.9801   10.7002   -0.0147   22.6719  -11.6763  -19.7389
eta,q 0.96713  9.02691
  0.0377  0.0372  0.0348  0.0392  0.0337  0.0348  0.0352  0.0368  0.0353  0.0374  0.0336  0.0338
  0.0362  0.0361  0.0345  0.0375  0.0333  0.0340  0.0341  0.0350  0.0343  0.0356  0.0331  0.0333
  0.0353  0.0353  0.0346  0.0358  0.0334  0.0333  0.0334  0.0337  0.0336  0.0342  0.0329  0.0330
  0.0351  0.0351  0.0351  0.0345  0.0344  0.0332  0.0332  0.0332  0.0332  0.0332  0.0329  0.0329
  0.0356  0.0352  0.0358  0.0346  0.0360  0.0343  0.0335  0.0338  0.0332  0.0329  0.0331  0.0329
  0.0367  0.0358  0.0368  0.0359  0.0388  0.0364  0.0344  0.0352  0.0336  0.0333  0.0335  0.0332
  0.0384  0.0367  0.0380  0.0381  0.0426  0.0392  0.0356  0.0371  0.0342  0.0341  0.0341  0.0336
niter,ni,del,rscale     7    3    5.0000    1.2000
parameters
    0.0991   34.2887   -6.7734   -3.5923  -14.4071   -9.9219
    1.9156   10.4717    0.6826   25.8096  -11.6790  -18.8100
eta,q 0.96850  8.81966
  0.0355  0.0360  0.0330  0.0361  0.0335  0.0333  0.0340  0.0355  0.0338  0.0367  0.0326  0.0325
  0.0340  0.0346  0.0325  0.0347  0.0326  0.0327  0.0330  0.0337  0.0329  0.0350  0.0319  0.0320
  0.0331  0.0335  0.0324  0.0333  0.0322  0.0321  0.0323  0.0324  0.0323  0.0333  0.0316  0.0317
  0.0329  0.0329  0.0326  0.0324  0.0323  0.0322  0.0321  0.0321  0.0321  0.0321  0.0315  0.0315
  0.0333  0.0326  0.0333  0.0327  0.0334  0.0331  0.0323  0.0327  0.0322  0.0315  0.0317  0.0315
  0.0344  0.0329  0.0342  0.0340  0.0354  0.0350  0.0330  0.0340  0.0325  0.0317  0.0320  0.0317
  0.0360  0.0335  0.0356  0.0362  0.0385  0.0378  0.0341  0.0359  0.0332  0.0326  0.0325  0.0321
niter,ni,del,rscale     6    3    5.0000    1.2000
parameters
    0.0220   34.8734   -7.2888   -3.6434  -16.3297  -11.4557
    1.6207   10.4902    0.2884   27.0709  -11.2591  -18.3036
eta,q 0.96883  8.69581
  0.0341  0.0345  0.0324  0.0345  0.0331  0.0328  0.0329  0.0349  0.0326  0.0350  0.0322  0.0321
  0.0326  0.0331  0.0317  0.0332  0.0321  0.0321  0.0320  0.0331  0.0318  0.0334  0.0316  0.0316
  0.0317  0.0320  0.0314  0.0321  0.0314  0.0314  0.0315  0.0317  0.0314  0.0320  0.0313  0.0313
  0.0315  0.0315  0.0314  0.0313  0.0314  0.0313  0.0313  0.0313  0.0313  0.0313  0.0312  0.0312
  0.0319  0.0314  0.0318  0.0316  0.0320  0.0319  0.0315  0.0318  0.0315  0.0313  0.0313  0.0312
  0.0329  0.0318  0.0325  0.0329  0.0335  0.0334  0.0322  0.0331  0.0321  0.0320  0.0315  0.0315
  0.0344  0.0325  0.0337  0.0350  0.0359  0.0356  0.0333  0.0349  0.0329  0.0332  0.0320  0.0319
niter,ni,del,rscale     5    3    5.0000    1.2000
parameters
    0.0104   34.9246   -7.5204   -3.5043  -16.9237  -12.3547
    1.5783   10.5067   -0.0244   27.4882  -10.8923  -17.9507
eta,q 0.96880  8.64964
  0.0337  0.0332  0.0325  0.0341  0.0336  0.0329  0.0329  0.0348  0.0326  0.0343  0.0322  0.0321
  0.0323  0.0321  0.0317  0.0330  0.0324  0.0322  0.0320  0.0330  0.0318  0.0328  0.0316  0.0316
  0.0314  0.0314  0.0313  0.0319  0.0315  0.0315  0.0314  0.0316  0.0313  0.0317  0.0313  0.0313
  0.0312  0.0312  0.0312  0.0312  0.0312  0.0312  0.0312  0.0312  0.0312  0.0312  0.0312  0.0312
  0.0315  0.0314  0.0314  0.0313  0.0315  0.0315  0.0314  0.0317  0.0314  0.0314  0.0313  0.0313
  0.0324  0.0320  0.0321  0.0324  0.0326  0.0327  0.0320  0.0330  0.0320  0.0323  0.0315  0.0315
  0.0337  0.0330  0.0331  0.0344  0.0346  0.0345  0.0330  0.0347  0.0328  0.0337  0.0320  0.0319
niter,ni,del,rscale     4    3    5.0000    1.2000
parameters
   -0.0071   34.9048   -7.6730   -3.4313  -17.0849  -12.8641
    1.5961   10.5044   -0.2135   27.6125  -10.7246  -17.7651
eta,q 0.96876  8.62976
  0.0336  0.0331  0.0326  0.0340  0.0338  0.0330  0.0330  0.0348  0.0327  0.0340  0.0321  0.0321
  0.0323  0.0320  0.0318  0.0329  0.0325  0.0323  0.0321  0.0330  0.0319  0.0326  0.0316  0.0316
  0.0315  0.0314  0.0313  0.0319  0.0316  0.0317  0.0315  0.0317  0.0314  0.0316  0.0314  0.0313
  0.0312  0.0312  0.0312  0.0312  0.0312  0.0312  0.0312  0.0312  0.0312  0.0312  0.0312  0.0312
  0.0315  0.0315  0.0314  0.0314  0.0314  0.0314  0.0314  0.0317  0.0315  0.0316  0.0313  0.0313
  0.0324  0.0321  0.0320  0.0325  0.0325  0.0323  0.0320  0.0330  0.0320  0.0325  0.0316  0.0316
  0.0337  0.0331  0.0329  0.0344  0.0342  0.0341  0.0330  0.0347  0.0328  0.0338  0.0320  0.0320
niter,ni,del,rscale     3    3    5.0000    1.2000
parameters
   -0.0214   34.8907   -7.7830   -3.3925  -17.1159  -13.1427
    1.6327   10.4987   -0.2951   27.6485  -10.6517  -17.7104
eta,q 0.96873  8.62134
  0.0337  0.0331  0.0326  0.0340  0.0339  0.0331  0.0330  0.0348  0.0328  0.0339  0.0321  0.0321
  0.0323  0.0320  0.0319  0.0330  0.0326  0.0324  0.0321  0.0330  0.0319  0.0326  0.0317  0.0316
  0.0315  0.0314  0.0314  0.0319  0.0317  0.0318  0.0315  0.0317  0.0314  0.0316  0.0314  0.0314
  0.0312  0.0312  0.0312  0.0312  0.0312  0.0312  0.0313  0.0313  0.0313  0.0313  0.0313  0.0313
  0.0316  0.0315  0.0315  0.0314  0.0314  0.0314  0.0314  0.0317  0.0315  0.0316  0.0314  0.0314
  0.0324  0.0322  0.0320  0.0325  0.0325  0.0322  0.0320  0.0330  0.0320  0.0325  0.0316  0.0316
  0.0337  0.0331  0.0329  0.0344  0.0342  0.0338  0.0330  0.0348  0.0328  0.0339  0.0321  0.0321
niter,ni,del,rscale     2    3    5.0000    1.2000
parameters
   -0.0333   34.8879   -7.8539   -3.3648  -17.1034  -13.2833
    1.6524   10.4939   -0.3308   27.6545  -10.6153  -17.7157
eta,q 0.96872  8.61867
  0.0337  0.0332  0.0327  0.0341  0.0340  0.0331  0.0330  0.0348  0.0328  0.0339  0.0321  0.0321
  0.0324  0.0321  0.0319  0.0330  0.0327  0.0324  0.0321  0.0330  0.0320  0.0326  0.0317  0.0316
  0.0315  0.0314  0.0314  0.0319  0.0317  0.0318  0.0315  0.0317  0.0314  0.0316  0.0314  0.0314
  0.0313  0.0313  0.0313  0.0313  0.0313  0.0313  0.0313  0.0313  0.0313  0.0313  0.0313  0.0313
  0.0316  0.0315  0.0315  0.0315  0.0315  0.0314  0.0314  0.0318  0.0315  0.0316  0.0314  0.0314
  0.0324  0.0322  0.0320  0.0326  0.0325  0.0321  0.0320  0.0330  0.0320  0.0326  0.0317  0.0316
  0.0337  0.0331  0.0328  0.0344  0.0342  0.0337  0.0330  0.0348  0.0328  0.0339  0.0321  0.0321
niter,ni,del,rscale     1    3    5.0000    1.2000
parameters
   -0.0390   34.8909   -7.8975   -3.3465  -17.0819  -13.3487
    1.6552   10.4880   -0.3388   27.6596  -10.6233  -17.7503
eta,q 0.96871  8.61873
  0.0337  0.0332  0.0327  0.0341  0.0340  0.0331  0.0330  0.0348  0.0328  0.0339  0.0321  0.0321
  0.0324  0.0321  0.0319  0.0330  0.0327  0.0324  0.0321  0.0330  0.0320  0.0326  0.0317  0.0316
  0.0315  0.0315  0.0314  0.0320  0.0317  0.0318  0.0315  0.0317  0.0315  0.0316  0.0314  0.0314
  0.0313  0.0313  0.0313  0.0313  0.0313  0.0313  0.0313  0.0313  0.0313  0.0313  0.0313  0.0313
  0.0316  0.0315  0.0315  0.0315  0.0315  0.0314  0.0315  0.0318  0.0315  0.0316  0.0314  0.0314
  0.0324  0.0322  0.0320  0.0326  0.0325  0.0321  0.0321  0.0330  0.0320  0.0326  0.0317  0.0317
  0.0337  0.0331  0.0328  0.0345  0.0342  0.0336  0.0330  0.0348  0.0328  0.0339  0.0321  0.0321
registration optimization eta report
parameter search radius
    2.4000    2.4000    2.7600    8.2800    9.5220    7.2000
    7.2000    7.2000    7.2000    7.2000    7.2000    7.2000
100000*second partial in parameter space
       42.       33.       19.        4.        3.        4.
        3.        7.        3.        5.        2.        2.
  0.0337  0.0332  0.0327  0.0341  0.0340  0.0331  0.0330  0.0348  0.0328  0.0339  0.0321  0.0321
  0.0324  0.0321  0.0319  0.0330  0.0327  0.0324  0.0321  0.0330  0.0320  0.0326  0.0317  0.0316
  0.0315  0.0315  0.0314  0.0320  0.0317  0.0318  0.0315  0.0317  0.0315  0.0316  0.0314  0.0314
  0.0313  0.0313  0.0313  0.0313  0.0313  0.0313  0.0313  0.0313  0.0313  0.0313  0.0313  0.0313
  0.0316  0.0315  0.0315  0.0315  0.0315  0.0314  0.0315  0.0318  0.0315  0.0316  0.0314  0.0314
  0.0324  0.0322  0.0320  0.0326  0.0325  0.0321  0.0321  0.0330  0.0320  0.0326  0.0317  0.0317
  0.0337  0.0331  0.0328  0.0345  0.0342  0.0336  0.0330  0.0348  0.0328  0.0339  0.0321  0.0321
   -0.0390   34.8909   -7.8975   -3.3465  -17.0819  -13.3487
    1.6552   10.4880   -0.3388   27.6596  -10.6233  -17.7503
eta,q 0.96871  8.61873

---------------------------------------------------------------------
imgreg_4dfp /opt/freesurfer/average/711-2C_as_mni_average_305 /opt/freesurfer/average/711-2B_as_mni_average_305_mask talsrcimg_g11 none talsrcimg_to_711-2C_as_mni_average_305_t4 2311
---------------------------------------------------------------------

freesurfer imgreg_4dfp.c
/opt/freesurfer/average/711-2C_as_mni_average_305.4dfp.img
       256       256       256         1
  1.000000  1.000000  1.000000
orientation T byte_order littleendian
Reading image: /opt/freesurfer/average/711-2C_as_mni_average_305.4dfp.img
dimensions:      256       256       256
mmppix:       1.0000   -1.0000   -1.0000
center:     128.0000 -129.0000 -129.0000
/opt/freesurfer/average/711-2B_as_mni_average_305_mask.4dfp.img
       256       256       256         1
  1.000000  1.000000  1.000000
orientation T byte_order littleendian
Reading mask: /opt/freesurfer/average/711-2B_as_mni_average_305_mask.4dfp.img (2306576 pixels)
talsrcimg_g11.4dfp.img
       256       256       256         1
  1.000000  1.000000  1.000000
orientation T byte_order littleendian
Reading image: talsrcimg_g11.4dfp.img
dimensions:      256       256       256
mmppix:       1.0000   -1.0000   -1.0000
center:     128.0000 -129.0000 -129.0000
fimgreg.f
image alignment mode   2311 decimal      907 hex
parameters
   -0.0390   34.8909   -7.8975   -3.3465  -17.0819  -13.3487
    1.6552   10.4880   -0.3388   27.6596  -10.6233  -17.7503
eta,q 0.96871  8.61873
niter,ni,del,rscale     5    3    5.0000    0.8000
parameters
   -0.0526   34.8462   -7.9382   -2.7540  -16.6100  -12.8738
    1.7513   10.2243   -0.3995   27.2190  -10.6781  -18.2242
eta,q 0.96884  8.67142
  0.0324  0.0321  0.0318  0.0327  0.0321  0.0323  0.0320  0.0328  0.0319  0.0323  0.0316  0.0315
  0.0318  0.0316  0.0315  0.0321  0.0317  0.0319  0.0316  0.0318  0.0315  0.0316  0.0313  0.0313
  0.0314  0.0314  0.0313  0.0316  0.0314  0.0316  0.0313  0.0313  0.0313  0.0312  0.0312  0.0312
  0.0313  0.0313  0.0313  0.0313  0.0313  0.0312  0.0312  0.0312  0.0312  0.0312  0.0312  0.0312
  0.0314  0.0314  0.0314  0.0313  0.0313  0.0312  0.0313  0.0315  0.0313  0.0314  0.0312  0.0312
  0.0318  0.0317  0.0315  0.0316  0.0315  0.0316  0.0315  0.0321  0.0315  0.0320  0.0313  0.0314
  0.0324  0.0322  0.0318  0.0322  0.0319  0.0321  0.0320  0.0331  0.0319  0.0327  0.0316  0.0316
niter,ni,del,rscale     4    3    5.0000    0.7000
parameters
   -0.0761   34.8489   -7.8894   -2.6006  -16.3036  -12.3918
    1.8752   10.0950   -0.3304   26.9960  -10.8062  -18.6136
eta,q 0.96890  8.70502
  0.0320  0.0318  0.0316  0.0322  0.0318  0.0321  0.0318  0.0324  0.0317  0.0321  0.0314  0.0313
  0.0315  0.0315  0.0314  0.0317  0.0315  0.0318  0.0314  0.0317  0.0314  0.0315  0.0312  0.0312
  0.0312  0.0312  0.0312  0.0313  0.0313  0.0314  0.0312  0.0312  0.0312  0.0312  0.0311  0.0311
  0.0312  0.0312  0.0312  0.0312  0.0312  0.0311  0.0311  0.0311  0.0311  0.0311  0.0311  0.0311
  0.0313  0.0312  0.0312  0.0312  0.0312  0.0312  0.0312  0.0313  0.0312  0.0313  0.0311  0.0312
  0.0316  0.0315  0.0313  0.0316  0.0314  0.0314  0.0314  0.0318  0.0313  0.0317  0.0313  0.0313
  0.0321  0.0318  0.0315  0.0321  0.0317  0.0319  0.0317  0.0325  0.0317  0.0323  0.0314  0.0314
niter,ni,del,rscale     3    3    5.0000    0.6000
parameters
   -0.0888   34.8703   -7.8017   -2.5434  -16.1212  -11.9906
    1.9311    9.9957   -0.2580   26.8784  -10.8966  -18.8704
eta,q 0.96892  8.72846
  0.0317  0.0316  0.0315  0.0319  0.0316  0.0319  0.0316  0.0321  0.0315  0.0318  0.0313  0.0312
  0.0314  0.0313  0.0313  0.0315  0.0313  0.0316  0.0313  0.0315  0.0313  0.0314  0.0312  0.0312
  0.0312  0.0312  0.0312  0.0312  0.0312  0.0313  0.0311  0.0312  0.0311  0.0312  0.0311  0.0311
  0.0311  0.0311  0.0311  0.0311  0.0311  0.0311  0.0311  0.0311  0.0311  0.0311  0.0311  0.0311
  0.0312  0.0312  0.0311  0.0312  0.0311  0.0311  0.0311  0.0312  0.0311  0.0312  0.0311  0.0311
  0.0314  0.0313  0.0312  0.0314  0.0313  0.0313  0.0313  0.0316  0.0313  0.0315  0.0312  0.0312
  0.0318  0.0316  0.0314  0.0319  0.0315  0.0317  0.0316  0.0322  0.0315  0.0319  0.0313  0.0313
niter,ni,del,rscale     2    3    5.0000    0.5000
parameters
   -0.0957   34.8785   -7.7039   -2.5183  -16.0288  -11.7099
    1.9601    9.9203   -0.1867   26.8133  -10.9236  -18.9612
eta,q 0.96894  8.74221
  0.0315  0.0314  0.0313  0.0317  0.0314  0.0317  0.0314  0.0318  0.0314  0.0316  0.0312  0.0312
  0.0313  0.0312  0.0312  0.0314  0.0312  0.0314  0.0312  0.0314  0.0312  0.0313  0.0311  0.0311
  0.0311  0.0311  0.0311  0.0312  0.0311  0.0312  0.0311  0.0311  0.0311  0.0311  0.0311  0.0311
  0.0311  0.0311  0.0311  0.0311  0.0311  0.0311  0.0311  0.0311  0.0311  0.0311  0.0311  0.0311
  0.0311  0.0311  0.0311  0.0311  0.0311  0.0311  0.0311  0.0312  0.0311  0.0311  0.0311  0.0311
  0.0313  0.0312  0.0311  0.0313  0.0312  0.0313  0.0312  0.0314  0.0312  0.0313  0.0311  0.0311
  0.0315  0.0314  0.0313  0.0317  0.0314  0.0315  0.0314  0.0318  0.0313  0.0317  0.0312  0.0312
niter,ni,del,rscale     1    3    5.0000    0.4000
parameters
   -0.1034   34.8833   -7.6206   -2.5207  -15.9688  -11.5448
    2.0005    9.8604   -0.1617   26.7751  -10.9010  -19.0179
eta,q 0.96894  8.74994
  0.0314  0.0313  0.0312  0.0315  0.0313  0.0315  0.0313  0.0315  0.0313  0.0314  0.0312  0.0312
  0.0312  0.0312  0.0311  0.0312  0.0312  0.0313  0.0312  0.0313  0.0311  0.0312  0.0311  0.0311
  0.0311  0.0311  0.0311  0.0311  0.0311  0.0311  0.0311  0.0311  0.0311  0.0311  0.0311  0.0311
  0.0311  0.0311  0.0311  0.0311  0.0311  0.0311  0.0311  0.0311  0.0311  0.0311  0.0311  0.0311
  0.0311  0.0311  0.0311  0.0311  0.0311  0.0311  0.0311  0.0311  0.0311  0.0311  0.0311  0.0311
  0.0312  0.0312  0.0311  0.0312  0.0311  0.0312  0.0312  0.0313  0.0311  0.0312  0.0311  0.0311
  0.0314  0.0313  0.0312  0.0315  0.0313  0.0314  0.0313  0.0316  0.0312  0.0314  0.0312  0.0312
registration optimization eta report
parameter search radius
    0.8000    0.8000    0.8000    2.4000    2.4000    2.4000
    2.4000    2.4000    2.4000    2.4000    2.4000    2.4000
100000*second partial in parameter space
       47.       35.       23.        7.        4.        7.
        4.        8.        3.        6.        2.        2.
  0.0314  0.0313  0.0312  0.0315  0.0313  0.0315  0.0313  0.0315  0.0313  0.0314  0.0312  0.0312
  0.0312  0.0312  0.0311  0.0312  0.0312  0.0313  0.0312  0.0313  0.0311  0.0312  0.0311  0.0311
  0.0311  0.0311  0.0311  0.0311  0.0311  0.0311  0.0311  0.0311  0.0311  0.0311  0.0311  0.0311
  0.0311  0.0311  0.0311  0.0311  0.0311  0.0311  0.0311  0.0311  0.0311  0.0311  0.0311  0.0311
  0.0311  0.0311  0.0311  0.0311  0.0311  0.0311  0.0311  0.0311  0.0311  0.0311  0.0311  0.0311
  0.0312  0.0312  0.0311  0.0312  0.0311  0.0312  0.0312  0.0313  0.0311  0.0312  0.0311  0.0311
  0.0314  0.0313  0.0312  0.0315  0.0313  0.0314  0.0313  0.0316  0.0312  0.0314  0.0312  0.0312
   -0.1034   34.8833   -7.6206   -2.5207  -15.9688  -11.5448
    2.0005    9.8604   -0.1617   26.7751  -10.9010  -19.0179
eta,q 0.96894  8.74994

---------------------------------------------------------------------
imgreg_4dfp /opt/freesurfer/average/711-2C_as_mni_average_305 /opt/freesurfer/average/711-2B_as_mni_average_305_mask talsrcimg_g11 none talsrcimg_to_711-2C_as_mni_average_305_t4 2311
---------------------------------------------------------------------

freesurfer imgreg_4dfp.c
/opt/freesurfer/average/711-2C_as_mni_average_305.4dfp.img
       256       256       256         1
  1.000000  1.000000  1.000000
orientation T byte_order littleendian
Reading image: /opt/freesurfer/average/711-2C_as_mni_average_305.4dfp.img
dimensions:      256       256       256
mmppix:       1.0000   -1.0000   -1.0000
center:     128.0000 -129.0000 -129.0000
/opt/freesurfer/average/711-2B_as_mni_average_305_mask.4dfp.img
       256       256       256         1
  1.000000  1.000000  1.000000
orientation T byte_order littleendian
Reading mask: /opt/freesurfer/average/711-2B_as_mni_average_305_mask.4dfp.img (2306576 pixels)
talsrcimg_g11.4dfp.img
       256       256       256         1
  1.000000  1.000000  1.000000
orientation T byte_order littleendian
Reading image: talsrcimg_g11.4dfp.img
dimensions:      256       256       256
mmppix:       1.0000   -1.0000   -1.0000
center:     128.0000 -129.0000 -129.0000
fimgreg.f
image alignment mode   2311 decimal      907 hex
parameters
   -0.1034   34.8833   -7.6206   -2.5207  -15.9688  -11.5448
    2.0005    9.8604   -0.1617   26.7751  -10.9010  -19.0179
eta,q 0.96894  8.74994
niter,ni,del,rscale     5    3    5.0000    0.8000
parameters
   -0.1171   34.9080   -7.6004   -2.6703  -16.1635  -11.6878
    1.9218   10.0360   -0.1597   26.9734  -10.9217  -18.8592
eta,q 0.96893  8.73311
  0.0322  0.0320  0.0316  0.0323  0.0318  0.0322  0.0319  0.0331  0.0318  0.0326  0.0315  0.0315
  0.0316  0.0315  0.0313  0.0317  0.0314  0.0317  0.0315  0.0320  0.0314  0.0318  0.0313  0.0312
  0.0312  0.0312  0.0311  0.0312  0.0312  0.0313  0.0312  0.0313  0.0311  0.0313  0.0311  0.0311
  0.0311  0.0311  0.0311  0.0311  0.0311  0.0311  0.0311  0.0311  0.0311  0.0311  0.0311  0.0311
  0.0312  0.0312  0.0311  0.0312  0.0311  0.0312  0.0312  0.0313  0.0312  0.0312  0.0311  0.0311
  0.0316  0.0314  0.0313  0.0318  0.0314  0.0317  0.0315  0.0319  0.0314  0.0316  0.0313  0.0312
  0.0323  0.0319  0.0316  0.0326  0.0320  0.0325  0.0320  0.0327  0.0318  0.0324  0.0315  0.0314
niter,ni,del,rscale     4    3    5.0000    0.7000
parameters
   -0.0849   34.9041   -7.5990   -2.6545  -16.2426  -11.6939
    1.8823   10.0381   -0.1790   26.9698  -10.9088  -18.8044
eta,q 0.96893  8.72946
  0.0320  0.0318  0.0315  0.0321  0.0316  0.0320  0.0317  0.0325  0.0316  0.0322  0.0314  0.0314
  0.0315  0.0314  0.0313  0.0316  0.0314  0.0316  0.0314  0.0317  0.0313  0.0316  0.0312  0.0312
  0.0312  0.0311  0.0311  0.0312  0.0312  0.0312  0.0311  0.0312  0.0311  0.0312  0.0311  0.0311
  0.0311  0.0311  0.0311  0.0311  0.0311  0.0311  0.0311  0.0311  0.0311  0.0311  0.0311  0.0311
  0.0312  0.0311  0.0311  0.0312  0.0311  0.0312  0.0311  0.0313  0.0311  0.0312  0.0311  0.0311
  0.0314  0.0314  0.0313  0.0316  0.0313  0.0315  0.0314  0.0317  0.0313  0.0316  0.0312  0.0312
  0.0319  0.0317  0.0315  0.0322  0.0317  0.0321  0.0318  0.0324  0.0316  0.0322  0.0314  0.0313
niter,ni,del,rscale     3    3    5.0000    0.6000
parameters
   -0.0799   34.8868   -7.5837   -2.6072  -16.2160  -11.6139
    1.9099    9.9882   -0.1932   26.9050  -10.8949  -18.8217
eta,q 0.96894  8.73383
  0.0317  0.0316  0.0314  0.0319  0.0315  0.0319  0.0316  0.0321  0.0315  0.0319  0.0313  0.0313
  0.0314  0.0313  0.0312  0.0315  0.0313  0.0315  0.0313  0.0315  0.0313  0.0314  0.0312  0.0312
  0.0311  0.0311  0.0311  0.0312  0.0311  0.0312  0.0311  0.0312  0.0311  0.0311  0.0311  0.0311
  0.0311  0.0311  0.0311  0.0311  0.0311  0.0311  0.0311  0.0311  0.0311  0.0311  0.0311  0.0311
  0.0311  0.0311  0.0311  0.0312  0.0311  0.0312  0.0311  0.0312  0.0311  0.0312  0.0311  0.0311
  0.0314  0.0313  0.0312  0.0314  0.0313  0.0314  0.0313  0.0316  0.0313  0.0315  0.0312  0.0312
  0.0317  0.0316  0.0314  0.0319  0.0315  0.0318  0.0316  0.0321  0.0315  0.0319  0.0313  0.0313
niter,ni,del,rscale     2    3    5.0000    0.5000
parameters
   -0.0840   34.8753   -7.5502   -2.5675  -16.1453  -11.5147
    1.9502    9.9196   -0.1922   26.8401  -10.8685  -18.8511
eta,q 0.96894  8.74055
  0.0315  0.0314  0.0313  0.0317  0.0314  0.0317  0.0314  0.0318  0.0313  0.0316  0.0312  0.0312
  0.0313  0.0312  0.0312  0.0314  0.0312  0.0314  0.0312  0.0314  0.0312  0.0313  0.0311  0.0311
  0.0311  0.0311  0.0311  0.0311  0.0311  0.0311  0.0311  0.0311  0.0311  0.0311  0.0311  0.0311
  0.0311  0.0311  0.0311  0.0311  0.0311  0.0311  0.0311  0.0311  0.0311  0.0311  0.0311  0.0311
  0.0311  0.0311  0.0311  0.0311  0.0311  0.0311  0.0311  0.0312  0.0311  0.0311  0.0311  0.0311
  0.0313  0.0312  0.0312  0.0313  0.0312  0.0313  0.0312  0.0314  0.0312  0.0313  0.0311  0.0311
  0.0315  0.0314  0.0313  0.0316  0.0314  0.0316  0.0314  0.0318  0.0313  0.0317  0.0312  0.0312
niter,ni,del,rscale     1    3    5.0000    0.4000
parameters
   -0.0956   34.8705   -7.5221   -2.5435  -16.0677  -11.4652
    1.9994    9.8591   -0.1846   26.7989  -10.8530  -18.8614
eta,q 0.96894  8.74576
  0.0314  0.0313  0.0312  0.0315  0.0313  0.0315  0.0313  0.0315  0.0312  0.0314  0.0312  0.0312
  0.0312  0.0312  0.0311  0.0312  0.0312  0.0313  0.0312  0.0313  0.0311  0.0312  0.0311  0.0311
  0.0311  0.0311  0.0311  0.0311  0.0311  0.0311  0.0311  0.0311  0.0311  0.0311  0.0311  0.0311
  0.0311  0.0311  0.0311  0.0311  0.0311  0.0311  0.0311  0.0311  0.0311  0.0311  0.0311  0.0311
  0.0311  0.0311  0.0311  0.0311  0.0311  0.0311  0.0311  0.0311  0.0311  0.0311  0.0311  0.0311
  0.0312  0.0312  0.0311  0.0312  0.0311  0.0312  0.0311  0.0313  0.0311  0.0312  0.0311  0.0311
  0.0314  0.0313  0.0312  0.0315  0.0313  0.0314  0.0313  0.0316  0.0312  0.0314  0.0312  0.0312
registration optimization eta report
parameter search radius
    0.8000    0.8000    0.8000    2.4000    2.4000    2.4000
    2.4000    2.4000    2.4000    2.4000    2.4000    2.4000
100000*second partial in parameter space
       48.       36.       23.        7.        4.        7.
        4.        8.        3.        6.        2.        2.
  0.0314  0.0313  0.0312  0.0315  0.0313  0.0315  0.0313  0.0315  0.0312  0.0314  0.0312  0.0312
  0.0312  0.0312  0.0311  0.0312  0.0312  0.0313  0.0312  0.0313  0.0311  0.0312  0.0311  0.0311
  0.0311  0.0311  0.0311  0.0311  0.0311  0.0311  0.0311  0.0311  0.0311  0.0311  0.0311  0.0311
  0.0311  0.0311  0.0311  0.0311  0.0311  0.0311  0.0311  0.0311  0.0311  0.0311  0.0311  0.0311
  0.0311  0.0311  0.0311  0.0311  0.0311  0.0311  0.0311  0.0311  0.0311  0.0311  0.0311  0.0311
  0.0312  0.0312  0.0311  0.0312  0.0311  0.0312  0.0311  0.0313  0.0311  0.0312  0.0311  0.0311
  0.0314  0.0313  0.0312  0.0315  0.0313  0.0314  0.0313  0.0316  0.0312  0.0314  0.0312  0.0312
   -0.0956   34.8705   -7.5221   -2.5435  -16.0677  -11.4652
    1.9994    9.8591   -0.1846   26.7989  -10.8530  -18.8614
eta,q 0.96894  8.74576

---------------------------------------------------------------------
compute_vox2vox talsrcimg talsrcimg_to_711-2C_as_mni_average_305_t4 /opt/freesurfer/average/711-2C_as_mni_average_305
---------------------------------------------------------------------

freesurfer compute_vox2vox.c
Reading: talsrcimg.4dfp.ifh
Reading: talsrcimg_to_711-2C_as_mni_average_305_t4
Reading: /opt/freesurfer/average/711-2C_as_mni_average_305.4dfp.ifh
Writing: talsrcimg_to_711-2C_as_mni_average_305_t4_vox2vox.txt

start time Mon Mar 9 21:33:11 CET 2026
end		time Mon Mar 9 21:34:40 CET 2026

mpr2mni305 success

avi2talxfm orig_nu.mgz /opt/freesurfer/average/mni305.cor.mgz talsrcimg_to_711-2C_as_mni_average_305_t4_vox2vox.txt transforms/talairach.auto.xfm
avi2talxfm done
mv -f /out/sourcedata/freesurfer/sub-v1s2x0051466_ses-1/mri/talsrcimg_to_711-2C_as_mni_average_305_t4_vox2vox.txt /out/sourcedata/freesurfer/sub-v1s2x0051466_ses-1/mri/transforms/talsrcimg_to_711-2C_as_mni_average_305_t4_vox2vox.txt
lta_convert --src orig_nu.mgz --trg /opt/freesurfer/average/mni305.cor.mgz --inxfm transforms/talairach.auto.xfm --outlta transforms/talairach.auto.xfm.lta --subject fsaverage
7.3.2

--src: orig_nu.mgz src image (geometry).
--trg: /opt/freesurfer/average/mni305.cor.mgz trg image (geometry).
--inmni: transforms/talairach.auto.xfm input MNI/XFM transform.
--outlta: transforms/talairach.auto.xfm.lta output LTA.
--s: fsaverage subject name
 LTA read, type : 1
 1.01499  -0.09898  -0.04642   8.59280;
 0.11694   1.04616   0.23231  -56.83533;
-0.03511  -0.33425   1.11716   5.80394;
 0.00000   0.00000   0.00000   1.00000;
setting subject to fsaverage
Writing  LTA to file transforms/talairach.auto.xfm.lta...
lta_convert successful.
 
 
Started at Mon Mar 9 21:33:11 CET 2026
Ended   at Mon Mar  9 21:34:41 CET 2026
talairach_avi done
