status file for recon-all
Tue Mar 10 00:17:27 CET 2026
#@# Tessellate rh Tue Mar 10 00:17:27 CET 2026
#@# Smooth1 rh Tue Mar 10 00:17:31 CET 2026
#@# Inflation1 rh Tue Mar 10 00:17:35 CET 2026
#@# QSphere rh Tue Mar 10 00:17:59 CET 2026
#@# Fix Topology rh Tue Mar 10 00:19:24 CET 2026
#@# Smooth2 rh Tue Mar 10 00:29:30 CET 2026
#@# Inflation2 rh Tue Mar 10 00:29:34 CET 2026
#@# Curv .H and .K rh Tue Mar 10 00:29:53 CET 2026
#@# Sphere rh Tue Mar 10 00:30:53 CET 2026
#@# Surf Reg rh Tue Mar 10 00:36:35 CET 2026
#@# Jacobian white rh Tue Mar 10 00:43:20 CET 2026
#@# AvgCurv rh Tue Mar 10 00:43:21 CET 2026
#@# Cortical Parc rh Tue Mar 10 00:43:23 CET 2026
#@# white curv rh Tue Mar 10 00:51:33 CET 2026
#@# white area rh Tue Mar 10 00:51:35 CET 2026
#@# pial curv rh Tue Mar 10 00:51:36 CET 2026
#@# pial area rh Tue Mar 10 00:51:38 CET 2026
#@# thickness rh Tue Mar 10 00:51:39 CET 2026
#@# area and vertex vol rh Tue Mar 10 00:52:18 CET 2026
#@# Curvature Stats rh Tue Mar 10 00:52:21 CET 2026
#@# Cortical Parc 2 rh Tue Mar 10 00:52:24 CET 2026
#@# Cortical Parc 3 rh Tue Mar 10 00:52:41 CET 2026
#@# WM/GM Contrast rh Tue Mar 10 00:52:54 CET 2026
recon-all -s sub-v1s2x0051472_ses-1 finished without error at Tue Mar 10 00:52:58 CET 2026



#New# invocation of recon-all 



status file for recon-all
Tue Mar 10 01:03:17 CET 2026
#@# white curv rh Tue Mar 10 01:03:17 CET 2026
#@# white area rh Tue Mar 10 01:03:17 CET 2026
#@# pial curv rh Tue Mar 10 01:03:17 CET 2026
#@# pial area rh Tue Mar 10 01:03:17 CET 2026
#@# thickness rh Tue Mar 10 01:03:17 CET 2026
#@# area and vertex vol rh Tue Mar 10 01:03:17 CET 2026
#@# Parcellation Stats rh Tue Mar 10 01:03:17 CET 2026
#@# Parcellation Stats 2 rh Tue Mar 10 01:03:46 CET 2026
#@# Parcellation Stats 3 rh Tue Mar 10 01:04:01 CET 2026
#@# BA_exvivo Labels rh Tue Mar 10 01:04:16 CET 2026
recon-all -s sub-v1s2x0051472_ses-1 finished without error at Tue Mar 10 01:07:48 CET 2026
