status file for recon-all
Mon Mar  9 21:40:32 CET 2026
#@# MotionCor Mon Mar  9 21:40:35 CET 2026
#@# Talairach Mon Mar  9 21:40:43 CET 2026
#@# Talairach Failure Detection Mon Mar  9 21:45:09 CET 2026
#@# Nu Intensity Correction Mon Mar  9 21:45:09 CET 2026
#@# Intensity Normalization Mon Mar  9 21:48:26 CET 2026
recon-all -s sub-v1s2x0051472_ses-1 finished without error at Mon Mar  9 21:50:12 CET 2026



#New# invocation of recon-all 



status file for recon-all
Mon Mar  9 21:57:42 CET 2026
#@# EM Registration Mon Mar  9 21:57:42 CET 2026
recon-all -s sub-v1s2x0051472_ses-1 finished without error at Mon Mar  9 21:59:33 CET 2026



#New# invocation of recon-all 



status file for recon-all
Mon Mar  9 21:59:36 CET 2026
#@# CA Normalize Mon Mar  9 21:59:36 CET 2026
#@# CA Reg Mon Mar  9 22:01:02 CET 2026
#@# SubCort Seg Mon Mar  9 22:50:42 CET 2026
#@# CC Seg Mon Mar  9 23:39:43 CET 2026
#@# Merge ASeg Mon Mar  9 23:40:27 CET 2026
#@# Intensity Normalization2 Mon Mar  9 23:40:27 CET 2026
#@# Mask BFS Mon Mar  9 23:42:54 CET 2026
#@# WM Segmentation Mon Mar  9 23:42:55 CET 2026
#@# Fill Mon Mar  9 23:45:22 CET 2026
recon-all -s sub-v1s2x0051472_ses-1 finished without error at Mon Mar  9 23:46:26 CET 2026



#New# invocation of recon-all 



status file for recon-all
Tue Mar 10 00:53:01 CET 2026
#@# white curv lh Tue Mar 10 00:53:01 CET 2026
#@# white area lh Tue Mar 10 00:53:01 CET 2026
#@# pial curv lh Tue Mar 10 00:53:01 CET 2026
#@# pial area lh Tue Mar 10 00:53:01 CET 2026
#@# thickness lh Tue Mar 10 00:53:01 CET 2026
#@# area and vertex vol lh Tue Mar 10 00:53:01 CET 2026
#@# white curv rh Tue Mar 10 00:53:01 CET 2026
#@# white area rh Tue Mar 10 00:53:01 CET 2026
#@# pial curv rh Tue Mar 10 00:53:01 CET 2026
#@# pial area rh Tue Mar 10 00:53:01 CET 2026
#@# thickness rh Tue Mar 10 00:53:01 CET 2026
#@# area and vertex vol rh Tue Mar 10 00:53:01 CET 2026
#@# Cortical ribbon mask Tue Mar 10 00:53:01 CET 2026
recon-all -s sub-v1s2x0051472_ses-1 finished without error at Tue Mar 10 00:58:48 CET 2026



#New# invocation of recon-all 



status file for recon-all
Tue Mar 10 01:07:53 CET 2026
#@# white curv lh Tue Mar 10 01:07:53 CET 2026
#@# white area lh Tue Mar 10 01:07:53 CET 2026
#@# pial curv lh Tue Mar 10 01:07:53 CET 2026
#@# pial area lh Tue Mar 10 01:07:53 CET 2026
#@# thickness lh Tue Mar 10 01:07:53 CET 2026
#@# area and vertex vol lh Tue Mar 10 01:07:53 CET 2026
#@# white curv rh Tue Mar 10 01:07:53 CET 2026
#@# white area rh Tue Mar 10 01:07:53 CET 2026
#@# pial curv rh Tue Mar 10 01:07:53 CET 2026
#@# pial area rh Tue Mar 10 01:07:53 CET 2026
#@# thickness rh Tue Mar 10 01:07:53 CET 2026
#@# area and vertex vol rh Tue Mar 10 01:07:53 CET 2026
#@# Curvature Stats lh Tue Mar 10 01:07:53 CET 2026
#@# Curvature Stats rh Tue Mar 10 01:07:57 CET 2026
#@# Relabel Hypointensities Tue Mar 10 01:08:00 CET 2026
#@# APas-to-ASeg Tue Mar 10 01:08:19 CET 2026
#@# AParc-to-ASeg aparc Tue Mar 10 01:08:30 CET 2026
#@# AParc-to-ASeg aparc.a2009s Tue Mar 10 01:09:29 CET 2026
#@# AParc-to-ASeg aparc.DKTatlas Tue Mar 10 01:10:32 CET 2026
#@# WMParc Tue Mar 10 01:11:37 CET 2026
#@# ASeg Stats Tue Mar 10 01:15:57 CET 2026
recon-all -s sub-v1s2x0051472_ses-1 finished without error at Tue Mar 10 01:16:40 CET 2026
