status file for recon-all
Tue Mar 10 00:16:21 CET 2026
#@# Tessellate rh Tue Mar 10 00:16:21 CET 2026
#@# Smooth1 rh Tue Mar 10 00:16:25 CET 2026
#@# Inflation1 rh Tue Mar 10 00:16:28 CET 2026
#@# QSphere rh Tue Mar 10 00:16:46 CET 2026
#@# Fix Topology rh Tue Mar 10 00:19:00 CET 2026
#@# Smooth2 rh Tue Mar 10 00:26:35 CET 2026
#@# Inflation2 rh Tue Mar 10 00:26:38 CET 2026
#@# Curv .H and .K rh Tue Mar 10 00:26:57 CET 2026
#@# Sphere rh Tue Mar 10 00:27:53 CET 2026
#@# Surf Reg rh Tue Mar 10 00:31:18 CET 2026
#@# Jacobian white rh Tue Mar 10 00:37:13 CET 2026
#@# AvgCurv rh Tue Mar 10 00:37:15 CET 2026
#@# Cortical Parc rh Tue Mar 10 00:37:16 CET 2026
#@# white curv rh Tue Mar 10 00:44:58 CET 2026
#@# white area rh Tue Mar 10 00:45:00 CET 2026
#@# pial curv rh Tue Mar 10 00:45:01 CET 2026
#@# pial area rh Tue Mar 10 00:45:03 CET 2026
#@# thickness rh Tue Mar 10 00:45:04 CET 2026
#@# area and vertex vol rh Tue Mar 10 00:45:39 CET 2026
#@# Curvature Stats rh Tue Mar 10 00:45:41 CET 2026
#@# Cortical Parc 2 rh Tue Mar 10 00:45:44 CET 2026
#@# Cortical Parc 3 rh Tue Mar 10 00:45:59 CET 2026
#@# WM/GM Contrast rh Tue Mar 10 00:46:12 CET 2026
recon-all -s sub-v1s2x0051473_ses-1 finished without error at Tue Mar 10 00:46:15 CET 2026



#New# invocation of recon-all 



status file for recon-all
Tue Mar 10 00:55:25 CET 2026
#@# white curv rh Tue Mar 10 00:55:25 CET 2026
#@# white area rh Tue Mar 10 00:55:25 CET 2026
#@# pial curv rh Tue Mar 10 00:55:25 CET 2026
#@# pial area rh Tue Mar 10 00:55:25 CET 2026
#@# thickness rh Tue Mar 10 00:55:25 CET 2026
#@# area and vertex vol rh Tue Mar 10 00:55:26 CET 2026
#@# Parcellation Stats rh Tue Mar 10 00:55:26 CET 2026
#@# Parcellation Stats 2 rh Tue Mar 10 00:55:51 CET 2026
#@# Parcellation Stats 3 rh Tue Mar 10 00:56:03 CET 2026
#@# BA_exvivo Labels rh Tue Mar 10 00:56:16 CET 2026
recon-all -s sub-v1s2x0051473_ses-1 finished without error at Tue Mar 10 00:59:26 CET 2026
