status file for recon-all
Mon Mar  9 23:45:45 CET 2026
#@# Tessellate lh Mon Mar  9 23:45:45 CET 2026
#@# Smooth1 lh Mon Mar  9 23:45:49 CET 2026
#@# Inflation1 lh Mon Mar  9 23:45:53 CET 2026
#@# QSphere lh Mon Mar  9 23:46:11 CET 2026
#@# Fix Topology lh Mon Mar  9 23:47:58 CET 2026
#@# Smooth2 lh Mon Mar  9 23:56:32 CET 2026
#@# Inflation2 lh Mon Mar  9 23:56:36 CET 2026
#@# Curv .H and .K lh Mon Mar  9 23:56:56 CET 2026
#@# Sphere lh Mon Mar  9 23:57:52 CET 2026
#@# Surf Reg lh Tue Mar 10 00:00:56 CET 2026
#@# Jacobian white lh Tue Mar 10 00:07:11 CET 2026
#@# AvgCurv lh Tue Mar 10 00:07:12 CET 2026
#@# Cortical Parc lh Tue Mar 10 00:07:13 CET 2026
#@# white curv lh Tue Mar 10 00:14:58 CET 2026
#@# white area lh Tue Mar 10 00:15:01 CET 2026
#@# pial curv lh Tue Mar 10 00:15:02 CET 2026
#@# pial area lh Tue Mar 10 00:15:05 CET 2026
#@# thickness lh Tue Mar 10 00:15:06 CET 2026
#@# area and vertex vol lh Tue Mar 10 00:15:41 CET 2026
#@# Curvature Stats lh Tue Mar 10 00:15:42 CET 2026
#@# Cortical Parc 2 lh Tue Mar 10 00:15:46 CET 2026
#@# Cortical Parc 3 lh Tue Mar 10 00:16:02 CET 2026
#@# WM/GM Contrast lh Tue Mar 10 00:16:15 CET 2026
recon-all -s sub-v1s2x0051473_ses-1 finished without error at Tue Mar 10 00:16:19 CET 2026



#New# invocation of recon-all 



status file for recon-all
Tue Mar 10 00:51:17 CET 2026
#@# white curv lh Tue Mar 10 00:51:17 CET 2026
#@# white area lh Tue Mar 10 00:51:17 CET 2026
#@# pial curv lh Tue Mar 10 00:51:17 CET 2026
#@# pial area lh Tue Mar 10 00:51:17 CET 2026
#@# thickness lh Tue Mar 10 00:51:17 CET 2026
#@# area and vertex vol lh Tue Mar 10 00:51:17 CET 2026
#@# Parcellation Stats lh Tue Mar 10 00:51:17 CET 2026
#@# Parcellation Stats 2 lh Tue Mar 10 00:51:42 CET 2026
#@# Parcellation Stats 3 lh Tue Mar 10 00:51:56 CET 2026
#@# BA_exvivo Labels lh Tue Mar 10 00:52:09 CET 2026
recon-all -s sub-v1s2x0051473_ses-1 finished without error at Tue Mar 10 00:55:23 CET 2026
