status file for recon-all
Mon Mar  9 21:41:23 CET 2026
#@# MotionCor Mon Mar  9 21:41:25 CET 2026
#@# Talairach Mon Mar  9 21:41:33 CET 2026
#@# Talairach Failure Detection Mon Mar  9 21:45:57 CET 2026
#@# Nu Intensity Correction Mon Mar  9 21:45:58 CET 2026
#@# Intensity Normalization Mon Mar  9 21:49:15 CET 2026
recon-all -s sub-v1s2x0051473_ses-1 finished without error at Mon Mar  9 21:50:53 CET 2026



#New# invocation of recon-all 



status file for recon-all
Mon Mar  9 21:58:05 CET 2026
#@# EM Registration Mon Mar  9 21:58:05 CET 2026
recon-all -s sub-v1s2x0051473_ses-1 finished without error at Mon Mar  9 21:59:57 CET 2026



#New# invocation of recon-all 



status file for recon-all
Mon Mar  9 22:00:00 CET 2026
#@# CA Normalize Mon Mar  9 22:00:00 CET 2026
#@# CA Reg Mon Mar  9 22:01:23 CET 2026
#@# SubCort Seg Mon Mar  9 22:53:50 CET 2026
#@# CC Seg Mon Mar  9 23:39:01 CET 2026
#@# Merge ASeg Mon Mar  9 23:39:51 CET 2026
#@# Intensity Normalization2 Mon Mar  9 23:39:51 CET 2026
#@# Mask BFS Mon Mar  9 23:42:11 CET 2026
#@# WM Segmentation Mon Mar  9 23:42:12 CET 2026
#@# Fill Mon Mar  9 23:44:36 CET 2026
recon-all -s sub-v1s2x0051473_ses-1 finished without error at Mon Mar  9 23:45:42 CET 2026



#New# invocation of recon-all 



status file for recon-all
Tue Mar 10 00:46:19 CET 2026
#@# white curv lh Tue Mar 10 00:46:19 CET 2026
#@# white area lh Tue Mar 10 00:46:19 CET 2026
#@# pial curv lh Tue Mar 10 00:46:19 CET 2026
#@# pial area lh Tue Mar 10 00:46:19 CET 2026
#@# thickness lh Tue Mar 10 00:46:19 CET 2026
#@# area and vertex vol lh Tue Mar 10 00:46:19 CET 2026
#@# white curv rh Tue Mar 10 00:46:19 CET 2026
#@# white area rh Tue Mar 10 00:46:19 CET 2026
#@# pial curv rh Tue Mar 10 00:46:19 CET 2026
#@# pial area rh Tue Mar 10 00:46:19 CET 2026
#@# thickness rh Tue Mar 10 00:46:19 CET 2026
#@# area and vertex vol rh Tue Mar 10 00:46:19 CET 2026
#@# Cortical ribbon mask Tue Mar 10 00:46:20 CET 2026
recon-all -s sub-v1s2x0051473_ses-1 finished without error at Tue Mar 10 00:51:13 CET 2026



#New# invocation of recon-all 



status file for recon-all
Tue Mar 10 00:59:31 CET 2026
#@# white curv lh Tue Mar 10 00:59:31 CET 2026
#@# white area lh Tue Mar 10 00:59:31 CET 2026
#@# pial curv lh Tue Mar 10 00:59:31 CET 2026
#@# pial area lh Tue Mar 10 00:59:31 CET 2026
#@# thickness lh Tue Mar 10 00:59:31 CET 2026
#@# area and vertex vol lh Tue Mar 10 00:59:31 CET 2026
#@# white curv rh Tue Mar 10 00:59:31 CET 2026
#@# white area rh Tue Mar 10 00:59:31 CET 2026
#@# pial curv rh Tue Mar 10 00:59:31 CET 2026
#@# pial area rh Tue Mar 10 00:59:31 CET 2026
#@# thickness rh Tue Mar 10 00:59:31 CET 2026
#@# area and vertex vol rh Tue Mar 10 00:59:31 CET 2026
#@# Curvature Stats lh Tue Mar 10 00:59:31 CET 2026
#@# Curvature Stats rh Tue Mar 10 00:59:34 CET 2026
#@# Relabel Hypointensities Tue Mar 10 00:59:37 CET 2026
#@# APas-to-ASeg Tue Mar 10 00:59:54 CET 2026
#@# AParc-to-ASeg aparc Tue Mar 10 01:00:03 CET 2026
#@# AParc-to-ASeg aparc.a2009s Tue Mar 10 01:01:08 CET 2026
#@# AParc-to-ASeg aparc.DKTatlas Tue Mar 10 01:02:16 CET 2026
#@# WMParc Tue Mar 10 01:03:19 CET 2026
#@# ASeg Stats Tue Mar 10 01:06:59 CET 2026
recon-all -s sub-v1s2x0051473_ses-1 finished without error at Tue Mar 10 01:07:40 CET 2026
