/out/sourcedata/freesurfer/sub-v1s2x0051492_ses-1/mri
/opt/freesurfer/bin/talairach_avi
--i orig_nu.mgz --xfm transforms/talairach.auto.xfm
talairach_avi 7.3.2
Linux dna003 5.14.0-427.37.1.el9_4.x86_64 #1 SMP PREEMPT_DYNAMIC Fri Sep 13 12:41:50 EDT 2024 x86_64 x86_64 x86_64 GNU/Linux
Wed Mar 11 21:34:37 CET 2026
mri_convert orig_nu.mgz talsrcimg.img 
reading from orig_nu.mgz...
TR=0.00, TE=0.00, TI=0.00, flip angle=0.00
i_ras = (-1, 0, 0)
j_ras = (0, 0, -1)
k_ras = (0, 1, 0)
writing to talsrcimg.img...
Analyze Output Matrix
-1.00000   0.00000   0.00000   130.85593;
 0.00000   0.00000   1.00000  -70.37288;
 0.00000  -1.00000   0.00000   120.50848;
 0.00000   0.00000   0.00000   1.00000;
--------------------
INFO: set hdr.hist.orient to -1
mpr2mni305 talsrcimg
Wed Mar 11 21:34:38 CET 2026
/opt/freesurfer/bin/mpr2mni305 talsrcimg
mpr2mni305 7.3.2
target=711-2C_as_mni_average_305

---------------------------------------------------------------------
analyzeto4dfp talsrcimg -O0 -y
---------------------------------------------------------------------

freesurfer ifh2hdr.c
Wed Mar 11 21:34:38 2026
Writing: talsrcimg.4dfp.hdr
freesurfer analyzeto4dfp.c
Reading: talsrcimg.hdr
header size 348 bytes
hdr.dime.datatype	offset=70	value=2
hdr.dime.bitpix		offset=72	value=8
hdr.hist.orient		offset=252	value=-1
dimensionality     4
dimensions       256       256       256         1
Reading: talsrcimg.img
Writing: talsrcimg.4dfp.img
Writing: talsrcimg.4dfp.ifh
ifh2hdr talsrcimg -r0to254
ori=2

---------------------------------------------------------------------
gauss_4dfp talsrcimg 1.1
---------------------------------------------------------------------

freesurfer gauss_4dfp.c
Reading: talsrcimg.4dfp.img
Writing: talsrcimg_g11.4dfp.img
image dimensions 256 256 256 padded to 288 288 288
processing volume 1freesurfer ifh2hdr.c
Wed Mar 11 21:34:40 2026
Writing: talsrcimg_g11.4dfp.hdr

Writing: talsrcimg_g11.4dfp.ifh
including: talsrcimg.4dfp.img.rec in talsrcimg_g11.4dfp.img.rec

---------------------------------------------------------------------
imgreg_4dfp /opt/freesurfer/average/711-2C_as_mni_average_305 none talsrcimg_g11 none talsrcimg_to_711-2C_as_mni_average_305_t4 4355
---------------------------------------------------------------------

freesurfer imgreg_4dfp.c
/opt/freesurfer/average/711-2C_as_mni_average_305.4dfp.img
       256       256       256         1
  1.000000  1.000000  1.000000
orientation T byte_order littleendian
Reading image: /opt/freesurfer/average/711-2C_as_mni_average_305.4dfp.img
dimensions:      256       256       256
mmppix:       1.0000   -1.0000   -1.0000
center:     128.0000 -129.0000 -129.0000
talsrcimg_g11.4dfp.img
       256       256       256         1
  1.000000  1.000000  1.000000
orientation T byte_order littleendian
Reading image: talsrcimg_g11.4dfp.img
dimensions:      256       256       256
mmppix:       1.0000   -1.0000   -1.0000
center:     128.0000 -129.0000 -129.0000
t4_read: open error in t4_sub.f l:  41 t4_file(1:l)talsrcimg_to_711-2C_as_mni_average_305_t4 
t4_read: transform initialized to I4
rotation matrix determinant  1.000000
image alignment mode   4355 decimal     1103 hex
   -7.5000  -45.0000  -45.0000 6005.7148   12.4999
    0.0000  -45.0000  -45.0000 6242.4502   12.4937
    7.5000  -45.0000  -45.0000 5953.9751   12.4889
   -7.5000  -37.5000  -45.0000 6583.2671   12.0903
    0.0000  -37.5000  -45.0000 6860.0352   12.0811
    7.5000  -37.5000  -45.0000 6533.7798   12.0776
   -7.5000  -30.0000  -45.0000 7494.0098   11.8420
    0.0000  -30.0000  -45.0000 7821.9341   11.8309
    7.5000  -30.0000  -45.0000 7455.1191   11.8295
   -7.5000  -22.5000  -45.0000 8482.6416   11.6676
    0.0000  -22.5000  -45.0000 8844.5869   11.6588
    7.5000  -22.5000  -45.0000 8438.9541   11.6560
   -7.5000  -15.0000  -45.0000 9518.8926   11.5757
    0.0000  -15.0000  -45.0000 9935.1357   11.5709
    7.5000  -15.0000  -45.0000 9486.5469   11.5661
   -7.5000   -7.5000  -45.000010583.2275   11.5301
    0.0000   -7.5000  -45.000011030.8701   11.5279
    7.5000   -7.5000  -45.000010519.8447   11.5218
   -7.5000    0.0000  -45.000011512.1270   11.5230
    0.0000    0.0000  -45.000012021.3672   11.5196
    7.5000    0.0000  -45.000011431.8848   11.5143
   -7.5000    7.5000  -45.000011520.7529   11.5337
    0.0000    7.5000  -45.000012025.6396   11.5262
    7.5000    7.5000  -45.000011438.4805   11.5234
   -7.5000   15.0000  -45.000011397.2812   11.5450
    0.0000   15.0000  -45.000011892.4424   11.5350
    7.5000   15.0000  -45.000011324.1553   11.5334
   -7.5000   22.5000  -45.000011189.1865   11.5414
    0.0000   22.5000  -45.000011680.9580   11.5331
    7.5000   22.5000  -45.000011145.3740   11.5302
   -7.5000   30.0000  -45.000010946.0107   11.3795
    0.0000   30.0000  -45.000011443.5342   11.3750
    7.5000   30.0000  -45.000010918.8174   11.3702
   -7.5000   37.5000  -45.000010956.1094   11.3697
    0.0000   37.5000  -45.000011447.4023   11.3676
    7.5000   37.5000  -45.000010929.5283   11.3615
   -7.5000   45.0000  -45.000010581.5322   11.0807
    0.0000   45.0000  -45.000011068.6377   11.0775
    7.5000   45.0000  -45.000010529.2051   11.0724
   -7.5000  -45.0000  -37.5000 6299.3135   12.4175
    0.0000  -45.0000  -37.5000 6572.9907   12.4099
    7.5000  -45.0000  -37.5000 6250.7451   12.4046
   -7.5000  -37.5000  -37.5000 6918.5444   12.0121
    0.0000  -37.5000  -37.5000 7222.6421   12.0039
    7.5000  -37.5000  -37.5000 6878.1738   11.9992
   -7.5000  -30.0000  -37.5000 7899.1362   11.7632
    0.0000  -30.0000  -37.5000 8249.9805   11.7540
    7.5000  -30.0000  -37.5000 7861.5117   11.7528
   -7.5000  -22.5000  -37.5000 8962.1084   11.5877
    0.0000  -22.5000  -37.5000 9348.2119   11.5800
    7.5000  -22.5000  -37.5000 8920.0215   11.5794
   -7.5000  -15.0000  -37.500010060.0322   11.4960
    0.0000  -15.0000  -37.500010507.1797   11.4907
    7.5000  -15.0000  -37.500010025.1055   11.4890
   -7.5000   -7.5000  -37.500011163.1914   11.4527
    0.0000   -7.5000  -37.500011646.9883   11.4488
    7.5000   -7.5000  -37.500011109.9971   11.4445
   -7.5000    0.0000  -37.500012155.9902   11.4475
    0.0000    0.0000  -37.500012673.8213   11.4432
    7.5000    0.0000  -37.500012083.2920   11.4377
   -7.5000    7.5000  -37.500012158.9688   11.4570
    0.0000    7.5000  -37.500012698.0508   11.4505
    7.5000    7.5000  -37.500012095.6357   11.4468
   -7.5000   15.0000  -37.500012040.5918   11.4654
    0.0000   15.0000  -37.500012550.4209   11.4573
    7.5000   15.0000  -37.500011985.6680   11.4560
   -7.5000   22.5000  -37.500011805.5752   11.4601
    0.0000   22.5000  -37.500012330.9814   11.4528
    7.5000   22.5000  -37.500011780.0596   11.4522
   -7.5000   30.0000  -37.500011540.3633   11.3001
    0.0000   30.0000  -37.500012042.5781   11.2950
    7.5000   30.0000  -37.500011507.2432   11.2933
   -7.5000   37.5000  -37.500011542.6357   11.2931
    0.0000   37.5000  -37.500012025.9268   11.2893
    7.5000   37.5000  -37.500011512.9209   11.2851
   -7.5000   45.0000  -37.500011127.9043   11.0082
    0.0000   45.0000  -37.500011605.4951   11.0040
    7.5000   45.0000  -37.500011071.1602   10.9987
   -7.5000  -45.0000  -30.0000 6708.8438   12.9070
    0.0000  -45.0000  -30.0000 6991.7881   12.9015
    7.5000  -45.0000  -30.0000 6664.9922   12.8981
   -7.5000  -37.5000  -30.0000 7381.3809   12.4899
    0.0000  -37.5000  -30.0000 7708.0356   12.4851
    7.5000  -37.5000  -30.0000 7343.4966   12.4815
   -7.5000  -30.0000  -30.0000 8447.1436   12.2293
    0.0000  -30.0000  -30.0000 8822.3350   12.2232
    7.5000  -30.0000  -30.0000 8411.7246   12.2229
   -7.5000  -22.5000  -30.0000 9587.5762   12.0400
    0.0000  -22.5000  -30.000010009.6904   12.0340
    7.5000  -22.5000  -30.0000 9560.4717   12.0351
   -7.5000  -15.0000  -30.000010771.8096   11.9409
    0.0000  -15.0000  -30.000011242.3076   11.9358
    7.5000  -15.0000  -30.000010733.4824   11.9364
   -7.5000   -7.5000  -30.000011940.6250   11.8993
    0.0000   -7.5000  -30.000012453.1006   11.8954
    7.5000   -7.5000  -30.000011889.9102   11.8932
   -7.5000    0.0000  -30.000013002.3291   11.8999
    0.0000    0.0000  -30.000013547.1504   11.8970
    7.5000    0.0000  -30.000012935.3232   11.8932
   -7.5000    7.5000  -30.000013014.9072   11.9120
    0.0000    7.5000  -30.000013575.9756   11.9086
    7.5000    7.5000  -30.000012962.7197   11.9062
   -7.5000   15.0000  -30.000012868.5039   11.9181
    0.0000   15.0000  -30.000013417.2910   11.9131
    7.5000   15.0000  -30.000012827.3330   11.9128
   -7.5000   22.5000  -30.000012631.3750   11.9052
    0.0000   22.5000  -30.000013193.9502   11.8997
    7.5000   22.5000  -30.000012600.1924   11.9007
   -7.5000   30.0000  -30.000012331.0596   11.7380
    0.0000   30.0000  -30.000012874.2529   11.7331
    7.5000   30.0000  -30.000012300.1465   11.7337
   -7.5000   37.5000  -30.000012325.3604   11.7346
    0.0000   37.5000  -30.000012848.7773   11.7307
    7.5000   37.5000  -30.000012296.9121   11.7286
   -7.5000   45.0000  -30.000011854.7227   11.4516
    0.0000   45.0000  -30.000012343.1582   11.4488
    7.5000   45.0000  -30.000011806.2891   11.4452
   -7.5000  -45.0000  -22.5000 7111.9839   13.3510
    0.0000  -45.0000  -22.5000 7417.9253   13.3499
    7.5000  -45.0000  -22.5000 7068.9297   13.3509
   -7.5000  -37.5000  -22.5000 7850.6479   12.9238
    0.0000  -37.5000  -22.5000 8198.4736   12.9220
    7.5000  -37.5000  -22.5000 7816.4038   12.9218
   -7.5000  -30.0000  -22.5000 9003.3389   12.6566
    0.0000  -30.0000  -22.5000 9404.1875   12.6519
    7.5000  -30.0000  -22.5000 8967.8750   12.6525
   -7.5000  -22.5000  -22.500010227.3359   12.4573
    0.0000  -22.5000  -22.500010676.3701   12.4520
    7.5000  -22.5000  -22.500010189.3779   12.4524
   -7.5000  -15.0000  -22.500011473.6230   12.3504
    0.0000  -15.0000  -22.500011972.7441   12.3462
    7.5000  -15.0000  -22.500011432.9033   12.3465
   -7.5000   -7.5000  -22.500012732.8398   12.3064
    0.0000   -7.5000  -22.500013284.0176   12.3046
    7.5000   -7.5000  -22.500012679.2324   12.3042
   -7.5000    0.0000  -22.500013885.6309   12.3096
    0.0000    0.0000  -22.500014491.9824   12.3099
    7.5000    0.0000  -22.500013823.2002   12.3096
   -7.5000    7.5000  -22.500013883.7939   12.3263
    0.0000    7.5000  -22.500014507.9189   12.3255
    7.5000    7.5000  -22.500013830.4541   12.3260
   -7.5000   15.0000  -22.500013699.5039   12.3345
    0.0000   15.0000  -22.500014281.4971   12.3308
    7.5000   15.0000  -22.500013641.8906   12.3314
   -7.5000   22.5000  -22.500013444.8740   12.3169
    0.0000   22.5000  -22.500014037.5869   12.3121
    7.5000   22.5000  -22.500013391.3555   12.3125
   -7.5000   30.0000  -22.500013151.0811   12.1423
    0.0000   30.0000  -22.500013721.9971   12.1384
    7.5000   30.0000  -22.500013108.8496   12.1386
   -7.5000   37.5000  -22.500013145.8115   12.1380
    0.0000   37.5000  -22.500013722.8447   12.1363
    7.5000   37.5000  -22.500013112.5459   12.1358
   -7.5000   45.0000  -22.500012606.1670   11.8547
    0.0000   45.0000  -22.500013134.5811   11.8550
    7.5000   45.0000  -22.500012550.9941   11.8548
   -7.5000  -45.0000  -15.0000 7522.6396   13.6593
    0.0000  -45.0000  -15.0000 7834.8003   13.6605
    7.5000  -45.0000  -15.0000 7474.1919   13.6636
   -7.5000  -37.5000  -15.0000 8304.9473   13.2234
    0.0000  -37.5000  -15.0000 8670.8408   13.2210
    7.5000  -37.5000  -15.0000 8275.5732   13.2228
   -7.5000  -30.0000  -15.0000 9531.6807   12.9536
    0.0000  -30.0000  -15.0000 9959.9971   12.9470
    7.5000  -30.0000  -15.0000 9507.6807   12.9477
   -7.5000  -22.5000  -15.000010835.4502   12.7515
    0.0000  -22.5000  -15.000011313.3965   12.7453
    7.5000  -22.5000  -15.000010803.4160   12.7437
   -7.5000  -15.0000  -15.000012176.1055   12.6405
    0.0000  -15.0000  -15.000012707.0312   12.6375
    7.5000  -15.0000  -15.000012142.9053   12.6353
   -7.5000   -7.5000  -15.000013518.7793   12.5915
    0.0000   -7.5000  -15.000014127.5410   12.5924
    7.5000   -7.5000  -15.000013482.1660   12.5914
   -7.5000    0.0000  -15.000014749.3906   12.5928
    0.0000    0.0000  -15.000015424.3740   12.5949
    7.5000    0.0000  -15.000014700.4863   12.5960
   -7.5000    7.5000  -15.000014792.8955   12.6122
    0.0000    7.5000  -15.000015470.6572   12.6107
    7.5000    7.5000  -15.000014753.9463   12.6129
   -7.5000   15.0000  -15.000014558.1885   12.6243
    0.0000   15.0000  -15.000015189.6631   12.6188
    7.5000   15.0000  -15.000014522.4609   12.6195
   -7.5000   22.5000  -15.000014267.5225   12.6073
    0.0000   22.5000  -15.000014892.4199   12.6017
    7.5000   22.5000  -15.000014228.2627   12.6002
   -7.5000   30.0000  -15.000013955.3418   12.4292
    0.0000   30.0000  -15.000014570.9990   12.4264
    7.5000   30.0000  -15.000013923.2988   12.4243
   -7.5000   37.5000  -15.000013961.7080   12.4210
    0.0000   37.5000  -15.000014595.5879   12.4219
    7.5000   37.5000  -15.000013932.9238   12.4208
   -7.5000   45.0000  -15.000013339.3818   12.1348
    0.0000   45.0000  -15.000013923.4170   12.1369
    7.5000   45.0000  -15.000013298.7090   12.1379
   -7.5000  -45.0000   -7.5000 7921.0117   13.8043
    0.0000  -45.0000   -7.5000 8275.3633   13.8024
    7.5000  -45.0000   -7.5000 7884.4517   13.8021
   -7.5000  -37.5000   -7.5000 8791.8008   13.3588
    0.0000  -37.5000   -7.5000 9183.7285   13.3524
    7.5000  -37.5000   -7.5000 8764.1953   13.3523
   -7.5000  -30.0000   -7.500010112.3203   13.0871
    0.0000  -30.0000   -7.500010548.9336   13.0771
    7.5000  -30.0000   -7.500010088.7773   13.0771
   -7.5000  -22.5000   -7.500011494.0645   12.8897
    0.0000  -22.5000   -7.500011981.6221   12.8819
    7.5000  -22.5000   -7.500011467.3203   12.8791
   -7.5000  -15.0000   -7.500012903.5293   12.7822
    0.0000  -15.0000   -7.500013464.7441   12.7790
    7.5000  -15.0000   -7.500012872.9434   12.7743
   -7.5000   -7.5000   -7.500014322.0918   12.7298
    0.0000   -7.5000   -7.500014963.9414   12.7305
    7.5000   -7.5000   -7.500014290.5195   12.7262
   -7.5000    0.0000   -7.500015622.8447   12.7250
    0.0000    0.0000   -7.500016341.4238   12.7251
    7.5000    0.0000   -7.500015575.2031   12.7232
   -7.5000    7.5000   -7.500015707.5957   12.7411
    0.0000    7.5000   -7.500016460.1309   12.7360
    7.5000    7.5000   -7.500015670.6943   12.7364
   -7.5000   15.0000   -7.500015518.6240   12.7549
    0.0000   15.0000   -7.500016240.7832   12.7461
    7.5000   15.0000   -7.500015509.6182   12.7460
   -7.5000   22.5000   -7.500015157.8145   12.7427
    0.0000   22.5000   -7.500015847.8721   12.7356
    7.5000   22.5000   -7.500015179.4326   12.7328
   -7.5000   30.0000   -7.500014798.2461   12.5682
    0.0000   30.0000   -7.500015435.7246   12.5654
    7.5000   30.0000   -7.500014808.6709   12.5607
   -7.5000   37.5000   -7.500014792.0889   12.5571
    0.0000   37.5000   -7.500015476.0566   12.5577
    7.5000   37.5000   -7.500014787.0449   12.5535
   -7.5000   45.0000   -7.500014108.2666   12.2645
    0.0000   45.0000   -7.500014749.3584   12.2646
    7.5000   45.0000   -7.500014057.9170   12.2628
   -7.5000  -45.0000    0.0000 8224.3115   13.8280
    0.0000  -45.0000    0.0000 8602.2539   13.8216
    7.5000  -45.0000    0.0000 8209.5703   13.8171
   -7.5000  -37.5000    0.0000 9164.8574   13.3771
    0.0000  -37.5000    0.0000 9590.1104   13.3675
    7.5000  -37.5000    0.0000 9151.8213   13.3644
   -7.5000  -30.0000    0.000010561.3457   13.1034
    0.0000  -30.0000    0.000011070.8467   13.0917
    7.5000  -30.0000    0.000010557.7422   13.0909
   -7.5000  -22.5000    0.000012028.7734   12.9106
    0.0000  -22.5000    0.000012612.7793   12.9016
    7.5000  -22.5000    0.000012024.5869   12.8993
   -7.5000  -15.0000    0.000013520.0117   12.8078
    0.0000  -15.0000    0.000014174.3037   12.8033
    7.5000  -15.0000    0.000013521.6914   12.7987
   -7.5000   -7.5000    0.000014974.5049   12.7555
    0.0000   -7.5000    0.000015698.6084   12.7536
    7.5000   -7.5000    0.000014989.5596   12.7476
   -7.5000    0.0000    0.000016268.9873   12.7466
    0.0000    0.0000    0.000017040.2305   12.7434
    7.5000    0.0000    0.000016284.9189   12.7382
   -7.5000    7.5000    0.000016328.8145   12.7581
    0.0000    7.5000    0.000017133.1504   12.7504
    7.5000    7.5000    0.000016330.2842   12.7480
   -7.5000   15.0000    0.000016316.2021   12.7710
    0.0000   15.0000    0.000017192.9375   12.7605
    7.5000   15.0000    0.000016325.1289   12.7596
   -7.5000   22.5000    0.000016117.4072   12.7635
    0.0000   22.5000    0.000016952.1855   12.7550
    7.5000   22.5000    0.000016139.7607   12.7527
   -7.5000   30.0000    0.000015685.7510   12.5939
    0.0000   30.0000    0.000016415.5371   12.5896
    7.5000   30.0000    0.000015666.9961   12.5850
   -7.5000   37.5000    0.000015574.6104   12.5826
    0.0000   37.5000    0.000016316.7090   12.5808
    7.5000   37.5000    0.000015521.6357   12.5748
   -7.5000   45.0000    0.000014756.3076   12.2862
    0.0000   45.0000    0.000015442.5293   12.2831
    7.5000   45.0000    0.000014659.0664   12.2782
   -7.5000  -45.0000    7.5000 7885.8823   13.8432
    0.0000  -45.0000    7.5000 8282.9355   13.8352
    7.5000  -45.0000    7.5000 7872.6816   13.8295
   -7.5000  -37.5000    7.5000 8826.4512   13.3923
    0.0000  -37.5000    7.5000 9269.6621   13.3835
    7.5000  -37.5000    7.5000 8815.2314   13.3786
   -7.5000  -30.0000    7.500010181.9385   13.1148
    0.0000  -30.0000    7.500010707.7617   13.1049
    7.5000  -30.0000    7.500010197.9697   13.1040
   -7.5000  -22.5000    7.500011593.2451   12.9184
    0.0000  -22.5000    7.500012157.3701   12.9102
    7.5000  -22.5000    7.500011627.3555   12.9099
   -7.5000  -15.0000    7.500013041.7891   12.8155
    0.0000  -15.0000    7.500013648.0166   12.8099
    7.5000  -15.0000    7.500013091.8115   12.8084
   -7.5000   -7.5000    7.500014489.1240   12.7671
    0.0000   -7.5000    7.500015182.5439   12.7631
    7.5000   -7.5000    7.500014530.9277   12.7586
   -7.5000    0.0000    7.500015765.2979   12.7617
    0.0000    0.0000    7.500016507.8926   12.7572
    7.5000    0.0000    7.500015780.3096   12.7514
   -7.5000    7.5000    7.500015768.9131   12.7724
    0.0000    7.5000    7.500016526.9863   12.7656
    7.5000    7.5000    7.500015743.1064   12.7619
   -7.5000   15.0000    7.500015708.6426   12.7816
    0.0000   15.0000    7.500016745.8066   12.7730
    7.5000   15.0000    7.500015704.9092   12.7719
   -7.5000   22.5000    7.500015697.0879   12.7711
    0.0000   22.5000    7.500016858.1504   12.7634
    7.5000   22.5000    7.500015699.2588   12.7631
   -7.5000   30.0000    7.500015358.0381   12.6015
    0.0000   30.0000    7.500016369.2061   12.5962
    7.5000   30.0000    7.500015336.3057   12.5946
   -7.5000   37.5000    7.500015190.6436   12.5940
    0.0000   37.5000    7.500016029.5146   12.5901
    7.5000   37.5000    7.500015135.3564   12.5857
   -7.5000   45.0000    7.500014304.4062   12.3008
    0.0000   45.0000    7.500015005.3916   12.2964
    7.5000   45.0000    7.500014254.3818   12.2909
   -7.5000  -45.0000   15.0000 7458.9458   13.8913
    0.0000  -45.0000   15.0000 7835.8462   13.8856
    7.5000  -45.0000   15.0000 7460.6040   13.8820
   -7.5000  -37.5000   15.0000 8365.3604   13.4419
    0.0000  -37.5000   15.0000 8792.7402   13.4370
    7.5000  -37.5000   15.0000 8375.5342   13.4331
   -7.5000  -30.0000   15.0000 9677.8721   13.1609
    0.0000  -30.0000   15.000010169.6865   13.1546
    7.5000  -30.0000   15.0000 9697.6445   13.1543
   -7.5000  -22.5000   15.000011038.0205   12.9566
    0.0000  -22.5000   15.000011594.5381   12.9504
    7.5000  -22.5000   15.000011082.8857   12.9516
   -7.5000  -15.0000   15.000012452.4395   12.8495
    0.0000  -15.0000   15.000013100.1895   12.8442
    7.5000  -15.0000   15.000012499.0820   12.8450
   -7.5000   -7.5000   15.000013850.9414   12.8047
    0.0000   -7.5000   15.000014576.4756   12.8007
    7.5000   -7.5000   15.000013878.4072   12.7984
   -7.5000    0.0000   15.000015090.6406   12.8055
    0.0000    0.0000   15.000015821.1455   12.8025
    7.5000    0.0000   15.000015091.5898   12.7986
   -7.5000    7.5000   15.000015137.9756   12.8187
    0.0000    7.5000   15.000015831.6670   12.8153
    7.5000    7.5000   15.000015111.9492   12.8127
   -7.5000   15.0000   15.000015054.8262   12.8252
    0.0000   15.0000   15.000015900.4688   12.8201
    7.5000   15.0000   15.000015086.0566   12.8198
   -7.5000   22.5000   15.000014959.8662   12.8083
    0.0000   22.5000   15.000015697.6328   12.8027
    7.5000   22.5000   15.000014923.4014   12.8039
   -7.5000   30.0000   15.000014604.4473   12.6347
    0.0000   30.0000   15.000015252.3916   12.6298
    7.5000   30.0000   15.000014541.2451   12.6305
   -7.5000   37.5000   15.000014535.9326   12.6312
    0.0000   37.5000   15.000015214.9619   12.6272
    7.5000   37.5000   15.000014508.5332   12.6250
   -7.5000   45.0000   15.000013711.0332   12.3430
    0.0000   45.0000   15.000014344.5518   12.3402
    7.5000   45.0000   15.000013694.7734   12.3364
   -7.5000  -45.0000   22.5000 6955.5171   13.9553
    0.0000  -45.0000   22.5000 7309.5493   13.9545
    7.5000  -45.0000   22.5000 6954.2690   13.9558
   -7.5000  -37.5000   22.5000 7822.6533   13.5084
    0.0000  -37.5000   22.5000 8228.5107   13.5068
    7.5000  -37.5000   22.5000 7831.6875   13.5067
   -7.5000  -30.0000   22.5000 9078.6758   13.2289
    0.0000  -30.0000   22.5000 9546.2490   13.2242
    7.5000  -30.0000   22.5000 9088.6504   13.2250
   -7.5000  -22.5000   22.500010387.2246   13.0197
    0.0000  -22.5000   22.500010900.9932   13.0144
    7.5000  -22.5000   22.500010404.0625   13.0149
   -7.5000  -15.0000   22.500011733.9551   12.9072
    0.0000  -15.0000   22.500012306.5664   12.9031
    7.5000  -15.0000   22.500011758.1064   12.9036
   -7.5000   -7.5000   22.500013012.2168   12.8610
    0.0000   -7.5000   22.500013624.0010   12.8595
    7.5000   -7.5000   22.500013030.6504   12.8591
   -7.5000    0.0000   22.500014146.0820   12.8646
    0.0000    0.0000   22.500014734.6768   12.8653
    7.5000    0.0000   22.500014145.1943   12.8651
   -7.5000    7.5000   22.500014190.8750   12.8826
    0.0000    7.5000   22.500014780.3467   12.8820
    7.5000    7.5000   22.500014214.4717   12.8827
   -7.5000   15.0000   22.500014119.4297   12.8913
    0.0000   15.0000   22.500014755.9453   12.8877
    7.5000   15.0000   22.500014186.7432   12.8885
   -7.5000   22.5000   22.500013942.6299   12.8705
    0.0000   22.5000   22.500014453.8838   12.8658
    7.5000   22.5000   22.500013929.0088   12.8663
   -7.5000   30.0000   22.500013595.8379   12.6912
    0.0000   30.0000   22.500014047.3633   12.6874
    7.5000   30.0000   22.500013562.1035   12.6878
   -7.5000   37.5000   22.500013620.3125   12.6867
    0.0000   37.5000   22.500014134.8516   12.6853
    7.5000   37.5000   22.500013590.1348   12.6849
   -7.5000   45.0000   22.500012908.3213   12.4000
    0.0000   45.0000   22.500013415.9492   12.4007
    7.5000   45.0000   22.500012876.9834   12.4005
   -7.5000  -45.0000   30.0000 6437.6143   14.1068
    0.0000  -45.0000   30.0000 6757.4434   14.1081
    7.5000  -45.0000   30.0000 6431.1255   14.1111
   -7.5000  -37.5000   30.0000 7237.4922   13.6535
    0.0000  -37.5000   30.0000 7607.6978   13.6510
    7.5000  -37.5000   30.0000 7250.4429   13.6527
   -7.5000  -30.0000   30.0000 8402.6895   13.3729
    0.0000  -30.0000   30.0000 8822.5068   13.3660
    7.5000  -30.0000   30.0000 8412.2373   13.3666
   -7.5000  -22.5000   30.0000 9599.9561   13.1614
    0.0000  -22.5000   30.000010063.3525   13.1551
    7.5000  -22.5000   30.0000 9626.6367   13.1534
   -7.5000  -15.0000   30.000010837.4463   13.0460
    0.0000  -15.0000   30.000011350.7002   13.0431
    7.5000  -15.0000   30.000010871.0371   13.0406
   -7.5000   -7.5000   30.000012022.5283   12.9954
    0.0000   -7.5000   30.000012573.2363   12.9964
    7.5000   -7.5000   30.000012040.6436   12.9951
   -7.5000    0.0000   30.000013067.4590   12.9983
    0.0000    0.0000   30.000013636.8750   13.0006
    7.5000    0.0000   30.000013072.6191   13.0014
   -7.5000    7.5000   30.000013131.1748   13.0198
    0.0000    7.5000   30.000013729.0947   13.0183
    7.5000    7.5000   30.000013172.2148   13.0203
   -7.5000   15.0000   30.000013049.5732   13.0321
    0.0000   15.0000   30.000013636.4717   13.0264
    7.5000   15.0000   30.000013092.2803   13.0270
   -7.5000   22.5000   30.000012874.6348   13.0111
    0.0000   22.5000   30.000013378.4141   13.0053
    7.5000   22.5000   30.000012855.7285   13.0037
   -7.5000   30.0000   30.000012588.2188   12.8271
    0.0000   30.0000   30.000013082.0518   12.8244
    7.5000   30.0000   30.000012569.8389   12.8220
   -7.5000   37.5000   30.000012619.4209   12.8192
    0.0000   37.5000   30.000013141.0029   12.8203
    7.5000   37.5000   30.000012597.0889   12.8190
   -7.5000   45.0000   30.000011962.4854   12.5289
    0.0000   45.0000   30.000012441.0723   12.5311
    7.5000   45.0000   30.000011925.0078   12.5319
   -7.5000  -45.0000   37.5000 6163.5903   14.4040
    0.0000  -45.0000   37.5000 6464.0732   14.4010
    7.5000  -45.0000   37.5000 6157.5054   14.3985
   -7.5000  -37.5000   37.5000 6931.8584   13.9277
    0.0000  -37.5000   37.5000 7278.1411   13.9197
    7.5000  -37.5000   37.5000 6940.1157   13.9177
   -7.5000  -30.0000   37.5000 8057.5415   13.6375
    0.0000  -30.0000   37.5000 8454.4834   13.6257
    7.5000  -30.0000   37.5000 8065.9609   13.6242
   -7.5000  -22.5000   37.5000 9218.0156   13.4264
    0.0000  -22.5000   37.5000 9673.3613   13.4174
    7.5000  -22.5000   37.5000 9240.8730   13.4130
   -7.5000  -15.0000   37.500010395.0322   13.3134
    0.0000  -15.0000   37.500010889.8027   13.3095
    7.5000  -15.0000   37.500010418.8984   13.3030
   -7.5000   -7.5000   37.500011503.4004   13.2585
    0.0000   -7.5000   37.500012034.8457   13.2586
    7.5000   -7.5000   37.500011531.5957   13.2523
   -7.5000    0.0000   37.500012519.5547   13.2557
    0.0000    0.0000   37.500013085.9463   13.2549
    7.5000    0.0000   37.500012541.9551   13.2509
   -7.5000    7.5000   37.500012619.0664   13.2742
    0.0000    7.5000   37.500013200.3076   13.2676
    7.5000    7.5000   37.500012653.6514   13.2661
   -7.5000   15.0000   37.500012524.5557   13.2878
    0.0000   15.0000   37.500013056.1660   13.2773
    7.5000   15.0000   37.500012539.9365   13.2757
   -7.5000   22.5000   37.500012331.4668   13.2723
    0.0000   22.5000   37.500012834.9502   13.2639
    7.5000   22.5000   37.500012323.3896   13.2596
   -7.5000   30.0000   37.500012065.8936   13.0891
    0.0000   30.0000   37.500012553.4062   13.0856
    7.5000   30.0000   37.500012055.9502   13.0791
   -7.5000   37.5000   37.500012141.4629   13.0786
    0.0000   37.5000   37.500012624.6094   13.0787
    7.5000   37.5000   37.500012104.3359   13.0724
   -7.5000   45.0000   37.500011515.0049   12.7770
    0.0000   45.0000   37.500011950.8213   12.7762
    7.5000   45.0000   37.500011459.8086   12.7724
   -7.5000  -45.0000   45.0000 5657.5063   14.7980
    0.0000  -45.0000   45.0000 5942.5986   14.7926
    7.5000  -45.0000   45.0000 5670.4756   14.7824
   -7.5000  -37.5000   45.0000 6376.8496   14.2883
    0.0000  -37.5000   45.0000 6693.1470   14.2782
    7.5000  -37.5000   45.0000 6392.1118   14.2698
   -7.5000  -30.0000   45.0000 7414.6816   13.9806
    0.0000  -30.0000   45.0000 7768.0757   13.9674
    7.5000  -30.0000   45.0000 7432.4297   13.9624
   -7.5000  -22.5000   45.0000 8487.0186   13.7653
    0.0000  -22.5000   45.0000 8904.5986   13.7553
    7.5000  -22.5000   45.0000 8517.3594   13.7494
   -7.5000  -15.0000   45.0000 9554.7559   13.6538
    0.0000  -15.0000   45.000010021.9824   13.6496
    7.5000  -15.0000   45.0000 9586.6104   13.6414
   -7.5000   -7.5000   45.000010572.5713   13.5969
    0.0000   -7.5000   45.000011072.2920   13.5964
    7.5000   -7.5000   45.000010595.1865   13.5860
   -7.5000    0.0000   45.000011521.1250   13.5899
    0.0000    0.0000   45.000012042.7607   13.5877
    7.5000    0.0000   45.000011534.0742   13.5775
   -7.5000    7.5000   45.000011611.6025   13.6034
    0.0000    7.5000   45.000012144.4805   13.5951
    7.5000    7.5000   45.000011630.1729   13.5879
   -7.5000   15.0000   45.000011522.1211   13.6157
    0.0000   15.0000   45.000012008.1016   13.6038
    7.5000   15.0000   45.000011526.5117   13.5987
   -7.5000   22.5000   45.000011308.7471   13.6049
    0.0000   22.5000   45.000011786.3350   13.5955
    7.5000   22.5000   45.000011307.8262   13.5896
   -7.5000   30.0000   45.000011051.9746   13.4215
    0.0000   30.0000   45.000011507.6396   13.4175
    7.5000   30.0000   45.000011050.9590   13.4094
   -7.5000   37.5000   45.000011145.0059   13.4109
    0.0000   37.5000   45.000011603.7451   13.4104
    7.5000   37.5000   45.000011129.9053   13.4001
   -7.5000   45.0000   45.000010594.0107   13.1050
    0.0000   45.0000   45.000011002.0811   13.1029
    7.5000   45.0000   45.000010551.0332   13.0930

---------------------------------------------------------------------
imgreg_4dfp /opt/freesurfer/average/711-2C_as_mni_average_305 /opt/freesurfer/average/711-2B_as_mni_average_305_mask talsrcimg_g11 none talsrcimg_to_711-2C_as_mni_average_305_t4 4355
---------------------------------------------------------------------

freesurfer imgreg_4dfp.c
/opt/freesurfer/average/711-2C_as_mni_average_305.4dfp.img
       256       256       256         1
  1.000000  1.000000  1.000000
orientation T byte_order littleendian
Reading image: /opt/freesurfer/average/711-2C_as_mni_average_305.4dfp.img
dimensions:      256       256       256
mmppix:       1.0000   -1.0000   -1.0000
center:     128.0000 -129.0000 -129.0000
/opt/freesurfer/average/711-2B_as_mni_average_305_mask.4dfp.img
       256       256       256         1
  1.000000  1.000000  1.000000
orientation T byte_order littleendian
Reading mask: /opt/freesurfer/average/711-2B_as_mni_average_305_mask.4dfp.img (2306576 pixels)
talsrcimg_g11.4dfp.img
       256       256       256         1
  1.000000  1.000000  1.000000
orientation T byte_order littleendian
Reading image: talsrcimg_g11.4dfp.img
dimensions:      256       256       256
mmppix:       1.0000   -1.0000   -1.0000
center:     128.0000 -129.0000 -129.0000
rotation matrix determinant  1.000000
image alignment mode   4355 decimal     1103 hex
   -7.5000  -30.0000  -45.0000 2002.8737   16.3653
    0.0000  -30.0000  -45.0000 2008.4152   16.3745
    7.5000  -30.0000  -45.0000 1993.4049   16.4702
   -7.5000  -22.5000  -45.0000 2118.4360   14.6090
    0.0000  -22.5000  -45.0000 2123.9038   14.5922
    7.5000  -22.5000  -45.0000 2111.7812   14.6774
   -7.5000  -15.0000  -45.0000 2231.9958   13.1811
    0.0000  -15.0000  -45.0000 2240.4919   13.1622
    7.5000  -15.0000  -45.0000 2228.1646   13.2444
   -7.5000   -7.5000  -45.0000 2328.2080   12.0925
    0.0000   -7.5000  -45.0000 2334.1086   12.0681
    7.5000   -7.5000  -45.0000 2318.7092   12.1646
   -7.5000    0.0000  -45.0000 2387.0820   11.3052
    0.0000    0.0000  -45.0000 2393.7720   11.2582
    7.5000    0.0000  -45.0000 2375.2148   11.3706
   -7.5000    7.5000  -45.0000 2419.0764   10.7332
    0.0000    7.5000  -45.0000 2429.0327   10.6734
    7.5000    7.5000  -45.0000 2407.7048   10.8127
   -7.5000   15.0000  -45.0000 2434.6318   10.3732
    0.0000   15.0000  -45.0000 2445.6633   10.3321
    7.5000   15.0000  -45.0000 2426.1277   10.4506
   -7.5000   22.5000  -45.0000 2437.9390   10.2782
    0.0000   22.5000  -45.0000 2446.7559   10.2034
    7.5000   22.5000  -45.0000 2431.9353   10.3391
   -7.5000   30.0000  -45.0000 2425.8149   10.3671
    0.0000   30.0000  -45.0000 2440.4543   10.2861
    7.5000   30.0000  -45.0000 2422.4695   10.4081
   -7.5000   37.5000  -45.0000 2398.3350   10.6372
    0.0000   37.5000  -45.0000 2411.1353   10.5583
    7.5000   37.5000  -45.0000 2395.2705   10.7021
   -7.5000   45.0000  -45.0000 2356.3887   11.1237
    0.0000   45.0000  -45.0000 2370.0498   11.0573
    7.5000   45.0000  -45.0000 2349.5483   11.1846
   -7.5000   52.5000  -45.0000 2267.5764   11.7597
    0.0000   52.5000  -45.0000 2281.7712   11.6996
    7.5000   52.5000  -45.0000 2262.8247   11.8210
   -7.5000   60.0000  -45.0000 2134.8152   12.4851
    0.0000   60.0000  -45.0000 2144.9153   12.4191
    7.5000   60.0000  -45.0000 2131.1272   12.5335
   -7.5000  -30.0000  -37.5000 2055.2383   15.4339
    0.0000  -30.0000  -37.5000 2064.4905   15.4025
    7.5000  -30.0000  -37.5000 2047.7026   15.5170
   -7.5000  -22.5000  -37.5000 2188.8223   13.7139
    0.0000  -22.5000  -37.5000 2197.1235   13.6936
    7.5000  -22.5000  -37.5000 2180.5161   13.8000
   -7.5000  -15.0000  -37.5000 2308.4648   12.3981
    0.0000  -15.0000  -37.5000 2320.9817   12.3509
    7.5000  -15.0000  -37.5000 2303.5098   12.4693
   -7.5000   -7.5000  -37.5000 2408.8582   11.3663
    0.0000   -7.5000  -37.5000 2417.4216   11.3302
    7.5000   -7.5000  -37.5000 2399.5547   11.4377
   -7.5000    0.0000  -37.5000 2472.4819   10.5718
    0.0000    0.0000  -37.5000 2480.2139   10.5221
    7.5000    0.0000  -37.5000 2462.0342   10.6341
   -7.5000    7.5000  -37.5000 2514.6445   10.0131
    0.0000    7.5000  -37.5000 2524.7969    9.9379
    7.5000    7.5000  -37.5000 2506.4465   10.0729
   -7.5000   15.0000  -37.5000 2537.6394    9.6860
    0.0000   15.0000  -37.5000 2551.0837    9.6117
    7.5000   15.0000  -37.5000 2531.0039    9.7499
   -7.5000   22.5000  -37.5000 2539.6243    9.5719
    0.0000   22.5000  -37.5000 2549.3450    9.4975
    7.5000   22.5000  -37.5000 2536.2478    9.6243
   -7.5000   30.0000  -37.5000 2527.9509    9.6660
    0.0000   30.0000  -37.5000 2541.4619    9.5789
    7.5000   30.0000  -37.5000 2523.2966    9.7039
   -7.5000   37.5000  -37.5000 2497.9133    9.8973
    0.0000   37.5000  -37.5000 2510.2275    9.8119
    7.5000   37.5000  -37.5000 2495.9016    9.9447
   -7.5000   45.0000  -37.5000 2452.2009   10.3410
    0.0000   45.0000  -37.5000 2468.3301   10.2604
    7.5000   45.0000  -37.5000 2447.9512   10.3759
   -7.5000   52.5000  -37.5000 2362.5571   10.9299
    0.0000   52.5000  -37.5000 2377.1536   10.8625
    7.5000   52.5000  -37.5000 2358.4082   10.9739
   -7.5000   60.0000  -37.5000 2219.8635   11.5850
    0.0000   60.0000  -37.5000 2236.8992   11.5047
    7.5000   60.0000  -37.5000 2219.6008   11.6157
   -7.5000  -30.0000  -30.0000 2146.2151   15.1485
    0.0000  -30.0000  -30.0000 2155.2664   15.1133
    7.5000  -30.0000  -30.0000 2140.1826   15.2743
   -7.5000  -22.5000  -30.0000 2287.0952   13.4548
    0.0000  -22.5000  -30.0000 2300.7136   13.3871
    7.5000  -22.5000  -30.0000 2283.0815   13.5620
   -7.5000  -15.0000  -30.0000 2414.4436   12.1142
    0.0000  -15.0000  -30.0000 2430.2417   12.0384
    7.5000  -15.0000  -30.0000 2409.3367   12.2031
   -7.5000   -7.5000  -30.0000 2518.9517   11.0846
    0.0000   -7.5000  -30.0000 2532.6711   11.0176
    7.5000   -7.5000  -30.0000 2512.1899   11.1576
   -7.5000    0.0000  -30.0000 2590.2756   10.2958
    0.0000    0.0000  -30.0000 2601.8525   10.2337
    7.5000    0.0000  -30.0000 2580.0020   10.3633
   -7.5000    7.5000  -30.0000 2643.0913    9.7161
    0.0000    7.5000  -30.0000 2650.3777    9.6436
    7.5000    7.5000  -30.0000 2637.5405    9.7722
   -7.5000   15.0000  -30.0000 2674.3289    9.3758
    0.0000   15.0000  -30.0000 2692.1477    9.2845
    7.5000   15.0000  -30.0000 2670.3074    9.4195
   -7.5000   22.5000  -30.0000 2686.7478    9.2193
    0.0000   22.5000  -30.0000 2699.6941    9.1514
    7.5000   22.5000  -30.0000 2680.0239    9.2732
   -7.5000   30.0000  -30.0000 2672.3508    9.3031
    0.0000   30.0000  -30.0000 2692.0923    9.2109
    7.5000   30.0000  -30.0000 2668.5837    9.3407
   -7.5000   37.5000  -30.0000 2644.1003    9.5497
    0.0000   37.5000  -30.0000 2662.9929    9.4428
    7.5000   37.5000  -30.0000 2639.1394    9.5725
   -7.5000   45.0000  -30.0000 2594.0527    9.9848
    0.0000   45.0000  -30.0000 2615.1892    9.8765
    7.5000   45.0000  -30.0000 2591.4617   10.0062
   -7.5000   52.5000  -30.0000 2497.7969   10.5502
    0.0000   52.5000  -30.0000 2513.5020   10.4390
    7.5000   52.5000  -30.0000 2494.4553   10.5566
   -7.5000   60.0000  -30.0000 2346.7268   11.1843
    0.0000   60.0000  -30.0000 2362.8108   11.0678
    7.5000   60.0000  -30.0000 2345.7302   11.1848
   -7.5000  -30.0000  -22.5000 2205.8279   14.8132
    0.0000  -30.0000  -22.5000 2220.6812   14.7653
    7.5000  -30.0000  -22.5000 2201.4270   14.9726
   -7.5000  -22.5000  -22.5000 2353.4697   13.1320
    0.0000  -22.5000  -22.5000 2369.9731   13.0341
    7.5000  -22.5000  -22.5000 2348.4275   13.2271
   -7.5000  -15.0000  -22.5000 2482.8738   11.7898
    0.0000  -15.0000  -22.5000 2500.3118   11.7046
    7.5000  -15.0000  -22.5000 2477.8567   11.8686
   -7.5000   -7.5000  -22.5000 2595.4548   10.7437
    0.0000   -7.5000  -22.5000 2610.6621   10.6671
    7.5000   -7.5000  -22.5000 2588.8428   10.8242
   -7.5000    0.0000  -22.5000 2675.2649    9.9450
    0.0000    0.0000  -22.5000 2692.9084    9.8718
    7.5000    0.0000  -22.5000 2669.9392   10.0130
   -7.5000    7.5000  -22.5000 2734.7988    9.3549
    0.0000    7.5000  -22.5000 2750.9092    9.2961
    7.5000    7.5000  -22.5000 2730.1218    9.4241
   -7.5000   15.0000  -22.5000 2776.0322    8.9840
    0.0000   15.0000  -22.5000 2794.9287    8.8958
    7.5000   15.0000  -22.5000 2768.7412    9.0317
   -7.5000   22.5000  -22.5000 2797.9985    8.7948
    0.0000   22.5000  -22.5000 2814.4583    8.7122
    7.5000   22.5000  -22.5000 2790.4795    8.8403
   -7.5000   30.0000  -22.5000 2791.7866    8.8715
    0.0000   30.0000  -22.5000 2810.5305    8.7592
    7.5000   30.0000  -22.5000 2787.3350    8.9053
   -7.5000   37.5000  -22.5000 2762.9783    9.1132
    0.0000   37.5000  -22.5000 2786.3945    9.0007
    7.5000   37.5000  -22.5000 2759.5564    9.1338
   -7.5000   45.0000  -22.5000 2709.4663    9.5384
    0.0000   45.0000  -22.5000 2734.6079    9.4176
    7.5000   45.0000  -22.5000 2706.2844    9.5541
   -7.5000   52.5000  -22.5000 2607.0505   10.0680
    0.0000   52.5000  -22.5000 2624.3516    9.9616
    7.5000   52.5000  -22.5000 2603.0808   10.0779
   -7.5000   60.0000  -22.5000 2441.8027   10.7032
    0.0000   60.0000  -22.5000 2457.8789   10.5839
    7.5000   60.0000  -22.5000 2439.6465   10.7053
   -7.5000  -30.0000  -15.0000 2237.1687   14.4953
    0.0000  -30.0000  -15.0000 2249.9365   14.4357
    7.5000  -30.0000  -15.0000 2231.8318   14.6813
   -7.5000  -22.5000  -15.0000 2387.6204   12.7910
    0.0000  -22.5000  -15.0000 2401.3716   12.7264
    7.5000  -22.5000  -15.0000 2380.3438   12.9130
   -7.5000  -15.0000  -15.0000 2516.5535   11.4640
    0.0000  -15.0000  -15.0000 2531.0066   11.3803
    7.5000  -15.0000  -15.0000 2509.0913   11.5414
   -7.5000   -7.5000  -15.0000 2637.3213   10.4086
    0.0000   -7.5000  -15.0000 2651.5366   10.3334
    7.5000   -7.5000  -15.0000 2629.6025   10.4907
   -7.5000    0.0000  -15.0000 2727.0293    9.5952
    0.0000    0.0000  -15.0000 2742.7891    9.5262
    7.5000    0.0000  -15.0000 2718.5627    9.6671
   -7.5000    7.5000  -15.0000 2795.8928    8.9994
    0.0000    7.5000  -15.0000 2813.0288    8.9372
    7.5000    7.5000  -15.0000 2789.4353    9.0686
   -7.5000   15.0000  -15.0000 2841.9692    8.6127
    0.0000   15.0000  -15.0000 2864.3154    8.5128
    7.5000   15.0000  -15.0000 2835.7222    8.6677
   -7.5000   22.5000  -15.0000 2878.1255    8.3854
    0.0000   22.5000  -15.0000 2897.8105    8.2775
    7.5000   22.5000  -15.0000 2868.8997    8.4253
   -7.5000   30.0000  -15.0000 2879.5212    8.4374
    0.0000   30.0000  -15.0000 2893.6907    8.3280
    7.5000   30.0000  -15.0000 2871.2173    8.4748
   -7.5000   37.5000  -15.0000 2847.8901    8.6807
    0.0000   37.5000  -15.0000 2872.6707    8.5646
    7.5000   37.5000  -15.0000 2846.8760    8.7015
   -7.5000   45.0000  -15.0000 2789.2510    9.0818
    0.0000   45.0000  -15.0000 2814.9172    8.9640
    7.5000   45.0000  -15.0000 2789.4143    9.1065
   -7.5000   52.5000  -15.0000 2675.8687    9.6112
    0.0000   52.5000  -15.0000 2697.9976    9.4966
    7.5000   52.5000  -15.0000 2674.8196    9.6351
   -7.5000   60.0000  -15.0000 2507.9197   10.2185
    0.0000   60.0000  -15.0000 2527.4119   10.1115
    7.5000   60.0000  -15.0000 2505.4758   10.2427
   -7.5000  -30.0000   -7.5000 2252.2100   14.3096
    0.0000  -30.0000   -7.5000 2266.4250   14.1987
    7.5000  -30.0000   -7.5000 2248.6057   14.4453
   -7.5000  -22.5000   -7.5000 2397.6028   12.5722
    0.0000  -22.5000   -7.5000 2408.7527   12.4615
    7.5000  -22.5000   -7.5000 2390.1863   12.6785
   -7.5000  -15.0000   -7.5000 2525.7703   11.2149
    0.0000  -15.0000   -7.5000 2539.9045   11.0947
    7.5000  -15.0000   -7.5000 2519.4336   11.2881
   -7.5000   -7.5000   -7.5000 2646.9221   10.1439
    0.0000   -7.5000   -7.5000 2661.9209   10.0351
    7.5000   -7.5000   -7.5000 2641.1895   10.2121
   -7.5000    0.0000   -7.5000 2744.9297    9.2993
    0.0000    0.0000   -7.5000 2761.7100    9.1980
    7.5000    0.0000   -7.5000 2738.4329    9.3644
   -7.5000    7.5000   -7.5000 2831.0488    8.6895
    0.0000    7.5000   -7.5000 2846.7009    8.5963
    7.5000    7.5000   -7.5000 2823.3040    8.7416
   -7.5000   15.0000   -7.5000 2888.2771    8.2981
    0.0000   15.0000   -7.5000 2914.1465    8.1984
    7.5000   15.0000   -7.5000 2884.7944    8.3474
   -7.5000   22.5000   -7.5000 2932.1165    8.0714
    0.0000   22.5000   -7.5000 2966.9741    7.9508
    7.5000   22.5000   -7.5000 2926.7827    8.1318
   -7.5000   30.0000   -7.5000 2939.8767    8.0946
    0.0000   30.0000   -7.5000 2960.1675    7.9665
    7.5000   30.0000   -7.5000 2932.7676    8.1508
   -7.5000   37.5000   -7.5000 2905.4958    8.3153
    0.0000   37.5000   -7.5000 2931.3037    8.1959
    7.5000   37.5000   -7.5000 2905.8831    8.3447
   -7.5000   45.0000   -7.5000 2844.5747    8.6990
    0.0000   45.0000   -7.5000 2870.5146    8.5746
    7.5000   45.0000   -7.5000 2845.3284    8.7197
   -7.5000   52.5000   -7.5000 2722.5088    9.2263
    0.0000   52.5000   -7.5000 2748.4919    9.0880
    7.5000   52.5000   -7.5000 2725.8276    9.2343
   -7.5000   60.0000   -7.5000 2549.5779    9.8439
    0.0000   60.0000   -7.5000 2571.7849    9.7043
    7.5000   60.0000   -7.5000 2551.3110    9.8597
   -7.5000  -30.0000    0.0000 2248.9624   14.2877
    0.0000  -30.0000    0.0000 2265.8113   14.1740
    7.5000  -30.0000    0.0000 2246.7769   14.3939
   -7.5000  -22.5000    0.0000 2390.0869   12.5176
    0.0000  -22.5000    0.0000 2406.0818   12.4220
    7.5000  -22.5000    0.0000 2386.0137   12.6128
   -7.5000  -15.0000    0.0000 2518.4395   11.1206
    0.0000  -15.0000    0.0000 2534.3145   11.0342
    7.5000  -15.0000    0.0000 2514.6277   11.1951
   -7.5000   -7.5000    0.0000 2637.2881   10.0010
    0.0000   -7.5000    0.0000 2650.9961    9.9076
    7.5000   -7.5000    0.0000 2637.0881   10.0695
   -7.5000    0.0000    0.0000 2740.1814    9.1238
    0.0000    0.0000    0.0000 2754.6797    9.0222
    7.5000    0.0000    0.0000 2741.3130    9.1768
   -7.5000    7.5000    0.0000 2834.0906    8.4965
    0.0000    7.5000    0.0000 2849.7097    8.3928
    7.5000    7.5000    0.0000 2832.3516    8.5469
   -7.5000   15.0000    0.0000 2912.4062    8.1478
    0.0000   15.0000    0.0000 2936.6729    8.0696
    7.5000   15.0000    0.0000 2913.7698    8.1771
   -7.5000   22.5000    0.0000 2969.5200    7.9964
    0.0000   22.5000    0.0000 3016.0535    7.9319
    7.5000   22.5000    0.0000 2970.1548    8.0237
   -7.5000   30.0000    0.0000 2977.3811    7.9538
    0.0000   30.0000    0.0000 3015.3748    7.8505
    7.5000   30.0000    0.0000 2975.2781    7.9937
   -7.5000   37.5000    0.0000 2942.0833    8.0876
    0.0000   37.5000    0.0000 2972.7588    8.0022
    7.5000   37.5000    0.0000 2942.4956    8.1031
   -7.5000   45.0000    0.0000 2875.0720    8.4435
    0.0000   45.0000    0.0000 2904.2417    8.3343
    7.5000   45.0000    0.0000 2880.1245    8.4338
   -7.5000   52.5000    0.0000 2750.0171    8.9734
    0.0000   52.5000    0.0000 2779.1379    8.8685
    7.5000   52.5000    0.0000 2755.6372    8.9757
   -7.5000   60.0000    0.0000 2569.0330    9.6459
    0.0000   60.0000    0.0000 2594.5532    9.5346
    7.5000   60.0000    0.0000 2575.0569    9.6551
   -7.5000  -30.0000    7.5000 2239.9160   14.3807
    0.0000  -30.0000    7.5000 2261.2725   14.2858
    7.5000  -30.0000    7.5000 2235.0728   14.5234
   -7.5000  -22.5000    7.5000 2380.3472   12.5478
    0.0000  -22.5000    7.5000 2400.0513   12.4493
    7.5000  -22.5000    7.5000 2378.4346   12.6632
   -7.5000  -15.0000    7.5000 2502.5271   11.1460
    0.0000  -15.0000    7.5000 2517.9773   11.0231
    7.5000  -15.0000    7.5000 2504.2131   11.2256
   -7.5000   -7.5000    7.5000 2621.6965   10.0516
    0.0000   -7.5000    7.5000 2633.5420    9.9328
    7.5000   -7.5000    7.5000 2623.4646   10.1171
   -7.5000    0.0000    7.5000 2727.4055    9.1829
    0.0000    0.0000    7.5000 2741.9900    9.0896
    7.5000    0.0000    7.5000 2730.9895    9.2388
   -7.5000    7.5000    7.5000 2823.5596    8.5354
    0.0000    7.5000    7.5000 2845.8516    8.4598
    7.5000    7.5000    7.5000 2827.7603    8.5831
   -7.5000   15.0000    7.5000 2912.6389    8.1469
    0.0000   15.0000    7.5000 2939.7883    8.0931
    7.5000   15.0000    7.5000 2915.7000    8.1694
   -7.5000   22.5000    7.5000 2981.7886    8.0395
    0.0000   22.5000    7.5000 3033.9783    8.0406
    7.5000   22.5000    7.5000 2983.8877    8.0423
   -7.5000   30.0000    7.5000 2991.2341    8.0476
    0.0000   30.0000    7.5000 3045.6550    8.0224
    7.5000   30.0000    7.5000 2993.5000    8.0684
   -7.5000   37.5000    7.5000 2957.9509    8.1041
    0.0000   37.5000    7.5000 2991.7161    8.0452
    7.5000   37.5000    7.5000 2958.2263    8.1312
   -7.5000   45.0000    7.5000 2885.4136    8.4221
    0.0000   45.0000    7.5000 2915.6680    8.3126
    7.5000   45.0000    7.5000 2891.0125    8.4334
   -7.5000   52.5000    7.5000 2757.1860    8.9608
    0.0000   52.5000    7.5000 2783.5806    8.8327
    7.5000   52.5000    7.5000 2766.1777    8.9630
   -7.5000   60.0000    7.5000 2576.7263    9.6093
    0.0000   60.0000    7.5000 2598.6377    9.4643
    7.5000   60.0000    7.5000 2587.5125    9.6152
   -7.5000  -30.0000   15.0000 2215.2371   14.6913
    0.0000  -30.0000   15.0000 2234.1191   14.5686
    7.5000  -30.0000   15.0000 2208.4531   14.8467
   -7.5000  -22.5000   15.0000 2356.7295   12.7898
    0.0000  -22.5000   15.0000 2375.4436   12.6638
    7.5000  -22.5000   15.0000 2355.9194   12.9128
   -7.5000  -15.0000   15.0000 2482.5320   11.3850
    0.0000  -15.0000   15.0000 2499.2871   11.2633
    7.5000  -15.0000   15.0000 2482.3552   11.4622
   -7.5000   -7.5000   15.0000 2602.7485   10.2792
    0.0000   -7.5000   15.0000 2618.1799   10.1710
    7.5000   -7.5000   15.0000 2603.1719   10.3307
   -7.5000    0.0000   15.0000 2707.0515    9.3966
    0.0000    0.0000   15.0000 2724.0586    9.2891
    7.5000    0.0000   15.0000 2711.0793    9.4384
   -7.5000    7.5000   15.0000 2809.3110    8.7382
    0.0000    7.5000   15.0000 2827.5312    8.6195
    7.5000    7.5000   15.0000 2812.4224    8.7664
   -7.5000   15.0000   15.0000 2900.2930    8.3395
    0.0000   15.0000   15.0000 2928.9817    8.2069
    7.5000   15.0000   15.0000 2906.7322    8.3282
   -7.5000   22.5000   15.0000 2969.8157    8.1649
    0.0000   22.5000   15.0000 3015.5605    8.0667
    7.5000   22.5000   15.0000 2976.0977    8.1670
   -7.5000   30.0000   15.0000 2972.9807    8.1776
    0.0000   30.0000   15.0000 3021.9731    8.0179
    7.5000   30.0000   15.0000 2978.0229    8.1758
   -7.5000   37.5000   15.0000 2935.2451    8.3236
    0.0000   37.5000   15.0000 2977.4541    8.1676
    7.5000   37.5000   15.0000 2945.1667    8.3167
   -7.5000   45.0000   15.0000 2865.8086    8.6479
    0.0000   45.0000   15.0000 2897.8943    8.5252
    7.5000   45.0000   15.0000 2876.5017    8.6580
   -7.5000   52.5000   15.0000 2742.0767    9.1322
    0.0000   52.5000   15.0000 2764.8101    9.0256
    7.5000   52.5000   15.0000 2752.5718    9.1489
   -7.5000   60.0000   15.0000 2564.0779    9.7114
    0.0000   60.0000   15.0000 2582.2983    9.5835
    7.5000   60.0000   15.0000 2573.2832    9.7198
   -7.5000  -30.0000   22.5000 2179.8013   15.2234
    0.0000  -30.0000   22.5000 2193.8267   15.0942
    7.5000  -30.0000   22.5000 2169.4558   15.3713
   -7.5000  -22.5000   22.5000 2326.8904   13.2537
    0.0000  -22.5000   22.5000 2342.0107   13.1032
    7.5000  -22.5000   22.5000 2317.9089   13.3607
   -7.5000  -15.0000   22.5000 2458.5725   11.7851
    0.0000  -15.0000   22.5000 2478.6145   11.6158
    7.5000  -15.0000   22.5000 2454.9009   11.8252
   -7.5000   -7.5000   22.5000 2573.9810   10.6354
    0.0000   -7.5000   22.5000 2593.8418   10.4615
    7.5000   -7.5000   22.5000 2576.1836   10.6555
   -7.5000    0.0000   22.5000 2679.2852    9.7270
    0.0000    0.0000   22.5000 2700.4177    9.5598
    7.5000    0.0000   22.5000 2687.3381    9.7459
   -7.5000    7.5000   22.5000 2783.1426    9.0381
    0.0000    7.5000   22.5000 2805.8503    8.8608
    7.5000    7.5000   22.5000 2790.3833    9.0526
   -7.5000   15.0000   22.5000 2874.7957    8.6094
    0.0000   15.0000   22.5000 2904.5815    8.4634
    7.5000   15.0000   22.5000 2886.3506    8.6184
   -7.5000   22.5000   22.5000 2929.8394    8.4122
    0.0000   22.5000   22.5000 2968.4465    8.2563
    7.5000   22.5000   22.5000 2941.6309    8.4144
   -7.5000   30.0000   22.5000 2929.0483    8.4151
    0.0000   30.0000   22.5000 2960.3813    8.2158
    7.5000   30.0000   22.5000 2937.4429    8.3956
   -7.5000   37.5000   22.5000 2896.9868    8.6131
    0.0000   37.5000   22.5000 2932.4336    8.4460
    7.5000   37.5000   22.5000 2909.1260    8.5864
   -7.5000   45.0000   22.5000 2826.0549    8.9826
    0.0000   45.0000   22.5000 2855.0098    8.8293
    7.5000   45.0000   22.5000 2837.0798    8.9703
   -7.5000   52.5000   22.5000 2703.7395    9.4653
    0.0000   52.5000   22.5000 2727.4150    9.3363
    7.5000   52.5000   22.5000 2716.6465    9.4595
   -7.5000   60.0000   22.5000 2529.6113   10.0213
    0.0000   60.0000   22.5000 2548.1831    9.8943
    7.5000   60.0000   22.5000 2540.7744   10.0168
   -7.5000  -30.0000   30.0000 2134.9780   15.9052
    0.0000  -30.0000   30.0000 2150.4937   15.7396
    7.5000  -30.0000   30.0000 2125.9370   16.0314
   -7.5000  -22.5000   30.0000 2283.4824   13.8228
    0.0000  -22.5000   30.0000 2300.0312   13.6264
    7.5000  -22.5000   30.0000 2278.9124   13.8710
   -7.5000  -15.0000   30.0000 2418.0344   12.2733
    0.0000  -15.0000   30.0000 2439.2200   12.0751
    7.5000  -15.0000   30.0000 2418.7505   12.2987
   -7.5000   -7.5000   30.0000 2540.2341   11.0869
    0.0000   -7.5000   30.0000 2563.3892   10.8862
    7.5000   -7.5000   30.0000 2544.3474   11.0893
   -7.5000    0.0000   30.0000 2646.7385   10.1437
    0.0000    0.0000   30.0000 2673.7085    9.9516
    7.5000    0.0000   30.0000 2656.8613   10.1539
   -7.5000    7.5000   30.0000 2751.4424    9.4468
    0.0000    7.5000   30.0000 2777.2495    9.2822
    7.5000    7.5000   30.0000 2758.2800    9.4734
   -7.5000   15.0000   30.0000 2831.1228    9.0339
    0.0000   15.0000   30.0000 2862.2593    8.9039
    7.5000   15.0000   30.0000 2843.4138    9.0535
   -7.5000   22.5000   30.0000 2876.5457    8.8356
    0.0000   22.5000   30.0000 2912.8489    8.6483
    7.5000   22.5000   30.0000 2889.7952    8.8085
   -7.5000   30.0000   30.0000 2875.0251    8.8304
    0.0000   30.0000   30.0000 2906.6255    8.6713
    7.5000   30.0000   30.0000 2887.4419    8.8133
   -7.5000   37.5000   30.0000 2836.0264    9.0156
    0.0000   37.5000   30.0000 2871.7722    8.8748
    7.5000   37.5000   30.0000 2850.8330    9.0051
   -7.5000   45.0000   30.0000 2764.9529    9.3841
    0.0000   45.0000   30.0000 2791.2192    9.2472
    7.5000   45.0000   30.0000 2776.2041    9.3778
   -7.5000   52.5000   30.0000 2654.8918    9.8408
    0.0000   52.5000   30.0000 2673.3533    9.7115
    7.5000   52.5000   30.0000 2662.3281    9.8399
   -7.5000   60.0000   30.0000 2482.1707   10.3795
    0.0000   60.0000   30.0000 2499.2808   10.2639
    7.5000   60.0000   30.0000 2488.3787   10.3800
   -7.5000  -30.0000   37.5000 2089.3560   16.7306
    0.0000  -30.0000   37.5000 2107.2380   16.4887
    7.5000  -30.0000   37.5000 2088.3342   16.7564
   -7.5000  -22.5000   37.5000 2241.0349   14.5447
    0.0000  -22.5000   37.5000 2264.5098   14.3218
    7.5000  -22.5000   37.5000 2245.6689   14.5560
   -7.5000  -15.0000   37.5000 2375.1389   12.9229
    0.0000  -15.0000   37.5000 2401.3425   12.6893
    7.5000  -15.0000   37.5000 2382.7778   12.9114
   -7.5000   -7.5000   37.5000 2496.1677   11.6591
    0.0000   -7.5000   37.5000 2520.3379   11.4510
    7.5000   -7.5000   37.5000 2503.1160   11.6616
   -7.5000    0.0000   37.5000 2605.1011   10.6932
    0.0000    0.0000   37.5000 2633.0178   10.5156
    7.5000    0.0000   37.5000 2612.9839   10.7149
   -7.5000    7.5000   37.5000 2704.5054   10.0219
    0.0000    7.5000   37.5000 2732.9253    9.8685
    7.5000    7.5000   37.5000 2712.6492   10.0385
   -7.5000   15.0000   37.5000 2770.3225    9.6088
    0.0000   15.0000   37.5000 2805.5508    9.4346
    7.5000   15.0000   37.5000 2785.9050    9.6008
   -7.5000   22.5000   37.5000 2812.2278    9.3753
    0.0000   22.5000   37.5000 2847.7280    9.2078
    7.5000   22.5000   37.5000 2828.2202    9.3574
   -7.5000   30.0000   37.5000 2809.7063    9.3625
    0.0000   30.0000   37.5000 2841.3760    9.2243
    7.5000   30.0000   37.5000 2823.5081    9.3618
   -7.5000   37.5000   37.5000 2769.2693    9.5578
    0.0000   37.5000   37.5000 2799.4426    9.4219
    7.5000   37.5000   37.5000 2783.0564    9.5427
   -7.5000   45.0000   37.5000 2698.6738    9.9123
    0.0000   45.0000   37.5000 2721.7844    9.7716
    7.5000   45.0000   37.5000 2709.4021    9.8898
   -7.5000   52.5000   37.5000 2588.8281   10.3503
    0.0000   52.5000   37.5000 2603.9541   10.1979
    7.5000   52.5000   37.5000 2592.1538   10.3386
   -7.5000   60.0000   37.5000 2422.8650   10.8487
    0.0000   60.0000   37.5000 2439.8628   10.7173
    7.5000   60.0000   37.5000 2428.7334   10.8374
   -7.5000  -30.0000   45.0000 2041.9629   17.7339
    0.0000  -30.0000   45.0000 2060.5015   17.4697
    7.5000  -30.0000   45.0000 2043.1506   17.7631
   -7.5000  -22.5000   45.0000 2193.5588   15.4604
    0.0000  -22.5000   45.0000 2218.0361   15.1832
    7.5000  -22.5000   45.0000 2198.1824   15.4407
   -7.5000  -15.0000   45.0000 2324.9004   13.7108
    0.0000  -15.0000   45.0000 2351.9399   13.4674
    7.5000  -15.0000   45.0000 2333.4692   13.6896
   -7.5000   -7.5000   45.0000 2442.1729   12.3922
    0.0000   -7.5000   45.0000 2470.8975   12.1811
    7.5000   -7.5000   45.0000 2451.9590   12.3745
   -7.5000    0.0000   45.0000 2548.0215   11.3954
    0.0000    0.0000   45.0000 2576.0063   11.2223
    7.5000    0.0000   45.0000 2558.6033   11.4122
   -7.5000    7.5000   45.0000 2640.7454   10.7162
    0.0000    7.5000   45.0000 2669.5061   10.5537
    7.5000    7.5000   45.0000 2654.3796   10.7148
   -7.5000   15.0000   45.0000 2698.1694   10.2953
    0.0000   15.0000   45.0000 2732.0032   10.1090
    7.5000   15.0000   45.0000 2714.3113   10.2658
   -7.5000   22.5000   45.0000 2727.7388   10.0387
    0.0000   22.5000   45.0000 2759.6812    9.8934
    7.5000   22.5000   45.0000 2744.1921   10.0278
   -7.5000   30.0000   45.0000 2723.5378   10.0179
    0.0000   30.0000   45.0000 2754.6328    9.8778
    7.5000   30.0000   45.0000 2738.8486   10.0095
   -7.5000   37.5000   45.0000 2687.5667   10.1906
    0.0000   37.5000   45.0000 2720.1282   10.0341
    7.5000   37.5000   45.0000 2705.1409   10.1670
   -7.5000   45.0000   45.0000 2622.7085   10.5355
    0.0000   45.0000   45.0000 2644.4307   10.3831
    7.5000   45.0000   45.0000 2633.5959   10.5023
   -7.5000   52.5000   45.0000 2510.7632   10.9535
    0.0000   52.5000   45.0000 2529.5222   10.8140
    7.5000   52.5000   45.0000 2519.0774   10.9435
   -7.5000   60.0000   45.0000 2355.2720   11.4400
    0.0000   60.0000   45.0000 2372.4680   11.3054
    7.5000   60.0000   45.0000 2362.9399   11.4035

---------------------------------------------------------------------
imgreg_4dfp /opt/freesurfer/average/711-2C_as_mni_average_305 /opt/freesurfer/average/711-2B_as_mni_average_305_mask talsrcimg_g11 none talsrcimg_to_711-2C_as_mni_average_305_t4 1283
---------------------------------------------------------------------

freesurfer imgreg_4dfp.c
/opt/freesurfer/average/711-2C_as_mni_average_305.4dfp.img
       256       256       256         1
  1.000000  1.000000  1.000000
orientation T byte_order littleendian
Reading image: /opt/freesurfer/average/711-2C_as_mni_average_305.4dfp.img
dimensions:      256       256       256
mmppix:       1.0000   -1.0000   -1.0000
center:     128.0000 -129.0000 -129.0000
/opt/freesurfer/average/711-2B_as_mni_average_305_mask.4dfp.img
       256       256       256         1
  1.000000  1.000000  1.000000
orientation T byte_order littleendian
Reading mask: /opt/freesurfer/average/711-2B_as_mni_average_305_mask.4dfp.img (2306576 pixels)
talsrcimg_g11.4dfp.img
       256       256       256         1
  1.000000  1.000000  1.000000
orientation T byte_order littleendian
Reading image: talsrcimg_g11.4dfp.img
dimensions:      256       256       256
mmppix:       1.0000   -1.0000   -1.0000
center:     128.0000 -129.0000 -129.0000
rotation matrix determinant  1.000000
fimgreg.f
image alignment mode   1283 decimal      503 hex
parameters
    0.0000   30.0000    7.5000    0.0000    0.0000    0.0000
eta,q 0.95580  8.01276
niter,ni,del,rscale     5    3   12.0000    1.2000
parameter  4  0.940863 ->  0.500000 qaram    1.1500
parameters
    0.0878   27.4086    7.6742   -3.4500   -1.3034   -2.2212
eta,q 0.95866  8.05618
  0.0585  0.0474  0.0498  0.0425  0.0459  0.0437
  0.0517  0.0458  0.0469  0.0426  0.0433  0.0419
  0.0478  0.0454  0.0455  0.0437  0.0423  0.0414
  0.0466  0.0465  0.0451  0.0451  0.0428  0.0423
  0.0474  0.0490  0.0453  0.0467  0.0441  0.0441
  0.0511  0.0528  0.0468  0.0494  0.0466  0.0465
  0.0580  0.0578  0.0492  0.0529  0.0505  0.0489
niter,ni,del,rscale     5    3   12.0000    1.2000
parameters
    0.4257   28.3615    6.4147   -4.9621   -1.4175   -1.9738
eta,q 0.96013  8.02561
  0.0568  0.0560  0.0442  0.0448  0.0472  0.0451
  0.0493  0.0486  0.0411  0.0413  0.0430  0.0427
  0.0439  0.0435  0.0403  0.0400  0.0402  0.0407
  0.0413  0.0413  0.0414  0.0406  0.0399  0.0399
  0.0428  0.0421  0.0426  0.0428  0.0416  0.0403
  0.0473  0.0449  0.0444  0.0459  0.0439  0.0419
  0.0537  0.0484  0.0471  0.0496  0.0470  0.0445
niter,ni,del,rscale     4    3   12.0000    1.2000
parameters
    0.5108   28.8817    6.3060   -5.3953   -1.5540   -1.8453
eta,q 0.96015  8.01944
  0.0554  0.0546  0.0458  0.0464  0.0472  0.0448
  0.0477  0.0465  0.0416  0.0426  0.0430  0.0424
  0.0422  0.0413  0.0398  0.0405  0.0401  0.0406
  0.0399  0.0399  0.0401  0.0400  0.0399  0.0399
  0.0418  0.0418  0.0412  0.0414  0.0416  0.0403
  0.0472  0.0455  0.0427  0.0441  0.0439  0.0419
  0.0545  0.0488  0.0453  0.0478  0.0470  0.0446
niter,ni,del,rscale     3    3   12.0000    1.2000
parameters
    0.5693   29.1137    6.1740   -5.6582   -1.6380   -1.7837
eta,q 0.96014  8.01474
  0.0555  0.0530  0.0457  0.0465  0.0473  0.0446
  0.0477  0.0452  0.0415  0.0428  0.0431  0.0423
  0.0423  0.0407  0.0397  0.0406  0.0402  0.0406
  0.0399  0.0398  0.0400  0.0399  0.0399  0.0399
  0.0419  0.0423  0.0410  0.0412  0.0416  0.0403
  0.0475  0.0461  0.0426  0.0436  0.0439  0.0420
  0.0549  0.0492  0.0453  0.0473  0.0469  0.0446
niter,ni,del,rscale     2    3   12.0000    1.2000
parameters
    0.6079   29.2493    6.0877   -5.8267   -1.6938   -1.7390
eta,q 0.96012  8.01186
  0.0555  0.0523  0.0458  0.0464  0.0474  0.0446
  0.0478  0.0447  0.0416  0.0429  0.0432  0.0423
  0.0423  0.0405  0.0398  0.0408  0.0403  0.0406
  0.0399  0.0399  0.0399  0.0399  0.0399  0.0399
  0.0420  0.0425  0.0410  0.0410  0.0416  0.0403
  0.0477  0.0463  0.0426  0.0434  0.0438  0.0420
  0.0551  0.0491  0.0452  0.0471  0.0469  0.0447
niter,ni,del,rscale     1    3   12.0000    1.2000
parameters
    0.6352   29.3381    6.0326   -5.9349   -1.7301   -1.7095
eta,q 0.96010  8.00962
  0.0555  0.0520  0.0459  0.0464  0.0474  0.0446
  0.0478  0.0444  0.0416  0.0429  0.0433  0.0423
  0.0423  0.0404  0.0398  0.0408  0.0403  0.0407
  0.0399  0.0399  0.0399  0.0399  0.0399  0.0399
  0.0421  0.0426  0.0410  0.0410  0.0416  0.0403
  0.0478  0.0464  0.0426  0.0432  0.0438  0.0421
  0.0552  0.0490  0.0452  0.0469  0.0469  0.0447
registration optimization eta report
parameter search radius
    6.0000    6.0000    6.0000    6.9000    6.0000    6.0000
100000*second partial in parameter space
       42.       29.       16.       14.       20.       13.
  0.0555  0.0520  0.0459  0.0464  0.0474  0.0446
  0.0478  0.0444  0.0416  0.0429  0.0433  0.0423
  0.0423  0.0404  0.0398  0.0408  0.0403  0.0407
  0.0399  0.0399  0.0399  0.0399  0.0399  0.0399
  0.0421  0.0426  0.0410  0.0410  0.0416  0.0403
  0.0478  0.0464  0.0426  0.0432  0.0438  0.0421
  0.0552  0.0490  0.0452  0.0469  0.0469  0.0447
    0.6352   29.3381    6.0326   -5.9349   -1.7301   -1.7095
eta,q 0.96010  8.00962

---------------------------------------------------------------------
imgreg_4dfp /opt/freesurfer/average/711-2C_as_mni_average_305 /opt/freesurfer/average/711-2B_as_mni_average_305_mask talsrcimg_g11 none talsrcimg_to_711-2C_as_mni_average_305_t4 3335
---------------------------------------------------------------------

freesurfer imgreg_4dfp.c
/opt/freesurfer/average/711-2C_as_mni_average_305.4dfp.img
       256       256       256         1
  1.000000  1.000000  1.000000
orientation T byte_order littleendian
Reading image: /opt/freesurfer/average/711-2C_as_mni_average_305.4dfp.img
dimensions:      256       256       256
mmppix:       1.0000   -1.0000   -1.0000
center:     128.0000 -129.0000 -129.0000
/opt/freesurfer/average/711-2B_as_mni_average_305_mask.4dfp.img
       256       256       256         1
  1.000000  1.000000  1.000000
orientation T byte_order littleendian
Reading mask: /opt/freesurfer/average/711-2B_as_mni_average_305_mask.4dfp.img (2306576 pixels)
talsrcimg_g11.4dfp.img
       256       256       256         1
  1.000000  1.000000  1.000000
orientation T byte_order littleendian
Reading image: talsrcimg_g11.4dfp.img
dimensions:      256       256       256
mmppix:       1.0000   -1.0000   -1.0000
center:     128.0000 -129.0000 -129.0000
fimgreg.f
image alignment mode   3335 decimal      D07 hex
parameters
    0.6352   29.3381    6.0326   -0.0901   -0.5710   -0.5813
    2.6552    3.3101   -2.9819   10.2457   -3.0192  -10.3351
eta,q 0.96148  8.03402
niter,ni,del,rscale     5    3    5.0000    1.2000
parameter  5  0.860790 ->  0.500000 qaram    1.1500
parameter  6 -0.568675 -> -0.500000 qaram    1.1500
parameters
    0.4390   29.2971    5.7929   -2.7206   -4.7110    3.5587
    2.9684    3.4837   -1.4668    9.8596   -4.2969  -10.1133
eta,q 0.96486  7.93904
  0.0409  0.0406  0.0391  0.0393  0.0364  0.0376  0.0383  0.0393  0.0379  0.0379  0.0360  0.0368
  0.0395  0.0394  0.0387  0.0388  0.0364  0.0370  0.0368  0.0373  0.0367  0.0361  0.0354  0.0359
  0.0387  0.0387  0.0385  0.0384  0.0369  0.0367  0.0357  0.0359  0.0358  0.0352  0.0352  0.0353
  0.0385  0.0385  0.0385  0.0385  0.0384  0.0365  0.0353  0.0353  0.0353  0.0352  0.0352  0.0351
  0.0390  0.0388  0.0386  0.0396  0.0411  0.0357  0.0356  0.0358  0.0353  0.0358  0.0355  0.0353
  0.0401  0.0396  0.0390  0.0419  0.0442  0.0354  0.0365  0.0371  0.0356  0.0367  0.0361  0.0358
  0.0418  0.0407  0.0394  0.0451  0.0473  0.0364  0.0378  0.0389  0.0364  0.0382  0.0368  0.0365
niter,ni,del,rscale     6    3    5.0000    1.2000
parameters
    0.4214   29.9894    6.9850   -2.6759   -7.6245    2.4604
    2.8623    3.9724   -0.3874   11.8753   -5.9030   -7.8628
eta,q 0.96538  7.82392
  0.0376  0.0383  0.0380  0.0370  0.0358  0.0365  0.0369  0.0379  0.0368  0.0372  0.0351  0.0356
  0.0362  0.0368  0.0367  0.0362  0.0350  0.0362  0.0359  0.0365  0.0359  0.0362  0.0348  0.0351
  0.0354  0.0358  0.0357  0.0353  0.0344  0.0357  0.0351  0.0354  0.0352  0.0354  0.0347  0.0348
  0.0351  0.0351  0.0350  0.0346  0.0346  0.0344  0.0349  0.0349  0.0349  0.0349  0.0347  0.0347
  0.0354  0.0350  0.0346  0.0344  0.0361  0.0343  0.0352  0.0351  0.0349  0.0347  0.0349  0.0346
  0.0363  0.0352  0.0346  0.0354  0.0390  0.0363  0.0359  0.0359  0.0353  0.0350  0.0352  0.0347
  0.0377  0.0360  0.0350  0.0377  0.0428  0.0399  0.0370  0.0373  0.0359  0.0356  0.0357  0.0349
niter,ni,del,rscale     5    3    5.0000    1.2000
parameter 10 -0.531176 -> -0.500000 qaram    1.1500
parameters
    0.5695   30.9112    6.8621   -2.4542   -9.7453    1.3227
    2.8273    4.2423    0.6503   16.0153   -6.5057   -8.1035
eta,q 0.96579  7.70488
  0.0369  0.0374  0.0352  0.0361  0.0357  0.0358  0.0363  0.0371  0.0362  0.0372  0.0347  0.0349
  0.0357  0.0362  0.0347  0.0357  0.0351  0.0354  0.0355  0.0359  0.0355  0.0363  0.0344  0.0345
  0.0350  0.0352  0.0344  0.0351  0.0345  0.0351  0.0350  0.0350  0.0350  0.0355  0.0342  0.0343
  0.0346  0.0346  0.0344  0.0344  0.0343  0.0344  0.0348  0.0348  0.0348  0.0347  0.0342  0.0342
  0.0347  0.0344  0.0345  0.0340  0.0350  0.0340  0.0350  0.0349  0.0348  0.0343  0.0343  0.0343
  0.0353  0.0345  0.0348  0.0347  0.0369  0.0354  0.0355  0.0356  0.0351  0.0343  0.0346  0.0346
  0.0364  0.0350  0.0353  0.0367  0.0398  0.0387  0.0364  0.0368  0.0356  0.0348  0.0349  0.0350
niter,ni,del,rscale     5    3    5.0000    1.2000
parameters
    0.6244   31.9838    6.4592   -3.3832  -12.0233    0.1246
    2.7397    4.3972    1.1387   17.3278   -6.6042   -7.9967
eta,q 0.96567  7.53629
  0.0362  0.0374  0.0344  0.0347  0.0352  0.0351  0.0355  0.0363  0.0356  0.0371  0.0346  0.0349
  0.0351  0.0360  0.0340  0.0346  0.0347  0.0350  0.0350  0.0354  0.0350  0.0361  0.0344  0.0346
  0.0345  0.0349  0.0339  0.0343  0.0342  0.0347  0.0346  0.0347  0.0346  0.0351  0.0343  0.0344
  0.0342  0.0342  0.0339  0.0338  0.0340  0.0341  0.0344  0.0345  0.0344  0.0344  0.0343  0.0343
  0.0344  0.0339  0.0340  0.0336  0.0347  0.0338  0.0346  0.0346  0.0345  0.0344  0.0344  0.0344
  0.0350  0.0339  0.0344  0.0345  0.0365  0.0348  0.0349  0.0351  0.0348  0.0349  0.0345  0.0346
  0.0360  0.0344  0.0350  0.0364  0.0392  0.0377  0.0356  0.0363  0.0354  0.0361  0.0346  0.0349
niter,ni,del,rscale     4    3    5.0000    1.2000
parameter 11 -0.678001 -> -0.500000 qaram    1.1500
parameters
    0.5872   32.4246    5.9720   -4.4948  -13.2769   -1.4928
    2.7914    4.2069    1.4493   17.9890   -2.4642   -6.7310
eta,q 0.96536  7.36524
  0.0356  0.0362  0.0346  0.0344  0.0356  0.0348  0.0356  0.0361  0.0358  0.0368  0.0350  0.0354
  0.0349  0.0352  0.0344  0.0344  0.0351  0.0348  0.0352  0.0354  0.0353  0.0358  0.0349  0.0351
  0.0344  0.0346  0.0343  0.0345  0.0347  0.0348  0.0349  0.0350  0.0350  0.0351  0.0348  0.0348
  0.0343  0.0343  0.0343  0.0343  0.0344  0.0345  0.0348  0.0348  0.0348  0.0348  0.0347  0.0347
  0.0345  0.0343  0.0344  0.0339  0.0345  0.0341  0.0348  0.0348  0.0348  0.0348  0.0347  0.0347
  0.0349  0.0346  0.0347  0.0342  0.0355  0.0347  0.0351  0.0354  0.0351  0.0353  0.0347  0.0348
  0.0357  0.0352  0.0351  0.0355  0.0375  0.0370  0.0356  0.0364  0.0357  0.0363  0.0347  0.0350
niter,ni,del,rscale     4    3    5.0000    1.2000
parameter  4  0.835396 ->  0.500000 qaram    1.1500
parameter  6  0.558490 ->  0.500000 qaram    1.3225
parameters
    0.7648   32.4804    5.5363   -8.6348  -14.9131   -6.2538
    1.6719    3.9571   -0.8330   17.6667   -4.5185   -4.8246
eta,q 0.96634  6.97540
  0.0359  0.0358  0.0349  0.0343  0.0350  0.0339  0.0347  0.0358  0.0343  0.0353  0.0341  0.0343
  0.0353  0.0352  0.0348  0.0342  0.0346  0.0338  0.0342  0.0347  0.0339  0.0344  0.0338  0.0340
  0.0348  0.0348  0.0346  0.0344  0.0343  0.0341  0.0339  0.0340  0.0337  0.0339  0.0337  0.0338
  0.0346  0.0346  0.0346  0.0346  0.0342  0.0343  0.0339  0.0339  0.0338  0.0337  0.0337  0.0337
  0.0347  0.0347  0.0347  0.0346  0.0343  0.0343  0.0342  0.0342  0.0343  0.0339  0.0340  0.0337
  0.0350  0.0351  0.0350  0.0346  0.0351  0.0348  0.0347  0.0349  0.0350  0.0346  0.0343  0.0337
  0.0356  0.0357  0.0353  0.0353  0.0367  0.0363  0.0354  0.0360  0.0358  0.0356  0.0348  0.0338
niter,ni,del,rscale     5    3    5.0000    1.2000
parameters
    0.7787   32.0541    4.7011  -10.7239  -16.7610   -9.1616
    1.4437    4.0092   -0.9147   18.1010   -4.9571   -2.1969
eta,q 0.96713  6.79197
  0.0353  0.0344  0.0338  0.0343  0.0339  0.0338  0.0344  0.0353  0.0344  0.0350  0.0336  0.0336
  0.0344  0.0338  0.0336  0.0337  0.0335  0.0332  0.0336  0.0341  0.0336  0.0339  0.0332  0.0333
  0.0339  0.0336  0.0335  0.0333  0.0333  0.0329  0.0331  0.0332  0.0331  0.0332  0.0330  0.0330
  0.0337  0.0337  0.0336  0.0335  0.0333  0.0333  0.0329  0.0329  0.0329  0.0329  0.0329  0.0329
  0.0338  0.0339  0.0338  0.0342  0.0336  0.0339  0.0332  0.0332  0.0331  0.0330  0.0330  0.0329
  0.0344  0.0344  0.0342  0.0347  0.0341  0.0342  0.0338  0.0340  0.0337  0.0336  0.0333  0.0329
  0.0353  0.0350  0.0347  0.0347  0.0351  0.0349  0.0345  0.0352  0.0345  0.0347  0.0337  0.0330
niter,ni,del,rscale     4    3    5.0000    1.2000
parameters
    0.8468   32.4058    4.6946  -11.0445  -17.9278  -10.2456
    1.4721    4.0186   -0.9002   18.6543   -5.0542   -1.1264
eta,q 0.96723  6.74597
  0.0347  0.0345  0.0335  0.0344  0.0336  0.0341  0.0343  0.0351  0.0343  0.0348  0.0335  0.0332
  0.0338  0.0336  0.0331  0.0337  0.0331  0.0334  0.0335  0.0339  0.0335  0.0337  0.0331  0.0330
  0.0331  0.0331  0.0329  0.0331  0.0329  0.0329  0.0330  0.0331  0.0330  0.0331  0.0329  0.0329
  0.0329  0.0329  0.0328  0.0328  0.0329  0.0328  0.0328  0.0328  0.0328  0.0328  0.0328  0.0328
  0.0330  0.0329  0.0329  0.0332  0.0331  0.0334  0.0330  0.0331  0.0330  0.0329  0.0329  0.0328
  0.0336  0.0332  0.0331  0.0340  0.0335  0.0342  0.0335  0.0339  0.0335  0.0334  0.0331  0.0329
  0.0345  0.0337  0.0335  0.0345  0.0342  0.0344  0.0342  0.0350  0.0343  0.0344  0.0335  0.0330
niter,ni,del,rscale     3    3    5.0000    1.2000
parameters
    0.8615   32.6470    4.4978  -11.0270  -18.4302  -11.1720
    1.5106    4.0197   -0.9281   19.1379   -4.9579   -0.7254
eta,q 0.96726  6.72771
  0.0345  0.0342  0.0333  0.0344  0.0336  0.0342  0.0342  0.0350  0.0342  0.0347  0.0335  0.0331
  0.0336  0.0334  0.0330  0.0337  0.0332  0.0335  0.0335  0.0338  0.0334  0.0337  0.0331  0.0329
  0.0330  0.0330  0.0328  0.0331  0.0328  0.0329  0.0329  0.0330  0.0329  0.0330  0.0328  0.0328
  0.0328  0.0328  0.0328  0.0328  0.0328  0.0328  0.0328  0.0327  0.0327  0.0327  0.0327  0.0327
  0.0330  0.0328  0.0329  0.0330  0.0329  0.0332  0.0329  0.0331  0.0329  0.0329  0.0328  0.0328
  0.0335  0.0332  0.0331  0.0337  0.0333  0.0341  0.0335  0.0338  0.0335  0.0333  0.0331  0.0329
  0.0345  0.0337  0.0335  0.0344  0.0339  0.0346  0.0342  0.0350  0.0343  0.0343  0.0335  0.0331
niter,ni,del,rscale     2    3    5.0000    1.2000
parameters
    0.8394   32.8418    4.2055  -10.9377  -18.7751  -11.9259
    1.5574    3.9954   -0.9834   19.6183   -4.8233   -0.6025
eta,q 0.96727  6.71621
  0.0344  0.0340  0.0332  0.0344  0.0336  0.0342  0.0342  0.0349  0.0342  0.0346  0.0335  0.0331
  0.0335  0.0333  0.0329  0.0337  0.0331  0.0335  0.0334  0.0338  0.0334  0.0336  0.0331  0.0329
  0.0329  0.0329  0.0328  0.0331  0.0328  0.0330  0.0329  0.0330  0.0329  0.0330  0.0328  0.0328
  0.0327  0.0327  0.0327  0.0327  0.0327  0.0327  0.0327  0.0327  0.0327  0.0327  0.0327  0.0327
  0.0329  0.0328  0.0329  0.0329  0.0329  0.0331  0.0329  0.0330  0.0329  0.0329  0.0328  0.0328
  0.0335  0.0331  0.0331  0.0337  0.0332  0.0340  0.0334  0.0338  0.0334  0.0333  0.0330  0.0329
  0.0344  0.0337  0.0335  0.0344  0.0338  0.0346  0.0341  0.0350  0.0342  0.0342  0.0334  0.0331
niter,ni,del,rscale     1    3    5.0000    1.2000
parameters
    0.8071   33.0359    3.9169  -10.8522  -19.1009  -12.5474
    1.6111    3.9620   -1.0565   20.0932   -4.6856   -0.6234
eta,q 0.96729  6.70647
  0.0343  0.0340  0.0332  0.0344  0.0336  0.0342  0.0342  0.0349  0.0342  0.0346  0.0334  0.0331
  0.0334  0.0333  0.0329  0.0337  0.0331  0.0335  0.0334  0.0338  0.0334  0.0336  0.0330  0.0329
  0.0329  0.0329  0.0327  0.0331  0.0328  0.0330  0.0329  0.0330  0.0329  0.0330  0.0328  0.0328
  0.0327  0.0327  0.0327  0.0327  0.0327  0.0327  0.0327  0.0327  0.0327  0.0327  0.0327  0.0327
  0.0329  0.0328  0.0328  0.0329  0.0329  0.0330  0.0329  0.0330  0.0329  0.0329  0.0328  0.0328
  0.0335  0.0331  0.0331  0.0336  0.0332  0.0339  0.0334  0.0338  0.0334  0.0333  0.0330  0.0329
  0.0344  0.0336  0.0334  0.0344  0.0337  0.0347  0.0341  0.0349  0.0342  0.0342  0.0334  0.0331
registration optimization eta report
parameter search radius
    2.4000    2.4000    2.4000    8.2800    8.2800    9.5220
    7.2000    7.2000    7.2000    8.2800    8.2800    7.2000
100000*second partial in parameter space
       28.       19.       10.        2.        1.        2.
        3.        4.        3.        2.        1.        1.
  0.0343  0.0340  0.0332  0.0344  0.0336  0.0342  0.0342  0.0349  0.0342  0.0346  0.0334  0.0331
  0.0334  0.0333  0.0329  0.0337  0.0331  0.0335  0.0334  0.0338  0.0334  0.0336  0.0330  0.0329
  0.0329  0.0329  0.0327  0.0331  0.0328  0.0330  0.0329  0.0330  0.0329  0.0330  0.0328  0.0328
  0.0327  0.0327  0.0327  0.0327  0.0327  0.0327  0.0327  0.0327  0.0327  0.0327  0.0327  0.0327
  0.0329  0.0328  0.0328  0.0329  0.0329  0.0330  0.0329  0.0330  0.0329  0.0329  0.0328  0.0328
  0.0335  0.0331  0.0331  0.0336  0.0332  0.0339  0.0334  0.0338  0.0334  0.0333  0.0330  0.0329
  0.0344  0.0336  0.0334  0.0344  0.0337  0.0347  0.0341  0.0349  0.0342  0.0342  0.0334  0.0331
    0.8071   33.0359    3.9169  -10.8522  -19.1009  -12.5474
    1.6111    3.9620   -1.0565   20.0932   -4.6856   -0.6234
eta,q 0.96729  6.70647

---------------------------------------------------------------------
imgreg_4dfp /opt/freesurfer/average/711-2C_as_mni_average_305 /opt/freesurfer/average/711-2B_as_mni_average_305_mask talsrcimg_g11 none talsrcimg_to_711-2C_as_mni_average_305_t4 2311
---------------------------------------------------------------------

freesurfer imgreg_4dfp.c
/opt/freesurfer/average/711-2C_as_mni_average_305.4dfp.img
       256       256       256         1
  1.000000  1.000000  1.000000
orientation T byte_order littleendian
Reading image: /opt/freesurfer/average/711-2C_as_mni_average_305.4dfp.img
dimensions:      256       256       256
mmppix:       1.0000   -1.0000   -1.0000
center:     128.0000 -129.0000 -129.0000
/opt/freesurfer/average/711-2B_as_mni_average_305_mask.4dfp.img
       256       256       256         1
  1.000000  1.000000  1.000000
orientation T byte_order littleendian
Reading mask: /opt/freesurfer/average/711-2B_as_mni_average_305_mask.4dfp.img (2306576 pixels)
talsrcimg_g11.4dfp.img
       256       256       256         1
  1.000000  1.000000  1.000000
orientation T byte_order littleendian
Reading image: talsrcimg_g11.4dfp.img
dimensions:      256       256       256
mmppix:       1.0000   -1.0000   -1.0000
center:     128.0000 -129.0000 -129.0000
fimgreg.f
image alignment mode   2311 decimal      907 hex
parameters
    0.8071   33.0359    3.9169  -10.8522  -19.1009  -12.5474
    1.6111    3.9620   -1.0565   20.0932   -4.6856   -0.6234
eta,q 0.96729  6.70647
niter,ni,del,rscale     5    3    5.0000    0.8000
parameters
    0.7726   33.2061    3.6193  -10.5732  -19.5910  -12.6608
    1.6231    3.8755   -1.1404   20.5249   -4.6944   -0.9569
eta,q 0.96733  6.69957
  0.0334  0.0333  0.0329  0.0335  0.0330  0.0332  0.0334  0.0337  0.0334  0.0334  0.0329  0.0328
  0.0330  0.0330  0.0328  0.0331  0.0328  0.0330  0.0330  0.0331  0.0330  0.0330  0.0328  0.0327
  0.0328  0.0328  0.0327  0.0329  0.0327  0.0328  0.0328  0.0328  0.0327  0.0328  0.0327  0.0327
  0.0327  0.0327  0.0327  0.0327  0.0327  0.0327  0.0327  0.0327  0.0327  0.0327  0.0327  0.0327
  0.0328  0.0327  0.0328  0.0327  0.0328  0.0327  0.0328  0.0328  0.0328  0.0327  0.0327  0.0327
  0.0331  0.0329  0.0329  0.0330  0.0329  0.0330  0.0330  0.0332  0.0330  0.0329  0.0328  0.0328
  0.0335  0.0331  0.0330  0.0334  0.0331  0.0334  0.0334  0.0338  0.0334  0.0331  0.0329  0.0329
niter,ni,del,rscale     4    3    5.0000    0.7000
parameters
    0.7427   33.3664    3.4779  -10.4316  -19.9632  -12.7765
    1.6636    3.8261   -1.1806   20.8075   -4.6685   -1.2019
eta,q 0.96735  6.69310
  0.0332  0.0331  0.0328  0.0333  0.0329  0.0331  0.0332  0.0335  0.0332  0.0332  0.0329  0.0328
  0.0329  0.0329  0.0327  0.0330  0.0328  0.0329  0.0329  0.0330  0.0329  0.0329  0.0327  0.0327
  0.0327  0.0327  0.0327  0.0328  0.0327  0.0327  0.0327  0.0327  0.0327  0.0327  0.0327  0.0327
  0.0327  0.0327  0.0327  0.0327  0.0327  0.0327  0.0327  0.0327  0.0327  0.0327  0.0327  0.0327
  0.0327  0.0327  0.0327  0.0327  0.0327  0.0327  0.0327  0.0328  0.0327  0.0327  0.0327  0.0327
  0.0329  0.0328  0.0328  0.0329  0.0328  0.0329  0.0329  0.0331  0.0329  0.0328  0.0328  0.0327
  0.0333  0.0330  0.0329  0.0333  0.0330  0.0332  0.0332  0.0335  0.0332  0.0330  0.0329  0.0328
niter,ni,del,rscale     3    3    5.0000    0.6000
parameters
    0.7241   33.4769    3.3795  -10.3094  -20.2634  -12.8371
    1.6916    3.7758   -1.2122   20.9845   -4.6391   -1.3277
eta,q 0.96736  6.68802
  0.0331  0.0330  0.0328  0.0331  0.0328  0.0330  0.0331  0.0333  0.0330  0.0330  0.0328  0.0327
  0.0328  0.0328  0.0327  0.0329  0.0327  0.0328  0.0328  0.0329  0.0328  0.0328  0.0327  0.0327
  0.0327  0.0327  0.0327  0.0327  0.0327  0.0327  0.0327  0.0327  0.0327  0.0327  0.0327  0.0327
  0.0327  0.0327  0.0327  0.0327  0.0327  0.0326  0.0326  0.0326  0.0326  0.0326  0.0326  0.0326
  0.0327  0.0327  0.0327  0.0327  0.0327  0.0327  0.0327  0.0327  0.0327  0.0327  0.0327  0.0327
  0.0329  0.0327  0.0327  0.0328  0.0328  0.0328  0.0328  0.0330  0.0328  0.0328  0.0327  0.0327
  0.0331  0.0329  0.0328  0.0331  0.0329  0.0330  0.0331  0.0333  0.0331  0.0330  0.0328  0.0328
niter,ni,del,rscale     2    3    5.0000    0.5000
parameters
    0.7046   33.5437    3.2999  -10.1853  -20.4660  -12.8781
    1.7222    3.7399   -1.2237   21.0996   -4.6544   -1.4028
eta,q 0.96736  6.68555
  0.0329  0.0329  0.0327  0.0330  0.0328  0.0329  0.0329  0.0331  0.0329  0.0329  0.0327  0.0327
  0.0328  0.0327  0.0327  0.0328  0.0327  0.0328  0.0328  0.0328  0.0328  0.0328  0.0327  0.0327
  0.0327  0.0327  0.0326  0.0327  0.0326  0.0327  0.0327  0.0327  0.0327  0.0327  0.0326  0.0326
  0.0326  0.0326  0.0326  0.0326  0.0326  0.0326  0.0326  0.0326  0.0326  0.0326  0.0326  0.0326
  0.0327  0.0327  0.0327  0.0327  0.0327  0.0327  0.0327  0.0327  0.0327  0.0327  0.0326  0.0326
  0.0328  0.0327  0.0327  0.0328  0.0327  0.0328  0.0328  0.0329  0.0328  0.0327  0.0327  0.0327
  0.0330  0.0328  0.0328  0.0330  0.0328  0.0329  0.0329  0.0331  0.0329  0.0329  0.0327  0.0327
niter,ni,del,rscale     1    3    5.0000    0.4000
parameters
    0.6947   33.5885    3.2806  -10.1032  -20.6152  -12.8602
    1.7260    3.7045   -1.2227   21.1715   -4.6538   -1.5345
eta,q 0.96737  6.68397
  0.0328  0.0328  0.0327  0.0329  0.0327  0.0328  0.0328  0.0329  0.0328  0.0328  0.0327  0.0327
  0.0327  0.0327  0.0327  0.0328  0.0327  0.0327  0.0327  0.0328  0.0327  0.0327  0.0327  0.0327
  0.0327  0.0327  0.0326  0.0327  0.0326  0.0327  0.0327  0.0327  0.0327  0.0327  0.0326  0.0326
  0.0326  0.0326  0.0326  0.0326  0.0326  0.0326  0.0326  0.0326  0.0326  0.0326  0.0326  0.0326
  0.0327  0.0327  0.0326  0.0326  0.0327  0.0326  0.0327  0.0327  0.0327  0.0327  0.0326  0.0326
  0.0327  0.0327  0.0327  0.0327  0.0327  0.0327  0.0327  0.0328  0.0327  0.0327  0.0327  0.0327
  0.0328  0.0328  0.0327  0.0329  0.0328  0.0328  0.0328  0.0329  0.0328  0.0328  0.0327  0.0327
registration optimization eta report
parameter search radius
    0.8000    0.8000    0.8000    2.4000    2.4000    2.4000
    2.4000    2.4000    2.4000    2.4000    2.4000    2.4000
100000*second partial in parameter space
       30.       20.       11.        4.        2.        3.
        3.        5.        3.        3.        1.        1.
  0.0328  0.0328  0.0327  0.0329  0.0327  0.0328  0.0328  0.0329  0.0328  0.0328  0.0327  0.0327
  0.0327  0.0327  0.0327  0.0328  0.0327  0.0327  0.0327  0.0328  0.0327  0.0327  0.0327  0.0327
  0.0327  0.0327  0.0326  0.0327  0.0326  0.0327  0.0327  0.0327  0.0327  0.0327  0.0326  0.0326
  0.0326  0.0326  0.0326  0.0326  0.0326  0.0326  0.0326  0.0326  0.0326  0.0326  0.0326  0.0326
  0.0327  0.0327  0.0326  0.0326  0.0327  0.0326  0.0327  0.0327  0.0327  0.0327  0.0326  0.0326
  0.0327  0.0327  0.0327  0.0327  0.0327  0.0327  0.0327  0.0328  0.0327  0.0327  0.0327  0.0327
  0.0328  0.0328  0.0327  0.0329  0.0328  0.0328  0.0328  0.0329  0.0328  0.0328  0.0327  0.0327
    0.6947   33.5885    3.2806  -10.1032  -20.6152  -12.8602
    1.7260    3.7045   -1.2227   21.1715   -4.6538   -1.5345
eta,q 0.96737  6.68397

---------------------------------------------------------------------
imgreg_4dfp /opt/freesurfer/average/711-2C_as_mni_average_305 /opt/freesurfer/average/711-2B_as_mni_average_305_mask talsrcimg_g11 none talsrcimg_to_711-2C_as_mni_average_305_t4 2311
---------------------------------------------------------------------

freesurfer imgreg_4dfp.c
/opt/freesurfer/average/711-2C_as_mni_average_305.4dfp.img
       256       256       256         1
  1.000000  1.000000  1.000000
orientation T byte_order littleendian
Reading image: /opt/freesurfer/average/711-2C_as_mni_average_305.4dfp.img
dimensions:      256       256       256
mmppix:       1.0000   -1.0000   -1.0000
center:     128.0000 -129.0000 -129.0000
/opt/freesurfer/average/711-2B_as_mni_average_305_mask.4dfp.img
       256       256       256         1
  1.000000  1.000000  1.000000
orientation T byte_order littleendian
Reading mask: /opt/freesurfer/average/711-2B_as_mni_average_305_mask.4dfp.img (2306576 pixels)
talsrcimg_g11.4dfp.img
       256       256       256         1
  1.000000  1.000000  1.000000
orientation T byte_order littleendian
Reading image: talsrcimg_g11.4dfp.img
dimensions:      256       256       256
mmppix:       1.0000   -1.0000   -1.0000
center:     128.0000 -129.0000 -129.0000
fimgreg.f
image alignment mode   2311 decimal      907 hex
parameters
    0.6947   33.5885    3.2806  -10.1032  -20.6152  -12.8602
    1.7260    3.7045   -1.2227   21.1715   -4.6538   -1.5345
eta,q 0.96737  6.68398
niter,ni,del,rscale     5    3    5.0000    0.8000
parameters
    0.6852   33.6415    3.2814  -10.3250  -20.4717  -13.1729
    1.7445    3.7638   -1.2338   21.3484   -4.5542   -1.3763
eta,q 0.96736  6.68379
  0.0334  0.0332  0.0329  0.0334  0.0330  0.0332  0.0334  0.0338  0.0334  0.0333  0.0329  0.0328
  0.0330  0.0329  0.0328  0.0330  0.0328  0.0329  0.0330  0.0332  0.0330  0.0329  0.0328  0.0327
  0.0327  0.0327  0.0327  0.0327  0.0327  0.0327  0.0327  0.0328  0.0327  0.0327  0.0327  0.0327
  0.0326  0.0326  0.0326  0.0326  0.0326  0.0326  0.0326  0.0326  0.0326  0.0326  0.0326  0.0326
  0.0327  0.0327  0.0327  0.0327  0.0327  0.0327  0.0327  0.0328  0.0327  0.0327  0.0327  0.0327
  0.0330  0.0328  0.0328  0.0331  0.0328  0.0330  0.0330  0.0331  0.0330  0.0329  0.0328  0.0327
  0.0334  0.0331  0.0329  0.0335  0.0330  0.0334  0.0333  0.0337  0.0334  0.0332  0.0329  0.0328
niter,ni,del,rscale     4    3    5.0000    0.7000
parameters
    0.6841   33.6779    3.1807  -10.2941  -20.5818  -13.2773
    1.7531    3.7494   -1.2543   21.4370   -4.5887   -1.4162
eta,q 0.96736  6.68056
  0.0332  0.0331  0.0328  0.0333  0.0329  0.0331  0.0332  0.0335  0.0332  0.0331  0.0328  0.0328
  0.0329  0.0328  0.0327  0.0330  0.0328  0.0329  0.0329  0.0330  0.0329  0.0329  0.0327  0.0327
  0.0327  0.0327  0.0327  0.0327  0.0327  0.0327  0.0327  0.0327  0.0327  0.0327  0.0327  0.0327
  0.0326  0.0326  0.0326  0.0326  0.0326  0.0326  0.0326  0.0326  0.0326  0.0326  0.0326  0.0326
  0.0327  0.0327  0.0327  0.0327  0.0327  0.0327  0.0327  0.0328  0.0327  0.0327  0.0327  0.0327
  0.0329  0.0328  0.0328  0.0329  0.0328  0.0329  0.0329  0.0330  0.0329  0.0329  0.0327  0.0327
  0.0332  0.0330  0.0329  0.0333  0.0329  0.0332  0.0332  0.0335  0.0332  0.0331  0.0328  0.0328
niter,ni,del,rscale     3    3    5.0000    0.6000
parameters
    0.6778   33.7214    3.1221  -10.2307  -20.7240  -13.2966
    1.7505    3.7214   -1.2558   21.5124   -4.6353   -1.4534
eta,q 0.96736  6.67830
  0.0331  0.0330  0.0328  0.0331  0.0329  0.0330  0.0331  0.0333  0.0330  0.0330  0.0328  0.0328
  0.0328  0.0328  0.0327  0.0329  0.0327  0.0328  0.0328  0.0329  0.0328  0.0328  0.0327  0.0327
  0.0327  0.0327  0.0327  0.0327  0.0327  0.0327  0.0327  0.0327  0.0327  0.0327  0.0327  0.0327
  0.0326  0.0326  0.0326  0.0326  0.0326  0.0326  0.0326  0.0326  0.0326  0.0326  0.0326  0.0326
  0.0327  0.0327  0.0327  0.0327  0.0327  0.0327  0.0327  0.0327  0.0327  0.0327  0.0327  0.0327
  0.0328  0.0328  0.0327  0.0328  0.0328  0.0328  0.0328  0.0329  0.0328  0.0328  0.0327  0.0327
  0.0331  0.0329  0.0328  0.0331  0.0329  0.0330  0.0331  0.0333  0.0330  0.0330  0.0328  0.0328
niter,ni,del,rscale     2    3    5.0000    0.5000
parameters
    0.6745   33.7465    3.0909  -10.1347  -20.8635  -13.2569
    1.7593    3.7109   -1.2495   21.5477   -4.6599   -1.4888
eta,q 0.96736  6.67711
  0.0329  0.0328  0.0327  0.0330  0.0328  0.0329  0.0329  0.0331  0.0329  0.0329  0.0327  0.0327
  0.0328  0.0327  0.0327  0.0328  0.0327  0.0328  0.0328  0.0328  0.0328  0.0328  0.0327  0.0327
  0.0327  0.0327  0.0327  0.0327  0.0327  0.0327  0.0327  0.0327  0.0327  0.0327  0.0326  0.0326
  0.0326  0.0326  0.0326  0.0326  0.0326  0.0326  0.0326  0.0326  0.0326  0.0326  0.0326  0.0326
  0.0327  0.0327  0.0327  0.0327  0.0327  0.0327  0.0327  0.0327  0.0327  0.0327  0.0327  0.0326
  0.0328  0.0327  0.0327  0.0328  0.0327  0.0327  0.0328  0.0328  0.0328  0.0328  0.0327  0.0327
  0.0329  0.0328  0.0328  0.0330  0.0328  0.0329  0.0329  0.0331  0.0329  0.0329  0.0327  0.0327
niter,ni,del,rscale     1    3    5.0000    0.4000
parameters
    0.6689   33.7660    3.0927  -10.0520  -20.9710  -13.1882
    1.7553    3.6801   -1.2346   21.5899   -4.6529   -1.5716
eta,q 0.96736  6.67722
  0.0328  0.0328  0.0327  0.0329  0.0327  0.0328  0.0328  0.0329  0.0328  0.0328  0.0327  0.0327
  0.0327  0.0327  0.0327  0.0328  0.0327  0.0327  0.0327  0.0328  0.0327  0.0327  0.0327  0.0327
  0.0327  0.0327  0.0326  0.0327  0.0326  0.0327  0.0327  0.0327  0.0327  0.0327  0.0326  0.0326
  0.0326  0.0326  0.0326  0.0326  0.0326  0.0326  0.0326  0.0326  0.0326  0.0326  0.0326  0.0326
  0.0327  0.0327  0.0326  0.0327  0.0327  0.0326  0.0327  0.0327  0.0327  0.0326  0.0326  0.0326
  0.0327  0.0327  0.0327  0.0327  0.0327  0.0327  0.0327  0.0328  0.0327  0.0327  0.0327  0.0327
  0.0328  0.0328  0.0327  0.0329  0.0328  0.0328  0.0328  0.0329  0.0328  0.0328  0.0327  0.0327
registration optimization eta report
parameter search radius
    0.8000    0.8000    0.8000    2.4000    2.4000    2.4000
    2.4000    2.4000    2.4000    2.4000    2.4000    2.4000
100000*second partial in parameter space
       30.       20.       11.        4.        2.        3.
        3.        5.        3.        3.        1.        1.
  0.0328  0.0328  0.0327  0.0329  0.0327  0.0328  0.0328  0.0329  0.0328  0.0328  0.0327  0.0327
  0.0327  0.0327  0.0327  0.0328  0.0327  0.0327  0.0327  0.0328  0.0327  0.0327  0.0327  0.0327
  0.0327  0.0327  0.0326  0.0327  0.0326  0.0327  0.0327  0.0327  0.0327  0.0327  0.0326  0.0326
  0.0326  0.0326  0.0326  0.0326  0.0326  0.0326  0.0326  0.0326  0.0326  0.0326  0.0326  0.0326
  0.0327  0.0327  0.0326  0.0327  0.0327  0.0326  0.0327  0.0327  0.0327  0.0326  0.0326  0.0326
  0.0327  0.0327  0.0327  0.0327  0.0327  0.0327  0.0327  0.0328  0.0327  0.0327  0.0327  0.0327
  0.0328  0.0328  0.0327  0.0329  0.0328  0.0328  0.0328  0.0329  0.0328  0.0328  0.0327  0.0327
    0.6689   33.7660    3.0927  -10.0520  -20.9710  -13.1882
    1.7553    3.6801   -1.2346   21.5899   -4.6529   -1.5716
eta,q 0.96736  6.67722

---------------------------------------------------------------------
compute_vox2vox talsrcimg talsrcimg_to_711-2C_as_mni_average_305_t4 /opt/freesurfer/average/711-2C_as_mni_average_305
---------------------------------------------------------------------

freesurfer compute_vox2vox.c
Reading: talsrcimg.4dfp.ifh
Reading: talsrcimg_to_711-2C_as_mni_average_305_t4
Reading: /opt/freesurfer/average/711-2C_as_mni_average_305.4dfp.ifh
Writing: talsrcimg_to_711-2C_as_mni_average_305_t4_vox2vox.txt

start time Wed Mar 11 21:34:38 CET 2026
end		time Wed Mar 11 21:36:04 CET 2026

mpr2mni305 success

avi2talxfm orig_nu.mgz /opt/freesurfer/average/mni305.cor.mgz talsrcimg_to_711-2C_as_mni_average_305_t4_vox2vox.txt transforms/talairach.auto.xfm
avi2talxfm done
mv -f /out/sourcedata/freesurfer/sub-v1s2x0051492_ses-1/mri/talsrcimg_to_711-2C_as_mni_average_305_t4_vox2vox.txt /out/sourcedata/freesurfer/sub-v1s2x0051492_ses-1/mri/transforms/talsrcimg_to_711-2C_as_mni_average_305_t4_vox2vox.txt
lta_convert --src orig_nu.mgz --trg /opt/freesurfer/average/mni305.cor.mgz --inxfm transforms/talairach.auto.xfm --outlta transforms/talairach.auto.xfm.lta --subject fsaverage
7.3.2

--src: orig_nu.mgz src image (geometry).
--trg: /opt/freesurfer/average/mni305.cor.mgz trg image (geometry).
--inmni: transforms/talairach.auto.xfm input MNI/XFM transform.
--outlta: transforms/talairach.auto.xfm.lta output LTA.
--s: fsaverage subject name
 LTA read, type : 1
 1.10930  -0.04070  -0.02545   0.31348;
 0.05948   1.14407   0.02143  -71.15936;
 0.00108  -0.31318   1.25911  -12.80962;
 0.00000   0.00000   0.00000   1.00000;
setting subject to fsaverage
Writing  LTA to file transforms/talairach.auto.xfm.lta...
lta_convert successful.
 
 
Started at Wed Mar 11 21:34:37 CET 2026
Ended   at Wed Mar 11 21:36:04 CET 2026
talairach_avi done
