/out/sourcedata/freesurfer/sub-v1s2x0051458_ses-1/mri
/opt/freesurfer/bin/talairach_avi
--i orig_nu.mgz --xfm transforms/talairach.auto.xfm
talairach_avi 7.3.2
Linux dna011 5.14.0-427.37.1.el9_4.x86_64 #1 SMP PREEMPT_DYNAMIC Fri Sep 13 12:41:50 EDT 2024 x86_64 x86_64 x86_64 GNU/Linux
Mon Mar  9 21:21:00 CET 2026
mri_convert orig_nu.mgz talsrcimg.img 
reading from orig_nu.mgz...
TR=0.00, TE=0.00, TI=0.00, flip angle=0.00
i_ras = (-1, 0, 0)
j_ras = (0, 0, -1)
k_ras = (0, 1, 0)
writing to talsrcimg.img...
Analyze Output Matrix
-1.00000   0.00000   0.00000   128.14407;
 0.00000   0.00000   1.00000  -61.55933;
 0.00000  -1.00000   0.00000   122.54237;
 0.00000   0.00000   0.00000   1.00000;
--------------------
INFO: set hdr.hist.orient to -1
mpr2mni305 talsrcimg
Mon Mar  9 21:21:00 CET 2026
/opt/freesurfer/bin/mpr2mni305 talsrcimg
mpr2mni305 7.3.2
target=711-2C_as_mni_average_305

---------------------------------------------------------------------
analyzeto4dfp talsrcimg -O0 -y
---------------------------------------------------------------------

freesurfer ifh2hdr.c
Mon Mar  9 21:21:00 2026
Writing: talsrcimg.4dfp.hdr
freesurfer analyzeto4dfp.c
Reading: talsrcimg.hdr
header size 348 bytes
hdr.dime.datatype	offset=70	value=2
hdr.dime.bitpix		offset=72	value=8
hdr.hist.orient		offset=252	value=-1
dimensionality     4
dimensions       256       256       256         1
Reading: talsrcimg.img
Writing: talsrcimg.4dfp.img
Writing: talsrcimg.4dfp.ifh
ifh2hdr talsrcimg -r0to255
ori=2

---------------------------------------------------------------------
gauss_4dfp talsrcimg 1.1
---------------------------------------------------------------------

freesurfer gauss_4dfp.c
Reading: talsrcimg.4dfp.img
Writing: talsrcimg_g11.4dfp.img
image dimensions 256 256 256 padded to 288 288 288
processing volume 1freesurfer ifh2hdr.c
Mon Mar  9 21:21:02 2026
Writing: talsrcimg_g11.4dfp.hdr

Writing: talsrcimg_g11.4dfp.ifh
including: talsrcimg.4dfp.img.rec in talsrcimg_g11.4dfp.img.rec

---------------------------------------------------------------------
imgreg_4dfp /opt/freesurfer/average/711-2C_as_mni_average_305 none talsrcimg_g11 none talsrcimg_to_711-2C_as_mni_average_305_t4 4355
---------------------------------------------------------------------

freesurfer imgreg_4dfp.c
/opt/freesurfer/average/711-2C_as_mni_average_305.4dfp.img
       256       256       256         1
  1.000000  1.000000  1.000000
orientation T byte_order littleendian
Reading image: /opt/freesurfer/average/711-2C_as_mni_average_305.4dfp.img
dimensions:      256       256       256
mmppix:       1.0000   -1.0000   -1.0000
center:     128.0000 -129.0000 -129.0000
talsrcimg_g11.4dfp.img
       256       256       256         1
  1.000000  1.000000  1.000000
orientation T byte_order littleendian
Reading image: talsrcimg_g11.4dfp.img
dimensions:      256       256       256
mmppix:       1.0000   -1.0000   -1.0000
center:     128.0000 -129.0000 -129.0000
t4_read: open error in t4_sub.f l:  41 t4_file(1:l)talsrcimg_to_711-2C_as_mni_average_305_t4 
t4_read: transform initialized to I4
rotation matrix determinant  1.000000
image alignment mode   4355 decimal     1103 hex
   -7.5000  -45.0000  -45.0000 6338.4409   12.4019
    0.0000  -45.0000  -45.0000 6579.6084   12.3940
    7.5000  -45.0000  -45.0000 6298.6812   12.3790
   -7.5000  -37.5000  -45.0000 6948.1343   11.9501
    0.0000  -37.5000  -45.0000 7198.7925   11.9473
    7.5000  -37.5000  -45.0000 6890.3354   11.9362
   -7.5000  -30.0000  -45.0000 7903.6929   11.6240
    0.0000  -30.0000  -45.0000 8200.9053   11.6276
    7.5000  -30.0000  -45.0000 7827.3564   11.6198
   -7.5000  -22.5000  -45.0000 8954.5547   11.4162
    0.0000  -22.5000  -45.0000 9297.6152   11.4189
    7.5000  -22.5000  -45.0000 8862.2139   11.4115
   -7.5000  -15.0000  -45.000010013.5469   11.2886
    0.0000  -15.0000  -45.000010414.4463   11.2853
    7.5000  -15.0000  -45.0000 9910.9932   11.2768
   -7.5000   -7.5000  -45.000011094.5430   11.2330
    0.0000   -7.5000  -45.000011548.1914   11.2237
    7.5000   -7.5000  -45.000010996.2236   11.2121
   -7.5000    0.0000  -45.000012092.3525   11.2243
    0.0000    0.0000  -45.000012598.5820   11.2147
    7.5000    0.0000  -45.000011998.1670   11.2020
   -7.5000    7.5000  -45.000012090.8857   11.2172
    0.0000    7.5000  -45.000012588.4629   11.2142
    7.5000    7.5000  -45.000012012.3516   11.2041
   -7.5000   15.0000  -45.000011977.6318   11.2090
    0.0000   15.0000  -45.000012489.3281   11.2120
    7.5000   15.0000  -45.000011908.3613   11.2045
   -7.5000   22.5000  -45.000011837.0762   11.2060
    0.0000   22.5000  -45.000012347.2051   11.2084
    7.5000   22.5000  -45.000011748.5635   11.2017
   -7.5000   30.0000  -45.000011606.0566   11.0657
    0.0000   30.0000  -45.000012116.3262   11.0625
    7.5000   30.0000  -45.000011519.1279   11.0542
   -7.5000   37.5000  -45.000011671.7314   11.0719
    0.0000   37.5000  -45.000012177.2939   11.0627
    7.5000   37.5000  -45.000011575.5820   11.0513
   -7.5000   45.0000  -45.000011192.1641   10.7935
    0.0000   45.0000  -45.000011646.7490   10.7842
    7.5000   45.0000  -45.000011083.8740   10.7721
   -7.5000  -45.0000  -37.5000 6611.5967   12.4054
    0.0000  -45.0000  -37.5000 6863.1768   12.3998
    7.5000  -45.0000  -37.5000 6565.0923   12.3812
   -7.5000  -37.5000  -37.5000 7264.1914   11.9504
    0.0000  -37.5000  -37.5000 7533.7593   11.9462
    7.5000  -37.5000  -37.5000 7195.1816   11.9330
   -7.5000  -30.0000  -37.5000 8260.4766   11.6190
    0.0000  -30.0000  -37.5000 8591.9912   11.6208
    7.5000  -30.0000  -37.5000 8192.3340   11.6136
   -7.5000  -22.5000  -37.5000 9363.8994   11.4113
    0.0000  -22.5000  -37.5000 9747.1367   11.4153
    7.5000  -22.5000  -37.5000 9286.6250   11.4099
   -7.5000  -15.0000  -37.500010485.9170   11.2899
    0.0000  -15.0000  -37.500010924.9121   11.2908
    7.5000  -15.0000  -37.500010396.2578   11.2824
   -7.5000   -7.5000  -37.500011619.9336   11.2388
    0.0000   -7.5000  -37.500012094.9043   11.2337
    7.5000   -7.5000  -37.500011531.3203   11.2198
   -7.5000    0.0000  -37.500012637.2881   11.2292
    0.0000    0.0000  -37.500013165.6631   11.2216
    7.5000    0.0000  -37.500012563.1465   11.2058
   -7.5000    7.5000  -37.500012652.4238   11.2173
    0.0000    7.5000  -37.500013176.5840   11.2135
    7.5000    7.5000  -37.500012608.3281   11.2015
   -7.5000   15.0000  -37.500012543.3359   11.2040
    0.0000   15.0000  -37.500013075.4346   11.2056
    7.5000   15.0000  -37.500012490.3584   11.1989
   -7.5000   22.5000  -37.500012378.1924   11.2015
    0.0000   22.5000  -37.500012921.2021   11.2052
    7.5000   22.5000  -37.500012313.7275   11.2003
   -7.5000   30.0000  -37.500012124.5791   11.0670
    0.0000   30.0000  -37.500012689.9434   11.0678
    7.5000   30.0000  -37.500012053.6328   11.0598
   -7.5000   37.5000  -37.500012167.4893   11.0776
    0.0000   37.5000  -37.500012731.0244   11.0726
    7.5000   37.5000  -37.500012078.1611   11.0589
   -7.5000   45.0000  -37.500011642.3984   10.7983
    0.0000   45.0000  -37.500012141.9092   10.7910
    7.5000   45.0000  -37.500011529.1025   10.7758
   -7.5000  -45.0000  -30.0000 7003.0664   12.8964
    0.0000  -45.0000  -30.0000 7271.6763   12.9042
    7.5000  -45.0000  -30.0000 6937.0088   12.8944
   -7.5000  -37.5000  -30.0000 7707.0356   12.4291
    0.0000  -37.5000  -30.0000 8001.0952   12.4350
    7.5000  -37.5000  -30.0000 7629.0835   12.4300
   -7.5000  -30.0000  -30.0000 8779.2695   12.0868
    0.0000  -30.0000  -30.0000 9122.3906   12.0966
    7.5000  -30.0000  -30.0000 8708.9668   12.0973
   -7.5000  -22.5000  -30.0000 9959.7051   11.8691
    0.0000  -22.5000  -30.000010366.7266   11.8824
    7.5000  -22.5000  -30.0000 9881.6533   11.8845
   -7.5000  -15.0000  -30.000011155.4219   11.7414
    0.0000  -15.0000  -30.000011617.1768   11.7531
    7.5000  -15.0000  -30.000011059.4092   11.7516
   -7.5000   -7.5000  -30.000012334.6465   11.6879
    0.0000   -7.5000  -30.000012856.9746   11.6945
    7.5000   -7.5000  -30.000012243.2852   11.6876
   -7.5000    0.0000  -30.000013413.6260   11.6793
    0.0000    0.0000  -30.000013985.0283   11.6827
    7.5000    0.0000  -30.000013345.3086   11.6741
   -7.5000    7.5000  -30.000013454.3613   11.6693
    0.0000    7.5000  -30.000014042.6650   11.6744
    7.5000    7.5000  -30.000013422.5879   11.6696
   -7.5000   15.0000  -30.000013356.5576   11.6560
    0.0000   15.0000  -30.000013953.0566   11.6655
    7.5000   15.0000  -30.000013299.8633   11.6660
   -7.5000   22.5000  -30.000013135.0215   11.6502
    0.0000   22.5000  -30.000013713.7520   11.6629
    7.5000   22.5000  -30.000013052.9365   11.6653
   -7.5000   30.0000  -30.000012855.2578   11.5108
    0.0000   30.0000  -30.000013433.8506   11.5223
    7.5000   30.0000  -30.000012771.8223   11.5209
   -7.5000   37.5000  -30.000012898.9062   11.5213
    0.0000   37.5000  -30.000013506.1709   11.5279
    7.5000   37.5000  -30.000012817.3467   11.5211
   -7.5000   45.0000  -30.000012310.1748   11.2393
    0.0000   45.0000  -30.000012880.6455   11.2426
    7.5000   45.0000  -30.000012220.2402   11.2343
   -7.5000  -45.0000  -22.5000 7377.3862   13.3093
    0.0000  -45.0000  -22.5000 7638.6538   13.3289
    7.5000  -45.0000  -22.5000 7287.3999   13.3334
   -7.5000  -37.5000  -22.5000 8116.8286   12.8370
    0.0000  -37.5000  -22.5000 8433.1357   12.8547
    7.5000  -37.5000  -22.5000 8035.1694   12.8608
   -7.5000  -30.0000  -22.5000 9255.6455   12.4922
    0.0000  -30.0000  -22.5000 9624.4453   12.5118
    7.5000  -30.0000  -22.5000 9175.9502   12.5196
   -7.5000  -22.5000  -22.500010495.9600   12.2657
    0.0000  -22.5000  -22.500010935.6406   12.2867
    7.5000  -22.5000  -22.500010415.9717   12.2944
   -7.5000  -15.0000  -22.500011746.4326   12.1257
    0.0000  -15.0000  -22.500012248.8613   12.1441
    7.5000  -15.0000  -22.500011663.4893   12.1500
   -7.5000   -7.5000  -22.500012999.1113   12.0647
    0.0000   -7.5000  -22.500013565.4756   12.0793
    7.5000   -7.5000  -22.500012923.3662   12.0828
   -7.5000    0.0000  -22.500014152.5605   12.0578
    0.0000    0.0000  -22.500014764.0059   12.0708
    7.5000    0.0000  -22.500014081.9053   12.0739
   -7.5000    7.5000  -22.500014221.2051   12.0557
    0.0000    7.5000  -22.500014852.3086   12.0705
    7.5000    7.5000  -22.500014184.1553   12.0753
   -7.5000   15.0000  -22.500014118.0107   12.0481
    0.0000   15.0000  -22.500014766.9912   12.0665
    7.5000   15.0000  -22.500014106.1377   12.0737
   -7.5000   22.5000  -22.500013875.7734   12.0389
    0.0000   22.5000  -22.500014467.6221   12.0591
    7.5000   22.5000  -22.500013844.5020   12.0668
   -7.5000   30.0000  -22.500013544.8652   11.8895
    0.0000   30.0000  -22.500014148.4316   11.9074
    7.5000   30.0000  -22.500013509.6855   11.9132
   -7.5000   37.5000  -22.500013608.3916   11.8946
    0.0000   37.5000  -22.500014247.7930   11.9090
    7.5000   37.5000  -22.500013583.7480   11.9126
   -7.5000   45.0000  -22.500012954.0283   11.6123
    0.0000   45.0000  -22.500013565.0674   11.6248
    7.5000   45.0000  -22.500012899.2119   11.6278
   -7.5000  -45.0000  -15.0000 7664.2017   13.6240
    0.0000  -45.0000  -15.0000 7956.3154   13.6416
    7.5000  -45.0000  -15.0000 7592.3252   13.6519
   -7.5000  -37.5000  -15.0000 8467.4004   13.1448
    0.0000  -37.5000  -15.0000 8807.1514   13.1639
    7.5000  -37.5000  -15.0000 8402.5947   13.1738
   -7.5000  -30.0000  -15.0000 9704.4863   12.7980
    0.0000  -30.0000  -15.000010099.3066   12.8197
    7.5000  -30.0000  -15.0000 9629.1572   12.8283
   -7.5000  -22.5000  -15.000011021.9189   12.5660
    0.0000  -22.5000  -15.000011488.2119   12.5863
    7.5000  -22.5000  -15.000010930.1309   12.5933
   -7.5000  -15.0000  -15.000012325.7598   12.4158
    0.0000  -15.0000  -15.000012854.9434   12.4309
    7.5000  -15.0000  -15.000012241.0078   12.4381
   -7.5000   -7.5000  -15.000013612.4512   12.3483
    0.0000   -7.5000  -15.000014210.2158   12.3593
    7.5000   -7.5000  -15.000013559.0049   12.3669
   -7.5000    0.0000  -15.000014800.8604   12.3423
    0.0000    0.0000  -15.000015448.6641   12.3534
    7.5000    0.0000  -15.000014769.5459   12.3615
   -7.5000    7.5000  -15.000014854.6338   12.3455
    0.0000    7.5000  -15.000015510.9424   12.3611
    7.5000    7.5000  -15.000014851.1035   12.3693
   -7.5000   15.0000  -15.000014811.9902   12.3433
    0.0000   15.0000  -15.000015451.1553   12.3634
    7.5000   15.0000  -15.000014809.3828   12.3710
   -7.5000   22.5000  -15.000014621.3057   12.3328
    0.0000   22.5000  -15.000015223.3965   12.3523
    7.5000   22.5000  -15.000014669.8398   12.3594
   -7.5000   30.0000  -15.000014279.4131   12.1756
    0.0000   30.0000  -15.000014904.6230   12.1903
    7.5000   30.0000  -15.000014371.8037   12.1974
   -7.5000   37.5000  -15.000014303.4531   12.1760
    0.0000   37.5000  -15.000014964.4355   12.1869
    7.5000   37.5000  -15.000014383.8887   12.1943
   -7.5000   45.0000  -15.000013564.4209   11.8934
    0.0000   45.0000  -15.000014202.0391   11.9042
    7.5000   45.0000  -15.000013565.6143   11.9119
   -7.5000  -45.0000   -7.5000 7918.2334   13.8120
    0.0000  -45.0000   -7.5000 8222.4023   13.8151
    7.5000  -45.0000   -7.5000 7859.4492   13.8143
   -7.5000  -37.5000   -7.5000 8795.4189   13.3195
    0.0000  -37.5000   -7.5000 9167.0439   13.3284
    7.5000  -37.5000   -7.5000 8734.7881   13.3289
   -7.5000  -30.0000   -7.500010118.9922   12.9650
    0.0000  -30.0000   -7.500010575.9434   12.9791
    7.5000  -30.0000   -7.500010054.1572   12.9794
   -7.5000  -22.5000   -7.500011511.9473   12.7312
    0.0000  -22.5000   -7.500012047.7910   12.7427
    7.5000  -22.5000   -7.500011456.8916   12.7418
   -7.5000  -15.0000   -7.500012884.8223   12.5806
    0.0000  -15.0000   -7.500013465.6348   12.5846
    7.5000  -15.0000   -7.500012856.7998   12.5839
   -7.5000   -7.5000   -7.500014218.7373   12.5135
    0.0000   -7.5000   -7.500014884.4170   12.5118
    7.5000   -7.5000   -7.500014250.5791   12.5107
   -7.5000    0.0000   -7.500015445.6777   12.5065
    0.0000    0.0000   -7.500016142.1270   12.5055
    7.5000    0.0000   -7.500015533.5547   12.5046
   -7.5000    7.5000   -7.500015468.5928   12.5067
    0.0000    7.5000   -7.500016128.2168   12.5134
    7.5000    7.5000   -7.500015550.9570   12.5133
   -7.5000   15.0000   -7.500015463.3184   12.5034
    0.0000   15.0000   -7.500016126.6592   12.5162
    7.5000   15.0000   -7.500015458.6992   12.5161
   -7.5000   22.5000   -7.500015480.1201   12.4931
    0.0000   22.5000   -7.500016220.9395   12.5039
    7.5000   22.5000   -7.500015516.8125   12.5035
   -7.5000   30.0000   -7.500015272.5088   12.3367
    0.0000   30.0000   -7.500016033.1670   12.3406
    7.5000   30.0000   -7.500015372.5654   12.3401
   -7.5000   37.5000   -7.500015218.1885   12.3386
    0.0000   37.5000   -7.500015920.2129   12.3369
    7.5000   37.5000   -7.500015280.8672   12.3358
   -7.5000   45.0000   -7.500014297.6699   12.0539
    0.0000   45.0000   -7.500014927.1338   12.0530
    7.5000   45.0000   -7.500014252.6133   12.0521
   -7.5000  -45.0000    0.0000 8117.2935   13.8681
    0.0000  -45.0000    0.0000 8441.6680   13.8591
    7.5000  -45.0000    0.0000 8074.7778   13.8424
   -7.5000  -37.5000    0.0000 9041.5967   13.3631
    0.0000  -37.5000    0.0000 9428.9951   13.3599
    7.5000  -37.5000    0.0000 9015.1055   13.3474
   -7.5000  -30.0000    0.000010411.4209   12.9985
    0.0000  -30.0000    0.000010900.2881   13.0024
    7.5000  -30.0000    0.000010411.9971   12.9936
   -7.5000  -22.5000    0.000011858.3506   12.7661
    0.0000  -22.5000    0.000012423.3721   12.7689
    7.5000  -22.5000    0.000011871.6924   12.7606
   -7.5000  -15.0000    0.000013298.8945   12.6235
    0.0000  -15.0000    0.000013919.9883   12.6197
    7.5000  -15.0000    0.000013339.2725   12.6101
   -7.5000   -7.5000    0.000014740.2676   12.5617
    0.0000   -7.5000    0.000015462.4473   12.5511
    7.5000   -7.5000    0.000014807.7715   12.5381
   -7.5000    0.0000    0.000016077.6855   12.5521
    0.0000    0.0000    0.000016830.2832   12.5413
    7.5000    0.0000    0.000016130.1865   12.5270
   -7.5000    7.5000    0.000016139.0508   12.5441
    0.0000    7.5000    0.000016855.5137   12.5407
    7.5000    7.5000    0.000016096.1152   12.5293
   -7.5000   15.0000    0.000016066.1270   12.5346
    0.0000   15.0000    0.000016908.6016   12.5379
    7.5000   15.0000    0.000015963.2568   12.5295
   -7.5000   22.5000    0.000016112.5723   12.5271
    0.0000   22.5000    0.000017092.3184   12.5297
    7.5000   22.5000    0.000016022.9424   12.5221
   -7.5000   30.0000    0.000016015.5635   12.3791
    0.0000   30.0000    0.000016937.7012   12.3754
    7.5000   30.0000    0.000015902.1357   12.3661
   -7.5000   37.5000    0.000015978.2744   12.3863
    0.0000   37.5000    0.000016817.4023   12.3760
    7.5000   37.5000    0.000015835.0498   12.3631
   -7.5000   45.0000    0.000014916.1904   12.0988
    0.0000   45.0000    0.000015636.6133   12.0883
    7.5000   45.0000    0.000014806.5439   12.0746
   -7.5000  -45.0000    7.5000 7677.9624   13.8820
    0.0000  -45.0000    7.5000 8005.8633   13.8757
    7.5000  -45.0000    7.5000 7664.5796   13.8549
   -7.5000  -37.5000    7.5000 8580.7520   13.3728
    0.0000  -37.5000    7.5000 8966.8486   13.3681
    7.5000  -37.5000    7.5000 8576.7344   13.3533
   -7.5000  -30.0000    7.5000 9913.8965   13.0020
    0.0000  -30.0000    7.500010374.0107   13.0039
    7.5000  -30.0000    7.5000 9897.1904   12.9959
   -7.5000  -22.5000    7.500011309.2334   12.7695
    0.0000  -22.5000    7.500011848.7041   12.7740
    7.5000  -22.5000    7.500011286.3057   12.7680
   -7.5000  -15.0000    7.500012714.6934   12.6336
    0.0000  -15.0000    7.500013361.4365   12.6347
    7.5000  -15.0000    7.500012701.8213   12.6252
   -7.5000   -7.5000    7.500014118.8320   12.5765
    0.0000   -7.5000    7.500014850.5010   12.5708
    7.5000   -7.5000    7.500014085.5400   12.5552
   -7.5000    0.0000    7.500015393.5918   12.5658
    0.0000    0.0000    7.500016126.3477   12.5573
    7.5000    0.0000    7.500015326.6191   12.5396
   -7.5000    7.5000    7.500015428.8506   12.5524
    0.0000    7.5000    7.500016129.0459   12.5482
    7.5000    7.5000    7.500015328.3525   12.5347
   -7.5000   15.0000    7.500015352.2559   12.5376
    0.0000   15.0000    7.500016123.3945   12.5394
    7.5000   15.0000    7.500015299.8193   12.5318
   -7.5000   22.5000    7.500015259.8525   12.5307
    0.0000   22.5000    7.500016011.2910   12.5348
    7.5000   22.5000    7.500015257.9014   12.5293
   -7.5000   30.0000    7.500014973.6943   12.3890
    0.0000   30.0000    7.500015583.5176   12.3900
    7.5000   30.0000    7.500014899.4580   12.3809
   -7.5000   37.5000    7.500014978.2256   12.4010
    0.0000   37.5000    7.500015584.7461   12.3953
    7.5000   37.5000    7.500014891.3633   12.3800
   -7.5000   45.0000    7.500014077.6729   12.1120
    0.0000   45.0000    7.500014701.3965   12.1038
    7.5000   45.0000    7.500014042.5850   12.0867
   -7.5000  -45.0000   15.0000 7132.6445   13.9289
    0.0000  -45.0000   15.0000 7456.1836   13.9372
    7.5000  -45.0000   15.0000 7124.8535   13.9265
   -7.5000  -37.5000   15.0000 7996.4688   13.4233
    0.0000  -37.5000   15.0000 8349.8994   13.4295
    7.5000  -37.5000   15.0000 7969.1577   13.4240
   -7.5000  -30.0000   15.0000 9252.4805   13.0526
    0.0000  -30.0000   15.0000 9692.7598   13.0632
    7.5000  -30.0000   15.0000 9218.8984   13.0637
   -7.5000  -22.5000   15.000010555.2822   12.8172
    0.0000  -22.5000   15.000011084.9766   12.8316
    7.5000  -22.5000   15.000010529.8271   12.8337
   -7.5000  -15.0000   15.000011871.0791   12.6798
    0.0000  -15.0000   15.000012460.7412   12.6926
    7.5000  -15.0000   15.000011839.0898   12.6907
   -7.5000   -7.5000   15.000013145.1924   12.6232
    0.0000   -7.5000   15.000013790.9336   12.6303
    7.5000   -7.5000   15.000013117.5303   12.6225
   -7.5000    0.0000   15.000014344.9170   12.6145
    0.0000    0.0000   15.000014962.1123   12.6180
    7.5000    0.0000   15.000014314.3584   12.6085
   -7.5000    7.5000   15.000014430.9766   12.6034
    0.0000    7.5000   15.000015012.9395   12.6087
    7.5000    7.5000   15.000014394.2910   12.6033
   -7.5000   15.0000   15.000014371.6201   12.5883
    0.0000   15.0000   15.000015003.8896   12.5983
    7.5000   15.0000   15.000014382.6660   12.5987
   -7.5000   22.5000   15.000014236.5684   12.5786
    0.0000   22.5000   15.000014781.3848   12.5924
    7.5000   22.5000   15.000014229.0488   12.5947
   -7.5000   30.0000   15.000013889.5791   12.4347
    0.0000   30.0000   15.000014374.5869   12.4471
    7.5000   30.0000   15.000013854.9521   12.4454
   -7.5000   37.5000   15.000013956.9111   12.4469
    0.0000   37.5000   15.000014491.6650   12.4540
    7.5000   37.5000   15.000013950.0596   12.4463
   -7.5000   45.0000   15.000013203.1367   12.1589
    0.0000   45.0000   15.000013712.2021   12.1623
    7.5000   45.0000   15.000013187.9990   12.1531
   -7.5000  -45.0000   22.5000 6593.8657   14.1526
    0.0000  -45.0000   22.5000 6880.1074   14.1738
    7.5000  -45.0000   22.5000 6597.0200   14.1792
   -7.5000  -37.5000   22.5000 7399.0527   13.6420
    0.0000  -37.5000   22.5000 7718.7593   13.6609
    7.5000  -37.5000   22.5000 7393.8345   13.6679
   -7.5000  -30.0000   22.5000 8570.0479   13.2697
    0.0000  -30.0000   22.5000 8963.1035   13.2908
    7.5000  -30.0000   22.5000 8566.6836   13.2994
   -7.5000  -22.5000   22.5000 9801.9326   13.0271
    0.0000  -22.5000   22.500010249.0146   13.0496
    7.5000  -22.5000   22.5000 9783.2783   13.0580
   -7.5000  -15.0000   22.500011015.7178   12.8791
    0.0000  -15.0000   22.500011511.0342   12.8988
    7.5000  -15.0000   22.500010987.2451   12.9052
   -7.5000   -7.5000   22.500012189.0088   12.8164
    0.0000   -7.5000   22.500012748.1582   12.8320
    7.5000   -7.5000   22.500012180.6504   12.8361
   -7.5000    0.0000   22.500013319.7881   12.8090
    0.0000    0.0000   22.500013906.0166   12.8228
    7.5000    0.0000   22.500013308.6523   12.8265
   -7.5000    7.5000   22.500013422.7900   12.8056
    0.0000    7.5000   22.500014009.1816   12.8214
    7.5000    7.5000   22.500013421.9668   12.8269
   -7.5000   15.0000   22.500013378.2529   12.7963
    0.0000   15.0000   22.500013978.9053   12.8161
    7.5000   15.0000   22.500013375.4248   12.8238
   -7.5000   22.5000   22.500013228.7227   12.7846
    0.0000   22.5000   22.500013741.1318   12.8062
    7.5000   22.5000   22.500013197.8789   12.8146
   -7.5000   30.0000   22.500012925.5273   12.6307
    0.0000   30.0000   22.500013413.0957   12.6499
    7.5000   30.0000   22.500012881.7822   12.6563
   -7.5000   37.5000   22.500013038.6533   12.6373
    0.0000   37.5000   22.500013576.0107   12.6526
    7.5000   37.5000   22.500013021.8896   12.6567
   -7.5000   45.0000   22.500012355.4990   12.3464
    0.0000   45.0000   22.500012831.5986   12.3597
    7.5000   45.0000   22.500012311.3018   12.3633
   -7.5000  -45.0000   30.0000 6061.9736   14.5067
    0.0000  -45.0000   30.0000 6336.6934   14.5256
    7.5000  -45.0000   30.0000 6073.4028   14.5357
   -7.5000  -37.5000   30.0000 6801.9766   13.9779
    0.0000  -37.5000   30.0000 7108.2227   13.9986
    7.5000  -37.5000   30.0000 6810.1411   14.0081
   -7.5000  -30.0000   30.0000 7897.3867   13.5982
    0.0000  -30.0000   30.0000 8255.5801   13.6217
    7.5000  -30.0000   30.0000 7905.6392   13.6298
   -7.5000  -22.5000   30.0000 9052.6709   13.3468
    0.0000  -22.5000   30.0000 9463.2715   13.3682
    7.5000  -22.5000   30.0000 9042.5371   13.3751
   -7.5000  -15.0000   30.000010179.9189   13.1857
    0.0000  -15.0000   30.000010634.4102   13.2012
    7.5000  -15.0000   30.000010155.8115   13.2084
   -7.5000   -7.5000   30.000011255.8076   13.1150
    0.0000   -7.5000   30.000011762.1973   13.1261
    7.5000   -7.5000   30.000011239.6250   13.1336
   -7.5000    0.0000   30.000012285.0869   13.1069
    0.0000    0.0000   30.000012844.0684   13.1186
    7.5000    0.0000   30.000012284.7471   13.1263
   -7.5000    7.5000   30.000012385.8008   13.1100
    0.0000    7.5000   30.000012947.2432   13.1268
    7.5000    7.5000   30.000012383.2705   13.1344
   -7.5000   15.0000   30.000012351.5225   13.1084
    0.0000   15.0000   30.000012897.9395   13.1300
    7.5000   15.0000   30.000012321.4678   13.1371
   -7.5000   22.5000   30.000012184.6396   13.0967
    0.0000   22.5000   30.000012671.4805   13.1173
    7.5000   22.5000   30.000012124.5703   13.1242
   -7.5000   30.0000   30.000011916.3506   12.9316
    0.0000   30.0000   30.000012369.3447   12.9466
    7.5000   30.0000   30.000011849.7451   12.9538
   -7.5000   37.5000   30.000012045.8574   12.9315
    0.0000   37.5000   30.000012534.1709   12.9424
    7.5000   37.5000   30.000012003.4619   12.9499
   -7.5000   45.0000   30.000011437.6553   12.6336
    0.0000   45.0000   30.000011884.5361   12.6448
    7.5000   45.0000   30.000011384.2510   12.6523
   -7.5000  -45.0000   37.5000 5774.2974   15.0342
    0.0000  -45.0000   37.5000 6056.2163   15.0383
    7.5000  -45.0000   37.5000 5797.5791   15.0368
   -7.5000  -37.5000   37.5000 6493.4429   14.4754
    0.0000  -37.5000   37.5000 6800.4390   14.4870
    7.5000  -37.5000   37.5000 6512.9199   14.4870
   -7.5000  -30.0000   37.5000 7554.2314   14.0701
    0.0000  -30.0000   37.5000 7896.0439   14.0879
    7.5000  -30.0000   37.5000 7565.6060   14.0879
   -7.5000  -22.5000   37.5000 8674.2227   13.8099
    0.0000  -22.5000   37.5000 9060.7188   13.8237
    7.5000  -22.5000   37.5000 8668.3652   13.8226
   -7.5000  -15.0000   37.5000 9753.3213   13.6459
    0.0000  -15.0000   37.500010192.8418   13.6502
    7.5000  -15.0000   37.5000 9742.9453   13.6494
   -7.5000   -7.5000   37.500010787.0469   13.5731
    0.0000   -7.5000   37.500011276.0176   13.5706
    7.5000   -7.5000   37.500010770.3711   13.5691
   -7.5000    0.0000   37.500011765.7334   13.5588
    0.0000    0.0000   37.500012296.4375   13.5579
    7.5000    0.0000   37.500011759.9326   13.5563
   -7.5000    7.5000   37.500011853.6709   13.5550
    0.0000    7.5000   37.500012378.3818   13.5636
    7.5000    7.5000   37.500011863.0732   13.5630
   -7.5000   15.0000   37.500011809.7646   13.5529
    0.0000   15.0000   37.500012324.9756   13.5689
    7.5000   15.0000   37.500011794.0566   13.5685
   -7.5000   22.5000   37.500011617.1914   13.5472
    0.0000   22.5000   37.500012100.7637   13.5602
    7.5000   22.5000   37.500011587.9814   13.5597
   -7.5000   30.0000   37.500011348.9980   13.3824
    0.0000   30.0000   37.500011810.6885   13.3865
    7.5000   30.0000   37.500011317.4941   13.3859
   -7.5000   37.5000   37.500011496.6758   13.3828
    0.0000   37.5000   37.500011974.9385   13.3805
    7.5000   37.5000   37.500011454.9229   13.3789
   -7.5000   45.0000   37.500010929.8945   13.0691
    0.0000   45.0000   37.500011377.6621   13.0683
    7.5000   45.0000   37.500010891.7666   13.0667
   -7.5000  -45.0000   45.0000 5278.9702   15.5928
    0.0000  -45.0000   45.0000 5560.0273   15.5922
    7.5000  -45.0000   45.0000 5321.4272   15.5803
   -7.5000  -37.5000   45.0000 5945.9370   15.0052
    0.0000  -37.5000   45.0000 6234.2891   15.0102
    7.5000  -37.5000   45.0000 5969.1006   15.0027
   -7.5000  -30.0000   45.0000 6909.5420   14.5731
    0.0000  -30.0000   45.0000 7228.1006   14.5862
    7.5000  -30.0000   45.0000 6925.8296   14.5820
   -7.5000  -22.5000   45.0000 7932.1050   14.2976
    0.0000  -22.5000   45.0000 8296.0977   14.3090
    7.5000  -22.5000   45.0000 7939.2061   14.3053
   -7.5000  -15.0000   45.0000 8911.9922   14.1367
    0.0000  -15.0000   45.0000 9325.3789   14.1399
    7.5000  -15.0000   45.0000 8927.0176   14.1347
   -7.5000   -7.5000   45.0000 9874.9893   14.0702
    0.0000   -7.5000   45.000010326.2920   14.0652
    7.5000   -7.5000   45.0000 9886.9980   14.0561
   -7.5000    0.0000   45.000010797.6699   14.0520
    0.0000    0.0000   45.000011274.6914   14.0465
    7.5000    0.0000   45.000010807.3408   14.0361
   -7.5000    7.5000   45.000010870.7266   14.0351
    0.0000    7.5000   45.000011343.5303   14.0386
    7.5000    7.5000   45.000010884.6943   14.0312
   -7.5000   15.0000   45.000010812.3408   14.0228
    0.0000   15.0000   45.000011278.5732   14.0343
    7.5000   15.0000   45.000010805.6660   14.0301
   -7.5000   22.5000   45.000010621.1338   14.0201
    0.0000   22.5000   45.000011067.8125   14.0307
    7.5000   22.5000   45.000010606.4922   14.0276
   -7.5000   30.0000   45.000010370.7305   13.8615
    0.0000   30.0000   45.000010805.2686   13.8645
    7.5000   30.0000   45.000010359.8018   13.8596
   -7.5000   37.5000   45.000010511.8945   13.8715
    0.0000   37.5000   45.000010953.3809   13.8665
    7.5000   37.5000   45.000010482.0703   13.8576
   -7.5000   45.0000   45.000010005.6299   13.5507
    0.0000   45.0000   45.000010444.0234   13.5454
    7.5000   45.0000   45.0000 9997.4795   13.5353

---------------------------------------------------------------------
imgreg_4dfp /opt/freesurfer/average/711-2C_as_mni_average_305 /opt/freesurfer/average/711-2B_as_mni_average_305_mask talsrcimg_g11 none talsrcimg_to_711-2C_as_mni_average_305_t4 4355
---------------------------------------------------------------------

freesurfer imgreg_4dfp.c
/opt/freesurfer/average/711-2C_as_mni_average_305.4dfp.img
       256       256       256         1
  1.000000  1.000000  1.000000
orientation T byte_order littleendian
Reading image: /opt/freesurfer/average/711-2C_as_mni_average_305.4dfp.img
dimensions:      256       256       256
mmppix:       1.0000   -1.0000   -1.0000
center:     128.0000 -129.0000 -129.0000
/opt/freesurfer/average/711-2B_as_mni_average_305_mask.4dfp.img
       256       256       256         1
  1.000000  1.000000  1.000000
orientation T byte_order littleendian
Reading mask: /opt/freesurfer/average/711-2B_as_mni_average_305_mask.4dfp.img (2306576 pixels)
talsrcimg_g11.4dfp.img
       256       256       256         1
  1.000000  1.000000  1.000000
orientation T byte_order littleendian
Reading image: talsrcimg_g11.4dfp.img
dimensions:      256       256       256
mmppix:       1.0000   -1.0000   -1.0000
center:     128.0000 -129.0000 -129.0000
rotation matrix determinant  1.000000
image alignment mode   4355 decimal     1103 hex
   -7.5000  -22.5000  -45.0000 2187.4395   13.3585
    0.0000  -22.5000  -45.0000 2190.8022   13.3547
    7.5000  -22.5000  -45.0000 2171.6548   13.4623
   -7.5000  -15.0000  -45.0000 2302.6335   12.0689
    0.0000  -15.0000  -45.0000 2307.0071   12.0500
    7.5000  -15.0000  -45.0000 2285.7603   12.1516
   -7.5000   -7.5000  -45.0000 2401.6738   11.0902
    0.0000   -7.5000  -45.0000 2409.2605   11.0737
    7.5000   -7.5000  -45.0000 2389.3521   11.1578
   -7.5000    0.0000  -45.0000 2471.6643   10.3367
    0.0000    0.0000  -45.0000 2480.5996   10.3331
    7.5000    0.0000  -45.0000 2458.9714   10.4098
   -7.5000    7.5000  -45.0000 2513.2349    9.7861
    0.0000    7.5000  -45.0000 2521.7935    9.7637
    7.5000    7.5000  -45.0000 2500.3193    9.8566
   -7.5000   15.0000  -45.0000 2539.9758    9.4283
    0.0000   15.0000  -45.0000 2548.7312    9.4029
    7.5000   15.0000  -45.0000 2526.5718    9.4948
   -7.5000   22.5000  -45.0000 2549.6238    9.2919
    0.0000   22.5000  -45.0000 2558.6240    9.2641
    7.5000   22.5000  -45.0000 2535.3027    9.3255
   -7.5000   30.0000  -45.0000 2541.2195    9.3535
    0.0000   30.0000  -45.0000 2551.1267    9.3141
    7.5000   30.0000  -45.0000 2526.5891    9.3931
   -7.5000   37.5000  -45.0000 2515.3586    9.5900
    0.0000   37.5000  -45.0000 2528.2214    9.5584
    7.5000   37.5000  -45.0000 2501.1904    9.6240
   -7.5000   45.0000  -45.0000 2465.1724    9.9716
    0.0000   45.0000  -45.0000 2480.4751    9.9237
    7.5000   45.0000  -45.0000 2459.8616    9.9949
   -7.5000   52.5000  -45.0000 2379.8008   10.5024
    0.0000   52.5000  -45.0000 2394.9768   10.4522
    7.5000   52.5000  -45.0000 2371.7258   10.5425
   -7.5000   60.0000  -45.0000 2248.9241   11.1216
    0.0000   60.0000  -45.0000 2264.8176   11.0723
    7.5000   60.0000  -45.0000 2245.4312   11.1629
   -7.5000   67.5000  -45.0000 2093.8801   11.7808
    0.0000   67.5000  -45.0000 2105.6023   11.6964
    7.5000   67.5000  -45.0000 2088.9412   11.8138
   -7.5000  -22.5000  -37.5000 2243.7512   12.7097
    0.0000  -22.5000  -37.5000 2247.4529   12.7131
    7.5000  -22.5000  -37.5000 2227.7661   12.8713
   -7.5000  -15.0000  -37.5000 2360.8809   11.4646
    0.0000  -15.0000  -37.5000 2367.8386   11.4488
    7.5000  -15.0000  -37.5000 2344.3860   11.5927
   -7.5000   -7.5000  -37.5000 2465.3347   10.4891
    0.0000   -7.5000  -37.5000 2473.3401   10.4728
    7.5000   -7.5000  -37.5000 2450.9490   10.5979
   -7.5000    0.0000  -37.5000 2535.7378    9.7594
    0.0000    0.0000  -37.5000 2543.5342    9.7397
    7.5000    0.0000  -37.5000 2521.5596    9.8543
   -7.5000    7.5000  -37.5000 2582.4741    9.2316
    0.0000    7.5000  -37.5000 2589.8469    9.1967
    7.5000    7.5000  -37.5000 2570.7078    9.3085
   -7.5000   15.0000  -37.5000 2616.9617    8.8581
    0.0000   15.0000  -37.5000 2625.2966    8.8453
    7.5000   15.0000  -37.5000 2599.7021    8.9206
   -7.5000   22.5000  -37.5000 2636.4758    8.6718
    0.0000   22.5000  -37.5000 2650.7559    8.6595
    7.5000   22.5000  -37.5000 2621.2461    8.7239
   -7.5000   30.0000  -37.5000 2629.8950    8.7354
    0.0000   30.0000  -37.5000 2644.1904    8.7230
    7.5000   30.0000  -37.5000 2617.1934    8.7845
   -7.5000   37.5000  -37.5000 2601.6694    8.9561
    0.0000   37.5000  -37.5000 2621.1279    8.9401
    7.5000   37.5000  -37.5000 2591.6338    8.9909
   -7.5000   45.0000  -37.5000 2559.1299    9.3254
    0.0000   45.0000  -37.5000 2575.2397    9.2847
    7.5000   45.0000  -37.5000 2550.1208    9.3484
   -7.5000   52.5000  -37.5000 2468.2236    9.8237
    0.0000   52.5000  -37.5000 2486.5098    9.7688
    7.5000   52.5000  -37.5000 2463.4658    9.8556
   -7.5000   60.0000  -37.5000 2329.1711   10.3885
    0.0000   60.0000  -37.5000 2343.5864   10.3294
    7.5000   60.0000  -37.5000 2326.8896   10.4160
   -7.5000   67.5000  -37.5000 2161.3467   11.0133
    0.0000   67.5000  -37.5000 2173.2070   10.9474
    7.5000   67.5000  -37.5000 2158.4751   11.0551
   -7.5000  -22.5000  -30.0000 2332.6794   12.5727
    0.0000  -22.5000  -30.0000 2337.3513   12.5693
    7.5000  -22.5000  -30.0000 2313.9902   12.7734
   -7.5000  -15.0000  -30.0000 2453.8096   11.3209
    0.0000  -15.0000  -30.0000 2461.3433   11.3108
    7.5000  -15.0000  -30.0000 2433.6533   11.4715
   -7.5000   -7.5000  -30.0000 2559.8306   10.3212
    0.0000   -7.5000  -30.0000 2568.1653   10.3046
    7.5000   -7.5000  -30.0000 2541.0061   10.4604
   -7.5000    0.0000  -30.0000 2637.7039    9.5522
    0.0000    0.0000  -30.0000 2648.6296    9.5395
    7.5000    0.0000  -30.0000 2620.3118    9.6739
   -7.5000    7.5000  -30.0000 2698.2983    8.9981
    0.0000    7.5000  -30.0000 2708.3650    8.9836
    7.5000    7.5000  -30.0000 2679.8459    9.1083
   -7.5000   15.0000  -30.0000 2737.6016    8.6281
    0.0000   15.0000  -30.0000 2752.7644    8.6099
    7.5000   15.0000  -30.0000 2717.1360    8.7090
   -7.5000   22.5000  -30.0000 2773.4368    8.3980
    0.0000   22.5000  -30.0000 2785.9272    8.3887
    7.5000   22.5000  -30.0000 2747.6516    8.4784
   -7.5000   30.0000  -30.0000 2769.3274    8.4304
    0.0000   30.0000  -30.0000 2781.7222    8.4361
    7.5000   30.0000  -30.0000 2750.3486    8.5005
   -7.5000   37.5000  -30.0000 2743.4939    8.6535
    0.0000   37.5000  -30.0000 2764.4841    8.6339
    7.5000   37.5000  -30.0000 2732.7302    8.7029
   -7.5000   45.0000  -30.0000 2699.0444    9.0464
    0.0000   45.0000  -30.0000 2721.2676    9.0035
    7.5000   45.0000  -30.0000 2690.5840    9.0782
   -7.5000   52.5000  -30.0000 2602.0989    9.5400
    0.0000   52.5000  -30.0000 2621.9810    9.4853
    7.5000   52.5000  -30.0000 2597.8481    9.5690
   -7.5000   60.0000  -30.0000 2453.3386   10.1060
    0.0000   60.0000  -30.0000 2467.1636   10.0486
    7.5000   60.0000  -30.0000 2447.5955   10.1418
   -7.5000   67.5000  -30.0000 2272.1318   10.7194
    0.0000   67.5000  -30.0000 2283.0027   10.6735
    7.5000   67.5000  -30.0000 2266.8833   10.7621
   -7.5000  -22.5000  -22.5000 2385.4944   12.3703
    0.0000  -22.5000  -22.5000 2390.9165   12.3813
    7.5000  -22.5000  -22.5000 2361.1040   12.6161
   -7.5000  -15.0000  -22.5000 2507.3218   11.1022
    0.0000  -15.0000  -22.5000 2514.4182   11.0996
    7.5000  -15.0000  -22.5000 2483.1750   11.2860
   -7.5000   -7.5000  -22.5000 2617.2832   10.0920
    0.0000   -7.5000  -22.5000 2626.7307   10.0908
    7.5000   -7.5000  -22.5000 2593.7585   10.2589
   -7.5000    0.0000  -22.5000 2706.8818    9.2943
    0.0000    0.0000  -22.5000 2716.0413    9.2920
    7.5000    0.0000  -22.5000 2681.8376    9.4471
   -7.5000    7.5000  -22.5000 2776.6738    8.7339
    0.0000    7.5000  -22.5000 2787.6399    8.7172
    7.5000    7.5000  -22.5000 2751.9263    8.8620
   -7.5000   15.0000  -22.5000 2821.9976    8.3503
    0.0000   15.0000  -22.5000 2837.8909    8.3243
    7.5000   15.0000  -22.5000 2801.5339    8.4602
   -7.5000   22.5000  -22.5000 2864.2056    8.1253
    0.0000   22.5000  -22.5000 2883.9739    8.1097
    7.5000   22.5000  -22.5000 2840.1492    8.2432
   -7.5000   30.0000  -22.5000 2873.1853    8.1251
    0.0000   30.0000  -22.5000 2884.9341    8.1046
    7.5000   30.0000  -22.5000 2848.7144    8.2222
   -7.5000   37.5000  -22.5000 2848.9819    8.3395
    0.0000   37.5000  -22.5000 2868.2603    8.3095
    7.5000   37.5000  -22.5000 2840.2314    8.4013
   -7.5000   45.0000  -22.5000 2799.1777    8.7332
    0.0000   45.0000  -22.5000 2821.8823    8.6963
    7.5000   45.0000  -22.5000 2793.4985    8.7895
   -7.5000   52.5000  -22.5000 2693.7417    9.2154
    0.0000   52.5000  -22.5000 2713.7324    9.1821
    7.5000   52.5000  -22.5000 2688.9441    9.2773
   -7.5000   60.0000  -22.5000 2536.4277    9.7973
    0.0000   60.0000  -22.5000 2550.0088    9.7535
    7.5000   60.0000  -22.5000 2527.3801    9.8703
   -7.5000   67.5000  -22.5000 2350.9856   10.3888
    0.0000   67.5000  -22.5000 2363.0674   10.3633
    7.5000   67.5000  -22.5000 2342.0422   10.4671
   -7.5000  -22.5000  -15.0000 2400.8523   12.2789
    0.0000  -22.5000  -15.0000 2409.7366   12.2610
    7.5000  -22.5000  -15.0000 2378.7146   12.5202
   -7.5000  -15.0000  -15.0000 2521.7773   10.9498
    0.0000  -15.0000  -15.0000 2532.2986   10.9332
    7.5000  -15.0000  -15.0000 2500.6460   11.1620
   -7.5000   -7.5000  -15.0000 2631.5620    9.9301
    0.0000   -7.5000  -15.0000 2640.1987    9.8954
    7.5000   -7.5000  -15.0000 2611.0872   10.1052
   -7.5000    0.0000  -15.0000 2724.4075    9.1145
    0.0000    0.0000  -15.0000 2734.8564    9.0762
    7.5000    0.0000  -15.0000 2702.3215    9.2698
   -7.5000    7.5000  -15.0000 2802.4597    8.5153
    0.0000    7.5000  -15.0000 2814.8962    8.4656
    7.5000    7.5000  -15.0000 2783.8347    8.6440
   -7.5000   15.0000  -15.0000 2863.6990    8.1339
    0.0000   15.0000  -15.0000 2879.3831    8.0678
    7.5000   15.0000  -15.0000 2847.3994    8.2468
   -7.5000   22.5000  -15.0000 2915.0808    7.9521
    0.0000   22.5000  -15.0000 2938.5999    7.8931
    7.5000   22.5000  -15.0000 2899.3518    8.0840
   -7.5000   30.0000  -15.0000 2932.6790    7.9540
    0.0000   30.0000  -15.0000 2958.8914    7.8775
    7.5000   30.0000  -15.0000 2916.1079    8.0870
   -7.5000   37.5000  -15.0000 2912.8618    8.1025
    0.0000   37.5000  -15.0000 2936.1875    8.0579
    7.5000   37.5000  -15.0000 2907.4805    8.2144
   -7.5000   45.0000  -15.0000 2853.4873    8.4643
    0.0000   45.0000  -15.0000 2878.6616    8.4291
    7.5000   45.0000  -15.0000 2854.2874    8.5544
   -7.5000   52.5000  -15.0000 2744.3284    8.9713
    0.0000   52.5000  -15.0000 2767.6047    8.9250
    7.5000   52.5000  -15.0000 2742.3755    9.0547
   -7.5000   60.0000  -15.0000 2581.8142    9.5550
    0.0000   60.0000  -15.0000 2598.8623    9.4958
    7.5000   60.0000  -15.0000 2577.1335    9.6232
   -7.5000   67.5000  -15.0000 2390.8528   10.1489
    0.0000   67.5000  -15.0000 2403.8157   10.0963
    7.5000   67.5000  -15.0000 2385.3362   10.2078
   -7.5000  -22.5000   -7.5000 2393.6711   12.2664
    0.0000  -22.5000   -7.5000 2411.0447   12.2241
    7.5000  -22.5000   -7.5000 2379.2832   12.4627
   -7.5000  -15.0000   -7.5000 2513.1599   10.9007
    0.0000  -15.0000   -7.5000 2526.3743   10.8447
    7.5000  -15.0000   -7.5000 2499.3174   11.0979
   -7.5000   -7.5000   -7.5000 2620.5649    9.8518
    0.0000   -7.5000   -7.5000 2630.5452    9.7851
    7.5000   -7.5000   -7.5000 2609.2183   10.0237
   -7.5000    0.0000   -7.5000 2714.9143    9.0243
    0.0000    0.0000   -7.5000 2729.0574    8.9502
    7.5000    0.0000   -7.5000 2707.3479    9.1824
   -7.5000    7.5000   -7.5000 2799.5247    8.4019
    0.0000    7.5000   -7.5000 2816.8269    8.3198
    7.5000    7.5000   -7.5000 2795.8174    8.5441
   -7.5000   15.0000   -7.5000 2879.2947    8.0187
    0.0000   15.0000   -7.5000 2897.0176    7.9269
    7.5000   15.0000   -7.5000 2872.5967    8.1133
   -7.5000   22.5000   -7.5000 2943.1614    7.9052
    0.0000   22.5000   -7.5000 2973.6697    7.8163
    7.5000   22.5000   -7.5000 2940.1016    7.9715
   -7.5000   30.0000   -7.5000 2968.7119    7.9662
    0.0000   30.0000   -7.5000 3011.2026    7.8983
    7.5000   30.0000   -7.5000 2966.6409    8.0571
   -7.5000   37.5000   -7.5000 2947.4570    8.0639
    0.0000   37.5000   -7.5000 2978.1982    8.0081
    7.5000   37.5000   -7.5000 2944.3374    8.1636
   -7.5000   45.0000   -7.5000 2883.3743    8.3258
    0.0000   45.0000   -7.5000 2907.0645    8.2712
    7.5000   45.0000   -7.5000 2881.1641    8.3955
   -7.5000   52.5000   -7.5000 2767.7043    8.7877
    0.0000   52.5000   -7.5000 2792.2761    8.7167
    7.5000   52.5000   -7.5000 2770.2307    8.8218
   -7.5000   60.0000   -7.5000 2598.4500    9.3692
    0.0000   60.0000   -7.5000 2618.0720    9.3096
    7.5000   60.0000   -7.5000 2599.4714    9.3996
   -7.5000   67.5000   -7.5000 2402.1511    9.9702
    0.0000   67.5000   -7.5000 2417.3984    9.9279
    7.5000   67.5000   -7.5000 2401.0203   10.0120
   -7.5000  -22.5000    0.0000 2373.0481   12.3553
    0.0000  -22.5000    0.0000 2390.6360   12.2724
    7.5000  -22.5000    0.0000 2366.5889   12.5584
   -7.5000  -15.0000    0.0000 2490.5088   11.0029
    0.0000  -15.0000    0.0000 2504.4600   10.9130
    7.5000  -15.0000    0.0000 2486.1431   11.1779
   -7.5000   -7.5000    0.0000 2602.1814    9.9699
    0.0000   -7.5000    0.0000 2616.5020    9.8858
    7.5000   -7.5000    0.0000 2598.1323   10.1113
   -7.5000    0.0000    0.0000 2703.3779    9.1342
    0.0000    0.0000    0.0000 2719.5376    9.0525
    7.5000    0.0000    0.0000 2700.6514    9.2600
   -7.5000    7.5000    0.0000 2797.9768    8.5078
    0.0000    7.5000    0.0000 2816.8228    8.4160
    7.5000    7.5000    0.0000 2793.2625    8.5871
   -7.5000   15.0000    0.0000 2878.7739    8.1023
    0.0000   15.0000    0.0000 2904.2087    8.0068
    7.5000   15.0000    0.0000 2877.6365    8.1306
   -7.5000   22.5000    0.0000 2951.1399    7.9577
    0.0000   22.5000    0.0000 2987.5312    7.9127
    7.5000   22.5000    0.0000 2951.0547    7.9855
   -7.5000   30.0000    0.0000 2977.9636    8.0746
    0.0000   30.0000    0.0000 3026.9045    8.0382
    7.5000   30.0000    0.0000 2979.7253    8.1077
   -7.5000   37.5000    0.0000 2951.0564    8.2051
    0.0000   37.5000    0.0000 2987.3462    8.1434
    7.5000   37.5000    0.0000 2946.2585    8.2327
   -7.5000   45.0000    0.0000 2880.2393    8.4199
    0.0000   45.0000    0.0000 2910.5029    8.3346
    7.5000   45.0000    0.0000 2882.4358    8.4391
   -7.5000   52.5000    0.0000 2766.7068    8.7949
    0.0000   52.5000    0.0000 2790.1414    8.7274
    7.5000   52.5000    0.0000 2771.5200    8.8365
   -7.5000   60.0000    0.0000 2597.2605    9.3210
    0.0000   60.0000    0.0000 2612.5972    9.2664
    7.5000   60.0000    0.0000 2599.5586    9.3801
   -7.5000   67.5000    0.0000 2400.0901    9.8968
    0.0000   67.5000    0.0000 2414.2539    9.8457
    7.5000   67.5000    0.0000 2402.7336    9.9745
   -7.5000  -22.5000    7.5000 2350.5537   12.7005
    0.0000  -22.5000    7.5000 2365.5708   12.5793
    7.5000  -22.5000    7.5000 2344.1128   12.8120
   -7.5000  -15.0000    7.5000 2471.9971   11.3082
    0.0000  -15.0000    7.5000 2488.1665   11.2217
    7.5000  -15.0000    7.5000 2464.9082   11.4160
   -7.5000   -7.5000    7.5000 2585.1602   10.2568
    0.0000   -7.5000    7.5000 2602.3933   10.1860
    7.5000   -7.5000    7.5000 2580.1890   10.3445
   -7.5000    0.0000    7.5000 2687.7886    9.4001
    0.0000    0.0000    7.5000 2705.1279    9.3109
    7.5000    0.0000    7.5000 2684.0825    9.4654
   -7.5000    7.5000    7.5000 2784.9492    8.7312
    0.0000    7.5000    7.5000 2807.9766    8.6294
    7.5000    7.5000    7.5000 2780.6013    8.7776
   -7.5000   15.0000    7.5000 2871.1335    8.2925
    0.0000   15.0000    7.5000 2897.7549    8.1826
    7.5000   15.0000    7.5000 2870.7024    8.3211
   -7.5000   22.5000    7.5000 2936.7214    8.1159
    0.0000   22.5000    7.5000 2971.2424    8.0272
    7.5000   22.5000    7.5000 2942.6458    8.1591
   -7.5000   30.0000    7.5000 2955.6372    8.1478
    0.0000   30.0000    7.5000 2996.6663    8.0186
    7.5000   30.0000    7.5000 2961.6709    8.1795
   -7.5000   37.5000    7.5000 2925.9287    8.2939
    0.0000   37.5000    7.5000 2958.5803    8.1297
    7.5000   37.5000    7.5000 2927.0295    8.2857
   -7.5000   45.0000    7.5000 2856.9338    8.5916
    0.0000   45.0000    7.5000 2886.8647    8.4734
    7.5000   45.0000    7.5000 2860.6555    8.5983
   -7.5000   52.5000    7.5000 2745.9241    9.0006
    0.0000   52.5000    7.5000 2767.0581    8.9168
    7.5000   52.5000    7.5000 2750.9705    9.0270
   -7.5000   60.0000    7.5000 2578.3098    9.4919
    0.0000   60.0000    7.5000 2591.2046    9.4329
    7.5000   60.0000    7.5000 2577.2651    9.5540
   -7.5000   67.5000    7.5000 2382.6638   10.0138
    0.0000   67.5000    7.5000 2395.5703    9.9622
    7.5000   67.5000    7.5000 2384.0503   10.0917
   -7.5000  -22.5000   15.0000 2316.2925   13.1967
    0.0000  -22.5000   15.0000 2329.1721   13.0972
    7.5000  -22.5000   15.0000 2309.0344   13.2901
   -7.5000  -15.0000   15.0000 2444.5359   11.7388
    0.0000  -15.0000   15.0000 2460.1399   11.6325
    7.5000  -15.0000   15.0000 2436.8215   11.8074
   -7.5000   -7.5000   15.0000 2556.8269   10.6262
    0.0000   -7.5000   15.0000 2580.1877   10.5001
    7.5000   -7.5000   15.0000 2553.0662   10.6675
   -7.5000    0.0000   15.0000 2662.5122    9.7387
    0.0000    0.0000   15.0000 2685.2515    9.5953
    7.5000    0.0000   15.0000 2661.7363    9.7685
   -7.5000    7.5000   15.0000 2758.1633    9.0535
    0.0000    7.5000   15.0000 2785.8096    8.9047
    7.5000    7.5000   15.0000 2766.3809    9.0870
   -7.5000   15.0000   15.0000 2842.7664    8.5944
    0.0000   15.0000   15.0000 2872.0164    8.4646
    7.5000   15.0000   15.0000 2852.2520    8.6382
   -7.5000   22.5000   15.0000 2901.8286    8.3879
    0.0000   22.5000   15.0000 2930.3274    8.2725
    7.5000   22.5000   15.0000 2908.5830    8.4501
   -7.5000   30.0000   15.0000 2907.6243    8.3789
    0.0000   30.0000   15.0000 2940.8074    8.2016
    7.5000   30.0000   15.0000 2912.3857    8.4046
   -7.5000   37.5000   15.0000 2882.1895    8.5321
    0.0000   37.5000   15.0000 2909.7024    8.3847
    7.5000   37.5000   15.0000 2887.9836    8.5480
   -7.5000   45.0000   15.0000 2815.9492    8.8803
    0.0000   45.0000   15.0000 2835.6025    8.7626
    7.5000   45.0000   15.0000 2818.9045    8.9015
   -7.5000   52.5000   15.0000 2705.7410    9.2938
    0.0000   52.5000   15.0000 2726.3730    9.1942
    7.5000   52.5000   15.0000 2709.9143    9.3022
   -7.5000   60.0000   15.0000 2540.8083    9.7766
    0.0000   60.0000   15.0000 2558.1418    9.7090
    7.5000   60.0000   15.0000 2544.0234    9.8077
   -7.5000   67.5000   15.0000 2348.8965   10.2760
    0.0000   67.5000   15.0000 2365.6343   10.2273
    7.5000   67.5000   15.0000 2353.0198   10.3240
   -7.5000  -22.5000   22.5000 2273.8662   13.8226
    0.0000  -22.5000   22.5000 2287.3162   13.6755
    7.5000  -22.5000   22.5000 2268.4827   13.8907
   -7.5000  -15.0000   22.5000 2407.0740   12.2548
    0.0000  -15.0000   22.5000 2420.7698   12.1130
    7.5000  -15.0000   22.5000 2398.7080   12.2979
   -7.5000   -7.5000   22.5000 2519.5981   11.0750
    0.0000   -7.5000   22.5000 2539.3201   10.9144
    7.5000   -7.5000   22.5000 2517.8723   11.1107
   -7.5000    0.0000   22.5000 2626.9912   10.1668
    0.0000    0.0000   22.5000 2653.5017   10.0073
    7.5000    0.0000   22.5000 2629.4265   10.1941
   -7.5000    7.5000   22.5000 2720.8386    9.4808
    0.0000    7.5000   22.5000 2751.4216    9.3327
    7.5000    7.5000   22.5000 2731.2307    9.5158
   -7.5000   15.0000   22.5000 2798.4839    9.0302
    0.0000   15.0000   22.5000 2827.9617    8.9173
    7.5000   15.0000   22.5000 2805.4331    9.0882
   -7.5000   22.5000   22.5000 2847.5122    8.8039
    0.0000   22.5000   22.5000 2879.9297    8.6723
    7.5000   22.5000   22.5000 2859.3376    8.8477
   -7.5000   30.0000   22.5000 2852.3269    8.7762
    0.0000   30.0000   22.5000 2882.9424    8.6174
    7.5000   30.0000   22.5000 2862.2993    8.7983
   -7.5000   37.5000   22.5000 2820.4578    8.9378
    0.0000   37.5000   22.5000 2852.9795    8.8183
    7.5000   37.5000   22.5000 2834.1816    8.9685
   -7.5000   45.0000   22.5000 2755.8892    9.2884
    0.0000   45.0000   22.5000 2773.9517    9.1730
    7.5000   45.0000   22.5000 2762.0842    9.3064
   -7.5000   52.5000   22.5000 2652.3525    9.7059
    0.0000   52.5000   22.5000 2666.6414    9.5981
    7.5000   52.5000   22.5000 2654.5654    9.7153
   -7.5000   60.0000   22.5000 2491.8323   10.1734
    0.0000   60.0000   22.5000 2511.6318   10.0814
    7.5000   60.0000   22.5000 2496.0042   10.1838
   -7.5000   67.5000   22.5000 2306.8921   10.6474
    0.0000   67.5000   22.5000 2325.4055   10.5900
    7.5000   67.5000   22.5000 2313.3474   10.6717
   -7.5000  -22.5000   30.0000 2227.6738   14.5665
    0.0000  -22.5000   30.0000 2243.0806   14.3984
    7.5000  -22.5000   30.0000 2224.0681   14.6228
   -7.5000  -15.0000   30.0000 2360.1233   12.9233
    0.0000  -15.0000   30.0000 2377.6440   12.7393
    7.5000  -15.0000   30.0000 2356.0408   12.9419
   -7.5000   -7.5000   30.0000 2471.3013   11.6968
    0.0000   -7.5000   30.0000 2492.2556   11.5100
    7.5000   -7.5000   30.0000 2471.9216   11.7004
   -7.5000    0.0000   30.0000 2574.1553   10.7604
    0.0000    0.0000   30.0000 2600.8806   10.6042
    7.5000    0.0000   30.0000 2579.7305   10.7733
   -7.5000    7.5000   30.0000 2663.9771   10.0719
    0.0000    7.5000   30.0000 2693.9680    9.9255
    7.5000    7.5000   30.0000 2672.3030   10.1018
   -7.5000   15.0000   30.0000 2730.5447    9.6141
    0.0000   15.0000   30.0000 2762.3674    9.4831
    7.5000   15.0000   30.0000 2740.3662    9.6423
   -7.5000   22.5000   30.0000 2773.8789    9.3623
    0.0000   22.5000   30.0000 2808.7869    9.2220
    7.5000   22.5000   30.0000 2783.8557    9.3817
   -7.5000   30.0000   30.0000 2785.2356    9.2855
    0.0000   30.0000   30.0000 2809.0381    9.1598
    7.5000   30.0000   30.0000 2791.0908    9.3200
   -7.5000   37.5000   30.0000 2749.4529    9.4665
    0.0000   37.5000   30.0000 2779.2395    9.3676
    7.5000   37.5000   30.0000 2762.4231    9.4890
   -7.5000   45.0000   30.0000 2686.1682    9.8044
    0.0000   45.0000   30.0000 2707.5559    9.6917
    7.5000   45.0000   30.0000 2695.3472    9.8168
   -7.5000   52.5000   30.0000 2583.1240   10.2191
    0.0000   52.5000   30.0000 2601.5452   10.1014
    7.5000   52.5000   30.0000 2588.4255   10.2216
   -7.5000   60.0000   30.0000 2429.7947   10.6541
    0.0000   60.0000   30.0000 2451.5188   10.5542
    7.5000   60.0000   30.0000 2436.8071   10.6467
   -7.5000   67.5000   30.0000 2251.6943   11.1105
    0.0000   67.5000   30.0000 2273.5417   11.0435
    7.5000   67.5000   30.0000 2261.6736   11.1094
   -7.5000  -22.5000   37.5000 2176.9363   15.5185
    0.0000  -22.5000   37.5000 2190.9561   15.3033
    7.5000  -22.5000   37.5000 2173.2983   15.5332
   -7.5000  -15.0000   37.5000 2306.8560   13.7674
    0.0000  -15.0000   37.5000 2327.4612   13.5707
    7.5000  -15.0000   37.5000 2306.9512   13.7548
   -7.5000   -7.5000   37.5000 2418.7034   12.4931
    0.0000   -7.5000   37.5000 2439.8003   12.3063
    7.5000   -7.5000   37.5000 2419.9819   12.4640
   -7.5000    0.0000   37.5000 2516.1777   11.5236
    0.0000    0.0000   37.5000 2540.5129   11.3637
    7.5000    0.0000   37.5000 2520.6230   11.5242
   -7.5000    7.5000   37.5000 2598.9353   10.8039
    0.0000    7.5000   37.5000 2625.8088   10.6504
    7.5000    7.5000   37.5000 2609.0190   10.8174
   -7.5000   15.0000   37.5000 2653.5962   10.3275
    0.0000   15.0000   37.5000 2685.5618   10.1671
    7.5000   15.0000   37.5000 2668.2617   10.3208
   -7.5000   22.5000   37.5000 2685.9739   10.0333
    0.0000   22.5000   37.5000 2717.8301    9.8992
    7.5000   22.5000   37.5000 2698.8611   10.0419
   -7.5000   30.0000   37.5000 2694.5950    9.9376
    0.0000   30.0000   37.5000 2719.6497    9.8217
    7.5000   30.0000   37.5000 2703.5862    9.9654
   -7.5000   37.5000   37.5000 2663.3345   10.1312
    0.0000   37.5000   37.5000 2692.9971   10.0075
    7.5000   37.5000   37.5000 2677.7964   10.1146
   -7.5000   45.0000   37.5000 2607.5515   10.4381
    0.0000   45.0000   37.5000 2634.0447   10.3214
    7.5000   45.0000   37.5000 2621.2112   10.4126
   -7.5000   52.5000   37.5000 2507.0842   10.8287
    0.0000   52.5000   37.5000 2530.8704   10.6980
    7.5000   52.5000   37.5000 2515.6902   10.8191
   -7.5000   60.0000   37.5000 2362.5815   11.2423
    0.0000   60.0000   37.5000 2387.7666   11.1315
    7.5000   60.0000   37.5000 2371.7114   11.2404
   -7.5000   67.5000   37.5000 2191.7346   11.7030
    0.0000   67.5000   37.5000 2213.1050   11.6140
    7.5000   67.5000   37.5000 2201.2634   11.6815
   -7.5000  -22.5000   45.0000 2116.5454   16.6529
    0.0000  -22.5000   45.0000 2133.7827   16.4261
    7.5000  -22.5000   45.0000 2117.3809   16.6289
   -7.5000  -15.0000   45.0000 2241.9458   14.8065
    0.0000  -15.0000   45.0000 2263.8433   14.6003
    7.5000  -15.0000   45.0000 2248.1641   14.7537
   -7.5000   -7.5000   45.0000 2350.9626   13.4545
    0.0000   -7.5000   45.0000 2374.4436   13.2712
    7.5000   -7.5000   45.0000 2359.2905   13.4143
   -7.5000    0.0000   45.0000 2448.5579   12.4709
    0.0000    0.0000   45.0000 2470.1492   12.2850
    7.5000    0.0000   45.0000 2456.7886   12.4337
   -7.5000    7.5000   45.0000 2518.9116   11.7015
    0.0000    7.5000   45.0000 2545.1184   11.5213
    7.5000    7.5000   45.0000 2534.4084   11.6730
   -7.5000   15.0000   45.0000 2568.2932   11.1665
    0.0000   15.0000   45.0000 2598.6047   11.0081
    7.5000   15.0000   45.0000 2586.3962   11.1457
   -7.5000   22.5000   45.0000 2594.9900   10.8182
    0.0000   22.5000   45.0000 2620.6760   10.6984
    7.5000   22.5000   45.0000 2608.7273   10.8195
   -7.5000   30.0000   45.0000 2595.1260   10.7282
    0.0000   30.0000   45.0000 2620.5017   10.6080
    7.5000   30.0000   45.0000 2608.9548   10.7229
   -7.5000   37.5000   45.0000 2565.0273   10.9101
    0.0000   37.5000   45.0000 2592.5222   10.7683
    7.5000   37.5000   45.0000 2581.4739   10.8551
   -7.5000   45.0000   45.0000 2516.8396   11.1980
    0.0000   45.0000   45.0000 2548.0862   11.0659
    7.5000   45.0000   45.0000 2537.1833   11.1300
   -7.5000   52.5000   45.0000 2426.3254   11.5449
    0.0000   52.5000   45.0000 2454.6179   11.4205
    7.5000   52.5000   45.0000 2442.8723   11.5020
   -7.5000   60.0000   45.0000 2289.2568   11.9755
    0.0000   60.0000   45.0000 2315.5337   11.8421
    7.5000   60.0000   45.0000 2302.1614   11.9462
   -7.5000   67.5000   45.0000 2121.8328   12.4432
    0.0000   67.5000   45.0000 2144.2407   12.3156
    7.5000   67.5000   45.0000 2132.4561   12.4054

---------------------------------------------------------------------
imgreg_4dfp /opt/freesurfer/average/711-2C_as_mni_average_305 /opt/freesurfer/average/711-2B_as_mni_average_305_mask talsrcimg_g11 none talsrcimg_to_711-2C_as_mni_average_305_t4 1283
---------------------------------------------------------------------

freesurfer imgreg_4dfp.c
/opt/freesurfer/average/711-2C_as_mni_average_305.4dfp.img
       256       256       256         1
  1.000000  1.000000  1.000000
orientation T byte_order littleendian
Reading image: /opt/freesurfer/average/711-2C_as_mni_average_305.4dfp.img
dimensions:      256       256       256
mmppix:       1.0000   -1.0000   -1.0000
center:     128.0000 -129.0000 -129.0000
/opt/freesurfer/average/711-2B_as_mni_average_305_mask.4dfp.img
       256       256       256         1
  1.000000  1.000000  1.000000
orientation T byte_order littleendian
Reading mask: /opt/freesurfer/average/711-2B_as_mni_average_305_mask.4dfp.img (2306576 pixels)
talsrcimg_g11.4dfp.img
       256       256       256         1
  1.000000  1.000000  1.000000
orientation T byte_order littleendian
Reading image: talsrcimg_g11.4dfp.img
dimensions:      256       256       256
mmppix:       1.0000   -1.0000   -1.0000
center:     128.0000 -129.0000 -129.0000
rotation matrix determinant  1.000000
fimgreg.f
image alignment mode   1283 decimal      503 hex
parameters
    0.0000   30.0000    0.0000    0.0000    0.0000    0.0000
eta,q 0.95036  8.02943
niter,ni,del,rscale     5    3   12.0000    1.2000
parameter  4  1.871530 ->  0.500000 qaram    1.1500
parameters
   -0.1299   29.8319   -1.1671   -3.4500   -1.9522   -1.1574
eta,q 0.95084  8.01929
  0.0644  0.0589  0.0566  0.0500  0.0526  0.0527
  0.0591  0.0548  0.0540  0.0498  0.0507  0.0503
  0.0557  0.0533  0.0528  0.0508  0.0495  0.0492
  0.0535  0.0534  0.0532  0.0526  0.0500  0.0495
  0.0553  0.0543  0.0549  0.0547  0.0527  0.0510
  0.0600  0.0557  0.0570  0.0560  0.0563  0.0533
  0.0655  0.0590  0.0600  0.0575  0.0600  0.0559
niter,ni,del,rscale     5    3   12.0000    1.2000
parameters
    0.4690   30.9864   -2.0675   -4.9833   -2.6310   -0.6936
eta,q 0.95296  8.02350
  0.0639  0.0597  0.0535  0.0513  0.0534  0.0532
  0.0597  0.0543  0.0499  0.0482  0.0498  0.0505
  0.0540  0.0507  0.0478  0.0471  0.0476  0.0482
  0.0492  0.0487  0.0483  0.0478  0.0472  0.0471
  0.0495  0.0485  0.0505  0.0498  0.0490  0.0474
  0.0543  0.0505  0.0532  0.0525  0.0526  0.0492
  0.0612  0.0535  0.0566  0.0547  0.0565  0.0517
niter,ni,del,rscale     4    3   12.0000    1.2000
parameters
    0.7429   31.4937   -2.4718   -5.4049   -2.9208   -0.5835
eta,q 0.95323  8.02524
  0.0628  0.0583  0.0539  0.0525  0.0543  0.0524
  0.0576  0.0524  0.0502  0.0491  0.0504  0.0497
  0.0509  0.0483  0.0474  0.0471  0.0477  0.0476
  0.0470  0.0469  0.0471  0.0469  0.0468  0.0468
  0.0486  0.0486  0.0491  0.0482  0.0482  0.0475
  0.0544  0.0515  0.0518  0.0506  0.0516  0.0494
  0.0616  0.0540  0.0554  0.0534  0.0558  0.0520
niter,ni,del,rscale     3    3   12.0000    1.2000
parameters
    0.8750   31.7219   -2.6009   -5.6244   -3.0279   -0.5694
eta,q 0.95314  8.02678
  0.0626  0.0572  0.0545  0.0525  0.0549  0.0522
  0.0567  0.0510  0.0506  0.0493  0.0509  0.0496
  0.0500  0.0473  0.0477  0.0473  0.0481  0.0475
  0.0468  0.0468  0.0469  0.0469  0.0469  0.0469
  0.0489  0.0492  0.0487  0.0479  0.0480  0.0476
  0.0550  0.0519  0.0513  0.0500  0.0513  0.0495
  0.0621  0.0539  0.0547  0.0530  0.0556  0.0522
niter,ni,del,rscale     2    3   12.0000    1.2000
parameters
    0.9309   31.8225   -2.6645   -5.7267   -3.0638   -0.5815
eta,q 0.95309  8.02728
  0.0625  0.0566  0.0547  0.0525  0.0551  0.0522
  0.0564  0.0505  0.0507  0.0495  0.0511  0.0496
  0.0497  0.0470  0.0478  0.0475  0.0482  0.0476
  0.0469  0.0469  0.0469  0.0469  0.0469  0.0469
  0.0493  0.0495  0.0486  0.0478  0.0480  0.0476
  0.0554  0.0521  0.0511  0.0497  0.0512  0.0496
  0.0625  0.0539  0.0546  0.0527  0.0555  0.0522
niter,ni,del,rscale     1    3   12.0000    1.2000
parameters
    0.9525   31.8648   -2.7012   -5.7829   -3.0727   -0.5913
eta,q 0.95306  8.02726
  0.0625  0.0564  0.0547  0.0525  0.0552  0.0522
  0.0562  0.0503  0.0507  0.0495  0.0512  0.0496
  0.0496  0.0468  0.0478  0.0476  0.0483  0.0476
  0.0469  0.0469  0.0469  0.0469  0.0469  0.0469
  0.0494  0.0496  0.0486  0.0478  0.0480  0.0477
  0.0556  0.0521  0.0511  0.0496  0.0512  0.0496
  0.0627  0.0539  0.0545  0.0526  0.0554  0.0522
registration optimization eta report
parameter search radius
    6.0000    6.0000    6.0000    6.9000    6.0000    6.0000
100000*second partial in parameter space
       42.       22.       21.       12.       23.       14.
  0.0625  0.0564  0.0547  0.0525  0.0552  0.0522
  0.0562  0.0503  0.0507  0.0495  0.0512  0.0496
  0.0496  0.0468  0.0478  0.0476  0.0483  0.0476
  0.0469  0.0469  0.0469  0.0469  0.0469  0.0469
  0.0494  0.0496  0.0486  0.0478  0.0480  0.0477
  0.0556  0.0521  0.0511  0.0496  0.0512  0.0496
  0.0627  0.0539  0.0545  0.0526  0.0554  0.0522
    0.9525   31.8648   -2.7012   -5.7829   -3.0727   -0.5913
eta,q 0.95306  8.02726

---------------------------------------------------------------------
imgreg_4dfp /opt/freesurfer/average/711-2C_as_mni_average_305 /opt/freesurfer/average/711-2B_as_mni_average_305_mask talsrcimg_g11 none talsrcimg_to_711-2C_as_mni_average_305_t4 3335
---------------------------------------------------------------------

freesurfer imgreg_4dfp.c
/opt/freesurfer/average/711-2C_as_mni_average_305.4dfp.img
       256       256       256         1
  1.000000  1.000000  1.000000
orientation T byte_order littleendian
Reading image: /opt/freesurfer/average/711-2C_as_mni_average_305.4dfp.img
dimensions:      256       256       256
mmppix:       1.0000   -1.0000   -1.0000
center:     128.0000 -129.0000 -129.0000
/opt/freesurfer/average/711-2B_as_mni_average_305_mask.4dfp.img
       256       256       256         1
  1.000000  1.000000  1.000000
orientation T byte_order littleendian
Reading mask: /opt/freesurfer/average/711-2B_as_mni_average_305_mask.4dfp.img (2306576 pixels)
talsrcimg_g11.4dfp.img
       256       256       256         1
  1.000000  1.000000  1.000000
orientation T byte_order littleendian
Reading image: talsrcimg_g11.4dfp.img
dimensions:      256       256       256
mmppix:       1.0000   -1.0000   -1.0000
center:     128.0000 -129.0000 -129.0000
fimgreg.f
image alignment mode   3335 decimal      D07 hex
parameters
    0.9525   31.8648   -2.7012   -0.1491   -0.5086   -0.6519
    0.4867    5.4367   -1.0306   10.0203   -5.3603  -10.0614
eta,q 0.95407  8.01256
niter,ni,del,rscale     5    3    5.0000    1.2000
parameter  4  1.340548 ->  0.500000 qaram    1.1500
parameter  5  0.635372 ->  0.500000 qaram    1.1500
parameters
    0.6414   32.4798   -2.7088   -4.2891   -4.6486   -1.5397
    3.2026    5.4068    1.8151    8.0796   -4.0782  -10.9571
eta,q 0.95932  7.73959
  0.0476  0.0484  0.0468  0.0417  0.0415  0.0431  0.0452  0.0448  0.0431  0.0419  0.0424  0.0416
  0.0465  0.0472  0.0462  0.0421  0.0414  0.0424  0.0436  0.0430  0.0422  0.0411  0.0416  0.0410
  0.0459  0.0463  0.0459  0.0436  0.0417  0.0417  0.0423  0.0417  0.0415  0.0408  0.0411  0.0407
  0.0459  0.0459  0.0458  0.0458  0.0424  0.0414  0.0415  0.0411  0.0411  0.0410  0.0408  0.0407
  0.0464  0.0458  0.0459  0.0484  0.0437  0.0418  0.0411  0.0416  0.0410  0.0416  0.0407  0.0409
  0.0474  0.0461  0.0462  0.0515  0.0459  0.0428  0.0413  0.0430  0.0410  0.0425  0.0410  0.0414
  0.0487  0.0467  0.0468  0.0548  0.0488  0.0446  0.0421  0.0450  0.0414  0.0437  0.0416  0.0421
niter,ni,del,rscale     6    3    5.0000    1.2000
parameters
    0.4837   32.5530   -3.4373   -7.4084   -4.9995   -1.2382
    2.6307    4.8682    1.7864    8.6878   -4.0496  -12.5209
eta,q 0.96008  7.65050
  0.0433  0.0424  0.0412  0.0417  0.0423  0.0421  0.0420  0.0431  0.0412  0.0421  0.0410  0.0406
  0.0418  0.0414  0.0407  0.0407  0.0412  0.0416  0.0408  0.0415  0.0405  0.0410  0.0405  0.0401
  0.0410  0.0409  0.0405  0.0400  0.0404  0.0409  0.0401  0.0403  0.0401  0.0403  0.0401  0.0399
  0.0407  0.0407  0.0407  0.0405  0.0400  0.0401  0.0400  0.0400  0.0400  0.0400  0.0400  0.0400
  0.0411  0.0409  0.0411  0.0424  0.0402  0.0400  0.0404  0.0406  0.0401  0.0401  0.0401  0.0403
  0.0423  0.0413  0.0418  0.0450  0.0412  0.0409  0.0413  0.0422  0.0405  0.0406  0.0404  0.0408
  0.0441  0.0422  0.0427  0.0483  0.0430  0.0424  0.0427  0.0442  0.0413  0.0414  0.0410  0.0414
niter,ni,del,rscale     5    3    5.0000    1.2000
parameters
    0.5355   33.0731   -3.8111   -8.3611   -5.2430   -1.6409
    2.7963    4.6807    1.7161   10.7812   -4.0916  -13.6642
eta,q 0.96012  7.60591
  0.0429  0.0421  0.0408  0.0423  0.0422  0.0418  0.0424  0.0430  0.0413  0.0426  0.0408  0.0406
  0.0413  0.0410  0.0402  0.0415  0.0411  0.0414  0.0412  0.0416  0.0406  0.0415  0.0403  0.0401
  0.0403  0.0403  0.0398  0.0406  0.0404  0.0407  0.0404  0.0405  0.0402  0.0407  0.0400  0.0399
  0.0399  0.0399  0.0399  0.0398  0.0400  0.0400  0.0401  0.0401  0.0401  0.0401  0.0399  0.0399
  0.0403  0.0399  0.0402  0.0402  0.0401  0.0402  0.0403  0.0404  0.0402  0.0399  0.0400  0.0401
  0.0412  0.0401  0.0408  0.0421  0.0411  0.0412  0.0410  0.0417  0.0406  0.0402  0.0403  0.0406
  0.0426  0.0408  0.0415  0.0447  0.0428  0.0429  0.0422  0.0435  0.0413  0.0408  0.0408  0.0412
niter,ni,del,rscale     4    3    5.0000    1.2000
parameters
    0.5627   33.7589   -4.3923   -9.1405   -6.4165   -2.9584
    3.4179    4.1073    2.0255   14.2886   -4.1248  -14.4936
eta,q 0.96053  7.48367
  0.0424  0.0423  0.0404  0.0418  0.0415  0.0412  0.0422  0.0422  0.0414  0.0430  0.0403  0.0403
  0.0410  0.0412  0.0399  0.0411  0.0406  0.0408  0.0411  0.0409  0.0407  0.0420  0.0398  0.0398
  0.0402  0.0404  0.0396  0.0403  0.0400  0.0403  0.0404  0.0401  0.0402  0.0409  0.0395  0.0395
  0.0399  0.0399  0.0397  0.0396  0.0398  0.0398  0.0400  0.0400  0.0399  0.0399  0.0395  0.0395
  0.0402  0.0397  0.0401  0.0397  0.0402  0.0403  0.0401  0.0404  0.0400  0.0395  0.0396  0.0397
  0.0410  0.0399  0.0407  0.0412  0.0413  0.0415  0.0406  0.0415  0.0405  0.0396  0.0399  0.0401
  0.0423  0.0406  0.0415  0.0437  0.0433  0.0433  0.0416  0.0430  0.0412  0.0402  0.0403  0.0407
niter,ni,del,rscale     3    3    5.0000    1.2000
parameters
    0.5954   34.5984   -5.1780  -10.2644   -8.2976   -4.9087
    3.8304    3.6474    2.0336   16.4441   -4.5012  -14.7634
eta,q 0.96100  7.29533
  0.0417  0.0423  0.0397  0.0406  0.0405  0.0402  0.0412  0.0414  0.0407  0.0425  0.0397  0.0399
  0.0405  0.0410  0.0393  0.0400  0.0398  0.0399  0.0403  0.0402  0.0400  0.0413  0.0393  0.0394
  0.0398  0.0401  0.0391  0.0395  0.0393  0.0394  0.0396  0.0395  0.0395  0.0402  0.0390  0.0391
  0.0395  0.0395  0.0392  0.0391  0.0392  0.0392  0.0393  0.0393  0.0393  0.0393  0.0390  0.0390
  0.0397  0.0393  0.0397  0.0392  0.0398  0.0399  0.0394  0.0397  0.0394  0.0390  0.0392  0.0392
  0.0404  0.0394  0.0403  0.0403  0.0411  0.0412  0.0400  0.0406  0.0399  0.0394  0.0394  0.0395
  0.0416  0.0400  0.0412  0.0426  0.0431  0.0431  0.0409  0.0419  0.0407  0.0403  0.0398  0.0400
niter,ni,del,rscale     2    3    5.0000    1.2000
parameters
    0.6398   35.1323   -6.1389  -10.8767   -9.1900   -6.6582
    3.8044    3.7630    2.0320   17.5291   -5.1269  -14.6155
eta,q 0.96112  7.18279
  0.0410  0.0416  0.0391  0.0401  0.0405  0.0398  0.0405  0.0414  0.0403  0.0417  0.0394  0.0397
  0.0400  0.0404  0.0388  0.0395  0.0397  0.0395  0.0397  0.0400  0.0396  0.0406  0.0391  0.0392
  0.0393  0.0395  0.0387  0.0391  0.0391  0.0391  0.0392  0.0392  0.0391  0.0396  0.0389  0.0389
  0.0390  0.0390  0.0389  0.0387  0.0388  0.0388  0.0389  0.0389  0.0389  0.0389  0.0389  0.0389
  0.0391  0.0389  0.0393  0.0388  0.0391  0.0394  0.0391  0.0392  0.0391  0.0390  0.0390  0.0390
  0.0398  0.0393  0.0400  0.0394  0.0401  0.0405  0.0397  0.0400  0.0396  0.0396  0.0393  0.0392
  0.0409  0.0400  0.0408  0.0412  0.0418  0.0422  0.0406  0.0412  0.0403  0.0406  0.0396  0.0396
niter,ni,del,rscale     1    3    5.0000    1.2000
parameters
    0.6296   35.5974   -7.0399  -11.0950   -9.5580   -8.2319
    3.6359    3.8534    2.2208   18.2877   -5.5135  -14.2763
eta,q 0.96115  7.11904
  0.0407  0.0412  0.0391  0.0400  0.0405  0.0396  0.0403  0.0412  0.0402  0.0412  0.0394  0.0396
  0.0398  0.0401  0.0388  0.0395  0.0397  0.0394  0.0395  0.0399  0.0395  0.0402  0.0391  0.0392
  0.0391  0.0393  0.0387  0.0390  0.0390  0.0390  0.0391  0.0391  0.0391  0.0394  0.0389  0.0389
  0.0389  0.0389  0.0388  0.0387  0.0387  0.0387  0.0389  0.0389  0.0389  0.0389  0.0389  0.0388
  0.0391  0.0389  0.0392  0.0387  0.0389  0.0391  0.0391  0.0392  0.0390  0.0390  0.0390  0.0389
  0.0397  0.0392  0.0397  0.0392  0.0396  0.0401  0.0396  0.0399  0.0394  0.0396  0.0392  0.0391
  0.0408  0.0399  0.0404  0.0406  0.0412  0.0416  0.0404  0.0410  0.0401  0.0405  0.0395  0.0394
registration optimization eta report
parameter search radius
    2.4000    2.4000    2.4000    8.2800    8.2800    7.2000
    7.2000    7.2000    7.2000    7.2000    7.2000    7.2000
100000*second partial in parameter space
       32.       29.       15.        2.        3.        3.
        3.        4.        2.        4.        1.        1.
  0.0407  0.0412  0.0391  0.0400  0.0405  0.0396  0.0403  0.0412  0.0402  0.0412  0.0394  0.0396
  0.0398  0.0401  0.0388  0.0395  0.0397  0.0394  0.0395  0.0399  0.0395  0.0402  0.0391  0.0392
  0.0391  0.0393  0.0387  0.0390  0.0390  0.0390  0.0391  0.0391  0.0391  0.0394  0.0389  0.0389
  0.0389  0.0389  0.0388  0.0387  0.0387  0.0387  0.0389  0.0389  0.0389  0.0389  0.0389  0.0388
  0.0391  0.0389  0.0392  0.0387  0.0389  0.0391  0.0391  0.0392  0.0390  0.0390  0.0390  0.0389
  0.0397  0.0392  0.0397  0.0392  0.0396  0.0401  0.0396  0.0399  0.0394  0.0396  0.0392  0.0391
  0.0408  0.0399  0.0404  0.0406  0.0412  0.0416  0.0404  0.0410  0.0401  0.0405  0.0395  0.0394
    0.6296   35.5974   -7.0399  -11.0950   -9.5580   -8.2319
    3.6359    3.8534    2.2208   18.2877   -5.5135  -14.2763
eta,q 0.96115  7.11904

---------------------------------------------------------------------
imgreg_4dfp /opt/freesurfer/average/711-2C_as_mni_average_305 /opt/freesurfer/average/711-2B_as_mni_average_305_mask talsrcimg_g11 none talsrcimg_to_711-2C_as_mni_average_305_t4 2311
---------------------------------------------------------------------

freesurfer imgreg_4dfp.c
/opt/freesurfer/average/711-2C_as_mni_average_305.4dfp.img
       256       256       256         1
  1.000000  1.000000  1.000000
orientation T byte_order littleendian
Reading image: /opt/freesurfer/average/711-2C_as_mni_average_305.4dfp.img
dimensions:      256       256       256
mmppix:       1.0000   -1.0000   -1.0000
center:     128.0000 -129.0000 -129.0000
/opt/freesurfer/average/711-2B_as_mni_average_305_mask.4dfp.img
       256       256       256         1
  1.000000  1.000000  1.000000
orientation T byte_order littleendian
Reading mask: /opt/freesurfer/average/711-2B_as_mni_average_305_mask.4dfp.img (2306576 pixels)
talsrcimg_g11.4dfp.img
       256       256       256         1
  1.000000  1.000000  1.000000
orientation T byte_order littleendian
Reading image: talsrcimg_g11.4dfp.img
dimensions:      256       256       256
mmppix:       1.0000   -1.0000   -1.0000
center:     128.0000 -129.0000 -129.0000
fimgreg.f
image alignment mode   2311 decimal      907 hex
parameters
    0.6296   35.5974   -7.0399  -11.0950   -9.5580   -8.2319
    3.6359    3.8534    2.2208   18.2877   -5.5135  -14.2763
eta,q 0.96115  7.11904
niter,ni,del,rscale     5    3    5.0000    0.8000
parameters
    0.6401   35.9670   -7.7093   -9.8929   -9.2780   -8.5098
    3.4889    4.2406    2.5163   18.6243   -5.3227  -15.0218
eta,q 0.96132  7.19233
  0.0397  0.0399  0.0389  0.0393  0.0395  0.0394  0.0394  0.0402  0.0394  0.0399  0.0390  0.0389
  0.0392  0.0394  0.0388  0.0391  0.0391  0.0392  0.0390  0.0394  0.0390  0.0393  0.0388  0.0388
  0.0390  0.0390  0.0388  0.0389  0.0388  0.0389  0.0388  0.0389  0.0388  0.0389  0.0387  0.0387
  0.0389  0.0389  0.0388  0.0388  0.0387  0.0387  0.0387  0.0387  0.0387  0.0387  0.0387  0.0387
  0.0389  0.0388  0.0390  0.0387  0.0387  0.0387  0.0388  0.0388  0.0387  0.0388  0.0387  0.0388
  0.0392  0.0390  0.0392  0.0388  0.0389  0.0391  0.0391  0.0392  0.0389  0.0391  0.0388  0.0389
  0.0397  0.0392  0.0394  0.0390  0.0393  0.0398  0.0395  0.0397  0.0392  0.0396  0.0390  0.0391
niter,ni,del,rscale     4    3    5.0000    0.7000
parameters
    0.5966   36.0456   -7.8758   -9.5741   -9.1978   -8.3291
    3.3988    4.2453    2.5768   18.9259   -5.2403  -15.5314
eta,q 0.96137  7.22443
  0.0393  0.0393  0.0389  0.0391  0.0393  0.0394  0.0392  0.0397  0.0391  0.0397  0.0389  0.0389
  0.0390  0.0390  0.0388  0.0389  0.0390  0.0391  0.0389  0.0391  0.0389  0.0392  0.0388  0.0387
  0.0387  0.0388  0.0387  0.0388  0.0388  0.0388  0.0387  0.0388  0.0387  0.0388  0.0387  0.0386
  0.0387  0.0387  0.0387  0.0387  0.0387  0.0387  0.0386  0.0386  0.0386  0.0386  0.0386  0.0386
  0.0388  0.0387  0.0387  0.0387  0.0387  0.0386  0.0387  0.0388  0.0387  0.0387  0.0387  0.0387
  0.0390  0.0389  0.0389  0.0388  0.0389  0.0389  0.0389  0.0391  0.0388  0.0390  0.0388  0.0388
  0.0394  0.0392  0.0390  0.0391  0.0392  0.0394  0.0393  0.0397  0.0391  0.0394  0.0389  0.0390
niter,ni,del,rscale     3    3    5.0000    0.6000
parameters
    0.5584   36.0859   -7.8722   -9.4010   -9.2216   -8.1463
    3.3876    4.2247    2.6061   19.0813   -5.2047  -15.7831
eta,q 0.96138  7.24101
  0.0391  0.0391  0.0389  0.0390  0.0391  0.0392  0.0391  0.0394  0.0390  0.0394  0.0388  0.0388
  0.0389  0.0388  0.0387  0.0388  0.0388  0.0390  0.0388  0.0390  0.0388  0.0390  0.0387  0.0387
  0.0387  0.0387  0.0387  0.0387  0.0387  0.0388  0.0387  0.0387  0.0387  0.0387  0.0386  0.0386
  0.0386  0.0386  0.0386  0.0386  0.0386  0.0386  0.0386  0.0386  0.0386  0.0386  0.0386  0.0386
  0.0387  0.0387  0.0387  0.0386  0.0387  0.0386  0.0387  0.0387  0.0387  0.0387  0.0386  0.0387
  0.0389  0.0388  0.0387  0.0388  0.0388  0.0388  0.0388  0.0390  0.0388  0.0389  0.0387  0.0387
  0.0392  0.0390  0.0389  0.0390  0.0391  0.0392  0.0391  0.0394  0.0390  0.0392  0.0388  0.0388
niter,ni,del,rscale     2    3    5.0000    0.5000
parameters
    0.5393   36.0918   -7.8407   -9.3046   -9.2538   -7.9601
    3.3943    4.2228    2.6213   19.1188   -5.1609  -15.9007
eta,q 0.96139  7.25120
  0.0390  0.0389  0.0388  0.0389  0.0389  0.0391  0.0389  0.0392  0.0389  0.0391  0.0388  0.0387
  0.0388  0.0387  0.0387  0.0388  0.0388  0.0389  0.0388  0.0389  0.0387  0.0388  0.0387  0.0387
  0.0387  0.0386  0.0386  0.0387  0.0386  0.0387  0.0387  0.0387  0.0386  0.0387  0.0386  0.0386
  0.0386  0.0386  0.0386  0.0386  0.0386  0.0386  0.0386  0.0386  0.0386  0.0386  0.0386  0.0386
  0.0387  0.0387  0.0386  0.0386  0.0386  0.0386  0.0386  0.0387  0.0386  0.0387  0.0386  0.0386
  0.0388  0.0387  0.0387  0.0387  0.0388  0.0387  0.0387  0.0389  0.0387  0.0388  0.0387  0.0387
  0.0390  0.0389  0.0388  0.0389  0.0389  0.0390  0.0389  0.0392  0.0389  0.0391  0.0387  0.0388
niter,ni,del,rscale     1    3    5.0000    0.4000
parameters
    0.5255   36.0835   -7.7956   -9.2042   -9.2748   -7.7832
    3.3939    4.2332    2.6103   19.0789   -5.1034  -15.9425
eta,q 0.96141  7.26033
  0.0388  0.0388  0.0387  0.0388  0.0388  0.0389  0.0388  0.0390  0.0388  0.0389  0.0387  0.0387
  0.0387  0.0387  0.0387  0.0387  0.0387  0.0388  0.0387  0.0388  0.0387  0.0387  0.0386  0.0386
  0.0386  0.0386  0.0386  0.0386  0.0386  0.0387  0.0386  0.0386  0.0386  0.0386  0.0386  0.0386
  0.0386  0.0386  0.0386  0.0386  0.0386  0.0386  0.0386  0.0386  0.0386  0.0386  0.0386  0.0386
  0.0386  0.0386  0.0386  0.0386  0.0386  0.0386  0.0386  0.0386  0.0386  0.0386  0.0386  0.0386
  0.0387  0.0387  0.0386  0.0387  0.0387  0.0387  0.0387  0.0388  0.0387  0.0388  0.0386  0.0386
  0.0388  0.0388  0.0387  0.0388  0.0388  0.0389  0.0388  0.0390  0.0388  0.0389  0.0387  0.0387
registration optimization eta report
parameter search radius
    0.8000    0.8000    0.8000    2.4000    2.4000    2.4000
    2.4000    2.4000    2.4000    2.4000    2.4000    2.4000
100000*second partial in parameter space
       36.       29.       17.        3.        4.        5.
        4.        7.        3.        6.        2.        2.
  0.0388  0.0388  0.0387  0.0388  0.0388  0.0389  0.0388  0.0390  0.0388  0.0389  0.0387  0.0387
  0.0387  0.0387  0.0387  0.0387  0.0387  0.0388  0.0387  0.0388  0.0387  0.0387  0.0386  0.0386
  0.0386  0.0386  0.0386  0.0386  0.0386  0.0387  0.0386  0.0386  0.0386  0.0386  0.0386  0.0386
  0.0386  0.0386  0.0386  0.0386  0.0386  0.0386  0.0386  0.0386  0.0386  0.0386  0.0386  0.0386
  0.0386  0.0386  0.0386  0.0386  0.0386  0.0386  0.0386  0.0386  0.0386  0.0386  0.0386  0.0386
  0.0387  0.0387  0.0386  0.0387  0.0387  0.0387  0.0387  0.0388  0.0387  0.0388  0.0386  0.0386
  0.0388  0.0388  0.0387  0.0388  0.0388  0.0389  0.0388  0.0390  0.0388  0.0389  0.0387  0.0387
    0.5255   36.0835   -7.7956   -9.2042   -9.2748   -7.7832
    3.3939    4.2332    2.6103   19.0789   -5.1034  -15.9425
eta,q 0.96141  7.26033

---------------------------------------------------------------------
imgreg_4dfp /opt/freesurfer/average/711-2C_as_mni_average_305 /opt/freesurfer/average/711-2B_as_mni_average_305_mask talsrcimg_g11 none talsrcimg_to_711-2C_as_mni_average_305_t4 2311
---------------------------------------------------------------------

freesurfer imgreg_4dfp.c
/opt/freesurfer/average/711-2C_as_mni_average_305.4dfp.img
       256       256       256         1
  1.000000  1.000000  1.000000
orientation T byte_order littleendian
Reading image: /opt/freesurfer/average/711-2C_as_mni_average_305.4dfp.img
dimensions:      256       256       256
mmppix:       1.0000   -1.0000   -1.0000
center:     128.0000 -129.0000 -129.0000
/opt/freesurfer/average/711-2B_as_mni_average_305_mask.4dfp.img
       256       256       256         1
  1.000000  1.000000  1.000000
orientation T byte_order littleendian
Reading mask: /opt/freesurfer/average/711-2B_as_mni_average_305_mask.4dfp.img (2306576 pixels)
talsrcimg_g11.4dfp.img
       256       256       256         1
  1.000000  1.000000  1.000000
orientation T byte_order littleendian
Reading image: talsrcimg_g11.4dfp.img
dimensions:      256       256       256
mmppix:       1.0000   -1.0000   -1.0000
center:     128.0000 -129.0000 -129.0000
fimgreg.f
image alignment mode   2311 decimal      907 hex
parameters
    0.5255   36.0835   -7.7956   -9.2042   -9.2748   -7.7832
    3.3939    4.2332    2.6103   19.0789   -5.1034  -15.9425
eta,q 0.96141  7.26033
niter,ni,del,rscale     5    3    5.0000    0.8000
parameters
    0.4963   36.0644   -7.7129   -9.6825   -9.3243   -8.1707
    3.4428    4.0516    2.5800   19.2530   -5.2344  -15.7601
eta,q 0.96137  7.22365
  0.0395  0.0393  0.0391  0.0391  0.0394  0.0394  0.0394  0.0399  0.0392  0.0399  0.0390  0.0390
  0.0390  0.0389  0.0388  0.0389  0.0390  0.0391  0.0390  0.0392  0.0389  0.0392  0.0388  0.0388
  0.0387  0.0387  0.0387  0.0387  0.0387  0.0388  0.0388  0.0387  0.0387  0.0388  0.0387  0.0387
  0.0386  0.0386  0.0386  0.0386  0.0386  0.0386  0.0386  0.0386  0.0386  0.0386  0.0386  0.0386
  0.0387  0.0387  0.0386  0.0387  0.0387  0.0387  0.0387  0.0389  0.0387  0.0388  0.0387  0.0387
  0.0390  0.0389  0.0388  0.0389  0.0390  0.0392  0.0390  0.0393  0.0389  0.0391  0.0388  0.0388
  0.0395  0.0393  0.0390  0.0394  0.0394  0.0399  0.0394  0.0401  0.0393  0.0397  0.0390  0.0390
niter,ni,del,rscale     4    3    5.0000    0.7000
parameters
    0.5428   36.1107   -7.8633   -9.7095   -9.3504   -8.3260
    3.4457    4.1131    2.6368   19.2832   -5.3636  -15.8142
eta,q 0.96135  7.21810
  0.0394  0.0392  0.0389  0.0390  0.0392  0.0393  0.0393  0.0397  0.0391  0.0395  0.0389  0.0389
  0.0390  0.0389  0.0387  0.0389  0.0389  0.0390  0.0389  0.0391  0.0389  0.0391  0.0387  0.0388
  0.0387  0.0387  0.0386  0.0387  0.0387  0.0388  0.0387  0.0388  0.0387  0.0387  0.0387  0.0387
  0.0386  0.0386  0.0386  0.0386  0.0386  0.0386  0.0386  0.0386  0.0386  0.0386  0.0386  0.0386
  0.0387  0.0387  0.0387  0.0387  0.0387  0.0386  0.0387  0.0388  0.0387  0.0388  0.0387  0.0387
  0.0389  0.0389  0.0388  0.0388  0.0389  0.0390  0.0389  0.0391  0.0388  0.0391  0.0388  0.0388
  0.0393  0.0391  0.0390  0.0391  0.0393  0.0396  0.0393  0.0397  0.0391  0.0395  0.0389  0.0389
niter,ni,del,rscale     3    3    5.0000    0.6000
parameters
    0.5479   36.1554   -7.9424   -9.5883   -9.3462   -8.2690
    3.4078    4.1678    2.6934   19.3023   -5.3722  -15.8903
eta,q 0.96137  7.22745
  0.0392  0.0391  0.0388  0.0390  0.0391  0.0392  0.0391  0.0395  0.0390  0.0393  0.0388  0.0388
  0.0389  0.0388  0.0387  0.0388  0.0388  0.0390  0.0388  0.0390  0.0388  0.0389  0.0387  0.0387
  0.0387  0.0387  0.0387  0.0387  0.0387  0.0388  0.0387  0.0387  0.0387  0.0387  0.0387  0.0386
  0.0386  0.0386  0.0386  0.0386  0.0386  0.0386  0.0386  0.0386  0.0386  0.0386  0.0386  0.0386
  0.0387  0.0387  0.0387  0.0387  0.0387  0.0386  0.0387  0.0387  0.0387  0.0387  0.0387  0.0387
  0.0389  0.0388  0.0388  0.0388  0.0388  0.0388  0.0388  0.0390  0.0388  0.0389  0.0387  0.0387
  0.0392  0.0390  0.0389  0.0390  0.0391  0.0393  0.0391  0.0394  0.0390  0.0393  0.0388  0.0388
niter,ni,del,rscale     2    3    5.0000    0.5000
parameters
    0.5390   36.1669   -7.9405   -9.4588   -9.3596   -8.1078
    3.4030    4.1989    2.7081   19.2791   -5.3399  -15.9652
eta,q 0.96138  7.23851
  0.0390  0.0389  0.0388  0.0389  0.0389  0.0391  0.0389  0.0392  0.0389  0.0391  0.0388  0.0388
  0.0388  0.0388  0.0387  0.0388  0.0388  0.0389  0.0388  0.0389  0.0387  0.0388  0.0387  0.0387
  0.0387  0.0387  0.0387  0.0387  0.0387  0.0387  0.0387  0.0387  0.0387  0.0387  0.0386  0.0386
  0.0386  0.0386  0.0386  0.0386  0.0386  0.0386  0.0386  0.0386  0.0386  0.0386  0.0386  0.0386
  0.0387  0.0387  0.0387  0.0386  0.0387  0.0386  0.0387  0.0387  0.0386  0.0387  0.0386  0.0386
  0.0388  0.0387  0.0387  0.0387  0.0388  0.0388  0.0388  0.0389  0.0387  0.0389  0.0387  0.0387
  0.0390  0.0389  0.0388  0.0389  0.0389  0.0391  0.0390  0.0392  0.0389  0.0391  0.0388  0.0388
niter,ni,del,rscale     1    3    5.0000    0.4000
parameters
    0.5300   36.1516   -7.8875   -9.3216   -9.3628   -7.9033
    3.3977    4.2287    2.7107   19.2148   -5.2447  -15.9569
eta,q 0.96139  7.25007
  0.0388  0.0388  0.0387  0.0388  0.0388  0.0389  0.0388  0.0390  0.0388  0.0389  0.0387  0.0387
  0.0387  0.0387  0.0387  0.0387  0.0387  0.0388  0.0387  0.0388  0.0387  0.0387  0.0387  0.0386
  0.0386  0.0386  0.0386  0.0387  0.0386  0.0387  0.0386  0.0387  0.0386  0.0386  0.0386  0.0386
  0.0386  0.0386  0.0386  0.0386  0.0386  0.0386  0.0386  0.0386  0.0386  0.0386  0.0386  0.0386
  0.0386  0.0386  0.0386  0.0386  0.0386  0.0386  0.0386  0.0387  0.0386  0.0386  0.0386  0.0386
  0.0387  0.0387  0.0387  0.0387  0.0387  0.0387  0.0387  0.0388  0.0387  0.0388  0.0386  0.0386
  0.0389  0.0388  0.0387  0.0388  0.0388  0.0389  0.0388  0.0390  0.0388  0.0389  0.0387  0.0387
registration optimization eta report
parameter search radius
    0.8000    0.8000    0.8000    2.4000    2.4000    2.4000
    2.4000    2.4000    2.4000    2.4000    2.4000    2.4000
100000*second partial in parameter space
       36.       28.       17.        3.        4.        5.
        4.        7.        3.        6.        2.        2.
  0.0388  0.0388  0.0387  0.0388  0.0388  0.0389  0.0388  0.0390  0.0388  0.0389  0.0387  0.0387
  0.0387  0.0387  0.0387  0.0387  0.0387  0.0388  0.0387  0.0388  0.0387  0.0387  0.0387  0.0386
  0.0386  0.0386  0.0386  0.0387  0.0386  0.0387  0.0386  0.0387  0.0386  0.0386  0.0386  0.0386
  0.0386  0.0386  0.0386  0.0386  0.0386  0.0386  0.0386  0.0386  0.0386  0.0386  0.0386  0.0386
  0.0386  0.0386  0.0386  0.0386  0.0386  0.0386  0.0386  0.0387  0.0386  0.0386  0.0386  0.0386
  0.0387  0.0387  0.0387  0.0387  0.0387  0.0387  0.0387  0.0388  0.0387  0.0388  0.0386  0.0386
  0.0389  0.0388  0.0387  0.0388  0.0388  0.0389  0.0388  0.0390  0.0388  0.0389  0.0387  0.0387
    0.5300   36.1516   -7.8875   -9.3216   -9.3628   -7.9033
    3.3977    4.2287    2.7107   19.2148   -5.2447  -15.9569
eta,q 0.96139  7.25007

---------------------------------------------------------------------
compute_vox2vox talsrcimg talsrcimg_to_711-2C_as_mni_average_305_t4 /opt/freesurfer/average/711-2C_as_mni_average_305
---------------------------------------------------------------------

freesurfer compute_vox2vox.c
Reading: talsrcimg.4dfp.ifh
Reading: talsrcimg_to_711-2C_as_mni_average_305_t4
Reading: /opt/freesurfer/average/711-2C_as_mni_average_305.4dfp.ifh
Writing: talsrcimg_to_711-2C_as_mni_average_305_t4_vox2vox.txt

start time Mon Mar 9 21:21:00 CET 2026
end		time Mon Mar 9 21:22:26 CET 2026

mpr2mni305 success

avi2talxfm orig_nu.mgz /opt/freesurfer/average/mni305.cor.mgz talsrcimg_to_711-2C_as_mni_average_305_t4_vox2vox.txt transforms/talairach.auto.xfm
avi2talxfm done
mv -f /out/sourcedata/freesurfer/sub-v1s2x0051458_ses-1/mri/talsrcimg_to_711-2C_as_mni_average_305_t4_vox2vox.txt /out/sourcedata/freesurfer/sub-v1s2x0051458_ses-1/mri/transforms/talsrcimg_to_711-2C_as_mni_average_305_t4_vox2vox.txt
lta_convert --src orig_nu.mgz --trg /opt/freesurfer/average/mni305.cor.mgz --inxfm transforms/talairach.auto.xfm --outlta transforms/talairach.auto.xfm.lta --subject fsaverage
7.3.2

--src: orig_nu.mgz src image (geometry).
--trg: /opt/freesurfer/average/mni305.cor.mgz trg image (geometry).
--inmni: transforms/talairach.auto.xfm input MNI/XFM transform.
--outlta: transforms/talairach.auto.xfm.lta output LTA.
--s: fsaverage subject name
 LTA read, type : 1
 1.10190  -0.04049  -0.04843   4.16809;
 0.05502   1.04532   0.18197  -67.59241;
-0.04462  -0.22039   1.06617  -18.76864;
 0.00000   0.00000   0.00000   1.00000;
setting subject to fsaverage
Writing  LTA to file transforms/talairach.auto.xfm.lta...
lta_convert successful.
 
 
Started at Mon Mar 9 21:21:00 CET 2026
Ended   at Mon Mar  9 21:22:26 CET 2026
talairach_avi done
