1771665946s 1 1e32e23b-6d65-42ad-8cec-9ba2888b8974
1771845278s 1 85e76da5-55df-4e9e-be44-f0e8011fa7de
1771845741s 1 2781e2b1-aedf-4230-8eca-826fc8719874
1771846041s 1 3ac9c862-eb44-465e-8eef-c361783c5942
1771847424s 1 c38f6f46-3206-4851-8c38-9ada51fff813
1771847813s 1 c8ac207d-5666-4fb9-a64f-cc17add3029c
1771848349s 1 261645e8-0c80-4059-9e72-196c23e7fc41
1771849702s 1 b7649ddc-45ef-4edc-84bd-05db63ebc656
1771884367s 1 4d2de43f-abfe-4742-9ee3-3b8906abc63d
1771884405s 1 816c8d45-c18d-4ebd-8f08-c398e3e58f5f
1771885121s 1 59d78ae0-ebbe-4bc6-b0dd-69f52030e18f
1771885139s 1 816c8d45-c18d-4ebd-8f08-c398e3e58f5f
1771885584s 1 f230ea37-6d3d-4bfc-9d26-424c970b8cfb
1771885605s 1 816c8d45-c18d-4ebd-8f08-c398e3e58f5f
1771886343s 1 acc1a68d-ff63-4944-bc27-92fb16376614
1771886364s 1 816c8d45-c18d-4ebd-8f08-c398e3e58f5f
1771886576s 1 9ee60bcd-0dc0-4d46-acd4-0c99c2c5e424
1771886595s 1 816c8d45-c18d-4ebd-8f08-c398e3e58f5f
1771886794s 1 02235a03-04d5-44b3-85db-446704f9f321
1771886814s 1 816c8d45-c18d-4ebd-8f08-c398e3e58f5f
1771887877s 1 45b478fe-f7cf-41da-ad37-27b036be1a46
1771887897s 1 816c8d45-c18d-4ebd-8f08-c398e3e58f5f
1771941187.297009063s 1 4a264581-49b7-42f4-926b-f3a00c77c802
1771941187s 1 4a264581-49b7-42f4-926b-f3a00c77c802
1771987552s 1 4424a394-2b25-43a1-84d6-bfc06f785e3d
1771987869s 1 87151b8d-702b-418e-bbc5-5c13f1bb8a17
1771989495s 1 039f5897-1b18-4616-a5b3-dd0f7b44650d
1771990275s 1 bff3cfcd-443f-4a65-aa7f-382b53048584
1771990764s 1 6ea7a810-0d64-45bc-95f7-441b6e586519
1771992139s 1 13a51485-6155-469e-9178-d5fa6004d33b
1772019526s 1 c4770fbc-dc1f-4537-90da-6040bfae0ba0
1772019656s 1 646f8658-e047-4eab-8bfb-aab31331792f
1772019704s 1 7235892e-0d08-46c1-9924-4695784914b1
1772020011s 1 5bee027b-0453-4f0b-ba21-ad0821f7a977
1772020963s 1 9e6b210c-8250-4654-a828-4ad0595507c2
1772024085s 1 77853132-5398-401a-baf9-575865565925
1772035616s 1 fe8c1d1b-705e-4d6d-a27f-f71c6ed00389
1772035669s 1 463654a9-d24d-4aba-adbb-45808e3a3137
1772036839s 1 794b5f6a-3f3f-4613-8e10-79bfd03b09be
1772038421s 1 aff28dd5-e954-41e3-b382-242699a3157e
1772038605s 1 3183ea4c-2b85-4f50-9349-ab14356090b2
1772038931s 1 499e2356-d07b-4a11-a2f9-7a8e7bec6921
1772045236s 1 6825bee1-d99f-4676-8130-e0e018d7cc42
1772054978s 1 4b23b029-33a9-4a96-9017-e58ba08b3bed
1772056069s 1 28db72d1-c6ef-4486-9cb7-2e1c83e5c552
1772056642s 1 3c89d671-4cda-4da8-8639-56812e365a65
1772058030s 1 b6fc213c-9765-4c67-a922-645dc81f462d
1772061271s 1 349f5925-9270-4cb6-bb52-c55b5c9019cf
1772069624s 1 4ee482fa-cc24-4c01-ab27-3dcda7337b4b
1772069918s 1 f0231a24-7825-4acc-be00-f59a4b82249e
1772072851s 1 22195218-e831-4c5e-87de-3d112fc7df4e
1772073885s 1 1610b414-8fce-4356-9eca-ed54b84f2895
1772074436s 1 4a2b0837-5a8c-4127-93a6-4375c52686ac
1772078924s 1 9dfa8ab1-e54e-44f2-95d3-cb4bcbb5e1a0
1772082332s 1 46dab277-2034-4c8f-951b-1f1b74a1f611
1772091350s 1 e1f2ab72-9b73-4717-a489-91cacc42d5ef
1772092451s 1 6f9588fd-c910-4ffd-909e-2dec9dea16ca
1772092914s 1 145e9c02-e4a4-4e14-8b3a-89116946e8ca
1772094735s 1 4ea8f9bc-78a0-43e8-a5c8-ecfb34479aa0
1772100297s 1 ef0f9f13-211b-4c0f-9a91-e88efe5ae471
1772102740s 1 807c6469-3ce4-4856-8767-0a6956f43239
1772111722s 1 acd8b987-1b99-48a2-b1e7-701652c90503
1772113134s 1 4a8d6aac-d62c-4c4e-9539-b92fb4ea5a16
1772113577s 1 f1b0730c-17a5-484c-9079-c3d3550c45a1
1772115086s 1 2ebc693e-b6a8-43e1-9fd2-027ebbb07577
1772121338s 1 3926350c-400d-46a8-a9ec-3b32ce2a2d68
1772122801s 1 42eb9c0e-3930-43a5-963c-ba391c8b0659
1772130849s 1 71bf678b-10ae-4ac0-b239-aea6d77c113e
1772131000s 1 0e570fb2-f837-439c-86c9-c87b0b99e919
1772131911s 1 1aeae159-0026-438e-a383-a82f2ff43784
1772140366s 1 598e9b3d-b999-48f5-be91-4fc03b169079
1772468711s 1 7c2cd729-c58c-4551-b24a-98aee7ef1647
1772468739s 1 7b40e160-e048-4671-9d35-6321295e0cb0
1772469248s 1 0403dcfd-b19d-48a6-a371-3b685d27217d
1772470280s 1 aefc6d01-1f59-4f90-aa8d-c4fd21196f8d
1772471051s 1 8da24154-f353-49c1-89b4-d3c7f9268acf
1772486869s 1 268e35ab-54d5-41a1-8e6a-bbded26b5ed6
1772487921s 1 4f7fd394-b9bb-4f39-81cf-74fc7ae0ca52
1772488317s 1 c445ca57-574c-465b-96cb-a8c58a4ed95c
1772488419s 1 cb44af93-9f7e-4788-b445-b5ee19f80d3f
1772489549s 1 c5efe339-437c-477b-9690-4ad05abb549d
1772505315s 1 efca2b27-a4b6-4e49-8e3f-03fe90221f34
1772505724s 1 9a71f613-f921-468b-8dae-5c8a016d69eb
1772505768s 1 c0fbfd69-0367-4580-a1af-9e711702b816
1772505953s 1 0b8b9adf-6af6-4055-9165-9fe1c36bd56f
1772506167s 1 269c400c-231f-49e3-85a7-f4ebd421146e
1772508593s 1 a6f95f52-06d1-41a4-ba45-79a128ebd37d
1772523990s 1 791f1c9f-0e7e-45c9-a8c1-e886bbfe0142
1772524684s 1 a2aabad6-2789-4745-b172-226105448680
1772525099s 1 daa03fb6-8fca-4413-9bec-6fccbbf58505
1772525311s 1 f5b56e81-6ab8-43d1-a373-b40b91e12664
1772525359s 1 6abd5fe5-9e1c-4514-a344-1ff59191fbd5
1772530345s 1 88a7cc29-015b-4d83-97de-131f13f14ec4
1772542687s 1 d16db4a4-c3e2-4e29-9e0e-deb22a66a402
1772542928s 1 28a6edbb-3d98-42a9-b65e-4d4cc009004c
1772543110s 1 03657d0c-d838-4edc-9561-a15cdd8239e4
1772543229s 1 c0bad80c-2b89-404c-b0ab-32e96c4c0695
1772545439s 1 11cf95d5-f17a-4d0f-b30c-43cca501cf15
1772551123s 1 c641d77f-4643-4878-8643-7d530e2fe223
1772558346s 1 978e9ecd-a321-4041-9bef-5f8ffdf57e24
1772562273s 1 7f84c1a7-a537-42e3-b50f-2d7dc2377a4e
1772562439s 1 823be5aa-e119-4e37-981d-bf95d74843b2
1772563242s 1 c13430cd-8a55-4d76-817e-c79bdb03ce89
1772563797s 1 abc316bc-449d-457e-aa31-f592f19f7700
1772570091s 1 fcc6d03a-15c2-439d-a0cb-2ccec1ad2f5f
1772580477s 1 150024ef-aacd-4588-a37c-65328f736428
1772581514s 1 fa8c26f8-24e2-4aeb-a781-0d9f462cfef3
1772583081s 1 3a0ac086-7a4c-44ad-8945-b067006290f2
1772583577s 1 7e1d4a4c-2e08-4aa3-9dcc-428748b27699
1772589702s 1 44f7220c-a62b-4819-8231-02b26542bff7
1772599939s 1 caa3d7ab-d5b0-48dd-a65f-ba2776fa3cbc
1772600321s 1 57c29402-ab7c-490d-adc5-1e9c4aa69f35
1772600860s 1 4ce4ff7c-f3fe-423f-8e5b-6a57690aad6b
1772602809s 1 cfa86635-6029-4a5d-8f97-95d0d55e9f38
1772607406s 1 87182da1-213d-43ca-822e-5d098b30dc87
1772618559s 1 bf6bb879-36d1-4e4e-96b0-c3055f255428
1772620033s 1 af9df8d2-9e9e-43a4-971d-8b8159d8e1bb
1772621003s 1 a9f81dc5-649e-4a06-b0fa-3bd512c87c1f
1772621806s 1 dac9a391-9f08-4e92-974a-956bb07250a9
1772626058s 1 8fbaf379-0a33-4eea-9401-dd99c9a6f2fb
1772765415.525834734s 1 f93681e8-ee31-4153-8471-c91c1ff638f5
1772766244.282287844s 1 35b22f5f-e97d-4ba6-81bb-47ec231de53b
1772768609.959803434s 1 9c38dfca-4180-44f8-a0f0-193ba37a1f1c
1772769082.134504667s 1 18cb3153-a9a0-4a9d-9b19-aeff2df3bd17
1772769734.83914374s 1 9461cf9c-f99e-465b-9621-3e2241956e97
1772770013.51892834s 1 d5267474-4c4b-4a99-9c2a-a1426359ac1c
1772770395.317449986s 1 50e60262-a7a9-4cb5-a71a-7c6956401b4d
1772771839.399569616s 1 2d489c2e-580b-44aa-823c-2b0bd5e75852
1772775430.701048009s 1 7c782819-9270-4a7c-aecd-9504aae985fd
1772777507.879059328s 1 88a12eff-11cc-479d-bf38-cd82f2e76347
1772786888.184925621s 1 6cbf9aaa-fdc0-4c51-b1f6-8f00dc0146f1
1772787026.751074081s 1 91bb2a46-25a6-48c5-b3cf-c3e5d2763b93
1772787036.883401158s 1 e2737d6d-0953-4bce-919d-966b44371167
1772787321.868909307s 1 9bccd19c-7e08-4ee4-befe-c6cb89ebc26c
1772787673.560972969s 1 6b9b451c-ecd9-4416-8205-8185f13cba35
1772787687.033406225s 1 4ff505d6-79a8-4d72-9c1d-048dea5f2600
1772787711.275506341s 1 8507fc07-5c14-49b4-a9ef-6aaee2644877
1772788166.296318691s 1 8fe9d2a5-9a8b-468d-a447-6d443e08ee2b
1772788592.844879607s 1 1d5340ad-a821-47d5-83c3-ce7dd239efca
1772788677.480249411s 1 5add6d2a-3200-400a-8c1c-b9e9db52176b
1772788916.610518679s 1 76504aa4-961b-4c48-928f-0aaf8c29b25c
1772789015.349021033s 1 e275f1e7-20eb-4cb2-a00a-565472657dea
1772789203.878186434s 1 1c977254-c69a-4a65-8295-f81f0ccee00e
1772789576.368783836s 1 5af6a7c0-1767-4a1a-a394-5fad814f64a4
1772790539.133341115s 1 bb7ca48d-c19c-4d33-b1b4-0dd608dcb314
1772790780.298835083s 1 b8539fdd-8444-4c9b-9749-74ad0ae72fdd
1772791039.354456799s 1 28e7371e-2e82-4722-82ce-102ee8e2ab92
1772791071.761795228s 1 e2b729d5-e4dd-458d-9bef-35e7f6bbd6e3
1772791553.666761333s 1 f39afe51-3fda-417b-b05b-b54c34abb356
1772791643.497635574s 1 fd1f4835-ef19-4da4-9038-a25b651e7ec2
1772791899.343296686s 1 4403e518-2b55-467f-ab75-4a7ef8af9270
1772791953.686019178s 1 d3e33597-2ac3-4674-967d-54b8376e5366
1772792007.039167554s 1 818791a6-bb6b-4ee6-9bdc-f1f9d374d347
1772792547.954859879s 1 4203bf14-6ab4-4590-b238-2fab68503c42
1772792616.353910036s 1 8b734198-593e-42a8-80c2-f11630a29b23
1772792870.218934659s 1 8644ef03-7df8-4baf-b243-66558d96a91c
1772793026.938545541s 1 45ca858f-0bf8-44b2-b420-957c596a5fc8
1772793137.901969922s 1 5db909e0-45f0-4df8-b759-3045424a29ee
1772793726.01514583s 1 0d827b51-94d9-4258-912e-52d1b37c6130
1772793759.379706552s 1 a013d779-2d2d-439d-a59c-711254e6420b
1772793826.783734255s 1 4cd04029-3ab2-408a-a7af-ae804e49f885
1772794029.423842296s 1 f3356103-6d79-4b71-9669-f9e988f510ef
1772794074.817562852s 1 afd07763-abb4-4615-ac99-b159ae53af70
1772794260.173712625s 1 ae1fc36c-1f92-4548-88c2-3f3f98feaccb
1772794750.398802818s 1 9db47324-c9c1-4615-8cfe-4a98b367688d
1772794864.500006501s 1 aa866c2b-791e-444c-b7e6-ccf2156b6cf2
1772795369.504657066s 1 830c29ed-9a17-4e64-b402-d8fc1ed7f7c1
1772795409.272616844s 1 4b4167e1-7b2b-4d11-ac61-c562130aa70c
1772795726.011596751s 1 e9d3dcf0-ed8c-44b4-b2d4-fdb1b6b60d0a
1772795735.887039931s 1 e4ee0f40-05b3-468b-af22-c6dce7f3e68f
1772796721.58361286s 1 2b2175a8-7d1e-4f4c-a98f-00e6b27e1225
1772796840.66757372s 1 567856e0-aa80-446e-9635-24dd285c4ab9
1772797077.068695115s 1 9ac4daeb-559a-4580-9069-a85491049b30
1772797201.655121472s 1 bb83a6b9-1100-464d-8233-92fe9c2375eb
1772797882.800739353s 1 3f93e5a0-5e1a-4b74-8c7e-d312c8d651c4
1772798235.614173537s 1 13e68a96-fd1b-43ad-8478-922a8c529a49
1772798338.779570941s 1 4a97ea38-f609-41a6-a340-cf03b6dda107
1772798402.293567042s 1 2936380c-ef3d-444a-8a77-0335ab8cbf3a
1772798683.745768015s 1 5be99d26-3d85-476d-a34f-ccd4358462f6
1772799059.283522754s 1 9e68cf3a-eaef-4559-90f6-c0198eecc3e9
1772799122.242852542s 1 07dbacee-2d66-468e-bd99-0c5268fdece6
1772799542.84744646s 1 5d40f22d-36d4-409e-b380-f205e9c010f8
1772799582.933302268s 1 4623c3fb-c1b0-4f2b-91de-b35b123735f7
1772799960.510954048s 1 a8815e68-4941-4133-9ba4-f98c85700ec0
1772800114.115602751s 1 a35a6179-a032-4008-91ac-f3cb1e2c8bc5
1772800449.106678507s 1 676f4df8-3869-4a6f-a1d4-3be6da1fbe49
1772800524.246194112s 1 a3d32210-f71c-4a44-8c6b-be97ec181fc1
1772800887.095116156s 1 625b0cad-6f94-4609-9623-707c6d2b40cc
1772801167.08245534s 1 b4ee369f-a332-4eff-a856-249b8d7e3404
1772801426.091224839s 1 ecaa3803-f224-4401-b893-df53ec632805
1772802027.066563349s 1 6f6e4b1f-29a9-46c9-996b-e89996348aa2
1772802078.244626865s 1 74b7641d-66a0-452e-80c4-4fc99c90c6d4
1772802166.396271336s 1 7967aafb-a3c0-46ef-86e2-7f3a4c84992f
1772802438.735479534s 1 855f1698-e866-4516-a390-d70108d1378a
1772802746.236690626s 1 8a0d69d6-fba6-4f37-a09f-dbe54ccb03f0
1772803217.456133103s 1 182249ea-bfb3-4deb-be72-1acd01cfbc11
1772803262.383207257s 1 5ffd8f47-6b64-45b4-abac-5db8546aa12c
1772803622.312432663s 1 ae5b1bd4-9439-4cea-a6ea-d7cf58a5616d
1772803771.045176928s 1 729a6856-aeb5-4317-a561-8f8c8c00f0b2
1772804346.581809847s 1 804b38c8-b03a-4659-abe7-361723ee8e8c
1772806278.976064336s 1 0ea8e5d3-d4af-4b8e-8191-9c64613a146a
1772806298.809612981s 1 4c847634-b23e-44d6-a518-880f8d34d322
1772806798.689150028s 1 67f36fde-f52f-46b9-9c4e-d715efa6657c
1772806817.536631706s 1 213c7dad-414f-41a3-8406-68ff06a705d3
1772807537.185480351s 1 6af6cdb0-7196-42c1-8c85-ed46add582fd
1772807750.935038107s 1 00a97d12-b136-4fc7-8999-acb89e858189
1772808139.576375117s 1 0928eea2-18cb-4292-bfdf-3ff863f6a1fc
1772808416.647546492s 1 fb9f899c-241f-4cb0-a6d2-d17a6f8d1671
1772808431.727426441s 1 581d5c4c-39e5-4c71-b963-ac7a45adbbe1
1772808507.227648077s 1 50927de9-1a18-4902-87be-152dbd304549
1772808521.683927628s 1 2fa30c54-6ee7-4a4a-8b57-b994f99d5ec9
1772808821.245400562s 1 e2661744-c4de-41b0-ae3f-e84fd4532f7b
1772808866.902848734s 1 5522d1b5-e508-42a8-9cb6-c4a21a0067d1
1772808929.034694622s 1 4ca3c955-45f9-4632-b77b-8d41fbdffa7e
1772808957.54689981s 1 a503388d-4b33-4c5b-bc34-029a2661dc73
1772808993.329419169s 1 e56b654b-ecf0-4898-9ba0-bb1fa7a81d24
1772809189.910011111s 1 0d97b5f7-a680-4817-812b-f4410418d1fb
1772809387.650011211s 1 b64fa600-c554-4838-a4e9-59cceb395dc7
1772809564.588092224s 1 017567aa-edb2-4c75-ae38-7622d810bce6
1772810367.789993976s 1 5746267a-8969-4f38-8622-88d27e3e6029
1772810555.304236602s 1 dd37712d-9928-4dbd-8b7e-0ade40a509fd
1772810935.988631369s 1 ad1cac2c-584a-4321-8751-a2bfbed29199
1772811115.574149892s 1 a579e760-289d-40d2-8ef8-ac04bd99d2c1
1772811253.337005993s 1 f7db20c1-14d5-4339-920b-be7b870cb3d7
1772811904.159665313s 1 4c46bc36-2219-4845-bbdf-52b8aab2e723
1772812521.793336765s 1 09c65b29-080b-4230-9a72-e1360949b410
1772812994.054455632s 1 787c33fd-27e4-4cef-89ad-b8e8a8a23c1b
1772813015.732593591s 1 a648e487-7bf4-474d-9948-38c9aefcdc2c
1772813248.009624097s 1 032d4506-7be0-4b4a-8f3d-036a818dbfa0
1772813562.237162151s 1 18f9a254-1413-490e-8585-65f1bd4dc2e4
1772813643.521206397s 1 c1c2c662-ee95-4a46-891f-ca669986748b
1772813799.539753331s 1 c1456393-74e3-4806-8496-06ca057e72cd
1772814163.714670045s 1 524fd770-6869-43cc-826a-62c3adc8921a
1772814538.206675726s 1 3282a4b1-0e03-4d35-bce5-febacb5cf28d
1772814583.920740059s 1 8367d4a0-810b-45ee-a49a-2ba5983459f4
1772816265.571217724s 1 6cc08fe2-f69a-49bc-a02d-52fab6c174f6
1772816715.906526708s 1 7e4643fc-515f-4eb5-b458-aefd66d4990b
1772817262.028805762s 1 cf69b4c0-874a-421d-9529-9b98b78dd9b9
1772817377.919760649s 1 9c60c0ad-cce2-4bc7-b8bc-b89e809048e1
1772817678.751673439s 1 0354e09e-22cb-44f4-9cc3-76f9420ae774
1772817820.373550828s 1 42e25fd9-edca-457f-9061-97df83acd19e
1772818055.542883607s 1 0f636544-4521-4c89-830e-dc72f8dcee1a
1772818359.401307525s 1 b7c681c5-2b5d-4899-a029-58adb50b692d
1772818459.562256309s 1 2b0c7047-c43a-430b-bf59-941ab1b20c11
1772818561.915971832s 1 ac13f189-2918-40a8-8718-84754c221fba
1772818576.313408064s 1 9add79ac-4221-4642-be1a-ff552a0b35e3
1772818680.77282823s 1 cd7c2ab9-4a7b-4ef3-9068-cc6a324cd346
1772818709.155539047s 1 15563950-cfaf-433f-8bce-cda2f8ef0ca6
1772818727.57905261s 1 86a3ba15-7e63-4117-bcaf-d284098e6e8b
1772818922.103018076s 1 b90176f2-99de-4f22-a86b-af43934ab4a1
1772819165.887122154s 1 aa810439-acda-4f90-a0fa-3ff79652d8f0
1772819226.143822654s 1 b489ef8a-e557-43c8-bf31-59571b1eecd3
1772819265.528702084s 1 bce5927d-9272-46a2-b4c5-6b093a4e51df
1772819362.375341803s 1 0772459c-15e4-4ff2-802f-8c41fc875d7e
1772819735.860451159s 1 dde831d3-a877-453d-8cee-b6357a19db46
1772820502.894808263s 1 6175c5ef-6100-4142-961e-acf5b09ddc0e
1772820594.30412082s 1 49e777d2-11b1-4ca4-a105-af166d1b5c69
1772821039.059024402s 1 85cda387-21db-4ce8-bcfc-3792391d21cb
1772822574.967495327s 1 596c7095-065d-43d8-8dd6-2f1a15570c82
1772822681.709720053s 1 ae3a2b6c-2f3d-4b6b-9e54-0b1138db861b
1772822685.822097199s 1 732ffb4c-fe20-4568-b0c3-0bb7d590982a
1772822747.067088057s 1 32f4e952-4a49-4b47-af5b-13d8f9098829
1772823011.822864706s 1 dc804563-d60c-47c3-a279-83d8e61feb6b
1772823183.950574255s 1 ad930237-aec5-4e22-ae27-033c3099f229
1772823410.253515535s 1 d5fb9e0d-001d-463c-9115-38e3d70e7177
1772823544.42195427s 1 84368be5-0cf8-4040-b330-33bfc83de4ac
1772823660.701468547s 1 5aecffa3-1428-4b25-85f8-62ee010de25a
1772824008.686157873s 1 e7ee9d1f-798b-4298-91df-1eeffbaa5c17
1772824372.312532406s 1 090a0c4b-0f60-413e-9e04-e999a25af6d2
1772824519.80981994s 1 7c5ee933-69a1-47ac-a95d-26b5b7c763ed
1772824612.02877345s 1 2723b47b-2575-45d1-85b5-338c3ca8b232
1772825239.287251118s 1 4867cb82-c851-4ffb-8764-00ba013f4579
1772825474.810965488s 1 e4e05099-ecf1-4a8d-8803-fee1c185d1e5
1772825503.533725054s 1 ca5abfeb-8bd6-4465-8688-b2526a93b97b
1772825995.115776779s 1 341b7a34-12fc-47f8-bcbc-4cb88020c0a8
1772826041.145801809s 1 dba7f6e1-b222-4e4b-bd15-57c21f661c95
1772826070.38040381s 1 755ed6d4-a5e4-4302-909f-f05d34b24713
1772826243.101303439s 1 10d3046e-76a8-49b3-b450-ee06a070d693
1772826641.81591567s 1 73ecf4c1-341c-4bef-975e-9fada28d4dbe
1772826885.743042139s 1 7b1e03cd-dd37-4cc5-8c04-57e27b0548f9
1772827095.574658401s 1 ff47b89a-e736-45ee-a76a-3decb05792d7
1772827319.58480337s 1 c89d4741-369d-41be-af0a-e07a7cb36f18
1772827484.124261348s 1 290a7b51-396a-44e0-8626-cf4375c1b6a1
1772827673.844087731s 1 cb8212f0-9a56-4b8c-bf91-163c30dae1d5
1772828212.390809277s 1 37364301-b48e-4299-bd57-9ebeadcef5cd
1772828308.90545927s 1 23fd1d23-a064-486a-9aa1-d1df423f26a9
1772829721.69570404s 1 b71c670d-26c7-4e32-b8d8-c3ed67767e06
1772829964.0852897s 1 54820587-0534-48ed-8e1c-af1e501f3e01
1772830101.41883732s 1 ef0f234c-9058-4323-bdaf-84863e0e107d
1772830219.775960121s 1 d3b940ce-ca76-4bdf-841c-28d95023237b
1772830626.138734515s 1 150f72c4-f54a-4dde-b017-ff4538aad1a9
1772830795.019198993s 1 34d145b0-394e-45be-9148-b0a0ce8a1bf1
1772831170.069118915s 1 688a1f8d-c316-416d-873b-c14c6bd7b8f7
1772831900.07369937s 1 bb520f42-3922-4729-8727-b4a80439d812
1772832581.477403473s 1 172b150c-7199-4ce2-b8bd-6ad7b7935cd3
1772832869.743734437s 1 ae00efcf-8464-4f03-bdd2-864eb6bf0b31
1772833205.739484115s 1 3e9d85eb-460b-4995-b168-5dfdf863151b
1772833918.896886761s 1 635187d7-5994-43bd-a435-664778b7a91c
1772834213.262394769s 1 c9b65fc4-25af-481b-a178-83eda6e4fa9b
1772834333.790017633s 1 dece84cb-1879-48c0-965e-f888992d4982
1772834354.218705671s 1 e1ca85a3-d96a-4bd5-ab29-5407f2781b2e
1772835028.121199284s 1 20467ad5-b85c-4905-a744-79b9e6b05be4
1772835195.259972427s 1 2d55ac55-4914-4d58-9178-104cb1ce0cab
1772835732.189522636s 1 659645bf-28f4-4ca8-8216-30a7ea97ebd7
1772835828.25507731s 1 274e2bce-5b35-4797-aa25-de609c6bbcdb
1772836049.84046327s 1 9ab1b775-f237-46d6-8620-59b1975319f1
1772836160.183721018s 1 3e50e2d0-c1be-4731-b07d-adda0458f372
1772836281.775230763s 1 08ba85c7-9610-445c-8890-7e7e48a2564e
1772837022.089331294s 1 eee1c435-cf6a-4237-8c23-28b648c6dc71
1772837123.880768167s 1 cc4ad259-4dbf-4cc6-a3bb-7637a5937ea4
1772837395.78962599s 1 a1ba25f4-44ea-4f08-9611-5acdf40b393d
1772837704.595135627s 1 783dd097-f258-42a6-a9a0-e3f39c6b06d5
1772837807.828113651s 1 f5ff39af-72cc-405b-9c45-648798ffdfdd
1772837954.755307778s 1 b73c5857-e7f5-47dd-9fd2-6d5dceeca439
1772838261.561846995s 1 d2fba6c5-a773-4f43-b483-75ca4983897f
