/out/sourcedata/freesurfer/sub-v1s2x0051484_ses-1/mri
/opt/freesurfer/bin/talairach_avi
--i orig_nu.mgz --xfm transforms/talairach.auto.xfm
talairach_avi 7.3.2
Linux dna017 5.14.0-427.37.1.el9_4.x86_64 #1 SMP PREEMPT_DYNAMIC Fri Sep 13 12:41:50 EDT 2024 x86_64 x86_64 x86_64 GNU/Linux
Wed Mar 11 20:50:49 CET 2026
mri_convert orig_nu.mgz talsrcimg.img 
reading from orig_nu.mgz...
TR=0.00, TE=0.00, TI=0.00, flip angle=0.00
i_ras = (-1, 0, 0)
j_ras = (0, 0, -1)
k_ras = (0, 1, 0)
writing to talsrcimg.img...
Analyze Output Matrix
-1.00000   0.00000   0.00000   130.85593;
 0.00000   0.00000   1.00000  -65.62712;
 0.00000  -1.00000   0.00000   90.67796;
 0.00000   0.00000   0.00000   1.00000;
--------------------
INFO: set hdr.hist.orient to -1
mpr2mni305 talsrcimg
Wed Mar 11 20:50:50 CET 2026
/opt/freesurfer/bin/mpr2mni305 talsrcimg
mpr2mni305 7.3.2
target=711-2C_as_mni_average_305

---------------------------------------------------------------------
analyzeto4dfp talsrcimg -O0 -y
---------------------------------------------------------------------

freesurfer ifh2hdr.c
Wed Mar 11 20:50:50 2026
Writing: talsrcimg.4dfp.hdr
freesurfer analyzeto4dfp.c
Reading: talsrcimg.hdr
header size 348 bytes
hdr.dime.datatype	offset=70	value=2
hdr.dime.bitpix		offset=72	value=8
hdr.hist.orient		offset=252	value=-1
dimensionality     4
dimensions       256       256       256         1
Reading: talsrcimg.img
Writing: talsrcimg.4dfp.img
Writing: talsrcimg.4dfp.ifh
ifh2hdr talsrcimg -r0to255
ori=2

---------------------------------------------------------------------
gauss_4dfp talsrcimg 1.1
---------------------------------------------------------------------

freesurfer gauss_4dfp.c
Reading: talsrcimg.4dfp.img
Writing: talsrcimg_g11.4dfp.img
image dimensions 256 256 256 padded to 288 288 288
processing volume 1freesurfer ifh2hdr.c
Wed Mar 11 20:50:52 2026
Writing: talsrcimg_g11.4dfp.hdr

Writing: talsrcimg_g11.4dfp.ifh
including: talsrcimg.4dfp.img.rec in talsrcimg_g11.4dfp.img.rec

---------------------------------------------------------------------
imgreg_4dfp /opt/freesurfer/average/711-2C_as_mni_average_305 none talsrcimg_g11 none talsrcimg_to_711-2C_as_mni_average_305_t4 4355
---------------------------------------------------------------------

freesurfer imgreg_4dfp.c
/opt/freesurfer/average/711-2C_as_mni_average_305.4dfp.img
       256       256       256         1
  1.000000  1.000000  1.000000
orientation T byte_order littleendian
Reading image: /opt/freesurfer/average/711-2C_as_mni_average_305.4dfp.img
dimensions:      256       256       256
mmppix:       1.0000   -1.0000   -1.0000
center:     128.0000 -129.0000 -129.0000
talsrcimg_g11.4dfp.img
       256       256       256         1
  1.000000  1.000000  1.000000
orientation T byte_order littleendian
Reading image: talsrcimg_g11.4dfp.img
dimensions:      256       256       256
mmppix:       1.0000   -1.0000   -1.0000
center:     128.0000 -129.0000 -129.0000
t4_read: open error in t4_sub.f l:  41 t4_file(1:l)talsrcimg_to_711-2C_as_mni_average_305_t4 
t4_read: transform initialized to I4
rotation matrix determinant  1.000000
image alignment mode   4355 decimal     1103 hex
   -7.5000  -45.0000  -45.0000 5528.5679   14.2541
    0.0000  -45.0000  -45.0000 5793.0962   14.2608
    7.5000  -45.0000  -45.0000 5598.3535   14.2713
   -7.5000  -37.5000  -45.0000 6118.3394   13.6416
    0.0000  -37.5000  -45.0000 6425.6704   13.6500
    7.5000  -37.5000  -45.0000 6201.7451   13.6586
   -7.5000  -30.0000  -45.0000 7031.0112   13.2543
    0.0000  -30.0000  -45.0000 7379.9521   13.2638
    7.5000  -30.0000  -45.0000 7100.0928   13.2671
   -7.5000  -22.5000  -45.0000 8023.7026   13.0429
    0.0000  -22.5000  -45.0000 8404.0742   13.0535
    7.5000  -22.5000  -45.0000 8084.3970   13.0573
   -7.5000  -15.0000  -45.0000 9036.3193   12.8960
    0.0000  -15.0000  -45.0000 9488.0879   12.9060
    7.5000  -15.0000  -45.0000 9122.9648   12.9146
   -7.5000   -7.5000  -45.000010087.6758   12.8764
    0.0000   -7.5000  -45.000010599.8896   12.8852
    7.5000   -7.5000  -45.000010191.5586   12.8985
   -7.5000    0.0000  -45.000011104.1104   12.8779
    0.0000    0.0000  -45.000011672.7090   12.8859
    7.5000    0.0000  -45.000011224.3896   12.8994
   -7.5000    7.5000  -45.000011262.0840   12.8700
    0.0000    7.5000  -45.000011852.9482   12.8780
    7.5000    7.5000  -45.000011387.9746   12.8865
   -7.5000   15.0000  -45.000011223.4131   12.8534
    0.0000   15.0000  -45.000011797.8340   12.8626
    7.5000   15.0000  -45.000011334.0273   12.8664
   -7.5000   22.5000  -45.000011076.8311   12.8436
    0.0000   22.5000  -45.000011624.0137   12.8539
    7.5000   22.5000  -45.000011181.4707   12.8579
   -7.5000   30.0000  -45.000010837.7910   12.6823
    0.0000   30.0000  -45.000011385.3789   12.6922
    7.5000   30.0000  -45.000010936.4805   12.7007
   -7.5000   37.5000  -45.000010943.5117   12.6962
    0.0000   37.5000  -45.000011491.6924   12.7049
    7.5000   37.5000  -45.000011042.3594   12.7180
   -7.5000   45.0000  -45.000010550.8613   12.3837
    0.0000   45.0000  -45.000011085.0908   12.3914
    7.5000   45.0000  -45.000010646.7490   12.4044
   -7.5000  -45.0000  -37.5000 5775.5020   14.2491
    0.0000  -45.0000  -37.5000 6059.8193   14.2530
    7.5000  -45.0000  -37.5000 5855.1372   14.2598
   -7.5000  -37.5000  -37.5000 6398.2095   13.6352
    0.0000  -37.5000  -37.5000 6718.5010   13.6424
    7.5000  -37.5000  -37.5000 6477.9819   13.6485
   -7.5000  -30.0000  -37.5000 7355.4146   13.2487
    0.0000  -30.0000  -37.5000 7718.6577   13.2555
    7.5000  -30.0000  -37.5000 7420.2876   13.2576
   -7.5000  -22.5000  -37.5000 8412.2646   13.0390
    0.0000  -22.5000  -37.5000 8825.2764   13.0446
    7.5000  -22.5000  -37.5000 8483.6084   13.0474
   -7.5000  -15.0000  -37.5000 9498.3506   12.8935
    0.0000  -15.0000  -37.5000 9984.1484   12.8973
    7.5000  -15.0000  -37.5000 9600.3701   12.9038
   -7.5000   -7.5000  -37.500010590.1719   12.8733
    0.0000   -7.5000  -37.500011136.1064   12.8772
    7.5000   -7.5000  -37.500010722.8125   12.8875
   -7.5000    0.0000  -37.500011651.1201   12.8735
    0.0000    0.0000  -37.500012234.8037   12.8792
    7.5000    0.0000  -37.500011778.8721   12.8897
   -7.5000    7.5000  -37.500011789.5615   12.8648
    0.0000    7.5000  -37.500012417.2939   12.8715
    7.5000    7.5000  -37.500011934.0322   12.8779
   -7.5000   15.0000  -37.500011757.3291   12.8481
    0.0000   15.0000  -37.500012380.4912   12.8548
    7.5000   15.0000  -37.500011893.3652   12.8574
   -7.5000   22.5000  -37.500011610.9004   12.8396
    0.0000   22.5000  -37.500012199.6289   12.8452
    7.5000   22.5000  -37.500011720.5049   12.8482
   -7.5000   30.0000  -37.500011357.3174   12.6798
    0.0000   30.0000  -37.500011963.9219   12.6835
    7.5000   30.0000  -37.500011469.1738   12.6900
   -7.5000   37.5000  -37.500011477.3506   12.6931
    0.0000   37.5000  -37.500012084.6611   12.6970
    7.5000   37.5000  -37.500011590.1387   12.7072
   -7.5000   45.0000  -37.500011058.4814   12.3794
    0.0000   45.0000  -37.500011629.1416   12.3849
    7.5000   45.0000  -37.500011154.8584   12.3950
   -7.5000  -45.0000  -30.0000 6103.6572   14.8029
    0.0000  -45.0000  -30.0000 6420.5879   14.8022
    7.5000  -45.0000  -30.0000 6179.9194   14.8078
   -7.5000  -37.5000  -30.0000 6777.8403   14.1675
    0.0000  -37.5000  -30.0000 7122.6143   14.1693
    7.5000  -37.5000  -30.0000 6845.8540   14.1745
   -7.5000  -30.0000  -30.0000 7806.7910   13.7705
    0.0000  -30.0000  -30.0000 8192.0771   13.7706
    7.5000  -30.0000  -30.0000 7870.8462   13.7727
   -7.5000  -22.5000  -30.0000 8942.5273   13.5552
    0.0000  -22.5000  -30.0000 9385.7520   13.5543
    7.5000  -22.5000  -30.0000 9025.2041   13.5587
   -7.5000  -15.0000  -30.000010120.5156   13.4038
    0.0000  -15.0000  -30.000010633.0869   13.4020
    7.5000  -15.0000  -30.000010227.3857   13.4101
   -7.5000   -7.5000  -30.000011322.1445   13.3791
    0.0000   -7.5000  -30.000011891.6123   13.3782
    7.5000   -7.5000  -30.000011444.6162   13.3891
   -7.5000    0.0000  -30.000012434.1484   13.3771
    0.0000    0.0000  -30.000013056.0938   13.3785
    7.5000    0.0000  -30.000012583.2666   13.3884
   -7.5000    7.5000  -30.000012572.8262   13.3697
    0.0000    7.5000  -30.000013232.7969   13.3716
    7.5000    7.5000  -30.000012742.0020   13.3770
   -7.5000   15.0000  -30.000012527.8350   13.3551
    0.0000   15.0000  -30.000013187.0703   13.3559
    7.5000   15.0000  -30.000012683.4141   13.3585
   -7.5000   22.5000  -30.000012351.5234   13.3469
    0.0000   22.5000  -30.000012982.3428   13.3463
    7.5000   22.5000  -30.000012471.8428   13.3508
   -7.5000   30.0000  -30.000012076.6650   13.1830
    0.0000   30.0000  -30.000012727.3467   13.1811
    7.5000   30.0000  -30.000012206.5352   13.1892
   -7.5000   37.5000  -30.000012218.2529   13.1932
    0.0000   37.5000  -30.000012872.8486   13.1923
    7.5000   37.5000  -30.000012349.3770   13.2031
   -7.5000   45.0000  -30.000011767.2617   12.8731
    0.0000   45.0000  -30.000012407.7451   12.8744
    7.5000   45.0000  -30.000011896.2676   12.8840
   -7.5000  -45.0000  -22.5000 6397.1074   15.2773
    0.0000  -45.0000  -22.5000 6734.2549   15.2747
    7.5000  -45.0000  -22.5000 6470.0132   15.2828
   -7.5000  -37.5000  -22.5000 7140.3633   14.6256
    0.0000  -37.5000  -22.5000 7502.1978   14.6232
    7.5000  -37.5000  -22.5000 7205.3164   14.6300
   -7.5000  -30.0000  -22.5000 8239.5146   14.2200
    0.0000  -30.0000  -22.5000 8653.1230   14.2160
    7.5000  -30.0000  -22.5000 8326.9541   14.2190
   -7.5000  -22.5000  -22.5000 9448.4141   13.9995
    0.0000  -22.5000  -22.5000 9921.5225   13.9967
    7.5000  -22.5000  -22.5000 9559.9316   14.0031
   -7.5000  -15.0000  -22.500010718.7383   13.8428
    0.0000  -15.0000  -22.500011248.2334   13.8411
    7.5000  -15.0000  -22.500010821.0605   13.8526
   -7.5000   -7.5000  -22.500012003.2812   13.8151
    0.0000   -7.5000  -22.500012611.0029   13.8141
    7.5000   -7.5000  -22.500012138.9707   13.8280
   -7.5000    0.0000  -22.500013187.1797   13.8115
    0.0000    0.0000  -22.500013879.4180   13.8109
    7.5000    0.0000  -22.500013389.3311   13.8231
   -7.5000    7.5000  -22.500013325.9268   13.8052
    0.0000    7.5000  -22.500014044.1553   13.8033
    7.5000    7.5000  -22.500013544.3076   13.8099
   -7.5000   15.0000  -22.500013264.3145   13.7922
    0.0000   15.0000  -22.500013963.0684   13.7891
    7.5000   15.0000  -22.500013450.9502   13.7926
   -7.5000   22.5000  -22.500013068.4590   13.7839
    0.0000   22.5000  -22.500013715.2207   13.7813
    7.5000   22.5000  -22.500013185.6631   13.7878
   -7.5000   30.0000  -22.500012789.6064   13.6169
    0.0000   30.0000  -22.500013430.6631   13.6153
    7.5000   30.0000  -22.500012906.8701   13.6265
   -7.5000   37.5000  -22.500012933.8818   13.6252
    0.0000   37.5000  -22.500013614.5742   13.6242
    7.5000   37.5000  -22.500013083.0059   13.6380
   -7.5000   45.0000  -22.500012444.5117   13.3012
    0.0000   45.0000  -22.500013132.9590   13.3005
    7.5000   45.0000  -22.500012606.0000   13.3123
   -7.5000  -45.0000  -15.0000 6651.2808   15.6432
    0.0000  -45.0000  -15.0000 6994.2822   15.6432
    7.5000  -45.0000  -15.0000 6735.7139   15.6549
   -7.5000  -37.5000  -15.0000 7464.4810   14.9774
    0.0000  -37.5000  -15.0000 7848.7681   14.9761
    7.5000  -37.5000  -15.0000 7546.6147   14.9854
   -7.5000  -30.0000  -15.0000 8632.8828   14.5626
    0.0000  -30.0000  -15.0000 9087.6064   14.5608
    7.5000  -30.0000  -15.0000 8732.3301   14.5647
   -7.5000  -22.5000  -15.0000 9936.8057   14.3369
    0.0000  -22.5000  -15.000010450.6865   14.3384
    7.5000  -22.5000  -15.000010037.0088   14.3455
   -7.5000  -15.0000  -15.000011288.5264   14.1767
    0.0000  -15.0000  -15.000011849.0078   14.1808
    7.5000  -15.0000  -15.000011382.5166   14.1939
   -7.5000   -7.5000  -15.000012650.1680   14.1490
    0.0000   -7.5000  -15.000013284.4082   14.1526
    7.5000   -7.5000  -15.000012798.4092   14.1692
   -7.5000    0.0000  -15.000013918.6875   14.1451
    0.0000    0.0000  -15.000014660.7715   14.1467
    7.5000    0.0000  -15.000014152.3789   14.1618
   -7.5000    7.5000  -15.000014073.5977   14.1380
    0.0000    7.5000  -15.000014847.6523   14.1372
    7.5000    7.5000  -15.000014345.2217   14.1460
   -7.5000   15.0000  -15.000014012.3604   14.1248
    0.0000   15.0000  -15.000014732.4434   14.1236
    7.5000   15.0000  -15.000014229.6582   14.1280
   -7.5000   22.5000  -15.000013761.4082   14.1156
    0.0000   22.5000  -15.000014397.2490   14.1172
    7.5000   22.5000  -15.000013904.5459   14.1243
   -7.5000   30.0000  -15.000013451.5254   13.9474
    0.0000   30.0000  -15.000014050.1143   13.9514
    7.5000   30.0000  -15.000013560.0049   13.9643
   -7.5000   37.5000  -15.000013610.3828   13.9565
    0.0000   37.5000  -15.000014253.1895   13.9600
    7.5000   37.5000  -15.000013743.3721   13.9764
   -7.5000   45.0000  -15.000013114.0938   13.6307
    0.0000   45.0000  -15.000013769.4541   13.6322
    7.5000   45.0000  -15.000013283.4658   13.6467
   -7.5000  -45.0000   -7.5000 6934.1079   15.8612
    0.0000  -45.0000   -7.5000 7307.6294   15.8660
    7.5000  -45.0000   -7.5000 7026.1704   15.8797
   -7.5000  -37.5000   -7.5000 7793.8823   15.1844
    0.0000  -37.5000   -7.5000 8199.7207   15.1889
    7.5000  -37.5000   -7.5000 7878.4927   15.1996
   -7.5000  -30.0000   -7.5000 9033.9609   14.7591
    0.0000  -30.0000   -7.5000 9494.8164   14.7649
    7.5000  -30.0000   -7.5000 9134.6260   14.7693
   -7.5000  -22.5000   -7.500010421.8408   14.5266
    0.0000  -22.5000   -7.500010955.1846   14.5360
    7.5000  -22.5000   -7.500010532.9854   14.5423
   -7.5000  -15.0000   -7.500011840.7549   14.3634
    0.0000  -15.0000   -7.500012464.6484   14.3743
    7.5000  -15.0000   -7.500011988.2412   14.3869
   -7.5000   -7.5000   -7.500013282.3369   14.3389
    0.0000   -7.5000   -7.500013991.6416   14.3481
    7.5000   -7.5000   -7.500013468.8408   14.3656
   -7.5000    0.0000   -7.500014617.0557   14.3383
    0.0000    0.0000   -7.500015414.5127   14.3445
    7.5000    0.0000   -7.500014841.8174   14.3612
   -7.5000    7.5000   -7.500014783.4434   14.3305
    0.0000    7.5000   -7.500015624.9668   14.3350
    7.5000    7.5000   -7.500015059.9355   14.3452
   -7.5000   15.0000   -7.500014722.5371   14.3144
    0.0000   15.0000   -7.500015546.0146   14.3202
    7.5000   15.0000   -7.500015019.6201   14.3251
   -7.5000   22.5000   -7.500014483.9629   14.3006
    0.0000   22.5000   -7.500015138.0840   14.3098
    7.5000   22.5000   -7.500014660.8418   14.3162
   -7.5000   30.0000   -7.500014158.8330   14.1306
    0.0000   30.0000   -7.500014669.1992   14.1414
    7.5000   30.0000   -7.500014213.1953   14.1538
   -7.5000   37.5000   -7.500014346.7363   14.1434
    0.0000   37.5000   -7.500014881.2246   14.1525
    7.5000   37.5000   -7.500014403.0537   14.1698
   -7.5000   45.0000   -7.500013810.7168   13.8194
    0.0000   45.0000   -7.500014421.1689   13.8254
    7.5000   45.0000   -7.500013935.7754   13.8415
   -7.5000  -45.0000    0.0000 7131.3550   15.9255
    0.0000  -45.0000    0.0000 7493.0503   15.9329
    7.5000  -45.0000    0.0000 7205.4097   15.9447
   -7.5000  -37.5000    0.0000 8019.8018   15.2419
    0.0000  -37.5000    0.0000 8437.1064   15.2513
    7.5000  -37.5000    0.0000 8104.4297   15.2610
   -7.5000  -30.0000    0.0000 9332.9893   14.8093
    0.0000  -30.0000    0.0000 9837.5186   14.8201
    7.5000  -30.0000    0.0000 9445.2334   14.8239
   -7.5000  -22.5000    0.000010811.5703   14.5731
    0.0000  -22.5000    0.000011386.1006   14.5852
    7.5000  -22.5000    0.000010929.3115   14.5896
   -7.5000  -15.0000    0.000012299.1816   14.4093
    0.0000  -15.0000    0.000012962.4941   14.4207
    7.5000  -15.0000    0.000012481.7646   14.4303
   -7.5000   -7.5000    0.000013796.7324   14.3879
    0.0000   -7.5000    0.000014547.2412   14.3978
    7.5000   -7.5000    0.000014032.0879   14.4127
   -7.5000    0.0000    0.000015201.2871   14.3900
    0.0000    0.0000    0.000016016.5459   14.3990
    7.5000    0.0000    0.000015459.5127   14.4141
   -7.5000    7.5000    0.000015353.3027   14.3810
    0.0000    7.5000    0.000016103.2520   14.3900
    7.5000    7.5000    0.000015525.5635   14.3996
   -7.5000   15.0000    0.000015244.0088   14.3620
    0.0000   15.0000    0.000016022.4229   14.3725
    7.5000   15.0000    0.000015451.1367   14.3767
   -7.5000   22.5000    0.000015087.5088   14.3460
    0.0000   22.5000    0.000015925.9141   14.3579
    7.5000   22.5000    0.000015357.2061   14.3624
   -7.5000   30.0000    0.000014833.9834   14.1761
    0.0000   30.0000    0.000015580.4102   14.1873
    7.5000   30.0000    0.000014988.5869   14.1969
   -7.5000   37.5000    0.000015011.7129   14.1922
    0.0000   37.5000    0.000015743.2725   14.2019
    7.5000   37.5000    0.000015119.7432   14.2167
   -7.5000   45.0000    0.000014450.5410   13.8703
    0.0000   45.0000    0.000015173.4189   13.8790
    7.5000   45.0000    0.000014564.4600   13.8935
   -7.5000  -45.0000    7.5000 6742.3076   15.9422
    0.0000  -45.0000    7.5000 7087.0308   15.9465
    7.5000  -45.0000    7.5000 6803.6655   15.9541
   -7.5000  -37.5000    7.5000 7586.4434   15.2555
    0.0000  -37.5000    7.5000 7985.9966   15.2635
    7.5000  -37.5000    7.5000 7677.3120   15.2703
   -7.5000  -30.0000    7.5000 8866.7500   14.8232
    0.0000  -30.0000    7.5000 9347.6592   14.8307
    7.5000  -30.0000    7.5000 8989.9609   14.8331
   -7.5000  -22.5000    7.500010300.6943   14.5886
    0.0000  -22.5000    7.500010859.0781   14.5948
    7.5000  -22.5000    7.500010444.8145   14.5980
   -7.5000  -15.0000    7.500011743.2266   14.4258
    0.0000  -15.0000    7.500012400.5723   14.4300
    7.5000  -15.0000    7.500011937.2383   14.4373
   -7.5000   -7.5000    7.500013208.5674   14.4031
    0.0000   -7.5000    7.500013954.8389   14.4075
    7.5000   -7.5000    7.500013431.3027   14.4190
   -7.5000    0.0000    7.500014585.6797   14.4034
    0.0000    0.0000    7.500015398.8311   14.4097
    7.5000    0.0000    7.500014823.9443   14.4215
   -7.5000    7.5000    7.500014767.4893   14.3937
    0.0000    7.5000    7.500015514.4551   14.4012
    7.5000    7.5000    7.500014913.3232   14.4083
   -7.5000   15.0000    7.500014706.4229   14.3751
    0.0000   15.0000    7.500015363.7939   14.3826
    7.5000   15.0000    7.500014777.5068   14.3855
   -7.5000   22.5000    7.500014552.9512   14.3609
    0.0000   22.5000    7.500015258.8037   14.3671
    7.5000   22.5000    7.500014695.1465   14.3704
   -7.5000   30.0000    7.500014312.5078   14.1922
    0.0000   30.0000    7.500014912.8047   14.1964
    7.5000   30.0000    7.500014380.5635   14.2036
   -7.5000   37.5000    7.500014482.3770   14.2071
    0.0000   37.5000    7.500015109.1367   14.2114
    7.5000   37.5000    7.500014574.0566   14.2228
   -7.5000   45.0000    7.500013949.9102   13.8832
    0.0000   45.0000    7.500014605.4287   13.8893
    7.5000   45.0000    7.500014077.5098   13.9007
   -7.5000  -45.0000   15.0000 6291.1870   15.9459
    0.0000  -45.0000   15.0000 6596.8901   15.9450
    7.5000  -45.0000   15.0000 6348.3809   15.9511
   -7.5000  -37.5000   15.0000 7093.4819   15.2620
    0.0000  -37.5000   15.0000 7454.4331   15.2638
    7.5000  -37.5000   15.0000 7173.4209   15.2695
   -7.5000  -30.0000   15.0000 8296.3486   14.8353
    0.0000  -30.0000   15.0000 8750.4814   14.8353
    7.5000  -30.0000   15.0000 8429.6484   14.8376
   -7.5000  -22.5000   15.0000 9674.8965   14.6044
    0.0000  -22.5000   15.000010222.5498   14.6033
    7.5000  -22.5000   15.0000 9814.4355   14.6080
   -7.5000  -15.0000   15.000011049.6162   14.4412
    0.0000  -15.0000   15.000011668.3262   14.4389
    7.5000  -15.0000   15.000011227.2539   14.4478
   -7.5000   -7.5000   15.000012460.8330   14.4145
    0.0000   -7.5000   15.000013152.1201   14.4134
    7.5000   -7.5000   15.000012660.5225   14.4252
   -7.5000    0.0000   15.000013793.2910   14.4123
    0.0000    0.0000   15.000014562.3857   14.4136
    7.5000    0.0000   15.000014027.8799   14.4244
   -7.5000    7.5000   15.000013984.3721   14.4043
    0.0000    7.5000   15.000014688.4365   14.4061
    7.5000    7.5000   15.000014133.0166   14.4120
   -7.5000   15.0000   15.000013954.6533   14.3885
    0.0000   15.0000   15.000014567.4775   14.3891
    7.5000   15.0000   15.000014042.5645   14.3919
   -7.5000   22.5000   15.000013802.6689   14.3765
    0.0000   22.5000   15.000014369.4229   14.3756
    7.5000   22.5000   15.000013873.6045   14.3804
   -7.5000   30.0000   15.000013520.4824   14.2072
    0.0000   30.0000   15.000014013.1240   14.2050
    7.5000   30.0000   15.000013536.3027   14.2139
   -7.5000   37.5000   15.000013721.6807   14.2183
    0.0000   37.5000   15.000014238.4941   14.2172
    7.5000   37.5000   15.000013763.8057   14.2289
   -7.5000   45.0000   15.000013242.8809   13.8918
    0.0000   45.0000   15.000013796.3486   13.8931
    7.5000   45.0000   15.000013335.9033   13.9035
   -7.5000  -45.0000   22.5000 5819.8516   16.0799
    0.0000  -45.0000   22.5000 6093.5640   16.0772
    7.5000  -45.0000   22.5000 5869.5234   16.0860
   -7.5000  -37.5000   22.5000 6575.4038   15.3905
    0.0000  -37.5000   22.5000 6899.2461   15.3880
    7.5000  -37.5000   22.5000 6644.0923   15.3953
   -7.5000  -30.0000   22.5000 7720.6440   14.9629
    0.0000  -30.0000   22.5000 8140.6968   14.9587
    7.5000  -30.0000   22.5000 7838.7939   14.9617
   -7.5000  -22.5000   22.5000 9001.5469   14.7313
    0.0000  -22.5000   22.5000 9490.6641   14.7283
    7.5000  -22.5000   22.5000 9129.6836   14.7351
   -7.5000  -15.0000   22.500010300.4678   14.5649
    0.0000  -15.0000   22.500010876.6299   14.5631
    7.5000  -15.0000   22.500010465.6182   14.5752
   -7.5000   -7.5000   22.500011624.4756   14.5354
    0.0000   -7.5000   22.500012291.9902   14.5342
    7.5000   -7.5000   22.500011824.8984   14.5491
   -7.5000    0.0000   22.500012845.0654   14.5318
    0.0000    0.0000   22.500013587.0439   14.5310
    7.5000    0.0000   22.500013060.5469   14.5441
   -7.5000    7.5000   22.500013026.7578   14.5253
    0.0000    7.5000   22.500013711.2705   14.5233
    7.5000    7.5000   22.500013177.7627   14.5303
   -7.5000   15.0000   22.500013002.8887   14.5116
    0.0000   15.0000   22.500013633.2510   14.5082
    7.5000   15.0000   22.500013133.3975   14.5118
   -7.5000   22.5000   22.500012884.5820   14.5002
    0.0000   22.5000   22.500013473.8477   14.4974
    7.5000   22.5000   22.500012969.8232   14.5043
   -7.5000   30.0000   22.500012608.5039   14.3286
    0.0000   30.0000   22.500013159.7725   14.3268
    7.5000   30.0000   22.500012659.7432   14.3387
   -7.5000   37.5000   22.500012799.0771   14.3375
    0.0000   37.5000   22.500013361.8945   14.3363
    7.5000   37.5000   22.500012852.4375   14.3510
   -7.5000   45.0000   22.500012380.5654   14.0070
    0.0000   45.0000   22.500012927.8203   14.0062
    7.5000   45.0000   22.500012459.1074   14.0188
   -7.5000  -45.0000   30.0000 5310.2563   16.3088
    0.0000  -45.0000   30.0000 5573.6826   16.3081
    7.5000  -45.0000   30.0000 5368.1377   16.3215
   -7.5000  -37.5000   30.0000 6027.2046   15.6044
    0.0000  -37.5000   30.0000 6334.8027   15.6025
    7.5000  -37.5000   30.0000 6110.2202   15.6129
   -7.5000  -30.0000   30.0000 7099.2861   15.1677
    0.0000  -30.0000   30.0000 7469.6978   15.1654
    7.5000  -30.0000   30.0000 7210.8477   15.1696
   -7.5000  -22.5000   30.0000 8275.4229   14.9316
    0.0000  -22.5000   30.0000 8715.0781   14.9329
    7.5000  -22.5000   30.0000 8406.9512   14.9403
   -7.5000  -15.0000   30.0000 9482.9951   14.7620
    0.0000  -15.0000   30.000010010.7549   14.7658
    7.5000  -15.0000   30.0000 9636.5391   14.7799
   -7.5000   -7.5000   30.000010687.6172   14.7328
    0.0000   -7.5000   30.000011289.1973   14.7360
    7.5000   -7.5000   30.000010860.2588   14.7542
   -7.5000    0.0000   30.000011804.5029   14.7294
    0.0000    0.0000   30.000012470.7100   14.7303
    7.5000    0.0000   30.000011990.9814   14.7469
   -7.5000    7.5000   30.000011972.8857   14.7222
    0.0000    7.5000   30.000012627.0215   14.7207
    7.5000    7.5000   30.000012125.9092   14.7304
   -7.5000   15.0000   30.000011994.4883   14.7077
    0.0000   15.0000   30.000012630.9932   14.7060
    7.5000   15.0000   30.000012136.4268   14.7106
   -7.5000   22.5000   30.000011905.7061   14.6955
    0.0000   22.5000   30.000012485.7090   14.6969
    7.5000   22.5000   30.000011991.7920   14.7044
   -7.5000   30.0000   30.000011624.2734   14.5219
    0.0000   30.0000   30.000012182.8096   14.5257
    7.5000   30.0000   30.000011709.6152   14.5396
   -7.5000   37.5000   30.000011780.9795   14.5321
    0.0000   37.5000   30.000012337.7803   14.5352
    7.5000   37.5000   30.000011866.2930   14.5532
   -7.5000   45.0000   30.000011413.1553   14.1974
    0.0000   45.0000   30.000011929.4082   14.1983
    7.5000   45.0000   30.000011490.1855   14.2144
   -7.5000  -45.0000   37.5000 5023.2139   16.7523
    0.0000  -45.0000   37.5000 5284.1494   16.7553
    7.5000  -45.0000   37.5000 5086.1636   16.7711
   -7.5000  -37.5000   37.5000 5726.4165   16.0117
    0.0000  -37.5000   37.5000 6026.2148   16.0152
    7.5000  -37.5000   37.5000 5809.0537   16.0279
   -7.5000  -30.0000   37.5000 6741.0596   15.5499
    0.0000  -30.0000   37.5000 7098.1680   15.5552
    7.5000  -30.0000   37.5000 6859.0718   15.5606
   -7.5000  -22.5000   37.5000 7861.6572   15.3007
    0.0000  -22.5000   37.5000 8292.2363   15.3094
    7.5000  -22.5000   37.5000 8015.0068   15.3166
   -7.5000  -15.0000   37.5000 9012.9463   15.1241
    0.0000  -15.0000   37.5000 9525.0742   15.1337
    7.5000  -15.0000   37.5000 9199.2344   15.1475
   -7.5000   -7.5000   37.500010180.4521   15.0982
    0.0000   -7.5000   37.500010746.5273   15.1057
    7.5000   -7.5000   37.500010358.6074   15.1250
   -7.5000    0.0000   37.500011263.1719   15.0982
    0.0000    0.0000   37.500011882.4658   15.1029
    7.5000    0.0000   37.500011434.1123   15.1216
   -7.5000    7.5000   37.500011452.7119   15.0892
    0.0000    7.5000   37.500012070.0674   15.0927
    7.5000    7.5000   37.500011597.2764   15.1045
   -7.5000   15.0000   37.500011465.5381   15.0705
    0.0000   15.0000   37.500012082.1709   15.0757
    7.5000   15.0000   37.500011610.2041   15.0815
   -7.5000   22.5000   37.500011375.1504   15.0549
    0.0000   22.5000   37.500011938.1475   15.0633
    7.5000   22.5000   37.500011466.2852   15.0706
   -7.5000   30.0000   37.500011114.8398   14.8771
    0.0000   30.0000   37.500011660.8730   14.8865
    7.5000   30.0000   37.500011204.1133   14.9002
   -7.5000   37.5000   37.500011228.7725   14.8923
    0.0000   37.5000   37.500011774.6357   14.8997
    7.5000   37.5000   37.500011315.3691   14.9188
   -7.5000   45.0000   37.500010893.3047   14.5530
    0.0000   45.0000   37.500011387.3643   14.5575
    7.5000   45.0000   37.500010960.6729   14.5755
   -7.5000  -45.0000   45.0000 4545.4253   17.3027
    0.0000  -45.0000   45.0000 4776.5913   17.3081
    7.5000  -45.0000   45.0000 4586.3706   17.3235
   -7.5000  -37.5000   45.0000 5200.4644   16.5083
    0.0000  -37.5000   45.0000 5465.0049   16.5176
    7.5000  -37.5000   45.0000 5257.8618   16.5304
   -7.5000  -30.0000   45.0000 6121.6924   16.0142
    0.0000  -30.0000   45.0000 6454.1235   16.0251
    7.5000  -30.0000   45.0000 6232.3516   16.0303
   -7.5000  -22.5000   45.0000 7151.7324   15.7511
    0.0000  -22.5000   45.0000 7551.7378   15.7622
    7.5000  -22.5000   45.0000 7295.2100   15.7674
   -7.5000  -15.0000   45.0000 8212.8096   15.5662
    0.0000  -15.0000   45.0000 8666.5596   15.5752
    7.5000  -15.0000   45.0000 8367.9492   15.5862
   -7.5000   -7.5000   45.0000 9285.7744   15.5401
    0.0000   -7.5000   45.0000 9791.0059   15.5475
    7.5000   -7.5000   45.0000 9431.2148   15.5651
   -7.5000    0.0000   45.000010282.5771   15.5399
    0.0000    0.0000   45.000010852.7607   15.5474
    7.5000    0.0000   45.000010434.1748   15.5659
   -7.5000    7.5000   45.000010467.5684   15.5283
    0.0000    7.5000   45.000011047.4248   15.5370
    7.5000    7.5000   45.000010611.8965   15.5491
   -7.5000   15.0000   45.000010491.5371   15.5073
    0.0000   15.0000   45.000011047.5430   15.5176
    7.5000   15.0000   45.000010610.0967   15.5232
   -7.5000   22.5000   45.000010402.2510   15.4915
    0.0000   22.5000   45.000010919.1455   15.5022
    7.5000   22.5000   45.000010493.8379   15.5076
   -7.5000   30.0000   45.000010168.4814   15.3090
    0.0000   30.0000   45.000010665.8145   15.3179
    7.5000   30.0000   45.000010251.6748   15.3288
   -7.5000   37.5000   45.000010270.5146   15.3264
    0.0000   37.5000   45.000010757.0322   15.3337
    7.5000   37.5000   45.000010342.4102   15.3511
   -7.5000   45.0000   45.0000 9962.6172   14.9854
    0.0000   45.0000   45.000010411.6377   14.9927
    7.5000   45.0000   45.000010022.3994   15.0106

---------------------------------------------------------------------
imgreg_4dfp /opt/freesurfer/average/711-2C_as_mni_average_305 /opt/freesurfer/average/711-2B_as_mni_average_305_mask talsrcimg_g11 none talsrcimg_to_711-2C_as_mni_average_305_t4 4355
---------------------------------------------------------------------

freesurfer imgreg_4dfp.c
/opt/freesurfer/average/711-2C_as_mni_average_305.4dfp.img
       256       256       256         1
  1.000000  1.000000  1.000000
orientation T byte_order littleendian
Reading image: /opt/freesurfer/average/711-2C_as_mni_average_305.4dfp.img
dimensions:      256       256       256
mmppix:       1.0000   -1.0000   -1.0000
center:     128.0000 -129.0000 -129.0000
/opt/freesurfer/average/711-2B_as_mni_average_305_mask.4dfp.img
       256       256       256         1
  1.000000  1.000000  1.000000
orientation T byte_order littleendian
Reading mask: /opt/freesurfer/average/711-2B_as_mni_average_305_mask.4dfp.img (2306576 pixels)
talsrcimg_g11.4dfp.img
       256       256       256         1
  1.000000  1.000000  1.000000
orientation T byte_order littleendian
Reading image: talsrcimg_g11.4dfp.img
dimensions:      256       256       256
mmppix:       1.0000   -1.0000   -1.0000
center:     128.0000 -129.0000 -129.0000
rotation matrix determinant  1.000000
image alignment mode   4355 decimal     1103 hex
   -7.5000  -37.5000  -45.0000 1745.2489   21.6249
    0.0000  -37.5000  -45.0000 1757.2151   21.5404
    7.5000  -37.5000  -45.0000 1752.8406   21.7861
   -7.5000  -30.0000  -45.0000 1878.3735   18.7383
    0.0000  -30.0000  -45.0000 1888.8824   18.6552
    7.5000  -30.0000  -45.0000 1880.9639   18.7643
   -7.5000  -22.5000  -45.0000 2007.2275   16.4527
    0.0000  -22.5000  -45.0000 2016.1011   16.3202
    7.5000  -22.5000  -45.0000 2009.8906   16.4154
   -7.5000  -15.0000  -45.0000 2130.2200   14.6587
    0.0000  -15.0000  -45.0000 2142.3970   14.5491
    7.5000  -15.0000  -45.0000 2137.0012   14.6110
   -7.5000   -7.5000  -45.0000 2242.0615   13.2291
    0.0000   -7.5000  -45.0000 2258.5942   13.1450
    7.5000   -7.5000  -45.0000 2254.8120   13.2018
   -7.5000    0.0000  -45.0000 2337.9028   12.1618
    0.0000    0.0000  -45.0000 2357.2314   12.0461
    7.5000    0.0000  -45.0000 2351.9802   12.0968
   -7.5000    7.5000  -45.0000 2408.0435   11.3893
    0.0000    7.5000  -45.0000 2432.9587   11.2698
    7.5000    7.5000  -45.0000 2426.2905   11.3116
   -7.5000   15.0000  -45.0000 2442.7935   10.9009
    0.0000   15.0000  -45.0000 2465.3274   10.7682
    7.5000   15.0000  -45.0000 2461.4431   10.7947
   -7.5000   22.5000  -45.0000 2457.8032   10.6194
    0.0000   22.5000  -45.0000 2479.5095   10.4771
    7.5000   22.5000  -45.0000 2477.5339   10.4976
   -7.5000   30.0000  -45.0000 2454.2720   10.5688
    0.0000   30.0000  -45.0000 2475.5688   10.4107
    7.5000   30.0000  -45.0000 2474.1257   10.4185
   -7.5000   37.5000  -45.0000 2430.3938   10.7225
    0.0000   37.5000  -45.0000 2453.2603   10.5457
    7.5000   37.5000  -45.0000 2450.9875   10.5804
   -7.5000   45.0000  -45.0000 2388.8936   11.1018
    0.0000   45.0000  -45.0000 2414.2932   10.9092
    7.5000   45.0000  -45.0000 2409.5469   10.9380
   -7.5000   52.5000  -45.0000 2308.6187   11.5913
    0.0000   52.5000  -45.0000 2333.2686   11.3872
    7.5000   52.5000  -45.0000 2329.1619   11.4158
   -7.5000  -37.5000  -37.5000 1779.3062   20.6519
    0.0000  -37.5000  -37.5000 1788.9288   20.5847
    7.5000  -37.5000  -37.5000 1785.9840   20.7658
   -7.5000  -30.0000  -37.5000 1918.9541   17.8546
    0.0000  -30.0000  -37.5000 1925.3601   17.7124
    7.5000  -30.0000  -37.5000 1917.4231   17.8137
   -7.5000  -22.5000  -37.5000 2055.6860   15.6311
    0.0000  -22.5000  -37.5000 2063.9431   15.4597
    7.5000  -22.5000  -37.5000 2056.5054   15.5579
   -7.5000  -15.0000  -37.5000 2185.9026   13.8816
    0.0000  -15.0000  -37.5000 2200.7500   13.7397
    7.5000  -15.0000  -37.5000 2194.6292   13.8267
   -7.5000   -7.5000  -37.5000 2303.3372   12.5122
    0.0000   -7.5000  -37.5000 2324.4451   12.4031
    7.5000   -7.5000  -37.5000 2318.6021   12.4773
   -7.5000    0.0000  -37.5000 2404.2949   11.4622
    0.0000    0.0000  -37.5000 2425.6528   11.3462
    7.5000    0.0000  -37.5000 2420.4387   11.4253
   -7.5000    7.5000  -37.5000 2479.9014   10.6845
    0.0000    7.5000  -37.5000 2507.5657   10.5526
    7.5000    7.5000  -37.5000 2499.2412   10.6038
   -7.5000   15.0000  -37.5000 2526.0298   10.1888
    0.0000   15.0000  -37.5000 2555.0166   10.0596
    7.5000   15.0000  -37.5000 2545.3831   10.0911
   -7.5000   22.5000  -37.5000 2554.1365    9.9175
    0.0000   22.5000  -37.5000 2576.9595    9.7729
    7.5000   22.5000  -37.5000 2570.1396    9.7938
   -7.5000   30.0000  -37.5000 2553.0222    9.8563
    0.0000   30.0000  -37.5000 2577.2524    9.7201
    7.5000   30.0000  -37.5000 2568.1362    9.7216
   -7.5000   37.5000  -37.5000 2526.4939    9.9979
    0.0000   37.5000  -37.5000 2554.4182    9.8538
    7.5000   37.5000  -37.5000 2547.7612    9.8848
   -7.5000   45.0000  -37.5000 2480.6243   10.3426
    0.0000   45.0000  -37.5000 2508.6589   10.1731
    7.5000   45.0000  -37.5000 2503.0103   10.1992
   -7.5000   52.5000  -37.5000 2396.0815   10.7830
    0.0000   52.5000  -37.5000 2424.3525   10.5973
    7.5000   52.5000  -37.5000 2418.9873   10.6153
   -7.5000  -37.5000  -30.0000 1841.9589   20.5052
    0.0000  -37.5000  -30.0000 1848.1880   20.4133
    7.5000  -37.5000  -30.0000 1839.3260   20.6022
   -7.5000  -30.0000  -30.0000 1989.5243   17.6667
    0.0000  -30.0000  -30.0000 1993.9553   17.5090
    7.5000  -30.0000  -30.0000 1985.8507   17.6160
   -7.5000  -22.5000  -30.0000 2134.7605   15.4076
    0.0000  -22.5000  -30.0000 2144.2358   15.2374
    7.5000  -22.5000  -30.0000 2137.8726   15.3416
   -7.5000  -15.0000  -30.0000 2274.6143   13.6848
    0.0000  -15.0000  -30.0000 2292.0537   13.5024
    7.5000  -15.0000  -30.0000 2285.0156   13.6060
   -7.5000   -7.5000  -30.0000 2403.8967   12.3065
    0.0000   -7.5000  -30.0000 2424.8799   12.1456
    7.5000   -7.5000  -30.0000 2415.6301   12.2433
   -7.5000    0.0000  -30.0000 2511.8665   11.2115
    0.0000    0.0000  -30.0000 2535.6428   11.0665
    7.5000    0.0000  -30.0000 2527.6189   11.1598
   -7.5000    7.5000  -30.0000 2601.4539   10.4041
    0.0000    7.5000  -30.0000 2626.6145   10.2774
    7.5000    7.5000  -30.0000 2621.5435   10.3280
   -7.5000   15.0000  -30.0000 2656.3672    9.8918
    0.0000   15.0000  -30.0000 2688.2429    9.7261
    7.5000   15.0000  -30.0000 2680.7996    9.7555
   -7.5000   22.5000  -30.0000 2690.1943    9.5915
    0.0000   22.5000  -30.0000 2718.6440    9.4283
    7.5000   22.5000  -30.0000 2708.6516    9.4526
   -7.5000   30.0000  -30.0000 2694.3479    9.4986
    0.0000   30.0000  -30.0000 2725.4241    9.3756
    7.5000   30.0000  -30.0000 2713.5842    9.3701
   -7.5000   37.5000  -30.0000 2675.6033    9.6286
    0.0000   37.5000  -30.0000 2706.6277    9.4893
    7.5000   37.5000  -30.0000 2698.6528    9.5052
   -7.5000   45.0000  -30.0000 2628.1084    9.9502
    0.0000   45.0000  -30.0000 2660.3833    9.7937
    7.5000   45.0000  -30.0000 2653.7461    9.8120
   -7.5000   52.5000  -30.0000 2537.5425   10.3679
    0.0000   52.5000  -30.0000 2571.5625   10.1790
    7.5000   52.5000  -30.0000 2564.9236   10.2078
   -7.5000  -37.5000  -22.5000 1880.5958   20.4134
    0.0000  -37.5000  -22.5000 1886.4446   20.2592
    7.5000  -37.5000  -22.5000 1879.2006   20.3875
   -7.5000  -30.0000  -22.5000 2031.0845   17.4872
    0.0000  -30.0000  -22.5000 2042.1786   17.2638
    7.5000  -30.0000  -22.5000 2034.1132   17.3940
   -7.5000  -22.5000  -22.5000 2180.7258   15.2067
    0.0000  -22.5000  -22.5000 2193.7847   14.9839
    7.5000  -22.5000  -22.5000 2189.4045   15.1531
   -7.5000  -15.0000  -22.5000 2326.5645   13.4634
    0.0000  -15.0000  -22.5000 2346.5432   13.2496
    7.5000  -15.0000  -22.5000 2339.2842   13.3942
   -7.5000   -7.5000  -22.5000 2463.7612   12.0611
    0.0000   -7.5000  -22.5000 2487.4080   11.8669
    7.5000   -7.5000  -22.5000 2475.8796   11.9800
   -7.5000    0.0000  -22.5000 2580.4661   10.9445
    0.0000    0.0000  -22.5000 2606.1875   10.7777
    7.5000    0.0000  -22.5000 2597.1943   10.8757
   -7.5000    7.5000  -22.5000 2678.2292   10.0932
    0.0000    7.5000  -22.5000 2707.1018    9.9440
    7.5000    7.5000  -22.5000 2699.7781   10.0184
   -7.5000   15.0000  -22.5000 2748.3535    9.5356
    0.0000   15.0000  -22.5000 2783.3052    9.3681
    7.5000   15.0000  -22.5000 2774.4001    9.4036
   -7.5000   22.5000  -22.5000 2788.9661    9.2165
    0.0000   22.5000  -22.5000 2825.6780    9.0322
    7.5000   22.5000  -22.5000 2812.3030    9.0682
   -7.5000   30.0000  -22.5000 2800.9668    9.1075
    0.0000   30.0000  -22.5000 2839.5476    8.9377
    7.5000   30.0000  -22.5000 2826.7341    8.9606
   -7.5000   37.5000  -22.5000 2783.9253    9.2277
    0.0000   37.5000  -22.5000 2827.1226    9.0645
    7.5000   37.5000  -22.5000 2817.0879    9.0816
   -7.5000   45.0000  -22.5000 2735.1362    9.5318
    0.0000   45.0000  -22.5000 2778.1265    9.3531
    7.5000   45.0000  -22.5000 2772.6426    9.3798
   -7.5000   52.5000  -22.5000 2640.4146    9.9154
    0.0000   52.5000  -22.5000 2678.2588    9.7294
    7.5000   52.5000  -22.5000 2672.9985    9.7594
   -7.5000  -37.5000  -15.0000 1898.2407   20.3691
    0.0000  -37.5000  -15.0000 1906.4872   20.1298
    7.5000  -37.5000  -15.0000 1898.1208   20.2689
   -7.5000  -30.0000  -15.0000 2046.2511   17.3761
    0.0000  -30.0000  -15.0000 2060.9287   17.1550
    7.5000  -30.0000  -15.0000 2054.3025   17.3078
   -7.5000  -22.5000  -15.0000 2199.9617   15.1109
    0.0000  -22.5000  -15.0000 2218.0127   14.8979
    7.5000  -22.5000  -15.0000 2208.8296   15.0338
   -7.5000  -15.0000  -15.0000 2349.2065   13.3353
    0.0000  -15.0000  -15.0000 2373.1724   13.1158
    7.5000  -15.0000  -15.0000 2361.0640   13.2425
   -7.5000   -7.5000  -15.0000 2480.7913   11.8979
    0.0000   -7.5000  -15.0000 2511.7881   11.6792
    7.5000   -7.5000  -15.0000 2501.8052   11.8016
   -7.5000    0.0000  -15.0000 2601.1838   10.7769
    0.0000    0.0000  -15.0000 2631.8467   10.5560
    7.5000    0.0000  -15.0000 2625.3887   10.6643
   -7.5000    7.5000  -15.0000 2708.5784    9.8900
    0.0000    7.5000  -15.0000 2740.9224    9.6975
    7.5000    7.5000  -15.0000 2731.8628    9.7917
   -7.5000   15.0000  -15.0000 2795.7969    9.2599
    0.0000   15.0000  -15.0000 2833.2375    9.0689
    7.5000   15.0000  -15.0000 2822.1965    9.1457
   -7.5000   22.5000  -15.0000 2847.0115    8.8959
    0.0000   22.5000  -15.0000 2891.1082    8.6745
    7.5000   22.5000  -15.0000 2880.1619    8.7362
   -7.5000   30.0000  -15.0000 2869.8972    8.7391
    0.0000   30.0000  -15.0000 2914.3245    8.5215
    7.5000   30.0000  -15.0000 2903.1201    8.5910
   -7.5000   37.5000  -15.0000 2858.9746    8.8558
    0.0000   37.5000  -15.0000 2908.2034    8.6447
    7.5000   37.5000  -15.0000 2898.7029    8.7057
   -7.5000   45.0000  -15.0000 2807.4121    9.1695
    0.0000   45.0000  -15.0000 2857.8538    8.9585
    7.5000   45.0000  -15.0000 2853.6414    8.9999
   -7.5000   52.5000  -15.0000 2709.1252    9.5373
    0.0000   52.5000  -15.0000 2753.7944    9.3277
    7.5000   52.5000  -15.0000 2746.8416    9.3825
   -7.5000  -37.5000   -7.5000 1898.4863   20.3812
    0.0000  -37.5000   -7.5000 1910.9552   20.1386
    7.5000  -37.5000   -7.5000 1900.6488   20.3041
   -7.5000  -30.0000   -7.5000 2047.8798   17.3896
    0.0000  -30.0000   -7.5000 2066.2761   17.1134
    7.5000  -30.0000   -7.5000 2059.3613   17.2514
   -7.5000  -22.5000   -7.5000 2202.2585   15.1188
    0.0000  -22.5000   -7.5000 2221.6797   14.8479
    7.5000  -22.5000   -7.5000 2214.9402   14.9660
   -7.5000  -15.0000   -7.5000 2349.3254   13.2629
    0.0000  -15.0000   -7.5000 2372.3179   13.0444
    7.5000  -15.0000   -7.5000 2363.6760   13.1631
   -7.5000   -7.5000   -7.5000 2481.2336   11.7927
    0.0000   -7.5000   -7.5000 2509.1738   11.5878
    7.5000   -7.5000   -7.5000 2502.1094   11.6982
   -7.5000    0.0000   -7.5000 2597.3347   10.6320
    0.0000    0.0000   -7.5000 2630.0708   10.4379
    7.5000    0.0000   -7.5000 2624.2915   10.5176
   -7.5000    7.5000   -7.5000 2712.8611    9.7333
    0.0000    7.5000   -7.5000 2742.1797    9.5263
    7.5000    7.5000   -7.5000 2733.3662    9.5896
   -7.5000   15.0000   -7.5000 2808.2324    9.0777
    0.0000   15.0000   -7.5000 2844.9099    8.8891
    7.5000   15.0000   -7.5000 2832.5513    8.9448
   -7.5000   22.5000   -7.5000 2873.9338    8.6618
    0.0000   22.5000   -7.5000 2924.5376    8.4638
    7.5000   22.5000   -7.5000 2915.5205    8.5227
   -7.5000   30.0000   -7.5000 2912.3542    8.4933
    0.0000   30.0000   -7.5000 2969.1533    8.2057
    7.5000   30.0000   -7.5000 2956.6804    8.2981
   -7.5000   37.5000   -7.5000 2908.2075    8.6044
    0.0000   37.5000   -7.5000 2961.2764    8.3593
    7.5000   37.5000   -7.5000 2950.6118    8.4266
   -7.5000   45.0000   -7.5000 2852.3523    8.8879
    0.0000   45.0000   -7.5000 2910.8665    8.6874
    7.5000   45.0000   -7.5000 2900.7019    8.7164
   -7.5000   52.5000   -7.5000 2751.0793    9.2531
    0.0000   52.5000   -7.5000 2802.0310    9.0567
    7.5000   52.5000   -7.5000 2789.2751    9.0710
   -7.5000  -37.5000    0.0000 1882.2047   20.7347
    0.0000  -37.5000    0.0000 1894.6727   20.4233
    7.5000  -37.5000    0.0000 1887.8379   20.5757
   -7.5000  -30.0000    0.0000 2036.3566   17.6702
    0.0000  -30.0000    0.0000 2055.5081   17.3824
    7.5000  -30.0000    0.0000 2050.4814   17.5066
   -7.5000  -22.5000    0.0000 2193.8401   15.2846
    0.0000  -22.5000    0.0000 2215.8833   15.0156
    7.5000  -22.5000    0.0000 2206.3123   15.1176
   -7.5000  -15.0000    0.0000 2334.7102   13.3595
    0.0000  -15.0000    0.0000 2362.0532   13.1227
    7.5000  -15.0000    0.0000 2355.1577   13.2396
   -7.5000   -7.5000    0.0000 2465.3818   11.8450
    0.0000   -7.5000    0.0000 2494.5728   11.5997
    7.5000   -7.5000    0.0000 2485.8298   11.7318
   -7.5000    0.0000    0.0000 2581.7212   10.6572
    0.0000    0.0000    0.0000 2614.3967   10.4066
    7.5000    0.0000    0.0000 2605.5034   10.5057
   -7.5000    7.5000    0.0000 2693.2720    9.7050
    0.0000    7.5000    0.0000 2727.3779    9.4534
    7.5000    7.5000    0.0000 2715.4548    9.5306
   -7.5000   15.0000    0.0000 2791.5186    9.0191
    0.0000   15.0000    0.0000 2833.1067    8.7475
    7.5000   15.0000    0.0000 2818.9075    8.8188
   -7.5000   22.5000    0.0000 2875.5952    8.6084
    0.0000   22.5000    0.0000 2924.6072    8.4076
    7.5000   22.5000    0.0000 2913.5835    8.4435
   -7.5000   30.0000    0.0000 2927.2490    8.4555
    0.0000   30.0000    0.0000 2993.1340    8.2228
    7.5000   30.0000    0.0000 2979.6545    8.2628
   -7.5000   37.5000    0.0000 2934.8975    8.5082
    0.0000   37.5000    0.0000 3004.0110    8.3039
    7.5000   37.5000    0.0000 2987.5444    8.3288
   -7.5000   45.0000    0.0000 2883.0781    8.7689
    0.0000   45.0000    0.0000 2947.8435    8.5708
    7.5000   45.0000    0.0000 2933.8066    8.5875
   -7.5000   52.5000    0.0000 2772.6333    9.1633
    0.0000   52.5000    0.0000 2825.8430    8.9346
    7.5000   52.5000    0.0000 2814.1216    8.9519
   -7.5000  -37.5000    7.5000 1849.7245   21.2832
    0.0000  -37.5000    7.5000 1863.8689   20.9835
    7.5000  -37.5000    7.5000 1858.7610   21.1458
   -7.5000  -30.0000    7.5000 2010.7882   18.1003
    0.0000  -30.0000    7.5000 2036.1909   17.7993
    7.5000  -30.0000    7.5000 2032.0649   17.9187
   -7.5000  -22.5000    7.5000 2171.3755   15.5963
    0.0000  -22.5000    7.5000 2202.4253   15.2861
    7.5000  -22.5000    7.5000 2191.9390   15.3836
   -7.5000  -15.0000    7.5000 2308.3667   13.6223
    0.0000  -15.0000    7.5000 2342.0654   13.3319
    7.5000  -15.0000    7.5000 2336.0264   13.4576
   -7.5000   -7.5000    7.5000 2437.7878   12.0719
    0.0000   -7.5000    7.5000 2469.3083   11.7908
    7.5000   -7.5000    7.5000 2460.6526   11.8833
   -7.5000    0.0000    7.5000 2553.8381   10.8419
    0.0000    0.0000    7.5000 2587.2173   10.5624
    7.5000    0.0000    7.5000 2575.7585   10.6494
   -7.5000    7.5000    7.5000 2664.7346    9.8798
    0.0000    7.5000    7.5000 2700.2373    9.5976
    7.5000    7.5000    7.5000 2686.1477    9.6614
   -7.5000   15.0000    7.5000 2765.5400    9.1700
    0.0000   15.0000    7.5000 2805.2766    8.8727
    7.5000   15.0000    7.5000 2790.4353    8.9352
   -7.5000   22.5000    7.5000 2857.6304    8.7242
    0.0000   22.5000    7.5000 2903.6287    8.4512
    7.5000   22.5000    7.5000 2891.4224    8.5098
   -7.5000   30.0000    7.5000 2920.4343    8.5497
    0.0000   30.0000    7.5000 2984.0068    8.2811
    7.5000   30.0000    7.5000 2967.6929    8.3530
   -7.5000   37.5000    7.5000 2931.3972    8.6038
    0.0000   37.5000    7.5000 2997.1790    8.3416
    7.5000   37.5000    7.5000 2985.8472    8.4068
   -7.5000   45.0000    7.5000 2883.1558    8.8580
    0.0000   45.0000    7.5000 2949.4932    8.6035
    7.5000   45.0000    7.5000 2937.4800    8.6806
   -7.5000   52.5000    7.5000 2776.9099    9.2347
    0.0000   52.5000    7.5000 2827.5989    9.0093
    7.5000   52.5000    7.5000 2818.2158    9.0470
   -7.5000  -37.5000   15.0000 1805.2089   22.1695
    0.0000  -37.5000   15.0000 1818.2263   21.7913
    7.5000  -37.5000   15.0000 1815.5110   21.9499
   -7.5000  -30.0000   15.0000 1971.4657   18.7458
    0.0000  -30.0000   15.0000 1997.3696   18.4035
    7.5000  -30.0000   15.0000 1994.1666   18.5043
   -7.5000  -22.5000   15.0000 2136.1936   16.0957
    0.0000  -22.5000   15.0000 2167.3335   15.7563
    7.5000  -22.5000   15.0000 2160.3967   15.8759
   -7.5000  -15.0000   15.0000 2272.1729   14.0440
    0.0000  -15.0000   15.0000 2305.7612   13.7455
    7.5000  -15.0000   15.0000 2300.0581   13.8248
   -7.5000   -7.5000   15.0000 2401.5500   12.4467
    0.0000   -7.5000   15.0000 2431.7991   12.1333
    7.5000   -7.5000   15.0000 2423.5896   12.2114
   -7.5000    0.0000   15.0000 2518.3992   11.1994
    0.0000    0.0000   15.0000 2550.4028   10.9011
    7.5000    0.0000   15.0000 2537.7471   10.9817
   -7.5000    7.5000   15.0000 2627.8171   10.2201
    0.0000    7.5000   15.0000 2662.1248    9.9261
    7.5000    7.5000   15.0000 2648.9072    9.9881
   -7.5000   15.0000   15.0000 2725.4863    9.4904
    0.0000   15.0000   15.0000 2764.9883    9.1600
    7.5000   15.0000   15.0000 2752.7305    9.2301
   -7.5000   22.5000   15.0000 2819.6326    9.0239
    0.0000   22.5000   15.0000 2865.4387    8.7219
    7.5000   22.5000   15.0000 2853.9836    8.7953
   -7.5000   30.0000   15.0000 2882.4399    8.8015
    0.0000   30.0000   15.0000 2937.3899    8.5048
    7.5000   30.0000   15.0000 2923.7981    8.5872
   -7.5000   37.5000   15.0000 2899.0637    8.8585
    0.0000   37.5000   15.0000 2949.9175    8.5864
    7.5000   37.5000   15.0000 2943.7488    8.6462
   -7.5000   45.0000   15.0000 2852.9570    9.1277
    0.0000   45.0000   15.0000 2907.8538    8.8773
    7.5000   45.0000   15.0000 2901.0718    8.9306
   -7.5000   52.5000   15.0000 2749.1814    9.5113
    0.0000   52.5000   15.0000 2795.6733    9.2773
    7.5000   52.5000   15.0000 2793.0659    9.3140
   -7.5000  -37.5000   22.5000 1757.4524   23.3473
    0.0000  -37.5000   22.5000 1767.6865   22.8564
    7.5000  -37.5000   22.5000 1764.7300   23.0171
   -7.5000  -30.0000   22.5000 1925.8235   19.6292
    0.0000  -30.0000   22.5000 1946.5713   19.2488
    7.5000  -30.0000   22.5000 1944.8992   19.3397
   -7.5000  -22.5000   22.5000 2083.7085   16.8369
    0.0000  -22.5000   22.5000 2112.6001   16.5032
    7.5000  -22.5000   22.5000 2107.2097   16.5938
   -7.5000  -15.0000   22.5000 2225.8279   14.6676
    0.0000  -15.0000   22.5000 2255.4912   14.3399
    7.5000  -15.0000   22.5000 2248.5640   14.4450
   -7.5000   -7.5000   22.5000 2357.8269   12.9778
    0.0000   -7.5000   22.5000 2385.7429   12.7067
    7.5000   -7.5000   22.5000 2375.3035   12.7611
   -7.5000    0.0000   22.5000 2471.3301   11.6826
    0.0000    0.0000   22.5000 2505.6169   11.4025
    7.5000    0.0000   22.5000 2493.4575   11.4648
   -7.5000    7.5000   22.5000 2580.8059   10.6726
    0.0000    7.5000   22.5000 2615.7861   10.3830
    7.5000    7.5000   22.5000 2604.1624   10.4344
   -7.5000   15.0000   22.5000 2681.9658    9.9305
    0.0000   15.0000   22.5000 2718.4702    9.6215
    7.5000   15.0000   22.5000 2708.2393    9.6878
   -7.5000   22.5000   22.5000 2771.3113    9.4687
    0.0000   22.5000   22.5000 2817.8066    9.2059
    7.5000   22.5000   22.5000 2806.0532    9.2590
   -7.5000   30.0000   22.5000 2826.1741    9.2339
    0.0000   30.0000   22.5000 2878.5349    8.9595
    7.5000   30.0000   22.5000 2865.0984    9.0140
   -7.5000   37.5000   22.5000 2840.1484    9.2718
    0.0000   37.5000   22.5000 2886.5662    9.0393
    7.5000   37.5000   22.5000 2878.3394    9.0690
   -7.5000   45.0000   22.5000 2799.7625    9.5427
    0.0000   45.0000   22.5000 2842.9731    9.3157
    7.5000   45.0000   22.5000 2837.0225    9.3513
   -7.5000   52.5000   22.5000 2698.4199    9.9074
    0.0000   52.5000   22.5000 2742.7048    9.6769
    7.5000   52.5000   22.5000 2736.9490    9.6965
   -7.5000  -37.5000   30.0000 1699.5605   24.9911
    0.0000  -37.5000   30.0000 1710.1647   24.4926
    7.5000  -37.5000   30.0000 1707.2526   24.6450
   -7.5000  -30.0000   30.0000 1867.7141   20.8758
    0.0000  -30.0000   30.0000 1885.6577   20.4773
    7.5000  -30.0000   30.0000 1882.9642   20.6531
   -7.5000  -22.5000   30.0000 2025.2450   17.8019
    0.0000  -22.5000   30.0000 2046.0818   17.4636
    7.5000  -22.5000   30.0000 2043.7837   17.6035
   -7.5000  -15.0000   30.0000 2172.1650   15.4804
    0.0000  -15.0000   30.0000 2192.4553   15.1974
    7.5000  -15.0000   30.0000 2188.4985   15.2627
   -7.5000   -7.5000   30.0000 2302.8638   13.7010
    0.0000   -7.5000   30.0000 2325.3484   13.4326
    7.5000   -7.5000   30.0000 2316.9009   13.4853
   -7.5000    0.0000   30.0000 2418.6362   12.3294
    0.0000    0.0000   30.0000 2449.6484   12.0591
    7.5000    0.0000   30.0000 2438.3142   12.1117
   -7.5000    7.5000   30.0000 2526.7803   11.2914
    0.0000    7.5000   30.0000 2564.1484   11.0014
    7.5000    7.5000   30.0000 2552.1865   11.0509
   -7.5000   15.0000   30.0000 2628.4810   10.5473
    0.0000   15.0000   30.0000 2671.0215   10.2716
    7.5000   15.0000   30.0000 2657.6353   10.3033
   -7.5000   22.5000   30.0000 2710.5312   10.0797
    0.0000   22.5000   30.0000 2759.5940    9.8295
    7.5000   22.5000   30.0000 2748.1255    9.8618
   -7.5000   30.0000   30.0000 2754.1399    9.8198
    0.0000   30.0000   30.0000 2801.8674    9.5964
    7.5000   30.0000   30.0000 2790.6777    9.6328
   -7.5000   37.5000   30.0000 2762.4165    9.8495
    0.0000   37.5000   30.0000 2806.0833    9.6403
    7.5000   37.5000   30.0000 2799.6653    9.6677
   -7.5000   45.0000   30.0000 2725.4856   10.1021
    0.0000   45.0000   30.0000 2764.7009    9.8833
    7.5000   45.0000   30.0000 2760.5977    9.9119
   -7.5000   52.5000   30.0000 2631.8330   10.4474
    0.0000   52.5000   30.0000 2673.6946   10.2119
    7.5000   52.5000   30.0000 2668.3162   10.2228
   -7.5000  -37.5000   37.5000 1639.0715   26.9753
    0.0000  -37.5000   37.5000 1653.0957   26.5551
    7.5000  -37.5000   37.5000 1644.8250   26.7665
   -7.5000  -30.0000   37.5000 1803.5865   22.4658
    0.0000  -30.0000   37.5000 1820.8960   22.0732
    7.5000  -30.0000   37.5000 1813.6306   22.2695
   -7.5000  -22.5000   37.5000 1963.0172   19.0664
    0.0000  -22.5000   37.5000 1981.1982   18.7516
    7.5000  -22.5000   37.5000 1977.1696   18.8816
   -7.5000  -15.0000   37.5000 2109.6152   16.5351
    0.0000  -15.0000   37.5000 2131.6687   16.2737
    7.5000  -15.0000   37.5000 2129.0801   16.3552
   -7.5000   -7.5000   37.5000 2243.1121   14.6102
    0.0000   -7.5000   37.5000 2266.3157   14.3498
    7.5000   -7.5000   37.5000 2257.9727   14.4197
   -7.5000    0.0000   37.5000 2361.3027   13.1588
    0.0000    0.0000   37.5000 2390.9358   12.9049
    7.5000    0.0000   37.5000 2379.9885   12.9457
   -7.5000    7.5000   37.5000 2470.6438   12.0972
    0.0000    7.5000   37.5000 2506.0684   11.8122
    7.5000    7.5000   37.5000 2493.8623   11.8574
   -7.5000   15.0000   37.5000 2565.4094   11.3211
    0.0000   15.0000   37.5000 2609.1511   11.0751
    7.5000   15.0000   37.5000 2598.7205   11.1068
   -7.5000   22.5000   37.5000 2636.6301   10.8311
    0.0000   22.5000   37.5000 2684.6343   10.5985
    7.5000   22.5000   37.5000 2673.2314   10.6350
   -7.5000   30.0000   37.5000 2673.8948   10.5629
    0.0000   30.0000   37.5000 2715.5200   10.3742
    7.5000   30.0000   37.5000 2708.4270   10.3951
   -7.5000   37.5000   37.5000 2672.5171   10.5698
    0.0000   37.5000   37.5000 2714.4922   10.3888
    7.5000   37.5000   37.5000 2708.5981   10.4012
   -7.5000   45.0000   37.5000 2635.1902   10.8092
    0.0000   45.0000   37.5000 2672.4084   10.6059
    7.5000   45.0000   37.5000 2669.6775   10.6240
   -7.5000   52.5000   37.5000 2553.0964   11.1212
    0.0000   52.5000   37.5000 2587.9041   10.8993
    7.5000   52.5000   37.5000 2585.7944   10.8971
   -7.5000  -37.5000   45.0000 1576.9207   29.5291
    0.0000  -37.5000   45.0000 1590.9241   29.0849
    7.5000  -37.5000   45.0000 1582.2255   29.3568
   -7.5000  -30.0000   45.0000 1736.8267   24.3820
    0.0000  -30.0000   45.0000 1753.5380   23.9945
    7.5000  -30.0000   45.0000 1744.9360   24.1751
   -7.5000  -22.5000   45.0000 1895.9260   20.6208
    0.0000  -22.5000   45.0000 1915.9235   20.3107
    7.5000  -22.5000   45.0000 1912.5499   20.4169
   -7.5000  -15.0000   45.0000 2044.3090   17.8194
    0.0000  -15.0000   45.0000 2068.7390   17.5619
    7.5000  -15.0000   45.0000 2064.0278   17.6343
   -7.5000   -7.5000   45.0000 2177.1658   15.7513
    0.0000   -7.5000   45.0000 2201.1150   15.4771
    7.5000   -7.5000   45.0000 2191.3818   15.5554
   -7.5000    0.0000   45.0000 2296.7354   14.2154
    0.0000    0.0000   45.0000 2325.5864   13.9685
    7.5000    0.0000   45.0000 2314.8508   14.0034
   -7.5000    7.5000   45.0000 2401.6787   13.0845
    0.0000    7.5000   45.0000 2439.9817   12.8400
    7.5000    7.5000   45.0000 2428.0310   12.8702
   -7.5000   15.0000   45.0000 2494.0239   12.2593
    0.0000   15.0000   45.0000 2532.0513   12.0427
    7.5000   15.0000   45.0000 2523.7747   12.0473
   -7.5000   22.5000   45.0000 2554.1965   11.7389
    0.0000   22.5000   45.0000 2593.6021   11.5235
    7.5000   22.5000   45.0000 2585.9204   11.5517
   -7.5000   30.0000   45.0000 2581.9785   11.4469
    0.0000   30.0000   45.0000 2617.3665   11.2657
    7.5000   30.0000   45.0000 2614.3328   11.2740
   -7.5000   37.5000   45.0000 2578.3257   11.4344
    0.0000   37.5000   45.0000 2615.1882   11.2456
    7.5000   37.5000   45.0000 2611.3303   11.2565
   -7.5000   45.0000   45.0000 2541.9194   11.6478
    0.0000   45.0000   45.0000 2574.6016   11.4477
    7.5000   45.0000   45.0000 2573.7981   11.4573
   -7.5000   52.5000   45.0000 2462.0474   11.9268
    0.0000   52.5000   45.0000 2492.2048   11.7238
    7.5000   52.5000   45.0000 2492.4138   11.7152

---------------------------------------------------------------------
imgreg_4dfp /opt/freesurfer/average/711-2C_as_mni_average_305 /opt/freesurfer/average/711-2B_as_mni_average_305_mask talsrcimg_g11 none talsrcimg_to_711-2C_as_mni_average_305_t4 1283
---------------------------------------------------------------------

freesurfer imgreg_4dfp.c
/opt/freesurfer/average/711-2C_as_mni_average_305.4dfp.img
       256       256       256         1
  1.000000  1.000000  1.000000
orientation T byte_order littleendian
Reading image: /opt/freesurfer/average/711-2C_as_mni_average_305.4dfp.img
dimensions:      256       256       256
mmppix:       1.0000   -1.0000   -1.0000
center:     128.0000 -129.0000 -129.0000
/opt/freesurfer/average/711-2B_as_mni_average_305_mask.4dfp.img
       256       256       256         1
  1.000000  1.000000  1.000000
orientation T byte_order littleendian
Reading mask: /opt/freesurfer/average/711-2B_as_mni_average_305_mask.4dfp.img (2306576 pixels)
talsrcimg_g11.4dfp.img
       256       256       256         1
  1.000000  1.000000  1.000000
orientation T byte_order littleendian
Reading image: talsrcimg_g11.4dfp.img
dimensions:      256       256       256
mmppix:       1.0000   -1.0000   -1.0000
center:     128.0000 -129.0000 -129.0000
rotation matrix determinant  1.000000
fimgreg.f
image alignment mode   1283 decimal      503 hex
parameters
    0.0000   37.5000    0.0000    0.0000    0.0000    0.0000
eta,q 0.94370  8.26947
niter,ni,del,rscale     5    3   12.0000    1.2000
parameter  2  0.721878 ->  0.500000 qaram    1.1500
parameter  3 -0.690917 -> -0.500000 qaram    1.1500
parameter  4  1.181906 ->  0.500000 qaram    1.1500
parameter  6 -0.505820 -> -0.500000 qaram    1.1500
parameters
    2.3527   34.0500    3.4500   -3.4500    1.7945    3.4500
eta,q 0.95069  8.20266
  0.0765  0.0551  0.0603  0.0504  0.0588  0.0559
  0.0707  0.0545  0.0573  0.0507  0.0549  0.0534
  0.0643  0.0553  0.0557  0.0515  0.0524  0.0513
  0.0592  0.0572  0.0548  0.0535  0.0508  0.0501
  0.0574  0.0598  0.0544  0.0561  0.0501  0.0495
  0.0588  0.0634  0.0534  0.0586  0.0505  0.0494
  0.0625  0.0682  0.0538  0.0614  0.0530  0.0501
niter,ni,del,rscale     7    3   12.0000    1.2000
parameter  4  0.969563 ->  0.500000 qaram    1.3225
parameters
    2.3382   35.5846    1.5535   -7.4175    1.3957    2.7384
eta,q 0.95406  8.18972
  0.0630  0.0657  0.0516  0.0472  0.0514  0.0502
  0.0558  0.0576  0.0506  0.0460  0.0482  0.0477
  0.0507  0.0525  0.0499  0.0470  0.0463  0.0463
  0.0493  0.0493  0.0492  0.0497  0.0460  0.0459
  0.0517  0.0497  0.0510  0.0525  0.0472  0.0466
  0.0565  0.0518  0.0538  0.0552  0.0493  0.0491
  0.0623  0.0554  0.0585  0.0580  0.0528  0.0526
niter,ni,del,rscale     7    3   12.0000    1.2000
parameters
    2.1870   36.8092    0.6643   -9.3859    1.5270    2.5322
eta,q 0.95491  8.18275
  0.0594  0.0622  0.0504  0.0496  0.0515  0.0501
  0.0523  0.0550  0.0477  0.0471  0.0479  0.0480
  0.0473  0.0493  0.0463  0.0452  0.0457  0.0459
  0.0459  0.0459  0.0455  0.0457  0.0451  0.0451
  0.0489  0.0461  0.0466  0.0486  0.0458  0.0457
  0.0539  0.0493  0.0496  0.0517  0.0476  0.0479
  0.0599  0.0540  0.0546  0.0554  0.0508  0.0513
niter,ni,del,rscale     6    3   12.0000    1.2000
parameters
    2.1023   37.6897    0.2658  -10.5200    1.5250    2.3788
eta,q 0.95514  8.19026
  0.0585  0.0596  0.0513  0.0500  0.0510  0.0498
  0.0518  0.0534  0.0473  0.0477  0.0475  0.0478
  0.0470  0.0478  0.0454  0.0451  0.0455  0.0457
  0.0451  0.0451  0.0451  0.0451  0.0449  0.0449
  0.0475  0.0460  0.0460  0.0469  0.0455  0.0456
  0.0527  0.0491  0.0483  0.0502  0.0476  0.0476
  0.0589  0.0540  0.0529  0.0537  0.0510  0.0508
niter,ni,del,rscale     5    3   12.0000    1.2000
parameters
    2.0762   38.2575   -0.0141  -11.1117    1.4399    2.3408
eta,q 0.95528  8.19281
  0.0587  0.0578  0.0518  0.0508  0.0508  0.0499
  0.0520  0.0523  0.0473  0.0484  0.0473  0.0478
  0.0470  0.0471  0.0452  0.0453  0.0453  0.0457
  0.0449  0.0449  0.0449  0.0449  0.0447  0.0447
  0.0471  0.0461  0.0461  0.0464  0.0452  0.0454
  0.0524  0.0493  0.0483  0.0494  0.0475  0.0475
  0.0588  0.0545  0.0527  0.0530  0.0512  0.0504
niter,ni,del,rscale     4    3   12.0000    1.2000
parameters
    2.1032   38.5176   -0.1866  -11.4131    1.3688    2.3523
eta,q 0.95530  8.19303
  0.0589  0.0566  0.0521  0.0512  0.0508  0.0499
  0.0523  0.0515  0.0474  0.0489  0.0473  0.0478
  0.0470  0.0466  0.0451  0.0456  0.0453  0.0457
  0.0447  0.0447  0.0448  0.0448  0.0447  0.0447
  0.0469  0.0464  0.0459  0.0462  0.0451  0.0454
  0.0521  0.0498  0.0482  0.0491  0.0475  0.0474
  0.0587  0.0552  0.0525  0.0526  0.0512  0.0503
niter,ni,del,rscale     3    3   12.0000    1.2000
parameters
    2.1273   38.6312   -0.2910  -11.5623    1.3284    2.3765
eta,q 0.95530  8.19275
  0.0590  0.0561  0.0523  0.0514  0.0508  0.0499
  0.0523  0.0511  0.0475  0.0493  0.0473  0.0478
  0.0469  0.0464  0.0451  0.0458  0.0454  0.0457
  0.0447  0.0447  0.0447  0.0447  0.0447  0.0447
  0.0469  0.0465  0.0458  0.0460  0.0451  0.0454
  0.0521  0.0501  0.0481  0.0488  0.0474  0.0474
  0.0588  0.0556  0.0524  0.0524  0.0512  0.0502
niter,ni,del,rscale     2    3   12.0000    1.2000
parameters
    2.1381   38.6805   -0.3457  -11.6339    1.3110    2.3919
eta,q 0.95530  8.19230
  0.0590  0.0558  0.0524  0.0515  0.0508  0.0499
  0.0523  0.0510  0.0475  0.0494  0.0473  0.0478
  0.0469  0.0463  0.0451  0.0459  0.0454  0.0457
  0.0447  0.0447  0.0447  0.0447  0.0447  0.0447
  0.0469  0.0466  0.0457  0.0459  0.0450  0.0454
  0.0521  0.0503  0.0481  0.0487  0.0473  0.0474
  0.0589  0.0557  0.0522  0.0523  0.0511  0.0502
registration optimization eta report
parameter search radius
    6.0000    6.9000    6.9000    7.9350    6.0000    6.9000
100000*second partial in parameter space
       38.       22.       16.       11.       18.       11.
  0.0590  0.0558  0.0524  0.0515  0.0508  0.0499
  0.0523  0.0510  0.0475  0.0494  0.0473  0.0478
  0.0469  0.0463  0.0451  0.0459  0.0454  0.0457
  0.0447  0.0447  0.0447  0.0447  0.0447  0.0447
  0.0469  0.0466  0.0457  0.0459  0.0450  0.0454
  0.0521  0.0503  0.0481  0.0487  0.0473  0.0474
  0.0589  0.0557  0.0522  0.0523  0.0511  0.0502
    2.1381   38.6805   -0.3457  -11.6339    1.3110    2.3919
eta,q 0.95530  8.19230

---------------------------------------------------------------------
imgreg_4dfp /opt/freesurfer/average/711-2C_as_mni_average_305 /opt/freesurfer/average/711-2B_as_mni_average_305_mask talsrcimg_g11 none talsrcimg_to_711-2C_as_mni_average_305_t4 3335
---------------------------------------------------------------------

freesurfer imgreg_4dfp.c
/opt/freesurfer/average/711-2C_as_mni_average_305.4dfp.img
       256       256       256         1
  1.000000  1.000000  1.000000
orientation T byte_order littleendian
Reading image: /opt/freesurfer/average/711-2C_as_mni_average_305.4dfp.img
dimensions:      256       256       256
mmppix:       1.0000   -1.0000   -1.0000
center:     128.0000 -129.0000 -129.0000
/opt/freesurfer/average/711-2B_as_mni_average_305_mask.4dfp.img
       256       256       256         1
  1.000000  1.000000  1.000000
orientation T byte_order littleendian
Reading mask: /opt/freesurfer/average/711-2B_as_mni_average_305_mask.4dfp.img (2306576 pixels)
talsrcimg_g11.4dfp.img
       256       256       256         1
  1.000000  1.000000  1.000000
orientation T byte_order littleendian
Reading image: talsrcimg_g11.4dfp.img
dimensions:      256       256       256
mmppix:       1.0000   -1.0000   -1.0000
center:     128.0000 -129.0000 -129.0000
fimgreg.f
image alignment mode   3335 decimal      D07 hex
parameters
    2.1381   38.6805   -0.3457   -0.1133   -2.1205   -2.0800
   -3.6267   -3.0807    4.1723   20.0546    2.2880  -20.1604
eta,q 0.95635  8.21348
niter,ni,del,rscale     5    3    5.0000    1.2000
parameter  4  0.848976 ->  0.500000 qaram    1.1500
parameter  5  2.667095 ->  0.500000 qaram    1.1500
parameter 12 -0.620180 -> -0.500000 qaram    1.1500
parameters
    1.7424   38.8187    0.1010   -4.2533   -6.2605    0.5127
   -1.5196   -2.1215    6.0878   20.6440    3.4760  -16.0204
eta,q 0.96564  7.97260
  0.0453  0.0449  0.0448  0.0413  0.0338  0.0386  0.0394  0.0401  0.0383  0.0391  0.0363  0.0379
  0.0442  0.0442  0.0442  0.0412  0.0355  0.0376  0.0375  0.0377  0.0368  0.0370  0.0356  0.0366
  0.0436  0.0437  0.0438  0.0419  0.0381  0.0367  0.0361  0.0359  0.0357  0.0356  0.0351  0.0356
  0.0437  0.0436  0.0436  0.0435  0.0413  0.0361  0.0353  0.0351  0.0351  0.0349  0.0349  0.0349
  0.0442  0.0436  0.0435  0.0459  0.0446  0.0354  0.0351  0.0353  0.0349  0.0352  0.0349  0.0345
  0.0453  0.0440  0.0437  0.0490  0.0481  0.0353  0.0355  0.0363  0.0353  0.0363  0.0351  0.0344
  0.0468  0.0446  0.0441  0.0526  0.0521  0.0367  0.0364  0.0381  0.0361  0.0379  0.0356  0.0346
niter,ni,del,rscale     7    3    5.0000    1.2000
parameter  5  0.815135 ->  0.500000 qaram    1.3225
parameters
    1.7176   39.3314    0.1587   -6.0069  -11.0215    0.3973
   -2.0268   -2.8486    7.2720   20.3399    3.6477  -16.7359
eta,q 0.96871  7.78722
  0.0372  0.0377  0.0357  0.0371  0.0320  0.0338  0.0336  0.0339  0.0341  0.0343  0.0320  0.0326
  0.0356  0.0361  0.0349  0.0356  0.0314  0.0330  0.0323  0.0324  0.0329  0.0326  0.0316  0.0317
  0.0347  0.0349  0.0345  0.0345  0.0321  0.0322  0.0316  0.0315  0.0319  0.0316  0.0314  0.0313
  0.0344  0.0344  0.0343  0.0343  0.0343  0.0314  0.0315  0.0314  0.0314  0.0313  0.0313  0.0313
  0.0347  0.0343  0.0344  0.0354  0.0375  0.0312  0.0320  0.0320  0.0314  0.0319  0.0314  0.0317
  0.0357  0.0348  0.0349  0.0382  0.0414  0.0321  0.0329  0.0332  0.0319  0.0330  0.0316  0.0322
  0.0373  0.0357  0.0356  0.0421  0.0452  0.0349  0.0342  0.0352  0.0328  0.0347  0.0319  0.0329
niter,ni,del,rscale     7    3    5.0000    1.2000
parameters
    1.7024   40.1830    0.1029   -5.1953  -13.9358    0.6125
   -2.4380   -2.9255    7.4914   21.8186    2.7465  -18.6419
eta,q 0.96977  7.74607
  0.0339  0.0356  0.0321  0.0355  0.0331  0.0330  0.0327  0.0337  0.0326  0.0341  0.0309  0.0311
  0.0324  0.0337  0.0315  0.0340  0.0318  0.0323  0.0314  0.0319  0.0315  0.0324  0.0306  0.0304
  0.0316  0.0322  0.0311  0.0323  0.0307  0.0315  0.0306  0.0308  0.0308  0.0311  0.0304  0.0302
  0.0313  0.0313  0.0310  0.0310  0.0307  0.0306  0.0305  0.0305  0.0305  0.0305  0.0304  0.0304
  0.0316  0.0310  0.0311  0.0306  0.0329  0.0301  0.0310  0.0309  0.0307  0.0305  0.0305  0.0308
  0.0325  0.0312  0.0316  0.0319  0.0364  0.0310  0.0319  0.0320  0.0313  0.0310  0.0308  0.0313
  0.0339  0.0321  0.0322  0.0349  0.0407  0.0338  0.0331  0.0339  0.0323  0.0320  0.0312  0.0320
niter,ni,del,rscale     6    3    5.0000    1.2000
parameters
    1.6755   40.9227   -0.4373   -4.7445  -15.5548    0.0611
   -2.3953   -2.9288    7.7225   24.1592    2.4129  -19.7819
eta,q 0.97021  7.70792
  0.0329  0.0337  0.0308  0.0346  0.0333  0.0324  0.0326  0.0335  0.0322  0.0339  0.0306  0.0307
  0.0314  0.0321  0.0302  0.0331  0.0319  0.0317  0.0312  0.0316  0.0312  0.0323  0.0301  0.0300
  0.0305  0.0310  0.0299  0.0313  0.0305  0.0309  0.0304  0.0305  0.0305  0.0310  0.0299  0.0298
  0.0302  0.0302  0.0300  0.0299  0.0298  0.0300  0.0302  0.0302  0.0302  0.0302  0.0299  0.0299
  0.0306  0.0300  0.0304  0.0298  0.0308  0.0299  0.0305  0.0306  0.0303  0.0299  0.0300  0.0302
  0.0315  0.0303  0.0310  0.0314  0.0338  0.0315  0.0313  0.0316  0.0310  0.0302  0.0303  0.0306
  0.0330  0.0311  0.0319  0.0346  0.0378  0.0346  0.0324  0.0334  0.0320  0.0311  0.0307  0.0312
niter,ni,del,rscale     5    3    5.0000    1.2000
parameters
    1.6340   41.6754   -1.0979   -4.6991  -16.8878   -0.8099
   -2.1996   -3.0876    7.8897   26.2773    2.3977  -20.8210
eta,q 0.97043  7.65615
  0.0324  0.0331  0.0302  0.0339  0.0330  0.0319  0.0322  0.0329  0.0320  0.0335  0.0305  0.0304
  0.0310  0.0316  0.0296  0.0324  0.0316  0.0312  0.0309  0.0312  0.0309  0.0320  0.0300  0.0298
  0.0301  0.0305  0.0294  0.0307  0.0303  0.0305  0.0301  0.0301  0.0302  0.0307  0.0296  0.0296
  0.0298  0.0298  0.0295  0.0294  0.0294  0.0296  0.0299  0.0299  0.0299  0.0299  0.0296  0.0296
  0.0301  0.0295  0.0300  0.0295  0.0301  0.0298  0.0302  0.0304  0.0301  0.0296  0.0297  0.0298
  0.0311  0.0298  0.0307  0.0314  0.0329  0.0315  0.0308  0.0314  0.0307  0.0300  0.0300  0.0303
  0.0326  0.0306  0.0316  0.0348  0.0368  0.0347  0.0318  0.0331  0.0318  0.0310  0.0304  0.0309
niter,ni,del,rscale     4    3    5.0000    1.2000
parameters
    1.6312   42.2713   -1.6045   -4.6892  -17.8927   -1.5241
   -2.0692   -3.2093    7.9239   27.6041    2.4445  -21.8394
eta,q 0.97043  7.61950
  0.0321  0.0325  0.0302  0.0336  0.0329  0.0319  0.0318  0.0328  0.0317  0.0331  0.0304  0.0304
  0.0307  0.0312  0.0296  0.0322  0.0316  0.0311  0.0306  0.0310  0.0307  0.0316  0.0299  0.0298
  0.0299  0.0302  0.0294  0.0306  0.0303  0.0303  0.0299  0.0300  0.0300  0.0304  0.0297  0.0296
  0.0296  0.0296  0.0294  0.0293  0.0293  0.0296  0.0297  0.0298  0.0297  0.0297  0.0296  0.0296
  0.0299  0.0294  0.0298  0.0294  0.0298  0.0296  0.0300  0.0302  0.0299  0.0296  0.0297  0.0298
  0.0307  0.0298  0.0304  0.0312  0.0322  0.0312  0.0306  0.0312  0.0306  0.0302  0.0300  0.0302
  0.0321  0.0306  0.0312  0.0346  0.0360  0.0342  0.0316  0.0329  0.0317  0.0314  0.0304  0.0308
niter,ni,del,rscale     3    3    5.0000    1.2000
parameters
    1.6317   42.6126   -1.8958   -4.6341  -18.5036   -1.8870
   -1.9693   -3.2785    7.9166   28.3581    2.4846  -22.4917
eta,q 0.97035  7.60285
  0.0320  0.0321  0.0304  0.0335  0.0331  0.0321  0.0317  0.0329  0.0317  0.0328  0.0305  0.0306
  0.0307  0.0309  0.0298  0.0322  0.0318  0.0313  0.0306  0.0311  0.0307  0.0314  0.0300  0.0299
  0.0299  0.0300  0.0295  0.0307  0.0305  0.0304  0.0299  0.0300  0.0300  0.0303  0.0297  0.0296
  0.0296  0.0296  0.0295  0.0295  0.0295  0.0296  0.0297  0.0297  0.0297  0.0297  0.0297  0.0297
  0.0298  0.0296  0.0297  0.0295  0.0296  0.0295  0.0300  0.0302  0.0299  0.0298  0.0298  0.0299
  0.0307  0.0301  0.0302  0.0312  0.0317  0.0309  0.0306  0.0312  0.0306  0.0305  0.0300  0.0302
  0.0321  0.0310  0.0310  0.0344  0.0353  0.0337  0.0315  0.0329  0.0318  0.0319  0.0304  0.0308
niter,ni,del,rscale     2    3    5.0000    1.2000
parameters
    1.6243   42.7999   -2.0538   -4.6030  -18.8476   -2.0636
   -1.9042   -3.3230    7.8914   28.7987    2.5124  -22.8846
eta,q 0.97029  7.59553
  0.0321  0.0318  0.0306  0.0335  0.0332  0.0323  0.0317  0.0330  0.0317  0.0327  0.0306  0.0307
  0.0308  0.0307  0.0300  0.0323  0.0319  0.0314  0.0306  0.0312  0.0307  0.0313  0.0301  0.0300
  0.0299  0.0300  0.0297  0.0308  0.0307  0.0305  0.0299  0.0300  0.0300  0.0302  0.0298  0.0297
  0.0296  0.0296  0.0296  0.0296  0.0296  0.0297  0.0298  0.0298  0.0298  0.0298  0.0297  0.0297
  0.0299  0.0297  0.0298  0.0296  0.0296  0.0295  0.0300  0.0303  0.0300  0.0299  0.0299  0.0299
  0.0307  0.0303  0.0302  0.0313  0.0315  0.0307  0.0306  0.0313  0.0307  0.0307  0.0301  0.0302
  0.0321  0.0313  0.0309  0.0345  0.0350  0.0335  0.0315  0.0329  0.0318  0.0322  0.0305  0.0308
niter,ni,del,rscale     1    3    5.0000    1.2000
parameters
    1.6191   42.9092   -2.1447   -4.5971  -19.0495   -2.1672
   -1.8461   -3.3537    7.8689   29.0617    2.5218  -23.0921
eta,q 0.97023  7.59064
  0.0321  0.0317  0.0307  0.0336  0.0333  0.0323  0.0317  0.0331  0.0318  0.0326  0.0306  0.0308
  0.0308  0.0307  0.0301  0.0324  0.0320  0.0315  0.0306  0.0312  0.0307  0.0312  0.0301  0.0301
  0.0300  0.0300  0.0298  0.0309  0.0308  0.0306  0.0299  0.0301  0.0300  0.0302  0.0298  0.0298
  0.0297  0.0297  0.0297  0.0297  0.0297  0.0298  0.0298  0.0298  0.0298  0.0298  0.0298  0.0298
  0.0300  0.0298  0.0299  0.0297  0.0296  0.0296  0.0300  0.0303  0.0300  0.0300  0.0299  0.0300
  0.0308  0.0304  0.0302  0.0314  0.0313  0.0307  0.0306  0.0313  0.0307  0.0308  0.0301  0.0303
  0.0322  0.0315  0.0309  0.0346  0.0348  0.0335  0.0315  0.0330  0.0318  0.0324  0.0305  0.0308
registration optimization eta report
parameter search radius
    2.4000    2.4000    2.4000    8.2800    9.5220    7.2000
    7.2000    7.2000    7.2000    7.2000    7.2000    8.2800
100000*second partial in parameter space
       42.       33.       19.        6.        5.        6.
        4.        6.        4.        5.        2.        1.
  0.0321  0.0317  0.0307  0.0336  0.0333  0.0323  0.0317  0.0331  0.0318  0.0326  0.0306  0.0308
  0.0308  0.0307  0.0301  0.0324  0.0320  0.0315  0.0306  0.0312  0.0307  0.0312  0.0301  0.0301
  0.0300  0.0300  0.0298  0.0309  0.0308  0.0306  0.0299  0.0301  0.0300  0.0302  0.0298  0.0298
  0.0297  0.0297  0.0297  0.0297  0.0297  0.0298  0.0298  0.0298  0.0298  0.0298  0.0298  0.0298
  0.0300  0.0298  0.0299  0.0297  0.0296  0.0296  0.0300  0.0303  0.0300  0.0300  0.0299  0.0300
  0.0308  0.0304  0.0302  0.0314  0.0313  0.0307  0.0306  0.0313  0.0307  0.0308  0.0301  0.0303
  0.0322  0.0315  0.0309  0.0346  0.0348  0.0335  0.0315  0.0330  0.0318  0.0324  0.0305  0.0308
    1.6191   42.9092   -2.1447   -4.5971  -19.0495   -2.1672
   -1.8461   -3.3537    7.8689   29.0617    2.5218  -23.0921
eta,q 0.97023  7.59064

---------------------------------------------------------------------
imgreg_4dfp /opt/freesurfer/average/711-2C_as_mni_average_305 /opt/freesurfer/average/711-2B_as_mni_average_305_mask talsrcimg_g11 none talsrcimg_to_711-2C_as_mni_average_305_t4 2311
---------------------------------------------------------------------

freesurfer imgreg_4dfp.c
/opt/freesurfer/average/711-2C_as_mni_average_305.4dfp.img
       256       256       256         1
  1.000000  1.000000  1.000000
orientation T byte_order littleendian
Reading image: /opt/freesurfer/average/711-2C_as_mni_average_305.4dfp.img
dimensions:      256       256       256
mmppix:       1.0000   -1.0000   -1.0000
center:     128.0000 -129.0000 -129.0000
/opt/freesurfer/average/711-2B_as_mni_average_305_mask.4dfp.img
       256       256       256         1
  1.000000  1.000000  1.000000
orientation T byte_order littleendian
Reading mask: /opt/freesurfer/average/711-2B_as_mni_average_305_mask.4dfp.img (2306576 pixels)
talsrcimg_g11.4dfp.img
       256       256       256         1
  1.000000  1.000000  1.000000
orientation T byte_order littleendian
Reading image: talsrcimg_g11.4dfp.img
dimensions:      256       256       256
mmppix:       1.0000   -1.0000   -1.0000
center:     128.0000 -129.0000 -129.0000
fimgreg.f
image alignment mode   2311 decimal      907 hex
parameters
    1.6191   42.9092   -2.1447   -4.5971  -19.0495   -2.1672
   -1.8461   -3.3537    7.8689   29.0617    2.5218  -23.0921
eta,q 0.97023  7.59063
niter,ni,del,rscale     5    3    5.0000    0.8000
parameters
    1.6313   43.0047   -2.2177   -3.5681  -17.8233   -1.6581
   -2.6492   -3.0609    7.5666   28.5108    2.9477  -23.8079
eta,q 0.97084  7.68371
  0.0309  0.0307  0.0302  0.0320  0.0313  0.0312  0.0301  0.0315  0.0303  0.0305  0.0298  0.0296
  0.0303  0.0302  0.0299  0.0312  0.0307  0.0305  0.0295  0.0303  0.0297  0.0297  0.0295  0.0293
  0.0299  0.0299  0.0298  0.0304  0.0301  0.0299  0.0292  0.0295  0.0293  0.0293  0.0293  0.0292
  0.0298  0.0298  0.0298  0.0298  0.0296  0.0294  0.0293  0.0292  0.0292  0.0292  0.0292  0.0292
  0.0299  0.0298  0.0298  0.0296  0.0294  0.0292  0.0296  0.0294  0.0294  0.0295  0.0292  0.0293
  0.0302  0.0301  0.0300  0.0299  0.0296  0.0297  0.0301  0.0300  0.0299  0.0302  0.0294  0.0296
  0.0309  0.0305  0.0303  0.0309  0.0303  0.0309  0.0308  0.0310  0.0306  0.0312  0.0296  0.0299
niter,ni,del,rscale     4    3    5.0000    0.7000
parameters
    1.5638   42.8031   -2.2091   -3.5319  -17.5329   -1.2169
   -2.5319   -3.1657    7.4559   28.3758    3.1256  -23.8575
eta,q 0.97097  7.70278
  0.0301  0.0297  0.0296  0.0309  0.0306  0.0307  0.0301  0.0306  0.0299  0.0303  0.0295  0.0296
  0.0296  0.0294  0.0294  0.0301  0.0300  0.0301  0.0295  0.0297  0.0294  0.0296  0.0293  0.0292
  0.0292  0.0292  0.0292  0.0295  0.0295  0.0296  0.0292  0.0292  0.0291  0.0292  0.0291  0.0291
  0.0292  0.0292  0.0291  0.0291  0.0291  0.0291  0.0290  0.0290  0.0290  0.0290  0.0290  0.0290
  0.0293  0.0293  0.0292  0.0292  0.0291  0.0290  0.0291  0.0293  0.0292  0.0292  0.0291  0.0291
  0.0297  0.0297  0.0294  0.0299  0.0296  0.0294  0.0295  0.0299  0.0295  0.0297  0.0292  0.0293
  0.0303  0.0302  0.0296  0.0310  0.0304  0.0304  0.0300  0.0308  0.0300  0.0305  0.0295  0.0295
niter,ni,del,rscale     3    3    5.0000    0.6000
parameters
    1.5308   42.7168   -2.0569   -3.5633  -17.4154   -0.9204
   -2.4576   -3.2459    7.4283   28.1947    3.2682  -23.8352
eta,q 0.97103  7.71119
  0.0298  0.0296  0.0295  0.0303  0.0301  0.0303  0.0298  0.0302  0.0297  0.0299  0.0293  0.0294
  0.0294  0.0293  0.0293  0.0297  0.0296  0.0298  0.0293  0.0295  0.0293  0.0294  0.0292  0.0291
  0.0291  0.0291  0.0291  0.0292  0.0292  0.0293  0.0291  0.0291  0.0290  0.0291  0.0290  0.0290
  0.0290  0.0290  0.0290  0.0290  0.0290  0.0290  0.0290  0.0290  0.0290  0.0290  0.0290  0.0290
  0.0291  0.0291  0.0290  0.0291  0.0291  0.0290  0.0291  0.0291  0.0291  0.0291  0.0290  0.0290
  0.0294  0.0294  0.0291  0.0296  0.0294  0.0294  0.0293  0.0296  0.0293  0.0295  0.0291  0.0292
  0.0299  0.0298  0.0293  0.0305  0.0301  0.0301  0.0297  0.0303  0.0297  0.0301  0.0293  0.0294
niter,ni,del,rscale     2    3    5.0000    0.5000
parameters
    1.5120   42.6541   -1.9547   -3.5538  -17.3191   -0.6872
   -2.4442   -3.2939    7.4104   28.0307    3.3495  -23.7778
eta,q 0.97106  7.71832
  0.0295  0.0294  0.0293  0.0299  0.0298  0.0300  0.0295  0.0298  0.0294  0.0296  0.0292  0.0292
  0.0292  0.0291  0.0291  0.0294  0.0294  0.0296  0.0292  0.0293  0.0292  0.0292  0.0291  0.0291
  0.0290  0.0290  0.0290  0.0291  0.0291  0.0292  0.0290  0.0290  0.0290  0.0290  0.0290  0.0290
  0.0290  0.0290  0.0290  0.0290  0.0290  0.0290  0.0289  0.0289  0.0289  0.0289  0.0289  0.0289
  0.0290  0.0290  0.0290  0.0290  0.0290  0.0290  0.0290  0.0291  0.0290  0.0290  0.0290  0.0290
  0.0292  0.0292  0.0291  0.0294  0.0293  0.0293  0.0292  0.0294  0.0292  0.0293  0.0290  0.0291
  0.0296  0.0295  0.0292  0.0300  0.0297  0.0298  0.0295  0.0299  0.0295  0.0297  0.0292  0.0292
niter,ni,del,rscale     1    3    5.0000    0.4000
parameters
    1.5037   42.6022   -1.8716   -3.5349  -17.2425   -0.5117
   -2.4441   -3.3058    7.4071   27.8873    3.4022  -23.7231
eta,q 0.97108  7.72400
  0.0293  0.0292  0.0292  0.0296  0.0295  0.0297  0.0293  0.0295  0.0292  0.0293  0.0291  0.0291
  0.0291  0.0290  0.0290  0.0292  0.0292  0.0293  0.0291  0.0292  0.0291  0.0291  0.0290  0.0290
  0.0290  0.0290  0.0290  0.0290  0.0290  0.0291  0.0290  0.0290  0.0290  0.0290  0.0289  0.0289
  0.0289  0.0289  0.0289  0.0289  0.0289  0.0289  0.0289  0.0289  0.0289  0.0289  0.0289  0.0289
  0.0290  0.0290  0.0289  0.0290  0.0290  0.0289  0.0290  0.0290  0.0290  0.0290  0.0289  0.0289
  0.0291  0.0291  0.0290  0.0292  0.0291  0.0291  0.0291  0.0292  0.0291  0.0292  0.0290  0.0290
  0.0293  0.0293  0.0291  0.0296  0.0294  0.0295  0.0293  0.0295  0.0292  0.0294  0.0291  0.0291
registration optimization eta report
parameter search radius
    0.8000    0.8000    0.8000    2.4000    2.4000    2.4000
    2.4000    2.4000    2.4000    2.4000    2.4000    2.4000
100000*second partial in parameter space
       57.       45.       30.       11.        9.       11.
        6.       11.        6.        8.        3.        3.
  0.0293  0.0292  0.0292  0.0296  0.0295  0.0297  0.0293  0.0295  0.0292  0.0293  0.0291  0.0291
  0.0291  0.0290  0.0290  0.0292  0.0292  0.0293  0.0291  0.0292  0.0291  0.0291  0.0290  0.0290
  0.0290  0.0290  0.0290  0.0290  0.0290  0.0291  0.0290  0.0290  0.0290  0.0290  0.0289  0.0289
  0.0289  0.0289  0.0289  0.0289  0.0289  0.0289  0.0289  0.0289  0.0289  0.0289  0.0289  0.0289
  0.0290  0.0290  0.0289  0.0290  0.0290  0.0289  0.0290  0.0290  0.0290  0.0290  0.0289  0.0289
  0.0291  0.0291  0.0290  0.0292  0.0291  0.0291  0.0291  0.0292  0.0291  0.0292  0.0290  0.0290
  0.0293  0.0293  0.0291  0.0296  0.0294  0.0295  0.0293  0.0295  0.0292  0.0294  0.0291  0.0291
    1.5037   42.6022   -1.8716   -3.5349  -17.2425   -0.5117
   -2.4441   -3.3058    7.4071   27.8873    3.4022  -23.7231
eta,q 0.97108  7.72400

---------------------------------------------------------------------
imgreg_4dfp /opt/freesurfer/average/711-2C_as_mni_average_305 /opt/freesurfer/average/711-2B_as_mni_average_305_mask talsrcimg_g11 none talsrcimg_to_711-2C_as_mni_average_305_t4 2311
---------------------------------------------------------------------

freesurfer imgreg_4dfp.c
/opt/freesurfer/average/711-2C_as_mni_average_305.4dfp.img
       256       256       256         1
  1.000000  1.000000  1.000000
orientation T byte_order littleendian
Reading image: /opt/freesurfer/average/711-2C_as_mni_average_305.4dfp.img
dimensions:      256       256       256
mmppix:       1.0000   -1.0000   -1.0000
center:     128.0000 -129.0000 -129.0000
/opt/freesurfer/average/711-2B_as_mni_average_305_mask.4dfp.img
       256       256       256         1
  1.000000  1.000000  1.000000
orientation T byte_order littleendian
Reading mask: /opt/freesurfer/average/711-2B_as_mni_average_305_mask.4dfp.img (2306576 pixels)
talsrcimg_g11.4dfp.img
       256       256       256         1
  1.000000  1.000000  1.000000
orientation T byte_order littleendian
Reading image: talsrcimg_g11.4dfp.img
dimensions:      256       256       256
mmppix:       1.0000   -1.0000   -1.0000
center:     128.0000 -129.0000 -129.0000
fimgreg.f
image alignment mode   2311 decimal      907 hex
parameters
    1.5037   42.6022   -1.8716   -3.5349  -17.2425   -0.5117
   -2.4441   -3.3058    7.4071   27.8873    3.4022  -23.7231
eta,q 0.97108  7.72399
niter,ni,del,rscale     5    3    5.0000    0.8000
parameters
    1.4901   42.5425   -1.8100   -3.8620  -17.4565   -0.8863
   -2.2372   -3.4011    7.4211   27.9543    3.3329  -23.5565
eta,q 0.97100  7.69960
  0.0303  0.0300  0.0297  0.0309  0.0305  0.0307  0.0304  0.0310  0.0302  0.0307  0.0295  0.0297
  0.0296  0.0294  0.0293  0.0299  0.0298  0.0301  0.0296  0.0299  0.0296  0.0298  0.0292  0.0293
  0.0291  0.0290  0.0290  0.0292  0.0292  0.0294  0.0292  0.0292  0.0291  0.0292  0.0291  0.0291
  0.0289  0.0289  0.0289  0.0289  0.0289  0.0289  0.0290  0.0290  0.0290  0.0290  0.0290  0.0290
  0.0291  0.0291  0.0290  0.0292  0.0291  0.0292  0.0291  0.0293  0.0291  0.0292  0.0291  0.0291
  0.0296  0.0295  0.0292  0.0302  0.0298  0.0301  0.0295  0.0300  0.0295  0.0297  0.0293  0.0293
  0.0304  0.0302  0.0296  0.0318  0.0311  0.0319  0.0301  0.0311  0.0302  0.0307  0.0296  0.0296
niter,ni,del,rscale     4    3    5.0000    0.7000
parameters
    1.4935   42.6348   -1.9303   -3.7104  -17.4068   -0.9038
   -2.3158   -3.3560    7.4104   27.9955    3.3612  -23.6232
eta,q 0.97102  7.70521
  0.0301  0.0299  0.0294  0.0308  0.0304  0.0305  0.0300  0.0307  0.0299  0.0303  0.0294  0.0295
  0.0295  0.0295  0.0292  0.0300  0.0298  0.0299  0.0294  0.0298  0.0294  0.0296  0.0292  0.0292
  0.0291  0.0291  0.0290  0.0293  0.0293  0.0294  0.0291  0.0292  0.0291  0.0291  0.0290  0.0290
  0.0290  0.0290  0.0290  0.0290  0.0290  0.0290  0.0290  0.0290  0.0290  0.0290  0.0290  0.0290
  0.0291  0.0291  0.0291  0.0291  0.0291  0.0290  0.0291  0.0292  0.0291  0.0291  0.0290  0.0291
  0.0295  0.0293  0.0293  0.0296  0.0296  0.0296  0.0295  0.0297  0.0294  0.0296  0.0292  0.0292
  0.0301  0.0297  0.0296  0.0307  0.0305  0.0309  0.0300  0.0306  0.0299  0.0303  0.0294  0.0295
niter,ni,del,rscale     3    3    5.0000    0.6000
parameters
    1.4948   42.6328   -1.9397   -3.6234  -17.3289   -0.7742
   -2.3752   -3.3475    7.4088   27.9634    3.3971  -23.6630
eta,q 0.97105  7.71292
  0.0298  0.0296  0.0294  0.0303  0.0301  0.0303  0.0297  0.0302  0.0297  0.0299  0.0293  0.0293
  0.0293  0.0293  0.0291  0.0297  0.0296  0.0298  0.0293  0.0295  0.0293  0.0294  0.0291  0.0291
  0.0291  0.0290  0.0290  0.0292  0.0292  0.0293  0.0290  0.0291  0.0290  0.0291  0.0290  0.0290
  0.0290  0.0290  0.0290  0.0290  0.0290  0.0290  0.0290  0.0289  0.0289  0.0290  0.0289  0.0289
  0.0291  0.0290  0.0290  0.0291  0.0290  0.0290  0.0291  0.0291  0.0290  0.0291  0.0290  0.0290
  0.0293  0.0293  0.0292  0.0295  0.0294  0.0294  0.0293  0.0295  0.0293  0.0294  0.0291  0.0291
  0.0298  0.0296  0.0294  0.0303  0.0301  0.0303  0.0297  0.0302  0.0297  0.0300  0.0293  0.0293
niter,ni,del,rscale     2    3    5.0000    0.5000
parameters
    1.4938   42.6066   -1.8951   -3.5751  -17.2660   -0.6125
   -2.4131   -3.3419    7.4192   27.8788    3.4293  -23.6594
eta,q 0.97107  7.71939
  0.0295  0.0294  0.0293  0.0299  0.0297  0.0300  0.0295  0.0299  0.0294  0.0296  0.0292  0.0292
  0.0292  0.0291  0.0291  0.0294  0.0294  0.0295  0.0292  0.0294  0.0292  0.0292  0.0290  0.0290
  0.0290  0.0290  0.0290  0.0291  0.0291  0.0292  0.0290  0.0290  0.0290  0.0290  0.0290  0.0290
  0.0289  0.0289  0.0289  0.0289  0.0289  0.0289  0.0289  0.0289  0.0289  0.0289  0.0289  0.0289
  0.0290  0.0290  0.0290  0.0290  0.0290  0.0290  0.0290  0.0290  0.0290  0.0290  0.0289  0.0290
  0.0292  0.0292  0.0291  0.0293  0.0293  0.0293  0.0292  0.0293  0.0292  0.0293  0.0290  0.0291
  0.0295  0.0294  0.0292  0.0299  0.0297  0.0299  0.0295  0.0299  0.0294  0.0297  0.0292  0.0292
niter,ni,del,rscale     1    3    5.0000    0.4000
parameters
    1.4934   42.5749   -1.8354   -3.5467  -17.2039   -0.4626
   -2.4438   -3.3396    7.4185   27.7886    3.4523  -23.6591
eta,q 0.97108  7.72508
  0.0293  0.0292  0.0291  0.0296  0.0295  0.0296  0.0293  0.0295  0.0292  0.0293  0.0291  0.0291
  0.0291  0.0290  0.0290  0.0292  0.0292  0.0293  0.0291  0.0292  0.0291  0.0291  0.0290  0.0290
  0.0290  0.0290  0.0290  0.0290  0.0290  0.0291  0.0289  0.0290  0.0289  0.0290  0.0289  0.0289
  0.0289  0.0289  0.0289  0.0289  0.0289  0.0289  0.0289  0.0289  0.0289  0.0289  0.0289  0.0289
  0.0290  0.0290  0.0289  0.0290  0.0290  0.0290  0.0290  0.0290  0.0290  0.0290  0.0289  0.0289
  0.0291  0.0291  0.0290  0.0292  0.0291  0.0291  0.0291  0.0292  0.0291  0.0291  0.0290  0.0290
  0.0293  0.0292  0.0291  0.0296  0.0294  0.0295  0.0293  0.0295  0.0292  0.0294  0.0291  0.0291
registration optimization eta report
parameter search radius
    0.8000    0.8000    0.8000    2.4000    2.4000    2.4000
    2.4000    2.4000    2.4000    2.4000    2.4000    2.4000
100000*second partial in parameter space
       58.       45.       30.       11.        9.       11.
        6.       11.        6.        8.        3.        3.
  0.0293  0.0292  0.0291  0.0296  0.0295  0.0296  0.0293  0.0295  0.0292  0.0293  0.0291  0.0291
  0.0291  0.0290  0.0290  0.0292  0.0292  0.0293  0.0291  0.0292  0.0291  0.0291  0.0290  0.0290
  0.0290  0.0290  0.0290  0.0290  0.0290  0.0291  0.0289  0.0290  0.0289  0.0290  0.0289  0.0289
  0.0289  0.0289  0.0289  0.0289  0.0289  0.0289  0.0289  0.0289  0.0289  0.0289  0.0289  0.0289
  0.0290  0.0290  0.0289  0.0290  0.0290  0.0290  0.0290  0.0290  0.0290  0.0290  0.0289  0.0289
  0.0291  0.0291  0.0290  0.0292  0.0291  0.0291  0.0291  0.0292  0.0291  0.0291  0.0290  0.0290
  0.0293  0.0292  0.0291  0.0296  0.0294  0.0295  0.0293  0.0295  0.0292  0.0294  0.0291  0.0291
    1.4934   42.5749   -1.8354   -3.5467  -17.2039   -0.4626
   -2.4438   -3.3396    7.4185   27.7886    3.4523  -23.6591
eta,q 0.97108  7.72508

---------------------------------------------------------------------
compute_vox2vox talsrcimg talsrcimg_to_711-2C_as_mni_average_305_t4 /opt/freesurfer/average/711-2C_as_mni_average_305
---------------------------------------------------------------------

freesurfer compute_vox2vox.c
Reading: talsrcimg.4dfp.ifh
Reading: talsrcimg_to_711-2C_as_mni_average_305_t4
Reading: /opt/freesurfer/average/711-2C_as_mni_average_305.4dfp.ifh
Writing: talsrcimg_to_711-2C_as_mni_average_305_t4_vox2vox.txt

start time Wed Mar 11 20:50:50 CET 2026
end		time Wed Mar 11 20:52:20 CET 2026

mpr2mni305 success

avi2talxfm orig_nu.mgz /opt/freesurfer/average/mni305.cor.mgz talsrcimg_to_711-2C_as_mni_average_305_t4_vox2vox.txt transforms/talairach.auto.xfm
avi2talxfm done
mv -f /out/sourcedata/freesurfer/sub-v1s2x0051484_ses-1/mri/talsrcimg_to_711-2C_as_mni_average_305_t4_vox2vox.txt /out/sourcedata/freesurfer/sub-v1s2x0051484_ses-1/mri/transforms/talsrcimg_to_711-2C_as_mni_average_305_t4_vox2vox.txt
lta_convert --src orig_nu.mgz --trg /opt/freesurfer/average/mni305.cor.mgz --inxfm transforms/talairach.auto.xfm --outlta transforms/talairach.auto.xfm.lta --subject fsaverage
7.3.2

--src: orig_nu.mgz src image (geometry).
--trg: /opt/freesurfer/average/mni305.cor.mgz trg image (geometry).
--inmni: transforms/talairach.auto.xfm input MNI/XFM transform.
--outlta: transforms/talairach.auto.xfm.lta output LTA.
--s: fsaverage subject name
 LTA read, type : 1
 1.03303   0.02421   0.03741  -5.08492;
-0.05356   0.92917   0.26393  -58.19254;
-0.07458  -0.31402   1.11585   14.51437;
 0.00000   0.00000   0.00000   1.00000;
setting subject to fsaverage
Writing  LTA to file transforms/talairach.auto.xfm.lta...
lta_convert successful.
 
 
Started at Wed Mar 11 20:50:49 CET 2026
Ended   at Wed Mar 11 20:52:21 CET 2026
talairach_avi done
