/out/sourcedata/freesurfer/sub-v1s2x0051463_ses-1/mri
/opt/freesurfer/bin/talairach_avi
--i orig_nu.mgz --xfm transforms/talairach.auto.xfm
talairach_avi 7.3.2
Linux dna044 5.14.0-427.37.1.el9_4.x86_64 #1 SMP PREEMPT_DYNAMIC Fri Sep 13 12:41:50 EDT 2024 x86_64 x86_64 x86_64 GNU/Linux
Mon Mar  9 21:30:18 CET 2026
mri_convert orig_nu.mgz talsrcimg.img 
reading from orig_nu.mgz...
TR=0.00, TE=0.00, TI=0.00, flip angle=0.00
i_ras = (-1, 0, 0)
j_ras = (0, 0, -1)
k_ras = (0, 1, 0)
writing to talsrcimg.img...
Analyze Output Matrix
-1.00000   0.00000   0.00000   128.82204;
 0.00000   0.00000   1.00000  -60.88136;
 0.00000  -1.00000   0.00000   135.42372;
 0.00000   0.00000   0.00000   1.00000;
--------------------
INFO: set hdr.hist.orient to -1
mpr2mni305 talsrcimg
Mon Mar  9 21:30:18 CET 2026
/opt/freesurfer/bin/mpr2mni305 talsrcimg
mpr2mni305 7.3.2
target=711-2C_as_mni_average_305

---------------------------------------------------------------------
analyzeto4dfp talsrcimg -O0 -y
---------------------------------------------------------------------

freesurfer ifh2hdr.c
Mon Mar  9 21:30:18 2026
Writing: talsrcimg.4dfp.hdr
freesurfer analyzeto4dfp.c
Reading: talsrcimg.hdr
header size 348 bytes
hdr.dime.datatype	offset=70	value=2
hdr.dime.bitpix		offset=72	value=8
hdr.hist.orient		offset=252	value=-1
dimensionality     4
dimensions       256       256       256         1
Reading: talsrcimg.img
Writing: talsrcimg.4dfp.img
Writing: talsrcimg.4dfp.ifh
ifh2hdr talsrcimg -r0to255
ori=2

---------------------------------------------------------------------
gauss_4dfp talsrcimg 1.1
---------------------------------------------------------------------

freesurfer gauss_4dfp.c
Reading: talsrcimg.4dfp.img
Writing: talsrcimg_g11.4dfp.img
image dimensions 256 256 256 padded to 288 288 288
processing volume 1freesurfer ifh2hdr.c
Mon Mar  9 21:30:20 2026
Writing: talsrcimg_g11.4dfp.hdr

Writing: talsrcimg_g11.4dfp.ifh
including: talsrcimg.4dfp.img.rec in talsrcimg_g11.4dfp.img.rec

---------------------------------------------------------------------
imgreg_4dfp /opt/freesurfer/average/711-2C_as_mni_average_305 none talsrcimg_g11 none talsrcimg_to_711-2C_as_mni_average_305_t4 4355
---------------------------------------------------------------------

freesurfer imgreg_4dfp.c
/opt/freesurfer/average/711-2C_as_mni_average_305.4dfp.img
       256       256       256         1
  1.000000  1.000000  1.000000
orientation T byte_order littleendian
Reading image: /opt/freesurfer/average/711-2C_as_mni_average_305.4dfp.img
dimensions:      256       256       256
mmppix:       1.0000   -1.0000   -1.0000
center:     128.0000 -129.0000 -129.0000
talsrcimg_g11.4dfp.img
       256       256       256         1
  1.000000  1.000000  1.000000
orientation T byte_order littleendian
Reading image: talsrcimg_g11.4dfp.img
dimensions:      256       256       256
mmppix:       1.0000   -1.0000   -1.0000
center:     128.0000 -129.0000 -129.0000
t4_read: open error in t4_sub.f l:  41 t4_file(1:l)talsrcimg_to_711-2C_as_mni_average_305_t4 
t4_read: transform initialized to I4
rotation matrix determinant  1.000000
image alignment mode   4355 decimal     1103 hex
   -7.5000  -45.0000  -45.0000 5850.1719   13.5682
    0.0000  -45.0000  -45.0000 6082.4082   13.5642
    7.5000  -45.0000  -45.0000 5817.2788   13.5630
   -7.5000  -37.5000  -45.0000 6527.0957   13.0422
    0.0000  -37.5000  -45.0000 6785.5049   13.0404
    7.5000  -37.5000  -45.0000 6486.4019   13.0381
   -7.5000  -30.0000  -45.0000 7521.2734   12.6960
    0.0000  -30.0000  -45.0000 7819.7935   12.6981
    7.5000  -30.0000  -45.0000 7466.4771   12.7014
   -7.5000  -22.5000  -45.0000 8597.9795   12.5124
    0.0000  -22.5000  -45.0000 8955.2402   12.5164
    7.5000  -22.5000  -45.0000 8530.1953   12.5242
   -7.5000  -15.0000  -45.0000 9707.3262   12.3861
    0.0000  -15.0000  -45.000010104.8135   12.3885
    7.5000  -15.0000  -45.0000 9610.1182   12.3929
   -7.5000   -7.5000  -45.000010863.2305   12.2963
    0.0000   -7.5000  -45.000011309.1250   12.2955
    7.5000   -7.5000  -45.000010760.0205   12.2934
   -7.5000    0.0000  -45.000011958.2715   12.2642
    0.0000    0.0000  -45.000012465.7568   12.2615
    7.5000    0.0000  -45.000011856.7119   12.2558
   -7.5000    7.5000  -45.000012069.1484   12.2533
    0.0000    7.5000  -45.000012597.6992   12.2523
    7.5000    7.5000  -45.000011985.1318   12.2499
   -7.5000   15.0000  -45.000012012.9971   12.2610
    0.0000   15.0000  -45.000012530.7051   12.2633
    7.5000   15.0000  -45.000011897.6240   12.2677
   -7.5000   22.5000  -45.000011868.4814   12.2798
    0.0000   22.5000  -45.000012346.4688   12.2839
    7.5000   22.5000  -45.000011744.3330   12.2914
   -7.5000   30.0000  -45.000011586.9971   12.1318
    0.0000   30.0000  -45.000012080.0439   12.1344
    7.5000   30.0000  -45.000011469.2051   12.1388
   -7.5000   37.5000  -45.000011691.9521   12.1200
    0.0000   37.5000  -45.000012184.0674   12.1192
    7.5000   37.5000  -45.000011552.6875   12.1171
   -7.5000   45.0000  -45.000011415.3750   11.7935
    0.0000   45.0000  -45.000011885.2256   11.7909
    7.5000   45.0000  -45.000011261.2754   11.7854
   -7.5000  -45.0000  -37.5000 6132.9692   13.5646
    0.0000  -45.0000  -37.5000 6369.1250   13.5637
    7.5000  -45.0000  -37.5000 6090.4204   13.5701
   -7.5000  -37.5000  -37.5000 6837.5801   13.0412
    0.0000  -37.5000  -37.5000 7106.1538   13.0400
    7.5000  -37.5000  -37.5000 6798.6074   13.0443
   -7.5000  -30.0000  -37.5000 7899.5547   12.7012
    0.0000  -30.0000  -37.5000 8216.7637   12.7011
    7.5000  -30.0000  -37.5000 7837.4678   12.7076
   -7.5000  -22.5000  -37.5000 9057.5723   12.5218
    0.0000  -22.5000  -37.5000 9424.5176   12.5235
    7.5000  -22.5000  -37.5000 8968.9971   12.5328
   -7.5000  -15.0000  -37.500010217.7959   12.3946
    0.0000  -15.0000  -37.500010610.8477   12.3968
    7.5000  -15.0000  -37.500010111.0293   12.4032
   -7.5000   -7.5000  -37.500011410.0234   12.2991
    0.0000   -7.5000  -37.500011857.2559   12.3009
    7.5000   -7.5000  -37.500011292.3604   12.3032
   -7.5000    0.0000  -37.500012546.4629   12.2613
    0.0000    0.0000  -37.500013061.7568   12.2620
    7.5000    0.0000  -37.500012426.8506   12.2624
   -7.5000    7.5000  -37.500012669.0801   12.2517
    0.0000    7.5000  -37.500013200.6729   12.2515
    7.5000    7.5000  -37.500012545.2295   12.2544
   -7.5000   15.0000  -37.500012578.6055   12.2660
    0.0000   15.0000  -37.500013086.5713   12.2665
    7.5000   15.0000  -37.500012428.4570   12.2738
   -7.5000   22.5000  -37.500012398.5713   12.2893
    0.0000   22.5000  -37.500012881.9160   12.2912
    7.5000   22.5000  -37.500012253.7900   12.3001
   -7.5000   30.0000  -37.500012100.6006   12.1404
    0.0000   30.0000  -37.500012620.5996   12.1428
    7.5000   30.0000  -37.500011957.3398   12.1490
   -7.5000   37.5000  -37.500012188.9580   12.1227
    0.0000   37.5000  -37.500012695.0439   12.1246
    7.5000   37.5000  -37.500012016.6543   12.1269
   -7.5000   45.0000  -37.500011888.5908   11.7907
    0.0000   45.0000  -37.500012371.1582   11.7914
    7.5000   45.0000  -37.500011703.1572   11.7918
   -7.5000  -45.0000  -30.0000 6505.6055   14.1119
    0.0000  -45.0000  -30.0000 6747.4067   14.1141
    7.5000  -45.0000  -30.0000 6437.2866   14.1264
   -7.5000  -37.5000  -30.0000 7274.9902   13.5694
    0.0000  -37.5000  -30.0000 7565.6152   13.5700
    7.5000  -37.5000  -30.0000 7204.5933   13.5784
   -7.5000  -30.0000  -30.0000 8419.5381   13.2179
    0.0000  -30.0000  -30.0000 8768.7705   13.2186
    7.5000  -30.0000  -30.0000 8343.6992   13.2265
   -7.5000  -22.5000  -30.0000 9659.2832   13.0299
    0.0000  -22.5000  -30.000010050.1533   13.0322
    7.5000  -22.5000  -30.0000 9559.1797   13.0420
   -7.5000  -15.0000  -30.000010895.6436   12.8948
    0.0000  -15.0000  -30.000011310.2197   12.8989
    7.5000  -15.0000  -30.000010773.1172   12.9075
   -7.5000   -7.5000  -30.000012148.3877   12.7939
    0.0000   -7.5000  -30.000012610.1006   12.7994
    7.5000   -7.5000  -30.000012017.8965   12.8060
   -7.5000    0.0000  -30.000013332.2578   12.7548
    0.0000    0.0000  -30.000013879.6914   12.7596
    7.5000    0.0000  -30.000013186.5068   12.7649
   -7.5000    7.5000  -30.000013460.8594   12.7468
    0.0000    7.5000  -30.000014000.5820   12.7493
    7.5000    7.5000  -30.000013288.0830   12.7557
   -7.5000   15.0000  -30.000013365.7734   12.7642
    0.0000   15.0000  -30.000013875.6592   12.7656
    7.5000   15.0000  -30.000013177.0596   12.7744
   -7.5000   22.5000  -30.000013118.9912   12.7865
    0.0000   22.5000  -30.000013645.7627   12.7890
    7.5000   22.5000  -30.000012961.1543   12.7984
   -7.5000   30.0000  -30.000012811.0713   12.6315
    0.0000   30.0000  -30.000013327.4717   12.6356
    7.5000   30.0000  -30.000012634.5430   12.6440
   -7.5000   37.5000  -30.000012915.2217   12.6117
    0.0000   37.5000  -30.000013403.6768   12.6172
    7.5000   37.5000  -30.000012700.7305   12.6237
   -7.5000   45.0000  -30.000012594.9854   12.2742
    0.0000   45.0000  -30.000013076.9385   12.2789
    7.5000   45.0000  -30.000012361.8018   12.2840
   -7.5000  -45.0000  -22.5000 6832.6421   14.5898
    0.0000  -45.0000  -22.5000 7084.9863   14.5905
    7.5000  -45.0000  -22.5000 6753.2319   14.6003
   -7.5000  -37.5000  -22.5000 7662.0991   14.0287
    0.0000  -37.5000  -22.5000 7965.5815   14.0302
    7.5000  -37.5000  -22.5000 7572.9849   14.0361
   -7.5000  -30.0000  -22.5000 8881.7812   13.6608
    0.0000  -30.0000  -22.5000 9243.4727   13.6652
    7.5000  -30.0000  -22.5000 8779.2188   13.6711
   -7.5000  -22.5000  -22.500010187.3545   13.4600
    0.0000  -22.5000  -22.500010602.8281   13.4651
    7.5000  -22.5000  -22.500010066.2988   13.4739
   -7.5000  -15.0000  -22.500011512.8242   13.3189
    0.0000  -15.0000  -22.500011959.0918   13.3243
    7.5000  -15.0000  -22.500011378.6914   13.3324
   -7.5000   -7.5000  -22.500012838.6387   13.2198
    0.0000   -7.5000  -22.500013322.9199   13.2246
    7.5000   -7.5000  -22.500012700.1230   13.2300
   -7.5000    0.0000  -22.500014064.3418   13.1862
    0.0000    0.0000  -22.500014623.7383   13.1904
    7.5000    0.0000  -22.500013897.7324   13.1936
   -7.5000    7.5000  -22.500014161.8203   13.1789
    0.0000    7.5000  -22.500014693.8057   13.1830
    7.5000    7.5000  -22.500013961.2021   13.1874
   -7.5000   15.0000  -22.500014050.5010   13.1920
    0.0000   15.0000  -22.500014544.6289   13.1966
    7.5000   15.0000  -22.500013858.4873   13.2036
   -7.5000   22.5000  -22.500013844.5146   13.2082
    0.0000   22.5000  -22.500014392.4121   13.2135
    7.5000   22.5000  -22.500013673.2441   13.2219
   -7.5000   30.0000  -22.500013504.6572   13.0490
    0.0000   30.0000  -22.500013998.6904   13.0544
    7.5000   30.0000  -22.500013297.7637   13.0622
   -7.5000   37.5000  -22.500013592.0312   13.0336
    0.0000   37.5000  -22.500014054.3936   13.0383
    7.5000   37.5000  -22.500013355.2285   13.0436
   -7.5000   45.0000  -22.500013227.7246   12.6990
    0.0000   45.0000  -22.500013694.4619   12.7030
    7.5000   45.0000  -22.500012965.3730   12.7061
   -7.5000  -45.0000  -15.0000 7113.6289   14.9455
    0.0000  -45.0000  -15.0000 7403.6831   14.9436
    7.5000  -45.0000  -15.0000 7043.7710   14.9461
   -7.5000  -37.5000  -15.0000 8026.3716   14.3691
    0.0000  -37.5000  -15.0000 8346.2021   14.3710
    7.5000  -37.5000  -15.0000 7920.4541   14.3709
   -7.5000  -30.0000  -15.0000 9317.0615   13.9863
    0.0000  -30.0000  -15.0000 9698.9414   13.9935
    7.5000  -30.0000  -15.0000 9208.5752   13.9966
   -7.5000  -22.5000  -15.000010683.9570   13.7752
    0.0000  -22.5000  -15.000011112.3584   13.7823
    7.5000  -22.5000  -15.000010559.3447   13.7893
   -7.5000  -15.0000  -15.000012077.7139   13.6314
    0.0000  -15.0000  -15.000012529.7568   13.6362
    7.5000  -15.0000  -15.000011918.6299   13.6413
   -7.5000   -7.5000  -15.000013458.2734   13.5357
    0.0000   -7.5000  -15.000013983.3174   13.5374
    7.5000   -7.5000  -15.000013308.3486   13.5375
   -7.5000    0.0000  -15.000014757.7080   13.5076
    0.0000    0.0000  -15.000015323.0732   13.5087
    7.5000    0.0000  -15.000014582.5303   13.5057
   -7.5000    7.5000  -15.000014776.6318   13.4997
    0.0000    7.5000  -15.000015291.1572   13.5039
    7.5000    7.5000  -15.000014627.8281   13.5035
   -7.5000   15.0000  -15.000014567.6748   13.5068
    0.0000   15.0000  -15.000015108.2227   13.5138
    7.5000   15.0000  -15.000014471.1377   13.5181
   -7.5000   22.5000  -15.000014503.7227   13.5175
    0.0000   22.5000  -15.000015063.4893   13.5248
    7.5000   22.5000  -15.000014319.7803   13.5314
   -7.5000   30.0000  -15.000014208.7656   13.3571
    0.0000   30.0000  -15.000014669.3350   13.3620
    7.5000   30.0000  -15.000014021.9580   13.3670
   -7.5000   37.5000  -15.000014244.1377   13.3469
    0.0000   37.5000  -15.000014652.3711   13.3486
    7.5000   37.5000  -15.000014060.6016   13.3487
   -7.5000   45.0000  -15.000013817.2188   13.0163
    0.0000   45.0000  -15.000014238.0674   13.0174
    7.5000   45.0000  -15.000013601.5254   13.0145
   -7.5000  -45.0000   -7.5000 7402.6211   15.1309
    0.0000  -45.0000   -7.5000 7696.1768   15.1273
    7.5000  -45.0000   -7.5000 7319.6558   15.1242
   -7.5000  -37.5000   -7.5000 8351.0430   14.5445
    0.0000  -37.5000   -7.5000 8693.2969   14.5448
    7.5000  -37.5000   -7.5000 8253.0430   14.5405
   -7.5000  -30.0000   -7.5000 9729.9912   14.1545
    0.0000  -30.0000   -7.500010119.5947   14.1605
    7.5000  -30.0000   -7.5000 9597.1191   14.1623
   -7.5000  -22.5000   -7.500011165.7822   13.9423
    0.0000  -22.5000   -7.500011605.6318   13.9491
    7.5000  -22.5000   -7.500011024.2012   13.9561
   -7.5000  -15.0000   -7.500012612.8945   13.7997
    0.0000  -15.0000   -7.500013115.1240   13.8035
    7.5000  -15.0000   -7.500012462.6768   13.8075
   -7.5000   -7.5000   -7.500014060.3896   13.7043
    0.0000   -7.5000   -7.500014628.1553   13.7039
    7.5000   -7.5000   -7.500013896.7568   13.7005
   -7.5000    0.0000   -7.500015363.6045   13.6752
    0.0000    0.0000   -7.500015987.7832   13.6733
    7.5000    0.0000   -7.500015221.9805   13.6656
   -7.5000    7.5000   -7.500015318.7617   13.6646
    0.0000    7.5000   -7.500015889.1738   13.6664
    7.5000    7.5000   -7.500015303.7031   13.6624
   -7.5000   15.0000   -7.500015121.9590   13.6694
    0.0000   15.0000   -7.500015680.4727   13.6753
    7.5000   15.0000   -7.500015100.0996   13.6784
   -7.5000   22.5000   -7.500015085.9795   13.6799
    0.0000   22.5000   -7.500015672.4434   13.6867
    7.5000   22.5000   -7.500014882.3125   13.6934
   -7.5000   30.0000   -7.500014870.3027   13.5216
    0.0000   30.0000   -7.500015420.5381   13.5257
    7.5000   30.0000   -7.500014657.7646   13.5295
   -7.5000   37.5000   -7.500014928.4092   13.5127
    0.0000   37.5000   -7.500015462.5117   13.5123
    7.5000   37.5000   -7.500014754.7490   13.5090
   -7.5000   45.0000   -7.500014396.0439   13.1803
    0.0000   45.0000   -7.500014905.5713   13.1785
    7.5000   45.0000   -7.500014180.8555   13.1711
   -7.5000  -45.0000    0.0000 7634.5718   15.1605
    0.0000  -45.0000    0.0000 7922.4463   15.1562
    7.5000  -45.0000    0.0000 7538.4614   15.1547
   -7.5000  -37.5000    0.0000 8623.7363   14.5725
    0.0000  -37.5000    0.0000 8953.5879   14.5706
    7.5000  -37.5000    0.0000 8512.7871   14.5679
   -7.5000  -30.0000    0.000010018.9141   14.1851
    0.0000  -30.0000    0.000010408.1348   14.1875
    7.5000  -30.0000    0.0000 9887.5469   14.1910
   -7.5000  -22.5000    0.000011496.5156   13.9790
    0.0000  -22.5000    0.000011959.4766   13.9835
    7.5000  -22.5000    0.000011356.2207   13.9921
   -7.5000  -15.0000    0.000012974.0557   13.8380
    0.0000  -15.0000    0.000013506.3037   13.8407
    7.5000  -15.0000    0.000012828.5127   13.8455
   -7.5000   -7.5000    0.000014441.7090   13.7379
    0.0000   -7.5000    0.000015025.6143   13.7370
    7.5000   -7.5000    0.000014290.3281   13.7345
   -7.5000    0.0000    0.000015716.4980   13.7022
    0.0000    0.0000    0.000016378.8174   13.6992
    7.5000    0.0000    0.000015667.7295   13.6927
   -7.5000    7.5000    0.000015740.6826   13.6901
    0.0000    7.5000    0.000016391.8633   13.6891
    7.5000    7.5000    0.000015771.8037   13.6863
   -7.5000   15.0000    0.000015801.8857   13.6987
    0.0000   15.0000    0.000016392.7500   13.7014
    7.5000   15.0000    0.000015619.8105   13.7061
   -7.5000   22.5000    0.000015737.0479   13.7151
    0.0000   22.5000    0.000016343.0977   13.7197
    7.5000   22.5000    0.000015407.4395   13.7279
   -7.5000   30.0000    0.000015368.3291   13.5593
    0.0000   30.0000    0.000016006.4395   13.5623
    7.5000   30.0000    0.000015094.7637   13.5671
   -7.5000   37.5000    0.000015419.4639   13.5462
    0.0000   37.5000    0.000016063.3447   13.5453
    7.5000   37.5000    0.000015189.4072   13.5429
   -7.5000   45.0000    0.000014802.1348   13.2073
    0.0000   45.0000    0.000015445.0654   13.2045
    7.5000   45.0000    0.000014569.7080   13.1982
   -7.5000  -45.0000    7.5000 7264.4409   15.1765
    0.0000  -45.0000    7.5000 7527.1743   15.1756
    7.5000  -45.0000    7.5000 7152.1431   15.1827
   -7.5000  -37.5000    7.5000 8192.2900   14.5909
    0.0000  -37.5000    7.5000 8508.1416   14.5896
    7.5000  -37.5000    7.5000 8090.0923   14.5944
   -7.5000  -30.0000    7.5000 9527.7295   14.2104
    0.0000  -30.0000    7.5000 9902.6836   14.2104
    7.5000  -30.0000    7.5000 9408.9180   14.2176
   -7.5000  -22.5000    7.500010942.7656   14.0098
    0.0000  -22.5000    7.500011375.3643   14.0117
    7.5000  -22.5000    7.500010800.2871   14.0220
   -7.5000  -15.0000    7.500012331.7803   13.8674
    0.0000  -15.0000    7.500012830.3525   13.8700
    7.5000  -15.0000    7.500012172.8926   13.8771
   -7.5000   -7.5000    7.500013671.8340   13.7605
    0.0000   -7.5000    7.500014253.7988   13.7627
    7.5000   -7.5000    7.500013543.0840   13.7652
   -7.5000    0.0000    7.500014888.1436   13.7182
    0.0000    0.0000    7.500015539.8965   13.7191
    7.5000    0.0000    7.500014811.8789   13.7195
   -7.5000    7.5000    7.500015035.1768   13.7075
    0.0000    7.5000    7.500015631.8047   13.7074
    7.5000    7.5000    7.500014900.2949   13.7106
   -7.5000   15.0000    7.500015098.7295   13.7236
    0.0000   15.0000    7.500015670.8086   13.7242
    7.5000   15.0000    7.500014805.0859   13.7324
   -7.5000   22.5000    7.500014864.4355   13.7452
    0.0000   22.5000    7.500015423.7129   13.7474
    7.5000   22.5000    7.500014597.1689   13.7573
   -7.5000   30.0000    7.500014432.3633   13.5883
    0.0000   30.0000    7.500014973.4258   13.5910
    7.5000   30.0000    7.500014255.1211   13.5979
   -7.5000   37.5000    7.500014516.1523   13.5685
    0.0000   37.5000    7.500015064.3965   13.5707
    7.5000   37.5000    7.500014373.4062   13.5732
   -7.5000   45.0000    7.500013947.2734   13.2228
    0.0000   45.0000    7.500014484.8779   13.2237
    7.5000   45.0000    7.500013831.3125   13.2241
   -7.5000  -45.0000   15.0000 6835.0977   15.2924
    0.0000  -45.0000   15.0000 7075.7344   15.2944
    7.5000  -45.0000   15.0000 6720.9121   15.3080
   -7.5000  -37.5000   15.0000 7694.7847   14.7017
    0.0000  -37.5000   15.0000 7979.6880   14.7019
    7.5000  -37.5000   15.0000 7581.7808   14.7114
   -7.5000  -30.0000   15.0000 8939.4502   14.3197
    0.0000  -30.0000   15.0000 9282.0273   14.3202
    7.5000  -30.0000   15.0000 8801.9102   14.3290
   -7.5000  -22.5000   15.000010263.1328   14.1167
    0.0000  -22.5000   15.000010660.8584   14.1191
    7.5000  -22.5000   15.000010104.3252   14.1299
   -7.5000  -15.0000   15.000011559.2803   13.9714
    0.0000  -15.0000   15.000012016.3643   13.9757
    7.5000  -15.0000   15.000011393.5645   13.9853
   -7.5000   -7.5000   15.000012810.9727   13.8629
    0.0000   -7.5000   15.000013333.4170   13.8687
    7.5000   -7.5000   15.000012673.2168   13.8760
   -7.5000    0.0000   15.000013993.5898   13.8206
    0.0000    0.0000   15.000014514.9482   13.8256
    7.5000    0.0000   15.000013836.4463   13.8314
   -7.5000    7.5000   15.000014152.4355   13.8117
    0.0000    7.5000   15.000014640.0410   13.8141
    7.5000    7.5000   15.000013938.8926   13.8212
   -7.5000   15.0000   15.000014096.6191   13.8302
    0.0000   15.0000   15.000014599.5654   13.8315
    7.5000   15.0000   15.000013892.2021   13.8412
   -7.5000   22.5000   15.000013797.0020   13.8515
    0.0000   22.5000   15.000014289.8848   13.8541
    7.5000   22.5000   15.000013689.4014   13.8645
   -7.5000   30.0000   15.000013408.7002   13.6909
    0.0000   30.0000   15.000013899.5283   13.6952
    7.5000   30.0000   15.000013358.3271   13.7045
   -7.5000   37.5000   15.000013556.4199   13.6698
    0.0000   37.5000   15.000014061.4199   13.6755
    7.5000   37.5000   15.000013506.2891   13.6827
   -7.5000   45.0000   15.000013055.4424   13.3215
    0.0000   45.0000   15.000013553.6504   13.3263
    7.5000   45.0000   15.000013020.2393   13.3319
   -7.5000  -45.0000   22.5000 6327.1855   15.4601
    0.0000  -45.0000   22.5000 6550.6196   15.4607
    7.5000  -45.0000   22.5000 6221.0513   15.4718
   -7.5000  -37.5000   22.5000 7131.3164   14.8583
    0.0000  -37.5000   22.5000 7403.8970   14.8598
    7.5000  -37.5000   22.5000 7017.5674   14.8667
   -7.5000  -30.0000   22.5000 8309.3096   14.4654
    0.0000  -30.0000   22.5000 8625.6299   14.4701
    7.5000  -30.0000   22.5000 8170.0625   14.4772
   -7.5000  -22.5000   22.5000 9545.3223   14.2537
    0.0000  -22.5000   22.5000 9901.1943   14.2593
    7.5000  -22.5000   22.5000 9387.4287   14.2693
   -7.5000  -15.0000   22.500010723.7432   14.1067
    0.0000  -15.0000   22.500011129.6055   14.1125
    7.5000  -15.0000   22.500010571.0771   14.1217
   -7.5000   -7.5000   22.500011861.3584   14.0039
    0.0000   -7.5000   22.500012315.9990   14.0090
    7.5000   -7.5000   22.500011722.4883   14.0152
   -7.5000    0.0000   22.500012959.9219   13.9690
    0.0000    0.0000   22.500013439.0752   13.9734
    7.5000    0.0000   22.500012799.9473   13.9772
   -7.5000    7.5000   22.500013057.7695   13.9606
    0.0000    7.5000   22.500013553.3721   13.9649
    7.5000    7.5000   22.500012904.2451   13.9700
   -7.5000   15.0000   22.500012968.9775   13.9737
    0.0000   15.0000   22.500013485.5342   13.9787
    7.5000   15.0000   22.500012872.7588   13.9868
   -7.5000   22.5000   22.500012736.0010   13.9889
    0.0000   22.5000   22.500013242.0625   13.9947
    7.5000   22.5000   22.500012682.4785   14.0043
   -7.5000   30.0000   22.500012435.8330   13.8249
    0.0000   30.0000   22.500012939.6729   13.8308
    7.5000   30.0000   22.500012397.4336   13.8396
   -7.5000   37.5000   22.500012570.7148   13.8092
    0.0000   37.5000   22.500013079.9121   13.8143
    7.5000   37.5000   22.500012539.1611   13.8204
   -7.5000   45.0000   22.500012087.8662   13.4646
    0.0000   45.0000   22.500012570.4229   13.4687
    7.5000   45.0000   22.500012042.2197   13.4724
   -7.5000  -45.0000   30.0000 5849.0366   15.8377
    0.0000  -45.0000   30.0000 6063.5684   15.8328
    7.5000  -45.0000   30.0000 5757.4375   15.8342
   -7.5000  -37.5000   30.0000 6600.0059   15.2107
    0.0000  -37.5000   30.0000 6849.1177   15.2099
    7.5000  -37.5000   30.0000 6498.3779   15.2082
   -7.5000  -30.0000   30.0000 7693.8062   14.7939
    0.0000  -30.0000   30.0000 7977.6821   14.7991
    7.5000  -30.0000   30.0000 7584.6685   14.8010
   -7.5000  -22.5000   30.0000 8829.8545   14.5686
    0.0000  -22.5000   30.0000 9151.5928   14.5740
    7.5000  -22.5000   30.0000 8699.9092   14.5806
   -7.5000  -15.0000   30.0000 9895.1895   14.4189
    0.0000  -15.0000   30.000010273.2217   14.4218
    7.5000  -15.0000   30.0000 9763.4951   14.4269
   -7.5000   -7.5000   30.000010944.0908   14.3216
    0.0000   -7.5000   30.000011369.7500   14.3212
    7.5000   -7.5000   30.000010812.0674   14.3206
   -7.5000    0.0000   30.000011946.3428   14.2939
    0.0000    0.0000   30.000012415.2754   14.2928
    7.5000    0.0000   30.000011788.4990   14.2882
   -7.5000    7.5000   30.000012031.0596   14.2839
    0.0000    7.5000   30.000012498.5928   14.2859
    7.5000    7.5000   30.000011892.3623   14.2839
   -7.5000   15.0000   30.000011960.1348   14.2890
    0.0000   15.0000   30.000012433.5635   14.2941
    7.5000   15.0000   30.000011858.4941   14.2974
   -7.5000   22.5000   30.000011770.0449   14.2984
    0.0000   22.5000   30.000012218.3232   14.3040
    7.5000   22.5000   30.000011689.8730   14.3103
   -7.5000   30.0000   30.000011505.7852   14.1315
    0.0000   30.0000   30.000011957.9609   14.1346
    7.5000   30.0000   30.000011416.2412   14.1394
   -7.5000   37.5000   30.000011626.2637   14.1229
    0.0000   37.5000   30.000012081.0820   14.1226
    7.5000   37.5000   30.000011547.8564   14.1219
   -7.5000   45.0000   30.000011149.0781   13.7776
    0.0000   45.0000   30.000011584.2246   13.7766
    7.5000   45.0000   30.000011079.9141   13.7722
   -7.5000  -45.0000   37.5000 5607.2295   16.3739
    0.0000  -45.0000   37.5000 5817.6055   16.3640
    7.5000  -45.0000   37.5000 5526.0864   16.3615
   -7.5000  -37.5000   37.5000 6336.7095   15.7215
    0.0000  -37.5000   37.5000 6558.2769   15.7158
    7.5000  -37.5000   37.5000 6238.2207   15.7116
   -7.5000  -30.0000   37.5000 7379.0420   15.2777
    0.0000  -30.0000   37.5000 7631.5840   15.2788
    7.5000  -30.0000   37.5000 7269.6152   15.2816
   -7.5000  -22.5000   37.5000 8463.5117   15.0394
    0.0000  -22.5000   37.5000 8759.1924   15.0420
    7.5000  -22.5000   37.5000 8337.9951   15.0508
   -7.5000  -15.0000   37.5000 9483.2100   14.8867
    0.0000  -15.0000   37.5000 9833.0234   14.8868
    7.5000  -15.0000   37.5000 9343.5459   14.8920
   -7.5000   -7.5000   37.500010477.5244   14.7904
    0.0000   -7.5000   37.500010878.2979   14.7858
    7.5000   -7.5000   37.500010335.1211   14.7827
   -7.5000    0.0000   37.500011427.2734   14.7637
    0.0000    0.0000   37.500011862.9092   14.7569
    7.5000    0.0000   37.500011267.8193   14.7488
   -7.5000    7.5000   37.500011500.3955   14.7497
    0.0000    7.5000   37.500011937.5596   14.7464
    7.5000    7.5000   37.500011356.3848   14.7424
   -7.5000   15.0000   37.500011417.2158   14.7490
    0.0000   15.0000   37.500011851.1104   14.7504
    7.5000   15.0000   37.500011300.2979   14.7545
   -7.5000   22.5000   37.500011241.1602   14.7577
    0.0000   22.5000   37.500011655.4062   14.7606
    7.5000   22.5000   37.500011137.6113   14.7689
   -7.5000   30.0000   37.500010999.7881   14.5896
    0.0000   30.0000   37.500011411.3857   14.5901
    7.5000   30.0000   37.500010894.3311   14.5951
   -7.5000   37.5000   37.500011124.5127   14.5855
    0.0000   37.5000   37.500011555.1484   14.5810
    7.5000   37.5000   37.500011034.1553   14.5779
   -7.5000   45.0000   37.500010650.5312   14.2305
    0.0000   45.0000   37.500011059.3564   14.2239
    7.5000   45.0000   37.500010577.7383   14.2161
   -7.5000  -45.0000   45.0000 5153.7856   16.9572
    0.0000  -45.0000   45.0000 5342.2256   16.9561
    7.5000  -45.0000   45.0000 5077.4395   16.9567
   -7.5000  -37.5000   45.0000 5813.7910   16.2756
    0.0000  -37.5000   45.0000 6009.8145   16.2758
    7.5000  -37.5000   45.0000 5715.1562   16.2736
   -7.5000  -30.0000   45.0000 6771.1558   15.8167
    0.0000  -30.0000   45.0000 6995.8867   15.8207
    7.5000  -30.0000   45.0000 6646.7339   15.8263
   -7.5000  -22.5000   45.0000 7771.9141   15.5654
    0.0000  -22.5000   45.0000 8022.0488   15.5718
    7.5000  -22.5000   45.0000 7619.5859   15.5840
   -7.5000  -15.0000   45.0000 8711.2764   15.4046
    0.0000  -15.0000   45.0000 8995.1104   15.4098
    7.5000  -15.0000   45.0000 8543.9395   15.4177
   -7.5000   -7.5000   45.0000 9625.8223   15.3048
    0.0000   -7.5000   45.0000 9943.9434   15.3068
    7.5000   -7.5000   45.0000 9441.8877   15.3056
   -7.5000    0.0000   45.000010488.4707   15.2766
    0.0000    0.0000   45.000010853.4170   15.2764
    7.5000    0.0000   45.000010305.3623   15.2698
   -7.5000    7.5000   45.000010540.7051   15.2611
    0.0000    7.5000   45.000010919.0410   15.2621
    7.5000    7.5000   45.000010367.9395   15.2597
   -7.5000   15.0000   45.000010461.1113   15.2589
    0.0000   15.0000   45.000010842.6396   15.2632
    7.5000   15.0000   45.000010307.5986   15.2702
   -7.5000   22.5000   45.000010289.7783   15.2677
    0.0000   22.5000   45.000010674.3828   15.2740
    7.5000   22.5000   45.000010156.3457   15.2858
   -7.5000   30.0000   45.000010067.1455   15.0945
    0.0000   30.0000   45.000010440.7217   15.0998
    7.5000   30.0000   45.0000 9944.8389   15.1075
   -7.5000   37.5000   45.000010187.5234   15.0916
    0.0000   37.5000   45.000010585.0430   15.0936
    7.5000   37.5000   45.000010084.1777   15.0924
   -7.5000   45.0000   45.0000 9759.4463   14.7315
    0.0000   45.0000   45.000010137.3691   14.7314
    7.5000   45.0000   45.0000 9663.2021   14.7250

---------------------------------------------------------------------
imgreg_4dfp /opt/freesurfer/average/711-2C_as_mni_average_305 /opt/freesurfer/average/711-2B_as_mni_average_305_mask talsrcimg_g11 none talsrcimg_to_711-2C_as_mni_average_305_t4 4355
---------------------------------------------------------------------

freesurfer imgreg_4dfp.c
/opt/freesurfer/average/711-2C_as_mni_average_305.4dfp.img
       256       256       256         1
  1.000000  1.000000  1.000000
orientation T byte_order littleendian
Reading image: /opt/freesurfer/average/711-2C_as_mni_average_305.4dfp.img
dimensions:      256       256       256
mmppix:       1.0000   -1.0000   -1.0000
center:     128.0000 -129.0000 -129.0000
/opt/freesurfer/average/711-2B_as_mni_average_305_mask.4dfp.img
       256       256       256         1
  1.000000  1.000000  1.000000
orientation T byte_order littleendian
Reading mask: /opt/freesurfer/average/711-2B_as_mni_average_305_mask.4dfp.img (2306576 pixels)
talsrcimg_g11.4dfp.img
       256       256       256         1
  1.000000  1.000000  1.000000
orientation T byte_order littleendian
Reading image: talsrcimg_g11.4dfp.img
dimensions:      256       256       256
mmppix:       1.0000   -1.0000   -1.0000
center:     128.0000 -129.0000 -129.0000
rotation matrix determinant  1.000000
image alignment mode   4355 decimal     1103 hex
   -7.5000  -30.0000  -45.0000 1917.3365   17.2580
    0.0000  -30.0000  -45.0000 1920.5381   17.2265
    7.5000  -30.0000  -45.0000 1913.3147   17.5053
   -7.5000  -22.5000  -45.0000 2054.1104   15.0909
    0.0000  -22.5000  -45.0000 2059.6814   15.0884
    7.5000  -22.5000  -45.0000 2043.0682   15.3244
   -7.5000  -15.0000  -45.0000 2179.8706   13.4396
    0.0000  -15.0000  -45.0000 2183.0142   13.4517
    7.5000  -15.0000  -45.0000 2163.5139   13.6478
   -7.5000   -7.5000  -45.0000 2291.4355   12.1756
    0.0000   -7.5000  -45.0000 2295.2192   12.1916
    7.5000   -7.5000  -45.0000 2280.6880   12.3303
   -7.5000    0.0000  -45.0000 2381.8235   11.1887
    0.0000    0.0000  -45.0000 2388.5220   11.2026
    7.5000    0.0000  -45.0000 2373.8516   11.3175
   -7.5000    7.5000  -45.0000 2452.0283   10.4052
    0.0000    7.5000  -45.0000 2459.8489   10.4273
    7.5000    7.5000  -45.0000 2445.8730   10.5394
   -7.5000   15.0000  -45.0000 2507.1313    9.8702
    0.0000   15.0000  -45.0000 2517.1218    9.8625
    7.5000   15.0000  -45.0000 2499.6680   10.0106
   -7.5000   22.5000  -45.0000 2542.7678    9.6077
    0.0000   22.5000  -45.0000 2552.9941    9.6015
    7.5000   22.5000  -45.0000 2532.7734    9.7570
   -7.5000   30.0000  -45.0000 2550.3315    9.5339
    0.0000   30.0000  -45.0000 2557.0212    9.5363
    7.5000   30.0000  -45.0000 2539.7761    9.6894
   -7.5000   37.5000  -45.0000 2541.7341    9.6376
    0.0000   37.5000  -45.0000 2553.5085    9.6303
    7.5000   37.5000  -45.0000 2530.1482    9.7781
   -7.5000   45.0000  -45.0000 2508.0405    9.9714
    0.0000   45.0000  -45.0000 2522.9414    9.9606
    7.5000   45.0000  -45.0000 2496.3906   10.1035
   -7.5000   52.5000  -45.0000 2427.6008   10.4743
    0.0000   52.5000  -45.0000 2439.0117   10.4700
    7.5000   52.5000  -45.0000 2415.3772   10.6099
   -7.5000   60.0000  -45.0000 2294.6760   11.0523
    0.0000   60.0000  -45.0000 2301.4775   11.0634
    7.5000   60.0000  -45.0000 2281.2644   11.2200
   -7.5000  -30.0000  -37.5000 1969.3376   16.3541
    0.0000  -30.0000  -37.5000 1971.6105   16.3451
    7.5000  -30.0000  -37.5000 1962.9972   16.6438
   -7.5000  -22.5000  -37.5000 2112.8511   14.3253
    0.0000  -22.5000  -37.5000 2116.4873   14.3299
    7.5000  -22.5000  -37.5000 2096.2031   14.5906
   -7.5000  -15.0000  -37.5000 2238.5830   12.7263
    0.0000  -15.0000  -37.5000 2240.0498   12.7180
    7.5000  -15.0000  -37.5000 2219.6755   12.9556
   -7.5000   -7.5000  -37.5000 2354.7756   11.4755
    0.0000   -7.5000  -37.5000 2356.2598   11.4743
    7.5000   -7.5000  -37.5000 2339.2173   11.6569
   -7.5000    0.0000  -37.5000 2445.0256   10.5159
    0.0000    0.0000  -37.5000 2454.4927   10.5057
    7.5000    0.0000  -37.5000 2433.9102   10.6779
   -7.5000    7.5000  -37.5000 2520.9431    9.7765
    0.0000    7.5000  -37.5000 2530.8455    9.7651
    7.5000    7.5000  -37.5000 2511.9253    9.9269
   -7.5000   15.0000  -37.5000 2583.5234    9.2619
    0.0000   15.0000  -37.5000 2589.6252    9.2624
    7.5000   15.0000  -37.5000 2571.8718    9.4137
   -7.5000   22.5000  -37.5000 2630.0430    8.9994
    0.0000   22.5000  -37.5000 2637.7363    8.9759
    7.5000   22.5000  -37.5000 2616.8311    9.1434
   -7.5000   30.0000  -37.5000 2648.3098    8.9156
    0.0000   30.0000  -37.5000 2656.8687    8.9218
    7.5000   30.0000  -37.5000 2632.2415    9.0719
   -7.5000   37.5000  -37.5000 2642.7317    8.9958
    0.0000   37.5000  -37.5000 2654.4512    9.0114
    7.5000   37.5000  -37.5000 2622.8728    9.1685
   -7.5000   45.0000  -37.5000 2605.4827    9.3510
    0.0000   45.0000  -37.5000 2619.1243    9.3493
    7.5000   45.0000  -37.5000 2586.3538    9.4982
   -7.5000   52.5000  -37.5000 2518.0259    9.8335
    0.0000   52.5000  -37.5000 2528.6587    9.8241
    7.5000   52.5000  -37.5000 2500.0198    9.9831
   -7.5000   60.0000  -37.5000 2371.6294   10.3801
    0.0000   60.0000  -37.5000 2378.5266   10.3886
    7.5000   60.0000  -37.5000 2356.1348   10.5446
   -7.5000  -30.0000  -30.0000 2058.7305   16.1420
    0.0000  -30.0000  -30.0000 2065.3862   16.1648
    7.5000  -30.0000  -30.0000 2048.4062   16.4949
   -7.5000  -22.5000  -30.0000 2207.7944   14.1336
    0.0000  -22.5000  -30.0000 2213.5864   14.1293
    7.5000  -22.5000  -30.0000 2189.0977   14.4454
   -7.5000  -15.0000  -30.0000 2333.7183   12.5273
    0.0000  -15.0000  -30.0000 2337.0122   12.5102
    7.5000  -15.0000  -30.0000 2311.1941   12.7870
   -7.5000   -7.5000  -30.0000 2449.4299   11.2441
    0.0000   -7.5000  -30.0000 2455.2327   11.2244
    7.5000   -7.5000  -30.0000 2433.9329   11.4579
   -7.5000    0.0000  -30.0000 2547.1030   10.2590
    0.0000    0.0000  -30.0000 2559.5090   10.2303
    7.5000    0.0000  -30.0000 2535.4819   10.4425
   -7.5000    7.5000  -30.0000 2633.8213    9.5138
    0.0000    7.5000  -30.0000 2643.8127    9.5000
    7.5000    7.5000  -30.0000 2621.7651    9.6881
   -7.5000   15.0000  -30.0000 2706.8132    9.0051
    0.0000   15.0000  -30.0000 2715.3044    8.9978
    7.5000   15.0000  -30.0000 2689.5520    9.1766
   -7.5000   22.5000  -30.0000 2762.6694    8.7266
    0.0000   22.5000  -30.0000 2774.4333    8.7150
    7.5000   22.5000  -30.0000 2744.8972    8.8938
   -7.5000   30.0000  -30.0000 2790.6255    8.6260
    0.0000   30.0000  -30.0000 2801.8835    8.6467
    7.5000   30.0000  -30.0000 2769.4097    8.8042
   -7.5000   37.5000  -30.0000 2795.2407    8.7135
    0.0000   37.5000  -30.0000 2802.1204    8.7286
    7.5000   37.5000  -30.0000 2764.6963    8.8999
   -7.5000   45.0000  -30.0000 2752.4565    9.0870
    0.0000   45.0000  -30.0000 2762.2937    9.0907
    7.5000   45.0000  -30.0000 2725.2554    9.2529
   -7.5000   52.5000  -30.0000 2650.0754    9.5644
    0.0000   52.5000  -30.0000 2658.1228    9.5740
    7.5000   52.5000  -30.0000 2627.7869    9.7353
   -7.5000   60.0000  -30.0000 2485.8469   10.1387
    0.0000   60.0000  -30.0000 2492.7529   10.1418
    7.5000   60.0000  -30.0000 2472.1528   10.3114
   -7.5000  -30.0000  -22.5000 2122.2021   15.8640
    0.0000  -30.0000  -22.5000 2127.5737   15.8824
    7.5000  -30.0000  -22.5000 2107.4436   16.2124
   -7.5000  -22.5000  -22.5000 2271.6477   13.8643
    0.0000  -22.5000  -22.5000 2276.1479   13.8692
    7.5000  -22.5000  -22.5000 2247.2637   14.1830
   -7.5000  -15.0000  -22.5000 2400.2720   12.2734
    0.0000  -15.0000  -22.5000 2403.2329   12.2704
    7.5000  -15.0000  -22.5000 2377.5457   12.5666
   -7.5000   -7.5000  -22.5000 2514.6567   10.9991
    0.0000   -7.5000  -22.5000 2520.3010   10.9807
    7.5000   -7.5000  -22.5000 2499.1724   11.2440
   -7.5000    0.0000  -22.5000 2616.9951    9.9942
    0.0000    0.0000  -22.5000 2628.2229    9.9597
    7.5000    0.0000  -22.5000 2600.1282   10.2204
   -7.5000    7.5000  -22.5000 2712.9785    9.2290
    0.0000    7.5000  -22.5000 2723.5957    9.2016
    7.5000    7.5000  -22.5000 2693.8398    9.4384
   -7.5000   15.0000  -22.5000 2793.8918    8.7163
    0.0000   15.0000  -22.5000 2802.5122    8.6926
    7.5000   15.0000  -22.5000 2770.2493    8.9098
   -7.5000   22.5000  -22.5000 2857.8572    8.4643
    0.0000   22.5000  -22.5000 2872.3262    8.4627
    7.5000   22.5000  -22.5000 2836.6042    8.6436
   -7.5000   30.0000  -22.5000 2896.7288    8.3605
    0.0000   30.0000  -22.5000 2915.4070    8.3619
    7.5000   30.0000  -22.5000 2866.7639    8.5625
   -7.5000   37.5000  -22.5000 2903.6616    8.4310
    0.0000   37.5000  -22.5000 2908.5923    8.4143
    7.5000   37.5000  -22.5000 2865.5625    8.6218
   -7.5000   45.0000  -22.5000 2850.1282    8.8055
    0.0000   45.0000  -22.5000 2857.1577    8.7889
    7.5000   45.0000  -22.5000 2817.6719    8.9695
   -7.5000   52.5000  -22.5000 2733.1643    9.2987
    0.0000   52.5000  -22.5000 2743.4607    9.2920
    7.5000   52.5000  -22.5000 2710.5312    9.4789
   -7.5000   60.0000  -22.5000 2561.7458    9.8985
    0.0000   60.0000  -22.5000 2572.6072    9.8790
    7.5000   60.0000  -22.5000 2545.7766   10.0713
   -7.5000  -30.0000  -15.0000 2155.6582   15.6433
    0.0000  -30.0000  -15.0000 2161.9111   15.6316
    7.5000  -30.0000  -15.0000 2133.4316   15.9928
   -7.5000  -22.5000  -15.0000 2306.4709   13.6363
    0.0000  -22.5000  -15.0000 2311.1384   13.6255
    7.5000  -22.5000  -15.0000 2280.8694   13.9818
   -7.5000  -15.0000  -15.0000 2437.3171   12.0687
    0.0000  -15.0000  -15.0000 2439.8464   12.0460
    7.5000  -15.0000  -15.0000 2409.9915   12.3713
   -7.5000   -7.5000  -15.0000 2549.8330   10.8123
    0.0000   -7.5000  -15.0000 2558.1487   10.7735
    7.5000   -7.5000  -15.0000 2530.0310   11.0709
   -7.5000    0.0000  -15.0000 2652.6108    9.8080
    0.0000    0.0000  -15.0000 2664.4893    9.7633
    7.5000    0.0000  -15.0000 2633.7488   10.0524
   -7.5000    7.5000  -15.0000 2753.7461    9.0231
    0.0000    7.5000  -15.0000 2765.7844    8.9748
    7.5000    7.5000  -15.0000 2730.8384    9.2584
   -7.5000   15.0000  -15.0000 2843.7039    8.4733
    0.0000   15.0000  -15.0000 2852.4233    8.4392
    7.5000   15.0000  -15.0000 2813.9216    8.7240
   -7.5000   22.5000  -15.0000 2918.8147    8.2305
    0.0000   22.5000  -15.0000 2931.1501    8.2313
    7.5000   22.5000  -15.0000 2888.1289    8.4433
   -7.5000   30.0000  -15.0000 2953.3445    8.2321
    0.0000   30.0000  -15.0000 2979.6052    8.2023
    7.5000   30.0000  -15.0000 2919.9197    8.4121
   -7.5000   37.5000  -15.0000 2960.4033    8.2766
    0.0000   37.5000  -15.0000 2969.3557    8.2025
    7.5000   37.5000  -15.0000 2915.6138    8.4817
   -7.5000   45.0000  -15.0000 2900.1509    8.6142
    0.0000   45.0000  -15.0000 2905.1636    8.5556
    7.5000   45.0000  -15.0000 2863.7051    8.7761
   -7.5000   52.5000  -15.0000 2774.5835    9.1157
    0.0000   52.5000  -15.0000 2784.6147    9.0700
    7.5000   52.5000  -15.0000 2747.1968    9.2728
   -7.5000   60.0000  -15.0000 2600.2820    9.7078
    0.0000   60.0000  -15.0000 2609.7058    9.6652
    7.5000   60.0000  -15.0000 2575.0249    9.8597
   -7.5000  -30.0000   -7.5000 2168.3171   15.4823
    0.0000  -30.0000   -7.5000 2173.2664   15.4951
    7.5000  -30.0000   -7.5000 2136.7300   15.8664
   -7.5000  -22.5000   -7.5000 2319.6458   13.4958
    0.0000  -22.5000   -7.5000 2324.4719   13.4937
    7.5000  -22.5000   -7.5000 2289.9797   13.8526
   -7.5000  -15.0000   -7.5000 2450.1191   11.9515
    0.0000  -15.0000   -7.5000 2454.1804   11.9367
    7.5000  -15.0000   -7.5000 2421.0264   12.2770
   -7.5000   -7.5000   -7.5000 2567.0667   10.6989
    0.0000   -7.5000   -7.5000 2575.3247   10.6761
    7.5000   -7.5000   -7.5000 2541.9443   10.9882
   -7.5000    0.0000   -7.5000 2672.4136    9.6885
    0.0000    0.0000   -7.5000 2682.7173    9.6576
    7.5000    0.0000   -7.5000 2646.4626    9.9629
   -7.5000    7.5000   -7.5000 2774.4724    8.9012
    0.0000    7.5000   -7.5000 2786.4082    8.8521
    7.5000    7.5000   -7.5000 2749.9375    9.1683
   -7.5000   15.0000   -7.5000 2865.4631    8.3707
    0.0000   15.0000   -7.5000 2877.1523    8.3184
    7.5000   15.0000   -7.5000 2834.4448    8.6413
   -7.5000   22.5000   -7.5000 2950.6626    8.1450
    0.0000   22.5000   -7.5000 2963.1123    8.1245
    7.5000   22.5000   -7.5000 2904.0071    8.3676
   -7.5000   30.0000   -7.5000 2983.3970    8.1619
    0.0000   30.0000   -7.5000 3008.2119    8.1419
    7.5000   30.0000   -7.5000 2937.4607    8.3273
   -7.5000   37.5000   -7.5000 2967.1262    8.2680
    0.0000   37.5000   -7.5000 2983.8103    8.2332
    7.5000   37.5000   -7.5000 2926.8276    8.4294
   -7.5000   45.0000   -7.5000 2908.3948    8.5245
    0.0000   45.0000   -7.5000 2918.1526    8.5066
    7.5000   45.0000   -7.5000 2869.1262    8.6717
   -7.5000   52.5000   -7.5000 2786.0413    8.9727
    0.0000   52.5000   -7.5000 2794.5339    8.9394
    7.5000   52.5000   -7.5000 2752.1763    9.1083
   -7.5000   60.0000   -7.5000 2608.6877    9.5297
    0.0000   60.0000   -7.5000 2613.5715    9.4979
    7.5000   60.0000   -7.5000 2580.9817    9.6656
   -7.5000  -30.0000    0.0000 2157.1125   15.5242
    0.0000  -30.0000    0.0000 2158.8279   15.5418
    7.5000  -30.0000    0.0000 2129.3354   15.9559
   -7.5000  -22.5000    0.0000 2313.2815   13.5096
    0.0000  -22.5000    0.0000 2317.3298   13.5294
    7.5000  -22.5000    0.0000 2282.9817   13.8952
   -7.5000  -15.0000    0.0000 2449.7944   11.9367
    0.0000  -15.0000    0.0000 2455.5222   11.9551
    7.5000  -15.0000    0.0000 2419.4292   12.3057
   -7.5000   -7.5000    0.0000 2574.3027   10.6962
    0.0000   -7.5000    0.0000 2580.1157   10.6884
    7.5000   -7.5000    0.0000 2546.4834   11.0063
   -7.5000    0.0000    0.0000 2681.7834    9.7072
    0.0000    0.0000    0.0000 2688.3271    9.6949
    7.5000    0.0000    0.0000 2652.9368   10.0009
   -7.5000    7.5000    0.0000 2782.8015    8.9502
    0.0000    7.5000    0.0000 2789.1953    8.9383
    7.5000    7.5000    0.0000 2753.7388    9.2612
   -7.5000   15.0000    0.0000 2880.5337    8.4790
    0.0000   15.0000    0.0000 2881.4495    8.4743
    7.5000   15.0000    0.0000 2832.5791    8.7625
   -7.5000   22.5000    0.0000 2957.8093    8.3271
    0.0000   22.5000    0.0000 2957.5703    8.3075
    7.5000   22.5000    0.0000 2896.2117    8.4859
   -7.5000   30.0000    0.0000 2981.9731    8.2700
    0.0000   30.0000    0.0000 2991.9241    8.2729
    7.5000   30.0000    0.0000 2919.8423    8.4372
   -7.5000   37.5000    0.0000 2953.4084    8.3329
    0.0000   37.5000    0.0000 2964.9802    8.3385
    7.5000   37.5000    0.0000 2904.5867    8.4944
   -7.5000   45.0000    0.0000 2889.2161    8.5809
    0.0000   45.0000    0.0000 2902.7981    8.5739
    7.5000   45.0000    0.0000 2849.0461    8.7093
   -7.5000   52.5000    0.0000 2762.8638    9.0110
    0.0000   52.5000    0.0000 2771.8623    9.0007
    7.5000   52.5000    0.0000 2734.9265    9.1333
   -7.5000   60.0000    0.0000 2589.5654    9.5612
    0.0000   60.0000    0.0000 2593.9001    9.5507
    7.5000   60.0000    0.0000 2565.1301    9.6911
   -7.5000  -30.0000    7.5000 2131.4585   15.7989
    0.0000  -30.0000    7.5000 2134.8323   15.8208
    7.5000  -30.0000    7.5000 2108.7097   16.2739
   -7.5000  -22.5000    7.5000 2297.7908   13.7103
    0.0000  -22.5000    7.5000 2301.4551   13.7446
    7.5000  -22.5000    7.5000 2269.1504   14.1373
   -7.5000  -15.0000    7.5000 2439.0071   12.1078
    0.0000  -15.0000    7.5000 2443.1462   12.1257
    7.5000  -15.0000    7.5000 2408.0908   12.4716
   -7.5000   -7.5000    7.5000 2568.2683   10.8639
    0.0000   -7.5000    7.5000 2571.5122   10.8769
    7.5000   -7.5000    7.5000 2535.2292   11.1868
   -7.5000    0.0000    7.5000 2676.5901    9.8998
    0.0000    0.0000    7.5000 2680.2327    9.9039
    7.5000    0.0000    7.5000 2639.9099   10.2165
   -7.5000    7.5000    7.5000 2781.3484    9.1856
    0.0000    7.5000    7.5000 2784.1028    9.1878
    7.5000    7.5000    7.5000 2737.8237    9.4857
   -7.5000   15.0000    7.5000 2875.9402    8.7713
    0.0000   15.0000    7.5000 2874.2283    8.7596
    7.5000   15.0000    7.5000 2820.5029    8.9786
   -7.5000   22.5000    7.5000 2937.7009    8.5604
    0.0000   22.5000    7.5000 2934.8660    8.5458
    7.5000   22.5000    7.5000 2870.2803    8.7164
   -7.5000   30.0000    7.5000 2945.3252    8.4402
    0.0000   30.0000    7.5000 2942.1599    8.4498
    7.5000   30.0000    7.5000 2881.6489    8.6592
   -7.5000   37.5000    7.5000 2912.6299    8.5374
    0.0000   37.5000    7.5000 2917.6470    8.5176
    7.5000   37.5000    7.5000 2860.0334    8.7297
   -7.5000   45.0000    7.5000 2847.4321    8.8251
    0.0000   45.0000    7.5000 2856.4492    8.7820
    7.5000   45.0000    7.5000 2808.4526    8.9659
   -7.5000   52.5000    7.5000 2725.0239    9.2490
    0.0000   52.5000    7.5000 2731.3369    9.2056
    7.5000   52.5000    7.5000 2699.6252    9.3763
   -7.5000   60.0000    7.5000 2556.0393    9.7576
    0.0000   60.0000    7.5000 2561.4553    9.7405
    7.5000   60.0000    7.5000 2533.6562    9.9014
   -7.5000  -30.0000   15.0000 2099.8823   16.2750
    0.0000  -30.0000   15.0000 2103.4348   16.2734
    7.5000  -30.0000   15.0000 2079.1577   16.7208
   -7.5000  -22.5000   15.0000 2268.8005   14.1296
    0.0000  -22.5000   15.0000 2269.3286   14.1187
    7.5000  -22.5000   15.0000 2238.5261   14.5261
   -7.5000  -15.0000   15.0000 2411.9541   12.4911
    0.0000  -15.0000   15.0000 2414.0845   12.4934
    7.5000  -15.0000   15.0000 2380.5591   12.8481
   -7.5000   -7.5000   15.0000 2544.0491   11.2193
    0.0000   -7.5000   15.0000 2549.4995   11.2280
    7.5000   -7.5000   15.0000 2506.5034   11.5574
   -7.5000    0.0000   15.0000 2658.3320   10.2603
    0.0000    0.0000   15.0000 2658.5750   10.2560
    7.5000    0.0000   15.0000 2607.9915   10.5817
   -7.5000    7.5000   15.0000 2762.6038    9.5890
    0.0000    7.5000   15.0000 2761.8552    9.5613
    7.5000    7.5000   15.0000 2707.7595    9.8402
   -7.5000   15.0000   15.0000 2846.2495    9.1618
    0.0000   15.0000   15.0000 2845.3254    9.1146
    7.5000   15.0000   15.0000 2787.5566    9.3339
   -7.5000   22.5000   15.0000 2892.6648    8.8632
    0.0000   22.5000   15.0000 2887.1072    8.8528
    7.5000   22.5000   15.0000 2824.7139    9.0845
   -7.5000   30.0000   15.0000 2886.6128    8.7769
    0.0000   30.0000   15.0000 2881.9490    8.7675
    7.5000   30.0000   15.0000 2829.1526    9.0154
   -7.5000   37.5000   15.0000 2853.6116    8.9082
    0.0000   37.5000   15.0000 2853.1265    8.8693
    7.5000   37.5000   15.0000 2801.7588    9.1077
   -7.5000   45.0000   15.0000 2786.9619    9.2080
    0.0000   45.0000   15.0000 2792.3809    9.1621
    7.5000   45.0000   15.0000 2750.2983    9.3755
   -7.5000   52.5000   15.0000 2669.6448    9.6376
    0.0000   52.5000   15.0000 2671.7000    9.5830
    7.5000   52.5000   15.0000 2641.2639    9.7779
   -7.5000   60.0000   15.0000 2507.8894   10.1092
    0.0000   60.0000   15.0000 2509.8926   10.0544
    7.5000   60.0000   15.0000 2483.4050   10.2579
   -7.5000  -30.0000   22.5000 2072.1335   16.9455
    0.0000  -30.0000   22.5000 2074.0383   16.9612
    7.5000  -30.0000   22.5000 2046.7462   17.3987
   -7.5000  -22.5000   22.5000 2237.3455   14.7186
    0.0000  -22.5000   22.5000 2236.0444   14.7308
    7.5000  -22.5000   22.5000 2205.5640   15.1222
   -7.5000  -15.0000   22.5000 2379.2412   13.0066
    0.0000  -15.0000   22.5000 2380.1284   13.0243
    7.5000  -15.0000   22.5000 2345.0874   13.3841
   -7.5000   -7.5000   22.5000 2508.9731   11.7053
    0.0000   -7.5000   22.5000 2511.5103   11.7131
    7.5000   -7.5000   22.5000 2467.8577   12.0578
   -7.5000    0.0000   22.5000 2621.3235   10.7598
    0.0000    0.0000   22.5000 2622.0427   10.7387
    7.5000    0.0000   22.5000 2571.2463   11.0669
   -7.5000    7.5000   22.5000 2720.2854   10.0868
    0.0000    7.5000   22.5000 2716.9846   10.0634
    7.5000    7.5000   22.5000 2667.3445   10.3305
   -7.5000   15.0000   22.5000 2794.6008    9.6113
    0.0000   15.0000   22.5000 2791.6445    9.5836
    7.5000   15.0000   22.5000 2736.7849    9.8343
   -7.5000   22.5000   22.5000 2834.3372    9.3158
    0.0000   22.5000   22.5000 2828.1824    9.3182
    7.5000   22.5000   22.5000 2769.2563    9.5871
   -7.5000   30.0000   22.5000 2825.1477    9.2621
    0.0000   30.0000   22.5000 2819.1853    9.2670
    7.5000   30.0000   22.5000 2771.2444    9.5001
   -7.5000   37.5000   22.5000 2782.0378    9.3987
    0.0000   37.5000   22.5000 2783.5264    9.3798
    7.5000   37.5000   22.5000 2739.9707    9.6009
   -7.5000   45.0000   22.5000 2715.0334    9.6918
    0.0000   45.0000   22.5000 2718.0664    9.6622
    7.5000   45.0000   22.5000 2680.9741    9.8646
   -7.5000   52.5000   22.5000 2601.8667   10.1032
    0.0000   52.5000   22.5000 2602.6499   10.0700
    7.5000   52.5000   22.5000 2575.8547   10.2501
   -7.5000   60.0000   22.5000 2448.2051   10.5659
    0.0000   60.0000   22.5000 2446.9417   10.5134
    7.5000   60.0000   22.5000 2422.8755   10.7077
   -7.5000  -30.0000   30.0000 2039.1461   17.8186
    0.0000  -30.0000   30.0000 2035.0978   17.8548
    7.5000  -30.0000   30.0000 2007.8478   18.3227
   -7.5000  -22.5000   30.0000 2203.7490   15.4402
    0.0000  -22.5000   30.0000 2196.9812   15.4789
    7.5000  -22.5000   30.0000 2164.5439   15.9029
   -7.5000  -15.0000   30.0000 2340.2668   13.6760
    0.0000  -15.0000   30.0000 2336.2427   13.6992
    7.5000  -15.0000   30.0000 2298.3240   14.0699
   -7.5000   -7.5000   30.0000 2462.8296   12.3551
    0.0000   -7.5000   30.0000 2463.8662   12.3749
    7.5000   -7.5000   30.0000 2419.8877   12.7194
   -7.5000    0.0000   30.0000 2572.1162   11.4133
    0.0000    0.0000   30.0000 2570.6133   11.4071
    7.5000    0.0000   30.0000 2519.4973   11.7058
   -7.5000    7.5000   30.0000 2662.6240   10.7128
    0.0000    7.5000   30.0000 2656.7175   10.7020
    7.5000    7.5000   30.0000 2608.6758   10.9608
   -7.5000   15.0000   30.0000 2725.6135   10.2156
    0.0000   15.0000   30.0000 2723.9829   10.2084
    7.5000   15.0000   30.0000 2670.0840   10.4889
   -7.5000   22.5000   30.0000 2756.5667    9.9397
    0.0000   22.5000   30.0000 2749.7876    9.9467
    7.5000   22.5000   30.0000 2701.2441   10.2033
   -7.5000   30.0000   30.0000 2749.1016    9.8781
    0.0000   30.0000   30.0000 2744.8652    9.8888
    7.5000   30.0000   30.0000 2697.2100   10.1104
   -7.5000   37.5000   30.0000 2701.5208   10.0166
    0.0000   37.5000   30.0000 2702.3118   10.0198
    7.5000   37.5000   30.0000 2660.5405   10.2187
   -7.5000   45.0000   30.0000 2633.3337   10.3011
    0.0000   45.0000   30.0000 2634.6958   10.2842
    7.5000   45.0000   30.0000 2601.8618   10.4792
   -7.5000   52.5000   30.0000 2524.5850   10.6712
    0.0000   52.5000   30.0000 2529.4128   10.6584
    7.5000   52.5000   30.0000 2499.0955   10.8382
   -7.5000   60.0000   30.0000 2377.4812   11.1275
    0.0000   60.0000   30.0000 2379.3257   11.0924
    7.5000   60.0000   30.0000 2353.3018   11.2790
   -7.5000  -30.0000   37.5000 1996.2252   18.9068
    0.0000  -30.0000   37.5000 1991.0309   18.8980
    7.5000  -30.0000   37.5000 1961.5420   19.4645
   -7.5000  -22.5000   37.5000 2160.9368   16.4251
    0.0000  -22.5000   37.5000 2152.2744   16.4122
    7.5000  -22.5000   37.5000 2117.7922   16.8954
   -7.5000  -15.0000   37.5000 2292.2590   14.5763
    0.0000  -15.0000   37.5000 2289.0281   14.5844
    7.5000  -15.0000   37.5000 2245.9163   14.9789
   -7.5000   -7.5000   37.5000 2411.1252   13.2140
    0.0000   -7.5000   37.5000 2409.9358   13.2185
    7.5000   -7.5000   37.5000 2364.6155   13.5636
   -7.5000    0.0000   37.5000 2513.2705   12.2166
    0.0000    0.0000   37.5000 2509.9915   12.2189
    7.5000    0.0000   37.5000 2461.7500   12.4961
   -7.5000    7.5000   37.5000 2593.2903   11.4932
    0.0000    7.5000   37.5000 2588.6255   11.4821
    7.5000    7.5000   37.5000 2540.8308   11.7655
   -7.5000   15.0000   37.5000 2642.5618   10.9900
    0.0000   15.0000   37.5000 2639.4290   10.9849
    7.5000   15.0000   37.5000 2590.6587   11.2517
   -7.5000   22.5000   37.5000 2664.3701   10.7030
    0.0000   22.5000   37.5000 2657.9104   10.7252
    7.5000   22.5000   37.5000 2618.7432   10.9366
   -7.5000   30.0000   37.5000 2660.3708   10.6185
    0.0000   30.0000   37.5000 2654.8357   10.6256
    7.5000   30.0000   37.5000 2614.4595   10.8460
   -7.5000   37.5000   37.5000 2616.8062   10.7614
    0.0000   37.5000   37.5000 2616.6406   10.7745
    7.5000   37.5000   37.5000 2578.6960   10.9671
   -7.5000   45.0000   37.5000 2546.8350   11.0363
    0.0000   45.0000   37.5000 2549.4658   11.0200
    7.5000   45.0000   37.5000 2517.6304   11.2252
   -7.5000   52.5000   37.5000 2447.2693   11.3840
    0.0000   52.5000   37.5000 2446.7209   11.3720
    7.5000   52.5000   37.5000 2414.2041   11.5691
   -7.5000   60.0000   37.5000 2304.6309   11.8365
    0.0000   60.0000   37.5000 2302.8589   11.8175
    7.5000   60.0000   37.5000 2275.3877   11.9810
   -7.5000  -30.0000   45.0000 1942.6417   20.2615
    0.0000  -30.0000   45.0000 1938.9977   20.2617
    7.5000  -30.0000   45.0000 1905.7767   20.8712
   -7.5000  -22.5000   45.0000 2104.2571   17.6481
    0.0000  -22.5000   45.0000 2096.7146   17.6194
    7.5000  -22.5000   45.0000 2057.3491   18.1216
   -7.5000  -15.0000   45.0000 2234.2769   15.7054
    0.0000  -15.0000   45.0000 2226.7014   15.6897
    7.5000  -15.0000   45.0000 2185.0093   16.1049
   -7.5000   -7.5000   45.0000 2349.8188   14.2657
    0.0000   -7.5000   45.0000 2342.2461   14.2834
    7.5000   -7.5000   45.0000 2297.5708   14.6033
   -7.5000    0.0000   45.0000 2442.3433   13.1981
    0.0000    0.0000   45.0000 2435.7075   13.2059
    7.5000    0.0000   45.0000 2393.0322   13.4839
   -7.5000    7.5000   45.0000 2514.3525   12.4393
    0.0000    7.5000   45.0000 2510.0037   12.4300
    7.5000    7.5000   45.0000 2461.9666   12.7271
   -7.5000   15.0000   45.0000 2555.2212   11.9150
    0.0000   15.0000   45.0000 2549.9753   11.9144
    7.5000   15.0000   45.0000 2504.0347   12.1629
   -7.5000   22.5000   45.0000 2570.8669   11.6056
    0.0000   22.5000   45.0000 2565.4661   11.6223
    7.5000   22.5000   45.0000 2524.7395   11.8323
   -7.5000   30.0000   45.0000 2563.7278   11.4949
    0.0000   30.0000   45.0000 2559.7292   11.5205
    7.5000   30.0000   45.0000 2520.7036   11.7178
   -7.5000   37.5000   45.0000 2524.1897   11.6137
    0.0000   37.5000   45.0000 2522.9761   11.6460
    7.5000   37.5000   45.0000 2488.1484   11.8317
   -7.5000   45.0000   45.0000 2459.7031   11.8860
    0.0000   45.0000   45.0000 2460.9038   11.9042
    7.5000   45.0000   45.0000 2427.8813   12.0869
   -7.5000   52.5000   45.0000 2364.0935   12.2391
    0.0000   52.5000   45.0000 2361.7732   12.2362
    7.5000   52.5000   45.0000 2330.2769   12.4423
   -7.5000   60.0000   45.0000 2222.5178   12.7007
    0.0000   60.0000   45.0000 2222.8674   12.6951
    7.5000   60.0000   45.0000 2194.0217   12.8640

---------------------------------------------------------------------
imgreg_4dfp /opt/freesurfer/average/711-2C_as_mni_average_305 /opt/freesurfer/average/711-2B_as_mni_average_305_mask talsrcimg_g11 none talsrcimg_to_711-2C_as_mni_average_305_t4 1283
---------------------------------------------------------------------

freesurfer imgreg_4dfp.c
/opt/freesurfer/average/711-2C_as_mni_average_305.4dfp.img
       256       256       256         1
  1.000000  1.000000  1.000000
orientation T byte_order littleendian
Reading image: /opt/freesurfer/average/711-2C_as_mni_average_305.4dfp.img
dimensions:      256       256       256
mmppix:       1.0000   -1.0000   -1.0000
center:     128.0000 -129.0000 -129.0000
/opt/freesurfer/average/711-2B_as_mni_average_305_mask.4dfp.img
       256       256       256         1
  1.000000  1.000000  1.000000
orientation T byte_order littleendian
Reading mask: /opt/freesurfer/average/711-2B_as_mni_average_305_mask.4dfp.img (2306576 pixels)
talsrcimg_g11.4dfp.img
       256       256       256         1
  1.000000  1.000000  1.000000
orientation T byte_order littleendian
Reading image: talsrcimg_g11.4dfp.img
dimensions:      256       256       256
mmppix:       1.0000   -1.0000   -1.0000
center:     128.0000 -129.0000 -129.0000
rotation matrix determinant  1.000000
fimgreg.f
image alignment mode   1283 decimal      503 hex
parameters
    0.0000   30.0000   -7.5000    0.0000    0.0000    0.0000
eta,q 0.94548  8.11517
niter,ni,del,rscale     5    3   12.0000    1.2000
parameter  5 -0.575374 -> -0.500000 qaram    1.1500
parameters
   -1.6098   30.6459   -6.5678    0.2763    3.4500   -0.9571
eta,q 0.94838  8.06440
  0.0629  0.0653  0.0612  0.0588  0.0642  0.0537
  0.0568  0.0596  0.0574  0.0554  0.0602  0.0523
  0.0538  0.0551  0.0548  0.0532  0.0563  0.0516
  0.0550  0.0535  0.0534  0.0532  0.0534  0.0518
  0.0611  0.0545  0.0534  0.0545  0.0521  0.0525
  0.0686  0.0572  0.0548  0.0558  0.0518  0.0537
  0.0748  0.0608  0.0576  0.0567  0.0531  0.0551
niter,ni,del,rscale     5    3   12.0000    1.2000
parameters
   -2.9935   30.5190   -6.0274    0.8351    4.4963   -2.1041
eta,q 0.95018  8.07364
  0.0602  0.0596  0.0576  0.0553  0.0619  0.0525
  0.0546  0.0540  0.0543  0.0523  0.0569  0.0508
  0.0508  0.0507  0.0518  0.0504  0.0530  0.0499
  0.0516  0.0505  0.0504  0.0504  0.0506  0.0501
  0.0567  0.0522  0.0506  0.0513  0.0503  0.0511
  0.0643  0.0553  0.0523  0.0524  0.0527  0.0530
  0.0720  0.0594  0.0558  0.0528  0.0572  0.0548
niter,ni,del,rscale     4    3   12.0000    1.2000
parameters
   -3.5756   30.0907   -5.8510    1.8377    5.1964   -2.2914
eta,q 0.95072  8.07353
  0.0628  0.0581  0.0560  0.0547  0.0612  0.0533
  0.0564  0.0521  0.0528  0.0518  0.0565  0.0516
  0.0511  0.0490  0.0503  0.0498  0.0522  0.0499
  0.0498  0.0497  0.0493  0.0493  0.0496  0.0493
  0.0538  0.0521  0.0499  0.0500  0.0500  0.0500
  0.0607  0.0551  0.0519  0.0510  0.0530  0.0518
  0.0682  0.0591  0.0556  0.0514  0.0581  0.0540
niter,ni,del,rscale     3    3   12.0000    1.2000
parameters
   -3.9271   29.3556   -5.5645    3.0772    5.5582   -2.2465
eta,q 0.95129  8.06319
  0.0640  0.0570  0.0554  0.0549  0.0603  0.0538
  0.0570  0.0504  0.0523  0.0520  0.0553  0.0516
  0.0511  0.0479  0.0495  0.0493  0.0510  0.0496
  0.0493  0.0492  0.0484  0.0484  0.0488  0.0487
  0.0529  0.0524  0.0491  0.0491  0.0498  0.0495
  0.0599  0.0553  0.0510  0.0498  0.0533  0.0514
  0.0672  0.0588  0.0545  0.0509  0.0586  0.0537
niter,ni,del,rscale     2    3   12.0000    1.2000
parameters
   -4.1453   28.6136   -5.1833    3.9081    5.6819   -2.3190
eta,q 0.95188  8.05996
  0.0643  0.0570  0.0546  0.0550  0.0593  0.0536
  0.0574  0.0496  0.0517  0.0513  0.0540  0.0509
  0.0511  0.0474  0.0491  0.0483  0.0499  0.0488
  0.0487  0.0487  0.0479  0.0479  0.0481  0.0481
  0.0520  0.0520  0.0485  0.0485  0.0495  0.0491
  0.0591  0.0554  0.0503  0.0494  0.0532  0.0512
  0.0665  0.0585  0.0534  0.0515  0.0587  0.0537
niter,ni,del,rscale     1    3   12.0000    1.2000
parameters
   -4.2815   28.2734   -4.9337    4.2746    5.7501   -2.3994
eta,q 0.95214  8.06170
  0.0642  0.0585  0.0541  0.0543  0.0589  0.0535
  0.0574  0.0502  0.0513  0.0502  0.0536  0.0506
  0.0509  0.0473  0.0489  0.0478  0.0495  0.0484
  0.0481  0.0481  0.0478  0.0478  0.0479  0.0479
  0.0511  0.0511  0.0484  0.0484  0.0493  0.0489
  0.0582  0.0545  0.0505  0.0498  0.0530  0.0509
  0.0660  0.0579  0.0533  0.0522  0.0587  0.0536
registration optimization eta report
parameter search radius
    6.0000    6.0000    6.0000    6.0000    6.9000    6.0000
100000*second partial in parameter space
       45.       28.       16.       16.       23.       15.
  0.0642  0.0585  0.0541  0.0543  0.0589  0.0535
  0.0574  0.0502  0.0513  0.0502  0.0536  0.0506
  0.0509  0.0473  0.0489  0.0478  0.0495  0.0484
  0.0481  0.0481  0.0478  0.0478  0.0479  0.0479
  0.0511  0.0511  0.0484  0.0484  0.0493  0.0489
  0.0582  0.0545  0.0505  0.0498  0.0530  0.0509
  0.0660  0.0579  0.0533  0.0522  0.0587  0.0536
   -4.2815   28.2734   -4.9337    4.2746    5.7501   -2.3994
eta,q 0.95214  8.06170

---------------------------------------------------------------------
imgreg_4dfp /opt/freesurfer/average/711-2C_as_mni_average_305 /opt/freesurfer/average/711-2B_as_mni_average_305_mask talsrcimg_g11 none talsrcimg_to_711-2C_as_mni_average_305_t4 3335
---------------------------------------------------------------------

freesurfer imgreg_4dfp.c
/opt/freesurfer/average/711-2C_as_mni_average_305.4dfp.img
       256       256       256         1
  1.000000  1.000000  1.000000
orientation T byte_order littleendian
Reading image: /opt/freesurfer/average/711-2C_as_mni_average_305.4dfp.img
dimensions:      256       256       256
mmppix:       1.0000   -1.0000   -1.0000
center:     128.0000 -129.0000 -129.0000
/opt/freesurfer/average/711-2B_as_mni_average_305_mask.4dfp.img
       256       256       256         1
  1.000000  1.000000  1.000000
orientation T byte_order littleendian
Reading mask: /opt/freesurfer/average/711-2B_as_mni_average_305_mask.4dfp.img (2306576 pixels)
talsrcimg_g11.4dfp.img
       256       256       256         1
  1.000000  1.000000  1.000000
orientation T byte_order littleendian
Reading image: talsrcimg_g11.4dfp.img
dimensions:      256       256       256
mmppix:       1.0000   -1.0000   -1.0000
center:     128.0000 -129.0000 -129.0000
fimgreg.f
image alignment mode   3335 decimal      D07 hex
parameters
   -4.2815   28.2734   -4.9337   -0.5904   -0.3343   -0.7799
    3.4287  -10.2944   -4.1654   -7.0289   10.0189    7.4162
eta,q 0.95227  8.10991
niter,ni,del,rscale     5    3    5.0000    1.2000
parameter  4  0.848295 ->  0.500000 qaram    1.1500
parameter  5  1.189607 ->  0.500000 qaram    1.1500
parameter  6  1.372287 ->  0.500000 qaram    1.1500
parameter 12  0.623366 ->  0.500000 qaram    1.1500
parameters
   -4.6070   28.5965   -5.3668   -4.7304   -4.4743   -4.9199
    3.8258   -8.9763   -3.6967   -9.7359    8.8669    3.2762
eta,q 0.95932  7.61547
  0.0497  0.0497  0.0481  0.0448  0.0423  0.0414  0.0437  0.0456  0.0427  0.0420  0.0418  0.0409
  0.0484  0.0487  0.0477  0.0449  0.0428  0.0414  0.0426  0.0438  0.0420  0.0413  0.0414  0.0407
  0.0477  0.0480  0.0475  0.0456  0.0437  0.0422  0.0419  0.0424  0.0416  0.0411  0.0411  0.0408
  0.0477  0.0477  0.0476  0.0476  0.0450  0.0430  0.0416  0.0415  0.0415  0.0414  0.0411  0.0411
  0.0483  0.0477  0.0478  0.0505  0.0469  0.0438  0.0417  0.0416  0.0415  0.0422  0.0414  0.0416
  0.0495  0.0481  0.0481  0.0542  0.0491  0.0446  0.0423  0.0423  0.0419  0.0434  0.0418  0.0424
  0.0511  0.0489  0.0485  0.0585  0.0517  0.0462  0.0433  0.0435  0.0424  0.0450  0.0425  0.0433
niter,ni,del,rscale     7    3    5.0000    1.2000
parameters
   -4.3750   28.4410   -5.5074   -8.3453   -7.7085   -5.5999
    4.6674   -8.7754   -2.1447   -6.2937    7.5782    3.7008
eta,q 0.95997  7.28822
  0.0437  0.0420  0.0417  0.0407  0.0411  0.0420  0.0423  0.0430  0.0419  0.0431  0.0406  0.0414
  0.0422  0.0412  0.0411  0.0408  0.0407  0.0413  0.0414  0.0416  0.0412  0.0420  0.0402  0.0407
  0.0412  0.0407  0.0407  0.0407  0.0405  0.0407  0.0408  0.0407  0.0408  0.0411  0.0401  0.0402
  0.0407  0.0407  0.0406  0.0406  0.0408  0.0405  0.0405  0.0405  0.0405  0.0405  0.0401  0.0400
  0.0408  0.0409  0.0408  0.0416  0.0415  0.0409  0.0406  0.0407  0.0405  0.0401  0.0402  0.0401
  0.0415  0.0415  0.0413  0.0441  0.0426  0.0415  0.0410  0.0415  0.0407  0.0401  0.0406  0.0405
  0.0428  0.0423  0.0420  0.0476  0.0447  0.0427  0.0416  0.0427  0.0411  0.0406  0.0412  0.0411
niter,ni,del,rscale     6    3    5.0000    1.2000
parameter 10 -0.761747 -> -0.500000 qaram    1.1500
parameters
   -4.4514   29.4138   -5.8740  -12.0618  -11.3620   -6.6659
    4.1072   -8.7346   -1.2271   -2.1537    5.7730    5.0384
eta,q 0.96154  6.96810
  0.0416  0.0425  0.0405  0.0396  0.0394  0.0402  0.0405  0.0417  0.0402  0.0413  0.0389  0.0397
  0.0407  0.0414  0.0401  0.0393  0.0393  0.0397  0.0397  0.0403  0.0397  0.0404  0.0386  0.0391
  0.0402  0.0405  0.0398  0.0394  0.0392  0.0393  0.0393  0.0394  0.0393  0.0397  0.0385  0.0387
  0.0400  0.0400  0.0398  0.0398  0.0393  0.0392  0.0392  0.0392  0.0392  0.0391  0.0385  0.0385
  0.0402  0.0398  0.0401  0.0400  0.0399  0.0395  0.0395  0.0395  0.0392  0.0387  0.0388  0.0385
  0.0408  0.0399  0.0405  0.0408  0.0411  0.0400  0.0401  0.0403  0.0394  0.0385  0.0392  0.0387
  0.0419  0.0403  0.0411  0.0429  0.0428  0.0410  0.0409  0.0415  0.0398  0.0387  0.0397  0.0391
niter,ni,del,rscale     6    3    5.0000    1.2000
parameter  2 -0.654992 -> -0.500000 qaram    1.1500
parameter 10 -0.508734 -> -0.500000 qaram    1.3225
parameters
   -4.4038   30.7938   -6.4267  -13.9405  -14.9038   -9.1915
    2.8153   -8.1584   -3.3086    2.6073    8.2371    7.3948
eta,q 0.96318  6.79146
  0.0406  0.0412  0.0384  0.0389  0.0379  0.0381  0.0386  0.0403  0.0381  0.0398  0.0383  0.0382
  0.0394  0.0400  0.0381  0.0383  0.0377  0.0378  0.0379  0.0388  0.0376  0.0387  0.0377  0.0376
  0.0387  0.0391  0.0380  0.0378  0.0376  0.0376  0.0376  0.0379  0.0374  0.0379  0.0373  0.0372
  0.0385  0.0385  0.0380  0.0379  0.0378  0.0376  0.0376  0.0375  0.0375  0.0374  0.0370  0.0369
  0.0387  0.0381  0.0382  0.0386  0.0383  0.0381  0.0380  0.0377  0.0379  0.0371  0.0369  0.0368
  0.0394  0.0380  0.0386  0.0392  0.0393  0.0386  0.0388  0.0384  0.0385  0.0370  0.0370  0.0370
  0.0404  0.0381  0.0391  0.0399  0.0408  0.0395  0.0397  0.0394  0.0393  0.0374  0.0372  0.0373
niter,ni,del,rscale     7    3    5.0000    1.2000
parameters
   -4.1415   32.0740   -7.2610  -14.1182  -16.4651  -11.4654
    3.5371   -7.9674   -3.7504    3.0793    7.6185    8.2987
eta,q 0.96367  6.69765
  0.0392  0.0399  0.0367  0.0383  0.0374  0.0371  0.0384  0.0388  0.0375  0.0381  0.0369  0.0370
  0.0380  0.0384  0.0365  0.0375  0.0368  0.0367  0.0374  0.0375  0.0368  0.0371  0.0366  0.0367
  0.0372  0.0374  0.0364  0.0368  0.0365  0.0364  0.0367  0.0367  0.0365  0.0366  0.0364  0.0365
  0.0368  0.0368  0.0365  0.0364  0.0364  0.0364  0.0364  0.0364  0.0364  0.0364  0.0363  0.0363
  0.0369  0.0365  0.0367  0.0368  0.0367  0.0369  0.0365  0.0367  0.0366  0.0364  0.0365  0.0363
  0.0374  0.0366  0.0371  0.0377  0.0375  0.0378  0.0370  0.0374  0.0371  0.0368  0.0367  0.0365
  0.0384  0.0369  0.0376  0.0384  0.0390  0.0386  0.0377  0.0385  0.0378  0.0378  0.0371  0.0368
niter,ni,del,rscale     6    3    5.0000    1.2000
parameters
   -4.1357   32.4908   -8.0993  -13.7378  -16.7468  -13.1971
    3.9511   -7.7889   -3.6053    4.0696    7.4192    8.1609
eta,q 0.96380  6.68105
  0.0382  0.0379  0.0365  0.0383  0.0374  0.0370  0.0381  0.0385  0.0375  0.0379  0.0368  0.0368
  0.0372  0.0371  0.0363  0.0375  0.0369  0.0366  0.0371  0.0373  0.0368  0.0370  0.0365  0.0365
  0.0365  0.0366  0.0362  0.0367  0.0364  0.0363  0.0365  0.0365  0.0364  0.0365  0.0363  0.0363
  0.0363  0.0363  0.0363  0.0362  0.0362  0.0362  0.0362  0.0362  0.0362  0.0362  0.0362  0.0362
  0.0366  0.0364  0.0365  0.0365  0.0363  0.0365  0.0364  0.0365  0.0364  0.0362  0.0363  0.0362
  0.0372  0.0366  0.0368  0.0373  0.0368  0.0374  0.0369  0.0373  0.0368  0.0365  0.0365  0.0365
  0.0381  0.0372  0.0372  0.0380  0.0379  0.0382  0.0377  0.0383  0.0374  0.0374  0.0369  0.0369
niter,ni,del,rscale     5    3    5.0000    1.2000
parameters
   -4.1304   32.8870   -8.8215  -13.4842  -16.7620  -14.6069
    4.1430   -7.6951   -3.5142    4.9708    7.4009    7.8369
eta,q 0.96390  6.67341
  0.0380  0.0377  0.0364  0.0381  0.0373  0.0370  0.0379  0.0384  0.0374  0.0377  0.0368  0.0367
  0.0370  0.0369  0.0362  0.0373  0.0368  0.0366  0.0370  0.0372  0.0367  0.0369  0.0364  0.0364
  0.0364  0.0364  0.0361  0.0366  0.0364  0.0362  0.0364  0.0364  0.0363  0.0364  0.0362  0.0362
  0.0362  0.0362  0.0362  0.0361  0.0361  0.0361  0.0361  0.0361  0.0361  0.0361  0.0361  0.0361
  0.0364  0.0362  0.0364  0.0364  0.0361  0.0363  0.0363  0.0364  0.0363  0.0361  0.0362  0.0362
  0.0370  0.0365  0.0367  0.0372  0.0365  0.0371  0.0369  0.0372  0.0367  0.0364  0.0364  0.0364
  0.0380  0.0370  0.0371  0.0379  0.0376  0.0381  0.0377  0.0382  0.0373  0.0373  0.0368  0.0368
niter,ni,del,rscale     4    3    5.0000    1.2000
parameters
   -4.1052   33.2273   -9.4048  -13.3871  -16.7401  -15.7303
    4.2451   -7.6199   -3.4917    5.7249    7.3859    7.4900
eta,q 0.96395  6.66571
  0.0380  0.0375  0.0364  0.0380  0.0372  0.0370  0.0378  0.0383  0.0373  0.0376  0.0367  0.0366
  0.0370  0.0368  0.0361  0.0372  0.0367  0.0366  0.0369  0.0372  0.0366  0.0368  0.0364  0.0363
  0.0363  0.0363  0.0360  0.0365  0.0363  0.0362  0.0363  0.0364  0.0362  0.0363  0.0361  0.0361
  0.0361  0.0361  0.0361  0.0360  0.0360  0.0360  0.0361  0.0361  0.0361  0.0361  0.0360  0.0360
  0.0363  0.0361  0.0363  0.0364  0.0360  0.0362  0.0363  0.0364  0.0362  0.0360  0.0361  0.0361
  0.0369  0.0364  0.0365  0.0372  0.0364  0.0369  0.0368  0.0371  0.0366  0.0363  0.0364  0.0364
  0.0379  0.0369  0.0369  0.0379  0.0375  0.0379  0.0376  0.0382  0.0373  0.0373  0.0367  0.0368
niter,ni,del,rscale     3    3    5.0000    1.2000
parameters
   -4.0708   33.4886   -9.8544  -13.3765  -16.7025  -16.5750
    4.3066   -7.5400   -3.4823    6.2613    7.3611    7.1738
eta,q 0.96398  6.65801
  0.0379  0.0374  0.0364  0.0380  0.0372  0.0370  0.0377  0.0383  0.0372  0.0374  0.0367  0.0366
  0.0369  0.0367  0.0361  0.0371  0.0367  0.0366  0.0368  0.0371  0.0366  0.0367  0.0363  0.0363
  0.0363  0.0362  0.0360  0.0364  0.0362  0.0362  0.0362  0.0363  0.0362  0.0363  0.0361  0.0361
  0.0360  0.0360  0.0360  0.0360  0.0360  0.0360  0.0360  0.0360  0.0360  0.0360  0.0360  0.0360
  0.0363  0.0361  0.0362  0.0364  0.0360  0.0361  0.0363  0.0363  0.0362  0.0360  0.0361  0.0361
  0.0369  0.0364  0.0365  0.0372  0.0364  0.0367  0.0368  0.0371  0.0366  0.0363  0.0363  0.0363
  0.0378  0.0369  0.0368  0.0379  0.0374  0.0378  0.0376  0.0381  0.0372  0.0374  0.0367  0.0367
niter,ni,del,rscale     2    3    5.0000    1.2000
parameters
   -4.0378   33.6726  -10.1857  -13.3986  -16.6295  -17.1645
    4.3353   -7.4698   -3.4664    6.6095    7.3327    6.9039
eta,q 0.96399  6.65248
  0.0379  0.0373  0.0365  0.0379  0.0371  0.0370  0.0377  0.0382  0.0372  0.0374  0.0367  0.0366
  0.0369  0.0366  0.0362  0.0371  0.0366  0.0366  0.0368  0.0371  0.0366  0.0367  0.0363  0.0363
  0.0362  0.0362  0.0360  0.0364  0.0362  0.0362  0.0362  0.0363  0.0362  0.0363  0.0361  0.0361
  0.0360  0.0360  0.0360  0.0360  0.0360  0.0360  0.0360  0.0360  0.0360  0.0360  0.0360  0.0360
  0.0362  0.0361  0.0362  0.0364  0.0360  0.0361  0.0362  0.0363  0.0362  0.0359  0.0361  0.0361
  0.0368  0.0364  0.0364  0.0372  0.0363  0.0366  0.0368  0.0371  0.0366  0.0363  0.0363  0.0363
  0.0378  0.0370  0.0367  0.0379  0.0374  0.0377  0.0376  0.0381  0.0372  0.0374  0.0367  0.0367
niter,ni,del,rscale     1    3    5.0000    1.2000
parameters
   -4.0065   33.7960  -10.4278  -13.4184  -16.5796  -17.5720
    4.3433   -7.4165   -3.4478    6.8463    7.3554    6.6958
eta,q 0.96399  6.64851
  0.0379  0.0372  0.0365  0.0379  0.0371  0.0371  0.0377  0.0382  0.0372  0.0373  0.0367  0.0366
  0.0369  0.0365  0.0362  0.0371  0.0366  0.0366  0.0368  0.0371  0.0366  0.0367  0.0363  0.0363
  0.0362  0.0362  0.0360  0.0364  0.0362  0.0363  0.0362  0.0363  0.0362  0.0363  0.0361  0.0361
  0.0360  0.0360  0.0360  0.0360  0.0360  0.0360  0.0360  0.0360  0.0360  0.0360  0.0360  0.0360
  0.0362  0.0361  0.0361  0.0364  0.0360  0.0360  0.0362  0.0363  0.0362  0.0359  0.0361  0.0361
  0.0368  0.0364  0.0364  0.0372  0.0363  0.0366  0.0368  0.0371  0.0366  0.0363  0.0363  0.0363
  0.0377  0.0370  0.0367  0.0379  0.0374  0.0376  0.0376  0.0381  0.0372  0.0374  0.0367  0.0367
registration optimization eta report
parameter search radius
    2.4000    2.7600    2.4000    8.2800    8.2800    8.2800
    7.2000    7.2000    7.2000    9.5220    7.2000    8.2800
100000*second partial in parameter space
       31.       14.       10.        3.        2.        2.
        3.        4.        2.        2.        1.        1.
  0.0379  0.0372  0.0365  0.0379  0.0371  0.0371  0.0377  0.0382  0.0372  0.0373  0.0367  0.0366
  0.0369  0.0365  0.0362  0.0371  0.0366  0.0366  0.0368  0.0371  0.0366  0.0367  0.0363  0.0363
  0.0362  0.0362  0.0360  0.0364  0.0362  0.0363  0.0362  0.0363  0.0362  0.0363  0.0361  0.0361
  0.0360  0.0360  0.0360  0.0360  0.0360  0.0360  0.0360  0.0360  0.0360  0.0360  0.0360  0.0360
  0.0362  0.0361  0.0361  0.0364  0.0360  0.0360  0.0362  0.0363  0.0362  0.0359  0.0361  0.0361
  0.0368  0.0364  0.0364  0.0372  0.0363  0.0366  0.0368  0.0371  0.0366  0.0363  0.0363  0.0363
  0.0377  0.0370  0.0367  0.0379  0.0374  0.0376  0.0376  0.0381  0.0372  0.0374  0.0367  0.0367
   -4.0065   33.7960  -10.4278  -13.4184  -16.5796  -17.5720
    4.3433   -7.4165   -3.4478    6.8463    7.3554    6.6958
eta,q 0.96399  6.64851

---------------------------------------------------------------------
imgreg_4dfp /opt/freesurfer/average/711-2C_as_mni_average_305 /opt/freesurfer/average/711-2B_as_mni_average_305_mask talsrcimg_g11 none talsrcimg_to_711-2C_as_mni_average_305_t4 2311
---------------------------------------------------------------------

freesurfer imgreg_4dfp.c
/opt/freesurfer/average/711-2C_as_mni_average_305.4dfp.img
       256       256       256         1
  1.000000  1.000000  1.000000
orientation T byte_order littleendian
Reading image: /opt/freesurfer/average/711-2C_as_mni_average_305.4dfp.img
dimensions:      256       256       256
mmppix:       1.0000   -1.0000   -1.0000
center:     128.0000 -129.0000 -129.0000
/opt/freesurfer/average/711-2B_as_mni_average_305_mask.4dfp.img
       256       256       256         1
  1.000000  1.000000  1.000000
orientation T byte_order littleendian
Reading mask: /opt/freesurfer/average/711-2B_as_mni_average_305_mask.4dfp.img (2306576 pixels)
talsrcimg_g11.4dfp.img
       256       256       256         1
  1.000000  1.000000  1.000000
orientation T byte_order littleendian
Reading image: talsrcimg_g11.4dfp.img
dimensions:      256       256       256
mmppix:       1.0000   -1.0000   -1.0000
center:     128.0000 -129.0000 -129.0000
fimgreg.f
image alignment mode   2311 decimal      907 hex
parameters
   -4.0065   33.7960  -10.4278  -13.4184  -16.5796  -17.5720
    4.3433   -7.4165   -3.4478    6.8463    7.3554    6.6958
eta,q 0.96399  6.64851
niter,ni,del,rscale     5    3    5.0000    0.8000
parameters
   -4.0033   33.8439  -10.6102  -13.4782  -15.1134  -17.0609
    4.3733   -7.4630   -3.3710    7.6412    7.7452    5.7995
eta,q 0.96411  6.70481
  0.0368  0.0364  0.0362  0.0369  0.0365  0.0365  0.0368  0.0370  0.0365  0.0364  0.0363  0.0361
  0.0364  0.0362  0.0361  0.0365  0.0363  0.0363  0.0363  0.0364  0.0362  0.0362  0.0361  0.0360
  0.0361  0.0361  0.0360  0.0362  0.0361  0.0361  0.0360  0.0360  0.0360  0.0360  0.0360  0.0359
  0.0360  0.0360  0.0360  0.0360  0.0360  0.0359  0.0359  0.0359  0.0359  0.0359  0.0359  0.0359
  0.0361  0.0360  0.0361  0.0361  0.0359  0.0359  0.0360  0.0361  0.0360  0.0359  0.0359  0.0360
  0.0364  0.0362  0.0362  0.0365  0.0360  0.0361  0.0363  0.0365  0.0362  0.0360  0.0360  0.0361
  0.0368  0.0363  0.0363  0.0370  0.0362  0.0364  0.0367  0.0371  0.0365  0.0362  0.0362  0.0363
niter,ni,del,rscale     4    3    5.0000    0.7000
parameters
   -3.9746   33.8696  -10.5955  -13.6356  -15.1045  -16.9814
    4.2683   -7.4651   -3.4939    8.0151    7.9397    5.5397
eta,q 0.96413  6.70574
  0.0366  0.0362  0.0361  0.0366  0.0362  0.0363  0.0365  0.0368  0.0363  0.0362  0.0362  0.0361
  0.0362  0.0360  0.0360  0.0363  0.0361  0.0361  0.0362  0.0363  0.0361  0.0361  0.0360  0.0360
  0.0360  0.0359  0.0359  0.0360  0.0360  0.0360  0.0359  0.0360  0.0359  0.0360  0.0359  0.0359
  0.0359  0.0359  0.0359  0.0359  0.0359  0.0359  0.0359  0.0359  0.0359  0.0359  0.0359  0.0359
  0.0360  0.0359  0.0359  0.0360  0.0359  0.0359  0.0360  0.0360  0.0359  0.0359  0.0359  0.0359
  0.0362  0.0360  0.0360  0.0363  0.0360  0.0360  0.0362  0.0363  0.0361  0.0359  0.0360  0.0360
  0.0365  0.0362  0.0361  0.0367  0.0363  0.0363  0.0366  0.0368  0.0364  0.0362  0.0361  0.0361
niter,ni,del,rscale     3    3    5.0000    0.6000
parameters
   -3.9528   33.9208  -10.5860  -13.6498  -14.9620  -16.9498
    4.2581   -7.4311   -3.5723    8.2521    8.0151    5.3517
eta,q 0.96414  6.71264
  0.0364  0.0361  0.0360  0.0365  0.0362  0.0362  0.0363  0.0366  0.0362  0.0361  0.0361  0.0360
  0.0361  0.0360  0.0359  0.0362  0.0360  0.0360  0.0361  0.0362  0.0360  0.0360  0.0360  0.0359
  0.0359  0.0359  0.0359  0.0360  0.0359  0.0359  0.0359  0.0359  0.0359  0.0359  0.0359  0.0359
  0.0359  0.0359  0.0359  0.0359  0.0359  0.0359  0.0359  0.0359  0.0359  0.0359  0.0359  0.0359
  0.0359  0.0359  0.0359  0.0359  0.0359  0.0359  0.0359  0.0360  0.0359  0.0359  0.0359  0.0359
  0.0361  0.0360  0.0359  0.0362  0.0360  0.0360  0.0361  0.0362  0.0360  0.0359  0.0359  0.0359
  0.0363  0.0361  0.0360  0.0365  0.0362  0.0362  0.0363  0.0365  0.0362  0.0361  0.0361  0.0361
niter,ni,del,rscale     2    3    5.0000    0.5000
parameters
   -3.9440   33.9431  -10.5821  -13.6286  -14.8448  -16.8979
    4.2659   -7.4233   -3.6121    8.4175    8.0640    5.1986
eta,q 0.96414  6.71934
  0.0362  0.0360  0.0360  0.0363  0.0361  0.0361  0.0362  0.0363  0.0361  0.0361  0.0360  0.0360
  0.0360  0.0359  0.0359  0.0361  0.0360  0.0360  0.0360  0.0361  0.0360  0.0360  0.0359  0.0359
  0.0359  0.0359  0.0359  0.0359  0.0359  0.0359  0.0359  0.0359  0.0359  0.0359  0.0359  0.0359
  0.0359  0.0359  0.0359  0.0359  0.0359  0.0359  0.0359  0.0359  0.0359  0.0359  0.0359  0.0359
  0.0359  0.0359  0.0359  0.0359  0.0359  0.0359  0.0359  0.0359  0.0359  0.0359  0.0359  0.0359
  0.0360  0.0359  0.0359  0.0361  0.0359  0.0359  0.0360  0.0361  0.0360  0.0359  0.0359  0.0359
  0.0362  0.0360  0.0360  0.0363  0.0361  0.0361  0.0362  0.0363  0.0361  0.0360  0.0360  0.0360
niter,ni,del,rscale     1    3    5.0000    0.4000
parameters
   -3.9374   33.9553  -10.5819  -13.6052  -14.7464  -16.8430
    4.2544   -7.4183   -3.6264    8.5375    8.1068    5.0536
eta,q 0.96415  6.72478
  0.0361  0.0360  0.0359  0.0362  0.0360  0.0360  0.0361  0.0362  0.0360  0.0360  0.0359  0.0359
  0.0360  0.0359  0.0359  0.0360  0.0359  0.0359  0.0360  0.0360  0.0359  0.0359  0.0359  0.0359
  0.0359  0.0359  0.0359  0.0359  0.0359  0.0359  0.0359  0.0359  0.0359  0.0359  0.0359  0.0359
  0.0359  0.0359  0.0359  0.0359  0.0359  0.0359  0.0359  0.0359  0.0359  0.0359  0.0359  0.0358
  0.0359  0.0359  0.0359  0.0359  0.0359  0.0359  0.0359  0.0359  0.0359  0.0359  0.0359  0.0359
  0.0360  0.0359  0.0359  0.0360  0.0359  0.0359  0.0360  0.0360  0.0359  0.0359  0.0359  0.0359
  0.0361  0.0360  0.0359  0.0362  0.0360  0.0360  0.0361  0.0362  0.0360  0.0360  0.0359  0.0359
registration optimization eta report
parameter search radius
    0.8000    0.8000    0.8000    2.4000    2.4000    2.4000
    2.4000    2.4000    2.4000    2.4000    2.4000    2.4000
100000*second partial in parameter space
       34.       18.       13.        5.        3.        3.
        4.        5.        3.        2.        2.        1.
  0.0361  0.0360  0.0359  0.0362  0.0360  0.0360  0.0361  0.0362  0.0360  0.0360  0.0359  0.0359
  0.0360  0.0359  0.0359  0.0360  0.0359  0.0359  0.0360  0.0360  0.0359  0.0359  0.0359  0.0359
  0.0359  0.0359  0.0359  0.0359  0.0359  0.0359  0.0359  0.0359  0.0359  0.0359  0.0359  0.0359
  0.0359  0.0359  0.0359  0.0359  0.0359  0.0359  0.0359  0.0359  0.0359  0.0359  0.0359  0.0358
  0.0359  0.0359  0.0359  0.0359  0.0359  0.0359  0.0359  0.0359  0.0359  0.0359  0.0359  0.0359
  0.0360  0.0359  0.0359  0.0360  0.0359  0.0359  0.0360  0.0360  0.0359  0.0359  0.0359  0.0359
  0.0361  0.0360  0.0359  0.0362  0.0360  0.0360  0.0361  0.0362  0.0360  0.0360  0.0359  0.0359
   -3.9374   33.9553  -10.5819  -13.6052  -14.7464  -16.8430
    4.2544   -7.4183   -3.6264    8.5375    8.1068    5.0536
eta,q 0.96415  6.72478

---------------------------------------------------------------------
imgreg_4dfp /opt/freesurfer/average/711-2C_as_mni_average_305 /opt/freesurfer/average/711-2B_as_mni_average_305_mask talsrcimg_g11 none talsrcimg_to_711-2C_as_mni_average_305_t4 2311
---------------------------------------------------------------------

freesurfer imgreg_4dfp.c
/opt/freesurfer/average/711-2C_as_mni_average_305.4dfp.img
       256       256       256         1
  1.000000  1.000000  1.000000
orientation T byte_order littleendian
Reading image: /opt/freesurfer/average/711-2C_as_mni_average_305.4dfp.img
dimensions:      256       256       256
mmppix:       1.0000   -1.0000   -1.0000
center:     128.0000 -129.0000 -129.0000
/opt/freesurfer/average/711-2B_as_mni_average_305_mask.4dfp.img
       256       256       256         1
  1.000000  1.000000  1.000000
orientation T byte_order littleendian
Reading mask: /opt/freesurfer/average/711-2B_as_mni_average_305_mask.4dfp.img (2306576 pixels)
talsrcimg_g11.4dfp.img
       256       256       256         1
  1.000000  1.000000  1.000000
orientation T byte_order littleendian
Reading image: talsrcimg_g11.4dfp.img
dimensions:      256       256       256
mmppix:       1.0000   -1.0000   -1.0000
center:     128.0000 -129.0000 -129.0000
fimgreg.f
image alignment mode   2311 decimal      907 hex
parameters
   -3.9374   33.9553  -10.5819  -13.6052  -14.7464  -16.8430
    4.2544   -7.4183   -3.6264    8.5375    8.1068    5.0536
eta,q 0.96415  6.72477
niter,ni,del,rscale     5    3    5.0000    0.8000
parameters
   -3.9231   34.0248  -10.5826  -13.8015  -15.2900  -17.1260
    4.2762   -7.3487   -3.6699    8.3598    8.0244    5.4342
eta,q 0.96412  6.69769
  0.0367  0.0364  0.0362  0.0367  0.0363  0.0364  0.0367  0.0370  0.0365  0.0362  0.0362  0.0362
  0.0362  0.0361  0.0360  0.0363  0.0361  0.0361  0.0363  0.0364  0.0361  0.0361  0.0360  0.0360
  0.0360  0.0359  0.0359  0.0360  0.0359  0.0360  0.0360  0.0360  0.0359  0.0360  0.0359  0.0359
  0.0358  0.0359  0.0359  0.0359  0.0359  0.0359  0.0359  0.0359  0.0359  0.0359  0.0359  0.0359
  0.0359  0.0359  0.0359  0.0360  0.0359  0.0359  0.0360  0.0360  0.0360  0.0359  0.0359  0.0359
  0.0362  0.0360  0.0360  0.0364  0.0362  0.0362  0.0363  0.0364  0.0361  0.0360  0.0360  0.0360
  0.0367  0.0363  0.0362  0.0369  0.0367  0.0366  0.0367  0.0370  0.0365  0.0364  0.0362  0.0361
niter,ni,del,rscale     4    3    5.0000    0.7000
parameters
   -3.9225   33.9801  -10.6175  -13.7084  -15.1514  -17.1517
    4.2732   -7.3412   -3.6341    8.3218    7.9859    5.4170
eta,q 0.96413  6.70344
  0.0365  0.0362  0.0361  0.0367  0.0363  0.0363  0.0365  0.0368  0.0363  0.0362  0.0361  0.0361
  0.0362  0.0360  0.0360  0.0363  0.0361  0.0361  0.0362  0.0363  0.0361  0.0360  0.0360  0.0360
  0.0359  0.0359  0.0359  0.0360  0.0360  0.0359  0.0359  0.0360  0.0359  0.0359  0.0359  0.0359
  0.0359  0.0359  0.0359  0.0359  0.0359  0.0359  0.0359  0.0359  0.0359  0.0359  0.0359  0.0359
  0.0360  0.0359  0.0359  0.0359  0.0359  0.0359  0.0359  0.0360  0.0359  0.0359  0.0359  0.0359
  0.0362  0.0360  0.0360  0.0362  0.0360  0.0361  0.0362  0.0363  0.0361  0.0360  0.0360  0.0360
  0.0365  0.0362  0.0361  0.0366  0.0363  0.0364  0.0365  0.0368  0.0363  0.0363  0.0361  0.0361
niter,ni,del,rscale     3    3    5.0000    0.6000
parameters
   -3.9233   33.9631  -10.6343  -13.6638  -14.9648  -17.0934
    4.2637   -7.3573   -3.6141    8.3969    8.0337    5.2802
eta,q 0.96414  6.71161
  0.0364  0.0361  0.0360  0.0365  0.0362  0.0362  0.0363  0.0365  0.0362  0.0361  0.0361  0.0360
  0.0361  0.0360  0.0359  0.0362  0.0360  0.0360  0.0361  0.0362  0.0360  0.0360  0.0360  0.0359
  0.0359  0.0359  0.0359  0.0360  0.0359  0.0359  0.0359  0.0359  0.0359  0.0359  0.0359  0.0359
  0.0359  0.0359  0.0359  0.0359  0.0359  0.0359  0.0359  0.0359  0.0359  0.0359  0.0359  0.0359
  0.0359  0.0359  0.0359  0.0359  0.0359  0.0359  0.0359  0.0360  0.0359  0.0359  0.0359  0.0359
  0.0361  0.0360  0.0360  0.0361  0.0359  0.0360  0.0361  0.0362  0.0360  0.0360  0.0359  0.0359
  0.0364  0.0361  0.0360  0.0365  0.0362  0.0362  0.0363  0.0365  0.0362  0.0361  0.0361  0.0360
niter,ni,del,rscale     2    3    5.0000    0.5000
parameters
   -3.9230   33.9693  -10.6376  -13.6377  -14.8188  -17.0171
    4.2555   -7.3747   -3.6203    8.5134    8.0922    5.1285
eta,q 0.96415  6.71892
  0.0362  0.0360  0.0360  0.0363  0.0361  0.0361  0.0362  0.0363  0.0361  0.0361  0.0360  0.0360
  0.0360  0.0359  0.0359  0.0361  0.0360  0.0360  0.0360  0.0361  0.0360  0.0360  0.0359  0.0359
  0.0359  0.0359  0.0359  0.0359  0.0359  0.0359  0.0359  0.0359  0.0359  0.0359  0.0359  0.0359
  0.0359  0.0359  0.0359  0.0359  0.0359  0.0359  0.0359  0.0359  0.0359  0.0359  0.0358  0.0359
  0.0359  0.0359  0.0359  0.0359  0.0359  0.0359  0.0359  0.0359  0.0359  0.0359  0.0359  0.0359
  0.0360  0.0359  0.0359  0.0361  0.0359  0.0359  0.0360  0.0361  0.0360  0.0359  0.0359  0.0359
  0.0362  0.0360  0.0360  0.0363  0.0361  0.0361  0.0362  0.0363  0.0361  0.0361  0.0360  0.0360
niter,ni,del,rscale     1    3    5.0000    0.4000
parameters
   -3.9244   33.9795  -10.6251  -13.6130  -14.7133  -16.9242
    4.2440   -7.3898   -3.6404    8.5993    8.1110    5.0392
eta,q 0.96415  6.72509
  0.0361  0.0360  0.0359  0.0362  0.0360  0.0360  0.0361  0.0362  0.0360  0.0360  0.0359  0.0359
  0.0360  0.0359  0.0359  0.0360  0.0359  0.0359  0.0360  0.0360  0.0359  0.0359  0.0359  0.0359
  0.0359  0.0359  0.0359  0.0359  0.0359  0.0359  0.0359  0.0359  0.0359  0.0359  0.0359  0.0359
  0.0359  0.0359  0.0358  0.0359  0.0359  0.0359  0.0359  0.0359  0.0358  0.0359  0.0358  0.0359
  0.0359  0.0359  0.0359  0.0359  0.0359  0.0359  0.0359  0.0359  0.0359  0.0359  0.0359  0.0359
  0.0360  0.0359  0.0359  0.0360  0.0359  0.0359  0.0360  0.0360  0.0359  0.0359  0.0359  0.0359
  0.0361  0.0360  0.0359  0.0362  0.0360  0.0360  0.0361  0.0362  0.0360  0.0360  0.0359  0.0359
registration optimization eta report
parameter search radius
    0.8000    0.8000    0.8000    2.4000    2.4000    2.4000
    2.4000    2.4000    2.4000    2.4000    2.4000    2.4000
100000*second partial in parameter space
       34.       18.       13.        5.        3.        3.
        4.        5.        3.        2.        2.        1.
  0.0361  0.0360  0.0359  0.0362  0.0360  0.0360  0.0361  0.0362  0.0360  0.0360  0.0359  0.0359
  0.0360  0.0359  0.0359  0.0360  0.0359  0.0359  0.0360  0.0360  0.0359  0.0359  0.0359  0.0359
  0.0359  0.0359  0.0359  0.0359  0.0359  0.0359  0.0359  0.0359  0.0359  0.0359  0.0359  0.0359
  0.0359  0.0359  0.0358  0.0359  0.0359  0.0359  0.0359  0.0359  0.0358  0.0359  0.0358  0.0359
  0.0359  0.0359  0.0359  0.0359  0.0359  0.0359  0.0359  0.0359  0.0359  0.0359  0.0359  0.0359
  0.0360  0.0359  0.0359  0.0360  0.0359  0.0359  0.0360  0.0360  0.0359  0.0359  0.0359  0.0359
  0.0361  0.0360  0.0359  0.0362  0.0360  0.0360  0.0361  0.0362  0.0360  0.0360  0.0359  0.0359
   -3.9244   33.9795  -10.6251  -13.6130  -14.7133  -16.9242
    4.2440   -7.3898   -3.6404    8.5993    8.1110    5.0392
eta,q 0.96415  6.72509

---------------------------------------------------------------------
compute_vox2vox talsrcimg talsrcimg_to_711-2C_as_mni_average_305_t4 /opt/freesurfer/average/711-2C_as_mni_average_305
---------------------------------------------------------------------

freesurfer compute_vox2vox.c
Reading: talsrcimg.4dfp.ifh
Reading: talsrcimg_to_711-2C_as_mni_average_305_t4
Reading: /opt/freesurfer/average/711-2C_as_mni_average_305.4dfp.ifh
Writing: talsrcimg_to_711-2C_as_mni_average_305_t4_vox2vox.txt

start time Mon Mar 9 21:30:18 CET 2026
end		time Mon Mar 9 21:31:47 CET 2026

mpr2mni305 success

avi2talxfm orig_nu.mgz /opt/freesurfer/average/mni305.cor.mgz talsrcimg_to_711-2C_as_mni_average_305_t4_vox2vox.txt transforms/talairach.auto.xfm
avi2talxfm done
mv -f /out/sourcedata/freesurfer/sub-v1s2x0051463_ses-1/mri/talsrcimg_to_711-2C_as_mni_average_305_t4_vox2vox.txt /out/sourcedata/freesurfer/sub-v1s2x0051463_ses-1/mri/transforms/talsrcimg_to_711-2C_as_mni_average_305_t4_vox2vox.txt
lta_convert --src orig_nu.mgz --trg /opt/freesurfer/average/mni305.cor.mgz --inxfm transforms/talairach.auto.xfm --outlta transforms/talairach.auto.xfm.lta --subject fsaverage
7.3.2

--src: orig_nu.mgz src image (geometry).
--trg: /opt/freesurfer/average/mni305.cor.mgz trg image (geometry).
--inmni: transforms/talairach.auto.xfm input MNI/XFM transform.
--outlta: transforms/talairach.auto.xfm.lta output LTA.
--s: fsaverage subject name
 LTA read, type : 1
 1.14473   0.10839  -0.06337   1.13330;
-0.11543   1.20020  -0.06517  -66.64390;
 0.06050  -0.11639   1.17638  -40.70634;
 0.00000   0.00000   0.00000   1.00000;
setting subject to fsaverage
Writing  LTA to file transforms/talairach.auto.xfm.lta...
lta_convert successful.
 
 
Started at Mon Mar 9 21:30:18 CET 2026
Ended   at Mon Mar  9 21:31:47 CET 2026
talairach_avi done
