/out/sourcedata/freesurfer/sub-v1s2x0051462_ses-1/mri
/opt/freesurfer/bin/talairach_avi
--i orig_nu.mgz --xfm transforms/talairach.auto.xfm
talairach_avi 7.3.2
Linux dna025 5.14.0-427.37.1.el9_4.x86_64 #1 SMP PREEMPT_DYNAMIC Fri Sep 13 12:41:50 EDT 2024 x86_64 x86_64 x86_64 GNU/Linux
Mon Mar  9 21:29:55 CET 2026
mri_convert orig_nu.mgz talsrcimg.img 
reading from orig_nu.mgz...
TR=0.00, TE=0.00, TI=0.00, flip angle=0.00
i_ras = (-1, 0, 0)
j_ras = (0, 0, -1)
k_ras = (0, 1, 0)
writing to talsrcimg.img...
Analyze Output Matrix
-1.00000   0.00000   0.00000   129.50000;
 0.00000   0.00000   1.00000  -67.66103;
 0.00000  -1.00000   0.00000   125.25424;
 0.00000   0.00000   0.00000   1.00000;
--------------------
INFO: set hdr.hist.orient to -1
mpr2mni305 talsrcimg
Mon Mar  9 21:29:56 CET 2026
/opt/freesurfer/bin/mpr2mni305 talsrcimg
mpr2mni305 7.3.2
target=711-2C_as_mni_average_305

---------------------------------------------------------------------
analyzeto4dfp talsrcimg -O0 -y
---------------------------------------------------------------------

freesurfer ifh2hdr.c
Mon Mar  9 21:29:56 2026
Writing: talsrcimg.4dfp.hdr
freesurfer analyzeto4dfp.c
Reading: talsrcimg.hdr
header size 348 bytes
hdr.dime.datatype	offset=70	value=2
hdr.dime.bitpix		offset=72	value=8
hdr.hist.orient		offset=252	value=-1
dimensionality     4
dimensions       256       256       256         1
Reading: talsrcimg.img
Writing: talsrcimg.4dfp.img
Writing: talsrcimg.4dfp.ifh
ifh2hdr talsrcimg -r0to255
ori=2

---------------------------------------------------------------------
gauss_4dfp talsrcimg 1.1
---------------------------------------------------------------------

freesurfer gauss_4dfp.c
Reading: talsrcimg.4dfp.img
Writing: talsrcimg_g11.4dfp.img
image dimensions 256 256 256 padded to 288 288 288
processing volume 1freesurfer ifh2hdr.c
Mon Mar  9 21:29:57 2026
Writing: talsrcimg_g11.4dfp.hdr

Writing: talsrcimg_g11.4dfp.ifh
including: talsrcimg.4dfp.img.rec in talsrcimg_g11.4dfp.img.rec

---------------------------------------------------------------------
imgreg_4dfp /opt/freesurfer/average/711-2C_as_mni_average_305 none talsrcimg_g11 none talsrcimg_to_711-2C_as_mni_average_305_t4 4355
---------------------------------------------------------------------

freesurfer imgreg_4dfp.c
/opt/freesurfer/average/711-2C_as_mni_average_305.4dfp.img
       256       256       256         1
  1.000000  1.000000  1.000000
orientation T byte_order littleendian
Reading image: /opt/freesurfer/average/711-2C_as_mni_average_305.4dfp.img
dimensions:      256       256       256
mmppix:       1.0000   -1.0000   -1.0000
center:     128.0000 -129.0000 -129.0000
talsrcimg_g11.4dfp.img
       256       256       256         1
  1.000000  1.000000  1.000000
orientation T byte_order littleendian
Reading image: talsrcimg_g11.4dfp.img
dimensions:      256       256       256
mmppix:       1.0000   -1.0000   -1.0000
center:     128.0000 -129.0000 -129.0000
t4_read: open error in t4_sub.f l:  41 t4_file(1:l)talsrcimg_to_711-2C_as_mni_average_305_t4 
t4_read: transform initialized to I4
rotation matrix determinant  1.000000
image alignment mode   4355 decimal     1103 hex
   -7.5000  -45.0000  -45.0000 5463.6743   12.6058
    0.0000  -45.0000  -45.0000 5683.6372   12.5969
    7.5000  -45.0000  -45.0000 5444.3262   12.6128
   -7.5000  -37.5000  -45.0000 6081.8169   12.1891
    0.0000  -37.5000  -45.0000 6311.8726   12.1781
    7.5000  -37.5000  -45.0000 6052.4883   12.1920
   -7.5000  -30.0000  -45.0000 6977.7808   11.9649
    0.0000  -30.0000  -45.0000 7254.5781   11.9527
    7.5000  -30.0000  -45.0000 6951.2793   11.9587
   -7.5000  -22.5000  -45.0000 7899.9019   11.8087
    0.0000  -22.5000  -45.0000 8239.1152   11.7999
    7.5000  -22.5000  -45.0000 7879.3008   11.8027
   -7.5000  -15.0000  -45.0000 8898.9287   11.6630
    0.0000  -15.0000  -45.0000 9285.8428   11.6597
    7.5000  -15.0000  -45.0000 8855.9229   11.6659
   -7.5000   -7.5000  -45.000010007.2197   11.5828
    0.0000   -7.5000  -45.000010445.6846   11.5819
    7.5000   -7.5000  -45.0000 9934.8105   11.5931
   -7.5000    0.0000  -45.000010976.0625   11.5461
    0.0000    0.0000  -45.000011472.9141   11.5430
    7.5000    0.0000  -45.000010898.8877   11.5562
   -7.5000    7.5000  -45.000011044.1396   11.5523
    0.0000    7.5000  -45.000011561.8877   11.5445
    7.5000    7.5000  -45.000010957.3350   11.5545
   -7.5000   15.0000  -45.000010944.0361   11.5837
    0.0000   15.0000  -45.000011455.2598   11.5731
    7.5000   15.0000  -45.000010860.5293   11.5773
   -7.5000   22.5000  -45.000010763.5342   11.6075
    0.0000   22.5000  -45.000011265.4180   11.5992
    7.5000   22.5000  -45.000010697.3838   11.6014
   -7.5000   30.0000  -45.000010528.1416   11.4519
    0.0000   30.0000  -45.000011003.4326   11.4489
    7.5000   30.0000  -45.000010457.3936   11.4546
   -7.5000   37.5000  -45.000010690.2061   11.4191
    0.0000   37.5000  -45.000011173.6875   11.4183
    7.5000   37.5000  -45.000010610.5049   11.4292
   -7.5000   45.0000  -45.000010346.5078   11.1030
    0.0000   45.0000  -45.000010806.5967   11.0999
    7.5000   45.0000  -45.000010246.6006   11.1127
   -7.5000  -45.0000  -37.5000 5800.7544   12.5069
    0.0000  -45.0000  -37.5000 6043.6475   12.4969
    7.5000  -45.0000  -37.5000 5789.9287   12.5135
   -7.5000  -37.5000  -37.5000 6447.4751   12.0999
    0.0000  -37.5000  -37.5000 6706.3062   12.0904
    7.5000  -37.5000  -37.5000 6428.2734   12.1061
   -7.5000  -30.0000  -37.5000 7383.0864   11.8804
    0.0000  -30.0000  -37.5000 7696.0054   11.8709
    7.5000  -30.0000  -37.5000 7359.4961   11.8785
   -7.5000  -22.5000  -37.5000 8385.4893   11.7245
    0.0000  -22.5000  -37.5000 8759.4922   11.7167
    7.5000  -22.5000  -37.5000 8358.4336   11.7189
   -7.5000  -15.0000  -37.5000 9474.3838   11.5790
    0.0000  -15.0000  -37.5000 9905.5029   11.5739
    7.5000  -15.0000  -37.5000 9422.6934   11.5773
   -7.5000   -7.5000  -37.500010637.3174   11.4970
    0.0000   -7.5000  -37.500011122.5049   11.4935
    7.5000   -7.5000  -37.500010555.7393   11.5027
   -7.5000    0.0000  -37.500011655.1328   11.4605
    0.0000    0.0000  -37.500012188.6416   11.4562
    7.5000    0.0000  -37.500011559.4297   11.4696
   -7.5000    7.5000  -37.500011713.0371   11.4685
    0.0000    7.5000  -37.500012271.1836   11.4621
    7.5000    7.5000  -37.500011612.1797   11.4736
   -7.5000   15.0000  -37.500011597.7451   11.5005
    0.0000   15.0000  -37.500012150.2666   11.4924
    7.5000   15.0000  -37.500011510.6973   11.4982
   -7.5000   22.5000  -37.500011404.8809   11.5237
    0.0000   22.5000  -37.500011924.6406   11.5166
    7.5000   22.5000  -37.500011343.8994   11.5181
   -7.5000   30.0000  -37.500011140.0957   11.3687
    0.0000   30.0000  -37.500011649.3789   11.3640
    7.5000   30.0000  -37.500011070.1123   11.3669
   -7.5000   37.5000  -37.500011294.9717   11.3345
    0.0000   37.5000  -37.500011801.2002   11.3311
    7.5000   37.5000  -37.500011212.0195   11.3401
   -7.5000   45.0000  -37.500010899.1885   11.0206
    0.0000   45.0000  -37.500011389.4004   11.0165
    7.5000   45.0000  -37.500010796.2314   11.0293
   -7.5000  -45.0000  -30.0000 6229.8193   12.9214
    0.0000  -45.0000  -30.0000 6491.4302   12.9112
    7.5000  -45.0000  -30.0000 6209.6523   12.9267
   -7.5000  -37.5000  -30.0000 6920.2964   12.5060
    0.0000  -37.5000  -30.0000 7216.6167   12.4983
    7.5000  -37.5000  -30.0000 6901.6250   12.5152
   -7.5000  -30.0000  -30.0000 7956.4199   12.2792
    0.0000  -30.0000  -30.0000 8297.7305   12.2733
    7.5000  -30.0000  -30.0000 7925.9458   12.2840
   -7.5000  -22.5000  -30.0000 9057.8594   12.1125
    0.0000  -22.5000  -30.0000 9462.7070   12.1072
    7.5000  -22.5000  -30.0000 9014.2393   12.1118
   -7.5000  -15.0000  -30.000010226.0908   11.9572
    0.0000  -15.0000  -30.000010680.8555   11.9523
    7.5000  -15.0000  -30.000010157.1064   11.9558
   -7.5000   -7.5000  -30.000011451.0918   11.8737
    0.0000   -7.5000  -30.000011964.0664   11.8690
    7.5000   -7.5000  -30.000011360.6768   11.8768
   -7.5000    0.0000  -30.000012539.9219   11.8420
    0.0000    0.0000  -30.000013109.5977   11.8369
    7.5000    0.0000  -30.000012446.4170   11.8491
   -7.5000    7.5000  -30.000012587.9062   11.8548
    0.0000    7.5000  -30.000013170.7314   11.8497
    7.5000    7.5000  -30.000012486.7090   11.8622
   -7.5000   15.0000  -30.000012481.0596   11.8867
    0.0000   15.0000  -30.000013056.9287   11.8820
    7.5000   15.0000  -30.000012392.8350   11.8907
   -7.5000   22.5000  -30.000012255.6641   11.9038
    0.0000   22.5000  -30.000012807.6152   11.8991
    7.5000   22.5000  -30.000012195.7217   11.9027
   -7.5000   30.0000  -30.000011932.0205   11.7411
    0.0000   30.0000  -30.000012480.6855   11.7365
    7.5000   30.0000  -30.000011874.0000   11.7395
   -7.5000   37.5000  -30.000012064.1807   11.7071
    0.0000   37.5000  -30.000012613.4209   11.7025
    7.5000   37.5000  -30.000012003.5752   11.7101
   -7.5000   45.0000  -30.000011647.6611   11.3959
    0.0000   45.0000  -30.000012154.5840   11.3910
    7.5000   45.0000  -30.000011532.5361   11.4027
   -7.5000  -45.0000  -22.5000 6653.1431   13.3561
    0.0000  -45.0000  -22.5000 6914.2676   13.3479
    7.5000  -45.0000  -22.5000 6626.4229   13.3620
   -7.5000  -37.5000  -22.5000 7422.8208   12.9226
    0.0000  -37.5000  -22.5000 7729.2607   12.9172
    7.5000  -37.5000  -22.5000 7387.1943   12.9339
   -7.5000  -30.0000  -22.5000 8551.6562   12.6846
    0.0000  -30.0000  -22.5000 8929.9639   12.6819
    7.5000  -30.0000  -22.5000 8507.1895   12.6950
   -7.5000  -22.5000  -22.5000 9751.3496   12.5096
    0.0000  -22.5000  -22.500010200.4961   12.5083
    7.5000  -22.5000  -22.5000 9700.4873   12.5165
   -7.5000  -15.0000  -22.500010979.6621   12.3473
    0.0000  -15.0000  -22.500011465.8281   12.3463
    7.5000  -15.0000  -22.500010904.5078   12.3530
   -7.5000   -7.5000  -22.500012266.7676   12.2643
    0.0000   -7.5000  -22.500012796.9736   12.2623
    7.5000   -7.5000  -22.500012177.3203   12.2711
   -7.5000    0.0000  -22.500013430.6816   12.2364
    0.0000    0.0000  -22.500014023.2881   12.2325
    7.5000    0.0000  -22.500013341.2129   12.2438
   -7.5000    7.5000  -22.500013496.1191   12.2502
    0.0000    7.5000  -22.500014080.7090   12.2468
    7.5000    7.5000  -22.500013400.3350   12.2590
   -7.5000   15.0000  -22.500013387.5264   12.2807
    0.0000   15.0000  -22.500013988.3896   12.2790
    7.5000   15.0000  -22.500013297.7617   12.2898
   -7.5000   22.5000  -22.500013130.8076   12.2937
    0.0000   22.5000  -22.500013743.4473   12.2928
    7.5000   22.5000  -22.500013072.7236   12.3000
   -7.5000   30.0000  -22.500012753.3535   12.1261
    0.0000   30.0000  -22.500013362.8154   12.1254
    7.5000   30.0000  -22.500012705.5088   12.1315
   -7.5000   37.5000  -22.500012883.6240   12.0941
    0.0000   37.5000  -22.500013483.2686   12.0922
    7.5000   37.5000  -22.500012832.1982   12.1008
   -7.5000   45.0000  -22.500012427.0762   11.7842
    0.0000   45.0000  -22.500012968.7764   11.7805
    7.5000   45.0000  -22.500012321.7471   11.7913
   -7.5000  -45.0000  -15.0000 7074.3330   13.6760
    0.0000  -45.0000  -15.0000 7364.6460   13.6687
    7.5000  -45.0000  -15.0000 7047.0825   13.6822
   -7.5000  -37.5000  -15.0000 7906.4385   13.2260
    0.0000  -37.5000  -15.0000 8249.9766   13.2197
    7.5000  -37.5000  -15.0000 7872.3091   13.2348
   -7.5000  -30.0000  -15.0000 9131.5977   12.9789
    0.0000  -30.0000  -15.0000 9548.9121   12.9751
    7.5000  -30.0000  -15.0000 9096.1377   12.9869
   -7.5000  -22.5000  -15.000010432.0928   12.8012
    0.0000  -22.5000  -15.000010912.5957   12.8001
    7.5000  -22.5000  -15.000010378.9922   12.8096
   -7.5000  -15.0000  -15.000011746.1924   12.6364
    0.0000  -15.0000  -15.000012263.6230   12.6379
    7.5000  -15.0000  -15.000011673.4209   12.6477
   -7.5000   -7.5000  -15.000013110.5742   12.5534
    0.0000   -7.5000  -15.000013663.4443   12.5540
    7.5000   -7.5000  -15.000013011.3994   12.5649
   -7.5000    0.0000  -15.000014349.3018   12.5247
    0.0000    0.0000  -15.000014962.8447   12.5217
    7.5000    0.0000  -15.000014239.4805   12.5330
   -7.5000    7.5000  -15.000014412.8770   12.5362
    0.0000    7.5000  -15.000015032.0596   12.5320
    7.5000    7.5000  -15.000014315.8877   12.5428
   -7.5000   15.0000  -15.000014315.6172   12.5661
    0.0000   15.0000  -15.000014966.3662   12.5632
    7.5000   15.0000  -15.000014231.3828   12.5728
   -7.5000   22.5000  -15.000014025.9131   12.5796
    0.0000   22.5000  -15.000014686.7061   12.5789
    7.5000   22.5000  -15.000013946.4326   12.5874
   -7.5000   30.0000  -15.000013591.5303   12.4117
    0.0000   30.0000  -15.000014239.1826   12.4135
    7.5000   30.0000  -15.000013540.0684   12.4226
   -7.5000   37.5000  -15.000013734.3760   12.3809
    0.0000   37.5000  -15.000014355.7148   12.3815
    7.5000   37.5000  -15.000013669.6250   12.3922
   -7.5000   45.0000  -15.000013211.4307   12.0692
    0.0000   45.0000  -15.000013791.4951   12.0663
    7.5000   45.0000  -15.000013103.2100   12.0772
   -7.5000  -45.0000   -7.5000 7501.7236   13.8250
    0.0000  -45.0000   -7.5000 7814.5679   13.8166
    7.5000  -45.0000   -7.5000 7487.1294   13.8311
   -7.5000  -37.5000   -7.5000 8413.3711   13.3686
    0.0000  -37.5000   -7.5000 8784.1807   13.3586
    7.5000  -37.5000   -7.5000 8374.8477   13.3721
   -7.5000  -30.0000   -7.5000 9728.5898   13.1201
    0.0000  -30.0000   -7.500010158.4834   13.1101
    7.5000  -30.0000   -7.5000 9666.9033   13.1180
   -7.5000  -22.5000   -7.500011120.6455   12.9450
    0.0000  -22.5000   -7.500011598.3750   12.9390
    7.5000  -22.5000   -7.500011040.4629   12.9456
   -7.5000  -15.0000   -7.500012530.5176   12.7818
    0.0000  -15.0000   -7.500013046.8926   12.7815
    7.5000  -15.0000   -7.500012437.0488   12.7913
   -7.5000   -7.5000   -7.500014010.0615   12.6961
    0.0000   -7.5000   -7.500014571.4443   12.6969
    7.5000   -7.5000   -7.500013864.7354   12.7093
   -7.5000    0.0000   -7.500015294.9678   12.6618
    0.0000    0.0000   -7.500015927.1348   12.6586
    7.5000    0.0000   -7.500015156.1260   12.6710
   -7.5000    7.5000   -7.500015293.1914   12.6701
    0.0000    7.5000   -7.500015952.6201   12.6628
    7.5000    7.5000   -7.500015206.5186   12.6723
   -7.5000   15.0000   -7.500015221.9912   12.7020
    0.0000   15.0000   -7.500015891.7764   12.6934
    7.5000   15.0000   -7.500015095.9062   12.6993
   -7.5000   22.5000   -7.500015052.4707   12.7191
    0.0000   22.5000   -7.500015727.9131   12.7137
    7.5000   22.5000   -7.500014885.6201   12.7195
   -7.5000   30.0000   -7.500014554.8281   12.5541
    0.0000   30.0000   -7.500015179.8418   12.5540
    7.5000   30.0000   -7.500014465.9121   12.5631
   -7.5000   37.5000   -7.500014664.8174   12.5213
    0.0000   37.5000   -7.500015263.9277   12.5221
    7.5000   37.5000   -7.500014594.9150   12.5343
   -7.5000   45.0000   -7.500014055.5684   12.2035
    0.0000   45.0000   -7.500014642.8555   12.2005
    7.5000   45.0000   -7.500013963.0781   12.2125
   -7.5000  -45.0000    0.0000 7857.8584   13.8376
    0.0000  -45.0000    0.0000 8190.5127   13.8272
    7.5000  -45.0000    0.0000 7844.1953   13.8439
   -7.5000  -37.5000    0.0000 8826.3516   13.3841
    0.0000  -37.5000    0.0000 9222.9502   13.3716
    7.5000  -37.5000    0.0000 8785.6943   13.3860
   -7.5000  -30.0000    0.000010211.3809   13.1389
    0.0000  -30.0000    0.000010667.9756   13.1252
    7.5000  -30.0000    0.000010145.1641   13.1313
   -7.5000  -22.5000    0.000011689.3125   12.9677
    0.0000  -22.5000    0.000012197.1641   12.9577
    7.5000  -22.5000    0.000011589.9551   12.9606
   -7.5000  -15.0000    0.000013202.9658   12.8077
    0.0000  -15.0000    0.000013765.7383   12.8038
    7.5000  -15.0000    0.000013074.7510   12.8103
   -7.5000   -7.5000    0.000014774.9775   12.7187
    0.0000   -7.5000    0.000015399.2451   12.7173
    7.5000   -7.5000    0.000014592.4307   12.7290
   -7.5000    0.0000    0.000016147.0488   12.6787
    0.0000    0.0000    0.000016831.8008   12.6746
    7.5000    0.0000    0.000015986.1279   12.6884
   -7.5000    7.5000    0.000016057.5713   12.6851
    0.0000    7.5000    0.000016718.1094   12.6761
    7.5000    7.5000    0.000016012.8428   12.6863
   -7.5000   15.0000    0.000015912.7900   12.7192
    0.0000   15.0000    0.000016586.6055   12.7073
    7.5000   15.0000    0.000015816.8027   12.7115
   -7.5000   22.5000    0.000015900.7305   12.7412
    0.0000   22.5000    0.000016613.6133   12.7320
    7.5000   22.5000    0.000015659.0928   12.7342
   -7.5000   30.0000    0.000015542.2490   12.5797
    0.0000   30.0000    0.000016211.1953   12.5762
    7.5000   30.0000    0.000015393.8809   12.5821
   -7.5000   37.5000    0.000015605.7295   12.5440
    0.0000   37.5000    0.000016222.4023   12.5426
    7.5000   37.5000    0.000015521.8818   12.5541
   -7.5000   45.0000    0.000014882.3389   12.2208
    0.0000   45.0000    0.000015481.3730   12.2169
    7.5000   45.0000    0.000014740.0479   12.2302
   -7.5000  -45.0000    7.5000 7610.1519   13.8425
    0.0000  -45.0000    7.5000 7936.5972   13.8306
    7.5000  -45.0000    7.5000 7591.3232   13.8485
   -7.5000  -37.5000    7.5000 8565.7656   13.3951
    0.0000  -37.5000    7.5000 8948.6230   13.3838
    7.5000  -37.5000    7.5000 8522.9209   13.4007
   -7.5000  -30.0000    7.5000 9928.9336   13.1525
    0.0000  -30.0000    7.500010370.0693   13.1413
    7.5000  -30.0000    7.5000 9847.5596   13.1494
   -7.5000  -22.5000    7.500011367.2139   12.9793
    0.0000  -22.5000    7.500011846.9199   12.9700
    7.5000  -22.5000    7.500011256.4365   12.9723
   -7.5000  -15.0000    7.500012838.8633   12.8178
    0.0000  -15.0000    7.500013362.3984   12.8115
    7.5000  -15.0000    7.500012686.7031   12.8150
   -7.5000   -7.5000    7.500014364.1680   12.7273
    0.0000   -7.5000    7.500014934.9668   12.7227
    7.5000   -7.5000    7.500014178.0186   12.7325
   -7.5000    0.0000    7.500015708.5146   12.6879
    0.0000    0.0000    7.500016300.9629   12.6824
    7.5000    0.0000    7.500015551.5449   12.6967
   -7.5000    7.5000    7.500015602.2412   12.6971
    0.0000    7.5000    7.500016160.8662   12.6892
    7.5000    7.5000    7.500015594.3838   12.7016
   -7.5000   15.0000    7.500015476.7695   12.7320
    0.0000   15.0000    7.500016076.9844   12.7225
    7.5000   15.0000    7.500015435.0908   12.7285
   -7.5000   22.5000    7.500015488.8721   12.7528
    0.0000   22.5000    7.500016217.8018   12.7442
    7.5000   22.5000    7.500015257.8125   12.7456
   -7.5000   30.0000    7.500015156.6963   12.5897
    0.0000   30.0000    7.500015918.2461   12.5838
    7.5000   30.0000    7.500014949.8379   12.5868
   -7.5000   37.5000    7.500015189.0420   12.5524
    0.0000   37.5000    7.500015960.2119   12.5480
    7.5000   37.5000    7.500015043.1719   12.5575
   -7.5000   45.0000    7.500014413.7812   12.2297
    0.0000   45.0000    7.500015117.4512   12.2244
    7.5000   45.0000    7.500014223.7158   12.2382
   -7.5000  -45.0000   15.0000 7283.3911   13.8767
    0.0000  -45.0000   15.0000 7607.6836   13.8656
    7.5000  -45.0000   15.0000 7252.5605   13.8824
   -7.5000  -37.5000   15.0000 8212.8145   13.4321
    0.0000  -37.5000   15.0000 8579.8477   13.4238
    7.5000  -37.5000   15.0000 8163.4463   13.4421
   -7.5000  -30.0000   15.0000 9510.6318   13.1900
    0.0000  -30.0000   15.0000 9925.4795   13.1835
    7.5000  -30.0000   15.0000 9434.6504   13.1952
   -7.5000  -22.5000   15.000010905.5771   13.0118
    0.0000  -22.5000   15.000011349.4980   13.0061
    7.5000  -22.5000   15.000010802.8359   13.0111
   -7.5000  -15.0000   15.000012317.2207   12.8457
    0.0000  -15.0000   15.000012825.1348   12.8404
    7.5000  -15.0000   15.000012193.4941   12.8442
   -7.5000   -7.5000   15.000013756.3115   12.7566
    0.0000   -7.5000   15.000014332.3838   12.7515
    7.5000   -7.5000   15.000013608.1416   12.7600
   -7.5000    0.0000   15.000015019.4463   12.7230
    0.0000    0.0000   15.000015624.2031   12.7175
    7.5000    0.0000   15.000014884.4883   12.7307
   -7.5000    7.5000   15.000014976.3184   12.7367
    0.0000    7.5000   15.000015558.1797   12.7311
    7.5000    7.5000   15.000014945.6719   12.7447
   -7.5000   15.0000   15.000014986.1377   12.7706
    0.0000   15.0000   15.000015644.5771   12.7655
    7.5000   15.0000   15.000014882.0010   12.7749
   -7.5000   22.5000   15.000014968.5576   12.7857
    0.0000   22.5000   15.000015719.6611   12.7806
    7.5000   22.5000   15.000014725.3174   12.7847
   -7.5000   30.0000   15.000014606.9326   12.6175
    0.0000   30.0000   15.000015358.1592   12.6125
    7.5000   30.0000   15.000014396.1475   12.6159
   -7.5000   37.5000   15.000014628.7334   12.5813
    0.0000   37.5000   15.000015325.4180   12.5764
    7.5000   37.5000   15.000014462.2588   12.5847
   -7.5000   45.0000   15.000013845.8145   12.2635
    0.0000   45.0000   15.000014458.0234   12.2582
    7.5000   45.0000   15.000013686.6797   12.2709
   -7.5000  -45.0000   22.5000 6913.7085   13.9665
    0.0000  -45.0000   22.5000 7212.0928   13.9582
    7.5000  -45.0000   22.5000 6881.0640   13.9733
   -7.5000  -37.5000   22.5000 7786.4233   13.5141
    0.0000  -37.5000   22.5000 8138.8721   13.5086
    7.5000  -37.5000   22.5000 7747.9023   13.5266
   -7.5000  -30.0000   22.5000 9033.8574   13.2669
    0.0000  -30.0000   22.5000 9439.8467   13.2643
    7.5000  -30.0000   22.5000 8976.7148   13.2785
   -7.5000  -22.5000   22.500010348.6719   13.0853
    0.0000  -22.5000   22.500010805.3223   13.0839
    7.5000  -22.5000   22.500010270.2012   13.0931
   -7.5000  -15.0000   22.500011674.3447   12.9166
    0.0000  -15.0000   22.500012199.6406   12.9156
    7.5000  -15.0000   22.500011564.8604   12.9230
   -7.5000   -7.5000   22.500013003.2246   12.8314
    0.0000   -7.5000   22.500013574.7441   12.8294
    7.5000   -7.5000   22.500012868.4072   12.8390
   -7.5000    0.0000   22.500014151.3086   12.8023
    0.0000    0.0000   22.500014715.9639   12.7984
    7.5000    0.0000   22.500014027.3184   12.8107
   -7.5000    7.5000   22.500014195.2119   12.8171
    0.0000    7.5000   22.500014745.6680   12.8136
    7.5000    7.5000   22.500014089.7646   12.8269
   -7.5000   15.0000   22.500014268.3984   12.8492
    0.0000   15.0000   22.500014877.2861   12.8475
    7.5000   15.0000   22.500014061.8086   12.8593
   -7.5000   22.5000   22.500014103.4258   12.8606
    0.0000   22.5000   22.500014679.2500   12.8597
    7.5000   22.5000   22.500013897.1016   12.8678
   -7.5000   30.0000   22.500013688.3105   12.6888
    0.0000   30.0000   22.500014236.6113   12.6880
    7.5000   30.0000   22.500013565.2158   12.6949
   -7.5000   37.5000   22.500013764.5205   12.6552
    0.0000   37.5000   22.500014295.8564   12.6532
    7.5000   37.5000   22.500013685.6670   12.6627
   -7.5000   45.0000   22.500013061.8750   12.3400
    0.0000   45.0000   22.500013539.3193   12.3362
    7.5000   45.0000   22.500012988.6533   12.3480
   -7.5000  -45.0000   30.0000 6471.0249   14.0882
    0.0000  -45.0000   30.0000 6750.5698   14.0811
    7.5000  -45.0000   30.0000 6438.6416   14.0957
   -7.5000  -37.5000   30.0000 7284.3501   13.6242
    0.0000  -37.5000   30.0000 7618.3096   13.6182
    7.5000  -37.5000   30.0000 7250.9297   13.6344
   -7.5000  -30.0000   30.0000 8460.7090   13.3714
    0.0000  -30.0000   30.0000 8844.0107   13.3678
    7.5000  -30.0000   30.0000 8405.0928   13.3808
   -7.5000  -22.5000   30.0000 9699.0811   13.1897
    0.0000  -22.5000   30.000010136.9600   13.1888
    7.5000  -22.5000   30.0000 9618.3945   13.1994
   -7.5000  -15.0000   30.000010922.4746   13.0208
    0.0000  -15.0000   30.000011420.5957   13.0227
    7.5000  -15.0000   30.000010820.0479   13.0336
   -7.5000   -7.5000   30.000012108.6816   12.9376
    0.0000   -7.5000   30.000012635.8467   12.9385
    7.5000   -7.5000   30.000011989.9990   12.9505
   -7.5000    0.0000   30.000013182.1855   12.9081
    0.0000    0.0000   30.000013695.3135   12.9053
    7.5000    0.0000   30.000013064.7666   12.9177
   -7.5000    7.5000   30.000013284.2051   12.9211
    0.0000    7.5000   30.000013795.9736   12.9170
    7.5000    7.5000   30.000013139.6152   12.9289
   -7.5000   15.0000   30.000013276.1348   12.9530
    0.0000   15.0000   30.000013770.0029   12.9502
    7.5000   15.0000   30.000013086.8691   12.9609
   -7.5000   22.5000   30.000013001.7295   12.9653
    0.0000   22.5000   30.000013444.9756   12.9648
    7.5000   22.5000   30.000012897.8838   12.9744
   -7.5000   30.0000   30.000012651.7480   12.7926
    0.0000   30.0000   30.000013087.0537   12.7947
    7.5000   30.0000   30.000012607.9990   12.8049
   -7.5000   37.5000   30.000012794.2637   12.7600
    0.0000   37.5000   30.000013240.5479   12.7609
    7.5000   37.5000   30.000012758.6719   12.7727
   -7.5000   45.0000   30.000012158.7891   12.4419
    0.0000   45.0000   30.000012602.5342   12.4392
    7.5000   45.0000   30.000012112.2988   12.4511
   -7.5000  -45.0000   37.5000 6277.7065   14.3274
    0.0000  -45.0000   37.5000 6548.0430   14.3202
    7.5000  -45.0000   37.5000 6247.0493   14.3362
   -7.5000  -37.5000   37.5000 7075.9844   13.8495
    0.0000  -37.5000   37.5000 7388.5127   13.8401
    7.5000  -37.5000   37.5000 7037.8857   13.8552
   -7.5000  -30.0000   37.5000 8214.1113   13.5935
    0.0000  -30.0000   37.5000 8579.8428   13.5838
    7.5000  -30.0000   37.5000 8161.3735   13.5931
   -7.5000  -22.5000   37.5000 9394.9873   13.4126
    0.0000  -22.5000   37.5000 9820.0771   13.4072
    7.5000  -22.5000   37.5000 9318.2119   13.4151
   -7.5000  -15.0000   37.500010540.6885   13.2422
    0.0000  -15.0000   37.500011020.4219   13.2431
    7.5000  -15.0000   37.500010458.4922   13.2542
   -7.5000   -7.5000   37.500011687.9453   13.1538
    0.0000   -7.5000   37.500012171.2559   13.1559
    7.5000   -7.5000   37.500011586.1807   13.1700
   -7.5000    0.0000   37.500012740.9590   13.1173
    0.0000    0.0000   37.500013242.9150   13.1152
    7.5000    0.0000   37.500012628.6562   13.1292
   -7.5000    7.5000   37.500012820.6875   13.1292
    0.0000    7.5000   37.500013330.5811   13.1224
    7.5000    7.5000   37.500012696.3330   13.1332
   -7.5000   15.0000   37.500012761.6777   13.1663
    0.0000   15.0000   37.500013242.5117   13.1579
    7.5000   15.0000   37.500012630.4150   13.1650
   -7.5000   22.5000   37.500012514.1699   13.1846
    0.0000   22.5000   37.500012946.7949   13.1797
    7.5000   22.5000   37.500012418.0283   13.1868
   -7.5000   30.0000   37.500012219.6084   13.0109
    0.0000   30.0000   37.500012656.6396   13.0120
    7.5000   30.0000   37.500012131.7217   13.0226
   -7.5000   37.5000   37.500012367.5459   12.9732
    0.0000   37.5000   37.500012812.3877   12.9754
    7.5000   37.5000   37.500012283.3252   12.9892
   -7.5000   45.0000   37.500011740.5498   12.6436
    0.0000   45.0000   37.500012168.2598   12.6416
    7.5000   45.0000   37.500011669.5361   12.6551
   -7.5000  -45.0000   45.0000 5834.5732   14.6167
    0.0000  -45.0000   45.0000 6081.4517   14.6061
    7.5000  -45.0000   45.0000 5811.2764   14.6255
   -7.5000  -37.5000   45.0000 6577.4785   14.1319
    0.0000  -37.5000   45.0000 6853.8340   14.1192
    7.5000  -37.5000   45.0000 6545.7422   14.1369
   -7.5000  -30.0000   45.0000 7625.3291   13.8685
    0.0000  -30.0000   45.0000 7943.4287   13.8549
    7.5000  -30.0000   45.0000 7570.9985   13.8641
   -7.5000  -22.5000   45.0000 8711.1211   13.6842
    0.0000  -22.5000   45.0000 9084.6104   13.6748
    7.5000  -22.5000   45.0000 8636.1582   13.6806
   -7.5000  -15.0000   45.0000 9753.6172   13.5107
    0.0000  -15.0000   45.000010181.4795   13.5078
    7.5000  -15.0000   45.0000 9681.1729   13.5170
   -7.5000   -7.5000   45.000010816.6289   13.4172
    0.0000   -7.5000   45.000011260.0820   13.4165
    7.5000   -7.5000   45.000010726.2686   13.4309
   -7.5000    0.0000   45.000011804.2188   13.3746
    0.0000    0.0000   45.000012288.8984   13.3707
    7.5000    0.0000   45.000011696.5654   13.3872
   -7.5000    7.5000   45.000011879.3828   13.3858
    0.0000    7.5000   45.000012378.0439   13.3766
    7.5000    7.5000   45.000011781.9326   13.3897
   -7.5000   15.0000   45.000011765.4092   13.4265
    0.0000   15.0000   45.000012228.4951   13.4145
    7.5000   15.0000   45.000011678.3936   13.4216
   -7.5000   22.5000   45.000011536.3262   13.4496
    0.0000   22.5000   45.000011961.2783   13.4409
    7.5000   22.5000   45.000011453.3770   13.4459
   -7.5000   30.0000   45.000011278.7773   13.2739
    0.0000   30.0000   45.000011697.1572   13.2712
    7.5000   30.0000   45.000011184.1064   13.2799
   -7.5000   37.5000   45.000011436.3701   13.2318
    0.0000   37.5000   45.000011848.2148   13.2311
    7.5000   37.5000   45.000011330.3242   13.2453
   -7.5000   45.0000   45.000010866.2412   12.8974
    0.0000   45.0000   45.000011247.3516   12.8936
    7.5000   45.0000   45.000010778.9521   12.9096

---------------------------------------------------------------------
imgreg_4dfp /opt/freesurfer/average/711-2C_as_mni_average_305 /opt/freesurfer/average/711-2B_as_mni_average_305_mask talsrcimg_g11 none talsrcimg_to_711-2C_as_mni_average_305_t4 4355
---------------------------------------------------------------------

freesurfer imgreg_4dfp.c
/opt/freesurfer/average/711-2C_as_mni_average_305.4dfp.img
       256       256       256         1
  1.000000  1.000000  1.000000
orientation T byte_order littleendian
Reading image: /opt/freesurfer/average/711-2C_as_mni_average_305.4dfp.img
dimensions:      256       256       256
mmppix:       1.0000   -1.0000   -1.0000
center:     128.0000 -129.0000 -129.0000
/opt/freesurfer/average/711-2B_as_mni_average_305_mask.4dfp.img
       256       256       256         1
  1.000000  1.000000  1.000000
orientation T byte_order littleendian
Reading mask: /opt/freesurfer/average/711-2B_as_mni_average_305_mask.4dfp.img (2306576 pixels)
talsrcimg_g11.4dfp.img
       256       256       256         1
  1.000000  1.000000  1.000000
orientation T byte_order littleendian
Reading image: talsrcimg_g11.4dfp.img
dimensions:      256       256       256
mmppix:       1.0000   -1.0000   -1.0000
center:     128.0000 -129.0000 -129.0000
rotation matrix determinant  1.000000
image alignment mode   4355 decimal     1103 hex
   -7.5000  -45.0000  -45.0000 1618.0339   24.3925
    0.0000  -45.0000  -45.0000 1622.1501   24.4452
    7.5000  -45.0000  -45.0000 1611.0479   24.7447
   -7.5000  -37.5000  -45.0000 1753.9795   20.6497
    0.0000  -37.5000  -45.0000 1756.6373   20.6945
    7.5000  -37.5000  -45.0000 1743.7830   21.0083
   -7.5000  -30.0000  -45.0000 1876.6757   17.9339
    0.0000  -30.0000  -45.0000 1878.5580   17.9842
    7.5000  -30.0000  -45.0000 1865.0548   18.2385
   -7.5000  -22.5000  -45.0000 1989.7682   15.8155
    0.0000  -22.5000  -45.0000 1992.5032   15.8775
    7.5000  -22.5000  -45.0000 1980.1952   16.0776
   -7.5000  -15.0000  -45.0000 2109.2146   14.1443
    0.0000  -15.0000  -45.0000 2111.9612   14.2309
    7.5000  -15.0000  -45.0000 2096.3994   14.3487
   -7.5000   -7.5000  -45.0000 2230.2744   12.8675
    0.0000   -7.5000  -45.0000 2229.0137   12.9639
    7.5000   -7.5000  -45.0000 2215.1389   13.0608
   -7.5000    0.0000  -45.0000 2312.1846   11.8606
    0.0000    0.0000  -45.0000 2311.5654   11.9425
    7.5000    0.0000  -45.0000 2297.1099   12.0354
   -7.5000    7.5000  -45.0000 2370.0251   11.1298
    0.0000    7.5000  -45.0000 2371.8962   11.1858
    7.5000    7.5000  -45.0000 2349.2886   11.3077
   -7.5000   15.0000  -45.0000 2396.9939   10.6929
    0.0000   15.0000  -45.0000 2398.6848   10.7257
    7.5000   15.0000  -45.0000 2375.3828   10.8648
   -7.5000   22.5000  -45.0000 2413.3105   10.4557
    0.0000   22.5000  -45.0000 2415.0139   10.4829
    7.5000   22.5000  -45.0000 2392.6467   10.6186
   -7.5000   30.0000  -45.0000 2415.8865   10.4417
    0.0000   30.0000  -45.0000 2418.6809   10.4697
    7.5000   30.0000  -45.0000 2392.3779   10.6262
   -7.5000   37.5000  -45.0000 2405.6003   10.6501
    0.0000   37.5000  -45.0000 2406.0120   10.6837
    7.5000   37.5000  -45.0000 2377.1030   10.8461
   -7.5000   45.0000  -45.0000 2372.1062   11.0571
    0.0000   45.0000  -45.0000 2373.9216   11.0824
    7.5000   45.0000  -45.0000 2342.6741   11.2751
   -7.5000  -45.0000  -37.5000 1664.3850   22.8145
    0.0000  -45.0000  -37.5000 1673.6594   22.8493
    7.5000  -45.0000  -37.5000 1657.8215   23.2281
   -7.5000  -37.5000  -37.5000 1805.4088   19.3062
    0.0000  -37.5000  -37.5000 1809.7656   19.3194
    7.5000  -37.5000  -37.5000 1795.8088   19.6908
   -7.5000  -30.0000  -37.5000 1933.5608   16.7723
    0.0000  -30.0000  -37.5000 1937.2644   16.8202
    7.5000  -30.0000  -37.5000 1919.2827   17.0809
   -7.5000  -22.5000  -37.5000 2058.2605   14.7668
    0.0000  -22.5000  -37.5000 2060.3508   14.8394
    7.5000  -22.5000  -37.5000 2044.7169   15.0092
   -7.5000  -15.0000  -37.5000 2190.0891   13.2029
    0.0000  -15.0000  -37.5000 2193.7634   13.2715
    7.5000  -15.0000  -37.5000 2176.0100   13.3852
   -7.5000   -7.5000  -37.5000 2311.7449   11.9699
    0.0000   -7.5000  -37.5000 2313.5735   12.0444
    7.5000   -7.5000  -37.5000 2296.9329   12.1418
   -7.5000    0.0000  -37.5000 2395.9248   11.0296
    0.0000    0.0000  -37.5000 2397.7527   11.1033
    7.5000    0.0000  -37.5000 2379.5366   11.1891
   -7.5000    7.5000  -37.5000 2457.9451   10.3477
    0.0000    7.5000  -37.5000 2461.9087   10.3909
    7.5000    7.5000  -37.5000 2436.5654   10.5138
   -7.5000   15.0000  -37.5000 2492.2747    9.9201
    0.0000   15.0000  -37.5000 2497.6553    9.9496
    7.5000   15.0000  -37.5000 2471.1631   10.0965
   -7.5000   22.5000  -37.5000 2514.8794    9.7114
    0.0000   22.5000  -37.5000 2514.9651    9.7263
    7.5000   22.5000  -37.5000 2494.4036    9.8726
   -7.5000   30.0000  -37.5000 2518.4446    9.6753
    0.0000   30.0000  -37.5000 2520.5381    9.6883
    7.5000   30.0000  -37.5000 2495.2637    9.8423
   -7.5000   37.5000  -37.5000 2503.6831    9.8755
    0.0000   37.5000  -37.5000 2506.4490    9.8848
    7.5000   37.5000  -37.5000 2474.4026   10.0531
   -7.5000   45.0000  -37.5000 2466.1765   10.2562
    0.0000   45.0000  -37.5000 2465.4976   10.2841
    7.5000   45.0000  -37.5000 2433.2048   10.4684
   -7.5000  -45.0000  -30.0000 1738.8499   22.2799
    0.0000  -45.0000  -30.0000 1748.5884   22.3418
    7.5000  -45.0000  -30.0000 1733.8820   22.6273
   -7.5000  -37.5000  -30.0000 1888.4033   18.8564
    0.0000  -37.5000  -30.0000 1891.2695   18.9073
    7.5000  -37.5000  -30.0000 1878.7902   19.1934
   -7.5000  -30.0000  -30.0000 2028.3527   16.3358
    0.0000  -30.0000  -30.0000 2025.6527   16.4001
    7.5000  -30.0000  -30.0000 2011.5750   16.6271
   -7.5000  -22.5000  -30.0000 2165.9895   14.3657
    0.0000  -22.5000  -30.0000 2166.9878   14.4282
    7.5000  -22.5000  -30.0000 2147.6252   14.6012
   -7.5000  -15.0000  -30.0000 2300.8179   12.7940
    0.0000  -15.0000  -30.0000 2303.8638   12.8427
    7.5000  -15.0000  -30.0000 2285.4268   12.9934
   -7.5000   -7.5000  -30.0000 2426.1160   11.5746
    0.0000   -7.5000  -30.0000 2431.1011   11.6167
    7.5000   -7.5000  -30.0000 2410.1082   11.7510
   -7.5000    0.0000  -30.0000 2514.4924   10.6495
    0.0000    0.0000  -30.0000 2520.2881   10.6912
    7.5000    0.0000  -30.0000 2498.2983   10.8244
   -7.5000    7.5000  -30.0000 2581.8442    9.9972
    0.0000    7.5000  -30.0000 2588.2561   10.0194
    7.5000    7.5000  -30.0000 2562.9241   10.1574
   -7.5000   15.0000  -30.0000 2633.9778    9.5653
    0.0000   15.0000  -30.0000 2639.6531    9.5817
    7.5000   15.0000  -30.0000 2612.0273    9.7435
   -7.5000   22.5000  -30.0000 2664.2896    9.3373
    0.0000   22.5000  -30.0000 2664.5364    9.3425
    7.5000   22.5000  -30.0000 2640.7236    9.5210
   -7.5000   30.0000  -30.0000 2667.1555    9.2975
    0.0000   30.0000  -30.0000 2668.2637    9.3030
    7.5000   30.0000  -30.0000 2639.9265    9.4667
   -7.5000   37.5000  -30.0000 2649.5293    9.4878
    0.0000   37.5000  -30.0000 2653.2559    9.4916
    7.5000   37.5000  -30.0000 2618.9036    9.6705
   -7.5000   45.0000  -30.0000 2607.3374    9.8711
    0.0000   45.0000  -30.0000 2608.3433    9.8824
    7.5000   45.0000  -30.0000 2570.6790   10.0594
   -7.5000  -45.0000  -22.5000 1795.4664   21.6172
    0.0000  -45.0000  -22.5000 1799.2845   21.5894
    7.5000  -45.0000  -22.5000 1785.9441   21.9959
   -7.5000  -37.5000  -22.5000 1954.9552   18.3408
    0.0000  -37.5000  -22.5000 1956.3502   18.3744
    7.5000  -37.5000  -22.5000 1941.3439   18.6441
   -7.5000  -30.0000  -22.5000 2099.2212   15.8691
    0.0000  -30.0000  -22.5000 2101.8694   15.9074
    7.5000  -30.0000  -22.5000 2083.5754   16.1411
   -7.5000  -22.5000  -22.5000 2239.8730   13.9334
    0.0000  -22.5000  -22.5000 2247.3345   13.9621
    7.5000  -22.5000  -22.5000 2224.6938   14.1447
   -7.5000  -15.0000  -22.5000 2372.7031   12.3366
    0.0000  -15.0000  -22.5000 2380.4446   12.3763
    7.5000  -15.0000  -22.5000 2359.7332   12.5408
   -7.5000   -7.5000  -22.5000 2498.1873   11.1364
    0.0000   -7.5000  -22.5000 2503.7688   11.1509
    7.5000   -7.5000  -22.5000 2484.6707   11.3188
   -7.5000    0.0000  -22.5000 2594.7275   10.2377
    0.0000    0.0000  -22.5000 2603.7898   10.2415
    7.5000    0.0000  -22.5000 2581.8528   10.4171
   -7.5000    7.5000  -22.5000 2671.8376    9.6018
    0.0000    7.5000  -22.5000 2677.8259    9.6027
    7.5000    7.5000  -22.5000 2655.0957    9.7673
   -7.5000   15.0000  -22.5000 2737.4209    9.1672
    0.0000   15.0000  -22.5000 2747.3782    9.1556
    7.5000   15.0000  -22.5000 2713.7910    9.3428
   -7.5000   22.5000  -22.5000 2778.5825    8.9275
    0.0000   22.5000  -22.5000 2783.9832    8.9229
    7.5000   22.5000  -22.5000 2751.7014    9.1044
   -7.5000   30.0000  -22.5000 2786.5317    8.8542
    0.0000   30.0000  -22.5000 2790.9670    8.8628
    7.5000   30.0000  -22.5000 2754.8372    9.0313
   -7.5000   37.5000  -22.5000 2769.6909    9.0451
    0.0000   37.5000  -22.5000 2776.5984    9.0380
    7.5000   37.5000  -22.5000 2737.0920    9.2090
   -7.5000   45.0000  -22.5000 2724.2471    9.4406
    0.0000   45.0000  -22.5000 2729.1584    9.4340
    7.5000   45.0000  -22.5000 2689.7935    9.6027
   -7.5000  -45.0000  -15.0000 1833.9110   21.0282
    0.0000  -45.0000  -15.0000 1837.1444   20.9865
    7.5000  -45.0000  -15.0000 1822.7635   21.4086
   -7.5000  -37.5000  -15.0000 1997.0175   17.8159
    0.0000  -37.5000  -15.0000 2000.6057   17.8469
    7.5000  -37.5000  -15.0000 1984.7681   18.1273
   -7.5000  -30.0000  -15.0000 2142.7961   15.4283
    0.0000  -30.0000  -15.0000 2152.6089   15.4247
    7.5000  -30.0000  -15.0000 2130.9529   15.6679
   -7.5000  -22.5000  -15.0000 2284.1997   13.5220
    0.0000  -22.5000  -15.0000 2298.0911   13.5046
    7.5000  -22.5000  -15.0000 2273.7844   13.7248
   -7.5000  -15.0000  -15.0000 2417.0920   11.9580
    0.0000  -15.0000  -15.0000 2424.7112   11.9486
    7.5000  -15.0000  -15.0000 2406.7102   12.1443
   -7.5000   -7.5000  -15.0000 2545.5354   10.7433
    0.0000   -7.5000  -15.0000 2554.6379   10.7390
    7.5000   -7.5000  -15.0000 2532.0559   10.9275
   -7.5000    0.0000  -15.0000 2651.1453    9.8378
    0.0000    0.0000  -15.0000 2658.6018    9.8371
    7.5000    0.0000  -15.0000 2634.6458   10.0211
   -7.5000    7.5000  -15.0000 2734.3132    9.2003
    0.0000    7.5000  -15.0000 2740.6509    9.1991
    7.5000    7.5000  -15.0000 2715.8623    9.3699
   -7.5000   15.0000  -15.0000 2803.6196    8.7889
    0.0000   15.0000  -15.0000 2817.0562    8.7742
    7.5000   15.0000  -15.0000 2782.4556    8.9495
   -7.5000   22.5000  -15.0000 2854.6624    8.5438
    0.0000   22.5000  -15.0000 2869.4529    8.5302
    7.5000   22.5000  -15.0000 2825.5190    8.7072
   -7.5000   30.0000  -15.0000 2874.2078    8.4341
    0.0000   30.0000  -15.0000 2883.0439    8.4341
    7.5000   30.0000  -15.0000 2838.4722    8.6161
   -7.5000   37.5000  -15.0000 2859.3323    8.6194
    0.0000   37.5000  -15.0000 2865.0830    8.5955
    7.5000   37.5000  -15.0000 2824.1912    8.7884
   -7.5000   45.0000  -15.0000 2805.5889    9.0236
    0.0000   45.0000  -15.0000 2811.2500    8.9902
    7.5000   45.0000  -15.0000 2770.9482    9.1663
   -7.5000  -45.0000   -7.5000 1855.5850   20.5090
    0.0000  -45.0000   -7.5000 1860.6084   20.4932
    7.5000  -45.0000   -7.5000 1849.0131   20.8768
   -7.5000  -37.5000   -7.5000 2022.2744   17.4049
    0.0000  -37.5000   -7.5000 2028.7679   17.3987
    7.5000  -37.5000   -7.5000 2012.9456   17.6725
   -7.5000  -30.0000   -7.5000 2173.3474   15.0593
    0.0000  -30.0000   -7.5000 2180.4534   15.0101
    7.5000  -30.0000   -7.5000 2159.7864   15.2435
   -7.5000  -22.5000   -7.5000 2314.8311   13.1724
    0.0000  -22.5000   -7.5000 2324.6536   13.1049
    7.5000  -22.5000   -7.5000 2304.6938   13.3284
   -7.5000  -15.0000   -7.5000 2443.3284   11.6351
    0.0000  -15.0000   -7.5000 2451.7295   11.5782
    7.5000  -15.0000   -7.5000 2437.6328   11.7826
   -7.5000   -7.5000   -7.5000 2575.0784   10.4206
    0.0000   -7.5000   -7.5000 2586.2009   10.3586
    7.5000   -7.5000   -7.5000 2564.0569   10.5708
   -7.5000    0.0000   -7.5000 2687.1970    9.4924
    0.0000    0.0000   -7.5000 2698.5283    9.4470
    7.5000    0.0000   -7.5000 2673.7300    9.6510
   -7.5000    7.5000   -7.5000 2778.7490    8.8200
    0.0000    7.5000   -7.5000 2788.5742    8.8002
    7.5000    7.5000   -7.5000 2760.3828    8.9949
   -7.5000   15.0000   -7.5000 2850.5781    8.4141
    0.0000   15.0000   -7.5000 2861.6763    8.3961
    7.5000   15.0000   -7.5000 2827.7249    8.5722
   -7.5000   22.5000   -7.5000 2910.9917    8.2329
    0.0000   22.5000   -7.5000 2929.9854    8.1973
    7.5000   22.5000   -7.5000 2881.8059    8.3431
   -7.5000   30.0000   -7.5000 2941.9961    8.1205
    0.0000   30.0000   -7.5000 2951.2261    8.0815
    7.5000   30.0000   -7.5000 2898.7385    8.2835
   -7.5000   37.5000   -7.5000 2925.9067    8.2644
    0.0000   37.5000   -7.5000 2927.8259    8.2057
    7.5000   37.5000   -7.5000 2882.7661    8.4544
   -7.5000   45.0000   -7.5000 2858.1277    8.6611
    0.0000   45.0000   -7.5000 2862.5237    8.5995
    7.5000   45.0000   -7.5000 2821.8213    8.8127
   -7.5000  -45.0000    0.0000 1864.8008   20.2045
    0.0000  -45.0000    0.0000 1871.2709   20.1590
    7.5000  -45.0000    0.0000 1858.1448   20.5581
   -7.5000  -37.5000    0.0000 2037.2236   17.1451
    0.0000  -37.5000    0.0000 2044.9998   17.0864
    7.5000  -37.5000    0.0000 2026.3646   17.3607
   -7.5000  -30.0000    0.0000 2185.5801   14.8429
    0.0000  -30.0000    0.0000 2195.8057   14.7578
    7.5000  -30.0000    0.0000 2175.0640   14.9688
   -7.5000  -22.5000    0.0000 2326.1499   12.9904
    0.0000  -22.5000    0.0000 2338.4329   12.8908
    7.5000  -22.5000    0.0000 2317.6250   13.1188
   -7.5000  -15.0000    0.0000 2457.2917   11.4642
    0.0000  -15.0000    0.0000 2470.4597   11.3881
    7.5000  -15.0000    0.0000 2453.2798   11.5918
   -7.5000   -7.5000    0.0000 2589.0669   10.2314
    0.0000   -7.5000    0.0000 2601.7734   10.1555
    7.5000   -7.5000    0.0000 2579.8066   10.3646
   -7.5000    0.0000    0.0000 2706.0647    9.2748
    0.0000    0.0000    0.0000 2721.2937    9.2144
    7.5000    0.0000    0.0000 2693.8306    9.4226
   -7.5000    7.5000    0.0000 2804.1152    8.5711
    0.0000    7.5000    0.0000 2816.8547    8.5163
    7.5000    7.5000    0.0000 2788.6121    8.7406
   -7.5000   15.0000    0.0000 2885.9395    8.1423
    0.0000   15.0000    0.0000 2900.1797    8.0866
    7.5000   15.0000    0.0000 2862.9487    8.3093
   -7.5000   22.5000    0.0000 2952.0278    7.9953
    0.0000   22.5000    0.0000 2970.3318    7.9349
    7.5000   22.5000    0.0000 2921.0159    8.0932
   -7.5000   30.0000    0.0000 2978.9490    7.9889
    0.0000   30.0000    0.0000 2992.6174    7.9551
    7.5000   30.0000    0.0000 2939.8120    8.0975
   -7.5000   37.5000    0.0000 2955.6079    8.0753
    0.0000   37.5000    0.0000 2965.8779    8.0270
    7.5000   37.5000    0.0000 2916.2712    8.2359
   -7.5000   45.0000    0.0000 2892.2769    8.3923
    0.0000   45.0000    0.0000 2899.5518    8.3376
    7.5000   45.0000    0.0000 2850.6543    8.5469
   -7.5000  -45.0000    7.5000 1864.2817   20.1078
    0.0000  -45.0000    7.5000 1872.9579   19.9894
    7.5000  -45.0000    7.5000 1860.7909   20.3723
   -7.5000  -37.5000    7.5000 2040.2800   17.0929
    0.0000  -37.5000    7.5000 2053.6343   16.9655
    7.5000  -37.5000    7.5000 2034.4319   17.2500
   -7.5000  -30.0000    7.5000 2191.1860   14.8047
    0.0000  -30.0000    7.5000 2203.5969   14.6798
    7.5000  -30.0000    7.5000 2179.2041   14.8996
   -7.5000  -22.5000    7.5000 2331.7883   12.9155
    0.0000  -22.5000    7.5000 2344.0566   12.8094
    7.5000  -22.5000    7.5000 2323.4072   13.0514
   -7.5000  -15.0000    7.5000 2462.9861   11.3709
    0.0000  -15.0000    7.5000 2478.8792   11.2753
    7.5000  -15.0000    7.5000 2455.1653   11.5148
   -7.5000   -7.5000    7.5000 2594.0806   10.1397
    0.0000   -7.5000    7.5000 2607.8840   10.0518
    7.5000   -7.5000    7.5000 2583.8030   10.2777
   -7.5000    0.0000    7.5000 2710.1492    9.1806
    0.0000    0.0000    7.5000 2724.8550    9.1026
    7.5000    0.0000    7.5000 2699.4966    9.3415
   -7.5000    7.5000    7.5000 2811.7793    8.4912
    0.0000    7.5000    7.5000 2823.8718    8.4169
    7.5000    7.5000    7.5000 2797.5142    8.6736
   -7.5000   15.0000    7.5000 2901.3374    8.0845
    0.0000   15.0000    7.5000 2914.7344    8.0244
    7.5000   15.0000    7.5000 2879.0066    8.2685
   -7.5000   22.5000    7.5000 2978.9385    7.9234
    0.0000   22.5000    7.5000 3002.4067    7.8816
    7.5000   22.5000    7.5000 2941.4272    8.0495
   -7.5000   30.0000    7.5000 2998.4475    7.9003
    0.0000   30.0000    7.5000 3017.4680    7.9088
    7.5000   30.0000    7.5000 2954.5420    8.0043
   -7.5000   37.5000    7.5000 2964.1951    7.9925
    0.0000   37.5000    7.5000 2978.2859    8.0003
    7.5000   37.5000    7.5000 2923.1887    8.1068
   -7.5000   45.0000    7.5000 2899.9089    8.2522
    0.0000   45.0000    7.5000 2909.3416    8.2603
    7.5000   45.0000    7.5000 2857.0234    8.3935
   -7.5000  -45.0000   15.0000 1851.2096   20.2696
    0.0000  -45.0000   15.0000 1862.0043   20.1078
    7.5000  -45.0000   15.0000 1847.6796   20.5053
   -7.5000  -37.5000   15.0000 2032.8906   17.2310
    0.0000  -37.5000   15.0000 2050.0728   17.1189
    7.5000  -37.5000   15.0000 2024.3009   17.3913
   -7.5000  -30.0000   15.0000 2186.8071   14.8443
    0.0000  -30.0000   15.0000 2204.1602   14.7235
    7.5000  -30.0000   15.0000 2174.8787   14.9828
   -7.5000  -22.5000   15.0000 2330.1729   12.9329
    0.0000  -22.5000   15.0000 2345.3408   12.8257
    7.5000  -22.5000   15.0000 2322.0188   13.0815
   -7.5000  -15.0000   15.0000 2460.9106   11.3972
    0.0000  -15.0000   15.0000 2476.9646   11.2910
    7.5000  -15.0000   15.0000 2453.3743   11.5453
   -7.5000   -7.5000   15.0000 2589.8477   10.1688
    0.0000   -7.5000   15.0000 2602.7654   10.0928
    7.5000   -7.5000   15.0000 2580.1152   10.3450
   -7.5000    0.0000   15.0000 2713.5220    9.2346
    0.0000    0.0000   15.0000 2722.4692    9.1715
    7.5000    0.0000   15.0000 2693.5332    9.4177
   -7.5000    7.5000   15.0000 2814.8193    8.5731
    0.0000    7.5000   15.0000 2823.8171    8.5279
    7.5000    7.5000   15.0000 2792.4617    8.7720
   -7.5000   15.0000   15.0000 2904.6204    8.1820
    0.0000   15.0000   15.0000 2922.3804    8.1442
    7.5000   15.0000   15.0000 2878.9749    8.3611
   -7.5000   22.5000   15.0000 2974.0723    8.0325
    0.0000   22.5000   15.0000 3009.2793    8.0060
    7.5000   22.5000   15.0000 2939.2483    8.1446
   -7.5000   30.0000   15.0000 2991.4724    7.9793
    0.0000   30.0000   15.0000 3019.8689    7.9839
    7.5000   30.0000   15.0000 2950.1492    8.0898
   -7.5000   37.5000   15.0000 2955.6077    8.0436
    0.0000   37.5000   15.0000 2974.8738    8.0276
    7.5000   37.5000   15.0000 2918.2214    8.1461
   -7.5000   45.0000   15.0000 2887.4453    8.3227
    0.0000   45.0000   15.0000 2900.1208    8.2909
    7.5000   45.0000   15.0000 2851.7498    8.4392
   -7.5000  -45.0000   22.5000 1831.0974   20.6608
    0.0000  -45.0000   22.5000 1839.9070   20.5270
    7.5000  -45.0000   22.5000 1826.3657   20.9032
   -7.5000  -37.5000   22.5000 2012.7883   17.4734
    0.0000  -37.5000   22.5000 2030.3981   17.3705
    7.5000  -37.5000   22.5000 2003.6241   17.6807
   -7.5000  -30.0000   22.5000 2169.7742   15.0444
    0.0000  -30.0000   22.5000 2187.8425   14.9148
    7.5000  -30.0000   22.5000 2161.1904   15.2099
   -7.5000  -22.5000   22.5000 2316.8833   13.1040
    0.0000  -22.5000   22.5000 2333.8853   12.9895
    7.5000  -22.5000   22.5000 2310.0891   13.2622
   -7.5000  -15.0000   22.5000 2451.3994   11.5587
    0.0000  -15.0000   22.5000 2468.7544   11.4735
    7.5000  -15.0000   22.5000 2443.2908   11.7185
   -7.5000   -7.5000   22.5000 2582.8191   10.3589
    0.0000   -7.5000   22.5000 2597.8418   10.2767
    7.5000   -7.5000   22.5000 2572.2971   10.5256
   -7.5000    0.0000   22.5000 2703.8589    9.4313
    0.0000    0.0000   22.5000 2714.9153    9.3613
    7.5000    0.0000   22.5000 2682.9412    9.6066
   -7.5000    7.5000   22.5000 2807.4727    8.7748
    0.0000    7.5000   22.5000 2820.4673    8.7112
    7.5000    7.5000   22.5000 2782.4277    8.9690
   -7.5000   15.0000   22.5000 2897.5146    8.4129
    0.0000   15.0000   22.5000 2915.5273    8.3562
    7.5000   15.0000   22.5000 2868.1992    8.5712
   -7.5000   22.5000   22.5000 2956.9355    8.2355
    0.0000   22.5000   22.5000 2983.3774    8.1888
    7.5000   22.5000   22.5000 2919.5022    8.3612
   -7.5000   30.0000   22.5000 2966.0425    8.1348
    0.0000   30.0000   22.5000 2989.5789    8.0915
    7.5000   30.0000   22.5000 2925.4868    8.2913
   -7.5000   37.5000   22.5000 2922.7412    8.2642
    0.0000   37.5000   22.5000 2942.3716    8.1921
    7.5000   37.5000   22.5000 2886.3577    8.4084
   -7.5000   45.0000   22.5000 2852.5068    8.5677
    0.0000   45.0000   22.5000 2867.3225    8.5018
    7.5000   45.0000   22.5000 2820.5896    8.7039
   -7.5000  -45.0000   30.0000 1800.1851   21.3163
    0.0000  -45.0000   30.0000 1809.7399   21.1604
    7.5000  -45.0000   30.0000 1793.5701   21.5665
   -7.5000  -37.5000   30.0000 1979.6315   17.9352
    0.0000  -37.5000   30.0000 1993.4302   17.8369
    7.5000  -37.5000   30.0000 1973.0959   18.1332
   -7.5000  -30.0000   30.0000 2141.2625   15.4258
    0.0000  -30.0000   30.0000 2153.9043   15.3249
    7.5000  -30.0000   30.0000 2131.3384   15.5999
   -7.5000  -22.5000   30.0000 2292.6978   13.4645
    0.0000  -22.5000   30.0000 2303.8477   13.3840
    7.5000  -22.5000   30.0000 2281.6218   13.6248
   -7.5000  -15.0000   30.0000 2428.6111   11.8837
    0.0000  -15.0000   30.0000 2446.7754   11.8150
    7.5000  -15.0000   30.0000 2420.0305   12.0512
   -7.5000   -7.5000   30.0000 2561.6301   10.6572
    0.0000   -7.5000   30.0000 2580.4705   10.5818
    7.5000   -7.5000   30.0000 2549.3691   10.8105
   -7.5000    0.0000   30.0000 2682.2249    9.7308
    0.0000    0.0000   30.0000 2699.2166    9.6429
    7.5000    0.0000   30.0000 2664.5259    9.8875
   -7.5000    7.5000   30.0000 2788.0276    9.0956
    0.0000    7.5000   30.0000 2807.2585    8.9988
    7.5000    7.5000   30.0000 2765.4370    9.2563
   -7.5000   15.0000   30.0000 2871.0776    8.7551
    0.0000   15.0000   30.0000 2890.2227    8.6643
    7.5000   15.0000   30.0000 2844.5442    8.8673
   -7.5000   22.5000   30.0000 2914.3726    8.5203
    0.0000   22.5000   30.0000 2934.2705    8.4338
    7.5000   22.5000   30.0000 2883.6089    8.6629
   -7.5000   30.0000   30.0000 2915.6182    8.4147
    0.0000   30.0000   30.0000 2931.2656    8.3448
    7.5000   30.0000   30.0000 2884.8462    8.6155
   -7.5000   37.5000   30.0000 2872.1147    8.5977
    0.0000   37.5000   30.0000 2885.6299    8.5294
    7.5000   37.5000   30.0000 2843.0728    8.7641
   -7.5000   45.0000   30.0000 2800.0571    8.9193
    0.0000   45.0000   30.0000 2812.1130    8.8591
    7.5000   45.0000   30.0000 2773.2556    9.0777
   -7.5000  -45.0000   37.5000 1763.7727   22.2144
    0.0000  -45.0000   37.5000 1772.7703   22.0651
    7.5000  -45.0000   37.5000 1758.6710   22.4210
   -7.5000  -37.5000   37.5000 1942.6249   18.6640
    0.0000  -37.5000   37.5000 1951.4712   18.5647
    7.5000  -37.5000   37.5000 1934.1855   18.8774
   -7.5000  -30.0000   37.5000 2103.4634   16.0570
    0.0000  -30.0000   37.5000 2110.9014   15.9654
    7.5000  -30.0000   37.5000 2091.8281   16.2210
   -7.5000  -22.5000   37.5000 2254.6494   13.9745
    0.0000  -22.5000   37.5000 2267.9507   13.9021
    7.5000  -22.5000   37.5000 2244.4355   14.1329
   -7.5000  -15.0000   37.5000 2392.1409   12.3177
    0.0000  -15.0000   37.5000 2411.5864   12.2342
    7.5000  -15.0000   37.5000 2386.0842   12.4781
   -7.5000   -7.5000   37.5000 2528.4971   11.0574
    0.0000   -7.5000   37.5000 2545.7004   10.9545
    7.5000   -7.5000   37.5000 2516.2114   11.1980
   -7.5000    0.0000   37.5000 2649.8181   10.1126
    0.0000    0.0000   37.5000 2671.0508    9.9983
    7.5000    0.0000   37.5000 2634.3247   10.2596
   -7.5000    7.5000   37.5000 2752.6064    9.5095
    0.0000    7.5000   37.5000 2772.7241    9.4124
    7.5000    7.5000   37.5000 2730.7644    9.6500
   -7.5000   15.0000   37.5000 2824.9536    9.1691
    0.0000   15.0000   37.5000 2845.3374    9.0790
    7.5000   15.0000   37.5000 2803.4307    9.2798
   -7.5000   22.5000   37.5000 2863.3118    8.9105
    0.0000   22.5000   37.5000 2880.5317    8.8087
    7.5000   22.5000   37.5000 2834.0125    9.0775
   -7.5000   30.0000   37.5000 2861.1528    8.8376
    0.0000   30.0000   37.5000 2875.8645    8.7759
    7.5000   30.0000   37.5000 2831.0352    9.0199
   -7.5000   37.5000   37.5000 2810.5811    9.0343
    0.0000   37.5000   37.5000 2825.2310    8.9626
    7.5000   37.5000   37.5000 2788.3328    9.1670
   -7.5000   45.0000   37.5000 2736.8250    9.3524
    0.0000   45.0000   37.5000 2747.7070    9.3027
    7.5000   45.0000   37.5000 2716.2957    9.5001
   -7.5000  -45.0000   45.0000 1726.6733   23.3745
    0.0000  -45.0000   45.0000 1736.0448   23.2172
    7.5000  -45.0000   45.0000 1722.1320   23.6572
   -7.5000  -37.5000   45.0000 1901.2222   19.6124
    0.0000  -37.5000   45.0000 1909.9241   19.5019
    7.5000  -37.5000   45.0000 1894.2567   19.8249
   -7.5000  -30.0000   45.0000 2059.2666   16.8162
    0.0000  -30.0000   45.0000 2069.6001   16.7105
    7.5000  -30.0000   45.0000 2049.0151   16.9908
   -7.5000  -22.5000   45.0000 2210.5962   14.6376
    0.0000  -22.5000   45.0000 2225.0630   14.5330
    7.5000  -22.5000   45.0000 2200.5154   14.7757
   -7.5000  -15.0000   45.0000 2347.8418   12.8983
    0.0000  -15.0000   45.0000 2368.0823   12.7965
    7.5000  -15.0000   45.0000 2342.3206   13.0366
   -7.5000   -7.5000   45.0000 2483.4617   11.5970
    0.0000   -7.5000   45.0000 2500.6602   11.4890
    7.5000   -7.5000   45.0000 2472.5706   11.7363
   -7.5000    0.0000   45.0000 2603.6501   10.6612
    0.0000    0.0000   45.0000 2623.5569   10.5623
    7.5000    0.0000   45.0000 2587.0203   10.7990
   -7.5000    7.5000   45.0000 2699.3860   10.0837
    0.0000    7.5000   45.0000 2720.0586   10.0010
    7.5000    7.5000   45.0000 2679.8416   10.2005
   -7.5000   15.0000   45.0000 2762.1011    9.6966
    0.0000   15.0000   45.0000 2781.4563    9.6090
    7.5000   15.0000   45.0000 2741.3970    9.8274
   -7.5000   22.5000   45.0000 2792.2559    9.4446
    0.0000   22.5000   45.0000 2806.9126    9.3746
    7.5000   22.5000   45.0000 2769.2659    9.5932
   -7.5000   30.0000   45.0000 2790.4270    9.3835
    0.0000   30.0000   45.0000 2802.9866    9.3220
    7.5000   30.0000   45.0000 2762.0647    9.5355
   -7.5000   37.5000   45.0000 2742.5598    9.5664
    0.0000   37.5000   45.0000 2754.8638    9.4954
    7.5000   37.5000   45.0000 2719.1743    9.6870
   -7.5000   45.0000   45.0000 2666.1406    9.8906
    0.0000   45.0000   45.0000 2675.7439    9.8129
    7.5000   45.0000   45.0000 2651.7771   10.0237

---------------------------------------------------------------------
imgreg_4dfp /opt/freesurfer/average/711-2C_as_mni_average_305 /opt/freesurfer/average/711-2B_as_mni_average_305_mask talsrcimg_g11 none talsrcimg_to_711-2C_as_mni_average_305_t4 1283
---------------------------------------------------------------------

freesurfer imgreg_4dfp.c
/opt/freesurfer/average/711-2C_as_mni_average_305.4dfp.img
       256       256       256         1
  1.000000  1.000000  1.000000
orientation T byte_order littleendian
Reading image: /opt/freesurfer/average/711-2C_as_mni_average_305.4dfp.img
dimensions:      256       256       256
mmppix:       1.0000   -1.0000   -1.0000
center:     128.0000 -129.0000 -129.0000
/opt/freesurfer/average/711-2B_as_mni_average_305_mask.4dfp.img
       256       256       256         1
  1.000000  1.000000  1.000000
orientation T byte_order littleendian
Reading mask: /opt/freesurfer/average/711-2B_as_mni_average_305_mask.4dfp.img (2306576 pixels)
talsrcimg_g11.4dfp.img
       256       256       256         1
  1.000000  1.000000  1.000000
orientation T byte_order littleendian
Reading image: talsrcimg_g11.4dfp.img
dimensions:      256       256       256
mmppix:       1.0000   -1.0000   -1.0000
center:     128.0000 -129.0000 -129.0000
rotation matrix determinant  1.000000
fimgreg.f
image alignment mode   1283 decimal      503 hex
parameters
    0.0000   30.0000   15.0000    0.0000    0.0000    0.0000
eta,q 0.94822  8.00171
niter,ni,del,rscale     5    3   12.0000    1.2000
parameter  3  0.536145 ->  0.500000 qaram    1.1500
parameters
   -1.5218   27.5810   11.5500    0.7012    0.4442    1.8977
eta,q 0.95416  7.88564
  0.0609  0.0521  0.0479  0.0519  0.0566  0.0533
  0.0537  0.0494  0.0468  0.0498  0.0523  0.0508
  0.0501  0.0483  0.0470  0.0482  0.0482  0.0485
  0.0522  0.0500  0.0482  0.0466  0.0465  0.0467
  0.0585  0.0539  0.0504  0.0468  0.0480  0.0458
  0.0659  0.0575  0.0539  0.0483  0.0506  0.0465
  0.0721  0.0621  0.0581  0.0503  0.0540  0.0486
niter,ni,del,rscale     5    3   12.0000    1.2000
parameters
   -1.5908   27.5280   11.9682    0.5465    0.6766    1.9349
eta,q 0.95418  7.88677
  0.0630  0.0544  0.0533  0.0505  0.0559  0.0511
  0.0562  0.0503  0.0501  0.0483  0.0516  0.0489
  0.0489  0.0475  0.0474  0.0467  0.0474  0.0468
  0.0458  0.0458  0.0459  0.0458  0.0458  0.0458
  0.0485  0.0467  0.0463  0.0468  0.0474  0.0464
  0.0559  0.0504  0.0485  0.0488  0.0506  0.0485
  0.0646  0.0551  0.0522  0.0509  0.0544  0.0513
niter,ni,del,rscale     4    3   12.0000    1.2000
parameters
   -1.6327   27.5519   11.9656    0.5262    0.7404    1.9382
eta,q 0.95416  7.88544
  0.0632  0.0548  0.0527  0.0507  0.0555  0.0511
  0.0564  0.0505  0.0495  0.0485  0.0511  0.0489
  0.0490  0.0476  0.0470  0.0469  0.0471  0.0468
  0.0458  0.0458  0.0458  0.0458  0.0458  0.0458
  0.0484  0.0467  0.0466  0.0466  0.0477  0.0465
  0.0558  0.0504  0.0491  0.0487  0.0509  0.0486
  0.0645  0.0549  0.0531  0.0508  0.0548  0.0514
niter,ni,del,rscale     3    3   12.0000    1.2000
parameters
   -1.6542   27.5534   11.9607    0.5230    0.7656    1.9356
eta,q 0.95415  7.88489
  0.0633  0.0548  0.0527  0.0507  0.0554  0.0511
  0.0564  0.0504  0.0495  0.0486  0.0510  0.0489
  0.0491  0.0475  0.0470  0.0469  0.0471  0.0468
  0.0458  0.0458  0.0458  0.0458  0.0458  0.0458
  0.0484  0.0468  0.0466  0.0466  0.0478  0.0465
  0.0557  0.0505  0.0491  0.0487  0.0510  0.0486
  0.0644  0.0550  0.0531  0.0508  0.0549  0.0514
registration optimization eta report
parameter search radius
    6.0000    6.0000    6.9000    6.0000    6.0000    6.0000
100000*second partial in parameter space
       48.       25.       15.       13.       25.       15.
  0.0633  0.0548  0.0527  0.0507  0.0554  0.0511
  0.0564  0.0504  0.0495  0.0486  0.0510  0.0489
  0.0491  0.0475  0.0470  0.0469  0.0471  0.0468
  0.0458  0.0458  0.0458  0.0458  0.0458  0.0458
  0.0484  0.0468  0.0466  0.0466  0.0478  0.0465
  0.0557  0.0505  0.0491  0.0487  0.0510  0.0486
  0.0644  0.0550  0.0531  0.0508  0.0549  0.0514
   -1.6542   27.5534   11.9607    0.5230    0.7656    1.9356
eta,q 0.95415  7.88489

---------------------------------------------------------------------
imgreg_4dfp /opt/freesurfer/average/711-2C_as_mni_average_305 /opt/freesurfer/average/711-2B_as_mni_average_305_mask talsrcimg_g11 none talsrcimg_to_711-2C_as_mni_average_305_t4 3335
---------------------------------------------------------------------

freesurfer imgreg_4dfp.c
/opt/freesurfer/average/711-2C_as_mni_average_305.4dfp.img
       256       256       256         1
  1.000000  1.000000  1.000000
orientation T byte_order littleendian
Reading image: /opt/freesurfer/average/711-2C_as_mni_average_305.4dfp.img
dimensions:      256       256       256
mmppix:       1.0000   -1.0000   -1.0000
center:     128.0000 -129.0000 -129.0000
/opt/freesurfer/average/711-2B_as_mni_average_305_mask.4dfp.img
       256       256       256         1
  1.000000  1.000000  1.000000
orientation T byte_order littleendian
Reading mask: /opt/freesurfer/average/711-2B_as_mni_average_305_mask.4dfp.img (2306576 pixels)
talsrcimg_g11.4dfp.img
       256       256       256         1
  1.000000  1.000000  1.000000
orientation T byte_order littleendian
Reading image: talsrcimg_g11.4dfp.img
dimensions:      256       256       256
mmppix:       1.0000   -1.0000   -1.0000
center:     128.0000 -129.0000 -129.0000
fimgreg.f
image alignment mode   3335 decimal      D07 hex
parameters
   -1.6542   27.5534   11.9607   -0.0660   -0.0616   -0.0131
   -3.3897   -1.3045    3.3773   -0.9574    1.3361    0.9127
eta,q 0.95362  7.94018
niter,ni,del,rscale     5    3    5.0000    1.2000
parameter  4  0.857005 ->  0.500000 qaram    1.1500
parameter  5  1.249665 ->  0.500000 qaram    1.1500
parameter 12  0.789630 ->  0.500000 qaram    1.1500
parameters
   -1.8621   27.2618   12.0368   -4.2060   -4.2016   -3.4710
   -3.2748   -0.3975    1.5048   -2.3158    1.2516   -3.2273
eta,q 0.95816  7.47266
  0.0484  0.0476  0.0471  0.0442  0.0418  0.0428  0.0439  0.0451  0.0428  0.0434  0.0428  0.0419
  0.0473  0.0468  0.0467  0.0446  0.0425  0.0425  0.0432  0.0439  0.0424  0.0427  0.0425  0.0418
  0.0466  0.0464  0.0464  0.0452  0.0434  0.0425  0.0426  0.0430  0.0422  0.0422  0.0423  0.0419
  0.0464  0.0464  0.0463  0.0463  0.0447  0.0427  0.0424  0.0424  0.0423  0.0422  0.0422  0.0422
  0.0468  0.0467  0.0464  0.0483  0.0464  0.0433  0.0425  0.0423  0.0426  0.0427  0.0423  0.0426
  0.0478  0.0474  0.0466  0.0510  0.0487  0.0440  0.0430  0.0429  0.0432  0.0435  0.0425  0.0431
  0.0493  0.0483  0.0470  0.0544  0.0514  0.0448  0.0439  0.0442  0.0439  0.0448  0.0428  0.0437
niter,ni,del,rscale     7    3    5.0000    1.2000
parameter  3  0.552323 ->  0.500000 qaram    1.1500
parameter  4  0.842532 ->  0.500000 qaram    1.3225
parameter  5  0.948912 ->  0.500000 qaram    1.3225
parameter 12  0.962859 ->  0.500000 qaram    1.3225
parameters
   -1.8587   27.1764   10.6568   -8.9670   -8.9626   -3.6698
   -3.1380   -0.0114    1.0736   -0.8668   -0.8628   -7.9883
eta,q 0.96079  7.01978
  0.0437  0.0431  0.0418  0.0402  0.0393  0.0406  0.0411  0.0419  0.0405  0.0414  0.0397  0.0393
  0.0427  0.0423  0.0416  0.0405  0.0395  0.0401  0.0404  0.0407  0.0400  0.0404  0.0396  0.0392
  0.0420  0.0419  0.0416  0.0411  0.0399  0.0397  0.0398  0.0399  0.0397  0.0398  0.0396  0.0393
  0.0418  0.0418  0.0418  0.0416  0.0407  0.0396  0.0396  0.0396  0.0396  0.0396  0.0396  0.0396
  0.0421  0.0421  0.0422  0.0424  0.0419  0.0397  0.0397  0.0398  0.0398  0.0396  0.0397  0.0399
  0.0427  0.0425  0.0427  0.0439  0.0434  0.0401  0.0402  0.0404  0.0402  0.0398  0.0399  0.0402
  0.0437  0.0432  0.0433  0.0464  0.0453  0.0407  0.0410  0.0415  0.0408  0.0403  0.0402  0.0406
niter,ni,del,rscale     7    3    5.0000    1.2000
parameter  4  0.641270 ->  0.500000 qaram    1.5209
parameter  5  0.589940 ->  0.500000 qaram    1.5209
parameters
   -2.0739   28.1006    9.9193  -14.4422  -14.4378   -3.5821
   -2.9587   -0.8207    1.2077    2.6762   -2.6046   -6.6981
eta,q 0.96293  6.63634
  0.0406  0.0413  0.0395  0.0386  0.0377  0.0388  0.0389  0.0391  0.0384  0.0398  0.0373  0.0379
  0.0397  0.0403  0.0391  0.0382  0.0375  0.0382  0.0382  0.0381  0.0379  0.0388  0.0371  0.0374
  0.0393  0.0396  0.0390  0.0382  0.0376  0.0378  0.0377  0.0375  0.0375  0.0380  0.0371  0.0371
  0.0392  0.0392  0.0390  0.0390  0.0381  0.0375  0.0375  0.0374  0.0374  0.0374  0.0371  0.0371
  0.0395  0.0390  0.0393  0.0399  0.0390  0.0375  0.0376  0.0379  0.0375  0.0371  0.0372  0.0371
  0.0402  0.0391  0.0398  0.0408  0.0405  0.0380  0.0380  0.0388  0.0378  0.0371  0.0374  0.0373
  0.0411  0.0394  0.0404  0.0423  0.0423  0.0389  0.0388  0.0400  0.0383  0.0375  0.0377  0.0375
niter,ni,del,rscale     7    3    5.0000    1.2000
parameter  2 -1.084520 -> -0.500000 qaram    1.1500
parameter 10 -0.654824 -> -0.500000 qaram    1.1500
parameters
   -1.8828   29.4806    9.0963  -16.9602  -18.7746   -5.4065
   -2.6787   -1.1894    1.2259    6.8162   -2.5030   -3.9268
eta,q 0.96453  6.46172
  0.0391  0.0401  0.0364  0.0376  0.0365  0.0368  0.0374  0.0379  0.0369  0.0387  0.0359  0.0364
  0.0381  0.0389  0.0362  0.0368  0.0363  0.0364  0.0368  0.0369  0.0364  0.0378  0.0357  0.0360
  0.0374  0.0379  0.0361  0.0363  0.0361  0.0361  0.0363  0.0362  0.0362  0.0369  0.0356  0.0357
  0.0371  0.0371  0.0362  0.0361  0.0362  0.0361  0.0361  0.0361  0.0361  0.0361  0.0355  0.0355
  0.0372  0.0364  0.0364  0.0369  0.0369  0.0365  0.0362  0.0364  0.0362  0.0356  0.0355  0.0355
  0.0377  0.0361  0.0368  0.0385  0.0382  0.0372  0.0366  0.0372  0.0365  0.0355  0.0357  0.0355
  0.0386  0.0359  0.0373  0.0399  0.0400  0.0383  0.0373  0.0383  0.0369  0.0358  0.0359  0.0357
niter,ni,del,rscale     7    3    5.0000    1.2000
parameter  2 -0.820295 -> -0.500000 qaram    1.3225
parameters
   -1.7085   31.0676    8.9261  -16.5149  -20.0456   -7.2414
   -2.6413   -1.2065    1.3359    9.0887   -3.4736   -3.8807
eta,q 0.96556  6.42000
  0.0371  0.0390  0.0352  0.0370  0.0362  0.0353  0.0358  0.0365  0.0357  0.0375  0.0347  0.0351
  0.0363  0.0375  0.0348  0.0360  0.0354  0.0349  0.0352  0.0355  0.0351  0.0363  0.0345  0.0347
  0.0357  0.0364  0.0347  0.0352  0.0349  0.0346  0.0348  0.0348  0.0347  0.0353  0.0344  0.0345
  0.0355  0.0355  0.0346  0.0346  0.0346  0.0346  0.0346  0.0346  0.0346  0.0346  0.0344  0.0344
  0.0355  0.0349  0.0347  0.0345  0.0349  0.0350  0.0347  0.0348  0.0347  0.0345  0.0345  0.0345
  0.0360  0.0346  0.0350  0.0354  0.0359  0.0357  0.0352  0.0355  0.0351  0.0348  0.0347  0.0347
  0.0367  0.0346  0.0353  0.0371  0.0376  0.0367  0.0359  0.0365  0.0356  0.0355  0.0349  0.0351
niter,ni,del,rscale     7    3    5.0000    1.2000
parameters
   -1.7299   32.0943    8.3960  -16.2368  -20.0772   -8.6029
   -2.5447   -1.1924    1.3622   10.6476   -3.6028   -4.4747
eta,q 0.96583  6.41625
  0.0358  0.0373  0.0346  0.0366  0.0363  0.0350  0.0355  0.0362  0.0352  0.0367  0.0345  0.0348
  0.0350  0.0359  0.0344  0.0356  0.0355  0.0346  0.0349  0.0352  0.0347  0.0356  0.0343  0.0344
  0.0346  0.0350  0.0343  0.0348  0.0347  0.0343  0.0344  0.0345  0.0343  0.0347  0.0342  0.0342
  0.0344  0.0344  0.0343  0.0343  0.0342  0.0342  0.0343  0.0343  0.0343  0.0343  0.0342  0.0342
  0.0346  0.0343  0.0344  0.0341  0.0343  0.0345  0.0344  0.0345  0.0344  0.0342  0.0342  0.0343
  0.0350  0.0345  0.0347  0.0351  0.0351  0.0351  0.0348  0.0351  0.0347  0.0347  0.0343  0.0346
  0.0358  0.0350  0.0351  0.0368  0.0367  0.0360  0.0355  0.0362  0.0352  0.0354  0.0345  0.0350
niter,ni,del,rscale     6    3    5.0000    1.2000
parameters
   -1.7793   32.5499    7.7616  -16.0929  -20.1891   -9.8593
   -2.4512   -1.3019    1.3720   11.7536   -3.3427   -4.7783
eta,q 0.96592  6.41303
  0.0354  0.0362  0.0344  0.0365  0.0361  0.0349  0.0354  0.0360  0.0350  0.0363  0.0344  0.0348
  0.0347  0.0351  0.0342  0.0355  0.0353  0.0345  0.0348  0.0350  0.0345  0.0353  0.0342  0.0344
  0.0343  0.0345  0.0341  0.0347  0.0346  0.0342  0.0343  0.0343  0.0342  0.0345  0.0341  0.0341
  0.0342  0.0342  0.0342  0.0341  0.0341  0.0341  0.0341  0.0341  0.0341  0.0341  0.0341  0.0341
  0.0343  0.0342  0.0343  0.0340  0.0342  0.0344  0.0342  0.0344  0.0342  0.0342  0.0341  0.0342
  0.0348  0.0346  0.0346  0.0351  0.0350  0.0349  0.0347  0.0351  0.0345  0.0347  0.0342  0.0345
  0.0356  0.0352  0.0349  0.0368  0.0366  0.0358  0.0354  0.0362  0.0350  0.0354  0.0343  0.0348
niter,ni,del,rscale     5    3    5.0000    1.2000
parameters
   -1.8426   32.8935    7.1165  -15.9088  -20.3712  -11.0793
   -2.3642   -1.4089    1.3648   12.7117   -3.0758   -4.9837
eta,q 0.96601  6.40947
  0.0353  0.0359  0.0343  0.0364  0.0360  0.0348  0.0353  0.0360  0.0349  0.0361  0.0343  0.0347
  0.0346  0.0349  0.0341  0.0354  0.0352  0.0344  0.0347  0.0349  0.0344  0.0351  0.0341  0.0343
  0.0342  0.0343  0.0340  0.0346  0.0345  0.0341  0.0342  0.0342  0.0341  0.0344  0.0340  0.0340
  0.0341  0.0341  0.0341  0.0340  0.0340  0.0340  0.0340  0.0340  0.0340  0.0340  0.0340  0.0340
  0.0342  0.0342  0.0342  0.0339  0.0341  0.0342  0.0341  0.0343  0.0341  0.0341  0.0340  0.0341
  0.0347  0.0346  0.0345  0.0350  0.0349  0.0348  0.0346  0.0350  0.0344  0.0346  0.0341  0.0344
  0.0355  0.0352  0.0348  0.0367  0.0365  0.0357  0.0353  0.0361  0.0349  0.0353  0.0343  0.0347
niter,ni,del,rscale     4    3    5.0000    1.2000
parameters
   -1.9080   33.2178    6.4916  -15.7205  -20.5634  -12.2681
   -2.3054   -1.4892    1.3594   13.6229   -2.8721   -5.1869
eta,q 0.96610  6.40631
  0.0352  0.0357  0.0343  0.0363  0.0359  0.0347  0.0352  0.0359  0.0348  0.0359  0.0342  0.0346
  0.0346  0.0348  0.0341  0.0353  0.0351  0.0343  0.0346  0.0348  0.0343  0.0350  0.0340  0.0342
  0.0341  0.0342  0.0340  0.0345  0.0344  0.0340  0.0341  0.0341  0.0340  0.0343  0.0339  0.0340
  0.0340  0.0340  0.0340  0.0339  0.0339  0.0339  0.0339  0.0339  0.0339  0.0339  0.0339  0.0339
  0.0342  0.0341  0.0341  0.0339  0.0341  0.0342  0.0340  0.0342  0.0340  0.0340  0.0339  0.0340
  0.0346  0.0345  0.0344  0.0349  0.0348  0.0347  0.0345  0.0349  0.0343  0.0345  0.0340  0.0343
  0.0354  0.0351  0.0347  0.0366  0.0364  0.0355  0.0352  0.0360  0.0348  0.0353  0.0342  0.0347
niter,ni,del,rscale     3    3    5.0000    1.2000
parameters
   -1.9598   33.5216    5.9289  -15.5668  -20.7324  -13.3602
   -2.2434   -1.5506    1.3721   14.4141   -2.7935   -5.3385
eta,q 0.96617  6.40332
  0.0352  0.0356  0.0342  0.0363  0.0358  0.0346  0.0352  0.0359  0.0347  0.0358  0.0342  0.0346
  0.0345  0.0347  0.0340  0.0353  0.0350  0.0342  0.0345  0.0348  0.0342  0.0349  0.0340  0.0342
  0.0340  0.0341  0.0339  0.0345  0.0343  0.0339  0.0340  0.0341  0.0339  0.0342  0.0339  0.0339
  0.0339  0.0339  0.0339  0.0339  0.0338  0.0339  0.0339  0.0338  0.0338  0.0338  0.0338  0.0338
  0.0341  0.0340  0.0340  0.0338  0.0340  0.0341  0.0340  0.0341  0.0340  0.0340  0.0339  0.0340
  0.0345  0.0344  0.0343  0.0349  0.0348  0.0346  0.0344  0.0348  0.0343  0.0345  0.0340  0.0343
  0.0353  0.0350  0.0347  0.0365  0.0363  0.0354  0.0352  0.0359  0.0347  0.0352  0.0341  0.0346
niter,ni,del,rscale     2    3    5.0000    1.2000
parameters
   -1.9981   33.7764    5.4589  -15.4784  -20.8301  -14.2562
   -2.2012   -1.5994    1.3892   15.0043   -2.7676   -5.5540
eta,q 0.96621  6.40000
  0.0351  0.0355  0.0342  0.0362  0.0358  0.0346  0.0351  0.0359  0.0347  0.0357  0.0341  0.0346
  0.0344  0.0346  0.0339  0.0352  0.0350  0.0342  0.0345  0.0347  0.0342  0.0348  0.0339  0.0341
  0.0340  0.0340  0.0338  0.0344  0.0343  0.0339  0.0340  0.0340  0.0339  0.0341  0.0338  0.0339
  0.0338  0.0338  0.0338  0.0338  0.0338  0.0338  0.0338  0.0338  0.0338  0.0338  0.0338  0.0338
  0.0340  0.0340  0.0340  0.0338  0.0339  0.0340  0.0339  0.0341  0.0339  0.0340  0.0338  0.0339
  0.0345  0.0344  0.0342  0.0349  0.0347  0.0345  0.0344  0.0348  0.0342  0.0345  0.0339  0.0342
  0.0352  0.0350  0.0346  0.0365  0.0362  0.0353  0.0351  0.0359  0.0347  0.0353  0.0341  0.0346
niter,ni,del,rscale     1    3    5.0000    1.2000
parameters
   -2.0274   33.9520    5.0886  -15.4111  -20.8468  -14.9029
   -2.1703   -1.6285    1.4061   15.3854   -2.7420   -5.7668
eta,q 0.96624  6.39822
  0.0351  0.0354  0.0342  0.0362  0.0358  0.0347  0.0351  0.0359  0.0347  0.0356  0.0341  0.0346
  0.0344  0.0345  0.0339  0.0352  0.0350  0.0342  0.0344  0.0347  0.0342  0.0347  0.0339  0.0341
  0.0339  0.0340  0.0338  0.0344  0.0342  0.0339  0.0340  0.0340  0.0339  0.0341  0.0338  0.0338
  0.0338  0.0338  0.0338  0.0338  0.0338  0.0338  0.0338  0.0338  0.0338  0.0338  0.0338  0.0338
  0.0339  0.0339  0.0339  0.0337  0.0339  0.0340  0.0339  0.0340  0.0339  0.0340  0.0338  0.0339
  0.0344  0.0344  0.0342  0.0348  0.0347  0.0344  0.0344  0.0348  0.0342  0.0345  0.0339  0.0342
  0.0352  0.0350  0.0345  0.0365  0.0361  0.0352  0.0351  0.0359  0.0346  0.0353  0.0341  0.0346
registration optimization eta report
parameter search radius
    2.4000    3.1740    2.7600   10.9503   10.9503    7.2000
    7.2000    7.2000    7.2000    8.2800    7.2000    9.5220
100000*second partial in parameter space
       24.       14.        8.        2.        2.        2.
        3.        4.        2.        2.        1.        1.
  0.0351  0.0354  0.0342  0.0362  0.0358  0.0347  0.0351  0.0359  0.0347  0.0356  0.0341  0.0346
  0.0344  0.0345  0.0339  0.0352  0.0350  0.0342  0.0344  0.0347  0.0342  0.0347  0.0339  0.0341
  0.0339  0.0340  0.0338  0.0344  0.0342  0.0339  0.0340  0.0340  0.0339  0.0341  0.0338  0.0338
  0.0338  0.0338  0.0338  0.0338  0.0338  0.0338  0.0338  0.0338  0.0338  0.0338  0.0338  0.0338
  0.0339  0.0339  0.0339  0.0337  0.0339  0.0340  0.0339  0.0340  0.0339  0.0340  0.0338  0.0339
  0.0344  0.0344  0.0342  0.0348  0.0347  0.0344  0.0344  0.0348  0.0342  0.0345  0.0339  0.0342
  0.0352  0.0350  0.0345  0.0365  0.0361  0.0352  0.0351  0.0359  0.0346  0.0353  0.0341  0.0346
   -2.0274   33.9520    5.0886  -15.4111  -20.8468  -14.9029
   -2.1703   -1.6285    1.4061   15.3854   -2.7420   -5.7668
eta,q 0.96624  6.39822

---------------------------------------------------------------------
imgreg_4dfp /opt/freesurfer/average/711-2C_as_mni_average_305 /opt/freesurfer/average/711-2B_as_mni_average_305_mask talsrcimg_g11 none talsrcimg_to_711-2C_as_mni_average_305_t4 2311
---------------------------------------------------------------------

freesurfer imgreg_4dfp.c
/opt/freesurfer/average/711-2C_as_mni_average_305.4dfp.img
       256       256       256         1
  1.000000  1.000000  1.000000
orientation T byte_order littleendian
Reading image: /opt/freesurfer/average/711-2C_as_mni_average_305.4dfp.img
dimensions:      256       256       256
mmppix:       1.0000   -1.0000   -1.0000
center:     128.0000 -129.0000 -129.0000
/opt/freesurfer/average/711-2B_as_mni_average_305_mask.4dfp.img
       256       256       256         1
  1.000000  1.000000  1.000000
orientation T byte_order littleendian
Reading mask: /opt/freesurfer/average/711-2B_as_mni_average_305_mask.4dfp.img (2306576 pixels)
talsrcimg_g11.4dfp.img
       256       256       256         1
  1.000000  1.000000  1.000000
orientation T byte_order littleendian
Reading image: talsrcimg_g11.4dfp.img
dimensions:      256       256       256
mmppix:       1.0000   -1.0000   -1.0000
center:     128.0000 -129.0000 -129.0000
fimgreg.f
image alignment mode   2311 decimal      907 hex
parameters
   -2.0274   33.9520    5.0886  -15.4111  -20.8468  -14.9029
   -2.1703   -1.6285    1.4061   15.3854   -2.7420   -5.7668
eta,q 0.96625  6.39822
niter,ni,del,rscale     5    3    5.0000    0.8000
parameters
   -2.0362   33.9844    4.7814  -13.7221  -20.0738  -15.4649
   -2.2207   -1.3886    1.1215   15.2086   -1.8559   -6.7243
eta,q 0.96644  6.43424
  0.0344  0.0342  0.0339  0.0346  0.0343  0.0340  0.0343  0.0348  0.0340  0.0342  0.0338  0.0338
  0.0340  0.0339  0.0338  0.0343  0.0340  0.0338  0.0339  0.0342  0.0338  0.0339  0.0337  0.0336
  0.0338  0.0338  0.0338  0.0340  0.0338  0.0336  0.0337  0.0338  0.0336  0.0337  0.0336  0.0336
  0.0338  0.0338  0.0338  0.0337  0.0336  0.0336  0.0336  0.0336  0.0336  0.0336  0.0336  0.0336
  0.0338  0.0338  0.0338  0.0336  0.0336  0.0337  0.0337  0.0337  0.0337  0.0337  0.0336  0.0337
  0.0340  0.0339  0.0339  0.0337  0.0337  0.0339  0.0339  0.0340  0.0339  0.0340  0.0336  0.0338
  0.0344  0.0341  0.0341  0.0339  0.0340  0.0343  0.0343  0.0346  0.0341  0.0343  0.0337  0.0340
niter,ni,del,rscale     4    3    5.0000    0.7000
parameters
   -2.1432   33.8835    4.3789  -13.6657  -19.6253  -15.7192
   -2.0630   -1.5392    0.8489   14.9652   -1.6107   -7.2140
eta,q 0.96648  6.43796
  0.0340  0.0338  0.0336  0.0341  0.0340  0.0339  0.0341  0.0343  0.0339  0.0340  0.0337  0.0337
  0.0338  0.0337  0.0336  0.0339  0.0338  0.0337  0.0338  0.0339  0.0337  0.0337  0.0336  0.0336
  0.0336  0.0336  0.0335  0.0337  0.0336  0.0336  0.0336  0.0336  0.0336  0.0336  0.0335  0.0335
  0.0336  0.0336  0.0336  0.0335  0.0335  0.0335  0.0335  0.0335  0.0335  0.0335  0.0335  0.0335
  0.0337  0.0336  0.0336  0.0336  0.0335  0.0336  0.0336  0.0337  0.0336  0.0336  0.0335  0.0336
  0.0339  0.0337  0.0337  0.0338  0.0337  0.0338  0.0338  0.0340  0.0337  0.0338  0.0336  0.0337
  0.0342  0.0339  0.0338  0.0342  0.0339  0.0340  0.0340  0.0344  0.0340  0.0341  0.0337  0.0338
niter,ni,del,rscale     3    3    5.0000    0.6000
parameters
   -2.2118   33.8744    4.1740  -13.5331  -19.3675  -15.7669
   -1.9419   -1.5855    0.6987   14.8164   -1.4855   -7.4847
eta,q 0.96650  6.44307
  0.0339  0.0337  0.0336  0.0340  0.0339  0.0338  0.0339  0.0341  0.0338  0.0339  0.0336  0.0336
  0.0337  0.0336  0.0335  0.0338  0.0337  0.0337  0.0337  0.0338  0.0336  0.0337  0.0336  0.0336
  0.0336  0.0335  0.0335  0.0336  0.0336  0.0335  0.0336  0.0336  0.0335  0.0335  0.0335  0.0335
  0.0335  0.0335  0.0335  0.0335  0.0335  0.0335  0.0335  0.0335  0.0335  0.0335  0.0335  0.0335
  0.0336  0.0336  0.0336  0.0335  0.0335  0.0335  0.0335  0.0336  0.0336  0.0336  0.0335  0.0335
  0.0337  0.0336  0.0336  0.0337  0.0336  0.0337  0.0337  0.0338  0.0337  0.0337  0.0336  0.0336
  0.0340  0.0338  0.0337  0.0340  0.0338  0.0338  0.0339  0.0341  0.0338  0.0340  0.0336  0.0337
niter,ni,del,rscale     2    3    5.0000    0.5000
parameters
   -2.2616   33.8728    4.0744  -13.4037  -19.2110  -15.7495
   -1.8511   -1.6240    0.5961   14.7295   -1.4207   -7.6279
eta,q 0.96650  6.44799
  0.0338  0.0337  0.0336  0.0338  0.0338  0.0337  0.0338  0.0339  0.0337  0.0338  0.0336  0.0336
  0.0336  0.0336  0.0335  0.0337  0.0336  0.0336  0.0336  0.0337  0.0336  0.0336  0.0335  0.0335
  0.0335  0.0335  0.0335  0.0336  0.0335  0.0335  0.0335  0.0335  0.0335  0.0335  0.0335  0.0335
  0.0335  0.0335  0.0335  0.0335  0.0335  0.0335  0.0335  0.0335  0.0335  0.0335  0.0335  0.0335
  0.0335  0.0335  0.0335  0.0335  0.0335  0.0335  0.0335  0.0336  0.0335  0.0335  0.0335  0.0335
  0.0336  0.0336  0.0336  0.0336  0.0336  0.0336  0.0336  0.0337  0.0336  0.0336  0.0335  0.0336
  0.0338  0.0337  0.0336  0.0338  0.0337  0.0337  0.0338  0.0339  0.0337  0.0338  0.0336  0.0336
niter,ni,del,rscale     1    3    5.0000    0.4000
parameters
   -2.2943   33.8810    4.0375  -13.2850  -19.1342  -15.7044
   -1.7786   -1.6569    0.4832   14.6827   -1.3256   -7.6759
eta,q 0.96651  6.45202
  0.0337  0.0336  0.0336  0.0337  0.0337  0.0336  0.0337  0.0338  0.0336  0.0337  0.0336  0.0336
  0.0336  0.0335  0.0335  0.0336  0.0336  0.0336  0.0336  0.0336  0.0335  0.0336  0.0335  0.0335
  0.0335  0.0335  0.0335  0.0335  0.0335  0.0335  0.0335  0.0335  0.0335  0.0335  0.0335  0.0335
  0.0335  0.0335  0.0335  0.0335  0.0335  0.0335  0.0335  0.0335  0.0335  0.0335  0.0335  0.0335
  0.0335  0.0335  0.0335  0.0335  0.0335  0.0335  0.0335  0.0335  0.0335  0.0335  0.0335  0.0335
  0.0336  0.0335  0.0335  0.0336  0.0336  0.0336  0.0336  0.0336  0.0336  0.0336  0.0335  0.0335
  0.0337  0.0336  0.0336  0.0337  0.0336  0.0336  0.0337  0.0338  0.0336  0.0337  0.0335  0.0336
registration optimization eta report
parameter search radius
    0.8000    0.8000    0.8000    2.4000    2.4000    2.4000
    2.4000    2.4000    2.4000    2.4000    2.4000    2.4000
100000*second partial in parameter space
       28.       17.       10.        4.        3.        3.
        3.        5.        2.        3.        1.        1.
  0.0337  0.0336  0.0336  0.0337  0.0337  0.0336  0.0337  0.0338  0.0336  0.0337  0.0336  0.0336
  0.0336  0.0335  0.0335  0.0336  0.0336  0.0336  0.0336  0.0336  0.0335  0.0336  0.0335  0.0335
  0.0335  0.0335  0.0335  0.0335  0.0335  0.0335  0.0335  0.0335  0.0335  0.0335  0.0335  0.0335
  0.0335  0.0335  0.0335  0.0335  0.0335  0.0335  0.0335  0.0335  0.0335  0.0335  0.0335  0.0335
  0.0335  0.0335  0.0335  0.0335  0.0335  0.0335  0.0335  0.0335  0.0335  0.0335  0.0335  0.0335
  0.0336  0.0335  0.0335  0.0336  0.0336  0.0336  0.0336  0.0336  0.0336  0.0336  0.0335  0.0335
  0.0337  0.0336  0.0336  0.0337  0.0336  0.0336  0.0337  0.0338  0.0336  0.0337  0.0335  0.0336
   -2.2943   33.8810    4.0375  -13.2850  -19.1342  -15.7044
   -1.7786   -1.6569    0.4832   14.6827   -1.3256   -7.6759
eta,q 0.96651  6.45202

---------------------------------------------------------------------
imgreg_4dfp /opt/freesurfer/average/711-2C_as_mni_average_305 /opt/freesurfer/average/711-2B_as_mni_average_305_mask talsrcimg_g11 none talsrcimg_to_711-2C_as_mni_average_305_t4 2311
---------------------------------------------------------------------

freesurfer imgreg_4dfp.c
/opt/freesurfer/average/711-2C_as_mni_average_305.4dfp.img
       256       256       256         1
  1.000000  1.000000  1.000000
orientation T byte_order littleendian
Reading image: /opt/freesurfer/average/711-2C_as_mni_average_305.4dfp.img
dimensions:      256       256       256
mmppix:       1.0000   -1.0000   -1.0000
center:     128.0000 -129.0000 -129.0000
/opt/freesurfer/average/711-2B_as_mni_average_305_mask.4dfp.img
       256       256       256         1
  1.000000  1.000000  1.000000
orientation T byte_order littleendian
Reading mask: /opt/freesurfer/average/711-2B_as_mni_average_305_mask.4dfp.img (2306576 pixels)
talsrcimg_g11.4dfp.img
       256       256       256         1
  1.000000  1.000000  1.000000
orientation T byte_order littleendian
Reading image: talsrcimg_g11.4dfp.img
dimensions:      256       256       256
mmppix:       1.0000   -1.0000   -1.0000
center:     128.0000 -129.0000 -129.0000
fimgreg.f
image alignment mode   2311 decimal      907 hex
parameters
   -2.2943   33.8810    4.0375  -13.2850  -19.1342  -15.7044
   -1.7786   -1.6569    0.4832   14.6827   -1.3256   -7.6759
eta,q 0.96651  6.45202
niter,ni,del,rscale     5    3    5.0000    0.8000
parameters
   -2.3307   33.9008    4.0608  -13.7485  -19.1885  -15.7200
   -1.7507   -1.7113    0.5831   14.7922   -1.4525   -7.6853
eta,q 0.96649  6.44190
  0.0342  0.0339  0.0338  0.0341  0.0341  0.0340  0.0342  0.0346  0.0340  0.0342  0.0337  0.0338
  0.0338  0.0337  0.0336  0.0338  0.0338  0.0338  0.0338  0.0340  0.0337  0.0339  0.0336  0.0336
  0.0336  0.0335  0.0335  0.0336  0.0336  0.0336  0.0336  0.0336  0.0336  0.0336  0.0335  0.0335
  0.0335  0.0335  0.0335  0.0335  0.0335  0.0335  0.0335  0.0335  0.0335  0.0335  0.0335  0.0335
  0.0336  0.0335  0.0335  0.0336  0.0336  0.0336  0.0336  0.0337  0.0336  0.0336  0.0335  0.0335
  0.0338  0.0337  0.0336  0.0339  0.0338  0.0337  0.0338  0.0340  0.0337  0.0338  0.0336  0.0336
  0.0342  0.0339  0.0337  0.0345  0.0341  0.0341  0.0342  0.0346  0.0340  0.0342  0.0337  0.0338
niter,ni,del,rscale     4    3    5.0000    0.7000
parameters
   -2.3011   33.9246    4.0449  -13.6899  -19.1823  -15.7398
   -1.7934   -1.6699    0.6104   14.8298   -1.4606   -7.7345
eta,q 0.96649  6.44340
  0.0341  0.0338  0.0337  0.0341  0.0339  0.0339  0.0340  0.0344  0.0339  0.0341  0.0337  0.0337
  0.0338  0.0337  0.0336  0.0338  0.0337  0.0337  0.0338  0.0339  0.0337  0.0338  0.0336  0.0336
  0.0336  0.0335  0.0335  0.0336  0.0336  0.0336  0.0336  0.0336  0.0335  0.0336  0.0335  0.0335
  0.0335  0.0335  0.0335  0.0335  0.0335  0.0335  0.0335  0.0335  0.0335  0.0335  0.0335  0.0335
  0.0336  0.0335  0.0335  0.0335  0.0335  0.0335  0.0336  0.0336  0.0336  0.0336  0.0335  0.0335
  0.0337  0.0336  0.0336  0.0337  0.0337  0.0337  0.0338  0.0339  0.0337  0.0338  0.0336  0.0336
  0.0340  0.0338  0.0337  0.0341  0.0340  0.0339  0.0341  0.0343  0.0339  0.0340  0.0337  0.0337
niter,ni,del,rscale     3    3    5.0000    0.6000
parameters
   -2.2948   33.9302    4.0255  -13.5440  -19.1752  -15.7505
   -1.8042   -1.6519    0.5784   14.8058   -1.4327   -7.7445
eta,q 0.96650  6.44616
  0.0339  0.0337  0.0336  0.0340  0.0338  0.0338  0.0339  0.0341  0.0338  0.0339  0.0336  0.0337
  0.0337  0.0336  0.0336  0.0338  0.0337  0.0336  0.0337  0.0338  0.0336  0.0337  0.0336  0.0336
  0.0336  0.0335  0.0335  0.0336  0.0335  0.0335  0.0335  0.0336  0.0335  0.0335  0.0335  0.0335
  0.0335  0.0335  0.0335  0.0335  0.0335  0.0335  0.0335  0.0335  0.0335  0.0335  0.0335  0.0335
  0.0336  0.0335  0.0335  0.0335  0.0335  0.0335  0.0335  0.0336  0.0335  0.0335  0.0335  0.0335
  0.0337  0.0336  0.0336  0.0337  0.0336  0.0336  0.0337  0.0338  0.0336  0.0337  0.0336  0.0336
  0.0339  0.0337  0.0336  0.0339  0.0338  0.0338  0.0339  0.0341  0.0338  0.0339  0.0336  0.0337
niter,ni,del,rscale     2    3    5.0000    0.5000
parameters
   -2.3029   33.9174    4.0364  -13.4083  -19.1428  -15.7085
   -1.7756   -1.6607    0.5368   14.7616   -1.3875   -7.7661
eta,q 0.96650  6.44972
  0.0338  0.0337  0.0336  0.0338  0.0337  0.0337  0.0338  0.0339  0.0337  0.0338  0.0336  0.0336
  0.0336  0.0336  0.0335  0.0337  0.0336  0.0336  0.0336  0.0337  0.0336  0.0336  0.0335  0.0336
  0.0335  0.0335  0.0335  0.0336  0.0335  0.0335  0.0335  0.0335  0.0335  0.0335  0.0335  0.0335
  0.0335  0.0335  0.0335  0.0335  0.0335  0.0335  0.0335  0.0335  0.0335  0.0335  0.0335  0.0335
  0.0335  0.0335  0.0335  0.0335  0.0335  0.0335  0.0335  0.0336  0.0335  0.0335  0.0335  0.0335
  0.0336  0.0336  0.0335  0.0336  0.0336  0.0336  0.0336  0.0337  0.0336  0.0336  0.0335  0.0336
  0.0338  0.0337  0.0336  0.0338  0.0337  0.0337  0.0338  0.0339  0.0337  0.0338  0.0336  0.0336
niter,ni,del,rscale     1    3    5.0000    0.4000
parameters
   -2.3157   33.9058    4.0431  -13.2945  -19.1303  -15.6489
   -1.7550   -1.6740    0.4984   14.7162   -1.3497   -7.7558
eta,q 0.96651  6.45258
  0.0337  0.0336  0.0336  0.0337  0.0336  0.0336  0.0337  0.0338  0.0336  0.0337  0.0336  0.0336
  0.0336  0.0335  0.0335  0.0336  0.0336  0.0336  0.0336  0.0336  0.0335  0.0336  0.0335  0.0335
  0.0335  0.0335  0.0335  0.0335  0.0335  0.0335  0.0335  0.0335  0.0335  0.0335  0.0335  0.0335
  0.0335  0.0335  0.0335  0.0335  0.0335  0.0335  0.0335  0.0335  0.0335  0.0335  0.0335  0.0335
  0.0335  0.0335  0.0335  0.0335  0.0335  0.0335  0.0335  0.0335  0.0335  0.0335  0.0335  0.0335
  0.0336  0.0335  0.0335  0.0336  0.0336  0.0336  0.0336  0.0336  0.0336  0.0336  0.0335  0.0335
  0.0337  0.0336  0.0336  0.0337  0.0336  0.0336  0.0337  0.0338  0.0336  0.0337  0.0335  0.0336
registration optimization eta report
parameter search radius
    0.8000    0.8000    0.8000    2.4000    2.4000    2.4000
    2.4000    2.4000    2.4000    2.4000    2.4000    2.4000
100000*second partial in parameter space
       28.       16.       10.        4.        3.        3.
        3.        5.        2.        3.        1.        1.
  0.0337  0.0336  0.0336  0.0337  0.0336  0.0336  0.0337  0.0338  0.0336  0.0337  0.0336  0.0336
  0.0336  0.0335  0.0335  0.0336  0.0336  0.0336  0.0336  0.0336  0.0335  0.0336  0.0335  0.0335
  0.0335  0.0335  0.0335  0.0335  0.0335  0.0335  0.0335  0.0335  0.0335  0.0335  0.0335  0.0335
  0.0335  0.0335  0.0335  0.0335  0.0335  0.0335  0.0335  0.0335  0.0335  0.0335  0.0335  0.0335
  0.0335  0.0335  0.0335  0.0335  0.0335  0.0335  0.0335  0.0335  0.0335  0.0335  0.0335  0.0335
  0.0336  0.0335  0.0335  0.0336  0.0336  0.0336  0.0336  0.0336  0.0336  0.0336  0.0335  0.0335
  0.0337  0.0336  0.0336  0.0337  0.0336  0.0336  0.0337  0.0338  0.0336  0.0337  0.0335  0.0336
   -2.3157   33.9058    4.0431  -13.2945  -19.1303  -15.6489
   -1.7550   -1.6740    0.4984   14.7162   -1.3497   -7.7558
eta,q 0.96651  6.45258

---------------------------------------------------------------------
compute_vox2vox talsrcimg talsrcimg_to_711-2C_as_mni_average_305_t4 /opt/freesurfer/average/711-2C_as_mni_average_305
---------------------------------------------------------------------

freesurfer compute_vox2vox.c
Reading: talsrcimg.4dfp.ifh
Reading: talsrcimg_to_711-2C_as_mni_average_305_t4
Reading: /opt/freesurfer/average/711-2C_as_mni_average_305.4dfp.ifh
Writing: talsrcimg_to_711-2C_as_mni_average_305_t4_vox2vox.txt

start time Mon Mar 9 21:29:56 CET 2026
end		time Mon Mar 9 21:31:25 CET 2026

mpr2mni305 success

avi2talxfm orig_nu.mgz /opt/freesurfer/average/mni305.cor.mgz talsrcimg_to_711-2C_as_mni_average_305_t4_vox2vox.txt transforms/talairach.auto.xfm
avi2talxfm done
mv -f /out/sourcedata/freesurfer/sub-v1s2x0051462_ses-1/mri/talsrcimg_to_711-2C_as_mni_average_305_t4_vox2vox.txt /out/sourcedata/freesurfer/sub-v1s2x0051462_ses-1/mri/transforms/talsrcimg_to_711-2C_as_mni_average_305_t4_vox2vox.txt
lta_convert --src orig_nu.mgz --trg /opt/freesurfer/average/mni305.cor.mgz --inxfm transforms/talairach.auto.xfm --outlta transforms/talairach.auto.xfm.lta --subject fsaverage
7.3.2

--src: orig_nu.mgz src image (geometry).
--trg: /opt/freesurfer/average/mni305.cor.mgz trg image (geometry).
--inmni: transforms/talairach.auto.xfm input MNI/XFM transform.
--outlta: transforms/talairach.auto.xfm.lta output LTA.
--s: fsaverage subject name
 LTA read, type : 1
 1.15346   0.01822   0.02678   0.11371;
 0.01751   1.16629   0.11223  -79.44123;
-0.01029  -0.21235   1.21597  -23.02103;
 0.00000   0.00000   0.00000   1.00000;
setting subject to fsaverage
Writing  LTA to file transforms/talairach.auto.xfm.lta...
lta_convert successful.
 
 
Started at Mon Mar 9 21:29:55 CET 2026
Ended   at Mon Mar  9 21:31:25 CET 2026
talairach_avi done
