/out/sourcedata/freesurfer/sub-v1s2x0051480_ses-1/mri
/opt/freesurfer/bin/talairach_avi
--i orig_nu.mgz --xfm transforms/talairach.auto.xfm
talairach_avi 7.3.2
Linux dna056 5.14.0-427.37.1.el9_4.x86_64 #1 SMP PREEMPT_DYNAMIC Fri Sep 13 12:41:50 EDT 2024 x86_64 x86_64 x86_64 GNU/Linux
Mon Mar  9 22:28:06 CET 2026
mri_convert orig_nu.mgz talsrcimg.img 
reading from orig_nu.mgz...
TR=0.00, TE=0.00, TI=0.00, flip angle=0.00
i_ras = (-1, 0, 0)
j_ras = (0, 0, -1)
k_ras = (0, 1, 0)
writing to talsrcimg.img...
Analyze Output Matrix
-1.00000   0.00000   0.00000   127.46610;
 0.00000   0.00000   1.00000  -60.20340;
 0.00000  -1.00000   0.00000   90.00000;
 0.00000   0.00000   0.00000   1.00000;
--------------------
INFO: set hdr.hist.orient to -1
mpr2mni305 talsrcimg
Mon Mar  9 22:28:06 CET 2026
/opt/freesurfer/bin/mpr2mni305 talsrcimg
mpr2mni305 7.3.2
target=711-2C_as_mni_average_305

---------------------------------------------------------------------
analyzeto4dfp talsrcimg -O0 -y
---------------------------------------------------------------------

freesurfer ifh2hdr.c
Mon Mar  9 22:28:06 2026
Writing: talsrcimg.4dfp.hdr
freesurfer analyzeto4dfp.c
Reading: talsrcimg.hdr
header size 348 bytes
hdr.dime.datatype	offset=70	value=2
hdr.dime.bitpix		offset=72	value=8
hdr.hist.orient		offset=252	value=-1
dimensionality     4
dimensions       256       256       256         1
Reading: talsrcimg.img
Writing: talsrcimg.4dfp.img
Writing: talsrcimg.4dfp.ifh
ifh2hdr talsrcimg -r0to255
ori=2

---------------------------------------------------------------------
gauss_4dfp talsrcimg 1.1
---------------------------------------------------------------------

freesurfer gauss_4dfp.c
Reading: talsrcimg.4dfp.img
Writing: talsrcimg_g11.4dfp.img
image dimensions 256 256 256 padded to 288 288 288
processing volume 1freesurfer ifh2hdr.c
Mon Mar  9 22:28:08 2026
Writing: talsrcimg_g11.4dfp.hdr

Writing: talsrcimg_g11.4dfp.ifh
including: talsrcimg.4dfp.img.rec in talsrcimg_g11.4dfp.img.rec

---------------------------------------------------------------------
imgreg_4dfp /opt/freesurfer/average/711-2C_as_mni_average_305 none talsrcimg_g11 none talsrcimg_to_711-2C_as_mni_average_305_t4 4355
---------------------------------------------------------------------

freesurfer imgreg_4dfp.c
/opt/freesurfer/average/711-2C_as_mni_average_305.4dfp.img
       256       256       256         1
  1.000000  1.000000  1.000000
orientation T byte_order littleendian
Reading image: /opt/freesurfer/average/711-2C_as_mni_average_305.4dfp.img
dimensions:      256       256       256
mmppix:       1.0000   -1.0000   -1.0000
center:     128.0000 -129.0000 -129.0000
talsrcimg_g11.4dfp.img
       256       256       256         1
  1.000000  1.000000  1.000000
orientation T byte_order littleendian
Reading image: talsrcimg_g11.4dfp.img
dimensions:      256       256       256
mmppix:       1.0000   -1.0000   -1.0000
center:     128.0000 -129.0000 -129.0000
t4_read: open error in t4_sub.f l:  41 t4_file(1:l)talsrcimg_to_711-2C_as_mni_average_305_t4 
t4_read: transform initialized to I4
rotation matrix determinant  1.000000
image alignment mode   4355 decimal     1103 hex
   -7.5000  -45.0000  -45.0000 5175.4463   15.5846
    0.0000  -45.0000  -45.0000 5410.0078   15.6134
    7.5000  -45.0000  -45.0000 5141.1670   15.5953
   -7.5000  -37.5000  -45.0000 5813.2930   14.8673
    0.0000  -37.5000  -45.0000 6058.8975   14.8889
    7.5000  -37.5000  -45.0000 5771.6733   14.8725
   -7.5000  -30.0000  -45.0000 6720.9785   14.3961
    0.0000  -30.0000  -45.0000 6981.6455   14.4107
    7.5000  -30.0000  -45.0000 6671.4160   14.3963
   -7.5000  -22.5000  -45.0000 7730.5391   14.1379
    0.0000  -22.5000  -45.0000 8028.1733   14.1492
    7.5000  -22.5000  -45.0000 7667.8687   14.1326
   -7.5000  -15.0000  -45.0000 8825.7061   13.9760
    0.0000  -15.0000  -45.0000 9180.2920   13.9845
    7.5000  -15.0000  -45.0000 8750.1055   13.9655
   -7.5000   -7.5000  -45.0000 9945.8145   13.9132
    0.0000   -7.5000  -45.000010360.5303   13.9271
    7.5000   -7.5000  -45.0000 9857.4229   13.9083
   -7.5000    0.0000  -45.000010995.9375   13.8731
    0.0000    0.0000  -45.000011458.9570   13.8930
    7.5000    0.0000  -45.000010926.6230   13.8766
   -7.5000    7.5000  -45.000011178.1826   13.8500
    0.0000    7.5000  -45.000011663.9512   13.8707
    7.5000    7.5000  -45.000011104.4736   13.8573
   -7.5000   15.0000  -45.000011204.9844   13.8532
    0.0000   15.0000  -45.000011693.4023   13.8697
    7.5000   15.0000  -45.000011150.1650   13.8571
   -7.5000   22.5000  -45.000011091.7471   13.8808
    0.0000   22.5000  -45.000011553.7871   13.8912
    7.5000   22.5000  -45.000011055.5879   13.8758
   -7.5000   30.0000  -45.000010884.7441   13.7257
    0.0000   30.0000  -45.000011387.2441   13.7340
    7.5000   30.0000  -45.000010837.4600   13.7159
   -7.5000   37.5000  -45.000011073.3271   13.7174
    0.0000   37.5000  -45.000011576.3398   13.7311
    7.5000   37.5000  -45.000010997.8623   13.7126
   -7.5000   45.0000  -45.000010786.9580   13.3406
    0.0000   45.0000  -45.000011259.4746   13.3598
    7.5000   45.0000  -45.000010714.9062   13.3440
   -7.5000  -45.0000  -37.5000 5413.4243   15.5983
    0.0000  -45.0000  -37.5000 5649.1533   15.6314
    7.5000  -45.0000  -37.5000 5369.6982   15.6111
   -7.5000  -37.5000  -37.5000 6059.7974   14.8856
    0.0000  -37.5000  -37.5000 6304.9604   14.9088
    7.5000  -37.5000  -37.5000 6012.5103   14.8870
   -7.5000  -30.0000  -37.5000 7004.4009   14.4196
    0.0000  -30.0000  -37.5000 7280.6924   14.4383
    7.5000  -30.0000  -37.5000 6947.5483   14.4165
   -7.5000  -22.5000  -37.5000 8087.3765   14.1501
    0.0000  -22.5000  -37.5000 8412.4365   14.1698
    7.5000  -22.5000  -37.5000 8021.4180   14.1479
   -7.5000  -15.0000  -37.5000 9241.9814   13.9765
    0.0000  -15.0000  -37.5000 9623.3809   13.9957
    7.5000  -15.0000  -37.5000 9162.2129   13.9747
   -7.5000   -7.5000  -37.500010421.3652   13.9138
    0.0000   -7.5000  -37.500010853.0723   13.9363
    7.5000   -7.5000  -37.500010334.8975   13.9172
   -7.5000    0.0000  -37.500011531.5498   13.8839
    0.0000    0.0000  -37.500012013.1172   13.9083
    7.5000    0.0000  -37.500011444.3662   13.8905
   -7.5000    7.5000  -37.500011691.9580   13.8705
    0.0000    7.5000  -37.500012179.8545   13.8934
    7.5000    7.5000  -37.500011611.4688   13.8758
   -7.5000   15.0000  -37.500011713.2715   13.8747
    0.0000   15.0000  -37.500012206.5029   13.8951
    7.5000   15.0000  -37.500011656.7598   13.8760
   -7.5000   22.5000  -37.500011588.5742   13.8922
    0.0000   22.5000  -37.500012075.0078   13.9106
    7.5000   22.5000  -37.500011541.3633   13.8901
   -7.5000   30.0000  -37.500011356.5938   13.7259
    0.0000   30.0000  -37.500011862.8545   13.7448
    7.5000   30.0000  -37.500011279.7549   13.7247
   -7.5000   37.5000  -37.500011537.8086   13.7180
    0.0000   37.5000  -37.500012054.6328   13.7402
    7.5000   37.5000  -37.500011433.9609   13.7214
   -7.5000   45.0000  -37.500011233.3447   13.3511
    0.0000   45.0000  -37.500011732.0889   13.3745
    7.5000   45.0000  -37.500011130.5371   13.3574
   -7.5000  -45.0000  -30.0000 5708.2178   16.2440
    0.0000  -45.0000  -30.0000 5958.0596   16.2831
    7.5000  -45.0000  -30.0000 5651.8286   16.2640
   -7.5000  -37.5000  -30.0000 6389.2432   15.5006
    0.0000  -37.5000  -30.0000 6645.4746   15.5278
    7.5000  -37.5000  -30.0000 6321.2188   15.5003
   -7.5000  -30.0000  -30.0000 7405.3667   15.0220
    0.0000  -30.0000  -30.0000 7704.8672   15.0437
    7.5000  -30.0000  -30.0000 7344.8960   15.0125
   -7.5000  -22.5000  -30.0000 8581.6836   14.7394
    0.0000  -22.5000  -30.0000 8920.1787   14.7637
    7.5000  -22.5000  -30.0000 8517.9414   14.7353
   -7.5000  -15.0000  -30.0000 9803.3564   14.5527
    0.0000  -15.0000  -30.000010186.6240   14.5779
    7.5000  -15.0000  -30.0000 9728.2627   14.5566
   -7.5000   -7.5000  -30.000011051.4375   14.4828
    0.0000   -7.5000  -30.000011481.0000   14.5113
    7.5000   -7.5000  -30.000010969.0576   14.4954
   -7.5000    0.0000  -30.000012224.3652   14.4534
    0.0000    0.0000  -30.000012716.0566   14.4828
    7.5000    0.0000  -30.000012128.9307   14.4663
   -7.5000    7.5000  -30.000012393.3809   14.4460
    0.0000    7.5000  -30.000012913.8750   14.4725
    7.5000    7.5000  -30.000012322.6084   14.4502
   -7.5000   15.0000  -30.000012405.5371   14.4548
    0.0000   15.0000  -30.000012922.8604   14.4784
    7.5000   15.0000  -30.000012343.3984   14.4506
   -7.5000   22.5000  -30.000012233.9473   14.4694
    0.0000   22.5000  -30.000012752.0156   14.4922
    7.5000   22.5000  -30.000012172.2695   14.4655
   -7.5000   30.0000  -30.000011947.1455   14.2929
    0.0000   30.0000  -30.000012469.2773   14.3176
    7.5000   30.0000  -30.000011867.3594   14.2972
   -7.5000   37.5000  -30.000012132.4395   14.2803
    0.0000   37.5000  -30.000012691.6035   14.3084
    7.5000   37.5000  -30.000012036.8975   14.2928
   -7.5000   45.0000  -30.000011852.0273   13.9088
    0.0000   45.0000  -30.000012409.8535   13.9372
    7.5000   45.0000  -30.000011740.3242   13.9213
   -7.5000  -45.0000  -22.5000 5963.9468   16.7839
    0.0000  -45.0000  -22.5000 6229.2290   16.8236
    7.5000  -45.0000  -22.5000 5902.5991   16.8081
   -7.5000  -37.5000  -22.5000 6714.5190   16.0072
    0.0000  -37.5000  -22.5000 6977.6382   16.0359
    7.5000  -37.5000  -22.5000 6643.9678   16.0090
   -7.5000  -30.0000  -22.5000 7824.0820   15.5132
    0.0000  -30.0000  -22.5000 8126.8032   15.5323
    7.5000  -30.0000  -22.5000 7773.5044   15.5000
   -7.5000  -22.5000  -22.5000 9069.2617   15.2336
    0.0000  -22.5000  -22.5000 9421.8838   15.2516
    7.5000  -22.5000  -22.5000 9013.6914   15.2226
   -7.5000  -15.0000  -22.500010334.5059   15.0488
    0.0000  -15.0000  -22.500010745.1123   15.0666
    7.5000  -15.0000  -22.500010259.0684   15.0474
   -7.5000   -7.5000  -22.500011643.1768   14.9712
    0.0000   -7.5000  -22.500012108.5195   14.9952
    7.5000   -7.5000  -22.500011560.2207   14.9832
   -7.5000    0.0000  -22.500012876.6182   14.9293
    0.0000    0.0000  -22.500013420.6074   14.9583
    7.5000    0.0000  -22.500012791.8037   14.9446
   -7.5000    7.5000  -22.500013062.9482   14.9162
    0.0000    7.5000  -22.500013625.2715   14.9433
    7.5000    7.5000  -22.500012992.2881   14.9212
   -7.5000   15.0000  -22.500013058.6387   14.9294
    0.0000   15.0000  -22.500013616.7646   14.9506
    7.5000   15.0000  -22.500012993.7725   14.9216
   -7.5000   22.5000  -22.500012816.1680   14.9541
    0.0000   22.5000  -22.500013364.6641   14.9710
    7.5000   22.5000  -22.500012771.1777   14.9437
   -7.5000   30.0000  -22.500012477.8906   14.7824
    0.0000   30.0000  -22.500012987.6094   14.7998
    7.5000   30.0000  -22.500012415.1211   14.7815
   -7.5000   37.5000  -22.500012684.2773   14.7641
    0.0000   37.5000  -22.500013235.1084   14.7878
    7.5000   37.5000  -22.500012609.8887   14.7760
   -7.5000   45.0000  -22.500012395.8535   14.3776
    0.0000   45.0000  -22.500012958.9668   14.4056
    7.5000   45.0000  -22.500012314.1904   14.3924
   -7.5000  -45.0000  -15.0000 6229.2090   17.1798
    0.0000  -45.0000  -15.0000 6484.1406   17.2158
    7.5000  -45.0000  -15.0000 6160.7358   17.2022
   -7.5000  -37.5000  -15.0000 7012.0303   16.3775
    0.0000  -37.5000  -15.0000 7291.0850   16.4054
    7.5000  -37.5000  -15.0000 6964.1934   16.3840
   -7.5000  -30.0000  -15.0000 8181.7417   15.8658
    0.0000  -30.0000  -15.0000 8511.1250   15.8817
    7.5000  -30.0000  -15.0000 8143.8350   15.8564
   -7.5000  -22.5000  -15.0000 9492.5654   15.5925
    0.0000  -22.5000  -15.0000 9885.2852   15.6023
    7.5000  -22.5000  -15.0000 9442.6953   15.5785
   -7.5000  -15.0000  -15.000010842.2754   15.4165
    0.0000  -15.0000  -15.000011296.2637   15.4235
    7.5000  -15.0000  -15.000010780.2178   15.4060
   -7.5000   -7.5000  -15.000012236.1895   15.3365
    0.0000   -7.5000  -15.000012745.5166   15.3521
    7.5000   -7.5000  -15.000012157.2656   15.3403
   -7.5000    0.0000  -15.000013497.8281   15.2816
    0.0000    0.0000  -15.000014062.9570   15.3066
    7.5000    0.0000  -15.000013413.3779   15.2942
   -7.5000    7.5000  -15.000013670.1836   15.2570
    0.0000    7.5000  -15.000014220.3467   15.2826
    7.5000    7.5000  -15.000013584.7324   15.2648
   -7.5000   15.0000  -15.000013637.4502   15.2698
    0.0000   15.0000  -15.000014195.3154   15.2880
    7.5000   15.0000  -15.000013577.1826   15.2653
   -7.5000   22.5000  -15.000013396.6104   15.3063
    0.0000   22.5000  -15.000013965.6230   15.3154
    7.5000   22.5000  -15.000013360.7461   15.2931
   -7.5000   30.0000  -15.000013025.6738   15.1458
    0.0000   30.0000  -15.000013559.5107   15.1528
    7.5000   30.0000  -15.000012993.2285   15.1362
   -7.5000   37.5000  -15.000013220.9141   15.1265
    0.0000   37.5000  -15.000013746.8857   15.1419
    7.5000   37.5000  -15.000013186.7207   15.1303
   -7.5000   45.0000  -15.000012912.6006   14.7258
    0.0000   45.0000  -15.000013451.8096   14.7499
    7.5000   45.0000  -15.000012891.0156   14.7380
   -7.5000  -45.0000   -7.5000 6430.6411   17.3911
    0.0000  -45.0000   -7.5000 6693.0625   17.4235
    7.5000  -45.0000   -7.5000 6377.0840   17.4079
   -7.5000  -37.5000   -7.5000 7288.0747   16.5821
    0.0000  -37.5000   -7.5000 7580.0757   16.6080
    7.5000  -37.5000   -7.5000 7248.0459   16.5909
   -7.5000  -30.0000   -7.5000 8550.6104   16.0573
    0.0000  -30.0000   -7.5000 8875.1865   16.0723
    7.5000  -30.0000   -7.5000 8502.3604   16.0551
   -7.5000  -22.5000   -7.5000 9934.4580   15.7803
    0.0000  -22.5000   -7.500010333.0596   15.7882
    7.5000  -22.5000   -7.5000 9892.7861   15.7696
   -7.5000  -15.0000   -7.500011354.5156   15.6064
    0.0000  -15.0000   -7.500011813.7158   15.6101
    7.5000  -15.0000   -7.500011300.3691   15.5918
   -7.5000   -7.5000   -7.500012807.3672   15.5307
    0.0000   -7.5000   -7.500013366.6631   15.5425
    7.5000   -7.5000   -7.500012730.1797   15.5264
   -7.5000    0.0000   -7.500014079.9941   15.4755
    0.0000    0.0000   -7.500014738.1758   15.4974
    7.5000    0.0000   -7.500013994.9873   15.4828
   -7.5000    7.5000   -7.500014144.9688   15.4454
    0.0000    7.5000   -7.500014742.4072   15.4692
    7.5000    7.5000   -7.500014075.2695   15.4551
   -7.5000   15.0000   -7.500014068.1992   15.4533
    0.0000   15.0000   -7.500014654.8809   15.4706
    7.5000   15.0000   -7.500014011.4170   15.4553
   -7.5000   22.5000   -7.500014010.0303   15.4889
    0.0000   22.5000   -7.500014720.1797   15.4961
    7.5000   22.5000   -7.500013963.5381   15.4788
   -7.5000   30.0000   -7.500013772.6221   15.3324
    0.0000   30.0000   -7.500014380.3691   15.3360
    7.5000   30.0000   -7.500013778.8135   15.3186
   -7.5000   37.5000   -7.500013954.3174   15.3177
    0.0000   37.5000   -7.500014425.7637   15.3293
    7.5000   37.5000   -7.500013986.6074   15.3135
   -7.5000   45.0000   -7.500013603.1299   14.9155
    0.0000   45.0000   -7.500014048.0254   14.9366
    7.5000   45.0000   -7.500013621.9043   14.9225
   -7.5000  -45.0000    0.0000 6551.3203   17.4396
    0.0000  -45.0000    0.0000 6812.4971   17.4718
    7.5000  -45.0000    0.0000 6509.6802   17.4515
   -7.5000  -37.5000    0.0000 7443.6001   16.6370
    0.0000  -37.5000    0.0000 7716.6323   16.6611
    7.5000  -37.5000    0.0000 7394.6099   16.6427
   -7.5000  -30.0000    0.0000 8776.9258   16.1096
    0.0000  -30.0000    0.0000 9104.6123   16.1260
    7.5000  -30.0000    0.0000 8715.6963   16.1098
   -7.5000  -22.5000    0.000010258.7061   15.8207
    0.0000  -22.5000    0.000010692.8359   15.8333
    7.5000  -22.5000    0.000010194.3281   15.8147
   -7.5000  -15.0000    0.000011752.1328   15.6395
    0.0000  -15.0000    0.000012273.8789   15.6490
    7.5000  -15.0000    0.000011680.3330   15.6277
   -7.5000   -7.5000    0.000013273.6455   15.5693
    0.0000   -7.5000    0.000013865.2227   15.5848
    7.5000   -7.5000    0.000013192.8330   15.5637
   -7.5000    0.0000    0.000014582.0176   15.5244
    0.0000    0.0000    0.000015255.4336   15.5467
    7.5000    0.0000    0.000014517.2930   15.5283
   -7.5000    7.5000    0.000014591.0215   15.4985
    0.0000    7.5000    0.000015159.4072   15.5216
    7.5000    7.5000    0.000014554.2734   15.5067
   -7.5000   15.0000    0.000014423.7910   15.5021
    0.0000   15.0000    0.000014986.2285   15.5206
    7.5000   15.0000    0.000014396.7490   15.5065
   -7.5000   22.5000    0.000014447.8428   15.5280
    0.0000   22.5000    0.000015165.5703   15.5396
    7.5000   22.5000    0.000014422.7725   15.5223
   -7.5000   30.0000    0.000014371.2969   15.3654
    0.0000   30.0000    0.000015007.2432   15.3748
    7.5000   30.0000    0.000014384.1934   15.3544
   -7.5000   37.5000    0.000014594.2256   15.3561
    0.0000   37.5000    0.000015159.7393   15.3714
    7.5000   37.5000    0.000014603.0576   15.3508
   -7.5000   45.0000    0.000014207.3018   14.9637
    0.0000   45.0000    0.000014749.5059   14.9852
    7.5000   45.0000    0.000014149.3174   14.9675
   -7.5000  -45.0000    7.5000 6141.3452   17.4549
    0.0000  -45.0000    7.5000 6392.4531   17.4920
    7.5000  -45.0000    7.5000 6100.9238   17.4693
   -7.5000  -37.5000    7.5000 7019.8457   16.6574
    0.0000  -37.5000    7.5000 7292.2959   16.6834
    7.5000  -37.5000    7.5000 6968.0137   16.6589
   -7.5000  -30.0000    7.5000 8315.0537   16.1359
    0.0000  -30.0000    7.5000 8661.5820   16.1568
    7.5000  -30.0000    7.5000 8254.0039   16.1325
   -7.5000  -22.5000    7.5000 9735.5566   15.8343
    0.0000  -22.5000    7.500010160.5488   15.8563
    7.5000  -22.5000    7.5000 9672.6592   15.8319
   -7.5000  -15.0000    7.500011160.1123   15.6400
    0.0000  -15.0000    7.500011653.1035   15.6616
    7.5000  -15.0000    7.500011117.1602   15.6381
   -7.5000   -7.5000    7.500012595.0869   15.5700
    0.0000   -7.5000    7.500013164.1426   15.5951
    7.5000   -7.5000    7.500012558.1758   15.5737
   -7.5000    0.0000    7.500013882.5244   15.5365
    0.0000    0.0000    7.500014517.2256   15.5638
    7.5000    0.0000    7.500013840.1670   15.5439
   -7.5000    7.5000    7.500013977.6475   15.5215
    0.0000    7.5000    7.500014517.0957   15.5471
    7.5000    7.5000    7.500013935.6953   15.5274
   -7.5000   15.0000    7.500013922.0371   15.5262
    0.0000   15.0000    7.500014472.0986   15.5490
    7.5000   15.0000    7.500013890.3750   15.5276
   -7.5000   22.5000    7.500013871.2275   15.5407
    0.0000   22.5000    7.500014507.2490   15.5613
    7.5000   22.5000    7.500013828.6914   15.5384
   -7.5000   30.0000    7.500013662.9111   15.3657
    0.0000   30.0000    7.500014221.6094   15.3867
    7.5000   30.0000    7.500013603.1758   15.3642
   -7.5000   37.5000    7.500013890.3623   15.3568
    0.0000   37.5000    7.500014424.9023   15.3816
    7.5000   37.5000    7.500013784.3574   15.3606
   -7.5000   45.0000    7.500013545.1504   14.9754
    0.0000   45.0000    7.500014119.0332   15.0017
    7.5000   45.0000    7.500013414.0684   14.9825
   -7.5000  -45.0000   15.0000 5702.7432   17.4726
    0.0000  -45.0000   15.0000 5955.6108   17.5148
    7.5000  -45.0000   15.0000 5661.2397   17.4945
   -7.5000  -37.5000   15.0000 6552.9683   16.6751
    0.0000  -37.5000   15.0000 6808.4570   16.7044
    7.5000  -37.5000   15.0000 6503.9463   16.6750
   -7.5000  -30.0000   15.0000 7750.1885   16.1622
    0.0000  -30.0000   15.0000 8073.3965   16.1857
    7.5000  -30.0000   15.0000 7695.0796   16.1523
   -7.5000  -22.5000   15.0000 9095.0889   15.8602
    0.0000  -22.5000   15.0000 9476.4404   15.8865
    7.5000  -22.5000   15.0000 9038.9580   15.8561
   -7.5000  -15.0000   15.000010446.9668   15.6585
    0.0000  -15.0000   15.000010915.2549   15.6857
    7.5000  -15.0000   15.000010412.2188   15.6630
   -7.5000   -7.5000   15.000011809.9746   15.5828
    0.0000   -7.5000   15.000012365.5273   15.6136
    7.5000   -7.5000   15.000011766.5752   15.5966
   -7.5000    0.0000   15.000013063.9941   15.5510
    0.0000    0.0000   15.000013672.8477   15.5828
    7.5000    0.0000   15.000012999.1699   15.5652
   -7.5000    7.5000   15.000013216.3018   15.5435
    0.0000    7.5000   15.000013782.3887   15.5722
    7.5000    7.5000   15.000013144.1660   15.5483
   -7.5000   15.0000   15.000013260.2227   15.5534
    0.0000   15.0000   15.000013832.8691   15.5790
    7.5000   15.0000   15.000013182.1475   15.5491
   -7.5000   22.5000   15.000013164.0811   15.5656
    0.0000   22.5000   15.000013724.4512   15.5904
    7.5000   22.5000   15.000013092.1299   15.5617
   -7.5000   30.0000   15.000012848.8604   15.3833
    0.0000   30.0000   15.000013316.4072   15.4100
    7.5000   30.0000   15.000012774.1094   15.3882
   -7.5000   37.5000   15.000012976.4551   15.3694
    0.0000   37.5000   15.000013406.8760   15.3998
    7.5000   37.5000   15.000012876.8447   15.3832
   -7.5000   45.0000   15.000012620.2305   14.9894
    0.0000   45.0000   15.000013061.3389   15.0201
    7.5000   45.0000   15.000012520.8174   15.0030
   -7.5000  -45.0000   22.5000 5231.8081   17.6230
    0.0000  -45.0000   22.5000 5463.3594   17.6655
    7.5000  -45.0000   22.5000 5198.6650   17.6501
   -7.5000  -37.5000   22.5000 6028.4185   16.8053
    0.0000  -37.5000   22.5000 6268.4463   16.8361
    7.5000  -37.5000   22.5000 5991.0312   16.8085
   -7.5000  -30.0000   22.5000 7134.1265   16.2871
    0.0000  -30.0000   22.5000 7425.1045   16.3078
    7.5000  -30.0000   22.5000 7095.2461   16.2742
   -7.5000  -22.5000   22.5000 8394.8496   15.9955
    0.0000  -22.5000   22.5000 8753.4111   16.0150
    7.5000  -22.5000   22.5000 8349.2783   15.9850
   -7.5000  -15.0000   22.5000 9667.6777   15.7985
    0.0000  -15.0000   22.500010103.9697   15.8178
    7.5000  -15.0000   22.5000 9619.1357   15.7982
   -7.5000   -7.5000   22.500010960.5664   15.7157
    0.0000   -7.5000   22.500011461.3076   15.7417
    7.5000   -7.5000   22.500010886.7959   15.7297
   -7.5000    0.0000   22.500012123.2578   15.6717
    0.0000    0.0000   22.500012648.2500   15.7029
    7.5000    0.0000   22.500012014.9893   15.6891
   -7.5000    7.5000   22.500012281.7949   15.6586
    0.0000    7.5000   22.500012807.8691   15.6877
    7.5000    7.5000   22.500012173.6816   15.6650
   -7.5000   15.0000   22.500012336.9307   15.6730
    0.0000   15.0000   22.500012872.6670   15.6959
    7.5000   15.0000   22.500012245.7295   15.6658
   -7.5000   22.5000   22.500012236.3799   15.6964
    0.0000   22.5000   22.500012745.6367   15.7147
    7.5000   22.5000   22.500012170.0137   15.6865
   -7.5000   30.0000   22.500011942.0498   15.5201
    0.0000   30.0000   22.500012419.2471   15.5390
    7.5000   30.0000   22.500011881.6133   15.5204
   -7.5000   37.5000   22.500012065.9102   15.5004
    0.0000   37.5000   22.500012522.7021   15.5260
    7.5000   37.5000   22.500012004.5771   15.5143
   -7.5000   45.0000   22.500011707.0654   15.1057
    0.0000   45.0000   22.500012133.4980   15.1357
    7.5000   45.0000   22.500011642.6572   15.1225
   -7.5000  -45.0000   30.0000 4713.6177   17.8797
    0.0000  -45.0000   30.0000 4929.0562   17.9200
    7.5000  -45.0000   30.0000 4688.4009   17.9070
   -7.5000  -37.5000   30.0000 5436.2554   17.0334
    0.0000  -37.5000   30.0000 5673.8516   17.0648
    7.5000  -37.5000   30.0000 5407.0527   17.0433
   -7.5000  -30.0000   30.0000 6461.6152   16.4975
    0.0000  -30.0000   30.0000 6733.9341   16.5159
    7.5000  -30.0000   30.0000 6423.7261   16.4903
   -7.5000  -22.5000   30.0000 7638.0518   16.2146
    0.0000  -22.5000   30.0000 7959.9253   16.2267
    7.5000  -22.5000   30.0000 7588.5449   16.2027
   -7.5000  -15.0000   30.0000 8805.7236   16.0268
    0.0000  -15.0000   30.0000 9185.9014   16.0361
    7.5000  -15.0000   30.0000 8752.2695   16.0188
   -7.5000   -7.5000   30.0000 9956.0762   15.9413
    0.0000   -7.5000   30.000010388.0967   15.9596
    7.5000   -7.5000   30.0000 9901.0811   15.9483
   -7.5000    0.0000   30.000011019.5137   15.8830
    0.0000    0.0000   30.000011485.0947   15.9112
    7.5000    0.0000   30.000010935.3613   15.8992
   -7.5000    7.5000   30.000011211.1768   15.8572
    0.0000    7.5000   30.000011695.9658   15.8859
    7.5000    7.5000   30.000011116.0957   15.8682
   -7.5000   15.0000   30.000011256.6885   15.8712
    0.0000   15.0000   30.000011758.5381   15.8919
    7.5000   15.0000   30.000011181.8535   15.8691
   -7.5000   22.5000   30.000011182.3174   15.9084
    0.0000   22.5000   30.000011676.0986   15.9197
    7.5000   22.5000   30.000011115.1035   15.8972
   -7.5000   30.0000   30.000010945.4473   15.7436
    0.0000   30.0000   30.000011415.3857   15.7527
    7.5000   30.0000   30.000010883.8252   15.7364
   -7.5000   37.5000   30.000011085.2529   15.7227
    0.0000   37.5000   30.000011535.3154   15.7408
    7.5000   37.5000   30.000011027.8037   15.7297
   -7.5000   45.0000   30.000010736.8242   15.3094
    0.0000   45.0000   30.000011164.3701   15.3366
    7.5000   45.0000   30.000010681.2803   15.3250
   -7.5000  -45.0000   37.5000 4387.9014   18.4012
    0.0000  -45.0000   37.5000 4602.1240   18.4409
    7.5000  -45.0000   37.5000 4371.6792   18.4220
   -7.5000  -37.5000   37.5000 5074.7305   17.5242
    0.0000  -37.5000   37.5000 5318.5137   17.5567
    7.5000  -37.5000   37.5000 5059.7710   17.5365
   -7.5000  -30.0000   37.5000 6048.2056   16.9535
    0.0000  -30.0000   37.5000 6325.7920   16.9738
    7.5000  -30.0000   37.5000 6027.3008   16.9541
   -7.5000  -22.5000   37.5000 7162.8477   16.6556
    0.0000  -22.5000   37.5000 7465.6230   16.6678
    7.5000  -22.5000   37.5000 7132.1724   16.6471
   -7.5000  -15.0000   37.5000 8270.0215   16.4623
    0.0000  -15.0000   37.5000 8615.5244   16.4695
    7.5000  -15.0000   37.5000 8235.8008   16.4493
   -7.5000   -7.5000   37.5000 9367.7881   16.3777
    0.0000   -7.5000   37.5000 9759.7715   16.3937
    7.5000   -7.5000   37.5000 9320.8232   16.3756
   -7.5000    0.0000   37.500010393.9844   16.3180
    0.0000    0.0000   37.500010844.9971   16.3452
    7.5000    0.0000   37.500010328.2471   16.3282
   -7.5000    7.5000   37.500010612.1367   16.2867
    0.0000    7.5000   37.500011082.0166   16.3164
    7.5000    7.5000   37.500010539.1465   16.2997
   -7.5000   15.0000   37.500010673.6104   16.2962
    0.0000   15.0000   37.500011143.1162   16.3187
    7.5000   15.0000   37.500010616.1309   16.3013
   -7.5000   22.5000   37.500010614.2988   16.3344
    0.0000   22.5000   37.500011066.2734   16.3457
    7.5000   22.5000   37.500010562.5283   16.3265
   -7.5000   30.0000   37.500010406.0010   16.1697
    0.0000   30.0000   37.500010855.4795   16.1768
    7.5000   30.0000   37.500010345.0010   16.1577
   -7.5000   37.5000   37.500010535.5088   16.1528
    0.0000   37.5000   37.500010966.6074   16.1686
    7.5000   37.5000   37.500010469.6982   16.1509
   -7.5000   45.0000   37.500010211.2959   15.7287
    0.0000   45.0000   37.500010611.6387   15.7549
    7.5000   45.0000   37.500010148.3662   15.7385
   -7.5000  -45.0000   45.0000 3936.6118   19.1406
    0.0000  -45.0000   45.0000 4116.2241   19.1864
    7.5000  -45.0000   45.0000 3931.9768   19.1623
   -7.5000  -37.5000   45.0000 4566.1924   18.2273
    0.0000  -37.5000   45.0000 4784.0479   18.2629
    7.5000  -37.5000   45.0000 4559.9795   18.2409
   -7.5000  -30.0000   45.0000 5458.5850   17.6188
    0.0000  -30.0000   45.0000 5713.1367   17.6441
    7.5000  -30.0000   45.0000 5442.8770   17.6249
   -7.5000  -22.5000   45.0000 6454.6182   17.2840
    0.0000  -22.5000   45.0000 6732.3667   17.3037
    7.5000  -22.5000   45.0000 6439.9131   17.2821
   -7.5000  -15.0000   45.0000 7475.9653   17.0735
    0.0000  -15.0000   45.0000 7774.5234   17.0891
    7.5000  -15.0000   45.0000 7459.0825   17.0646
   -7.5000   -7.5000   45.0000 8498.3691   16.9942
    0.0000   -7.5000   45.0000 8827.0859   17.0175
    7.5000   -7.5000   45.0000 8453.8701   16.9932
   -7.5000    0.0000   45.0000 9454.6172   16.9441
    0.0000    0.0000   45.0000 9853.6318   16.9764
    7.5000    0.0000   45.0000 9396.0469   16.9549
   -7.5000    7.5000   45.0000 9669.7676   16.9107
    0.0000    7.5000   45.000010105.8691   16.9443
    7.5000    7.5000   45.0000 9620.7178   16.9266
   -7.5000   15.0000   45.0000 9728.7627   16.9101
    0.0000   15.0000   45.000010153.9072   16.9374
    7.5000   15.0000   45.0000 9685.7529   16.9208
   -7.5000   22.5000   45.0000 9680.8330   16.9392
    0.0000   22.5000   45.000010069.7705   16.9574
    7.5000   22.5000   45.0000 9638.8584   16.9375
   -7.5000   30.0000   45.0000 9498.7051   16.7651
    0.0000   30.0000   45.0000 9873.6201   16.7804
    7.5000   30.0000   45.0000 9446.7656   16.7571
   -7.5000   37.5000   45.0000 9596.3965   16.7589
    0.0000   37.5000   45.0000 9984.2129   16.7819
    7.5000   37.5000   45.0000 9548.5596   16.7580
   -7.5000   45.0000   45.0000 9325.5830   16.3396
    0.0000   45.0000   45.0000 9696.4619   16.3707
    7.5000   45.0000   45.0000 9275.7676   16.3499

---------------------------------------------------------------------
imgreg_4dfp /opt/freesurfer/average/711-2C_as_mni_average_305 /opt/freesurfer/average/711-2B_as_mni_average_305_mask talsrcimg_g11 none talsrcimg_to_711-2C_as_mni_average_305_t4 4355
---------------------------------------------------------------------

freesurfer imgreg_4dfp.c
/opt/freesurfer/average/711-2C_as_mni_average_305.4dfp.img
       256       256       256         1
  1.000000  1.000000  1.000000
orientation T byte_order littleendian
Reading image: /opt/freesurfer/average/711-2C_as_mni_average_305.4dfp.img
dimensions:      256       256       256
mmppix:       1.0000   -1.0000   -1.0000
center:     128.0000 -129.0000 -129.0000
/opt/freesurfer/average/711-2B_as_mni_average_305_mask.4dfp.img
       256       256       256         1
  1.000000  1.000000  1.000000
orientation T byte_order littleendian
Reading mask: /opt/freesurfer/average/711-2B_as_mni_average_305_mask.4dfp.img (2306576 pixels)
talsrcimg_g11.4dfp.img
       256       256       256         1
  1.000000  1.000000  1.000000
orientation T byte_order littleendian
Reading image: talsrcimg_g11.4dfp.img
dimensions:      256       256       256
mmppix:       1.0000   -1.0000   -1.0000
center:     128.0000 -129.0000 -129.0000
rotation matrix determinant  1.000000
image alignment mode   4355 decimal     1103 hex
   -7.5000  -45.0000  -45.0000 1477.4105   28.3290
    0.0000  -45.0000  -45.0000 1479.3668   28.4706
    7.5000  -45.0000  -45.0000 1460.5350   28.6353
   -7.5000  -37.5000  -45.0000 1611.3933   23.9785
    0.0000  -37.5000  -45.0000 1618.1997   24.0328
    7.5000  -37.5000  -45.0000 1600.4084   24.2371
   -7.5000  -30.0000  -45.0000 1736.6595   20.5641
    0.0000  -30.0000  -45.0000 1741.8390   20.4835
    7.5000  -30.0000  -45.0000 1725.7888   20.7432
   -7.5000  -22.5000  -45.0000 1867.7081   17.8755
    0.0000  -22.5000  -45.0000 1871.3024   17.8391
    7.5000  -22.5000  -45.0000 1858.6671   18.0525
   -7.5000  -15.0000  -45.0000 1998.6003   15.7718
    0.0000  -15.0000  -45.0000 2006.2948   15.7681
    7.5000  -15.0000  -45.0000 1990.9326   15.9296
   -7.5000   -7.5000  -45.0000 2122.6638   14.0956
    0.0000   -7.5000  -45.0000 2133.0332   14.0965
    7.5000   -7.5000  -45.0000 2113.7312   14.2342
   -7.5000    0.0000  -45.0000 2233.6838   12.7268
    0.0000    0.0000  -45.0000 2241.4932   12.7287
    7.5000    0.0000  -45.0000 2227.9839   12.8611
   -7.5000    7.5000  -45.0000 2324.3811   11.6549
    0.0000    7.5000  -45.0000 2332.1335   11.6624
    7.5000    7.5000  -45.0000 2316.6387   11.7796
   -7.5000   15.0000  -45.0000 2392.3706   10.9230
    0.0000   15.0000  -45.0000 2400.0974   10.9309
    7.5000   15.0000  -45.0000 2379.7930   11.0500
   -7.5000   22.5000  -45.0000 2425.1575   10.5007
    0.0000   22.5000  -45.0000 2429.4924   10.5269
    7.5000   22.5000  -45.0000 2413.1477   10.6370
   -7.5000   30.0000  -45.0000 2444.3853   10.3205
    0.0000   30.0000  -45.0000 2455.5974   10.3091
    7.5000   30.0000  -45.0000 2432.5637   10.4216
   -7.5000   37.5000  -45.0000 2437.3467   10.4095
    0.0000   37.5000  -45.0000 2451.7222   10.3774
    7.5000   37.5000  -45.0000 2426.0886   10.4876
   -7.5000   45.0000  -45.0000 2408.0012   10.6439
    0.0000   45.0000  -45.0000 2419.1909   10.6140
    7.5000   45.0000  -45.0000 2395.7891   10.7278
   -7.5000  -45.0000  -37.5000 1505.6804   27.3861
    0.0000  -45.0000  -37.5000 1510.8457   27.3948
    7.5000  -45.0000  -37.5000 1492.0311   27.6365
   -7.5000  -37.5000  -37.5000 1641.9711   22.9712
    0.0000  -37.5000  -37.5000 1651.0953   22.9129
    7.5000  -37.5000  -37.5000 1631.1978   23.2145
   -7.5000  -30.0000  -37.5000 1773.1332   19.6029
    0.0000  -30.0000  -37.5000 1782.1339   19.4882
    7.5000  -30.0000  -37.5000 1764.6716   19.8080
   -7.5000  -22.5000  -37.5000 1912.4293   16.9671
    0.0000  -22.5000  -37.5000 1920.4053   16.9134
    7.5000  -22.5000  -37.5000 1905.5577   17.1416
   -7.5000  -15.0000  -37.5000 2054.9468   14.9292
    0.0000  -15.0000  -37.5000 2062.6536   14.9273
    7.5000  -15.0000  -37.5000 2046.5902   15.0979
   -7.5000   -7.5000  -37.5000 2187.1389   13.3100
    0.0000   -7.5000  -37.5000 2190.7612   13.3197
    7.5000   -7.5000  -37.5000 2175.7324   13.4692
   -7.5000    0.0000  -37.5000 2302.5618   12.0364
    0.0000    0.0000  -37.5000 2309.8984   12.0412
    7.5000    0.0000  -37.5000 2289.7300   12.1842
   -7.5000    7.5000  -37.5000 2394.7595   11.0181
    0.0000    7.5000  -37.5000 2403.4026   11.0062
    7.5000    7.5000  -37.5000 2382.6372   11.1446
   -7.5000   15.0000  -37.5000 2470.1067   10.2958
    0.0000   15.0000  -37.5000 2478.0696   10.2855
    7.5000   15.0000  -37.5000 2458.3635   10.4073
   -7.5000   22.5000  -37.5000 2515.0229    9.8577
    0.0000   22.5000  -37.5000 2524.6125    9.8579
    7.5000   22.5000  -37.5000 2500.3479    9.9706
   -7.5000   30.0000  -37.5000 2541.2026    9.6577
    0.0000   30.0000  -37.5000 2548.9861    9.6651
    7.5000   30.0000  -37.5000 2524.8066    9.7449
   -7.5000   37.5000  -37.5000 2538.7314    9.7348
    0.0000   37.5000  -37.5000 2548.1213    9.7376
    7.5000   37.5000  -37.5000 2520.7126    9.8079
   -7.5000   45.0000  -37.5000 2504.7803    9.9729
    0.0000   45.0000  -37.5000 2515.4431    9.9758
    7.5000   45.0000  -37.5000 2488.0090   10.0623
   -7.5000  -45.0000  -30.0000 1547.8636   27.5446
    0.0000  -45.0000  -30.0000 1557.2036   27.4704
    7.5000  -45.0000  -30.0000 1538.5524   27.6973
   -7.5000  -37.5000  -30.0000 1693.8552   22.9269
    0.0000  -37.5000  -30.0000 1701.7203   22.8003
    7.5000  -37.5000  -30.0000 1684.4749   23.1616
   -7.5000  -30.0000  -30.0000 1837.1654   19.4178
    0.0000  -30.0000  -30.0000 1843.2653   19.3423
    7.5000  -30.0000  -30.0000 1831.4636   19.6287
   -7.5000  -22.5000  -30.0000 1990.9413   16.7680
    0.0000  -22.5000  -30.0000 1997.3790   16.7149
    7.5000  -22.5000  -30.0000 1984.3097   16.9719
   -7.5000  -15.0000  -30.0000 2140.0964   14.7190
    0.0000  -15.0000  -30.0000 2145.5759   14.6921
    7.5000  -15.0000  -30.0000 2128.5393   14.9190
   -7.5000   -7.5000  -30.0000 2276.4888   13.1148
    0.0000   -7.5000  -30.0000 2282.3882   13.1066
    7.5000   -7.5000  -30.0000 2262.9299   13.2868
   -7.5000    0.0000  -30.0000 2397.9092   11.8433
    0.0000    0.0000  -30.0000 2405.3291   11.8098
    7.5000    0.0000  -30.0000 2383.3240   11.9988
   -7.5000    7.5000  -30.0000 2498.5039   10.8167
    0.0000    7.5000  -30.0000 2510.1392   10.7954
    7.5000    7.5000  -30.0000 2487.0674   10.9471
   -7.5000   15.0000  -30.0000 2584.1396   10.0731
    0.0000   15.0000  -30.0000 2596.7024   10.0494
    7.5000   15.0000  -30.0000 2573.2185   10.1822
   -7.5000   22.5000  -30.0000 2645.9216    9.5981
    0.0000   22.5000  -30.0000 2658.9150    9.5704
    7.5000   22.5000  -30.0000 2631.4434    9.6981
   -7.5000   30.0000  -30.0000 2674.5129    9.3770
    0.0000   30.0000  -30.0000 2687.1592    9.3859
    7.5000   30.0000  -30.0000 2658.1831    9.4585
   -7.5000   37.5000  -30.0000 2678.1941    9.4268
    0.0000   37.5000  -30.0000 2695.2378    9.4439
    7.5000   37.5000  -30.0000 2662.0771    9.4900
   -7.5000   45.0000  -30.0000 2648.1975    9.6877
    0.0000   45.0000  -30.0000 2665.9226    9.7066
    7.5000   45.0000  -30.0000 2630.4766    9.7556
   -7.5000  -45.0000  -22.5000 1571.0548   27.4096
    0.0000  -45.0000  -22.5000 1575.4606   27.3486
    7.5000  -45.0000  -22.5000 1557.7190   27.7240
   -7.5000  -37.5000  -22.5000 1725.8771   22.7219
    0.0000  -37.5000  -22.5000 1734.8710   22.6232
    7.5000  -37.5000  -22.5000 1716.7731   22.9917
   -7.5000  -30.0000  -22.5000 1880.9747   19.2006
    0.0000  -30.0000  -22.5000 1890.4116   19.1057
    7.5000  -30.0000  -22.5000 1875.8257   19.4623
   -7.5000  -22.5000  -22.5000 2038.7943   16.5366
    0.0000  -22.5000  -22.5000 2050.7227   16.4593
    7.5000  -22.5000  -22.5000 2032.9023   16.7748
   -7.5000  -15.0000  -22.5000 2187.9666   14.4833
    0.0000  -15.0000  -22.5000 2198.0671   14.4201
    7.5000  -15.0000  -22.5000 2175.8987   14.6821
   -7.5000   -7.5000  -22.5000 2328.2842   12.8628
    0.0000   -7.5000  -22.5000 2340.2864   12.8280
    7.5000   -7.5000  -22.5000 2315.4053   13.0353
   -7.5000    0.0000  -22.5000 2457.2090   11.5867
    0.0000    0.0000  -22.5000 2467.6802   11.5534
    7.5000    0.0000  -22.5000 2444.1858   11.7324
   -7.5000    7.5000  -22.5000 2563.2537   10.5623
    0.0000    7.5000  -22.5000 2578.0593   10.5316
    7.5000    7.5000  -22.5000 2552.9412   10.6903
   -7.5000   15.0000  -22.5000 2659.3271    9.8084
    0.0000   15.0000  -22.5000 2673.9482    9.7722
    7.5000   15.0000  -22.5000 2648.7112    9.9124
   -7.5000   22.5000  -22.5000 2735.4170    9.2967
    0.0000   22.5000  -22.5000 2754.2339    9.2693
    7.5000   22.5000  -22.5000 2725.0259    9.3984
   -7.5000   30.0000  -22.5000 2775.7986    9.0421
    0.0000   30.0000  -22.5000 2789.6821    9.0347
    7.5000   30.0000  -22.5000 2757.3601    9.1448
   -7.5000   37.5000  -22.5000 2786.3850    9.0738
    0.0000   37.5000  -22.5000 2807.5315    9.0789
    7.5000   37.5000  -22.5000 2770.0383    9.1747
   -7.5000   45.0000  -22.5000 2761.8162    9.3529
    0.0000   45.0000  -22.5000 2784.6167    9.3562
    7.5000   45.0000  -22.5000 2746.1577    9.4325
   -7.5000  -45.0000  -15.0000 1574.7101   27.5451
    0.0000  -45.0000  -15.0000 1581.3320   27.3516
    7.5000  -45.0000  -15.0000 1561.4524   27.7895
   -7.5000  -37.5000  -15.0000 1734.7961   22.6185
    0.0000  -37.5000  -15.0000 1742.7046   22.5042
    7.5000  -37.5000  -15.0000 1727.4771   22.9249
   -7.5000  -30.0000  -15.0000 1895.1455   19.0588
    0.0000  -30.0000  -15.0000 1904.4684   18.9821
    7.5000  -30.0000  -15.0000 1891.6104   19.3639
   -7.5000  -22.5000  -15.0000 2055.5925   16.3704
    0.0000  -22.5000  -15.0000 2065.5728   16.3284
    7.5000  -22.5000  -15.0000 2049.0496   16.6397
   -7.5000  -15.0000  -15.0000 2203.5806   14.3067
    0.0000  -15.0000  -15.0000 2218.6609   14.2711
    7.5000  -15.0000  -15.0000 2194.0486   14.5168
   -7.5000   -7.5000  -15.0000 2351.0364   12.6759
    0.0000   -7.5000  -15.0000 2366.4871   12.6307
    7.5000   -7.5000  -15.0000 2338.4966   12.8636
   -7.5000    0.0000  -15.0000 2478.3149   11.3788
    0.0000    0.0000  -15.0000 2490.7144   11.3303
    7.5000    0.0000  -15.0000 2466.1682   11.5216
   -7.5000    7.5000  -15.0000 2590.4160   10.3406
    0.0000    7.5000  -15.0000 2602.8892   10.2770
    7.5000    7.5000  -15.0000 2577.9390   10.4660
   -7.5000   15.0000  -15.0000 2692.0918    9.5781
    0.0000   15.0000  -15.0000 2705.3491    9.5154
    7.5000   15.0000  -15.0000 2683.8198    9.6877
   -7.5000   22.5000  -15.0000 2783.0554    9.1027
    0.0000   22.5000  -15.0000 2803.3669    9.0475
    7.5000   22.5000  -15.0000 2775.5000    9.1867
   -7.5000   30.0000  -15.0000 2839.7349    8.8184
    0.0000   30.0000  -15.0000 2865.2983    8.7420
    7.5000   30.0000  -15.0000 2825.0481    8.9262
   -7.5000   37.5000  -15.0000 2860.7346    8.8288
    0.0000   37.5000  -15.0000 2881.0798    8.7676
    7.5000   37.5000  -15.0000 2844.2642    8.9403
   -7.5000   45.0000  -15.0000 2831.7395    9.1113
    0.0000   45.0000  -15.0000 2855.0984    9.0704
    7.5000   45.0000  -15.0000 2816.3052    9.2246
   -7.5000  -45.0000   -7.5000 1558.4612   27.7527
    0.0000  -45.0000   -7.5000 1563.7716   27.6357
    7.5000  -45.0000   -7.5000 1551.4232   28.0721
   -7.5000  -37.5000   -7.5000 1723.3490   22.8700
    0.0000  -37.5000   -7.5000 1732.3575   22.6984
    7.5000  -37.5000   -7.5000 1720.5897   23.2270
   -7.5000  -30.0000   -7.5000 1891.6317   19.1573
    0.0000  -30.0000   -7.5000 1902.7429   19.0730
    7.5000  -30.0000   -7.5000 1886.2438   19.4846
   -7.5000  -22.5000   -7.5000 2054.4009   16.3934
    0.0000  -22.5000   -7.5000 2068.0129   16.3242
    7.5000  -22.5000   -7.5000 2051.1650   16.6464
   -7.5000  -15.0000   -7.5000 2201.8333   14.2421
    0.0000  -15.0000   -7.5000 2217.9133   14.1727
    7.5000  -15.0000   -7.5000 2197.8223   14.4610
   -7.5000   -7.5000   -7.5000 2348.3401   12.5695
    0.0000   -7.5000   -7.5000 2362.3372   12.5234
    7.5000   -7.5000   -7.5000 2340.5112   12.7486
   -7.5000    0.0000   -7.5000 2473.7344   11.2196
    0.0000    0.0000   -7.5000 2488.3569   11.1865
    7.5000    0.0000   -7.5000 2463.9209   11.3613
   -7.5000    7.5000   -7.5000 2588.1375   10.1590
    0.0000    7.5000   -7.5000 2602.0796   10.1118
    7.5000    7.5000   -7.5000 2575.3750   10.2846
   -7.5000   15.0000   -7.5000 2695.0969    9.3812
    0.0000   15.0000   -7.5000 2709.1047    9.3153
    7.5000   15.0000   -7.5000 2682.5627    9.5038
   -7.5000   22.5000   -7.5000 2797.0925    8.9689
    0.0000   22.5000   -7.5000 2820.2976    8.9073
    7.5000   22.5000   -7.5000 2789.1094    9.0485
   -7.5000   30.0000   -7.5000 2872.3889    8.7637
    0.0000   30.0000   -7.5000 2905.0864    8.6815
    7.5000   30.0000   -7.5000 2862.8936    8.8621
   -7.5000   37.5000   -7.5000 2908.1199    8.7479
    0.0000   37.5000   -7.5000 2930.7561    8.6308
    7.5000   37.5000   -7.5000 2891.2371    8.8932
   -7.5000   45.0000   -7.5000 2876.7964    8.9943
    0.0000   45.0000   -7.5000 2898.6545    8.8932
    7.5000   45.0000   -7.5000 2856.6829    9.1442
   -7.5000  -45.0000    0.0000 1527.3870   28.6019
    0.0000  -45.0000    0.0000 1536.2415   28.3830
    7.5000  -45.0000    0.0000 1524.5941   28.9673
   -7.5000  -37.5000    0.0000 1700.7084   23.3520
    0.0000  -37.5000    0.0000 1707.1194   23.1716
    7.5000  -37.5000    0.0000 1696.0272   23.7170
   -7.5000  -30.0000    0.0000 1868.9852   19.5724
    0.0000  -30.0000    0.0000 1880.1852   19.3736
    7.5000  -30.0000    0.0000 1866.5020   19.8123
   -7.5000  -22.5000    0.0000 2038.2036   16.6977
    0.0000  -22.5000    0.0000 2052.1321   16.5805
    7.5000  -22.5000    0.0000 2032.6525   16.9388
   -7.5000  -15.0000    0.0000 2187.2856   14.4401
    0.0000  -15.0000    0.0000 2204.6941   14.3870
    7.5000  -15.0000    0.0000 2180.6377   14.6381
   -7.5000   -7.5000    0.0000 2327.3142   12.6753
    0.0000   -7.5000    0.0000 2344.0608   12.6344
    7.5000   -7.5000    0.0000 2318.3235   12.8430
   -7.5000    0.0000    0.0000 2448.5920   11.2631
    0.0000    0.0000    0.0000 2465.4307   11.2017
    7.5000    0.0000    0.0000 2439.8345   11.4176
   -7.5000    7.5000    0.0000 2565.5410   10.1652
    0.0000    7.5000    0.0000 2581.4778   10.0905
    7.5000    7.5000    0.0000 2555.1968   10.3061
   -7.5000   15.0000    0.0000 2676.3574    9.3736
    0.0000   15.0000    0.0000 2691.8428    9.2636
    7.5000   15.0000    0.0000 2666.7954    9.5257
   -7.5000   22.5000    0.0000 2785.3257    8.9965
    0.0000   22.5000    0.0000 2810.1011    8.9094
    7.5000   22.5000    0.0000 2779.3564    9.0983
   -7.5000   30.0000    0.0000 2874.1680    8.8807
    0.0000   30.0000    0.0000 2906.0352    8.8120
    7.5000   30.0000    0.0000 2864.1042    8.9820
   -7.5000   37.5000    0.0000 2917.1816    8.8528
    0.0000   37.5000    0.0000 2944.6431    8.7463
    7.5000   37.5000    0.0000 2897.8489    8.9647
   -7.5000   45.0000    0.0000 2892.8977    9.0088
    0.0000   45.0000    0.0000 2915.4531    8.9171
    7.5000   45.0000    0.0000 2868.9971    9.1193
   -7.5000  -45.0000    7.5000 1485.1473   30.0041
    0.0000  -45.0000    7.5000 1494.7911   29.7611
    7.5000  -45.0000    7.5000 1482.9431   30.3888
   -7.5000  -37.5000    7.5000 1659.7345   24.3635
    0.0000  -37.5000    7.5000 1667.3046   24.1720
    7.5000  -37.5000    7.5000 1657.4415   24.7097
   -7.5000  -30.0000    7.5000 1834.3589   20.3142
    0.0000  -30.0000    7.5000 1843.7654   20.1475
    7.5000  -30.0000    7.5000 1830.5537   20.5497
   -7.5000  -22.5000    7.5000 2008.1813   17.1429
    0.0000  -22.5000    7.5000 2024.3083   17.0971
    7.5000  -22.5000    7.5000 2002.0375   17.4086
   -7.5000  -15.0000    7.5000 2160.0203   14.7551
    0.0000  -15.0000    7.5000 2178.0369   14.6813
    7.5000  -15.0000    7.5000 2154.4028   14.9750
   -7.5000   -7.5000    7.5000 2291.8008   12.9573
    0.0000   -7.5000    7.5000 2312.7725   12.8695
    7.5000   -7.5000    7.5000 2290.4111   13.1315
   -7.5000    0.0000    7.5000 2413.8093   11.5537
    0.0000    0.0000    7.5000 2431.2756   11.4487
    7.5000    0.0000    7.5000 2409.3652   11.7201
   -7.5000    7.5000    7.5000 2534.0171   10.4731
    0.0000    7.5000    7.5000 2548.2246   10.3768
    7.5000    7.5000    7.5000 2526.2263   10.6326
   -7.5000   15.0000    7.5000 2650.5493    9.6896
    0.0000   15.0000    7.5000 2668.9104    9.5874
    7.5000   15.0000    7.5000 2639.4885    9.8357
   -7.5000   22.5000    7.5000 2756.1079    9.2731
    0.0000   22.5000    7.5000 2785.0774    9.1958
    7.5000   22.5000    7.5000 2746.0457    9.4010
   -7.5000   30.0000    7.5000 2838.1887    9.0606
    0.0000   30.0000    7.5000 2869.7708    8.9828
    7.5000   30.0000    7.5000 2823.0327    9.1846
   -7.5000   37.5000    7.5000 2883.5034    9.0313
    0.0000   37.5000    7.5000 2906.4922    8.9389
    7.5000   37.5000    7.5000 2861.3079    9.1393
   -7.5000   45.0000    7.5000 2864.9822    9.1670
    0.0000   45.0000    7.5000 2887.2710    9.1246
    7.5000   45.0000    7.5000 2840.2031    9.2628
   -7.5000  -45.0000   15.0000 1434.1738   32.1894
    0.0000  -45.0000   15.0000 1444.1974   32.0491
    7.5000  -45.0000   15.0000 1433.2357   32.6215
   -7.5000  -37.5000   15.0000 1612.4000   25.8751
    0.0000  -37.5000   15.0000 1621.0125   25.6392
    7.5000  -37.5000   15.0000 1610.5985   26.2226
   -7.5000  -30.0000   15.0000 1784.4386   21.2897
    0.0000  -30.0000   15.0000 1792.6313   21.1196
    7.5000  -30.0000   15.0000 1780.9906   21.5569
   -7.5000  -22.5000   15.0000 1959.1793   17.8799
    0.0000  -22.5000   15.0000 1972.4260   17.7630
    7.5000  -22.5000   15.0000 1956.4712   18.1232
   -7.5000  -15.0000   15.0000 2114.7107   15.3468
    0.0000  -15.0000   15.0000 2131.9895   15.2404
    7.5000  -15.0000   15.0000 2113.9082   15.5877
   -7.5000   -7.5000   15.0000 2253.4575   13.4831
    0.0000   -7.5000   15.0000 2270.9731   13.4083
    7.5000   -7.5000   15.0000 2251.4172   13.7018
   -7.5000    0.0000   15.0000 2382.5400   12.0706
    0.0000    0.0000   15.0000 2398.1633   11.9974
    7.5000    0.0000   15.0000 2372.9377   12.2491
   -7.5000    7.5000   15.0000 2497.5508   10.9639
    0.0000    7.5000   15.0000 2514.8423   10.9017
    7.5000    7.5000   15.0000 2486.9900   11.1348
   -7.5000   15.0000   15.0000 2611.7036   10.1951
    0.0000   15.0000   15.0000 2630.3523   10.1199
    7.5000   15.0000   15.0000 2602.6555   10.3121
   -7.5000   22.5000   15.0000 2710.8181    9.7231
    0.0000   22.5000   15.0000 2738.2876    9.6405
    7.5000   22.5000   15.0000 2705.2737    9.8183
   -7.5000   30.0000   15.0000 2783.7078    9.4260
    0.0000   30.0000   15.0000 2811.7786    9.3107
    7.5000   30.0000   15.0000 2772.2380    9.5459
   -7.5000   37.5000   15.0000 2817.9448    9.3516
    0.0000   37.5000   15.0000 2836.0754    9.2430
    7.5000   37.5000   15.0000 2803.7920    9.4552
   -7.5000   45.0000   15.0000 2797.7649    9.4642
    0.0000   45.0000   15.0000 2815.0000    9.3893
    7.5000   45.0000   15.0000 2781.7349    9.5555
   -7.5000  -45.0000   22.5000 1375.2478   34.9273
    0.0000  -45.0000   22.5000 1387.0931   34.8804
    7.5000  -45.0000   22.5000 1377.7482   35.4148
   -7.5000  -37.5000   22.5000 1555.1997   27.7412
    0.0000  -37.5000   22.5000 1562.5664   27.5079
    7.5000  -37.5000   22.5000 1557.0225   28.0670
   -7.5000  -30.0000   22.5000 1726.3342   22.6256
    0.0000  -30.0000   22.5000 1732.3958   22.4442
    7.5000  -30.0000   22.5000 1726.2271   22.9129
   -7.5000  -22.5000   22.5000 1908.2722   18.9292
    0.0000  -22.5000   22.5000 1914.6759   18.7692
    7.5000  -22.5000   22.5000 1907.5555   19.1874
   -7.5000  -15.0000   22.5000 2066.6531   16.2542
    0.0000  -15.0000   22.5000 2075.9231   16.1836
    7.5000  -15.0000   22.5000 2064.4036   16.5185
   -7.5000   -7.5000   22.5000 2209.3542   14.3031
    0.0000   -7.5000   22.5000 2223.2214   14.2604
    7.5000   -7.5000   22.5000 2202.4539   14.5033
   -7.5000    0.0000   22.5000 2337.5244   12.7863
    0.0000    0.0000   22.5000 2350.8572   12.7151
    7.5000    0.0000   22.5000 2324.9382   12.9443
   -7.5000    7.5000   22.5000 2452.1304   11.6267
    0.0000    7.5000   22.5000 2471.2275   11.5731
    7.5000    7.5000   22.5000 2441.1631   11.7681
   -7.5000   15.0000   22.5000 2560.3333   10.8325
    0.0000   15.0000   22.5000 2581.3833   10.7713
    7.5000   15.0000   22.5000 2552.1160   10.9439
   -7.5000   22.5000   22.5000 2654.0452   10.3051
    0.0000   22.5000   22.5000 2678.0085   10.2240
    7.5000   22.5000   22.5000 2648.7937   10.4091
   -7.5000   30.0000   22.5000 2714.8889    9.9776
    0.0000   30.0000   22.5000 2737.5127    9.8813
    7.5000   30.0000   22.5000 2704.0898   10.0915
   -7.5000   37.5000   22.5000 2736.7751    9.8798
    0.0000   37.5000   22.5000 2750.3752    9.8019
    7.5000   37.5000   22.5000 2725.4524    9.9916
   -7.5000   45.0000   22.5000 2709.4380    9.9847
    0.0000   45.0000   22.5000 2724.6865    9.8962
    7.5000   45.0000   22.5000 2698.8364   10.0768
   -7.5000  -45.0000   30.0000 1311.2511   38.6623
    0.0000  -45.0000   30.0000 1318.8567   38.7628
    7.5000  -45.0000   30.0000 1315.3486   39.0486
   -7.5000  -37.5000   30.0000 1490.2758   30.2651
    0.0000  -37.5000   30.0000 1498.4000   30.0926
    7.5000  -37.5000   30.0000 1493.2399   30.5706
   -7.5000  -30.0000   30.0000 1662.1938   24.4824
    0.0000  -30.0000   30.0000 1666.2899   24.3528
    7.5000  -30.0000   30.0000 1661.3021   24.7462
   -7.5000  -22.5000   30.0000 1845.5453   20.4289
    0.0000  -22.5000   30.0000 1845.8615   20.3499
    7.5000  -22.5000   30.0000 1841.1315   20.6793
   -7.5000  -15.0000   30.0000 2006.1263   17.4751
    0.0000  -15.0000   30.0000 2011.7920   17.4114
    7.5000  -15.0000   30.0000 2002.1322   17.7032
   -7.5000   -7.5000   30.0000 2150.7437   15.2855
    0.0000   -7.5000   30.0000 2162.7190   15.2260
    7.5000   -7.5000   30.0000 2145.9636   15.4758
   -7.5000    0.0000   30.0000 2277.6047   13.6436
    0.0000    0.0000   30.0000 2292.2251   13.5853
    7.5000    0.0000   30.0000 2267.5676   13.7980
   -7.5000    7.5000   30.0000 2393.7993   12.4539
    0.0000    7.5000   30.0000 2414.9390   12.4004
    7.5000    7.5000   30.0000 2383.6255   12.5821
   -7.5000   15.0000   30.0000 2492.7090   11.6156
    0.0000   15.0000   30.0000 2517.0562   11.5601
    7.5000   15.0000   30.0000 2487.4546   11.7288
   -7.5000   22.5000   30.0000 2574.4895   11.0736
    0.0000   22.5000   30.0000 2604.2952   10.9931
    7.5000   22.5000   30.0000 2571.9927   11.1699
   -7.5000   30.0000   30.0000 2628.0200   10.7168
    0.0000   30.0000   30.0000 2648.4829   10.6540
    7.5000   30.0000   30.0000 2620.6980   10.8135
   -7.5000   37.5000   30.0000 2641.8784   10.6070
    0.0000   37.5000   30.0000 2659.9807   10.5392
    7.5000   37.5000   30.0000 2636.5132   10.6971
   -7.5000   45.0000   30.0000 2610.1990   10.6676
    0.0000   45.0000   30.0000 2625.3108   10.6074
    7.5000   45.0000   30.0000 2605.2693   10.7509
   -7.5000  -45.0000   37.5000 1250.4978   43.1152
    0.0000  -45.0000   37.5000 1255.8224   43.2969
    7.5000  -45.0000   37.5000 1252.6532   43.7447
   -7.5000  -37.5000   37.5000 1424.5450   33.2856
    0.0000  -37.5000   37.5000 1436.1659   33.2786
    7.5000  -37.5000   37.5000 1429.5768   33.6809
   -7.5000  -30.0000   37.5000 1593.5050   26.7010
    0.0000  -30.0000   37.5000 1601.7096   26.5616
    7.5000  -30.0000   37.5000 1592.3816   27.0504
   -7.5000  -22.5000   37.5000 1775.0452   22.1670
    0.0000  -22.5000   37.5000 1781.7516   22.0972
    7.5000  -22.5000   37.5000 1771.6273   22.4492
   -7.5000  -15.0000   37.5000 1938.7472   18.9213
    0.0000  -15.0000   37.5000 1946.3300   18.8391
    7.5000  -15.0000   37.5000 1933.9740   19.1438
   -7.5000   -7.5000   37.5000 2085.5403   16.5253
    0.0000   -7.5000   37.5000 2095.1501   16.4341
    7.5000   -7.5000   37.5000 2079.9763   16.6861
   -7.5000    0.0000   37.5000 2209.5486   14.8063
    0.0000    0.0000   37.5000 2227.4241   14.7247
    7.5000    0.0000   37.5000 2204.7400   14.9032
   -7.5000    7.5000   37.5000 2323.3979   13.5300
    0.0000    7.5000   37.5000 2342.3301   13.4778
    7.5000    7.5000   37.5000 2316.3677   13.6344
   -7.5000   15.0000   37.5000 2412.8418   12.6651
    0.0000   15.0000   37.5000 2435.0342   12.5569
    7.5000   15.0000   37.5000 2411.2727   12.7383
   -7.5000   22.5000   37.5000 2489.9541   12.0291
    0.0000   22.5000   37.5000 2513.0898   11.9459
    7.5000   22.5000   37.5000 2486.7505   12.1115
   -7.5000   30.0000   37.5000 2533.3086   11.6184
    0.0000   30.0000   37.5000 2551.3179   11.5744
    7.5000   30.0000   37.5000 2527.8494   11.7035
   -7.5000   37.5000   37.5000 2540.6577   11.5004
    0.0000   37.5000   37.5000 2559.3921   11.4248
    7.5000   37.5000   37.5000 2537.5120   11.5690
   -7.5000   45.0000   37.5000 2513.3901   11.5331
    0.0000   45.0000   37.5000 2526.5979   11.4727
    7.5000   45.0000   37.5000 2507.5720   11.6113
   -7.5000  -45.0000   45.0000 1181.1229   49.1097
    0.0000  -45.0000   45.0000 1186.7814   49.0390
    7.5000  -45.0000   45.0000 1187.3945   49.5764
   -7.5000  -37.5000   45.0000 1354.9082   37.2793
    0.0000  -37.5000   45.0000 1364.0934   37.2052
    7.5000  -37.5000   45.0000 1359.5332   37.7383
   -7.5000  -30.0000   45.0000 1519.0851   29.6661
    0.0000  -30.0000   45.0000 1531.3069   29.4760
    7.5000  -30.0000   45.0000 1519.6869   30.0521
   -7.5000  -22.5000   45.0000 1692.2822   24.4437
    0.0000  -22.5000   45.0000 1706.0406   24.2556
    7.5000  -22.5000   45.0000 1691.0293   24.6858
   -7.5000  -15.0000   45.0000 1859.8312   20.7799
    0.0000  -15.0000   45.0000 1869.2815   20.5788
    7.5000  -15.0000   45.0000 1860.9503   20.9445
   -7.5000   -7.5000   45.0000 2008.3573   18.1399
    0.0000   -7.5000   45.0000 2015.4297   17.9925
    7.5000   -7.5000   45.0000 2004.7142   18.2336
   -7.5000    0.0000   45.0000 2130.2085   16.2679
    0.0000    0.0000   45.0000 2147.1663   16.1725
    7.5000    0.0000   45.0000 2125.6431   16.3313
   -7.5000    7.5000   45.0000 2239.6470   14.8866
    0.0000    7.5000   45.0000 2260.3872   14.8003
    7.5000    7.5000   45.0000 2237.1365   14.9399
   -7.5000   15.0000   45.0000 2324.5312   13.8988
    0.0000   15.0000   45.0000 2349.3445   13.7757
    7.5000   15.0000   45.0000 2326.2292   13.9431
   -7.5000   22.5000   45.0000 2393.1182   13.1852
    0.0000   22.5000   45.0000 2412.3743   13.0943
    7.5000   22.5000   45.0000 2394.3943   13.2360
   -7.5000   30.0000   45.0000 2429.4768   12.7347
    0.0000   30.0000   45.0000 2440.9927   12.6673
    7.5000   30.0000   45.0000 2425.5198   12.8036
   -7.5000   37.5000   45.0000 2429.0671   12.5848
    0.0000   37.5000   45.0000 2447.1143   12.5018
    7.5000   37.5000   45.0000 2427.2585   12.6335
   -7.5000   45.0000   45.0000 2409.5432   12.5942
    0.0000   45.0000   45.0000 2424.5823   12.5148
    7.5000   45.0000   45.0000 2405.3267   12.6632

---------------------------------------------------------------------
imgreg_4dfp /opt/freesurfer/average/711-2C_as_mni_average_305 /opt/freesurfer/average/711-2B_as_mni_average_305_mask talsrcimg_g11 none talsrcimg_to_711-2C_as_mni_average_305_t4 1283
---------------------------------------------------------------------

freesurfer imgreg_4dfp.c
/opt/freesurfer/average/711-2C_as_mni_average_305.4dfp.img
       256       256       256         1
  1.000000  1.000000  1.000000
orientation T byte_order littleendian
Reading image: /opt/freesurfer/average/711-2C_as_mni_average_305.4dfp.img
dimensions:      256       256       256
mmppix:       1.0000   -1.0000   -1.0000
center:     128.0000 -129.0000 -129.0000
/opt/freesurfer/average/711-2B_as_mni_average_305_mask.4dfp.img
       256       256       256         1
  1.000000  1.000000  1.000000
orientation T byte_order littleendian
Reading mask: /opt/freesurfer/average/711-2B_as_mni_average_305_mask.4dfp.img (2306576 pixels)
talsrcimg_g11.4dfp.img
       256       256       256         1
  1.000000  1.000000  1.000000
orientation T byte_order littleendian
Reading image: talsrcimg_g11.4dfp.img
dimensions:      256       256       256
mmppix:       1.0000   -1.0000   -1.0000
center:     128.0000 -129.0000 -129.0000
rotation matrix determinant  1.000000
fimgreg.f
image alignment mode   1283 decimal      503 hex
parameters
    0.0000   37.5000    0.0000    0.0000    0.0000    0.0000
eta,q 0.92612  8.69756
niter,ni,del,rscale     5    3   12.0000    1.2000
parameter  4  0.934053 ->  0.500000 qaram    1.1500
parameters
   -1.2507   37.9409   -0.9587   -3.4500    0.7865   -2.1313
eta,q 0.93302  8.59231
  0.0773  0.0822  0.0811  0.0684  0.0746  0.0689
  0.0740  0.0771  0.0757  0.0677  0.0724  0.0674
  0.0726  0.0730  0.0720  0.0689  0.0700  0.0670
  0.0730  0.0722  0.0727  0.0717  0.0678  0.0676
  0.0751  0.0738  0.0772  0.0747  0.0681  0.0691
  0.0782  0.0756  0.0818  0.0786  0.0700  0.0711
  0.0829  0.0791  0.0852  0.0826  0.0725  0.0729
niter,ni,del,rscale     5    3   12.0000    1.2000
parameters
   -1.5711   38.9806   -1.4966   -5.2049    1.1758   -1.5052
eta,q 0.93445  8.57496
  0.0776  0.0791  0.0774  0.0701  0.0736  0.0712
  0.0722  0.0731  0.0716  0.0672  0.0711  0.0686
  0.0678  0.0693  0.0669  0.0657  0.0677  0.0666
  0.0670  0.0667  0.0665  0.0661  0.0656  0.0657
  0.0711  0.0670  0.0705  0.0688  0.0670  0.0657
  0.0750  0.0695  0.0757  0.0726  0.0698  0.0671
  0.0779  0.0727  0.0799  0.0768  0.0721  0.0694
niter,ni,del,rscale     4    3   12.0000    1.2000
parameters
   -1.5536   39.8580   -1.6554   -6.2520    1.3305   -1.3438
eta,q 0.93531  8.57462
  0.0781  0.0774  0.0764  0.0707  0.0727  0.0698
  0.0724  0.0723  0.0710  0.0678  0.0696  0.0674
  0.0676  0.0685  0.0664  0.0649  0.0661  0.0656
  0.0656  0.0656  0.0651  0.0650  0.0647  0.0647
  0.0690  0.0655  0.0679  0.0674  0.0664  0.0650
  0.0735  0.0684  0.0725  0.0710  0.0694  0.0668
  0.0767  0.0726  0.0767  0.0749  0.0716  0.0696
niter,ni,del,rscale     3    3   12.0000    1.2000
parameters
   -1.4630   40.3609   -1.8061   -6.9331    1.2450   -1.3248
eta,q 0.93581  8.57857
  0.0779  0.0762  0.0757  0.0708  0.0719  0.0693
  0.0723  0.0715  0.0702  0.0687  0.0686  0.0668
  0.0672  0.0677  0.0656  0.0649  0.0651  0.0650
  0.0647  0.0647  0.0645  0.0644  0.0642  0.0642
  0.0678  0.0654  0.0671  0.0666  0.0662  0.0646
  0.0725  0.0689  0.0717  0.0701  0.0693  0.0666
  0.0765  0.0736  0.0759  0.0739  0.0717  0.0695
niter,ni,del,rscale     2    3   12.0000    1.2000
parameters
   -1.3736   40.6868   -1.9296   -7.4229    1.0713   -1.3174
eta,q 0.93605  8.58472
  0.0775  0.0754  0.0755  0.0706  0.0717  0.0692
  0.0720  0.0712  0.0700  0.0691  0.0682  0.0667
  0.0668  0.0672  0.0653  0.0651  0.0647  0.0648
  0.0642  0.0642  0.0641  0.0641  0.0640  0.0640
  0.0671  0.0654  0.0666  0.0660  0.0661  0.0644
  0.0720  0.0692  0.0713  0.0696  0.0693  0.0665
  0.0764  0.0740  0.0757  0.0733  0.0718  0.0694
niter,ni,del,rscale     1    3   12.0000    1.2000
parameters
   -1.2866   40.9284   -2.0241   -7.8117    0.8983   -1.3051
eta,q 0.93624  8.58914
  0.0773  0.0749  0.0755  0.0704  0.0717  0.0692
  0.0719  0.0711  0.0701  0.0693  0.0681  0.0666
  0.0667  0.0669  0.0652  0.0652  0.0646  0.0647
  0.0639  0.0640  0.0639  0.0638  0.0638  0.0638
  0.0667  0.0654  0.0664  0.0656  0.0659  0.0643
  0.0716  0.0692  0.0711  0.0692  0.0691  0.0664
  0.0763  0.0741  0.0756  0.0729  0.0719  0.0694
registration optimization eta report
parameter search radius
    6.0000    6.0000    6.0000    6.9000    6.0000    6.0000
100000*second partial in parameter space
       33.       27.       31.       15.       21.       15.
  0.0773  0.0749  0.0755  0.0704  0.0717  0.0692
  0.0719  0.0711  0.0701  0.0693  0.0681  0.0666
  0.0667  0.0669  0.0652  0.0652  0.0646  0.0647
  0.0639  0.0640  0.0639  0.0638  0.0638  0.0638
  0.0667  0.0654  0.0664  0.0656  0.0659  0.0643
  0.0716  0.0692  0.0711  0.0692  0.0691  0.0664
  0.0763  0.0741  0.0756  0.0729  0.0719  0.0694
   -1.2866   40.9284   -2.0241   -7.8117    0.8983   -1.3051
eta,q 0.93624  8.58914

---------------------------------------------------------------------
imgreg_4dfp /opt/freesurfer/average/711-2C_as_mni_average_305 /opt/freesurfer/average/711-2B_as_mni_average_305_mask talsrcimg_g11 none talsrcimg_to_711-2C_as_mni_average_305_t4 3335
---------------------------------------------------------------------

freesurfer imgreg_4dfp.c
/opt/freesurfer/average/711-2C_as_mni_average_305.4dfp.img
       256       256       256         1
  1.000000  1.000000  1.000000
orientation T byte_order littleendian
Reading image: /opt/freesurfer/average/711-2C_as_mni_average_305.4dfp.img
dimensions:      256       256       256
mmppix:       1.0000   -1.0000   -1.0000
center:     128.0000 -129.0000 -129.0000
/opt/freesurfer/average/711-2B_as_mni_average_305_mask.4dfp.img
       256       256       256         1
  1.000000  1.000000  1.000000
orientation T byte_order littleendian
Reading mask: /opt/freesurfer/average/711-2B_as_mni_average_305_mask.4dfp.img (2306576 pixels)
talsrcimg_g11.4dfp.img
       256       256       256         1
  1.000000  1.000000  1.000000
orientation T byte_order littleendian
Reading image: talsrcimg_g11.4dfp.img
dimensions:      256       256       256
mmppix:       1.0000   -1.0000   -1.0000
center:     128.0000 -129.0000 -129.0000
fimgreg.f
image alignment mode   3335 decimal      D07 hex
parameters
   -1.2866   40.9284   -2.0241   -0.0382   -0.9586   -0.9402
    2.4696   -1.2432   -2.2774   13.6237    1.5677  -13.5902
eta,q 0.93327  8.65528
niter,ni,del,rscale     5    3    5.0000    1.2000
parameter  4  2.839638 ->  0.500000 qaram    1.1500
parameter  5  3.941808 ->  0.500000 qaram    1.1500
parameter  6  1.011508 ->  0.500000 qaram    1.1500
parameters
   -1.2864   40.9189   -2.7417   -4.1782   -5.0986   -5.0802
    1.9424   -0.2407   -1.4240   11.7946    0.6509  -14.6701
eta,q 0.94887  8.28669
  0.0679  0.0679  0.0673  0.0594  0.0509  0.0505  0.0532  0.0559  0.0535  0.0529  0.0520  0.0521
  0.0672  0.0672  0.0668  0.0612  0.0538  0.0513  0.0523  0.0539  0.0525  0.0517  0.0515  0.0514
  0.0669  0.0668  0.0666  0.0637  0.0575  0.0526  0.0517  0.0524  0.0518  0.0512  0.0512  0.0512
  0.0667  0.0667  0.0667  0.0666  0.0618  0.0547  0.0516  0.0516  0.0515  0.0515  0.0512  0.0512
  0.0668  0.0669  0.0672  0.0694  0.0662  0.0582  0.0519  0.0516  0.0515  0.0524  0.0514  0.0514
  0.0672  0.0672  0.0679  0.0728  0.0709  0.0628  0.0527  0.0525  0.0519  0.0536  0.0519  0.0520
  0.0679  0.0678  0.0690  0.0766  0.0758  0.0678  0.0538  0.0541  0.0527  0.0553  0.0526  0.0528
niter,ni,del,rscale     7    3    5.0000    1.2000
parameter  4  0.672119 ->  0.500000 qaram    1.3225
parameter  5  1.308233 ->  0.500000 qaram    1.3225
parameter  6  0.614122 ->  0.500000 qaram    1.3225
parameters
   -0.9286   41.3656   -3.2867   -8.9392   -9.8596   -9.8412
    2.3209    1.0357   -1.5125   13.2740    1.2883  -15.2264
eta,q 0.95687  7.79652
  0.0543  0.0539  0.0517  0.0499  0.0432  0.0434  0.0455  0.0472  0.0450  0.0470  0.0441  0.0441
  0.0529  0.0525  0.0512  0.0492  0.0443  0.0434  0.0445  0.0455  0.0441  0.0455  0.0436  0.0435
  0.0518  0.0515  0.0509  0.0493  0.0462  0.0440  0.0438  0.0443  0.0435  0.0442  0.0433  0.0432
  0.0511  0.0510  0.0510  0.0509  0.0491  0.0447  0.0435  0.0435  0.0434  0.0434  0.0431  0.0431
  0.0511  0.0510  0.0513  0.0538  0.0531  0.0458  0.0437  0.0434  0.0436  0.0432  0.0432  0.0433
  0.0517  0.0515  0.0520  0.0568  0.0578  0.0485  0.0442  0.0440  0.0441  0.0437  0.0434  0.0438
  0.0530  0.0523  0.0529  0.0603  0.0627  0.0529  0.0452  0.0454  0.0451  0.0451  0.0438  0.0445
niter,ni,del,rscale     7    3    5.0000    1.2000
parameter  5  0.721343 ->  0.500000 qaram    1.5209
parameters
   -0.5361   42.0121   -3.9843   -9.9117  -15.3347  -14.0194
    2.5992    1.1756   -1.8378   15.0946    2.0359  -16.3035
eta,q 0.95975  7.34278
  0.0463  0.0465  0.0434  0.0455  0.0409  0.0411  0.0422  0.0429  0.0418  0.0431  0.0409  0.0409
  0.0447  0.0449  0.0430  0.0444  0.0409  0.0407  0.0414  0.0416  0.0411  0.0419  0.0406  0.0405
  0.0436  0.0437  0.0428  0.0436  0.0416  0.0405  0.0408  0.0408  0.0406  0.0410  0.0404  0.0403
  0.0431  0.0431  0.0429  0.0428  0.0430  0.0410  0.0405  0.0405  0.0405  0.0405  0.0403  0.0403
  0.0431  0.0429  0.0433  0.0429  0.0456  0.0418  0.0406  0.0406  0.0407  0.0403  0.0403  0.0405
  0.0437  0.0433  0.0439  0.0449  0.0495  0.0429  0.0411  0.0414  0.0413  0.0405  0.0404  0.0408
  0.0447  0.0441  0.0448  0.0479  0.0543  0.0451  0.0421  0.0428  0.0421  0.0414  0.0407  0.0413
niter,ni,del,rscale     7    3    5.0000    1.2000
parameter  3  0.517957 ->  0.500000 qaram    1.1500
parameters
   -0.4504   42.4549   -5.3643  -10.1644  -19.0191  -16.3360
    2.6836    1.1022   -2.4688   16.8157    2.2854  -16.6855
eta,q 0.96058  7.07119
  0.0424  0.0430  0.0402  0.0418  0.0411  0.0409  0.0411  0.0418  0.0408  0.0422  0.0399  0.0401
  0.0413  0.0416  0.0400  0.0410  0.0401  0.0401  0.0403  0.0406  0.0401  0.0410  0.0396  0.0397
  0.0406  0.0407  0.0400  0.0404  0.0396  0.0396  0.0398  0.0398  0.0397  0.0401  0.0395  0.0395
  0.0403  0.0403  0.0402  0.0399  0.0400  0.0396  0.0395  0.0395  0.0395  0.0395  0.0394  0.0394
  0.0404  0.0403  0.0407  0.0396  0.0412  0.0405  0.0396  0.0397  0.0398  0.0394  0.0395  0.0396
  0.0411  0.0407  0.0413  0.0404  0.0436  0.0415  0.0402  0.0406  0.0404  0.0398  0.0396  0.0398
  0.0422  0.0415  0.0421  0.0429  0.0476  0.0428  0.0411  0.0420  0.0413  0.0405  0.0399  0.0401
niter,ni,del,rscale     7    3    5.0000    1.2000
parameter 12 -0.591659 -> -0.500000 qaram    1.1500
parameters
   -0.4895   43.1278   -6.0665  -11.0674  -21.6291  -18.5240
    2.6118    1.0924   -3.5070   20.2831    4.1219  -12.5455
eta,q 0.96110  6.88309
  0.0412  0.0423  0.0398  0.0404  0.0407  0.0405  0.0406  0.0414  0.0402  0.0419  0.0397  0.0402
  0.0402  0.0409  0.0394  0.0397  0.0400  0.0399  0.0400  0.0403  0.0396  0.0407  0.0394  0.0397
  0.0396  0.0400  0.0392  0.0394  0.0394  0.0394  0.0395  0.0396  0.0393  0.0398  0.0392  0.0393
  0.0394  0.0394  0.0393  0.0392  0.0393  0.0393  0.0393  0.0393  0.0393  0.0393  0.0391  0.0391
  0.0396  0.0393  0.0396  0.0390  0.0400  0.0399  0.0395  0.0396  0.0396  0.0391  0.0391  0.0389
  0.0402  0.0396  0.0401  0.0395  0.0414  0.0412  0.0400  0.0403  0.0401  0.0391  0.0391  0.0389
  0.0413  0.0402  0.0409  0.0419  0.0441  0.0424  0.0407  0.0414  0.0409  0.0393  0.0393  0.0390
niter,ni,del,rscale     7    3    5.0000    1.2000
parameter  2 -0.682225 -> -0.500000 qaram    1.1500
parameter  3  0.781772 ->  0.500000 qaram    1.3225
parameter  5  0.541447 ->  0.500000 qaram    1.7490
parameter  6  0.522657 ->  0.500000 qaram    1.5209
parameter 10 -0.592880 -> -0.500000 qaram    1.1500
parameter 11  0.588343 ->  0.500000 qaram    1.1500
parameters
   -0.5696   44.5078   -7.6535  -13.1998  -27.9255  -23.9991
    3.1364    1.0442   -3.1566   24.4231   -0.0181  -10.8808
eta,q 0.96465  6.49568
  0.0403  0.0419  0.0379  0.0384  0.0374  0.0368  0.0379  0.0381  0.0383  0.0401  0.0355  0.0367
  0.0396  0.0406  0.0378  0.0378  0.0368  0.0364  0.0371  0.0371  0.0373  0.0386  0.0354  0.0360
  0.0391  0.0396  0.0379  0.0376  0.0369  0.0363  0.0365  0.0364  0.0366  0.0373  0.0354  0.0356
  0.0389  0.0389  0.0383  0.0378  0.0377  0.0368  0.0363  0.0363  0.0363  0.0363  0.0356  0.0354
  0.0391  0.0384  0.0389  0.0380  0.0391  0.0380  0.0364  0.0366  0.0365  0.0357  0.0360  0.0354
  0.0397  0.0383  0.0396  0.0383  0.0412  0.0397  0.0368  0.0372  0.0371  0.0357  0.0365  0.0356
  0.0406  0.0385  0.0404  0.0403  0.0439  0.0415  0.0375  0.0380  0.0380  0.0360  0.0371  0.0359
niter,ni,del,rscale     7    3    5.0000    1.2000
parameters
   -0.7845   45.5059   -7.9400  -14.1550  -28.6883  -24.6522
    3.4008    1.2039   -2.8763   25.0732   -0.2414  -11.5973
eta,q 0.96495  6.43861
  0.0368  0.0391  0.0361  0.0365  0.0381  0.0374  0.0367  0.0372  0.0370  0.0376  0.0358  0.0357
  0.0359  0.0374  0.0355  0.0357  0.0368  0.0362  0.0358  0.0361  0.0360  0.0362  0.0354  0.0353
  0.0354  0.0361  0.0351  0.0351  0.0356  0.0354  0.0352  0.0353  0.0353  0.0354  0.0351  0.0351
  0.0354  0.0353  0.0351  0.0351  0.0350  0.0350  0.0350  0.0350  0.0350  0.0350  0.0351  0.0351
  0.0357  0.0351  0.0353  0.0357  0.0354  0.0353  0.0352  0.0353  0.0352  0.0353  0.0352  0.0352
  0.0363  0.0353  0.0358  0.0362  0.0369  0.0366  0.0357  0.0360  0.0358  0.0359  0.0355  0.0355
  0.0374  0.0359  0.0365  0.0369  0.0395  0.0381  0.0364  0.0370  0.0367  0.0368  0.0359  0.0360
niter,ni,del,rscale     6    3    5.0000    1.2000
parameters
   -0.8214   45.8217   -8.2290  -14.1833  -28.9460  -25.0378
    3.3600    1.2135   -2.8402   25.6210   -0.1437  -11.8784
eta,q 0.96495  6.43290
  0.0367  0.0374  0.0360  0.0368  0.0382  0.0374  0.0365  0.0371  0.0369  0.0374  0.0359  0.0358
  0.0358  0.0362  0.0354  0.0360  0.0369  0.0363  0.0357  0.0360  0.0359  0.0362  0.0354  0.0354
  0.0352  0.0354  0.0351  0.0353  0.0357  0.0354  0.0352  0.0353  0.0352  0.0354  0.0352  0.0351
  0.0350  0.0350  0.0350  0.0350  0.0350  0.0350  0.0350  0.0350  0.0350  0.0350  0.0351  0.0351
  0.0353  0.0351  0.0352  0.0355  0.0353  0.0353  0.0352  0.0354  0.0353  0.0353  0.0351  0.0352
  0.0359  0.0356  0.0357  0.0362  0.0366  0.0364  0.0358  0.0361  0.0359  0.0359  0.0354  0.0355
  0.0368  0.0365  0.0364  0.0366  0.0390  0.0379  0.0365  0.0370  0.0368  0.0368  0.0359  0.0359
niter,ni,del,rscale     5    3    5.0000    1.2000
parameters
   -0.8297   45.9855   -8.4562  -14.2435  -29.1519  -25.4274
    3.3663    1.2169   -2.8732   26.0214   -0.0547  -11.9393
eta,q 0.96493  6.42643
  0.0367  0.0371  0.0360  0.0368  0.0382  0.0374  0.0365  0.0371  0.0368  0.0372  0.0359  0.0359
  0.0358  0.0360  0.0354  0.0360  0.0369  0.0363  0.0357  0.0360  0.0359  0.0361  0.0355  0.0354
  0.0352  0.0353  0.0351  0.0353  0.0357  0.0354  0.0352  0.0353  0.0352  0.0354  0.0352  0.0352
  0.0351  0.0351  0.0351  0.0350  0.0350  0.0351  0.0351  0.0351  0.0351  0.0351  0.0351  0.0351
  0.0353  0.0352  0.0352  0.0355  0.0353  0.0353  0.0353  0.0354  0.0353  0.0353  0.0351  0.0352
  0.0358  0.0358  0.0357  0.0362  0.0366  0.0364  0.0358  0.0361  0.0359  0.0359  0.0354  0.0355
  0.0367  0.0367  0.0363  0.0367  0.0389  0.0379  0.0365  0.0370  0.0368  0.0368  0.0359  0.0359
niter,ni,del,rscale     4    3    5.0000    1.2000
parameters
   -0.8389   46.1188   -8.6433  -14.2992  -29.3455  -25.8251
    3.4008    1.2115   -2.9156   26.3796    0.0213  -11.9255
eta,q 0.96491  6.42084
  0.0367  0.0371  0.0361  0.0368  0.0382  0.0374  0.0366  0.0371  0.0368  0.0372  0.0359  0.0359
  0.0358  0.0360  0.0355  0.0360  0.0369  0.0363  0.0358  0.0360  0.0359  0.0361  0.0355  0.0355
  0.0352  0.0353  0.0351  0.0353  0.0357  0.0354  0.0352  0.0353  0.0353  0.0354  0.0352  0.0352
  0.0351  0.0351  0.0351  0.0351  0.0351  0.0351  0.0351  0.0351  0.0351  0.0351  0.0351  0.0351
  0.0353  0.0352  0.0353  0.0355  0.0353  0.0353  0.0353  0.0354  0.0353  0.0353  0.0352  0.0352
  0.0358  0.0358  0.0357  0.0362  0.0366  0.0364  0.0358  0.0361  0.0359  0.0359  0.0354  0.0355
  0.0367  0.0367  0.0363  0.0367  0.0388  0.0379  0.0365  0.0370  0.0368  0.0368  0.0359  0.0359
niter,ni,del,rscale     3    3    5.0000    1.2000
parameters
   -0.8560   46.2463   -8.8225  -14.3412  -29.5381  -26.2489
    3.4536    1.2069   -2.9504   26.7326    0.0947  -11.8712
eta,q 0.96490  6.41587
  0.0367  0.0371  0.0361  0.0368  0.0382  0.0374  0.0366  0.0371  0.0368  0.0372  0.0359  0.0359
  0.0358  0.0360  0.0355  0.0360  0.0369  0.0363  0.0358  0.0360  0.0359  0.0361  0.0355  0.0355
  0.0353  0.0353  0.0352  0.0353  0.0357  0.0354  0.0353  0.0353  0.0353  0.0354  0.0352  0.0352
  0.0351  0.0351  0.0351  0.0351  0.0351  0.0351  0.0351  0.0351  0.0351  0.0351  0.0351  0.0351
  0.0353  0.0352  0.0353  0.0355  0.0354  0.0353  0.0353  0.0354  0.0353  0.0353  0.0352  0.0352
  0.0359  0.0358  0.0357  0.0362  0.0366  0.0364  0.0358  0.0361  0.0359  0.0359  0.0354  0.0355
  0.0367  0.0367  0.0363  0.0367  0.0388  0.0379  0.0365  0.0370  0.0368  0.0368  0.0359  0.0359
niter,ni,del,rscale     2    3    5.0000    1.2000
parameters
   -0.8706   46.3704   -9.0119  -14.3765  -29.7374  -26.6966
    3.4976    1.1951   -2.9801   27.1138    0.1519  -11.8221
eta,q 0.96488  6.41144
  0.0367  0.0371  0.0361  0.0368  0.0382  0.0374  0.0366  0.0371  0.0368  0.0372  0.0359  0.0359
  0.0358  0.0360  0.0355  0.0361  0.0369  0.0363  0.0358  0.0361  0.0359  0.0361  0.0355  0.0355
  0.0353  0.0354  0.0352  0.0354  0.0357  0.0354  0.0353  0.0353  0.0353  0.0354  0.0352  0.0352
  0.0351  0.0351  0.0351  0.0351  0.0351  0.0351  0.0351  0.0351  0.0351  0.0351  0.0351  0.0351
  0.0353  0.0353  0.0353  0.0356  0.0354  0.0354  0.0353  0.0354  0.0354  0.0353  0.0352  0.0352
  0.0359  0.0358  0.0357  0.0362  0.0366  0.0364  0.0358  0.0361  0.0359  0.0359  0.0355  0.0355
  0.0367  0.0367  0.0363  0.0367  0.0388  0.0379  0.0365  0.0371  0.0368  0.0368  0.0359  0.0359
niter,ni,del,rscale     1    3    5.0000    1.2000
parameters
   -0.8897   46.5002   -9.2074  -14.4203  -29.9514  -27.1659
    3.5479    1.1861   -2.9933   27.5103    0.1909  -11.7707
eta,q 0.96487  6.40675
  0.0367  0.0371  0.0361  0.0369  0.0382  0.0374  0.0366  0.0371  0.0368  0.0372  0.0359  0.0360
  0.0358  0.0360  0.0355  0.0361  0.0369  0.0362  0.0358  0.0361  0.0359  0.0362  0.0355  0.0355
  0.0353  0.0354  0.0352  0.0354  0.0357  0.0355  0.0353  0.0354  0.0353  0.0354  0.0352  0.0352
  0.0351  0.0351  0.0351  0.0351  0.0351  0.0351  0.0351  0.0351  0.0351  0.0351  0.0351  0.0351
  0.0353  0.0353  0.0353  0.0356  0.0354  0.0354  0.0353  0.0354  0.0354  0.0354  0.0352  0.0352
  0.0359  0.0358  0.0357  0.0362  0.0366  0.0364  0.0358  0.0361  0.0360  0.0359  0.0355  0.0355
  0.0368  0.0367  0.0363  0.0367  0.0388  0.0379  0.0365  0.0371  0.0368  0.0368  0.0359  0.0359
registration optimization eta report
parameter search radius
    2.4000    2.7600    3.1740    9.5220   12.5928   10.9503
    7.2000    7.2000    7.2000    8.2800    8.2800    8.2800
100000*second partial in parameter space
       28.       23.       11.        2.        2.        2.
        3.        4.        3.        3.        1.        1.
  0.0367  0.0371  0.0361  0.0369  0.0382  0.0374  0.0366  0.0371  0.0368  0.0372  0.0359  0.0360
  0.0358  0.0360  0.0355  0.0361  0.0369  0.0362  0.0358  0.0361  0.0359  0.0362  0.0355  0.0355
  0.0353  0.0354  0.0352  0.0354  0.0357  0.0355  0.0353  0.0354  0.0353  0.0354  0.0352  0.0352
  0.0351  0.0351  0.0351  0.0351  0.0351  0.0351  0.0351  0.0351  0.0351  0.0351  0.0351  0.0351
  0.0353  0.0353  0.0353  0.0356  0.0354  0.0354  0.0353  0.0354  0.0354  0.0354  0.0352  0.0352
  0.0359  0.0358  0.0357  0.0362  0.0366  0.0364  0.0358  0.0361  0.0360  0.0359  0.0355  0.0355
  0.0368  0.0367  0.0363  0.0367  0.0388  0.0379  0.0365  0.0371  0.0368  0.0368  0.0359  0.0359
   -0.8897   46.5002   -9.2074  -14.4203  -29.9514  -27.1659
    3.5479    1.1861   -2.9933   27.5103    0.1909  -11.7707
eta,q 0.96487  6.40675

---------------------------------------------------------------------
imgreg_4dfp /opt/freesurfer/average/711-2C_as_mni_average_305 /opt/freesurfer/average/711-2B_as_mni_average_305_mask talsrcimg_g11 none talsrcimg_to_711-2C_as_mni_average_305_t4 2311
---------------------------------------------------------------------

freesurfer imgreg_4dfp.c
/opt/freesurfer/average/711-2C_as_mni_average_305.4dfp.img
       256       256       256         1
  1.000000  1.000000  1.000000
orientation T byte_order littleendian
Reading image: /opt/freesurfer/average/711-2C_as_mni_average_305.4dfp.img
dimensions:      256       256       256
mmppix:       1.0000   -1.0000   -1.0000
center:     128.0000 -129.0000 -129.0000
/opt/freesurfer/average/711-2B_as_mni_average_305_mask.4dfp.img
       256       256       256         1
  1.000000  1.000000  1.000000
orientation T byte_order littleendian
Reading mask: /opt/freesurfer/average/711-2B_as_mni_average_305_mask.4dfp.img (2306576 pixels)
talsrcimg_g11.4dfp.img
       256       256       256         1
  1.000000  1.000000  1.000000
orientation T byte_order littleendian
Reading image: talsrcimg_g11.4dfp.img
dimensions:      256       256       256
mmppix:       1.0000   -1.0000   -1.0000
center:     128.0000 -129.0000 -129.0000
fimgreg.f
image alignment mode   2311 decimal      907 hex
parameters
   -0.8897   46.5002   -9.2074  -14.4203  -29.9514  -27.1659
    3.5479    1.1861   -2.9933   27.5103    0.1909  -11.7707
eta,q 0.96487  6.40675
niter,ni,del,rscale     5    3    5.0000    0.8000
parameters
   -0.9277   46.6247   -9.4155  -14.7892  -29.2773  -27.0993
    3.6207    1.0327   -2.9962   27.3902    0.2710  -12.1448
eta,q 0.96490  6.41104
  0.0358  0.0358  0.0353  0.0357  0.0359  0.0356  0.0358  0.0360  0.0359  0.0358  0.0354  0.0353
  0.0354  0.0355  0.0352  0.0354  0.0355  0.0353  0.0354  0.0355  0.0355  0.0354  0.0352  0.0352
  0.0352  0.0352  0.0351  0.0352  0.0352  0.0352  0.0352  0.0352  0.0352  0.0352  0.0351  0.0351
  0.0351  0.0351  0.0351  0.0351  0.0351  0.0351  0.0351  0.0351  0.0351  0.0351  0.0351  0.0351
  0.0352  0.0352  0.0352  0.0353  0.0351  0.0351  0.0352  0.0352  0.0352  0.0352  0.0351  0.0351
  0.0355  0.0353  0.0353  0.0356  0.0353  0.0353  0.0354  0.0356  0.0355  0.0355  0.0352  0.0353
  0.0359  0.0357  0.0355  0.0359  0.0356  0.0356  0.0357  0.0361  0.0359  0.0358  0.0353  0.0354
niter,ni,del,rscale     4    3    5.0000    0.7000
parameters
   -0.9749   46.6052   -9.4012  -14.9299  -29.1127  -26.8481
    3.6877    0.9421   -3.0024   27.2764    0.3170  -12.2801
eta,q 0.96491  6.41120
  0.0356  0.0356  0.0353  0.0356  0.0356  0.0355  0.0356  0.0358  0.0357  0.0356  0.0353  0.0353
  0.0353  0.0353  0.0352  0.0354  0.0353  0.0353  0.0353  0.0354  0.0354  0.0353  0.0352  0.0352
  0.0351  0.0351  0.0351  0.0352  0.0352  0.0352  0.0352  0.0352  0.0351  0.0351  0.0351  0.0351
  0.0351  0.0351  0.0351  0.0351  0.0351  0.0351  0.0351  0.0351  0.0351  0.0351  0.0351  0.0351
  0.0352  0.0351  0.0351  0.0352  0.0351  0.0351  0.0351  0.0352  0.0352  0.0352  0.0351  0.0351
  0.0354  0.0353  0.0352  0.0354  0.0353  0.0352  0.0353  0.0355  0.0354  0.0354  0.0352  0.0352
  0.0357  0.0356  0.0353  0.0357  0.0355  0.0354  0.0356  0.0359  0.0357  0.0357  0.0353  0.0353
niter,ni,del,rscale     3    3    5.0000    0.6000
parameters
   -1.0057   46.5661   -9.3053  -14.9500  -29.0253  -26.5693
    3.7420    0.8874   -3.0267   27.0624    0.3977  -12.3036
eta,q 0.96492  6.41183
  0.0355  0.0354  0.0353  0.0355  0.0355  0.0354  0.0355  0.0356  0.0355  0.0354  0.0352  0.0352
  0.0353  0.0352  0.0352  0.0353  0.0353  0.0352  0.0353  0.0353  0.0353  0.0352  0.0351  0.0351
  0.0351  0.0351  0.0351  0.0352  0.0351  0.0351  0.0351  0.0351  0.0351  0.0351  0.0351  0.0351
  0.0351  0.0351  0.0351  0.0351  0.0351  0.0351  0.0351  0.0351  0.0351  0.0351  0.0351  0.0351
  0.0351  0.0351  0.0351  0.0351  0.0351  0.0351  0.0351  0.0352  0.0351  0.0352  0.0351  0.0351
  0.0353  0.0353  0.0351  0.0353  0.0352  0.0352  0.0352  0.0354  0.0353  0.0353  0.0351  0.0352
  0.0355  0.0355  0.0352  0.0356  0.0354  0.0353  0.0354  0.0357  0.0355  0.0355  0.0352  0.0352
niter,ni,del,rscale     2    3    5.0000    0.5000
parameters
   -1.0253   46.4898   -9.2023  -14.9284  -28.8860  -26.2775
    3.7620    0.8391   -3.0424   26.7844    0.4442  -12.3155
eta,q 0.96494  6.41395
  0.0354  0.0353  0.0352  0.0354  0.0353  0.0353  0.0353  0.0355  0.0354  0.0353  0.0352  0.0352
  0.0352  0.0352  0.0351  0.0352  0.0352  0.0352  0.0352  0.0352  0.0352  0.0352  0.0351  0.0351
  0.0351  0.0351  0.0351  0.0351  0.0351  0.0351  0.0351  0.0351  0.0351  0.0351  0.0351  0.0351
  0.0351  0.0351  0.0351  0.0351  0.0351  0.0351  0.0351  0.0351  0.0351  0.0351  0.0351  0.0351
  0.0351  0.0351  0.0351  0.0351  0.0351  0.0351  0.0351  0.0351  0.0351  0.0351  0.0351  0.0351
  0.0352  0.0352  0.0351  0.0352  0.0352  0.0351  0.0352  0.0353  0.0352  0.0352  0.0351  0.0351
  0.0354  0.0354  0.0352  0.0354  0.0353  0.0352  0.0353  0.0355  0.0354  0.0354  0.0352  0.0352
niter,ni,del,rscale     1    3    5.0000    0.4000
parameters
   -1.0397   46.4064   -9.0635  -14.9199  -28.7099  -25.9128
    3.7958    0.8022   -3.0603   26.4500    0.4891  -12.3274
eta,q 0.96495  6.41681
  0.0353  0.0352  0.0352  0.0353  0.0352  0.0352  0.0352  0.0353  0.0353  0.0352  0.0351  0.0351
  0.0351  0.0351  0.0351  0.0352  0.0351  0.0351  0.0351  0.0352  0.0352  0.0351  0.0351  0.0351
  0.0351  0.0351  0.0351  0.0351  0.0351  0.0351  0.0351  0.0351  0.0351  0.0351  0.0351  0.0351
  0.0351  0.0351  0.0351  0.0351  0.0351  0.0351  0.0350  0.0350  0.0351  0.0350  0.0350  0.0350
  0.0351  0.0351  0.0351  0.0351  0.0351  0.0351  0.0351  0.0351  0.0351  0.0351  0.0351  0.0351
  0.0352  0.0352  0.0351  0.0352  0.0351  0.0351  0.0351  0.0352  0.0352  0.0352  0.0351  0.0351
  0.0353  0.0352  0.0351  0.0353  0.0352  0.0351  0.0352  0.0353  0.0353  0.0353  0.0351  0.0351
registration optimization eta report
parameter search radius
    0.8000    0.8000    0.8000    2.4000    2.4000    2.4000
    2.4000    2.4000    2.4000    2.4000    2.4000    2.4000
100000*second partial in parameter space
       31.       24.       11.        4.        3.        2.
        3.        4.        4.        3.        1.        1.
  0.0353  0.0352  0.0352  0.0353  0.0352  0.0352  0.0352  0.0353  0.0353  0.0352  0.0351  0.0351
  0.0351  0.0351  0.0351  0.0352  0.0351  0.0351  0.0351  0.0352  0.0352  0.0351  0.0351  0.0351
  0.0351  0.0351  0.0351  0.0351  0.0351  0.0351  0.0351  0.0351  0.0351  0.0351  0.0351  0.0351
  0.0351  0.0351  0.0351  0.0351  0.0351  0.0351  0.0350  0.0350  0.0351  0.0350  0.0350  0.0350
  0.0351  0.0351  0.0351  0.0351  0.0351  0.0351  0.0351  0.0351  0.0351  0.0351  0.0351  0.0351
  0.0352  0.0352  0.0351  0.0352  0.0351  0.0351  0.0351  0.0352  0.0352  0.0352  0.0351  0.0351
  0.0353  0.0352  0.0351  0.0353  0.0352  0.0351  0.0352  0.0353  0.0353  0.0353  0.0351  0.0351
   -1.0397   46.4064   -9.0635  -14.9199  -28.7099  -25.9128
    3.7958    0.8022   -3.0603   26.4500    0.4891  -12.3274
eta,q 0.96495  6.41681

---------------------------------------------------------------------
imgreg_4dfp /opt/freesurfer/average/711-2C_as_mni_average_305 /opt/freesurfer/average/711-2B_as_mni_average_305_mask talsrcimg_g11 none talsrcimg_to_711-2C_as_mni_average_305_t4 2311
---------------------------------------------------------------------

freesurfer imgreg_4dfp.c
/opt/freesurfer/average/711-2C_as_mni_average_305.4dfp.img
       256       256       256         1
  1.000000  1.000000  1.000000
orientation T byte_order littleendian
Reading image: /opt/freesurfer/average/711-2C_as_mni_average_305.4dfp.img
dimensions:      256       256       256
mmppix:       1.0000   -1.0000   -1.0000
center:     128.0000 -129.0000 -129.0000
/opt/freesurfer/average/711-2B_as_mni_average_305_mask.4dfp.img
       256       256       256         1
  1.000000  1.000000  1.000000
orientation T byte_order littleendian
Reading mask: /opt/freesurfer/average/711-2B_as_mni_average_305_mask.4dfp.img (2306576 pixels)
talsrcimg_g11.4dfp.img
       256       256       256         1
  1.000000  1.000000  1.000000
orientation T byte_order littleendian
Reading image: talsrcimg_g11.4dfp.img
dimensions:      256       256       256
mmppix:       1.0000   -1.0000   -1.0000
center:     128.0000 -129.0000 -129.0000
fimgreg.f
image alignment mode   2311 decimal      907 hex
parameters
   -1.0397   46.4064   -9.0635  -14.9199  -28.7099  -25.9128
    3.7958    0.8022   -3.0603   26.4500    0.4891  -12.3274
eta,q 0.96495  6.41681
niter,ni,del,rscale     5    3    5.0000    0.8000
parameters
   -1.0206   46.3041   -8.9089  -14.9480  -28.4939  -25.7017
    3.7566    0.8811   -3.0108   26.2788    0.3207  -12.4349
eta,q 0.96497  6.42279
  0.0358  0.0356  0.0354  0.0358  0.0357  0.0356  0.0357  0.0361  0.0359  0.0357  0.0353  0.0353
  0.0354  0.0353  0.0352  0.0354  0.0354  0.0353  0.0353  0.0355  0.0354  0.0353  0.0351  0.0352
  0.0351  0.0351  0.0351  0.0352  0.0351  0.0351  0.0351  0.0352  0.0351  0.0351  0.0351  0.0351
  0.0350  0.0350  0.0350  0.0350  0.0350  0.0350  0.0350  0.0350  0.0350  0.0350  0.0350  0.0350
  0.0351  0.0351  0.0351  0.0352  0.0351  0.0351  0.0351  0.0352  0.0351  0.0352  0.0351  0.0351
  0.0354  0.0354  0.0351  0.0354  0.0353  0.0352  0.0353  0.0355  0.0354  0.0354  0.0352  0.0352
  0.0358  0.0357  0.0353  0.0358  0.0356  0.0355  0.0357  0.0360  0.0358  0.0358  0.0353  0.0353
niter,ni,del,rscale     4    3    5.0000    0.7000
parameters
   -0.9972   46.2164   -8.8059  -14.9479  -28.3232  -25.3927
    3.6682    0.8893   -2.9704   25.9967    0.2215  -12.5129
eta,q 0.96498  6.42542
  0.0356  0.0355  0.0353  0.0356  0.0355  0.0355  0.0355  0.0358  0.0357  0.0355  0.0352  0.0352
  0.0353  0.0352  0.0352  0.0353  0.0353  0.0353  0.0352  0.0354  0.0353  0.0352  0.0351  0.0351
  0.0351  0.0351  0.0351  0.0351  0.0351  0.0351  0.0351  0.0351  0.0351  0.0351  0.0350  0.0350
  0.0350  0.0350  0.0350  0.0350  0.0350  0.0350  0.0350  0.0350  0.0350  0.0350  0.0350  0.0350
  0.0351  0.0351  0.0350  0.0351  0.0351  0.0350  0.0351  0.0351  0.0351  0.0351  0.0350  0.0350
  0.0353  0.0353  0.0351  0.0353  0.0352  0.0352  0.0353  0.0354  0.0353  0.0353  0.0351  0.0351
  0.0356  0.0356  0.0352  0.0356  0.0355  0.0354  0.0356  0.0358  0.0356  0.0356  0.0352  0.0352
niter,ni,del,rscale     3    3    5.0000    0.6000
parameters
   -0.9753   46.1166   -8.6690  -14.9431  -28.1034  -25.0028
    3.5854    0.8858   -2.9361   25.6243    0.1706  -12.5648
eta,q 0.96501  6.42927
  0.0355  0.0353  0.0352  0.0355  0.0354  0.0354  0.0354  0.0356  0.0355  0.0354  0.0351  0.0352
  0.0352  0.0351  0.0351  0.0352  0.0352  0.0352  0.0352  0.0353  0.0352  0.0351  0.0351  0.0351
  0.0351  0.0350  0.0350  0.0351  0.0351  0.0351  0.0350  0.0351  0.0351  0.0350  0.0350  0.0350
  0.0350  0.0350  0.0350  0.0350  0.0350  0.0350  0.0350  0.0350  0.0350  0.0350  0.0350  0.0350
  0.0351  0.0351  0.0350  0.0351  0.0350  0.0350  0.0351  0.0351  0.0351  0.0351  0.0350  0.0350
  0.0352  0.0352  0.0351  0.0352  0.0351  0.0351  0.0352  0.0353  0.0352  0.0353  0.0351  0.0351
  0.0354  0.0354  0.0351  0.0355  0.0353  0.0353  0.0354  0.0356  0.0355  0.0355  0.0352  0.0352
niter,ni,del,rscale     2    3    5.0000    0.5000
parameters
   -0.9600   45.9917   -8.5073  -14.9357  -27.8287  -24.6038
    3.5301    0.8595   -2.8964   25.2323    0.0843  -12.6119
eta,q 0.96503  6.43533
  0.0353  0.0352  0.0352  0.0353  0.0353  0.0353  0.0352  0.0354  0.0353  0.0352  0.0351  0.0351
  0.0351  0.0351  0.0351  0.0352  0.0351  0.0351  0.0351  0.0352  0.0351  0.0351  0.0350  0.0350
  0.0350  0.0350  0.0350  0.0350  0.0350  0.0350  0.0350  0.0350  0.0350  0.0350  0.0350  0.0350
  0.0350  0.0350  0.0350  0.0350  0.0350  0.0350  0.0350  0.0350  0.0350  0.0350  0.0350  0.0350
  0.0350  0.0350  0.0350  0.0350  0.0350  0.0350  0.0350  0.0350  0.0350  0.0351  0.0350  0.0350
  0.0351  0.0352  0.0350  0.0352  0.0351  0.0350  0.0351  0.0352  0.0351  0.0352  0.0350  0.0350
  0.0353  0.0353  0.0351  0.0353  0.0352  0.0351  0.0353  0.0354  0.0353  0.0354  0.0351  0.0351
niter,ni,del,rscale     1    3    5.0000    0.4000
parameters
   -0.9417   45.8533   -8.3366  -14.9600  -27.5606  -24.1898
    3.4294    0.8519   -2.8416   24.8549   -0.0001  -12.6518
eta,q 0.96506  6.44105
  0.0352  0.0351  0.0351  0.0352  0.0352  0.0351  0.0351  0.0352  0.0352  0.0351  0.0350  0.0350
  0.0351  0.0350  0.0350  0.0351  0.0351  0.0351  0.0350  0.0351  0.0351  0.0350  0.0350  0.0350
  0.0350  0.0350  0.0350  0.0350  0.0350  0.0350  0.0350  0.0350  0.0350  0.0350  0.0349  0.0349
  0.0350  0.0350  0.0350  0.0350  0.0350  0.0350  0.0350  0.0350  0.0350  0.0349  0.0349  0.0349
  0.0350  0.0350  0.0350  0.0350  0.0350  0.0350  0.0350  0.0350  0.0350  0.0350  0.0350  0.0349
  0.0351  0.0351  0.0350  0.0351  0.0350  0.0350  0.0350  0.0351  0.0350  0.0351  0.0350  0.0350
  0.0352  0.0352  0.0350  0.0352  0.0351  0.0351  0.0351  0.0352  0.0352  0.0352  0.0350  0.0350
registration optimization eta report
parameter search radius
    0.8000    0.8000    0.8000    2.4000    2.4000    2.4000
    2.4000    2.4000    2.4000    2.4000    2.4000    2.4000
100000*second partial in parameter space
       30.       25.       12.        4.        3.        2.
        3.        5.        4.        4.        1.        1.
  0.0352  0.0351  0.0351  0.0352  0.0352  0.0351  0.0351  0.0352  0.0352  0.0351  0.0350  0.0350
  0.0351  0.0350  0.0350  0.0351  0.0351  0.0351  0.0350  0.0351  0.0351  0.0350  0.0350  0.0350
  0.0350  0.0350  0.0350  0.0350  0.0350  0.0350  0.0350  0.0350  0.0350  0.0350  0.0349  0.0349
  0.0350  0.0350  0.0350  0.0350  0.0350  0.0350  0.0350  0.0350  0.0350  0.0349  0.0349  0.0349
  0.0350  0.0350  0.0350  0.0350  0.0350  0.0350  0.0350  0.0350  0.0350  0.0350  0.0350  0.0349
  0.0351  0.0351  0.0350  0.0351  0.0350  0.0350  0.0350  0.0351  0.0350  0.0351  0.0350  0.0350
  0.0352  0.0352  0.0350  0.0352  0.0351  0.0351  0.0351  0.0352  0.0352  0.0352  0.0350  0.0350
   -0.9417   45.8533   -8.3366  -14.9600  -27.5606  -24.1898
    3.4294    0.8519   -2.8416   24.8549   -0.0001  -12.6518
eta,q 0.96506  6.44105

---------------------------------------------------------------------
compute_vox2vox talsrcimg talsrcimg_to_711-2C_as_mni_average_305_t4 /opt/freesurfer/average/711-2C_as_mni_average_305
---------------------------------------------------------------------

freesurfer compute_vox2vox.c
Reading: talsrcimg.4dfp.ifh
Reading: talsrcimg_to_711-2C_as_mni_average_305_t4
Reading: /opt/freesurfer/average/711-2C_as_mni_average_305.4dfp.ifh
Writing: talsrcimg_to_711-2C_as_mni_average_305_t4_vox2vox.txt

start time Mon Mar 9 22:28:06 CET 2026
end		time Mon Mar 9 22:29:33 CET 2026

mpr2mni305 success

avi2talxfm orig_nu.mgz /opt/freesurfer/average/mni305.cor.mgz talsrcimg_to_711-2C_as_mni_average_305_t4_vox2vox.txt transforms/talairach.auto.xfm
avi2talxfm done
mv -f /out/sourcedata/freesurfer/sub-v1s2x0051480_ses-1/mri/talsrcimg_to_711-2C_as_mni_average_305_t4_vox2vox.txt /out/sourcedata/freesurfer/sub-v1s2x0051480_ses-1/mri/transforms/talsrcimg_to_711-2C_as_mni_average_305_t4_vox2vox.txt
lta_convert --src orig_nu.mgz --trg /opt/freesurfer/average/mni305.cor.mgz --inxfm transforms/talairach.auto.xfm --outlta transforms/talairach.auto.xfm.lta --subject fsaverage
7.3.2

--src: orig_nu.mgz src image (geometry).
--trg: /opt/freesurfer/average/mni305.cor.mgz trg image (geometry).
--inmni: transforms/talairach.auto.xfm input MNI/XFM transform.
--outlta: transforms/talairach.auto.xfm.lta output LTA.
--s: fsaverage subject name
 LTA read, type : 1
 1.17409   0.00476  -0.05475   2.99896;
 0.00727   1.24767   0.21757  -76.65958;
 0.04356  -0.42791   1.30367   16.61667;
 0.00000   0.00000   0.00000   1.00000;
setting subject to fsaverage
Writing  LTA to file transforms/talairach.auto.xfm.lta...
lta_convert successful.
 
 
Started at Mon Mar 9 22:28:06 CET 2026
Ended   at Mon Mar  9 22:29:34 CET 2026
talairach_avi done
