/out/sourcedata/freesurfer/sub-v1s2x0051456_ses-1/mri
/opt/freesurfer/bin/talairach_avi
--i orig_nu.mgz --xfm transforms/talairach.auto.xfm
talairach_avi 7.3.2
Linux dna035 5.14.0-427.37.1.el9_4.x86_64 #1 SMP PREEMPT_DYNAMIC Fri Sep 13 12:41:50 EDT 2024 x86_64 x86_64 x86_64 GNU/Linux
Thu Mar 12 16:46:30 CET 2026
mri_convert orig_nu.mgz talsrcimg.img 
reading from orig_nu.mgz...
TR=0.00, TE=0.00, TI=0.00, flip angle=0.00
i_ras = (-1, 0, 0)
j_ras = (0, 0, -1)
k_ras = (0, 1, 0)
writing to talsrcimg.img...
Analyze Output Matrix
-1.00000   0.00000   0.00000   130.85593;
 0.00000   0.00000   1.00000  -56.81357;
 0.00000  -1.00000   0.00000   108.30508;
 0.00000   0.00000   0.00000   1.00000;
--------------------
INFO: set hdr.hist.orient to -1
mpr2mni305 talsrcimg
Thu Mar 12 16:46:31 CET 2026
/opt/freesurfer/bin/mpr2mni305 talsrcimg
mpr2mni305 7.3.2
target=711-2C_as_mni_average_305

---------------------------------------------------------------------
analyzeto4dfp talsrcimg -O0 -y
---------------------------------------------------------------------

freesurfer ifh2hdr.c
Thu Mar 12 16:46:31 2026
Writing: talsrcimg.4dfp.hdr
freesurfer analyzeto4dfp.c
Reading: talsrcimg.hdr
header size 348 bytes
hdr.dime.datatype	offset=70	value=2
hdr.dime.bitpix		offset=72	value=8
hdr.hist.orient		offset=252	value=-1
dimensionality     4
dimensions       256       256       256         1
Reading: talsrcimg.img
Writing: talsrcimg.4dfp.img
Writing: talsrcimg.4dfp.ifh
ifh2hdr talsrcimg -r0to248
ori=2

---------------------------------------------------------------------
gauss_4dfp talsrcimg 1.1
---------------------------------------------------------------------

freesurfer gauss_4dfp.c
Reading: talsrcimg.4dfp.img
Writing: talsrcimg_g11.4dfp.img
image dimensions 256 256 256 padded to 288 288 288
processing volume 1freesurfer ifh2hdr.c
Thu Mar 12 16:46:33 2026
Writing: talsrcimg_g11.4dfp.hdr

Writing: talsrcimg_g11.4dfp.ifh
including: talsrcimg.4dfp.img.rec in talsrcimg_g11.4dfp.img.rec

---------------------------------------------------------------------
imgreg_4dfp /opt/freesurfer/average/711-2C_as_mni_average_305 none talsrcimg_g11 none talsrcimg_to_711-2C_as_mni_average_305_t4 4355
---------------------------------------------------------------------

freesurfer imgreg_4dfp.c
/opt/freesurfer/average/711-2C_as_mni_average_305.4dfp.img
       256       256       256         1
  1.000000  1.000000  1.000000
orientation T byte_order littleendian
Reading image: /opt/freesurfer/average/711-2C_as_mni_average_305.4dfp.img
dimensions:      256       256       256
mmppix:       1.0000   -1.0000   -1.0000
center:     128.0000 -129.0000 -129.0000
talsrcimg_g11.4dfp.img
       256       256       256         1
  1.000000  1.000000  1.000000
orientation T byte_order littleendian
Reading image: talsrcimg_g11.4dfp.img
dimensions:      256       256       256
mmppix:       1.0000   -1.0000   -1.0000
center:     128.0000 -129.0000 -129.0000
t4_read: open error in t4_sub.f l:  41 t4_file(1:l)talsrcimg_to_711-2C_as_mni_average_305_t4 
t4_read: transform initialized to I4
rotation matrix determinant  1.000000
image alignment mode   4355 decimal     1103 hex
   -7.5000  -45.0000  -45.0000 6877.4951   13.0777
    0.0000  -45.0000  -45.0000 7146.1660   13.1271
    7.5000  -45.0000  -45.0000 6793.3955   13.1356
   -7.5000  -37.5000  -45.0000 7518.7046   12.6248
    0.0000  -37.5000  -45.0000 7808.9175   12.6724
    7.5000  -37.5000  -45.0000 7438.7563   12.6851
   -7.5000  -30.0000  -45.0000 8504.6426   12.3181
    0.0000  -30.0000  -45.0000 8842.0381   12.3671
    7.5000  -30.0000  -45.0000 8417.9961   12.3851
   -7.5000  -22.5000  -45.0000 9607.1445   12.1267
    0.0000  -22.5000  -45.0000 9982.1934   12.1765
    7.5000  -22.5000  -45.0000 9503.5195   12.1948
   -7.5000  -15.0000  -45.000010737.8682   12.0126
    0.0000  -15.0000  -45.000011151.4678   12.0619
    7.5000  -15.0000  -45.000010612.2285   12.0754
   -7.5000   -7.5000  -45.000011809.2939   11.9594
    0.0000   -7.5000  -45.000012260.6094   12.0057
    7.5000   -7.5000  -45.000011687.8447   12.0145
   -7.5000    0.0000  -45.000012827.5830   11.9430
    0.0000    0.0000  -45.000013320.0127   11.9870
    7.5000    0.0000  -45.000012703.6650   11.9950
   -7.5000    7.5000  -45.000012849.1553   11.9306
    0.0000    7.5000  -45.000013355.2549   11.9751
    7.5000    7.5000  -45.000012738.6738   11.9877
   -7.5000   15.0000  -45.000012753.4902   11.9240
    0.0000   15.0000  -45.000013242.9619   11.9710
    7.5000   15.0000  -45.000012641.7422   11.9885
   -7.5000   22.5000  -45.000012618.3975   11.9293
    0.0000   22.5000  -45.000013081.3916   11.9784
    7.5000   22.5000  -45.000012473.3926   11.9958
   -7.5000   30.0000  -45.000012275.6943   11.7863
    0.0000   30.0000  -45.000012703.8916   11.8347
    7.5000   30.0000  -45.000012128.7666   11.8478
   -7.5000   37.5000  -45.000012131.8555   11.7898
    0.0000   37.5000  -45.000012558.9014   11.8356
    7.5000   37.5000  -45.000011997.4561   11.8442
   -7.5000   45.0000  -45.000011579.6182   11.4846
    0.0000   45.0000  -45.000011999.9512   11.5269
    7.5000   45.0000  -45.000011455.2852   11.5346
   -7.5000  -45.0000  -37.5000 7094.3472   13.1377
    0.0000  -45.0000  -37.5000 7372.4839   13.1896
    7.5000  -45.0000  -37.5000 7022.0889   13.1979
   -7.5000  -37.5000  -37.5000 7763.0972   12.6839
    0.0000  -37.5000  -37.5000 8058.5938   12.7317
    7.5000  -37.5000  -37.5000 7695.2925   12.7432
   -7.5000  -30.0000  -37.5000 8802.5879   12.3700
    0.0000  -30.0000  -37.5000 9151.8740   12.4199
    7.5000  -30.0000  -37.5000 8718.1113   12.4384
   -7.5000  -22.5000  -37.5000 9953.3438   12.1778
    0.0000  -22.5000  -37.500010355.3613   12.2316
    7.5000  -22.5000  -37.5000 9859.9482   12.2525
   -7.5000  -15.0000  -37.500011105.8135   12.0677
    0.0000  -15.0000  -37.500011548.5361   12.1235
    7.5000  -15.0000  -37.500011007.9102   12.1405
   -7.5000   -7.5000  -37.500012211.0439   12.0168
    0.0000   -7.5000  -37.500012700.2871   12.0689
    7.5000   -7.5000  -37.500012132.7910   12.0798
   -7.5000    0.0000  -37.500013300.0312   11.9999
    0.0000    0.0000  -37.500013824.1104   12.0463
    7.5000    0.0000  -37.500013193.9600   12.0541
   -7.5000    7.5000  -37.500013349.2686   11.9837
    0.0000    7.5000  -37.500013882.0117   12.0284
    7.5000    7.5000  -37.500013237.2480   12.0400
   -7.5000   15.0000  -37.500013229.7080   11.9738
    0.0000   15.0000  -37.500013747.9473   12.0217
    7.5000   15.0000  -37.500013115.4043   12.0395
   -7.5000   22.5000  -37.500013056.8457   11.9797
    0.0000   22.5000  -37.500013550.1299   12.0327
    7.5000   22.5000  -37.500012913.8750   12.0525
   -7.5000   30.0000  -37.500012711.0625   11.8399
    0.0000   30.0000  -37.500013171.6426   11.8947
    7.5000   30.0000  -37.500012558.2734   11.9111
   -7.5000   37.5000  -37.500012572.2383   11.8463
    0.0000   37.5000  -37.500013020.9346   11.8977
    7.5000   37.5000  -37.500012413.3926   11.9085
   -7.5000   45.0000  -37.500011978.8193   11.5394
    0.0000   45.0000  -37.500012419.4561   11.5839
    7.5000   45.0000  -37.500011830.3203   11.5915
   -7.5000  -45.0000  -30.0000 7424.7021   13.6898
    0.0000  -45.0000  -30.0000 7719.1245   13.7393
    7.5000  -45.0000  -30.0000 7365.3813   13.7487
   -7.5000  -37.5000  -30.0000 8144.0400   13.2241
    0.0000  -37.5000  -30.0000 8461.7725   13.2685
    7.5000  -37.5000  -30.0000 8081.9980   13.2800
   -7.5000  -30.0000  -30.0000 9262.3369   12.8945
    0.0000  -30.0000  -30.0000 9636.4795   12.9411
    7.5000  -30.0000  -30.0000 9185.9316   12.9592
   -7.5000  -22.5000  -30.000010470.6865   12.6919
    0.0000  -22.5000  -30.000010898.7061   12.7435
    7.5000  -22.5000  -30.000010392.1738   12.7644
   -7.5000  -15.0000  -30.000011685.1494   12.5779
    0.0000  -15.0000  -30.000012150.6143   12.6325
    7.5000  -15.0000  -30.000011597.1426   12.6506
   -7.5000   -7.5000  -30.000012856.4580   12.5262
    0.0000   -7.5000  -30.000013372.3408   12.5773
    7.5000   -7.5000  -30.000012791.5137   12.5898
   -7.5000    0.0000  -30.000013986.0693   12.5099
    0.0000    0.0000  -30.000014567.6299   12.5540
    7.5000    0.0000  -30.000013912.3994   12.5627
   -7.5000    7.5000  -30.000014050.5410   12.4924
    0.0000    7.5000  -30.000014618.7168   12.5337
    7.5000    7.5000  -30.000013946.4854   12.5452
   -7.5000   15.0000  -30.000013945.0703   12.4805
    0.0000   15.0000  -30.000014499.2852   12.5251
    7.5000   15.0000  -30.000013815.9902   12.5424
   -7.5000   22.5000  -30.000013756.2031   12.4845
    0.0000   22.5000  -30.000014292.0947   12.5352
    7.5000   22.5000  -30.000013589.7129   12.5550
   -7.5000   30.0000  -30.000013388.7139   12.3415
    0.0000   30.0000  -30.000013916.0137   12.3952
    7.5000   30.0000  -30.000013214.7656   12.4126
   -7.5000   37.5000  -30.000013229.2676   12.3496
    0.0000   37.5000  -30.000013755.4873   12.4000
    7.5000   37.5000  -30.000013039.4521   12.4123
   -7.5000   45.0000  -30.000012549.7256   12.0386
    0.0000   45.0000  -30.000013051.2344   12.0811
    7.5000   45.0000  -30.000012377.2842   12.0894
   -7.5000  -45.0000  -22.5000 7740.5664   14.1176
    0.0000  -45.0000  -22.5000 8047.8467   14.1600
    7.5000  -45.0000  -22.5000 7674.4604   14.1712
   -7.5000  -37.5000  -22.5000 8517.9932   13.6454
    0.0000  -37.5000  -22.5000 8853.9443   13.6841
    7.5000  -37.5000  -22.5000 8455.7578   13.6972
   -7.5000  -30.0000  -22.5000 9718.3389   13.3115
    0.0000  -30.0000  -22.500010115.3730   13.3515
    7.5000  -30.0000  -22.5000 9647.3789   13.3691
   -7.5000  -22.5000  -22.500010987.4844   13.1009
    0.0000  -22.5000  -22.500011442.3496   13.1437
    7.5000  -22.5000  -22.500010889.8096   13.1622
   -7.5000  -15.0000  -22.500012248.4844   12.9787
    0.0000  -15.0000  -22.500012752.0400   13.0231
    7.5000  -15.0000  -22.500012132.5859   13.0387
   -7.5000   -7.5000  -22.500013479.8008   12.9231
    0.0000   -7.5000  -22.500014059.8486   12.9649
    7.5000   -7.5000  -22.500013385.0811   12.9767
   -7.5000    0.0000  -22.500014635.0762   12.9080
    0.0000    0.0000  -22.500015283.3613   12.9454
    7.5000    0.0000  -22.500014568.3809   12.9554
   -7.5000    7.5000  -22.500014684.1885   12.8943
    0.0000    7.5000  -22.500015280.1455   12.9301
    7.5000    7.5000  -22.500014562.5430   12.9429
   -7.5000   15.0000  -22.500014644.5684   12.8850
    0.0000   15.0000  -22.500015174.0693   12.9232
    7.5000   15.0000  -22.500014423.6777   12.9401
   -7.5000   22.5000  -22.500014546.0684   12.8864
    0.0000   22.5000  -22.500015127.7695   12.9286
    7.5000   22.5000  -22.500014272.7656   12.9462
   -7.5000   30.0000  -22.500014128.8789   12.7371
    0.0000   30.0000  -22.500014777.3281   12.7807
    7.5000   30.0000  -22.500013871.7734   12.7958
   -7.5000   37.5000  -22.500013855.8799   12.7430
    0.0000   37.5000  -22.500014483.2764   12.7843
    7.5000   37.5000  -22.500013598.5098   12.7959
   -7.5000   45.0000  -22.500013089.3818   12.4310
    0.0000   45.0000  -22.500013624.5850   12.4671
    7.5000   45.0000  -22.500012824.3350   12.4767
   -7.5000  -45.0000  -15.0000 8008.4614   14.4109
    0.0000  -45.0000  -15.0000 8304.4082   14.4503
    7.5000  -45.0000  -15.0000 7913.9253   14.4608
   -7.5000  -37.5000  -15.0000 8852.2285   13.9290
    0.0000  -37.5000  -15.0000 9194.5273   13.9670
    7.5000  -37.5000  -15.0000 8757.1465   13.9809
   -7.5000  -30.0000  -15.000010128.7363   13.5955
    0.0000  -30.0000  -15.000010550.7207   13.6337
    7.5000  -30.0000  -15.000010035.3633   13.6511
   -7.5000  -22.5000  -15.000011436.6035   13.3809
    0.0000  -22.5000  -15.000011906.8721   13.4186
    7.5000  -22.5000  -15.000011320.7236   13.4346
   -7.5000  -15.0000  -15.000012757.2100   13.2514
    0.0000  -15.0000  -15.000013273.4092   13.2880
    7.5000  -15.0000  -15.000012617.7090   13.3000
   -7.5000   -7.5000  -15.000014081.7676   13.1916
    0.0000   -7.5000  -15.000014691.9111   13.2268
    7.5000   -7.5000  -15.000013934.6201   13.2358
   -7.5000    0.0000  -15.000015322.8711   13.1767
    0.0000    0.0000  -15.000015981.1475   13.2112
    7.5000    0.0000  -15.000015174.5146   13.2208
   -7.5000    7.5000  -15.000015396.2373   13.1670
    0.0000    7.5000  -15.000015938.3301   13.2022
    7.5000    7.5000  -15.000015167.6367   13.2158
   -7.5000   15.0000  -15.000015457.1641   13.1612
    0.0000   15.0000  -15.000015957.9307   13.1979
    7.5000   15.0000  -15.000015067.1504   13.2145
   -7.5000   22.5000  -15.000015477.9609   13.1612
    0.0000   22.5000  -15.000016233.9492   13.1986
    7.5000   22.5000  -15.000014989.3145   13.2139
   -7.5000   30.0000  -15.000015046.1650   13.0070
    0.0000   30.0000  -15.000015835.9385   13.0431
    7.5000   30.0000  -15.000014568.8330   13.0545
   -7.5000   37.5000  -15.000014621.4395   13.0097
    0.0000   37.5000  -15.000015294.0957   13.0445
    7.5000   37.5000  -15.000014194.8555   13.0533
   -7.5000   45.0000  -15.000013711.8174   12.6975
    0.0000   45.0000  -15.000014264.9814   12.7307
    7.5000   45.0000  -15.000013350.2383   12.7400
   -7.5000  -45.0000   -7.5000 8203.5869   14.5727
    0.0000  -45.0000   -7.5000 8518.3125   14.6189
    7.5000  -45.0000   -7.5000 8070.1201   14.6285
   -7.5000  -37.5000   -7.5000 9140.1973   14.0764
    0.0000  -37.5000   -7.5000 9492.4492   14.1222
    7.5000  -37.5000   -7.5000 8992.0488   14.1363
   -7.5000  -30.0000   -7.500010537.7832   13.7401
    0.0000  -30.0000   -7.500010954.0918   13.7862
    7.5000  -30.0000   -7.500010372.7588   13.8043
   -7.5000  -22.5000   -7.500011949.8105   13.5251
    0.0000  -22.5000   -7.500012410.9453   13.5697
    7.5000  -22.5000   -7.500011735.9580   13.5863
   -7.5000  -15.0000   -7.500013353.8750   13.3942
    0.0000  -15.0000   -7.500013884.0430   13.4365
    7.5000  -15.0000   -7.500013106.5078   13.4480
   -7.5000   -7.5000   -7.500014797.3271   13.3331
    0.0000   -7.5000   -7.500015416.8223   13.3736
    7.5000   -7.5000   -7.500014475.0947   13.3816
   -7.5000    0.0000   -7.500016106.5771   13.3167
    0.0000    0.0000   -7.500016758.3184   13.3574
    7.5000    0.0000   -7.500015727.2324   13.3665
   -7.5000    7.5000   -7.500016187.5889   13.3065
    0.0000    7.5000   -7.500016736.1133   13.3491
    7.5000    7.5000   -7.500015734.4326   13.3631
   -7.5000   15.0000   -7.500016201.6172   13.3014
    0.0000   15.0000   -7.500016780.8613   13.3457
    7.5000   15.0000   -7.500015686.3242   13.3633
   -7.5000   22.5000   -7.500016154.3193   13.3011
    0.0000   22.5000   -7.500016972.2891   13.3452
    7.5000   22.5000   -7.500015546.8477   13.3611
   -7.5000   30.0000   -7.500015774.7041   13.1469
    0.0000   30.0000   -7.500016571.3906   13.1886
    7.5000   30.0000   -7.500015127.3115   13.1996
   -7.5000   37.5000   -7.500015334.1064   13.1489
    0.0000   37.5000   -7.500016027.2803   13.1890
    7.5000   37.5000   -7.500014794.6562   13.1968
   -7.5000   45.0000   -7.500014269.4697   12.8348
    0.0000   45.0000   -7.500014894.9814   12.8741
    7.5000   45.0000   -7.500013916.2041   12.8827
   -7.5000  -45.0000    0.0000 8278.7305   14.6343
    0.0000  -45.0000    0.0000 8604.7676   14.6895
    7.5000  -45.0000    0.0000 8118.1187   14.6991
   -7.5000  -37.5000    0.0000 9293.9199   14.1275
    0.0000  -37.5000    0.0000 9670.6182   14.1808
    7.5000  -37.5000    0.0000 9106.2520   14.1949
   -7.5000  -30.0000    0.000010756.8809   13.7843
    0.0000  -30.0000    0.000011197.5430   13.8392
    7.5000  -30.0000    0.000010533.6885   13.8593
   -7.5000  -22.5000    0.000012223.0693   13.5701
    0.0000  -22.5000    0.000012702.8057   13.6258
    7.5000  -22.5000    0.000011944.2324   13.6463
   -7.5000  -15.0000    0.000013660.1367   13.4425
    0.0000  -15.0000    0.000014202.7314   13.4976
    7.5000  -15.0000    0.000013355.0918   13.5128
   -7.5000   -7.5000    0.000015116.0508   13.3828
    0.0000   -7.5000    0.000015726.3164   13.4347
    7.5000   -7.5000    0.000014763.4912   13.4446
   -7.5000    0.0000    0.000016408.9375   13.3645
    0.0000    0.0000    0.000017041.9766   13.4137
    7.5000    0.0000    0.000016039.9365   13.4227
   -7.5000    7.5000    0.000016457.4590   13.3506
    0.0000    7.5000    0.000017014.7070   13.4005
    7.5000    7.5000    0.000016073.2090   13.4146
   -7.5000   15.0000    0.000016334.0645   13.3433
    0.0000   15.0000    0.000016952.3594   13.3959
    7.5000   15.0000    0.000016036.6064   13.4154
   -7.5000   22.5000    0.000016085.5156   13.3449
    0.0000   22.5000    0.000016849.8574   13.3998
    7.5000   22.5000    0.000015833.8857   13.4193
   -7.5000   30.0000    0.000015675.7383   13.1944
    0.0000   30.0000    0.000016383.6387   13.2485
    7.5000   30.0000    0.000015387.4980   13.2632
   -7.5000   37.5000    0.000015447.5957   13.1983
    0.0000   37.5000    0.000016139.5234   13.2495
    7.5000   37.5000    0.000015182.0225   13.2592
   -7.5000   45.0000    0.000014520.2588   12.8819
    0.0000   45.0000    0.000015199.7256   12.9293
    7.5000   45.0000    0.000014330.9238   12.9380
   -7.5000  -45.0000    7.5000 7609.5747   14.7015
    0.0000  -45.0000    7.5000 7904.6250   14.7595
    7.5000  -45.0000    7.5000 7495.0239   14.7688
   -7.5000  -37.5000    7.5000 8562.1543   14.1937
    0.0000  -37.5000    7.5000 8897.8154   14.2471
    7.5000  -37.5000    7.5000 8420.0088   14.2600
   -7.5000  -30.0000    7.5000 9934.7334   13.8423
    0.0000  -30.0000    7.500010329.9961   13.8982
    7.5000  -30.0000    7.5000 9775.9971   13.9189
   -7.5000  -22.5000    7.500011317.6152   13.6272
    0.0000  -22.5000    7.500011756.5664   13.6875
    7.5000  -22.5000    7.500011132.1143   13.7109
   -7.5000  -15.0000    7.500012670.0625   13.5041
    0.0000  -15.0000    7.500013175.6562   13.5666
    7.5000  -15.0000    7.500012482.7871   13.5855
   -7.5000   -7.5000    7.500014004.2930   13.4471
    0.0000   -7.5000    7.500014566.1865   13.5054
    7.5000   -7.5000    7.500013825.0498   13.5176
   -7.5000    0.0000    7.500015200.1016   13.4282
    0.0000    0.0000    7.500015826.8760   13.4801
    7.5000    0.0000    7.500015050.5098   13.4889
   -7.5000    7.5000    7.500015230.4453   13.4101
    0.0000    7.5000    7.500015866.9092   13.4601
    7.5000    7.5000    7.500015111.8398   13.4730
   -7.5000   15.0000    7.500015116.9404   13.3990
    0.0000   15.0000    7.500015801.9277   13.4526
    7.5000   15.0000    7.500015047.8672   13.4725
   -7.5000   22.5000    7.500014875.4277   13.4013
    0.0000   22.5000    7.500015568.6748   13.4606
    7.5000   22.5000    7.500014811.7578   13.4827
   -7.5000   30.0000    7.500014495.6172   13.2543
    0.0000   30.0000    7.500015102.6953   13.3156
    7.5000   30.0000    7.500014432.3271   13.3340
   -7.5000   37.5000    7.500014360.5645   13.2615
    0.0000   37.5000    7.500014945.7510   13.3191
    7.5000   37.5000    7.500014286.9512   13.3311
   -7.5000   45.0000    7.500013605.3594   12.9433
    0.0000   45.0000    7.500014168.1758   12.9933
    7.5000   45.0000    7.500013504.2334   13.0017
   -7.5000  -45.0000   15.0000 6889.5454   14.7778
    0.0000  -45.0000   15.0000 7171.2681   14.8312
    7.5000  -45.0000   15.0000 6798.7642   14.8414
   -7.5000  -37.5000   15.0000 7735.7617   14.2746
    0.0000  -37.5000   15.0000 8061.0298   14.3223
    7.5000  -37.5000   15.0000 7644.7261   14.3348
   -7.5000  -30.0000   15.0000 8998.5322   13.9192
    0.0000  -30.0000   15.0000 9376.0498   13.9693
    7.5000  -30.0000   15.0000 8894.6758   13.9890
   -7.5000  -22.5000   15.000010271.6943   13.7020
    0.0000  -22.5000   15.000010692.8818   13.7576
    7.5000  -22.5000   15.000010165.9619   13.7804
   -7.5000  -15.0000   15.000011508.1162   13.5811
    0.0000  -15.0000   15.000011984.0439   13.6400
    7.5000  -15.0000   15.000011422.2510   13.6597
   -7.5000   -7.5000   15.000012746.8242   13.5259
    0.0000   -7.5000   15.000013254.3164   13.5810
    7.5000   -7.5000   15.000012657.6416   13.5947
   -7.5000    0.0000   15.000013883.9385   13.5082
    0.0000    0.0000   15.000014460.3018   13.5556
    7.5000    0.0000   15.000013800.9932   13.5651
   -7.5000    7.5000   15.000013987.0918   13.4887
    0.0000    7.5000   15.000014575.6084   13.5330
    7.5000    7.5000   15.000013888.6514   13.5455
   -7.5000   15.0000   15.000013956.0410   13.4753
    0.0000   15.0000   15.000014546.4951   13.5233
    7.5000   15.0000   15.000013819.5635   13.5422
   -7.5000   22.5000   15.000013769.4668   13.4768
    0.0000   22.5000   15.000014330.2637   13.5315
    7.5000   22.5000   15.000013595.8037   13.5531
   -7.5000   30.0000   15.000013510.0918   13.3299
    0.0000   30.0000   15.000013974.7432   13.3878
    7.5000   30.0000   15.000013291.3555   13.4069
   -7.5000   37.5000   15.000013416.9131   13.3391
    0.0000   37.5000   15.000013874.3799   13.3935
    7.5000   37.5000   15.000013194.1689   13.4069
   -7.5000   45.0000   15.000012684.2314   13.0203
    0.0000   45.0000   15.000013129.3760   13.0661
    7.5000   45.0000   15.000012479.7764   13.0752
   -7.5000  -45.0000   22.5000 6307.9526   15.1845
    0.0000  -45.0000   22.5000 6579.9927   15.2310
    7.5000  -45.0000   22.5000 6253.9673   15.2435
   -7.5000  -37.5000   22.5000 7071.9717   14.6609
    0.0000  -37.5000   22.5000 7386.7837   14.7029
    7.5000  -37.5000   22.5000 7018.7734   14.7174
   -7.5000  -30.0000   22.5000 8222.7520   14.2961
    0.0000  -30.0000   22.5000 8596.7988   14.3394
    7.5000  -30.0000   22.5000 8161.8301   14.3591
   -7.5000  -22.5000   22.5000 9418.2695   14.0712
    0.0000  -22.5000   22.5000 9825.6689   14.1179
    7.5000  -22.5000   22.5000 9348.6826   14.1390
   -7.5000  -15.0000   22.500010594.6143   13.9436
    0.0000  -15.0000   22.500011044.3340   13.9923
    7.5000  -15.0000   22.500010518.7373   14.0103
   -7.5000   -7.5000   22.500011754.6064   13.8830
    0.0000   -7.5000   22.500012241.0225   13.9289
    7.5000   -7.5000   22.500011651.5469   13.9424
   -7.5000    0.0000   22.500012826.4082   13.8623
    0.0000    0.0000   22.500013364.3262   13.9030
    7.5000    0.0000   22.500012709.6162   13.9143
   -7.5000    7.5000   22.500012937.5244   13.8440
    0.0000    7.5000   22.500013483.3145   13.8825
    7.5000    7.5000   22.500012812.0674   13.8968
   -7.5000   15.0000   22.500012906.9043   13.8340
    0.0000   15.0000   22.500013437.3594   13.8754
    7.5000   15.0000   22.500012751.1094   13.8943
   -7.5000   22.5000   22.500012720.6064   13.8374
    0.0000   22.5000   22.500013202.4307   13.8834
    7.5000   22.5000   22.500012534.8867   13.9034
   -7.5000   30.0000   22.500012471.3281   13.6849
    0.0000   30.0000   22.500012907.7568   13.7328
    7.5000   30.0000   22.500012266.3887   13.7502
   -7.5000   37.5000   22.500012442.8115   13.6910
    0.0000   37.5000   22.500012870.3496   13.7364
    7.5000   37.5000   22.500012238.8506   13.7496
   -7.5000   45.0000   22.500011786.1660   13.3616
    0.0000   45.0000   22.500012199.4746   13.4009
    7.5000   45.0000   22.500011599.2471   13.4118
   -7.5000  -45.0000   30.0000 5743.2300   15.6734
    0.0000  -45.0000   30.0000 5999.0078   15.7183
    7.5000  -45.0000   30.0000 5705.3882   15.7307
   -7.5000  -37.5000   30.0000 6448.3721   15.1172
    0.0000  -37.5000   30.0000 6755.0996   15.1601
    7.5000  -37.5000   30.0000 6406.5059   15.1762
   -7.5000  -30.0000   30.0000 7492.5332   14.7434
    0.0000  -30.0000   30.0000 7844.7363   14.7864
    7.5000  -30.0000   30.0000 7437.2935   14.8068
   -7.5000  -22.5000   30.0000 8579.6113   14.5116
    0.0000  -22.5000   30.0000 8964.3047   14.5541
    7.5000  -22.5000   30.0000 8517.1592   14.5737
   -7.5000  -15.0000   30.0000 9664.8965   14.3745
    0.0000  -15.0000   30.000010083.0361   14.4159
    7.5000  -15.0000   30.0000 9593.7070   14.4310
   -7.5000   -7.5000   30.000010715.3389   14.3040
    0.0000   -7.5000   30.000011189.2275   14.3439
    7.5000   -7.5000   30.000010638.0352   14.3551
   -7.5000    0.0000   30.000011702.6367   14.2770
    0.0000    0.0000   30.000012205.2949   14.3159
    7.5000    0.0000   30.000011602.7676   14.3273
   -7.5000    7.5000   30.000011803.9209   14.2618
    0.0000    7.5000   30.000012303.6260   14.3012
    7.5000    7.5000   30.000011702.1494   14.3170
   -7.5000   15.0000   30.000011753.0273   14.2591
    0.0000   15.0000   30.000012225.1504   14.3001
    7.5000   15.0000   30.000011641.5469   14.3199
   -7.5000   22.5000   30.000011586.4131   14.2666
    0.0000   22.5000   30.000012008.7197   14.3086
    7.5000   22.5000   30.000011439.3418   14.3274
   -7.5000   30.0000   30.000011339.5928   14.1074
    0.0000   30.0000   30.000011739.9492   14.1482
    7.5000   30.0000   30.000011181.7227   14.1627
   -7.5000   37.5000   30.000011352.3555   14.1060
    0.0000   37.5000   30.000011732.0059   14.1454
    7.5000   37.5000   30.000011180.0811   14.1564
   -7.5000   45.0000   30.000010801.1445   13.7614
    0.0000   45.0000   30.000011174.1660   13.7989
    7.5000   45.0000   30.000010644.4014   13.8099
   -7.5000  -45.0000   37.5000 5432.5024   16.3762
    0.0000  -45.0000   37.5000 5672.2329   16.4267
    7.5000  -45.0000   37.5000 5403.6118   16.4358
   -7.5000  -37.5000   37.5000 6107.1230   15.7876
    0.0000  -37.5000   37.5000 6403.3511   15.8376
    7.5000  -37.5000   37.5000 6095.9468   15.8527
   -7.5000  -30.0000   37.5000 7097.2285   15.3971
    0.0000  -30.0000   37.5000 7435.6499   15.4489
    7.5000  -30.0000   37.5000 7074.9023   15.4700
   -7.5000  -22.5000   37.5000 8127.7134   15.1525
    0.0000  -22.5000   37.5000 8505.9404   15.2036
    7.5000  -22.5000   37.5000 8074.1235   15.2240
   -7.5000  -15.0000   37.5000 9149.3838   15.0015
    0.0000  -15.0000   37.5000 9556.2314   15.0498
    7.5000  -15.0000   37.5000 9083.4092   15.0640
   -7.5000   -7.5000   37.500010139.9893   14.9184
    0.0000   -7.5000   37.500010601.8047   14.9633
    7.5000   -7.5000   37.500010082.2988   14.9719
   -7.5000    0.0000   37.500011099.2129   14.8839
    0.0000    0.0000   37.500011592.5352   14.9278
    7.5000    0.0000   37.500011011.9531   14.9367
   -7.5000    7.5000   37.500011181.0938   14.8713
    0.0000    7.5000   37.500011662.5264   14.9175
    7.5000    7.5000   37.500011092.7529   14.9327
   -7.5000   15.0000   37.500011124.4229   14.8764
    0.0000   15.0000   37.500011571.3340   14.9259
    7.5000   15.0000   37.500011015.0088   14.9465
   -7.5000   22.5000   37.500010962.8213   14.8897
    0.0000   22.5000   37.500011369.5732   14.9401
    7.5000   22.5000   37.500010833.7236   14.9598
   -7.5000   30.0000   37.500010703.2500   14.7216
    0.0000   30.0000   37.500011096.6436   14.7691
    7.5000   30.0000   37.500010573.7197   14.7828
   -7.5000   37.5000   37.500010738.2441   14.7113
    0.0000   37.5000   37.500011102.7178   14.7556
    7.5000   37.5000   37.500010581.8125   14.7641
   -7.5000   45.0000   37.500010240.7734   14.3463
    0.0000   45.0000   37.500010600.8223   14.3886
    7.5000   45.0000   37.500010099.4766   14.3972
   -7.5000  -45.0000   45.0000 4928.6445   17.2025
    0.0000  -45.0000   45.0000 5134.1753   17.2623
    7.5000  -45.0000   45.0000 4896.6055   17.2780
   -7.5000  -37.5000   45.0000 5550.5947   16.5743
    0.0000  -37.5000   45.0000 5804.1689   16.6314
    7.5000  -37.5000   45.0000 5536.0918   16.6541
   -7.5000  -30.0000   45.0000 6439.4907   16.1587
    0.0000  -30.0000   45.0000 6732.7275   16.2202
    7.5000  -30.0000   45.0000 6424.6094   16.2527
   -7.5000  -22.5000   45.0000 7380.9658   15.8969
    0.0000  -22.5000   45.0000 7717.3979   15.9623
    7.5000  -22.5000   45.0000 7340.6631   15.9957
   -7.5000  -15.0000   45.0000 8304.7021   15.7349
    0.0000  -15.0000   45.0000 8683.3887   15.8001
    7.5000  -15.0000   45.0000 8250.4629   15.8252
   -7.5000   -7.5000   45.0000 9213.0752   15.6464
    0.0000   -7.5000   45.0000 9639.6396   15.7052
    7.5000   -7.5000   45.0000 9162.1426   15.7215
   -7.5000    0.0000   45.000010086.9375   15.6063
    0.0000    0.0000   45.000010538.9541   15.6590
    7.5000    0.0000   45.000010018.0977   15.6736
   -7.5000    7.5000   45.000010163.8174   15.5898
    0.0000    7.5000   45.000010604.6816   15.6429
    7.5000    7.5000   45.000010088.2812   15.6653
   -7.5000   15.0000   45.000010095.8916   15.5948
    0.0000   15.0000   45.000010517.9775   15.6535
    7.5000   15.0000   45.000010000.8613   15.6847
   -7.5000   22.5000   45.0000 9949.2686   15.6119
    0.0000   22.5000   45.000010338.6523   15.6762
    7.5000   22.5000   45.0000 9847.7070   15.7081
   -7.5000   30.0000   45.0000 9701.8262   15.4378
    0.0000   30.0000   45.000010083.5273   15.5018
    7.5000   30.0000   45.0000 9602.2246   15.5261
   -7.5000   37.5000   45.0000 9751.0381   15.4270
    0.0000   37.5000   45.000010120.0654   15.4851
    7.5000   37.5000   45.0000 9640.1855   15.5010
   -7.5000   45.0000   45.0000 9302.5684   15.0495
    0.0000   45.0000   45.0000 9648.4707   15.1003
    7.5000   45.0000   45.0000 9188.0029   15.1144

---------------------------------------------------------------------
imgreg_4dfp /opt/freesurfer/average/711-2C_as_mni_average_305 /opt/freesurfer/average/711-2B_as_mni_average_305_mask talsrcimg_g11 none talsrcimg_to_711-2C_as_mni_average_305_t4 4355
---------------------------------------------------------------------

freesurfer imgreg_4dfp.c
/opt/freesurfer/average/711-2C_as_mni_average_305.4dfp.img
       256       256       256         1
  1.000000  1.000000  1.000000
orientation T byte_order littleendian
Reading image: /opt/freesurfer/average/711-2C_as_mni_average_305.4dfp.img
dimensions:      256       256       256
mmppix:       1.0000   -1.0000   -1.0000
center:     128.0000 -129.0000 -129.0000
/opt/freesurfer/average/711-2B_as_mni_average_305_mask.4dfp.img
       256       256       256         1
  1.000000  1.000000  1.000000
orientation T byte_order littleendian
Reading mask: /opt/freesurfer/average/711-2B_as_mni_average_305_mask.4dfp.img (2306576 pixels)
talsrcimg_g11.4dfp.img
       256       256       256         1
  1.000000  1.000000  1.000000
orientation T byte_order littleendian
Reading image: talsrcimg_g11.4dfp.img
dimensions:      256       256       256
mmppix:       1.0000   -1.0000   -1.0000
center:     128.0000 -129.0000 -129.0000
rotation matrix determinant  1.000000
image alignment mode   4355 decimal     1103 hex
   -7.5000  -45.0000  -45.0000 1920.8203   19.1555
    0.0000  -45.0000  -45.0000 1918.7156   19.2568
    7.5000  -45.0000  -45.0000 1893.9105   19.4656
   -7.5000  -37.5000  -45.0000 2045.8745   16.7762
    0.0000  -37.5000  -45.0000 2045.5636   16.7970
    7.5000  -37.5000  -45.0000 2024.3706   17.0774
   -7.5000  -30.0000  -45.0000 2160.1653   14.8432
    0.0000  -30.0000  -45.0000 2163.0652   14.8401
    7.5000  -30.0000  -45.0000 2139.9009   15.1276
   -7.5000  -22.5000  -45.0000 2281.7603   13.3314
    0.0000  -22.5000  -45.0000 2284.6155   13.3362
    7.5000  -22.5000  -45.0000 2258.0347   13.5891
   -7.5000  -15.0000  -45.0000 2389.1873   12.1501
    0.0000  -15.0000  -45.0000 2391.4785   12.1425
    7.5000  -15.0000  -45.0000 2365.5881   12.3846
   -7.5000   -7.5000  -45.0000 2461.7288   11.2079
    0.0000   -7.5000  -45.0000 2461.9783   11.2188
    7.5000   -7.5000  -45.0000 2444.3142   11.4399
   -7.5000    0.0000  -45.0000 2514.5396   10.5071
    0.0000    0.0000  -45.0000 2516.2429   10.5060
    7.5000    0.0000  -45.0000 2498.5034   10.6930
   -7.5000    7.5000  -45.0000 2551.9106    9.9819
    0.0000    7.5000  -45.0000 2554.6526    9.9604
    7.5000    7.5000  -45.0000 2536.5820   10.1344
   -7.5000   15.0000  -45.0000 2582.8376    9.6143
    0.0000   15.0000  -45.0000 2587.7092    9.5791
    7.5000   15.0000  -45.0000 2567.8809    9.7544
   -7.5000   22.5000  -45.0000 2590.9456    9.5787
    0.0000   22.5000  -45.0000 2597.3760    9.5296
    7.5000   22.5000  -45.0000 2569.6169    9.7167
   -7.5000   30.0000  -45.0000 2589.7051    9.6797
    0.0000   30.0000  -45.0000 2595.4131    9.6150
    7.5000   30.0000  -45.0000 2564.3010    9.8202
   -7.5000   37.5000  -45.0000 2568.9919    9.9380
    0.0000   37.5000  -45.0000 2580.3223    9.8830
    7.5000   37.5000  -45.0000 2550.5151   10.0815
   -7.5000   45.0000  -45.0000 2531.4666   10.3669
    0.0000   45.0000  -45.0000 2546.0984   10.3011
    7.5000   45.0000  -45.0000 2514.2004   10.4961
   -7.5000  -45.0000  -37.5000 1938.4523   18.7463
    0.0000  -45.0000  -37.5000 1937.6445   18.7651
    7.5000  -45.0000  -37.5000 1921.6208   19.0495
   -7.5000  -37.5000  -37.5000 2066.3328   16.3305
    0.0000  -37.5000  -37.5000 2071.6125   16.3392
    7.5000  -37.5000  -37.5000 2056.0972   16.6527
   -7.5000  -30.0000  -37.5000 2185.0508   14.3963
    0.0000  -30.0000  -37.5000 2190.7371   14.3927
    7.5000  -30.0000  -37.5000 2171.2310   14.6726
   -7.5000  -22.5000  -37.5000 2310.9949   12.8855
    0.0000  -22.5000  -37.5000 2316.5063   12.8998
    7.5000  -22.5000  -37.5000 2293.0947   13.1551
   -7.5000  -15.0000  -37.5000 2415.6587   11.7022
    0.0000  -15.0000  -37.5000 2419.6687   11.7118
    7.5000  -15.0000  -37.5000 2401.3586   11.9418
   -7.5000   -7.5000  -37.5000 2494.5857   10.7497
    0.0000   -7.5000  -37.5000 2497.0708   10.7556
    7.5000   -7.5000  -37.5000 2484.6587   10.9711
   -7.5000    0.0000  -37.5000 2561.6494   10.0127
    0.0000    0.0000  -37.5000 2563.9399   10.0128
    7.5000    0.0000  -37.5000 2547.2871   10.2109
   -7.5000    7.5000  -37.5000 2611.6370    9.4567
    0.0000    7.5000  -37.5000 2619.0601    9.4434
    7.5000    7.5000  -37.5000 2596.4397    9.6314
   -7.5000   15.0000  -37.5000 2649.7188    9.1011
    0.0000   15.0000  -37.5000 2656.8613    9.0721
    7.5000   15.0000  -37.5000 2635.5171    9.2480
   -7.5000   22.5000  -37.5000 2665.4414    9.0496
    0.0000   22.5000  -37.5000 2675.5012    8.9954
    7.5000   22.5000  -37.5000 2645.3054    9.1814
   -7.5000   30.0000  -37.5000 2672.8203    9.1402
    0.0000   30.0000  -37.5000 2685.0288    9.0792
    7.5000   30.0000  -37.5000 2649.2849    9.2912
   -7.5000   37.5000  -37.5000 2661.2893    9.3954
    0.0000   37.5000  -37.5000 2675.8862    9.3266
    7.5000   37.5000  -37.5000 2640.7349    9.5340
   -7.5000   45.0000  -37.5000 2622.3826    9.8181
    0.0000   45.0000  -37.5000 2638.7268    9.7427
    7.5000   45.0000  -37.5000 2601.9460    9.9169
   -7.5000  -45.0000  -30.0000 1982.5770   18.9413
    0.0000  -45.0000  -30.0000 1986.5251   18.9553
    7.5000  -45.0000  -30.0000 1970.5305   19.3499
   -7.5000  -37.5000  -30.0000 2117.8335   16.4403
    0.0000  -37.5000  -30.0000 2125.1511   16.4274
    7.5000  -37.5000  -30.0000 2108.6516   16.8481
   -7.5000  -30.0000  -30.0000 2243.9119   14.4432
    0.0000  -30.0000  -30.0000 2253.4287   14.4521
    7.5000  -30.0000  -30.0000 2229.9697   14.8163
   -7.5000  -22.5000  -30.0000 2370.4087   12.9028
    0.0000  -22.5000  -30.0000 2379.4954   12.8970
    7.5000  -22.5000  -30.0000 2356.5244   13.2207
   -7.5000  -15.0000  -30.0000 2480.9805   11.6618
    0.0000  -15.0000  -30.0000 2486.7097   11.6523
    7.5000  -15.0000  -30.0000 2465.1753   11.9463
   -7.5000   -7.5000  -30.0000 2570.2297   10.6751
    0.0000   -7.5000  -30.0000 2575.1594   10.6576
    7.5000   -7.5000  -30.0000 2557.2471   10.9225
   -7.5000    0.0000  -30.0000 2645.7419    9.8894
    0.0000    0.0000  -30.0000 2654.4719    9.8728
    7.5000    0.0000  -30.0000 2637.5759   10.1172
   -7.5000    7.5000  -30.0000 2712.2800    9.2956
    0.0000    7.5000  -30.0000 2719.8201    9.2697
    7.5000    7.5000  -30.0000 2699.4607    9.4823
   -7.5000   15.0000  -30.0000 2763.3770    8.9538
    0.0000   15.0000  -30.0000 2770.8489    8.9279
    7.5000   15.0000  -30.0000 2745.0991    9.1194
   -7.5000   22.5000  -30.0000 2792.2786    8.8825
    0.0000   22.5000  -30.0000 2804.6699    8.8409
    7.5000   22.5000  -30.0000 2770.6387    9.0300
   -7.5000   30.0000  -30.0000 2806.5623    8.9592
    0.0000   30.0000  -30.0000 2825.7473    8.9099
    7.5000   30.0000  -30.0000 2780.1360    9.1432
   -7.5000   37.5000  -30.0000 2794.9219    9.2084
    0.0000   37.5000  -30.0000 2817.3201    9.1425
    7.5000   37.5000  -30.0000 2769.5591    9.3742
   -7.5000   45.0000  -30.0000 2747.8999    9.6257
    0.0000   45.0000  -30.0000 2771.0667    9.5551
    7.5000   45.0000  -30.0000 2730.1287    9.7394
   -7.5000  -45.0000  -22.5000 1998.1282   19.1745
    0.0000  -45.0000  -22.5000 2002.0883   19.1386
    7.5000  -45.0000  -22.5000 1995.8552   19.6131
   -7.5000  -37.5000  -22.5000 2136.9634   16.5261
    0.0000  -37.5000  -22.5000 2146.9360   16.4996
    7.5000  -37.5000  -22.5000 2134.3667   16.9636
   -7.5000  -30.0000  -22.5000 2269.1975   14.4879
    0.0000  -30.0000  -22.5000 2280.1677   14.4685
    7.5000  -30.0000  -22.5000 2265.4070   14.8789
   -7.5000  -22.5000  -22.5000 2398.7615   12.8557
    0.0000  -22.5000  -22.5000 2406.6108   12.8343
    7.5000  -22.5000  -22.5000 2388.8850   13.1856
   -7.5000  -15.0000  -22.5000 2508.2698   11.5602
    0.0000  -15.0000  -22.5000 2513.5999   11.5457
    7.5000  -15.0000  -22.5000 2494.0203   11.8403
   -7.5000   -7.5000  -22.5000 2603.5361   10.5276
    0.0000   -7.5000  -22.5000 2613.1406   10.5156
    7.5000   -7.5000  -22.5000 2593.5769   10.7725
   -7.5000    0.0000  -22.5000 2688.5901    9.7289
    0.0000    0.0000  -22.5000 2700.9324    9.7125
    7.5000    0.0000  -22.5000 2684.8965    9.9382
   -7.5000    7.5000  -22.5000 2768.1836    9.1331
    0.0000    7.5000  -22.5000 2780.0913    9.1080
    7.5000    7.5000  -22.5000 2764.0068    9.3056
   -7.5000   15.0000  -22.5000 2834.7244    8.8164
    0.0000   15.0000  -22.5000 2846.4324    8.7853
    7.5000   15.0000  -22.5000 2823.7188    8.9425
   -7.5000   22.5000  -22.5000 2886.9922    8.7410
    0.0000   22.5000  -22.5000 2902.8459    8.7124
    7.5000   22.5000  -22.5000 2863.8691    8.8559
   -7.5000   30.0000  -22.5000 2907.3945    8.8201
    0.0000   30.0000  -22.5000 2935.3823    8.8104
    7.5000   30.0000  -22.5000 2878.7969    8.9735
   -7.5000   37.5000  -22.5000 2888.4387    9.0075
    0.0000   37.5000  -22.5000 2911.1509    8.9912
    7.5000   37.5000  -22.5000 2857.8315    9.1701
   -7.5000   45.0000  -22.5000 2837.5232    9.3696
    0.0000   45.0000  -22.5000 2851.6152    9.3410
    7.5000   45.0000  -22.5000 2810.6594    9.5189
   -7.5000  -45.0000  -15.0000 1979.7898   19.6489
    0.0000  -45.0000  -15.0000 1985.8650   19.5437
    7.5000  -45.0000  -15.0000 1979.9502   20.0012
   -7.5000  -37.5000  -15.0000 2127.8755   16.8616
    0.0000  -37.5000  -15.0000 2135.2683   16.7815
    7.5000  -37.5000  -15.0000 2125.3845   17.1944
   -7.5000  -30.0000  -15.0000 2265.1423   14.6806
    0.0000  -30.0000  -15.0000 2275.1616   14.6427
    7.5000  -30.0000  -15.0000 2264.8818   14.9955
   -7.5000  -22.5000  -15.0000 2385.9043   12.9390
    0.0000  -22.5000  -15.0000 2393.6826   12.9226
    7.5000  -22.5000  -15.0000 2383.3184   13.2129
   -7.5000  -15.0000  -15.0000 2491.4668   11.6053
    0.0000  -15.0000  -15.0000 2495.4729   11.5736
    7.5000  -15.0000  -15.0000 2487.8215   11.8227
   -7.5000   -7.5000  -15.0000 2597.1313   10.5503
    0.0000   -7.5000  -15.0000 2604.1174   10.5249
    7.5000   -7.5000  -15.0000 2596.2249   10.7149
   -7.5000    0.0000  -15.0000 2694.0491    9.7199
    0.0000    0.0000  -15.0000 2703.5305    9.7015
    7.5000    0.0000  -15.0000 2698.6248    9.8542
   -7.5000    7.5000  -15.0000 2786.5120    9.1226
    0.0000    7.5000  -15.0000 2795.8608    9.0905
    7.5000    7.5000  -15.0000 2788.8892    9.2227
   -7.5000   15.0000  -15.0000 2873.1768    8.8029
    0.0000   15.0000  -15.0000 2881.8530    8.7567
    7.5000   15.0000  -15.0000 2860.5813    8.8752
   -7.5000   22.5000  -15.0000 2945.4116    8.7496
    0.0000   22.5000  -15.0000 2964.5259    8.7197
    7.5000   22.5000  -15.0000 2918.9280    8.7791
   -7.5000   30.0000  -15.0000 2969.3308    8.8436
    0.0000   30.0000  -15.0000 2999.1155    8.8949
    7.5000   30.0000  -15.0000 2939.1970    8.8716
   -7.5000   37.5000  -15.0000 2940.5156    8.9175
    0.0000   37.5000  -15.0000 2962.4048    8.9572
    7.5000   37.5000  -15.0000 2905.3135    9.0364
   -7.5000   45.0000  -15.0000 2878.4775    9.2356
    0.0000   45.0000  -15.0000 2891.9006    9.2066
    7.5000   45.0000  -15.0000 2852.3328    9.3327
   -7.5000  -45.0000   -7.5000 1936.9802   20.4309
    0.0000  -45.0000   -7.5000 1940.0162   20.2801
    7.5000  -45.0000   -7.5000 1936.5312   20.6255
   -7.5000  -37.5000   -7.5000 2094.2969   17.3893
    0.0000  -37.5000   -7.5000 2101.2158   17.3112
    7.5000  -37.5000   -7.5000 2093.3875   17.5971
   -7.5000  -30.0000   -7.5000 2239.0884   15.0689
    0.0000  -30.0000   -7.5000 2250.1987   15.0389
    7.5000  -30.0000   -7.5000 2238.1506   15.2958
   -7.5000  -22.5000   -7.5000 2360.8743   13.2710
    0.0000  -22.5000   -7.5000 2367.8103   13.2404
    7.5000  -22.5000   -7.5000 2356.5063   13.4594
   -7.5000  -15.0000   -7.5000 2464.7319   11.8835
    0.0000  -15.0000   -7.5000 2470.2363   11.8570
    7.5000  -15.0000   -7.5000 2464.8975   12.0393
   -7.5000   -7.5000   -7.5000 2579.2410   10.7783
    0.0000   -7.5000   -7.5000 2589.1707   10.7546
    7.5000   -7.5000   -7.5000 2580.1187   10.8967
   -7.5000    0.0000   -7.5000 2686.3057    9.8841
    0.0000    0.0000   -7.5000 2693.6526    9.8713
    7.5000    0.0000   -7.5000 2685.3906    9.9779
   -7.5000    7.5000   -7.5000 2788.5278    9.2543
    0.0000    7.5000   -7.5000 2796.0864    9.2163
    7.5000    7.5000   -7.5000 2783.2480    9.3118
   -7.5000   15.0000   -7.5000 2882.3472    8.9096
    0.0000   15.0000   -7.5000 2893.0562    8.8592
    7.5000   15.0000   -7.5000 2865.4880    8.9574
   -7.5000   22.5000   -7.5000 2960.1897    8.8114
    0.0000   22.5000   -7.5000 2982.0024    8.8205
    7.5000   22.5000   -7.5000 2930.1265    8.8388
   -7.5000   30.0000   -7.5000 2981.8562    8.8956
    0.0000   30.0000   -7.5000 3017.5396    8.9487
    7.5000   30.0000   -7.5000 2950.0762    8.9233
   -7.5000   37.5000   -7.5000 2947.0039    8.9760
    0.0000   37.5000   -7.5000 2974.9412    8.9901
    7.5000   37.5000   -7.5000 2916.9243    9.0552
   -7.5000   45.0000   -7.5000 2882.8901    9.2071
    0.0000   45.0000   -7.5000 2900.4321    9.2109
    7.5000   45.0000   -7.5000 2860.7820    9.3633
   -7.5000  -45.0000    0.0000 1881.2788   21.6910
    0.0000  -45.0000    0.0000 1883.4774   21.6174
    7.5000  -45.0000    0.0000 1879.9822   21.8326
   -7.5000  -37.5000    0.0000 2048.2090   18.3197
    0.0000  -37.5000    0.0000 2053.1260   18.2921
    7.5000  -37.5000    0.0000 2041.6011   18.4939
   -7.5000  -30.0000    0.0000 2205.5593   15.8070
    0.0000  -30.0000    0.0000 2210.0566   15.8035
    7.5000  -30.0000    0.0000 2192.5691   15.9738
   -7.5000  -22.5000    0.0000 2330.5037   13.8461
    0.0000  -22.5000    0.0000 2333.4307   13.8031
    7.5000  -22.5000    0.0000 2316.0923   13.9941
   -7.5000  -15.0000    0.0000 2438.2234   12.3528
    0.0000  -15.0000    0.0000 2443.1829   12.3158
    7.5000  -15.0000    0.0000 2428.3086   12.4809
   -7.5000   -7.5000    0.0000 2554.4243   11.1899
    0.0000   -7.5000    0.0000 2563.9019   11.1389
    7.5000   -7.5000    0.0000 2545.7358   11.2767
   -7.5000    0.0000    0.0000 2660.0442   10.2424
    0.0000    0.0000    0.0000 2669.8784   10.1829
    7.5000    0.0000    0.0000 2656.9226   10.3093
   -7.5000    7.5000    0.0000 2765.0298    9.5560
    0.0000    7.5000    0.0000 2776.8904    9.4910
    7.5000    7.5000    0.0000 2757.8779    9.6302
   -7.5000   15.0000    0.0000 2858.7241    9.1290
    0.0000   15.0000    0.0000 2873.0151    9.0865
    7.5000   15.0000    0.0000 2844.6289    9.2380
   -7.5000   22.5000    0.0000 2930.8318    8.9211
    0.0000   22.5000    0.0000 2948.4221    8.9489
    7.5000   22.5000    0.0000 2909.6355    9.0757
   -7.5000   30.0000    0.0000 2942.5432    8.9534
    0.0000   30.0000    0.0000 2968.1506    8.9557
    7.5000   30.0000    0.0000 2920.9990    9.1144
   -7.5000   37.5000    0.0000 2909.3037    9.1614
    0.0000   37.5000    0.0000 2929.9607    9.1436
    7.5000   37.5000    0.0000 2888.1909    9.3128
   -7.5000   45.0000    0.0000 2846.2002    9.4603
    0.0000   45.0000    0.0000 2864.4023    9.4820
    7.5000   45.0000    0.0000 2829.6101    9.6642
   -7.5000  -45.0000    7.5000 1830.5054   23.0945
    0.0000  -45.0000    7.5000 1833.7812   23.0796
    7.5000  -45.0000    7.5000 1824.3336   23.3094
   -7.5000  -37.5000    7.5000 2000.5538   19.4039
    0.0000  -37.5000    7.5000 2007.8948   19.4192
    7.5000  -37.5000    7.5000 1993.3269   19.6068
   -7.5000  -30.0000    7.5000 2160.6750   16.7009
    0.0000  -30.0000    7.5000 2163.5037   16.6557
    7.5000  -30.0000    7.5000 2149.1719   16.8646
   -7.5000  -22.5000    7.5000 2291.1453   14.5590
    0.0000  -22.5000    7.5000 2292.1538   14.5140
    7.5000  -22.5000    7.5000 2275.2861   14.7598
   -7.5000  -15.0000    7.5000 2410.6318   12.9470
    0.0000  -15.0000    7.5000 2412.1885   12.8890
    7.5000  -15.0000    7.5000 2392.4087   13.1190
   -7.5000   -7.5000    7.5000 2530.0964   11.6677
    0.0000   -7.5000    7.5000 2533.9524   11.6081
    7.5000   -7.5000    7.5000 2516.1040   11.8273
   -7.5000    0.0000    7.5000 2631.4802   10.6713
    0.0000    0.0000    7.5000 2643.7056   10.5954
    7.5000    0.0000    7.5000 2630.8774   10.8164
   -7.5000    7.5000    7.5000 2732.9307    9.9427
    0.0000    7.5000    7.5000 2745.5645    9.8807
    7.5000    7.5000    7.5000 2729.9185   10.0991
   -7.5000   15.0000    7.5000 2819.4966    9.4722
    0.0000   15.0000    7.5000 2836.0776    9.4522
    7.5000   15.0000    7.5000 2812.8889    9.6516
   -7.5000   22.5000    7.5000 2880.1584    9.2370
    0.0000   22.5000    7.5000 2899.5085    9.2162
    7.5000   22.5000    7.5000 2873.3708    9.4073
   -7.5000   30.0000    7.5000 2883.8462    9.2683
    0.0000   30.0000    7.5000 2904.7869    9.2164
    7.5000   30.0000    7.5000 2875.4995    9.4599
   -7.5000   37.5000    7.5000 2853.4731    9.4573
    0.0000   37.5000    7.5000 2869.2729    9.4208
    7.5000   37.5000    7.5000 2846.3203    9.6664
   -7.5000   45.0000    7.5000 2787.3196    9.8215
    0.0000   45.0000    7.5000 2802.4697    9.8056
    7.5000   45.0000    7.5000 2777.7485   10.0370
   -7.5000  -45.0000   15.0000 1772.5798   24.5506
    0.0000  -45.0000   15.0000 1775.9446   24.5802
    7.5000  -45.0000   15.0000 1767.4061   24.8021
   -7.5000  -37.5000   15.0000 1943.0619   20.4927
    0.0000  -37.5000   15.0000 1950.8584   20.4725
    7.5000  -37.5000   15.0000 1937.0449   20.7205
   -7.5000  -30.0000   15.0000 2104.5244   17.5694
    0.0000  -30.0000   15.0000 2112.4993   17.5151
    7.5000  -30.0000   15.0000 2096.8284   17.8059
   -7.5000  -22.5000   15.0000 2249.2495   15.2924
    0.0000  -22.5000   15.0000 2253.2576   15.2229
    7.5000  -22.5000   15.0000 2235.0864   15.5421
   -7.5000  -15.0000   15.0000 2375.6548   13.5578
    0.0000  -15.0000   15.0000 2382.0149   13.4958
    7.5000  -15.0000   15.0000 2362.4438   13.7756
   -7.5000   -7.5000   15.0000 2494.1765   12.2335
    0.0000   -7.5000   15.0000 2501.4160   12.1513
    7.5000   -7.5000   15.0000 2486.2903   12.4306
   -7.5000    0.0000   15.0000 2595.7659   11.2276
    0.0000    0.0000   15.0000 2609.9058   11.1446
    7.5000    0.0000   15.0000 2597.0452   11.4037
   -7.5000    7.5000   15.0000 2689.5217   10.5126
    0.0000    7.5000   15.0000 2706.2825   10.4526
    7.5000    7.5000   15.0000 2690.9314   10.6787
   -7.5000   15.0000   15.0000 2769.1426   10.0503
    0.0000   15.0000   15.0000 2785.4031    9.9989
    7.5000   15.0000   15.0000 2764.7546   10.1940
   -7.5000   22.5000   15.0000 2812.4622    9.8223
    0.0000   22.5000   15.0000 2834.0750    9.7519
    7.5000   22.5000   15.0000 2811.5476    9.9370
   -7.5000   30.0000   15.0000 2815.0535    9.8428
    0.0000   30.0000   15.0000 2828.5139    9.7706
    7.5000   30.0000   15.0000 2808.0769    9.9721
   -7.5000   37.5000   15.0000 2782.7146   10.0223
    0.0000   37.5000   15.0000 2791.1711    9.9625
    7.5000   37.5000   15.0000 2774.8022   10.1585
   -7.5000   45.0000   15.0000 2716.2751   10.3688
    0.0000   45.0000   15.0000 2728.0481   10.3171
    7.5000   45.0000   15.0000 2712.1047   10.5017
   -7.5000  -45.0000   22.5000 1716.1940   26.2653
    0.0000  -45.0000   22.5000 1722.8534   26.2026
    7.5000  -45.0000   22.5000 1717.7968   26.4806
   -7.5000  -37.5000   22.5000 1882.8818   21.7787
    0.0000  -37.5000   22.5000 1896.2268   21.7109
    7.5000  -37.5000   22.5000 1883.7069   22.0152
   -7.5000  -30.0000   22.5000 2050.4568   18.5305
    0.0000  -30.0000   22.5000 2064.8479   18.4840
    7.5000  -30.0000   22.5000 2045.0687   18.7712
   -7.5000  -22.5000   22.5000 2201.7893   16.1466
    0.0000  -22.5000   22.5000 2212.4294   16.0556
    7.5000  -22.5000   22.5000 2194.0276   16.3687
   -7.5000  -15.0000   22.5000 2331.0730   14.3648
    0.0000  -15.0000   22.5000 2343.6829   14.2596
    7.5000  -15.0000   22.5000 2327.7153   14.5687
   -7.5000   -7.5000   22.5000 2448.7854   13.0161
    0.0000   -7.5000   22.5000 2461.8440   12.9057
    7.5000   -7.5000   22.5000 2446.7573   13.1762
   -7.5000    0.0000   22.5000 2545.2803   11.9778
    0.0000    0.0000   22.5000 2562.7566   11.8954
    7.5000    0.0000   22.5000 2549.5918   12.1255
   -7.5000    7.5000   22.5000 2635.0447   11.2618
    0.0000    7.5000   22.5000 2652.7126   11.1875
    7.5000    7.5000   22.5000 2635.5188   11.3926
   -7.5000   15.0000   22.5000 2702.3096   10.7715
    0.0000   15.0000   22.5000 2720.7419   10.6957
    7.5000   15.0000   22.5000 2700.1284   10.9030
   -7.5000   22.5000   22.5000 2733.8499   10.5553
    0.0000   22.5000   22.5000 2752.5430   10.4420
    7.5000   22.5000   22.5000 2732.4023   10.6467
   -7.5000   30.0000   22.5000 2731.1135   10.5409
    0.0000   30.0000   22.5000 2744.2581   10.4489
    7.5000   30.0000   22.5000 2725.1055   10.6408
   -7.5000   37.5000   22.5000 2698.1545   10.7314
    0.0000   37.5000   22.5000 2708.1128   10.6384
    7.5000   37.5000   22.5000 2692.9487   10.8278
   -7.5000   45.0000   22.5000 2635.2561   11.0632
    0.0000   45.0000   22.5000 2645.5156   10.9817
    7.5000   45.0000   22.5000 2633.5083   11.1496
   -7.5000  -45.0000   30.0000 1656.4738   28.3799
    0.0000  -45.0000   30.0000 1663.7880   28.2298
    7.5000  -45.0000   30.0000 1661.7522   28.5684
   -7.5000  -37.5000   30.0000 1824.0901   23.3566
    0.0000  -37.5000   30.0000 1836.7731   23.3063
    7.5000  -37.5000   30.0000 1824.9133   23.5668
   -7.5000  -30.0000   30.0000 1996.2782   19.7641
    0.0000  -30.0000   30.0000 2006.5209   19.6905
    7.5000  -30.0000   30.0000 1988.2793   19.9955
   -7.5000  -22.5000   30.0000 2149.4807   17.1830
    0.0000  -22.5000   30.0000 2159.6218   17.0946
    7.5000  -22.5000   30.0000 2140.5608   17.4041
   -7.5000  -15.0000   30.0000 2278.4241   15.3428
    0.0000  -15.0000   30.0000 2291.6064   15.2080
    7.5000  -15.0000   30.0000 2274.3665   15.5383
   -7.5000   -7.5000   30.0000 2390.3721   13.9679
    0.0000   -7.5000   30.0000 2410.1062   13.8439
    7.5000   -7.5000   30.0000 2393.2100   14.1105
   -7.5000    0.0000   30.0000 2485.3945   12.9311
    0.0000    0.0000   30.0000 2503.0188   12.8290
    7.5000    0.0000   30.0000 2485.7141   13.0391
   -7.5000    7.5000   30.0000 2569.2808   12.1511
    0.0000    7.5000   30.0000 2585.1013   12.0633
    7.5000    7.5000   30.0000 2566.0251   12.2713
   -7.5000   15.0000   30.0000 2622.4839   11.6520
    0.0000   15.0000   30.0000 2640.7695   11.5534
    7.5000   15.0000   30.0000 2622.4617   11.7714
   -7.5000   22.5000   30.0000 2641.6116   11.4420
    0.0000   22.5000   30.0000 2659.0652   11.3029
    7.5000   22.5000   30.0000 2641.1099   11.5282
   -7.5000   30.0000   30.0000 2638.5923   11.3807
    0.0000   30.0000   30.0000 2651.4185   11.2652
    7.5000   30.0000   30.0000 2634.7727   11.4616
   -7.5000   37.5000   30.0000 2608.2900   11.5648
    0.0000   37.5000   30.0000 2617.6724   11.4340
    7.5000   37.5000   30.0000 2603.0798   11.6324
   -7.5000   45.0000   30.0000 2556.2637   11.8623
    0.0000   45.0000   30.0000 2565.8110   11.7466
    7.5000   45.0000   30.0000 2556.3010   11.9265
   -7.5000  -45.0000   37.5000 1593.9456   31.0669
    0.0000  -45.0000   37.5000 1602.8917   30.9059
    7.5000  -45.0000   37.5000 1598.5291   31.3158
   -7.5000  -37.5000   37.5000 1760.6094   25.3604
    0.0000  -37.5000   37.5000 1773.7982   25.3211
    7.5000  -37.5000   37.5000 1765.4589   25.6290
   -7.5000  -30.0000   37.5000 1930.4272   21.3676
    0.0000  -30.0000   37.5000 1939.7316   21.2680
    7.5000  -30.0000   37.5000 1927.0581   21.6355
   -7.5000  -22.5000   37.5000 2086.1523   18.5470
    0.0000  -22.5000   37.5000 2095.9436   18.4389
    7.5000  -22.5000   37.5000 2075.2131   18.7735
   -7.5000  -15.0000   37.5000 2212.6204   16.5812
    0.0000  -15.0000   37.5000 2227.0188   16.4422
    7.5000  -15.0000   37.5000 2204.7917   16.7728
   -7.5000   -7.5000   37.5000 2323.7612   15.1432
    0.0000   -7.5000   37.5000 2342.8616   15.0243
    7.5000   -7.5000   37.5000 2321.3875   15.2983
   -7.5000    0.0000   37.5000 2417.7871   14.0497
    0.0000    0.0000   37.5000 2435.7539   13.9336
    7.5000    0.0000   37.5000 2413.3828   14.1739
   -7.5000    7.5000   37.5000 2489.2617   13.2435
    0.0000    7.5000   37.5000 2507.7390   13.1247
    7.5000    7.5000   37.5000 2486.5105   13.3547
   -7.5000   15.0000   37.5000 2531.2131   12.7238
    0.0000   15.0000   37.5000 2550.0588   12.5991
    7.5000   15.0000   37.5000 2532.7490   12.8295
   -7.5000   22.5000   37.5000 2544.8357   12.4650
    0.0000   22.5000   37.5000 2562.2173   12.3320
    7.5000   22.5000   37.5000 2543.9695   12.5412
   -7.5000   30.0000   37.5000 2537.7937   12.3748
    0.0000   30.0000   37.5000 2550.0767   12.2629
    7.5000   30.0000   37.5000 2535.3489   12.4642
   -7.5000   37.5000   37.5000 2508.6028   12.5366
    0.0000   37.5000   37.5000 2522.3005   12.3793
    7.5000   37.5000   37.5000 2505.7761   12.5977
   -7.5000   45.0000   37.5000 2465.6140   12.7969
    0.0000   45.0000   37.5000 2480.6292   12.6282
    7.5000   45.0000   37.5000 2464.4426   12.8589
   -7.5000  -45.0000   45.0000 1528.3062   34.4480
    0.0000  -45.0000   45.0000 1538.1604   34.1236
    7.5000  -45.0000   45.0000 1528.3387   34.7763
   -7.5000  -37.5000   45.0000 1694.1545   27.9715
    0.0000  -37.5000   45.0000 1705.7375   27.8286
    7.5000  -37.5000   45.0000 1695.6450   28.3325
   -7.5000  -30.0000   45.0000 1856.1570   23.4444
    0.0000  -30.0000   45.0000 1865.4995   23.3393
    7.5000  -30.0000   45.0000 1851.7473   23.7885
   -7.5000  -22.5000   45.0000 2008.4108   20.3288
    0.0000  -22.5000   45.0000 2016.5420   20.2329
    7.5000  -22.5000   45.0000 1999.0082   20.5982
   -7.5000  -15.0000   45.0000 2133.6418   18.1530
    0.0000  -15.0000   45.0000 2144.4626   18.0609
    7.5000  -15.0000   45.0000 2122.7595   18.3901
   -7.5000   -7.5000   45.0000 2242.0686   16.6057
    0.0000   -7.5000   45.0000 2259.1960   16.5246
    7.5000   -7.5000   45.0000 2235.7241   16.7838
   -7.5000    0.0000   45.0000 2333.2649   15.4392
    0.0000    0.0000   45.0000 2351.8076   15.3146
    7.5000    0.0000   45.0000 2327.8904   15.5701
   -7.5000    7.5000   45.0000 2401.7100   14.5498
    0.0000    7.5000   45.0000 2419.1914   14.4168
    7.5000    7.5000   45.0000 2398.5364   14.6578
   -7.5000   15.0000   45.0000 2433.9080   13.9624
    0.0000   15.0000   45.0000 2451.8081   13.8383
    7.5000   15.0000   45.0000 2430.7395   14.0652
   -7.5000   22.5000   45.0000 2446.6499   13.6372
    0.0000   22.5000   45.0000 2464.2104   13.5250
    7.5000   22.5000   45.0000 2443.9275   13.7248
   -7.5000   30.0000   45.0000 2438.1194   13.5219
    0.0000   30.0000   45.0000 2450.9983   13.4086
    7.5000   30.0000   45.0000 2436.5015   13.6074
   -7.5000   37.5000   45.0000 2408.1689   13.6622
    0.0000   37.5000   45.0000 2422.4004   13.5432
    7.5000   37.5000   45.0000 2409.1328   13.7390
   -7.5000   45.0000   45.0000 2367.3394   13.9230
    0.0000   45.0000   45.0000 2382.8967   13.7787
    7.5000   45.0000   45.0000 2363.0544   13.9706

---------------------------------------------------------------------
imgreg_4dfp /opt/freesurfer/average/711-2C_as_mni_average_305 /opt/freesurfer/average/711-2B_as_mni_average_305_mask talsrcimg_g11 none talsrcimg_to_711-2C_as_mni_average_305_t4 1283
---------------------------------------------------------------------

freesurfer imgreg_4dfp.c
/opt/freesurfer/average/711-2C_as_mni_average_305.4dfp.img
       256       256       256         1
  1.000000  1.000000  1.000000
orientation T byte_order littleendian
Reading image: /opt/freesurfer/average/711-2C_as_mni_average_305.4dfp.img
dimensions:      256       256       256
mmppix:       1.0000   -1.0000   -1.0000
center:     128.0000 -129.0000 -129.0000
/opt/freesurfer/average/711-2B_as_mni_average_305_mask.4dfp.img
       256       256       256         1
  1.000000  1.000000  1.000000
orientation T byte_order littleendian
Reading mask: /opt/freesurfer/average/711-2B_as_mni_average_305_mask.4dfp.img (2306576 pixels)
talsrcimg_g11.4dfp.img
       256       256       256         1
  1.000000  1.000000  1.000000
orientation T byte_order littleendian
Reading image: talsrcimg_g11.4dfp.img
dimensions:      256       256       256
mmppix:       1.0000   -1.0000   -1.0000
center:     128.0000 -129.0000 -129.0000
rotation matrix determinant  1.000000
fimgreg.f
image alignment mode   1283 decimal      503 hex
parameters
    0.0000   30.0000   -7.5000    0.0000    0.0000    0.0000
eta,q 0.94749  8.94163
niter,ni,del,rscale     5    3   12.0000    1.2000
parameter  4  0.541559 ->  0.500000 qaram    1.1500
parameters
   -1.2472   29.5182   -8.4712   -3.4500   -1.6241   -1.8309
eta,q 0.95109  8.92820
  0.0584  0.0607  0.0580  0.0499  0.0531  0.0523
  0.0540  0.0549  0.0546  0.0501  0.0508  0.0499
  0.0516  0.0512  0.0510  0.0500  0.0496  0.0489
  0.0519  0.0511  0.0507  0.0503  0.0501  0.0495
  0.0551  0.0543  0.0537  0.0524  0.0524  0.0519
  0.0601  0.0583  0.0587  0.0552  0.0553  0.0554
  0.0670  0.0625  0.0649  0.0593  0.0580  0.0589
niter,ni,del,rscale     5    3   12.0000    1.2000
parameters
   -1.1572   30.4169   -9.4300   -6.7454   -1.7125   -1.9982
eta,q 0.95167  8.96081
  0.0625  0.0599  0.0548  0.0485  0.0537  0.0532
  0.0548  0.0548  0.0520  0.0483  0.0510  0.0512
  0.0505  0.0512  0.0492  0.0484  0.0493  0.0493
  0.0489  0.0489  0.0486  0.0485  0.0483  0.0483
  0.0507  0.0491  0.0510  0.0498  0.0490  0.0488
  0.0555  0.0515  0.0551  0.0527  0.0514  0.0511
  0.0608  0.0550  0.0613  0.0563  0.0541  0.0544
niter,ni,del,rscale     4    3   12.0000    1.2000
parameters
   -0.8880   31.8437  -10.3785   -9.3529   -2.2029   -1.7828
eta,q 0.95247  8.95218
  0.0626  0.0590  0.0528  0.0486  0.0519  0.0530
  0.0545  0.0542  0.0505  0.0475  0.0493  0.0502
  0.0498  0.0508  0.0483  0.0475  0.0479  0.0482
  0.0483  0.0484  0.0478  0.0478  0.0476  0.0475
  0.0502  0.0479  0.0490  0.0489  0.0486  0.0479
  0.0543  0.0495  0.0525  0.0512  0.0507  0.0496
  0.0591  0.0524  0.0596  0.0544  0.0533  0.0523
niter,ni,del,rscale     3    3   12.0000    1.2000
parameters
   -0.7291   33.2417  -11.1564  -11.8179   -2.6711   -1.3390
eta,q 0.95307  8.95768
  0.0604  0.0584  0.0531  0.0483  0.0517  0.0527
  0.0530  0.0531  0.0503  0.0466  0.0487  0.0501
  0.0487  0.0492  0.0480  0.0472  0.0472  0.0479
  0.0475  0.0476  0.0474  0.0475  0.0471  0.0470
  0.0490  0.0475  0.0486  0.0482  0.0481  0.0472
  0.0526  0.0486  0.0521  0.0503  0.0501  0.0488
  0.0586  0.0513  0.0586  0.0535  0.0530  0.0515
niter,ni,del,rscale     2    3   12.0000    1.2000
parameters
   -0.6056   34.2755  -12.0618  -13.1701   -3.0019   -1.5164
eta,q 0.95362  8.93983
  0.0597  0.0579  0.0521  0.0497  0.0517  0.0514
  0.0520  0.0518  0.0493  0.0470  0.0483  0.0484
  0.0477  0.0478  0.0477  0.0460  0.0467  0.0467
  0.0469  0.0470  0.0471  0.0473  0.0465  0.0464
  0.0483  0.0471  0.0480  0.0479  0.0477  0.0472
  0.0518  0.0481  0.0515  0.0496  0.0497  0.0490
  0.0581  0.0518  0.0581  0.0525  0.0522  0.0518
niter,ni,del,rscale     1    3   12.0000    1.2000
parameters
   -0.4876   34.7211  -12.3722  -13.4992   -3.0792   -1.6367
eta,q 0.95353  8.93228
  0.0597  0.0564  0.0528  0.0515  0.0521  0.0512
  0.0517  0.0506  0.0494  0.0479  0.0486  0.0484
  0.0471  0.0471  0.0477  0.0461  0.0468  0.0467
  0.0464  0.0464  0.0466  0.0467  0.0465  0.0465
  0.0481  0.0473  0.0469  0.0477  0.0476  0.0471
  0.0518  0.0490  0.0496  0.0491  0.0495  0.0488
  0.0578  0.0534  0.0555  0.0517  0.0517  0.0514
registration optimization eta report
parameter search radius
    6.0000    6.0000    6.0000    6.9000    6.0000    6.0000
100000*second partial in parameter space
       35.       24.       21.       11.       15.       14.
  0.0597  0.0564  0.0528  0.0515  0.0521  0.0512
  0.0517  0.0506  0.0494  0.0479  0.0486  0.0484
  0.0471  0.0471  0.0477  0.0461  0.0468  0.0467
  0.0464  0.0464  0.0466  0.0467  0.0465  0.0465
  0.0481  0.0473  0.0469  0.0477  0.0476  0.0471
  0.0518  0.0490  0.0496  0.0491  0.0495  0.0488
  0.0578  0.0534  0.0555  0.0517  0.0517  0.0514
   -0.4876   34.7211  -12.3722  -13.4992   -3.0792   -1.6367
eta,q 0.95353  8.93228

---------------------------------------------------------------------
imgreg_4dfp /opt/freesurfer/average/711-2C_as_mni_average_305 /opt/freesurfer/average/711-2B_as_mni_average_305_mask talsrcimg_g11 none talsrcimg_to_711-2C_as_mni_average_305_t4 3335
---------------------------------------------------------------------

freesurfer imgreg_4dfp.c
/opt/freesurfer/average/711-2C_as_mni_average_305.4dfp.img
       256       256       256         1
  1.000000  1.000000  1.000000
orientation T byte_order littleendian
Reading image: /opt/freesurfer/average/711-2C_as_mni_average_305.4dfp.img
dimensions:      256       256       256
mmppix:       1.0000   -1.0000   -1.0000
center:     128.0000 -129.0000 -129.0000
/opt/freesurfer/average/711-2B_as_mni_average_305_mask.4dfp.img
       256       256       256         1
  1.000000  1.000000  1.000000
orientation T byte_order littleendian
Reading mask: /opt/freesurfer/average/711-2B_as_mni_average_305_mask.4dfp.img (2306576 pixels)
talsrcimg_g11.4dfp.img
       256       256       256         1
  1.000000  1.000000  1.000000
orientation T byte_order littleendian
Reading image: talsrcimg_g11.4dfp.img
dimensions:      256       256       256
mmppix:       1.0000   -1.0000   -1.0000
center:     128.0000 -129.0000 -129.0000
fimgreg.f
image alignment mode   3335 decimal      D07 hex
parameters
   -0.4876   34.7211  -12.3722   -0.1851   -2.7665   -2.9031
    1.5238    5.8878   -2.8520   23.1845   -5.3716  -23.3095
eta,q 0.95618  8.92422
niter,ni,del,rscale     5    3    5.0000    1.2000
parameter  5  1.177105 ->  0.500000 qaram    1.1500
parameter  6  0.513834 ->  0.500000 qaram    1.1500
parameter  7 -0.627534 -> -0.500000 qaram    1.1500
parameter 11 -0.712881 -> -0.500000 qaram    1.1500
parameter 12 -1.200001 -> -0.500000 qaram    1.1500
parameters
   -0.9035   34.5256  -12.7237   -0.0679   -6.9065   -7.0431
    5.6638    4.7279   -0.0551   21.6922   -1.2316  -19.1695
eta,q 0.96105  8.56120
  0.0452  0.0454  0.0449  0.0451  0.0409  0.0418  0.0430  0.0421  0.0424  0.0412  0.0417  0.0420
  0.0443  0.0444  0.0442  0.0445  0.0415  0.0409  0.0420  0.0409  0.0415  0.0406  0.0410  0.0412
  0.0438  0.0438  0.0438  0.0441  0.0424  0.0408  0.0412  0.0403  0.0407  0.0402  0.0405  0.0404
  0.0438  0.0438  0.0437  0.0437  0.0437  0.0417  0.0407  0.0403  0.0402  0.0400  0.0401  0.0397
  0.0443  0.0441  0.0441  0.0435  0.0454  0.0439  0.0404  0.0409  0.0400  0.0404  0.0398  0.0392
  0.0452  0.0449  0.0448  0.0440  0.0477  0.0469  0.0403  0.0421  0.0401  0.0416  0.0397  0.0389
  0.0466  0.0460  0.0459  0.0455  0.0505  0.0504  0.0405  0.0438  0.0405  0.0436  0.0398  0.0388
niter,ni,del,rscale     7    3    5.0000    1.2000
parameter  3  0.548283 ->  0.500000 qaram    1.1500
parameter  5  0.753273 ->  0.500000 qaram    1.3225
parameters
   -1.1378   33.9705  -14.1037    0.4853  -11.6675   -9.3959
    4.9550    3.6880   -0.5640   19.8471   -2.0721  -15.1418
eta,q 0.96299  8.19081
  0.0405  0.0399  0.0387  0.0394  0.0373  0.0389  0.0389  0.0393  0.0385  0.0379  0.0379  0.0391
  0.0396  0.0391  0.0384  0.0387  0.0374  0.0382  0.0380  0.0380  0.0378  0.0373  0.0374  0.0382
  0.0390  0.0388  0.0384  0.0385  0.0377  0.0375  0.0375  0.0374  0.0374  0.0372  0.0372  0.0376
  0.0389  0.0389  0.0388  0.0384  0.0383  0.0374  0.0374  0.0374  0.0373  0.0373  0.0372  0.0372
  0.0393  0.0394  0.0396  0.0381  0.0394  0.0385  0.0377  0.0380  0.0375  0.0376  0.0374  0.0370
  0.0400  0.0403  0.0407  0.0383  0.0409  0.0408  0.0385  0.0391  0.0381  0.0382  0.0377  0.0370
  0.0413  0.0414  0.0421  0.0394  0.0430  0.0437  0.0395  0.0408  0.0389  0.0394  0.0382  0.0372
niter,ni,del,rscale     7    3    5.0000    1.2000
parameters
   -1.5089   33.9821  -15.0451   -1.9108  -15.0554  -13.1511
    3.4529    3.6851   -1.5436   19.9975    1.1101  -12.8251
eta,q 0.96451  7.71841
  0.0384  0.0387  0.0375  0.0368  0.0373  0.0364  0.0375  0.0385  0.0372  0.0381  0.0374  0.0380
  0.0375  0.0377  0.0369  0.0365  0.0364  0.0362  0.0364  0.0370  0.0363  0.0368  0.0367  0.0369
  0.0370  0.0372  0.0367  0.0366  0.0362  0.0359  0.0359  0.0361  0.0358  0.0360  0.0362  0.0361
  0.0370  0.0370  0.0370  0.0367  0.0366  0.0362  0.0359  0.0358  0.0358  0.0358  0.0358  0.0356
  0.0374  0.0372  0.0375  0.0367  0.0374  0.0375  0.0366  0.0362  0.0363  0.0362  0.0356  0.0355
  0.0383  0.0377  0.0384  0.0372  0.0384  0.0395  0.0377  0.0371  0.0371  0.0369  0.0357  0.0358
  0.0396  0.0386  0.0395  0.0383  0.0399  0.0422  0.0390  0.0385  0.0382  0.0377  0.0360  0.0363
niter,ni,del,rscale     6    3    5.0000    1.2000
parameters
   -1.5566   34.4186  -15.8948   -2.6385  -15.7676  -15.3630
    3.5177    3.4454   -2.2796   20.4044    1.4138  -13.0151
eta,q 0.96495  7.56917
  0.0376  0.0385  0.0361  0.0364  0.0378  0.0363  0.0379  0.0379  0.0367  0.0376  0.0365  0.0367
  0.0364  0.0370  0.0355  0.0353  0.0363  0.0354  0.0364  0.0364  0.0357  0.0363  0.0358  0.0358
  0.0357  0.0360  0.0352  0.0349  0.0353  0.0351  0.0354  0.0354  0.0351  0.0354  0.0353  0.0352
  0.0355  0.0355  0.0354  0.0352  0.0351  0.0350  0.0351  0.0351  0.0351  0.0350  0.0351  0.0350
  0.0358  0.0355  0.0360  0.0357  0.0358  0.0357  0.0354  0.0356  0.0355  0.0354  0.0352  0.0353
  0.0365  0.0360  0.0369  0.0360  0.0371  0.0374  0.0364  0.0367  0.0363  0.0361  0.0356  0.0360
  0.0377  0.0369  0.0381  0.0364  0.0385  0.0397  0.0377  0.0382  0.0374  0.0370  0.0363  0.0368
niter,ni,del,rscale     5    3    5.0000    1.2000
parameters
   -1.5410   34.8663  -16.4044   -2.7477  -15.8696  -16.4106
    3.6980    3.3995   -2.4050   20.9158    1.5062  -13.4969
eta,q 0.96508  7.53259
  0.0374  0.0381  0.0360  0.0367  0.0382  0.0368  0.0378  0.0380  0.0368  0.0375  0.0363  0.0365
  0.0361  0.0366  0.0353  0.0355  0.0366  0.0356  0.0363  0.0364  0.0358  0.0362  0.0356  0.0355
  0.0353  0.0356  0.0349  0.0348  0.0354  0.0350  0.0353  0.0353  0.0351  0.0353  0.0351  0.0350
  0.0350  0.0350  0.0350  0.0349  0.0349  0.0349  0.0349  0.0349  0.0349  0.0349  0.0349  0.0349
  0.0353  0.0351  0.0354  0.0355  0.0354  0.0352  0.0353  0.0354  0.0352  0.0352  0.0351  0.0352
  0.0361  0.0355  0.0361  0.0359  0.0368  0.0363  0.0362  0.0365  0.0359  0.0359  0.0355  0.0359
  0.0373  0.0364  0.0371  0.0363  0.0383  0.0384  0.0375  0.0380  0.0369  0.0368  0.0363  0.0368
niter,ni,del,rscale     4    3    5.0000    1.2000
parameters
   -1.5481   35.1373  -16.6736   -2.8553  -15.9202  -16.9056
    3.7585    3.3920   -2.4279   21.3102    1.5241  -13.7991
eta,q 0.96514  7.51693
  0.0372  0.0376  0.0362  0.0367  0.0382  0.0370  0.0377  0.0380  0.0368  0.0374  0.0362  0.0365
  0.0360  0.0362  0.0354  0.0355  0.0366  0.0357  0.0362  0.0363  0.0357  0.0361  0.0356  0.0355
  0.0352  0.0353  0.0350  0.0348  0.0354  0.0350  0.0352  0.0352  0.0351  0.0352  0.0351  0.0350
  0.0349  0.0349  0.0349  0.0349  0.0349  0.0349  0.0349  0.0349  0.0349  0.0349  0.0349  0.0349
  0.0352  0.0350  0.0352  0.0355  0.0354  0.0350  0.0352  0.0353  0.0351  0.0351  0.0350  0.0352
  0.0360  0.0356  0.0358  0.0359  0.0367  0.0360  0.0362  0.0364  0.0357  0.0359  0.0355  0.0358
  0.0372  0.0366  0.0367  0.0364  0.0383  0.0379  0.0375  0.0379  0.0368  0.0368  0.0363  0.0366
niter,ni,del,rscale     3    3    5.0000    1.2000
parameters
   -1.5489   35.2907  -16.8263   -2.9156  -15.9705  -17.1822
    3.7634    3.4020   -2.4134   21.5557    1.5010  -13.9673
eta,q 0.96516  7.50810
  0.0372  0.0373  0.0362  0.0368  0.0382  0.0371  0.0376  0.0380  0.0367  0.0373  0.0362  0.0365
  0.0359  0.0360  0.0354  0.0355  0.0366  0.0358  0.0361  0.0363  0.0357  0.0360  0.0356  0.0356
  0.0351  0.0352  0.0350  0.0348  0.0354  0.0350  0.0352  0.0352  0.0350  0.0351  0.0351  0.0350
  0.0349  0.0349  0.0349  0.0349  0.0348  0.0348  0.0348  0.0348  0.0348  0.0348  0.0348  0.0348
  0.0351  0.0350  0.0351  0.0354  0.0353  0.0350  0.0352  0.0353  0.0351  0.0351  0.0350  0.0351
  0.0359  0.0357  0.0357  0.0359  0.0367  0.0358  0.0362  0.0364  0.0357  0.0359  0.0355  0.0357
  0.0372  0.0367  0.0366  0.0364  0.0382  0.0376  0.0376  0.0379  0.0367  0.0368  0.0363  0.0366
niter,ni,del,rscale     2    3    5.0000    1.2000
parameters
   -1.5467   35.3773  -16.9161   -2.9364  -16.0113  -17.3361
    3.7530    3.4148   -2.4043   21.6998    1.4795  -14.0611
eta,q 0.96516  7.50354
  0.0372  0.0371  0.0363  0.0368  0.0382  0.0372  0.0376  0.0380  0.0367  0.0372  0.0362  0.0365
  0.0359  0.0359  0.0355  0.0356  0.0366  0.0359  0.0361  0.0363  0.0357  0.0359  0.0356  0.0356
  0.0351  0.0351  0.0350  0.0348  0.0354  0.0350  0.0351  0.0352  0.0350  0.0351  0.0350  0.0350
  0.0348  0.0348  0.0348  0.0348  0.0348  0.0348  0.0348  0.0348  0.0348  0.0348  0.0348  0.0348
  0.0351  0.0351  0.0350  0.0354  0.0353  0.0350  0.0352  0.0353  0.0351  0.0352  0.0350  0.0351
  0.0359  0.0357  0.0356  0.0359  0.0367  0.0358  0.0362  0.0364  0.0357  0.0359  0.0355  0.0357
  0.0372  0.0367  0.0365  0.0364  0.0382  0.0375  0.0376  0.0379  0.0367  0.0369  0.0363  0.0365
niter,ni,del,rscale     1    3    5.0000    1.2000
parameters
   -1.5422   35.4261  -16.9654   -2.9467  -16.0317  -17.4273
    3.7363    3.4261   -2.3897   21.7774    1.4575  -14.1163
eta,q 0.96517  7.50096
  0.0372  0.0370  0.0363  0.0368  0.0382  0.0372  0.0376  0.0380  0.0367  0.0371  0.0362  0.0366
  0.0359  0.0358  0.0355  0.0356  0.0366  0.0359  0.0361  0.0363  0.0357  0.0359  0.0356  0.0356
  0.0351  0.0351  0.0350  0.0348  0.0354  0.0350  0.0351  0.0352  0.0350  0.0351  0.0350  0.0350
  0.0348  0.0348  0.0348  0.0348  0.0348  0.0348  0.0348  0.0348  0.0348  0.0348  0.0348  0.0348
  0.0351  0.0351  0.0350  0.0354  0.0353  0.0350  0.0352  0.0353  0.0351  0.0352  0.0350  0.0351
  0.0359  0.0357  0.0356  0.0359  0.0367  0.0358  0.0362  0.0364  0.0357  0.0360  0.0355  0.0357
  0.0371  0.0368  0.0365  0.0364  0.0382  0.0375  0.0376  0.0379  0.0367  0.0369  0.0363  0.0365
registration optimization eta report
parameter search radius
    2.4000    2.4000    2.7600    7.2000    9.5220    8.2800
    8.2800    7.2000    7.2000    7.2000    8.2800    8.2800
100000*second partial in parameter space
       40.       36.       20.        3.        4.        4.
        4.        6.        4.        4.        2.        2.
  0.0372  0.0370  0.0363  0.0368  0.0382  0.0372  0.0376  0.0380  0.0367  0.0371  0.0362  0.0366
  0.0359  0.0358  0.0355  0.0356  0.0366  0.0359  0.0361  0.0363  0.0357  0.0359  0.0356  0.0356
  0.0351  0.0351  0.0350  0.0348  0.0354  0.0350  0.0351  0.0352  0.0350  0.0351  0.0350  0.0350
  0.0348  0.0348  0.0348  0.0348  0.0348  0.0348  0.0348  0.0348  0.0348  0.0348  0.0348  0.0348
  0.0351  0.0351  0.0350  0.0354  0.0353  0.0350  0.0352  0.0353  0.0351  0.0352  0.0350  0.0351
  0.0359  0.0357  0.0356  0.0359  0.0367  0.0358  0.0362  0.0364  0.0357  0.0360  0.0355  0.0357
  0.0371  0.0368  0.0365  0.0364  0.0382  0.0375  0.0376  0.0379  0.0367  0.0369  0.0363  0.0365
   -1.5422   35.4261  -16.9654   -2.9467  -16.0317  -17.4273
    3.7363    3.4261   -2.3897   21.7774    1.4575  -14.1163
eta,q 0.96517  7.50096

---------------------------------------------------------------------
imgreg_4dfp /opt/freesurfer/average/711-2C_as_mni_average_305 /opt/freesurfer/average/711-2B_as_mni_average_305_mask talsrcimg_g11 none talsrcimg_to_711-2C_as_mni_average_305_t4 2311
---------------------------------------------------------------------

freesurfer imgreg_4dfp.c
/opt/freesurfer/average/711-2C_as_mni_average_305.4dfp.img
       256       256       256         1
  1.000000  1.000000  1.000000
orientation T byte_order littleendian
Reading image: /opt/freesurfer/average/711-2C_as_mni_average_305.4dfp.img
dimensions:      256       256       256
mmppix:       1.0000   -1.0000   -1.0000
center:     128.0000 -129.0000 -129.0000
/opt/freesurfer/average/711-2B_as_mni_average_305_mask.4dfp.img
       256       256       256         1
  1.000000  1.000000  1.000000
orientation T byte_order littleendian
Reading mask: /opt/freesurfer/average/711-2B_as_mni_average_305_mask.4dfp.img (2306576 pixels)
talsrcimg_g11.4dfp.img
       256       256       256         1
  1.000000  1.000000  1.000000
orientation T byte_order littleendian
Reading image: talsrcimg_g11.4dfp.img
dimensions:      256       256       256
mmppix:       1.0000   -1.0000   -1.0000
center:     128.0000 -129.0000 -129.0000
fimgreg.f
image alignment mode   2311 decimal      907 hex
parameters
   -1.5422   35.4261  -16.9654   -2.9467  -16.0317  -17.4273
    3.7363    3.4261   -2.3897   21.7774    1.4575  -14.1163
eta,q 0.96517  7.50096
niter,ni,del,rscale     5    3    5.0000    0.8000
parameters
   -1.5469   35.4262  -16.9762   -3.6943  -15.9091  -17.0678
    3.6413    3.3709   -2.4746   21.6526    1.5645  -14.2874
eta,q 0.96525  7.48299
  0.0359  0.0358  0.0354  0.0356  0.0359  0.0356  0.0358  0.0363  0.0356  0.0358  0.0353  0.0353
  0.0353  0.0352  0.0351  0.0350  0.0353  0.0351  0.0352  0.0354  0.0351  0.0352  0.0350  0.0350
  0.0350  0.0349  0.0349  0.0347  0.0349  0.0348  0.0349  0.0349  0.0348  0.0349  0.0348  0.0348
  0.0348  0.0348  0.0348  0.0348  0.0348  0.0348  0.0348  0.0348  0.0348  0.0348  0.0348  0.0348
  0.0350  0.0349  0.0349  0.0352  0.0348  0.0348  0.0349  0.0350  0.0349  0.0349  0.0348  0.0348
  0.0353  0.0353  0.0351  0.0356  0.0352  0.0349  0.0353  0.0355  0.0352  0.0353  0.0350  0.0351
  0.0359  0.0358  0.0354  0.0359  0.0358  0.0353  0.0358  0.0363  0.0356  0.0359  0.0353  0.0354
niter,ni,del,rscale     4    3    5.0000    0.7000
parameters
   -1.5395   35.4105  -16.9113   -3.9094  -15.8382  -16.9559
    3.6597    3.3357   -2.5515   21.5748    1.5669  -14.3233
eta,q 0.96527  7.47870
  0.0356  0.0354  0.0352  0.0356  0.0356  0.0353  0.0356  0.0359  0.0354  0.0356  0.0352  0.0352
  0.0351  0.0351  0.0350  0.0351  0.0352  0.0349  0.0351  0.0353  0.0350  0.0351  0.0349  0.0349
  0.0349  0.0348  0.0348  0.0348  0.0349  0.0348  0.0348  0.0349  0.0348  0.0348  0.0348  0.0348
  0.0348  0.0348  0.0347  0.0347  0.0347  0.0347  0.0347  0.0347  0.0347  0.0347  0.0347  0.0347
  0.0348  0.0348  0.0348  0.0350  0.0348  0.0347  0.0348  0.0349  0.0348  0.0349  0.0348  0.0348
  0.0351  0.0351  0.0349  0.0353  0.0351  0.0349  0.0351  0.0353  0.0350  0.0352  0.0349  0.0350
  0.0356  0.0355  0.0351  0.0357  0.0356  0.0352  0.0356  0.0360  0.0354  0.0356  0.0352  0.0352
niter,ni,del,rscale     3    3    5.0000    0.6000
parameters
   -1.5399   35.3886  -16.8771   -4.0652  -15.7612  -16.8912
    3.6962    3.3152   -2.5870   21.5062    1.5610  -14.3558
eta,q 0.96528  7.47592
  0.0354  0.0352  0.0350  0.0354  0.0354  0.0351  0.0353  0.0356  0.0352  0.0354  0.0350  0.0351
  0.0350  0.0349  0.0349  0.0350  0.0350  0.0348  0.0350  0.0351  0.0349  0.0350  0.0349  0.0349
  0.0348  0.0348  0.0348  0.0348  0.0348  0.0347  0.0348  0.0348  0.0348  0.0348  0.0348  0.0348
  0.0347  0.0347  0.0347  0.0347  0.0347  0.0347  0.0347  0.0347  0.0347  0.0347  0.0347  0.0347
  0.0348  0.0348  0.0348  0.0349  0.0348  0.0347  0.0348  0.0348  0.0348  0.0348  0.0348  0.0348
  0.0350  0.0350  0.0349  0.0352  0.0350  0.0348  0.0350  0.0352  0.0349  0.0350  0.0349  0.0349
  0.0354  0.0353  0.0350  0.0355  0.0353  0.0351  0.0353  0.0357  0.0352  0.0354  0.0350  0.0351
niter,ni,del,rscale     2    3    5.0000    0.5000
parameters
   -1.5404   35.3748  -16.8573   -4.1698  -15.6958  -16.8095
    3.7181    3.3086   -2.6202   21.4600    1.5604  -14.3691
eta,q 0.96528  7.47607
  0.0352  0.0351  0.0349  0.0352  0.0352  0.0349  0.0352  0.0354  0.0351  0.0352  0.0349  0.0350
  0.0349  0.0349  0.0348  0.0349  0.0349  0.0348  0.0349  0.0350  0.0349  0.0349  0.0348  0.0348
  0.0348  0.0348  0.0347  0.0348  0.0348  0.0347  0.0348  0.0348  0.0348  0.0348  0.0347  0.0347
  0.0347  0.0347  0.0347  0.0347  0.0347  0.0347  0.0347  0.0347  0.0347  0.0347  0.0347  0.0347
  0.0348  0.0348  0.0347  0.0348  0.0348  0.0347  0.0348  0.0348  0.0348  0.0348  0.0347  0.0348
  0.0349  0.0349  0.0348  0.0350  0.0349  0.0348  0.0349  0.0350  0.0349  0.0349  0.0348  0.0348
  0.0352  0.0351  0.0349  0.0353  0.0352  0.0349  0.0351  0.0354  0.0351  0.0352  0.0349  0.0350
niter,ni,del,rscale     1    3    5.0000    0.4000
parameters
   -1.5409   35.3615  -16.8401   -4.2531  -15.6478  -16.7506
    3.7365    3.2970   -2.6389   21.4228    1.5411  -14.3827
eta,q 0.96528  7.47585
  0.0350  0.0349  0.0349  0.0351  0.0350  0.0348  0.0350  0.0351  0.0349  0.0350  0.0349  0.0349
  0.0348  0.0348  0.0348  0.0349  0.0349  0.0348  0.0348  0.0349  0.0348  0.0348  0.0348  0.0348
  0.0347  0.0347  0.0347  0.0347  0.0348  0.0347  0.0348  0.0348  0.0347  0.0347  0.0347  0.0347
  0.0347  0.0347  0.0347  0.0347  0.0347  0.0347  0.0347  0.0347  0.0347  0.0347  0.0347  0.0347
  0.0348  0.0347  0.0347  0.0348  0.0347  0.0347  0.0347  0.0348  0.0347  0.0348  0.0347  0.0347
  0.0349  0.0348  0.0348  0.0349  0.0348  0.0347  0.0348  0.0349  0.0348  0.0349  0.0348  0.0348
  0.0350  0.0350  0.0348  0.0351  0.0350  0.0348  0.0350  0.0351  0.0349  0.0350  0.0349  0.0349
registration optimization eta report
parameter search radius
    0.8000    0.8000    0.8000    2.4000    2.4000    2.4000
    2.4000    2.4000    2.4000    2.4000    2.4000    2.4000
100000*second partial in parameter space
       45.       37.       21.        6.        5.        2.
        5.        7.        4.        5.        2.        3.
  0.0350  0.0349  0.0349  0.0351  0.0350  0.0348  0.0350  0.0351  0.0349  0.0350  0.0349  0.0349
  0.0348  0.0348  0.0348  0.0349  0.0349  0.0348  0.0348  0.0349  0.0348  0.0348  0.0348  0.0348
  0.0347  0.0347  0.0347  0.0347  0.0348  0.0347  0.0348  0.0348  0.0347  0.0347  0.0347  0.0347
  0.0347  0.0347  0.0347  0.0347  0.0347  0.0347  0.0347  0.0347  0.0347  0.0347  0.0347  0.0347
  0.0348  0.0347  0.0347  0.0348  0.0347  0.0347  0.0347  0.0348  0.0347  0.0348  0.0347  0.0347
  0.0349  0.0348  0.0348  0.0349  0.0348  0.0347  0.0348  0.0349  0.0348  0.0349  0.0348  0.0348
  0.0350  0.0350  0.0348  0.0351  0.0350  0.0348  0.0350  0.0351  0.0349  0.0350  0.0349  0.0349
   -1.5409   35.3615  -16.8401   -4.2531  -15.6478  -16.7506
    3.7365    3.2970   -2.6389   21.4228    1.5411  -14.3827
eta,q 0.96528  7.47585

---------------------------------------------------------------------
imgreg_4dfp /opt/freesurfer/average/711-2C_as_mni_average_305 /opt/freesurfer/average/711-2B_as_mni_average_305_mask talsrcimg_g11 none talsrcimg_to_711-2C_as_mni_average_305_t4 2311
---------------------------------------------------------------------

freesurfer imgreg_4dfp.c
/opt/freesurfer/average/711-2C_as_mni_average_305.4dfp.img
       256       256       256         1
  1.000000  1.000000  1.000000
orientation T byte_order littleendian
Reading image: /opt/freesurfer/average/711-2C_as_mni_average_305.4dfp.img
dimensions:      256       256       256
mmppix:       1.0000   -1.0000   -1.0000
center:     128.0000 -129.0000 -129.0000
/opt/freesurfer/average/711-2B_as_mni_average_305_mask.4dfp.img
       256       256       256         1
  1.000000  1.000000  1.000000
orientation T byte_order littleendian
Reading mask: /opt/freesurfer/average/711-2B_as_mni_average_305_mask.4dfp.img (2306576 pixels)
talsrcimg_g11.4dfp.img
       256       256       256         1
  1.000000  1.000000  1.000000
orientation T byte_order littleendian
Reading image: talsrcimg_g11.4dfp.img
dimensions:      256       256       256
mmppix:       1.0000   -1.0000   -1.0000
center:     128.0000 -129.0000 -129.0000
fimgreg.f
image alignment mode   2311 decimal      907 hex
parameters
   -1.5409   35.3615  -16.8401   -4.2531  -15.6478  -16.7506
    3.7365    3.2970   -2.6389   21.4227    1.5411  -14.3827
eta,q 0.96528  7.47585
niter,ni,del,rscale     5    3    5.0000    0.8000
parameters
   -1.5477   35.3709  -16.8230   -3.9430  -15.8200  -16.8382
    3.7206    3.3375   -2.5722   21.5293    1.5601  -14.2795
eta,q 0.96527  7.48069
  0.0358  0.0357  0.0353  0.0361  0.0357  0.0354  0.0358  0.0363  0.0356  0.0359  0.0353  0.0354
  0.0352  0.0351  0.0350  0.0354  0.0352  0.0349  0.0352  0.0355  0.0351  0.0353  0.0350  0.0350
  0.0348  0.0348  0.0348  0.0349  0.0349  0.0347  0.0349  0.0349  0.0348  0.0349  0.0348  0.0348
  0.0347  0.0347  0.0347  0.0347  0.0347  0.0347  0.0347  0.0347  0.0347  0.0347  0.0347  0.0347
  0.0348  0.0348  0.0348  0.0349  0.0349  0.0348  0.0349  0.0349  0.0348  0.0349  0.0348  0.0348
  0.0352  0.0351  0.0349  0.0353  0.0353  0.0350  0.0352  0.0355  0.0351  0.0352  0.0350  0.0350
  0.0359  0.0356  0.0352  0.0357  0.0359  0.0355  0.0358  0.0363  0.0356  0.0358  0.0353  0.0353
niter,ni,del,rscale     4    3    5.0000    0.7000
parameters
   -1.5464   35.3699  -16.8570   -3.9690  -15.8090  -16.8728
    3.6946    3.3227   -2.5631   21.5071    1.5728  -14.3065
eta,q 0.96527  7.47857
  0.0356  0.0355  0.0351  0.0357  0.0356  0.0352  0.0355  0.0360  0.0354  0.0356  0.0352  0.0352
  0.0351  0.0350  0.0349  0.0351  0.0351  0.0349  0.0351  0.0353  0.0350  0.0351  0.0349  0.0349
  0.0348  0.0348  0.0348  0.0348  0.0348  0.0347  0.0348  0.0349  0.0348  0.0348  0.0348  0.0348
  0.0347  0.0347  0.0347  0.0347  0.0347  0.0347  0.0347  0.0347  0.0347  0.0347  0.0347  0.0347
  0.0348  0.0348  0.0348  0.0349  0.0348  0.0347  0.0348  0.0349  0.0348  0.0348  0.0348  0.0348
  0.0351  0.0351  0.0349  0.0353  0.0351  0.0349  0.0351  0.0353  0.0350  0.0352  0.0349  0.0350
  0.0356  0.0354  0.0352  0.0356  0.0356  0.0352  0.0356  0.0360  0.0354  0.0356  0.0352  0.0352
niter,ni,del,rscale     3    3    5.0000    0.6000
parameters
   -1.5446   35.3720  -16.8569   -4.0747  -15.7478  -16.8378
    3.6990    3.3100   -2.5971   21.4789    1.5678  -14.3451
eta,q 0.96528  7.47732
  0.0354  0.0353  0.0350  0.0355  0.0354  0.0351  0.0353  0.0356  0.0352  0.0354  0.0350  0.0351
  0.0350  0.0350  0.0349  0.0350  0.0350  0.0348  0.0350  0.0351  0.0349  0.0350  0.0349  0.0349
  0.0348  0.0348  0.0348  0.0348  0.0348  0.0347  0.0348  0.0348  0.0348  0.0348  0.0348  0.0348
  0.0347  0.0347  0.0347  0.0347  0.0347  0.0347  0.0347  0.0347  0.0347  0.0347  0.0347  0.0347
  0.0348  0.0348  0.0348  0.0349  0.0348  0.0347  0.0348  0.0348  0.0348  0.0348  0.0348  0.0348
  0.0350  0.0350  0.0349  0.0351  0.0350  0.0348  0.0350  0.0352  0.0349  0.0350  0.0349  0.0349
  0.0354  0.0352  0.0350  0.0355  0.0353  0.0351  0.0353  0.0356  0.0352  0.0354  0.0350  0.0351
niter,ni,del,rscale     2    3    5.0000    0.5000
parameters
   -1.5437   35.3623  -16.8422   -4.1758  -15.7000  -16.7880
    3.7243    3.3013   -2.6237   21.4460    1.5620  -14.3559
eta,q 0.96528  7.47602
  0.0352  0.0351  0.0349  0.0352  0.0352  0.0349  0.0352  0.0354  0.0350  0.0352  0.0349  0.0350
  0.0349  0.0349  0.0348  0.0349  0.0349  0.0348  0.0349  0.0350  0.0349  0.0349  0.0348  0.0348
  0.0348  0.0348  0.0347  0.0348  0.0348  0.0347  0.0348  0.0348  0.0348  0.0348  0.0347  0.0347
  0.0347  0.0347  0.0347  0.0347  0.0347  0.0347  0.0347  0.0347  0.0347  0.0347  0.0347  0.0347
  0.0348  0.0348  0.0347  0.0348  0.0348  0.0347  0.0348  0.0348  0.0348  0.0348  0.0347  0.0348
  0.0349  0.0349  0.0348  0.0350  0.0349  0.0348  0.0349  0.0350  0.0349  0.0349  0.0348  0.0348
  0.0352  0.0351  0.0349  0.0353  0.0352  0.0349  0.0351  0.0354  0.0351  0.0352  0.0349  0.0350
niter,ni,del,rscale     1    3    5.0000    0.4000
parameters
   -1.5453   35.3539  -16.8318   -4.2509  -15.6476  -16.7485
    3.7378    3.2877   -2.6264   21.4047    1.5681  -14.3711
eta,q 0.96528  7.47555
  0.0350  0.0350  0.0349  0.0351  0.0350  0.0348  0.0350  0.0351  0.0349  0.0350  0.0349  0.0349
  0.0348  0.0348  0.0348  0.0349  0.0349  0.0347  0.0348  0.0349  0.0348  0.0348  0.0348  0.0348
  0.0347  0.0347  0.0347  0.0347  0.0348  0.0347  0.0347  0.0348  0.0347  0.0348  0.0347  0.0347
  0.0347  0.0347  0.0347  0.0347  0.0347  0.0347  0.0347  0.0347  0.0347  0.0347  0.0347  0.0347
  0.0347  0.0347  0.0347  0.0348  0.0347  0.0347  0.0347  0.0348  0.0347  0.0348  0.0347  0.0347
  0.0348  0.0348  0.0348  0.0349  0.0348  0.0347  0.0348  0.0349  0.0348  0.0349  0.0348  0.0348
  0.0350  0.0350  0.0348  0.0351  0.0350  0.0348  0.0350  0.0351  0.0349  0.0350  0.0349  0.0349
registration optimization eta report
parameter search radius
    0.8000    0.8000    0.8000    2.4000    2.4000    2.4000
    2.4000    2.4000    2.4000    2.4000    2.4000    2.4000
100000*second partial in parameter space
       45.       37.       21.        6.        5.        2.
        5.        7.        4.        5.        3.        3.
  0.0350  0.0350  0.0349  0.0351  0.0350  0.0348  0.0350  0.0351  0.0349  0.0350  0.0349  0.0349
  0.0348  0.0348  0.0348  0.0349  0.0349  0.0347  0.0348  0.0349  0.0348  0.0348  0.0348  0.0348
  0.0347  0.0347  0.0347  0.0347  0.0348  0.0347  0.0347  0.0348  0.0347  0.0348  0.0347  0.0347
  0.0347  0.0347  0.0347  0.0347  0.0347  0.0347  0.0347  0.0347  0.0347  0.0347  0.0347  0.0347
  0.0347  0.0347  0.0347  0.0348  0.0347  0.0347  0.0347  0.0348  0.0347  0.0348  0.0347  0.0347
  0.0348  0.0348  0.0348  0.0349  0.0348  0.0347  0.0348  0.0349  0.0348  0.0349  0.0348  0.0348
  0.0350  0.0350  0.0348  0.0351  0.0350  0.0348  0.0350  0.0351  0.0349  0.0350  0.0349  0.0349
   -1.5453   35.3539  -16.8318   -4.2509  -15.6476  -16.7485
    3.7378    3.2877   -2.6264   21.4047    1.5681  -14.3711
eta,q 0.96528  7.47555

---------------------------------------------------------------------
compute_vox2vox talsrcimg talsrcimg_to_711-2C_as_mni_average_305_t4 /opt/freesurfer/average/711-2C_as_mni_average_305
---------------------------------------------------------------------

freesurfer compute_vox2vox.c
Reading: talsrcimg.4dfp.ifh
Reading: talsrcimg_to_711-2C_as_mni_average_305_t4
Reading: /opt/freesurfer/average/711-2C_as_mni_average_305.4dfp.ifh
Writing: talsrcimg_to_711-2C_as_mni_average_305_t4_vox2vox.txt

start time Thu Mar 12 16:46:31 CET 2026
end		time Thu Mar 12 16:47:56 CET 2026

mpr2mni305 success

avi2talxfm orig_nu.mgz /opt/freesurfer/average/mni305.cor.mgz talsrcimg_to_711-2C_as_mni_average_305_t4_vox2vox.txt transforms/talairach.auto.xfm
avi2talxfm done
mv -f /out/sourcedata/freesurfer/sub-v1s2x0051456_ses-1/mri/talsrcimg_to_711-2C_as_mni_average_305_t4_vox2vox.txt /out/sourcedata/freesurfer/sub-v1s2x0051456_ses-1/mri/transforms/talsrcimg_to_711-2C_as_mni_average_305_t4_vox2vox.txt
lta_convert --src orig_nu.mgz --trg /opt/freesurfer/average/mni305.cor.mgz --inxfm transforms/talairach.auto.xfm --outlta transforms/talairach.auto.xfm.lta --subject fsaverage
7.3.2

--src: orig_nu.mgz src image (geometry).
--trg: /opt/freesurfer/average/mni305.cor.mgz trg image (geometry).
--inmni: transforms/talairach.auto.xfm input MNI/XFM transform.
--outlta: transforms/talairach.auto.xfm.lta output LTA.
--s: fsaverage subject name
 LTA read, type : 1
 1.04346  -0.02809  -0.05102   1.95062;
-0.01346   1.15113   0.19671  -66.44896;
 0.03590  -0.29298   1.13400  -0.70963;
 0.00000   0.00000   0.00000   1.00000;
setting subject to fsaverage
Writing  LTA to file transforms/talairach.auto.xfm.lta...
lta_convert successful.
 
 
Started at Thu Mar 12 16:46:30 CET 2026
Ended   at Thu Mar 12 16:47:57 CET 2026
talairach_avi done
