/out/sourcedata/freesurfer/sub-v1s2x0051481_ses-1/mri
/opt/freesurfer/bin/talairach_avi
--i orig_nu.mgz --xfm transforms/talairach.auto.xfm
talairach_avi 7.3.2
Linux dna062 5.14.0-427.37.1.el9_4.x86_64 #1 SMP PREEMPT_DYNAMIC Fri Sep 13 12:41:50 EDT 2024 x86_64 x86_64 x86_64 GNU/Linux
Mon Mar  9 22:29:04 CET 2026
mri_convert orig_nu.mgz talsrcimg.img 
reading from orig_nu.mgz...
TR=0.00, TE=0.00, TI=0.00, flip angle=0.00
i_ras = (-1, 0, 0)
j_ras = (0, 0, -1)
k_ras = (0, 1, 0)
writing to talsrcimg.img...
Analyze Output Matrix
-1.00000   0.00000   0.00000   127.46610;
 0.00000   0.00000   1.00000  -65.62712;
 0.00000  -1.00000   0.00000   93.38983;
 0.00000   0.00000   0.00000   1.00000;
--------------------
INFO: set hdr.hist.orient to -1
mpr2mni305 talsrcimg
Mon Mar  9 22:29:05 CET 2026
/opt/freesurfer/bin/mpr2mni305 talsrcimg
mpr2mni305 7.3.2
target=711-2C_as_mni_average_305

---------------------------------------------------------------------
analyzeto4dfp talsrcimg -O0 -y
---------------------------------------------------------------------

freesurfer ifh2hdr.c
Mon Mar  9 22:29:05 2026
Writing: talsrcimg.4dfp.hdr
freesurfer analyzeto4dfp.c
Reading: talsrcimg.hdr
header size 348 bytes
hdr.dime.datatype	offset=70	value=2
hdr.dime.bitpix		offset=72	value=8
hdr.hist.orient		offset=252	value=-1
dimensionality     4
dimensions       256       256       256         1
Reading: talsrcimg.img
Writing: talsrcimg.4dfp.img
Writing: talsrcimg.4dfp.ifh
ifh2hdr talsrcimg -r0to255
ori=2

---------------------------------------------------------------------
gauss_4dfp talsrcimg 1.1
---------------------------------------------------------------------

freesurfer gauss_4dfp.c
Reading: talsrcimg.4dfp.img
Writing: talsrcimg_g11.4dfp.img
image dimensions 256 256 256 padded to 288 288 288
processing volume 1freesurfer ifh2hdr.c
Mon Mar  9 22:29:07 2026
Writing: talsrcimg_g11.4dfp.hdr

Writing: talsrcimg_g11.4dfp.ifh
including: talsrcimg.4dfp.img.rec in talsrcimg_g11.4dfp.img.rec

---------------------------------------------------------------------
imgreg_4dfp /opt/freesurfer/average/711-2C_as_mni_average_305 none talsrcimg_g11 none talsrcimg_to_711-2C_as_mni_average_305_t4 4355
---------------------------------------------------------------------

freesurfer imgreg_4dfp.c
/opt/freesurfer/average/711-2C_as_mni_average_305.4dfp.img
       256       256       256         1
  1.000000  1.000000  1.000000
orientation T byte_order littleendian
Reading image: /opt/freesurfer/average/711-2C_as_mni_average_305.4dfp.img
dimensions:      256       256       256
mmppix:       1.0000   -1.0000   -1.0000
center:     128.0000 -129.0000 -129.0000
talsrcimg_g11.4dfp.img
       256       256       256         1
  1.000000  1.000000  1.000000
orientation T byte_order littleendian
Reading image: talsrcimg_g11.4dfp.img
dimensions:      256       256       256
mmppix:       1.0000   -1.0000   -1.0000
center:     128.0000 -129.0000 -129.0000
t4_read: open error in t4_sub.f l:  41 t4_file(1:l)talsrcimg_to_711-2C_as_mni_average_305_t4 
t4_read: transform initialized to I4
rotation matrix determinant  1.000000
image alignment mode   4355 decimal     1103 hex
   -7.5000  -45.0000  -45.0000 6895.5815   12.6713
    0.0000  -45.0000  -45.0000 7209.0542   12.6933
    7.5000  -45.0000  -45.0000 6889.7891   12.7019
   -7.5000  -37.5000  -45.0000 7545.9790   12.3774
    0.0000  -37.5000  -45.0000 7882.1606   12.4012
    7.5000  -37.5000  -45.0000 7512.3057   12.4081
   -7.5000  -30.0000  -45.0000 8534.4004   12.1913
    0.0000  -30.0000  -45.0000 8909.8555   12.2147
    7.5000  -30.0000  -45.0000 8483.9746   12.2227
   -7.5000  -22.5000  -45.0000 9571.4600   12.0434
    0.0000  -22.5000  -45.0000 9977.3809   12.0643
    7.5000  -22.5000  -45.0000 9510.8047   12.0746
   -7.5000  -15.0000  -45.000010553.4883   12.0027
    0.0000  -15.0000  -45.000011026.1123   12.0216
    7.5000  -15.0000  -45.000010513.2979   12.0318
   -7.5000   -7.5000  -45.000011553.7422   11.9798
    0.0000   -7.5000  -45.000012080.7227   11.9993
    7.5000   -7.5000  -45.000011518.8184   12.0070
   -7.5000    0.0000  -45.000012485.0459   11.9767
    0.0000    0.0000  -45.000013055.4297   11.9989
    7.5000    0.0000  -45.000012436.6436   12.0050
   -7.5000    7.5000  -45.000012436.5762   11.9816
    0.0000    7.5000  -45.000012998.3057   12.0054
    7.5000    7.5000  -45.000012398.8379   12.0113
   -7.5000   15.0000  -45.000012284.6465   11.9835
    0.0000   15.0000  -45.000012789.0713   12.0068
    7.5000   15.0000  -45.000012231.8271   12.0145
   -7.5000   22.5000  -45.000011920.7744   11.9779
    0.0000   22.5000  -45.000012431.7070   11.9993
    7.5000   22.5000  -45.000011873.8369   12.0095
   -7.5000   30.0000  -45.000011426.9463   11.8171
    0.0000   30.0000  -45.000011901.6826   11.8359
    7.5000   30.0000  -45.000011343.8037   11.8459
   -7.5000   37.5000  -45.000011307.2344   11.8152
    0.0000   37.5000  -45.000011781.7598   11.8345
    7.5000   37.5000  -45.000011235.3418   11.8421
   -7.5000   45.0000  -45.000010777.5938   11.5171
    0.0000   45.0000  -45.000011239.0283   11.5384
    7.5000   45.0000  -45.000010683.3887   11.5443
   -7.5000  -45.0000  -37.5000 7148.6445   12.6919
    0.0000  -45.0000  -37.5000 7487.6929   12.7094
    7.5000  -45.0000  -37.5000 7145.2573   12.7189
   -7.5000  -37.5000  -37.5000 7844.5352   12.4031
    0.0000  -37.5000  -37.5000 8209.3916   12.4220
    7.5000  -37.5000  -37.5000 7817.4902   12.4288
   -7.5000  -30.0000  -37.5000 8899.8174   12.2182
    0.0000  -30.0000  -37.5000 9305.2598   12.2368
    7.5000  -30.0000  -37.5000 8860.8955   12.2444
   -7.5000  -22.5000  -37.5000 9997.4766   12.0662
    0.0000  -22.5000  -37.500010448.0762   12.0832
    7.5000  -22.5000  -37.5000 9946.6572   12.0935
   -7.5000  -15.0000  -37.500011046.1475   12.0202
    0.0000  -15.0000  -37.500011537.0938   12.0363
    7.5000  -15.0000  -37.500010998.9014   12.0473
   -7.5000   -7.5000  -37.500012061.8018   11.9948
    0.0000   -7.5000  -37.500012612.4463   12.0113
    7.5000   -7.5000  -37.500012018.5566   12.0203
   -7.5000    0.0000  -37.500013015.4424   11.9945
    0.0000    0.0000  -37.500013612.1680   12.0127
    7.5000    0.0000  -37.500012979.6533   12.0195
   -7.5000    7.5000  -37.500012970.9922   12.0050
    0.0000    7.5000  -37.500013556.0918   12.0242
    7.5000    7.5000  -37.500012929.1982   12.0299
   -7.5000   15.0000  -37.500012802.9551   12.0093
    0.0000   15.0000  -37.500013337.8350   12.0281
    7.5000   15.0000  -37.500012742.3906   12.0353
   -7.5000   22.5000  -37.500012396.0029   12.0004
    0.0000   22.5000  -37.500012925.4668   12.0178
    7.5000   22.5000  -37.500012324.7969   12.0281
   -7.5000   30.0000  -37.500011865.7314   11.8340
    0.0000   30.0000  -37.500012353.8535   11.8500
    7.5000   30.0000  -37.500011793.2256   11.8609
   -7.5000   37.5000  -37.500011750.2822   11.8300
    0.0000   37.5000  -37.500012238.0098   11.8463
    7.5000   37.5000  -37.500011679.4844   11.8552
   -7.5000   45.0000  -37.500011190.7109   11.5341
    0.0000   45.0000  -37.500011659.1777   11.5517
    7.5000   45.0000  -37.500011106.7168   11.5582
   -7.5000  -45.0000  -30.0000 7548.9150   13.2177
    0.0000  -45.0000  -30.0000 7890.3906   13.2403
    7.5000  -45.0000  -30.0000 7529.0557   13.2482
   -7.5000  -37.5000  -30.0000 8302.4932   12.9176
    0.0000  -37.5000  -30.0000 8683.3916   12.9410
    7.5000  -37.5000  -30.0000 8257.5059   12.9468
   -7.5000  -30.0000  -30.0000 9420.1982   12.7249
    0.0000  -30.0000  -30.0000 9846.7646   12.7468
    7.5000  -30.0000  -30.0000 9372.2197   12.7550
   -7.5000  -22.5000  -30.000010583.0996   12.5657
    0.0000  -22.5000  -30.000011065.3535   12.5855
    7.5000  -22.5000  -30.000010523.9932   12.5967
   -7.5000  -15.0000  -30.000011695.3613   12.5180
    0.0000  -15.0000  -30.000012215.6963   12.5371
    7.5000  -15.0000  -30.000011640.7803   12.5485
   -7.5000   -7.5000  -30.000012757.3623   12.4913
    0.0000   -7.5000  -30.000013325.1348   12.5121
    7.5000   -7.5000  -30.000012703.9814   12.5203
   -7.5000    0.0000  -30.000013778.1152   12.4911
    0.0000    0.0000  -30.000014397.1562   12.5143
    7.5000    0.0000  -30.000013722.2783   12.5197
   -7.5000    7.5000  -30.000013720.9717   12.5027
    0.0000    7.5000  -30.000014343.8604   12.5265
    7.5000    7.5000  -30.000013660.4443   12.5315
   -7.5000   15.0000  -30.000013503.4150   12.5072
    0.0000   15.0000  -30.000014083.4883   12.5294
    7.5000   15.0000  -30.000013413.8398   12.5371
   -7.5000   22.5000  -30.000013072.1553   12.4959
    0.0000   22.5000  -30.000013638.5771   12.5161
    7.5000   22.5000  -30.000012988.9277   12.5273
   -7.5000   30.0000  -30.000012517.6934   12.3250
    0.0000   30.0000  -30.000013061.1523   12.3441
    7.5000   30.0000  -30.000012450.4131   12.3553
   -7.5000   37.5000  -30.000012373.7334   12.3208
    0.0000   37.5000  -30.000012921.8750   12.3413
    7.5000   37.5000  -30.000012313.3203   12.3495
   -7.5000   45.0000  -30.000011763.1963   12.0205
    0.0000   45.0000  -30.000012260.8799   12.0428
    7.5000   45.0000  -30.000011679.5781   12.0481
   -7.5000  -45.0000  -22.5000 7925.6694   13.6594
    0.0000  -45.0000  -22.5000 8290.2812   13.6912
    7.5000  -45.0000  -22.5000 7887.8257   13.6954
   -7.5000  -37.5000  -22.5000 8726.3770   13.3441
    0.0000  -37.5000  -22.5000 9123.6865   13.3768
    7.5000  -37.5000  -22.5000 8681.5146   13.3814
   -7.5000  -30.0000  -22.5000 9905.8525   13.1425
    0.0000  -30.0000  -22.500010347.7910   13.1721
    7.5000  -30.0000  -22.5000 9865.4531   13.1808
   -7.5000  -22.5000  -22.500011125.7051   12.9803
    0.0000  -22.5000  -22.500011618.4697   13.0056
    7.5000  -22.5000  -22.500011078.0391   13.0167
   -7.5000  -15.0000  -22.500012305.3838   12.9365
    0.0000  -15.0000  -22.500012845.8799   12.9603
    7.5000  -15.0000  -22.500012255.8389   12.9694
   -7.5000   -7.5000  -22.500013415.5342   12.9120
    0.0000   -7.5000  -22.500014006.4385   12.9388
    7.5000   -7.5000  -22.500013357.6953   12.9435
   -7.5000    0.0000  -22.500014494.0488   12.9096
    0.0000    0.0000  -22.500015156.4424   12.9413
    7.5000    0.0000  -22.500014432.3096   12.9437
   -7.5000    7.5000  -22.500014443.4209   12.9165
    0.0000    7.5000  -22.500015127.5791   12.9493
    7.5000    7.5000  -22.500014387.0264   12.9533
   -7.5000   15.0000  -22.500014162.9316   12.9179
    0.0000   15.0000  -22.500014801.3613   12.9477
    7.5000   15.0000  -22.500014102.8350   12.9560
   -7.5000   22.5000  -22.500013703.9502   12.9076
    0.0000   22.5000  -22.500014303.0381   12.9334
    7.5000   22.5000  -22.500013632.7617   12.9444
   -7.5000   30.0000  -22.500013143.4639   12.7392
    0.0000   30.0000  -22.500013726.7051   12.7628
    7.5000   30.0000  -22.500013071.0498   12.7718
   -7.5000   37.5000  -22.500012959.0850   12.7376
    0.0000   37.5000  -22.500013575.6738   12.7641
    7.5000   37.5000  -22.500012906.6895   12.7688
   -7.5000   45.0000  -22.500012260.7285   12.4325
    0.0000   45.0000  -22.500012828.2158   12.4631
    7.5000   45.0000  -22.500012197.5762   12.4654
   -7.5000  -45.0000  -15.0000 8267.9180   13.9779
    0.0000  -45.0000  -15.0000 8648.6406   14.0160
    7.5000  -45.0000  -15.0000 8234.5479   14.0189
   -7.5000  -37.5000  -15.0000 9112.2217   13.6496
    0.0000  -37.5000  -15.0000 9523.6621   13.6890
    7.5000  -37.5000  -15.0000 9069.9551   13.6935
   -7.5000  -30.0000  -15.000010355.9453   13.4412
    0.0000  -30.0000  -15.000010826.8506   13.4770
    7.5000  -30.0000  -15.000010311.5186   13.4855
   -7.5000  -22.5000  -15.000011647.4180   13.2785
    0.0000  -22.5000  -15.000012167.1846   13.3084
    7.5000  -22.5000  -15.000011596.4258   13.3185
   -7.5000  -15.0000  -15.000012908.5762   13.2390
    0.0000  -15.0000  -15.000013465.4121   13.2658
    7.5000  -15.0000  -15.000012852.3193   13.2731
   -7.5000   -7.5000  -15.000014046.8936   13.2166
    0.0000   -7.5000  -15.000014660.9395   13.2472
    7.5000   -7.5000  -15.000013979.5166   13.2500
   -7.5000    0.0000  -15.000015119.6465   13.2120
    0.0000    0.0000  -15.000015803.3408   13.2492
    7.5000    0.0000  -15.000015040.9971   13.2507
   -7.5000    7.5000  -15.000015094.7480   13.2135
    0.0000    7.5000  -15.000015832.3613   13.2527
    7.5000    7.5000  -15.000015025.3555   13.2566
   -7.5000   15.0000  -15.000014852.3398   13.2119
    0.0000   15.0000  -15.000015529.2490   13.2477
    7.5000   15.0000  -15.000014786.9658   13.2560
   -7.5000   22.5000  -15.000014327.8125   13.2039
    0.0000   22.5000  -15.000014952.2920   13.2341
    7.5000   22.5000  -15.000014275.6172   13.2442
   -7.5000   30.0000  -15.000013726.8838   13.0392
    0.0000   30.0000  -15.000014341.0938   13.0659
    7.5000   30.0000  -15.000013680.9609   13.0730
   -7.5000   37.5000  -15.000013526.5664   13.0399
    0.0000   37.5000  -15.000014187.8750   13.0702
    7.5000   37.5000  -15.000013497.0117   13.0730
   -7.5000   45.0000  -15.000012790.3486   12.7315
    0.0000   45.0000  -15.000013410.9668   12.7674
    7.5000   45.0000  -15.000012713.9121   12.7687
   -7.5000  -45.0000   -7.5000 8616.4307   14.1399
    0.0000  -45.0000   -7.5000 9002.1191   14.1745
    7.5000  -45.0000   -7.5000 8582.2627   14.1805
   -7.5000  -37.5000   -7.5000 9489.9033   13.8071
    0.0000  -37.5000   -7.5000 9924.3623   13.8436
    7.5000  -37.5000   -7.5000 9445.6855   13.8498
   -7.5000  -30.0000   -7.500010791.2402   13.5973
    0.0000  -30.0000   -7.500011281.7793   13.6315
    7.5000  -30.0000   -7.500010743.3027   13.6403
   -7.5000  -22.5000   -7.500012174.2949   13.4346
    0.0000  -22.5000   -7.500012714.2959   13.4641
    7.5000  -22.5000   -7.500012117.7109   13.4748
   -7.5000  -15.0000   -7.500013522.0479   13.3945
    0.0000  -15.0000   -7.500014116.0303   13.4207
    7.5000  -15.0000   -7.500013450.8535   13.4298
   -7.5000   -7.5000   -7.500014671.0166   13.3712
    0.0000   -7.5000   -7.500015317.7236   13.3997
    7.5000   -7.5000   -7.500014628.1709   13.4052
   -7.5000    0.0000   -7.500015676.4023   13.3657
    0.0000    0.0000   -7.500016344.3389   13.3996
    7.5000    0.0000   -7.500015636.9727   13.4035
   -7.5000    7.5000   -7.500015660.3066   13.3665
    0.0000    7.5000   -7.500016337.4336   13.4026
    7.5000    7.5000   -7.500015604.2080   13.4079
   -7.5000   15.0000   -7.500015534.4434   13.3656
    0.0000   15.0000   -7.500016342.0830   13.3998
    7.5000   15.0000   -7.500015489.9590   13.4083
   -7.5000   22.5000   -7.500015109.8701   13.3576
    0.0000   22.5000   -7.500015885.1670   13.3874
    7.5000   22.5000   -7.500015073.6094   13.3981
   -7.5000   30.0000   -7.500014480.5957   13.1921
    0.0000   30.0000   -7.500015164.1562   13.2183
    7.5000   30.0000   -7.500014405.3447   13.2272
   -7.5000   37.5000   -7.500014263.4854   13.1922
    0.0000   37.5000   -7.500014949.2070   13.2203
    7.5000   37.5000   -7.500014152.4141   13.2258
   -7.5000   45.0000   -7.500013442.9990   12.8820
    0.0000   45.0000   -7.500014087.0469   12.9147
    7.5000   45.0000   -7.500013295.7354   12.9185
   -7.5000  -45.0000    0.0000 8818.3135   14.1773
    0.0000  -45.0000    0.0000 9214.0078   14.2020
    7.5000  -45.0000    0.0000 8775.7188   14.2115
   -7.5000  -37.5000    0.0000 9745.2002   13.8488
    0.0000  -37.5000    0.000010185.5166   13.8754
    7.5000  -37.5000    0.0000 9694.4346   13.8831
   -7.5000  -30.0000    0.000011115.0957   13.6408
    0.0000  -30.0000    0.000011616.1387   13.6669
    7.5000  -30.0000    0.000011079.0957   13.6759
   -7.5000  -22.5000    0.000012563.4336   13.4752
    0.0000  -22.5000    0.000013114.1621   13.4987
    7.5000  -22.5000    0.000012494.0928   13.5101
   -7.5000  -15.0000    0.000013965.4736   13.4296
    0.0000  -15.0000    0.000014597.6738   13.4508
    7.5000  -15.0000    0.000013910.3174   13.4621
   -7.5000   -7.5000    0.000015200.5098   13.4038
    0.0000   -7.5000    0.000015864.3584   13.4255
    7.5000   -7.5000    0.000015176.0430   13.4342
   -7.5000    0.0000    0.000016245.6621   13.4003
    0.0000    0.0000    0.000016831.2168   13.4252
    7.5000    0.0000    0.000016236.2314   13.4320
   -7.5000    7.5000    0.000016187.4336   13.4060
    0.0000    7.5000    0.000016833.3027   13.4326
    7.5000    7.5000    0.000016122.1748   13.4392
   -7.5000   15.0000    0.000016177.0186   13.4083
    0.0000   15.0000    0.000017110.9160   13.4344
    7.5000   15.0000    0.000016070.2939   13.4430
   -7.5000   22.5000    0.000015898.0244   13.3977
    0.0000   22.5000    0.000016889.9941   13.4216
    7.5000   22.5000    0.000015763.2861   13.4330
   -7.5000   30.0000    0.000015198.2549   13.2270
    0.0000   30.0000    0.000016064.8457   13.2481
    7.5000   30.0000    0.000015025.7539   13.2593
   -7.5000   37.5000    0.000014877.7959   13.2248
    0.0000   37.5000    0.000015664.5049   13.2463
    7.5000   37.5000    0.000014692.0088   13.2548
   -7.5000   45.0000    0.000013943.8008   12.9164
    0.0000   45.0000    0.000014638.5908   12.9403
    7.5000   45.0000    0.000013792.2871   12.9469
   -7.5000  -45.0000    7.5000 8355.4707   14.2025
    0.0000  -45.0000    7.5000 8729.4658   14.2222
    7.5000  -45.0000    7.5000 8311.0088   14.2328
   -7.5000  -37.5000    7.5000 9268.1943   13.8794
    0.0000  -37.5000    7.5000 9676.8379   13.9006
    7.5000  -37.5000    7.5000 9213.6943   13.9081
   -7.5000  -30.0000    7.500010568.6387   13.6725
    0.0000  -30.0000    7.500011031.7988   13.6933
    7.5000  -30.0000    7.500010525.9990   13.7018
   -7.5000  -22.5000    7.500011957.3164   13.5024
    0.0000  -22.5000    7.500012456.5918   13.5214
    7.5000  -22.5000    7.500011885.5488   13.5330
   -7.5000  -15.0000    7.500013353.4775   13.4510
    0.0000  -15.0000    7.500013922.7275   13.4689
    7.5000  -15.0000    7.500013293.3604   13.4813
   -7.5000   -7.5000    7.500014634.5869   13.4225
    0.0000   -7.5000    7.500015287.0566   13.4410
    7.5000   -7.5000    7.500014593.8408   13.4510
   -7.5000    0.0000    7.500015737.0703   13.4222
    0.0000    0.0000    7.500016372.2529   13.4426
    7.5000    0.0000    7.500015667.4609   13.4502
   -7.5000    7.5000    7.500015662.0156   13.4339
    0.0000    7.5000    7.500016317.7900   13.4554
    7.5000    7.5000    7.500015558.1006   13.4618
   -7.5000   15.0000    7.500015511.6699   13.4388
    0.0000   15.0000    7.500016301.9824   13.4597
    7.5000   15.0000    7.500015426.0918   13.4678
   -7.5000   22.5000    7.500015075.9805   13.4244
    0.0000   22.5000    7.500015805.4463   13.4439
    7.5000   22.5000    7.500015020.3857   13.4554
   -7.5000   30.0000    7.500014368.4736   13.2477
    0.0000   30.0000    7.500015011.3750   13.2657
    7.5000   30.0000    7.500014313.5166   13.2778
   -7.5000   37.5000    7.500014127.0908   13.2433
    0.0000   37.5000    7.500014784.3750   13.2615
    7.5000   37.5000    7.500014076.3184   13.2714
   -7.5000   45.0000    7.500013276.8398   12.9374
    0.0000   45.0000    7.500013894.0029   12.9571
    7.5000   45.0000    7.500013244.9814   12.9644
   -7.5000  -45.0000   15.0000 7775.5132   14.2269
    0.0000  -45.0000   15.0000 8127.0591   14.2509
    7.5000  -45.0000   15.0000 7745.5859   14.2594
   -7.5000  -37.5000   15.0000 8652.9131   13.9046
    0.0000  -37.5000   15.0000 9062.5029   13.9295
    7.5000  -37.5000   15.0000 8625.1387   13.9357
   -7.5000  -30.0000   15.0000 9946.7305   13.6969
    0.0000  -30.0000   15.000010409.0117   13.7201
    7.5000  -30.0000   15.0000 9902.6699   13.7289
   -7.5000  -22.5000   15.000011306.1748   13.5249
    0.0000  -22.5000   15.000011819.4219   13.5459
    7.5000  -22.5000   15.000011242.3975   13.5580
   -7.5000  -15.0000   15.000012650.3848   13.4732
    0.0000  -15.0000   15.000013256.3115   13.4935
    7.5000  -15.0000   15.000012585.3779   13.5057
   -7.5000   -7.5000   15.000013869.3428   13.4443
    0.0000   -7.5000   15.000014549.7109   13.4664
    7.5000   -7.5000   15.000013818.1816   13.4752
   -7.5000    0.0000   15.000014884.8730   13.4442
    0.0000    0.0000   15.000015542.1924   13.4689
    7.5000    0.0000   15.000014786.5850   13.4747
   -7.5000    7.5000   15.000014779.4043   13.4570
    0.0000    7.5000   15.000015446.3818   13.4823
    7.5000    7.5000   15.000014687.9766   13.4876
   -7.5000   15.0000   15.000014569.1133   13.4620
    0.0000   15.0000   15.000015273.8428   13.4855
    7.5000   15.0000   15.000014528.5254   13.4938
   -7.5000   22.5000   15.000014092.1201   13.4467
    0.0000   22.5000   15.000014706.5400   13.4681
    7.5000   22.5000   15.000014071.7930   13.4802
   -7.5000   30.0000   15.000013441.8926   13.2694
    0.0000   30.0000   15.000013983.5996   13.2896
    7.5000   30.0000   15.000013423.5439   13.3016
   -7.5000   37.5000   15.000013290.8018   13.2647
    0.0000   37.5000   15.000013836.6182   13.2865
    7.5000   37.5000   15.000013259.8262   13.2953
   -7.5000   45.0000   15.000012559.7031   12.9586
    0.0000   45.0000   15.000013096.5967   12.9824
    7.5000   45.0000   15.000012513.1104   12.9881
   -7.5000  -45.0000   22.5000 7154.6514   14.3142
    0.0000  -45.0000   22.5000 7508.6582   14.3472
    7.5000  -45.0000   22.5000 7129.4873   14.3520
   -7.5000  -37.5000   22.5000 8016.8628   13.9843
    0.0000  -37.5000   22.5000 8426.3057   14.0182
    7.5000  -37.5000   22.5000 7979.4146   14.0233
   -7.5000  -30.0000   22.5000 9233.9668   13.7712
    0.0000  -30.0000   22.5000 9701.5576   13.8018
    7.5000  -30.0000   22.5000 9186.6982   13.8112
   -7.5000  -22.5000   22.500010467.9453   13.5995
    0.0000  -22.5000   22.500010994.6924   13.6257
    7.5000  -22.5000   22.500010420.0596   13.6375
   -7.5000  -15.0000   22.500011669.6641   13.5532
    0.0000  -15.0000   22.500012261.0176   13.5776
    7.5000  -15.0000   22.500011625.5234   13.5873
   -7.5000   -7.5000   22.500012761.0791   13.5271
    0.0000   -7.5000   22.500013393.8545   13.5548
    7.5000   -7.5000   22.500012725.5869   13.5600
   -7.5000    0.0000   22.500013704.0322   13.5246
    0.0000    0.0000   22.500014309.0225   13.5576
    7.5000    0.0000   22.500013633.0889   13.5603
   -7.5000    7.5000   22.500013638.5400   13.5320
    0.0000    7.5000   22.500014262.8301   13.5662
    7.5000    7.5000   22.500013584.7354   13.5706
   -7.5000   15.0000   22.500013475.2275   13.5336
    0.0000   15.0000   22.500014091.7314   13.5645
    7.5000   15.0000   22.500013446.8408   13.5735
   -7.5000   22.5000   22.500013089.7861   13.5207
    0.0000   22.5000   22.500013645.5762   13.5472
    7.5000   22.5000   22.500013034.1064   13.5590
   -7.5000   30.0000   22.500012543.6396   13.3480
    0.0000   30.0000   22.500013044.0918   13.3723
    7.5000   30.0000   22.500012479.4951   13.3819
   -7.5000   37.5000   22.500012419.1445   13.3462
    0.0000   37.5000   22.500012919.8770   13.3736
    7.5000   37.5000   22.500012353.9131   13.3788
   -7.5000   45.0000   22.500011755.5244   13.0361
    0.0000   45.0000   22.500012222.3857   13.0679
    7.5000   45.0000   22.500011678.0576   13.0706
   -7.5000  -45.0000   30.0000 6483.3804   14.5183
    0.0000  -45.0000   30.0000 6805.7227   14.5580
    7.5000  -45.0000   30.0000 6467.5586   14.5620
   -7.5000  -37.5000   30.0000 7265.2627   14.1751
    0.0000  -37.5000   30.0000 7625.3921   14.2160
    7.5000  -37.5000   30.0000 7242.5908   14.2214
   -7.5000  -30.0000   30.0000 8367.1035   13.9547
    0.0000  -30.0000   30.0000 8775.3242   13.9914
    7.5000  -30.0000   30.0000 8338.5391   14.0008
   -7.5000  -22.5000   30.0000 9479.1689   13.7825
    0.0000  -22.5000   30.0000 9944.6182   13.8129
    7.5000  -22.5000   30.0000 9449.1152   13.8238
   -7.5000  -15.0000   30.000010552.0879   13.7405
    0.0000  -15.0000   30.000011063.1777   13.7678
    7.5000  -15.0000   30.000010534.2930   13.7758
   -7.5000   -7.5000   30.000011558.4922   13.7160
    0.0000   -7.5000   30.000012097.3389   13.7476
    7.5000   -7.5000   30.000011540.6328   13.7512
   -7.5000    0.0000   30.000012470.1211   13.7103
    0.0000    0.0000   30.000013026.4551   13.7491
    7.5000    0.0000   30.000012426.7119   13.7513
   -7.5000    7.5000   30.000012479.0801   13.7120
    0.0000    7.5000   30.000013030.0557   13.7526
    7.5000    7.5000   30.000012433.8018   13.7573
   -7.5000   15.0000   30.000012341.4082   13.7110
    0.0000   15.0000   30.000012869.2490   13.7478
    7.5000   15.0000   30.000012292.9033   13.7569
   -7.5000   22.5000   30.000012009.1650   13.7018
    0.0000   22.5000   30.000012502.3115   13.7325
    7.5000   22.5000   30.000011943.3291   13.7435
   -7.5000   30.0000   30.000011531.0713   13.5324
    0.0000   30.0000   30.000011993.7803   13.5596
    7.5000   30.0000   30.000011463.6855   13.5674
   -7.5000   37.5000   30.000011433.7568   13.5325
    0.0000   37.5000   30.000011892.0918   13.5637
    7.5000   37.5000   30.000011365.1855   13.5673
   -7.5000   45.0000   30.000010833.9658   13.2151
    0.0000   45.0000   30.000011268.0332   13.2526
    7.5000   45.0000   30.000010755.6816   13.2547
   -7.5000  -45.0000   37.5000 6066.9883   14.9523
    0.0000  -45.0000   37.5000 6348.0396   14.9889
    7.5000  -45.0000   37.5000 6050.3110   14.9945
   -7.5000  -37.5000   37.5000 6807.3110   14.5888
    0.0000  -37.5000   37.5000 7114.0356   14.6268
    7.5000  -37.5000   37.5000 6788.4497   14.6327
   -7.5000  -30.0000   37.5000 7842.7593   14.3566
    0.0000  -30.0000   37.5000 8201.2617   14.3916
    7.5000  -30.0000   37.5000 7818.6333   14.3997
   -7.5000  -22.5000   37.5000 8893.2900   14.1757
    0.0000  -22.5000   37.5000 9309.5723   14.2054
    7.5000  -22.5000   37.5000 8875.5283   14.2154
   -7.5000  -15.0000   37.5000 9929.2842   14.1319
    0.0000  -15.0000   37.500010389.0488   14.1587
    7.5000  -15.0000   37.5000 9913.5879   14.1668
   -7.5000   -7.5000   37.500010924.8633   14.1069
    0.0000   -7.5000   37.500011414.4941   14.1367
    7.5000   -7.5000   37.500010891.1572   14.1414
   -7.5000    0.0000   37.500011842.4326   14.1007
    0.0000    0.0000   37.500012358.2715   14.1365
    7.5000    0.0000   37.500011769.6240   14.1399
   -7.5000    7.5000   37.500011857.0801   14.1007
    0.0000    7.5000   37.500012374.3525   14.1384
    7.5000    7.5000   37.500011793.1699   14.1433
   -7.5000   15.0000   37.500011701.5205   14.0991
    0.0000   15.0000   37.500012186.1455   14.1340
    7.5000   15.0000   37.500011646.2383   14.1419
   -7.5000   22.5000   37.500011401.5420   14.0905
    0.0000   22.5000   37.500011870.2158   14.1206
    7.5000   22.5000   37.500011339.6943   14.1305
   -7.5000   30.0000   37.500010971.7773   13.9172
    0.0000   30.0000   37.500011412.8584   13.9438
    7.5000   30.0000   37.500010903.8359   13.9519
   -7.5000   37.5000   37.500010894.3506   13.9182
    0.0000   37.5000   37.500011330.7656   13.9475
    7.5000   37.5000   37.500010836.1602   13.9522
   -7.5000   45.0000   37.500010345.2959   13.5915
    0.0000   45.0000   37.500010757.1396   13.6260
    7.5000   45.0000   37.500010278.4014   13.6293
   -7.5000  -45.0000   45.0000 5463.6353   15.5458
    0.0000  -45.0000   45.0000 5683.0508   15.5720
    7.5000  -45.0000   45.0000 5445.7642   15.5859
   -7.5000  -37.5000   45.0000 6154.5742   15.1767
    0.0000  -37.5000   45.0000 6408.0972   15.2050
    7.5000  -37.5000   45.0000 6130.0947   15.2166
   -7.5000  -30.0000   45.0000 7107.4526   14.9324
    0.0000  -30.0000   45.0000 7414.2441   14.9597
    7.5000  -30.0000   45.0000 7082.1504   14.9719
   -7.5000  -22.5000   45.0000 8065.3843   14.7297
    0.0000  -22.5000   45.0000 8416.4287   14.7538
    7.5000  -22.5000   45.0000 8044.8467   14.7683
   -7.5000  -15.0000   45.0000 9028.8350   14.6708
    0.0000  -15.0000   45.0000 9422.1582   14.6925
    7.5000  -15.0000   45.0000 8997.1338   14.7068
   -7.5000   -7.5000   45.0000 9945.9141   14.6388
    0.0000   -7.5000   45.000010378.1895   14.6615
    7.5000   -7.5000   45.0000 9887.5391   14.6730
   -7.5000    0.0000   45.000010810.5518   14.6370
    0.0000    0.0000   45.000011279.9590   14.6634
    7.5000    0.0000   45.000010723.2031   14.6736
   -7.5000    7.5000   45.000010814.8936   14.6480
    0.0000    7.5000   45.000011290.8574   14.6764
    7.5000    7.5000   45.000010744.9316   14.6864
   -7.5000   15.0000   45.000010668.4873   14.6524
    0.0000   15.0000   45.000011118.6943   14.6798
    7.5000   15.0000   45.000010606.5469   14.6915
   -7.5000   22.5000   45.000010390.7637   14.6371
    0.0000   22.5000   45.000010830.6309   14.6618
    7.5000   22.5000   45.000010324.0566   14.6762
   -7.5000   30.0000   45.000010033.9316   14.4451
    0.0000   30.0000   45.000010450.7588   14.4668
    7.5000   30.0000   45.0000 9970.4414   14.4808
   -7.5000   37.5000   45.0000 9992.1260   14.4414
    0.0000   37.5000   45.000010405.3184   14.4639
    7.5000   37.5000   45.0000 9934.7285   14.4753
   -7.5000   45.0000   45.0000 9500.0195   14.1148
    0.0000   45.0000   45.0000 9892.0908   14.1403
    7.5000   45.0000   45.0000 9442.6025   14.1500

---------------------------------------------------------------------
imgreg_4dfp /opt/freesurfer/average/711-2C_as_mni_average_305 /opt/freesurfer/average/711-2B_as_mni_average_305_mask talsrcimg_g11 none talsrcimg_to_711-2C_as_mni_average_305_t4 4355
---------------------------------------------------------------------

freesurfer imgreg_4dfp.c
/opt/freesurfer/average/711-2C_as_mni_average_305.4dfp.img
       256       256       256         1
  1.000000  1.000000  1.000000
orientation T byte_order littleendian
Reading image: /opt/freesurfer/average/711-2C_as_mni_average_305.4dfp.img
dimensions:      256       256       256
mmppix:       1.0000   -1.0000   -1.0000
center:     128.0000 -129.0000 -129.0000
/opt/freesurfer/average/711-2B_as_mni_average_305_mask.4dfp.img
       256       256       256         1
  1.000000  1.000000  1.000000
orientation T byte_order littleendian
Reading mask: /opt/freesurfer/average/711-2B_as_mni_average_305_mask.4dfp.img (2306576 pixels)
talsrcimg_g11.4dfp.img
       256       256       256         1
  1.000000  1.000000  1.000000
orientation T byte_order littleendian
Reading image: talsrcimg_g11.4dfp.img
dimensions:      256       256       256
mmppix:       1.0000   -1.0000   -1.0000
center:     128.0000 -129.0000 -129.0000
rotation matrix determinant  1.000000
image alignment mode   4355 decimal     1103 hex
   -7.5000  -30.0000  -45.0000 2134.8916   13.7953
    0.0000  -30.0000  -45.0000 2142.2422   13.8115
    7.5000  -30.0000  -45.0000 2119.0066   13.9366
   -7.5000  -22.5000  -45.0000 2245.3291   12.4679
    0.0000  -22.5000  -45.0000 2248.3577   12.4661
    7.5000  -22.5000  -45.0000 2230.3689   12.5783
   -7.5000  -15.0000  -45.0000 2328.0933   11.3961
    0.0000  -15.0000  -45.0000 2337.0415   11.4045
    7.5000  -15.0000  -45.0000 2316.9807   11.5062
   -7.5000   -7.5000  -45.0000 2408.3340   10.5851
    0.0000   -7.5000  -45.0000 2420.8347   10.5676
    7.5000   -7.5000  -45.0000 2399.8213   10.6803
   -7.5000    0.0000  -45.0000 2460.0884   10.0699
    0.0000    0.0000  -45.0000 2472.7542   10.0238
    7.5000    0.0000  -45.0000 2449.7634   10.1511
   -7.5000    7.5000  -45.0000 2489.4302    9.7697
    0.0000    7.5000  -45.0000 2505.8865    9.7067
    7.5000    7.5000  -45.0000 2477.6382    9.8525
   -7.5000   15.0000  -45.0000 2502.9519    9.6571
    0.0000   15.0000  -45.0000 2515.9688    9.5666
    7.5000   15.0000  -45.0000 2488.5786    9.7212
   -7.5000   22.5000  -45.0000 2504.9087    9.6948
    0.0000   22.5000  -45.0000 2515.2947    9.6173
    7.5000   22.5000  -45.0000 2491.4429    9.7653
   -7.5000   30.0000  -45.0000 2481.9761    9.9581
    0.0000   30.0000  -45.0000 2492.9524    9.8621
    7.5000   30.0000  -45.0000 2467.4238   10.0083
   -7.5000   37.5000  -45.0000 2436.3486   10.3998
    0.0000   37.5000  -45.0000 2449.4524   10.3038
    7.5000   37.5000  -45.0000 2423.6169   10.4600
   -7.5000   45.0000  -45.0000 2367.3684   10.9926
    0.0000   45.0000  -45.0000 2383.7183   10.9104
    7.5000   45.0000  -45.0000 2356.0388   11.0503
   -7.5000   52.5000  -45.0000 2262.6501   11.7151
    0.0000   52.5000  -45.0000 2277.3633   11.6452
    7.5000   52.5000  -45.0000 2250.2668   11.7668
   -7.5000   60.0000  -45.0000 2117.5942   12.5668
    0.0000   60.0000  -45.0000 2128.8403   12.4905
    7.5000   60.0000  -45.0000 2108.6709   12.6206
   -7.5000  -30.0000  -37.5000 2184.1995   13.1830
    0.0000  -30.0000  -37.5000 2194.7351   13.1948
    7.5000  -30.0000  -37.5000 2173.0767   13.3406
   -7.5000  -22.5000  -37.5000 2301.4614   11.8951
    0.0000  -22.5000  -37.5000 2312.5698   11.8751
    7.5000  -22.5000  -37.5000 2288.9385   12.0128
   -7.5000  -15.0000  -37.5000 2395.9438   10.8288
    0.0000  -15.0000  -37.5000 2409.5120   10.8037
    7.5000  -15.0000  -37.5000 2383.3254   10.9359
   -7.5000   -7.5000  -37.5000 2481.0212   10.0248
    0.0000   -7.5000  -37.5000 2496.0498    9.9882
    7.5000   -7.5000  -37.5000 2470.1597   10.1156
   -7.5000    0.0000  -37.5000 2538.3999    9.5024
    0.0000    0.0000  -37.5000 2555.3450    9.4466
    7.5000    0.0000  -37.5000 2530.8813    9.5674
   -7.5000    7.5000  -37.5000 2578.3191    9.2022
    0.0000    7.5000  -37.5000 2593.4045    9.1311
    7.5000    7.5000  -37.5000 2567.0073    9.2618
   -7.5000   15.0000  -37.5000 2596.1877    9.0815
    0.0000   15.0000  -37.5000 2609.4211    9.0000
    7.5000   15.0000  -37.5000 2581.9033    9.1439
   -7.5000   22.5000  -37.5000 2593.7554    9.1094
    0.0000   22.5000  -37.5000 2605.6396    9.0302
    7.5000   22.5000  -37.5000 2579.3770    9.1721
   -7.5000   30.0000  -37.5000 2572.1040    9.3314
    0.0000   30.0000  -37.5000 2584.5608    9.2471
    7.5000   30.0000  -37.5000 2559.4839    9.3845
   -7.5000   37.5000  -37.5000 2527.2024    9.7139
    0.0000   37.5000  -37.5000 2544.3318    9.6071
    7.5000   37.5000  -37.5000 2517.4753    9.7611
   -7.5000   45.0000  -37.5000 2456.1423   10.2383
    0.0000   45.0000  -37.5000 2476.6643   10.1420
    7.5000   45.0000  -37.5000 2447.6270   10.2940
   -7.5000   52.5000  -37.5000 2345.2878   10.9200
    0.0000   52.5000  -37.5000 2361.3350   10.8169
    7.5000   52.5000  -37.5000 2337.2617   10.9574
   -7.5000   60.0000  -37.5000 2192.4270   11.7091
    0.0000   60.0000  -37.5000 2204.2361   11.5971
    7.5000   60.0000  -37.5000 2185.3560   11.7517
   -7.5000  -30.0000  -30.0000 2269.2869   13.0953
    0.0000  -30.0000  -30.0000 2278.4617   13.0886
    7.5000  -30.0000  -30.0000 2257.0586   13.2315
   -7.5000  -22.5000  -30.0000 2395.9048   11.7792
    0.0000  -22.5000  -30.0000 2408.0593   11.7637
    7.5000  -22.5000  -30.0000 2381.5295   11.9011
   -7.5000  -15.0000  -30.0000 2496.7454   10.6870
    0.0000  -15.0000  -30.0000 2510.3696   10.6600
    7.5000  -15.0000  -30.0000 2486.0159   10.8109
   -7.5000   -7.5000  -30.0000 2585.7285    9.8750
    0.0000   -7.5000  -30.0000 2601.9438    9.8277
    7.5000   -7.5000  -30.0000 2575.4031    9.9772
   -7.5000    0.0000  -30.0000 2660.0330    9.2985
    0.0000    0.0000  -30.0000 2675.3511    9.2412
    7.5000    0.0000  -30.0000 2649.6023    9.3756
   -7.5000    7.5000  -30.0000 2705.9375    8.9758
    0.0000    7.5000  -30.0000 2722.5952    8.9158
    7.5000    7.5000  -30.0000 2693.9219    9.0441
   -7.5000   15.0000  -30.0000 2729.5168    8.8284
    0.0000   15.0000  -30.0000 2746.9739    8.7623
    7.5000   15.0000  -30.0000 2714.7195    8.8928
   -7.5000   22.5000  -30.0000 2731.9600    8.8420
    0.0000   22.5000  -30.0000 2744.9348    8.7772
    7.5000   22.5000  -30.0000 2714.5334    8.9204
   -7.5000   30.0000  -30.0000 2711.3704    9.0649
    0.0000   30.0000  -30.0000 2730.6384    8.9781
    7.5000   30.0000  -30.0000 2701.5049    9.1222
   -7.5000   37.5000  -30.0000 2667.8245    9.4213
    0.0000   37.5000  -30.0000 2689.4641    9.3159
    7.5000   37.5000  -30.0000 2660.5923    9.4844
   -7.5000   45.0000  -30.0000 2595.1643    9.9284
    0.0000   45.0000  -30.0000 2615.8982    9.8141
    7.5000   45.0000  -30.0000 2588.5146    9.9754
   -7.5000   52.5000  -30.0000 2478.5938   10.5651
    0.0000   52.5000  -30.0000 2493.0898   10.4591
    7.5000   52.5000  -30.0000 2469.7729   10.5901
   -7.5000   60.0000  -30.0000 2309.9424   11.3290
    0.0000   60.0000  -30.0000 2324.0735   11.2212
    7.5000   60.0000  -30.0000 2306.0493   11.3625
   -7.5000  -30.0000  -22.5000 2316.5571   12.9326
    0.0000  -30.0000  -22.5000 2328.2068   12.9086
    7.5000  -30.0000  -22.5000 2308.1482   13.0908
   -7.5000  -22.5000  -22.5000 2447.3884   11.6034
    0.0000  -22.5000  -22.5000 2460.1855   11.5644
    7.5000  -22.5000  -22.5000 2438.1472   11.7273
   -7.5000  -15.0000  -22.5000 2557.3206   10.5077
    0.0000  -15.0000  -22.5000 2572.2126   10.4666
    7.5000  -15.0000  -22.5000 2549.8867   10.6304
   -7.5000   -7.5000  -22.5000 2652.1350    9.6673
    0.0000   -7.5000  -22.5000 2670.4414    9.6148
    7.5000   -7.5000  -22.5000 2645.1079    9.7738
   -7.5000    0.0000  -22.5000 2736.9500    9.0446
    0.0000    0.0000  -22.5000 2757.4497    9.0040
    7.5000    0.0000  -22.5000 2726.3716    9.1457
   -7.5000    7.5000  -22.5000 2793.6445    8.6967
    0.0000    7.5000  -22.5000 2813.4402    8.6652
    7.5000    7.5000  -22.5000 2778.3489    8.7965
   -7.5000   15.0000  -22.5000 2824.0510    8.5307
    0.0000   15.0000  -22.5000 2849.0808    8.4835
    7.5000   15.0000  -22.5000 2810.5747    8.6277
   -7.5000   22.5000  -22.5000 2838.5417    8.5321
    0.0000   22.5000  -22.5000 2854.3081    8.4620
    7.5000   22.5000  -22.5000 2818.5947    8.6225
   -7.5000   30.0000  -22.5000 2821.1877    8.7554
    0.0000   30.0000  -22.5000 2838.5796    8.6745
    7.5000   30.0000  -22.5000 2807.6394    8.8304
   -7.5000   37.5000  -22.5000 2771.0171    9.1146
    0.0000   37.5000  -22.5000 2799.5156    9.0229
    7.5000   37.5000  -22.5000 2767.7886    9.1659
   -7.5000   45.0000  -22.5000 2695.0591    9.5961
    0.0000   45.0000  -22.5000 2718.5171    9.5038
    7.5000   45.0000  -22.5000 2689.4260    9.6458
   -7.5000   52.5000  -22.5000 2571.2112   10.1972
    0.0000   52.5000  -22.5000 2590.8882   10.1073
    7.5000   52.5000  -22.5000 2564.9001   10.2444
   -7.5000   60.0000  -22.5000 2397.8210   10.9343
    0.0000   60.0000  -22.5000 2413.9441   10.8344
    7.5000   60.0000  -22.5000 2388.5762   10.9883
   -7.5000  -30.0000  -15.0000 2327.8635   12.8345
    0.0000  -30.0000  -15.0000 2343.1526   12.7913
    7.5000  -30.0000  -15.0000 2321.3044   12.9940
   -7.5000  -22.5000  -15.0000 2461.3369   11.4762
    0.0000  -22.5000  -15.0000 2480.1172   11.4247
    7.5000  -22.5000  -15.0000 2454.0352   11.6137
   -7.5000  -15.0000  -15.0000 2579.3772   10.3648
    0.0000  -15.0000  -15.0000 2598.3237   10.3004
    7.5000  -15.0000  -15.0000 2572.7905   10.4964
   -7.5000   -7.5000  -15.0000 2681.2593    9.4863
    0.0000   -7.5000  -15.0000 2702.0193    9.4225
    7.5000   -7.5000  -15.0000 2673.4233    9.6115
   -7.5000    0.0000  -15.0000 2772.8733    8.8442
    0.0000    0.0000  -15.0000 2793.9651    8.7908
    7.5000    0.0000  -15.0000 2756.4058    8.9545
   -7.5000    7.5000  -15.0000 2837.4067    8.4720
    0.0000    7.5000  -15.0000 2855.7075    8.4338
    7.5000    7.5000  -15.0000 2822.2778    8.5759
   -7.5000   15.0000  -15.0000 2878.7432    8.3177
    0.0000   15.0000  -15.0000 2904.4846    8.2949
    7.5000   15.0000  -15.0000 2866.5425    8.4059
   -7.5000   22.5000  -15.0000 2897.0986    8.3080
    0.0000   22.5000  -15.0000 2924.7046    8.2330
    7.5000   22.5000  -15.0000 2882.1577    8.4012
   -7.5000   30.0000  -15.0000 2885.3955    8.5138
    0.0000   30.0000  -15.0000 2911.4497    8.4279
    7.5000   30.0000  -15.0000 2874.0947    8.5935
   -7.5000   37.5000  -15.0000 2834.3618    8.8674
    0.0000   37.5000  -15.0000 2866.6611    8.8006
    7.5000   37.5000  -15.0000 2827.7039    8.9399
   -7.5000   45.0000  -15.0000 2758.4670    9.3323
    0.0000   45.0000  -15.0000 2787.0896    9.2773
    7.5000   45.0000  -15.0000 2748.4097    9.3997
   -7.5000   52.5000  -15.0000 2631.5034    9.9008
    0.0000   52.5000  -15.0000 2652.4705    9.8227
    7.5000   52.5000  -15.0000 2619.7251    9.9595
   -7.5000   60.0000  -15.0000 2449.2930   10.6006
    0.0000   60.0000  -15.0000 2467.2844   10.5052
    7.5000   60.0000  -15.0000 2439.7456   10.6703
   -7.5000  -30.0000   -7.5000 2315.6951   12.8402
    0.0000  -30.0000   -7.5000 2333.0857   12.7887
    7.5000  -30.0000   -7.5000 2312.1985   12.9782
   -7.5000  -22.5000   -7.5000 2449.8123   11.4224
    0.0000  -22.5000   -7.5000 2467.4431   11.3588
    7.5000  -22.5000   -7.5000 2445.6108   11.5542
   -7.5000  -15.0000   -7.5000 2575.9785   10.2858
    0.0000  -15.0000   -7.5000 2590.4609   10.2217
    7.5000  -15.0000   -7.5000 2567.5544   10.4157
   -7.5000   -7.5000   -7.5000 2680.7971    9.3775
    0.0000   -7.5000   -7.5000 2697.3479    9.3161
    7.5000   -7.5000   -7.5000 2671.8237    9.4967
   -7.5000    0.0000   -7.5000 2768.7446    8.7099
    0.0000    0.0000   -7.5000 2785.7302    8.6394
    7.5000    0.0000   -7.5000 2754.6787    8.8266
   -7.5000    7.5000   -7.5000 2847.4834    8.3316
    0.0000    7.5000   -7.5000 2861.4697    8.2654
    7.5000    7.5000   -7.5000 2836.2949    8.4301
   -7.5000   15.0000   -7.5000 2899.3618    8.2338
    0.0000   15.0000   -7.5000 2924.5022    8.1838
    7.5000   15.0000   -7.5000 2892.6719    8.2977
   -7.5000   22.5000   -7.5000 2933.2156    8.2183
    0.0000   22.5000   -7.5000 2965.3955    8.1949
    7.5000   22.5000   -7.5000 2925.0010    8.3096
   -7.5000   30.0000   -7.5000 2919.8967    8.3856
    0.0000   30.0000   -7.5000 2952.8220    8.3555
    7.5000   30.0000   -7.5000 2906.5674    8.4749
   -7.5000   37.5000   -7.5000 2870.6372    8.6913
    0.0000   37.5000   -7.5000 2902.4917    8.6688
    7.5000   37.5000   -7.5000 2855.4119    8.7565
   -7.5000   45.0000   -7.5000 2786.4360    9.1407
    0.0000   45.0000   -7.5000 2814.7515    9.0882
    7.5000   45.0000   -7.5000 2773.8508    9.1921
   -7.5000   52.5000   -7.5000 2653.1379    9.7119
    0.0000   52.5000   -7.5000 2676.2407    9.6341
    7.5000   52.5000   -7.5000 2643.9802    9.7572
   -7.5000   60.0000   -7.5000 2470.0769   10.3853
    0.0000   60.0000   -7.5000 2486.6355   10.3092
    7.5000   60.0000   -7.5000 2462.1658   10.4502
   -7.5000  -30.0000    0.0000 2283.0601   13.0543
    0.0000  -30.0000    0.0000 2299.1313   12.9957
    7.5000  -30.0000    0.0000 2277.0862   13.2004
   -7.5000  -22.5000    0.0000 2417.1707   11.5694
    0.0000  -22.5000    0.0000 2433.7256   11.4833
    7.5000  -22.5000    0.0000 2407.5847   11.7108
   -7.5000  -15.0000    0.0000 2539.2910   10.3862
    0.0000  -15.0000    0.0000 2553.4629   10.2876
    7.5000  -15.0000    0.0000 2528.8240   10.5052
   -7.5000   -7.5000    0.0000 2647.4563    9.4576
    0.0000   -7.5000    0.0000 2658.3696    9.3588
    7.5000   -7.5000    0.0000 2638.9927    9.5835
   -7.5000    0.0000    0.0000 2742.2434    8.7965
    0.0000    0.0000    0.0000 2752.1467    8.6940
    7.5000    0.0000    0.0000 2734.7136    8.9276
   -7.5000    7.5000    0.0000 2832.7390    8.3840
    0.0000    7.5000    0.0000 2846.5056    8.2851
    7.5000    7.5000    0.0000 2823.1082    8.5027
   -7.5000   15.0000    0.0000 2897.6782    8.2769
    0.0000   15.0000    0.0000 2923.7974    8.2343
    7.5000   15.0000    0.0000 2888.8088    8.3459
   -7.5000   22.5000    0.0000 2937.1841    8.2974
    0.0000   22.5000    0.0000 2980.3208    8.3025
    7.5000   22.5000    0.0000 2927.8923    8.3629
   -7.5000   30.0000    0.0000 2927.9705    8.4113
    0.0000   30.0000    0.0000 2968.3940    8.3881
    7.5000   30.0000    0.0000 2914.7964    8.4729
   -7.5000   37.5000    0.0000 2873.6382    8.6500
    0.0000   37.5000    0.0000 2904.5986    8.5942
    7.5000   37.5000    0.0000 2860.4329    8.7033
   -7.5000   45.0000    0.0000 2782.0486    9.0798
    0.0000   45.0000    0.0000 2810.9080    9.0089
    7.5000   45.0000    0.0000 2775.4814    9.1478
   -7.5000   52.5000    0.0000 2648.2976    9.6649
    0.0000   52.5000    0.0000 2669.7344    9.5805
    7.5000   52.5000    0.0000 2644.9526    9.7157
   -7.5000   60.0000    0.0000 2465.0715   10.3615
    0.0000   60.0000    0.0000 2478.5981   10.2692
    7.5000   60.0000    0.0000 2465.1531   10.4218
   -7.5000  -30.0000    7.5000 2241.1340   13.4580
    0.0000  -30.0000    7.5000 2254.9954   13.3270
    7.5000  -30.0000    7.5000 2235.3223   13.6139
   -7.5000  -22.5000    7.5000 2370.6223   11.9321
    0.0000  -22.5000    7.5000 2381.8984   11.7842
    7.5000  -22.5000    7.5000 2361.3547   12.0440
   -7.5000  -15.0000    7.5000 2493.1252   10.7341
    0.0000  -15.0000    7.5000 2499.7207   10.6067
    7.5000  -15.0000    7.5000 2483.4668   10.8383
   -7.5000   -7.5000    7.5000 2603.7305    9.8157
    0.0000   -7.5000    7.5000 2613.9592    9.7147
    7.5000   -7.5000    7.5000 2595.1587    9.9394
   -7.5000    0.0000    7.5000 2704.6128    9.1214
    0.0000    0.0000    7.5000 2719.0657    9.0302
    7.5000    0.0000    7.5000 2694.8086    9.2480
   -7.5000    7.5000    7.5000 2800.4045    8.6585
    0.0000    7.5000    7.5000 2817.3306    8.5707
    7.5000    7.5000    7.5000 2785.4314    8.7771
   -7.5000   15.0000    7.5000 2873.8198    8.4444
    0.0000   15.0000    7.5000 2898.7039    8.3878
    7.5000   15.0000    7.5000 2860.7910    8.5546
   -7.5000   22.5000    7.5000 2914.2827    8.4044
    0.0000   22.5000    7.5000 2951.1917    8.3478
    7.5000   22.5000    7.5000 2903.2678    8.5150
   -7.5000   30.0000    7.5000 2904.6184    8.4810
    0.0000   30.0000    7.5000 2940.0046    8.3527
    7.5000   30.0000    7.5000 2893.7766    8.5843
   -7.5000   37.5000    7.5000 2848.0679    8.7571
    0.0000   37.5000    7.5000 2875.5742    8.6481
    7.5000   37.5000    7.5000 2836.9492    8.8473
   -7.5000   45.0000    7.5000 2756.9099    9.2303
    0.0000   45.0000    7.5000 2781.5669    9.1419
    7.5000   45.0000    7.5000 2752.7659    9.3083
   -7.5000   52.5000    7.5000 2618.3313    9.8630
    0.0000   52.5000    7.5000 2636.2961    9.7831
    7.5000   52.5000    7.5000 2613.5718    9.9164
   -7.5000   60.0000    7.5000 2440.1516   10.5317
    0.0000   60.0000    7.5000 2451.3120   10.4427
    7.5000   60.0000    7.5000 2440.0750   10.5598
   -7.5000  -30.0000   15.0000 2194.2668   14.2131
    0.0000  -30.0000   15.0000 2203.9185   14.0867
    7.5000  -30.0000   15.0000 2184.4316   14.3711
   -7.5000  -22.5000   15.0000 2324.0649   12.6375
    0.0000  -22.5000   15.0000 2330.1013   12.5200
    7.5000  -22.5000   15.0000 2311.6743   12.7639
   -7.5000  -15.0000   15.0000 2444.3870   11.3609
    0.0000  -15.0000   15.0000 2453.8962   11.2564
    7.5000  -15.0000   15.0000 2430.3669   11.4740
   -7.5000   -7.5000   15.0000 2555.5881   10.3553
    0.0000   -7.5000   15.0000 2568.9270   10.2641
    7.5000   -7.5000   15.0000 2546.0671   10.4908
   -7.5000    0.0000   15.0000 2657.4355    9.5520
    0.0000    0.0000   15.0000 2675.7927    9.4591
    7.5000    0.0000   15.0000 2648.4648    9.6847
   -7.5000    7.5000   15.0000 2752.8650    9.0456
    0.0000    7.5000   15.0000 2777.5239    8.9506
    7.5000    7.5000   15.0000 2742.1750    9.1587
   -7.5000   15.0000   15.0000 2829.5222    8.7722
    0.0000   15.0000   15.0000 2857.4521    8.7129
    7.5000   15.0000   15.0000 2821.5049    8.8885
   -7.5000   22.5000   15.0000 2869.1836    8.6642
    0.0000   22.5000   15.0000 2899.8167    8.5710
    7.5000   22.5000   15.0000 2858.4004    8.7989
   -7.5000   30.0000   15.0000 2865.2615    8.7016
    0.0000   30.0000   15.0000 2889.5129    8.5741
    7.5000   30.0000   15.0000 2852.8374    8.8279
   -7.5000   37.5000   15.0000 2809.1140    9.0077
    0.0000   37.5000   15.0000 2832.2937    8.8981
    7.5000   37.5000   15.0000 2802.6604    9.1044
   -7.5000   45.0000   15.0000 2718.9561    9.5278
    0.0000   45.0000   15.0000 2740.8943    9.4144
    7.5000   45.0000   15.0000 2716.7285    9.5975
   -7.5000   52.5000   15.0000 2579.2312   10.1773
    0.0000   52.5000   15.0000 2595.8286   10.0773
    7.5000   52.5000   15.0000 2577.1863   10.2222
   -7.5000   60.0000   15.0000 2398.6211   10.8716
    0.0000   60.0000   15.0000 2410.9851   10.7837
    7.5000   60.0000   15.0000 2399.0161   10.9031
   -7.5000  -30.0000   22.5000 2145.5969   15.2562
    0.0000  -30.0000   22.5000 2154.9514   15.2085
    7.5000  -30.0000   22.5000 2128.6133   15.4373
   -7.5000  -22.5000   22.5000 2274.0684   13.4694
    0.0000  -22.5000   22.5000 2284.2837   13.4038
    7.5000  -22.5000   22.5000 2258.0715   13.6288
   -7.5000  -15.0000   22.5000 2390.4148   12.0634
    0.0000  -15.0000   22.5000 2405.2778   11.9845
    7.5000  -15.0000   22.5000 2377.0813   12.2097
   -7.5000   -7.5000   22.5000 2502.4556   10.9369
    0.0000   -7.5000   22.5000 2521.5303   10.8497
    7.5000   -7.5000   22.5000 2494.2703   11.0841
   -7.5000    0.0000   22.5000 2605.9182   10.0951
    0.0000    0.0000   22.5000 2624.6836    9.9892
    7.5000    0.0000   22.5000 2596.3313   10.2365
   -7.5000    7.5000   22.5000 2697.2056    9.5827
    0.0000    7.5000   22.5000 2719.1533    9.4805
    7.5000    7.5000   22.5000 2688.0813    9.6970
   -7.5000   15.0000   22.5000 2768.4104    9.2708
    0.0000   15.0000   22.5000 2795.2734    9.2071
    7.5000   15.0000   22.5000 2765.0820    9.3928
   -7.5000   22.5000   22.5000 2803.2751    9.1395
    0.0000   22.5000   22.5000 2833.0933    9.0405
    7.5000   22.5000   22.5000 2794.6855    9.2500
   -7.5000   30.0000   22.5000 2796.8940    9.1951
    0.0000   30.0000   22.5000 2816.8608    9.0990
    7.5000   30.0000   22.5000 2787.7632    9.3028
   -7.5000   37.5000   22.5000 2744.4487    9.4950
    0.0000   37.5000   22.5000 2764.3489    9.4064
    7.5000   37.5000   22.5000 2741.8875    9.5821
   -7.5000   45.0000   22.5000 2661.2219    9.9811
    0.0000   45.0000   22.5000 2677.6948    9.8765
    7.5000   45.0000   22.5000 2659.1567   10.0487
   -7.5000   52.5000   22.5000 2531.3052   10.5877
    0.0000   52.5000   22.5000 2548.6675   10.4702
    7.5000   52.5000   22.5000 2531.8357   10.6338
   -7.5000   60.0000   22.5000 2357.4124   11.2738
    0.0000   60.0000   22.5000 2371.6792   11.1738
    7.5000   60.0000   22.5000 2355.8748   11.3146
   -7.5000  -30.0000   30.0000 2086.5686   16.3533
    0.0000  -30.0000   30.0000 2090.5076   16.3370
    7.5000  -30.0000   30.0000 2068.2070   16.5832
   -7.5000  -22.5000   30.0000 2212.5410   14.3812
    0.0000  -22.5000   30.0000 2223.7644   14.3171
    7.5000  -22.5000   30.0000 2197.5479   14.5647
   -7.5000  -15.0000   30.0000 2328.3726   12.8411
    0.0000  -15.0000   30.0000 2343.7634   12.7320
    7.5000  -15.0000   30.0000 2316.7856   12.9695
   -7.5000   -7.5000   30.0000 2443.7009   11.6424
    0.0000   -7.5000   30.0000 2462.3733   11.5207
    7.5000   -7.5000   30.0000 2434.0439   11.7895
   -7.5000    0.0000   30.0000 2542.1804   10.8039
    0.0000    0.0000   30.0000 2566.5271   10.6825
    7.5000    0.0000   30.0000 2533.2114   10.9359
   -7.5000    7.5000   30.0000 2630.3674   10.2464
    0.0000    7.5000   30.0000 2654.4700   10.1461
    7.5000    7.5000   30.0000 2622.6191   10.3607
   -7.5000   15.0000   30.0000 2692.5823    9.9188
    0.0000   15.0000   30.0000 2722.1199    9.8191
    7.5000   15.0000   30.0000 2689.3130   10.0227
   -7.5000   22.5000   30.0000 2724.2942    9.7473
    0.0000   22.5000   30.0000 2749.9424    9.6595
    7.5000   22.5000   30.0000 2718.4568    9.8426
   -7.5000   30.0000   30.0000 2707.2454    9.8390
    0.0000   30.0000   30.0000 2727.9038    9.7461
    7.5000   30.0000   30.0000 2703.4519    9.9227
   -7.5000   37.5000   30.0000 2659.0349   10.1183
    0.0000   37.5000   30.0000 2678.7407   10.0445
    7.5000   37.5000   30.0000 2661.0623   10.1979
   -7.5000   45.0000   30.0000 2585.2876   10.5886
    0.0000   45.0000   30.0000 2603.0356   10.4999
    7.5000   45.0000   30.0000 2584.2627   10.6568
   -7.5000   52.5000   30.0000 2473.2273   11.1509
    0.0000   52.5000   30.0000 2487.8120   11.0425
    7.5000   52.5000   30.0000 2471.2231   11.1985
   -7.5000   60.0000   30.0000 2310.5779   11.7745
    0.0000   60.0000   30.0000 2323.4585   11.6809
    7.5000   60.0000   30.0000 2308.3408   11.8397
   -7.5000  -30.0000   37.5000 2012.2025   17.6532
    0.0000  -30.0000   37.5000 2017.7290   17.5387
    7.5000  -30.0000   37.5000 1995.9795   17.8527
   -7.5000  -22.5000   37.5000 2140.9346   15.4780
    0.0000  -22.5000   37.5000 2152.4907   15.3528
    7.5000  -22.5000   37.5000 2127.8113   15.6424
   -7.5000  -15.0000   37.5000 2260.7231   13.8046
    0.0000  -15.0000   37.5000 2274.7612   13.6625
    7.5000  -15.0000   37.5000 2249.8357   13.9341
   -7.5000   -7.5000   37.5000 2374.8911   12.5570
    0.0000   -7.5000   37.5000 2394.6296   12.4049
    7.5000   -7.5000   37.5000 2365.4753   12.6940
   -7.5000    0.0000   37.5000 2472.7239   11.6988
    0.0000    0.0000   37.5000 2493.2524   11.5683
    7.5000    0.0000   37.5000 2459.8303   11.8143
   -7.5000    7.5000   37.5000 2552.1924   11.1000
    0.0000    7.5000   37.5000 2577.8381   10.9817
    7.5000    7.5000   37.5000 2543.1550   11.2024
   -7.5000   15.0000   37.5000 2603.4839   10.7288
    0.0000   15.0000   37.5000 2631.5618   10.6140
    7.5000   15.0000   37.5000 2598.5623   10.8285
   -7.5000   22.5000   37.5000 2632.8352   10.5194
    0.0000   22.5000   37.5000 2653.7158   10.4340
    7.5000   22.5000   37.5000 2627.4314   10.6074
   -7.5000   30.0000   37.5000 2612.3867   10.6185
    0.0000   30.0000   37.5000 2630.4619   10.5282
    7.5000   30.0000   37.5000 2610.3748   10.6861
   -7.5000   37.5000   37.5000 2564.9160   10.8849
    0.0000   37.5000   37.5000 2582.6755   10.8059
    7.5000   37.5000   37.5000 2568.0908   10.9534
   -7.5000   45.0000   37.5000 2501.4487   11.3205
    0.0000   45.0000   37.5000 2515.9897   11.2356
    7.5000   45.0000   37.5000 2501.3667   11.3927
   -7.5000   52.5000   37.5000 2396.3364   11.8491
    0.0000   52.5000   37.5000 2414.1572   11.7350
    7.5000   52.5000   37.5000 2397.0393   11.8938
   -7.5000   60.0000   37.5000 2249.3018   12.4266
    0.0000   60.0000   37.5000 2268.8484   12.3330
    7.5000   60.0000   37.5000 2247.5530   12.4815
   -7.5000  -30.0000   45.0000 1931.7509   19.2782
    0.0000  -30.0000   45.0000 1935.3538   19.1355
    7.5000  -30.0000   45.0000 1913.1506   19.4962
   -7.5000  -22.5000   45.0000 2062.8000   16.8456
    0.0000  -22.5000   45.0000 2071.6172   16.6954
    7.5000  -22.5000   45.0000 2048.0122   17.0230
   -7.5000  -15.0000   45.0000 2183.5862   15.0414
    0.0000  -15.0000   45.0000 2197.0796   14.8611
    7.5000  -15.0000   45.0000 2173.1367   15.1750
   -7.5000   -7.5000   45.0000 2293.3218   13.7269
    0.0000   -7.5000   45.0000 2309.7122   13.5785
    7.5000   -7.5000   45.0000 2281.6499   13.8504
   -7.5000    0.0000   45.0000 2390.7339   12.7896
    0.0000    0.0000   45.0000 2409.4839   12.6543
    7.5000    0.0000   45.0000 2376.1833   12.8959
   -7.5000    7.5000   45.0000 2461.1497   12.1517
    0.0000    7.5000   45.0000 2485.4155   12.0249
    7.5000    7.5000   45.0000 2452.3582   12.2379
   -7.5000   15.0000   45.0000 2505.1758   11.7133
    0.0000   15.0000   45.0000 2527.3257   11.6072
    7.5000   15.0000   45.0000 2496.7690   11.8024
   -7.5000   22.5000   45.0000 2526.5259   11.4666
    0.0000   22.5000   45.0000 2543.7366   11.3978
    7.5000   22.5000   45.0000 2517.6023   11.5617
   -7.5000   30.0000   45.0000 2511.4290   11.5546
    0.0000   30.0000   45.0000 2527.9387   11.4803
    7.5000   30.0000   45.0000 2508.4019   11.6271
   -7.5000   37.5000   45.0000 2470.9448   11.8050
    0.0000   37.5000   45.0000 2487.5342   11.7380
    7.5000   37.5000   45.0000 2470.3406   11.8762
   -7.5000   45.0000   45.0000 2407.5410   12.2241
    0.0000   45.0000   45.0000 2423.7737   12.1554
    7.5000   45.0000   45.0000 2408.3142   12.2948
   -7.5000   52.5000   45.0000 2309.6223   12.7149
    0.0000   52.5000   45.0000 2328.4363   12.6058
    7.5000   52.5000   45.0000 2313.7568   12.7496
   -7.5000   60.0000   45.0000 2174.4182   13.2656
    0.0000   60.0000   45.0000 2197.5549   13.1519
    7.5000   60.0000   45.0000 2176.5449   13.2959

---------------------------------------------------------------------
imgreg_4dfp /opt/freesurfer/average/711-2C_as_mni_average_305 /opt/freesurfer/average/711-2B_as_mni_average_305_mask talsrcimg_g11 none talsrcimg_to_711-2C_as_mni_average_305_t4 1283
---------------------------------------------------------------------

freesurfer imgreg_4dfp.c
/opt/freesurfer/average/711-2C_as_mni_average_305.4dfp.img
       256       256       256         1
  1.000000  1.000000  1.000000
orientation T byte_order littleendian
Reading image: /opt/freesurfer/average/711-2C_as_mni_average_305.4dfp.img
dimensions:      256       256       256
mmppix:       1.0000   -1.0000   -1.0000
center:     128.0000 -129.0000 -129.0000
/opt/freesurfer/average/711-2B_as_mni_average_305_mask.4dfp.img
       256       256       256         1
  1.000000  1.000000  1.000000
orientation T byte_order littleendian
Reading mask: /opt/freesurfer/average/711-2B_as_mni_average_305_mask.4dfp.img (2306576 pixels)
talsrcimg_g11.4dfp.img
       256       256       256         1
  1.000000  1.000000  1.000000
orientation T byte_order littleendian
Reading image: talsrcimg_g11.4dfp.img
dimensions:      256       256       256
mmppix:       1.0000   -1.0000   -1.0000
center:     128.0000 -129.0000 -129.0000
rotation matrix determinant  1.000000
fimgreg.f
image alignment mode   1283 decimal      503 hex
parameters
    0.0000   22.5000    0.0000    0.0000    0.0000    0.0000
eta,q 0.93404  8.31152
niter,ni,del,rscale     5    3   12.0000    1.2000
parameter  4 10.606949 ->  0.500000 qaram    1.1500
parameters
   -0.4101   24.6322    0.3011   -3.4500   -0.3308    0.7747
eta,q 0.94016  8.25673
  0.0763  0.0773  0.0706  0.0573  0.0639  0.0652
  0.0708  0.0729  0.0677  0.0594  0.0613  0.0633
  0.0674  0.0693  0.0656  0.0616  0.0602  0.0612
  0.0666  0.0664  0.0649  0.0647  0.0599  0.0600
  0.0689  0.0649  0.0654  0.0683  0.0607  0.0600
  0.0737  0.0660  0.0670  0.0711  0.0621  0.0614
  0.0783  0.0687  0.0695  0.0731  0.0647  0.0634
niter,ni,del,rscale     5    3   12.0000    1.2000
parameter  4  4.182884 ->  0.500000 qaram    1.3225
parameters
   -0.2033   25.3181    0.1367   -7.4175    0.0872    0.9613
eta,q 0.94484  8.26279
  0.0735  0.0717  0.0638  0.0512  0.0618  0.0590
  0.0672  0.0657  0.0611  0.0543  0.0589  0.0573
  0.0623  0.0614  0.0596  0.0575  0.0567  0.0558
  0.0598  0.0597  0.0598  0.0598  0.0552  0.0552
  0.0606  0.0610  0.0602  0.0626  0.0553  0.0556
  0.0660  0.0637  0.0612  0.0668  0.0573  0.0569
  0.0721  0.0666  0.0643  0.0708  0.0607  0.0586
niter,ni,del,rscale     5    3   12.0000    1.2000
parameter  4  1.713555 ->  0.500000 qaram    1.5209
parameters
   -0.5032   26.6045   -0.2878  -11.9801    0.2302    1.2592
eta,q 0.95168  8.23317
  0.0673  0.0664  0.0601  0.0484  0.0551  0.0546
  0.0611  0.0609  0.0572  0.0478  0.0518  0.0514
  0.0568  0.0573  0.0552  0.0505  0.0496  0.0489
  0.0552  0.0552  0.0548  0.0548  0.0483  0.0483
  0.0574  0.0550  0.0555  0.0592  0.0489  0.0491
  0.0636  0.0567  0.0580  0.0627  0.0512  0.0508
  0.0694  0.0596  0.0623  0.0668  0.0547  0.0532
niter,ni,del,rscale     5    3   12.0000    1.2000
parameters
   -0.5612   27.5550   -0.8359  -14.8060    0.2922    1.4189
eta,q 0.95306  8.23761
  0.0622  0.0633  0.0542  0.0531  0.0544  0.0532
  0.0552  0.0563  0.0518  0.0481  0.0507  0.0500
  0.0503  0.0513  0.0492  0.0470  0.0480  0.0476
  0.0483  0.0483  0.0480  0.0482  0.0469  0.0469
  0.0499  0.0486  0.0489  0.0526  0.0478  0.0479
  0.0558  0.0520  0.0527  0.0580  0.0504  0.0498
  0.0628  0.0561  0.0584  0.0633  0.0542  0.0523
niter,ni,del,rscale     4    3   12.0000    1.2000
parameters
   -0.6081   28.5970   -1.5829  -16.3759    0.5478    1.3152
eta,q 0.95342  8.25233
  0.0617  0.0619  0.0522  0.0540  0.0547  0.0520
  0.0541  0.0548  0.0497  0.0482  0.0511  0.0491
  0.0488  0.0496  0.0476  0.0465  0.0480  0.0469
  0.0469  0.0469  0.0468  0.0470  0.0466  0.0466
  0.0489  0.0475  0.0480  0.0496  0.0474  0.0477
  0.0548  0.0506  0.0516  0.0542  0.0499  0.0497
  0.0619  0.0539  0.0566  0.0595  0.0537  0.0519
niter,ni,del,rscale     3    3   12.0000    1.2000
parameters
   -0.7373   29.3525   -2.2113  -17.5772    0.8289    1.2030
eta,q 0.95399  8.25042
  0.0615  0.0594  0.0522  0.0543  0.0539  0.0513
  0.0538  0.0525  0.0493  0.0482  0.0504  0.0484
  0.0484  0.0482  0.0471  0.0454  0.0473  0.0463
  0.0466  0.0466  0.0467  0.0467  0.0461  0.0460
  0.0490  0.0475  0.0478  0.0491  0.0467  0.0471
  0.0552  0.0499  0.0509  0.0530  0.0492  0.0491
  0.0623  0.0537  0.0556  0.0578  0.0529  0.0511
niter,ni,del,rscale     2    3   12.0000    1.2000
parameters
   -0.8445   29.8174   -2.7828  -18.3765    0.9899    1.2450
eta,q 0.95463  8.24428
  0.0613  0.0582  0.0520  0.0549  0.0530  0.0510
  0.0534  0.0513  0.0489  0.0491  0.0494  0.0480
  0.0479  0.0471  0.0463  0.0446  0.0464  0.0458
  0.0460  0.0460  0.0460  0.0459  0.0454  0.0454
  0.0485  0.0468  0.0474  0.0487  0.0461  0.0463
  0.0548  0.0496  0.0506  0.0524  0.0487  0.0483
  0.0619  0.0544  0.0549  0.0568  0.0524  0.0504
niter,ni,del,rscale     1    3   12.0000    1.2000
parameters
   -0.9001   30.1332   -3.1523  -18.8941    1.0409    1.3347
eta,q 0.95511  8.24034
  0.0614  0.0578  0.0522  0.0554  0.0523  0.0508
  0.0532  0.0508  0.0489  0.0500  0.0487  0.0477
  0.0474  0.0467  0.0460  0.0446  0.0458  0.0454
  0.0454  0.0454  0.0453  0.0453  0.0449  0.0449
  0.0478  0.0463  0.0466  0.0485  0.0457  0.0458
  0.0542  0.0497  0.0499  0.0523  0.0484  0.0478
  0.0616  0.0551  0.0544  0.0563  0.0522  0.0501
registration optimization eta report
parameter search radius
    6.0000    6.0000    6.0000    9.1253    6.0000    6.0000
100000*second partial in parameter space
       44.       31.       22.       13.       20.       15.
  0.0614  0.0578  0.0522  0.0554  0.0523  0.0508
  0.0532  0.0508  0.0489  0.0500  0.0487  0.0477
  0.0474  0.0467  0.0460  0.0446  0.0458  0.0454
  0.0454  0.0454  0.0453  0.0453  0.0449  0.0449
  0.0478  0.0463  0.0466  0.0485  0.0457  0.0458
  0.0542  0.0497  0.0499  0.0523  0.0484  0.0478
  0.0616  0.0551  0.0544  0.0563  0.0522  0.0501
   -0.9001   30.1332   -3.1523  -18.8941    1.0409    1.3347
eta,q 0.95511  8.24034

---------------------------------------------------------------------
imgreg_4dfp /opt/freesurfer/average/711-2C_as_mni_average_305 /opt/freesurfer/average/711-2B_as_mni_average_305_mask talsrcimg_g11 none talsrcimg_to_711-2C_as_mni_average_305_t4 3335
---------------------------------------------------------------------

freesurfer imgreg_4dfp.c
/opt/freesurfer/average/711-2C_as_mni_average_305.4dfp.img
       256       256       256         1
  1.000000  1.000000  1.000000
orientation T byte_order littleendian
Reading image: /opt/freesurfer/average/711-2C_as_mni_average_305.4dfp.img
dimensions:      256       256       256
mmppix:       1.0000   -1.0000   -1.0000
center:     128.0000 -129.0000 -129.0000
/opt/freesurfer/average/711-2B_as_mni_average_305_mask.4dfp.img
       256       256       256         1
  1.000000  1.000000  1.000000
orientation T byte_order littleendian
Reading mask: /opt/freesurfer/average/711-2B_as_mni_average_305_mask.4dfp.img (2306576 pixels)
talsrcimg_g11.4dfp.img
       256       256       256         1
  1.000000  1.000000  1.000000
orientation T byte_order littleendian
Reading image: talsrcimg_g11.4dfp.img
dimensions:      256       256       256
mmppix:       1.0000   -1.0000   -1.0000
center:     128.0000 -129.0000 -129.0000
fimgreg.f
image alignment mode   3335 decimal      D07 hex
parameters
   -0.9001   30.1332   -3.1523   -0.0436   -5.4001   -5.4037
   -1.6158   -2.4725    2.3290   32.3332    1.8165  -32.3766
eta,q 0.95507  8.31147
niter,ni,del,rscale     5    3    5.0000    1.2000
parameter  5  1.595271 ->  0.500000 qaram    1.1500
parameter  6  0.522772 ->  0.500000 qaram    1.1500
parameters
   -0.8640   30.9758   -3.4355   -2.8347   -9.5401   -9.5437
    0.6876   -0.2000    2.9862   29.2293    3.4223  -31.2093
eta,q 0.96035  7.87193
  0.0479  0.0478  0.0458  0.0455  0.0398  0.0409  0.0432  0.0446  0.0418  0.0403  0.0404  0.0407
  0.0464  0.0466  0.0451  0.0449  0.0409  0.0406  0.0420  0.0429  0.0409  0.0399  0.0401  0.0401
  0.0453  0.0456  0.0447  0.0443  0.0423  0.0406  0.0411  0.0414  0.0403  0.0397  0.0398  0.0398
  0.0449  0.0449  0.0447  0.0446  0.0444  0.0413  0.0406  0.0404  0.0400  0.0400  0.0397  0.0397
  0.0452  0.0446  0.0449  0.0461  0.0471  0.0427  0.0404  0.0400  0.0401  0.0410  0.0397  0.0397
  0.0462  0.0448  0.0456  0.0483  0.0501  0.0454  0.0406  0.0404  0.0405  0.0426  0.0398  0.0398
  0.0478  0.0455  0.0466  0.0510  0.0533  0.0489  0.0412  0.0415  0.0412  0.0445  0.0400  0.0401
niter,ni,del,rscale     6    3    5.0000    1.2000
parameter  3  0.520699 ->  0.500000 qaram    1.1500
parameter  5  0.821519 ->  0.500000 qaram    1.3225
parameter  6  0.577119 ->  0.500000 qaram    1.3225
parameters
   -0.7677   30.0152   -4.8155   -2.8865  -14.3011  -14.3047
    0.3094    0.2921    2.5535   29.1132    6.8527  -30.8254
eta,q 0.96344  7.39991
  0.0422  0.0400  0.0392  0.0405  0.0372  0.0367  0.0382  0.0393  0.0378  0.0385  0.0372  0.0376
  0.0408  0.0394  0.0391  0.0401  0.0372  0.0367  0.0374  0.0382  0.0371  0.0375  0.0370  0.0370
  0.0400  0.0393  0.0391  0.0397  0.0379  0.0367  0.0368  0.0372  0.0367  0.0369  0.0368  0.0367
  0.0396  0.0396  0.0393  0.0391  0.0391  0.0374  0.0367  0.0367  0.0367  0.0367  0.0367  0.0366
  0.0399  0.0403  0.0398  0.0389  0.0407  0.0384  0.0370  0.0367  0.0369  0.0368  0.0366  0.0367
  0.0406  0.0413  0.0405  0.0397  0.0432  0.0402  0.0376  0.0375  0.0374  0.0375  0.0366  0.0370
  0.0418  0.0426  0.0415  0.0412  0.0465  0.0430  0.0385  0.0389  0.0381  0.0387  0.0367  0.0374
niter,ni,del,rscale     7    3    5.0000    1.2000
parameter  5  0.518316 ->  0.500000 qaram    1.5209
parameters
   -0.9266   30.5297   -6.1255   -3.6292  -19.7762  -18.2822
    0.3245   -0.2551    0.7391   31.1193    4.2775  -30.8400
eta,q 0.96459  7.00583
  0.0384  0.0392  0.0365  0.0370  0.0362  0.0362  0.0370  0.0372  0.0362  0.0378  0.0355  0.0358
  0.0373  0.0379  0.0363  0.0368  0.0359  0.0358  0.0363  0.0363  0.0357  0.0367  0.0354  0.0355
  0.0367  0.0370  0.0362  0.0366  0.0359  0.0356  0.0358  0.0358  0.0355  0.0360  0.0354  0.0354
  0.0366  0.0365  0.0365  0.0362  0.0364  0.0358  0.0356  0.0356  0.0356  0.0355  0.0354  0.0354
  0.0369  0.0365  0.0370  0.0360  0.0376  0.0368  0.0358  0.0359  0.0360  0.0355  0.0355  0.0355
  0.0377  0.0369  0.0377  0.0368  0.0393  0.0386  0.0363  0.0367  0.0366  0.0357  0.0356  0.0356
  0.0390  0.0376  0.0386  0.0380  0.0418  0.0412  0.0370  0.0378  0.0374  0.0362  0.0358  0.0358
niter,ni,del,rscale     7    3    5.0000    1.2000
parameter  2 -0.573457 -> -0.500000 qaram    1.1500
parameter  3  0.747662 ->  0.500000 qaram    1.3225
parameter  4  0.880368 ->  0.500000 qaram    1.1500
parameters
   -0.9940   31.9097   -7.7125   -7.7692  -24.0142  -21.3928
    0.5344   -1.0855    1.0084   33.2930    2.0661  -27.8264
eta,q 0.96706  6.60145
  0.0367  0.0386  0.0345  0.0339  0.0345  0.0341  0.0350  0.0349  0.0351  0.0359  0.0334  0.0338
  0.0359  0.0372  0.0345  0.0338  0.0338  0.0336  0.0341  0.0339  0.0341  0.0347  0.0331  0.0334
  0.0355  0.0361  0.0346  0.0343  0.0335  0.0333  0.0336  0.0333  0.0335  0.0339  0.0330  0.0332
  0.0354  0.0354  0.0349  0.0345  0.0339  0.0335  0.0333  0.0333  0.0333  0.0333  0.0331  0.0330
  0.0356  0.0350  0.0354  0.0345  0.0350  0.0340  0.0335  0.0338  0.0335  0.0331  0.0333  0.0329
  0.0360  0.0349  0.0361  0.0349  0.0368  0.0354  0.0340  0.0346  0.0340  0.0333  0.0337  0.0330
  0.0369  0.0352  0.0369  0.0359  0.0392  0.0378  0.0348  0.0355  0.0348  0.0340  0.0342  0.0331
niter,ni,del,rscale     7    3    5.0000    1.2000
parameters
   -0.9325   33.0360   -8.3454   -8.5318  -25.3971  -22.8097
    0.2729   -0.8860    1.0844   33.8670    1.9395  -28.3598
eta,q 0.96759  6.51996
  0.0348  0.0366  0.0333  0.0341  0.0347  0.0336  0.0340  0.0347  0.0341  0.0346  0.0330  0.0328
  0.0339  0.0350  0.0328  0.0332  0.0335  0.0330  0.0331  0.0335  0.0332  0.0335  0.0327  0.0326
  0.0332  0.0337  0.0326  0.0326  0.0327  0.0326  0.0326  0.0327  0.0326  0.0328  0.0325  0.0325
  0.0329  0.0329  0.0326  0.0326  0.0325  0.0324  0.0324  0.0324  0.0324  0.0324  0.0324  0.0324
  0.0331  0.0326  0.0329  0.0333  0.0330  0.0329  0.0327  0.0327  0.0326  0.0325  0.0325  0.0325
  0.0337  0.0328  0.0334  0.0337  0.0344  0.0334  0.0333  0.0334  0.0332  0.0331  0.0327  0.0326
  0.0347  0.0333  0.0341  0.0344  0.0364  0.0347  0.0342  0.0344  0.0340  0.0340  0.0331  0.0329
niter,ni,del,rscale     6    3    5.0000    1.2000
parameters
   -0.8207   33.3333   -8.7080   -8.4504  -25.6644  -23.2572
    0.0965   -0.7377    1.0588   34.3362    1.7527  -28.8955
eta,q 0.96762  6.51806
  0.0344  0.0346  0.0332  0.0343  0.0349  0.0337  0.0340  0.0346  0.0340  0.0345  0.0330  0.0327
  0.0334  0.0335  0.0327  0.0334  0.0338  0.0331  0.0331  0.0335  0.0331  0.0334  0.0326  0.0326
  0.0327  0.0327  0.0324  0.0327  0.0328  0.0326  0.0325  0.0327  0.0326  0.0327  0.0324  0.0324
  0.0324  0.0324  0.0324  0.0324  0.0324  0.0324  0.0324  0.0324  0.0324  0.0324  0.0324  0.0324
  0.0326  0.0325  0.0326  0.0329  0.0327  0.0327  0.0326  0.0327  0.0326  0.0325  0.0325  0.0324
  0.0332  0.0330  0.0330  0.0335  0.0337  0.0331  0.0333  0.0334  0.0332  0.0331  0.0327  0.0326
  0.0341  0.0338  0.0336  0.0341  0.0355  0.0341  0.0341  0.0344  0.0340  0.0340  0.0331  0.0329
niter,ni,del,rscale     5    3    5.0000    1.2000
parameters
   -0.7570   33.4454   -8.9010   -8.4667  -25.8100  -23.4696
    0.0099   -0.6330    1.0485   34.5980    1.6206  -29.1459
eta,q 0.96762  6.51560
  0.0343  0.0343  0.0333  0.0343  0.0349  0.0337  0.0340  0.0346  0.0340  0.0343  0.0330  0.0328
  0.0333  0.0333  0.0327  0.0334  0.0338  0.0331  0.0331  0.0334  0.0331  0.0333  0.0327  0.0326
  0.0326  0.0326  0.0324  0.0327  0.0328  0.0326  0.0326  0.0326  0.0325  0.0327  0.0324  0.0324
  0.0324  0.0324  0.0324  0.0324  0.0324  0.0324  0.0324  0.0324  0.0324  0.0324  0.0324  0.0324
  0.0326  0.0326  0.0326  0.0329  0.0326  0.0326  0.0326  0.0327  0.0326  0.0326  0.0325  0.0324
  0.0332  0.0331  0.0329  0.0335  0.0336  0.0330  0.0332  0.0334  0.0332  0.0332  0.0327  0.0326
  0.0341  0.0340  0.0335  0.0341  0.0354  0.0339  0.0341  0.0344  0.0340  0.0341  0.0330  0.0328
niter,ni,del,rscale     4    3    5.0000    1.2000
parameters
   -0.7243   33.5191   -8.9981   -8.4833  -25.9152  -23.6010
   -0.0394   -0.5792    1.0425   34.7542    1.5621  -29.2220
eta,q 0.96761  6.51323
  0.0343  0.0343  0.0333  0.0343  0.0349  0.0337  0.0340  0.0346  0.0340  0.0343  0.0330  0.0328
  0.0333  0.0332  0.0328  0.0334  0.0338  0.0331  0.0331  0.0334  0.0331  0.0333  0.0327  0.0326
  0.0326  0.0326  0.0325  0.0327  0.0328  0.0326  0.0326  0.0326  0.0326  0.0326  0.0325  0.0325
  0.0324  0.0324  0.0324  0.0324  0.0324  0.0324  0.0324  0.0324  0.0324  0.0324  0.0324  0.0324
  0.0326  0.0326  0.0325  0.0329  0.0326  0.0326  0.0326  0.0327  0.0326  0.0326  0.0325  0.0324
  0.0332  0.0331  0.0329  0.0335  0.0336  0.0330  0.0332  0.0334  0.0332  0.0332  0.0327  0.0326
  0.0342  0.0340  0.0334  0.0341  0.0353  0.0339  0.0340  0.0344  0.0340  0.0341  0.0330  0.0328
niter,ni,del,rscale     3    3    5.0000    1.2000
parameters
   -0.7067   33.5622   -9.0498   -8.4911  -25.9853  -23.7004
   -0.0581   -0.5478    1.0417   34.8453    1.5145  -29.2538
eta,q 0.96761  6.51153
  0.0342  0.0342  0.0333  0.0343  0.0349  0.0337  0.0341  0.0346  0.0340  0.0342  0.0330  0.0328
  0.0333  0.0332  0.0328  0.0334  0.0338  0.0331  0.0332  0.0334  0.0331  0.0333  0.0327  0.0326
  0.0326  0.0326  0.0325  0.0327  0.0328  0.0326  0.0326  0.0326  0.0326  0.0326  0.0325  0.0325
  0.0324  0.0324  0.0324  0.0324  0.0324  0.0324  0.0324  0.0324  0.0324  0.0324  0.0324  0.0324
  0.0326  0.0326  0.0325  0.0329  0.0326  0.0326  0.0326  0.0327  0.0326  0.0326  0.0325  0.0324
  0.0332  0.0331  0.0329  0.0335  0.0336  0.0330  0.0332  0.0335  0.0332  0.0332  0.0327  0.0326
  0.0342  0.0340  0.0334  0.0341  0.0353  0.0338  0.0340  0.0345  0.0340  0.0342  0.0330  0.0328
niter,ni,del,rscale     2    3    5.0000    1.2000
parameters
   -0.6995   33.5895   -9.0852   -8.4946  -26.0255  -23.7618
   -0.0654   -0.5336    1.0490   34.9009    1.4815  -29.2649
eta,q 0.96761  6.51048
  0.0342  0.0342  0.0333  0.0343  0.0349  0.0337  0.0341  0.0346  0.0340  0.0342  0.0330  0.0328
  0.0332  0.0332  0.0328  0.0334  0.0338  0.0331  0.0332  0.0334  0.0331  0.0333  0.0327  0.0326
  0.0326  0.0326  0.0325  0.0327  0.0328  0.0326  0.0326  0.0326  0.0326  0.0326  0.0325  0.0325
  0.0324  0.0324  0.0324  0.0324  0.0324  0.0324  0.0324  0.0324  0.0324  0.0324  0.0324  0.0324
  0.0326  0.0326  0.0325  0.0329  0.0326  0.0326  0.0326  0.0327  0.0326  0.0326  0.0325  0.0324
  0.0332  0.0332  0.0329  0.0335  0.0336  0.0330  0.0332  0.0335  0.0332  0.0332  0.0327  0.0326
  0.0342  0.0341  0.0334  0.0341  0.0353  0.0338  0.0340  0.0345  0.0340  0.0342  0.0330  0.0328
niter,ni,del,rscale     1    3    5.0000    1.2000
parameters
   -0.6951   33.6035   -9.1039   -8.4923  -26.0478  -23.8024
   -0.0759   -0.5275    1.0527   34.9328    1.4822  -29.2970
eta,q 0.96761  6.51019
  0.0342  0.0341  0.0334  0.0343  0.0349  0.0337  0.0341  0.0346  0.0340  0.0342  0.0330  0.0328
  0.0332  0.0332  0.0328  0.0334  0.0338  0.0331  0.0332  0.0334  0.0331  0.0333  0.0327  0.0326
  0.0326  0.0326  0.0325  0.0327  0.0328  0.0326  0.0326  0.0326  0.0326  0.0326  0.0325  0.0325
  0.0324  0.0324  0.0324  0.0324  0.0324  0.0324  0.0324  0.0324  0.0324  0.0324  0.0324  0.0324
  0.0326  0.0326  0.0325  0.0329  0.0326  0.0326  0.0326  0.0327  0.0326  0.0326  0.0325  0.0324
  0.0333  0.0332  0.0329  0.0335  0.0336  0.0330  0.0332  0.0335  0.0332  0.0332  0.0327  0.0326
  0.0342  0.0341  0.0333  0.0341  0.0353  0.0338  0.0340  0.0345  0.0340  0.0342  0.0330  0.0328
registration optimization eta report
parameter search radius
    2.4000    2.7600    3.1740    8.2800   10.9503    9.5220
    7.2000    7.2000    7.2000    7.2000    7.2000    7.2000
100000*second partial in parameter space
       31.       23.        9.        2.        2.        1.
        3.        4.        3.        3.        1.        1.
  0.0342  0.0341  0.0334  0.0343  0.0349  0.0337  0.0341  0.0346  0.0340  0.0342  0.0330  0.0328
  0.0332  0.0332  0.0328  0.0334  0.0338  0.0331  0.0332  0.0334  0.0331  0.0333  0.0327  0.0326
  0.0326  0.0326  0.0325  0.0327  0.0328  0.0326  0.0326  0.0326  0.0326  0.0326  0.0325  0.0325
  0.0324  0.0324  0.0324  0.0324  0.0324  0.0324  0.0324  0.0324  0.0324  0.0324  0.0324  0.0324
  0.0326  0.0326  0.0325  0.0329  0.0326  0.0326  0.0326  0.0327  0.0326  0.0326  0.0325  0.0324
  0.0333  0.0332  0.0329  0.0335  0.0336  0.0330  0.0332  0.0335  0.0332  0.0332  0.0327  0.0326
  0.0342  0.0341  0.0333  0.0341  0.0353  0.0338  0.0340  0.0345  0.0340  0.0342  0.0330  0.0328
   -0.6951   33.6035   -9.1039   -8.4923  -26.0478  -23.8024
   -0.0759   -0.5275    1.0527   34.9328    1.4822  -29.2970
eta,q 0.96761  6.51019

---------------------------------------------------------------------
imgreg_4dfp /opt/freesurfer/average/711-2C_as_mni_average_305 /opt/freesurfer/average/711-2B_as_mni_average_305_mask talsrcimg_g11 none talsrcimg_to_711-2C_as_mni_average_305_t4 2311
---------------------------------------------------------------------

freesurfer imgreg_4dfp.c
/opt/freesurfer/average/711-2C_as_mni_average_305.4dfp.img
       256       256       256         1
  1.000000  1.000000  1.000000
orientation T byte_order littleendian
Reading image: /opt/freesurfer/average/711-2C_as_mni_average_305.4dfp.img
dimensions:      256       256       256
mmppix:       1.0000   -1.0000   -1.0000
center:     128.0000 -129.0000 -129.0000
/opt/freesurfer/average/711-2B_as_mni_average_305_mask.4dfp.img
       256       256       256         1
  1.000000  1.000000  1.000000
orientation T byte_order littleendian
Reading mask: /opt/freesurfer/average/711-2B_as_mni_average_305_mask.4dfp.img (2306576 pixels)
talsrcimg_g11.4dfp.img
       256       256       256         1
  1.000000  1.000000  1.000000
orientation T byte_order littleendian
Reading image: talsrcimg_g11.4dfp.img
dimensions:      256       256       256
mmppix:       1.0000   -1.0000   -1.0000
center:     128.0000 -129.0000 -129.0000
fimgreg.f
image alignment mode   2311 decimal      907 hex
parameters
   -0.6951   33.6035   -9.1039   -8.4923  -26.0478  -23.8024
   -0.0759   -0.5275    1.0527   34.9328    1.4822  -29.2970
eta,q 0.96761  6.51019
niter,ni,del,rscale     5    3    5.0000    0.8000
parameters
   -0.7052   33.5795   -9.1696   -8.8670  -25.2948  -23.9412
   -0.1231   -0.6264    1.0092   34.8003    1.5146  -29.4163
eta,q 0.96763  6.51903
  0.0332  0.0330  0.0326  0.0332  0.0331  0.0328  0.0332  0.0334  0.0331  0.0332  0.0327  0.0325
  0.0328  0.0326  0.0325  0.0328  0.0328  0.0326  0.0327  0.0328  0.0327  0.0327  0.0325  0.0325
  0.0325  0.0324  0.0324  0.0325  0.0325  0.0324  0.0325  0.0325  0.0324  0.0325  0.0324  0.0324
  0.0324  0.0324  0.0324  0.0324  0.0324  0.0324  0.0324  0.0324  0.0324  0.0324  0.0324  0.0324
  0.0325  0.0325  0.0324  0.0326  0.0324  0.0324  0.0325  0.0325  0.0325  0.0325  0.0324  0.0324
  0.0328  0.0327  0.0325  0.0331  0.0325  0.0326  0.0327  0.0329  0.0327  0.0328  0.0325  0.0325
  0.0333  0.0330  0.0327  0.0334  0.0328  0.0328  0.0332  0.0334  0.0331  0.0333  0.0326  0.0326
niter,ni,del,rscale     4    3    5.0000    0.7000
parameters
   -0.7201   33.5035   -9.1927   -9.0297  -25.0896  -23.8566
   -0.1208   -0.6718    0.9816   34.6953    1.5769  -29.5119
eta,q 0.96764  6.51943
  0.0330  0.0328  0.0326  0.0331  0.0328  0.0327  0.0330  0.0331  0.0329  0.0330  0.0326  0.0325
  0.0326  0.0325  0.0324  0.0327  0.0326  0.0326  0.0326  0.0327  0.0326  0.0326  0.0325  0.0324
  0.0324  0.0324  0.0324  0.0325  0.0324  0.0324  0.0324  0.0324  0.0324  0.0324  0.0324  0.0324
  0.0324  0.0324  0.0324  0.0324  0.0324  0.0324  0.0324  0.0324  0.0324  0.0324  0.0324  0.0324
  0.0325  0.0324  0.0324  0.0325  0.0324  0.0324  0.0324  0.0325  0.0324  0.0324  0.0324  0.0324
  0.0327  0.0326  0.0325  0.0329  0.0325  0.0325  0.0326  0.0327  0.0326  0.0327  0.0324  0.0324
  0.0330  0.0329  0.0326  0.0332  0.0328  0.0327  0.0330  0.0332  0.0329  0.0330  0.0326  0.0325
niter,ni,del,rscale     3    3    5.0000    0.6000
parameters
   -0.7386   33.4749   -9.1647   -9.0846  -24.9987  -23.6629
   -0.0934   -0.7166    0.9720   34.5887    1.5813  -29.5924
eta,q 0.96764  6.52107
  0.0328  0.0327  0.0325  0.0330  0.0327  0.0326  0.0328  0.0329  0.0328  0.0328  0.0325  0.0325
  0.0326  0.0325  0.0324  0.0327  0.0325  0.0325  0.0326  0.0326  0.0325  0.0326  0.0324  0.0324
  0.0324  0.0324  0.0324  0.0325  0.0324  0.0324  0.0324  0.0324  0.0324  0.0324  0.0324  0.0324
  0.0324  0.0324  0.0324  0.0324  0.0324  0.0324  0.0324  0.0324  0.0324  0.0324  0.0324  0.0324
  0.0324  0.0324  0.0324  0.0325  0.0324  0.0324  0.0324  0.0324  0.0324  0.0324  0.0324  0.0324
  0.0326  0.0325  0.0324  0.0327  0.0325  0.0325  0.0326  0.0326  0.0326  0.0326  0.0324  0.0324
  0.0329  0.0327  0.0325  0.0330  0.0327  0.0326  0.0328  0.0330  0.0328  0.0329  0.0325  0.0325
niter,ni,del,rscale     2    3    5.0000    0.5000
parameters
   -0.7451   33.4467   -9.1145   -9.0902  -24.9235  -23.4916
   -0.0894   -0.7493    0.9636   34.5081    1.6184  -29.5795
eta,q 0.96765  6.52359
  0.0327  0.0326  0.0325  0.0328  0.0326  0.0326  0.0327  0.0328  0.0327  0.0327  0.0325  0.0324
  0.0325  0.0324  0.0324  0.0326  0.0325  0.0325  0.0325  0.0325  0.0325  0.0325  0.0324  0.0324
  0.0324  0.0324  0.0324  0.0324  0.0324  0.0324  0.0324  0.0324  0.0324  0.0324  0.0324  0.0324
  0.0324  0.0324  0.0324  0.0324  0.0324  0.0324  0.0324  0.0324  0.0324  0.0324  0.0324  0.0324
  0.0324  0.0324  0.0324  0.0324  0.0324  0.0324  0.0324  0.0324  0.0324  0.0324  0.0324  0.0324
  0.0325  0.0325  0.0324  0.0326  0.0324  0.0324  0.0325  0.0326  0.0325  0.0325  0.0324  0.0324
  0.0327  0.0326  0.0324  0.0329  0.0326  0.0325  0.0327  0.0328  0.0327  0.0327  0.0325  0.0324
niter,ni,del,rscale     1    3    5.0000    0.4000
parameters
   -0.7597   33.4281   -9.0657   -9.0835  -24.9113  -23.2908
   -0.0861   -0.7875    0.9437   34.4273    1.6396  -29.5548
eta,q 0.96765  6.52477
  0.0326  0.0325  0.0324  0.0327  0.0325  0.0325  0.0326  0.0326  0.0325  0.0326  0.0324  0.0324
  0.0324  0.0324  0.0324  0.0325  0.0324  0.0324  0.0324  0.0325  0.0324  0.0324  0.0324  0.0324
  0.0324  0.0324  0.0324  0.0324  0.0324  0.0324  0.0324  0.0324  0.0324  0.0324  0.0324  0.0324
  0.0324  0.0324  0.0324  0.0324  0.0324  0.0324  0.0324  0.0324  0.0324  0.0323  0.0324  0.0323
  0.0324  0.0324  0.0324  0.0324  0.0324  0.0324  0.0324  0.0324  0.0324  0.0324  0.0324  0.0324
  0.0325  0.0324  0.0324  0.0325  0.0324  0.0324  0.0324  0.0325  0.0324  0.0325  0.0324  0.0324
  0.0326  0.0325  0.0324  0.0327  0.0325  0.0325  0.0326  0.0326  0.0325  0.0326  0.0324  0.0324
registration optimization eta report
parameter search radius
    0.8000    0.8000    0.8000    2.4000    2.4000    2.4000
    2.4000    2.4000    2.4000    2.4000    2.4000    2.4000
100000*second partial in parameter space
       34.       23.       10.        6.        2.        2.
        4.        5.        3.        4.        1.        1.
  0.0326  0.0325  0.0324  0.0327  0.0325  0.0325  0.0326  0.0326  0.0325  0.0326  0.0324  0.0324
  0.0324  0.0324  0.0324  0.0325  0.0324  0.0324  0.0324  0.0325  0.0324  0.0324  0.0324  0.0324
  0.0324  0.0324  0.0324  0.0324  0.0324  0.0324  0.0324  0.0324  0.0324  0.0324  0.0324  0.0324
  0.0324  0.0324  0.0324  0.0324  0.0324  0.0324  0.0324  0.0324  0.0324  0.0323  0.0324  0.0323
  0.0324  0.0324  0.0324  0.0324  0.0324  0.0324  0.0324  0.0324  0.0324  0.0324  0.0324  0.0324
  0.0325  0.0324  0.0324  0.0325  0.0324  0.0324  0.0324  0.0325  0.0324  0.0325  0.0324  0.0324
  0.0326  0.0325  0.0324  0.0327  0.0325  0.0325  0.0326  0.0326  0.0325  0.0326  0.0324  0.0324
   -0.7597   33.4281   -9.0657   -9.0835  -24.9113  -23.2908
   -0.0861   -0.7875    0.9437   34.4273    1.6396  -29.5548
eta,q 0.96765  6.52477

---------------------------------------------------------------------
imgreg_4dfp /opt/freesurfer/average/711-2C_as_mni_average_305 /opt/freesurfer/average/711-2B_as_mni_average_305_mask talsrcimg_g11 none talsrcimg_to_711-2C_as_mni_average_305_t4 2311
---------------------------------------------------------------------

freesurfer imgreg_4dfp.c
/opt/freesurfer/average/711-2C_as_mni_average_305.4dfp.img
       256       256       256         1
  1.000000  1.000000  1.000000
orientation T byte_order littleendian
Reading image: /opt/freesurfer/average/711-2C_as_mni_average_305.4dfp.img
dimensions:      256       256       256
mmppix:       1.0000   -1.0000   -1.0000
center:     128.0000 -129.0000 -129.0000
/opt/freesurfer/average/711-2B_as_mni_average_305_mask.4dfp.img
       256       256       256         1
  1.000000  1.000000  1.000000
orientation T byte_order littleendian
Reading mask: /opt/freesurfer/average/711-2B_as_mni_average_305_mask.4dfp.img (2306576 pixels)
talsrcimg_g11.4dfp.img
       256       256       256         1
  1.000000  1.000000  1.000000
orientation T byte_order littleendian
Reading image: talsrcimg_g11.4dfp.img
dimensions:      256       256       256
mmppix:       1.0000   -1.0000   -1.0000
center:     128.0000 -129.0000 -129.0000
fimgreg.f
image alignment mode   2311 decimal      907 hex
parameters
   -0.7597   33.4281   -9.0657   -9.0835  -24.9113  -23.2908
   -0.0861   -0.7875    0.9437   34.4273    1.6396  -29.5548
eta,q 0.96765  6.52477
niter,ni,del,rscale     5    3    5.0000    0.8000
parameters
   -0.7505   33.4296   -9.0007   -9.1038  -24.9946  -23.2852
   -0.0862   -0.7132    0.9855   34.4308    1.6342  -29.6728
eta,q 0.96765  6.52285
  0.0332  0.0329  0.0326  0.0333  0.0329  0.0328  0.0332  0.0334  0.0331  0.0332  0.0326  0.0325
  0.0327  0.0326  0.0325  0.0329  0.0326  0.0326  0.0327  0.0328  0.0327  0.0327  0.0325  0.0324
  0.0324  0.0324  0.0324  0.0325  0.0324  0.0324  0.0324  0.0325  0.0324  0.0324  0.0324  0.0324
  0.0323  0.0323  0.0323  0.0323  0.0324  0.0323  0.0323  0.0323  0.0324  0.0324  0.0324  0.0324
  0.0325  0.0324  0.0324  0.0325  0.0324  0.0324  0.0324  0.0325  0.0324  0.0324  0.0324  0.0324
  0.0327  0.0326  0.0325  0.0329  0.0326  0.0326  0.0327  0.0328  0.0327  0.0327  0.0325  0.0324
  0.0332  0.0329  0.0326  0.0333  0.0330  0.0328  0.0332  0.0333  0.0331  0.0332  0.0326  0.0325
niter,ni,del,rscale     4    3    5.0000    0.7000
parameters
   -0.7468   33.4338   -9.0118   -9.1369  -24.9335  -23.2656
   -0.1142   -0.7329    0.9738   34.4304    1.6122  -29.7257
eta,q 0.96765  6.52437
  0.0330  0.0328  0.0325  0.0331  0.0328  0.0327  0.0330  0.0331  0.0329  0.0330  0.0326  0.0325
  0.0326  0.0326  0.0324  0.0328  0.0326  0.0325  0.0326  0.0327  0.0326  0.0326  0.0324  0.0324
  0.0324  0.0324  0.0324  0.0325  0.0324  0.0324  0.0324  0.0324  0.0324  0.0324  0.0324  0.0324
  0.0324  0.0324  0.0324  0.0324  0.0324  0.0324  0.0324  0.0324  0.0324  0.0324  0.0324  0.0324
  0.0324  0.0324  0.0324  0.0325  0.0324  0.0324  0.0324  0.0325  0.0324  0.0324  0.0324  0.0324
  0.0326  0.0326  0.0324  0.0328  0.0325  0.0325  0.0326  0.0327  0.0326  0.0326  0.0325  0.0324
  0.0330  0.0328  0.0326  0.0332  0.0328  0.0327  0.0330  0.0331  0.0329  0.0330  0.0326  0.0325
niter,ni,del,rscale     3    3    5.0000    0.6000
parameters
   -0.7440   33.4261   -9.0056   -9.1406  -24.9127  -23.2173
   -0.1176   -0.7440    0.9601   34.4118    1.6438  -29.7255
eta,q 0.96765  6.52502
  0.0328  0.0327  0.0325  0.0330  0.0327  0.0326  0.0328  0.0329  0.0328  0.0328  0.0325  0.0325
  0.0326  0.0325  0.0324  0.0327  0.0325  0.0325  0.0326  0.0326  0.0325  0.0326  0.0324  0.0324
  0.0324  0.0324  0.0324  0.0325  0.0324  0.0324  0.0324  0.0324  0.0324  0.0324  0.0324  0.0324
  0.0324  0.0324  0.0324  0.0324  0.0324  0.0324  0.0324  0.0324  0.0324  0.0323  0.0324  0.0323
  0.0324  0.0324  0.0324  0.0324  0.0324  0.0324  0.0324  0.0324  0.0324  0.0324  0.0324  0.0324
  0.0326  0.0325  0.0324  0.0327  0.0325  0.0325  0.0326  0.0326  0.0325  0.0326  0.0324  0.0324
  0.0328  0.0327  0.0325  0.0330  0.0327  0.0326  0.0328  0.0329  0.0328  0.0328  0.0325  0.0325
niter,ni,del,rscale     2    3    5.0000    0.5000
parameters
   -0.7448   33.4196   -9.0077   -9.1319  -24.8806  -23.1851
   -0.1141   -0.7726    0.9518   34.3798    1.6586  -29.6705
eta,q 0.96765  6.52569
  0.0327  0.0326  0.0325  0.0328  0.0326  0.0326  0.0327  0.0328  0.0327  0.0327  0.0325  0.0324
  0.0325  0.0325  0.0324  0.0326  0.0325  0.0325  0.0325  0.0325  0.0325  0.0325  0.0324  0.0324
  0.0324  0.0324  0.0324  0.0324  0.0324  0.0324  0.0324  0.0324  0.0324  0.0324  0.0324  0.0324
  0.0323  0.0324  0.0324  0.0323  0.0324  0.0323  0.0324  0.0323  0.0323  0.0323  0.0324  0.0323
  0.0324  0.0324  0.0324  0.0324  0.0324  0.0324  0.0324  0.0324  0.0324  0.0324  0.0324  0.0324
  0.0325  0.0325  0.0324  0.0326  0.0324  0.0324  0.0325  0.0325  0.0325  0.0325  0.0324  0.0324
  0.0327  0.0326  0.0325  0.0328  0.0326  0.0326  0.0327  0.0328  0.0326  0.0327  0.0325  0.0324
niter,ni,del,rscale     1    3    5.0000    0.4000
parameters
   -0.7549   33.4064   -8.9800   -9.1044  -24.8539  -23.0971
   -0.0869   -0.7926    0.9386   34.3378    1.7056  -29.6565
eta,q 0.96765  6.52749
  0.0326  0.0325  0.0324  0.0327  0.0325  0.0325  0.0326  0.0326  0.0325  0.0326  0.0324  0.0324
  0.0324  0.0324  0.0324  0.0325  0.0324  0.0324  0.0324  0.0325  0.0324  0.0324  0.0324  0.0324
  0.0324  0.0324  0.0324  0.0324  0.0324  0.0324  0.0324  0.0324  0.0324  0.0324  0.0324  0.0324
  0.0323  0.0324  0.0323  0.0323  0.0323  0.0323  0.0323  0.0323  0.0323  0.0323  0.0323  0.0324
  0.0324  0.0324  0.0324  0.0324  0.0324  0.0324  0.0324  0.0324  0.0324  0.0324  0.0324  0.0323
  0.0325  0.0324  0.0324  0.0325  0.0324  0.0324  0.0324  0.0325  0.0324  0.0324  0.0324  0.0324
  0.0326  0.0325  0.0324  0.0327  0.0325  0.0325  0.0325  0.0326  0.0325  0.0326  0.0324  0.0324
registration optimization eta report
parameter search radius
    0.8000    0.8000    0.8000    2.4000    2.4000    2.4000
    2.4000    2.4000    2.4000    2.4000    2.4000    2.4000
100000*second partial in parameter space
       34.       23.       10.        6.        3.        2.
        4.        5.        3.        4.        1.        1.
  0.0326  0.0325  0.0324  0.0327  0.0325  0.0325  0.0326  0.0326  0.0325  0.0326  0.0324  0.0324
  0.0324  0.0324  0.0324  0.0325  0.0324  0.0324  0.0324  0.0325  0.0324  0.0324  0.0324  0.0324
  0.0324  0.0324  0.0324  0.0324  0.0324  0.0324  0.0324  0.0324  0.0324  0.0324  0.0324  0.0324
  0.0323  0.0324  0.0323  0.0323  0.0323  0.0323  0.0323  0.0323  0.0323  0.0323  0.0323  0.0324
  0.0324  0.0324  0.0324  0.0324  0.0324  0.0324  0.0324  0.0324  0.0324  0.0324  0.0324  0.0323
  0.0325  0.0324  0.0324  0.0325  0.0324  0.0324  0.0324  0.0325  0.0324  0.0324  0.0324  0.0324
  0.0326  0.0325  0.0324  0.0327  0.0325  0.0325  0.0325  0.0326  0.0325  0.0326  0.0324  0.0324
   -0.7549   33.4064   -8.9800   -9.1044  -24.8539  -23.0971
   -0.0869   -0.7926    0.9386   34.3378    1.7056  -29.6565
eta,q 0.96765  6.52749

---------------------------------------------------------------------
compute_vox2vox talsrcimg talsrcimg_to_711-2C_as_mni_average_305_t4 /opt/freesurfer/average/711-2C_as_mni_average_305
---------------------------------------------------------------------

freesurfer compute_vox2vox.c
Reading: talsrcimg.4dfp.ifh
Reading: talsrcimg_to_711-2C_as_mni_average_305_t4
Reading: /opt/freesurfer/average/711-2C_as_mni_average_305.4dfp.ifh
Writing: talsrcimg_to_711-2C_as_mni_average_305_t4_vox2vox.txt

start time Mon Mar 9 22:29:05 CET 2026
end		time Mon Mar 9 22:30:30 CET 2026

mpr2mni305 success

avi2talxfm orig_nu.mgz /opt/freesurfer/average/mni305.cor.mgz talsrcimg_to_711-2C_as_mni_average_305_t4_vox2vox.txt transforms/talairach.auto.xfm
avi2talxfm done
mv -f /out/sourcedata/freesurfer/sub-v1s2x0051481_ses-1/mri/talsrcimg_to_711-2C_as_mni_average_305_t4_vox2vox.txt /out/sourcedata/freesurfer/sub-v1s2x0051481_ses-1/mri/transforms/talsrcimg_to_711-2C_as_mni_average_305_t4_vox2vox.txt
lta_convert --src orig_nu.mgz --trg /opt/freesurfer/average/mni305.cor.mgz --inxfm transforms/talairach.auto.xfm --outlta transforms/talairach.auto.xfm.lta --subject fsaverage
7.3.2

--src: orig_nu.mgz src image (geometry).
--trg: /opt/freesurfer/average/mni305.cor.mgz trg image (geometry).
--inmni: transforms/talairach.auto.xfm input MNI/XFM transform.
--outlta: transforms/talairach.auto.xfm.lta output LTA.
--s: fsaverage subject name
 LTA read, type : 1
 1.09994   0.00915   0.00489   2.03952;
-0.02524   1.10532   0.43619  -59.11277;
-0.00220  -0.50519   1.13137   29.46165;
 0.00000   0.00000   0.00000   1.00000;
setting subject to fsaverage
Writing  LTA to file transforms/talairach.auto.xfm.lta...
lta_convert successful.
 
 
Started at Mon Mar 9 22:29:04 CET 2026
Ended   at Mon Mar  9 22:30:30 CET 2026
talairach_avi done
