status file for recon-all
Mon Mar  9 23:40:09 CET 2026
#@# Tessellate rh Mon Mar  9 23:40:09 CET 2026
#@# Smooth1 rh Mon Mar  9 23:40:12 CET 2026
#@# Inflation1 rh Mon Mar  9 23:40:15 CET 2026
#@# QSphere rh Mon Mar  9 23:40:31 CET 2026
#@# Fix Topology rh Mon Mar  9 23:41:42 CET 2026
#@# Smooth2 rh Mon Mar  9 23:48:15 CET 2026
#@# Inflation2 rh Mon Mar  9 23:48:18 CET 2026
#@# Curv .H and .K rh Mon Mar  9 23:48:34 CET 2026
#@# Sphere rh Mon Mar  9 23:49:21 CET 2026
#@# Surf Reg rh Mon Mar  9 23:55:43 CET 2026
#@# Jacobian white rh Tue Mar 10 00:02:55 CET 2026
#@# AvgCurv rh Tue Mar 10 00:02:56 CET 2026
#@# Cortical Parc rh Tue Mar 10 00:02:56 CET 2026
#@# white curv rh Tue Mar 10 00:09:14 CET 2026
#@# white area rh Tue Mar 10 00:09:16 CET 2026
#@# pial curv rh Tue Mar 10 00:09:17 CET 2026
#@# pial area rh Tue Mar 10 00:09:19 CET 2026
#@# thickness rh Tue Mar 10 00:09:20 CET 2026
#@# area and vertex vol rh Tue Mar 10 00:09:44 CET 2026
#@# Curvature Stats rh Tue Mar 10 00:09:46 CET 2026
#@# Cortical Parc 2 rh Tue Mar 10 00:09:48 CET 2026
#@# Cortical Parc 3 rh Tue Mar 10 00:09:59 CET 2026
#@# WM/GM Contrast rh Tue Mar 10 00:10:09 CET 2026
recon-all -s sub-v1s2x0051474_ses-1 finished without error at Tue Mar 10 00:10:11 CET 2026



#New# invocation of recon-all 



status file for recon-all
Tue Mar 10 00:18:35 CET 2026
#@# white curv rh Tue Mar 10 00:18:35 CET 2026
#@# white area rh Tue Mar 10 00:18:35 CET 2026
#@# pial curv rh Tue Mar 10 00:18:35 CET 2026
#@# pial area rh Tue Mar 10 00:18:35 CET 2026
#@# thickness rh Tue Mar 10 00:18:35 CET 2026
#@# area and vertex vol rh Tue Mar 10 00:18:35 CET 2026
#@# Parcellation Stats rh Tue Mar 10 00:18:35 CET 2026
#@# Parcellation Stats 2 rh Tue Mar 10 00:18:56 CET 2026
#@# Parcellation Stats 3 rh Tue Mar 10 00:19:07 CET 2026
#@# BA_exvivo Labels rh Tue Mar 10 00:19:17 CET 2026
recon-all -s sub-v1s2x0051474_ses-1 finished without error at Tue Mar 10 00:21:42 CET 2026
