status file for recon-all
Mon Mar  9 21:42:14 CET 2026
#@# MotionCor Mon Mar  9 21:42:16 CET 2026
#@# Talairach Mon Mar  9 21:42:22 CET 2026
#@# Talairach Failure Detection Mon Mar  9 21:45:12 CET 2026
#@# Nu Intensity Correction Mon Mar  9 21:45:12 CET 2026
#@# Intensity Normalization Mon Mar  9 21:47:57 CET 2026
recon-all -s sub-v1s2x0051474_ses-1 finished without error at Mon Mar  9 21:49:00 CET 2026



#New# invocation of recon-all 



status file for recon-all
Mon Mar  9 21:54:54 CET 2026
#@# EM Registration Mon Mar  9 21:54:54 CET 2026
recon-all -s sub-v1s2x0051474_ses-1 finished without error at Mon Mar  9 21:56:36 CET 2026



#New# invocation of recon-all 



status file for recon-all
Mon Mar  9 21:56:38 CET 2026
#@# CA Normalize Mon Mar  9 21:56:38 CET 2026
#@# CA Reg Mon Mar  9 21:57:33 CET 2026
#@# SubCort Seg Mon Mar  9 22:36:15 CET 2026
#@# CC Seg Mon Mar  9 23:09:50 CET 2026
#@# Merge ASeg Mon Mar  9 23:10:31 CET 2026
#@# Intensity Normalization2 Mon Mar  9 23:10:31 CET 2026
#@# Mask BFS Mon Mar  9 23:12:01 CET 2026
#@# WM Segmentation Mon Mar  9 23:12:02 CET 2026
#@# Fill Mon Mar  9 23:14:03 CET 2026
recon-all -s sub-v1s2x0051474_ses-1 finished without error at Mon Mar  9 23:14:41 CET 2026



#New# invocation of recon-all 



status file for recon-all
Tue Mar 10 00:10:15 CET 2026
#@# white curv lh Tue Mar 10 00:10:15 CET 2026
#@# white area lh Tue Mar 10 00:10:15 CET 2026
#@# pial curv lh Tue Mar 10 00:10:15 CET 2026
#@# pial area lh Tue Mar 10 00:10:15 CET 2026
#@# thickness lh Tue Mar 10 00:10:15 CET 2026
#@# area and vertex vol lh Tue Mar 10 00:10:15 CET 2026
#@# white curv rh Tue Mar 10 00:10:15 CET 2026
#@# white area rh Tue Mar 10 00:10:15 CET 2026
#@# pial curv rh Tue Mar 10 00:10:15 CET 2026
#@# pial area rh Tue Mar 10 00:10:15 CET 2026
#@# thickness rh Tue Mar 10 00:10:15 CET 2026
#@# area and vertex vol rh Tue Mar 10 00:10:15 CET 2026
#@# Cortical ribbon mask Tue Mar 10 00:10:15 CET 2026
recon-all -s sub-v1s2x0051474_ses-1 finished without error at Tue Mar 10 00:15:16 CET 2026



#New# invocation of recon-all 



status file for recon-all
Tue Mar 10 00:21:47 CET 2026
#@# white curv lh Tue Mar 10 00:21:47 CET 2026
#@# white area lh Tue Mar 10 00:21:47 CET 2026
#@# pial curv lh Tue Mar 10 00:21:47 CET 2026
#@# pial area lh Tue Mar 10 00:21:47 CET 2026
#@# thickness lh Tue Mar 10 00:21:47 CET 2026
#@# area and vertex vol lh Tue Mar 10 00:21:47 CET 2026
#@# white curv rh Tue Mar 10 00:21:47 CET 2026
#@# white area rh Tue Mar 10 00:21:47 CET 2026
#@# pial curv rh Tue Mar 10 00:21:47 CET 2026
#@# pial area rh Tue Mar 10 00:21:47 CET 2026
#@# thickness rh Tue Mar 10 00:21:47 CET 2026
#@# area and vertex vol rh Tue Mar 10 00:21:47 CET 2026
#@# Curvature Stats lh Tue Mar 10 00:21:47 CET 2026
#@# Curvature Stats rh Tue Mar 10 00:21:50 CET 2026
#@# Relabel Hypointensities Tue Mar 10 00:21:52 CET 2026
#@# APas-to-ASeg Tue Mar 10 00:22:04 CET 2026
#@# AParc-to-ASeg aparc Tue Mar 10 00:22:11 CET 2026
#@# AParc-to-ASeg aparc.a2009s Tue Mar 10 00:22:51 CET 2026
#@# AParc-to-ASeg aparc.DKTatlas Tue Mar 10 00:23:34 CET 2026
#@# WMParc Tue Mar 10 00:24:05 CET 2026
#@# ASeg Stats Tue Mar 10 00:26:21 CET 2026
recon-all -s sub-v1s2x0051474_ses-1 finished without error at Tue Mar 10 00:26:42 CET 2026
