status file for recon-all
Mon Mar  9 23:14:45 CET 2026
#@# Tessellate lh Mon Mar  9 23:14:45 CET 2026
#@# Smooth1 lh Mon Mar  9 23:14:48 CET 2026
#@# Inflation1 lh Mon Mar  9 23:14:51 CET 2026
#@# QSphere lh Mon Mar  9 23:15:07 CET 2026
#@# Fix Topology lh Mon Mar  9 23:16:13 CET 2026
#@# Smooth2 lh Mon Mar  9 23:23:16 CET 2026
#@# Inflation2 lh Mon Mar  9 23:23:18 CET 2026
#@# Curv .H and .K lh Mon Mar  9 23:23:34 CET 2026
#@# Sphere lh Mon Mar  9 23:24:19 CET 2026
#@# Surf Reg lh Mon Mar  9 23:27:58 CET 2026
#@# Jacobian white lh Mon Mar  9 23:32:43 CET 2026
#@# AvgCurv lh Mon Mar  9 23:32:45 CET 2026
#@# Cortical Parc lh Mon Mar  9 23:32:45 CET 2026
#@# white curv lh Mon Mar  9 23:39:10 CET 2026
#@# white area lh Mon Mar  9 23:39:12 CET 2026
#@# pial curv lh Mon Mar  9 23:39:13 CET 2026
#@# pial area lh Mon Mar  9 23:39:14 CET 2026
#@# thickness lh Mon Mar  9 23:39:15 CET 2026
#@# area and vertex vol lh Mon Mar  9 23:39:39 CET 2026
#@# Curvature Stats lh Mon Mar  9 23:39:41 CET 2026
#@# Cortical Parc 2 lh Mon Mar  9 23:39:43 CET 2026
#@# Cortical Parc 3 lh Mon Mar  9 23:39:55 CET 2026
#@# WM/GM Contrast lh Mon Mar  9 23:40:04 CET 2026
recon-all -s sub-v1s2x0051474_ses-1 finished without error at Mon Mar  9 23:40:07 CET 2026



#New# invocation of recon-all 



status file for recon-all
Tue Mar 10 00:15:19 CET 2026
#@# white curv lh Tue Mar 10 00:15:19 CET 2026
#@# white area lh Tue Mar 10 00:15:19 CET 2026
#@# pial curv lh Tue Mar 10 00:15:19 CET 2026
#@# pial area lh Tue Mar 10 00:15:19 CET 2026
#@# thickness lh Tue Mar 10 00:15:20 CET 2026
#@# area and vertex vol lh Tue Mar 10 00:15:20 CET 2026
#@# Parcellation Stats lh Tue Mar 10 00:15:20 CET 2026
#@# Parcellation Stats 2 lh Tue Mar 10 00:15:41 CET 2026
#@# Parcellation Stats 3 lh Tue Mar 10 00:15:52 CET 2026
#@# BA_exvivo Labels lh Tue Mar 10 00:16:02 CET 2026
recon-all -s sub-v1s2x0051474_ses-1 finished without error at Tue Mar 10 00:18:33 CET 2026
