1771665946s 1 1e32e23b-6d65-42ad-8cec-9ba2888b8974
1771845278s 1 85e76da5-55df-4e9e-be44-f0e8011fa7de
1771845741s 1 2781e2b1-aedf-4230-8eca-826fc8719874
1771846041s 1 3ac9c862-eb44-465e-8eef-c361783c5942
1771847424s 1 c38f6f46-3206-4851-8c38-9ada51fff813
1771847813s 1 c8ac207d-5666-4fb9-a64f-cc17add3029c
1771848349s 1 261645e8-0c80-4059-9e72-196c23e7fc41
1771849702s 1 b7649ddc-45ef-4edc-84bd-05db63ebc656
1771884367s 1 4d2de43f-abfe-4742-9ee3-3b8906abc63d
1771884407s 1 816c8d45-c18d-4ebd-8f08-c398e3e58f5f
1771885121s 1 59d78ae0-ebbe-4bc6-b0dd-69f52030e18f
1771885139s 1 816c8d45-c18d-4ebd-8f08-c398e3e58f5f
1771885584s 1 f230ea37-6d3d-4bfc-9d26-424c970b8cfb
1771885605s 1 816c8d45-c18d-4ebd-8f08-c398e3e58f5f
1771886343s 1 acc1a68d-ff63-4944-bc27-92fb16376614
1771886364s 1 816c8d45-c18d-4ebd-8f08-c398e3e58f5f
1771886576s 1 9ee60bcd-0dc0-4d46-acd4-0c99c2c5e424
1771886595s 1 816c8d45-c18d-4ebd-8f08-c398e3e58f5f
1771886795s 1 02235a03-04d5-44b3-85db-446704f9f321
1771886814s 1 816c8d45-c18d-4ebd-8f08-c398e3e58f5f
1771887877s 1 45b478fe-f7cf-41da-ad37-27b036be1a46
1771887898s 1 816c8d45-c18d-4ebd-8f08-c398e3e58f5f
1771941188.087420392s 1 4a264581-49b7-42f4-926b-f3a00c77c802
1771941188s 1 4a264581-49b7-42f4-926b-f3a00c77c802
1771987552s 1 4424a394-2b25-43a1-84d6-bfc06f785e3d
1771987869s 1 87151b8d-702b-418e-bbc5-5c13f1bb8a17
1771989495s 1 039f5897-1b18-4616-a5b3-dd0f7b44650d
1771990275s 1 bff3cfcd-443f-4a65-aa7f-382b53048584
1771990764s 1 6ea7a810-0d64-45bc-95f7-441b6e586519
1771992139s 1 13a51485-6155-469e-9178-d5fa6004d33b
1772019526s 1 c4770fbc-dc1f-4537-90da-6040bfae0ba0
1772019656s 1 646f8658-e047-4eab-8bfb-aab31331792f
1772019704s 1 7235892e-0d08-46c1-9924-4695784914b1
1772020011s 1 5bee027b-0453-4f0b-ba21-ad0821f7a977
1772020963s 1 9e6b210c-8250-4654-a828-4ad0595507c2
1772024085s 1 77853132-5398-401a-baf9-575865565925
1772035616s 1 fe8c1d1b-705e-4d6d-a27f-f71c6ed00389
1772035669s 1 463654a9-d24d-4aba-adbb-45808e3a3137
1772036839s 1 794b5f6a-3f3f-4613-8e10-79bfd03b09be
1772038421s 1 aff28dd5-e954-41e3-b382-242699a3157e
1772038606s 1 3183ea4c-2b85-4f50-9349-ab14356090b2
1772038931s 1 499e2356-d07b-4a11-a2f9-7a8e7bec6921
1772045236s 1 6825bee1-d99f-4676-8130-e0e018d7cc42
1772054978s 1 4b23b029-33a9-4a96-9017-e58ba08b3bed
1772056069s 1 28db72d1-c6ef-4486-9cb7-2e1c83e5c552
1772056642s 1 3c89d671-4cda-4da8-8639-56812e365a65
1772058030s 1 b6fc213c-9765-4c67-a922-645dc81f462d
1772061271s 1 349f5925-9270-4cb6-bb52-c55b5c9019cf
1772069624s 1 4ee482fa-cc24-4c01-ab27-3dcda7337b4b
1772069918s 1 f0231a24-7825-4acc-be00-f59a4b82249e
1772072852s 1 22195218-e831-4c5e-87de-3d112fc7df4e
1772073885s 1 1610b414-8fce-4356-9eca-ed54b84f2895
1772074436s 1 4a2b0837-5a8c-4127-93a6-4375c52686ac
1772078924s 1 9dfa8ab1-e54e-44f2-95d3-cb4bcbb5e1a0
1772082332s 1 46dab277-2034-4c8f-951b-1f1b74a1f611
1772091350s 1 e1f2ab72-9b73-4717-a489-91cacc42d5ef
1772092452s 1 6f9588fd-c910-4ffd-909e-2dec9dea16ca
1772092914s 1 145e9c02-e4a4-4e14-8b3a-89116946e8ca
1772094735s 1 4ea8f9bc-78a0-43e8-a5c8-ecfb34479aa0
1772100297s 1 ef0f9f13-211b-4c0f-9a91-e88efe5ae471
1772102740s 1 807c6469-3ce4-4856-8767-0a6956f43239
1772111722s 1 acd8b987-1b99-48a2-b1e7-701652c90503
1772113134s 1 4a8d6aac-d62c-4c4e-9539-b92fb4ea5a16
1772113578s 1 f1b0730c-17a5-484c-9079-c3d3550c45a1
1772115086s 1 2ebc693e-b6a8-43e1-9fd2-027ebbb07577
1772121338s 1 3926350c-400d-46a8-a9ec-3b32ce2a2d68
1772122801s 1 42eb9c0e-3930-43a5-963c-ba391c8b0659
1772130849s 1 71bf678b-10ae-4ac0-b239-aea6d77c113e
1772131000s 1 0e570fb2-f837-439c-86c9-c87b0b99e919
1772131911s 1 1aeae159-0026-438e-a383-a82f2ff43784
1772140367s 1 598e9b3d-b999-48f5-be91-4fc03b169079
1772468711s 1 7c2cd729-c58c-4551-b24a-98aee7ef1647
1772468739s 1 7b40e160-e048-4671-9d35-6321295e0cb0
1772469248s 1 0403dcfd-b19d-48a6-a371-3b685d27217d
1772470280s 1 aefc6d01-1f59-4f90-aa8d-c4fd21196f8d
1772471051s 1 8da24154-f353-49c1-89b4-d3c7f9268acf
1772486869s 1 268e35ab-54d5-41a1-8e6a-bbded26b5ed6
1772487921s 1 4f7fd394-b9bb-4f39-81cf-74fc7ae0ca52
1772488317s 1 c445ca57-574c-465b-96cb-a8c58a4ed95c
1772488419s 1 cb44af93-9f7e-4788-b445-b5ee19f80d3f
1772489549s 1 c5efe339-437c-477b-9690-4ad05abb549d
1772505315s 1 efca2b27-a4b6-4e49-8e3f-03fe90221f34
1772505724s 1 9a71f613-f921-468b-8dae-5c8a016d69eb
1772505768s 1 c0fbfd69-0367-4580-a1af-9e711702b816
1772505953s 1 0b8b9adf-6af6-4055-9165-9fe1c36bd56f
1772506167s 1 269c400c-231f-49e3-85a7-f4ebd421146e
1772508593s 1 a6f95f52-06d1-41a4-ba45-79a128ebd37d
1772523991s 1 791f1c9f-0e7e-45c9-a8c1-e886bbfe0142
1772524684s 1 a2aabad6-2789-4745-b172-226105448680
1772525099s 1 daa03fb6-8fca-4413-9bec-6fccbbf58505
1772525311s 1 f5b56e81-6ab8-43d1-a373-b40b91e12664
1772525359s 1 6abd5fe5-9e1c-4514-a344-1ff59191fbd5
1772530345s 1 88a7cc29-015b-4d83-97de-131f13f14ec4
1772542687s 1 d16db4a4-c3e2-4e29-9e0e-deb22a66a402
1772542928s 1 28a6edbb-3d98-42a9-b65e-4d4cc009004c
1772543111s 1 03657d0c-d838-4edc-9561-a15cdd8239e4
1772543229s 1 c0bad80c-2b89-404c-b0ab-32e96c4c0695
1772545439s 1 11cf95d5-f17a-4d0f-b30c-43cca501cf15
1772551123s 1 c641d77f-4643-4878-8643-7d530e2fe223
1772558346s 1 978e9ecd-a321-4041-9bef-5f8ffdf57e24
1772562273s 1 7f84c1a7-a537-42e3-b50f-2d7dc2377a4e
1772562439s 1 823be5aa-e119-4e37-981d-bf95d74843b2
1772563242s 1 c13430cd-8a55-4d76-817e-c79bdb03ce89
1772563797s 1 abc316bc-449d-457e-aa31-f592f19f7700
1772570091s 1 fcc6d03a-15c2-439d-a0cb-2ccec1ad2f5f
1772580477s 1 150024ef-aacd-4588-a37c-65328f736428
1772581514s 1 fa8c26f8-24e2-4aeb-a781-0d9f462cfef3
1772583081s 1 3a0ac086-7a4c-44ad-8945-b067006290f2
1772583577s 1 7e1d4a4c-2e08-4aa3-9dcc-428748b27699
1772589702s 1 44f7220c-a62b-4819-8231-02b26542bff7
1772599939s 1 caa3d7ab-d5b0-48dd-a65f-ba2776fa3cbc
1772600321s 1 57c29402-ab7c-490d-adc5-1e9c4aa69f35
1772600860s 1 4ce4ff7c-f3fe-423f-8e5b-6a57690aad6b
1772602810s 1 cfa86635-6029-4a5d-8f97-95d0d55e9f38
1772607406s 1 87182da1-213d-43ca-822e-5d098b30dc87
1772618559s 1 bf6bb879-36d1-4e4e-96b0-c3055f255428
1772620033s 1 af9df8d2-9e9e-43a4-971d-8b8159d8e1bb
1772621003s 1 a9f81dc5-649e-4a06-b0fa-3bd512c87c1f
1772621806s 1 dac9a391-9f08-4e92-974a-956bb07250a9
1772626058s 1 8fbaf379-0a33-4eea-9401-dd99c9a6f2fb
1772765415.579383865s 1 f93681e8-ee31-4153-8471-c91c1ff638f5
1772766244.337423757s 1 35b22f5f-e97d-4ba6-81bb-47ec231de53b
1772768610.024406057s 1 9c38dfca-4180-44f8-a0f0-193ba37a1f1c
1772769082.198651829s 1 18cb3153-a9a0-4a9d-9b19-aeff2df3bd17
1772769734.901321546s 1 9461cf9c-f99e-465b-9621-3e2241956e97
1772770013.581594289s 1 d5267474-4c4b-4a99-9c2a-a1426359ac1c
1772770395.383242333s 1 50e60262-a7a9-4cb5-a71a-7c6956401b4d
1772771839.463010996s 1 2d489c2e-580b-44aa-823c-2b0bd5e75852
1772775430.763597061s 1 7c782819-9270-4a7c-aecd-9504aae985fd
1772777507.947286371s 1 88a12eff-11cc-479d-bf38-cd82f2e76347
1772786888.246860914s 1 6cbf9aaa-fdc0-4c51-b1f6-8f00dc0146f1
1772787026.810289832s 1 91bb2a46-25a6-48c5-b3cf-c3e5d2763b93
1772787036.936801282s 1 e2737d6d-0953-4bce-919d-966b44371167
1772787321.931673512s 1 9bccd19c-7e08-4ee4-befe-c6cb89ebc26c
1772787673.622868537s 1 6b9b451c-ecd9-4416-8205-8185f13cba35
1772787687.094982811s 1 4ff505d6-79a8-4d72-9c1d-048dea5f2600
1772787711.329049801s 1 8507fc07-5c14-49b4-a9ef-6aaee2644877
1772788166.359378249s 1 8fe9d2a5-9a8b-468d-a447-6d443e08ee2b
1772788592.908158828s 1 1d5340ad-a821-47d5-83c3-ce7dd239efca
1772788677.543698954s 1 5add6d2a-3200-400a-8c1c-b9e9db52176b
1772788916.675463909s 1 76504aa4-961b-4c48-928f-0aaf8c29b25c
1772789015.41304614s 1 e275f1e7-20eb-4cb2-a00a-565472657dea
1772789203.941560166s 1 1c977254-c69a-4a65-8295-f81f0ccee00e
1772789576.431891819s 1 5af6a7c0-1767-4a1a-a394-5fad814f64a4
1772790539.19725321s 1 bb7ca48d-c19c-4d33-b1b4-0dd608dcb314
1772790780.360639195s 1 b8539fdd-8444-4c9b-9749-74ad0ae72fdd
1772791039.419697427s 1 28e7371e-2e82-4722-82ce-102ee8e2ab92
1772791071.824286319s 1 e2b729d5-e4dd-458d-9bef-35e7f6bbd6e3
1772791553.729132146s 1 f39afe51-3fda-417b-b05b-b54c34abb356
1772791643.559726027s 1 fd1f4835-ef19-4da4-9038-a25b651e7ec2
1772791899.407321978s 1 4403e518-2b55-467f-ab75-4a7ef8af9270
1772791953.749256495s 1 d3e33597-2ac3-4674-967d-54b8376e5366
1772792007.103635276s 1 818791a6-bb6b-4ee6-9bdc-f1f9d374d347
1772792548.019922393s 1 4203bf14-6ab4-4590-b238-2fab68503c42
1772792616.417133153s 1 8b734198-593e-42a8-80c2-f11630a29b23
1772792870.284803285s 1 8644ef03-7df8-4baf-b243-66558d96a91c
1772793027.003854611s 1 45ca858f-0bf8-44b2-b420-957c596a5fc8
1772793137.964578098s 1 5db909e0-45f0-4df8-b759-3045424a29ee
1772793726.082966563s 1 0d827b51-94d9-4258-912e-52d1b37c6130
1772793759.443842021s 1 a013d779-2d2d-439d-a59c-711254e6420b
1772793826.847027018s 1 4cd04029-3ab2-408a-a7af-ae804e49f885
1772794029.489614246s 1 f3356103-6d79-4b71-9669-f9e988f510ef
1772794074.880478313s 1 afd07763-abb4-4615-ac99-b159ae53af70
1772794260.239163237s 1 ae1fc36c-1f92-4548-88c2-3f3f98feaccb
1772794750.463343198s 1 9db47324-c9c1-4615-8cfe-4a98b367688d
1772794864.561655524s 1 aa866c2b-791e-444c-b7e6-ccf2156b6cf2
1772795369.560750456s 1 830c29ed-9a17-4e64-b402-d8fc1ed7f7c1
1772795409.329725502s 1 4b4167e1-7b2b-4d11-ac61-c562130aa70c
1772795726.064609562s 1 e9d3dcf0-ed8c-44b4-b2d4-fdb1b6b60d0a
1772795735.951703632s 1 e4ee0f40-05b3-468b-af22-c6dce7f3e68f
1772796721.638096096s 1 2b2175a8-7d1e-4f4c-a98f-00e6b27e1225
1772796840.730042126s 1 567856e0-aa80-446e-9635-24dd285c4ab9
1772797077.124696845s 1 9ac4daeb-559a-4580-9069-a85491049b30
1772797201.705829871s 1 bb83a6b9-1100-464d-8233-92fe9c2375eb
1772797882.864765151s 1 3f93e5a0-5e1a-4b74-8c7e-d312c8d651c4
1772798235.676154555s 1 13e68a96-fd1b-43ad-8478-922a8c529a49
1772798338.842126029s 1 4a97ea38-f609-41a6-a340-cf03b6dda107
1772798402.355624083s 1 2936380c-ef3d-444a-8a77-0335ab8cbf3a
1772798683.807760691s 1 5be99d26-3d85-476d-a34f-ccd4358462f6
1772799059.340100837s 1 9e68cf3a-eaef-4559-90f6-c0198eecc3e9
1772799122.306257163s 1 07dbacee-2d66-468e-bd99-0c5268fdece6
1772799542.911791246s 1 5d40f22d-36d4-409e-b380-f205e9c010f8
1772799582.989472355s 1 4623c3fb-c1b0-4f2b-91de-b35b123735f7
1772799960.566312134s 1 a8815e68-4941-4133-9ba4-f98c85700ec0
1772800114.178791298s 1 a35a6179-a032-4008-91ac-f3cb1e2c8bc5
1772800449.16946237s 1 676f4df8-3869-4a6f-a1d4-3be6da1fbe49
1772800524.308469617s 1 a3d32210-f71c-4a44-8c6b-be97ec181fc1
1772800887.151227324s 1 625b0cad-6f94-4609-9623-707c6d2b40cc
1772801167.145343343s 1 b4ee369f-a332-4eff-a856-249b8d7e3404
1772801426.154586541s 1 ecaa3803-f224-4401-b893-df53ec632805
1772802027.128944626s 1 6f6e4b1f-29a9-46c9-996b-e89996348aa2
1772802078.307066662s 1 74b7641d-66a0-452e-80c4-4fc99c90c6d4
1772802166.458949401s 1 7967aafb-a3c0-46ef-86e2-7f3a4c84992f
1772802438.797984825s 1 855f1698-e866-4516-a390-d70108d1378a
1772802746.30179636s 1 8a0d69d6-fba6-4f37-a09f-dbe54ccb03f0
1772803217.523630221s 1 182249ea-bfb3-4deb-be72-1acd01cfbc11
1772803262.44653905s 1 5ffd8f47-6b64-45b4-abac-5db8546aa12c
1772803622.376389759s 1 ae5b1bd4-9439-4cea-a6ea-d7cf58a5616d
1772803771.108640905s 1 729a6856-aeb5-4317-a561-8f8c8c00f0b2
1772804346.645779639s 1 804b38c8-b03a-4659-abe7-361723ee8e8c
1772806279.041116938s 1 0ea8e5d3-d4af-4b8e-8191-9c64613a146a
1772806298.873680536s 1 4c847634-b23e-44d6-a518-880f8d34d322
1772806798.743987253s 1 67f36fde-f52f-46b9-9c4e-d715efa6657c
1772806817.600797864s 1 213c7dad-414f-41a3-8406-68ff06a705d3
1772807537.241473218s 1 6af6cdb0-7196-42c1-8c85-ed46add582fd
1772807750.998127593s 1 00a97d12-b136-4fc7-8999-acb89e858189
1772808139.639206509s 1 0928eea2-18cb-4292-bfdf-3ff863f6a1fc
1772808416.731331429s 1 fb9f899c-241f-4cb0-a6d2-d17a6f8d1671
1772808431.781480089s 1 581d5c4c-39e5-4c71-b963-ac7a45adbbe1
1772808507.29137091s 1 50927de9-1a18-4902-87be-152dbd304549
1772808521.738601868s 1 2fa30c54-6ee7-4a4a-8b57-b994f99d5ec9
1772808821.309030993s 1 e2661744-c4de-41b0-ae3f-e84fd4532f7b
1772808866.976699483s 1 5522d1b5-e508-42a8-9cb6-c4a21a0067d1
1772808929.098248583s 1 4ca3c955-45f9-4632-b77b-8d41fbdffa7e
1772808957.610504006s 1 a503388d-4b33-4c5b-bc34-029a2661dc73
1772808993.384061179s 1 e56b654b-ecf0-4898-9ba0-bb1fa7a81d24
1772809189.968924165s 1 0d97b5f7-a680-4817-812b-f4410418d1fb
1772809387.715562765s 1 b64fa600-c554-4838-a4e9-59cceb395dc7
1772809564.651983765s 1 017567aa-edb2-4c75-ae38-7622d810bce6
1772810367.855003704s 1 5746267a-8969-4f38-8622-88d27e3e6029
1772810555.369918576s 1 dd37712d-9928-4dbd-8b7e-0ade40a509fd
1772810936.057884305s 1 ad1cac2c-584a-4321-8751-a2bfbed29199
1772811115.637622036s 1 a579e760-289d-40d2-8ef8-ac04bd99d2c1
1772811253.408150733s 1 f7db20c1-14d5-4339-920b-be7b870cb3d7
1772811904.225490737s 1 4c46bc36-2219-4845-bbdf-52b8aab2e723
1772812521.856882545s 1 09c65b29-080b-4230-9a72-e1360949b410
1772812994.112019296s 1 787c33fd-27e4-4cef-89ad-b8e8a8a23c1b
1772813015.796594925s 1 a648e487-7bf4-474d-9948-38c9aefcdc2c
1772813248.064953476s 1 032d4506-7be0-4b4a-8f3d-036a818dbfa0
1772813562.297906307s 1 18f9a254-1413-490e-8585-65f1bd4dc2e4
1772813643.585963267s 1 c1c2c662-ee95-4a46-891f-ca669986748b
1772813799.604122457s 1 c1456393-74e3-4806-8496-06ca057e72cd
1772814163.77876181s 1 524fd770-6869-43cc-826a-62c3adc8921a
1772814538.27098142s 1 3282a4b1-0e03-4d35-bce5-febacb5cf28d
1772814583.979275372s 1 8367d4a0-810b-45ee-a49a-2ba5983459f4
1772816265.638432701s 1 6cc08fe2-f69a-49bc-a02d-52fab6c174f6
1772816715.970426717s 1 7e4643fc-515f-4eb5-b458-aefd66d4990b
1772817262.09382009s 1 cf69b4c0-874a-421d-9529-9b98b78dd9b9
1772817377.984539973s 1 9c60c0ad-cce2-4bc7-b8bc-b89e809048e1
1772817678.810152071s 1 0354e09e-22cb-44f4-9cc3-76f9420ae774
1772817820.439133767s 1 42e25fd9-edca-457f-9061-97df83acd19e
1772818055.616009518s 1 0f636544-4521-4c89-830e-dc72f8dcee1a
1772818359.51322266s 1 b7c681c5-2b5d-4899-a029-58adb50b692d
1772818459.632130287s 1 2b0c7047-c43a-430b-bf59-941ab1b20c11
1772818561.983174473s 1 ac13f189-2918-40a8-8718-84754c221fba
1772818576.381178683s 1 9add79ac-4221-4642-be1a-ff552a0b35e3
1772818680.840670311s 1 cd7c2ab9-4a7b-4ef3-9068-cc6a324cd346
1772818709.220048739s 1 15563950-cfaf-433f-8bce-cda2f8ef0ca6
1772818727.641800746s 1 86a3ba15-7e63-4117-bcaf-d284098e6e8b
1772818922.162620658s 1 b90176f2-99de-4f22-a86b-af43934ab4a1
1772819165.946727208s 1 aa810439-acda-4f90-a0fa-3ff79652d8f0
1772819226.213961714s 1 b489ef8a-e557-43c8-bf31-59571b1eecd3
1772819265.608217063s 1 bce5927d-9272-46a2-b4c5-6b093a4e51df
1772819362.445545026s 1 0772459c-15e4-4ff2-802f-8c41fc875d7e
1772819735.931385473s 1 dde831d3-a877-453d-8cee-b6357a19db46
1772820502.953026279s 1 6175c5ef-6100-4142-961e-acf5b09ddc0e
1772820594.364675836s 1 49e777d2-11b1-4ca4-a105-af166d1b5c69
1772821039.128046346s 1 85cda387-21db-4ce8-bcfc-3792391d21cb
1772822575.028188432s 1 596c7095-065d-43d8-8dd6-2f1a15570c82
1772822681.779902231s 1 ae3a2b6c-2f3d-4b6b-9e54-0b1138db861b
1772822685.893495214s 1 732ffb4c-fe20-4568-b0c3-0bb7d590982a
1772822747.135089863s 1 32f4e952-4a49-4b47-af5b-13d8f9098829
1772823011.891104847s 1 dc804563-d60c-47c3-a279-83d8e61feb6b
1772823184.00307615s 1 ad930237-aec5-4e22-ae27-033c3099f229
1772823410.318615479s 1 d5fb9e0d-001d-463c-9115-38e3d70e7177
1772823544.477122753s 1 84368be5-0cf8-4040-b330-33bfc83de4ac
1772823660.768519789s 1 5aecffa3-1428-4b25-85f8-62ee010de25a
1772824008.752210344s 1 e7ee9d1f-798b-4298-91df-1eeffbaa5c17
1772824372.38038321s 1 090a0c4b-0f60-413e-9e04-e999a25af6d2
1772824519.875682218s 1 7c5ee933-69a1-47ac-a95d-26b5b7c763ed
1772824612.1002444s 1 2723b47b-2575-45d1-85b5-338c3ca8b232
1772825239.345951295s 1 4867cb82-c851-4ffb-8764-00ba013f4579
1772825474.876794826s 1 e4e05099-ecf1-4a8d-8803-fee1c185d1e5
1772825503.599969996s 1 ca5abfeb-8bd6-4465-8688-b2526a93b97b
1772825995.18240248s 1 341b7a34-12fc-47f8-bcbc-4cb88020c0a8
1772826041.212872751s 1 dba7f6e1-b222-4e4b-bd15-57c21f661c95
1772826070.441312074s 1 755ed6d4-a5e4-4302-909f-f05d34b24713
1772826243.16753718s 1 10d3046e-76a8-49b3-b450-ee06a070d693
1772826641.883530483s 1 73ecf4c1-341c-4bef-975e-9fada28d4dbe
1772826885.802261139s 1 7b1e03cd-dd37-4cc5-8c04-57e27b0548f9
1772827095.638896591s 1 ff47b89a-e736-45ee-a76a-3decb05792d7
1772827319.65361448s 1 c89d4741-369d-41be-af0a-e07a7cb36f18
1772827484.192613806s 1 290a7b51-396a-44e0-8626-cf4375c1b6a1
1772827673.911078774s 1 cb8212f0-9a56-4b8c-bf91-163c30dae1d5
1772828212.458209557s 1 37364301-b48e-4299-bd57-9ebeadcef5cd
1772828308.972666032s 1 23fd1d23-a064-486a-9aa1-d1df423f26a9
1772829721.76215715s 1 b71c670d-26c7-4e32-b8d8-c3ed67767e06
1772829964.142591667s 1 54820587-0534-48ed-8e1c-af1e501f3e01
1772830101.487696878s 1 ef0f234c-9058-4323-bdaf-84863e0e107d
1772830219.842675169s 1 d3b940ce-ca76-4bdf-841c-28d95023237b
1772830626.205718158s 1 150f72c4-f54a-4dde-b017-ff4538aad1a9
1772830795.085535266s 1 34d145b0-394e-45be-9148-b0a0ce8a1bf1
1772831170.124675398s 1 688a1f8d-c316-416d-873b-c14c6bd7b8f7
1772831900.141802745s 1 bb520f42-3922-4729-8727-b4a80439d812
1772832581.544769893s 1 172b150c-7199-4ce2-b8bd-6ad7b7935cd3
1772832869.811213415s 1 ae00efcf-8464-4f03-bdd2-864eb6bf0b31
1772833205.808668424s 1 3e9d85eb-460b-4995-b168-5dfdf863151b
1772833918.962614468s 1 635187d7-5994-43bd-a435-664778b7a91c
1772834213.328156053s 1 c9b65fc4-25af-481b-a178-83eda6e4fa9b
1772834333.85850899s 1 dece84cb-1879-48c0-965e-f888992d4982
1772834354.287588649s 1 e1ca85a3-d96a-4bd5-ab29-5407f2781b2e
1772835028.187774326s 1 20467ad5-b85c-4905-a744-79b9e6b05be4
1772835195.327780681s 1 2d55ac55-4914-4d58-9178-104cb1ce0cab
1772835732.256940874s 1 659645bf-28f4-4ca8-8216-30a7ea97ebd7
1772835828.314434258s 1 274e2bce-5b35-4797-aa25-de609c6bbcdb
1772836049.907425736s 1 9ab1b775-f237-46d6-8620-59b1975319f1
1772836160.253309092s 1 3e50e2d0-c1be-4731-b07d-adda0458f372
1772836281.832000796s 1 08ba85c7-9610-445c-8890-7e7e48a2564e
1772837022.156370223s 1 eee1c435-cf6a-4237-8c23-28b648c6dc71
1772837123.95745346s 1 cc4ad259-4dbf-4cc6-a3bb-7637a5937ea4
1772837395.861264252s 1 a1ba25f4-44ea-4f08-9611-5acdf40b393d
1772837704.664025043s 1 783dd097-f258-42a6-a9a0-e3f39c6b06d5
1772837807.89464226s 1 f5ff39af-72cc-405b-9c45-648798ffdfdd
1772837954.832372467s 1 b73c5857-e7f5-47dd-9fd2-6d5dceeca439
1772838261.619654914s 1 d2fba6c5-a773-4f43-b483-75ca4983897f
1772838288.1977284s 1 2c409e21-a3af-43c0-aa87-458b166e4ac4
1772839085.444068659s 1 6b014303-6b0e-42d6-bc95-e8ca77a5b80a
1772840008.636772509s 1 282b4f0d-939f-4585-94a1-7e173d721918
1772840072.048831246s 1 b2d4a193-08bb-4b3d-b4c8-2e2dbeef2fb8
1772840301.821082425s 1 3bade996-5855-447b-92a9-f0ccfe0260b6
1772840372.096978542s 1 5a9c4774-35c4-44f6-afc7-765b315d24c2
1772840384.127218813s 1 638f48e2-ca6b-4594-a32f-57b57944f215
1772840533.308582215s 1 3d527e1a-f89c-4e3f-9cd4-8ee96a2edb4d
1772840765.60364542s 1 8de17f12-e21a-43ca-b519-380951507642
1772840832.770807441s 1 1fd9b84a-3c98-4e7b-a241-d31264b15143
1772840872.35336678s 1 fe463284-ae1a-4d4e-a426-5bd1483ea32e
1772841909.167723182s 1 996dd7b7-a8de-4a0b-8aee-a1e84dbff5f2
1772842204.380597557s 1 9d635870-92ee-4364-b035-42e7d6426115
1772842788.780204145s 1 584031a4-0f4c-479a-88ba-7ac31aa02001
1772843537.338326825s 1 ec4b5fde-6053-4b3d-8b0c-c4bc8f10fcbc
1772843777.432372355s 1 d1a18509-49cd-4882-8641-5759dcef213a
1772844268.938562522s 1 257832aa-dd6e-4773-901f-cc53ce7ae1f8
1772844341.285465875s 1 1267d5ef-18a2-420d-94ff-f636a417bb6c
1772844706.595504098s 1 8fdc5a48-4811-4685-8b8e-b5bdf0aad529
1772845252.610027758s 1 9b48835e-1aa7-4648-9746-a265bd7de68c
1772845453.728290966s 1 ceac789f-18f0-4da2-a8e3-46d913625688
1772845482.403259246s 1 02233d6f-fee5-48e6-9f21-24bc1809559b
1772845702.482541211s 1 24e8c33a-9a41-49da-ad62-2e97a2ee85b0
1772847126.359163077s 1 5116d168-54bb-416d-95ba-911a8e67e3fc
1772847378.407345977s 1 1b229994-7726-4167-ad84-6fb23e72007e
1772848402.496230731s 1 3c4d6822-45aa-4524-bf46-a58664e1b3da
1772848629.29731931s 1 4fab5004-0a17-4801-a294-17e66c6869a7
1772848839.756746436s 1 6b90a4b2-2ad1-4dbd-aa79-2bd15daf5397
1772848860.330036599s 1 c5cf881e-b523-440c-8863-0eb109bc23ab
1772849237.708255695s 1 7a3e6659-f07c-43d4-99a4-d8e66a16bb9d
1772849383.407717591s 1 5a1a7d7f-9c64-4034-9179-5d63b64a6d95
1772849663.943694104s 1 7b37e032-8237-468f-913d-a900ba8245f0
1772850098.24262316s 1 c95a0610-b124-4911-9482-6383b0a84ff0
1772850278.058443842s 1 4212b1df-6638-470b-8dba-3d9dbbf49190
1772850416.738523145s 1 f5b314f3-f183-451b-a4af-1cea887eed03
1772850429.097334879s 1 4e57361b-79b3-4fcd-8ffa-26cf446b3368
1772850802.126111415s 1 03d842cb-fa1d-4867-8f3f-d872f7acaba5
1772850827.648590365s 1 4239de14-71ca-49b5-9039-71a6ea11f314
1772850976.010183785s 1 dcdc76e3-539d-4aca-b783-10dd36040890
1772851168.078567141s 1 beb8d099-0be4-4c44-9a2a-10999b8b1b2d
1772851253.777051915s 1 d22d611f-07e4-4ca6-9264-789fdb96c110
1772851379.610823818s 1 573abad9-a2b5-438a-9398-8d42a83dc278
1772851506.049035673s 1 4ea2a9d1-1ce1-49d9-8f35-7f514efa9284
1772851749.296236316s 1 e458625b-593d-403c-a071-ece39a42d707
1772851849.351051782s 1 ec8c05f6-f93c-450e-bc8c-6f8e7b653729
1772851900.407638662s 1 2b3bdcff-19f6-4e23-8206-1bd6e7fa7e57
1772852313.444373792s 1 287905b9-a7a0-4376-bcce-ac9e5f50f5f8
1772852425.346458105s 1 9e5e52cd-108e-4935-9443-10253ca40931
1772852499.391020118s 1 357ee06b-d225-4290-9b9a-4bd0be08d666
1772852875.442221122s 1 fcf814b9-ed99-42f4-a3a7-6cc5b7c4e3c1
1772853116.931583393s 1 ca1e000c-061b-4a78-aa9d-9fe498131988
1772853236.291424957s 1 ef8c9cc1-42c1-49bc-8342-813f176a9535
1772853618.97563621s 1 add6c445-7ad4-4a68-94b3-16ae8608fb6f
1772853661.807146605s 1 a50b215e-8304-40c1-beaf-a13d0c5c57c2
1772853777.518454601s 1 d70cff55-9b76-496f-b3a8-8fc13a67c79f
1772853852.45622004s 1 51fdb946-80db-47cc-bec0-09102552b625
1772854291.862637138s 1 aaf9dc74-bd09-472a-8c58-3ff823201851
1772854438.345629833s 1 96dfa3f4-15a4-4f42-926c-7d52c9ce8e23
1772854462.377622703s 1 27a3c5d5-cb01-40a1-917a-e30003f46a97
1772854799.655584161s 1 3e6e41b8-1aeb-4bf5-af03-4787b4093a7e
1772854946.986106107s 1 66b58652-7f87-4e16-94e9-2486ae6c99e9
1772855427.873245813s 1 ed46c25a-7382-4263-8585-f06c9c7440d1
1772855457.456342427s 1 b7bba713-ae4f-4da8-bc0d-694cf2e5efc1
1772855546.414262463s 1 164e7c23-d3bf-437b-81e8-b33bbfc4bf2c
1772856026.047085449s 1 b9ed64fa-1dfc-403e-ba79-9425e87dfc56
1772856291.565908108s 1 a37e5709-f2cc-458b-8e2f-fbda83df116f
1772856645.042152334s 1 de2e22f4-0800-4660-83f9-ae4622bbeef8
1772858006.445840942s 1 b337082f-e4ba-4e2a-9dc2-4302f8ad5fad
1772858218.199685465s 1 828d6eca-6543-45a8-95f3-10bdd8bec19e
1772858655.03687511s 1 387ea999-91d8-4847-b616-daa35cb5253f
1772858744.40491043s 1 4a3a46bc-32a6-4c0a-b577-503d35f3c6d7
1772858926.66464029s 1 31abf753-743a-4a28-a6d9-2922d316a3a5
1772859103.90941718s 1 30801293-ac44-4c65-9d70-11126e17029e
1772860229.030340098s 1 86bb78f1-11d8-49c4-b4ae-17e23ce51e0e
1772860485.290368477s 1 a733b090-921d-4e5a-ac78-03ae355eb5c6
1772860528.224929473s 1 35a28e97-0cbb-418a-9faf-db3b12a86725
1772860762.993943825s 1 794f95b1-93db-42e4-bff3-a3f9bceecf64
1772860853.155048201s 1 7999842d-9fdc-4b96-9c16-7566af781ab9
1772861064.277709163s 1 786c393d-a151-4dd6-a535-91c677437011
1772861416.926012069s 1 de87ef55-7965-4977-aba7-0648285184e3
1772862891.764961829s 1 bdaef446-8eb9-44e3-8a80-9e236983f551
1772863024.936581004s 1 3c0a0c27-2d99-4bcb-9b38-64744874e53e
1772863211.670203099s 1 5ab5772e-de6e-4894-845a-407ed7e57480
1772863327.158156174s 1 6b0a872e-cedb-4169-85d0-fa6048b3ef2e
1772863828.801042137s 1 a4fdbe19-0a7e-41d0-ba6e-b5d60aca0d01
1772863976.060810775s 1 2ffae883-1880-4f96-96d4-cd99feb2532b
1772864174.465921806s 1 f8ad3480-ccdc-474c-9659-3524da9fd73d
1772864267.142228267s 1 bf5498dd-2130-48c5-9559-0d956bb4cd4a
1772864454.77833324s 1 18657f06-e779-49e8-91dd-ca6a145edd2b
1772864567.880706129s 1 0b1e713d-6934-41c3-a869-7c8e435fc831
1772865201.856558158s 1 1bdff6cc-597c-482d-b958-42e3d4e07206
1772865565.449139709s 1 532a2561-fa96-447a-a1f6-2eb4d902f362
1772865800.272956466s 1 6a039644-a7b7-4b05-a590-e15fafc96891
1772866203.460265095s 1 9e3f9483-06a2-44b8-93dc-8e20d0daa6d0
1772866581.92710937s 1 16745e8f-975e-42e0-8392-b54aed51662e
1772867116.340250766s 1 d44ab23d-b714-4003-aa8f-65b99928cf7c
1772867199.642105996s 1 f9b45c5d-ae17-4a54-b1e4-a555ee4f437f
1772867605.348087929s 1 ba6bd299-02c8-4355-ae6c-19185543225f
1772868222.578884764s 1 da78060a-2e01-40b9-83f6-35e89e8c0690
1772868381.46914479s 1 271a509d-baca-440f-a71c-4a8822040aa2
1772868842.305850915s 1 4e4a9da4-ce2e-4fd0-890c-bd7567b54821
1772868974.323611541s 1 250bee75-3ede-4863-a68a-354f2882cb61
1772869085.545957833s 1 e150841a-a66e-448f-8d0a-e63ddf83a80e
1772869326.87749802s 1 5edf8e68-3e9a-46c1-993f-1b7d3fb815d8
1772870103.479574801s 1 f9421aba-44fc-472e-a572-83bdd2bcf7c6
1772870716.180255231s 1 ad658cd7-5098-4fa0-8f46-889c0c9e5061
1772870769.701235026s 1 2c92a488-1b2f-45aa-b6d9-48cd036581a4
1772870831.358859959s 1 c0e1459b-49da-4e01-bfd9-5d8216ce26a0
1772871204.783196597s 1 0dcb7f85-d015-40eb-bf1f-606f9f643e26
1772871530.01358313s 1 5c301562-3957-402f-a5e0-b3080d013936
1772871671.75639653s 1 f5bb5d42-85e6-44ed-95da-9392fdd4bcff
1772872079.835858731s 1 b0dcdfa3-3c55-4488-a533-1455cb3c87df
1772872327.161774269s 1 e8c0acbf-8f29-4c0c-998d-985244494f0e
1772872432.619360722s 1 d72b3ea0-9528-4273-aea9-6feb64aeedc0
1772872551.700248887s 1 816f9077-b013-4849-a365-326fe552fffb
1772872796.695771466s 1 7a72e8c6-fe61-445b-982e-8ce1ab15a2a2
1772873203.841956367s 1 08ca5228-d7a4-49c0-bf0a-e1336d0291d7
1772873979.436740682s 1 60bb8434-7ebe-44c2-a68b-d990c481df46
1772874074.002176084s 1 b6209854-1f7e-443d-91a9-a3d2e6073cd5
1772874439.314804208s 1 ab648874-8a7d-43c0-bf34-3d80d4959a7f
1772874632.946510394s 1 c0dac272-c3d5-4446-b7e0-704700ff71b4
1772875450.435921887s 1 5046b5b0-2c22-4d00-be6a-2b5dfc4f3df9
1772875754.981452409s 1 c60adb4e-a353-48f4-a424-9c2e8cc7258c
1772876452.24672429s 1 831c7950-6b09-40f1-9359-75fcb5cfb591
1772876611.596787294s 1 fc923ad6-757b-4715-931d-56dc04f916b4
1772876777.60056202s 1 2b00e99e-ea5c-4ba3-848f-c17f03651ae7
1772876886.149329128s 1 a653fc75-012c-4fb3-be07-7371860194a6
1772877022.099422064s 1 ee7d0c4f-6d96-444b-ae6c-9bfdecd7d2e4
