status file for recon-all
Wed Mar 11 23:05:09 CET 2026
#@# Tessellate lh Wed Mar 11 23:05:09 CET 2026
#@# Smooth1 lh Wed Mar 11 23:05:13 CET 2026
#@# Inflation1 lh Wed Mar 11 23:05:15 CET 2026
#@# QSphere lh Wed Mar 11 23:05:28 CET 2026
#@# Fix Topology lh Wed Mar 11 23:06:49 CET 2026
#@# Smooth2 lh Wed Mar 11 23:12:14 CET 2026
#@# Inflation2 lh Wed Mar 11 23:12:17 CET 2026
#@# Curv .H and .K lh Wed Mar 11 23:12:31 CET 2026
#@# Sphere lh Wed Mar 11 23:13:16 CET 2026
#@# Surf Reg lh Wed Mar 11 23:15:39 CET 2026
#@# Jacobian white lh Wed Mar 11 23:19:03 CET 2026
#@# AvgCurv lh Wed Mar 11 23:19:04 CET 2026
#@# Cortical Parc lh Wed Mar 11 23:19:04 CET 2026
#@# white curv lh Wed Mar 11 23:24:54 CET 2026
#@# white area lh Wed Mar 11 23:24:56 CET 2026
#@# pial curv lh Wed Mar 11 23:24:56 CET 2026
#@# pial area lh Wed Mar 11 23:24:58 CET 2026
#@# thickness lh Wed Mar 11 23:24:59 CET 2026
#@# area and vertex vol lh Wed Mar 11 23:25:27 CET 2026
#@# Curvature Stats lh Wed Mar 11 23:25:29 CET 2026
#@# Cortical Parc 2 lh Wed Mar 11 23:25:31 CET 2026
#@# Cortical Parc 3 lh Wed Mar 11 23:25:45 CET 2026
#@# WM/GM Contrast lh Wed Mar 11 23:25:55 CET 2026
recon-all -s sub-v1s2x0051488_ses-1 finished without error at Wed Mar 11 23:25:58 CET 2026



#New# invocation of recon-all 



status file for recon-all
Thu Mar 12 00:00:17 CET 2026
#@# white curv lh Thu Mar 12 00:00:17 CET 2026
#@# white area lh Thu Mar 12 00:00:17 CET 2026
#@# pial curv lh Thu Mar 12 00:00:17 CET 2026
#@# pial area lh Thu Mar 12 00:00:17 CET 2026
#@# thickness lh Thu Mar 12 00:00:17 CET 2026
#@# area and vertex vol lh Thu Mar 12 00:00:17 CET 2026
#@# Parcellation Stats lh Thu Mar 12 00:00:17 CET 2026
#@# Parcellation Stats 2 lh Thu Mar 12 00:00:35 CET 2026
#@# Parcellation Stats 3 lh Thu Mar 12 00:00:43 CET 2026
#@# BA_exvivo Labels lh Thu Mar 12 00:00:52 CET 2026
recon-all -s sub-v1s2x0051488_ses-1 finished without error at Thu Mar 12 00:03:26 CET 2026
