status file for recon-all
Wed Mar 11 21:11:41 CET 2026
#@# MotionCor Wed Mar 11 21:11:43 CET 2026
#@# Talairach Wed Mar 11 21:11:51 CET 2026
#@# Talairach Failure Detection Wed Mar 11 21:16:20 CET 2026
#@# Nu Intensity Correction Wed Mar 11 21:16:20 CET 2026
#@# Intensity Normalization Wed Mar 11 21:19:37 CET 2026
recon-all -s sub-v1s2x0051488_ses-1 finished without error at Wed Mar 11 21:21:19 CET 2026



#New# invocation of recon-all 



status file for recon-all
Wed Mar 11 21:28:15 CET 2026
#@# EM Registration Wed Mar 11 21:28:15 CET 2026
recon-all -s sub-v1s2x0051488_ses-1 finished without error at Wed Mar 11 21:30:05 CET 2026



#New# invocation of recon-all 



status file for recon-all
Wed Mar 11 21:30:08 CET 2026
#@# CA Normalize Wed Mar 11 21:30:08 CET 2026
#@# CA Reg Wed Mar 11 21:31:31 CET 2026
#@# SubCort Seg Wed Mar 11 22:20:10 CET 2026
#@# CC Seg Wed Mar 11 22:58:46 CET 2026
#@# Merge ASeg Wed Mar 11 22:59:29 CET 2026
#@# Intensity Normalization2 Wed Mar 11 22:59:29 CET 2026
#@# Mask BFS Wed Mar 11 23:01:56 CET 2026
#@# WM Segmentation Wed Mar 11 23:01:57 CET 2026
#@# Fill Wed Mar 11 23:04:01 CET 2026
recon-all -s sub-v1s2x0051488_ses-1 finished without error at Wed Mar 11 23:05:05 CET 2026



#New# invocation of recon-all 



status file for recon-all
Wed Mar 11 23:56:11 CET 2026
#@# white curv lh Wed Mar 11 23:56:11 CET 2026
#@# white area lh Wed Mar 11 23:56:11 CET 2026
#@# pial curv lh Wed Mar 11 23:56:11 CET 2026
#@# pial area lh Wed Mar 11 23:56:11 CET 2026
#@# thickness lh Wed Mar 11 23:56:11 CET 2026
#@# area and vertex vol lh Wed Mar 11 23:56:11 CET 2026
#@# white curv rh Wed Mar 11 23:56:11 CET 2026
#@# white area rh Wed Mar 11 23:56:12 CET 2026
#@# pial curv rh Wed Mar 11 23:56:12 CET 2026
#@# pial area rh Wed Mar 11 23:56:12 CET 2026
#@# thickness rh Wed Mar 11 23:56:12 CET 2026
#@# area and vertex vol rh Wed Mar 11 23:56:12 CET 2026
#@# Cortical ribbon mask Wed Mar 11 23:56:12 CET 2026
recon-all -s sub-v1s2x0051488_ses-1 finished without error at Thu Mar 12 00:00:13 CET 2026



#New# invocation of recon-all 



status file for recon-all
Thu Mar 12 00:06:33 CET 2026
#@# white curv lh Thu Mar 12 00:06:33 CET 2026
#@# white area lh Thu Mar 12 00:06:33 CET 2026
#@# pial curv lh Thu Mar 12 00:06:33 CET 2026
#@# pial area lh Thu Mar 12 00:06:33 CET 2026
#@# thickness lh Thu Mar 12 00:06:33 CET 2026
#@# area and vertex vol lh Thu Mar 12 00:06:33 CET 2026
#@# white curv rh Thu Mar 12 00:06:33 CET 2026
#@# white area rh Thu Mar 12 00:06:33 CET 2026
#@# pial curv rh Thu Mar 12 00:06:33 CET 2026
#@# pial area rh Thu Mar 12 00:06:33 CET 2026
#@# thickness rh Thu Mar 12 00:06:33 CET 2026
#@# area and vertex vol rh Thu Mar 12 00:06:33 CET 2026
#@# Curvature Stats lh Thu Mar 12 00:06:33 CET 2026
#@# Curvature Stats rh Thu Mar 12 00:06:35 CET 2026
#@# Relabel Hypointensities Thu Mar 12 00:06:38 CET 2026
#@# APas-to-ASeg Thu Mar 12 00:06:52 CET 2026
#@# AParc-to-ASeg aparc Thu Mar 12 00:07:00 CET 2026
#@# AParc-to-ASeg aparc.a2009s Thu Mar 12 00:07:31 CET 2026
#@# AParc-to-ASeg aparc.DKTatlas Thu Mar 12 00:08:01 CET 2026
#@# WMParc Thu Mar 12 00:08:30 CET 2026
#@# ASeg Stats Thu Mar 12 00:12:40 CET 2026
recon-all -s sub-v1s2x0051488_ses-1 finished without error at Thu Mar 12 00:13:19 CET 2026
