status file for recon-all
Wed Mar 11 23:26:01 CET 2026
#@# Tessellate rh Wed Mar 11 23:26:01 CET 2026
#@# Smooth1 rh Wed Mar 11 23:26:04 CET 2026
#@# Inflation1 rh Wed Mar 11 23:26:07 CET 2026
#@# QSphere rh Wed Mar 11 23:26:20 CET 2026
#@# Fix Topology rh Wed Mar 11 23:27:34 CET 2026
#@# Smooth2 rh Wed Mar 11 23:42:26 CET 2026
#@# Inflation2 rh Wed Mar 11 23:42:29 CET 2026
#@# Curv .H and .K rh Wed Mar 11 23:42:43 CET 2026
#@# Sphere rh Wed Mar 11 23:43:26 CET 2026
#@# Surf Reg rh Wed Mar 11 23:45:55 CET 2026
#@# Jacobian white rh Wed Mar 11 23:49:25 CET 2026
#@# AvgCurv rh Wed Mar 11 23:49:26 CET 2026
#@# Cortical Parc rh Wed Mar 11 23:49:27 CET 2026
#@# white curv rh Wed Mar 11 23:55:06 CET 2026
#@# white area rh Wed Mar 11 23:55:08 CET 2026
#@# pial curv rh Wed Mar 11 23:55:09 CET 2026
#@# pial area rh Wed Mar 11 23:55:10 CET 2026
#@# thickness rh Wed Mar 11 23:55:11 CET 2026
#@# area and vertex vol rh Wed Mar 11 23:55:39 CET 2026
#@# Curvature Stats rh Wed Mar 11 23:55:40 CET 2026
#@# Cortical Parc 2 rh Wed Mar 11 23:55:42 CET 2026
#@# Cortical Parc 3 rh Wed Mar 11 23:55:55 CET 2026
#@# WM/GM Contrast rh Wed Mar 11 23:56:05 CET 2026
recon-all -s sub-v1s2x0051488_ses-1 finished without error at Wed Mar 11 23:56:08 CET 2026



#New# invocation of recon-all 



status file for recon-all
Thu Mar 12 00:03:27 CET 2026
#@# white curv rh Thu Mar 12 00:03:27 CET 2026
#@# white area rh Thu Mar 12 00:03:27 CET 2026
#@# pial curv rh Thu Mar 12 00:03:27 CET 2026
#@# pial area rh Thu Mar 12 00:03:27 CET 2026
#@# thickness rh Thu Mar 12 00:03:27 CET 2026
#@# area and vertex vol rh Thu Mar 12 00:03:27 CET 2026
#@# Parcellation Stats rh Thu Mar 12 00:03:27 CET 2026
#@# Parcellation Stats 2 rh Thu Mar 12 00:03:43 CET 2026
#@# Parcellation Stats 3 rh Thu Mar 12 00:03:51 CET 2026
#@# BA_exvivo Labels rh Thu Mar 12 00:03:59 CET 2026
recon-all -s sub-v1s2x0051488_ses-1 finished without error at Thu Mar 12 00:06:27 CET 2026
