/out/sourcedata/freesurfer/sub-v1s2x0051485_ses-1/mri
/opt/freesurfer/bin/talairach_avi
--i orig_nu.mgz --xfm transforms/talairach.auto.xfm
talairach_avi 7.3.2
Linux dna055 5.14.0-427.37.1.el9_4.x86_64 #1 SMP PREEMPT_DYNAMIC Fri Sep 13 12:41:50 EDT 2024 x86_64 x86_64 x86_64 GNU/Linux
Wed Mar 11 21:08:16 CET 2026
mri_convert orig_nu.mgz talsrcimg.img 
reading from orig_nu.mgz...
TR=0.00, TE=0.00, TI=0.00, flip angle=0.00
i_ras = (-1, 0, 0)
j_ras = (0, 0, -1)
k_ras = (0, 1, 0)
writing to talsrcimg.img...
Analyze Output Matrix
-1.00000   0.00000   0.00000   125.43221;
 0.00000   0.00000   1.00000  -65.62712;
 0.00000  -1.00000   0.00000   111.69492;
 0.00000   0.00000   0.00000   1.00000;
--------------------
INFO: set hdr.hist.orient to -1
mpr2mni305 talsrcimg
Wed Mar 11 21:08:17 CET 2026
/opt/freesurfer/bin/mpr2mni305 talsrcimg
mpr2mni305 7.3.2
target=711-2C_as_mni_average_305

---------------------------------------------------------------------
analyzeto4dfp talsrcimg -O0 -y
---------------------------------------------------------------------

freesurfer ifh2hdr.c
Wed Mar 11 21:08:17 2026
Writing: talsrcimg.4dfp.hdr
freesurfer analyzeto4dfp.c
Reading: talsrcimg.hdr
header size 348 bytes
hdr.dime.datatype	offset=70	value=2
hdr.dime.bitpix		offset=72	value=8
hdr.hist.orient		offset=252	value=-1
dimensionality     4
dimensions       256       256       256         1
Reading: talsrcimg.img
Writing: talsrcimg.4dfp.img
Writing: talsrcimg.4dfp.ifh
ifh2hdr talsrcimg -r0to255
ori=2

---------------------------------------------------------------------
gauss_4dfp talsrcimg 1.1
---------------------------------------------------------------------

freesurfer gauss_4dfp.c
Reading: talsrcimg.4dfp.img
Writing: talsrcimg_g11.4dfp.img
image dimensions 256 256 256 padded to 288 288 288
processing volume 1freesurfer ifh2hdr.c
Wed Mar 11 21:08:19 2026
Writing: talsrcimg_g11.4dfp.hdr

Writing: talsrcimg_g11.4dfp.ifh
including: talsrcimg.4dfp.img.rec in talsrcimg_g11.4dfp.img.rec

---------------------------------------------------------------------
imgreg_4dfp /opt/freesurfer/average/711-2C_as_mni_average_305 none talsrcimg_g11 none talsrcimg_to_711-2C_as_mni_average_305_t4 4355
---------------------------------------------------------------------

freesurfer imgreg_4dfp.c
/opt/freesurfer/average/711-2C_as_mni_average_305.4dfp.img
       256       256       256         1
  1.000000  1.000000  1.000000
orientation T byte_order littleendian
Reading image: /opt/freesurfer/average/711-2C_as_mni_average_305.4dfp.img
dimensions:      256       256       256
mmppix:       1.0000   -1.0000   -1.0000
center:     128.0000 -129.0000 -129.0000
talsrcimg_g11.4dfp.img
       256       256       256         1
  1.000000  1.000000  1.000000
orientation T byte_order littleendian
Reading image: talsrcimg_g11.4dfp.img
dimensions:      256       256       256
mmppix:       1.0000   -1.0000   -1.0000
center:     128.0000 -129.0000 -129.0000
t4_read: open error in t4_sub.f l:  41 t4_file(1:l)talsrcimg_to_711-2C_as_mni_average_305_t4 
t4_read: transform initialized to I4
rotation matrix determinant  1.000000
image alignment mode   4355 decimal     1103 hex
   -7.5000  -45.0000  -45.0000 6442.4556   12.2196
    0.0000  -45.0000  -45.0000 6750.7173   12.2296
    7.5000  -45.0000  -45.0000 6477.4644   12.2323
   -7.5000  -37.5000  -45.0000 7045.1338   11.8536
    0.0000  -37.5000  -45.0000 7348.7734   11.8615
    7.5000  -37.5000  -45.0000 7063.3159   11.8609
   -7.5000  -30.0000  -45.0000 7972.3286   11.6136
    0.0000  -30.0000  -45.0000 8313.8242   11.6187
    7.5000  -30.0000  -45.0000 7997.5547   11.6166
   -7.5000  -22.5000  -45.0000 8958.8701   11.4591
    0.0000  -22.5000  -45.0000 9351.5977   11.4646
    7.5000  -22.5000  -45.0000 8982.9824   11.4627
   -7.5000  -15.0000  -45.0000 9977.5361   11.3809
    0.0000  -15.0000  -45.000010418.9541   11.3885
    7.5000  -15.0000  -45.0000 9989.1289   11.3892
   -7.5000   -7.5000  -45.000010972.7363   11.3557
    0.0000   -7.5000  -45.000011446.7510   11.3651
    7.5000   -7.5000  -45.000010973.3330   11.3680
   -7.5000    0.0000  -45.000011837.3799   11.3518
    0.0000    0.0000  -45.000012361.9229   11.3618
    7.5000    0.0000  -45.000011849.1094   11.3646
   -7.5000    7.5000  -45.000011790.5449   11.3529
    0.0000    7.5000  -45.000012340.0059   11.3611
    7.5000    7.5000  -45.000011823.9658   11.3614
   -7.5000   15.0000  -45.000011676.4141   11.3513
    0.0000   15.0000  -45.000012216.2236   11.3573
    7.5000   15.0000  -45.000011700.7920   11.3554
   -7.5000   22.5000  -45.000011497.5098   11.3458
    0.0000   22.5000  -45.000012028.6025   11.3520
    7.5000   22.5000  -45.000011533.8154   11.3504
   -7.5000   30.0000  -45.000011155.3174   11.1965
    0.0000   30.0000  -45.000011674.1055   11.2043
    7.5000   30.0000  -45.000011180.1357   11.2050
   -7.5000   37.5000  -45.000011095.8818   11.1981
    0.0000   37.5000  -45.000011596.0293   11.2074
    7.5000   37.5000  -45.000011093.9385   11.2103
   -7.5000   45.0000  -45.000010653.8691   10.9162
    0.0000   45.0000  -45.000011116.0176   10.9257
    7.5000   45.0000  -45.000010621.6406   10.9284
   -7.5000  -45.0000  -37.5000 6723.1392   12.1214
    0.0000  -45.0000  -37.5000 7027.7222   12.1253
    7.5000  -45.0000  -37.5000 6764.0103   12.1282
   -7.5000  -37.5000  -37.5000 7353.2148   11.7604
    0.0000  -37.5000  -37.5000 7668.5317   11.7638
    7.5000  -37.5000  -37.5000 7378.9048   11.7635
   -7.5000  -30.0000  -37.5000 8342.6045   11.5218
    0.0000  -30.0000  -37.5000 8714.1670   11.5232
    7.5000  -30.0000  -37.5000 8367.1914   11.5215
   -7.5000  -22.5000  -37.5000 9404.0664   11.3673
    0.0000  -22.5000  -37.5000 9830.6592   11.3682
    7.5000  -22.5000  -37.5000 9415.6699   11.3668
   -7.5000  -15.0000  -37.500010480.3574   11.2891
    0.0000  -15.0000  -37.500010960.1455   11.2913
    7.5000  -15.0000  -37.500010489.5938   11.2924
   -7.5000   -7.5000  -37.500011533.5391   11.2654
    0.0000   -7.5000  -37.500012066.1768   11.2696
    7.5000   -7.5000  -37.500011544.8896   11.2727
   -7.5000    0.0000  -37.500012459.0850   11.2639
    0.0000    0.0000  -37.500013028.4854   11.2689
    7.5000    0.0000  -37.500012465.2373   11.2716
   -7.5000    7.5000  -37.500012410.0674   11.2657
    0.0000    7.5000  -37.500012983.6182   11.2698
    7.5000    7.5000  -37.500012422.7031   11.2702
   -7.5000   15.0000  -37.500012260.6719   11.2629
    0.0000   15.0000  -37.500012825.9756   11.2653
    7.5000   15.0000  -37.500012292.2305   11.2638
   -7.5000   22.5000  -37.500012076.5889   11.2555
    0.0000   22.5000  -37.500012614.4072   11.2572
    7.5000   22.5000  -37.500012103.1758   11.2560
   -7.5000   30.0000  -37.500011710.5791   11.1063
    0.0000   30.0000  -37.500012246.5605   11.1089
    7.5000   30.0000  -37.500011732.7021   11.1100
   -7.5000   37.5000  -37.500011624.0625   11.1091
    0.0000   37.5000  -37.500012149.3477   11.1133
    7.5000   37.5000  -37.500011622.6875   11.1164
   -7.5000   45.0000  -37.500011171.2832   10.8316
    0.0000   45.0000  -37.500011651.5283   10.8364
    7.5000   45.0000  -37.500011138.3125   10.8390
   -7.5000  -45.0000  -30.0000 7116.6099   12.5654
    0.0000  -45.0000  -30.0000 7448.9995   12.5631
    7.5000  -45.0000  -30.0000 7163.4404   12.5669
   -7.5000  -37.5000  -30.0000 7797.0469   12.1967
    0.0000  -37.5000  -30.0000 8165.0791   12.1956
    7.5000  -37.5000  -30.0000 7835.2358   12.1951
   -7.5000  -30.0000  -30.0000 8859.9746   11.9544
    0.0000  -30.0000  -30.0000 9280.0625   11.9539
    7.5000  -30.0000  -30.0000 8895.0547   11.9520
   -7.5000  -22.5000  -30.000010013.0732   11.7918
    0.0000  -22.5000  -30.000010486.4219   11.7922
    7.5000  -22.5000  -30.000010033.6572   11.7918
   -7.5000  -15.0000  -30.000011169.7822   11.7047
    0.0000  -15.0000  -30.000011695.7646   11.7058
    7.5000  -15.0000  -30.000011188.5479   11.7093
   -7.5000   -7.5000  -30.000012295.4756   11.6769
    0.0000   -7.5000  -30.000012863.1338   11.6775
    7.5000   -7.5000  -30.000012308.6758   11.6826
   -7.5000    0.0000  -30.000013290.5928   11.6771
    0.0000    0.0000  -30.000013911.3984   11.6768
    7.5000    0.0000  -30.000013307.8428   11.6802
   -7.5000    7.5000  -30.000013231.2363   11.6850
    0.0000    7.5000  -30.000013847.4072   11.6849
    7.5000    7.5000  -30.000013255.3105   11.6851
   -7.5000   15.0000  -30.000013054.7891   11.6866
    0.0000   15.0000  -30.000013665.8008   11.6871
    7.5000   15.0000  -30.000013109.1826   11.6853
   -7.5000   22.5000  -30.000012866.7490   11.6750
    0.0000   22.5000  -30.000013448.1240   11.6762
    7.5000   22.5000  -30.000012917.4795   11.6761
   -7.5000   30.0000  -30.000012482.5098   11.5164
    0.0000   30.0000  -30.000013046.2393   11.5178
    7.5000   30.0000  -30.000012510.9092   11.5213
   -7.5000   37.5000  -30.000012369.2129   11.5160
    0.0000   37.5000  -30.000012924.3613   11.5167
    7.5000   37.5000  -30.000012380.2783   11.5217
   -7.5000   45.0000  -30.000011874.0186   11.2371
    0.0000   45.0000  -30.000012378.6387   11.2369
    7.5000   45.0000  -30.000011842.6602   11.2402
   -7.5000  -45.0000  -22.5000 7510.8477   12.9900
    0.0000  -45.0000  -22.5000 7860.4766   12.9870
    7.5000  -45.0000  -22.5000 7546.1050   12.9919
   -7.5000  -37.5000  -22.5000 8244.1934   12.6133
    0.0000  -37.5000  -22.5000 8646.9629   12.6114
    7.5000  -37.5000  -22.5000 8290.9316   12.6110
   -7.5000  -30.0000  -22.5000 9381.6807   12.3683
    0.0000  -30.0000  -22.5000 9837.8789   12.3694
    7.5000  -30.0000  -22.5000 9429.2178   12.3675
   -7.5000  -22.5000  -22.500010608.9268   12.1984
    0.0000  -22.5000  -22.500011116.8945   12.2033
    7.5000  -22.5000  -22.500010638.3877   12.2047
   -7.5000  -15.0000  -22.500011852.9160   12.1031
    0.0000  -15.0000  -22.500012397.4326   12.1086
    7.5000  -15.0000  -22.500011862.5381   12.1152
   -7.5000   -7.5000  -22.500013059.4590   12.0704
    0.0000   -7.5000  -22.500013645.0400   12.0725
    7.5000   -7.5000  -22.500013061.1592   12.0802
   -7.5000    0.0000  -22.500014131.7041   12.0710
    0.0000    0.0000  -22.500014796.1816   12.0697
    7.5000    0.0000  -22.500014162.2168   12.0744
   -7.5000    7.5000  -22.500014082.0283   12.0846
    0.0000    7.5000  -22.500014726.8760   12.0836
    7.5000    7.5000  -22.500014136.0215   12.0838
   -7.5000   15.0000  -22.500013889.0596   12.0912
    0.0000   15.0000  -22.500014514.1279   12.0934
    7.5000   15.0000  -22.500013926.7051   12.0915
   -7.5000   22.5000  -22.500013695.2646   12.0768
    0.0000   22.5000  -22.500014320.9297   12.0825
    7.5000   22.5000  -22.500013723.5283   12.0841
   -7.5000   30.0000  -22.500013269.1816   11.9102
    0.0000   30.0000  -22.500013889.0996   11.9160
    7.5000   30.0000  -22.500013286.0186   11.9225
   -7.5000   37.5000  -22.500013133.6484   11.9059
    0.0000   37.5000  -22.500013719.2500   11.9081
    7.5000   37.5000  -22.500013134.0342   11.9157
   -7.5000   45.0000  -22.500012578.1270   11.6250
    0.0000   45.0000  -22.500013105.5215   11.6237
    7.5000   45.0000  -22.500012552.4980   11.6282
   -7.5000  -45.0000  -15.0000 7875.6650   13.3062
    0.0000  -45.0000  -15.0000 8248.0283   13.3086
    7.5000  -45.0000  -15.0000 7923.7163   13.3140
   -7.5000  -37.5000  -15.0000 8690.7393   12.9196
    0.0000  -37.5000  -15.0000 9102.0498   12.9216
    7.5000  -37.5000  -15.0000 8734.9180   12.9219
   -7.5000  -30.0000  -15.0000 9928.8828   12.6698
    0.0000  -30.0000  -15.000010383.6406   12.6746
    7.5000  -30.0000  -15.0000 9955.1885   12.6733
   -7.5000  -22.5000  -15.000011233.3252   12.4979
    0.0000  -22.5000  -15.000011750.0801   12.5076
    7.5000  -22.5000  -15.000011254.7559   12.5097
   -7.5000  -15.0000  -15.000012544.4268   12.4021
    0.0000  -15.0000  -15.000013106.1387   12.4130
    7.5000  -15.0000  -15.000012532.3877   12.4201
   -7.5000   -7.5000  -15.000013814.9736   12.3683
    0.0000   -7.5000  -15.000014437.1582   12.3753
    7.5000   -7.5000  -15.000013799.7080   12.3833
   -7.5000    0.0000  -15.000015001.2666   12.3666
    0.0000    0.0000  -15.000015706.3525   12.3697
    7.5000    0.0000  -15.000015016.0400   12.3750
   -7.5000    7.5000  -15.000015002.6211   12.3790
    0.0000    7.5000  -15.000015681.1260   12.3817
    7.5000    7.5000  -15.000015039.6396   12.3826
   -7.5000   15.0000  -15.000014779.3574   12.3862
    0.0000   15.0000  -15.000015421.2178   12.3920
    7.5000   15.0000  -15.000014775.6396   12.3908
   -7.5000   22.5000  -15.000014551.5176   12.3729
    0.0000   22.5000  -15.000015209.5615   12.3832
    7.5000   22.5000  -15.000014549.7266   12.3855
   -7.5000   30.0000  -15.000014107.7451   12.2062
    0.0000   30.0000  -15.000014744.0059   12.2173
    7.5000   30.0000  -15.000014103.6924   12.2243
   -7.5000   37.5000  -15.000013945.5039   12.2015
    0.0000   37.5000  -15.000014572.0098   12.2085
    7.5000   37.5000  -15.000013954.8936   12.2164
   -7.5000   45.0000  -15.000013299.0195   11.9168
    0.0000   45.0000  -15.000013884.5947   11.9198
    7.5000   45.0000  -15.000013284.8457   11.9250
   -7.5000  -45.0000   -7.5000 8272.4414   13.4691
    0.0000  -45.0000   -7.5000 8649.0264   13.4789
    7.5000  -45.0000   -7.5000 8301.9121   13.4836
   -7.5000  -37.5000   -7.5000 9139.5010   13.0729
    0.0000  -37.5000   -7.5000 9562.5986   13.0807
    7.5000  -37.5000   -7.5000 9177.8184   13.0813
   -7.5000  -30.0000   -7.500010468.7607   12.8154
    0.0000  -30.0000   -7.500010941.9668   12.8226
    7.5000  -30.0000   -7.500010489.7432   12.8212
   -7.5000  -22.5000   -7.500011839.9707   12.6449
    0.0000  -22.5000   -7.500012376.2822   12.6549
    7.5000  -22.5000   -7.500011862.9043   12.6551
   -7.5000  -15.0000   -7.500013200.6699   12.5551
    0.0000  -15.0000   -7.500013815.3105   12.5672
    7.5000  -15.0000   -7.500013212.3066   12.5711
   -7.5000   -7.5000   -7.500014555.2881   12.5248
    0.0000   -7.5000   -7.500015238.5762   12.5360
    7.5000   -7.5000   -7.500014560.8301   12.5417
   -7.5000    0.0000   -7.500015869.8057   12.5210
    0.0000    0.0000   -7.500016588.7324   12.5305
    7.5000    0.0000   -7.500015866.6123   12.5353
   -7.5000    7.5000   -7.500015967.2227   12.5266
    0.0000    7.5000   -7.500016647.0059   12.5347
    7.5000    7.5000   -7.500015961.0029   12.5360
   -7.5000   15.0000   -7.500015804.0889   12.5289
    0.0000   15.0000   -7.500016529.9648   12.5370
    7.5000   15.0000   -7.500015820.5020   12.5358
   -7.5000   22.5000   -7.500015516.6035   12.5171
    0.0000   22.5000   -7.500016291.0752   12.5278
    7.5000   22.5000   -7.500015554.2598   12.5283
   -7.5000   30.0000   -7.500015040.8662   12.3565
    0.0000   30.0000   -7.500015763.9600   12.3687
    7.5000   30.0000   -7.500015073.5254   12.3726
   -7.5000   37.5000   -7.500014823.3730   12.3555
    0.0000   37.5000   -7.500015569.0908   12.3666
    7.5000   37.5000   -7.500014912.5010   12.3723
   -7.5000   45.0000   -7.500014041.9434   12.0679
    0.0000   45.0000   -7.500014777.4609   12.0770
    7.5000   45.0000   -7.500014137.4482   12.0817
   -7.5000  -45.0000    0.0000 8532.8086   13.4988
    0.0000  -45.0000    0.0000 8930.9199   13.5101
    7.5000  -45.0000    0.0000 8579.1660   13.5137
   -7.5000  -37.5000    0.0000 9499.9375   13.0979
    0.0000  -37.5000    0.0000 9931.9570   13.1068
    7.5000  -37.5000    0.0000 9540.2246   13.1069
   -7.5000  -30.0000    0.000010926.3457   12.8343
    0.0000  -30.0000    0.000011406.9375   12.8400
    7.5000  -30.0000    0.000010939.0137   12.8383
   -7.5000  -22.5000    0.000012383.0156   12.6649
    0.0000  -22.5000    0.000012914.6699   12.6710
    7.5000  -22.5000    0.000012369.1924   12.6695
   -7.5000  -15.0000    0.000013827.6465   12.5800
    0.0000  -15.0000    0.000014445.5928   12.5885
    7.5000  -15.0000    0.000013820.1182   12.5896
   -7.5000   -7.5000    0.000015272.3027   12.5535
    0.0000   -7.5000    0.000015963.2012   12.5641
    7.5000   -7.5000    0.000015260.8594   12.5677
   -7.5000    0.0000    0.000016606.7168   12.5499
    0.0000    0.0000    0.000017315.2520   12.5611
    7.5000    0.0000    0.000016594.8867   12.5646
   -7.5000    7.5000    0.000016700.3027   12.5504
    0.0000    7.5000    0.000017379.2637   12.5595
    7.5000    7.5000    0.000016726.5098   12.5604
   -7.5000   15.0000    0.000016615.3242   12.5475
    0.0000   15.0000    0.000017666.4648   12.5542
    7.5000   15.0000    0.000016893.0195   12.5526
   -7.5000   22.5000    0.000016357.4238   12.5370
    0.0000   22.5000    0.000017603.5723   12.5439
    7.5000   22.5000    0.000016762.9434   12.5426
   -7.5000   30.0000    0.000015760.5439   12.3813
    0.0000   30.0000    0.000016859.0391   12.3901
    7.5000   30.0000    0.000016094.1016   12.3913
   -7.5000   37.5000    0.000015457.4395   12.3842
    0.0000   37.5000    0.000016454.9414   12.3947
    7.5000   37.5000    0.000015740.2217   12.3983
   -7.5000   45.0000    0.000014597.1523   12.0966
    0.0000   45.0000    0.000015499.9150   12.1074
    7.5000   45.0000    0.000014797.1768   12.1108
   -7.5000  -45.0000    7.5000 8158.4141   13.5027
    0.0000  -45.0000    7.5000 8517.7822   13.5071
    7.5000  -45.0000    7.5000 8189.2896   13.5104
   -7.5000  -37.5000    7.5000 9126.1084   13.1021
    0.0000  -37.5000    7.5000 9516.6113   13.1060
    7.5000  -37.5000    7.5000 9142.9287   13.1057
   -7.5000  -30.0000    7.500010489.4902   12.8377
    0.0000  -30.0000    7.500010939.5322   12.8393
    7.5000  -30.0000    7.500010496.2217   12.8375
   -7.5000  -22.5000    7.500011890.9395   12.6666
    0.0000  -22.5000    7.500012408.1807   12.6678
    7.5000  -22.5000    7.500011902.9111   12.6663
   -7.5000  -15.0000    7.500013314.3887   12.5800
    0.0000  -15.0000    7.500013955.1758   12.5827
    7.5000  -15.0000    7.500013381.0361   12.5840
   -7.5000   -7.5000    7.500014730.6611   12.5535
    0.0000   -7.5000    7.500015509.8848   12.5583
    7.5000   -7.5000    7.500014869.8359   12.5618
   -7.5000    0.0000    7.500015995.1006   12.5515
    0.0000    0.0000    7.500016796.5195   12.5572
    7.5000    0.0000    7.500016144.1328   12.5602
   -7.5000    7.5000    7.500016047.6191   12.5533
    0.0000    7.5000    7.500016772.1270   12.5579
    7.5000    7.5000    7.500016137.5098   12.5584
   -7.5000   15.0000    7.500015994.3955   12.5504
    0.0000   15.0000    7.500017115.4883   12.5532
    7.5000   15.0000    7.500016306.8037   12.5515
   -7.5000   22.5000    7.500015849.6699   12.5385
    0.0000   22.5000    7.500017142.1035   12.5406
    7.5000   22.5000    7.500016304.6904   12.5393
   -7.5000   30.0000    7.500015268.4756   12.3813
    0.0000   30.0000    7.500016420.8535   12.3843
    7.5000   30.0000    7.500015692.3242   12.3857
   -7.5000   37.5000    7.500014952.7510   12.3842
    0.0000   37.5000    7.500016000.0674   12.3890
    7.5000   37.5000    7.500015307.0068   12.3925
   -7.5000   45.0000    7.500014080.6680   12.0982
    0.0000   45.0000    7.500014995.2764   12.1037
    7.5000   45.0000    7.500014323.1172   12.1066
   -7.5000  -45.0000   15.0000 7647.9644   13.5184
    0.0000  -45.0000   15.0000 8000.6206   13.5155
    7.5000  -45.0000   15.0000 7698.9263   13.5197
   -7.5000  -37.5000   15.0000 8577.5840   13.1229
    0.0000  -37.5000   15.0000 9008.8574   13.1213
    7.5000  -37.5000   15.0000 8656.0283   13.1209
   -7.5000  -30.0000   15.0000 9883.5449   12.8633
    0.0000  -30.0000   15.000010394.3652   12.8623
    7.5000  -30.0000   15.0000 9977.2500   12.8604
   -7.5000  -22.5000   15.000011221.7949   12.6893
    0.0000  -22.5000   15.000011830.4834   12.6893
    7.5000  -22.5000   15.000011352.8447   12.6890
   -7.5000  -15.0000   15.000012593.1719   12.5954
    0.0000  -15.0000   15.000013293.1455   12.5962
    7.5000  -15.0000   15.000012746.5488   12.6000
   -7.5000   -7.5000   15.000013933.0928   12.5654
    0.0000   -7.5000   15.000014718.3105   12.5657
    7.5000   -7.5000   15.000014135.4014   12.5712
   -7.5000    0.0000   15.000015150.8037   12.5656
    0.0000    0.0000   15.000015943.7588   12.5650
    7.5000    0.0000   15.000015349.6045   12.5687
   -7.5000    7.5000   15.000015224.2734   12.5742
    0.0000    7.5000   15.000016031.4238   12.5737
    7.5000    7.5000   15.000015402.2354   12.5740
   -7.5000   15.0000   15.000015188.4844   12.5759
    0.0000   15.0000   15.000016118.0732   12.5762
    7.5000   15.0000   15.000015424.0186   12.5743
   -7.5000   22.5000   15.000014996.2666   12.5607
    0.0000   22.5000   15.000015818.9521   12.5616
    7.5000   22.5000   15.000015186.7842   12.5615
   -7.5000   30.0000   15.000014509.3887   12.3963
    0.0000   30.0000   15.000015248.4395   12.3975
    7.5000   30.0000   15.000014672.8711   12.4013
   -7.5000   37.5000   15.000014348.4980   12.3959
    0.0000   37.5000   15.000015083.0127   12.3963
    7.5000   37.5000   15.000014483.4814   12.4017
   -7.5000   45.0000   15.000013505.4941   12.1118
    0.0000   45.0000   15.000014193.4268   12.1112
    7.5000   45.0000   15.000013616.9209   12.1148
   -7.5000  -45.0000   22.5000 7072.3379   13.6206
    0.0000  -45.0000   22.5000 7427.0845   13.6166
    7.5000  -45.0000   22.5000 7157.5679   13.6220
   -7.5000  -37.5000   22.5000 7956.8442   13.2256
    0.0000  -37.5000   22.5000 8389.3896   13.2226
    7.5000  -37.5000   22.5000 8067.6792   13.2223
   -7.5000  -30.0000   22.5000 9198.3057   12.9696
    0.0000  -30.0000   22.5000 9711.5342   12.9697
    7.5000  -30.0000   22.5000 9333.1113   12.9677
   -7.5000  -22.5000   22.500010480.5537   12.7928
    0.0000  -22.5000   22.500011050.9795   12.7971
    7.5000  -22.5000   22.500010621.6914   12.7984
   -7.5000  -15.0000   22.500011766.5039   12.6922
    0.0000  -15.0000   22.500012378.9023   12.6973
    7.5000  -15.0000   22.500011878.5898   12.7041
   -7.5000   -7.5000   22.500013026.3076   12.6577
    0.0000   -7.5000   22.500013664.1982   12.6592
    7.5000   -7.5000   22.500013117.4062   12.6672
   -7.5000    0.0000   22.500014151.0039   12.6583
    0.0000    0.0000   22.500014803.4658   12.6561
    7.5000    0.0000   22.500014222.8154   12.6611
   -7.5000    7.5000   22.500014229.0615   12.6726
    0.0000    7.5000   22.500014930.9658   12.6707
    7.5000    7.5000   22.500014356.8447   12.6708
   -7.5000   15.0000   22.500014141.1504   12.6795
    0.0000   15.0000   22.500014834.2715   12.6808
    7.5000   15.0000   22.500014301.9678   12.6788
   -7.5000   22.5000   22.500013923.1914   12.6624
    0.0000   22.5000   22.500014485.1318   12.6675
    7.5000   22.5000   22.500014006.3682   12.6690
   -7.5000   30.0000   22.500013532.5742   12.4913
    0.0000   30.0000   22.500014051.7432   12.4967
    7.5000   30.0000   22.500013583.9795   12.5034
   -7.5000   37.5000   22.500013450.2725   12.4869
    0.0000   37.5000   22.500014001.4287   12.4885
    7.5000   37.5000   22.500013483.1768   12.4964
   -7.5000   45.0000   22.500012703.9990   12.2011
    0.0000   45.0000   22.500013231.8711   12.1991
    7.5000   45.0000   22.500012730.4023   12.2038
   -7.5000  -45.0000   30.0000 6500.3643   13.8484
    0.0000  -45.0000   30.0000 6826.6099   13.8503
    7.5000  -45.0000   30.0000 6540.5654   13.8569
   -7.5000  -37.5000   30.0000 7329.9453   13.4412
    0.0000  -37.5000   30.0000 7709.3779   13.4424
    7.5000  -37.5000   30.0000 7387.5205   13.4435
   -7.5000  -30.0000   30.0000 8481.2393   13.1792
    0.0000  -30.0000   30.0000 8932.1406   13.1834
    7.5000  -30.0000   30.0000 8551.2070   13.1825
   -7.5000  -22.5000   30.0000 9675.9570   13.0007
    0.0000  -22.5000   30.000010168.4561   13.0102
    7.5000  -22.5000   30.0000 9721.7002   13.0128
   -7.5000  -15.0000   30.000010846.5000   12.8998
    0.0000  -15.0000   30.000011377.8701   12.9108
    7.5000  -15.0000   30.000010877.7129   12.9187
   -7.5000   -7.5000   30.000012002.9160   12.8646
    0.0000   -7.5000   30.000012533.5566   12.8715
    7.5000   -7.5000   30.000012008.8564   12.8806
   -7.5000    0.0000   30.000013075.5879   12.8631
    0.0000    0.0000   30.000013626.8828   12.8656
    7.5000    0.0000   30.000013084.6973   12.8720
   -7.5000    7.5000   30.000013163.7021   12.8757
    0.0000    7.5000   30.000013776.8252   12.8776
    7.5000    7.5000   30.000013235.6553   12.8792
   -7.5000   15.0000   30.000013055.5127   12.8825
    0.0000   15.0000   30.000013649.4316   12.8876
    7.5000   15.0000   30.000013143.1279   12.8868
   -7.5000   22.5000   30.000012850.4873   12.8667
    0.0000   22.5000   30.000013362.3203   12.8769
    7.5000   22.5000   30.000012887.6523   12.8797
   -7.5000   30.0000   30.000012535.9492   12.6950
    0.0000   30.0000   30.000013033.3496   12.7062
    7.5000   30.0000   30.000012558.3701   12.7141
   -7.5000   37.5000   30.000012470.7891   12.6909
    0.0000   37.5000   30.000012983.1006   12.6978
    7.5000   37.5000   30.000012499.6631   12.7067
   -7.5000   45.0000   30.000011794.3428   12.3986
    0.0000   45.0000   30.000012267.0381   12.4010
    7.5000   45.0000   30.000011819.3594   12.4071
   -7.5000  -45.0000   37.5000 6265.8560   14.2881
    0.0000  -45.0000   37.5000 6563.8936   14.2959
    7.5000  -45.0000   37.5000 6278.1685   14.3023
   -7.5000  -37.5000   37.5000 7047.2656   13.8475
    0.0000  -37.5000   37.5000 7393.6221   13.8533
    7.5000  -37.5000   37.5000 7075.8281   13.8547
   -7.5000  -30.0000   37.5000 8162.9331   13.5649
    0.0000  -30.0000   37.5000 8571.1436   13.5705
    7.5000  -30.0000   37.5000 8201.1748   13.5693
   -7.5000  -22.5000   37.5000 9326.1768   13.3846
    0.0000  -22.5000   37.5000 9763.2754   13.3934
    7.5000  -22.5000   37.5000 9325.0566   13.3938
   -7.5000  -15.0000   37.500010437.6152   13.2905
    0.0000  -15.0000   37.500010912.8467   13.3014
    7.5000  -15.0000   37.500010437.8193   13.3061
   -7.5000   -7.5000   37.500011530.4824   13.2586
    0.0000   -7.5000   37.500012042.6914   13.2683
    7.5000   -7.5000   37.500011526.1553   13.2753
   -7.5000    0.0000   37.500012566.9639   13.2524
    0.0000    0.0000   37.500013125.8613   13.2600
    7.5000    0.0000   37.500012589.8604   13.2661
   -7.5000    7.5000   37.500012655.7285   13.2537
    0.0000    7.5000   37.500013252.6221   13.2599
    7.5000    7.5000   37.500012725.7666   13.2619
   -7.5000   15.0000   37.500012554.7910   13.2537
    0.0000   15.0000   37.500013106.6357   13.2603
    7.5000   15.0000   37.500012608.4346   13.2592
   -7.5000   22.5000   37.500012339.3672   13.2438
    0.0000   22.5000   37.500012837.8311   13.2533
    7.5000   22.5000   37.500012348.3711   13.2540
   -7.5000   30.0000   37.500012075.7168   13.0785
    0.0000   30.0000   37.500012555.7236   13.0895
    7.5000   30.0000   37.500012066.6895   13.0943
   -7.5000   37.5000   37.500012048.3750   13.0794
    0.0000   37.5000   37.500012547.6670   13.0890
    7.5000   37.5000   37.500012060.2227   13.0960
   -7.5000   45.0000   37.500011408.2656   12.7738
    0.0000   45.0000   37.500011876.2646   12.7811
    7.5000   45.0000   37.500011421.9775   12.7870
   -7.5000  -45.0000   45.0000 5761.1006   14.7541
    0.0000  -45.0000   45.0000 6036.6309   14.7587
    7.5000  -45.0000   45.0000 5785.7495   14.7634
   -7.5000  -37.5000   45.0000 6485.7583   14.2817
    0.0000  -37.5000   45.0000 6804.2070   14.2836
    7.5000  -37.5000   45.0000 6515.6851   14.2836
   -7.5000  -30.0000   45.0000 7509.8901   13.9788
    0.0000  -30.0000   45.0000 7872.1387   13.9774
    7.5000  -30.0000   45.0000 7533.7656   13.9753
   -7.5000  -22.5000   45.0000 8573.8457   13.7914
    0.0000  -22.5000   45.0000 8971.5352   13.7906
    7.5000  -22.5000   45.0000 8573.6055   13.7891
   -7.5000  -15.0000   45.0000 9596.2510   13.6967
    0.0000  -15.0000   45.000010054.4072   13.6989
    7.5000  -15.0000   45.0000 9608.4121   13.7009
   -7.5000   -7.5000   45.000010597.5098   13.6637
    0.0000   -7.5000   45.000011106.1738   13.6684
    7.5000   -7.5000   45.000010627.7246   13.6734
   -7.5000    0.0000   45.000011557.9326   13.6548
    0.0000    0.0000   45.000012113.0859   13.6600
    7.5000    0.0000   45.000011600.5264   13.6644
   -7.5000    7.5000   45.000011649.5352   13.6520
    0.0000    7.5000   45.000012196.7275   13.6547
    7.5000    7.5000   45.000011704.9346   13.6556
   -7.5000   15.0000   45.000011532.2461   13.6496
    0.0000   15.0000   45.000012031.3770   13.6496
    7.5000   15.0000   45.000011561.5352   13.6475
   -7.5000   22.5000   45.000011312.9873   13.6424
    0.0000   22.5000   45.000011782.4727   13.6427
    7.5000   22.5000   45.000011322.1318   13.6414
   -7.5000   30.0000   45.000011074.8652   13.4755
    0.0000   30.0000   45.000011533.5469   13.4782
    7.5000   30.0000   45.000011078.0322   13.4802
   -7.5000   37.5000   45.000011083.8350   13.4775
    0.0000   37.5000   45.000011538.5391   13.4823
    7.5000   37.5000   45.000011083.5859   13.4872
   -7.5000   45.0000   45.000010532.8652   13.1676
    0.0000   45.0000   45.000010954.6260   13.1727
    7.5000   45.0000   45.000010535.7061   13.1769

---------------------------------------------------------------------
imgreg_4dfp /opt/freesurfer/average/711-2C_as_mni_average_305 /opt/freesurfer/average/711-2B_as_mni_average_305_mask talsrcimg_g11 none talsrcimg_to_711-2C_as_mni_average_305_t4 4355
---------------------------------------------------------------------

freesurfer imgreg_4dfp.c
/opt/freesurfer/average/711-2C_as_mni_average_305.4dfp.img
       256       256       256         1
  1.000000  1.000000  1.000000
orientation T byte_order littleendian
Reading image: /opt/freesurfer/average/711-2C_as_mni_average_305.4dfp.img
dimensions:      256       256       256
mmppix:       1.0000   -1.0000   -1.0000
center:     128.0000 -129.0000 -129.0000
/opt/freesurfer/average/711-2B_as_mni_average_305_mask.4dfp.img
       256       256       256         1
  1.000000  1.000000  1.000000
orientation T byte_order littleendian
Reading mask: /opt/freesurfer/average/711-2B_as_mni_average_305_mask.4dfp.img (2306576 pixels)
talsrcimg_g11.4dfp.img
       256       256       256         1
  1.000000  1.000000  1.000000
orientation T byte_order littleendian
Reading image: talsrcimg_g11.4dfp.img
dimensions:      256       256       256
mmppix:       1.0000   -1.0000   -1.0000
center:     128.0000 -129.0000 -129.0000
rotation matrix determinant  1.000000
image alignment mode   4355 decimal     1103 hex
   -7.5000  -30.0000  -45.0000 2118.3645   15.2148
    0.0000  -30.0000  -45.0000 2133.3730   15.1363
    7.5000  -30.0000  -45.0000 2124.4441   15.2795
   -7.5000  -22.5000  -45.0000 2230.1111   13.6859
    0.0000  -22.5000  -45.0000 2246.6150   13.6175
    7.5000  -22.5000  -45.0000 2235.1694   13.7408
   -7.5000  -15.0000  -45.0000 2330.9104   12.4664
    0.0000  -15.0000  -45.0000 2345.2905   12.4192
    7.5000  -15.0000  -45.0000 2335.9292   12.5051
   -7.5000   -7.5000  -45.0000 2409.0439   11.5439
    0.0000   -7.5000  -45.0000 2423.5881   11.4992
    7.5000   -7.5000  -45.0000 2418.0544   11.5723
   -7.5000    0.0000  -45.0000 2451.6655   10.9226
    0.0000    0.0000  -45.0000 2468.7969   10.8426
    7.5000    0.0000  -45.0000 2463.1985   10.9237
   -7.5000    7.5000  -45.0000 2475.0745   10.4859
    0.0000    7.5000  -45.0000 2495.5718   10.4104
    7.5000    7.5000  -45.0000 2487.9714   10.5037
   -7.5000   15.0000  -45.0000 2488.0203   10.2561
    0.0000   15.0000  -45.0000 2507.0349   10.1609
    7.5000   15.0000  -45.0000 2500.7114   10.2537
   -7.5000   22.5000  -45.0000 2489.6836   10.2211
    0.0000   22.5000  -45.0000 2508.3616   10.1304
    7.5000   22.5000  -45.0000 2497.9443   10.2181
   -7.5000   30.0000  -45.0000 2469.8289   10.3999
    0.0000   30.0000  -45.0000 2492.4692   10.2841
    7.5000   30.0000  -45.0000 2476.9985   10.3589
   -7.5000   37.5000  -45.0000 2432.3328   10.7123
    0.0000   37.5000  -45.0000 2457.5188   10.6068
    7.5000   37.5000  -45.0000 2443.5452   10.7070
   -7.5000   45.0000  -45.0000 2381.4155   11.2773
    0.0000   45.0000  -45.0000 2406.3550   11.1458
    7.5000   45.0000  -45.0000 2392.0610   11.2634
   -7.5000   52.5000  -45.0000 2290.6721   11.9961
    0.0000   52.5000  -45.0000 2308.0261   11.8578
    7.5000   52.5000  -45.0000 2298.0891   11.9578
   -7.5000   60.0000  -45.0000 2156.2766   12.8034
    0.0000   60.0000  -45.0000 2172.9399   12.6609
    7.5000   60.0000  -45.0000 2165.1006   12.7367
   -7.5000  -30.0000  -37.5000 2169.9238   14.4607
    0.0000  -30.0000  -37.5000 2188.2495   14.3534
    7.5000  -30.0000  -37.5000 2179.8572   14.4789
   -7.5000  -22.5000  -37.5000 2295.3970   12.9800
    0.0000  -22.5000  -37.5000 2314.7639   12.9000
    7.5000  -22.5000  -37.5000 2303.8870   12.9831
   -7.5000  -15.0000  -37.5000 2401.4819   11.8014
    0.0000  -15.0000  -37.5000 2419.4622   11.7285
    7.5000  -15.0000  -37.5000 2412.2427   11.8085
   -7.5000   -7.5000  -37.5000 2483.8232   10.9128
    0.0000   -7.5000  -37.5000 2503.4033   10.8574
    7.5000   -7.5000  -37.5000 2498.0847   10.9268
   -7.5000    0.0000  -37.5000 2532.0166   10.2713
    0.0000    0.0000  -37.5000 2552.6748   10.1914
    7.5000    0.0000  -37.5000 2544.8306   10.2685
   -7.5000    7.5000  -37.5000 2563.1941    9.8303
    0.0000    7.5000  -37.5000 2581.2100    9.7553
    7.5000    7.5000  -37.5000 2574.6084    9.8321
   -7.5000   15.0000  -37.5000 2582.7712    9.5739
    0.0000   15.0000  -37.5000 2604.0847    9.4820
    7.5000   15.0000  -37.5000 2593.5579    9.5763
   -7.5000   22.5000  -37.5000 2581.4011    9.5211
    0.0000   22.5000  -37.5000 2603.4373    9.4157
    7.5000   22.5000  -37.5000 2590.0264    9.5314
   -7.5000   30.0000  -37.5000 2564.9944    9.6566
    0.0000   30.0000  -37.5000 2590.7600    9.5422
    7.5000   30.0000  -37.5000 2574.4395    9.6459
   -7.5000   37.5000  -37.5000 2529.4883    9.9399
    0.0000   37.5000  -37.5000 2555.4553    9.8256
    7.5000   37.5000  -37.5000 2541.3606    9.9352
   -7.5000   45.0000  -37.5000 2476.4629   10.4524
    0.0000   45.0000  -37.5000 2500.5811   10.3162
    7.5000   45.0000  -37.5000 2485.9099   10.4384
   -7.5000   52.5000  -37.5000 2382.6294   11.0975
    0.0000   52.5000  -37.5000 2403.2493   10.9548
    7.5000   52.5000  -37.5000 2392.5610   11.0635
   -7.5000   60.0000  -37.5000 2236.6255   11.8417
    0.0000   60.0000  -37.5000 2256.7725   11.6895
    7.5000   60.0000  -37.5000 2249.0715   11.7848
   -7.5000  -30.0000  -30.0000 2258.4500   14.2776
    0.0000  -30.0000  -30.0000 2278.2153   14.2028
    7.5000  -30.0000  -30.0000 2269.1287   14.3267
   -7.5000  -22.5000  -30.0000 2392.7874   12.7744
    0.0000  -22.5000  -30.0000 2411.6555   12.7004
    7.5000  -22.5000  -30.0000 2401.1843   12.8011
   -7.5000  -15.0000  -30.0000 2505.1694   11.5802
    0.0000  -15.0000  -30.0000 2526.5295   11.4991
    7.5000  -15.0000  -30.0000 2518.4480   11.5870
   -7.5000   -7.5000  -30.0000 2591.7092   10.6761
    0.0000   -7.5000  -30.0000 2611.4619   10.5822
    7.5000   -7.5000  -30.0000 2605.6545   10.6775
   -7.5000    0.0000  -30.0000 2648.7834   10.0022
    0.0000    0.0000  -30.0000 2669.7739    9.9176
    7.5000    0.0000  -30.0000 2662.3193   10.0114
   -7.5000    7.5000  -30.0000 2688.0422    9.5283
    0.0000    7.5000  -30.0000 2709.6492    9.4363
    7.5000    7.5000  -30.0000 2701.5322    9.5336
   -7.5000   15.0000  -30.0000 2713.0430    9.2556
    0.0000   15.0000  -30.0000 2742.6404    9.1376
    7.5000   15.0000  -30.0000 2732.0012    9.2518
   -7.5000   22.5000  -30.0000 2717.8376    9.2011
    0.0000   22.5000  -30.0000 2745.8938    9.0709
    7.5000   22.5000  -30.0000 2734.0815    9.2088
   -7.5000   30.0000  -30.0000 2708.3662    9.3148
    0.0000   30.0000  -30.0000 2734.0740    9.1820
    7.5000   30.0000  -30.0000 2721.7847    9.3110
   -7.5000   37.5000  -30.0000 2677.1567    9.5916
    0.0000   37.5000  -30.0000 2703.5981    9.4541
    7.5000   37.5000  -30.0000 2691.5503    9.5798
   -7.5000   45.0000  -30.0000 2618.5676   10.0760
    0.0000   45.0000  -30.0000 2644.1287    9.9175
    7.5000   45.0000  -30.0000 2630.0376   10.0449
   -7.5000   52.5000  -30.0000 2517.7273   10.6954
    0.0000   52.5000  -30.0000 2539.9124   10.5373
    7.5000   52.5000  -30.0000 2526.7551   10.6391
   -7.5000   60.0000  -30.0000 2362.0122   11.4046
    0.0000   60.0000  -30.0000 2382.4292   11.2458
    7.5000   60.0000  -30.0000 2370.1370   11.3607
   -7.5000  -30.0000  -22.5000 2309.6792   14.0608
    0.0000  -30.0000  -22.5000 2330.3428   13.9841
    7.5000  -30.0000  -22.5000 2321.8018   14.1134
   -7.5000  -22.5000  -22.5000 2449.6670   12.5311
    0.0000  -22.5000  -22.5000 2466.4563   12.4661
    7.5000  -22.5000  -22.5000 2457.3628   12.5728
   -7.5000  -15.0000  -22.5000 2566.0459   11.3189
    0.0000  -15.0000  -22.5000 2587.3008   11.2453
    7.5000  -15.0000  -22.5000 2577.0974   11.3503
   -7.5000   -7.5000  -22.5000 2659.0540   10.3910
    0.0000   -7.5000  -22.5000 2678.5469   10.2832
    7.5000   -7.5000  -22.5000 2672.2588   10.3916
   -7.5000    0.0000  -22.5000 2723.8530    9.6998
    0.0000    0.0000  -22.5000 2750.4746    9.5803
    7.5000    0.0000  -22.5000 2742.0027    9.6925
   -7.5000    7.5000  -22.5000 2774.6790    9.2013
    0.0000    7.5000  -22.5000 2803.4277    9.0823
    7.5000    7.5000  -22.5000 2797.1558    9.1979
   -7.5000   15.0000  -22.5000 2813.0151    8.8988
    0.0000   15.0000  -22.5000 2842.6892    8.7669
    7.5000   15.0000  -22.5000 2834.1382    8.8713
   -7.5000   22.5000  -22.5000 2827.8967    8.8352
    0.0000   22.5000  -22.5000 2857.7935    8.7069
    7.5000   22.5000  -22.5000 2848.0896    8.8148
   -7.5000   30.0000  -22.5000 2821.3145    8.9378
    0.0000   30.0000  -22.5000 2851.2266    8.8007
    7.5000   30.0000  -22.5000 2836.8923    8.9108
   -7.5000   37.5000  -22.5000 2786.2305    9.2261
    0.0000   37.5000  -22.5000 2816.5562    9.0546
    7.5000   37.5000  -22.5000 2803.7498    9.1753
   -7.5000   45.0000  -22.5000 2727.6572    9.6858
    0.0000   45.0000  -22.5000 2754.9688    9.5015
    7.5000   45.0000  -22.5000 2743.9612    9.6269
   -7.5000   52.5000  -22.5000 2618.0620   10.2797
    0.0000   52.5000  -22.5000 2642.5735   10.1060
    7.5000   52.5000  -22.5000 2631.0671   10.2212
   -7.5000   60.0000  -22.5000 2453.4553   10.9749
    0.0000   60.0000  -22.5000 2473.7468   10.8067
    7.5000   60.0000  -22.5000 2463.0667   10.9320
   -7.5000  -30.0000  -15.0000 2331.5044   13.9382
    0.0000  -30.0000  -15.0000 2353.0054   13.8043
    7.5000  -30.0000  -15.0000 2344.4316   13.9352
   -7.5000  -22.5000  -15.0000 2470.0032   12.3817
    0.0000  -22.5000  -15.0000 2491.7646   12.2706
    7.5000  -22.5000  -15.0000 2480.9714   12.3777
   -7.5000  -15.0000  -15.0000 2586.9658   11.1363
    0.0000  -15.0000  -15.0000 2607.2959   11.0305
    7.5000  -15.0000  -15.0000 2597.0984   11.1315
   -7.5000   -7.5000  -15.0000 2686.5591   10.1611
    0.0000   -7.5000  -15.0000 2706.7795   10.0553
    7.5000   -7.5000  -15.0000 2696.5142   10.1527
   -7.5000    0.0000  -15.0000 2765.1204    9.4251
    0.0000    0.0000  -15.0000 2791.7466    9.3177
    7.5000    0.0000  -15.0000 2779.4023    9.4272
   -7.5000    7.5000  -15.0000 2824.7559    8.9197
    0.0000    7.5000  -15.0000 2853.6899    8.8029
    7.5000    7.5000  -15.0000 2843.9749    8.9128
   -7.5000   15.0000  -15.0000 2870.6055    8.6052
    0.0000   15.0000  -15.0000 2900.9832    8.4698
    7.5000   15.0000  -15.0000 2891.7966    8.5676
   -7.5000   22.5000  -15.0000 2895.7822    8.5222
    0.0000   22.5000  -15.0000 2927.9417    8.3856
    7.5000   22.5000  -15.0000 2915.5107    8.4713
   -7.5000   30.0000  -15.0000 2895.7205    8.6169
    0.0000   30.0000  -15.0000 2927.7903    8.4726
    7.5000   30.0000  -15.0000 2912.4390    8.5747
   -7.5000   37.5000  -15.0000 2861.6147    8.8932
    0.0000   37.5000  -15.0000 2890.8298    8.7285
    7.5000   37.5000  -15.0000 2879.4348    8.8419
   -7.5000   45.0000  -15.0000 2799.0474    9.3327
    0.0000   45.0000  -15.0000 2825.4590    9.1542
    7.5000   45.0000  -15.0000 2813.6111    9.2829
   -7.5000   52.5000  -15.0000 2681.4395    9.9187
    0.0000   52.5000  -15.0000 2705.6643    9.7303
    7.5000   52.5000  -15.0000 2696.5718    9.8685
   -7.5000   60.0000  -15.0000 2512.1628   10.5880
    0.0000   60.0000  -15.0000 2533.1357   10.4116
    7.5000   60.0000  -15.0000 2522.1689   10.5424
   -7.5000  -30.0000   -7.5000 2335.3220   13.8434
    0.0000  -30.0000   -7.5000 2355.5654   13.6968
    7.5000  -30.0000   -7.5000 2345.4807   13.8472
   -7.5000  -22.5000   -7.5000 2467.6914   12.2580
    0.0000  -22.5000   -7.5000 2488.1282   12.1293
    7.5000  -22.5000   -7.5000 2479.3213   12.2611
   -7.5000  -15.0000   -7.5000 2581.4507   10.9909
    0.0000  -15.0000   -7.5000 2602.6272   10.8635
    7.5000  -15.0000   -7.5000 2590.3496   10.9661
   -7.5000   -7.5000   -7.5000 2685.7573    9.9768
    0.0000   -7.5000   -7.5000 2705.8079    9.8750
    7.5000   -7.5000   -7.5000 2693.3970    9.9578
   -7.5000    0.0000   -7.5000 2779.1272    9.2297
    0.0000    0.0000   -7.5000 2798.2625    9.1258
    7.5000    0.0000   -7.5000 2786.7668    9.2230
   -7.5000    7.5000   -7.5000 2852.4922    8.7146
    0.0000    7.5000   -7.5000 2873.8181    8.5865
    7.5000    7.5000   -7.5000 2860.0354    8.6925
   -7.5000   15.0000   -7.5000 2909.6372    8.4051
    0.0000   15.0000   -7.5000 2930.7712    8.3019
    7.5000   15.0000   -7.5000 2920.1548    8.3870
   -7.5000   22.5000   -7.5000 2941.2522    8.2802
    0.0000   22.5000   -7.5000 2975.6375    8.1803
    7.5000   22.5000   -7.5000 2960.0137    8.2575
   -7.5000   30.0000   -7.5000 2942.3489    8.3569
    0.0000   30.0000   -7.5000 2980.1350    8.2208
    7.5000   30.0000   -7.5000 2958.7673    8.3366
   -7.5000   37.5000   -7.5000 2905.2297    8.5932
    0.0000   37.5000   -7.5000 2937.4971    8.4672
    7.5000   37.5000   -7.5000 2923.2046    8.5893
   -7.5000   45.0000   -7.5000 2838.7268    9.0024
    0.0000   45.0000   -7.5000 2870.2927    8.8837
    7.5000   45.0000   -7.5000 2858.7964    8.9977
   -7.5000   52.5000   -7.5000 2715.1089    9.5663
    0.0000   52.5000   -7.5000 2744.4500    9.4227
    7.5000   52.5000   -7.5000 2734.6658    9.5447
   -7.5000   60.0000   -7.5000 2547.5542   10.2573
    0.0000   60.0000   -7.5000 2568.6836   10.1021
    7.5000   60.0000   -7.5000 2558.4634   10.2270
   -7.5000  -30.0000    0.0000 2324.0999   13.9760
    0.0000  -30.0000    0.0000 2342.0459   13.8016
    7.5000  -30.0000    0.0000 2331.1973   13.9640
   -7.5000  -22.5000    0.0000 2453.3787   12.3334
    0.0000  -22.5000    0.0000 2468.2754   12.1443
    7.5000  -22.5000    0.0000 2456.8904   12.2981
   -7.5000  -15.0000    0.0000 2564.0864   11.0274
    0.0000  -15.0000    0.0000 2579.3689   10.8505
    7.5000  -15.0000    0.0000 2566.2688   10.9704
   -7.5000   -7.5000    0.0000 2672.9768    9.9932
    0.0000   -7.5000    0.0000 2683.8804    9.8268
    7.5000   -7.5000    0.0000 2672.9863    9.9401
   -7.5000    0.0000    0.0000 2770.7466    9.1925
    0.0000    0.0000    0.0000 2780.1770    9.0486
    7.5000    0.0000    0.0000 2769.5940    9.1600
   -7.5000    7.5000    0.0000 2856.9556    8.6345
    0.0000    7.5000    0.0000 2870.1167    8.4985
    7.5000    7.5000    0.0000 2857.3804    8.6303
   -7.5000   15.0000    0.0000 2928.1897    8.3337
    0.0000   15.0000    0.0000 2947.8479    8.2692
    7.5000   15.0000    0.0000 2932.6060    8.3780
   -7.5000   22.5000    0.0000 2965.5085    8.2065
    0.0000   22.5000    0.0000 3013.0618    8.2290
    7.5000   22.5000    0.0000 2990.5781    8.2991
   -7.5000   30.0000    0.0000 2965.8259    8.2093
    0.0000   30.0000    0.0000 3020.8008    8.1671
    7.5000   30.0000    0.0000 2993.4858    8.2691
   -7.5000   37.5000    0.0000 2926.8818    8.4118
    0.0000   37.5000    0.0000 2968.2549    8.3224
    7.5000   37.5000    0.0000 2946.3120    8.4379
   -7.5000   45.0000    0.0000 2861.6028    8.7984
    0.0000   45.0000    0.0000 2895.4443    8.6865
    7.5000   45.0000    0.0000 2878.8281    8.8057
   -7.5000   52.5000    0.0000 2738.6250    9.3943
    0.0000   52.5000    0.0000 2766.2837    9.2556
    7.5000   52.5000    0.0000 2752.7126    9.3666
   -7.5000   60.0000    0.0000 2562.9668   10.1043
    0.0000   60.0000    0.0000 2583.8438    9.9557
    7.5000   60.0000    0.0000 2572.4224   10.0704
   -7.5000  -30.0000    7.5000 2306.3643   14.2939
    0.0000  -30.0000    7.5000 2316.8289   14.0571
    7.5000  -30.0000    7.5000 2306.1575   14.2353
   -7.5000  -22.5000    7.5000 2427.5681   12.5532
    0.0000  -22.5000    7.5000 2435.4585   12.3540
    7.5000  -22.5000    7.5000 2423.1426   12.5291
   -7.5000  -15.0000    7.5000 2534.7078   11.2200
    0.0000  -15.0000    7.5000 2546.0110   11.0585
    7.5000  -15.0000    7.5000 2533.2800   11.2152
   -7.5000   -7.5000    7.5000 2644.9512   10.1494
    0.0000   -7.5000    7.5000 2656.3088   10.0303
    7.5000   -7.5000    7.5000 2643.4529   10.1835
   -7.5000    0.0000    7.5000 2746.8667    9.3159
    0.0000    0.0000    7.5000 2761.1641    9.2074
    7.5000    0.0000    7.5000 2750.7378    9.3613
   -7.5000    7.5000    7.5000 2843.9934    8.7136
    0.0000    7.5000    7.5000 2859.5054    8.5971
    7.5000    7.5000    7.5000 2845.6914    8.7626
   -7.5000   15.0000    7.5000 2925.2302    8.3867
    0.0000   15.0000    7.5000 2950.1641    8.3072
    7.5000   15.0000    7.5000 2933.9683    8.4342
   -7.5000   22.5000    7.5000 2974.3979    8.2885
    0.0000   22.5000    7.5000 3027.4922    8.3019
    7.5000   22.5000    7.5000 3001.1589    8.3860
   -7.5000   30.0000    7.5000 2976.7917    8.2923
    0.0000   30.0000    7.5000 3032.0215    8.2741
    7.5000   30.0000    7.5000 3001.9924    8.3892
   -7.5000   37.5000    7.5000 2936.3591    8.4480
    0.0000   37.5000    7.5000 2982.1387    8.3709
    7.5000   37.5000    7.5000 2951.6226    8.4995
   -7.5000   45.0000    7.5000 2866.5500    8.8179
    0.0000   45.0000    7.5000 2904.2888    8.7261
    7.5000   45.0000    7.5000 2880.2329    8.8457
   -7.5000   52.5000    7.5000 2746.5122    9.3880
    0.0000   52.5000    7.5000 2770.8257    9.2684
    7.5000   52.5000    7.5000 2754.9421    9.3670
   -7.5000   60.0000    7.5000 2570.2729   10.0731
    0.0000   60.0000    7.5000 2586.3103    9.9446
    7.5000   60.0000    7.5000 2580.4380   10.0303
   -7.5000  -30.0000   15.0000 2269.9060   14.7727
    0.0000  -30.0000   15.0000 2287.0281   14.6046
    7.5000  -30.0000   15.0000 2271.8081   14.8237
   -7.5000  -22.5000   15.0000 2391.4194   12.9561
    0.0000  -22.5000   15.0000 2406.0286   12.7998
    7.5000  -22.5000   15.0000 2391.9202   13.0119
   -7.5000  -15.0000   15.0000 2502.8145   11.5447
    0.0000  -15.0000   15.0000 2515.1919   11.4237
    7.5000  -15.0000   15.0000 2500.9536   11.6316
   -7.5000   -7.5000   15.0000 2615.6907   10.4344
    0.0000   -7.5000   15.0000 2629.7229   10.3117
    7.5000   -7.5000   15.0000 2617.4121   10.5022
   -7.5000    0.0000   15.0000 2723.4421    9.5421
    0.0000    0.0000   15.0000 2740.3044    9.4277
    7.5000    0.0000   15.0000 2725.3394    9.6233
   -7.5000    7.5000   15.0000 2821.2856    8.9172
    0.0000    7.5000   15.0000 2838.8362    8.7958
    7.5000    7.5000   15.0000 2823.7610    8.9783
   -7.5000   15.0000   15.0000 2908.6482    8.5741
    0.0000   15.0000   15.0000 2937.3464    8.4781
    7.5000   15.0000   15.0000 2921.3291    8.6148
   -7.5000   22.5000   15.0000 2963.5466    8.4251
    0.0000   22.5000   15.0000 3012.9617    8.3311
    7.5000   22.5000   15.0000 2987.8086    8.4539
   -7.5000   30.0000   15.0000 2962.0432    8.4720
    0.0000   30.0000   15.0000 3004.5139    8.3079
    7.5000   30.0000   15.0000 2977.2256    8.4782
   -7.5000   37.5000   15.0000 2922.8457    8.6940
    0.0000   37.5000   15.0000 2960.7415    8.5323
    7.5000   37.5000   15.0000 2933.2354    8.6866
   -7.5000   45.0000   15.0000 2853.5769    9.0665
    0.0000   45.0000   15.0000 2883.9255    8.9351
    7.5000   45.0000   15.0000 2862.6743    9.0449
   -7.5000   52.5000   15.0000 2733.8452    9.5843
    0.0000   52.5000   15.0000 2754.9307    9.4560
    7.5000   52.5000   15.0000 2739.8254    9.5551
   -7.5000   60.0000   15.0000 2558.5803   10.2261
    0.0000   60.0000   15.0000 2569.7559   10.0959
    7.5000   60.0000   15.0000 2560.6343   10.1769
   -7.5000  -30.0000   22.5000 2227.3025   15.3697
    0.0000  -30.0000   22.5000 2243.5913   15.2555
    7.5000  -30.0000   22.5000 2232.2073   15.5348
   -7.5000  -22.5000   22.5000 2352.3696   13.4699
    0.0000  -22.5000   22.5000 2368.9026   13.3302
    7.5000  -22.5000   22.5000 2356.7942   13.5572
   -7.5000  -15.0000   22.5000 2469.3572   11.9837
    0.0000  -15.0000   22.5000 2484.1902   11.8248
    7.5000  -15.0000   22.5000 2468.5027   12.0418
   -7.5000   -7.5000   22.5000 2586.0903   10.8279
    0.0000   -7.5000   22.5000 2600.5593   10.6604
    7.5000   -7.5000   22.5000 2585.2795   10.8470
   -7.5000    0.0000   22.5000 2691.1548    9.9048
    0.0000    0.0000   22.5000 2709.7991    9.7353
    7.5000    0.0000   22.5000 2690.8796    9.9324
   -7.5000    7.5000   22.5000 2794.4849    9.2570
    0.0000    7.5000   22.5000 2816.0515    9.0968
    7.5000    7.5000   22.5000 2794.8435    9.2920
   -7.5000   15.0000   22.5000 2880.4060    8.8589
    0.0000   15.0000   22.5000 2905.7986    8.7447
    7.5000   15.0000   22.5000 2884.7854    8.9067
   -7.5000   22.5000   22.5000 2928.8403    8.6636
    0.0000   22.5000   22.5000 2963.6521    8.4797
    7.5000   22.5000   22.5000 2938.7446    8.6868
   -7.5000   30.0000   22.5000 2928.4146    8.7311
    0.0000   30.0000   22.5000 2951.8105    8.5283
    7.5000   30.0000   22.5000 2932.2417    8.7115
   -7.5000   37.5000   22.5000 2889.0276    9.0019
    0.0000   37.5000   22.5000 2918.4509    8.8190
    7.5000   37.5000   22.5000 2896.6094    8.9684
   -7.5000   45.0000   22.5000 2817.3662    9.4199
    0.0000   45.0000   22.5000 2840.8293    9.2412
    7.5000   45.0000   22.5000 2821.9961    9.3614
   -7.5000   52.5000   22.5000 2697.2424    9.9403
    0.0000   52.5000   22.5000 2714.4109    9.7622
    7.5000   52.5000   22.5000 2701.4395    9.8680
   -7.5000   60.0000   22.5000 2526.4102   10.5220
    0.0000   60.0000   22.5000 2535.8479   10.3737
    7.5000   60.0000   22.5000 2525.1785   10.4720
   -7.5000  -30.0000   30.0000 2176.6108   16.0651
    0.0000  -30.0000   30.0000 2189.5720   15.9146
    7.5000  -30.0000   30.0000 2177.5276   16.1705
   -7.5000  -22.5000   30.0000 2308.9370   14.0495
    0.0000  -22.5000   30.0000 2321.1182   13.8872
    7.5000  -22.5000   30.0000 2307.1455   14.1031
   -7.5000  -15.0000   30.0000 2429.2712   12.5017
    0.0000  -15.0000   30.0000 2446.3989   12.3133
    7.5000  -15.0000   30.0000 2428.5059   12.5056
   -7.5000   -7.5000   30.0000 2550.6675   11.3048
    0.0000   -7.5000   30.0000 2567.2764   11.0994
    7.5000   -7.5000   30.0000 2549.7571   11.2893
   -7.5000    0.0000   30.0000 2658.9712   10.3772
    0.0000    0.0000   30.0000 2682.0332   10.1570
    7.5000    0.0000   30.0000 2661.6838   10.3689
   -7.5000    7.5000   30.0000 2762.9536    9.7279
    0.0000    7.5000   30.0000 2786.8542    9.5643
    7.5000    7.5000   30.0000 2763.3840    9.7458
   -7.5000   15.0000   30.0000 2835.6411    9.3267
    0.0000   15.0000   30.0000 2864.2388    9.1654
    7.5000   15.0000   30.0000 2840.9299    9.3524
   -7.5000   22.5000   30.0000 2882.2283    9.1084
    0.0000   22.5000   30.0000 2909.3630    8.9326
    7.5000   22.5000   30.0000 2886.0237    9.1191
   -7.5000   30.0000   30.0000 2876.1201    9.1709
    0.0000   30.0000   30.0000 2896.3184    9.0135
    7.5000   30.0000   30.0000 2875.8584    9.1702
   -7.5000   37.5000   30.0000 2832.1143    9.4294
    0.0000   37.5000   30.0000 2854.9937    9.2682
    7.5000   37.5000   30.0000 2836.8752    9.4152
   -7.5000   45.0000   30.0000 2758.4385    9.8450
    0.0000   45.0000   30.0000 2775.6128    9.6766
    7.5000   45.0000   30.0000 2763.4009    9.8136
   -7.5000   52.5000   30.0000 2643.4121   10.3558
    0.0000   52.5000   30.0000 2654.0933   10.1685
    7.5000   52.5000   30.0000 2644.3245   10.2901
   -7.5000   60.0000   30.0000 2478.3877   10.9152
    0.0000   60.0000   30.0000 2489.3542   10.7564
    7.5000   60.0000   30.0000 2475.3267   10.8745
   -7.5000  -30.0000   37.5000 2122.3596   16.8923
    0.0000  -30.0000   37.5000 2133.3005   16.7257
    7.5000  -30.0000   37.5000 2122.0042   16.9261
   -7.5000  -22.5000   37.5000 2265.5430   14.7799
    0.0000  -22.5000   37.5000 2275.1875   14.5891
    7.5000  -22.5000   37.5000 2262.3550   14.7627
   -7.5000  -15.0000   37.5000 2388.0452   13.1452
    0.0000  -15.0000   37.5000 2404.6772   12.9392
    7.5000  -15.0000   37.5000 2389.8652   13.1125
   -7.5000   -7.5000   37.5000 2509.3774   11.9003
    0.0000   -7.5000   37.5000 2529.9324   11.6807
    7.5000   -7.5000   37.5000 2509.5625   11.8642
   -7.5000    0.0000   37.5000 2619.7292   10.9618
    0.0000    0.0000   37.5000 2645.3262   10.7627
    7.5000    0.0000   37.5000 2622.4404   10.9529
   -7.5000    7.5000   37.5000 2716.5947   10.3261
    0.0000    7.5000   37.5000 2743.8743   10.1585
    7.5000    7.5000   37.5000 2720.3420   10.3370
   -7.5000   15.0000   37.5000 2781.8408    9.9194
    0.0000   15.0000   37.5000 2814.3855    9.7279
    7.5000   15.0000   37.5000 2790.6814    9.9160
   -7.5000   22.5000   37.5000 2819.6880    9.6823
    0.0000   22.5000   37.5000 2844.0046    9.5243
    7.5000   22.5000   37.5000 2819.0420    9.6877
   -7.5000   30.0000   37.5000 2812.0000    9.7592
    0.0000   30.0000   37.5000 2829.4895    9.6051
    7.5000   30.0000   37.5000 2808.7952    9.7406
   -7.5000   37.5000   37.5000 2767.4895    9.9931
    0.0000   37.5000   37.5000 2786.9771    9.8413
    7.5000   37.5000   37.5000 2771.5962    9.9757
   -7.5000   45.0000   37.5000 2692.2664   10.3940
    0.0000   45.0000   37.5000 2711.4907   10.2252
    7.5000   45.0000   37.5000 2698.0042   10.3741
   -7.5000   52.5000   37.5000 2577.1660   10.8916
    0.0000   52.5000   37.5000 2589.6499   10.7041
    7.5000   52.5000   37.5000 2579.9338   10.8367
   -7.5000   60.0000   37.5000 2421.8992   11.4298
    0.0000   60.0000   37.5000 2436.4001   11.2475
    7.5000   60.0000   37.5000 2424.4707   11.3743
   -7.5000  -30.0000   45.0000 2066.1929   17.8974
    0.0000  -30.0000   45.0000 2081.3650   17.6942
    7.5000  -30.0000   45.0000 2067.0371   17.9144
   -7.5000  -22.5000   45.0000 2215.3247   15.6681
    0.0000  -22.5000   45.0000 2228.9434   15.4334
    7.5000  -22.5000   45.0000 2213.3586   15.6094
   -7.5000  -15.0000   45.0000 2342.3784   13.9632
    0.0000  -15.0000   45.0000 2362.7429   13.7369
    7.5000  -15.0000   45.0000 2345.0642   13.8821
   -7.5000   -7.5000   45.0000 2459.3933   12.6561
    0.0000   -7.5000   45.0000 2485.2891   12.4632
    7.5000   -7.5000   45.0000 2467.8687   12.6266
   -7.5000    0.0000   45.0000 2563.6182   11.7118
    0.0000    0.0000   45.0000 2591.6406   11.5239
    7.5000    0.0000   45.0000 2571.5845   11.6885
   -7.5000    7.5000   45.0000 2653.2341   11.0624
    0.0000    7.5000   45.0000 2684.5034   10.8682
    7.5000    7.5000   45.0000 2662.8826   11.0373
   -7.5000   15.0000   45.0000 2708.0225   10.6059
    0.0000   15.0000   45.0000 2739.8120   10.4155
    7.5000   15.0000   45.0000 2716.3096   10.5969
   -7.5000   22.5000   45.0000 2735.8374   10.3817
    0.0000   22.5000   45.0000 2757.9463   10.2334
    7.5000   22.5000   45.0000 2734.6807   10.3934
   -7.5000   30.0000   45.0000 2724.8970   10.4373
    0.0000   30.0000   45.0000 2748.3193   10.2876
    7.5000   30.0000   45.0000 2729.1780   10.4231
   -7.5000   37.5000   45.0000 2685.8127   10.6548
    0.0000   37.5000   45.0000 2703.7234   10.5098
    7.5000   37.5000   45.0000 2690.1711   10.6463
   -7.5000   45.0000   45.0000 2616.0989   11.0456
    0.0000   45.0000   45.0000 2633.4978   10.8797
    7.5000   45.0000   45.0000 2623.6023   11.0253
   -7.5000   52.5000   45.0000 2506.3147   11.5222
    0.0000   52.5000   45.0000 2523.4243   11.3487
    7.5000   52.5000   45.0000 2514.2517   11.4874
   -7.5000   60.0000   45.0000 2357.9976   12.0460
    0.0000   60.0000   45.0000 2372.5745   11.8912
    7.5000   60.0000   45.0000 2362.8689   11.9956

---------------------------------------------------------------------
imgreg_4dfp /opt/freesurfer/average/711-2C_as_mni_average_305 /opt/freesurfer/average/711-2B_as_mni_average_305_mask talsrcimg_g11 none talsrcimg_to_711-2C_as_mni_average_305_t4 1283
---------------------------------------------------------------------

freesurfer imgreg_4dfp.c
/opt/freesurfer/average/711-2C_as_mni_average_305.4dfp.img
       256       256       256         1
  1.000000  1.000000  1.000000
orientation T byte_order littleendian
Reading image: /opt/freesurfer/average/711-2C_as_mni_average_305.4dfp.img
dimensions:      256       256       256
mmppix:       1.0000   -1.0000   -1.0000
center:     128.0000 -129.0000 -129.0000
/opt/freesurfer/average/711-2B_as_mni_average_305_mask.4dfp.img
       256       256       256         1
  1.000000  1.000000  1.000000
orientation T byte_order littleendian
Reading mask: /opt/freesurfer/average/711-2B_as_mni_average_305_mask.4dfp.img (2306576 pixels)
talsrcimg_g11.4dfp.img
       256       256       256         1
  1.000000  1.000000  1.000000
orientation T byte_order littleendian
Reading image: talsrcimg_g11.4dfp.img
dimensions:      256       256       256
mmppix:       1.0000   -1.0000   -1.0000
center:     128.0000 -129.0000 -129.0000
rotation matrix determinant  1.000000
fimgreg.f
image alignment mode   1283 decimal      503 hex
parameters
    0.0000   30.0000    7.5000    0.0000    0.0000    0.0000
eta,q 0.95011  8.29892
niter,ni,del,rscale     5    3   12.0000    1.2000
parameter  2  0.752886 ->  0.500000 qaram    1.1500
parameter  4  1.380359 ->  0.500000 qaram    1.1500
parameters
    1.9369   26.5500    7.0394   -3.4500   -0.8528    1.2186
eta,q 0.95615  8.34441
  0.0674  0.0482  0.0498  0.0425  0.0480  0.0500
  0.0615  0.0469  0.0486  0.0438  0.0450  0.0473
  0.0566  0.0473  0.0470  0.0453  0.0437  0.0448
  0.0527  0.0501  0.0465  0.0466  0.0442  0.0437
  0.0502  0.0536  0.0476  0.0484  0.0458  0.0442
  0.0516  0.0569  0.0490  0.0518  0.0475  0.0452
  0.0568  0.0611  0.0510  0.0552  0.0497  0.0463
niter,ni,del,rscale     6    3   12.0000    1.2000
parameter  4  4.104334 ->  0.500000 qaram    1.3225
parameters
    2.0404   27.4654    5.8740   -7.4175   -0.8916    1.8121
eta,q 0.96053  8.36380
  0.0572  0.0545  0.0468  0.0376  0.0460  0.0452
  0.0512  0.0479  0.0448  0.0389  0.0429  0.0422
  0.0466  0.0448  0.0437  0.0410  0.0401  0.0401
  0.0439  0.0438  0.0440  0.0437  0.0394  0.0394
  0.0448  0.0446  0.0452  0.0460  0.0407  0.0399
  0.0501  0.0459  0.0473  0.0480  0.0431  0.0410
  0.0571  0.0492  0.0503  0.0511  0.0460  0.0432
niter,ni,del,rscale     6    3   12.0000    1.2000
parameters
    2.1102   28.5658    4.9529   -9.7646   -0.9712    1.5516
eta,q 0.96308  8.31917
  0.0550  0.0566  0.0444  0.0432  0.0441  0.0423
  0.0482  0.0469  0.0412  0.0374  0.0401  0.0391
  0.0425  0.0413  0.0391  0.0368  0.0373  0.0373
  0.0395  0.0394  0.0392  0.0388  0.0370  0.0369
  0.0409  0.0393  0.0413  0.0423  0.0381  0.0379
  0.0470  0.0419  0.0445  0.0462  0.0404  0.0401
  0.0552  0.0477  0.0482  0.0489  0.0442  0.0429
niter,ni,del,rscale     5    3   12.0000    1.2000
parameters
    2.2441   29.2654    4.4723  -10.3159   -0.9820    1.4664
eta,q 0.96341  8.30766
  0.0541  0.0565  0.0434  0.0457  0.0443  0.0423
  0.0465  0.0452  0.0402  0.0404  0.0402  0.0392
  0.0401  0.0389  0.0377  0.0368  0.0372  0.0371
  0.0369  0.0369  0.0369  0.0369  0.0366  0.0366
  0.0388  0.0384  0.0385  0.0390  0.0376  0.0375
  0.0449  0.0431  0.0416  0.0432  0.0402  0.0396
  0.0534  0.0483  0.0460  0.0473  0.0442  0.0424
niter,ni,del,rscale     4    3   12.0000    1.2000
parameters
    2.2996   29.5747    4.3196  -10.7183   -0.9666    1.4326
eta,q 0.96340  8.30449
  0.0539  0.0538  0.0442  0.0456  0.0445  0.0423
  0.0462  0.0433  0.0405  0.0407  0.0404  0.0393
  0.0396  0.0379  0.0380  0.0372  0.0374  0.0372
  0.0366  0.0366  0.0367  0.0367  0.0366  0.0366
  0.0390  0.0394  0.0379  0.0385  0.0375  0.0374
  0.0453  0.0440  0.0409  0.0424  0.0403  0.0395
  0.0538  0.0488  0.0451  0.0470  0.0444  0.0423
niter,ni,del,rscale     3    3   12.0000    1.2000
parameters
    2.3054   29.7600    4.2138  -10.9807   -0.9430    1.3987
eta,q 0.96333  8.30265
  0.0539  0.0532  0.0443  0.0456  0.0447  0.0423
  0.0461  0.0427  0.0406  0.0409  0.0406  0.0394
  0.0395  0.0375  0.0380  0.0375  0.0375  0.0373
  0.0366  0.0366  0.0367  0.0367  0.0367  0.0367
  0.0392  0.0399  0.0379  0.0382  0.0376  0.0375
  0.0456  0.0444  0.0408  0.0419  0.0404  0.0395
  0.0542  0.0489  0.0450  0.0466  0.0445  0.0423
niter,ni,del,rscale     2    3   12.0000    1.2000
parameters
    2.3026   29.8853    4.1391  -11.1533   -0.9239    1.3705
eta,q 0.96325  8.30186
  0.0539  0.0528  0.0444  0.0456  0.0448  0.0422
  0.0462  0.0425  0.0406  0.0410  0.0407  0.0395
  0.0396  0.0374  0.0381  0.0376  0.0376  0.0374
  0.0367  0.0367  0.0368  0.0368  0.0367  0.0367
  0.0394  0.0402  0.0379  0.0380  0.0377  0.0375
  0.0458  0.0445  0.0408  0.0416  0.0406  0.0396
  0.0544  0.0490  0.0450  0.0464  0.0446  0.0423
niter,ni,del,rscale     1    3   12.0000    1.2000
parameters
    2.2950   29.9690    4.0797  -11.2738   -0.9066    1.3505
eta,q 0.96319  8.30135
  0.0540  0.0526  0.0445  0.0456  0.0448  0.0422
  0.0463  0.0423  0.0407  0.0410  0.0408  0.0395
  0.0397  0.0373  0.0381  0.0377  0.0377  0.0375
  0.0367  0.0367  0.0368  0.0368  0.0368  0.0368
  0.0395  0.0403  0.0380  0.0380  0.0378  0.0375
  0.0459  0.0446  0.0408  0.0414  0.0407  0.0396
  0.0545  0.0490  0.0449  0.0462  0.0447  0.0423
registration optimization eta report
parameter search radius
    6.0000    6.9000    6.0000    7.9350    6.0000    6.0000
100000*second partial in parameter space
       47.       29.       21.       14.       22.       15.
  0.0540  0.0526  0.0445  0.0456  0.0448  0.0422
  0.0463  0.0423  0.0407  0.0410  0.0408  0.0395
  0.0397  0.0373  0.0381  0.0377  0.0377  0.0375
  0.0367  0.0367  0.0368  0.0368  0.0368  0.0368
  0.0395  0.0403  0.0380  0.0380  0.0378  0.0375
  0.0459  0.0446  0.0408  0.0414  0.0407  0.0396
  0.0545  0.0490  0.0449  0.0462  0.0447  0.0423
    2.2950   29.9690    4.0797  -11.2738   -0.9066    1.3505
eta,q 0.96319  8.30135

---------------------------------------------------------------------
imgreg_4dfp /opt/freesurfer/average/711-2C_as_mni_average_305 /opt/freesurfer/average/711-2B_as_mni_average_305_mask talsrcimg_g11 none talsrcimg_to_711-2C_as_mni_average_305_t4 3335
---------------------------------------------------------------------

freesurfer imgreg_4dfp.c
/opt/freesurfer/average/711-2C_as_mni_average_305.4dfp.img
       256       256       256         1
  1.000000  1.000000  1.000000
orientation T byte_order littleendian
Reading image: /opt/freesurfer/average/711-2C_as_mni_average_305.4dfp.img
dimensions:      256       256       256
mmppix:       1.0000   -1.0000   -1.0000
center:     128.0000 -129.0000 -129.0000
/opt/freesurfer/average/711-2B_as_mni_average_305_mask.4dfp.img
       256       256       256         1
  1.000000  1.000000  1.000000
orientation T byte_order littleendian
Reading mask: /opt/freesurfer/average/711-2B_as_mni_average_305_mask.4dfp.img (2306576 pixels)
talsrcimg_g11.4dfp.img
       256       256       256         1
  1.000000  1.000000  1.000000
orientation T byte_order littleendian
Reading image: talsrcimg_g11.4dfp.img
dimensions:      256       256       256
mmppix:       1.0000   -1.0000   -1.0000
center:     128.0000 -129.0000 -129.0000
fimgreg.f
image alignment mode   3335 decimal      D07 hex
parameters
    2.2950   29.9690    4.0797   -0.0403   -1.9641   -1.9419
   -2.6207    1.0905    2.3566   19.5809   -1.5823  -19.5473
eta,q 0.96349  8.36428
niter,ni,del,rscale     5    3    5.0000    1.2000
parameter  5  0.938025 ->  0.500000 qaram    1.1500
parameter 11  1.122623 ->  0.500000 qaram    1.1500
parameters
    2.2207   30.2383    3.4628   -2.3007   -6.1041   -0.7860
   -2.8388    0.4224    1.7069   18.8953   -5.7223  -21.1459
eta,q 0.96697  8.22388
  0.0391  0.0392  0.0370  0.0374  0.0339  0.0360  0.0356  0.0363  0.0351  0.0358  0.0330  0.0338
  0.0376  0.0379  0.0366  0.0366  0.0340  0.0352  0.0346  0.0348  0.0343  0.0346  0.0331  0.0333
  0.0367  0.0370  0.0364  0.0362  0.0347  0.0345  0.0340  0.0340  0.0339  0.0339  0.0333  0.0330
  0.0365  0.0365  0.0365  0.0364  0.0362  0.0341  0.0339  0.0339  0.0339  0.0338  0.0338  0.0331
  0.0369  0.0366  0.0368  0.0372  0.0388  0.0338  0.0342  0.0345  0.0341  0.0344  0.0344  0.0335
  0.0379  0.0372  0.0373  0.0390  0.0418  0.0341  0.0348  0.0356  0.0347  0.0353  0.0351  0.0341
  0.0394  0.0383  0.0382  0.0413  0.0447  0.0353  0.0357  0.0373  0.0356  0.0365  0.0359  0.0348
niter,ni,del,rscale     6    3    5.0000    1.2000
parameters
    2.2921   30.5686    3.6176   -1.5585   -8.6741    0.1672
   -2.1940    1.1028    2.2657   20.5993   -9.2509  -22.0264
eta,q 0.96799  8.18780
  0.0359  0.0359  0.0344  0.0361  0.0344  0.0355  0.0346  0.0365  0.0340  0.0358  0.0325  0.0331
  0.0344  0.0345  0.0337  0.0349  0.0335  0.0345  0.0335  0.0346  0.0332  0.0344  0.0321  0.0324
  0.0334  0.0335  0.0332  0.0337  0.0327  0.0336  0.0327  0.0332  0.0327  0.0332  0.0321  0.0321
  0.0330  0.0330  0.0330  0.0330  0.0329  0.0327  0.0325  0.0325  0.0324  0.0324  0.0323  0.0321
  0.0333  0.0330  0.0331  0.0329  0.0342  0.0324  0.0326  0.0327  0.0325  0.0324  0.0328  0.0324
  0.0341  0.0336  0.0334  0.0336  0.0367  0.0333  0.0331  0.0337  0.0329  0.0329  0.0336  0.0329
  0.0356  0.0347  0.0341  0.0354  0.0403  0.0347  0.0339  0.0353  0.0336  0.0337  0.0345  0.0336
niter,ni,del,rscale     5    3    5.0000    1.2000
parameters
    2.3402   31.0656    3.8323   -1.8450  -10.3810    0.4087
   -2.1287    1.7208    2.9088   22.3656  -10.1073  -22.7664
eta,q 0.96825  8.13888
  0.0348  0.0350  0.0337  0.0345  0.0338  0.0349  0.0336  0.0359  0.0335  0.0352  0.0329  0.0328
  0.0333  0.0336  0.0328  0.0334  0.0330  0.0339  0.0327  0.0341  0.0327  0.0338  0.0322  0.0321
  0.0324  0.0325  0.0322  0.0323  0.0322  0.0328  0.0322  0.0327  0.0322  0.0327  0.0318  0.0318
  0.0320  0.0320  0.0319  0.0319  0.0319  0.0320  0.0320  0.0320  0.0319  0.0319  0.0318  0.0318
  0.0323  0.0320  0.0320  0.0322  0.0326  0.0321  0.0322  0.0322  0.0320  0.0318  0.0321  0.0321
  0.0331  0.0324  0.0325  0.0333  0.0344  0.0332  0.0327  0.0332  0.0323  0.0322  0.0326  0.0325
  0.0346  0.0332  0.0332  0.0353  0.0375  0.0350  0.0335  0.0348  0.0330  0.0332  0.0334  0.0331
niter,ni,del,rscale     4    3    5.0000    1.2000
parameters
    2.4631   31.5365    3.7301   -2.2045  -11.7617    0.1702
   -2.2630    1.8771    2.8725   23.7944  -10.3389  -23.2981
eta,q 0.96838  8.08232
  0.0346  0.0345  0.0330  0.0341  0.0335  0.0345  0.0332  0.0353  0.0331  0.0350  0.0329  0.0326
  0.0331  0.0332  0.0323  0.0330  0.0328  0.0334  0.0324  0.0336  0.0324  0.0336  0.0322  0.0320
  0.0321  0.0322  0.0318  0.0320  0.0321  0.0324  0.0320  0.0323  0.0320  0.0325  0.0317  0.0316
  0.0317  0.0317  0.0316  0.0316  0.0317  0.0318  0.0318  0.0318  0.0318  0.0318  0.0316  0.0316
  0.0319  0.0317  0.0319  0.0319  0.0321  0.0321  0.0320  0.0322  0.0319  0.0317  0.0318  0.0319
  0.0327  0.0321  0.0324  0.0330  0.0336  0.0332  0.0325  0.0333  0.0324  0.0322  0.0323  0.0322
  0.0341  0.0330  0.0333  0.0350  0.0363  0.0353  0.0333  0.0350  0.0331  0.0333  0.0330  0.0328
niter,ni,del,rscale     3    3    5.0000    1.2000
parameters
    2.5021   31.8716    3.4832   -2.4214  -12.6223   -0.1724
   -2.2873    1.9322    2.7411   24.7082  -10.4062  -23.7229
eta,q 0.96838  8.04217
  0.0342  0.0342  0.0327  0.0338  0.0335  0.0343  0.0331  0.0351  0.0330  0.0347  0.0329  0.0325
  0.0328  0.0329  0.0320  0.0329  0.0328  0.0331  0.0323  0.0334  0.0323  0.0335  0.0322  0.0319
  0.0320  0.0321  0.0316  0.0319  0.0321  0.0322  0.0319  0.0322  0.0319  0.0324  0.0318  0.0317
  0.0316  0.0316  0.0316  0.0316  0.0316  0.0317  0.0317  0.0317  0.0317  0.0317  0.0316  0.0316
  0.0318  0.0316  0.0318  0.0318  0.0318  0.0320  0.0319  0.0321  0.0319  0.0318  0.0318  0.0318
  0.0327  0.0322  0.0324  0.0327  0.0330  0.0331  0.0323  0.0333  0.0323  0.0324  0.0322  0.0322
  0.0341  0.0331  0.0333  0.0345  0.0353  0.0353  0.0331  0.0350  0.0331  0.0337  0.0329  0.0326
niter,ni,del,rscale     2    3    5.0000    1.2000
parameters
    2.5115   32.0565    3.2856   -2.5507  -13.0309   -0.4204
   -2.3271    1.9669    2.6816   25.2360  -10.4496  -23.9836
eta,q 0.96832  8.02123
  0.0341  0.0339  0.0327  0.0338  0.0336  0.0343  0.0330  0.0350  0.0330  0.0346  0.0329  0.0326
  0.0328  0.0328  0.0321  0.0329  0.0329  0.0331  0.0323  0.0333  0.0323  0.0333  0.0322  0.0320
  0.0319  0.0320  0.0317  0.0320  0.0322  0.0322  0.0319  0.0321  0.0319  0.0322  0.0318  0.0317
  0.0316  0.0316  0.0316  0.0316  0.0316  0.0317  0.0317  0.0317  0.0317  0.0317  0.0317  0.0317
  0.0319  0.0318  0.0318  0.0318  0.0317  0.0319  0.0319  0.0321  0.0318  0.0319  0.0319  0.0318
  0.0327  0.0324  0.0324  0.0326  0.0327  0.0330  0.0323  0.0333  0.0323  0.0327  0.0323  0.0321
  0.0341  0.0333  0.0332  0.0343  0.0347  0.0351  0.0330  0.0350  0.0331  0.0340  0.0329  0.0326
niter,ni,del,rscale     1    3    5.0000    1.2000
parameters
    2.5157   32.1529    3.1563   -2.6209  -13.2229   -0.5829
   -2.3480    1.9842    2.6639   25.5333  -10.4696  -24.1133
eta,q 0.96828  8.01029
  0.0341  0.0338  0.0328  0.0338  0.0337  0.0343  0.0330  0.0350  0.0330  0.0345  0.0329  0.0326
  0.0328  0.0327  0.0322  0.0329  0.0330  0.0331  0.0323  0.0333  0.0323  0.0332  0.0322  0.0320
  0.0320  0.0319  0.0318  0.0321  0.0323  0.0322  0.0319  0.0322  0.0319  0.0322  0.0318  0.0317
  0.0317  0.0317  0.0317  0.0317  0.0317  0.0317  0.0317  0.0317  0.0317  0.0317  0.0317  0.0317
  0.0319  0.0319  0.0319  0.0318  0.0316  0.0319  0.0319  0.0321  0.0319  0.0320  0.0319  0.0319
  0.0327  0.0325  0.0323  0.0326  0.0325  0.0329  0.0323  0.0333  0.0323  0.0328  0.0323  0.0321
  0.0341  0.0334  0.0331  0.0343  0.0345  0.0349  0.0330  0.0350  0.0331  0.0342  0.0329  0.0326
registration optimization eta report
parameter search radius
    2.4000    2.4000    2.4000    7.2000    8.2800    7.2000
    7.2000    7.2000    7.2000    7.2000    8.2800    7.2000
100000*second partial in parameter space
       42.       33.       22.        5.        3.        6.
        2.        6.        3.        5.        2.        2.
  0.0341  0.0338  0.0328  0.0338  0.0337  0.0343  0.0330  0.0350  0.0330  0.0345  0.0329  0.0326
  0.0328  0.0327  0.0322  0.0329  0.0330  0.0331  0.0323  0.0333  0.0323  0.0332  0.0322  0.0320
  0.0320  0.0319  0.0318  0.0321  0.0323  0.0322  0.0319  0.0322  0.0319  0.0322  0.0318  0.0317
  0.0317  0.0317  0.0317  0.0317  0.0317  0.0317  0.0317  0.0317  0.0317  0.0317  0.0317  0.0317
  0.0319  0.0319  0.0319  0.0318  0.0316  0.0319  0.0319  0.0321  0.0319  0.0320  0.0319  0.0319
  0.0327  0.0325  0.0323  0.0326  0.0325  0.0329  0.0323  0.0333  0.0323  0.0328  0.0323  0.0321
  0.0341  0.0334  0.0331  0.0343  0.0345  0.0349  0.0330  0.0350  0.0331  0.0342  0.0329  0.0326
    2.5157   32.1529    3.1563   -2.6209  -13.2229   -0.5829
   -2.3480    1.9842    2.6639   25.5333  -10.4696  -24.1133
eta,q 0.96828  8.01029

---------------------------------------------------------------------
imgreg_4dfp /opt/freesurfer/average/711-2C_as_mni_average_305 /opt/freesurfer/average/711-2B_as_mni_average_305_mask talsrcimg_g11 none talsrcimg_to_711-2C_as_mni_average_305_t4 2311
---------------------------------------------------------------------

freesurfer imgreg_4dfp.c
/opt/freesurfer/average/711-2C_as_mni_average_305.4dfp.img
       256       256       256         1
  1.000000  1.000000  1.000000
orientation T byte_order littleendian
Reading image: /opt/freesurfer/average/711-2C_as_mni_average_305.4dfp.img
dimensions:      256       256       256
mmppix:       1.0000   -1.0000   -1.0000
center:     128.0000 -129.0000 -129.0000
/opt/freesurfer/average/711-2B_as_mni_average_305_mask.4dfp.img
       256       256       256         1
  1.000000  1.000000  1.000000
orientation T byte_order littleendian
Reading mask: /opt/freesurfer/average/711-2B_as_mni_average_305_mask.4dfp.img (2306576 pixels)
talsrcimg_g11.4dfp.img
       256       256       256         1
  1.000000  1.000000  1.000000
orientation T byte_order littleendian
Reading image: talsrcimg_g11.4dfp.img
dimensions:      256       256       256
mmppix:       1.0000   -1.0000   -1.0000
center:     128.0000 -129.0000 -129.0000
fimgreg.f
image alignment mode   2311 decimal      907 hex
parameters
    2.5157   32.1529    3.1563   -2.6209  -13.2229   -0.5828
   -2.3480    1.9842    2.6639   25.5333  -10.4696  -24.1133
eta,q 0.96828  8.01029
niter,ni,del,rscale     5    3    5.0000    0.8000
parameters
    2.5467   32.1782    3.0842   -2.1264  -11.9612   -0.5256
   -2.5318    2.0376    2.6973   25.1303  -10.3544  -24.4260
eta,q 0.96847  8.08060
  0.0328  0.0326  0.0322  0.0330  0.0328  0.0329  0.0322  0.0332  0.0322  0.0327  0.0320  0.0320
  0.0322  0.0321  0.0319  0.0324  0.0324  0.0323  0.0318  0.0323  0.0319  0.0320  0.0318  0.0317
  0.0319  0.0318  0.0318  0.0319  0.0321  0.0318  0.0316  0.0318  0.0316  0.0316  0.0316  0.0315
  0.0317  0.0317  0.0317  0.0317  0.0317  0.0316  0.0316  0.0316  0.0316  0.0316  0.0315  0.0315
  0.0318  0.0318  0.0318  0.0318  0.0316  0.0317  0.0317  0.0317  0.0316  0.0318  0.0316  0.0316
  0.0322  0.0321  0.0320  0.0320  0.0317  0.0321  0.0319  0.0322  0.0318  0.0324  0.0317  0.0318
  0.0328  0.0326  0.0323  0.0326  0.0322  0.0329  0.0323  0.0331  0.0322  0.0331  0.0320  0.0321
niter,ni,del,rscale     4    3    5.0000    0.7000
parameters
    2.5334   32.1462    3.0936   -1.9290  -11.7556   -0.4102
   -2.6254    2.0928    2.5898   25.0069  -10.1865  -24.5288
eta,q 0.96850  8.09747
  0.0323  0.0322  0.0320  0.0325  0.0324  0.0326  0.0320  0.0328  0.0320  0.0326  0.0319  0.0319
  0.0319  0.0318  0.0317  0.0320  0.0321  0.0321  0.0317  0.0321  0.0317  0.0320  0.0317  0.0317
  0.0316  0.0316  0.0316  0.0316  0.0317  0.0317  0.0316  0.0317  0.0316  0.0316  0.0316  0.0315
  0.0315  0.0315  0.0315  0.0315  0.0315  0.0315  0.0315  0.0315  0.0315  0.0315  0.0315  0.0315
  0.0316  0.0316  0.0316  0.0316  0.0316  0.0316  0.0316  0.0316  0.0316  0.0317  0.0315  0.0316
  0.0319  0.0319  0.0317  0.0318  0.0318  0.0320  0.0318  0.0320  0.0317  0.0321  0.0316  0.0317
  0.0324  0.0323  0.0320  0.0323  0.0324  0.0326  0.0321  0.0327  0.0320  0.0327  0.0318  0.0319
niter,ni,del,rscale     3    3    5.0000    0.6000
parameters
    2.5293   32.1333    3.1322   -1.8456  -11.6055   -0.2930
   -2.6848    2.1158    2.5170   24.8861  -10.0520  -24.5924
eta,q 0.96851  8.10857
  0.0321  0.0321  0.0319  0.0322  0.0322  0.0324  0.0319  0.0324  0.0319  0.0323  0.0318  0.0318
  0.0318  0.0317  0.0317  0.0318  0.0319  0.0320  0.0317  0.0319  0.0317  0.0318  0.0316  0.0316
  0.0316  0.0316  0.0316  0.0316  0.0316  0.0317  0.0315  0.0316  0.0315  0.0316  0.0315  0.0315
  0.0315  0.0315  0.0315  0.0315  0.0315  0.0315  0.0315  0.0315  0.0315  0.0315  0.0315  0.0315
  0.0316  0.0316  0.0315  0.0316  0.0315  0.0316  0.0315  0.0316  0.0315  0.0316  0.0315  0.0315
  0.0318  0.0318  0.0316  0.0317  0.0318  0.0319  0.0317  0.0319  0.0317  0.0319  0.0316  0.0316
  0.0321  0.0321  0.0318  0.0321  0.0322  0.0323  0.0319  0.0324  0.0319  0.0324  0.0317  0.0318
niter,ni,del,rscale     2    3    5.0000    0.5000
parameters
    2.5252   32.1128    3.1766   -1.7970  -11.4853   -0.1754
   -2.7049    2.1213    2.4636   24.7699   -9.9668  -24.5966
eta,q 0.96852  8.11657
  0.0319  0.0319  0.0318  0.0319  0.0320  0.0322  0.0318  0.0321  0.0317  0.0320  0.0317  0.0317
  0.0317  0.0317  0.0316  0.0317  0.0318  0.0319  0.0316  0.0318  0.0316  0.0317  0.0316  0.0316
  0.0315  0.0315  0.0315  0.0315  0.0316  0.0316  0.0315  0.0316  0.0315  0.0315  0.0315  0.0315
  0.0315  0.0315  0.0315  0.0315  0.0315  0.0315  0.0315  0.0315  0.0315  0.0315  0.0315  0.0315
  0.0315  0.0315  0.0315  0.0315  0.0315  0.0315  0.0315  0.0316  0.0315  0.0316  0.0315  0.0315
  0.0317  0.0317  0.0316  0.0317  0.0317  0.0318  0.0316  0.0318  0.0316  0.0318  0.0316  0.0316
  0.0319  0.0319  0.0317  0.0319  0.0320  0.0321  0.0318  0.0321  0.0318  0.0321  0.0317  0.0317
niter,ni,del,rscale     1    3    5.0000    0.4000
parameters
    2.5183   32.0887    3.2330   -1.7949  -11.4110   -0.0587
   -2.6771    2.1044    2.4260   24.6779   -9.9136  -24.5991
eta,q 0.96852  8.12141
  0.0317  0.0317  0.0317  0.0318  0.0318  0.0320  0.0317  0.0319  0.0316  0.0318  0.0316  0.0316
  0.0316  0.0316  0.0316  0.0316  0.0317  0.0317  0.0316  0.0317  0.0315  0.0316  0.0315  0.0315
  0.0315  0.0315  0.0315  0.0315  0.0315  0.0316  0.0315  0.0315  0.0315  0.0315  0.0315  0.0315
  0.0315  0.0315  0.0315  0.0315  0.0315  0.0315  0.0315  0.0315  0.0315  0.0315  0.0315  0.0315
  0.0315  0.0315  0.0315  0.0315  0.0315  0.0315  0.0315  0.0315  0.0315  0.0315  0.0315  0.0315
  0.0316  0.0316  0.0315  0.0316  0.0316  0.0317  0.0316  0.0317  0.0316  0.0317  0.0315  0.0315
  0.0318  0.0318  0.0316  0.0318  0.0318  0.0319  0.0317  0.0319  0.0316  0.0319  0.0316  0.0316
registration optimization eta report
parameter search radius
    0.8000    0.8000    0.8000    2.4000    2.4000    2.4000
    2.4000    2.4000    2.4000    2.4000    2.4000    2.4000
100000*second partial in parameter space
       43.       40.       27.        5.        6.        8.
        3.        7.        3.        7.        2.        3.
  0.0317  0.0317  0.0317  0.0318  0.0318  0.0320  0.0317  0.0319  0.0316  0.0318  0.0316  0.0316
  0.0316  0.0316  0.0316  0.0316  0.0317  0.0317  0.0316  0.0317  0.0315  0.0316  0.0315  0.0315
  0.0315  0.0315  0.0315  0.0315  0.0315  0.0316  0.0315  0.0315  0.0315  0.0315  0.0315  0.0315
  0.0315  0.0315  0.0315  0.0315  0.0315  0.0315  0.0315  0.0315  0.0315  0.0315  0.0315  0.0315
  0.0315  0.0315  0.0315  0.0315  0.0315  0.0315  0.0315  0.0315  0.0315  0.0315  0.0315  0.0315
  0.0316  0.0316  0.0315  0.0316  0.0316  0.0317  0.0316  0.0317  0.0316  0.0317  0.0315  0.0315
  0.0318  0.0318  0.0316  0.0318  0.0318  0.0319  0.0317  0.0319  0.0316  0.0319  0.0316  0.0316
    2.5183   32.0887    3.2330   -1.7949  -11.4110   -0.0587
   -2.6771    2.1044    2.4260   24.6779   -9.9136  -24.5991
eta,q 0.96852  8.12141

---------------------------------------------------------------------
imgreg_4dfp /opt/freesurfer/average/711-2C_as_mni_average_305 /opt/freesurfer/average/711-2B_as_mni_average_305_mask talsrcimg_g11 none talsrcimg_to_711-2C_as_mni_average_305_t4 2311
---------------------------------------------------------------------

freesurfer imgreg_4dfp.c
/opt/freesurfer/average/711-2C_as_mni_average_305.4dfp.img
       256       256       256         1
  1.000000  1.000000  1.000000
orientation T byte_order littleendian
Reading image: /opt/freesurfer/average/711-2C_as_mni_average_305.4dfp.img
dimensions:      256       256       256
mmppix:       1.0000   -1.0000   -1.0000
center:     128.0000 -129.0000 -129.0000
/opt/freesurfer/average/711-2B_as_mni_average_305_mask.4dfp.img
       256       256       256         1
  1.000000  1.000000  1.000000
orientation T byte_order littleendian
Reading mask: /opt/freesurfer/average/711-2B_as_mni_average_305_mask.4dfp.img (2306576 pixels)
talsrcimg_g11.4dfp.img
       256       256       256         1
  1.000000  1.000000  1.000000
orientation T byte_order littleendian
Reading image: talsrcimg_g11.4dfp.img
dimensions:      256       256       256
mmppix:       1.0000   -1.0000   -1.0000
center:     128.0000 -129.0000 -129.0000
fimgreg.f
image alignment mode   2311 decimal      907 hex
parameters
    2.5183   32.0887    3.2330   -1.7949  -11.4110   -0.0587
   -2.6771    2.1044    2.4260   24.6779   -9.9136  -24.5991
eta,q 0.96852  8.12141
niter,ni,del,rscale     5    3    5.0000    0.8000
parameters
    2.5048   32.0728    3.2730   -1.9520  -11.7241   -0.1319
   -2.6023    2.0577    2.4518   24.8498  -10.0445  -24.4669
eta,q 0.96852  8.10305
  0.0326  0.0325  0.0322  0.0326  0.0325  0.0329  0.0322  0.0330  0.0321  0.0330  0.0319  0.0321
  0.0320  0.0319  0.0318  0.0320  0.0320  0.0323  0.0318  0.0322  0.0318  0.0322  0.0317  0.0317
  0.0316  0.0316  0.0316  0.0316  0.0317  0.0317  0.0316  0.0317  0.0316  0.0317  0.0315  0.0315
  0.0315  0.0315  0.0315  0.0315  0.0315  0.0315  0.0315  0.0315  0.0315  0.0315  0.0315  0.0315
  0.0316  0.0316  0.0315  0.0316  0.0316  0.0317  0.0316  0.0317  0.0316  0.0316  0.0315  0.0316
  0.0320  0.0319  0.0318  0.0320  0.0321  0.0322  0.0318  0.0322  0.0318  0.0321  0.0317  0.0317
  0.0326  0.0325  0.0321  0.0328  0.0329  0.0331  0.0321  0.0331  0.0321  0.0328  0.0320  0.0320
niter,ni,del,rscale     4    3    5.0000    0.7000
parameters
    2.5186   32.0981    3.2435   -1.9240  -11.6929   -0.1498
   -2.6070    2.0791    2.5015   24.8448  -10.0676  -24.5166
eta,q 0.96852  8.10513
  0.0323  0.0323  0.0320  0.0324  0.0324  0.0326  0.0320  0.0327  0.0320  0.0326  0.0318  0.0319
  0.0319  0.0319  0.0317  0.0319  0.0320  0.0321  0.0317  0.0320  0.0317  0.0320  0.0316  0.0316
  0.0316  0.0316  0.0315  0.0316  0.0317  0.0317  0.0315  0.0316  0.0315  0.0316  0.0315  0.0315
  0.0315  0.0315  0.0315  0.0315  0.0315  0.0315  0.0315  0.0315  0.0315  0.0315  0.0315  0.0315
  0.0316  0.0316  0.0315  0.0316  0.0316  0.0316  0.0315  0.0316  0.0315  0.0316  0.0315  0.0315
  0.0318  0.0318  0.0317  0.0318  0.0319  0.0320  0.0317  0.0320  0.0317  0.0320  0.0316  0.0317
  0.0323  0.0322  0.0320  0.0324  0.0324  0.0327  0.0320  0.0327  0.0320  0.0326  0.0318  0.0319
niter,ni,del,rscale     3    3    5.0000    0.6000
parameters
    2.5183   32.0940    3.2428   -1.8785  -11.5847   -0.1213
   -2.6412    2.0864    2.4914   24.7953  -10.0209  -24.5543
eta,q 0.96852  8.11136
  0.0321  0.0321  0.0319  0.0322  0.0322  0.0324  0.0319  0.0324  0.0319  0.0323  0.0317  0.0318
  0.0318  0.0317  0.0316  0.0318  0.0319  0.0320  0.0316  0.0319  0.0316  0.0319  0.0316  0.0316
  0.0316  0.0316  0.0315  0.0316  0.0316  0.0316  0.0315  0.0316  0.0315  0.0316  0.0315  0.0315
  0.0315  0.0315  0.0315  0.0315  0.0315  0.0315  0.0315  0.0315  0.0315  0.0315  0.0315  0.0315
  0.0316  0.0316  0.0315  0.0315  0.0315  0.0316  0.0315  0.0316  0.0315  0.0316  0.0315  0.0315
  0.0318  0.0317  0.0316  0.0317  0.0318  0.0319  0.0317  0.0319  0.0316  0.0319  0.0316  0.0316
  0.0321  0.0321  0.0319  0.0321  0.0322  0.0324  0.0319  0.0324  0.0319  0.0323  0.0317  0.0318
niter,ni,del,rscale     2    3    5.0000    0.5000
parameters
    2.5197   32.0861    3.2485   -1.8350  -11.4918   -0.0691
   -2.6827    2.1015    2.4723   24.7269   -9.9520  -24.5818
eta,q 0.96853  8.11729
  0.0319  0.0319  0.0317  0.0319  0.0320  0.0321  0.0317  0.0321  0.0317  0.0321  0.0317  0.0317
  0.0317  0.0317  0.0316  0.0317  0.0318  0.0318  0.0316  0.0318  0.0316  0.0317  0.0316  0.0316
  0.0315  0.0315  0.0315  0.0315  0.0316  0.0316  0.0315  0.0316  0.0315  0.0315  0.0315  0.0315
  0.0315  0.0315  0.0315  0.0315  0.0315  0.0315  0.0315  0.0315  0.0315  0.0315  0.0315  0.0315
  0.0315  0.0315  0.0315  0.0315  0.0315  0.0315  0.0315  0.0315  0.0315  0.0316  0.0315  0.0315
  0.0317  0.0317  0.0316  0.0317  0.0317  0.0318  0.0316  0.0318  0.0316  0.0318  0.0315  0.0316
  0.0319  0.0319  0.0317  0.0319  0.0320  0.0321  0.0318  0.0321  0.0317  0.0321  0.0317  0.0317
niter,ni,del,rscale     1    3    5.0000    0.4000
parameters
    2.5198   32.0747    3.2739   -1.8218  -11.4165   -0.0012
   -2.6709    2.1031    2.4601   24.6599   -9.9271  -24.5801
eta,q 0.96853  8.12154
  0.0317  0.0317  0.0317  0.0318  0.0318  0.0320  0.0317  0.0319  0.0316  0.0319  0.0316  0.0316
  0.0316  0.0316  0.0316  0.0316  0.0317  0.0317  0.0316  0.0317  0.0316  0.0316  0.0315  0.0315
  0.0315  0.0315  0.0315  0.0315  0.0315  0.0315  0.0315  0.0315  0.0315  0.0315  0.0315  0.0315
  0.0315  0.0315  0.0315  0.0315  0.0315  0.0315  0.0315  0.0315  0.0315  0.0315  0.0315  0.0315
  0.0315  0.0315  0.0315  0.0315  0.0315  0.0315  0.0315  0.0315  0.0315  0.0315  0.0315  0.0315
  0.0316  0.0316  0.0315  0.0316  0.0316  0.0317  0.0316  0.0317  0.0316  0.0317  0.0315  0.0315
  0.0317  0.0317  0.0316  0.0318  0.0318  0.0319  0.0317  0.0319  0.0316  0.0319  0.0316  0.0316
registration optimization eta report
parameter search radius
    0.8000    0.8000    0.8000    2.4000    2.4000    2.4000
    2.4000    2.4000    2.4000    2.4000    2.4000    2.4000
100000*second partial in parameter space
       43.       40.       27.        5.        6.        8.
        3.        7.        3.        7.        2.        3.
  0.0317  0.0317  0.0317  0.0318  0.0318  0.0320  0.0317  0.0319  0.0316  0.0319  0.0316  0.0316
  0.0316  0.0316  0.0316  0.0316  0.0317  0.0317  0.0316  0.0317  0.0316  0.0316  0.0315  0.0315
  0.0315  0.0315  0.0315  0.0315  0.0315  0.0315  0.0315  0.0315  0.0315  0.0315  0.0315  0.0315
  0.0315  0.0315  0.0315  0.0315  0.0315  0.0315  0.0315  0.0315  0.0315  0.0315  0.0315  0.0315
  0.0315  0.0315  0.0315  0.0315  0.0315  0.0315  0.0315  0.0315  0.0315  0.0315  0.0315  0.0315
  0.0316  0.0316  0.0315  0.0316  0.0316  0.0317  0.0316  0.0317  0.0316  0.0317  0.0315  0.0315
  0.0317  0.0317  0.0316  0.0318  0.0318  0.0319  0.0317  0.0319  0.0316  0.0319  0.0316  0.0316
    2.5198   32.0747    3.2739   -1.8218  -11.4165   -0.0012
   -2.6709    2.1031    2.4601   24.6599   -9.9271  -24.5801
eta,q 0.96853  8.12154

---------------------------------------------------------------------
compute_vox2vox talsrcimg talsrcimg_to_711-2C_as_mni_average_305_t4 /opt/freesurfer/average/711-2C_as_mni_average_305
---------------------------------------------------------------------

freesurfer compute_vox2vox.c
Reading: talsrcimg.4dfp.ifh
Reading: talsrcimg_to_711-2C_as_mni_average_305_t4
Reading: /opt/freesurfer/average/711-2C_as_mni_average_305.4dfp.ifh
Writing: talsrcimg_to_711-2C_as_mni_average_305_t4_vox2vox.txt

start time Wed Mar 11 21:08:17 CET 2026
end		time Wed Mar 11 21:09:44 CET 2026

mpr2mni305 success

avi2talxfm orig_nu.mgz /opt/freesurfer/average/mni305.cor.mgz talsrcimg_to_711-2C_as_mni_average_305_t4_vox2vox.txt transforms/talairach.auto.xfm
avi2talxfm done
mv -f /out/sourcedata/freesurfer/sub-v1s2x0051485_ses-1/mri/talsrcimg_to_711-2C_as_mni_average_305_t4_vox2vox.txt /out/sourcedata/freesurfer/sub-v1s2x0051485_ses-1/mri/transforms/talsrcimg_to_711-2C_as_mni_average_305_t4_vox2vox.txt
lta_convert --src orig_nu.mgz --trg /opt/freesurfer/average/mni305.cor.mgz --inxfm transforms/talairach.auto.xfm --outlta transforms/talairach.auto.xfm.lta --subject fsaverage
7.3.2

--src: orig_nu.mgz src image (geometry).
--trg: /opt/freesurfer/average/mni305.cor.mgz trg image (geometry).
--inmni: transforms/talairach.auto.xfm input MNI/XFM transform.
--outlta: transforms/talairach.auto.xfm.lta output LTA.
--s: fsaverage subject name
 LTA read, type : 1
 1.01524  -0.02705   0.02310   2.49843;
 0.08784   0.93363   0.26171  -66.06284;
-0.05265  -0.25915   1.05538   1.36975;
 0.00000   0.00000   0.00000   1.00000;
setting subject to fsaverage
Writing  LTA to file transforms/talairach.auto.xfm.lta...
lta_convert successful.
 
 
Started at Wed Mar 11 21:08:16 CET 2026
Ended   at Wed Mar 11 21:09:45 CET 2026
talairach_avi done
