/out/sourcedata/freesurfer/sub-v1s2x0051490_ses-1/mri
/opt/freesurfer/bin/talairach_avi
--i orig_nu.mgz --xfm transforms/talairach.auto.xfm
talairach_avi 7.3.2
Linux dna054 5.14.0-427.37.1.el9_4.x86_64 #1 SMP PREEMPT_DYNAMIC Fri Sep 13 12:41:50 EDT 2024 x86_64 x86_64 x86_64 GNU/Linux
Wed Mar 11 21:30:47 CET 2026
mri_convert orig_nu.mgz talsrcimg.img 
reading from orig_nu.mgz...
TR=0.00, TE=0.00, TI=0.00, flip angle=0.00
i_ras = (-1, 0, 0)
j_ras = (0, 0, -1)
k_ras = (0, 1, 0)
writing to talsrcimg.img...
Analyze Output Matrix
-1.00000   0.00000   0.00000   132.88983;
 0.00000   0.00000   1.00000  -73.76271;
 0.00000  -1.00000   0.00000   120.50848;
 0.00000   0.00000   0.00000   1.00000;
--------------------
INFO: set hdr.hist.orient to -1
mpr2mni305 talsrcimg
Wed Mar 11 21:30:47 CET 2026
/opt/freesurfer/bin/mpr2mni305 talsrcimg
mpr2mni305 7.3.2
target=711-2C_as_mni_average_305

---------------------------------------------------------------------
analyzeto4dfp talsrcimg -O0 -y
---------------------------------------------------------------------

freesurfer ifh2hdr.c
Wed Mar 11 21:30:48 2026
Writing: talsrcimg.4dfp.hdr
freesurfer analyzeto4dfp.c
Reading: talsrcimg.hdr
header size 348 bytes
hdr.dime.datatype	offset=70	value=2
hdr.dime.bitpix		offset=72	value=8
hdr.hist.orient		offset=252	value=-1
dimensionality     4
dimensions       256       256       256         1
Reading: talsrcimg.img
Writing: talsrcimg.4dfp.img
Writing: talsrcimg.4dfp.ifh
ifh2hdr talsrcimg -r0to255
ori=2

---------------------------------------------------------------------
gauss_4dfp talsrcimg 1.1
---------------------------------------------------------------------

freesurfer gauss_4dfp.c
Reading: talsrcimg.4dfp.img
Writing: talsrcimg_g11.4dfp.img
image dimensions 256 256 256 padded to 288 288 288
processing volume 1freesurfer ifh2hdr.c
Wed Mar 11 21:30:49 2026
Writing: talsrcimg_g11.4dfp.hdr

Writing: talsrcimg_g11.4dfp.ifh
including: talsrcimg.4dfp.img.rec in talsrcimg_g11.4dfp.img.rec

---------------------------------------------------------------------
imgreg_4dfp /opt/freesurfer/average/711-2C_as_mni_average_305 none talsrcimg_g11 none talsrcimg_to_711-2C_as_mni_average_305_t4 4355
---------------------------------------------------------------------

freesurfer imgreg_4dfp.c
/opt/freesurfer/average/711-2C_as_mni_average_305.4dfp.img
       256       256       256         1
  1.000000  1.000000  1.000000
orientation T byte_order littleendian
Reading image: /opt/freesurfer/average/711-2C_as_mni_average_305.4dfp.img
dimensions:      256       256       256
mmppix:       1.0000   -1.0000   -1.0000
center:     128.0000 -129.0000 -129.0000
talsrcimg_g11.4dfp.img
       256       256       256         1
  1.000000  1.000000  1.000000
orientation T byte_order littleendian
Reading image: talsrcimg_g11.4dfp.img
dimensions:      256       256       256
mmppix:       1.0000   -1.0000   -1.0000
center:     128.0000 -129.0000 -129.0000
t4_read: open error in t4_sub.f l:  41 t4_file(1:l)talsrcimg_to_711-2C_as_mni_average_305_t4 
t4_read: transform initialized to I4
rotation matrix determinant  1.000000
image alignment mode   4355 decimal     1103 hex
   -7.5000  -45.0000  -45.0000 6206.8691   13.9040
    0.0000  -45.0000  -45.0000 6476.4619   13.9087
    7.5000  -45.0000  -45.0000 6175.8379   13.9164
   -7.5000  -37.5000  -45.0000 6824.7896   13.4877
    0.0000  -37.5000  -45.0000 7124.7061   13.4931
    7.5000  -37.5000  -45.0000 6782.0640   13.4991
   -7.5000  -30.0000  -45.0000 7774.9702   13.2424
    0.0000  -30.0000  -45.0000 8124.8794   13.2473
    7.5000  -30.0000  -45.0000 7728.4551   13.2568
   -7.5000  -22.5000  -45.0000 8764.5869   13.0811
    0.0000  -22.5000  -45.0000 9167.3818   13.0861
    7.5000  -22.5000  -45.0000 8722.8252   13.0979
   -7.5000  -15.0000  -45.0000 9793.4160   12.9668
    0.0000  -15.0000  -45.000010240.8428   12.9721
    7.5000  -15.0000  -45.0000 9739.5938   12.9842
   -7.5000   -7.5000  -45.000010825.8643   12.9152
    0.0000   -7.5000  -45.000011315.2529   12.9205
    7.5000   -7.5000  -45.000010757.7188   12.9301
   -7.5000    0.0000  -45.000011737.1602   12.9019
    0.0000    0.0000  -45.000012256.8428   12.9077
    7.5000    0.0000  -45.000011670.2314   12.9150
   -7.5000    7.5000  -45.000011737.6836   12.9155
    0.0000    7.5000  -45.000012279.6387   12.9210
    7.5000    7.5000  -45.000011693.9697   12.9285
   -7.5000   15.0000  -45.000011652.9561   12.9308
    0.0000   15.0000  -45.000012150.2539   12.9359
    7.5000   15.0000  -45.000011606.3721   12.9454
   -7.5000   22.5000  -45.000011455.3848   12.9296
    0.0000   22.5000  -45.000011936.9248   12.9350
    7.5000   22.5000  -45.000011419.7402   12.9468
   -7.5000   30.0000  -45.000011198.1572   12.7491
    0.0000   30.0000  -45.000011673.6758   12.7544
    7.5000   30.0000  -45.000011166.6807   12.7663
   -7.5000   37.5000  -45.000011183.4209   12.7326
    0.0000   37.5000  -45.000011655.7021   12.7378
    7.5000   37.5000  -45.000011117.2422   12.7473
   -7.5000   45.0000  -45.000010751.8428   12.4067
    0.0000   45.0000  -45.000011210.3828   12.4123
    7.5000   45.0000  -45.000010667.4346   12.4193
   -7.5000  -45.0000  -37.5000 6533.2881   13.9081
    0.0000  -45.0000  -37.5000 6820.5195   13.9125
    7.5000  -45.0000  -37.5000 6491.9067   13.9287
   -7.5000  -37.5000  -37.5000 7183.7231   13.4890
    0.0000  -37.5000  -37.5000 7500.2202   13.4954
    7.5000  -37.5000  -37.5000 7133.2886   13.5074
   -7.5000  -30.0000  -37.5000 8190.0068   13.2396
    0.0000  -30.0000  -37.5000 8552.9072   13.2470
    7.5000  -30.0000  -37.5000 8128.6543   13.2592
   -7.5000  -22.5000  -37.5000 9253.4014   13.0787
    0.0000  -22.5000  -37.5000 9669.4658   13.0868
    7.5000  -22.5000  -37.5000 9200.7188   13.1014
   -7.5000  -15.0000  -37.500010332.3906   12.9682
    0.0000  -15.0000  -37.500010789.2793   12.9758
    7.5000  -15.0000  -37.500010267.4053   12.9930
   -7.5000   -7.5000  -37.500011425.0977   12.9211
    0.0000   -7.5000  -37.500011914.1748   12.9273
    7.5000   -7.5000  -37.500011347.8291   12.9443
   -7.5000    0.0000  -37.500012385.1113   12.9078
    0.0000    0.0000  -37.500012906.5566   12.9137
    7.5000    0.0000  -37.500012319.9287   12.9286
   -7.5000    7.5000  -37.500012371.3555   12.9169
    0.0000    7.5000  -37.500012926.3916   12.9233
    7.5000    7.5000  -37.500012323.7568   12.9360
   -7.5000   15.0000  -37.500012282.9775   12.9286
    0.0000   15.0000  -37.500012787.3955   12.9361
    7.5000   15.0000  -37.500012213.7998   12.9481
   -7.5000   22.5000  -37.500012064.9941   12.9274
    0.0000   22.5000  -37.500012579.2744   12.9357
    7.5000   22.5000  -37.500012008.8936   12.9502
   -7.5000   30.0000  -37.500011769.0117   12.7505
    0.0000   30.0000  -37.500012259.0957   12.7581
    7.5000   30.0000  -37.500011693.3486   12.7750
   -7.5000   37.5000  -37.500011717.5732   12.7385
    0.0000   37.5000  -37.500012195.7979   12.7446
    7.5000   37.5000  -37.500011616.0322   12.7613
   -7.5000   45.0000  -37.500011265.5762   12.4124
    0.0000   45.0000  -37.500011723.9131   12.4181
    7.5000   45.0000  -37.500011143.0635   12.4324
   -7.5000  -45.0000  -30.0000 6960.8257   14.4731
    0.0000  -45.0000  -30.0000 7257.1685   14.4811
    7.5000  -45.0000  -30.0000 6912.1313   14.5047
   -7.5000  -37.5000  -30.0000 7657.8691   14.0362
    0.0000  -37.5000  -30.0000 7977.6587   14.0467
    7.5000  -37.5000  -30.0000 7589.5332   14.0672
   -7.5000  -30.0000  -30.0000 8739.4727   13.7727
    0.0000  -30.0000  -30.0000 9121.1357   13.7842
    7.5000  -30.0000  -30.0000 8675.7441   13.8027
   -7.5000  -22.5000  -30.0000 9892.1230   13.6047
    0.0000  -22.5000  -30.000010333.8643   13.6164
    7.5000  -22.5000  -30.0000 9835.5518   13.6342
   -7.5000  -15.0000  -30.000011056.3418   13.4928
    0.0000  -15.0000  -30.000011529.4375   13.5034
    7.5000  -15.0000  -30.000010983.7393   13.5224
   -7.5000   -7.5000  -30.000012192.0176   13.4484
    0.0000   -7.5000  -30.000012707.9893   13.4572
    7.5000   -7.5000  -30.000012113.5049   13.4778
   -7.5000    0.0000  -30.000013209.6338   13.4363
    0.0000    0.0000  -30.000013785.6484   13.4451
    7.5000    0.0000  -30.000013147.9121   13.4666
   -7.5000    7.5000  -30.000013206.4727   13.4417
    0.0000    7.5000  -30.000013789.0244   13.4519
    7.5000    7.5000  -30.000013153.5713   13.4723
   -7.5000   15.0000  -30.000013066.3926   13.4489
    0.0000   15.0000  -30.000013630.0967   13.4604
    7.5000   15.0000  -30.000013020.6865   13.4783
   -7.5000   22.5000  -30.000012847.0674   13.4455
    0.0000   22.5000  -30.000013408.9668   13.4575
    7.5000   22.5000  -30.000012787.9023   13.4749
   -7.5000   30.0000  -30.000012511.1504   13.2675
    0.0000   30.0000  -30.000013067.0215   13.2780
    7.5000   30.0000  -30.000012434.7949   13.2967
   -7.5000   37.5000  -30.000012427.5996   13.2596
    0.0000   37.5000  -30.000012982.3369   13.2682
    7.5000   37.5000  -30.000012340.2861   13.2885
   -7.5000   45.0000  -30.000011906.1172   12.9301
    0.0000   45.0000  -30.000012422.6006   12.9385
    7.5000   45.0000  -30.000011805.0586   12.9592
   -7.5000  -45.0000  -22.5000 7365.4854   14.9453
    0.0000  -45.0000  -22.5000 7686.7856   14.9581
    7.5000  -45.0000  -22.5000 7323.6372   14.9795
   -7.5000  -37.5000  -22.5000 8115.8662   14.4962
    0.0000  -37.5000  -22.5000 8472.1924   14.5104
    7.5000  -37.5000  -22.5000 8065.3931   14.5331
   -7.5000  -30.0000  -22.5000 9287.1855   14.2255
    0.0000  -30.0000  -22.5000 9700.2207   14.2389
    7.5000  -30.0000  -22.5000 9232.1875   14.2609
   -7.5000  -22.5000  -22.500010514.0127   14.0512
    0.0000  -22.5000  -22.500010984.8467   14.0637
    7.5000  -22.5000  -22.500010464.9238   14.0810
   -7.5000  -15.0000  -22.500011717.3984   13.9351
    0.0000  -15.0000  -22.500012234.2686   13.9464
    7.5000  -15.0000  -22.500011673.7031   13.9605
   -7.5000   -7.5000  -22.500012915.7461   13.8881
    0.0000   -7.5000  -22.500013480.9541   13.8990
    7.5000   -7.5000  -22.500012869.4941   13.9142
   -7.5000    0.0000  -22.500014023.4541   13.8766
    0.0000    0.0000  -22.500014666.9336   13.8889
    7.5000    0.0000  -22.500013972.3125   13.9083
   -7.5000    7.5000  -22.500014018.9883   13.8831
    0.0000    7.5000  -22.500014653.9785   13.8966
    7.5000    7.5000  -22.500013992.5049   13.9194
   -7.5000   15.0000  -22.500013812.9229   13.8899
    0.0000   15.0000  -22.500014453.5039   13.9032
    7.5000   15.0000  -22.500013795.1016   13.9246
   -7.5000   22.5000  -22.500013559.9922   13.8855
    0.0000   22.5000  -22.500014204.0107   13.8980
    7.5000   22.5000  -22.500013515.8281   13.9150
   -7.5000   30.0000  -22.500013196.3438   13.7042
    0.0000   30.0000  -22.500013833.3662   13.7154
    7.5000   30.0000  -22.500013144.4609   13.7293
   -7.5000   37.5000  -22.500013112.5684   13.6952
    0.0000   37.5000  -22.500013741.7852   13.7059
    7.5000   37.5000  -22.500013040.1338   13.7209
   -7.5000   45.0000  -22.500012498.5205   13.3639
    0.0000   45.0000  -22.500013075.4521   13.3757
    7.5000   45.0000  -22.500012433.8086   13.3944
   -7.5000  -45.0000  -15.0000 7771.6035   15.2950
    0.0000  -45.0000  -15.0000 8111.0010   15.3078
    7.5000  -45.0000  -15.0000 7719.3550   15.3212
   -7.5000  -37.5000  -15.0000 8581.3389   14.8394
    0.0000  -37.5000  -15.0000 8967.4746   14.8525
    7.5000  -37.5000  -15.0000 8536.3535   14.8702
   -7.5000  -30.0000  -15.0000 9805.2422   14.5686
    0.0000  -30.0000  -15.000010252.8828   14.5798
    7.5000  -30.0000  -15.0000 9768.6377   14.6000
   -7.5000  -22.5000  -15.000011076.5332   14.3900
    0.0000  -22.5000  -15.000011573.8330   14.3998
    7.5000  -22.5000  -15.000011049.2275   14.4147
   -7.5000  -15.0000  -15.000012328.3223   14.2663
    0.0000  -15.0000  -15.000012879.1006   14.2756
    7.5000  -15.0000  -15.000012314.2236   14.2844
   -7.5000   -7.5000  -15.000013586.5566   14.2117
    0.0000   -7.5000  -15.000014212.5371   14.2217
    7.5000   -7.5000  -15.000013582.2803   14.2297
   -7.5000    0.0000  -15.000014763.4375   14.1994
    0.0000    0.0000  -15.000015464.4141   14.2114
    7.5000    0.0000  -15.000014741.1865   14.2238
   -7.5000    7.5000  -15.000014803.1191   14.2120
    0.0000    7.5000  -15.000015477.3584   14.2244
    7.5000    7.5000  -15.000014773.2002   14.2430
   -7.5000   15.0000  -15.000014547.6592   14.2242
    0.0000   15.0000  -15.000015225.0127   14.2354
    7.5000   15.0000  -15.000014513.2256   14.2553
   -7.5000   22.5000  -15.000014229.7422   14.2196
    0.0000   22.5000  -15.000014933.1367   14.2296
    7.5000   22.5000  -15.000014226.9609   14.2442
   -7.5000   30.0000  -15.000013841.2842   14.0318
    0.0000   30.0000  -15.000014533.7080   14.0410
    7.5000   30.0000  -15.000013830.2158   14.0497
   -7.5000   37.5000  -15.000013713.9551   14.0162
    0.0000   37.5000  -15.000014428.7148   14.0260
    7.5000   37.5000  -15.000013716.4746   14.0339
   -7.5000   45.0000  -15.000013033.4824   13.6830
    0.0000   45.0000  -15.000013691.2207   13.6945
    7.5000   45.0000  -15.000013018.4316   13.7065
   -7.5000  -45.0000   -7.5000 8150.5312   15.4961
    0.0000  -45.0000   -7.5000 8512.2832   15.5046
    7.5000  -45.0000   -7.5000 8099.5947   15.5119
   -7.5000  -37.5000   -7.5000 9047.7500   15.0353
    0.0000  -37.5000   -7.5000 9449.7705   15.0439
    7.5000  -37.5000   -7.5000 9004.4248   15.0536
   -7.5000  -30.0000   -7.500010340.7363   14.7641
    0.0000  -30.0000   -7.500010818.1475   14.7711
    7.5000  -30.0000   -7.500010310.3047   14.7855
   -7.5000  -22.5000   -7.500011665.1279   14.5832
    0.0000  -22.5000   -7.500012176.9619   14.5895
    7.5000  -22.5000   -7.500011634.4600   14.6024
   -7.5000  -15.0000   -7.500012969.4492   14.4545
    0.0000  -15.0000   -7.500013550.8740   14.4609
    7.5000  -15.0000   -7.500012944.8633   14.4698
   -7.5000   -7.5000   -7.500014261.2109   14.3952
    0.0000   -7.5000   -7.500014929.5986   14.4025
    7.5000   -7.5000   -7.500014271.4189   14.4086
   -7.5000    0.0000   -7.500015456.7295   14.3817
    0.0000    0.0000   -7.500016179.9609   14.3904
    7.5000    0.0000   -7.500015438.3750   14.3973
   -7.5000    7.5000   -7.500015521.4766   14.3985
    0.0000    7.5000   -7.500016184.0518   14.4070
    7.5000    7.5000   -7.500015415.4619   14.4182
   -7.5000   15.0000   -7.500015345.6396   14.4156
    0.0000   15.0000   -7.500016129.9600   14.4228
    7.5000   15.0000   -7.500015287.9609   14.4371
   -7.5000   22.5000   -7.500014954.7412   14.4093
    0.0000   22.5000   -7.500015812.7158   14.4160
    7.5000   22.5000   -7.500015061.8252   14.4287
   -7.5000   30.0000   -7.500014496.6230   14.2167
    0.0000   30.0000   -7.500015330.3027   14.2231
    7.5000   30.0000   -7.500014608.3262   14.2319
   -7.5000   37.5000   -7.500014346.5000   14.1968
    0.0000   37.5000   -7.500015176.9014   14.2039
    7.5000   37.5000   -7.500014423.6582   14.2099
   -7.5000   45.0000   -7.500013633.8506   13.8613
    0.0000   45.0000   -7.500014389.8057   13.8696
    7.5000   45.0000   -7.500013644.3584   13.8763
   -7.5000  -45.0000    0.0000 8457.6689   15.5587
    0.0000  -45.0000    0.0000 8846.0547   15.5639
    7.5000  -45.0000    0.0000 8411.7422   15.5726
   -7.5000  -37.5000    0.0000 9416.0293   15.0928
    0.0000  -37.5000    0.0000 9846.5322   15.0989
    7.5000  -37.5000    0.0000 9373.2334   15.1056
   -7.5000  -30.0000    0.000010777.2529   14.8184
    0.0000  -30.0000    0.000011282.9395   14.8239
    7.5000  -30.0000    0.000010738.4492   14.8345
   -7.5000  -22.5000    0.000012145.5918   14.6378
    0.0000  -22.5000    0.000012680.2637   14.6435
    7.5000  -22.5000    0.000012103.1475   14.6566
   -7.5000  -15.0000    0.000013499.1084   14.5100
    0.0000  -15.0000    0.000014096.4629   14.5159
    7.5000  -15.0000    0.000013464.6475   14.5294
   -7.5000   -7.5000    0.000014817.4023   14.4522
    0.0000   -7.5000    0.000015478.8525   14.4581
    7.5000   -7.5000    0.000014815.5771   14.4689
   -7.5000    0.0000    0.000016009.7793   14.4373
    0.0000    0.0000    0.000016650.3965   14.4438
    7.5000    0.0000    0.000015993.2930   14.4520
   -7.5000    7.5000    0.000016095.1367   14.4525
    0.0000    7.5000    0.000016713.9707   14.4587
    7.5000    7.5000    0.000015967.3223   14.4671
   -7.5000   15.0000    0.000016090.4004   14.4697
    0.0000   15.0000    0.000017070.0820   14.4754
    7.5000   15.0000    0.000016056.9033   14.4860
   -7.5000   22.5000    0.000015856.6924   14.4636
    0.0000   22.5000    0.000016935.1934   14.4697
    7.5000   22.5000    0.000015950.7441   14.4828
   -7.5000   30.0000    0.000015295.5156   14.2719
    0.0000   30.0000    0.000016247.7832   14.2778
    7.5000   30.0000    0.000015396.3213   14.2911
   -7.5000   37.5000    0.000015074.2686   14.2534
    0.0000   37.5000    0.000015899.0645   14.2593
    7.5000   37.5000    0.000015094.8047   14.2698
   -7.5000   45.0000    0.000014264.2363   13.9159
    0.0000   45.0000    0.000014984.2959   13.9222
    7.5000   45.0000    0.000014200.7520   13.9301
   -7.5000  -45.0000    7.5000 8102.2803   15.5635
    0.0000  -45.0000    7.5000 8464.5771   15.5684
    7.5000  -45.0000    7.5000 8044.9395   15.5866
   -7.5000  -37.5000    7.5000 9027.9580   15.0946
    0.0000  -37.5000    7.5000 9446.7910   15.1018
    7.5000  -37.5000    7.5000 8984.5156   15.1152
   -7.5000  -30.0000    7.500010331.5635   14.8154
    0.0000  -30.0000    7.500010817.4912   14.8237
    7.5000  -30.0000    7.500010304.8154   14.8374
   -7.5000  -22.5000    7.500011660.1045   14.6355
    0.0000  -22.5000    7.500012192.4492   14.6445
    7.5000  -22.5000    7.500011639.6758   14.6608
   -7.5000  -15.0000    7.500012975.4414   14.5117
    0.0000  -15.0000    7.500013587.1826   14.5202
    7.5000  -15.0000    7.500012997.7510   14.5395
   -7.5000   -7.5000    7.500014267.0615   14.4591
    0.0000   -7.5000    7.500014962.2256   14.4660
    7.5000   -7.5000    7.500014319.5596   14.4850
   -7.5000    0.0000    7.500015453.0322   14.4442
    0.0000    0.0000    7.500016131.8184   14.4508
    7.5000    0.0000    7.500015451.2783   14.4675
   -7.5000    7.5000    7.500015494.3086   14.4543
    0.0000    7.5000    7.500016184.7666   14.4615
    7.5000    7.5000    7.500015433.1436   14.4757
   -7.5000   15.0000    7.500015534.9873   14.4675
    0.0000   15.0000    7.500016459.1094   14.4759
    7.5000   15.0000    7.500015389.7061   14.4893
   -7.5000   22.5000    7.500015581.2559   14.4614
    0.0000   22.5000    7.500016383.9521   14.4707
    7.5000   22.5000    7.500015206.0312   14.4869
   -7.5000   30.0000    7.500015165.5400   14.2737
    0.0000   30.0000    7.500015805.7666   14.2822
    7.5000   30.0000    7.500014736.4658   14.3011
   -7.5000   37.5000    7.500014803.8711   14.2602
    0.0000   37.5000    7.500015397.1221   14.2671
    7.5000   37.5000    7.500014483.7354   14.2858
   -7.5000   45.0000    7.500013803.5859   13.9225
    0.0000   45.0000    7.500014371.6875   13.9289
    7.5000   45.0000    7.500013595.0205   13.9450
   -7.5000  -45.0000   15.0000 7585.2876   15.5434
    0.0000  -45.0000   15.0000 7952.3037   15.5519
    7.5000  -45.0000   15.0000 7576.2222   15.5773
   -7.5000  -37.5000   15.0000 8473.8135   15.0740
    0.0000  -37.5000   15.0000 8886.8906   15.0853
    7.5000  -37.5000   15.0000 8466.1299   15.1073
   -7.5000  -30.0000   15.0000 9740.1875   14.7910
    0.0000  -30.0000   15.000010202.4248   14.8034
    7.5000  -30.0000   15.0000 9724.5693   14.8233
   -7.5000  -22.5000   15.000011047.5938   14.6105
    0.0000  -22.5000   15.000011558.4121   14.6232
    7.5000  -22.5000   15.000011012.8223   14.6423
   -7.5000  -15.0000   15.000012368.9961   14.4905
    0.0000  -15.0000   15.000012928.3408   14.5018
    7.5000  -15.0000   15.000012306.5146   14.5222
   -7.5000   -7.5000   15.000013707.3965   14.4428
    0.0000   -7.5000   15.000014307.5107   14.4522
    7.5000   -7.5000   15.000013586.9414   14.4743
   -7.5000    0.0000   15.000014887.5283   14.4298
    0.0000    0.0000   15.000015483.0811   14.4392
    7.5000    0.0000   15.000014695.4668   14.4623
   -7.5000    7.5000   15.000014835.4326   14.4356
    0.0000    7.5000   15.000015451.8809   14.4464
    7.5000    7.5000   15.000014712.0537   14.4684
   -7.5000   15.0000   15.000014638.8926   14.4432
    0.0000   15.0000   15.000015362.3662   14.4555
    7.5000   15.0000   15.000014563.1562   14.4748
   -7.5000   22.5000   15.000014494.8418   14.4364
    0.0000   22.5000   15.000015118.4746   14.4492
    7.5000   22.5000   15.000014316.5693   14.4680
   -7.5000   30.0000   15.000014154.0059   14.2527
    0.0000   30.0000   15.000014743.7373   14.2639
    7.5000   30.0000   15.000013965.5410   14.2840
   -7.5000   37.5000   15.000013993.5254   14.2442
    0.0000   37.5000   15.000014589.0576   14.2535
    7.5000   37.5000   15.000013825.0840   14.2752
   -7.5000   45.0000   15.000013091.2812   13.9086
    0.0000   45.0000   15.000013635.7812   13.9177
    7.5000   45.0000   15.000012944.2236   13.9400
   -7.5000  -45.0000   22.5000 7024.4468   15.5519
    0.0000  -45.0000   22.5000 7374.2407   15.5654
    7.5000  -45.0000   22.5000 7017.9565   15.5882
   -7.5000  -37.5000   22.5000 7872.2622   15.0840
    0.0000  -37.5000   22.5000 8262.3926   15.0990
    7.5000  -37.5000   22.5000 7855.1636   15.1232
   -7.5000  -30.0000   22.5000 9088.1016   14.8019
    0.0000  -30.0000   22.5000 9529.1055   14.8160
    7.5000  -30.0000   22.5000 9034.1592   14.8394
   -7.5000  -22.5000   22.500010319.4453   14.6202
    0.0000  -22.5000   22.500010823.6318   14.6334
    7.5000  -22.5000   22.500010263.1924   14.6518
   -7.5000  -15.0000   22.500011554.4180   14.4991
    0.0000  -15.0000   22.500012095.3428   14.5111
    7.5000  -15.0000   22.500011494.8535   14.5262
   -7.5000   -7.5000   22.500012774.8496   14.4501
    0.0000   -7.5000   22.500013345.9150   14.4616
    7.5000   -7.5000   22.500012693.4922   14.4779
   -7.5000    0.0000   22.500013871.1104   14.4381
    0.0000    0.0000   22.500014456.5957   14.4510
    7.5000    0.0000   22.500013785.0059   14.4717
   -7.5000    7.5000   22.500013832.3555   14.4448
    0.0000    7.5000   22.500014437.1016   14.4591
    7.5000    7.5000   22.500013817.6953   14.4832
   -7.5000   15.0000   22.500013612.8154   14.4519
    0.0000   15.0000   22.500014216.6143   14.4659
    7.5000   15.0000   22.500013620.1758   14.4887
   -7.5000   22.5000   22.500013374.0674   14.4452
    0.0000   22.5000   22.500013892.7773   14.4584
    7.5000   22.5000   22.500013352.1279   14.4765
   -7.5000   30.0000   22.500013022.9277   14.2608
    0.0000   30.0000   22.500013555.5781   14.2727
    7.5000   30.0000   22.500013034.1377   14.2875
   -7.5000   37.5000   22.500012916.1738   14.2513
    0.0000   37.5000   22.500013475.8809   14.2627
    7.5000   37.5000   22.500012941.1924   14.2787
   -7.5000   45.0000   22.500012163.7285   13.9166
    0.0000   45.0000   22.500012668.6914   13.9291
    7.5000   45.0000   22.500012142.1572   13.9491
   -7.5000  -45.0000   30.0000 6425.2339   15.7434
    0.0000  -45.0000   30.0000 6747.6704   15.7577
    7.5000  -45.0000   30.0000 6434.2319   15.7731
   -7.5000  -37.5000   30.0000 7211.7969   15.2706
    0.0000  -37.5000   30.0000 7585.9077   15.2851
    7.5000  -37.5000   30.0000 7216.4722   15.3051
   -7.5000  -30.0000   30.0000 8345.2363   14.9908
    0.0000  -30.0000   30.0000 8775.2139   15.0034
    7.5000  -30.0000   30.0000 8341.2686   15.0260
   -7.5000  -22.5000   30.0000 9485.9873   14.8071
    0.0000  -22.5000   30.0000 9964.9219   14.8181
    7.5000  -22.5000   30.0000 9485.6367   14.8351
   -7.5000  -15.0000   30.000010626.8213   14.6796
    0.0000  -15.0000   30.000011134.7441   14.6899
    7.5000  -15.0000   30.000010625.8633   14.7005
   -7.5000   -7.5000   30.000011732.7949   14.6220
    0.0000   -7.5000   30.000012265.8447   14.6331
    7.5000   -7.5000   30.000011731.0439   14.6426
   -7.5000    0.0000   30.000012761.1133   14.6084
    0.0000    0.0000   30.000013328.1035   14.6217
    7.5000    0.0000   30.000012759.8955   14.6359
   -7.5000    7.5000   30.000012774.4854   14.6216
    0.0000    7.5000   30.000013321.4834   14.6355
    7.5000    7.5000   30.000012774.3604   14.6563
   -7.5000   15.0000   30.000012608.9551   14.6351
    0.0000   15.0000   30.000013124.3301   14.6476
    7.5000   15.0000   30.000012579.7637   14.6698
   -7.5000   22.5000   30.000012414.0918   14.6293
    0.0000   22.5000   30.000012855.7793   14.6404
    7.5000   22.5000   30.000012335.5127   14.6572
   -7.5000   30.0000   30.000012139.7295   14.4375
    0.0000   30.0000   30.000012560.0518   14.4478
    7.5000   30.0000   30.000012052.2979   14.4582
   -7.5000   37.5000   30.000012050.2344   14.4206
    0.0000   37.5000   30.000012469.8145   14.4315
    7.5000   37.5000   30.000011965.9756   14.4410
   -7.5000   45.0000   30.000011339.8799   14.0808
    0.0000   45.0000   30.000011717.8555   14.0936
    7.5000   45.0000   30.000011244.5469   14.1073
   -7.5000  -45.0000   37.5000 6082.6914   16.0651
    0.0000  -45.0000   37.5000 6380.4424   16.0745
    7.5000  -45.0000   37.5000 6095.8232   16.0834
   -7.5000  -37.5000   37.5000 6835.6914   15.5779
    0.0000  -37.5000   37.5000 7192.3711   15.5885
    7.5000  -37.5000   37.5000 6854.3584   15.6000
   -7.5000  -30.0000   37.5000 7922.7363   15.2940
    0.0000  -30.0000   37.5000 8320.8770   15.3037
    7.5000  -30.0000   37.5000 7928.3354   15.3203
   -7.5000  -22.5000   37.5000 9014.6826   15.1056
    0.0000  -22.5000   37.5000 9470.7266   15.1143
    7.5000  -22.5000   37.5000 9025.3271   15.1293
   -7.5000  -15.0000   37.500010087.1172   14.9708
    0.0000  -15.0000   37.500010581.1357   14.9787
    7.5000  -15.0000   37.500010098.5879   14.9894
   -7.5000   -7.5000   37.500011152.8301   14.9060
    0.0000   -7.5000   37.500011684.8848   14.9140
    7.5000   -7.5000   37.500011138.6172   14.9216
   -7.5000    0.0000   37.500012136.4717   14.8910
    0.0000    0.0000   37.500012686.3447   14.9007
    7.5000    0.0000   37.500012096.4980   14.9091
   -7.5000    7.5000   37.500012165.8203   14.9100
    0.0000    7.5000   37.500012719.6592   14.9204
    7.5000    7.5000   37.500012126.9795   14.9335
   -7.5000   15.0000   37.500012016.6846   14.9297
    0.0000   15.0000   37.500012521.4658   14.9395
    7.5000   15.0000   37.500011958.3135   14.9560
   -7.5000   22.5000   37.500011814.1602   14.9237
    0.0000   22.5000   37.500012279.5508   14.9327
    7.5000   22.5000   37.500011732.0918   14.9475
   -7.5000   30.0000   37.500011566.3438   14.7232
    0.0000   30.0000   37.500011998.6260   14.7311
    7.5000   30.0000   37.500011464.7422   14.7417
   -7.5000   37.5000   37.500011522.5449   14.7005
    0.0000   37.5000   37.500011947.0010   14.7084
    7.5000   37.5000   37.500011421.8652   14.7159
   -7.5000   45.0000   37.500010878.2734   14.3532
    0.0000   45.0000   37.500011274.8750   14.3626
    7.5000   45.0000   37.500010760.0762   14.3706
   -7.5000  -45.0000   45.0000 5508.2583   16.5061
    0.0000  -45.0000   45.0000 5779.5815   16.5112
    7.5000  -45.0000   45.0000 5532.0229   16.5233
   -7.5000  -37.5000   45.0000 6211.5791   15.9944
    0.0000  -37.5000   45.0000 6531.6016   16.0021
    7.5000  -37.5000   45.0000 6227.5918   16.0125
   -7.5000  -30.0000   45.0000 7195.7651   15.6983
    0.0000  -30.0000   45.0000 7546.0054   15.7063
    7.5000  -30.0000   45.0000 7198.4653   15.7209
   -7.5000  -22.5000   45.0000 8188.7612   15.5010
    0.0000  -22.5000   45.0000 8589.7305   15.5085
    7.5000  -22.5000   45.0000 8185.6768   15.5252
   -7.5000  -15.0000   45.0000 9169.0889   15.3570
    0.0000  -15.0000   45.0000 9625.7734   15.3633
    7.5000  -15.0000   45.0000 9165.6387   15.3799
   -7.5000   -7.5000   45.000010127.2607   15.2868
    0.0000   -7.5000   45.000010632.3721   15.2924
    7.5000   -7.5000   45.000010125.7656   15.3060
   -7.5000    0.0000   45.000011020.1631   15.2710
    0.0000    0.0000   45.000011548.4043   15.2779
    7.5000    0.0000   45.000011000.5342   15.2891
   -7.5000    7.5000   45.000011046.5879   15.2946
    0.0000    7.5000   45.000011565.7051   15.3024
    7.5000    7.5000   45.000011012.7910   15.3144
   -7.5000   15.0000   45.000010927.5830   15.3195
    0.0000   15.0000   45.000011413.6865   15.3277
    7.5000   15.0000   45.000010877.9062   15.3422
   -7.5000   22.5000   45.000010732.1260   15.3120
    0.0000   22.5000   45.000011196.7617   15.3199
    7.5000   22.5000   45.000010682.2754   15.3365
   -7.5000   30.0000   45.000010497.7969   15.1004
    0.0000   30.0000   45.000010934.3701   15.1067
    7.5000   30.0000   45.000010436.6387   15.1231
   -7.5000   37.5000   45.000010492.9814   15.0744
    0.0000   37.5000   45.000010919.2979   15.0799
    7.5000   37.5000   45.000010429.3301   15.0934
   -7.5000   45.0000   45.0000 9923.4307   14.7262
    0.0000   45.0000   45.000010332.9346   14.7328
    7.5000   45.0000   45.0000 9853.7031   14.7436

---------------------------------------------------------------------
imgreg_4dfp /opt/freesurfer/average/711-2C_as_mni_average_305 /opt/freesurfer/average/711-2B_as_mni_average_305_mask talsrcimg_g11 none talsrcimg_to_711-2C_as_mni_average_305_t4 4355
---------------------------------------------------------------------

freesurfer imgreg_4dfp.c
/opt/freesurfer/average/711-2C_as_mni_average_305.4dfp.img
       256       256       256         1
  1.000000  1.000000  1.000000
orientation T byte_order littleendian
Reading image: /opt/freesurfer/average/711-2C_as_mni_average_305.4dfp.img
dimensions:      256       256       256
mmppix:       1.0000   -1.0000   -1.0000
center:     128.0000 -129.0000 -129.0000
/opt/freesurfer/average/711-2B_as_mni_average_305_mask.4dfp.img
       256       256       256         1
  1.000000  1.000000  1.000000
orientation T byte_order littleendian
Reading mask: /opt/freesurfer/average/711-2B_as_mni_average_305_mask.4dfp.img (2306576 pixels)
talsrcimg_g11.4dfp.img
       256       256       256         1
  1.000000  1.000000  1.000000
orientation T byte_order littleendian
Reading image: talsrcimg_g11.4dfp.img
dimensions:      256       256       256
mmppix:       1.0000   -1.0000   -1.0000
center:     128.0000 -129.0000 -129.0000
rotation matrix determinant  1.000000
image alignment mode   4355 decimal     1103 hex
   -7.5000  -30.0000  -45.0000 2011.7723   16.8882
    0.0000  -30.0000  -45.0000 2017.5399   16.9713
    7.5000  -30.0000  -45.0000 1998.8716   17.1179
   -7.5000  -22.5000  -45.0000 2121.8643   15.1543
    0.0000  -22.5000  -45.0000 2126.7190   15.1983
    7.5000  -22.5000  -45.0000 2108.4114   15.3323
   -7.5000  -15.0000  -45.0000 2225.4607   13.7785
    0.0000  -15.0000  -45.0000 2228.2517   13.8015
    7.5000  -15.0000  -45.0000 2208.6091   13.9256
   -7.5000   -7.5000  -45.0000 2306.9526   12.6923
    0.0000   -7.5000  -45.0000 2307.2600   12.7074
    7.5000   -7.5000  -45.0000 2287.7363   12.8476
   -7.5000    0.0000  -45.0000 2355.7400   11.8674
    0.0000    0.0000  -45.0000 2355.5093   11.8677
    7.5000    0.0000  -45.0000 2333.5994   12.0362
   -7.5000    7.5000  -45.0000 2386.6204   11.3278
    0.0000    7.5000  -45.0000 2391.0667   11.2832
    7.5000    7.5000  -45.0000 2368.1465   11.4704
   -7.5000   15.0000  -45.0000 2402.0935   11.0194
    0.0000   15.0000  -45.0000 2403.5784   10.9741
    7.5000   15.0000  -45.0000 2381.6777   11.1484
   -7.5000   22.5000  -45.0000 2401.1602   10.9511
    0.0000   22.5000  -45.0000 2400.9536   10.8776
    7.5000   22.5000  -45.0000 2382.3125   11.0599
   -7.5000   30.0000  -45.0000 2388.1375   11.1145
    0.0000   30.0000  -45.0000 2396.3455   11.0027
    7.5000   30.0000  -45.0000 2371.5769   11.1908
   -7.5000   37.5000  -45.0000 2361.1089   11.4262
    0.0000   37.5000  -45.0000 2369.3970   11.3340
    7.5000   37.5000  -45.0000 2345.8010   11.5130
   -7.5000   45.0000  -45.0000 2316.0210   12.0231
    0.0000   45.0000  -45.0000 2325.3145   11.9421
    7.5000   45.0000  -45.0000 2301.1157   12.0979
   -7.5000   52.5000  -45.0000 2224.5881   12.8031
    0.0000   52.5000  -45.0000 2234.2915   12.7365
    7.5000   52.5000  -45.0000 2213.2524   12.8902
   -7.5000   60.0000  -45.0000 2091.7778   13.6963
    0.0000   60.0000  -45.0000 2101.1733   13.6227
    7.5000   60.0000  -45.0000 2083.9929   13.7639
   -7.5000  -30.0000  -37.5000 2072.2000   15.8757
    0.0000  -30.0000  -37.5000 2074.5640   15.9120
    7.5000  -30.0000  -37.5000 2056.2859   16.0851
   -7.5000  -22.5000  -37.5000 2193.7886   14.2533
    0.0000  -22.5000  -37.5000 2197.4102   14.2685
    7.5000  -22.5000  -37.5000 2173.4412   14.4466
   -7.5000  -15.0000  -37.5000 2300.9019   12.9590
    0.0000  -15.0000  -37.5000 2306.3589   12.9408
    7.5000  -15.0000  -37.5000 2280.6541   13.1248
   -7.5000   -7.5000  -37.5000 2386.8093   11.9246
    0.0000   -7.5000  -37.5000 2389.9795   11.8847
    7.5000   -7.5000  -37.5000 2366.1914   12.0572
   -7.5000    0.0000  -37.5000 2438.8657   11.1210
    0.0000    0.0000  -37.5000 2440.2517   11.0758
    7.5000    0.0000  -37.5000 2418.0879   11.2387
   -7.5000    7.5000  -37.5000 2480.0229   10.5571
    0.0000    7.5000  -37.5000 2480.9185   10.4960
    7.5000    7.5000  -37.5000 2460.6836   10.6746
   -7.5000   15.0000  -37.5000 2506.6470   10.2587
    0.0000   15.0000  -37.5000 2510.5356   10.1797
    7.5000   15.0000  -37.5000 2484.4539   10.3492
   -7.5000   22.5000  -37.5000 2507.3569   10.1882
    0.0000   22.5000  -37.5000 2509.6018   10.0984
    7.5000   22.5000  -37.5000 2487.1392   10.2639
   -7.5000   30.0000  -37.5000 2496.3213   10.3160
    0.0000   30.0000  -37.5000 2502.3650   10.1872
    7.5000   30.0000  -37.5000 2471.9409   10.3640
   -7.5000   37.5000  -37.5000 2468.1335   10.5862
    0.0000   37.5000  -37.5000 2474.9746   10.4868
    7.5000   37.5000  -37.5000 2445.6270   10.6498
   -7.5000   45.0000  -37.5000 2417.5232   11.1400
    0.0000   45.0000  -37.5000 2427.5483   11.0339
    7.5000   45.0000  -37.5000 2395.5835   11.1851
   -7.5000   52.5000  -37.5000 2323.9800   11.8593
    0.0000   52.5000  -37.5000 2332.5789   11.7692
    7.5000   52.5000  -37.5000 2305.9028   11.8978
   -7.5000   60.0000  -37.5000 2181.0208   12.6779
    0.0000   60.0000  -37.5000 2190.5635   12.5950
    7.5000   60.0000  -37.5000 2167.0857   12.7315
   -7.5000  -30.0000  -30.0000 2164.4539   15.5388
    0.0000  -30.0000  -30.0000 2167.0527   15.5624
    7.5000  -30.0000  -30.0000 2145.2957   15.7739
   -7.5000  -22.5000  -30.0000 2296.7683   13.9153
    0.0000  -22.5000  -30.0000 2299.2954   13.9176
    7.5000  -22.5000  -30.0000 2273.5554   14.1389
   -7.5000  -15.0000  -30.0000 2410.8423   12.6080
    0.0000  -15.0000  -30.0000 2414.4258   12.5824
    7.5000  -15.0000  -30.0000 2387.1384   12.7948
   -7.5000   -7.5000  -30.0000 2499.1611   11.5803
    0.0000   -7.5000  -30.0000 2506.0442   11.5258
    7.5000   -7.5000  -30.0000 2477.2922   11.7250
   -7.5000    0.0000  -30.0000 2557.8623   10.8012
    0.0000    0.0000  -30.0000 2567.4719   10.7360
    7.5000    0.0000  -30.0000 2540.6001   10.9221
   -7.5000    7.5000  -30.0000 2609.7859   10.2036
    0.0000    7.5000  -30.0000 2613.6597   10.1502
    7.5000    7.5000  -30.0000 2589.3765   10.3043
   -7.5000   15.0000  -30.0000 2649.8889    9.8688
    0.0000   15.0000  -30.0000 2655.3254    9.7929
    7.5000   15.0000  -30.0000 2631.2542    9.9372
   -7.5000   22.5000  -30.0000 2658.3650    9.7829
    0.0000   22.5000  -30.0000 2663.9192    9.7091
    7.5000   22.5000  -30.0000 2639.4253    9.8366
   -7.5000   30.0000  -30.0000 2646.2407    9.8800
    0.0000   30.0000  -30.0000 2656.2463    9.7683
    7.5000   30.0000  -30.0000 2625.2112    9.9149
   -7.5000   37.5000  -30.0000 2621.4375   10.1670
    0.0000   37.5000  -30.0000 2633.9653   10.0596
    7.5000   37.5000  -30.0000 2600.3035   10.2096
   -7.5000   45.0000  -30.0000 2564.1147   10.7027
    0.0000   45.0000  -30.0000 2579.5256   10.5802
    7.5000   45.0000  -30.0000 2545.7864   10.7444
   -7.5000   52.5000  -30.0000 2459.1497   11.3890
    0.0000   52.5000  -30.0000 2473.3640   11.2745
    7.5000   52.5000  -30.0000 2446.3511   11.4276
   -7.5000   60.0000  -30.0000 2308.4724   12.1964
    0.0000   60.0000  -30.0000 2319.7251   12.0846
    7.5000   60.0000  -30.0000 2297.4897   12.2534
   -7.5000  -30.0000  -22.5000 2228.8748   15.1869
    0.0000  -30.0000  -22.5000 2236.5000   15.1857
    7.5000  -30.0000  -22.5000 2213.4526   15.4322
   -7.5000  -22.5000  -22.5000 2364.6982   13.5813
    0.0000  -22.5000  -22.5000 2372.6943   13.5432
    7.5000  -22.5000  -22.5000 2346.6743   13.7764
   -7.5000  -15.0000  -22.5000 2477.6790   12.2633
    0.0000  -15.0000  -22.5000 2486.1223   12.2148
    7.5000  -15.0000  -22.5000 2461.7432   12.4488
   -7.5000   -7.5000  -22.5000 2574.3894   11.2014
    0.0000   -7.5000  -22.5000 2582.3945   11.1591
    7.5000   -7.5000  -22.5000 2556.4451   11.3706
   -7.5000    0.0000  -22.5000 2650.7356   10.4045
    0.0000    0.0000  -22.5000 2660.7043   10.3582
    7.5000    0.0000  -22.5000 2631.6570   10.5325
   -7.5000    7.5000  -22.5000 2710.9153    9.8195
    0.0000    7.5000  -22.5000 2720.8931    9.7761
    7.5000    7.5000  -22.5000 2692.0903    9.9240
   -7.5000   15.0000  -22.5000 2756.7822    9.4480
    0.0000   15.0000  -22.5000 2771.5161    9.3829
    7.5000   15.0000  -22.5000 2737.5615    9.5322
   -7.5000   22.5000  -22.5000 2776.2361    9.3314
    0.0000   22.5000  -22.5000 2788.7310    9.2712
    7.5000   22.5000  -22.5000 2755.9885    9.3978
   -7.5000   30.0000  -22.5000 2769.7629    9.4060
    0.0000   30.0000  -22.5000 2781.9209    9.3367
    7.5000   30.0000  -22.5000 2752.6541    9.4629
   -7.5000   37.5000  -22.5000 2745.6079    9.7076
    0.0000   37.5000  -22.5000 2765.1653    9.6085
    7.5000   37.5000  -22.5000 2728.3840    9.7485
   -7.5000   45.0000  -22.5000 2679.4304   10.2214
    0.0000   45.0000  -22.5000 2698.9944   10.1069
    7.5000   45.0000  -22.5000 2667.5779   10.2653
   -7.5000   52.5000  -22.5000 2564.1892   10.9130
    0.0000   52.5000  -22.5000 2579.9290   10.8014
    7.5000   52.5000  -22.5000 2556.5898   10.9623
   -7.5000   60.0000  -22.5000 2400.8784   11.7073
    0.0000   60.0000  -22.5000 2414.9670   11.5881
    7.5000   60.0000  -22.5000 2395.8352   11.7536
   -7.5000  -30.0000  -15.0000 2261.7419   14.9070
    0.0000  -30.0000  -15.0000 2271.2756   14.8852
    7.5000  -30.0000  -15.0000 2249.8701   15.1578
   -7.5000  -22.5000  -15.0000 2393.3926   13.2707
    0.0000  -22.5000  -15.0000 2402.6511   13.2288
    7.5000  -22.5000  -15.0000 2383.2378   13.4599
   -7.5000  -15.0000  -15.0000 2504.6140   11.9565
    0.0000  -15.0000  -15.0000 2514.2468   11.9096
    7.5000  -15.0000  -15.0000 2494.0771   12.1190
   -7.5000   -7.5000  -15.0000 2611.1538   10.8876
    0.0000   -7.5000  -15.0000 2621.2903   10.8354
    7.5000   -7.5000  -15.0000 2598.2754   11.0488
   -7.5000    0.0000  -15.0000 2703.1555   10.0616
    0.0000    0.0000  -15.0000 2715.1777   10.0156
    7.5000    0.0000  -15.0000 2687.0906   10.1944
   -7.5000    7.5000  -15.0000 2779.6501    9.4705
    0.0000    7.5000  -15.0000 2791.3728    9.4271
    7.5000    7.5000  -15.0000 2760.5676    9.5792
   -7.5000   15.0000  -15.0000 2830.0437    9.1135
    0.0000   15.0000  -15.0000 2847.4890    9.0634
    7.5000   15.0000  -15.0000 2810.7612    9.2112
   -7.5000   22.5000  -15.0000 2860.4417    8.9578
    0.0000   22.5000  -15.0000 2878.8909    8.8947
    7.5000   22.5000  -15.0000 2838.2307    9.0549
   -7.5000   30.0000  -15.0000 2856.8606    9.0357
    0.0000   30.0000  -15.0000 2878.6206    8.9540
    7.5000   30.0000  -15.0000 2844.0803    9.1129
   -7.5000   37.5000  -15.0000 2828.1299    9.3108
    0.0000   37.5000  -15.0000 2854.5740    9.2272
    7.5000   37.5000  -15.0000 2821.0627    9.3641
   -7.5000   45.0000  -15.0000 2751.4048    9.8232
    0.0000   45.0000  -15.0000 2777.5679    9.7347
    7.5000   45.0000  -15.0000 2748.4978    9.8906
   -7.5000   52.5000  -15.0000 2627.9668   10.5126
    0.0000   52.5000  -15.0000 2652.0132   10.4143
    7.5000   52.5000  -15.0000 2626.6055   10.5967
   -7.5000   60.0000  -15.0000 2457.3508   11.2950
    0.0000   60.0000  -15.0000 2475.6997   11.1988
    7.5000   60.0000  -15.0000 2455.1450   11.3815
   -7.5000  -30.0000   -7.5000 2274.4241   14.7470
    0.0000  -30.0000   -7.5000 2286.1345   14.6983
    7.5000  -30.0000   -7.5000 2262.9697   14.9939
   -7.5000  -22.5000   -7.5000 2404.5713   13.0598
    0.0000  -22.5000   -7.5000 2410.3499   13.0120
    7.5000  -22.5000   -7.5000 2390.1475   13.2858
   -7.5000  -15.0000   -7.5000 2517.6501   11.7245
    0.0000  -15.0000   -7.5000 2524.3921   11.6582
    7.5000  -15.0000   -7.5000 2500.2180   11.9115
   -7.5000   -7.5000   -7.5000 2627.1843   10.6465
    0.0000   -7.5000   -7.5000 2635.2722   10.5859
    7.5000   -7.5000   -7.5000 2609.9053   10.8005
   -7.5000    0.0000   -7.5000 2726.4619    9.8035
    0.0000    0.0000   -7.5000 2739.9434    9.7471
    7.5000    0.0000   -7.5000 2710.1050    9.9263
   -7.5000    7.5000   -7.5000 2812.1389    9.2125
    0.0000    7.5000   -7.5000 2830.4795    9.1349
    7.5000    7.5000   -7.5000 2798.9612    9.2978
   -7.5000   15.0000   -7.5000 2881.0808    8.8930
    0.0000   15.0000   -7.5000 2901.3718    8.8382
    7.5000   15.0000   -7.5000 2867.4487    8.9639
   -7.5000   22.5000   -7.5000 2915.9678    8.7255
    0.0000   22.5000   -7.5000 2951.3335    8.7048
    7.5000   22.5000   -7.5000 2901.1572    8.8617
   -7.5000   30.0000   -7.5000 2914.3188    8.7541
    0.0000   30.0000   -7.5000 2947.4785    8.7318
    7.5000   30.0000   -7.5000 2899.1855    8.9196
   -7.5000   37.5000   -7.5000 2875.3237    9.0164
    0.0000   37.5000   -7.5000 2907.0432    8.9947
    7.5000   37.5000   -7.5000 2866.1362    9.1509
   -7.5000   45.0000   -7.5000 2800.5671    9.5203
    0.0000   45.0000   -7.5000 2828.5432    9.4802
    7.5000   45.0000   -7.5000 2795.3513    9.6288
   -7.5000   52.5000   -7.5000 2671.5454   10.2095
    0.0000   52.5000   -7.5000 2694.7476   10.1578
    7.5000   52.5000   -7.5000 2666.7402   10.3177
   -7.5000   60.0000   -7.5000 2494.1743   10.9783
    0.0000   60.0000   -7.5000 2509.5842   10.9246
    7.5000   60.0000   -7.5000 2488.7065   11.0956
   -7.5000  -30.0000    0.0000 2268.9326   14.7087
    0.0000  -30.0000    0.0000 2283.7705   14.6308
    7.5000  -30.0000    0.0000 2258.4827   14.9540
   -7.5000  -22.5000    0.0000 2393.7988   12.9978
    0.0000  -22.5000    0.0000 2403.7920   12.9021
    7.5000  -22.5000    0.0000 2380.6533   13.1981
   -7.5000  -15.0000    0.0000 2509.7285   11.6399
    0.0000  -15.0000    0.0000 2518.2466   11.5356
    7.5000  -15.0000    0.0000 2491.5823   11.8068
   -7.5000   -7.5000    0.0000 2624.4199   10.5468
    0.0000   -7.5000    0.0000 2633.3840   10.4441
    7.5000   -7.5000    0.0000 2606.3848   10.6937
   -7.5000    0.0000    0.0000 2729.4744    9.6833
    0.0000    0.0000    0.0000 2738.2590    9.5949
    7.5000    0.0000    0.0000 2714.3228    9.8207
   -7.5000    7.5000    0.0000 2824.2188    9.1132
    0.0000    7.5000    0.0000 2840.6809    9.0148
    7.5000    7.5000    0.0000 2812.3247    9.2234
   -7.5000   15.0000    0.0000 2902.9883    8.8670
    0.0000   15.0000    0.0000 2928.2615    8.7980
    7.5000   15.0000    0.0000 2895.9590    8.9234
   -7.5000   22.5000    0.0000 2953.2507    8.7707
    0.0000   22.5000    0.0000 3004.2141    8.7825
    7.5000   22.5000    0.0000 2950.7737    8.8636
   -7.5000   30.0000    0.0000 2944.9780    8.7262
    0.0000   30.0000    0.0000 2990.1628    8.7248
    7.5000   30.0000    0.0000 2934.5181    8.8928
   -7.5000   37.5000    0.0000 2894.1123    8.9644
    0.0000   37.5000    0.0000 2921.6196    8.9324
    7.5000   37.5000    0.0000 2882.6272    9.0830
   -7.5000   45.0000    0.0000 2813.5320    9.4479
    0.0000   45.0000    0.0000 2838.6648    9.3586
    7.5000   45.0000    0.0000 2808.9441    9.5092
   -7.5000   52.5000    0.0000 2683.9954   10.1024
    0.0000   52.5000    0.0000 2704.4192    9.9927
    7.5000   52.5000    0.0000 2678.3252   10.1554
   -7.5000   60.0000    0.0000 2502.4822   10.8583
    0.0000   60.0000    0.0000 2515.2593   10.7321
    7.5000   60.0000    0.0000 2495.8474   10.9151
   -7.5000  -30.0000    7.5000 2246.6289   14.8967
    0.0000  -30.0000    7.5000 2262.5593   14.8114
    7.5000  -30.0000    7.5000 2239.3755   15.1001
   -7.5000  -22.5000    7.5000 2373.9299   13.1136
    0.0000  -22.5000    7.5000 2384.5269   13.0112
    7.5000  -22.5000    7.5000 2361.6233   13.3171
   -7.5000  -15.0000    7.5000 2488.5337   11.7317
    0.0000  -15.0000    7.5000 2502.9709   11.6412
    7.5000  -15.0000    7.5000 2479.9556   11.9179
   -7.5000   -7.5000    7.5000 2604.7537   10.6437
    0.0000   -7.5000    7.5000 2621.5723   10.5503
    7.5000   -7.5000    7.5000 2599.7712   10.8020
   -7.5000    0.0000    7.5000 2713.9443    9.7830
    0.0000    0.0000    7.5000 2728.5728    9.7057
    7.5000    0.0000    7.5000 2706.8013    9.9153
   -7.5000    7.5000    7.5000 2814.2585    9.2223
    0.0000    7.5000    7.5000 2831.2244    9.1319
    7.5000    7.5000    7.5000 2804.2812    9.3013
   -7.5000   15.0000    7.5000 2901.8347    8.9473
    0.0000   15.0000    7.5000 2921.3921    8.9000
    7.5000   15.0000    7.5000 2893.9624    8.9955
   -7.5000   22.5000    7.5000 2956.0801    8.9161
    0.0000   22.5000    7.5000 3000.0801    8.8834
    7.5000   22.5000    7.5000 2948.9062    8.9210
   -7.5000   30.0000    7.5000 2941.6472    9.0144
    0.0000   30.0000    7.5000 2985.5154    8.8707
    7.5000   30.0000    7.5000 2931.0110    8.9690
   -7.5000   37.5000    7.5000 2886.1548    9.1336
    0.0000   37.5000    7.5000 2918.2344    9.0129
    7.5000   37.5000    7.5000 2877.3743    9.1653
   -7.5000   45.0000    7.5000 2801.4177    9.4914
    0.0000   45.0000    7.5000 2827.9241    9.4043
    7.5000   45.0000    7.5000 2800.2329    9.5695
   -7.5000   52.5000    7.5000 2669.4636   10.0749
    0.0000   52.5000    7.5000 2688.3860   10.0041
    7.5000   52.5000    7.5000 2671.2747   10.1669
   -7.5000   60.0000    7.5000 2490.5278   10.7896
    0.0000   60.0000    7.5000 2501.3301   10.7238
    7.5000   60.0000    7.5000 2491.4358   10.8912
   -7.5000  -30.0000   15.0000 2214.1746   15.3189
    0.0000  -30.0000   15.0000 2229.9487   15.2048
    7.5000  -30.0000   15.0000 2209.0620   15.5493
   -7.5000  -22.5000   15.0000 2343.0913   13.5188
    0.0000  -22.5000   15.0000 2358.7974   13.3631
    7.5000  -22.5000   15.0000 2339.1504   13.6759
   -7.5000  -15.0000   15.0000 2458.2424   12.1600
    0.0000  -15.0000   15.0000 2475.0920   12.0115
    7.5000  -15.0000   15.0000 2457.7307   12.2503
   -7.5000   -7.5000   15.0000 2574.3879   11.0772
    0.0000   -7.5000   15.0000 2592.8567   10.9259
    7.5000   -7.5000   15.0000 2576.3989   11.1242
   -7.5000    0.0000   15.0000 2677.9373   10.2095
    0.0000    0.0000   15.0000 2700.0107   10.0703
    7.5000    0.0000   15.0000 2677.4797   10.2393
   -7.5000    7.5000   15.0000 2772.2820    9.6026
    0.0000    7.5000   15.0000 2796.4663    9.4694
    7.5000    7.5000   15.0000 2772.1619    9.6291
   -7.5000   15.0000   15.0000 2850.8057    9.2153
    0.0000   15.0000   15.0000 2878.8291    9.1570
    7.5000   15.0000   15.0000 2855.0273    9.2980
   -7.5000   22.5000   15.0000 2902.7986    9.0937
    0.0000   22.5000   15.0000 2938.0417    8.9953
    7.5000   22.5000   15.0000 2907.5835    9.1350
   -7.5000   30.0000   15.0000 2889.9263    9.2044
    0.0000   30.0000   15.0000 2924.0547    9.0700
    7.5000   30.0000   15.0000 2894.3245    9.2175
   -7.5000   37.5000   15.0000 2838.2620    9.4618
    0.0000   37.5000   15.0000 2872.5366    9.3326
    7.5000   37.5000   15.0000 2844.2915    9.4823
   -7.5000   45.0000   15.0000 2753.0554    9.8741
    0.0000   45.0000   15.0000 2781.5085    9.7547
    7.5000   45.0000   15.0000 2761.1726    9.9059
   -7.5000   52.5000   15.0000 2624.5295   10.4032
    0.0000   52.5000   15.0000 2646.9241   10.2901
    7.5000   52.5000   15.0000 2633.4900   10.4529
   -7.5000   60.0000   15.0000 2455.8630   11.0132
    0.0000   60.0000   15.0000 2468.9517   10.9172
    7.5000   60.0000   15.0000 2461.8530   11.0958
   -7.5000  -30.0000   22.5000 2173.7329   16.1295
    0.0000  -30.0000   22.5000 2184.5664   15.9624
    7.5000  -30.0000   22.5000 2164.2793   16.2458
   -7.5000  -22.5000   22.5000 2300.3696   14.2401
    0.0000  -22.5000   22.5000 2318.4600   14.0523
    7.5000  -22.5000   22.5000 2296.7742   14.2856
   -7.5000  -15.0000   22.5000 2418.1843   12.7719
    0.0000  -15.0000   22.5000 2439.0962   12.5693
    7.5000  -15.0000   22.5000 2419.9583   12.7883
   -7.5000   -7.5000   22.5000 2534.6833   11.6210
    0.0000   -7.5000   22.5000 2558.5195   11.4135
    7.5000   -7.5000   22.5000 2537.6736   11.6263
   -7.5000    0.0000   22.5000 2636.5769   10.7110
    0.0000    0.0000   22.5000 2661.1492   10.5218
    7.5000    0.0000   22.5000 2641.7627   10.7446
   -7.5000    7.5000   22.5000 2724.4045   10.0657
    0.0000    7.5000   22.5000 2750.4050    9.9260
    7.5000    7.5000   22.5000 2731.4338   10.1438
   -7.5000   15.0000   22.5000 2789.8203    9.6395
    0.0000   15.0000   22.5000 2820.3335    9.5127
    7.5000   15.0000   22.5000 2804.0503    9.7154
   -7.5000   22.5000   22.5000 2831.2410    9.4743
    0.0000   22.5000   22.5000 2864.5251    9.3004
    7.5000   22.5000   22.5000 2844.4907    9.5299
   -7.5000   30.0000   22.5000 2821.5813    9.5449
    0.0000   30.0000   22.5000 2852.3552    9.3876
    7.5000   30.0000   22.5000 2834.0210    9.6277
   -7.5000   37.5000   22.5000 2773.5117    9.8199
    0.0000   37.5000   22.5000 2807.7156    9.6806
    7.5000   37.5000   22.5000 2789.8965    9.8893
   -7.5000   45.0000   22.5000 2694.4856   10.2637
    0.0000   45.0000   22.5000 2719.7173   10.1252
    7.5000   45.0000   22.5000 2707.5559   10.3349
   -7.5000   52.5000   22.5000 2574.8845   10.8050
    0.0000   52.5000   22.5000 2593.9092   10.6846
    7.5000   52.5000   22.5000 2586.0530   10.8807
   -7.5000   60.0000   22.5000 2406.8494   11.4276
    0.0000   60.0000   22.5000 2423.9370   11.3212
    7.5000   60.0000   22.5000 2416.2771   11.4759
   -7.5000  -30.0000   30.0000 2114.1265   17.1489
    0.0000  -30.0000   30.0000 2125.6526   16.9929
    7.5000  -30.0000   30.0000 2109.4709   17.2275
   -7.5000  -22.5000   30.0000 2247.2241   15.0822
    0.0000  -22.5000   30.0000 2265.4441   14.8935
    7.5000  -22.5000   30.0000 2244.8789   15.1346
   -7.5000  -15.0000   30.0000 2370.1357   13.5108
    0.0000  -15.0000   30.0000 2393.0603   13.2737
    7.5000  -15.0000   30.0000 2371.9324   13.5272
   -7.5000   -7.5000   30.0000 2481.1567   12.2948
    0.0000   -7.5000   30.0000 2507.4868   12.0517
    7.5000   -7.5000   30.0000 2488.5432   12.3089
   -7.5000    0.0000   30.0000 2580.9490   11.3516
    0.0000    0.0000   30.0000 2609.6760   11.1568
    7.5000    0.0000   30.0000 2590.6860   11.4018
   -7.5000    7.5000   30.0000 2664.0466   10.6866
    0.0000    7.5000   30.0000 2691.3823   10.5155
    7.5000    7.5000   30.0000 2673.3716   10.7379
   -7.5000   15.0000   30.0000 2717.5859   10.2794
    0.0000   15.0000   30.0000 2754.1157   10.0894
    7.5000   15.0000   30.0000 2739.3921   10.2856
   -7.5000   22.5000   30.0000 2752.6929   10.0753
    0.0000   22.5000   30.0000 2784.6968    9.8858
    7.5000   22.5000   30.0000 2768.8450   10.0954
   -7.5000   30.0000   30.0000 2739.4065   10.1502
    0.0000   30.0000   30.0000 2767.6663    9.9664
    7.5000   30.0000   30.0000 2753.9001   10.1791
   -7.5000   37.5000   30.0000 2695.8181   10.3744
    0.0000   37.5000   30.0000 2725.0369   10.2038
    7.5000   37.5000   30.0000 2714.3677   10.3979
   -7.5000   45.0000   30.0000 2624.7515   10.7967
    0.0000   45.0000   30.0000 2644.2427   10.6212
    7.5000   45.0000   30.0000 2636.0500   10.8273
   -7.5000   52.5000   30.0000 2511.4939   11.3127
    0.0000   52.5000   30.0000 2528.4910   11.1424
    7.5000   52.5000   30.0000 2522.9243   11.3597
   -7.5000   60.0000   30.0000 2351.3667   11.9208
    0.0000   60.0000   30.0000 2370.5820   11.7865
    7.5000   60.0000   30.0000 2365.4968   11.9586
   -7.5000  -30.0000   37.5000 2050.6055   18.3830
    0.0000  -30.0000   37.5000 2065.6179   18.1913
    7.5000  -30.0000   37.5000 2050.7434   18.4230
   -7.5000  -22.5000   37.5000 2190.2351   16.1356
    0.0000  -22.5000   37.5000 2210.5264   15.9047
    7.5000  -22.5000   37.5000 2193.1221   16.1290
   -7.5000  -15.0000   37.5000 2310.8640   14.4445
    0.0000  -15.0000   37.5000 2336.1631   14.1754
    7.5000  -15.0000   37.5000 2320.0159   14.4187
   -7.5000   -7.5000   37.5000 2421.7563   13.1539
    0.0000   -7.5000   37.5000 2447.8823   12.9228
    7.5000   -7.5000   37.5000 2431.2642   13.1357
   -7.5000    0.0000   37.5000 2516.6274   12.1728
    0.0000    0.0000   37.5000 2543.0212   11.9712
    7.5000    0.0000   37.5000 2524.5696   12.1873
   -7.5000    7.5000   37.5000 2590.6831   11.5053
    0.0000    7.5000   37.5000 2621.9792   11.3005
    7.5000    7.5000   37.5000 2602.3430   11.4916
   -7.5000   15.0000   37.5000 2638.0122   11.0624
    0.0000   15.0000   37.5000 2673.4656   10.8636
    7.5000   15.0000   37.5000 2657.2996   11.0439
   -7.5000   22.5000   37.5000 2663.8279   10.8534
    0.0000   22.5000   37.5000 2694.8098   10.6715
    7.5000   22.5000   37.5000 2680.7405   10.8587
   -7.5000   30.0000   37.5000 2650.9004   10.8954
    0.0000   30.0000   37.5000 2677.8499   10.7199
    7.5000   30.0000   37.5000 2666.0327   10.8886
   -7.5000   37.5000   37.5000 2609.0432   11.1077
    0.0000   37.5000   37.5000 2633.8193   10.9245
    7.5000   37.5000   37.5000 2627.3020   11.0781
   -7.5000   45.0000   37.5000 2547.0488   11.4997
    0.0000   45.0000   37.5000 2568.4509   11.3052
    7.5000   45.0000   37.5000 2558.9321   11.4691
   -7.5000   52.5000   37.5000 2441.3254   12.0047
    0.0000   52.5000   37.5000 2459.7849   11.8075
    7.5000   52.5000   37.5000 2454.3147   11.9872
   -7.5000   60.0000   37.5000 2288.8721   12.5666
    0.0000   60.0000   37.5000 2308.2466   12.4136
    7.5000   60.0000   37.5000 2303.4006   12.5629
   -7.5000  -30.0000   45.0000 1985.7755   19.9106
    0.0000  -30.0000   45.0000 2000.3457   19.6716
    7.5000  -30.0000   45.0000 1984.5402   19.9113
   -7.5000  -22.5000   45.0000 2122.9146   17.4644
    0.0000  -22.5000   45.0000 2144.5605   17.2065
    7.5000  -22.5000   45.0000 2128.3862   17.4099
   -7.5000  -15.0000   45.0000 2243.4102   15.6263
    0.0000  -15.0000   45.0000 2269.3274   15.3712
    7.5000  -15.0000   45.0000 2253.8562   15.5498
   -7.5000   -7.5000   45.0000 2349.4216   14.2454
    0.0000   -7.5000   45.0000 2378.0076   14.0308
    7.5000   -7.5000   45.0000 2361.8027   14.2000
   -7.5000    0.0000   45.0000 2437.4541   13.2161
    0.0000    0.0000   45.0000 2463.2183   13.0162
    7.5000    0.0000   45.0000 2444.9634   13.2132
   -7.5000    7.5000   45.0000 2503.1028   12.4975
    0.0000    7.5000   45.0000 2534.1877   12.3007
    7.5000    7.5000   45.0000 2514.6687   12.4615
   -7.5000   15.0000   45.0000 2544.8369   12.0224
    0.0000   15.0000   45.0000 2578.2134   11.8372
    7.5000   15.0000   45.0000 2558.4697   12.0040
   -7.5000   22.5000   45.0000 2564.3027   11.7881
    0.0000   22.5000   45.0000 2592.7952   11.6427
    7.5000   22.5000   45.0000 2576.5330   11.7979
   -7.5000   30.0000   45.0000 2549.0537   11.7953
    0.0000   30.0000   45.0000 2576.0059   11.6539
    7.5000   30.0000   45.0000 2565.0774   11.7929
   -7.5000   37.5000   45.0000 2516.5854   11.9734
    0.0000   37.5000   45.0000 2543.6873   11.8164
    7.5000   37.5000   45.0000 2533.3591   11.9484
   -7.5000   45.0000   45.0000 2462.4111   12.3236
    0.0000   45.0000   45.0000 2490.6116   12.1446
    7.5000   45.0000   45.0000 2478.0781   12.2693
   -7.5000   52.5000   45.0000 2359.6572   12.8415
    0.0000   52.5000   45.0000 2385.1970   12.6518
    7.5000   52.5000   45.0000 2374.7944   12.7657
   -7.5000   60.0000   45.0000 2212.6885   13.4255
    0.0000   60.0000   45.0000 2237.7773   13.2608
    7.5000   60.0000   45.0000 2231.5366   13.3430

---------------------------------------------------------------------
imgreg_4dfp /opt/freesurfer/average/711-2C_as_mni_average_305 /opt/freesurfer/average/711-2B_as_mni_average_305_mask talsrcimg_g11 none talsrcimg_to_711-2C_as_mni_average_305_t4 1283
---------------------------------------------------------------------

freesurfer imgreg_4dfp.c
/opt/freesurfer/average/711-2C_as_mni_average_305.4dfp.img
       256       256       256         1
  1.000000  1.000000  1.000000
orientation T byte_order littleendian
Reading image: /opt/freesurfer/average/711-2C_as_mni_average_305.4dfp.img
dimensions:      256       256       256
mmppix:       1.0000   -1.0000   -1.0000
center:     128.0000 -129.0000 -129.0000
/opt/freesurfer/average/711-2B_as_mni_average_305_mask.4dfp.img
       256       256       256         1
  1.000000  1.000000  1.000000
orientation T byte_order littleendian
Reading mask: /opt/freesurfer/average/711-2B_as_mni_average_305_mask.4dfp.img (2306576 pixels)
talsrcimg_g11.4dfp.img
       256       256       256         1
  1.000000  1.000000  1.000000
orientation T byte_order littleendian
Reading image: talsrcimg_g11.4dfp.img
dimensions:      256       256       256
mmppix:       1.0000   -1.0000   -1.0000
center:     128.0000 -129.0000 -129.0000
rotation matrix determinant  1.000000
fimgreg.f
image alignment mode   1283 decimal      503 hex
parameters
    0.0000   22.5000    0.0000    0.0000    0.0000    0.0000
eta,q 0.94115  8.78570
niter,ni,del,rscale     5    3   12.0000    1.2000
parameter  3 -0.537963 -> -0.500000 qaram    1.1500
parameter  4  1.026283 ->  0.500000 qaram    1.1500
parameters
    0.0304   25.3874    3.4500   -3.4500   -1.0927   -0.1167
eta,q 0.94760  8.79636
  0.0740  0.0726  0.0719  0.0519  0.0568  0.0573
  0.0663  0.0676  0.0675  0.0525  0.0546  0.0548
  0.0604  0.0630  0.0617  0.0536  0.0528  0.0530
  0.0593  0.0593  0.0568  0.0549  0.0528  0.0524
  0.0623  0.0571  0.0552  0.0573  0.0547  0.0532
  0.0674  0.0571  0.0554  0.0606  0.0575  0.0552
  0.0723  0.0602  0.0574  0.0641  0.0608  0.0576
niter,ni,del,rscale     6    3   12.0000    1.2000
parameter  4  0.507401 ->  0.500000 qaram    1.3225
parameters
    0.0863   26.3576    2.8606   -7.4175   -1.1068   -0.2208
eta,q 0.94958  8.77908
  0.0665  0.0636  0.0615  0.0519  0.0571  0.0551
  0.0593  0.0580  0.0547  0.0504  0.0540  0.0527
  0.0542  0.0543  0.0522  0.0508  0.0515  0.0511
  0.0524  0.0524  0.0523  0.0520  0.0504  0.0504
  0.0546  0.0527  0.0548  0.0538  0.0512  0.0511
  0.0592  0.0545  0.0583  0.0562  0.0538  0.0529
  0.0657  0.0581  0.0637  0.0602  0.0575  0.0554
niter,ni,del,rscale     6    3   12.0000    1.2000
parameters
    0.1145   27.3463    1.8126   -7.1889   -1.2961    0.1732
eta,q 0.95029  8.75889
  0.0652  0.0653  0.0580  0.0583  0.0565  0.0549
  0.0571  0.0576  0.0519  0.0533  0.0530  0.0526
  0.0519  0.0528  0.0498  0.0500  0.0505  0.0507
  0.0504  0.0504  0.0499  0.0497  0.0497  0.0497
  0.0528  0.0502  0.0525  0.0513  0.0509  0.0501
  0.0577  0.0531  0.0574  0.0536  0.0536  0.0517
  0.0640  0.0577  0.0638  0.0564  0.0574  0.0539
niter,ni,del,rscale     5    3   12.0000    1.2000
parameters
    0.1849   27.3425    1.8120   -7.1298   -1.3778    0.2588
eta,q 0.95027  8.76055
  0.0658  0.0603  0.0612  0.0580  0.0568  0.0544
  0.0574  0.0544  0.0544  0.0529  0.0532  0.0522
  0.0517  0.0514  0.0504  0.0499  0.0506  0.0505
  0.0497  0.0497  0.0497  0.0497  0.0497  0.0497
  0.0520  0.0510  0.0510  0.0514  0.0508  0.0503
  0.0577  0.0548  0.0550  0.0537  0.0534  0.0520
  0.0644  0.0602  0.0606  0.0567  0.0572  0.0542
niter,ni,del,rscale     4    3   12.0000    1.2000
parameters
    0.2215   27.3269    1.8178   -7.1070   -1.4132    0.2897
eta,q 0.95025  8.76172
  0.0655  0.0602  0.0613  0.0580  0.0569  0.0544
  0.0573  0.0545  0.0545  0.0528  0.0533  0.0522
  0.0517  0.0514  0.0504  0.0498  0.0507  0.0505
  0.0497  0.0497  0.0497  0.0497  0.0498  0.0498
  0.0521  0.0511  0.0510  0.0515  0.0508  0.0504
  0.0578  0.0549  0.0550  0.0537  0.0534  0.0521
  0.0645  0.0603  0.0606  0.0567  0.0571  0.0543
registration optimization eta report
parameter search radius
    6.0000    6.0000    6.9000    7.9350    6.0000    6.0000
100000*second partial in parameter space
       42.       29.       24.       12.       20.       12.
  0.0655  0.0602  0.0613  0.0580  0.0569  0.0544
  0.0573  0.0545  0.0545  0.0528  0.0533  0.0522
  0.0517  0.0514  0.0504  0.0498  0.0507  0.0505
  0.0497  0.0497  0.0497  0.0497  0.0498  0.0498
  0.0521  0.0511  0.0510  0.0515  0.0508  0.0504
  0.0578  0.0549  0.0550  0.0537  0.0534  0.0521
  0.0645  0.0603  0.0606  0.0567  0.0571  0.0543
    0.2215   27.3269    1.8178   -7.1070   -1.4132    0.2897
eta,q 0.95025  8.76172

---------------------------------------------------------------------
imgreg_4dfp /opt/freesurfer/average/711-2C_as_mni_average_305 /opt/freesurfer/average/711-2B_as_mni_average_305_mask talsrcimg_g11 none talsrcimg_to_711-2C_as_mni_average_305_t4 3335
---------------------------------------------------------------------

freesurfer imgreg_4dfp.c
/opt/freesurfer/average/711-2C_as_mni_average_305.4dfp.img
       256       256       256         1
  1.000000  1.000000  1.000000
orientation T byte_order littleendian
Reading image: /opt/freesurfer/average/711-2C_as_mni_average_305.4dfp.img
dimensions:      256       256       256
mmppix:       1.0000   -1.0000   -1.0000
center:     128.0000 -129.0000 -129.0000
/opt/freesurfer/average/711-2B_as_mni_average_305_mask.4dfp.img
       256       256       256         1
  1.000000  1.000000  1.000000
orientation T byte_order littleendian
Reading mask: /opt/freesurfer/average/711-2B_as_mni_average_305_mask.4dfp.img (2306576 pixels)
talsrcimg_g11.4dfp.img
       256       256       256         1
  1.000000  1.000000  1.000000
orientation T byte_order littleendian
Reading image: talsrcimg_g11.4dfp.img
dimensions:      256       256       256
mmppix:       1.0000   -1.0000   -1.0000
center:     128.0000 -129.0000 -129.0000
fimgreg.f
image alignment mode   3335 decimal      D07 hex
parameters
    0.2215   27.3269    1.8178   -0.0317   -0.7711   -0.7985
   -0.8069    2.3848    0.5055   12.3844   -2.4663  -12.3684
eta,q 0.95170  8.82416
niter,ni,del,rscale     5    3    5.0000    1.2000
parameter  5  0.661820 ->  0.500000 qaram    1.1500
parameter  6  1.041690 ->  0.500000 qaram    1.1500
parameter  7 -0.512912 -> -0.500000 qaram    1.1500
parameter 11 -0.551375 -> -0.500000 qaram    1.1500
parameter 12 -0.524030 -> -0.500000 qaram    1.1500
parameters
   -0.0330   27.7094    1.9951   -3.3486   -4.9111   -4.9385
    3.3331    3.9932    4.0168   11.8943    1.6737   -8.2284
eta,q 0.95765  8.42231
  0.0506  0.0514  0.0503  0.0484  0.0465  0.0431  0.0472  0.0477  0.0458  0.0453  0.0457  0.0451
  0.0491  0.0498  0.0493  0.0479  0.0465  0.0438  0.0460  0.0459  0.0448  0.0439  0.0446  0.0440
  0.0484  0.0488  0.0485  0.0477  0.0468  0.0449  0.0449  0.0445  0.0440  0.0431  0.0437  0.0432
  0.0483  0.0483  0.0482  0.0482  0.0477  0.0465  0.0441  0.0436  0.0434  0.0431  0.0430  0.0427
  0.0489  0.0483  0.0483  0.0497  0.0497  0.0492  0.0437  0.0435  0.0431  0.0435  0.0427  0.0424
  0.0500  0.0488  0.0489  0.0521  0.0527  0.0523  0.0437  0.0440  0.0431  0.0445  0.0427  0.0424
  0.0517  0.0499  0.0498  0.0552  0.0562  0.0565  0.0441  0.0453  0.0435  0.0458  0.0430  0.0426
niter,ni,del,rscale     7    3    5.0000    1.2000
parameter  6  0.664784 ->  0.500000 qaram    1.3225
parameters
    0.4461   28.1200    1.1713   -4.1149   -8.2429   -9.6995
    1.4301    3.3302    3.3075   13.5351    3.2927   -5.3211
eta,q 0.95972  7.99299
  0.0456  0.0445  0.0426  0.0438  0.0426  0.0404  0.0416  0.0425  0.0412  0.0432  0.0416  0.0426
  0.0441  0.0434  0.0422  0.0431  0.0421  0.0406  0.0410  0.0412  0.0409  0.0421  0.0410  0.0416
  0.0430  0.0426  0.0420  0.0425  0.0418  0.0407  0.0406  0.0406  0.0406  0.0411  0.0406  0.0408
  0.0423  0.0422  0.0422  0.0420  0.0421  0.0418  0.0407  0.0406  0.0405  0.0405  0.0404  0.0404
  0.0423  0.0422  0.0426  0.0423  0.0433  0.0439  0.0411  0.0411  0.0407  0.0405  0.0404  0.0403
  0.0428  0.0426  0.0434  0.0434  0.0450  0.0475  0.0420  0.0419  0.0410  0.0409  0.0406  0.0404
  0.0438  0.0433  0.0445  0.0453  0.0479  0.0511  0.0433  0.0431  0.0417  0.0416  0.0409  0.0408
niter,ni,del,rscale     7    3    5.0000    1.2000
parameter  3  1.466800 ->  0.500000 qaram    1.1500
parameter  6  0.560552 ->  0.500000 qaram    1.5209
parameter 10 -0.523183 -> -0.500000 qaram    1.1500
parameter 12 -0.509163 -> -0.500000 qaram    1.3225
parameters
    0.1704   29.2329   -0.2087   -4.4923  -12.2146  -15.1746
    0.1844    3.0047    0.4140   17.6751    4.7678   -0.5601
eta,q 0.96313  7.58480
  0.0416  0.0426  0.0386  0.0393  0.0388  0.0379  0.0386  0.0395  0.0380  0.0401  0.0382  0.0388
  0.0408  0.0416  0.0388  0.0392  0.0387  0.0378  0.0381  0.0385  0.0377  0.0390  0.0377  0.0381
  0.0404  0.0408  0.0393  0.0391  0.0387  0.0382  0.0378  0.0380  0.0376  0.0382  0.0374  0.0376
  0.0403  0.0403  0.0400  0.0389  0.0390  0.0387  0.0378  0.0378  0.0378  0.0376  0.0372  0.0371
  0.0406  0.0400  0.0409  0.0387  0.0395  0.0403  0.0381  0.0381  0.0382  0.0372  0.0371  0.0369
  0.0413  0.0401  0.0419  0.0389  0.0409  0.0433  0.0386  0.0388  0.0387  0.0372  0.0373  0.0369
  0.0424  0.0404  0.0430  0.0399  0.0428  0.0477  0.0393  0.0397  0.0394  0.0376  0.0377  0.0371
niter,ni,del,rscale     7    3    5.0000    1.2000
parameter  3  0.795445 ->  0.500000 qaram    1.3225
parameter  4  0.804642 ->  0.500000 qaram    1.1500
parameters
    0.1303   30.1053   -1.7957   -8.6323  -15.1251  -18.9232
    0.2098    2.8439    0.4439   18.4345    1.2348    0.1176
eta,q 0.96531  7.18362
  0.0383  0.0393  0.0361  0.0357  0.0359  0.0359  0.0366  0.0368  0.0363  0.0368  0.0350  0.0359
  0.0375  0.0382  0.0360  0.0355  0.0354  0.0352  0.0357  0.0357  0.0355  0.0358  0.0348  0.0353
  0.0371  0.0374  0.0362  0.0357  0.0353  0.0349  0.0351  0.0350  0.0350  0.0352  0.0347  0.0349
  0.0369  0.0369  0.0367  0.0361  0.0355  0.0353  0.0349  0.0349  0.0349  0.0349  0.0349  0.0347
  0.0370  0.0367  0.0374  0.0365  0.0360  0.0361  0.0351  0.0352  0.0351  0.0350  0.0352  0.0348
  0.0375  0.0368  0.0384  0.0369  0.0370  0.0376  0.0357  0.0359  0.0355  0.0354  0.0357  0.0351
  0.0384  0.0372  0.0396  0.0376  0.0386  0.0413  0.0366  0.0369  0.0363  0.0362  0.0363  0.0356
niter,ni,del,rscale     7    3    5.0000    1.2000
parameters
    0.0700   30.4583   -2.7367   -8.8273  -14.7543  -20.9502
    0.2983    2.8748    1.1710   19.1966    1.3568    0.1456
eta,q 0.96551  7.14612
  0.0363  0.0364  0.0353  0.0363  0.0360  0.0362  0.0363  0.0366  0.0362  0.0363  0.0354  0.0355
  0.0354  0.0355  0.0347  0.0353  0.0353  0.0354  0.0354  0.0355  0.0354  0.0354  0.0349  0.0349
  0.0348  0.0349  0.0345  0.0347  0.0347  0.0347  0.0348  0.0347  0.0348  0.0349  0.0346  0.0346
  0.0347  0.0347  0.0347  0.0345  0.0345  0.0345  0.0345  0.0345  0.0345  0.0345  0.0345  0.0345
  0.0349  0.0347  0.0351  0.0350  0.0346  0.0354  0.0348  0.0348  0.0346  0.0345  0.0346  0.0346
  0.0355  0.0350  0.0359  0.0356  0.0350  0.0364  0.0354  0.0355  0.0350  0.0350  0.0349  0.0350
  0.0365  0.0355  0.0369  0.0362  0.0358  0.0384  0.0362  0.0365  0.0356  0.0358  0.0353  0.0355
niter,ni,del,rscale     6    3    5.0000    1.2000
parameters
   -0.0135   30.7729   -3.2709   -8.8308  -14.4628  -21.7017
    0.2443    2.7635    1.2338   19.7795    1.5697   -0.3800
eta,q 0.96554  7.14168
  0.0361  0.0361  0.0353  0.0362  0.0358  0.0365  0.0362  0.0365  0.0359  0.0362  0.0353  0.0353
  0.0352  0.0352  0.0348  0.0353  0.0351  0.0356  0.0353  0.0354  0.0351  0.0354  0.0348  0.0348
  0.0346  0.0347  0.0345  0.0346  0.0346  0.0349  0.0347  0.0346  0.0346  0.0348  0.0345  0.0345
  0.0345  0.0345  0.0345  0.0345  0.0345  0.0344  0.0345  0.0345  0.0345  0.0345  0.0345  0.0345
  0.0347  0.0346  0.0348  0.0349  0.0345  0.0349  0.0347  0.0348  0.0346  0.0345  0.0346  0.0346
  0.0353  0.0349  0.0354  0.0354  0.0349  0.0360  0.0354  0.0355  0.0351  0.0350  0.0348  0.0350
  0.0363  0.0354  0.0362  0.0360  0.0357  0.0373  0.0362  0.0365  0.0358  0.0359  0.0352  0.0355
niter,ni,del,rscale     5    3    5.0000    1.2000
parameters
   -0.0640   30.9683   -3.5379   -8.8566  -14.4531  -22.0026
    0.2614    2.7153    1.1837   20.2384    1.6645   -0.7440
eta,q 0.96555  7.13814
  0.0361  0.0359  0.0355  0.0361  0.0356  0.0366  0.0362  0.0365  0.0358  0.0361  0.0353  0.0353
  0.0351  0.0351  0.0349  0.0353  0.0350  0.0357  0.0353  0.0354  0.0350  0.0353  0.0348  0.0348
  0.0346  0.0346  0.0345  0.0346  0.0346  0.0349  0.0347  0.0346  0.0346  0.0348  0.0345  0.0345
  0.0345  0.0345  0.0345  0.0344  0.0344  0.0344  0.0345  0.0345  0.0345  0.0345  0.0344  0.0344
  0.0347  0.0346  0.0347  0.0348  0.0345  0.0347  0.0347  0.0348  0.0346  0.0345  0.0345  0.0346
  0.0353  0.0349  0.0352  0.0354  0.0349  0.0358  0.0353  0.0355  0.0351  0.0350  0.0348  0.0349
  0.0362  0.0354  0.0359  0.0360  0.0357  0.0370  0.0361  0.0364  0.0358  0.0359  0.0352  0.0355
niter,ni,del,rscale     4    3    5.0000    1.2000
parameters
   -0.0962   31.0894   -3.6580   -8.8926  -14.5062  -22.1684
    0.3010    2.6889    1.1585   20.5176    1.7148   -0.9267
eta,q 0.96556  7.13462
  0.0361  0.0358  0.0356  0.0361  0.0356  0.0367  0.0362  0.0365  0.0358  0.0360  0.0353  0.0354
  0.0351  0.0350  0.0349  0.0353  0.0350  0.0357  0.0353  0.0353  0.0350  0.0352  0.0348  0.0348
  0.0346  0.0346  0.0345  0.0346  0.0346  0.0349  0.0347  0.0346  0.0346  0.0347  0.0345  0.0345
  0.0344  0.0344  0.0344  0.0344  0.0344  0.0344  0.0345  0.0345  0.0344  0.0344  0.0344  0.0344
  0.0347  0.0346  0.0346  0.0348  0.0345  0.0347  0.0347  0.0348  0.0346  0.0345  0.0345  0.0346
  0.0352  0.0349  0.0351  0.0354  0.0349  0.0358  0.0353  0.0354  0.0351  0.0350  0.0348  0.0349
  0.0361  0.0355  0.0358  0.0360  0.0358  0.0369  0.0361  0.0364  0.0358  0.0359  0.0352  0.0354
niter,ni,del,rscale     3    3    5.0000    1.2000
parameters
   -0.1148   31.1581   -3.7212   -8.9228  -14.5380  -22.2757
    0.3351    2.6722    1.1333   20.6840    1.7167   -1.0269
eta,q 0.96556  7.13225
  0.0361  0.0357  0.0356  0.0361  0.0356  0.0367  0.0362  0.0365  0.0358  0.0360  0.0352  0.0354
  0.0352  0.0350  0.0350  0.0353  0.0350  0.0357  0.0353  0.0353  0.0350  0.0352  0.0348  0.0348
  0.0346  0.0346  0.0346  0.0346  0.0346  0.0349  0.0347  0.0346  0.0346  0.0347  0.0345  0.0345
  0.0344  0.0344  0.0344  0.0344  0.0344  0.0344  0.0344  0.0344  0.0344  0.0344  0.0344  0.0344
  0.0347  0.0346  0.0346  0.0348  0.0345  0.0347  0.0347  0.0347  0.0346  0.0345  0.0345  0.0346
  0.0352  0.0349  0.0350  0.0354  0.0349  0.0358  0.0353  0.0354  0.0351  0.0351  0.0348  0.0349
  0.0361  0.0355  0.0357  0.0360  0.0358  0.0368  0.0361  0.0364  0.0358  0.0359  0.0352  0.0354
niter,ni,del,rscale     2    3    5.0000    1.2000
parameters
   -0.1254   31.2020   -3.7596   -8.9408  -14.5604  -22.3462
    0.3607    2.6565    1.1226   20.7811    1.7488   -1.0852
eta,q 0.96557  7.13055
  0.0361  0.0357  0.0356  0.0361  0.0356  0.0367  0.0362  0.0365  0.0358  0.0359  0.0353  0.0354
  0.0352  0.0350  0.0350  0.0353  0.0350  0.0357  0.0353  0.0353  0.0350  0.0352  0.0348  0.0348
  0.0346  0.0345  0.0346  0.0346  0.0346  0.0349  0.0346  0.0346  0.0346  0.0347  0.0345  0.0345
  0.0344  0.0344  0.0344  0.0344  0.0344  0.0344  0.0344  0.0344  0.0344  0.0344  0.0344  0.0344
  0.0346  0.0346  0.0346  0.0348  0.0345  0.0347  0.0347  0.0347  0.0346  0.0345  0.0345  0.0346
  0.0352  0.0350  0.0350  0.0354  0.0349  0.0358  0.0353  0.0354  0.0351  0.0351  0.0348  0.0349
  0.0361  0.0355  0.0357  0.0360  0.0357  0.0368  0.0361  0.0364  0.0358  0.0359  0.0352  0.0354
niter,ni,del,rscale     1    3    5.0000    1.2000
parameters
   -0.1348   31.2248   -3.7842   -8.9382  -14.5715  -22.3782
    0.3820    2.6523    1.1201   20.8347    1.7553   -1.1075
eta,q 0.96556  7.13023
  0.0361  0.0356  0.0356  0.0361  0.0356  0.0367  0.0362  0.0365  0.0358  0.0359  0.0352  0.0354
  0.0352  0.0349  0.0350  0.0353  0.0350  0.0357  0.0353  0.0353  0.0350  0.0352  0.0348  0.0348
  0.0346  0.0345  0.0346  0.0346  0.0346  0.0349  0.0346  0.0346  0.0346  0.0347  0.0345  0.0345
  0.0344  0.0344  0.0344  0.0344  0.0344  0.0344  0.0344  0.0344  0.0344  0.0344  0.0344  0.0344
  0.0346  0.0346  0.0346  0.0348  0.0345  0.0347  0.0347  0.0347  0.0346  0.0345  0.0345  0.0346
  0.0352  0.0350  0.0350  0.0354  0.0349  0.0357  0.0353  0.0354  0.0351  0.0351  0.0348  0.0349
  0.0361  0.0355  0.0357  0.0360  0.0357  0.0368  0.0361  0.0364  0.0358  0.0360  0.0352  0.0354
registration optimization eta report
parameter search radius
    2.4000    2.4000    3.1740    8.2800    8.2800   10.9503
    8.2800    7.2000    7.2000    8.2800    8.2800    9.5220
100000*second partial in parameter space
       29.       20.       12.        2.        2.        2.
        2.        4.        3.        2.        1.        1.
  0.0361  0.0356  0.0356  0.0361  0.0356  0.0367  0.0362  0.0365  0.0358  0.0359  0.0352  0.0354
  0.0352  0.0349  0.0350  0.0353  0.0350  0.0357  0.0353  0.0353  0.0350  0.0352  0.0348  0.0348
  0.0346  0.0345  0.0346  0.0346  0.0346  0.0349  0.0346  0.0346  0.0346  0.0347  0.0345  0.0345
  0.0344  0.0344  0.0344  0.0344  0.0344  0.0344  0.0344  0.0344  0.0344  0.0344  0.0344  0.0344
  0.0346  0.0346  0.0346  0.0348  0.0345  0.0347  0.0347  0.0347  0.0346  0.0345  0.0345  0.0346
  0.0352  0.0350  0.0350  0.0354  0.0349  0.0357  0.0353  0.0354  0.0351  0.0351  0.0348  0.0349
  0.0361  0.0355  0.0357  0.0360  0.0357  0.0368  0.0361  0.0364  0.0358  0.0360  0.0352  0.0354
   -0.1348   31.2248   -3.7842   -8.9382  -14.5715  -22.3782
    0.3820    2.6523    1.1201   20.8347    1.7553   -1.1075
eta,q 0.96556  7.13023

---------------------------------------------------------------------
imgreg_4dfp /opt/freesurfer/average/711-2C_as_mni_average_305 /opt/freesurfer/average/711-2B_as_mni_average_305_mask talsrcimg_g11 none talsrcimg_to_711-2C_as_mni_average_305_t4 2311
---------------------------------------------------------------------

freesurfer imgreg_4dfp.c
/opt/freesurfer/average/711-2C_as_mni_average_305.4dfp.img
       256       256       256         1
  1.000000  1.000000  1.000000
orientation T byte_order littleendian
Reading image: /opt/freesurfer/average/711-2C_as_mni_average_305.4dfp.img
dimensions:      256       256       256
mmppix:       1.0000   -1.0000   -1.0000
center:     128.0000 -129.0000 -129.0000
/opt/freesurfer/average/711-2B_as_mni_average_305_mask.4dfp.img
       256       256       256         1
  1.000000  1.000000  1.000000
orientation T byte_order littleendian
Reading mask: /opt/freesurfer/average/711-2B_as_mni_average_305_mask.4dfp.img (2306576 pixels)
talsrcimg_g11.4dfp.img
       256       256       256         1
  1.000000  1.000000  1.000000
orientation T byte_order littleendian
Reading image: talsrcimg_g11.4dfp.img
dimensions:      256       256       256
mmppix:       1.0000   -1.0000   -1.0000
center:     128.0000 -129.0000 -129.0000
fimgreg.f
image alignment mode   2311 decimal      907 hex
parameters
   -0.1348   31.2248   -3.7842   -8.9382  -14.5715  -22.3782
    0.3820    2.6523    1.1201   20.8347    1.7553   -1.1075
eta,q 0.96556  7.13022
niter,ni,del,rscale     5    3    5.0000    0.8000
parameters
   -0.1629   31.1751   -3.8106   -9.2792  -13.9592  -21.8932
    0.3685    2.4957    1.0330   20.8674    1.5326   -1.7944
eta,q 0.96562  7.14608
  0.0352  0.0349  0.0347  0.0351  0.0349  0.0351  0.0351  0.0353  0.0350  0.0350  0.0346  0.0346
  0.0348  0.0346  0.0346  0.0347  0.0347  0.0348  0.0347  0.0348  0.0346  0.0347  0.0345  0.0344
  0.0345  0.0345  0.0345  0.0345  0.0345  0.0346  0.0345  0.0344  0.0344  0.0345  0.0344  0.0344
  0.0344  0.0344  0.0344  0.0344  0.0344  0.0344  0.0344  0.0344  0.0344  0.0344  0.0344  0.0344
  0.0345  0.0345  0.0345  0.0346  0.0344  0.0344  0.0345  0.0346  0.0345  0.0344  0.0344  0.0344
  0.0348  0.0347  0.0346  0.0349  0.0345  0.0346  0.0347  0.0349  0.0347  0.0346  0.0345  0.0346
  0.0352  0.0350  0.0348  0.0352  0.0347  0.0350  0.0351  0.0354  0.0350  0.0350  0.0347  0.0347
niter,ni,del,rscale     4    3    5.0000    0.7000
parameters
   -0.1833   31.1561   -3.7526   -9.4629  -13.9241  -21.6802
    0.3590    2.4364    1.0371   20.9467    1.3614   -1.9682
eta,q 0.96564  7.14675
  0.0350  0.0348  0.0346  0.0350  0.0347  0.0349  0.0349  0.0351  0.0349  0.0348  0.0346  0.0345
  0.0346  0.0345  0.0345  0.0347  0.0345  0.0347  0.0346  0.0347  0.0346  0.0346  0.0344  0.0344
  0.0344  0.0344  0.0344  0.0344  0.0344  0.0345  0.0344  0.0344  0.0344  0.0344  0.0344  0.0344
  0.0344  0.0344  0.0344  0.0344  0.0344  0.0344  0.0344  0.0344  0.0344  0.0344  0.0344  0.0344
  0.0345  0.0344  0.0344  0.0345  0.0344  0.0344  0.0344  0.0345  0.0344  0.0344  0.0344  0.0344
  0.0347  0.0346  0.0345  0.0348  0.0345  0.0345  0.0346  0.0347  0.0346  0.0345  0.0345  0.0345
  0.0350  0.0348  0.0346  0.0351  0.0347  0.0349  0.0349  0.0351  0.0348  0.0348  0.0346  0.0346
niter,ni,del,rscale     3    3    5.0000    0.6000
parameters
   -0.1810   31.1570   -3.7109   -9.5515  -13.9025  -21.5750
    0.3179    2.3857    1.0593   20.9649    1.2774   -2.0686
eta,q 0.96565  7.14731
  0.0348  0.0347  0.0346  0.0348  0.0346  0.0348  0.0347  0.0349  0.0347  0.0347  0.0345  0.0345
  0.0346  0.0345  0.0345  0.0346  0.0345  0.0346  0.0345  0.0346  0.0345  0.0345  0.0344  0.0344
  0.0344  0.0344  0.0344  0.0344  0.0344  0.0344  0.0344  0.0344  0.0344  0.0344  0.0344  0.0344
  0.0344  0.0344  0.0344  0.0344  0.0344  0.0344  0.0344  0.0344  0.0344  0.0344  0.0344  0.0344
  0.0344  0.0344  0.0344  0.0344  0.0344  0.0344  0.0344  0.0344  0.0344  0.0344  0.0344  0.0344
  0.0346  0.0345  0.0344  0.0346  0.0345  0.0345  0.0345  0.0346  0.0345  0.0345  0.0344  0.0344
  0.0348  0.0347  0.0345  0.0349  0.0346  0.0348  0.0347  0.0349  0.0347  0.0347  0.0345  0.0345
niter,ni,del,rscale     2    3    5.0000    0.5000
parameters
   -0.1745   31.1482   -3.6838   -9.5978  -13.9170  -21.4552
    0.2797    2.3394    1.0695   20.9833    1.2074   -2.1358
eta,q 0.96565  7.14818
  0.0347  0.0346  0.0345  0.0347  0.0345  0.0347  0.0346  0.0348  0.0346  0.0346  0.0345  0.0344
  0.0345  0.0344  0.0344  0.0345  0.0344  0.0345  0.0345  0.0345  0.0345  0.0345  0.0344  0.0344
  0.0344  0.0344  0.0344  0.0344  0.0344  0.0344  0.0344  0.0344  0.0344  0.0344  0.0344  0.0344
  0.0344  0.0344  0.0344  0.0344  0.0344  0.0344  0.0343  0.0343  0.0343  0.0343  0.0343  0.0343
  0.0344  0.0344  0.0344  0.0344  0.0344  0.0344  0.0344  0.0344  0.0344  0.0344  0.0344  0.0344
  0.0345  0.0344  0.0344  0.0345  0.0344  0.0345  0.0345  0.0345  0.0345  0.0344  0.0344  0.0344
  0.0347  0.0346  0.0345  0.0347  0.0345  0.0346  0.0346  0.0348  0.0346  0.0346  0.0345  0.0345
niter,ni,del,rscale     1    3    5.0000    0.4000
parameters
   -0.1753   31.1451   -3.6539   -9.6314  -13.8905  -21.3392
    0.2652    2.2935    1.0807   20.9560    1.1883   -2.2011
eta,q 0.96566  7.14996
  0.0345  0.0345  0.0344  0.0346  0.0345  0.0346  0.0345  0.0346  0.0345  0.0345  0.0344  0.0344
  0.0344  0.0344  0.0344  0.0345  0.0344  0.0345  0.0344  0.0345  0.0344  0.0344  0.0344  0.0344
  0.0344  0.0344  0.0344  0.0344  0.0344  0.0344  0.0344  0.0344  0.0344  0.0344  0.0344  0.0344
  0.0343  0.0343  0.0343  0.0343  0.0343  0.0343  0.0343  0.0343  0.0343  0.0343  0.0343  0.0343
  0.0344  0.0344  0.0344  0.0344  0.0344  0.0344  0.0344  0.0344  0.0344  0.0344  0.0344  0.0344
  0.0344  0.0344  0.0344  0.0345  0.0344  0.0344  0.0344  0.0345  0.0344  0.0344  0.0344  0.0344
  0.0345  0.0345  0.0344  0.0346  0.0345  0.0345  0.0345  0.0346  0.0345  0.0345  0.0344  0.0344
registration optimization eta report
parameter search radius
    0.8000    0.8000    0.8000    2.4000    2.4000    2.4000
    2.4000    2.4000    2.4000    2.4000    2.4000    2.4000
100000*second partial in parameter space
       32.       21.       14.        4.        2.        3.
        3.        5.        3.        3.        1.        1.
  0.0345  0.0345  0.0344  0.0346  0.0345  0.0346  0.0345  0.0346  0.0345  0.0345  0.0344  0.0344
  0.0344  0.0344  0.0344  0.0345  0.0344  0.0345  0.0344  0.0345  0.0344  0.0344  0.0344  0.0344
  0.0344  0.0344  0.0344  0.0344  0.0344  0.0344  0.0344  0.0344  0.0344  0.0344  0.0344  0.0344
  0.0343  0.0343  0.0343  0.0343  0.0343  0.0343  0.0343  0.0343  0.0343  0.0343  0.0343  0.0343
  0.0344  0.0344  0.0344  0.0344  0.0344  0.0344  0.0344  0.0344  0.0344  0.0344  0.0344  0.0344
  0.0344  0.0344  0.0344  0.0345  0.0344  0.0344  0.0344  0.0345  0.0344  0.0344  0.0344  0.0344
  0.0345  0.0345  0.0344  0.0346  0.0345  0.0345  0.0345  0.0346  0.0345  0.0345  0.0344  0.0344
   -0.1753   31.1451   -3.6539   -9.6314  -13.8905  -21.3392
    0.2652    2.2935    1.0807   20.9560    1.1883   -2.2011
eta,q 0.96566  7.14996

---------------------------------------------------------------------
imgreg_4dfp /opt/freesurfer/average/711-2C_as_mni_average_305 /opt/freesurfer/average/711-2B_as_mni_average_305_mask talsrcimg_g11 none talsrcimg_to_711-2C_as_mni_average_305_t4 2311
---------------------------------------------------------------------

freesurfer imgreg_4dfp.c
/opt/freesurfer/average/711-2C_as_mni_average_305.4dfp.img
       256       256       256         1
  1.000000  1.000000  1.000000
orientation T byte_order littleendian
Reading image: /opt/freesurfer/average/711-2C_as_mni_average_305.4dfp.img
dimensions:      256       256       256
mmppix:       1.0000   -1.0000   -1.0000
center:     128.0000 -129.0000 -129.0000
/opt/freesurfer/average/711-2B_as_mni_average_305_mask.4dfp.img
       256       256       256         1
  1.000000  1.000000  1.000000
orientation T byte_order littleendian
Reading mask: /opt/freesurfer/average/711-2B_as_mni_average_305_mask.4dfp.img (2306576 pixels)
talsrcimg_g11.4dfp.img
       256       256       256         1
  1.000000  1.000000  1.000000
orientation T byte_order littleendian
Reading image: talsrcimg_g11.4dfp.img
dimensions:      256       256       256
mmppix:       1.0000   -1.0000   -1.0000
center:     128.0000 -129.0000 -129.0000
fimgreg.f
image alignment mode   2311 decimal      907 hex
parameters
   -0.1753   31.1451   -3.6539   -9.6314  -13.8905  -21.3392
    0.2652    2.2935    1.0807   20.9560    1.1883   -2.2011
eta,q 0.96566  7.14996
niter,ni,del,rscale     5    3    5.0000    0.8000
parameters
   -0.1714   31.1736   -3.6301   -9.5573  -14.1049  -21.6868
    0.2922    2.4597    1.1134   20.9950    1.2158   -1.9188
eta,q 0.96564  7.14034
  0.0351  0.0349  0.0347  0.0352  0.0347  0.0349  0.0351  0.0355  0.0350  0.0349  0.0347  0.0347
  0.0347  0.0346  0.0345  0.0348  0.0345  0.0347  0.0347  0.0348  0.0346  0.0346  0.0345  0.0345
  0.0344  0.0344  0.0344  0.0345  0.0344  0.0345  0.0344  0.0345  0.0344  0.0344  0.0344  0.0344
  0.0343  0.0343  0.0343  0.0344  0.0343  0.0343  0.0344  0.0344  0.0344  0.0344  0.0344  0.0344
  0.0344  0.0344  0.0344  0.0345  0.0344  0.0344  0.0344  0.0345  0.0344  0.0344  0.0344  0.0344
  0.0347  0.0346  0.0345  0.0348  0.0345  0.0347  0.0347  0.0348  0.0346  0.0346  0.0345  0.0345
  0.0351  0.0349  0.0347  0.0351  0.0348  0.0352  0.0350  0.0353  0.0350  0.0349  0.0346  0.0346
niter,ni,del,rscale     4    3    5.0000    0.7000
parameters
   -0.1433   31.1679   -3.6899   -9.5464  -13.9998  -21.6915
    0.2556    2.4518    1.1037   20.9708    1.1994   -1.9474
eta,q 0.96564  7.14303
  0.0350  0.0348  0.0346  0.0350  0.0347  0.0349  0.0349  0.0352  0.0348  0.0348  0.0346  0.0346
  0.0346  0.0345  0.0345  0.0347  0.0345  0.0346  0.0346  0.0347  0.0346  0.0346  0.0345  0.0344
  0.0344  0.0344  0.0344  0.0344  0.0344  0.0345  0.0344  0.0344  0.0344  0.0344  0.0344  0.0344
  0.0344  0.0344  0.0344  0.0344  0.0344  0.0344  0.0344  0.0344  0.0344  0.0344  0.0344  0.0344
  0.0344  0.0344  0.0344  0.0345  0.0344  0.0344  0.0344  0.0345  0.0344  0.0344  0.0344  0.0344
  0.0346  0.0345  0.0345  0.0347  0.0345  0.0346  0.0346  0.0347  0.0346  0.0345  0.0345  0.0345
  0.0349  0.0348  0.0346  0.0350  0.0347  0.0349  0.0349  0.0351  0.0348  0.0348  0.0346  0.0346
niter,ni,del,rscale     3    3    5.0000    0.6000
parameters
   -0.1447   31.1633   -3.6971   -9.5849  -13.9380  -21.5906
    0.2357    2.4084    1.0969   20.9772    1.1806   -2.0431
eta,q 0.96565  7.14549
  0.0348  0.0347  0.0345  0.0349  0.0346  0.0348  0.0347  0.0349  0.0347  0.0347  0.0345  0.0345
  0.0346  0.0345  0.0344  0.0346  0.0345  0.0346  0.0345  0.0346  0.0345  0.0345  0.0344  0.0344
  0.0344  0.0344  0.0344  0.0344  0.0344  0.0344  0.0344  0.0344  0.0344  0.0344  0.0344  0.0344
  0.0344  0.0344  0.0344  0.0344  0.0344  0.0344  0.0344  0.0344  0.0344  0.0344  0.0344  0.0344
  0.0344  0.0344  0.0344  0.0344  0.0344  0.0344  0.0344  0.0344  0.0344  0.0344  0.0344  0.0344
  0.0346  0.0345  0.0344  0.0346  0.0345  0.0345  0.0345  0.0346  0.0345  0.0345  0.0344  0.0344
  0.0348  0.0347  0.0346  0.0349  0.0346  0.0348  0.0347  0.0349  0.0347  0.0347  0.0345  0.0345
niter,ni,del,rscale     2    3    5.0000    0.5000
parameters
   -0.1524   31.1548   -3.6838   -9.6104  -13.9264  -21.4650
    0.2384    2.3695    1.0983   20.9805    1.1493   -2.1520
eta,q 0.96565  7.14727
  0.0347  0.0346  0.0345  0.0347  0.0345  0.0347  0.0346  0.0348  0.0346  0.0346  0.0345  0.0344
  0.0345  0.0344  0.0344  0.0345  0.0344  0.0345  0.0345  0.0345  0.0345  0.0345  0.0344  0.0344
  0.0344  0.0344  0.0344  0.0344  0.0344  0.0344  0.0344  0.0344  0.0344  0.0344  0.0344  0.0344
  0.0344  0.0344  0.0344  0.0344  0.0343  0.0343  0.0344  0.0344  0.0343  0.0343  0.0343  0.0343
  0.0344  0.0344  0.0344  0.0344  0.0344  0.0344  0.0344  0.0344  0.0344  0.0344  0.0344  0.0344
  0.0345  0.0344  0.0344  0.0345  0.0344  0.0345  0.0345  0.0345  0.0345  0.0344  0.0344  0.0344
  0.0347  0.0346  0.0345  0.0347  0.0345  0.0346  0.0346  0.0348  0.0346  0.0346  0.0345  0.0345
niter,ni,del,rscale     1    3    5.0000    0.4000
parameters
   -0.1631   31.1441   -3.6655   -9.6439  -13.9016  -21.3465
    0.2273    2.3098    1.0931   20.9635    1.1392   -2.2327
eta,q 0.96565  7.14902
  0.0345  0.0345  0.0344  0.0346  0.0345  0.0346  0.0345  0.0346  0.0345  0.0345  0.0344  0.0344
  0.0344  0.0344  0.0344  0.0345  0.0344  0.0345  0.0344  0.0345  0.0344  0.0344  0.0344  0.0344
  0.0344  0.0344  0.0344  0.0344  0.0344  0.0344  0.0344  0.0344  0.0344  0.0344  0.0344  0.0344
  0.0343  0.0343  0.0344  0.0343  0.0343  0.0343  0.0343  0.0343  0.0343  0.0343  0.0343  0.0343
  0.0344  0.0344  0.0344  0.0344  0.0344  0.0344  0.0344  0.0344  0.0344  0.0344  0.0344  0.0344
  0.0344  0.0344  0.0344  0.0345  0.0344  0.0344  0.0344  0.0345  0.0344  0.0344  0.0344  0.0344
  0.0346  0.0345  0.0344  0.0346  0.0345  0.0345  0.0345  0.0346  0.0345  0.0345  0.0344  0.0344
registration optimization eta report
parameter search radius
    0.8000    0.8000    0.8000    2.4000    2.4000    2.4000
    2.4000    2.4000    2.4000    2.4000    2.4000    2.4000
100000*second partial in parameter space
       31.       20.       14.        4.        2.        3.
        3.        5.        3.        3.        1.        1.
  0.0345  0.0345  0.0344  0.0346  0.0345  0.0346  0.0345  0.0346  0.0345  0.0345  0.0344  0.0344
  0.0344  0.0344  0.0344  0.0345  0.0344  0.0345  0.0344  0.0345  0.0344  0.0344  0.0344  0.0344
  0.0344  0.0344  0.0344  0.0344  0.0344  0.0344  0.0344  0.0344  0.0344  0.0344  0.0344  0.0344
  0.0343  0.0343  0.0344  0.0343  0.0343  0.0343  0.0343  0.0343  0.0343  0.0343  0.0343  0.0343
  0.0344  0.0344  0.0344  0.0344  0.0344  0.0344  0.0344  0.0344  0.0344  0.0344  0.0344  0.0344
  0.0344  0.0344  0.0344  0.0345  0.0344  0.0344  0.0344  0.0345  0.0344  0.0344  0.0344  0.0344
  0.0346  0.0345  0.0344  0.0346  0.0345  0.0345  0.0345  0.0346  0.0345  0.0345  0.0344  0.0344
   -0.1631   31.1441   -3.6655   -9.6439  -13.9016  -21.3465
    0.2273    2.3098    1.0931   20.9635    1.1392   -2.2327
eta,q 0.96565  7.14902

---------------------------------------------------------------------
compute_vox2vox talsrcimg talsrcimg_to_711-2C_as_mni_average_305_t4 /opt/freesurfer/average/711-2C_as_mni_average_305
---------------------------------------------------------------------

freesurfer compute_vox2vox.c
Reading: talsrcimg.4dfp.ifh
Reading: talsrcimg_to_711-2C_as_mni_average_305_t4
Reading: /opt/freesurfer/average/711-2C_as_mni_average_305.4dfp.ifh
Writing: talsrcimg_to_711-2C_as_mni_average_305_t4_vox2vox.txt

start time Wed Mar 11 21:30:47 CET 2026
end		time Wed Mar 11 21:32:15 CET 2026

mpr2mni305 success

avi2talxfm orig_nu.mgz /opt/freesurfer/average/mni305.cor.mgz talsrcimg_to_711-2C_as_mni_average_305_t4_vox2vox.txt transforms/talairach.auto.xfm
avi2talxfm done
mv -f /out/sourcedata/freesurfer/sub-v1s2x0051490_ses-1/mri/talsrcimg_to_711-2C_as_mni_average_305_t4_vox2vox.txt /out/sourcedata/freesurfer/sub-v1s2x0051490_ses-1/mri/transforms/talsrcimg_to_711-2C_as_mni_average_305_t4_vox2vox.txt
lta_convert --src orig_nu.mgz --trg /opt/freesurfer/average/mni305.cor.mgz --inxfm transforms/talairach.auto.xfm --outlta transforms/talairach.auto.xfm.lta --subject fsaverage
7.3.2

--src: orig_nu.mgz src image (geometry).
--trg: /opt/freesurfer/average/mni305.cor.mgz trg image (geometry).
--inmni: transforms/talairach.auto.xfm input MNI/XFM transform.
--outlta: transforms/talairach.auto.xfm.lta output LTA.
--s: fsaverage subject name
 LTA read, type : 1
 1.10717  -0.03152  -0.00374  -2.44753;
-0.01632   1.26314   0.03280  -65.56126;
-0.01008  -0.30715   1.15352  -10.55948;
 0.00000   0.00000   0.00000   1.00000;
setting subject to fsaverage
Writing  LTA to file transforms/talairach.auto.xfm.lta...
lta_convert successful.
 
 
Started at Wed Mar 11 21:30:47 CET 2026
Ended   at Wed Mar 11 21:32:15 CET 2026
talairach_avi done
