/out/sourcedata/freesurfer/sub-v1s2x0051470_ses-1/mri
/opt/freesurfer/bin/talairach_avi
--i orig_nu.mgz --xfm transforms/talairach.auto.xfm
talairach_avi 7.3.2
Linux dna063 5.14.0-427.37.1.el9_4.x86_64 #1 SMP PREEMPT_DYNAMIC Fri Sep 13 12:41:50 EDT 2024 x86_64 x86_64 x86_64 GNU/Linux
Mon Mar  9 21:41:24 CET 2026
mri_convert orig_nu.mgz talsrcimg.img 
reading from orig_nu.mgz...
TR=0.00, TE=0.00, TI=0.00, flip angle=0.00
i_ras = (-1, 0, 0)
j_ras = (0, 0, -1)
k_ras = (0, 1, 0)
writing to talsrcimg.img...
Analyze Output Matrix
-1.00000   0.00000   0.00000   128.82204;
 0.00000   0.00000   1.00000  -60.20340;
 0.00000  -1.00000   0.00000   113.05084;
 0.00000   0.00000   0.00000   1.00000;
--------------------
INFO: set hdr.hist.orient to -1
mpr2mni305 talsrcimg
Mon Mar  9 21:41:24 CET 2026
/opt/freesurfer/bin/mpr2mni305 talsrcimg
mpr2mni305 7.3.2
target=711-2C_as_mni_average_305

---------------------------------------------------------------------
analyzeto4dfp talsrcimg -O0 -y
---------------------------------------------------------------------

freesurfer ifh2hdr.c
Mon Mar  9 21:41:24 2026
Writing: talsrcimg.4dfp.hdr
freesurfer analyzeto4dfp.c
Reading: talsrcimg.hdr
header size 348 bytes
hdr.dime.datatype	offset=70	value=2
hdr.dime.bitpix		offset=72	value=8
hdr.hist.orient		offset=252	value=-1
dimensionality     4
dimensions       256       256       256         1
Reading: talsrcimg.img
Writing: talsrcimg.4dfp.img
Writing: talsrcimg.4dfp.ifh
ifh2hdr talsrcimg -r0to255
ori=2

---------------------------------------------------------------------
gauss_4dfp talsrcimg 1.1
---------------------------------------------------------------------

freesurfer gauss_4dfp.c
Reading: talsrcimg.4dfp.img
Writing: talsrcimg_g11.4dfp.img
image dimensions 256 256 256 padded to 288 288 288
processing volume 1freesurfer ifh2hdr.c
Mon Mar  9 21:41:26 2026
Writing: talsrcimg_g11.4dfp.hdr

Writing: talsrcimg_g11.4dfp.ifh
including: talsrcimg.4dfp.img.rec in talsrcimg_g11.4dfp.img.rec

---------------------------------------------------------------------
imgreg_4dfp /opt/freesurfer/average/711-2C_as_mni_average_305 none talsrcimg_g11 none talsrcimg_to_711-2C_as_mni_average_305_t4 4355
---------------------------------------------------------------------

freesurfer imgreg_4dfp.c
/opt/freesurfer/average/711-2C_as_mni_average_305.4dfp.img
       256       256       256         1
  1.000000  1.000000  1.000000
orientation T byte_order littleendian
Reading image: /opt/freesurfer/average/711-2C_as_mni_average_305.4dfp.img
dimensions:      256       256       256
mmppix:       1.0000   -1.0000   -1.0000
center:     128.0000 -129.0000 -129.0000
talsrcimg_g11.4dfp.img
       256       256       256         1
  1.000000  1.000000  1.000000
orientation T byte_order littleendian
Reading image: talsrcimg_g11.4dfp.img
dimensions:      256       256       256
mmppix:       1.0000   -1.0000   -1.0000
center:     128.0000 -129.0000 -129.0000
t4_read: open error in t4_sub.f l:  41 t4_file(1:l)talsrcimg_to_711-2C_as_mni_average_305_t4 
t4_read: transform initialized to I4
rotation matrix determinant  1.000000
image alignment mode   4355 decimal     1103 hex
   -7.5000  -45.0000  -45.0000 6583.8066   11.4771
    0.0000  -45.0000  -45.0000 6826.0674   11.4647
    7.5000  -45.0000  -45.0000 6483.3232   11.4661
   -7.5000  -37.5000  -45.0000 7169.4482   11.0732
    0.0000  -37.5000  -45.0000 7431.6812   11.0603
    7.5000  -37.5000  -45.0000 7073.3530   11.0555
   -7.5000  -30.0000  -45.0000 8118.6313   10.8032
    0.0000  -30.0000  -45.0000 8404.3574   10.7941
    7.5000  -30.0000  -45.0000 8008.6440   10.7907
   -7.5000  -22.5000  -45.0000 9163.5566   10.6257
    0.0000  -22.5000  -45.0000 9475.8906   10.6184
    7.5000  -22.5000  -45.0000 9017.4482   10.6194
   -7.5000  -15.0000  -45.000010250.0645   10.5123
    0.0000  -15.0000  -45.000010617.5986   10.5053
    7.5000  -15.0000  -45.000010091.9131   10.5091
   -7.5000   -7.5000  -45.000011348.4590   10.4563
    0.0000   -7.5000  -45.000011775.5020   10.4471
    7.5000   -7.5000  -45.000011183.2275   10.4482
   -7.5000    0.0000  -45.000012333.3770   10.4444
    0.0000    0.0000  -45.000012824.0820   10.4331
    7.5000    0.0000  -45.000012169.8672   10.4294
   -7.5000    7.5000  -45.000012332.1660   10.4465
    0.0000    7.5000  -45.000012843.6270   10.4358
    7.5000    7.5000  -45.000012199.1406   10.4302
   -7.5000   15.0000  -45.000012228.5146   10.4514
    0.0000   15.0000  -45.000012740.1240   10.4434
    7.5000   15.0000  -45.000012106.2422   10.4400
   -7.5000   22.5000  -45.000012058.9775   10.4519
    0.0000   22.5000  -45.000012556.4482   10.4455
    7.5000   22.5000  -45.000011942.7188   10.4467
   -7.5000   30.0000  -45.000011848.8438   10.3129
    0.0000   30.0000  -45.000012301.1318   10.3063
    7.5000   30.0000  -45.000011724.1855   10.3099
   -7.5000   37.5000  -45.000011781.2119   10.3070
    0.0000   37.5000  -45.000012233.4648   10.2981
    7.5000   37.5000  -45.000011656.8428   10.2991
   -7.5000   45.0000  -45.000011264.8262   10.0436
    0.0000   45.0000  -45.000011708.1289   10.0327
    7.5000   45.0000  -45.000011143.3818   10.0291
   -7.5000  -45.0000  -37.5000 6848.0464   11.4295
    0.0000  -45.0000  -37.5000 7107.8042   11.4186
    7.5000  -45.0000  -37.5000 6760.9863   11.4233
   -7.5000  -37.5000  -37.5000 7470.4585   11.0255
    0.0000  -37.5000  -37.5000 7753.3057   11.0140
    7.5000  -37.5000  -37.5000 7396.2021   11.0140
   -7.5000  -30.0000  -37.5000 8472.5234   10.7617
    0.0000  -30.0000  -37.5000 8781.0273   10.7528
    7.5000  -30.0000  -37.5000 8372.6270   10.7519
   -7.5000  -22.5000  -37.5000 9562.0508   10.5901
    0.0000  -22.5000  -37.5000 9913.1367   10.5828
    7.5000  -22.5000  -37.5000 9431.6777   10.5834
   -7.5000  -15.0000  -37.500010705.2666   10.4784
    0.0000  -15.0000  -37.500011101.1650   10.4717
    7.5000  -15.0000  -37.500010547.8857   10.4742
   -7.5000   -7.5000  -37.500011854.9170   10.4184
    0.0000   -7.5000  -37.500012313.4131   10.4106
    7.5000   -7.5000  -37.500011700.1934   10.4124
   -7.5000    0.0000  -37.500012895.0146   10.4017
    0.0000    0.0000  -37.500013410.7637   10.3921
    7.5000    0.0000  -37.500012763.8574   10.3918
   -7.5000    7.5000  -37.500012885.5410   10.4037
    0.0000    7.5000  -37.500013415.3223   10.3941
    7.5000    7.5000  -37.500012775.4521   10.3925
   -7.5000   15.0000  -37.500012774.6416   10.4122
    0.0000   15.0000  -37.500013309.1279   10.4043
    7.5000   15.0000  -37.500012683.2988   10.4031
   -7.5000   22.5000  -37.500012612.1387   10.4167
    0.0000   22.5000  -37.500013119.9023   10.4103
    7.5000   22.5000  -37.500012506.7881   10.4110
   -7.5000   30.0000  -37.500012388.0420   10.2794
    0.0000   30.0000  -37.500012853.3877   10.2731
    7.5000   30.0000  -37.500012279.3076   10.2755
   -7.5000   37.5000  -37.500012296.9238   10.2695
    0.0000   37.5000  -37.500012769.1777   10.2619
    7.5000   37.5000  -37.500012190.6543   10.2637
   -7.5000   45.0000  -37.500011771.8027   10.0025
    0.0000   45.0000  -37.500012227.2549    9.9933
    7.5000   45.0000  -37.500011664.4258    9.9929
   -7.5000  -45.0000  -30.0000 7239.8301   11.9140
    0.0000  -45.0000  -30.0000 7501.4736   11.9052
    7.5000  -45.0000  -30.0000 7146.4492   11.9076
   -7.5000  -37.5000  -30.0000 7919.0718   11.4889
    0.0000  -37.5000  -30.0000 8214.7559   11.4795
    7.5000  -37.5000  -30.0000 7833.1655   11.4782
   -7.5000  -30.0000  -30.0000 8993.3633   11.2107
    0.0000  -30.0000  -30.0000 9326.5166   11.2018
    7.5000  -30.0000  -30.0000 8884.7900   11.1986
   -7.5000  -22.5000  -30.000010158.7217   11.0352
    0.0000  -22.5000  -30.000010542.8740   11.0271
    7.5000  -22.5000  -30.000010030.1523   11.0245
   -7.5000  -15.0000  -30.000011356.4365   10.9224
    0.0000  -15.0000  -30.000011804.5322   10.9156
    7.5000  -15.0000  -30.000011220.5107   10.9149
   -7.5000   -7.5000  -30.000012586.9561   10.8597
    0.0000   -7.5000  -30.000013081.2373   10.8534
    7.5000   -7.5000  -30.000012450.2725   10.8525
   -7.5000    0.0000  -30.000013737.7520   10.8392
    0.0000    0.0000  -30.000014281.0371   10.8320
    7.5000    0.0000  -30.000013600.2051   10.8297
   -7.5000    7.5000  -30.000013733.2119   10.8379
    0.0000    7.5000  -30.000014297.2344   10.8298
    7.5000    7.5000  -30.000013632.4121   10.8265
   -7.5000   15.0000  -30.000013608.5107   10.8460
    0.0000   15.0000  -30.000014167.5459   10.8382
    7.5000   15.0000  -30.000013521.8018   10.8347
   -7.5000   22.5000  -30.000013427.9629   10.8531
    0.0000   22.5000  -30.000013970.2002   10.8458
    7.5000   22.5000  -30.000013327.1045   10.8435
   -7.5000   30.0000  -30.000013173.2773   10.7159
    0.0000   30.0000  -30.000013708.3730   10.7095
    7.5000   30.0000  -30.000013066.8711   10.7087
   -7.5000   37.5000  -30.000013082.4082   10.7056
    0.0000   37.5000  -30.000013624.5088   10.6994
    7.5000   37.5000  -30.000012986.2139   10.6986
   -7.5000   45.0000  -30.000012497.8672   10.4309
    0.0000   45.0000  -30.000013014.2998   10.4239
    7.5000   45.0000  -30.000012410.4453   10.4217
   -7.5000  -45.0000  -22.5000 7585.7856   12.3194
    0.0000  -45.0000  -22.5000 7870.7446   12.3121
    7.5000  -45.0000  -22.5000 7500.2046   12.3074
   -7.5000  -37.5000  -22.5000 8337.6465   11.8811
    0.0000  -37.5000  -22.5000 8655.9824   11.8737
    7.5000  -37.5000  -22.5000 8255.5840   11.8651
   -7.5000  -30.0000  -22.5000 9490.2441   11.5862
    0.0000  -30.0000  -22.5000 9851.2471   11.5781
    7.5000  -30.0000  -22.5000 9392.7422   11.5695
   -7.5000  -22.5000  -22.500010726.0117   11.4025
    0.0000  -22.5000  -22.500011142.0732   11.3948
    7.5000  -22.5000  -22.500010619.6270   11.3888
   -7.5000  -15.0000  -22.500011999.9082   11.2882
    0.0000  -15.0000  -22.500012467.6455   11.2817
    7.5000  -15.0000  -22.500011880.9912   11.2781
   -7.5000   -7.5000  -22.500013311.6016   11.2280
    0.0000   -7.5000  -22.500013836.3613   11.2223
    7.5000   -7.5000  -22.500013183.2520   11.2169
   -7.5000    0.0000  -22.500014541.9707   11.2093
    0.0000    0.0000  -22.500015146.5361   11.2032
    7.5000    0.0000  -22.500014401.1055   11.1945
   -7.5000    7.5000  -22.500014560.5322   11.2049
    0.0000    7.5000  -22.500015191.0420   11.1982
    7.5000    7.5000  -22.500014463.4268   11.1882
   -7.5000   15.0000  -22.500014440.4541   11.2086
    0.0000   15.0000  -22.500015058.6299   11.2016
    7.5000   15.0000  -22.500014348.1680   11.1930
   -7.5000   22.5000  -22.500014242.5371   11.2136
    0.0000   22.5000  -22.500014862.4961   11.2067
    7.5000   22.5000  -22.500014126.4033   11.2011
   -7.5000   30.0000  -22.500013946.3252   11.0764
    0.0000   30.0000  -22.500014586.9619   11.0704
    7.5000   30.0000  -22.500013840.6250   11.0668
   -7.5000   37.5000  -22.500013863.1436   11.0703
    0.0000   37.5000  -22.500014495.8799   11.0648
    7.5000   37.5000  -22.500013766.2793   11.0595
   -7.5000   45.0000  -22.500013222.6934   10.7951
    0.0000   45.0000  -22.500013806.9014   10.7892
    7.5000   45.0000  -22.500013105.9307   10.7809
   -7.5000  -45.0000  -15.0000 7898.6289   12.5934
    0.0000  -45.0000  -15.0000 8200.7510   12.5859
    7.5000  -45.0000  -15.0000 7801.6631   12.5764
   -7.5000  -37.5000  -15.0000 8732.6699   12.1501
    0.0000  -37.5000  -15.0000 9061.4434   12.1428
    7.5000  -37.5000  -15.0000 8624.2754   12.1282
   -7.5000  -30.0000  -15.0000 9973.3555   11.8437
    0.0000  -30.0000  -15.000010351.7178   11.8371
    7.5000  -30.0000  -15.0000 9844.5146   11.8257
   -7.5000  -22.5000  -15.000011280.9736   11.6505
    0.0000  -22.5000  -15.000011725.9717   11.6444
    7.5000  -22.5000  -15.000011156.1309   11.6391
   -7.5000  -15.0000  -15.000012608.6201   11.5325
    0.0000  -15.0000  -15.000013119.9658   11.5271
    7.5000  -15.0000  -15.000012500.9434   11.5247
   -7.5000   -7.5000  -15.000013972.4834   11.4760
    0.0000   -7.5000  -15.000014564.2861   11.4700
    7.5000   -7.5000  -15.000013884.3154   11.4631
   -7.5000    0.0000  -15.000015253.7861   11.4627
    0.0000    0.0000  -15.000015942.6846   11.4557
    7.5000    0.0000  -15.000015166.9707   11.4424
   -7.5000    7.5000  -15.000015340.2148   11.4584
    0.0000    7.5000  -15.000016034.2129   11.4516
    7.5000    7.5000  -15.000015265.9688   11.4367
   -7.5000   15.0000  -15.000015304.1562   11.4577
    0.0000   15.0000  -15.000015953.1934   11.4519
    7.5000   15.0000  -15.000015189.2334   11.4407
   -7.5000   22.5000  -15.000015170.4111   11.4573
    0.0000   22.5000  -15.000015834.7002   11.4520
    7.5000   22.5000  -15.000014973.8613   11.4470
   -7.5000   30.0000  -15.000014830.5498   11.3179
    0.0000   30.0000  -15.000015535.2725   11.3128
    7.5000   30.0000  -15.000014657.1348   11.3104
   -7.5000   37.5000  -15.000014708.3926   11.3165
    0.0000   37.5000  -15.000015394.6436   11.3107
    7.5000   37.5000  -15.000014537.0449   11.3038
   -7.5000   45.0000  -15.000013998.2627   11.0458
    0.0000   45.0000  -15.000014589.4746   11.0391
    7.5000   45.0000  -15.000013767.3037   11.0263
   -7.5000  -45.0000   -7.5000 8168.0586   12.7175
    0.0000  -45.0000   -7.5000 8486.0928   12.7070
    7.5000  -45.0000   -7.5000 8074.2812   12.7009
   -7.5000  -37.5000   -7.5000 9053.6758   12.2734
    0.0000  -37.5000   -7.5000 9421.5547   12.2628
    7.5000  -37.5000   -7.5000 8941.7109   12.2501
   -7.5000  -30.0000   -7.500010408.0254   11.9676
    0.0000  -30.0000   -7.500010824.1943   11.9600
    7.5000  -30.0000   -7.500010275.7207   11.9510
   -7.5000  -22.5000   -7.500011824.7422   11.7693
    0.0000  -22.5000   -7.500012293.0986   11.7632
    7.5000  -22.5000   -7.500011693.8926   11.7612
   -7.5000  -15.0000   -7.500013248.7197   11.6464
    0.0000  -15.0000   -7.500013788.7617   11.6404
    7.5000  -15.0000   -7.500013138.0654   11.6418
   -7.5000   -7.5000   -7.500014718.7842   11.5893
    0.0000   -7.5000   -7.500015334.0264   11.5811
    7.5000   -7.5000   -7.500014607.3799   11.5774
   -7.5000    0.0000   -7.500016122.5107   11.5786
    0.0000    0.0000   -7.500016830.6348   11.5685
    7.5000    0.0000   -7.500016005.5332   11.5578
   -7.5000    7.5000   -7.500016256.4434   11.5777
    0.0000    7.5000   -7.500016935.6035   11.5685
    7.5000    7.5000   -7.500016113.2539   11.5557
   -7.5000   15.0000   -7.500016281.7617   11.5781
    0.0000   15.0000   -7.500016851.7852   11.5713
    7.5000   15.0000   -7.500015967.6230   11.5626
   -7.5000   22.5000   -7.500016267.2930   11.5731
    0.0000   22.5000   -7.500016849.3164   11.5678
    7.5000   22.5000   -7.500015724.6416   11.5661
   -7.5000   30.0000   -7.500015963.1387   11.4295
    0.0000   30.0000   -7.500016597.2324   11.4238
    7.5000   30.0000   -7.500015433.2529   11.4251
   -7.5000   37.5000   -7.500015671.8945   11.4279
    0.0000   37.5000   -7.500016276.4434   11.4199
    7.5000   37.5000   -7.500015244.8906   11.4163
   -7.5000   45.0000   -7.500014744.6621   11.1596
    0.0000   45.0000   -7.500015278.1748   11.1499
    7.5000   45.0000   -7.500014399.5615   11.1395
   -7.5000  -45.0000    0.0000 8404.2441   12.7358
    0.0000  -45.0000    0.0000 8714.6025   12.7226
    7.5000  -45.0000    0.0000 8277.1631   12.7237
   -7.5000  -37.5000    0.0000 9362.8486   12.2904
    0.0000  -37.5000    0.0000 9705.4678   12.2767
    7.5000  -37.5000    0.0000 9210.2217   12.2711
   -7.5000  -30.0000    0.000010779.9893   11.9919
    0.0000  -30.0000    0.000011185.5723   11.9825
    7.5000  -30.0000    0.000010609.9668   11.9785
   -7.5000  -22.5000    0.000012257.6826   11.7952
    0.0000  -22.5000    0.000012757.8115   11.7876
    7.5000  -22.5000    0.000012077.0801   11.7883
   -7.5000  -15.0000    0.000013800.8281   11.6693
    0.0000  -15.0000    0.000014364.5420   11.6618
    7.5000  -15.0000    0.000013584.4160   11.6654
   -7.5000   -7.5000    0.000015409.2881   11.6072
    0.0000   -7.5000    0.000016030.1094   11.5973
    7.5000   -7.5000    0.000015130.8115   11.5979
   -7.5000    0.0000    0.000016947.1582   11.5943
    0.0000    0.0000    0.000017633.1328   11.5821
    7.5000    0.0000    0.000016586.9199   11.5776
   -7.5000    7.5000    0.000017052.5020   11.5968
    0.0000    7.5000    0.000017691.0762   11.5854
    7.5000    7.5000    0.000016673.9121   11.5790
   -7.5000   15.0000    0.000016892.6152   11.6021
    0.0000   15.0000    0.000017444.0918   11.5937
    7.5000   15.0000    0.000016488.5137   11.5897
   -7.5000   22.5000    0.000016709.3477   11.5985
    0.0000   22.5000    0.000017368.1699   11.5919
    7.5000   22.5000    0.000016262.0020   11.5927
   -7.5000   30.0000    0.000016480.0215   11.4522
    0.0000   30.0000    0.000017199.4199   11.4452
    7.5000   30.0000    0.000016023.5469   11.4486
   -7.5000   37.5000    0.000016230.9570   11.4459
    0.0000   37.5000    0.000016880.6934   11.4362
    7.5000   37.5000    0.000015858.3721   11.4367
   -7.5000   45.0000    0.000015200.4346   11.1756
    0.0000   45.0000    0.000015783.2754   11.1638
    7.5000   45.0000    0.000014930.1250   11.1595
   -7.5000  -45.0000    7.5000 7898.9805   12.7754
    0.0000  -45.0000    7.5000 8225.1621   12.7631
    7.5000  -45.0000    7.5000 7790.6465   12.7682
   -7.5000  -37.5000    7.5000 8832.5381   12.3240
    0.0000  -37.5000    7.5000 9211.3867   12.3111
    7.5000  -37.5000    7.5000 8697.3506   12.3109
   -7.5000  -30.0000    7.500010205.5381   12.0291
    0.0000  -30.0000    7.500010646.6982   12.0192
    7.5000  -30.0000    7.500010051.6553   12.0180
   -7.5000  -22.5000    7.500011660.1846   11.8374
    0.0000  -22.5000    7.500012147.5889   11.8292
    7.5000  -22.5000    7.500011480.0059   11.8297
   -7.5000  -15.0000    7.500013160.3877   11.7126
    0.0000  -15.0000    7.500013685.0078   11.7051
    7.5000  -15.0000    7.500012941.1729   11.7078
   -7.5000   -7.5000    7.500014671.5049   11.6458
    0.0000   -7.5000    7.500015291.0811   11.6370
    7.5000   -7.5000    7.500014448.2744   11.6389
   -7.5000    0.0000    7.500016085.6328   11.6273
    0.0000    0.0000    7.500016774.4004   11.6165
    7.5000    0.0000    7.500015824.9697   11.6160
   -7.5000    7.5000    7.500016183.8848   11.6295
    0.0000    7.5000    7.500016817.0625   11.6187
    7.5000    7.5000    7.500015886.3379   11.6167
   -7.5000   15.0000    7.500016030.9004   11.6387
    0.0000   15.0000    7.500016640.5703   11.6299
    7.5000   15.0000    7.500015782.1455   11.6285
   -7.5000   22.5000    7.500015768.4277   11.6399
    0.0000   22.5000    7.500016543.6133   11.6327
    7.5000   22.5000    7.500015684.6816   11.6334
   -7.5000   30.0000    7.500015482.5566   11.4947
    0.0000   30.0000    7.500016258.3262   11.4876
    7.5000   30.0000    7.500015416.2715   11.4902
   -7.5000   37.5000    7.500015384.2139   11.4839
    0.0000   37.5000    7.500016086.4775   11.4753
    7.5000   37.5000    7.500015285.9033   11.4771
   -7.5000   45.0000    7.500014506.7227   11.2074
    0.0000   45.0000    7.500015156.3936   11.1970
    7.5000   45.0000    7.500014426.5264   11.1964
   -7.5000  -45.0000   15.0000 7294.8804   12.8606
    0.0000  -45.0000   15.0000 7607.7388   12.8512
    7.5000  -45.0000   15.0000 7215.3994   12.8538
   -7.5000  -37.5000   15.0000 8167.1914   12.4014
    0.0000  -37.5000   15.0000 8527.3721   12.3915
    7.5000  -37.5000   15.0000 8090.9346   12.3901
   -7.5000  -30.0000   15.0000 9456.4326   12.1016
    0.0000  -30.0000   15.0000 9865.6299   12.0921
    7.5000  -30.0000   15.0000 9369.0020   12.0886
   -7.5000  -22.5000   15.000010825.3154   11.9128
    0.0000  -22.5000   15.000011291.2773   11.9040
    7.5000  -22.5000   15.000010722.4922   11.9011
   -7.5000  -15.0000   15.000012217.2559   11.7918
    0.0000  -15.0000   15.000012751.8623   11.7843
    7.5000  -15.0000   15.000012105.3838   11.7835
   -7.5000   -7.5000   15.000013595.0820   11.7250
    0.0000   -7.5000   15.000014219.1230   11.7182
    7.5000   -7.5000   15.000013504.7324   11.7172
   -7.5000    0.0000   15.000014888.5146   11.7027
    0.0000    0.0000   15.000015545.3301   11.6949
    7.5000    0.0000   15.000014782.5654   11.6925
   -7.5000    7.5000   15.000014983.7168   11.7014
    0.0000    7.5000   15.000015567.4912   11.6927
    7.5000    7.5000   15.000014841.2402   11.6892
   -7.5000   15.0000   15.000014882.8740   11.7103
    0.0000   15.0000   15.000015501.0322   11.7019
    7.5000   15.0000   15.000014813.6582   11.6982
   -7.5000   22.5000   15.000014738.2783   11.7155
    0.0000   22.5000   15.000015401.8545   11.7076
    7.5000   22.5000   15.000014705.6758   11.7050
   -7.5000   30.0000   15.000014496.7598   11.5733
    0.0000   30.0000   15.000015051.7852   11.5663
    7.5000   30.0000   15.000014370.1943   11.5654
   -7.5000   37.5000   15.000014441.2227   11.5619
    0.0000   37.5000   15.000014977.7891   11.5553
    7.5000   37.5000   15.000014300.7656   11.5543
   -7.5000   45.0000   15.000013673.6875   11.2801
    0.0000   45.0000   15.000014197.8076   11.2726
    7.5000   45.0000   15.000013565.9365   11.2702
   -7.5000  -45.0000   22.5000 6704.3975   13.0636
    0.0000  -45.0000   22.5000 6995.4189   13.0552
    7.5000  -45.0000   22.5000 6662.4648   13.0497
   -7.5000  -37.5000   22.5000 7512.7500   12.5945
    0.0000  -37.5000   22.5000 7846.9590   12.5859
    7.5000  -37.5000   22.5000 7477.2559   12.5762
   -7.5000  -30.0000   22.5000 8725.4482   12.2792
    0.0000  -30.0000   22.5000 9116.4082   12.2699
    7.5000  -30.0000   22.5000 8684.8477   12.2604
   -7.5000  -22.5000   22.500010007.1260   12.0827
    0.0000  -22.5000   22.500010456.6299   12.0739
    7.5000  -22.5000   22.5000 9957.2666   12.0673
   -7.5000  -15.0000   22.500011282.3945   11.9611
    0.0000  -15.0000   22.500011800.9590   11.9537
    7.5000  -15.0000   22.500011243.7031   11.9497
   -7.5000   -7.5000   22.500012540.4883   11.8991
    0.0000   -7.5000   22.500013110.6680   11.8924
    7.5000   -7.5000   22.500012518.0635   11.8864
   -7.5000    0.0000   22.500013727.1572   11.8798
    0.0000    0.0000   22.500014306.5801   11.8727
    7.5000    0.0000   22.500013671.6318   11.8631
   -7.5000    7.5000   22.500013835.6533   11.8762
    0.0000    7.5000   22.500014355.8164   11.8682
    7.5000    7.5000   22.500013748.1816   11.8573
   -7.5000   15.0000   22.500013792.3359   11.8804
    0.0000   15.0000   22.500014359.4023   11.8722
    7.5000   15.0000   22.500013757.7695   11.8627
   -7.5000   22.5000   22.500013680.2119   11.8830
    0.0000   22.5000   22.500014228.7803   11.8750
    7.5000   22.5000   22.500013608.2930   11.8688
   -7.5000   30.0000   22.500013438.2871   11.7401
    0.0000   30.0000   22.500013885.4307   11.7330
    7.5000   30.0000   22.500013278.0615   11.7291
   -7.5000   37.5000   22.500013440.8018   11.7335
    0.0000   37.5000   22.500013916.5693   11.7270
    7.5000   37.5000   22.500013291.8887   11.7211
   -7.5000   45.0000   22.500012753.9512   11.4508
    0.0000   45.0000   22.500013209.3818   11.4439
    7.5000   45.0000   22.500012605.7871   11.4346
   -7.5000  -45.0000   30.0000 6164.1406   13.4021
    0.0000  -45.0000   30.0000 6432.4404   13.3920
    7.5000  -45.0000   30.0000 6137.9541   13.3809
   -7.5000  -37.5000   30.0000 6939.3945   12.9171
    0.0000  -37.5000   30.0000 7253.8828   12.9072
    7.5000  -37.5000   30.0000 6920.9004   12.8903
   -7.5000  -30.0000   30.0000 8060.7393   12.5787
    0.0000  -30.0000   30.0000 8434.2930   12.5693
    7.5000  -30.0000   30.0000 8044.9692   12.5560
   -7.5000  -22.5000   30.0000 9235.6084   12.3627
    0.0000  -22.5000   30.0000 9655.9717   12.3541
    7.5000  -22.5000   30.0000 9215.4521   12.3477
   -7.5000  -15.0000   30.000010409.2588   12.2340
    0.0000  -15.0000   30.000010887.0742   12.2264
    7.5000  -15.0000   30.000010394.3379   12.2235
   -7.5000   -7.5000   30.000011565.9883   12.1797
    0.0000   -7.5000   30.000012075.9707   12.1716
    7.5000   -7.5000   30.000011539.3232   12.1636
   -7.5000    0.0000   30.000012656.0010   12.1706
    0.0000    0.0000   30.000013204.2803   12.1613
    7.5000    0.0000   30.000012616.5254   12.1463
   -7.5000    7.5000   30.000012771.4893   12.1686
    0.0000    7.5000   30.000013287.8594   12.1594
    7.5000    7.5000   30.000012714.6855   12.1423
   -7.5000   15.0000   30.000012729.7910   12.1652
    0.0000   15.0000   30.000013278.1758   12.1568
    7.5000   15.0000   30.000012717.0205   12.1439
   -7.5000   22.5000   30.000012612.1494   12.1573
    0.0000   22.5000   30.000013116.9199   12.1497
    7.5000   22.5000   30.000012542.0020   12.1437
   -7.5000   30.0000   30.000012365.5908   12.0081
    0.0000   30.0000   30.000012808.4209   12.0009
    7.5000   30.0000   30.000012254.8916   11.9980
   -7.5000   37.5000   30.000012417.1084   12.0100
    0.0000   37.5000   30.000012873.3721   12.0020
    7.5000   37.5000   30.000012305.3115   11.9942
   -7.5000   45.0000   30.000011813.6553   11.7310
    0.0000   45.0000   30.000012236.2832   11.7221
    7.5000   45.0000   30.000011687.4268   11.7076
   -7.5000  -45.0000   37.5000 5917.3467   13.8927
    0.0000  -45.0000   37.5000 6179.4790   13.8766
    7.5000  -45.0000   37.5000 5901.6816   13.8695
   -7.5000  -37.5000   37.5000 6669.1626   13.3771
    0.0000  -37.5000   37.5000 6967.2188   13.3608
    7.5000  -37.5000   37.5000 6648.7891   13.3457
   -7.5000  -30.0000   37.5000 7748.1558   13.0157
    0.0000  -30.0000   37.5000 8111.8584   13.0029
    7.5000  -30.0000   37.5000 7726.5947   12.9920
   -7.5000  -22.5000   37.5000 8867.2578   12.7801
    0.0000  -22.5000   37.5000 9282.6816   12.7693
    7.5000  -22.5000   37.5000 8848.3477   12.7666
   -7.5000  -15.0000   37.5000 9996.7363   12.6414
    0.0000  -15.0000   37.500010452.9727   12.6313
    7.5000  -15.0000   37.5000 9984.1230   12.6328
   -7.5000   -7.5000   37.500011106.6387   12.5888
    0.0000   -7.5000   37.500011591.3467   12.5764
    7.5000   -7.5000   37.500011082.9219   12.5723
   -7.5000    0.0000   37.500012146.1143   12.5854
    0.0000    0.0000   37.500012673.6572   12.5705
    7.5000    0.0000   37.500012124.3584   12.5582
   -7.5000    7.5000   37.500012253.1543   12.5863
    0.0000    7.5000   37.500012781.8213   12.5720
    7.5000    7.5000   37.500012215.6445   12.5570
   -7.5000   15.0000   37.500012209.5166   12.5798
    0.0000   15.0000   37.500012734.4512   12.5681
    7.5000   15.0000   37.500012179.6211   12.5577
   -7.5000   22.5000   37.500012069.5889   12.5650
    0.0000   22.5000   37.500012548.7109   12.5553
    7.5000   22.5000   37.500012011.6650   12.5530
   -7.5000   30.0000   37.500011821.9805   12.4076
    0.0000   30.0000   37.500012265.8076   12.3980
    7.5000   30.0000   37.500011730.8506   12.3995
   -7.5000   37.5000   37.500011920.5938   12.4132
    0.0000   37.5000   37.500012359.3125   12.4010
    7.5000   37.5000   37.500011823.4346   12.3970
   -7.5000   45.0000   37.500011358.5000   12.1309
    0.0000   45.0000   37.500011778.1162   12.1165
    7.5000   45.0000   37.500011249.6641   12.1046
   -7.5000  -45.0000   45.0000 5442.5024   14.4175
    0.0000  -45.0000   45.0000 5689.6147   14.4067
    7.5000  -45.0000   45.0000 5438.8809   14.4101
   -7.5000  -37.5000   45.0000 6132.7275   13.8744
    0.0000  -37.5000   45.0000 6414.9663   13.8623
    7.5000  -37.5000   45.0000 6125.5620   13.8567
   -7.5000  -30.0000   45.0000 7134.0791   13.4966
    0.0000  -30.0000   45.0000 7466.9961   13.4899
    7.5000  -30.0000   45.0000 7121.7720   13.4861
   -7.5000  -22.5000   45.0000 8173.5020   13.2453
    0.0000  -22.5000   45.0000 8544.6162   13.2414
    7.5000  -22.5000   45.0000 8157.3022   13.2438
   -7.5000  -15.0000   45.0000 9206.8770   13.0964
    0.0000  -15.0000   45.0000 9611.8193   13.0928
    7.5000  -15.0000   45.0000 9187.2402   13.0993
   -7.5000   -7.5000   45.000010205.9961   13.0390
    0.0000   -7.5000   45.000010658.2861   13.0319
    7.5000   -7.5000   45.000010197.2266   13.0347
   -7.5000    0.0000   45.000011158.9316   13.0346
    0.0000    0.0000   45.000011657.6562   13.0239
    7.5000    0.0000   45.000011145.4160   13.0202
   -7.5000    7.5000   45.000011253.4941   13.0373
    0.0000    7.5000   45.000011757.9277   13.0274
    7.5000    7.5000   45.000011240.6416   13.0209
   -7.5000   15.0000   45.000011208.4092   13.0328
    0.0000   15.0000   45.000011698.2236   13.0269
    7.5000   15.0000   45.000011191.5791   13.0233
   -7.5000   22.5000   45.000011056.2471   13.0177
    0.0000   22.5000   45.000011509.9844   13.0148
    7.5000   22.5000   45.000011020.8252   13.0174
   -7.5000   30.0000   45.000010819.9102   12.8522
    0.0000   30.0000   45.000011244.0713   12.8490
    7.5000   30.0000   45.000010748.9111   12.8553
   -7.5000   37.5000   45.000010940.1025   12.8557
    0.0000   37.5000   45.000011348.9062   12.8488
    7.5000   37.5000   45.000010853.2900   12.8516
   -7.5000   45.0000   45.000010434.0156   12.5695
    0.0000   45.0000   45.000010826.9248   12.5592
    7.5000   45.0000   45.000010343.5205   12.5556

---------------------------------------------------------------------
imgreg_4dfp /opt/freesurfer/average/711-2C_as_mni_average_305 /opt/freesurfer/average/711-2B_as_mni_average_305_mask talsrcimg_g11 none talsrcimg_to_711-2C_as_mni_average_305_t4 4355
---------------------------------------------------------------------

freesurfer imgreg_4dfp.c
/opt/freesurfer/average/711-2C_as_mni_average_305.4dfp.img
       256       256       256         1
  1.000000  1.000000  1.000000
orientation T byte_order littleendian
Reading image: /opt/freesurfer/average/711-2C_as_mni_average_305.4dfp.img
dimensions:      256       256       256
mmppix:       1.0000   -1.0000   -1.0000
center:     128.0000 -129.0000 -129.0000
/opt/freesurfer/average/711-2B_as_mni_average_305_mask.4dfp.img
       256       256       256         1
  1.000000  1.000000  1.000000
orientation T byte_order littleendian
Reading mask: /opt/freesurfer/average/711-2B_as_mni_average_305_mask.4dfp.img (2306576 pixels)
talsrcimg_g11.4dfp.img
       256       256       256         1
  1.000000  1.000000  1.000000
orientation T byte_order littleendian
Reading image: talsrcimg_g11.4dfp.img
dimensions:      256       256       256
mmppix:       1.0000   -1.0000   -1.0000
center:     128.0000 -129.0000 -129.0000
rotation matrix determinant  1.000000
image alignment mode   4355 decimal     1103 hex
   -7.5000  -37.5000  -45.0000 2014.6937   15.9862
    0.0000  -37.5000  -45.0000 2007.2758   16.0254
    7.5000  -37.5000  -45.0000 1983.4062   16.2984
   -7.5000  -30.0000  -45.0000 2137.3157   14.1364
    0.0000  -30.0000  -45.0000 2131.7139   14.1505
    7.5000  -30.0000  -45.0000 2108.4602   14.3962
   -7.5000  -22.5000  -45.0000 2260.1858   12.6526
    0.0000  -22.5000  -45.0000 2252.0532   12.6541
    7.5000  -22.5000  -45.0000 2224.8552   12.8812
   -7.5000  -15.0000  -45.0000 2371.9797   11.4733
    0.0000  -15.0000  -45.0000 2365.6379   11.4628
    7.5000  -15.0000  -45.0000 2336.9355   11.6757
   -7.5000   -7.5000  -45.0000 2462.7061   10.5808
    0.0000   -7.5000  -45.0000 2460.2961   10.5854
    7.5000   -7.5000  -45.0000 2430.8821   10.7736
   -7.5000    0.0000  -45.0000 2522.0449    9.9133
    0.0000    0.0000  -45.0000 2521.9204    9.9123
    7.5000    0.0000  -45.0000 2494.4661   10.0957
   -7.5000    7.5000  -45.0000 2563.4250    9.4153
    0.0000    7.5000  -45.0000 2565.6157    9.4175
    7.5000    7.5000  -45.0000 2538.2639    9.5832
   -7.5000   15.0000  -45.0000 2588.9587    9.1392
    0.0000   15.0000  -45.0000 2589.4958    9.1292
    7.5000   15.0000  -45.0000 2562.1055    9.2949
   -7.5000   22.5000  -45.0000 2586.3562    9.0454
    0.0000   22.5000  -45.0000 2586.4153    9.0450
    7.5000   22.5000  -45.0000 2559.2241    9.2025
   -7.5000   30.0000  -45.0000 2579.8811    9.1055
    0.0000   30.0000  -45.0000 2578.0022    9.0858
    7.5000   30.0000  -45.0000 2549.5161    9.2559
   -7.5000   37.5000  -45.0000 2553.7244    9.3656
    0.0000   37.5000  -45.0000 2555.9800    9.3181
    7.5000   37.5000  -45.0000 2525.7952    9.5039
   -7.5000   45.0000  -45.0000 2512.1277    9.7789
    0.0000   45.0000  -45.0000 2517.2229    9.7206
    7.5000   45.0000  -45.0000 2485.0500    9.8927
   -7.5000   52.5000  -45.0000 2431.0247   10.3084
    0.0000   52.5000  -45.0000 2435.0210   10.2394
    7.5000   52.5000  -45.0000 2405.6431   10.4042
   -7.5000  -37.5000  -37.5000 2053.1306   15.3294
    0.0000  -37.5000  -37.5000 2049.2559   15.3567
    7.5000  -37.5000  -37.5000 2029.6182   15.6568
   -7.5000  -30.0000  -37.5000 2182.8955   13.5192
    0.0000  -30.0000  -37.5000 2179.3147   13.5232
    7.5000  -30.0000  -37.5000 2155.6506   13.8138
   -7.5000  -22.5000  -37.5000 2308.4636   12.0786
    0.0000  -22.5000  -37.5000 2305.2686   12.0849
    7.5000  -22.5000  -37.5000 2277.8860   12.3332
   -7.5000  -15.0000  -37.5000 2424.8611   10.9294
    0.0000  -15.0000  -37.5000 2420.6885   10.9380
    7.5000  -15.0000  -37.5000 2390.3689   11.1582
   -7.5000   -7.5000  -37.5000 2522.2461   10.0407
    0.0000   -7.5000  -37.5000 2519.2524   10.0373
    7.5000   -7.5000  -37.5000 2491.9966   10.2377
   -7.5000    0.0000  -37.5000 2589.3745    9.3669
    0.0000    0.0000  -37.5000 2588.6003    9.3625
    7.5000    0.0000  -37.5000 2562.9973    9.5569
   -7.5000    7.5000  -37.5000 2633.9507    8.8866
    0.0000    7.5000  -37.5000 2632.6890    8.8746
    7.5000    7.5000  -37.5000 2612.1675    9.0534
   -7.5000   15.0000  -37.5000 2666.0247    8.6008
    0.0000   15.0000  -37.5000 2668.0698    8.5620
    7.5000   15.0000  -37.5000 2643.3303    8.7344
   -7.5000   22.5000  -37.5000 2676.1609    8.4860
    0.0000   22.5000  -37.5000 2677.3679    8.4589
    7.5000   22.5000  -37.5000 2647.4502    8.6271
   -7.5000   30.0000  -37.5000 2669.5205    8.5555
    0.0000   30.0000  -37.5000 2669.9431    8.5148
    7.5000   30.0000  -37.5000 2640.9060    8.6895
   -7.5000   37.5000  -37.5000 2646.0979    8.7925
    0.0000   37.5000  -37.5000 2650.0725    8.7303
    7.5000   37.5000  -37.5000 2620.7947    8.9106
   -7.5000   45.0000  -37.5000 2606.3435    9.1682
    0.0000   45.0000  -37.5000 2613.3958    9.0979
    7.5000   45.0000  -37.5000 2581.7019    9.2709
   -7.5000   52.5000  -37.5000 2516.4226    9.6626
    0.0000   52.5000  -37.5000 2523.8845    9.5746
    7.5000   52.5000  -37.5000 2498.0820    9.7313
   -7.5000  -37.5000  -30.0000 2120.2847   15.3076
    0.0000  -37.5000  -30.0000 2121.2585   15.3276
    7.5000  -37.5000  -30.0000 2106.1160   15.6225
   -7.5000  -30.0000  -30.0000 2259.1851   13.4565
    0.0000  -30.0000  -30.0000 2257.5203   13.4612
    7.5000  -30.0000  -30.0000 2238.1060   13.7443
   -7.5000  -22.5000  -30.0000 2392.2146   11.9854
    0.0000  -22.5000  -30.0000 2391.1646   11.9950
    7.5000  -22.5000  -30.0000 2365.2725   12.2472
   -7.5000  -15.0000  -30.0000 2510.3098   10.8116
    0.0000  -15.0000  -30.0000 2507.5503   10.8257
    7.5000  -15.0000  -30.0000 2479.5120   11.0573
   -7.5000   -7.5000  -30.0000 2615.4529    9.8864
    0.0000   -7.5000  -30.0000 2613.0464    9.8991
    7.5000   -7.5000  -30.0000 2587.9766   10.1115
   -7.5000    0.0000  -30.0000 2693.7056    9.1894
    0.0000    0.0000  -30.0000 2692.1064    9.1830
    7.5000    0.0000  -30.0000 2666.0850    9.3879
   -7.5000    7.5000  -30.0000 2745.8152    8.6866
    0.0000    7.5000  -30.0000 2744.6726    8.6806
    7.5000    7.5000  -30.0000 2721.9990    8.8729
   -7.5000   15.0000  -30.0000 2784.1287    8.3742
    0.0000   15.0000  -30.0000 2786.5176    8.3484
    7.5000   15.0000  -30.0000 2760.3203    8.5339
   -7.5000   22.5000  -30.0000 2805.1453    8.2510
    0.0000   22.5000  -30.0000 2808.0698    8.2014
    7.5000   22.5000  -30.0000 2777.7141    8.3857
   -7.5000   30.0000  -30.0000 2807.0884    8.3138
    0.0000   30.0000  -30.0000 2810.9429    8.2608
    7.5000   30.0000  -30.0000 2778.9258    8.4445
   -7.5000   37.5000  -30.0000 2789.0476    8.5328
    0.0000   37.5000  -30.0000 2793.4177    8.4742
    7.5000   37.5000  -30.0000 2760.2688    8.6674
   -7.5000   45.0000  -30.0000 2743.2559    8.9089
    0.0000   45.0000  -30.0000 2754.6147    8.8327
    7.5000   45.0000  -30.0000 2722.3691    9.0007
   -7.5000   52.5000  -30.0000 2646.5842    9.3770
    0.0000   52.5000  -30.0000 2658.2458    9.2974
    7.5000   52.5000  -30.0000 2629.8005    9.4432
   -7.5000  -37.5000  -22.5000 2154.7307   15.2315
    0.0000  -37.5000  -22.5000 2159.5752   15.2418
    7.5000  -37.5000  -22.5000 2145.1636   15.6389
   -7.5000  -30.0000  -22.5000 2299.5864   13.3320
    0.0000  -30.0000  -22.5000 2301.8086   13.3436
    7.5000  -30.0000  -22.5000 2281.0012   13.7019
   -7.5000  -22.5000  -22.5000 2435.9106   11.8310
    0.0000  -22.5000  -22.5000 2438.5596   11.8393
    7.5000  -22.5000  -22.5000 2411.2471   12.1621
   -7.5000  -15.0000  -22.5000 2557.1277   10.6320
    0.0000  -15.0000  -22.5000 2553.8501   10.6524
    7.5000  -15.0000  -22.5000 2527.6033   10.9248
   -7.5000   -7.5000  -22.5000 2668.9956    9.6811
    0.0000   -7.5000  -22.5000 2665.2600    9.6944
    7.5000   -7.5000  -22.5000 2641.1506    9.9427
   -7.5000    0.0000  -22.5000 2756.0750    8.9586
    0.0000    0.0000  -22.5000 2755.6567    8.9642
    7.5000    0.0000  -22.5000 2728.5239    9.1787
   -7.5000    7.5000  -22.5000 2813.5649    8.4367
    0.0000    7.5000  -22.5000 2817.1301    8.4356
    7.5000    7.5000  -22.5000 2793.6975    8.6332
   -7.5000   15.0000  -22.5000 2860.4719    8.1079
    0.0000   15.0000  -22.5000 2861.4805    8.0980
    7.5000   15.0000  -22.5000 2836.9534    8.2842
   -7.5000   22.5000  -22.5000 2897.1936    7.9636
    0.0000   22.5000  -22.5000 2902.2229    7.9411
    7.5000   22.5000  -22.5000 2869.3860    8.1151
   -7.5000   30.0000  -22.5000 2905.7061    8.0192
    0.0000   30.0000  -22.5000 2915.0132    7.9909
    7.5000   30.0000  -22.5000 2875.0605    8.1661
   -7.5000   37.5000  -22.5000 2892.9690    8.2155
    0.0000   37.5000  -22.5000 2899.7380    8.1834
    7.5000   37.5000  -22.5000 2859.6660    8.3617
   -7.5000   45.0000  -22.5000 2844.4871    8.5867
    0.0000   45.0000  -22.5000 2856.6072    8.5187
    7.5000   45.0000  -22.5000 2816.7964    8.6792
   -7.5000   52.5000  -22.5000 2743.8394    9.0424
    0.0000   52.5000  -22.5000 2755.4888    8.9776
    7.5000   52.5000  -22.5000 2720.2097    9.1093
   -7.5000  -37.5000  -15.0000 2156.5657   15.3080
    0.0000  -37.5000  -15.0000 2165.9980   15.3123
    7.5000  -37.5000  -15.0000 2152.0002   15.7118
   -7.5000  -30.0000  -15.0000 2306.9260   13.3339
    0.0000  -30.0000  -15.0000 2312.9634   13.3337
    7.5000  -30.0000  -15.0000 2292.2930   13.7194
   -7.5000  -22.5000  -15.0000 2444.6438   11.7460
    0.0000  -22.5000  -15.0000 2447.3315   11.7590
    7.5000  -22.5000  -15.0000 2423.6455   12.0969
   -7.5000  -15.0000  -15.0000 2562.8320   10.4947
    0.0000  -15.0000  -15.0000 2561.4351   10.5164
    7.5000  -15.0000  -15.0000 2539.8958   10.8163
   -7.5000   -7.5000  -15.0000 2674.0190    9.5185
    0.0000   -7.5000  -15.0000 2676.4771    9.5363
    7.5000   -7.5000  -15.0000 2653.6338    9.7982
   -7.5000    0.0000  -15.0000 2765.0991    8.7581
    0.0000    0.0000  -15.0000 2773.0317    8.7694
    7.5000    0.0000  -15.0000 2747.8176    9.0078
   -7.5000    7.5000  -15.0000 2837.6145    8.2384
    0.0000    7.5000  -15.0000 2847.7512    8.2360
    7.5000    7.5000  -15.0000 2824.9436    8.4495
   -7.5000   15.0000  -15.0000 2895.2190    7.9164
    0.0000   15.0000  -15.0000 2900.0654    7.9011
    7.5000   15.0000  -15.0000 2877.4495    8.0954
   -7.5000   22.5000  -15.0000 2952.7793    7.7790
    0.0000   22.5000  -15.0000 2958.8982    7.7624
    7.5000   22.5000  -15.0000 2927.0466    7.9113
   -7.5000   30.0000  -15.0000 2973.6450    7.8118
    0.0000   30.0000  -15.0000 2983.6182    7.7948
    7.5000   30.0000  -15.0000 2941.2024    7.9286
   -7.5000   37.5000  -15.0000 2960.1584    7.9591
    0.0000   37.5000  -15.0000 2970.4839    7.9292
    7.5000   37.5000  -15.0000 2924.2886    8.0791
   -7.5000   45.0000  -15.0000 2905.4734    8.3167
    0.0000   45.0000  -15.0000 2915.8862    8.2457
    7.5000   45.0000  -15.0000 2876.5063    8.3816
   -7.5000   52.5000  -15.0000 2802.1323    8.7597
    0.0000   52.5000  -15.0000 2813.6516    8.6785
    7.5000   52.5000  -15.0000 2778.0645    8.8018
   -7.5000  -37.5000   -7.5000 2140.6238   15.4566
    0.0000  -37.5000   -7.5000 2153.5100   15.4227
    7.5000  -37.5000   -7.5000 2138.2881   15.8260
   -7.5000  -30.0000   -7.5000 2292.6604   13.4290
    0.0000  -30.0000   -7.5000 2303.1814   13.4052
    7.5000  -30.0000   -7.5000 2285.7693   13.7560
   -7.5000  -22.5000   -7.5000 2428.4692   11.8021
    0.0000  -22.5000   -7.5000 2433.5576   11.7757
    7.5000  -22.5000   -7.5000 2417.3289   12.1089
   -7.5000  -15.0000   -7.5000 2545.1875   10.5164
    0.0000  -15.0000   -7.5000 2547.7727   10.5089
    7.5000  -15.0000   -7.5000 2536.4104   10.8090
   -7.5000   -7.5000   -7.5000 2655.1455    9.5148
    0.0000   -7.5000   -7.5000 2661.8740    9.5021
    7.5000   -7.5000   -7.5000 2651.7820    9.7660
   -7.5000    0.0000   -7.5000 2750.5005    8.7498
    0.0000    0.0000   -7.5000 2761.9949    8.7285
    7.5000    0.0000   -7.5000 2753.4519    8.9524
   -7.5000    7.5000   -7.5000 2838.0493    8.2077
    0.0000    7.5000   -7.5000 2849.5110    8.1693
    7.5000    7.5000   -7.5000 2837.1577    8.3598
   -7.5000   15.0000   -7.5000 2915.4326    7.8546
    0.0000   15.0000   -7.5000 2918.8000    7.7942
    7.5000   15.0000   -7.5000 2899.2996    7.9556
   -7.5000   22.5000   -7.5000 2981.6919    7.7221
    0.0000   22.5000   -7.5000 2991.4346    7.6462
    7.5000   22.5000   -7.5000 2958.9651    7.7461
   -7.5000   30.0000   -7.5000 3011.2698    7.7730
    0.0000   30.0000   -7.5000 3029.1609    7.7106
    7.5000   30.0000   -7.5000 2984.2307    7.7607
   -7.5000   37.5000   -7.5000 2998.6997    7.8295
    0.0000   37.5000   -7.5000 3014.7676    7.7634
    7.5000   37.5000   -7.5000 2966.4160    7.8780
   -7.5000   45.0000   -7.5000 2940.2051    8.0829
    0.0000   45.0000   -7.5000 2952.4177    8.0021
    7.5000   45.0000   -7.5000 2919.0874    8.1456
   -7.5000   52.5000   -7.5000 2824.4678    8.5397
    0.0000   52.5000   -7.5000 2840.1208    8.4484
    7.5000   52.5000   -7.5000 2811.6304    8.5974
   -7.5000  -37.5000    0.0000 2114.0059   15.8470
    0.0000  -37.5000    0.0000 2129.5029   15.7507
    7.5000  -37.5000    0.0000 2116.0061   16.0999
   -7.5000  -30.0000    0.0000 2272.4749   13.7228
    0.0000  -30.0000    0.0000 2282.6990   13.6569
    7.5000  -30.0000    0.0000 2272.8499   13.9667
   -7.5000  -22.5000    0.0000 2408.2327   12.0322
    0.0000  -22.5000    0.0000 2414.4224   11.9947
    7.5000  -22.5000    0.0000 2407.5430   12.2567
   -7.5000  -15.0000    0.0000 2525.1521   10.7481
    0.0000  -15.0000    0.0000 2532.5803   10.7221
    7.5000  -15.0000    0.0000 2525.2241   10.9354
   -7.5000   -7.5000    0.0000 2636.8599    9.7453
    0.0000   -7.5000    0.0000 2643.5818    9.7216
    7.5000   -7.5000    0.0000 2638.7556    9.8899
   -7.5000    0.0000    0.0000 2734.4348    8.9716
    0.0000    0.0000    0.0000 2744.0598    8.9212
    7.5000    0.0000    0.0000 2736.1042    9.0589
   -7.5000    7.5000    0.0000 2828.1262    8.3578
    0.0000    7.5000    0.0000 2836.8811    8.2987
    7.5000    7.5000    0.0000 2826.4966    8.4151
   -7.5000   15.0000    0.0000 2914.7214    7.9171
    0.0000   15.0000    0.0000 2919.3196    7.8513
    7.5000   15.0000    0.0000 2900.3147    7.9676
   -7.5000   22.5000    0.0000 2989.6980    7.7036
    0.0000   22.5000    0.0000 3001.6670    7.6363
    7.5000   22.5000    0.0000 2970.4180    7.7398
   -7.5000   30.0000    0.0000 3017.0881    7.7496
    0.0000   30.0000    0.0000 3045.5176    7.6940
    7.5000   30.0000    0.0000 3001.2319    7.7586
   -7.5000   37.5000    0.0000 2995.8572    7.8345
    0.0000   37.5000    0.0000 3019.1333    7.7758
    7.5000   37.5000    0.0000 2982.9751    7.8634
   -7.5000   45.0000    0.0000 2940.2561    8.0596
    0.0000   45.0000    0.0000 2961.1003    7.9885
    7.5000   45.0000    0.0000 2932.1790    8.1156
   -7.5000   52.5000    0.0000 2826.6958    8.4772
    0.0000   52.5000    0.0000 2845.2842    8.4073
    7.5000   52.5000    0.0000 2822.1179    8.5447
   -7.5000  -37.5000    7.5000 2083.6384   16.4937
    0.0000  -37.5000    7.5000 2097.5012   16.4623
    7.5000  -37.5000    7.5000 2083.1296   16.7395
   -7.5000  -30.0000    7.5000 2246.3186   14.2489
    0.0000  -30.0000    7.5000 2255.6987   14.2308
    7.5000  -30.0000    7.5000 2242.7097   14.4675
   -7.5000  -22.5000    7.5000 2385.7856   12.4702
    0.0000  -22.5000    7.5000 2392.8530   12.4522
    7.5000  -22.5000    7.5000 2381.3870   12.6278
   -7.5000  -15.0000    7.5000 2505.3750   11.1410
    0.0000  -15.0000    7.5000 2512.8633   11.0798
    7.5000  -15.0000    7.5000 2501.8374   11.2396
   -7.5000   -7.5000    7.5000 2620.1440   10.0554
    0.0000   -7.5000    7.5000 2628.2334   10.0013
    7.5000   -7.5000    7.5000 2617.8140   10.1588
   -7.5000    0.0000    7.5000 2722.1462    9.2052
    0.0000    0.0000    7.5000 2729.1230    9.1293
    7.5000    0.0000    7.5000 2715.7112    9.2747
   -7.5000    7.5000    7.5000 2816.2527    8.5340
    0.0000    7.5000    7.5000 2825.1006    8.4574
    7.5000    7.5000    7.5000 2812.1484    8.5770
   -7.5000   15.0000    7.5000 2902.5701    8.0473
    0.0000   15.0000    7.5000 2913.8909    7.9693
    7.5000   15.0000    7.5000 2900.4038    8.0913
   -7.5000   22.5000    7.5000 2976.5159    7.8056
    0.0000   22.5000    7.5000 2995.5276    7.7508
    7.5000   22.5000    7.5000 2973.4189    7.8741
   -7.5000   30.0000    7.5000 2998.8987    7.7886
    0.0000   30.0000    7.5000 3034.6711    7.7609
    7.5000   30.0000    7.5000 2999.7026    7.9108
   -7.5000   37.5000    7.5000 2982.3308    7.9070
    0.0000   37.5000    7.5000 3006.2830    7.8639
    7.5000   37.5000    7.5000 2978.6685    8.0364
   -7.5000   45.0000    7.5000 2920.5767    8.1990
    0.0000   45.0000    7.5000 2948.7561    8.1274
    7.5000   45.0000    7.5000 2926.5137    8.2839
   -7.5000   52.5000    7.5000 2810.3220    8.6109
    0.0000   52.5000    7.5000 2834.9036    8.5443
    7.5000   52.5000    7.5000 2817.0244    8.6910
   -7.5000  -37.5000   15.0000 2041.5120   17.2649
    0.0000  -37.5000   15.0000 2052.2554   17.2200
    7.5000  -37.5000   15.0000 2036.5431   17.5032
   -7.5000  -30.0000   15.0000 2208.2734   14.8181
    0.0000  -30.0000   15.0000 2215.0205   14.8022
    7.5000  -30.0000   15.0000 2197.0920   15.0350
   -7.5000  -22.5000   15.0000 2354.7349   12.9644
    0.0000  -22.5000   15.0000 2358.1528   12.9042
    7.5000  -22.5000   15.0000 2342.5212   13.0872
   -7.5000  -15.0000   15.0000 2479.6140   11.5321
    0.0000  -15.0000   15.0000 2483.6829   11.4532
    7.5000  -15.0000   15.0000 2470.3887   11.6279
   -7.5000   -7.5000   15.0000 2595.2070   10.3953
    0.0000   -7.5000   15.0000 2600.7717   10.3206
    7.5000   -7.5000   15.0000 2588.5540   10.4786
   -7.5000    0.0000   15.0000 2701.1282    9.4942
    0.0000    0.0000   15.0000 2705.8806    9.3973
    7.5000    0.0000   15.0000 2694.7349    9.5539
   -7.5000    7.5000   15.0000 2796.2310    8.7828
    0.0000    7.5000   15.0000 2806.1448    8.6632
    7.5000    7.5000   15.0000 2793.4517    8.8322
   -7.5000   15.0000   15.0000 2881.2026    8.2938
    0.0000   15.0000   15.0000 2899.3477    8.1764
    7.5000   15.0000   15.0000 2885.3171    8.3410
   -7.5000   22.5000   15.0000 2944.9609    8.0630
    0.0000   22.5000   15.0000 2970.7278    7.9912
    7.5000   22.5000   15.0000 2955.4583    8.1370
   -7.5000   30.0000   15.0000 2958.7390    8.0631
    0.0000   30.0000   15.0000 2997.0623    7.9677
    7.5000   30.0000   15.0000 2973.4167    8.1471
   -7.5000   37.5000   15.0000 2937.1367    8.1966
    0.0000   37.5000   15.0000 2966.1084    8.0877
    7.5000   37.5000   15.0000 2947.9854    8.2700
   -7.5000   45.0000   15.0000 2881.9321    8.4740
    0.0000   45.0000   15.0000 2907.2588    8.3816
    7.5000   45.0000   15.0000 2890.5081    8.5599
   -7.5000   52.5000   15.0000 2773.2939    8.8641
    0.0000   52.5000   15.0000 2794.1929    8.7884
    7.5000   52.5000   15.0000 2784.1672    8.9405
   -7.5000  -37.5000   22.5000 1994.7460   18.1122
    0.0000  -37.5000   22.5000 2003.7119   18.0412
    7.5000  -37.5000   22.5000 1993.8927   18.3554
   -7.5000  -30.0000   22.5000 2161.5769   15.4897
    0.0000  -30.0000   22.5000 2169.9387   15.4288
    7.5000  -30.0000   22.5000 2154.0093   15.6557
   -7.5000  -22.5000   22.5000 2315.4360   13.4860
    0.0000  -22.5000   22.5000 2320.4524   13.3738
    7.5000  -22.5000   22.5000 2302.5100   13.5988
   -7.5000  -15.0000   22.5000 2442.6440   11.9726
    0.0000  -15.0000   22.5000 2454.1924   11.8548
    7.5000  -15.0000   22.5000 2435.6106   12.0676
   -7.5000   -7.5000   22.5000 2560.7217   10.7996
    0.0000   -7.5000   22.5000 2572.7568   10.6718
    7.5000   -7.5000   22.5000 2557.3140   10.8647
   -7.5000    0.0000   22.5000 2667.3223    9.8603
    0.0000    0.0000   22.5000 2680.7427    9.7138
    7.5000    0.0000   22.5000 2666.5493    9.9035
   -7.5000    7.5000   22.5000 2764.4700    9.1473
    0.0000    7.5000   22.5000 2781.0151    8.9970
    7.5000    7.5000   22.5000 2770.3328    9.1686
   -7.5000   15.0000   22.5000 2850.1819    8.6659
    0.0000   15.0000   22.5000 2872.7295    8.5405
    7.5000   15.0000   22.5000 2861.6194    8.6955
   -7.5000   22.5000   22.5000 2902.9458    8.4557
    0.0000   22.5000   22.5000 2931.4800    8.3571
    7.5000   22.5000   22.5000 2920.9136    8.4958
   -7.5000   30.0000   22.5000 2908.6050    8.4429
    0.0000   30.0000   22.5000 2940.4114    8.3025
    7.5000   30.0000   22.5000 2925.7017    8.4604
   -7.5000   37.5000   22.5000 2885.9358    8.5780
    0.0000   37.5000   22.5000 2912.4221    8.4600
    7.5000   37.5000   22.5000 2901.3359    8.6302
   -7.5000   45.0000   22.5000 2826.6094    8.8740
    0.0000   45.0000   22.5000 2848.3589    8.7749
    7.5000   45.0000   22.5000 2836.5605    8.9401
   -7.5000   52.5000   22.5000 2721.2271    9.2619
    0.0000   52.5000   22.5000 2736.6218    9.1607
    7.5000   52.5000   22.5000 2730.0474    9.3074
   -7.5000  -37.5000   30.0000 1947.7357   19.1338
    0.0000  -37.5000   30.0000 1957.4711   19.0128
    7.5000  -37.5000   30.0000 1946.4316   19.3320
   -7.5000  -30.0000   30.0000 2113.5439   16.2720
    0.0000  -30.0000   30.0000 2128.1172   16.1634
    7.5000  -30.0000   30.0000 2111.9553   16.4085
   -7.5000  -22.5000   30.0000 2266.1846   14.1153
    0.0000  -22.5000   30.0000 2277.7622   13.9790
    7.5000  -22.5000   30.0000 2264.0840   14.2103
   -7.5000  -15.0000   30.0000 2395.7161   12.5172
    0.0000  -15.0000   30.0000 2410.8062   12.3793
    7.5000  -15.0000   30.0000 2396.7605   12.5704
   -7.5000   -7.5000   30.0000 2516.2144   11.3012
    0.0000   -7.5000   30.0000 2530.2576   11.1446
    7.5000   -7.5000   30.0000 2518.4355   11.3445
   -7.5000    0.0000   30.0000 2623.7659   10.3422
    0.0000    0.0000   30.0000 2643.9104   10.1898
    7.5000    0.0000   30.0000 2630.8508   10.3696
   -7.5000    7.5000   30.0000 2719.5908    9.6261
    0.0000    7.5000   30.0000 2744.2449    9.4800
    7.5000    7.5000   30.0000 2731.1360    9.6452
   -7.5000   15.0000   30.0000 2797.1238    9.1591
    0.0000   15.0000   30.0000 2826.2578    9.0450
    7.5000   15.0000   30.0000 2815.1045    9.1910
   -7.5000   22.5000   30.0000 2844.6084    8.9524
    0.0000   22.5000   30.0000 2877.8093    8.8268
    7.5000   22.5000   30.0000 2869.8215    8.9475
   -7.5000   30.0000   30.0000 2846.3328    8.9231
    0.0000   30.0000   30.0000 2876.9663    8.7771
    7.5000   30.0000   30.0000 2865.8118    8.9242
   -7.5000   37.5000   30.0000 2819.4119    9.0541
    0.0000   37.5000   30.0000 2844.8826    8.9433
    7.5000   37.5000   30.0000 2836.3389    9.0897
   -7.5000   45.0000   30.0000 2756.9336    9.3658
    0.0000   45.0000   30.0000 2775.6216    9.2569
    7.5000   45.0000   30.0000 2767.2134    9.3944
   -7.5000   52.5000   30.0000 2653.7136    9.7430
    0.0000   52.5000   30.0000 2665.7676    9.6406
    7.5000   52.5000   30.0000 2658.3279    9.7783
   -7.5000  -37.5000   37.5000 1900.0144   20.2858
    0.0000  -37.5000   37.5000 1908.2423   20.1274
    7.5000  -37.5000   37.5000 1900.6130   20.4590
   -7.5000  -30.0000   37.5000 2065.5928   17.1881
    0.0000  -30.0000   37.5000 2079.0972   17.0536
    7.5000  -30.0000   37.5000 2066.4866   17.2987
   -7.5000  -22.5000   37.5000 2220.0422   14.8868
    0.0000  -22.5000   37.5000 2233.1299   14.7412
    7.5000  -22.5000   37.5000 2219.0718   14.9524
   -7.5000  -15.0000   37.5000 2349.6404   13.1942
    0.0000  -15.0000   37.5000 2365.9998   13.0403
    7.5000  -15.0000   37.5000 2353.6509   13.2493
   -7.5000   -7.5000   37.5000 2467.9087   11.9395
    0.0000   -7.5000   37.5000 2485.8042   11.7633
    7.5000   -7.5000   37.5000 2474.7407   11.9596
   -7.5000    0.0000   37.5000 2573.5791   10.9622
    0.0000    0.0000   37.5000 2598.3193   10.7999
    7.5000    0.0000   37.5000 2585.9497   10.9733
   -7.5000    7.5000   37.5000 2664.6921   10.2509
    0.0000    7.5000   37.5000 2695.6392   10.1024
    7.5000    7.5000   37.5000 2679.7166   10.2608
   -7.5000   15.0000   37.5000 2732.4102    9.7902
    0.0000   15.0000   37.5000 2765.1431    9.6477
    7.5000   15.0000   37.5000 2750.4907    9.7952
   -7.5000   22.5000   37.5000 2770.2888    9.5665
    0.0000   22.5000   37.5000 2804.2947    9.4210
    7.5000   22.5000   37.5000 2797.8118    9.5538
   -7.5000   30.0000   37.5000 2775.6885    9.5010
    0.0000   30.0000   37.5000 2802.6143    9.3626
    7.5000   30.0000   37.5000 2792.5037    9.4995
   -7.5000   37.5000   37.5000 2746.1487    9.6518
    0.0000   37.5000   37.5000 2769.2598    9.5281
    7.5000   37.5000   37.5000 2763.5361    9.6634
   -7.5000   45.0000   37.5000 2686.4341    9.9529
    0.0000   45.0000   37.5000 2702.6726    9.8451
    7.5000   45.0000   37.5000 2698.2791    9.9679
   -7.5000   52.5000   37.5000 2582.4399   10.3221
    0.0000   52.5000   37.5000 2595.3584   10.2175
    7.5000   52.5000   37.5000 2586.4946   10.3321
   -7.5000  -37.5000   45.0000 1850.8462   21.6478
    0.0000  -37.5000   45.0000 1859.6086   21.5189
    7.5000  -37.5000   45.0000 1849.7648   21.8383
   -7.5000  -30.0000   45.0000 2018.5197   18.3266
    0.0000  -30.0000   45.0000 2029.5789   18.1432
    7.5000  -30.0000   45.0000 2015.0144   18.4074
   -7.5000  -22.5000   45.0000 2169.5469   15.8785
    0.0000  -22.5000   45.0000 2181.3340   15.6985
    7.5000  -22.5000   45.0000 2167.8438   15.9287
   -7.5000  -15.0000   45.0000 2298.8450   14.0919
    0.0000  -15.0000   45.0000 2312.9504   13.8997
    7.5000  -15.0000   45.0000 2300.0620   14.1066
   -7.5000   -7.5000   45.0000 2410.4214   12.7465
    0.0000   -7.5000   45.0000 2432.1736   12.5611
    7.5000   -7.5000   45.0000 2421.8083   12.7480
   -7.5000    0.0000   45.0000 2511.8843   11.7294
    0.0000    0.0000   45.0000 2538.2893   11.5788
    7.5000    0.0000   45.0000 2527.6665   11.7473
   -7.5000    7.5000   45.0000 2599.1538   11.0080
    0.0000    7.5000   45.0000 2629.1028   10.8598
    7.5000    7.5000   45.0000 2617.5393   11.0158
   -7.5000   15.0000   45.0000 2654.1982   10.5451
    0.0000   15.0000   45.0000 2686.2336   10.4033
    7.5000   15.0000   45.0000 2675.3066   10.5474
   -7.5000   22.5000   45.0000 2684.0044   10.3042
    0.0000   22.5000   45.0000 2714.9763   10.1692
    7.5000   22.5000   45.0000 2709.0476   10.2946
   -7.5000   30.0000   45.0000 2688.9939   10.2204
    0.0000   30.0000   45.0000 2710.2654   10.0936
    7.5000   30.0000   45.0000 2702.8010   10.2138
   -7.5000   37.5000   45.0000 2656.5454   10.3758
    0.0000   37.5000   45.0000 2680.5808   10.2361
    7.5000   37.5000   45.0000 2673.0222   10.3569
   -7.5000   45.0000   45.0000 2602.2310   10.6476
    0.0000   45.0000   45.0000 2620.8008   10.5259
    7.5000   45.0000   45.0000 2614.8425   10.6337
   -7.5000   52.5000   45.0000 2499.0286   11.0160
    0.0000   52.5000   45.0000 2516.6223   10.8993
    7.5000   52.5000   45.0000 2509.6611   10.9993

---------------------------------------------------------------------
imgreg_4dfp /opt/freesurfer/average/711-2C_as_mni_average_305 /opt/freesurfer/average/711-2B_as_mni_average_305_mask talsrcimg_g11 none talsrcimg_to_711-2C_as_mni_average_305_t4 1283
---------------------------------------------------------------------

freesurfer imgreg_4dfp.c
/opt/freesurfer/average/711-2C_as_mni_average_305.4dfp.img
       256       256       256         1
  1.000000  1.000000  1.000000
orientation T byte_order littleendian
Reading image: /opt/freesurfer/average/711-2C_as_mni_average_305.4dfp.img
dimensions:      256       256       256
mmppix:       1.0000   -1.0000   -1.0000
center:     128.0000 -129.0000 -129.0000
/opt/freesurfer/average/711-2B_as_mni_average_305_mask.4dfp.img
       256       256       256         1
  1.000000  1.000000  1.000000
orientation T byte_order littleendian
Reading mask: /opt/freesurfer/average/711-2B_as_mni_average_305_mask.4dfp.img (2306576 pixels)
talsrcimg_g11.4dfp.img
       256       256       256         1
  1.000000  1.000000  1.000000
orientation T byte_order littleendian
Reading image: talsrcimg_g11.4dfp.img
dimensions:      256       256       256
mmppix:       1.0000   -1.0000   -1.0000
center:     128.0000 -129.0000 -129.0000
rotation matrix determinant  1.000000
fimgreg.f
image alignment mode   1283 decimal      503 hex
parameters
    0.0000   30.0000    0.0000    0.0000    0.0000    0.0000
eta,q 0.95522  7.69996
niter,ni,del,rscale     5    3   12.0000    1.2000
parameter  5  0.880791 ->  0.500000 qaram    1.1500
parameters
   -0.8042   30.7952    2.4452   -2.9155   -3.4500   -2.2916
eta,q 0.95987  7.66485
  0.0535  0.0552  0.0500  0.0444  0.0417  0.0420
  0.0488  0.0505  0.0478  0.0441  0.0407  0.0406
  0.0463  0.0475  0.0468  0.0441  0.0417  0.0401
  0.0461  0.0459  0.0457  0.0444  0.0441  0.0408
  0.0478  0.0462  0.0447  0.0455  0.0467  0.0426
  0.0527  0.0481  0.0446  0.0476  0.0499  0.0453
  0.0589  0.0513  0.0463  0.0503  0.0532  0.0480
niter,ni,del,rscale     5    3   12.0000    1.2000
parameters
    0.2688   31.9272    0.5780   -5.1902   -4.5710   -2.1553
eta,q 0.96304  7.66992
  0.0571  0.0499  0.0414  0.0397  0.0438  0.0424
  0.0496  0.0449  0.0394  0.0379  0.0394  0.0398
  0.0436  0.0414  0.0384  0.0376  0.0371  0.0378
  0.0401  0.0395  0.0390  0.0384  0.0376  0.0370
  0.0398  0.0390  0.0411  0.0402  0.0404  0.0373
  0.0430  0.0406  0.0447  0.0425  0.0437  0.0392
  0.0487  0.0444  0.0484  0.0452  0.0481  0.0422
niter,ni,del,rscale     4    3   12.0000    1.2000
parameters
    0.4941   32.6199   -0.6259   -6.3345   -4.8451   -2.2118
eta,q 0.96306  7.67321
  0.0528  0.0476  0.0405  0.0397  0.0455  0.0420
  0.0455  0.0423  0.0386  0.0385  0.0408  0.0394
  0.0399  0.0386  0.0371  0.0374  0.0378  0.0376
  0.0370  0.0369  0.0369  0.0368  0.0370  0.0369
  0.0388  0.0376  0.0386  0.0379  0.0390  0.0375
  0.0441  0.0400  0.0416  0.0406  0.0423  0.0395
  0.0507  0.0433  0.0457  0.0437  0.0462  0.0423
niter,ni,del,rscale     3    3   12.0000    1.2000
parameters
    0.4630   33.3853   -1.3873   -7.8085   -4.6753   -2.3216
eta,q 0.96221  7.69211
  0.0516  0.0467  0.0415  0.0386  0.0461  0.0420
  0.0445  0.0416  0.0391  0.0380  0.0419  0.0396
  0.0391  0.0378  0.0378  0.0379  0.0393  0.0382
  0.0369  0.0369  0.0372  0.0373  0.0378  0.0378
  0.0396  0.0379  0.0383  0.0374  0.0387  0.0383
  0.0450  0.0392  0.0410  0.0397  0.0415  0.0399
  0.0516  0.0423  0.0445  0.0431  0.0454  0.0423
niter,ni,del,rscale     2    3   12.0000    1.2000
parameters
    0.3169   34.1583   -2.4539   -9.7091   -4.4666   -2.4424
eta,q 0.96299  7.70526
  0.0508  0.0461  0.0411  0.0383  0.0455  0.0419
  0.0439  0.0407  0.0389  0.0369  0.0416  0.0395
  0.0390  0.0378  0.0379  0.0370  0.0384  0.0376
  0.0378  0.0377  0.0377  0.0377  0.0370  0.0370
  0.0406  0.0376  0.0388  0.0379  0.0380  0.0378
  0.0452  0.0384  0.0415  0.0392  0.0408  0.0397
  0.0514  0.0422  0.0449  0.0421  0.0447  0.0423
niter,ni,del,rscale     1    3   12.0000    1.2000
parameters
    0.2341   34.8699   -3.3825  -10.5877   -4.4593   -2.5408
eta,q 0.96363  7.72180
  0.0501  0.0461  0.0403  0.0393  0.0447  0.0417
  0.0429  0.0413  0.0375  0.0372  0.0407  0.0390
  0.0382  0.0387  0.0368  0.0362  0.0374  0.0370
  0.0370  0.0370  0.0368  0.0367  0.0364  0.0364
  0.0395  0.0369  0.0377  0.0379  0.0377  0.0372
  0.0440  0.0389  0.0400  0.0388  0.0406  0.0392
  0.0500  0.0428  0.0431  0.0408  0.0445  0.0421
registration optimization eta report
parameter search radius
    6.0000    6.0000    6.0000    6.0000    6.9000    6.0000
100000*second partial in parameter space
       36.       21.       14.        9.       17.       15.
  0.0501  0.0461  0.0403  0.0393  0.0447  0.0417
  0.0429  0.0413  0.0375  0.0372  0.0407  0.0390
  0.0382  0.0387  0.0368  0.0362  0.0374  0.0370
  0.0370  0.0370  0.0368  0.0367  0.0364  0.0364
  0.0395  0.0369  0.0377  0.0379  0.0377  0.0372
  0.0440  0.0389  0.0400  0.0388  0.0406  0.0392
  0.0500  0.0428  0.0431  0.0408  0.0445  0.0421
    0.2341   34.8699   -3.3825  -10.5877   -4.4593   -2.5408
eta,q 0.96363  7.72180

---------------------------------------------------------------------
imgreg_4dfp /opt/freesurfer/average/711-2C_as_mni_average_305 /opt/freesurfer/average/711-2B_as_mni_average_305_mask talsrcimg_g11 none talsrcimg_to_711-2C_as_mni_average_305_t4 3335
---------------------------------------------------------------------

freesurfer imgreg_4dfp.c
/opt/freesurfer/average/711-2C_as_mni_average_305.4dfp.img
       256       256       256         1
  1.000000  1.000000  1.000000
orientation T byte_order littleendian
Reading image: /opt/freesurfer/average/711-2C_as_mni_average_305.4dfp.img
dimensions:      256       256       256
mmppix:       1.0000   -1.0000   -1.0000
center:     128.0000 -129.0000 -129.0000
/opt/freesurfer/average/711-2B_as_mni_average_305_mask.4dfp.img
       256       256       256         1
  1.000000  1.000000  1.000000
orientation T byte_order littleendian
Reading mask: /opt/freesurfer/average/711-2B_as_mni_average_305_mask.4dfp.img (2306576 pixels)
talsrcimg_g11.4dfp.img
       256       256       256         1
  1.000000  1.000000  1.000000
orientation T byte_order littleendian
Reading image: talsrcimg_g11.4dfp.img
dimensions:      256       256       256
mmppix:       1.0000   -1.0000   -1.0000
center:     128.0000 -129.0000 -129.0000
fimgreg.f
image alignment mode   3335 decimal      D07 hex
parameters
    0.2341   34.8699   -3.3825   -0.4007   -1.7358   -2.0001
    2.9303    8.4497   -4.4196   18.0171   -7.7751  -18.3184
eta,q 0.96395  7.75708
niter,ni,del,rscale     5    3    5.0000    1.2000
parameter  5  0.831851 ->  0.500000 qaram    1.1500
parameter 12 -0.510460 -> -0.500000 qaram    1.1500
parameters
   -0.0230   35.4464   -3.8781   -2.5174   -5.8758   -1.7845
    4.6848    9.2612   -1.7992   18.3356   -7.1732  -14.1784
eta,q 0.96597  7.47797
  0.0377  0.0382  0.0364  0.0366  0.0345  0.0358  0.0365  0.0376  0.0367  0.0369  0.0352  0.0356
  0.0367  0.0371  0.0361  0.0363  0.0345  0.0353  0.0356  0.0362  0.0358  0.0358  0.0347  0.0350
  0.0361  0.0364  0.0359  0.0360  0.0351  0.0351  0.0350  0.0351  0.0350  0.0348  0.0343  0.0346
  0.0360  0.0360  0.0359  0.0359  0.0359  0.0346  0.0346  0.0345  0.0345  0.0343  0.0342  0.0343
  0.0364  0.0359  0.0362  0.0363  0.0371  0.0344  0.0345  0.0346  0.0343  0.0344  0.0343  0.0341
  0.0373  0.0362  0.0366  0.0375  0.0388  0.0348  0.0348  0.0353  0.0344  0.0352  0.0346  0.0341
  0.0385  0.0368  0.0371  0.0395  0.0413  0.0361  0.0353  0.0366  0.0349  0.0367  0.0349  0.0343
niter,ni,del,rscale     6    3    5.0000    1.2000
parameters
   -0.0703   35.3820   -3.7387   -3.6929   -9.4953   -1.9936
    3.3813    9.3445   -2.3507   18.4372   -4.3779  -10.8647
eta,q 0.96645  7.23056
  0.0358  0.0356  0.0351  0.0347  0.0344  0.0348  0.0347  0.0364  0.0351  0.0360  0.0348  0.0352
  0.0348  0.0347  0.0345  0.0345  0.0340  0.0345  0.0341  0.0350  0.0343  0.0349  0.0343  0.0346
  0.0342  0.0342  0.0342  0.0343  0.0338  0.0344  0.0338  0.0341  0.0339  0.0341  0.0340  0.0341
  0.0340  0.0340  0.0340  0.0340  0.0341  0.0338  0.0339  0.0338  0.0338  0.0338  0.0338  0.0337
  0.0343  0.0343  0.0341  0.0341  0.0351  0.0336  0.0342  0.0341  0.0341  0.0339  0.0337  0.0336
  0.0349  0.0349  0.0344  0.0347  0.0367  0.0341  0.0348  0.0349  0.0346  0.0347  0.0338  0.0336
  0.0359  0.0358  0.0348  0.0361  0.0387  0.0356  0.0356  0.0363  0.0355  0.0360  0.0339  0.0339
niter,ni,del,rscale     5    3    5.0000    1.2000
parameters
    0.0248   35.2598   -3.6032   -4.6937  -11.0664   -2.4813
    2.8975    9.5284   -3.1948   18.1817   -2.7347   -9.5531
eta,q 0.96642  7.09469
  0.0353  0.0349  0.0344  0.0341  0.0348  0.0345  0.0350  0.0363  0.0349  0.0355  0.0345  0.0349
  0.0344  0.0341  0.0339  0.0337  0.0341  0.0342  0.0342  0.0349  0.0341  0.0345  0.0341  0.0343
  0.0338  0.0336  0.0336  0.0336  0.0336  0.0340  0.0338  0.0340  0.0337  0.0339  0.0338  0.0338
  0.0335  0.0335  0.0335  0.0335  0.0336  0.0336  0.0337  0.0337  0.0337  0.0336  0.0336  0.0336
  0.0337  0.0338  0.0336  0.0335  0.0340  0.0335  0.0339  0.0339  0.0340  0.0339  0.0336  0.0336
  0.0342  0.0343  0.0339  0.0339  0.0350  0.0339  0.0346  0.0347  0.0347  0.0347  0.0337  0.0339
  0.0351  0.0352  0.0342  0.0348  0.0367  0.0354  0.0354  0.0361  0.0356  0.0359  0.0340  0.0343
niter,ni,del,rscale     4    3    5.0000    1.2000
parameters
    0.1897   35.2402   -3.8850   -4.2210  -11.2946   -2.9451
    3.0138    9.4789   -3.5866   17.9415   -2.4314   -8.9903
eta,q 0.96640  7.08968
  0.0353  0.0350  0.0341  0.0345  0.0352  0.0345  0.0353  0.0361  0.0351  0.0355  0.0343  0.0347
  0.0344  0.0342  0.0337  0.0338  0.0344  0.0342  0.0344  0.0348  0.0342  0.0345  0.0339  0.0341
  0.0338  0.0337  0.0335  0.0336  0.0338  0.0339  0.0338  0.0339  0.0337  0.0338  0.0337  0.0338
  0.0336  0.0336  0.0336  0.0335  0.0335  0.0335  0.0336  0.0336  0.0336  0.0336  0.0336  0.0336
  0.0336  0.0338  0.0337  0.0334  0.0337  0.0334  0.0338  0.0339  0.0339  0.0339  0.0337  0.0337
  0.0341  0.0343  0.0340  0.0336  0.0343  0.0339  0.0343  0.0348  0.0345  0.0346  0.0339  0.0340
  0.0349  0.0350  0.0344  0.0343  0.0357  0.0354  0.0352  0.0362  0.0354  0.0358  0.0342  0.0344
niter,ni,del,rscale     3    3    5.0000    1.2000
parameters
    0.1899   35.2742   -4.0085   -4.1850  -11.2593   -3.1370
    3.2091    9.4374   -3.6801   17.8542   -2.3712   -8.8431
eta,q 0.96637  7.08666
  0.0351  0.0351  0.0342  0.0345  0.0354  0.0345  0.0353  0.0362  0.0352  0.0356  0.0343  0.0346
  0.0343  0.0343  0.0338  0.0339  0.0346  0.0342  0.0344  0.0348  0.0344  0.0346  0.0339  0.0341
  0.0338  0.0338  0.0336  0.0337  0.0339  0.0340  0.0338  0.0339  0.0338  0.0339  0.0337  0.0337
  0.0336  0.0336  0.0336  0.0336  0.0336  0.0336  0.0336  0.0336  0.0336  0.0336  0.0336  0.0336
  0.0337  0.0338  0.0337  0.0335  0.0337  0.0334  0.0338  0.0339  0.0338  0.0339  0.0337  0.0337
  0.0343  0.0343  0.0340  0.0338  0.0343  0.0339  0.0343  0.0348  0.0344  0.0346  0.0339  0.0341
  0.0352  0.0350  0.0343  0.0346  0.0356  0.0351  0.0351  0.0362  0.0353  0.0357  0.0342  0.0345
niter,ni,del,rscale     2    3    5.0000    1.2000
parameters
    0.1523   35.2979   -4.0585   -4.1757  -11.2460   -3.2066
    3.3136    9.3820   -3.7010   17.8456   -2.3783   -8.8067
eta,q 0.96636  7.08592
  0.0351  0.0351  0.0343  0.0345  0.0354  0.0345  0.0353  0.0362  0.0353  0.0357  0.0343  0.0346
  0.0343  0.0343  0.0339  0.0339  0.0346  0.0342  0.0344  0.0348  0.0344  0.0346  0.0339  0.0341
  0.0338  0.0338  0.0337  0.0337  0.0339  0.0340  0.0338  0.0340  0.0338  0.0339  0.0337  0.0337
  0.0336  0.0336  0.0336  0.0336  0.0336  0.0336  0.0336  0.0336  0.0336  0.0336  0.0336  0.0336
  0.0338  0.0338  0.0337  0.0335  0.0338  0.0334  0.0338  0.0340  0.0338  0.0339  0.0337  0.0338
  0.0343  0.0343  0.0340  0.0338  0.0343  0.0339  0.0344  0.0349  0.0344  0.0346  0.0339  0.0341
  0.0353  0.0350  0.0342  0.0346  0.0356  0.0350  0.0352  0.0363  0.0353  0.0357  0.0343  0.0346
niter,ni,del,rscale     1    3    5.0000    1.2000
parameters
    0.1203   35.3118   -4.0877   -4.1852  -11.2457   -3.2507
    3.3695    9.3407   -3.6985   17.8543   -2.3900   -8.7899
eta,q 0.96635  7.08464
  0.0352  0.0351  0.0343  0.0345  0.0354  0.0345  0.0353  0.0362  0.0353  0.0357  0.0343  0.0346
  0.0343  0.0343  0.0339  0.0339  0.0346  0.0342  0.0344  0.0348  0.0344  0.0346  0.0339  0.0341
  0.0338  0.0338  0.0337  0.0337  0.0340  0.0340  0.0338  0.0340  0.0338  0.0339  0.0337  0.0337
  0.0336  0.0336  0.0336  0.0336  0.0336  0.0336  0.0337  0.0337  0.0337  0.0337  0.0337  0.0337
  0.0338  0.0338  0.0338  0.0336  0.0338  0.0334  0.0338  0.0340  0.0338  0.0339  0.0337  0.0338
  0.0343  0.0343  0.0340  0.0338  0.0344  0.0339  0.0344  0.0349  0.0344  0.0346  0.0340  0.0341
  0.0353  0.0351  0.0342  0.0346  0.0356  0.0350  0.0352  0.0363  0.0353  0.0357  0.0343  0.0346
registration optimization eta report
parameter search radius
    2.4000    2.4000    2.4000    7.2000    8.2800    7.2000
    7.2000    7.2000    7.2000    7.2000    7.2000    8.2800
100000*second partial in parameter space
       28.       25.       11.        2.        3.        2.
        3.        5.        3.        4.        1.        1.
  0.0352  0.0351  0.0343  0.0345  0.0354  0.0345  0.0353  0.0362  0.0353  0.0357  0.0343  0.0346
  0.0343  0.0343  0.0339  0.0339  0.0346  0.0342  0.0344  0.0348  0.0344  0.0346  0.0339  0.0341
  0.0338  0.0338  0.0337  0.0337  0.0340  0.0340  0.0338  0.0340  0.0338  0.0339  0.0337  0.0337
  0.0336  0.0336  0.0336  0.0336  0.0336  0.0336  0.0337  0.0337  0.0337  0.0337  0.0337  0.0337
  0.0338  0.0338  0.0338  0.0336  0.0338  0.0334  0.0338  0.0340  0.0338  0.0339  0.0337  0.0338
  0.0343  0.0343  0.0340  0.0338  0.0344  0.0339  0.0344  0.0349  0.0344  0.0346  0.0340  0.0341
  0.0353  0.0351  0.0342  0.0346  0.0356  0.0350  0.0352  0.0363  0.0353  0.0357  0.0343  0.0346
    0.1203   35.3118   -4.0877   -4.1852  -11.2457   -3.2507
    3.3695    9.3407   -3.6985   17.8543   -2.3900   -8.7899
eta,q 0.96635  7.08464

---------------------------------------------------------------------
imgreg_4dfp /opt/freesurfer/average/711-2C_as_mni_average_305 /opt/freesurfer/average/711-2B_as_mni_average_305_mask talsrcimg_g11 none talsrcimg_to_711-2C_as_mni_average_305_t4 2311
---------------------------------------------------------------------

freesurfer imgreg_4dfp.c
/opt/freesurfer/average/711-2C_as_mni_average_305.4dfp.img
       256       256       256         1
  1.000000  1.000000  1.000000
orientation T byte_order littleendian
Reading image: /opt/freesurfer/average/711-2C_as_mni_average_305.4dfp.img
dimensions:      256       256       256
mmppix:       1.0000   -1.0000   -1.0000
center:     128.0000 -129.0000 -129.0000
/opt/freesurfer/average/711-2B_as_mni_average_305_mask.4dfp.img
       256       256       256         1
  1.000000  1.000000  1.000000
orientation T byte_order littleendian
Reading mask: /opt/freesurfer/average/711-2B_as_mni_average_305_mask.4dfp.img (2306576 pixels)
talsrcimg_g11.4dfp.img
       256       256       256         1
  1.000000  1.000000  1.000000
orientation T byte_order littleendian
Reading image: talsrcimg_g11.4dfp.img
dimensions:      256       256       256
mmppix:       1.0000   -1.0000   -1.0000
center:     128.0000 -129.0000 -129.0000
fimgreg.f
image alignment mode   2311 decimal      907 hex
parameters
    0.1203   35.3118   -4.0877   -4.1852  -11.2457   -3.2507
    3.3695    9.3407   -3.6985   17.8543   -2.3900   -8.7899
eta,q 0.96635  7.08464
niter,ni,del,rscale     5    3    5.0000    0.8000
parameters
    0.1450   35.2772   -4.2041   -3.5181  -10.7967   -2.2542
    3.1180    9.3675   -3.8017   17.7195   -2.4339   -9.2613
eta,q 0.96657  7.15836
  0.0344  0.0343  0.0339  0.0339  0.0344  0.0342  0.0341  0.0349  0.0342  0.0345  0.0338  0.0337
  0.0340  0.0339  0.0337  0.0338  0.0340  0.0340  0.0337  0.0341  0.0338  0.0339  0.0336  0.0336
  0.0337  0.0337  0.0336  0.0337  0.0337  0.0338  0.0335  0.0336  0.0335  0.0335  0.0335  0.0335
  0.0337  0.0337  0.0336  0.0336  0.0336  0.0336  0.0334  0.0334  0.0334  0.0334  0.0334  0.0334
  0.0337  0.0337  0.0337  0.0336  0.0336  0.0334  0.0335  0.0336  0.0335  0.0336  0.0335  0.0335
  0.0339  0.0340  0.0338  0.0336  0.0338  0.0336  0.0338  0.0341  0.0338  0.0340  0.0336  0.0337
  0.0343  0.0343  0.0339  0.0339  0.0341  0.0340  0.0343  0.0348  0.0342  0.0346  0.0338  0.0339
niter,ni,del,rscale     4    3    5.0000    0.7000
parameters
    0.2033   35.2194   -3.8059   -3.4652  -10.7563   -1.4023
    3.0448    9.4842   -3.8159   17.5900   -2.3285   -9.5235
eta,q 0.96670  7.18499
  0.0341  0.0339  0.0339  0.0336  0.0339  0.0340  0.0339  0.0345  0.0339  0.0342  0.0336  0.0336
  0.0337  0.0336  0.0337  0.0335  0.0336  0.0339  0.0335  0.0338  0.0336  0.0337  0.0334  0.0334
  0.0335  0.0335  0.0335  0.0335  0.0335  0.0337  0.0334  0.0335  0.0334  0.0334  0.0333  0.0333
  0.0334  0.0334  0.0334  0.0334  0.0334  0.0334  0.0333  0.0333  0.0333  0.0333  0.0333  0.0333
  0.0335  0.0335  0.0334  0.0334  0.0335  0.0333  0.0334  0.0334  0.0334  0.0334  0.0333  0.0333
  0.0336  0.0337  0.0335  0.0334  0.0336  0.0335  0.0336  0.0337  0.0336  0.0338  0.0334  0.0335
  0.0340  0.0340  0.0336  0.0337  0.0339  0.0338  0.0339  0.0344  0.0339  0.0343  0.0335  0.0336
niter,ni,del,rscale     3    3    5.0000    0.6000
parameters
    0.3043   35.1014   -3.3850   -2.7580  -10.8631   -0.7359
    2.7980    9.7047   -3.8784   17.3521   -2.1204   -9.6832
eta,q 0.96685  7.22628
  0.0338  0.0336  0.0337  0.0334  0.0336  0.0338  0.0335  0.0341  0.0336  0.0338  0.0334  0.0333
  0.0335  0.0334  0.0335  0.0334  0.0334  0.0337  0.0333  0.0336  0.0333  0.0334  0.0333  0.0332
  0.0334  0.0333  0.0334  0.0333  0.0332  0.0334  0.0332  0.0333  0.0332  0.0332  0.0332  0.0332
  0.0333  0.0333  0.0333  0.0333  0.0332  0.0332  0.0332  0.0332  0.0331  0.0331  0.0331  0.0331
  0.0333  0.0334  0.0333  0.0332  0.0333  0.0332  0.0332  0.0332  0.0332  0.0333  0.0332  0.0332
  0.0334  0.0335  0.0333  0.0332  0.0334  0.0333  0.0334  0.0335  0.0334  0.0335  0.0332  0.0333
  0.0337  0.0338  0.0334  0.0334  0.0336  0.0336  0.0336  0.0339  0.0336  0.0339  0.0333  0.0334
niter,ni,del,rscale     2    3    5.0000    0.5000
parameters
    0.4090   34.9632   -2.9324   -2.3015  -10.8983   -0.0580
    2.5844    9.8834   -3.9428   17.0912   -2.0612   -9.7781
eta,q 0.96698  7.26087
  0.0335  0.0333  0.0335  0.0333  0.0333  0.0337  0.0333  0.0338  0.0333  0.0335  0.0332  0.0332
  0.0333  0.0332  0.0333  0.0333  0.0332  0.0335  0.0331  0.0334  0.0332  0.0332  0.0331  0.0331
  0.0332  0.0331  0.0332  0.0332  0.0331  0.0333  0.0331  0.0332  0.0331  0.0331  0.0330  0.0330
  0.0331  0.0331  0.0331  0.0331  0.0331  0.0331  0.0330  0.0330  0.0330  0.0330  0.0330  0.0330
  0.0332  0.0332  0.0331  0.0331  0.0331  0.0330  0.0331  0.0331  0.0331  0.0331  0.0330  0.0330
  0.0332  0.0333  0.0331  0.0331  0.0332  0.0332  0.0332  0.0333  0.0332  0.0333  0.0331  0.0331
  0.0334  0.0335  0.0332  0.0333  0.0334  0.0334  0.0334  0.0336  0.0334  0.0336  0.0332  0.0332
niter,ni,del,rscale     1    3    5.0000    0.4000
parameters
    0.4734   34.8505   -2.5553   -2.0427  -10.9749    0.4406
    2.4762   10.0068   -3.9426   16.9170   -2.2189   -9.8114
eta,q 0.96704  7.28216
  0.0333  0.0332  0.0333  0.0332  0.0332  0.0335  0.0331  0.0334  0.0332  0.0333  0.0330  0.0331
  0.0332  0.0331  0.0332  0.0331  0.0331  0.0333  0.0330  0.0332  0.0331  0.0331  0.0330  0.0330
  0.0331  0.0330  0.0331  0.0330  0.0330  0.0331  0.0330  0.0330  0.0330  0.0330  0.0330  0.0330
  0.0330  0.0330  0.0330  0.0330  0.0330  0.0330  0.0330  0.0330  0.0330  0.0330  0.0330  0.0330
  0.0330  0.0331  0.0330  0.0330  0.0330  0.0330  0.0330  0.0330  0.0330  0.0330  0.0330  0.0330
  0.0331  0.0331  0.0330  0.0330  0.0331  0.0331  0.0331  0.0331  0.0331  0.0332  0.0330  0.0330
  0.0332  0.0333  0.0330  0.0332  0.0332  0.0332  0.0332  0.0334  0.0332  0.0333  0.0331  0.0331
registration optimization eta report
parameter search radius
    0.8000    0.8000    0.8000    2.4000    2.4000    2.4000
    2.4000    2.4000    2.4000    2.4000    2.4000    2.4000
100000*second partial in parameter space
       36.       30.       19.        3.        3.        6.
        3.        8.        4.        6.        2.        2.
  0.0333  0.0332  0.0333  0.0332  0.0332  0.0335  0.0331  0.0334  0.0332  0.0333  0.0330  0.0331
  0.0332  0.0331  0.0332  0.0331  0.0331  0.0333  0.0330  0.0332  0.0331  0.0331  0.0330  0.0330
  0.0331  0.0330  0.0331  0.0330  0.0330  0.0331  0.0330  0.0330  0.0330  0.0330  0.0330  0.0330
  0.0330  0.0330  0.0330  0.0330  0.0330  0.0330  0.0330  0.0330  0.0330  0.0330  0.0330  0.0330
  0.0330  0.0331  0.0330  0.0330  0.0330  0.0330  0.0330  0.0330  0.0330  0.0330  0.0330  0.0330
  0.0331  0.0331  0.0330  0.0330  0.0331  0.0331  0.0331  0.0331  0.0331  0.0332  0.0330  0.0330
  0.0332  0.0333  0.0330  0.0332  0.0332  0.0332  0.0332  0.0334  0.0332  0.0333  0.0331  0.0331
    0.4734   34.8505   -2.5553   -2.0427  -10.9749    0.4406
    2.4762   10.0068   -3.9426   16.9170   -2.2189   -9.8114
eta,q 0.96704  7.28216

---------------------------------------------------------------------
imgreg_4dfp /opt/freesurfer/average/711-2C_as_mni_average_305 /opt/freesurfer/average/711-2B_as_mni_average_305_mask talsrcimg_g11 none talsrcimg_to_711-2C_as_mni_average_305_t4 2311
---------------------------------------------------------------------

freesurfer imgreg_4dfp.c
/opt/freesurfer/average/711-2C_as_mni_average_305.4dfp.img
       256       256       256         1
  1.000000  1.000000  1.000000
orientation T byte_order littleendian
Reading image: /opt/freesurfer/average/711-2C_as_mni_average_305.4dfp.img
dimensions:      256       256       256
mmppix:       1.0000   -1.0000   -1.0000
center:     128.0000 -129.0000 -129.0000
/opt/freesurfer/average/711-2B_as_mni_average_305_mask.4dfp.img
       256       256       256         1
  1.000000  1.000000  1.000000
orientation T byte_order littleendian
Reading mask: /opt/freesurfer/average/711-2B_as_mni_average_305_mask.4dfp.img (2306576 pixels)
talsrcimg_g11.4dfp.img
       256       256       256         1
  1.000000  1.000000  1.000000
orientation T byte_order littleendian
Reading image: talsrcimg_g11.4dfp.img
dimensions:      256       256       256
mmppix:       1.0000   -1.0000   -1.0000
center:     128.0000 -129.0000 -129.0000
fimgreg.f
image alignment mode   2311 decimal      907 hex
parameters
    0.4734   34.8505   -2.5553   -2.0427  -10.9749    0.4406
    2.4762   10.0068   -3.9426   16.9170   -2.2189   -9.8114
eta,q 0.96704  7.28216
niter,ni,del,rscale     5    3    5.0000    0.8000
parameters
    0.5100   34.7904   -2.2884   -2.8168  -11.0230    0.5955
    2.6580    9.9386   -3.8477   17.0158   -2.3498   -9.7853
eta,q 0.96702  7.25341
  0.0339  0.0337  0.0336  0.0334  0.0337  0.0339  0.0338  0.0345  0.0338  0.0343  0.0333  0.0334
  0.0334  0.0333  0.0333  0.0332  0.0333  0.0337  0.0333  0.0337  0.0334  0.0336  0.0331  0.0332
  0.0331  0.0330  0.0331  0.0331  0.0331  0.0333  0.0331  0.0332  0.0331  0.0331  0.0330  0.0330
  0.0330  0.0330  0.0330  0.0329  0.0330  0.0330  0.0330  0.0330  0.0330  0.0330  0.0330  0.0330
  0.0331  0.0331  0.0330  0.0330  0.0331  0.0331  0.0330  0.0331  0.0331  0.0331  0.0330  0.0330
  0.0334  0.0333  0.0331  0.0334  0.0333  0.0333  0.0333  0.0337  0.0333  0.0335  0.0331  0.0331
  0.0339  0.0338  0.0333  0.0340  0.0337  0.0340  0.0337  0.0346  0.0337  0.0342  0.0334  0.0334
niter,ni,del,rscale     4    3    5.0000    0.7000
parameters
    0.5338   34.7444   -2.2552   -2.7253  -11.0942    0.8031
    2.5959    9.9849   -3.8348   16.9410   -2.3622   -9.7952
eta,q 0.96704  7.25989
  0.0337  0.0335  0.0333  0.0334  0.0335  0.0338  0.0335  0.0342  0.0336  0.0339  0.0332  0.0333
  0.0333  0.0332  0.0332  0.0333  0.0332  0.0335  0.0332  0.0336  0.0332  0.0334  0.0331  0.0331
  0.0331  0.0330  0.0330  0.0331  0.0330  0.0332  0.0330  0.0331  0.0330  0.0331  0.0330  0.0330
  0.0330  0.0330  0.0330  0.0330  0.0330  0.0330  0.0330  0.0330  0.0330  0.0330  0.0330  0.0330
  0.0330  0.0331  0.0330  0.0329  0.0330  0.0331  0.0330  0.0331  0.0330  0.0331  0.0330  0.0330
  0.0333  0.0333  0.0331  0.0331  0.0332  0.0333  0.0332  0.0335  0.0332  0.0335  0.0331  0.0331
  0.0336  0.0336  0.0333  0.0335  0.0335  0.0338  0.0336  0.0342  0.0336  0.0340  0.0332  0.0333
niter,ni,del,rscale     3    3    5.0000    0.6000
parameters
    0.5451   34.7323   -2.1445   -2.4228  -11.1362    1.0529
    2.5189   10.0402   -3.8511   16.8571   -2.4083   -9.8228
eta,q 0.96705  7.27871
  0.0335  0.0334  0.0333  0.0333  0.0333  0.0336  0.0333  0.0339  0.0334  0.0337  0.0331  0.0332
  0.0332  0.0332  0.0331  0.0332  0.0331  0.0334  0.0331  0.0334  0.0331  0.0333  0.0330  0.0330
  0.0330  0.0330  0.0330  0.0331  0.0330  0.0331  0.0330  0.0331  0.0330  0.0330  0.0330  0.0330
  0.0330  0.0330  0.0330  0.0330  0.0329  0.0329  0.0329  0.0329  0.0329  0.0329  0.0329  0.0329
  0.0330  0.0330  0.0330  0.0329  0.0330  0.0330  0.0330  0.0330  0.0330  0.0331  0.0330  0.0330
  0.0332  0.0332  0.0330  0.0330  0.0331  0.0332  0.0331  0.0334  0.0332  0.0333  0.0330  0.0330
  0.0335  0.0334  0.0332  0.0333  0.0334  0.0335  0.0334  0.0339  0.0334  0.0337  0.0332  0.0332
niter,ni,del,rscale     2    3    5.0000    0.5000
parameters
    0.5438   34.7108   -1.9851   -2.1879  -11.1739    1.2759
    2.4888   10.0747   -3.8337   16.7931   -2.4774   -9.8240
eta,q 0.96707  7.29406
  0.0333  0.0332  0.0332  0.0333  0.0332  0.0335  0.0332  0.0336  0.0332  0.0335  0.0331  0.0331
  0.0331  0.0331  0.0331  0.0331  0.0330  0.0332  0.0330  0.0333  0.0331  0.0332  0.0330  0.0330
  0.0330  0.0330  0.0330  0.0330  0.0330  0.0330  0.0330  0.0330  0.0330  0.0330  0.0329  0.0329
  0.0329  0.0329  0.0329  0.0329  0.0329  0.0329  0.0329  0.0329  0.0329  0.0329  0.0329  0.0329
  0.0330  0.0330  0.0329  0.0329  0.0330  0.0330  0.0330  0.0330  0.0330  0.0330  0.0329  0.0329
  0.0331  0.0331  0.0330  0.0330  0.0331  0.0331  0.0331  0.0332  0.0331  0.0332  0.0330  0.0330
  0.0333  0.0333  0.0331  0.0332  0.0332  0.0333  0.0332  0.0336  0.0332  0.0335  0.0331  0.0331
niter,ni,del,rscale     1    3    5.0000    0.4000
parameters
    0.5341   34.6856   -1.8629   -2.0069  -11.2471    1.4040
    2.4632   10.1191   -3.8047   16.7575   -2.5926   -9.7764
eta,q 0.96708  7.30265
  0.0332  0.0331  0.0331  0.0332  0.0331  0.0333  0.0331  0.0334  0.0331  0.0333  0.0330  0.0330
  0.0330  0.0330  0.0330  0.0331  0.0330  0.0331  0.0330  0.0331  0.0330  0.0331  0.0330  0.0330
  0.0330  0.0329  0.0330  0.0330  0.0329  0.0330  0.0329  0.0330  0.0329  0.0330  0.0329  0.0329
  0.0329  0.0329  0.0329  0.0329  0.0329  0.0329  0.0329  0.0329  0.0329  0.0329  0.0329  0.0329
  0.0330  0.0330  0.0329  0.0329  0.0329  0.0330  0.0329  0.0330  0.0329  0.0330  0.0329  0.0329
  0.0330  0.0330  0.0330  0.0330  0.0330  0.0331  0.0330  0.0331  0.0330  0.0331  0.0330  0.0330
  0.0332  0.0331  0.0330  0.0331  0.0331  0.0332  0.0331  0.0334  0.0331  0.0333  0.0330  0.0330
registration optimization eta report
parameter search radius
    0.8000    0.8000    0.8000    2.4000    2.4000    2.4000
    2.4000    2.4000    2.4000    2.4000    2.4000    2.4000
100000*second partial in parameter space
       38.       31.       18.        4.        3.        6.
        3.        8.        4.        6.        2.        2.
  0.0332  0.0331  0.0331  0.0332  0.0331  0.0333  0.0331  0.0334  0.0331  0.0333  0.0330  0.0330
  0.0330  0.0330  0.0330  0.0331  0.0330  0.0331  0.0330  0.0331  0.0330  0.0331  0.0330  0.0330
  0.0330  0.0329  0.0330  0.0330  0.0329  0.0330  0.0329  0.0330  0.0329  0.0330  0.0329  0.0329
  0.0329  0.0329  0.0329  0.0329  0.0329  0.0329  0.0329  0.0329  0.0329  0.0329  0.0329  0.0329
  0.0330  0.0330  0.0329  0.0329  0.0329  0.0330  0.0329  0.0330  0.0329  0.0330  0.0329  0.0329
  0.0330  0.0330  0.0330  0.0330  0.0330  0.0331  0.0330  0.0331  0.0330  0.0331  0.0330  0.0330
  0.0332  0.0331  0.0330  0.0331  0.0331  0.0332  0.0331  0.0334  0.0331  0.0333  0.0330  0.0330
    0.5341   34.6856   -1.8629   -2.0069  -11.2471    1.4040
    2.4632   10.1191   -3.8047   16.7575   -2.5926   -9.7764
eta,q 0.96708  7.30265

---------------------------------------------------------------------
compute_vox2vox talsrcimg talsrcimg_to_711-2C_as_mni_average_305_t4 /opt/freesurfer/average/711-2C_as_mni_average_305
---------------------------------------------------------------------

freesurfer compute_vox2vox.c
Reading: talsrcimg.4dfp.ifh
Reading: talsrcimg_to_711-2C_as_mni_average_305_t4
Reading: /opt/freesurfer/average/711-2C_as_mni_average_305.4dfp.ifh
Writing: talsrcimg_to_711-2C_as_mni_average_305_t4_vox2vox.txt

start time Mon Mar 9 21:41:24 CET 2026
end		time Mon Mar 9 21:42:49 CET 2026

mpr2mni305 success

avi2talxfm orig_nu.mgz /opt/freesurfer/average/mni305.cor.mgz talsrcimg_to_711-2C_as_mni_average_305_t4_vox2vox.txt transforms/talairach.auto.xfm
avi2talxfm done
mv -f /out/sourcedata/freesurfer/sub-v1s2x0051470_ses-1/mri/talsrcimg_to_711-2C_as_mni_average_305_t4_vox2vox.txt /out/sourcedata/freesurfer/sub-v1s2x0051470_ses-1/mri/transforms/talsrcimg_to_711-2C_as_mni_average_305_t4_vox2vox.txt
lta_convert --src orig_nu.mgz --trg /opt/freesurfer/average/mni305.cor.mgz --inxfm transforms/talairach.auto.xfm --outlta transforms/talairach.auto.xfm.lta --subject fsaverage
7.3.2

--src: orig_nu.mgz src image (geometry).
--trg: /opt/freesurfer/average/mni305.cor.mgz trg image (geometry).
--inmni: transforms/talairach.auto.xfm input MNI/XFM transform.
--outlta: transforms/talairach.auto.xfm.lta output LTA.
--s: fsaverage subject name
 LTA read, type : 1
 1.01646  -0.09504  -0.03868   6.62914;
 0.02965   0.96575   0.10556  -66.66393;
 0.03798  -0.18642   1.10513  -8.42859;
 0.00000   0.00000   0.00000   1.00000;
setting subject to fsaverage
Writing  LTA to file transforms/talairach.auto.xfm.lta...
lta_convert successful.
 
 
Started at Mon Mar 9 21:41:24 CET 2026
Ended   at Mon Mar  9 21:42:49 CET 2026
talairach_avi done
