status file for recon-all
Wed Mar 11 23:32:27 CET 2026
#@# Tessellate rh Wed Mar 11 23:32:27 CET 2026
#@# Smooth1 rh Wed Mar 11 23:32:31 CET 2026
#@# Inflation1 rh Wed Mar 11 23:32:35 CET 2026
#@# QSphere rh Wed Mar 11 23:32:51 CET 2026
#@# Fix Topology rh Wed Mar 11 23:34:30 CET 2026
#@# Smooth2 rh Wed Mar 11 23:42:22 CET 2026
#@# Inflation2 rh Wed Mar 11 23:42:26 CET 2026
#@# Curv .H and .K rh Wed Mar 11 23:42:46 CET 2026
#@# Sphere rh Wed Mar 11 23:43:41 CET 2026
#@# Surf Reg rh Wed Mar 11 23:46:18 CET 2026
#@# Jacobian white rh Wed Mar 11 23:52:07 CET 2026
#@# AvgCurv rh Wed Mar 11 23:52:08 CET 2026
#@# Cortical Parc rh Wed Mar 11 23:52:09 CET 2026
#@# white curv rh Thu Mar 12 00:00:24 CET 2026
#@# white area rh Thu Mar 12 00:00:26 CET 2026
#@# pial curv rh Thu Mar 12 00:00:27 CET 2026
#@# pial area rh Thu Mar 12 00:00:29 CET 2026
#@# thickness rh Thu Mar 12 00:00:30 CET 2026
#@# area and vertex vol rh Thu Mar 12 00:01:06 CET 2026
#@# Curvature Stats rh Thu Mar 12 00:01:08 CET 2026
#@# Cortical Parc 2 rh Thu Mar 12 00:01:11 CET 2026
#@# Cortical Parc 3 rh Thu Mar 12 00:01:29 CET 2026
#@# WM/GM Contrast rh Thu Mar 12 00:01:41 CET 2026
recon-all -s sub-v1s2x0051484_ses-1 finished without error at Thu Mar 12 00:01:45 CET 2026



#New# invocation of recon-all 



status file for recon-all
Thu Mar 12 00:13:29 CET 2026
#@# white curv rh Thu Mar 12 00:13:29 CET 2026
#@# white area rh Thu Mar 12 00:13:29 CET 2026
#@# pial curv rh Thu Mar 12 00:13:29 CET 2026
#@# pial area rh Thu Mar 12 00:13:29 CET 2026
#@# thickness rh Thu Mar 12 00:13:29 CET 2026
#@# area and vertex vol rh Thu Mar 12 00:13:29 CET 2026
#@# Parcellation Stats rh Thu Mar 12 00:13:29 CET 2026
#@# Parcellation Stats 2 rh Thu Mar 12 00:13:55 CET 2026
#@# Parcellation Stats 3 rh Thu Mar 12 00:14:08 CET 2026
#@# BA_exvivo Labels rh Thu Mar 12 00:14:21 CET 2026
recon-all -s sub-v1s2x0051484_ses-1 finished without error at Thu Mar 12 00:17:47 CET 2026
