status file for recon-all
Wed Mar 11 20:47:44 CET 2026
#@# MotionCor Wed Mar 11 20:47:46 CET 2026
#@# Talairach Wed Mar 11 20:47:55 CET 2026
#@# Talairach Failure Detection Wed Mar 11 20:52:23 CET 2026
#@# Nu Intensity Correction Wed Mar 11 20:52:23 CET 2026
#@# Intensity Normalization Wed Mar 11 20:55:37 CET 2026
recon-all -s sub-v1s2x0051484_ses-1 finished without error at Wed Mar 11 20:57:18 CET 2026



#New# invocation of recon-all 



status file for recon-all
Wed Mar 11 21:04:45 CET 2026
#@# EM Registration Wed Mar 11 21:04:45 CET 2026
recon-all -s sub-v1s2x0051484_ses-1 finished without error at Wed Mar 11 21:06:38 CET 2026



#New# invocation of recon-all 



status file for recon-all
Wed Mar 11 21:06:42 CET 2026
#@# CA Normalize Wed Mar 11 21:06:42 CET 2026
#@# CA Reg Wed Mar 11 21:08:07 CET 2026
#@# SubCort Seg Wed Mar 11 22:00:51 CET 2026
#@# CC Seg Wed Mar 11 22:44:52 CET 2026
#@# Merge ASeg Wed Mar 11 22:45:41 CET 2026
#@# Intensity Normalization2 Wed Mar 11 22:45:41 CET 2026
#@# Mask BFS Wed Mar 11 22:48:06 CET 2026
#@# WM Segmentation Wed Mar 11 22:48:06 CET 2026
#@# Fill Wed Mar 11 22:50:32 CET 2026
recon-all -s sub-v1s2x0051484_ses-1 finished without error at Wed Mar 11 22:51:38 CET 2026



#New# invocation of recon-all 



status file for recon-all
Thu Mar 12 00:01:49 CET 2026
#@# white curv lh Thu Mar 12 00:01:49 CET 2026
#@# white area lh Thu Mar 12 00:01:49 CET 2026
#@# pial curv lh Thu Mar 12 00:01:49 CET 2026
#@# pial area lh Thu Mar 12 00:01:49 CET 2026
#@# thickness lh Thu Mar 12 00:01:49 CET 2026
#@# area and vertex vol lh Thu Mar 12 00:01:49 CET 2026
#@# white curv rh Thu Mar 12 00:01:49 CET 2026
#@# white area rh Thu Mar 12 00:01:49 CET 2026
#@# pial curv rh Thu Mar 12 00:01:49 CET 2026
#@# pial area rh Thu Mar 12 00:01:49 CET 2026
#@# thickness rh Thu Mar 12 00:01:49 CET 2026
#@# area and vertex vol rh Thu Mar 12 00:01:49 CET 2026
#@# Cortical ribbon mask Thu Mar 12 00:01:49 CET 2026
recon-all -s sub-v1s2x0051484_ses-1 finished without error at Thu Mar 12 00:09:12 CET 2026



#New# invocation of recon-all 



status file for recon-all
Thu Mar 12 00:17:51 CET 2026
#@# white curv lh Thu Mar 12 00:17:51 CET 2026
#@# white area lh Thu Mar 12 00:17:51 CET 2026
#@# pial curv lh Thu Mar 12 00:17:51 CET 2026
#@# pial area lh Thu Mar 12 00:17:51 CET 2026
#@# thickness lh Thu Mar 12 00:17:51 CET 2026
#@# area and vertex vol lh Thu Mar 12 00:17:51 CET 2026
#@# white curv rh Thu Mar 12 00:17:51 CET 2026
#@# white area rh Thu Mar 12 00:17:51 CET 2026
#@# pial curv rh Thu Mar 12 00:17:51 CET 2026
#@# pial area rh Thu Mar 12 00:17:51 CET 2026
#@# thickness rh Thu Mar 12 00:17:51 CET 2026
#@# area and vertex vol rh Thu Mar 12 00:17:51 CET 2026
#@# Curvature Stats lh Thu Mar 12 00:17:51 CET 2026
#@# Curvature Stats rh Thu Mar 12 00:17:55 CET 2026
#@# Relabel Hypointensities Thu Mar 12 00:17:59 CET 2026
#@# APas-to-ASeg Thu Mar 12 00:18:17 CET 2026
#@# AParc-to-ASeg aparc Thu Mar 12 00:18:28 CET 2026
#@# AParc-to-ASeg aparc.a2009s Thu Mar 12 00:19:24 CET 2026
#@# AParc-to-ASeg aparc.DKTatlas Thu Mar 12 00:20:19 CET 2026
#@# WMParc Thu Mar 12 00:21:13 CET 2026
#@# ASeg Stats Thu Mar 12 00:25:48 CET 2026
recon-all -s sub-v1s2x0051484_ses-1 finished without error at Thu Mar 12 00:26:33 CET 2026
