status file for recon-all
Wed Mar 11 22:51:43 CET 2026
#@# Tessellate lh Wed Mar 11 22:51:43 CET 2026
#@# Smooth1 lh Wed Mar 11 22:51:47 CET 2026
#@# Inflation1 lh Wed Mar 11 22:51:50 CET 2026
#@# QSphere lh Wed Mar 11 22:52:06 CET 2026
#@# Fix Topology lh Wed Mar 11 22:53:37 CET 2026
#@# Smooth2 lh Wed Mar 11 23:12:59 CET 2026
#@# Inflation2 lh Wed Mar 11 23:13:02 CET 2026
#@# Curv .H and .K lh Wed Mar 11 23:13:21 CET 2026
#@# Sphere lh Wed Mar 11 23:14:17 CET 2026
#@# Surf Reg lh Wed Mar 11 23:18:04 CET 2026
#@# Jacobian white lh Wed Mar 11 23:23:25 CET 2026
#@# AvgCurv lh Wed Mar 11 23:23:26 CET 2026
#@# Cortical Parc lh Wed Mar 11 23:23:27 CET 2026
#@# white curv lh Wed Mar 11 23:31:01 CET 2026
#@# white area lh Wed Mar 11 23:31:04 CET 2026
#@# pial curv lh Wed Mar 11 23:31:05 CET 2026
#@# pial area lh Wed Mar 11 23:31:07 CET 2026
#@# thickness lh Wed Mar 11 23:31:08 CET 2026
#@# area and vertex vol lh Wed Mar 11 23:31:48 CET 2026
#@# Curvature Stats lh Wed Mar 11 23:31:50 CET 2026
#@# Cortical Parc 2 lh Wed Mar 11 23:31:54 CET 2026
#@# Cortical Parc 3 lh Wed Mar 11 23:32:09 CET 2026
#@# WM/GM Contrast lh Wed Mar 11 23:32:22 CET 2026
recon-all -s sub-v1s2x0051484_ses-1 finished without error at Wed Mar 11 23:32:26 CET 2026



#New# invocation of recon-all 



status file for recon-all
Thu Mar 12 00:09:17 CET 2026
#@# white curv lh Thu Mar 12 00:09:17 CET 2026
#@# white area lh Thu Mar 12 00:09:17 CET 2026
#@# pial curv lh Thu Mar 12 00:09:17 CET 2026
#@# pial area lh Thu Mar 12 00:09:17 CET 2026
#@# thickness lh Thu Mar 12 00:09:17 CET 2026
#@# area and vertex vol lh Thu Mar 12 00:09:17 CET 2026
#@# Parcellation Stats lh Thu Mar 12 00:09:17 CET 2026
#@# Parcellation Stats 2 lh Thu Mar 12 00:09:43 CET 2026
#@# Parcellation Stats 3 lh Thu Mar 12 00:09:56 CET 2026
#@# BA_exvivo Labels lh Thu Mar 12 00:10:08 CET 2026
recon-all -s sub-v1s2x0051484_ses-1 finished without error at Thu Mar 12 00:13:26 CET 2026
