1771665945s 1 1e32e23b-6d65-42ad-8cec-9ba2888b8974
1771845278s 1 85e76da5-55df-4e9e-be44-f0e8011fa7de
1771845741s 1 2781e2b1-aedf-4230-8eca-826fc8719874
1771846041s 1 3ac9c862-eb44-465e-8eef-c361783c5942
1771847424s 1 c38f6f46-3206-4851-8c38-9ada51fff813
1771847813s 1 c8ac207d-5666-4fb9-a64f-cc17add3029c
1771848349s 1 261645e8-0c80-4059-9e72-196c23e7fc41
1771849702s 1 b7649ddc-45ef-4edc-84bd-05db63ebc656
1771884367s 1 4d2de43f-abfe-4742-9ee3-3b8906abc63d
1771884404s 1 816c8d45-c18d-4ebd-8f08-c398e3e58f5f
1771885121s 1 59d78ae0-ebbe-4bc6-b0dd-69f52030e18f
1771885139s 1 816c8d45-c18d-4ebd-8f08-c398e3e58f5f
1771885584s 1 f230ea37-6d3d-4bfc-9d26-424c970b8cfb
1771885604s 1 816c8d45-c18d-4ebd-8f08-c398e3e58f5f
1771886343s 1 acc1a68d-ff63-4944-bc27-92fb16376614
1771886364s 1 816c8d45-c18d-4ebd-8f08-c398e3e58f5f
1771886576s 1 9ee60bcd-0dc0-4d46-acd4-0c99c2c5e424
1771886595s 1 816c8d45-c18d-4ebd-8f08-c398e3e58f5f
1771886794s 1 02235a03-04d5-44b3-85db-446704f9f321
1771886814s 1 816c8d45-c18d-4ebd-8f08-c398e3e58f5f
1771887877s 1 45b478fe-f7cf-41da-ad37-27b036be1a46
1771887897s 1 816c8d45-c18d-4ebd-8f08-c398e3e58f5f
1771941185.749710561s 1 4a264581-49b7-42f4-926b-f3a00c77c802
1771941185s 1 4a264581-49b7-42f4-926b-f3a00c77c802
1771987552s 1 4424a394-2b25-43a1-84d6-bfc06f785e3d
1771987869s 1 87151b8d-702b-418e-bbc5-5c13f1bb8a17
1771989495s 1 039f5897-1b18-4616-a5b3-dd0f7b44650d
1771990275s 1 bff3cfcd-443f-4a65-aa7f-382b53048584
1771990764s 1 6ea7a810-0d64-45bc-95f7-441b6e586519
1771992139s 1 13a51485-6155-469e-9178-d5fa6004d33b
1772019526s 1 c4770fbc-dc1f-4537-90da-6040bfae0ba0
1772019656s 1 646f8658-e047-4eab-8bfb-aab31331792f
1772019704s 1 7235892e-0d08-46c1-9924-4695784914b1
1772020011s 1 5bee027b-0453-4f0b-ba21-ad0821f7a977
1772020963s 1 9e6b210c-8250-4654-a828-4ad0595507c2
1772024085s 1 77853132-5398-401a-baf9-575865565925
1772035616s 1 fe8c1d1b-705e-4d6d-a27f-f71c6ed00389
1772035669s 1 463654a9-d24d-4aba-adbb-45808e3a3137
1772036839s 1 794b5f6a-3f3f-4613-8e10-79bfd03b09be
1772038421s 1 aff28dd5-e954-41e3-b382-242699a3157e
1772038605s 1 3183ea4c-2b85-4f50-9349-ab14356090b2
1772038931s 1 499e2356-d07b-4a11-a2f9-7a8e7bec6921
1772045236s 1 6825bee1-d99f-4676-8130-e0e018d7cc42
1772054978s 1 4b23b029-33a9-4a96-9017-e58ba08b3bed
1772056069s 1 28db72d1-c6ef-4486-9cb7-2e1c83e5c552
1772056642s 1 3c89d671-4cda-4da8-8639-56812e365a65
1772058030s 1 b6fc213c-9765-4c67-a922-645dc81f462d
1772061271s 1 349f5925-9270-4cb6-bb52-c55b5c9019cf
1772069624s 1 4ee482fa-cc24-4c01-ab27-3dcda7337b4b
1772069918s 1 f0231a24-7825-4acc-be00-f59a4b82249e
1772072851s 1 22195218-e831-4c5e-87de-3d112fc7df4e
1772073885s 1 1610b414-8fce-4356-9eca-ed54b84f2895
1772074436s 1 4a2b0837-5a8c-4127-93a6-4375c52686ac
1772078924s 1 9dfa8ab1-e54e-44f2-95d3-cb4bcbb5e1a0
1772082332s 1 46dab277-2034-4c8f-951b-1f1b74a1f611
1772091350s 1 e1f2ab72-9b73-4717-a489-91cacc42d5ef
1772092451s 1 6f9588fd-c910-4ffd-909e-2dec9dea16ca
1772092914s 1 145e9c02-e4a4-4e14-8b3a-89116946e8ca
1772094735s 1 4ea8f9bc-78a0-43e8-a5c8-ecfb34479aa0
1772100296s 1 ef0f9f13-211b-4c0f-9a91-e88efe5ae471
1772102740s 1 807c6469-3ce4-4856-8767-0a6956f43239
1772111722s 1 acd8b987-1b99-48a2-b1e7-701652c90503
1772113134s 1 4a8d6aac-d62c-4c4e-9539-b92fb4ea5a16
1772113577s 1 f1b0730c-17a5-484c-9079-c3d3550c45a1
1772115086s 1 2ebc693e-b6a8-43e1-9fd2-027ebbb07577
1772121338s 1 3926350c-400d-46a8-a9ec-3b32ce2a2d68
1772122801s 1 42eb9c0e-3930-43a5-963c-ba391c8b0659
1772130849s 1 71bf678b-10ae-4ac0-b239-aea6d77c113e
1772131000s 1 0e570fb2-f837-439c-86c9-c87b0b99e919
1772131911s 1 1aeae159-0026-438e-a383-a82f2ff43784
1772140366s 1 598e9b3d-b999-48f5-be91-4fc03b169079
1772468711s 1 7c2cd729-c58c-4551-b24a-98aee7ef1647
1772468739s 1 7b40e160-e048-4671-9d35-6321295e0cb0
1772469248s 1 0403dcfd-b19d-48a6-a371-3b685d27217d
1772470280s 1 aefc6d01-1f59-4f90-aa8d-c4fd21196f8d
1772471051s 1 8da24154-f353-49c1-89b4-d3c7f9268acf
1772486869s 1 268e35ab-54d5-41a1-8e6a-bbded26b5ed6
1772487920s 1 4f7fd394-b9bb-4f39-81cf-74fc7ae0ca52
1772488317s 1 c445ca57-574c-465b-96cb-a8c58a4ed95c
1772488419s 1 cb44af93-9f7e-4788-b445-b5ee19f80d3f
1772489549s 1 c5efe339-437c-477b-9690-4ad05abb549d
1772505315s 1 efca2b27-a4b6-4e49-8e3f-03fe90221f34
1772505724s 1 9a71f613-f921-468b-8dae-5c8a016d69eb
1772505768s 1 c0fbfd69-0367-4580-a1af-9e711702b816
1772505953s 1 0b8b9adf-6af6-4055-9165-9fe1c36bd56f
1772506166s 1 269c400c-231f-49e3-85a7-f4ebd421146e
1772508593s 1 a6f95f52-06d1-41a4-ba45-79a128ebd37d
1772523990s 1 791f1c9f-0e7e-45c9-a8c1-e886bbfe0142
1772524683s 1 a2aabad6-2789-4745-b172-226105448680
1772525099s 1 daa03fb6-8fca-4413-9bec-6fccbbf58505
1772525311s 1 f5b56e81-6ab8-43d1-a373-b40b91e12664
1772525359s 1 6abd5fe5-9e1c-4514-a344-1ff59191fbd5
1772530345s 1 88a7cc29-015b-4d83-97de-131f13f14ec4
1772542687s 1 d16db4a4-c3e2-4e29-9e0e-deb22a66a402
1772542928s 1 28a6edbb-3d98-42a9-b65e-4d4cc009004c
1772543110s 1 03657d0c-d838-4edc-9561-a15cdd8239e4
1772543229s 1 c0bad80c-2b89-404c-b0ab-32e96c4c0695
1772545439s 1 11cf95d5-f17a-4d0f-b30c-43cca501cf15
1772551123s 1 c641d77f-4643-4878-8643-7d530e2fe223
1772558346s 1 978e9ecd-a321-4041-9bef-5f8ffdf57e24
1772562273s 1 7f84c1a7-a537-42e3-b50f-2d7dc2377a4e
1772562439s 1 823be5aa-e119-4e37-981d-bf95d74843b2
1772563242s 1 c13430cd-8a55-4d76-817e-c79bdb03ce89
1772563797s 1 abc316bc-449d-457e-aa31-f592f19f7700
1772570091s 1 fcc6d03a-15c2-439d-a0cb-2ccec1ad2f5f
1772580477s 1 150024ef-aacd-4588-a37c-65328f736428
1772581514s 1 fa8c26f8-24e2-4aeb-a781-0d9f462cfef3
1772583081s 1 3a0ac086-7a4c-44ad-8945-b067006290f2
1772583577s 1 7e1d4a4c-2e08-4aa3-9dcc-428748b27699
1772589702s 1 44f7220c-a62b-4819-8231-02b26542bff7
1772599939s 1 caa3d7ab-d5b0-48dd-a65f-ba2776fa3cbc
1772600320s 1 57c29402-ab7c-490d-adc5-1e9c4aa69f35
1772600860s 1 4ce4ff7c-f3fe-423f-8e5b-6a57690aad6b
1772602809s 1 cfa86635-6029-4a5d-8f97-95d0d55e9f38
1772607406s 1 87182da1-213d-43ca-822e-5d098b30dc87
1772618559s 1 bf6bb879-36d1-4e4e-96b0-c3055f255428
1772620033s 1 af9df8d2-9e9e-43a4-971d-8b8159d8e1bb
1772621002s 1 a9f81dc5-649e-4a06-b0fa-3bd512c87c1f
1772621806s 1 dac9a391-9f08-4e92-974a-956bb07250a9
1772626058s 1 8fbaf379-0a33-4eea-9401-dd99c9a6f2fb
1772765415.500836877s 1 f93681e8-ee31-4153-8471-c91c1ff638f5
1772766244.25782926s 1 35b22f5f-e97d-4ba6-81bb-47ec231de53b
1772768609.931642532s 1 9c38dfca-4180-44f8-a0f0-193ba37a1f1c
1772769082.106349791s 1 18cb3153-a9a0-4a9d-9b19-aeff2df3bd17
1772769734.811570853s 1 9461cf9c-f99e-465b-9621-3e2241956e97
1772770013.490713617s 1 d5267474-4c4b-4a99-9c2a-a1426359ac1c
1772770395.288771116s 1 50e60262-a7a9-4cb5-a71a-7c6956401b4d
1772771839.371807516s 1 2d489c2e-580b-44aa-823c-2b0bd5e75852
1772775430.672863231s 1 7c782819-9270-4a7c-aecd-9504aae985fd
1772777507.850826603s 1 88a12eff-11cc-479d-bf38-cd82f2e76347
1772786888.157558279s 1 6cbf9aaa-fdc0-4c51-b1f6-8f00dc0146f1
1772787026.723759277s 1 91bb2a46-25a6-48c5-b3cf-c3e5d2763b93
1772787036.858957249s 1 e2737d6d-0953-4bce-919d-966b44371167
1772787321.840727863s 1 9bccd19c-7e08-4ee4-befe-c6cb89ebc26c
1772787673.53326681s 1 6b9b451c-ecd9-4416-8205-8185f13cba35
1772787687.006868221s 1 4ff505d6-79a8-4d72-9c1d-048dea5f2600
1772787711.25110938s 1 8507fc07-5c14-49b4-a9ef-6aaee2644877
1772788166.268499732s 1 8fe9d2a5-9a8b-468d-a447-6d443e08ee2b
1772788592.817108089s 1 1d5340ad-a821-47d5-83c3-ce7dd239efca
1772788677.449734423s 1 5add6d2a-3200-400a-8c1c-b9e9db52176b
1772788916.582079249s 1 76504aa4-961b-4c48-928f-0aaf8c29b25c
1772789015.320915395s 1 e275f1e7-20eb-4cb2-a00a-565472657dea
1772789203.849979172s 1 1c977254-c69a-4a65-8295-f81f0ccee00e
1772789576.340936628s 1 5af6a7c0-1767-4a1a-a394-5fad814f64a4
1772790539.104781587s 1 bb7ca48d-c19c-4d33-b1b4-0dd608dcb314
1772790780.271452849s 1 b8539fdd-8444-4c9b-9749-74ad0ae72fdd
1772791039.32598596s 1 28e7371e-2e82-4722-82ce-102ee8e2ab92
1772791071.73387081s 1 e2b729d5-e4dd-458d-9bef-35e7f6bbd6e3
1772791553.638708945s 1 f39afe51-3fda-417b-b05b-b54c34abb356
1772791643.469969093s 1 fd1f4835-ef19-4da4-9038-a25b651e7ec2
1772791899.314073625s 1 4403e518-2b55-467f-ab75-4a7ef8af9270
1772791953.657233142s 1 d3e33597-2ac3-4674-967d-54b8376e5366
1772792007.01069855s 1 818791a6-bb6b-4ee6-9bdc-f1f9d374d347
1772792547.926477028s 1 4203bf14-6ab4-4590-b238-2fab68503c42
1772792616.325550539s 1 8b734198-593e-42a8-80c2-f11630a29b23
1772792870.189564517s 1 8644ef03-7df8-4baf-b243-66558d96a91c
1772793026.910152809s 1 45ca858f-0bf8-44b2-b420-957c596a5fc8
