status file for recon-all
Tue Mar 10 00:07:56 CET 2026
#@# Tessellate rh Tue Mar 10 00:07:56 CET 2026
#@# Smooth1 rh Tue Mar 10 00:08:00 CET 2026
#@# Inflation1 rh Tue Mar 10 00:08:03 CET 2026
#@# QSphere rh Tue Mar 10 00:08:18 CET 2026
#@# Fix Topology rh Tue Mar 10 00:09:47 CET 2026
#@# Smooth2 rh Tue Mar 10 00:17:06 CET 2026
#@# Inflation2 rh Tue Mar 10 00:17:10 CET 2026
#@# Curv .H and .K rh Tue Mar 10 00:17:28 CET 2026
#@# Sphere rh Tue Mar 10 00:18:28 CET 2026
#@# Surf Reg rh Tue Mar 10 00:21:19 CET 2026
#@# Jacobian white rh Tue Mar 10 00:27:35 CET 2026
#@# AvgCurv rh Tue Mar 10 00:27:36 CET 2026
#@# Cortical Parc rh Tue Mar 10 00:27:37 CET 2026
#@# white curv rh Tue Mar 10 00:35:25 CET 2026
#@# white area rh Tue Mar 10 00:35:28 CET 2026
#@# pial curv rh Tue Mar 10 00:35:29 CET 2026
#@# pial area rh Tue Mar 10 00:35:32 CET 2026
#@# thickness rh Tue Mar 10 00:35:33 CET 2026
#@# area and vertex vol rh Tue Mar 10 00:36:11 CET 2026
#@# Curvature Stats rh Tue Mar 10 00:36:13 CET 2026
#@# Cortical Parc 2 rh Tue Mar 10 00:36:16 CET 2026
#@# Cortical Parc 3 rh Tue Mar 10 00:36:33 CET 2026
#@# WM/GM Contrast rh Tue Mar 10 00:36:46 CET 2026
recon-all -s sub-v1s2x0051467_ses-1 finished without error at Tue Mar 10 00:36:49 CET 2026



#New# invocation of recon-all 



status file for recon-all
Tue Mar 10 00:50:10 CET 2026
#@# white curv rh Tue Mar 10 00:50:10 CET 2026
#@# white area rh Tue Mar 10 00:50:10 CET 2026
#@# pial curv rh Tue Mar 10 00:50:10 CET 2026
#@# pial area rh Tue Mar 10 00:50:10 CET 2026
#@# thickness rh Tue Mar 10 00:50:10 CET 2026
#@# area and vertex vol rh Tue Mar 10 00:50:10 CET 2026
#@# Parcellation Stats rh Tue Mar 10 00:50:10 CET 2026
#@# Parcellation Stats 2 rh Tue Mar 10 00:50:38 CET 2026
#@# Parcellation Stats 3 rh Tue Mar 10 00:50:53 CET 2026
#@# BA_exvivo Labels rh Tue Mar 10 00:51:07 CET 2026
recon-all -s sub-v1s2x0051467_ses-1 finished without error at Tue Mar 10 00:54:25 CET 2026
