status file for recon-all
Mon Mar  9 21:32:01 CET 2026
#@# MotionCor Mon Mar  9 21:32:04 CET 2026
#@# Talairach Mon Mar  9 21:32:11 CET 2026
#@# Talairach Failure Detection Mon Mar  9 21:36:36 CET 2026
#@# Nu Intensity Correction Mon Mar  9 21:36:36 CET 2026
#@# Intensity Normalization Mon Mar  9 21:39:52 CET 2026
recon-all -s sub-v1s2x0051467_ses-1 finished without error at Mon Mar  9 21:41:37 CET 2026



#New# invocation of recon-all 



status file for recon-all
Mon Mar  9 21:48:49 CET 2026
#@# EM Registration Mon Mar  9 21:48:49 CET 2026
recon-all -s sub-v1s2x0051467_ses-1 finished without error at Mon Mar  9 21:50:38 CET 2026



#New# invocation of recon-all 



status file for recon-all
Mon Mar  9 21:50:41 CET 2026
#@# CA Normalize Mon Mar  9 21:50:41 CET 2026
#@# CA Reg Mon Mar  9 21:52:04 CET 2026
#@# SubCort Seg Mon Mar  9 22:41:02 CET 2026
#@# CC Seg Mon Mar  9 23:27:37 CET 2026
#@# Merge ASeg Mon Mar  9 23:28:12 CET 2026
#@# Intensity Normalization2 Mon Mar  9 23:28:12 CET 2026
#@# Mask BFS Mon Mar  9 23:30:36 CET 2026
#@# WM Segmentation Mon Mar  9 23:30:37 CET 2026
#@# Fill Mon Mar  9 23:33:04 CET 2026
recon-all -s sub-v1s2x0051467_ses-1 finished without error at Mon Mar  9 23:34:06 CET 2026



#New# invocation of recon-all 



status file for recon-all
Tue Mar 10 00:36:54 CET 2026
#@# white curv lh Tue Mar 10 00:36:54 CET 2026
#@# white area lh Tue Mar 10 00:36:54 CET 2026
#@# pial curv lh Tue Mar 10 00:36:54 CET 2026
#@# pial area lh Tue Mar 10 00:36:54 CET 2026
#@# thickness lh Tue Mar 10 00:36:54 CET 2026
#@# area and vertex vol lh Tue Mar 10 00:36:54 CET 2026
#@# white curv rh Tue Mar 10 00:36:54 CET 2026
#@# white area rh Tue Mar 10 00:36:54 CET 2026
#@# pial curv rh Tue Mar 10 00:36:54 CET 2026
#@# pial area rh Tue Mar 10 00:36:54 CET 2026
#@# thickness rh Tue Mar 10 00:36:54 CET 2026
#@# area and vertex vol rh Tue Mar 10 00:36:54 CET 2026
#@# Cortical ribbon mask Tue Mar 10 00:36:54 CET 2026
recon-all -s sub-v1s2x0051467_ses-1 finished without error at Tue Mar 10 00:45:48 CET 2026



#New# invocation of recon-all 



status file for recon-all
Tue Mar 10 00:54:28 CET 2026
#@# white curv lh Tue Mar 10 00:54:28 CET 2026
#@# white area lh Tue Mar 10 00:54:28 CET 2026
#@# pial curv lh Tue Mar 10 00:54:28 CET 2026
#@# pial area lh Tue Mar 10 00:54:28 CET 2026
#@# thickness lh Tue Mar 10 00:54:28 CET 2026
#@# area and vertex vol lh Tue Mar 10 00:54:28 CET 2026
#@# white curv rh Tue Mar 10 00:54:28 CET 2026
#@# white area rh Tue Mar 10 00:54:28 CET 2026
#@# pial curv rh Tue Mar 10 00:54:28 CET 2026
#@# pial area rh Tue Mar 10 00:54:28 CET 2026
#@# thickness rh Tue Mar 10 00:54:28 CET 2026
#@# area and vertex vol rh Tue Mar 10 00:54:28 CET 2026
#@# Curvature Stats lh Tue Mar 10 00:54:28 CET 2026
#@# Curvature Stats rh Tue Mar 10 00:54:31 CET 2026
#@# Relabel Hypointensities Tue Mar 10 00:54:35 CET 2026
#@# APas-to-ASeg Tue Mar 10 00:54:52 CET 2026
#@# AParc-to-ASeg aparc Tue Mar 10 00:55:02 CET 2026
#@# AParc-to-ASeg aparc.a2009s Tue Mar 10 00:56:11 CET 2026
#@# AParc-to-ASeg aparc.DKTatlas Tue Mar 10 00:57:19 CET 2026
#@# WMParc Tue Mar 10 00:58:26 CET 2026
#@# ASeg Stats Tue Mar 10 01:02:34 CET 2026
recon-all -s sub-v1s2x0051467_ses-1 finished without error at Tue Mar 10 01:03:18 CET 2026
