status file for recon-all
Wed Mar 11 23:00:25 CET 2026
#@# Tessellate lh Wed Mar 11 23:00:25 CET 2026
#@# Smooth1 lh Wed Mar 11 23:00:29 CET 2026
#@# Inflation1 lh Wed Mar 11 23:00:32 CET 2026
#@# QSphere lh Wed Mar 11 23:00:47 CET 2026
#@# Fix Topology lh Wed Mar 11 23:02:23 CET 2026
#@# Smooth2 lh Wed Mar 11 23:08:44 CET 2026
#@# Inflation2 lh Wed Mar 11 23:08:47 CET 2026
#@# Curv .H and .K lh Wed Mar 11 23:09:04 CET 2026
#@# Sphere lh Wed Mar 11 23:09:54 CET 2026
#@# Surf Reg lh Wed Mar 11 23:12:22 CET 2026
#@# Jacobian white lh Wed Mar 11 23:17:21 CET 2026
#@# AvgCurv lh Wed Mar 11 23:17:22 CET 2026
#@# Cortical Parc lh Wed Mar 11 23:17:23 CET 2026
#@# white curv lh Wed Mar 11 23:24:36 CET 2026
#@# white area lh Wed Mar 11 23:24:38 CET 2026
#@# pial curv lh Wed Mar 11 23:24:39 CET 2026
#@# pial area lh Wed Mar 11 23:24:42 CET 2026
#@# thickness lh Wed Mar 11 23:24:43 CET 2026
#@# area and vertex vol lh Wed Mar 11 23:25:19 CET 2026
#@# Curvature Stats lh Wed Mar 11 23:25:21 CET 2026
#@# Cortical Parc 2 lh Wed Mar 11 23:25:24 CET 2026
#@# Cortical Parc 3 lh Wed Mar 11 23:25:40 CET 2026
#@# WM/GM Contrast lh Wed Mar 11 23:25:51 CET 2026
recon-all -s sub-v1s2x0051483_ses-1 finished without error at Wed Mar 11 23:25:55 CET 2026



#New# invocation of recon-all 



status file for recon-all
Wed Mar 11 23:56:04 CET 2026
#@# white curv lh Wed Mar 11 23:56:04 CET 2026
#@# white area lh Wed Mar 11 23:56:04 CET 2026
#@# pial curv lh Wed Mar 11 23:56:04 CET 2026
#@# pial area lh Wed Mar 11 23:56:04 CET 2026
#@# thickness lh Wed Mar 11 23:56:04 CET 2026
#@# area and vertex vol lh Wed Mar 11 23:56:04 CET 2026
#@# Parcellation Stats lh Wed Mar 11 23:56:04 CET 2026
#@# Parcellation Stats 2 lh Wed Mar 11 23:56:26 CET 2026
#@# Parcellation Stats 3 lh Wed Mar 11 23:56:38 CET 2026
#@# BA_exvivo Labels lh Wed Mar 11 23:56:49 CET 2026
recon-all -s sub-v1s2x0051483_ses-1 finished without error at Thu Mar 12 00:00:05 CET 2026
