status file for recon-all
Wed Mar 11 23:25:58 CET 2026
#@# Tessellate rh Wed Mar 11 23:25:58 CET 2026
#@# Smooth1 rh Wed Mar 11 23:26:02 CET 2026
#@# Inflation1 rh Wed Mar 11 23:26:05 CET 2026
#@# QSphere rh Wed Mar 11 23:26:21 CET 2026
#@# Fix Topology rh Wed Mar 11 23:27:49 CET 2026
#@# Smooth2 rh Wed Mar 11 23:34:47 CET 2026
#@# Inflation2 rh Wed Mar 11 23:34:51 CET 2026
#@# Curv .H and .K rh Wed Mar 11 23:35:07 CET 2026
#@# Sphere rh Wed Mar 11 23:35:57 CET 2026
#@# Surf Reg rh Wed Mar 11 23:37:57 CET 2026
#@# Jacobian white rh Wed Mar 11 23:43:04 CET 2026
#@# AvgCurv rh Wed Mar 11 23:43:05 CET 2026
#@# Cortical Parc rh Wed Mar 11 23:43:06 CET 2026
#@# white curv rh Wed Mar 11 23:50:02 CET 2026
#@# white area rh Wed Mar 11 23:50:04 CET 2026
#@# pial curv rh Wed Mar 11 23:50:05 CET 2026
#@# pial area rh Wed Mar 11 23:50:07 CET 2026
#@# thickness rh Wed Mar 11 23:50:08 CET 2026
#@# area and vertex vol rh Wed Mar 11 23:50:39 CET 2026
#@# Curvature Stats rh Wed Mar 11 23:50:41 CET 2026
#@# Cortical Parc 2 rh Wed Mar 11 23:50:44 CET 2026
#@# Cortical Parc 3 rh Wed Mar 11 23:51:01 CET 2026
#@# WM/GM Contrast rh Wed Mar 11 23:51:12 CET 2026
recon-all -s sub-v1s2x0051483_ses-1 finished without error at Wed Mar 11 23:51:16 CET 2026



#New# invocation of recon-all 



status file for recon-all
Thu Mar 12 00:00:08 CET 2026
#@# white curv rh Thu Mar 12 00:00:08 CET 2026
#@# white area rh Thu Mar 12 00:00:08 CET 2026
#@# pial curv rh Thu Mar 12 00:00:08 CET 2026
#@# pial area rh Thu Mar 12 00:00:08 CET 2026
#@# thickness rh Thu Mar 12 00:00:08 CET 2026
#@# area and vertex vol rh Thu Mar 12 00:00:08 CET 2026
#@# Parcellation Stats rh Thu Mar 12 00:00:08 CET 2026
#@# Parcellation Stats 2 rh Thu Mar 12 00:00:30 CET 2026
#@# Parcellation Stats 3 rh Thu Mar 12 00:00:41 CET 2026
#@# BA_exvivo Labels rh Thu Mar 12 00:00:52 CET 2026
recon-all -s sub-v1s2x0051483_ses-1 finished without error at Thu Mar 12 00:04:01 CET 2026
