status file for recon-all
Mon Mar  9 23:19:12 CET 2026
#@# Tessellate lh Mon Mar  9 23:19:12 CET 2026
#@# Smooth1 lh Mon Mar  9 23:19:16 CET 2026
#@# Inflation1 lh Mon Mar  9 23:19:19 CET 2026
#@# QSphere lh Mon Mar  9 23:19:37 CET 2026
#@# Fix Topology lh Mon Mar  9 23:21:04 CET 2026
#@# Smooth2 lh Mon Mar  9 23:30:37 CET 2026
#@# Inflation2 lh Mon Mar  9 23:30:41 CET 2026
#@# Curv .H and .K lh Mon Mar  9 23:30:59 CET 2026
#@# Sphere lh Mon Mar  9 23:32:02 CET 2026
#@# Surf Reg lh Mon Mar  9 23:35:00 CET 2026
#@# Jacobian white lh Mon Mar  9 23:41:54 CET 2026
#@# AvgCurv lh Mon Mar  9 23:41:55 CET 2026
#@# Cortical Parc lh Mon Mar  9 23:41:57 CET 2026
#@# white curv lh Mon Mar  9 23:49:39 CET 2026
#@# white area lh Mon Mar  9 23:49:42 CET 2026
#@# pial curv lh Mon Mar  9 23:49:42 CET 2026
#@# pial area lh Mon Mar  9 23:49:45 CET 2026
#@# thickness lh Mon Mar  9 23:49:46 CET 2026
#@# area and vertex vol lh Mon Mar  9 23:50:26 CET 2026
#@# Curvature Stats lh Mon Mar  9 23:50:28 CET 2026
#@# Cortical Parc 2 lh Mon Mar  9 23:50:31 CET 2026
#@# Cortical Parc 3 lh Mon Mar  9 23:50:48 CET 2026
#@# WM/GM Contrast lh Mon Mar  9 23:51:01 CET 2026
recon-all -s sub-v1s2x0051457_ses-1 finished without error at Mon Mar  9 23:51:05 CET 2026



#New# invocation of recon-all 



status file for recon-all
Tue Mar 10 00:26:29 CET 2026
#@# white curv lh Tue Mar 10 00:26:29 CET 2026
#@# white area lh Tue Mar 10 00:26:29 CET 2026
#@# pial curv lh Tue Mar 10 00:26:29 CET 2026
#@# pial area lh Tue Mar 10 00:26:29 CET 2026
#@# thickness lh Tue Mar 10 00:26:29 CET 2026
#@# area and vertex vol lh Tue Mar 10 00:26:29 CET 2026
#@# Parcellation Stats lh Tue Mar 10 00:26:29 CET 2026
#@# Parcellation Stats 2 lh Tue Mar 10 00:26:59 CET 2026
#@# Parcellation Stats 3 lh Tue Mar 10 00:27:14 CET 2026
#@# BA_exvivo Labels lh Tue Mar 10 00:27:29 CET 2026
recon-all -s sub-v1s2x0051457_ses-1 finished without error at Tue Mar 10 00:30:38 CET 2026
