/out/sourcedata/freesurfer/sub-v1s2x0051474_ses-1/mri
/opt/freesurfer/bin/talairach_avi
--i orig_nu.mgz --xfm transforms/talairach.auto.xfm
talairach_avi 7.3.2
Linux dna078 5.14.0-427.37.1.el9_4.x86_64 #1 SMP PREEMPT_DYNAMIC Fri Sep 13 12:41:50 EDT 2024 x86_64 x86_64 x86_64 GNU/Linux
Mon Mar  9 21:44:55 CET 2026
mri_convert orig_nu.mgz talsrcimg.img 
reading from orig_nu.mgz...
TR=0.00, TE=0.00, TI=0.00, flip angle=0.00
i_ras = (-1, 0, 0)
j_ras = (0, 0, -1)
k_ras = (0, 1, 0)
writing to talsrcimg.img...
Analyze Output Matrix
-1.00000   0.00000   0.00000   130.85593;
 0.00000   0.00000   1.00000  -66.30508;
 0.00000  -1.00000   0.00000   98.81357;
 0.00000   0.00000   0.00000   1.00000;
--------------------
INFO: set hdr.hist.orient to -1
mpr2mni305 talsrcimg
Mon Mar  9 21:44:56 CET 2026
/opt/freesurfer/bin/mpr2mni305 talsrcimg
mpr2mni305 7.3.2
target=711-2C_as_mni_average_305

---------------------------------------------------------------------
analyzeto4dfp talsrcimg -O0 -y
---------------------------------------------------------------------

freesurfer ifh2hdr.c
Mon Mar  9 21:44:56 2026
Writing: talsrcimg.4dfp.hdr
freesurfer analyzeto4dfp.c
Reading: talsrcimg.hdr
header size 348 bytes
hdr.dime.datatype	offset=70	value=2
hdr.dime.bitpix		offset=72	value=8
hdr.hist.orient		offset=252	value=-1
dimensionality     4
dimensions       256       256       256         1
Reading: talsrcimg.img
Writing: talsrcimg.4dfp.img
Writing: talsrcimg.4dfp.ifh
ifh2hdr talsrcimg -r0to255
ori=2

---------------------------------------------------------------------
gauss_4dfp talsrcimg 1.1
---------------------------------------------------------------------

freesurfer gauss_4dfp.c
Reading: talsrcimg.4dfp.img
Writing: talsrcimg_g11.4dfp.img
image dimensions 256 256 256 padded to 288 288 288
processing volume 1freesurfer ifh2hdr.c
Mon Mar  9 21:44:57 2026
Writing: talsrcimg_g11.4dfp.hdr

Writing: talsrcimg_g11.4dfp.ifh
including: talsrcimg.4dfp.img.rec in talsrcimg_g11.4dfp.img.rec

---------------------------------------------------------------------
imgreg_4dfp /opt/freesurfer/average/711-2C_as_mni_average_305 none talsrcimg_g11 none talsrcimg_to_711-2C_as_mni_average_305_t4 4355
---------------------------------------------------------------------

freesurfer imgreg_4dfp.c
/opt/freesurfer/average/711-2C_as_mni_average_305.4dfp.img
       256       256       256         1
  1.000000  1.000000  1.000000
orientation T byte_order littleendian
Reading image: /opt/freesurfer/average/711-2C_as_mni_average_305.4dfp.img
dimensions:      256       256       256
mmppix:       1.0000   -1.0000   -1.0000
center:     128.0000 -129.0000 -129.0000
talsrcimg_g11.4dfp.img
       256       256       256         1
  1.000000  1.000000  1.000000
orientation T byte_order littleendian
Reading image: talsrcimg_g11.4dfp.img
dimensions:      256       256       256
mmppix:       1.0000   -1.0000   -1.0000
center:     128.0000 -129.0000 -129.0000
t4_read: open error in t4_sub.f l:  41 t4_file(1:l)talsrcimg_to_711-2C_as_mni_average_305_t4 
t4_read: transform initialized to I4
rotation matrix determinant  1.000000
image alignment mode   4355 decimal     1103 hex
   -7.5000  -45.0000  -45.0000 6905.9155   11.9719
    0.0000  -45.0000  -45.0000 7206.0630   11.9667
    7.5000  -45.0000  -45.0000 6904.0850   11.9771
   -7.5000  -37.5000  -45.0000 7475.5132   11.6030
    0.0000  -37.5000  -45.0000 7798.9331   11.6010
    7.5000  -37.5000  -45.0000 7459.9146   11.6112
   -7.5000  -30.0000  -45.0000 8395.3818   11.3849
    0.0000  -30.0000  -45.0000 8770.6846   11.3822
    7.5000  -30.0000  -45.0000 8380.8623   11.3903
   -7.5000  -22.5000  -45.0000 9402.0527   11.2521
    0.0000  -22.5000  -45.0000 9819.9141   11.2453
    7.5000  -22.5000  -45.0000 9387.4463   11.2502
   -7.5000  -15.0000  -45.000010417.4980   11.1695
    0.0000  -15.0000  -45.000010859.6904   11.1605
    7.5000  -15.0000  -45.000010406.7783   11.1650
   -7.5000   -7.5000  -45.000011395.9385   11.1338
    0.0000   -7.5000  -45.000011895.6699   11.1263
    7.5000   -7.5000  -45.000011382.4062   11.1329
   -7.5000    0.0000  -45.000012302.7275   11.1291
    0.0000    0.0000  -45.000012858.5889   11.1254
    7.5000    0.0000  -45.000012291.2549   11.1344
   -7.5000    7.5000  -45.000012291.1289   11.1465
    0.0000    7.5000  -45.000012869.5400   11.1454
    7.5000    7.5000  -45.000012301.7744   11.1546
   -7.5000   15.0000  -45.000012213.4229   11.1592
    0.0000   15.0000  -45.000012754.3574   11.1569
    7.5000   15.0000  -45.000012175.3223   11.1641
   -7.5000   22.5000  -45.000011917.2686   11.1508
    0.0000   22.5000  -45.000012451.1465   11.1447
    7.5000   22.5000  -45.000011850.3027   11.1494
   -7.5000   30.0000  -45.000011413.1094   10.9884
    0.0000   30.0000  -45.000011927.5498   10.9798
    7.5000   30.0000  -45.000011337.8232   10.9840
   -7.5000   37.5000  -45.000011285.3887   10.9752
    0.0000   37.5000  -45.000011767.3125   10.9680
    7.5000   37.5000  -45.000011194.3994   10.9745
   -7.5000   45.0000  -45.000010745.3613   10.7019
    0.0000   45.0000  -45.000011219.0371   10.6984
    7.5000   45.0000  -45.000010672.2578   10.7071
   -7.5000  -45.0000  -37.5000 7190.3564   11.9423
    0.0000  -45.0000  -37.5000 7494.3594   11.9460
    7.5000  -45.0000  -37.5000 7157.0820   11.9547
   -7.5000  -37.5000  -37.5000 7790.0278   11.5788
    0.0000  -37.5000  -37.5000 8126.5894   11.5852
    7.5000  -37.5000  -37.5000 7755.6050   11.5920
   -7.5000  -30.0000  -37.5000 8777.3359   11.3609
    0.0000  -30.0000  -37.5000 9162.7207   11.3658
    7.5000  -30.0000  -37.5000 8751.9951   11.3709
   -7.5000  -22.5000  -37.5000 9852.1064   11.2269
    0.0000  -22.5000  -37.500010293.8340   11.2272
    7.5000  -22.5000  -37.5000 9826.3711   11.2308
   -7.5000  -15.0000  -37.500010908.4570   11.1451
    0.0000  -15.0000  -37.500011381.6670   11.1435
    7.5000  -15.0000  -37.500010881.4268   11.1482
   -7.5000   -7.5000  -37.500011939.6113   11.1110
    0.0000   -7.5000  -37.500012462.8369   11.1115
    7.5000   -7.5000  -37.500011900.4502   11.1182
   -7.5000    0.0000  -37.500012879.7920   11.1083
    0.0000    0.0000  -37.500013447.7852   11.1125
    7.5000    0.0000  -37.500012854.6963   11.1199
   -7.5000    7.5000  -37.500012862.1230   11.1259
    0.0000    7.5000  -37.500013444.9365   11.1325
    7.5000    7.5000  -37.500012863.5000   11.1386
   -7.5000   15.0000  -37.500012768.9873   11.1362
    0.0000   15.0000  -37.500013321.9590   11.1411
    7.5000   15.0000  -37.500012717.2295   11.1455
   -7.5000   22.5000  -37.500012462.8691   11.1262
    0.0000   22.5000  -37.500013001.4570   11.1269
    7.5000   22.5000  -37.500012397.5781   11.1304
   -7.5000   30.0000  -37.500011908.5420   10.9645
    0.0000   30.0000  -37.500012439.4697   10.9631
    7.5000   30.0000  -37.500011860.4531   10.9676
   -7.5000   37.5000  -37.500011780.0020   10.9528
    0.0000   37.5000  -37.500012282.2168   10.9533
    7.5000   37.5000  -37.500011715.3750   10.9599
   -7.5000   45.0000  -37.500011233.9883   10.6820
    0.0000   45.0000  -37.500011703.7402   10.6860
    7.5000   45.0000  -37.500011157.8555   10.6931
   -7.5000  -45.0000  -30.0000 7587.5552   12.4300
    0.0000  -45.0000  -30.0000 7915.0127   12.4380
    7.5000  -45.0000  -30.0000 7548.7520   12.4452
   -7.5000  -37.5000  -30.0000 8229.5957   12.0507
    0.0000  -37.5000  -30.0000 8588.5361   12.0600
    7.5000  -37.5000  -30.0000 8189.3311   12.0650
   -7.5000  -30.0000  -30.0000 9282.8525   11.8207
    0.0000  -30.0000  -30.0000 9698.1943   11.8275
    7.5000  -30.0000  -30.0000 9251.0283   11.8318
   -7.5000  -22.5000  -30.000010432.0596   11.6799
    0.0000  -22.5000  -30.000010890.7090   11.6821
    7.5000  -22.5000  -30.000010402.9648   11.6865
   -7.5000  -15.0000  -30.000011549.9336   11.5971
    0.0000  -15.0000  -30.000012038.4902   11.5981
    7.5000  -15.0000  -30.000011524.9219   11.6041
   -7.5000   -7.5000  -30.000012664.8291   11.5650
    0.0000   -7.5000  -30.000013192.3799   11.5690
    7.5000   -7.5000  -30.000012624.7793   11.5758
   -7.5000    0.0000  -30.000013689.0518   11.5641
    0.0000    0.0000  -30.000014274.1729   11.5718
    7.5000    0.0000  -30.000013663.9932   11.5778
   -7.5000    7.5000  -30.000013671.7998   11.5807
    0.0000    7.5000  -30.000014266.8857   11.5899
    7.5000    7.5000  -30.000013658.2637   11.5943
   -7.5000   15.0000  -30.000013550.2236   11.5873
    0.0000   15.0000  -30.000014133.5859   11.5942
    7.5000   15.0000  -30.000013510.2197   11.5977
   -7.5000   22.5000  -30.000013220.7979   11.5741
    0.0000   22.5000  -30.000013796.9258   11.5767
    7.5000   22.5000  -30.000013158.0537   11.5809
   -7.5000   30.0000  -30.000012654.3604   11.4102
    0.0000   30.0000  -30.000013216.2246   11.4114
    7.5000   30.0000  -30.000012607.8672   11.4172
   -7.5000   37.5000  -30.000012513.0830   11.4015
    0.0000   37.5000  -30.000013057.2461   11.4054
    7.5000   37.5000  -30.000012444.7500   11.4121
   -7.5000   45.0000  -30.000011901.5908   11.1285
    0.0000   45.0000  -30.000012398.5957   11.1359
    7.5000   45.0000  -30.000011817.5605   11.1416
   -7.5000  -45.0000  -22.5000 7954.9912   12.8690
    0.0000  -45.0000  -22.5000 8307.8145   12.8712
    7.5000  -45.0000  -22.5000 7925.1816   12.8790
   -7.5000  -37.5000  -22.5000 8635.6680   12.4718
    0.0000  -37.5000  -22.5000 9021.3877   12.4750
    7.5000  -37.5000  -22.5000 8605.4385   12.4817
   -7.5000  -30.0000  -22.5000 9766.7480   12.2338
    0.0000  -30.0000  -22.500010196.7119   12.2342
    7.5000  -30.0000  -22.5000 9737.4922   12.2403
   -7.5000  -22.5000  -22.500010984.9707   12.0901
    0.0000  -22.5000  -22.500011460.2930   12.0859
    7.5000  -22.5000  -22.500010967.9141   12.0921
   -7.5000  -15.0000  -22.500012196.3330   12.0053
    0.0000  -15.0000  -22.500012716.7676   12.0002
    7.5000  -15.0000  -22.500012167.2891   12.0072
   -7.5000   -7.5000  -22.500013358.6670   11.9721
    0.0000   -7.5000  -22.500013926.1240   11.9703
    7.5000   -7.5000  -22.500013342.2119   11.9772
   -7.5000    0.0000  -22.500014465.4346   11.9694
    0.0000    0.0000  -22.500015104.9941   11.9718
    7.5000    0.0000  -22.500014482.3193   11.9783
   -7.5000    7.5000  -22.500014469.5625   11.9849
    0.0000    7.5000  -22.500015121.2783   11.9885
    7.5000    7.5000  -22.500014488.4492   11.9943
   -7.5000   15.0000  -22.500014330.5811   11.9923
    0.0000   15.0000  -22.500014991.0898   11.9931
    7.5000   15.0000  -22.500014334.2383   11.9984
   -7.5000   22.5000  -22.500013968.1309   11.9795
    0.0000   22.5000  -22.500014603.5850   11.9759
    7.5000   22.5000  -22.500013944.0342   11.9819
   -7.5000   30.0000  -22.500013416.2637   11.8136
    0.0000   30.0000  -22.500014016.0342   11.8088
    7.5000   30.0000  -22.500013371.2764   11.8156
   -7.5000   37.5000  -22.500013246.0361   11.8045
    0.0000   37.5000  -22.500013829.4727   11.8029
    7.5000   37.5000  -22.500013171.8213   11.8096
   -7.5000   45.0000  -22.500012547.8164   11.5271
    0.0000   45.0000  -22.500013095.3779   11.5294
    7.5000   45.0000  -22.500012465.2168   11.5357
   -7.5000  -45.0000  -15.0000 8281.3350   13.1998
    0.0000  -45.0000  -15.0000 8665.0039   13.1920
    7.5000  -45.0000  -15.0000 8274.5996   13.2013
   -7.5000  -37.5000  -15.0000 9002.0176   12.7883
    0.0000  -37.5000  -15.0000 9404.2109   12.7826
    7.5000  -37.5000  -15.0000 8993.8906   12.7923
   -7.5000  -30.0000  -15.000010219.3037   12.5456
    0.0000  -30.0000  -15.000010656.0469   12.5379
    7.5000  -30.0000  -15.000010199.7588   12.5470
   -7.5000  -22.5000  -15.000011519.1455   12.4006
    0.0000  -22.5000  -15.000012000.5361   12.3886
    7.5000  -22.5000  -15.000011509.5146   12.3964
   -7.5000  -15.0000  -15.000012831.9199   12.3132
    0.0000  -15.0000  -15.000013360.6650   12.2999
    7.5000  -15.0000  -15.000012802.3203   12.3068
   -7.5000   -7.5000  -15.000014055.3447   12.2771
    0.0000   -7.5000  -15.000014634.8086   12.2664
    7.5000   -7.5000  -15.000014057.0039   12.2732
   -7.5000    0.0000  -15.000015249.1973   12.2719
    0.0000    0.0000  -15.000015885.8545   12.2655
    7.5000    0.0000  -15.000015285.6660   12.2733
   -7.5000    7.5000  -15.000015271.4736   12.2873
    0.0000    7.5000  -15.000015928.9062   12.2828
    7.5000    7.5000  -15.000015293.7637   12.2912
   -7.5000   15.0000  -15.000015139.4023   12.2977
    0.0000   15.0000  -15.000015821.0156   12.2908
    7.5000   15.0000  -15.000015153.5576   12.2988
   -7.5000   22.5000  -15.000014737.3320   12.2864
    0.0000   22.5000  -15.000015396.9248   12.2752
    7.5000   22.5000  -15.000014743.8428   12.2827
   -7.5000   30.0000  -15.000014182.0420   12.1183
    0.0000   30.0000  -15.000014787.8701   12.1053
    7.5000   30.0000  -15.000014132.6553   12.1121
   -7.5000   37.5000  -15.000013980.8906   12.1070
    0.0000   37.5000  -15.000014581.0664   12.0965
    7.5000   37.5000  -15.000013885.3369   12.1032
   -7.5000   45.0000  -15.000013209.0352   11.8255
    0.0000   45.0000  -15.000013786.3311   11.8194
    7.5000   45.0000  -15.000013108.7324   11.8269
   -7.5000  -45.0000   -7.5000 8625.6328   13.3610
    0.0000  -45.0000   -7.5000 9028.1387   13.3493
    7.5000  -45.0000   -7.5000 8623.9746   13.3601
   -7.5000  -37.5000   -7.5000 9389.8223   12.9451
    0.0000  -37.5000   -7.5000 9816.8535   12.9367
    7.5000  -37.5000   -7.5000 9388.3135   12.9484
   -7.5000  -30.0000   -7.500010651.1914   12.7008
    0.0000  -30.0000   -7.500011133.9668   12.6915
    7.5000  -30.0000   -7.500010654.9678   12.7020
   -7.5000  -22.5000   -7.500012022.4150   12.5544
    0.0000  -22.5000   -7.500012551.7764   12.5410
    7.5000  -22.5000   -7.500012036.8701   12.5484
   -7.5000  -15.0000   -7.500013417.3750   12.4643
    0.0000  -15.0000   -7.500013989.5586   12.4489
    7.5000  -15.0000   -7.500013432.9697   12.4546
   -7.5000   -7.5000   -7.500014779.5850   12.4256
    0.0000   -7.5000   -7.500015403.4033   12.4122
    7.5000   -7.5000   -7.500014826.0879   12.4187
   -7.5000    0.0000   -7.500016081.0986   12.4195
    0.0000    0.0000   -7.500016772.9043   12.4101
    7.5000    0.0000   -7.500016135.0400   12.4192
   -7.5000    7.5000   -7.500016120.0332   12.4366
    0.0000    7.5000   -7.500016803.8496   12.4295
    7.5000    7.5000   -7.500016149.4287   12.4400
   -7.5000   15.0000   -7.500016001.7998   12.4496
    0.0000   15.0000   -7.500016771.4004   12.4410
    7.5000   15.0000   -7.500016016.8545   12.4504
   -7.5000   22.5000   -7.500015648.1250   12.4374
    0.0000   22.5000   -7.500016405.3965   12.4249
    7.5000   22.5000   -7.500015646.3535   12.4320
   -7.5000   30.0000   -7.500015051.2500   12.2666
    0.0000   30.0000   -7.500015709.4971   12.2517
    7.5000   30.0000   -7.500014926.0713   12.2573
   -7.5000   37.5000   -7.500014778.1699   12.2532
    0.0000   37.5000   -7.500015407.4385   12.2400
    7.5000   37.5000   -7.500014575.3066   12.2464
   -7.5000   45.0000   -7.500013890.6318   11.9700
    0.0000   45.0000   -7.500014486.6660   11.9610
    7.5000   45.0000   -7.500013693.8086   11.9698
   -7.5000  -45.0000    0.0000 8857.4229   13.3711
    0.0000  -45.0000    0.0000 9248.7998   13.3653
    7.5000  -45.0000    0.0000 8869.2129   13.3768
   -7.5000  -37.5000    0.0000 9721.4385   12.9599
    0.0000  -37.5000    0.000010124.6045   12.9579
    7.5000  -37.5000    0.0000 9737.7422   12.9690
   -7.5000  -30.0000    0.000011064.9951   12.7173
    0.0000  -30.0000    0.000011509.1631   12.7144
    7.5000  -30.0000    0.000011073.5625   12.7233
   -7.5000  -22.5000    0.000012514.1455   12.5697
    0.0000  -22.5000    0.000013011.9189   12.5621
    7.5000  -22.5000    0.000012519.5371   12.5675
   -7.5000  -15.0000    0.000014004.5469   12.4775
    0.0000  -15.0000    0.000014590.0771   12.4675
    7.5000  -15.0000    0.000014011.2920   12.4723
   -7.5000   -7.5000    0.000015497.9766   12.4371
    0.0000   -7.5000    0.000016215.7803   12.4288
    7.5000   -7.5000    0.000015525.7803   12.4361
   -7.5000    0.0000    0.000016900.2715   12.4314
    0.0000    0.0000    0.000017739.8672   12.4274
    7.5000    0.0000    0.000016902.9102   12.4373
   -7.5000    7.5000    0.000016960.0781   12.4510
    0.0000    7.5000    0.000017754.0000   12.4499
    7.5000    7.5000    0.000016881.8633   12.4600
   -7.5000   15.0000    0.000016825.2305   12.4657
    0.0000   15.0000    0.000017685.8477   12.4632
    7.5000   15.0000    0.000016718.9512   12.4710
   -7.5000   22.5000    0.000016548.7090   12.4528
    0.0000   22.5000    0.000017526.0215   12.4459
    7.5000   22.5000    0.000016406.9336   12.4511
   -7.5000   30.0000    0.000015886.6377   12.2800
    0.0000   30.0000    0.000016726.4395   12.2704
    7.5000   30.0000    0.000015651.1807   12.2751
   -7.5000   37.5000    0.000015502.5400   12.2648
    0.0000   37.5000    0.000016199.0723   12.2567
    7.5000   37.5000    0.000015216.6914   12.2639
   -7.5000   45.0000    0.000014489.0166   11.9825
    0.0000   45.0000    0.000015093.7812   11.9786
    7.5000   45.0000    0.000014254.4346   11.9882
   -7.5000  -45.0000    7.5000 8378.7607   13.3617
    0.0000  -45.0000    7.5000 8790.2471   13.3660
    7.5000  -45.0000    7.5000 8391.3350   13.3756
   -7.5000  -37.5000    7.5000 9248.3984   12.9551
    0.0000  -37.5000    7.5000 9699.0205   12.9623
    7.5000  -37.5000    7.5000 9255.7500   12.9699
   -7.5000  -30.0000    7.500010594.8115   12.7115
    0.0000  -30.0000    7.500011090.9062   12.7169
    7.5000  -30.0000    7.500010564.1533   12.7227
   -7.5000  -22.5000    7.500012052.0410   12.5615
    0.0000  -22.5000    7.500012614.1357   12.5618
    7.5000  -22.5000    7.500011977.9004   12.5659
   -7.5000  -15.0000    7.500013544.5645   12.4700
    0.0000  -15.0000    7.500014181.2646   12.4682
    7.5000  -15.0000    7.500013438.8545   12.4734
   -7.5000   -7.5000    7.500015011.6025   12.4318
    0.0000   -7.5000    7.500015773.6328   12.4323
    7.5000   -7.5000    7.500014914.6787   12.4398
   -7.5000    0.0000    7.500016333.4639   12.4287
    0.0000    0.0000    7.500017156.4766   12.4335
    7.5000    0.0000    7.500016220.5859   12.4417
   -7.5000    7.5000    7.500016338.6104   12.4485
    0.0000    7.5000    7.500017032.1758   12.4559
    7.5000    7.5000    7.500016154.2969   12.4627
   -7.5000   15.0000    7.500016093.8115   12.4600
    0.0000   15.0000    7.500016863.4844   12.4656
    7.5000   15.0000    7.500015929.3115   12.4705
   -7.5000   22.5000    7.500015748.6338   12.4448
    0.0000   22.5000    7.500016568.1719   12.4457
    7.5000   22.5000    7.500015616.9004   12.4495
   -7.5000   30.0000    7.500015118.7197   12.2726
    0.0000   30.0000    7.500015853.0527   12.2711
    7.5000   30.0000    7.500014962.1641   12.2761
   -7.5000   37.5000    7.500014839.8154   12.2595
    0.0000   37.5000    7.500015501.2803   12.2601
    7.5000   37.5000    7.500014674.5381   12.2675
   -7.5000   45.0000    7.500013939.1855   11.9799
    0.0000   45.0000    7.500014534.3643   11.9844
    7.5000   45.0000    7.500013792.3096   11.9924
   -7.5000  -45.0000   15.0000 7800.3525   13.3776
    0.0000  -45.0000   15.0000 8174.4009   13.3860
    7.5000  -45.0000   15.0000 7795.8276   13.3935
   -7.5000  -37.5000   15.0000 8682.3525   12.9704
    0.0000  -37.5000   15.0000 9087.6104   12.9801
    7.5000  -37.5000   15.0000 8642.8545   12.9853
   -7.5000  -30.0000   15.0000 9996.1133   12.7241
    0.0000  -30.0000   15.000010460.2266   12.7311
    7.5000  -30.0000   15.0000 9905.7900   12.7356
   -7.5000  -22.5000   15.000011361.8955   12.5732
    0.0000  -22.5000   15.000011905.6035   12.5753
    7.5000  -22.5000   15.000011241.0068   12.5799
   -7.5000  -15.0000   15.000012724.7188   12.4839
    0.0000  -15.0000   15.000013343.1191   12.4848
    7.5000  -15.0000   15.000012590.0283   12.4910
   -7.5000   -7.5000   15.000014066.1426   12.4492
    0.0000   -7.5000   15.000014785.7646   12.4532
    7.5000   -7.5000   15.000013964.5547   12.4603
   -7.5000    0.0000   15.000015230.5947   12.4480
    0.0000    0.0000   15.000016007.3359   12.4561
    7.5000    0.0000   15.000015156.9414   12.4623
   -7.5000    7.5000   15.000015196.6514   12.4658
    0.0000    7.5000   15.000015889.0098   12.4755
    7.5000    7.5000   15.000015084.3896   12.4801
   -7.5000   15.0000   15.000014977.4268   12.4731
    0.0000   15.0000   15.000015693.4805   12.4803
    7.5000   15.0000   15.000014902.4756   12.4839
   -7.5000   22.5000   15.000014653.1787   12.4563
    0.0000   22.5000   15.000015290.8359   12.4588
    7.5000   22.5000   15.000014600.3564   12.4632
   -7.5000   30.0000   15.000014069.5879   12.2863
    0.0000   30.0000   15.000014593.1465   12.2873
    7.5000   30.0000   15.000014025.0107   12.2934
   -7.5000   37.5000   15.000013909.4121   12.2767
    0.0000   37.5000   15.000014402.5088   12.2807
    7.5000   37.5000   15.000013823.3145   12.2877
   -7.5000   45.0000   15.000013144.1113   11.9985
    0.0000   45.0000   15.000013622.8877   12.0062
    7.5000   45.0000   15.000013040.4648   12.0123
   -7.5000  -45.0000   22.5000 7123.4771   13.4790
    0.0000  -45.0000   22.5000 7441.3501   13.4808
    7.5000  -45.0000   22.5000 7093.8965   13.4887
   -7.5000  -37.5000   22.5000 7957.5010   13.0636
    0.0000  -37.5000   22.5000 8314.0273   13.0665
    7.5000  -37.5000   22.5000 7901.2954   13.0732
   -7.5000  -30.0000   22.5000 9175.1182   12.8158
    0.0000  -30.0000   22.5000 9591.3711   12.8158
    7.5000  -30.0000   22.5000 9093.3564   12.8219
   -7.5000  -22.5000   22.500010413.1758   12.6664
    0.0000  -22.5000   22.500010893.5752   12.6616
    7.5000  -22.5000   22.500010327.9639   12.6679
   -7.5000  -15.0000   22.500011659.7842   12.5764
    0.0000  -15.0000   22.500012190.6836   12.5707
    7.5000  -15.0000   22.500011561.5430   12.5778
   -7.5000   -7.5000   22.500012890.9141   12.5409
    0.0000   -7.5000   22.500013487.1650   12.5387
    7.5000   -7.5000   22.500012825.6328   12.5457
   -7.5000    0.0000   22.500013985.4482   12.5382
    0.0000    0.0000   22.500014614.5234   12.5403
    7.5000    0.0000   22.500013944.3574   12.5468
   -7.5000    7.5000   22.500013999.8330   12.5550
    0.0000    7.5000   22.500014609.1221   12.5584
    7.5000    7.5000   22.500013932.3242   12.5642
   -7.5000   15.0000   22.500013856.6572   12.5632
    0.0000   15.0000   22.500014504.4082   12.5637
    7.5000   15.0000   22.500013818.4961   12.5689
   -7.5000   22.5000   22.500013603.4531   12.5477
    0.0000   22.5000   22.500014155.9854   12.5435
    7.5000   22.5000   22.500013549.5029   12.5495
   -7.5000   30.0000   22.500013111.9023   12.3770
    0.0000   30.0000   22.500013603.4951   12.3716
    7.5000   30.0000   22.500013049.8467   12.3785
   -7.5000   37.5000   22.500012992.2783   12.3671
    0.0000   37.5000   22.500013481.2422   12.3650
    7.5000   37.5000   22.500012894.3340   12.3718
   -7.5000   45.0000   22.500012297.3965   12.0854
    0.0000   45.0000   22.500012742.9717   12.0874
    7.5000   45.0000   22.500012173.8691   12.0937
   -7.5000  -45.0000   30.0000 6441.6860   13.7550
    0.0000  -45.0000   30.0000 6694.1890   13.7463
    7.5000  -45.0000   30.0000 6407.5664   13.7555
   -7.5000  -37.5000   30.0000 7193.7549   13.3211
    0.0000  -37.5000   30.0000 7484.0200   13.3145
    7.5000  -37.5000   30.0000 7158.2178   13.3240
   -7.5000  -30.0000   30.0000 8308.3350   13.0670
    0.0000  -30.0000   30.0000 8659.5205   13.0584
    7.5000  -30.0000   30.0000 8262.6738   13.0673
   -7.5000  -22.5000   30.0000 9453.6641   12.9163
    0.0000  -22.5000   30.0000 9858.0762   12.9032
    7.5000  -22.5000   30.0000 9403.3613   12.9109
   -7.5000  -15.0000   30.000010598.8164   12.8225
    0.0000  -15.0000   30.000011058.1309   12.8080
    7.5000  -15.0000   30.000010548.0693   12.8150
   -7.5000   -7.5000   30.000011740.6348   12.7839
    0.0000   -7.5000   30.000012254.7578   12.7723
    7.5000   -7.5000   30.000011704.1572   12.7790
   -7.5000    0.0000   30.000012765.6621   12.7789
    0.0000    0.0000   30.000013331.9414   12.7717
    7.5000    0.0000   30.000012727.9131   12.7794
   -7.5000    7.5000   30.000012836.3105   12.7959
    0.0000    7.5000   30.000013392.1602   12.7905
    7.5000    7.5000   30.000012778.4873   12.7988
   -7.5000   15.0000   30.000012729.8086   12.8068
    0.0000   15.0000   30.000013287.4482   12.7989
    7.5000   15.0000   30.000012676.8027   12.8068
   -7.5000   22.5000   30.000012482.3984   12.7930
    0.0000   22.5000   30.000012971.4609   12.7807
    7.5000   22.5000   30.000012418.5664   12.7881
   -7.5000   30.0000   30.000012056.1738   12.6185
    0.0000   30.0000   30.000012511.2939   12.6045
    7.5000   30.0000   30.000011998.7402   12.6113
   -7.5000   37.5000   30.000012001.4990   12.6065
    0.0000   37.5000   30.000012467.5576   12.5951
    7.5000   37.5000   30.000011919.8975   12.6017
   -7.5000   45.0000   30.000011393.9004   12.3174
    0.0000   45.0000   30.000011819.4277   12.3105
    7.5000   45.0000   30.000011287.7139   12.3178
   -7.5000  -45.0000   37.5000 6094.5610   14.2462
    0.0000  -45.0000   37.5000 6315.3838   14.2331
    7.5000  -45.0000   37.5000 6062.2544   14.2434
   -7.5000  -37.5000   37.5000 6803.4922   13.7780
    0.0000  -37.5000   37.5000 7057.1855   13.7681
    7.5000  -37.5000   37.5000 6779.1143   13.7790
   -7.5000  -30.0000   37.5000 7883.3442   13.5085
    0.0000  -30.0000   37.5000 8186.5669   13.4977
    7.5000  -30.0000   37.5000 7852.4468   13.5070
   -7.5000  -22.5000   37.5000 8985.6143   13.3541
    0.0000  -22.5000   37.5000 9356.6426   13.3392
    7.5000  -22.5000   37.5000 8950.8525   13.3452
   -7.5000  -15.0000   37.500010101.6895   13.2578
    0.0000  -15.0000   37.500010547.1484   13.2409
    7.5000  -15.0000   37.500010048.2207   13.2455
   -7.5000   -7.5000   37.500011193.9961   13.2162
    0.0000   -7.5000   37.500011693.6475   13.2014
    7.5000   -7.5000   37.500011152.0557   13.2071
   -7.5000    0.0000   37.500012192.6777   13.2067
    0.0000    0.0000   37.500012721.7354   13.1961
    7.5000    0.0000   37.500012146.6201   13.2047
   -7.5000    7.5000   37.500012254.0371   13.2206
    0.0000    7.5000   37.500012789.2617   13.2123
    7.5000    7.5000   37.500012216.5557   13.2219
   -7.5000   15.0000   37.500012140.1514   13.2331
    0.0000   15.0000   37.500012661.0605   13.2230
    7.5000   15.0000   37.500012110.1748   13.2311
   -7.5000   22.5000   37.500011912.0674   13.2232
    0.0000   22.5000   37.500012384.7969   13.2091
    7.5000   22.5000   37.500011858.1201   13.2149
   -7.5000   30.0000   37.500011541.6309   13.0456
    0.0000   30.0000   37.500011990.9854   13.0292
    7.5000   30.0000   37.500011483.6924   13.0336
   -7.5000   37.5000   37.500011504.7734   13.0323
    0.0000   37.5000   37.500011961.0781   13.0178
    7.5000   37.5000   37.500011439.7266   13.0235
   -7.5000   45.0000   37.500010941.9307   12.7297
    0.0000   45.0000   37.500011353.4580   12.7195
    7.5000   45.0000   37.500010864.3271   12.7278
   -7.5000  -45.0000   45.0000 5530.1631   14.8060
    0.0000  -45.0000   45.0000 5738.7510   14.8034
    7.5000  -45.0000   45.0000 5490.8696   14.8126
   -7.5000  -37.5000   45.0000 6199.7124   14.3182
    0.0000  -37.5000   45.0000 6433.5903   14.3200
    7.5000  -37.5000   45.0000 6175.6323   14.3298
   -7.5000  -30.0000   45.0000 7188.3677   14.0310
    0.0000  -30.0000   45.0000 7480.2803   14.0322
    7.5000  -30.0000   45.0000 7161.1357   14.0398
   -7.5000  -22.5000   45.0000 8212.8594   13.8674
    0.0000  -22.5000   45.0000 8555.9209   13.8634
    7.5000  -22.5000   45.0000 8179.0195   13.8667
   -7.5000  -15.0000   45.0000 9250.7773   13.7651
    0.0000  -15.0000   45.0000 9654.1201   13.7578
    7.5000  -15.0000   45.0000 9210.7529   13.7598
   -7.5000   -7.5000   45.000010256.0156   13.7157
    0.0000   -7.5000   45.000010704.5674   13.7099
    7.5000   -7.5000   45.000010213.4316   13.7143
   -7.5000    0.0000   45.000011179.3574   13.7016
    0.0000    0.0000   45.000011663.8643   13.7006
    7.5000    0.0000   45.000011137.2422   13.7084
   -7.5000    7.5000   45.000011233.5625   13.7185
    0.0000    7.5000   45.000011726.8135   13.7210
    7.5000    7.5000   45.000011214.6768   13.7297
   -7.5000   15.0000   45.000011127.2598   13.7354
    0.0000   15.0000   45.000011590.3906   13.7368
    7.5000   15.0000   45.000011106.4189   13.7433
   -7.5000   22.5000   45.000010906.1416   13.7273
    0.0000   22.5000   45.000011350.5117   13.7240
    7.5000   22.5000   45.000010869.8750   13.7271
   -7.5000   30.0000   45.000010591.6768   13.5417
    0.0000   30.0000   45.000011015.7715   13.5348
    7.5000   30.0000   45.000010546.1074   13.5367
   -7.5000   37.5000   45.000010553.8633   13.5231
    0.0000   37.5000   45.000010986.0752   13.5175
    7.5000   37.5000   45.000010507.1826   13.5219
   -7.5000   45.0000   45.000010054.4316   13.2128
    0.0000   45.0000   45.000010444.4941   13.2118
    7.5000   45.0000   45.000010006.0010   13.2193

---------------------------------------------------------------------
imgreg_4dfp /opt/freesurfer/average/711-2C_as_mni_average_305 /opt/freesurfer/average/711-2B_as_mni_average_305_mask talsrcimg_g11 none talsrcimg_to_711-2C_as_mni_average_305_t4 4355
---------------------------------------------------------------------

freesurfer imgreg_4dfp.c
/opt/freesurfer/average/711-2C_as_mni_average_305.4dfp.img
       256       256       256         1
  1.000000  1.000000  1.000000
orientation T byte_order littleendian
Reading image: /opt/freesurfer/average/711-2C_as_mni_average_305.4dfp.img
dimensions:      256       256       256
mmppix:       1.0000   -1.0000   -1.0000
center:     128.0000 -129.0000 -129.0000
/opt/freesurfer/average/711-2B_as_mni_average_305_mask.4dfp.img
       256       256       256         1
  1.000000  1.000000  1.000000
orientation T byte_order littleendian
Reading mask: /opt/freesurfer/average/711-2B_as_mni_average_305_mask.4dfp.img (2306576 pixels)
talsrcimg_g11.4dfp.img
       256       256       256         1
  1.000000  1.000000  1.000000
orientation T byte_order littleendian
Reading image: talsrcimg_g11.4dfp.img
dimensions:      256       256       256
mmppix:       1.0000   -1.0000   -1.0000
center:     128.0000 -129.0000 -129.0000
rotation matrix determinant  1.000000
image alignment mode   4355 decimal     1103 hex
   -7.5000  -37.5000  -45.0000 2082.5115   15.3024
    0.0000  -37.5000  -45.0000 2091.1030   15.3420
    7.5000  -37.5000  -45.0000 2078.4207   15.4712
   -7.5000  -30.0000  -45.0000 2192.9185   13.7706
    0.0000  -30.0000  -45.0000 2203.4797   13.8217
    7.5000  -30.0000  -45.0000 2188.2104   13.9588
   -7.5000  -22.5000  -45.0000 2297.2300   12.5091
    0.0000  -22.5000  -45.0000 2305.4426   12.5331
    7.5000  -22.5000  -45.0000 2289.4993   12.6575
   -7.5000  -15.0000  -45.0000 2378.2361   11.5017
    0.0000  -15.0000  -45.0000 2383.7146   11.4978
    7.5000  -15.0000  -45.0000 2371.2551   11.6266
   -7.5000   -7.5000  -45.0000 2443.0879   10.7655
    0.0000   -7.5000  -45.0000 2450.6909   10.7465
    7.5000   -7.5000  -45.0000 2437.6140   10.8640
   -7.5000    0.0000  -45.0000 2477.3789   10.2713
    0.0000    0.0000  -45.0000 2485.7312   10.2440
    7.5000    0.0000  -45.0000 2474.1174   10.3607
   -7.5000    7.5000  -45.0000 2504.0000    9.9880
    0.0000    7.5000  -45.0000 2512.5164    9.9368
    7.5000    7.5000  -45.0000 2500.1909   10.0518
   -7.5000   15.0000  -45.0000 2512.8738    9.9061
    0.0000   15.0000  -45.0000 2524.1470    9.8375
    7.5000   15.0000  -45.0000 2509.6736    9.9524
   -7.5000   22.5000  -45.0000 2511.4985    9.9357
    0.0000   22.5000  -45.0000 2523.6692    9.8608
    7.5000   22.5000  -45.0000 2509.9946    9.9753
   -7.5000   30.0000  -45.0000 2500.8325   10.1414
    0.0000   30.0000  -45.0000 2516.9868   10.0471
    7.5000   30.0000  -45.0000 2501.1345   10.1531
   -7.5000   37.5000  -45.0000 2471.8853   10.4907
    0.0000   37.5000  -45.0000 2485.4780   10.4038
    7.5000   37.5000  -45.0000 2473.7622   10.5195
   -7.5000   45.0000  -45.0000 2419.8169   11.0430
    0.0000   45.0000  -45.0000 2437.6035   10.9584
    7.5000   45.0000  -45.0000 2421.3267   11.0809
   -7.5000   52.5000  -45.0000 2324.9861   11.7224
    0.0000   52.5000  -45.0000 2341.1851   11.6557
    7.5000   52.5000  -45.0000 2325.1638   11.7779
   -7.5000  -37.5000  -37.5000 2131.9312   14.6415
    0.0000  -37.5000  -37.5000 2138.8889   14.6819
    7.5000  -37.5000  -37.5000 2120.8027   14.8235
   -7.5000  -30.0000  -37.5000 2249.4536   13.1427
    0.0000  -30.0000  -37.5000 2258.5210   13.1802
    7.5000  -30.0000  -37.5000 2241.3037   13.3179
   -7.5000  -22.5000  -37.5000 2360.3486   11.9283
    0.0000  -22.5000  -37.5000 2371.0955   11.9427
    7.5000  -22.5000  -37.5000 2351.7659   12.0895
   -7.5000  -15.0000  -37.5000 2445.5662   10.9254
    0.0000  -15.0000  -37.5000 2455.4438   10.9178
    7.5000  -15.0000  -37.5000 2437.5659   11.0556
   -7.5000   -7.5000  -37.5000 2516.4932   10.1858
    0.0000   -7.5000  -37.5000 2523.8340   10.1588
    7.5000   -7.5000  -37.5000 2506.6160   10.2964
   -7.5000    0.0000  -37.5000 2558.9211    9.6440
    0.0000    0.0000  -37.5000 2565.3391    9.6332
    7.5000    0.0000  -37.5000 2550.5408    9.7287
   -7.5000    7.5000  -37.5000 2587.5161    9.3340
    0.0000    7.5000  -37.5000 2593.5259    9.3216
    7.5000    7.5000  -37.5000 2584.0386    9.4148
   -7.5000   15.0000  -37.5000 2605.7456    9.2343
    0.0000   15.0000  -37.5000 2615.8877    9.1764
    7.5000   15.0000  -37.5000 2599.6899    9.2958
   -7.5000   22.5000  -37.5000 2606.6797    9.2595
    0.0000   22.5000  -37.5000 2614.7820    9.2110
    7.5000   22.5000  -37.5000 2599.5249    9.3325
   -7.5000   30.0000  -37.5000 2593.8110    9.4494
    0.0000   30.0000  -37.5000 2607.3723    9.3755
    7.5000   30.0000  -37.5000 2592.9368    9.4887
   -7.5000   37.5000  -37.5000 2569.8206    9.7691
    0.0000   37.5000  -37.5000 2579.6897    9.6932
    7.5000   37.5000  -37.5000 2568.3569    9.8203
   -7.5000   45.0000  -37.5000 2517.2307   10.2659
    0.0000   45.0000  -37.5000 2531.4473   10.1908
    7.5000   45.0000  -37.5000 2517.3672   10.3239
   -7.5000   52.5000  -37.5000 2417.4097   10.8949
    0.0000   52.5000  -37.5000 2428.2979   10.8078
    7.5000   52.5000  -37.5000 2414.2520   10.9417
   -7.5000  -37.5000  -30.0000 2208.4570   14.5942
    0.0000  -37.5000  -30.0000 2215.6846   14.6370
    7.5000  -37.5000  -30.0000 2197.1790   14.7524
   -7.5000  -30.0000  -30.0000 2331.4368   13.0699
    0.0000  -30.0000  -30.0000 2340.5969   13.0927
    7.5000  -30.0000  -30.0000 2323.8049   13.2259
   -7.5000  -22.5000  -30.0000 2448.7002   11.8341
    0.0000  -22.5000  -30.0000 2459.8970   11.8284
    7.5000  -22.5000  -30.0000 2441.4663   11.9736
   -7.5000  -15.0000  -30.0000 2539.5852   10.8010
    0.0000  -15.0000  -30.0000 2549.9229   10.7644
    7.5000  -15.0000  -30.0000 2535.5095   10.9202
   -7.5000   -7.5000  -30.0000 2619.2900    9.9988
    0.0000   -7.5000  -30.0000 2629.7910    9.9506
    7.5000   -7.5000  -30.0000 2611.2019   10.1047
   -7.5000    0.0000  -30.0000 2676.8142    9.4115
    0.0000    0.0000  -30.0000 2687.8210    9.3741
    7.5000    0.0000  -30.0000 2671.5420    9.5035
   -7.5000    7.5000  -30.0000 2711.8853    9.0666
    0.0000    7.5000  -30.0000 2721.1323    9.0270
    7.5000    7.5000  -30.0000 2707.7942    9.1483
   -7.5000   15.0000  -30.0000 2738.0566    8.9315
    0.0000   15.0000  -30.0000 2745.9629    8.8829
    7.5000   15.0000  -30.0000 2731.3650    9.0064
   -7.5000   22.5000  -30.0000 2745.1194    8.9481
    0.0000   22.5000  -30.0000 2755.3059    8.8812
    7.5000   22.5000  -30.0000 2736.1714    9.0130
   -7.5000   30.0000  -30.0000 2738.4099    9.1277
    0.0000   30.0000  -30.0000 2748.9585    9.0557
    7.5000   30.0000  -30.0000 2733.9519    9.1706
   -7.5000   37.5000  -30.0000 2712.4041    9.4336
    0.0000   37.5000  -30.0000 2727.4656    9.3625
    7.5000   37.5000  -30.0000 2711.5967    9.4776
   -7.5000   45.0000  -30.0000 2659.1553    9.9071
    0.0000   45.0000  -30.0000 2672.4885    9.8240
    7.5000   45.0000  -30.0000 2656.6631    9.9534
   -7.5000   52.5000  -30.0000 2551.0093   10.4949
    0.0000   52.5000  -30.0000 2563.7427   10.4127
    7.5000   52.5000  -30.0000 2549.6404   10.5466
   -7.5000  -37.5000  -22.5000 2245.2063   14.5172
    0.0000  -37.5000  -22.5000 2255.8997   14.5031
    7.5000  -37.5000  -22.5000 2238.5110   14.6614
   -7.5000  -30.0000  -22.5000 2370.8914   12.9786
    0.0000  -30.0000  -22.5000 2382.7854   12.9510
    7.5000  -30.0000  -22.5000 2365.2261   13.1005
   -7.5000  -22.5000  -22.5000 2491.8403   11.7032
    0.0000  -22.5000  -22.5000 2506.3191   11.6483
    7.5000  -22.5000  -22.5000 2489.8848   11.8312
   -7.5000  -15.0000  -22.5000 2595.3552   10.6385
    0.0000  -15.0000  -22.5000 2609.3740   10.5634
    7.5000  -15.0000  -22.5000 2591.9138   10.7430
   -7.5000   -7.5000  -22.5000 2680.9050    9.7894
    0.0000   -7.5000  -22.5000 2693.6897    9.7205
    7.5000   -7.5000  -22.5000 2677.3228    9.8821
   -7.5000    0.0000  -22.5000 2750.5427    9.1745
    0.0000    0.0000  -22.5000 2764.5178    9.1144
    7.5000    0.0000  -22.5000 2749.3440    9.2679
   -7.5000    7.5000  -22.5000 2796.6719    8.7785
    0.0000    7.5000  -22.5000 2809.3137    8.7235
    7.5000    7.5000  -22.5000 2793.7827    8.8693
   -7.5000   15.0000  -22.5000 2827.9556    8.6238
    0.0000   15.0000  -22.5000 2843.3862    8.5558
    7.5000   15.0000  -22.5000 2825.3628    8.6876
   -7.5000   22.5000  -22.5000 2846.2500    8.6304
    0.0000   22.5000  -22.5000 2864.2837    8.5365
    7.5000   22.5000  -22.5000 2841.4639    8.6679
   -7.5000   30.0000  -22.5000 2845.9294    8.8019
    0.0000   30.0000  -22.5000 2860.6243    8.7056
    7.5000   30.0000  -22.5000 2842.3123    8.8150
   -7.5000   37.5000  -22.5000 2818.7844    9.0946
    0.0000   37.5000  -22.5000 2835.8369    9.0002
    7.5000   37.5000  -22.5000 2821.6069    9.1062
   -7.5000   45.0000  -22.5000 2760.4832    9.5211
    0.0000   45.0000  -22.5000 2779.0320    9.4315
    7.5000   45.0000  -22.5000 2762.9509    9.5613
   -7.5000   52.5000  -22.5000 2651.1899   10.0792
    0.0000   52.5000  -22.5000 2668.3931    9.9947
    7.5000   52.5000  -22.5000 2653.0229   10.1258
   -7.5000  -37.5000  -15.0000 2242.6099   14.5089
    0.0000  -37.5000  -15.0000 2257.0435   14.4309
    7.5000  -37.5000  -15.0000 2243.7483   14.6326
   -7.5000  -30.0000  -15.0000 2371.5544   12.9452
    0.0000  -30.0000  -15.0000 2386.8066   12.8298
    7.5000  -30.0000  -15.0000 2372.1672   13.0457
   -7.5000  -22.5000  -15.0000 2496.0330   11.6332
    0.0000  -22.5000  -15.0000 2513.7195   11.4985
    7.5000  -22.5000  -15.0000 2499.8625   11.7494
   -7.5000  -15.0000  -15.0000 2607.2502   10.5444
    0.0000  -15.0000  -15.0000 2625.5396   10.4049
    7.5000  -15.0000  -15.0000 2609.1270   10.6305
   -7.5000   -7.5000  -15.0000 2694.1597    9.6540
    0.0000   -7.5000  -15.0000 2709.6443    9.5283
    7.5000   -7.5000  -15.0000 2699.0530    9.7401
   -7.5000    0.0000  -15.0000 2772.5750    9.0208
    0.0000    0.0000  -15.0000 2788.5557    8.9061
    7.5000    0.0000  -15.0000 2781.0410    9.1003
   -7.5000    7.5000  -15.0000 2834.1060    8.5820
    0.0000    7.5000  -15.0000 2847.2280    8.4729
    7.5000    7.5000  -15.0000 2835.3967    8.6614
   -7.5000   15.0000  -15.0000 2880.7153    8.3863
    0.0000   15.0000  -15.0000 2892.7969    8.2984
    7.5000   15.0000  -15.0000 2876.8875    8.4545
   -7.5000   22.5000  -15.0000 2905.1482    8.3826
    0.0000   22.5000  -15.0000 2927.9258    8.2903
    7.5000   22.5000  -15.0000 2908.2566    8.4281
   -7.5000   30.0000  -15.0000 2914.4370    8.5178
    0.0000   30.0000  -15.0000 2935.1917    8.3824
    7.5000   30.0000  -15.0000 2911.0054    8.5416
   -7.5000   37.5000  -15.0000 2890.2170    8.7800
    0.0000   37.5000  -15.0000 2908.5674    8.6620
    7.5000   37.5000  -15.0000 2886.9827    8.8061
   -7.5000   45.0000  -15.0000 2830.5085    9.1711
    0.0000   45.0000  -15.0000 2852.9219    9.0607
    7.5000   45.0000  -15.0000 2833.6350    9.2155
   -7.5000   52.5000  -15.0000 2713.8911    9.7154
    0.0000   52.5000  -15.0000 2734.0029    9.6074
    7.5000   52.5000  -15.0000 2716.8069    9.7677
   -7.5000  -37.5000   -7.5000 2223.5322   14.6064
    0.0000  -37.5000   -7.5000 2235.9124   14.5160
    7.5000  -37.5000   -7.5000 2227.7051   14.7411
   -7.5000  -30.0000   -7.5000 2346.5686   12.9583
    0.0000  -30.0000   -7.5000 2363.6506   12.8576
    7.5000  -30.0000   -7.5000 2354.4539   13.0844
   -7.5000  -22.5000   -7.5000 2471.1663   11.5842
    0.0000  -22.5000   -7.5000 2488.5662   11.4678
    7.5000  -22.5000   -7.5000 2481.8457   11.7127
   -7.5000  -15.0000   -7.5000 2582.5498   10.4687
    0.0000  -15.0000   -7.5000 2597.0642   10.3442
    7.5000  -15.0000   -7.5000 2593.4463   10.5786
   -7.5000   -7.5000   -7.5000 2677.6526    9.6039
    0.0000   -7.5000   -7.5000 2689.1501    9.4777
    7.5000   -7.5000   -7.5000 2689.8674    9.6966
   -7.5000    0.0000   -7.5000 2768.6021    8.9473
    0.0000    0.0000   -7.5000 2779.2603    8.8296
    7.5000    0.0000   -7.5000 2781.0256    9.0340
   -7.5000    7.5000   -7.5000 2843.4946    8.4850
    0.0000    7.5000   -7.5000 2854.6235    8.3830
    7.5000    7.5000   -7.5000 2852.9944    8.5574
   -7.5000   15.0000   -7.5000 2905.9370    8.2559
    0.0000   15.0000   -7.5000 2919.0088    8.1743
    7.5000   15.0000   -7.5000 2909.8518    8.3087
   -7.5000   22.5000   -7.5000 2943.1875    8.2273
    0.0000   22.5000   -7.5000 2966.1335    8.1871
    7.5000   22.5000   -7.5000 2951.0229    8.2743
   -7.5000   30.0000   -7.5000 2958.9321    8.3113
    0.0000   30.0000   -7.5000 2985.3672    8.2135
    7.5000   30.0000   -7.5000 2953.7898    8.3311
   -7.5000   37.5000   -7.5000 2934.4480    8.5397
    0.0000   37.5000   -7.5000 2954.5908    8.4287
    7.5000   37.5000   -7.5000 2924.3220    8.5390
   -7.5000   45.0000   -7.5000 2870.7163    8.9059
    0.0000   45.0000   -7.5000 2889.4329    8.8103
    7.5000   45.0000   -7.5000 2867.4414    8.9317
   -7.5000   52.5000   -7.5000 2753.1733    9.4306
    0.0000   52.5000   -7.5000 2773.2632    9.3373
    7.5000   52.5000   -7.5000 2754.7444    9.4559
   -7.5000  -37.5000    0.0000 2187.7810   15.0112
    0.0000  -37.5000    0.0000 2200.1445   14.8558
    7.5000  -37.5000    0.0000 2197.1433   15.1602
   -7.5000  -30.0000    0.0000 2309.9819   13.2762
    0.0000  -30.0000    0.0000 2322.8591   13.1057
    7.5000  -30.0000    0.0000 2319.2546   13.4058
   -7.5000  -22.5000    0.0000 2433.5117   11.8215
    0.0000  -22.5000    0.0000 2443.2358   11.6782
    7.5000  -22.5000    0.0000 2444.5562   11.9523
   -7.5000  -15.0000    0.0000 2546.1396   10.6530
    0.0000  -15.0000    0.0000 2554.4639   10.5436
    7.5000  -15.0000    0.0000 2558.3079   10.7790
   -7.5000   -7.5000    0.0000 2650.5581    9.7609
    0.0000   -7.5000    0.0000 2657.2285    9.6702
    7.5000   -7.5000    0.0000 2662.4563    9.8564
   -7.5000    0.0000    0.0000 2751.1470    9.0580
    0.0000    0.0000    0.0000 2761.7830    8.9861
    7.5000    0.0000    0.0000 2762.9187    9.1289
   -7.5000    7.5000    0.0000 2839.4661    8.5574
    0.0000    7.5000    0.0000 2854.3477    8.4944
    7.5000    7.5000    0.0000 2849.9648    8.6138
   -7.5000   15.0000    0.0000 2912.3784    8.2821
    0.0000   15.0000    0.0000 2929.4988    8.1969
    7.5000   15.0000    0.0000 2918.5457    8.3077
   -7.5000   22.5000    0.0000 2963.5457    8.2262
    0.0000   22.5000    0.0000 2989.4160    8.1882
    7.5000   22.5000    0.0000 2968.5894    8.2413
   -7.5000   30.0000    0.0000 2984.9561    8.2879
    0.0000   30.0000    0.0000 3013.8521    8.2273
    7.5000   30.0000    0.0000 2977.7549    8.2764
   -7.5000   37.5000    0.0000 2960.4880    8.4576
    0.0000   37.5000    0.0000 2980.3977    8.3776
    7.5000   37.5000    0.0000 2945.3447    8.4468
   -7.5000   45.0000    0.0000 2889.4292    8.8148
    0.0000   45.0000    0.0000 2908.3787    8.7195
    7.5000   45.0000    0.0000 2881.1772    8.8273
   -7.5000   52.5000    0.0000 2767.6392    9.3486
    0.0000   52.5000    0.0000 2786.4519    9.2482
    7.5000   52.5000    0.0000 2767.8247    9.3662
   -7.5000  -37.5000    7.5000 2147.9409   15.6100
    0.0000  -37.5000    7.5000 2158.8267   15.5194
    7.5000  -37.5000    7.5000 2160.3687   15.7605
   -7.5000  -30.0000    7.5000 2274.5503   13.8189
    0.0000  -30.0000    7.5000 2287.2798   13.7295
    7.5000  -30.0000    7.5000 2283.0859   13.9273
   -7.5000  -22.5000    7.5000 2399.4004   12.3310
    0.0000  -22.5000    7.5000 2410.9001   12.2579
    7.5000  -22.5000    7.5000 2403.6692   12.4480
   -7.5000  -15.0000    7.5000 2512.9094   11.1365
    0.0000  -15.0000    7.5000 2518.4355   11.0640
    7.5000  -15.0000    7.5000 2511.6277   11.2407
   -7.5000   -7.5000    7.5000 2622.8027   10.1470
    0.0000   -7.5000    7.5000 2630.1963   10.0877
    7.5000   -7.5000    7.5000 2622.3794   10.2354
   -7.5000    0.0000    7.5000 2725.2910    9.3532
    0.0000    0.0000    7.5000 2736.6011    9.3037
    7.5000    0.0000    7.5000 2725.2698    9.4175
   -7.5000    7.5000    7.5000 2820.0872    8.7651
    0.0000    7.5000    7.5000 2833.6702    8.7109
    7.5000    7.5000    7.5000 2819.8525    8.8135
   -7.5000   15.0000    7.5000 2899.6357    8.4101
    0.0000   15.0000    7.5000 2913.0200    8.3231
    7.5000   15.0000    7.5000 2897.2563    8.4471
   -7.5000   22.5000    7.5000 2957.2942    8.2824
    0.0000   22.5000    7.5000 2981.6431    8.2397
    7.5000   22.5000    7.5000 2959.8147    8.3303
   -7.5000   30.0000    7.5000 2978.0935    8.3403
    0.0000   30.0000    7.5000 3007.7178    8.2696
    7.5000   30.0000    7.5000 2974.0266    8.3646
   -7.5000   37.5000    7.5000 2945.4888    8.5662
    0.0000   37.5000    7.5000 2966.3452    8.4644
    7.5000   37.5000    7.5000 2937.2036    8.5759
   -7.5000   45.0000    7.5000 2880.4543    8.9527
    0.0000   45.0000    7.5000 2898.3994    8.8468
    7.5000   45.0000    7.5000 2873.3550    8.9625
   -7.5000   52.5000    7.5000 2757.6958    9.4469
    0.0000   52.5000    7.5000 2774.4011    9.3514
    7.5000   52.5000    7.5000 2757.6462    9.4675
   -7.5000  -37.5000   15.0000 2104.0627   16.6660
    0.0000  -37.5000   15.0000 2113.6914   16.6159
    7.5000  -37.5000   15.0000 2108.0881   16.7792
   -7.5000  -30.0000   15.0000 2236.7688   14.7165
    0.0000  -30.0000   15.0000 2249.8394   14.6614
    7.5000  -30.0000   15.0000 2239.3093   14.8031
   -7.5000  -22.5000   15.0000 2361.9062   13.0451
    0.0000  -22.5000   15.0000 2373.7312   13.0066
    7.5000  -22.5000   15.0000 2361.1477   13.1362
   -7.5000  -15.0000   15.0000 2473.4543   11.6775
    0.0000  -15.0000   15.0000 2482.7622   11.6395
    7.5000  -15.0000   15.0000 2467.7673   11.7691
   -7.5000   -7.5000   15.0000 2589.0371   10.5683
    0.0000   -7.5000   15.0000 2598.1667   10.5213
    7.5000   -7.5000   15.0000 2582.1030   10.6467
   -7.5000    0.0000   15.0000 2688.9321    9.6902
    0.0000    0.0000   15.0000 2700.4968    9.6329
    7.5000    0.0000   15.0000 2688.3342    9.7603
   -7.5000    7.5000   15.0000 2782.7910    9.0508
    0.0000    7.5000   15.0000 2799.1575    8.9586
    7.5000    7.5000   15.0000 2786.3298    9.1031
   -7.5000   15.0000   15.0000 2866.3931    8.6467
    0.0000   15.0000   15.0000 2883.3948    8.5407
    7.5000   15.0000   15.0000 2871.7654    8.6816
   -7.5000   22.5000   15.0000 2925.7615    8.4932
    0.0000   22.5000   15.0000 2949.4736    8.4083
    7.5000   22.5000   15.0000 2931.0000    8.5460
   -7.5000   30.0000   15.0000 2940.5461    8.5156
    0.0000   30.0000   15.0000 2960.9192    8.3684
    7.5000   30.0000   15.0000 2940.7737    8.5822
   -7.5000   37.5000   15.0000 2909.8862    8.7720
    0.0000   37.5000   15.0000 2929.2759    8.6125
    7.5000   37.5000   15.0000 2907.3003    8.8182
   -7.5000   45.0000   15.0000 2842.0925    9.2063
    0.0000   45.0000   15.0000 2858.1575    9.0557
    7.5000   45.0000   15.0000 2839.2466    9.2206
   -7.5000   52.5000   15.0000 2719.1382    9.7419
    0.0000   52.5000   15.0000 2732.6929    9.6103
    7.5000   52.5000   15.0000 2722.2361    9.7541
   -7.5000  -37.5000   22.5000 2050.9683   17.9090
    0.0000  -37.5000   22.5000 2062.2705   17.9035
    7.5000  -37.5000   22.5000 2050.8713   18.0106
   -7.5000  -30.0000   22.5000 2190.5100   15.6527
    0.0000  -30.0000   22.5000 2203.9341   15.6436
    7.5000  -30.0000   22.5000 2188.5701   15.7649
   -7.5000  -22.5000   22.5000 2312.3433   13.7503
    0.0000  -22.5000   22.5000 2326.2603   13.7230
    7.5000  -22.5000   22.5000 2311.3879   13.8656
   -7.5000  -15.0000   22.5000 2427.6040   12.2373
    0.0000  -15.0000   22.5000 2437.9700   12.1857
    7.5000  -15.0000   22.5000 2421.9827   12.3421
   -7.5000   -7.5000   22.5000 2544.9668   11.0481
    0.0000   -7.5000   22.5000 2553.4573   10.9837
    7.5000   -7.5000   22.5000 2540.5674   11.1443
   -7.5000    0.0000   22.5000 2647.0210   10.1335
    0.0000    0.0000   22.5000 2656.8916   10.0379
    7.5000    0.0000   22.5000 2648.1658   10.2169
   -7.5000    7.5000   22.5000 2745.8918    9.4827
    0.0000    7.5000   22.5000 2756.2651    9.3559
    7.5000    7.5000   22.5000 2743.2852    9.5346
   -7.5000   15.0000   22.5000 2828.0613    9.0827
    0.0000   15.0000   22.5000 2841.6213    8.9928
    7.5000   15.0000   22.5000 2830.1113    9.1280
   -7.5000   22.5000   22.5000 2881.7588    8.9063
    0.0000   22.5000   22.5000 2901.4272    8.8036
    7.5000   22.5000   22.5000 2882.5652    8.9720
   -7.5000   30.0000   22.5000 2891.5454    8.9456
    0.0000   30.0000   22.5000 2905.6318    8.7942
    7.5000   30.0000   22.5000 2889.6562    9.0026
   -7.5000   37.5000   22.5000 2856.3701    9.1835
    0.0000   37.5000   22.5000 2871.4182    9.0457
    7.5000   37.5000   22.5000 2856.2756    9.2196
   -7.5000   45.0000   22.5000 2791.0754    9.6001
    0.0000   45.0000   22.5000 2804.4211    9.4514
    7.5000   45.0000   22.5000 2790.4880    9.6131
   -7.5000   52.5000   22.5000 2671.6262   10.0981
    0.0000   52.5000   22.5000 2682.2732    9.9492
    7.5000   52.5000   22.5000 2675.1934   10.0961
   -7.5000  -37.5000   30.0000 1983.1371   19.2149
    0.0000  -37.5000   30.0000 1988.9542   19.2142
    7.5000  -37.5000   30.0000 1985.5288   19.3919
   -7.5000  -30.0000   30.0000 2124.6448   16.6080
    0.0000  -30.0000   30.0000 2136.6890   16.6015
    7.5000  -30.0000   30.0000 2128.3594   16.7379
   -7.5000  -22.5000   30.0000 2252.6331   14.5442
    0.0000  -22.5000   30.0000 2264.4946   14.4992
    7.5000  -22.5000   30.0000 2253.7209   14.6804
   -7.5000  -15.0000   30.0000 2373.5198   12.9316
    0.0000  -15.0000   30.0000 2382.5061   12.8479
    7.5000  -15.0000   30.0000 2370.6492   13.0565
   -7.5000   -7.5000   30.0000 2493.7048   11.6724
    0.0000   -7.5000   30.0000 2501.2617   11.5829
    7.5000   -7.5000   30.0000 2489.2764   11.7842
   -7.5000    0.0000   30.0000 2597.6116   10.7295
    0.0000    0.0000   30.0000 2608.8674   10.6243
    7.5000    0.0000   30.0000 2594.5837   10.8243
   -7.5000    7.5000   30.0000 2697.5002   10.0684
    0.0000    7.5000   30.0000 2709.8164    9.9557
    7.5000    7.5000   30.0000 2690.8384   10.1210
   -7.5000   15.0000   30.0000 2774.6267    9.6721
    0.0000   15.0000   30.0000 2790.4172    9.5686
    7.5000   15.0000   30.0000 2772.5715    9.7167
   -7.5000   22.5000   30.0000 2816.3914    9.4782
    0.0000   22.5000   30.0000 2836.5405    9.3472
    7.5000   22.5000   30.0000 2814.2493    9.5390
   -7.5000   30.0000   30.0000 2817.1958    9.5183
    0.0000   30.0000   30.0000 2832.8367    9.3873
    7.5000   30.0000   30.0000 2818.6863    9.5613
   -7.5000   37.5000   30.0000 2785.1860    9.7493
    0.0000   37.5000   30.0000 2801.0977    9.6219
    7.5000   37.5000   30.0000 2789.5789    9.7633
   -7.5000   45.0000   30.0000 2724.8425   10.1460
    0.0000   45.0000   30.0000 2735.6677   10.0226
    7.5000   45.0000   30.0000 2725.5559   10.1680
   -7.5000   52.5000   30.0000 2611.4873   10.6251
    0.0000   52.5000   30.0000 2621.4722   10.4889
    7.5000   52.5000   30.0000 2610.9287   10.6422
   -7.5000  -37.5000   37.5000 1911.9518   20.7725
    0.0000  -37.5000   37.5000 1917.8568   20.6701
    7.5000  -37.5000   37.5000 1915.9744   20.8787
   -7.5000  -30.0000   37.5000 2061.9036   17.7900
    0.0000  -30.0000   37.5000 2068.5837   17.7015
    7.5000  -30.0000   37.5000 2066.5664   17.9092
   -7.5000  -22.5000   37.5000 2192.2283   15.5636
    0.0000  -22.5000   37.5000 2199.8477   15.4712
    7.5000  -22.5000   37.5000 2194.3181   15.6826
   -7.5000  -15.0000   37.5000 2316.5491   13.8316
    0.0000  -15.0000   37.5000 2325.5808   13.7376
    7.5000  -15.0000   37.5000 2312.6499   13.9145
   -7.5000   -7.5000   37.5000 2435.5686   12.4989
    0.0000   -7.5000   37.5000 2446.0959   12.3947
    7.5000   -7.5000   37.5000 2431.5088   12.5849
   -7.5000    0.0000   37.5000 2543.3684   11.4863
    0.0000    0.0000   37.5000 2554.4102   11.3880
    7.5000    0.0000   37.5000 2536.9148   11.5873
   -7.5000    7.5000   37.5000 2637.5632   10.7921
    0.0000    7.5000   37.5000 2652.2212   10.7005
    7.5000    7.5000   37.5000 2630.1365   10.8747
   -7.5000   15.0000   37.5000 2702.0254   10.3838
    0.0000   15.0000   37.5000 2720.2996   10.2688
    7.5000   15.0000   37.5000 2698.8091   10.4515
   -7.5000   22.5000   37.5000 2739.1409   10.1709
    0.0000   22.5000   37.5000 2758.6750   10.0555
    7.5000   22.5000   37.5000 2734.3650   10.2353
   -7.5000   30.0000   37.5000 2734.1306   10.2152
    0.0000   30.0000   37.5000 2749.9622   10.0966
    7.5000   30.0000   37.5000 2732.9719   10.2256
   -7.5000   37.5000   37.5000 2703.8281   10.4363
    0.0000   37.5000   37.5000 2721.4104   10.3058
    7.5000   37.5000   37.5000 2710.1052   10.4130
   -7.5000   45.0000   37.5000 2643.1716   10.8075
    0.0000   45.0000   37.5000 2655.7693   10.6762
    7.5000   45.0000   37.5000 2648.1858   10.8060
   -7.5000   52.5000   37.5000 2539.8926   11.2582
    0.0000   52.5000   37.5000 2548.9602   11.1481
    7.5000   52.5000   37.5000 2537.4792   11.2835
   -7.5000  -37.5000   45.0000 1837.4258   22.6001
    0.0000  -37.5000   45.0000 1845.4653   22.4042
    7.5000  -37.5000   45.0000 1840.4062   22.6818
   -7.5000  -30.0000   45.0000 1992.5603   19.1847
    0.0000  -30.0000   45.0000 1999.8647   19.0765
    7.5000  -30.0000   45.0000 1992.3994   19.3223
   -7.5000  -22.5000   45.0000 2128.6853   16.7170
    0.0000  -22.5000   45.0000 2134.2815   16.6401
    7.5000  -22.5000   45.0000 2126.1033   16.8672
   -7.5000  -15.0000   45.0000 2254.6724   14.8586
    0.0000  -15.0000   45.0000 2264.3569   14.7802
    7.5000  -15.0000   45.0000 2250.1306   14.9914
   -7.5000   -7.5000   45.0000 2375.3386   13.4631
    0.0000   -7.5000   45.0000 2385.8108   13.3545
    7.5000   -7.5000   45.0000 2366.0549   13.5677
   -7.5000    0.0000   45.0000 2482.6675   12.4162
    0.0000    0.0000   45.0000 2492.1812   12.3103
    7.5000    0.0000   45.0000 2473.2324   12.5102
   -7.5000    7.5000   45.0000 2564.1406   11.6717
    0.0000    7.5000   45.0000 2577.0210   11.5866
    7.5000    7.5000   45.0000 2556.8796   11.7718
   -7.5000   15.0000   45.0000 2620.3262   11.2406
    0.0000   15.0000   45.0000 2635.8269   11.1218
    7.5000   15.0000   45.0000 2615.6802   11.3041
   -7.5000   22.5000   45.0000 2649.0613   10.9946
    0.0000   22.5000   45.0000 2665.5327   10.8897
    7.5000   22.5000   45.0000 2643.9314   11.0484
   -7.5000   30.0000   45.0000 2642.6335   11.0201
    0.0000   30.0000   45.0000 2658.3921   10.9109
    7.5000   30.0000   45.0000 2640.2756   11.0401
   -7.5000   37.5000   45.0000 2608.1204   11.2379
    0.0000   37.5000   45.0000 2626.4329   11.1191
    7.5000   37.5000   45.0000 2612.3984   11.2253
   -7.5000   45.0000   45.0000 2555.1929   11.5680
    0.0000   45.0000   45.0000 2568.5605   11.4524
    7.5000   45.0000   45.0000 2562.2385   11.5762
   -7.5000   52.5000   45.0000 2459.8162   11.9839
    0.0000   52.5000   45.0000 2470.7488   11.8840
    7.5000   52.5000   45.0000 2460.9451   12.0047

---------------------------------------------------------------------
imgreg_4dfp /opt/freesurfer/average/711-2C_as_mni_average_305 /opt/freesurfer/average/711-2B_as_mni_average_305_mask talsrcimg_g11 none talsrcimg_to_711-2C_as_mni_average_305_t4 1283
---------------------------------------------------------------------

freesurfer imgreg_4dfp.c
/opt/freesurfer/average/711-2C_as_mni_average_305.4dfp.img
       256       256       256         1
  1.000000  1.000000  1.000000
orientation T byte_order littleendian
Reading image: /opt/freesurfer/average/711-2C_as_mni_average_305.4dfp.img
dimensions:      256       256       256
mmppix:       1.0000   -1.0000   -1.0000
center:     128.0000 -129.0000 -129.0000
/opt/freesurfer/average/711-2B_as_mni_average_305_mask.4dfp.img
       256       256       256         1
  1.000000  1.000000  1.000000
orientation T byte_order littleendian
Reading mask: /opt/freesurfer/average/711-2B_as_mni_average_305_mask.4dfp.img (2306576 pixels)
talsrcimg_g11.4dfp.img
       256       256       256         1
  1.000000  1.000000  1.000000
orientation T byte_order littleendian
Reading image: talsrcimg_g11.4dfp.img
dimensions:      256       256       256
mmppix:       1.0000   -1.0000   -1.0000
center:     128.0000 -129.0000 -129.0000
rotation matrix determinant  1.000000
fimgreg.f
image alignment mode   1283 decimal      503 hex
parameters
    0.0000   30.0000    0.0000    0.0000    0.0000    0.0000
eta,q 0.94569  8.25956
niter,ni,del,rscale     5    3   12.0000    1.2000
parameter  4  2.831278 ->  0.500000 qaram    1.1500
parameters
   -0.4668   27.5841    2.8882   -3.4500    2.6623    2.5674
eta,q 0.94976  8.18473
  0.0647  0.0573  0.0624  0.0502  0.0589  0.0561
  0.0604  0.0559  0.0591  0.0515  0.0557  0.0544
  0.0580  0.0562  0.0569  0.0532  0.0532  0.0524
  0.0569  0.0569  0.0558  0.0551  0.0520  0.0510
  0.0576  0.0577  0.0553  0.0569  0.0512  0.0503
  0.0620  0.0595  0.0552  0.0588  0.0511  0.0506
  0.0686  0.0631  0.0557  0.0618  0.0523  0.0517
niter,ni,del,rscale     5    3   12.0000    1.2000
parameter  4  1.067482 ->  0.500000 qaram    1.3225
parameters
   -1.2749   30.4857    2.2184   -7.4175    3.2416    1.0657
eta,q 0.95607  8.22969
  0.0577  0.0636  0.0524  0.0444  0.0501  0.0465
  0.0535  0.0588  0.0506  0.0442  0.0472  0.0448
  0.0506  0.0539  0.0490  0.0452  0.0454  0.0440
  0.0502  0.0501  0.0482  0.0483  0.0443  0.0442
  0.0523  0.0482  0.0493  0.0524  0.0446  0.0456
  0.0569  0.0487  0.0518  0.0562  0.0460  0.0477
  0.0636  0.0509  0.0552  0.0602  0.0483  0.0505
niter,ni,del,rscale     5    3   12.0000    1.2000
parameter  4  0.674170 ->  0.500000 qaram    1.5209
parameters
   -1.6877   31.0659    0.9780  -11.9801    4.0555    0.8830
eta,q 0.95825  8.25731
  0.0546  0.0550  0.0471  0.0422  0.0499  0.0461
  0.0492  0.0491  0.0445  0.0418  0.0471  0.0440
  0.0450  0.0453  0.0436  0.0428  0.0444  0.0422
  0.0439  0.0438  0.0439  0.0436  0.0422  0.0418
  0.0464  0.0450  0.0453  0.0467  0.0421  0.0428
  0.0514  0.0476  0.0477  0.0512  0.0442  0.0444
  0.0577  0.0508  0.0512  0.0559  0.0473  0.0464
niter,ni,del,rscale     5    3   12.0000    1.2000
parameters
   -1.9492   31.8307   -0.7468  -13.9554    4.8076    0.4850
eta,q 0.96029  8.20206
  0.0546  0.0522  0.0436  0.0452  0.0472  0.0441
  0.0487  0.0465  0.0417  0.0417  0.0446  0.0417
  0.0438  0.0430  0.0413  0.0398  0.0421  0.0402
  0.0417  0.0418  0.0418  0.0413  0.0401  0.0397
  0.0445  0.0423  0.0429  0.0427  0.0400  0.0407
  0.0505  0.0442  0.0453  0.0463  0.0420  0.0428
  0.0568  0.0475  0.0487  0.0509  0.0450  0.0451
niter,ni,del,rscale     4    3   12.0000    1.2000
parameters
   -2.2054   32.3301   -1.2562  -14.6202    5.2290    0.2038
eta,q 0.96068  8.18418
  0.0532  0.0500  0.0445  0.0465  0.0461  0.0437
  0.0466  0.0448  0.0414  0.0426  0.0436  0.0413
  0.0415  0.0411  0.0400  0.0399  0.0411  0.0398
  0.0397  0.0397  0.0397  0.0396  0.0394  0.0393
  0.0425  0.0403  0.0408  0.0417  0.0399  0.0400
  0.0485  0.0428  0.0430  0.0441  0.0420  0.0420
  0.0553  0.0470  0.0461  0.0483  0.0449  0.0445
niter,ni,del,rscale     3    3   12.0000    1.2000
parameters
   -2.3230   32.5615   -1.5370  -15.0568    5.4492    0.0931
eta,q 0.96077  8.17421
  0.0532  0.0490  0.0448  0.0464  0.0455  0.0437
  0.0464  0.0437  0.0414  0.0427  0.0431  0.0413
  0.0413  0.0402  0.0399  0.0401  0.0406  0.0398
  0.0393  0.0393  0.0393  0.0393  0.0392  0.0392
  0.0417  0.0401  0.0404  0.0412  0.0400  0.0397
  0.0473  0.0429  0.0426  0.0437  0.0421  0.0415
  0.0542  0.0474  0.0455  0.0475  0.0450  0.0441
niter,ni,del,rscale     2    3   12.0000    1.2000
parameters
   -2.3705   32.7213   -1.7520  -15.3863    5.5555    0.0479
eta,q 0.96074  8.16917
  0.0532  0.0487  0.0449  0.0462  0.0451  0.0437
  0.0463  0.0432  0.0412  0.0426  0.0428  0.0413
  0.0411  0.0399  0.0398  0.0402  0.0403  0.0398
  0.0392  0.0392  0.0392  0.0392  0.0392  0.0393
  0.0413  0.0401  0.0402  0.0407  0.0401  0.0397
  0.0467  0.0429  0.0424  0.0434  0.0421  0.0414
  0.0536  0.0473  0.0453  0.0472  0.0450  0.0439
niter,ni,del,rscale     1    3   12.0000    1.2000
parameters
   -2.3841   32.8667   -1.9176  -15.6795    5.6006    0.0392
eta,q 0.96073  8.16570
  0.0531  0.0485  0.0450  0.0461  0.0448  0.0437
  0.0462  0.0430  0.0412  0.0425  0.0426  0.0413
  0.0411  0.0398  0.0398  0.0403  0.0402  0.0398
  0.0393  0.0393  0.0393  0.0393  0.0393  0.0393
  0.0412  0.0400  0.0401  0.0405  0.0401  0.0397
  0.0463  0.0429  0.0423  0.0432  0.0421  0.0413
  0.0532  0.0472  0.0451  0.0469  0.0449  0.0438
registration optimization eta report
parameter search radius
    6.0000    6.0000    6.0000    9.1253    6.0000    6.0000
100000*second partial in parameter space
       38.       24.       16.        8.       15.       12.
  0.0531  0.0485  0.0450  0.0461  0.0448  0.0437
  0.0462  0.0430  0.0412  0.0425  0.0426  0.0413
  0.0411  0.0398  0.0398  0.0403  0.0402  0.0398
  0.0393  0.0393  0.0393  0.0393  0.0393  0.0393
  0.0412  0.0400  0.0401  0.0405  0.0401  0.0397
  0.0463  0.0429  0.0423  0.0432  0.0421  0.0413
  0.0532  0.0472  0.0451  0.0469  0.0449  0.0438
   -2.3841   32.8667   -1.9176  -15.6795    5.6006    0.0392
eta,q 0.96073  8.16570

---------------------------------------------------------------------
imgreg_4dfp /opt/freesurfer/average/711-2C_as_mni_average_305 /opt/freesurfer/average/711-2B_as_mni_average_305_mask talsrcimg_g11 none talsrcimg_to_711-2C_as_mni_average_305_t4 3335
---------------------------------------------------------------------

freesurfer imgreg_4dfp.c
/opt/freesurfer/average/711-2C_as_mni_average_305.4dfp.img
       256       256       256         1
  1.000000  1.000000  1.000000
orientation T byte_order littleendian
Reading image: /opt/freesurfer/average/711-2C_as_mni_average_305.4dfp.img
dimensions:      256       256       256
mmppix:       1.0000   -1.0000   -1.0000
center:     128.0000 -129.0000 -129.0000
/opt/freesurfer/average/711-2B_as_mni_average_305_mask.4dfp.img
       256       256       256         1
  1.000000  1.000000  1.000000
orientation T byte_order littleendian
Reading mask: /opt/freesurfer/average/711-2B_as_mni_average_305_mask.4dfp.img (2306576 pixels)
talsrcimg_g11.4dfp.img
       256       256       256         1
  1.000000  1.000000  1.000000
orientation T byte_order littleendian
Reading image: talsrcimg_g11.4dfp.img
dimensions:      256       256       256
mmppix:       1.0000   -1.0000   -1.0000
center:     128.0000 -129.0000 -129.0000
fimgreg.f
image alignment mode   3335 decimal      D07 hex
parameters
   -2.3841   32.8667   -1.9176   -0.4774   -3.7194   -4.1807
    2.5717   -9.4146    0.0681   27.0192    9.7593  -26.8966
eta,q 0.96315  8.25718
niter,ni,del,rscale     5    3    5.0000    1.2000
parameters
   -2.4042   33.4489   -2.2012   -2.4190   -7.3184   -4.8785
    3.3639   -7.7615    3.5992   28.7282   12.8711  -24.6945
eta,q 0.96514  8.05817
  0.0393  0.0398  0.0377  0.0383  0.0365  0.0376  0.0384  0.0400  0.0383  0.0376  0.0365  0.0367
  0.0381  0.0383  0.0371  0.0371  0.0360  0.0372  0.0372  0.0384  0.0371  0.0366  0.0359  0.0358
  0.0372  0.0374  0.0368  0.0366  0.0359  0.0364  0.0363  0.0369  0.0362  0.0359  0.0354  0.0352
  0.0368  0.0368  0.0368  0.0367  0.0365  0.0358  0.0359  0.0359  0.0357  0.0353  0.0351  0.0349
  0.0371  0.0368  0.0370  0.0379  0.0380  0.0359  0.0360  0.0357  0.0354  0.0351  0.0350  0.0349
  0.0381  0.0371  0.0375  0.0394  0.0403  0.0370  0.0366  0.0363  0.0354  0.0354  0.0350  0.0350
  0.0395  0.0378  0.0383  0.0412  0.0433  0.0394  0.0375  0.0376  0.0357  0.0363  0.0352  0.0353
niter,ni,del,rscale     4    3    5.0000    1.2000
parameters
   -2.1581   34.3669   -2.8952   -2.3213   -8.7674   -6.0691
    2.5208   -8.0034    3.6597   30.5291   13.0931  -25.5241
eta,q 0.96567  7.99820
  0.0378  0.0381  0.0350  0.0373  0.0360  0.0359  0.0361  0.0373  0.0360  0.0368  0.0351  0.0350
  0.0363  0.0367  0.0346  0.0360  0.0353  0.0356  0.0352  0.0358  0.0353  0.0360  0.0347  0.0346
  0.0353  0.0356  0.0344  0.0350  0.0346  0.0349  0.0347  0.0349  0.0348  0.0352  0.0345  0.0344
  0.0349  0.0348  0.0345  0.0344  0.0344  0.0345  0.0346  0.0346  0.0346  0.0346  0.0343  0.0343
  0.0350  0.0345  0.0349  0.0346  0.0350  0.0347  0.0350  0.0351  0.0347  0.0343  0.0344  0.0345
  0.0356  0.0347  0.0355  0.0358  0.0365  0.0360  0.0358  0.0362  0.0352  0.0347  0.0346  0.0349
  0.0368  0.0353  0.0363  0.0373  0.0386  0.0385  0.0369  0.0376  0.0360  0.0356  0.0351  0.0354
niter,ni,del,rscale     3    3    5.0000    1.2000
parameters
   -2.2013   34.8648   -3.5136   -2.3605   -9.9009   -7.1740
    2.6486   -8.1220    3.7597   31.9275   12.8161  -25.8233
eta,q 0.96576  7.93476
  0.0366  0.0368  0.0348  0.0367  0.0356  0.0356  0.0362  0.0372  0.0357  0.0364  0.0349  0.0349
  0.0353  0.0356  0.0344  0.0357  0.0350  0.0354  0.0353  0.0357  0.0350  0.0357  0.0345  0.0345
  0.0346  0.0347  0.0342  0.0347  0.0345  0.0348  0.0347  0.0347  0.0346  0.0350  0.0343  0.0343
  0.0343  0.0343  0.0343  0.0342  0.0342  0.0343  0.0345  0.0344  0.0344  0.0344  0.0342  0.0342
  0.0346  0.0343  0.0346  0.0344  0.0345  0.0344  0.0346  0.0349  0.0346  0.0342  0.0343  0.0343
  0.0355  0.0347  0.0351  0.0355  0.0356  0.0356  0.0352  0.0359  0.0350  0.0346  0.0346  0.0346
  0.0367  0.0353  0.0359  0.0370  0.0376  0.0378  0.0361  0.0372  0.0357  0.0356  0.0350  0.0350
niter,ni,del,rscale     2    3    5.0000    1.2000
parameters
   -2.2458   35.3301   -4.1675   -2.5483  -10.8325   -8.3428
    2.6983   -8.1138    3.6851   32.9244   12.6543  -25.6613
eta,q 0.96579  7.86437
  0.0363  0.0364  0.0346  0.0364  0.0356  0.0353  0.0358  0.0370  0.0356  0.0362  0.0348  0.0348
  0.0352  0.0353  0.0343  0.0354  0.0349  0.0351  0.0351  0.0356  0.0349  0.0356  0.0345  0.0345
  0.0345  0.0346  0.0341  0.0346  0.0344  0.0346  0.0345  0.0347  0.0345  0.0349  0.0343  0.0343
  0.0342  0.0342  0.0342  0.0341  0.0341  0.0342  0.0344  0.0344  0.0344  0.0344  0.0342  0.0342
  0.0345  0.0342  0.0345  0.0343  0.0344  0.0343  0.0345  0.0348  0.0345  0.0342  0.0343  0.0343
  0.0353  0.0345  0.0350  0.0354  0.0353  0.0353  0.0350  0.0357  0.0349  0.0346  0.0345  0.0345
  0.0365  0.0352  0.0356  0.0369  0.0371  0.0374  0.0358  0.0370  0.0357  0.0357  0.0348  0.0348
niter,ni,del,rscale     1    3    5.0000    1.2000
parameters
   -2.2624   35.5903   -4.7641   -2.7727  -11.3360   -9.4785
    2.7145   -8.0037    3.4923   33.3512   12.4672  -25.1441
eta,q 0.96571  7.79986
  0.0362  0.0361  0.0346  0.0361  0.0357  0.0351  0.0357  0.0370  0.0356  0.0360  0.0348  0.0349
  0.0351  0.0351  0.0343  0.0353  0.0351  0.0349  0.0350  0.0356  0.0349  0.0354  0.0345  0.0346
  0.0344  0.0345  0.0341  0.0346  0.0345  0.0346  0.0345  0.0347  0.0345  0.0348  0.0343  0.0344
  0.0342  0.0342  0.0342  0.0341  0.0342  0.0342  0.0343  0.0343  0.0344  0.0343  0.0343  0.0343
  0.0345  0.0343  0.0344  0.0343  0.0343  0.0342  0.0345  0.0347  0.0345  0.0343  0.0344  0.0343
  0.0351  0.0347  0.0349  0.0353  0.0351  0.0351  0.0350  0.0356  0.0350  0.0348  0.0346  0.0345
  0.0362  0.0354  0.0354  0.0367  0.0367  0.0369  0.0356  0.0368  0.0357  0.0360  0.0348  0.0347
registration optimization eta report
parameter search radius
    2.4000    2.4000    2.4000    7.2000    7.2000    7.2000
    7.2000    7.2000    7.2000    7.2000    7.2000    7.2000
100000*second partial in parameter space
       34.       27.       15.        4.        4.        4.
        2.        5.        3.        3.        1.        1.
  0.0362  0.0361  0.0346  0.0361  0.0357  0.0351  0.0357  0.0370  0.0356  0.0360  0.0348  0.0349
  0.0351  0.0351  0.0343  0.0353  0.0351  0.0349  0.0350  0.0356  0.0349  0.0354  0.0345  0.0346
  0.0344  0.0345  0.0341  0.0346  0.0345  0.0346  0.0345  0.0347  0.0345  0.0348  0.0343  0.0344
  0.0342  0.0342  0.0342  0.0341  0.0342  0.0342  0.0343  0.0343  0.0344  0.0343  0.0343  0.0343
  0.0345  0.0343  0.0344  0.0343  0.0343  0.0342  0.0345  0.0347  0.0345  0.0343  0.0344  0.0343
  0.0351  0.0347  0.0349  0.0353  0.0351  0.0351  0.0350  0.0356  0.0350  0.0348  0.0346  0.0345
  0.0362  0.0354  0.0354  0.0367  0.0367  0.0369  0.0356  0.0368  0.0357  0.0360  0.0348  0.0347
   -2.2624   35.5903   -4.7641   -2.7727  -11.3360   -9.4785
    2.7145   -8.0037    3.4923   33.3512   12.4672  -25.1441
eta,q 0.96571  7.79986

---------------------------------------------------------------------
imgreg_4dfp /opt/freesurfer/average/711-2C_as_mni_average_305 /opt/freesurfer/average/711-2B_as_mni_average_305_mask talsrcimg_g11 none talsrcimg_to_711-2C_as_mni_average_305_t4 2311
---------------------------------------------------------------------

freesurfer imgreg_4dfp.c
/opt/freesurfer/average/711-2C_as_mni_average_305.4dfp.img
       256       256       256         1
  1.000000  1.000000  1.000000
orientation T byte_order littleendian
Reading image: /opt/freesurfer/average/711-2C_as_mni_average_305.4dfp.img
dimensions:      256       256       256
mmppix:       1.0000   -1.0000   -1.0000
center:     128.0000 -129.0000 -129.0000
/opt/freesurfer/average/711-2B_as_mni_average_305_mask.4dfp.img
       256       256       256         1
  1.000000  1.000000  1.000000
orientation T byte_order littleendian
Reading mask: /opt/freesurfer/average/711-2B_as_mni_average_305_mask.4dfp.img (2306576 pixels)
talsrcimg_g11.4dfp.img
       256       256       256         1
  1.000000  1.000000  1.000000
orientation T byte_order littleendian
Reading image: talsrcimg_g11.4dfp.img
dimensions:      256       256       256
mmppix:       1.0000   -1.0000   -1.0000
center:     128.0000 -129.0000 -129.0000
fimgreg.f
image alignment mode   2311 decimal      907 hex
parameters
   -2.2624   35.5903   -4.7641   -2.7727  -11.3360   -9.4785
    2.7145   -8.0037    3.4923   33.3512   12.4672  -25.1441
eta,q 0.96571  7.79986
niter,ni,del,rscale     5    3    5.0000    0.8000
parameters
   -2.2960   35.6262   -5.2748   -2.4593  -10.9243   -9.4849
    2.8727   -8.1917    3.5423   33.4595   12.3461  -26.5457
eta,q 0.96582  7.84883
  0.0351  0.0351  0.0344  0.0354  0.0353  0.0347  0.0349  0.0355  0.0349  0.0352  0.0344  0.0343
  0.0346  0.0346  0.0343  0.0349  0.0348  0.0346  0.0346  0.0348  0.0345  0.0348  0.0343  0.0342
  0.0344  0.0344  0.0343  0.0345  0.0345  0.0344  0.0343  0.0343  0.0343  0.0344  0.0342  0.0342
  0.0343  0.0343  0.0343  0.0343  0.0342  0.0342  0.0342  0.0342  0.0342  0.0342  0.0342  0.0342
  0.0344  0.0344  0.0344  0.0342  0.0343  0.0342  0.0343  0.0344  0.0343  0.0343  0.0342  0.0343
  0.0347  0.0346  0.0346  0.0346  0.0345  0.0344  0.0345  0.0349  0.0345  0.0346  0.0343  0.0344
  0.0351  0.0350  0.0348  0.0352  0.0351  0.0350  0.0349  0.0356  0.0349  0.0352  0.0345  0.0346
niter,ni,del,rscale     4    3    5.0000    0.7000
parameters
   -2.2941   35.6956   -5.4665   -2.3033  -10.7356   -9.0908
    3.0879   -8.3326    3.6123   33.6267   12.2581  -27.3016
eta,q 0.96588  7.88533
  0.0349  0.0348  0.0344  0.0351  0.0350  0.0348  0.0348  0.0352  0.0347  0.0349  0.0343  0.0343
  0.0345  0.0345  0.0343  0.0347  0.0346  0.0346  0.0345  0.0346  0.0344  0.0346  0.0342  0.0342
  0.0343  0.0343  0.0342  0.0344  0.0343  0.0344  0.0342  0.0342  0.0342  0.0343  0.0341  0.0341
  0.0342  0.0342  0.0342  0.0342  0.0342  0.0342  0.0341  0.0341  0.0341  0.0341  0.0341  0.0341
  0.0343  0.0342  0.0342  0.0342  0.0342  0.0341  0.0342  0.0343  0.0342  0.0342  0.0342  0.0342
  0.0345  0.0344  0.0343  0.0345  0.0345  0.0343  0.0344  0.0347  0.0344  0.0344  0.0342  0.0343
  0.0349  0.0347  0.0345  0.0350  0.0349  0.0347  0.0347  0.0353  0.0346  0.0349  0.0344  0.0345
niter,ni,del,rscale     3    3    5.0000    0.6000
parameters
   -2.3327   35.7533   -5.2807   -2.2217  -10.7326   -8.3405
    3.1498   -8.3871    3.6577   33.9187   12.4395  -27.6048
eta,q 0.96594  7.91638
  0.0346  0.0346  0.0344  0.0348  0.0347  0.0348  0.0346  0.0348  0.0345  0.0348  0.0342  0.0342
  0.0343  0.0343  0.0343  0.0345  0.0344  0.0346  0.0343  0.0344  0.0343  0.0345  0.0341  0.0341
  0.0342  0.0342  0.0342  0.0343  0.0342  0.0343  0.0341  0.0342  0.0341  0.0342  0.0341  0.0341
  0.0341  0.0341  0.0341  0.0341  0.0341  0.0341  0.0341  0.0341  0.0341  0.0341  0.0341  0.0341
  0.0342  0.0342  0.0341  0.0341  0.0342  0.0341  0.0341  0.0342  0.0341  0.0341  0.0341  0.0341
  0.0344  0.0343  0.0342  0.0344  0.0344  0.0342  0.0343  0.0344  0.0342  0.0343  0.0341  0.0342
  0.0347  0.0345  0.0343  0.0348  0.0347  0.0345  0.0345  0.0349  0.0345  0.0346  0.0342  0.0343
niter,ni,del,rscale     2    3    5.0000    0.5000
parameters
   -2.3269   35.8244   -4.8009   -2.1103  -10.8663   -7.3639
    3.1398   -8.3113    3.6677   34.2111   12.6735  -27.6621
eta,q 0.96606  7.94651
  0.0344  0.0344  0.0343  0.0345  0.0344  0.0347  0.0343  0.0345  0.0342  0.0345  0.0341  0.0341
  0.0342  0.0342  0.0342  0.0343  0.0342  0.0344  0.0341  0.0342  0.0341  0.0343  0.0340  0.0340
  0.0341  0.0341  0.0341  0.0341  0.0341  0.0342  0.0340  0.0340  0.0340  0.0341  0.0340  0.0340
  0.0341  0.0341  0.0341  0.0340  0.0340  0.0340  0.0340  0.0340  0.0340  0.0340  0.0339  0.0339
  0.0341  0.0341  0.0340  0.0340  0.0341  0.0340  0.0340  0.0340  0.0340  0.0340  0.0339  0.0340
  0.0342  0.0342  0.0340  0.0342  0.0342  0.0340  0.0341  0.0342  0.0341  0.0341  0.0340  0.0340
  0.0344  0.0343  0.0341  0.0345  0.0345  0.0342  0.0343  0.0345  0.0342  0.0344  0.0340  0.0341
niter,ni,del,rscale     1    3    5.0000    0.4000
parameter  3 -0.640857 -> -0.500000 qaram    1.1500
parameters
   -2.2669   35.8941   -4.3409   -1.9652  -11.0853   -6.6093
    3.0763   -8.1425    3.6261   34.3814   12.7020  -27.6366
eta,q 0.96616  7.96533
  0.0342  0.0342  0.0342  0.0343  0.0341  0.0344  0.0341  0.0342  0.0340  0.0342  0.0339  0.0339
  0.0341  0.0341  0.0341  0.0341  0.0340  0.0342  0.0339  0.0340  0.0339  0.0340  0.0339  0.0339
  0.0340  0.0340  0.0340  0.0340  0.0339  0.0340  0.0339  0.0339  0.0339  0.0339  0.0339  0.0339
  0.0339  0.0339  0.0339  0.0339  0.0339  0.0339  0.0338  0.0338  0.0338  0.0338  0.0338  0.0338
  0.0340  0.0340  0.0339  0.0339  0.0339  0.0338  0.0339  0.0339  0.0339  0.0339  0.0339  0.0339
  0.0340  0.0340  0.0339  0.0340  0.0341  0.0339  0.0340  0.0340  0.0339  0.0340  0.0339  0.0339
  0.0341  0.0341  0.0339  0.0342  0.0342  0.0340  0.0341  0.0342  0.0340  0.0341  0.0339  0.0339
niter,ni,del,rscale     1    3    5.0000    0.4000
parameters
   -2.2018   35.9380   -3.9155   -1.9069  -11.2696   -5.9886
    2.9994   -8.0377    3.5816   34.4552   12.6186  -27.6863
eta,q 0.96623  7.97914
  0.0341  0.0341  0.0341  0.0342  0.0341  0.0343  0.0340  0.0342  0.0340  0.0341  0.0339  0.0339
  0.0340  0.0339  0.0340  0.0340  0.0339  0.0341  0.0339  0.0340  0.0339  0.0339  0.0338  0.0338
  0.0339  0.0339  0.0339  0.0339  0.0338  0.0339  0.0338  0.0338  0.0338  0.0338  0.0338  0.0338
  0.0338  0.0338  0.0338  0.0338  0.0338  0.0338  0.0338  0.0338  0.0338  0.0338  0.0338  0.0338
  0.0339  0.0339  0.0338  0.0338  0.0339  0.0338  0.0338  0.0338  0.0338  0.0338  0.0338  0.0338
  0.0339  0.0339  0.0338  0.0339  0.0340  0.0338  0.0339  0.0339  0.0339  0.0339  0.0338  0.0338
  0.0340  0.0340  0.0339  0.0342  0.0342  0.0340  0.0340  0.0341  0.0340  0.0341  0.0339  0.0339
registration optimization eta report
parameter search radius
    0.8000    0.8000    0.9200    2.4000    2.4000    2.4000
    2.4000    2.4000    2.4000    2.4000    2.4000    2.4000
100000*second partial in parameter space
       38.       32.       17.        6.        5.        6.
        4.        6.        3.        6.        1.        2.
  0.0341  0.0341  0.0341  0.0342  0.0341  0.0343  0.0340  0.0342  0.0340  0.0341  0.0339  0.0339
  0.0340  0.0339  0.0340  0.0340  0.0339  0.0341  0.0339  0.0340  0.0339  0.0339  0.0338  0.0338
  0.0339  0.0339  0.0339  0.0339  0.0338  0.0339  0.0338  0.0338  0.0338  0.0338  0.0338  0.0338
  0.0338  0.0338  0.0338  0.0338  0.0338  0.0338  0.0338  0.0338  0.0338  0.0338  0.0338  0.0338
  0.0339  0.0339  0.0338  0.0338  0.0339  0.0338  0.0338  0.0338  0.0338  0.0338  0.0338  0.0338
  0.0339  0.0339  0.0338  0.0339  0.0340  0.0338  0.0339  0.0339  0.0339  0.0339  0.0338  0.0338
  0.0340  0.0340  0.0339  0.0342  0.0342  0.0340  0.0340  0.0341  0.0340  0.0341  0.0339  0.0339
   -2.2018   35.9380   -3.9155   -1.9069  -11.2696   -5.9886
    2.9994   -8.0377    3.5816   34.4552   12.6186  -27.6863
eta,q 0.96623  7.97914

---------------------------------------------------------------------
imgreg_4dfp /opt/freesurfer/average/711-2C_as_mni_average_305 /opt/freesurfer/average/711-2B_as_mni_average_305_mask talsrcimg_g11 none talsrcimg_to_711-2C_as_mni_average_305_t4 2311
---------------------------------------------------------------------

freesurfer imgreg_4dfp.c
/opt/freesurfer/average/711-2C_as_mni_average_305.4dfp.img
       256       256       256         1
  1.000000  1.000000  1.000000
orientation T byte_order littleendian
Reading image: /opt/freesurfer/average/711-2C_as_mni_average_305.4dfp.img
dimensions:      256       256       256
mmppix:       1.0000   -1.0000   -1.0000
center:     128.0000 -129.0000 -129.0000
/opt/freesurfer/average/711-2B_as_mni_average_305_mask.4dfp.img
       256       256       256         1
  1.000000  1.000000  1.000000
orientation T byte_order littleendian
Reading mask: /opt/freesurfer/average/711-2B_as_mni_average_305_mask.4dfp.img (2306576 pixels)
talsrcimg_g11.4dfp.img
       256       256       256         1
  1.000000  1.000000  1.000000
orientation T byte_order littleendian
Reading image: talsrcimg_g11.4dfp.img
dimensions:      256       256       256
mmppix:       1.0000   -1.0000   -1.0000
center:     128.0000 -129.0000 -129.0000
fimgreg.f
image alignment mode   2311 decimal      907 hex
parameters
   -2.2018   35.9380   -3.9155   -1.9069  -11.2697   -5.9886
    2.9994   -8.0377    3.5816   34.4552   12.6186  -27.6863
eta,q 0.96623  7.97914
niter,ni,del,rscale     5    3    5.0000    0.8000
parameters
   -2.1873   35.9633   -3.6150   -2.2807  -11.5696   -6.0345
    2.8925   -8.0621    3.6141   34.3663   12.6327  -27.5658
eta,q 0.96621  7.95658
  0.0348  0.0346  0.0344  0.0349  0.0347  0.0351  0.0345  0.0352  0.0345  0.0349  0.0341  0.0342
  0.0342  0.0342  0.0341  0.0343  0.0342  0.0345  0.0341  0.0344  0.0341  0.0344  0.0339  0.0340
  0.0339  0.0339  0.0339  0.0340  0.0339  0.0340  0.0339  0.0340  0.0339  0.0340  0.0338  0.0338
  0.0338  0.0338  0.0338  0.0338  0.0338  0.0338  0.0338  0.0338  0.0338  0.0338  0.0338  0.0338
  0.0339  0.0339  0.0338  0.0339  0.0339  0.0338  0.0339  0.0339  0.0339  0.0339  0.0338  0.0338
  0.0342  0.0341  0.0339  0.0345  0.0343  0.0343  0.0342  0.0344  0.0341  0.0344  0.0339  0.0339
  0.0347  0.0346  0.0341  0.0354  0.0350  0.0354  0.0346  0.0353  0.0345  0.0351  0.0341  0.0342
niter,ni,del,rscale     4    3    5.0000    0.7000
parameters
   -2.2105   35.9671   -3.6538   -2.1857  -11.4867   -5.9591
    2.9222   -8.1003    3.6293   34.3870   12.6193  -27.6092
eta,q 0.96623  7.96486
  0.0345  0.0344  0.0341  0.0348  0.0346  0.0349  0.0344  0.0349  0.0343  0.0347  0.0340  0.0341
  0.0341  0.0341  0.0339  0.0343  0.0342  0.0344  0.0341  0.0343  0.0340  0.0343  0.0339  0.0339
  0.0339  0.0339  0.0338  0.0340  0.0339  0.0340  0.0338  0.0339  0.0338  0.0339  0.0338  0.0338
  0.0338  0.0338  0.0338  0.0338  0.0338  0.0338  0.0338  0.0338  0.0338  0.0338  0.0338  0.0338
  0.0339  0.0339  0.0338  0.0338  0.0338  0.0338  0.0338  0.0339  0.0338  0.0339  0.0338  0.0338
  0.0341  0.0341  0.0339  0.0342  0.0341  0.0342  0.0340  0.0343  0.0340  0.0342  0.0339  0.0339
  0.0345  0.0344  0.0341  0.0348  0.0346  0.0349  0.0344  0.0349  0.0343  0.0348  0.0340  0.0341
niter,ni,del,rscale     3    3    5.0000    0.6000
parameters
   -2.2198   35.9666   -3.6123   -2.0819  -11.4464   -5.7855
    2.9536   -8.1123    3.6084   34.4344   12.6259  -27.6790
eta,q 0.96625  7.97505
  0.0343  0.0342  0.0340  0.0345  0.0344  0.0346  0.0342  0.0346  0.0342  0.0345  0.0339  0.0340
  0.0340  0.0340  0.0339  0.0342  0.0341  0.0342  0.0340  0.0341  0.0339  0.0341  0.0338  0.0339
  0.0338  0.0338  0.0338  0.0339  0.0339  0.0339  0.0338  0.0339  0.0338  0.0339  0.0338  0.0338
  0.0338  0.0338  0.0338  0.0338  0.0338  0.0338  0.0337  0.0337  0.0338  0.0338  0.0337  0.0338
  0.0338  0.0338  0.0338  0.0338  0.0338  0.0338  0.0338  0.0338  0.0338  0.0338  0.0338  0.0338
  0.0340  0.0340  0.0339  0.0340  0.0340  0.0340  0.0340  0.0341  0.0339  0.0341  0.0338  0.0339
  0.0343  0.0342  0.0340  0.0346  0.0344  0.0346  0.0342  0.0346  0.0342  0.0345  0.0339  0.0340
niter,ni,del,rscale     2    3    5.0000    0.5000
parameters
   -2.2159   35.9731   -3.5286   -1.9772  -11.4645   -5.5789
    2.9752   -8.0916    3.5740   34.4920   12.6255  -27.7533
eta,q 0.96627  7.98414
  0.0341  0.0341  0.0340  0.0343  0.0342  0.0344  0.0341  0.0343  0.0340  0.0343  0.0339  0.0339
  0.0339  0.0339  0.0339  0.0341  0.0339  0.0341  0.0339  0.0340  0.0339  0.0340  0.0338  0.0338
  0.0338  0.0338  0.0338  0.0339  0.0338  0.0339  0.0338  0.0338  0.0338  0.0338  0.0337  0.0337
  0.0338  0.0338  0.0337  0.0337  0.0337  0.0337  0.0337  0.0337  0.0337  0.0337  0.0337  0.0337
  0.0338  0.0338  0.0338  0.0338  0.0338  0.0337  0.0338  0.0338  0.0338  0.0338  0.0337  0.0337
  0.0339  0.0339  0.0338  0.0339  0.0339  0.0339  0.0339  0.0340  0.0339  0.0340  0.0338  0.0338
  0.0341  0.0341  0.0339  0.0343  0.0342  0.0343  0.0341  0.0343  0.0340  0.0343  0.0339  0.0339
niter,ni,del,rscale     1    3    5.0000    0.4000
parameters
   -2.2107   35.9863   -3.4239   -1.8774  -11.5127   -5.3350
    2.9877   -8.0598    3.5478   34.5303   12.5651  -27.7840
eta,q 0.96628  7.99198
  0.0340  0.0339  0.0339  0.0341  0.0340  0.0342  0.0339  0.0341  0.0339  0.0341  0.0338  0.0338
  0.0338  0.0338  0.0338  0.0339  0.0339  0.0340  0.0338  0.0339  0.0338  0.0339  0.0337  0.0338
  0.0338  0.0338  0.0338  0.0338  0.0338  0.0338  0.0337  0.0338  0.0337  0.0338  0.0337  0.0337
  0.0337  0.0337  0.0337  0.0337  0.0337  0.0337  0.0337  0.0337  0.0337  0.0337  0.0337  0.0337
  0.0338  0.0338  0.0337  0.0337  0.0338  0.0337  0.0337  0.0337  0.0337  0.0337  0.0337  0.0337
  0.0338  0.0338  0.0338  0.0339  0.0339  0.0338  0.0338  0.0339  0.0338  0.0339  0.0337  0.0338
  0.0340  0.0339  0.0338  0.0341  0.0340  0.0340  0.0339  0.0341  0.0339  0.0341  0.0338  0.0338
registration optimization eta report
parameter search radius
    0.8000    0.8000    0.8000    2.4000    2.4000    2.4000
    2.4000    2.4000    2.4000    2.4000    2.4000    2.4000
100000*second partial in parameter space
       40.       33.       19.        7.        5.        7.
        4.        6.        3.        6.        1.        2.
  0.0340  0.0339  0.0339  0.0341  0.0340  0.0342  0.0339  0.0341  0.0339  0.0341  0.0338  0.0338
  0.0338  0.0338  0.0338  0.0339  0.0339  0.0340  0.0338  0.0339  0.0338  0.0339  0.0337  0.0338
  0.0338  0.0338  0.0338  0.0338  0.0338  0.0338  0.0337  0.0338  0.0337  0.0338  0.0337  0.0337
  0.0337  0.0337  0.0337  0.0337  0.0337  0.0337  0.0337  0.0337  0.0337  0.0337  0.0337  0.0337
  0.0338  0.0338  0.0337  0.0337  0.0338  0.0337  0.0337  0.0337  0.0337  0.0337  0.0337  0.0337
  0.0338  0.0338  0.0338  0.0339  0.0339  0.0338  0.0338  0.0339  0.0338  0.0339  0.0337  0.0338
  0.0340  0.0339  0.0338  0.0341  0.0340  0.0340  0.0339  0.0341  0.0339  0.0341  0.0338  0.0338
   -2.2107   35.9863   -3.4239   -1.8774  -11.5127   -5.3350
    2.9877   -8.0598    3.5478   34.5303   12.5651  -27.7840
eta,q 0.96628  7.99198

---------------------------------------------------------------------
compute_vox2vox talsrcimg talsrcimg_to_711-2C_as_mni_average_305_t4 /opt/freesurfer/average/711-2C_as_mni_average_305
---------------------------------------------------------------------

freesurfer compute_vox2vox.c
Reading: talsrcimg.4dfp.ifh
Reading: talsrcimg_to_711-2C_as_mni_average_305_t4
Reading: /opt/freesurfer/average/711-2C_as_mni_average_305.4dfp.ifh
Writing: talsrcimg_to_711-2C_as_mni_average_305_t4_vox2vox.txt

start time Mon Mar 9 21:44:56 CET 2026
end		time Mon Mar 9 21:45:10 CET 2026

mpr2mni305 success

avi2talxfm orig_nu.mgz /opt/freesurfer/average/mni305.cor.mgz talsrcimg_to_711-2C_as_mni_average_305_t4_vox2vox.txt transforms/talairach.auto.xfm
avi2talxfm done
mv -f /out/sourcedata/freesurfer/sub-v1s2x0051474_ses-1/mri/talsrcimg_to_711-2C_as_mni_average_305_t4_vox2vox.txt /out/sourcedata/freesurfer/sub-v1s2x0051474_ses-1/mri/transforms/talsrcimg_to_711-2C_as_mni_average_305_t4_vox2vox.txt
lta_convert --src orig_nu.mgz --trg /opt/freesurfer/average/mni305.cor.mgz --inxfm transforms/talairach.auto.xfm --outlta transforms/talairach.auto.xfm.lta --subject fsaverage
7.3.2

--src: orig_nu.mgz src image (geometry).
--trg: /opt/freesurfer/average/mni305.cor.mgz trg image (geometry).
--inmni: transforms/talairach.auto.xfm input MNI/XFM transform.
--outlta: transforms/talairach.auto.xfm.lta output LTA.
--s: fsaverage subject name
 LTA read, type : 1
 1.00808   0.08815  -0.00636  -4.74191;
-0.13070   0.93638   0.29842  -57.34064;
 0.01058  -0.36893   1.01391   15.62144;
 0.00000   0.00000   0.00000   1.00000;
setting subject to fsaverage
Writing  LTA to file transforms/talairach.auto.xfm.lta...
lta_convert successful.
 
 
Started at Mon Mar 9 21:44:55 CET 2026
Ended   at Mon Mar  9 21:45:10 CET 2026
talairach_avi done
