/out/sourcedata/freesurfer/sub-v1s2x0051493_ses-1/mri
/opt/freesurfer/bin/talairach_avi
--i orig_nu.mgz --xfm transforms/talairach.auto.xfm
talairach_avi 7.3.2
Linux dna061 5.14.0-427.37.1.el9_4.x86_64 #1 SMP PREEMPT_DYNAMIC Fri Sep 13 12:41:50 EDT 2024 x86_64 x86_64 x86_64 GNU/Linux
Wed Mar 11 21:35:23 CET 2026
mri_convert orig_nu.mgz talsrcimg.img 
reading from orig_nu.mgz...
TR=0.00, TE=0.00, TI=0.00, flip angle=0.00
i_ras = (-1, 0, 0)
j_ras = (0, 0, -1)
k_ras = (0, 1, 0)
writing to talsrcimg.img...
Analyze Output Matrix
-1.00000   0.00000   0.00000   127.46610;
 0.00000   0.00000   1.00000  -60.20340;
 0.00000  -1.00000   0.00000   98.81357;
 0.00000   0.00000   0.00000   1.00000;
--------------------
INFO: set hdr.hist.orient to -1
mpr2mni305 talsrcimg
Wed Mar 11 21:35:24 CET 2026
/opt/freesurfer/bin/mpr2mni305 talsrcimg
mpr2mni305 7.3.2
target=711-2C_as_mni_average_305

---------------------------------------------------------------------
analyzeto4dfp talsrcimg -O0 -y
---------------------------------------------------------------------

freesurfer ifh2hdr.c
Wed Mar 11 21:35:24 2026
Writing: talsrcimg.4dfp.hdr
freesurfer analyzeto4dfp.c
Reading: talsrcimg.hdr
header size 348 bytes
hdr.dime.datatype	offset=70	value=2
hdr.dime.bitpix		offset=72	value=8
hdr.hist.orient		offset=252	value=-1
dimensionality     4
dimensions       256       256       256         1
Reading: talsrcimg.img
Writing: talsrcimg.4dfp.img
Writing: talsrcimg.4dfp.ifh
ifh2hdr talsrcimg -r0to255
ori=2

---------------------------------------------------------------------
gauss_4dfp talsrcimg 1.1
---------------------------------------------------------------------

freesurfer gauss_4dfp.c
Reading: talsrcimg.4dfp.img
Writing: talsrcimg_g11.4dfp.img
image dimensions 256 256 256 padded to 288 288 288
processing volume 1freesurfer ifh2hdr.c
Wed Mar 11 21:35:26 2026
Writing: talsrcimg_g11.4dfp.hdr

Writing: talsrcimg_g11.4dfp.ifh
including: talsrcimg.4dfp.img.rec in talsrcimg_g11.4dfp.img.rec

---------------------------------------------------------------------
imgreg_4dfp /opt/freesurfer/average/711-2C_as_mni_average_305 none talsrcimg_g11 none talsrcimg_to_711-2C_as_mni_average_305_t4 4355
---------------------------------------------------------------------

freesurfer imgreg_4dfp.c
/opt/freesurfer/average/711-2C_as_mni_average_305.4dfp.img
       256       256       256         1
  1.000000  1.000000  1.000000
orientation T byte_order littleendian
Reading image: /opt/freesurfer/average/711-2C_as_mni_average_305.4dfp.img
dimensions:      256       256       256
mmppix:       1.0000   -1.0000   -1.0000
center:     128.0000 -129.0000 -129.0000
talsrcimg_g11.4dfp.img
       256       256       256         1
  1.000000  1.000000  1.000000
orientation T byte_order littleendian
Reading image: talsrcimg_g11.4dfp.img
dimensions:      256       256       256
mmppix:       1.0000   -1.0000   -1.0000
center:     128.0000 -129.0000 -129.0000
t4_read: open error in t4_sub.f l:  41 t4_file(1:l)talsrcimg_to_711-2C_as_mni_average_305_t4 
t4_read: transform initialized to I4
rotation matrix determinant  1.000000
image alignment mode   4355 decimal     1103 hex
   -7.5000  -45.0000  -45.0000 6056.0977   13.8791
    0.0000  -45.0000  -45.0000 6364.8091   13.8840
    7.5000  -45.0000  -45.0000 6145.4653   13.8897
   -7.5000  -37.5000  -45.0000 6707.6577   13.4044
    0.0000  -37.5000  -45.0000 7051.8721   13.4082
    7.5000  -37.5000  -45.0000 6811.0874   13.4125
   -7.5000  -30.0000  -45.0000 7694.5630   13.1131
    0.0000  -30.0000  -45.0000 8073.0732   13.1116
    7.5000  -30.0000  -45.0000 7809.4351   13.1161
   -7.5000  -22.5000  -45.0000 8765.3613   12.9252
    0.0000  -22.5000  -45.0000 9195.7676   12.9188
    7.5000  -22.5000  -45.0000 8909.0566   12.9242
   -7.5000  -15.0000  -45.0000 9844.4697   12.7821
    0.0000  -15.0000  -45.000010327.9463   12.7775
    7.5000  -15.0000  -45.000010000.8838   12.7835
   -7.5000   -7.5000  -45.000010897.3389   12.7460
    0.0000   -7.5000  -45.000011450.4404   12.7503
    7.5000   -7.5000  -45.000011064.8359   12.7563
   -7.5000    0.0000  -45.000011926.5645   12.7377
    0.0000    0.0000  -45.000012528.8906   12.7482
    7.5000    0.0000  -45.000012092.1016   12.7530
   -7.5000    7.5000  -45.000011999.2627   12.7455
    0.0000    7.5000  -45.000012613.8984   12.7526
    7.5000    7.5000  -45.000012181.5459   12.7555
   -7.5000   15.0000  -45.000011930.5645   12.7488
    0.0000   15.0000  -45.000012532.5225   12.7481
    7.5000   15.0000  -45.000012080.3018   12.7513
   -7.5000   22.5000  -45.000011766.8564   12.7437
    0.0000   22.5000  -45.000012363.9082   12.7377
    7.5000   22.5000  -45.000011920.6689   12.7426
   -7.5000   30.0000  -45.000011459.7637   12.5723
    0.0000   30.0000  -45.000012067.5088   12.5679
    7.5000   30.0000  -45.000011614.1924   12.5736
   -7.5000   37.5000  -45.000011437.3135   12.5653
    0.0000   37.5000  -45.000012044.0352   12.5696
    7.5000   37.5000  -45.000011571.4102   12.5755
   -7.5000   45.0000  -45.000011006.9473   12.2488
    0.0000   45.0000  -45.000011584.0273   12.2589
    7.5000   45.0000  -45.000011107.5127   12.2635
   -7.5000  -45.0000  -37.5000 6304.3101   13.9166
    0.0000  -45.0000  -37.5000 6620.0781   13.9237
    7.5000  -45.0000  -37.5000 6395.0503   13.9261
   -7.5000  -37.5000  -37.5000 6983.4780   13.4393
    0.0000  -37.5000  -37.5000 7325.1338   13.4443
    7.5000  -37.5000  -37.5000 7080.5420   13.4468
   -7.5000  -30.0000  -37.5000 8024.5200   13.1493
    0.0000  -30.0000  -37.5000 8414.8340   13.1476
    7.5000  -30.0000  -37.5000 8138.2339   13.1510
   -7.5000  -22.5000  -37.5000 9151.0488   12.9623
    0.0000  -22.5000  -37.5000 9602.7109   12.9557
    7.5000  -22.5000  -37.5000 9291.8955   12.9593
   -7.5000  -15.0000  -37.500010279.0234   12.8187
    0.0000  -15.0000  -37.500010794.7666   12.8144
    7.5000  -15.0000  -37.500010427.6963   12.8175
   -7.5000   -7.5000  -37.500011383.0781   12.7821
    0.0000   -7.5000  -37.500011951.1289   12.7879
    7.5000   -7.5000  -37.500011533.6816   12.7905
   -7.5000    0.0000  -37.500012444.1055   12.7737
    0.0000    0.0000  -37.500013061.3428   12.7860
    7.5000    0.0000  -37.500012598.3643   12.7880
   -7.5000    7.5000  -37.500012514.3975   12.7817
    0.0000    7.5000  -37.500013145.0039   12.7895
    7.5000    7.5000  -37.500012685.0713   12.7906
   -7.5000   15.0000  -37.500012424.3281   12.7852
    0.0000   15.0000  -37.500013067.6777   12.7841
    7.5000   15.0000  -37.500012593.0371   12.7861
   -7.5000   22.5000  -37.500012204.6289   12.7801
    0.0000   22.5000  -37.500012863.7207   12.7737
    7.5000   22.5000  -37.500012406.9248   12.7769
   -7.5000   30.0000  -37.500011877.7734   12.6081
    0.0000   30.0000  -37.500012541.2490   12.6041
    7.5000   30.0000  -37.500012070.1240   12.6069
   -7.5000   37.5000  -37.500011849.4385   12.6009
    0.0000   37.5000  -37.500012514.2500   12.6067
    7.5000   37.5000  -37.500012028.1309   12.6092
   -7.5000   45.0000  -37.500011385.1182   12.2834
    0.0000   45.0000  -37.500012015.5703   12.2953
    7.5000   45.0000  -37.500011522.7939   12.2972
   -7.5000  -45.0000  -30.0000 6643.5127   14.5058
    0.0000  -45.0000  -30.0000 6968.9941   14.5116
    7.5000  -45.0000  -30.0000 6732.0190   14.5080
   -7.5000  -37.5000  -30.0000 7370.5640   14.0034
    0.0000  -37.5000  -30.0000 7723.2803   14.0062
    7.5000  -37.5000  -30.0000 7465.8643   14.0055
   -7.5000  -30.0000  -30.0000 8484.1348   13.6982
    0.0000  -30.0000  -30.0000 8898.4648   13.6955
    7.5000  -30.0000  -30.0000 8601.0010   13.6987
   -7.5000  -22.5000  -30.0000 9675.5205   13.5056
    0.0000  -22.5000  -30.000010163.3936   13.4999
    7.5000  -22.5000  -30.0000 9818.1660   13.5036
   -7.5000  -15.0000  -30.000010882.9307   13.3594
    0.0000  -15.0000  -30.000011436.6045   13.3566
    7.5000  -15.0000  -30.000011021.4570   13.3579
   -7.5000   -7.5000  -30.000012053.6611   13.3224
    0.0000   -7.5000  -30.000012668.9551   13.3285
    7.5000   -7.5000  -30.000012206.8135   13.3266
   -7.5000    0.0000  -30.000013157.9971   13.3117
    0.0000    0.0000  -30.000013837.9189   13.3225
    7.5000    0.0000  -30.000013342.3574   13.3190
   -7.5000    7.5000  -30.000013243.9092   13.3170
    0.0000    7.5000  -30.000013938.8760   13.3225
    7.5000    7.5000  -30.000013420.0684   13.3201
   -7.5000   15.0000  -30.000013092.6973   13.3190
    0.0000   15.0000  -30.000013813.2344   13.3168
    7.5000   15.0000  -30.000013299.2070   13.3183
   -7.5000   22.5000  -30.000012827.8994   13.3143
    0.0000   22.5000  -30.000013565.4795   13.3087
    7.5000   22.5000  -30.000013073.2236   13.3120
   -7.5000   30.0000  -30.000012503.1309   13.1412
    0.0000   30.0000  -30.000013208.7490   13.1386
    7.5000   30.0000  -30.000012715.9639   13.1397
   -7.5000   37.5000  -30.000012470.2227   13.1347
    0.0000   37.5000  -30.000013190.1396   13.1409
    7.5000   37.5000  -30.000012687.2197   13.1390
   -7.5000   45.0000  -30.000011933.2090   12.8102
    0.0000   45.0000  -30.000012619.4150   12.8206
    7.5000   45.0000  -30.000012110.8672   12.8173
   -7.5000  -45.0000  -22.5000 6968.1587   14.9875
    0.0000  -45.0000  -22.5000 7314.9932   14.9895
    7.5000  -45.0000  -22.5000 7070.2437   14.9831
   -7.5000  -37.5000  -22.5000 7748.0684   14.4667
    0.0000  -37.5000  -22.5000 8126.8745   14.4659
    7.5000  -37.5000  -22.5000 7840.0366   14.4640
   -7.5000  -30.0000  -22.5000 8922.3203   14.1482
    0.0000  -30.0000  -22.5000 9367.6377   14.1450
    7.5000  -30.0000  -22.5000 9034.0977   14.1489
   -7.5000  -22.5000  -22.500010160.5049   13.9513
    0.0000  -22.5000  -22.500010685.8154   13.9471
    7.5000  -22.5000  -22.500010300.4746   13.9526
   -7.5000  -15.0000  -22.500011441.9746   13.8042
    0.0000  -15.0000  -22.500012040.9678   13.8030
    7.5000  -15.0000  -22.500011584.5830   13.8049
   -7.5000   -7.5000  -22.500012704.3516   13.7666
    0.0000   -7.5000  -22.500013356.1191   13.7718
    7.5000   -7.5000  -22.500012866.9824   13.7685
   -7.5000    0.0000  -22.500013849.1602   13.7530
    0.0000    0.0000  -22.500014575.7998   13.7602
    7.5000    0.0000  -22.500014038.9062   13.7541
   -7.5000    7.5000  -22.500013907.9336   13.7552
    0.0000    7.5000  -22.500014649.9541   13.7574
    7.5000    7.5000  -22.500014110.2334   13.7536
   -7.5000   15.0000  -22.500013731.7451   13.7559
    0.0000   15.0000  -22.500014488.4805   13.7533
    7.5000   15.0000  -22.500013967.0117   13.7553
   -7.5000   22.5000  -22.500013435.8984   13.7527
    0.0000   22.5000  -22.500014177.4590   13.7488
    7.5000   22.5000  -22.500013671.9209   13.7537
   -7.5000   30.0000  -22.500013084.7129   13.5809
    0.0000   30.0000  -22.500013763.2148   13.5798
    7.5000   30.0000  -22.500013269.3154   13.5815
   -7.5000   37.5000  -22.500013067.5928   13.5748
    0.0000   37.5000  -22.500013757.1143   13.5800
    7.5000   37.5000  -22.500013244.1592   13.5767
   -7.5000   45.0000  -22.500012449.2295   13.2448
    0.0000   45.0000  -22.500013125.4814   13.2517
    7.5000   45.0000  -22.500012603.0645   13.2459
   -7.5000  -45.0000  -15.0000 7249.2876   15.3227
    0.0000  -45.0000  -15.0000 7624.7314   15.3213
    7.5000  -45.0000  -15.0000 7361.1499   15.3178
   -7.5000  -37.5000  -15.0000 8073.3486   14.7917
    0.0000  -37.5000  -15.0000 8490.3906   14.7889
    7.5000  -37.5000  -15.0000 8177.1060   14.7889
   -7.5000  -30.0000  -15.0000 9324.4404   14.4645
    0.0000  -30.0000  -15.0000 9798.8750   14.4612
    7.5000  -30.0000  -15.0000 9437.2734   14.4668
   -7.5000  -22.5000  -15.000010647.5771   14.2634
    0.0000  -22.5000  -15.000011187.8574   14.2595
    7.5000  -22.5000  -15.000010778.7900   14.2670
   -7.5000  -15.0000  -15.000011980.7314   14.1145
    0.0000  -15.0000  -15.000012598.3389   14.1130
    7.5000  -15.0000  -15.000012148.1689   14.1175
   -7.5000   -7.5000  -15.000013288.1104   14.0765
    0.0000   -7.5000  -15.000013971.9229   14.0798
    7.5000   -7.5000  -15.000013491.5791   14.0793
   -7.5000    0.0000  -15.000014469.9336   14.0616
    0.0000    0.0000  -15.000015200.8262   14.0662
    7.5000    0.0000  -15.000014670.8701   14.0624
   -7.5000    7.5000  -15.000014502.0498   14.0626
    0.0000    7.5000  -15.000015225.7432   14.0635
    7.5000    7.5000  -15.000014694.0557   14.0614
   -7.5000   15.0000  -15.000014327.2646   14.0628
    0.0000   15.0000  -15.000015067.7871   14.0603
    7.5000   15.0000  -15.000014556.5508   14.0640
   -7.5000   22.5000  -15.000014101.9834   14.0598
    0.0000   22.5000  -15.000014823.8477   14.0563
    7.5000   22.5000  -15.000014303.2129   14.0632
   -7.5000   30.0000  -15.000013715.9648   13.8882
    0.0000   30.0000  -15.000014341.2568   13.8868
    7.5000   30.0000  -15.000013830.1553   13.8910
   -7.5000   37.5000  -15.000013689.2578   13.8823
    0.0000   37.5000  -15.000014312.5322   13.8857
    7.5000   37.5000  -15.000013786.2920   13.8851
   -7.5000   45.0000  -15.000012989.1484   13.5501
    0.0000   45.0000  -15.000013598.1191   13.5546
    7.5000   45.0000  -15.000013112.9023   13.5510
   -7.5000  -45.0000   -7.5000 7518.4604   15.4910
    0.0000  -45.0000   -7.5000 7916.5488   15.4913
    7.5000  -45.0000   -7.5000 7622.5728   15.4941
   -7.5000  -37.5000   -7.5000 8387.6025   14.9581
    0.0000  -37.5000   -7.5000 8819.9111   14.9578
    7.5000  -37.5000   -7.5000 8509.6348   14.9611
   -7.5000  -30.0000   -7.5000 9697.0479   14.6294
    0.0000  -30.0000   -7.500010191.1660   14.6267
    7.5000  -30.0000   -7.5000 9842.9600   14.6329
   -7.5000  -22.5000   -7.500011099.3066   14.4229
    0.0000  -22.5000   -7.500011656.9814   14.4173
    7.5000  -22.5000   -7.500011263.9795   14.4253
   -7.5000  -15.0000   -7.500012488.8926   14.2684
    0.0000  -15.0000   -7.500013145.4561   14.2647
    7.5000  -15.0000   -7.500012676.6221   14.2719
   -7.5000   -7.5000   -7.500013843.6436   14.2295
    0.0000   -7.5000   -7.500014599.0674   14.2325
    7.5000   -7.5000   -7.500014064.5850   14.2371
   -7.5000    0.0000   -7.500015057.4629   14.2172
    0.0000    0.0000   -7.500015838.0752   14.2240
    7.5000    0.0000   -7.500015255.7188   14.2259
   -7.5000    7.5000   -7.500015057.8799   14.2214
    0.0000    7.5000   -7.500015741.2041   14.2250
    7.5000    7.5000   -7.500015165.9326   14.2265
   -7.5000   15.0000   -7.500014899.1172   14.2228
    0.0000   15.0000   -7.500015627.1621   14.2211
    7.5000   15.0000   -7.500015035.4238   14.2256
   -7.5000   22.5000   -7.500014816.6494   14.2157
    0.0000   22.5000   -7.500015571.8066   14.2105
    7.5000   22.5000   -7.500014978.6338   14.2179
   -7.5000   30.0000   -7.500014513.8330   14.0393
    0.0000   30.0000   -7.500015031.9580   14.0357
    7.5000   30.0000   -7.500014568.0713   14.0426
   -7.5000   37.5000   -7.500014419.1357   14.0329
    0.0000   37.5000   -7.500014881.5791   14.0359
    7.5000   37.5000   -7.500014468.7666   14.0404
   -7.5000   45.0000   -7.500013628.9902   13.7027
    0.0000   45.0000   -7.500014140.9092   13.7093
    7.5000   45.0000   -7.500013725.2959   13.7111
   -7.5000  -45.0000    0.0000 7706.3799   15.5305
    0.0000  -45.0000    0.0000 8102.6909   15.5359
    7.5000  -45.0000    0.0000 7802.9648   15.5423
   -7.5000  -37.5000    0.0000 8612.7646   14.9993
    0.0000  -37.5000    0.0000 9077.9834   15.0035
    7.5000  -37.5000    0.0000 8763.9287   15.0083
   -7.5000  -30.0000    0.0000 9968.0732   14.6734
    0.0000  -30.0000    0.000010512.1982   14.6717
    7.5000  -30.0000    0.000010167.8506   14.6767
   -7.5000  -22.5000    0.000011408.4482   14.4632
    0.0000  -22.5000    0.000012023.4033   14.4560
    7.5000  -22.5000    0.000011606.7295   14.4621
   -7.5000  -15.0000    0.000012867.1982   14.3030
    0.0000  -15.0000    0.000013525.1797   14.2979
    7.5000  -15.0000    0.000013045.2471   14.3046
   -7.5000   -7.5000    0.000014295.4941   14.2626
    0.0000   -7.5000    0.000015017.0010   14.2674
    7.5000   -7.5000    0.000014467.3457   14.2741
   -7.5000    0.0000    0.000015554.8457   14.2533
    0.0000    0.0000    0.000016301.4561   14.2651
    7.5000    0.0000    0.000015699.7705   14.2704
   -7.5000    7.5000    0.000015540.5352   14.2620
    0.0000    7.5000    0.000016145.6523   14.2699
    7.5000    7.5000    0.000015564.7822   14.2732
   -7.5000   15.0000    0.000015396.2598   14.2658
    0.0000   15.0000    0.000016032.2061   14.2650
    7.5000   15.0000    0.000015423.8037   14.2685
   -7.5000   22.5000    0.000015260.7627   14.2555
    0.0000   22.5000    0.000015991.3330   14.2487
    7.5000   22.5000    0.000015382.9736   14.2542
   -7.5000   30.0000    0.000014937.3418   14.0737
    0.0000   30.0000    0.000015636.5752   14.0688
    7.5000   30.0000    0.000015074.6240   14.0752
   -7.5000   37.5000    0.000014865.2939   14.0659
    0.0000   37.5000    0.000015570.2686   14.0707
    7.5000   37.5000    0.000015008.0137   14.0772
   -7.5000   45.0000    0.000014081.8828   13.7385
    0.0000   45.0000    0.000014765.4961   13.7499
    7.5000   45.0000    0.000014206.7500   13.7550
   -7.5000  -45.0000    7.5000 7267.8760   15.5730
    0.0000  -45.0000    7.5000 7652.5327   15.5810
    7.5000  -45.0000    7.5000 7372.5635   15.5837
   -7.5000  -37.5000    7.5000 8135.6030   15.0390
    0.0000  -37.5000    7.5000 8600.9932   15.0445
    7.5000  -37.5000    7.5000 8307.7500   15.0473
   -7.5000  -30.0000    7.5000 9434.0459   14.7144
    0.0000  -30.0000    7.5000 9956.9229   14.7125
    7.5000  -30.0000    7.5000 9637.5146   14.7163
   -7.5000  -22.5000    7.500010829.7002   14.5052
    0.0000  -22.5000    7.500011380.1309   14.4978
    7.5000  -22.5000    7.500010995.6631   14.5018
   -7.5000  -15.0000    7.500012225.2725   14.3444
    0.0000  -15.0000    7.500012812.2871   14.3397
    7.5000  -15.0000    7.500012346.5488   14.3431
   -7.5000   -7.5000    7.500013598.4482   14.3035
    0.0000   -7.5000    7.500014247.1240   14.3101
    7.5000   -7.5000    7.500013697.5234   14.3129
   -7.5000    0.0000    7.500014829.3887   14.2941
    0.0000    0.0000    7.500015506.1016   14.3079
    7.5000    0.0000    7.500014888.7373   14.3101
   -7.5000    7.5000    7.500014868.5781   14.3031
    0.0000    7.5000    7.500015487.6836   14.3118
    7.5000    7.5000    7.500014881.5977   14.3130
   -7.5000   15.0000    7.500014771.4102   14.3070
    0.0000   15.0000    7.500015434.3086   14.3058
    7.5000   15.0000    7.500014840.1885   14.3080
   -7.5000   22.5000    7.500014568.2402   14.2967
    0.0000   22.5000    7.500015230.9209   14.2895
    7.5000   22.5000    7.500014696.6289   14.2930
   -7.5000   30.0000    7.500014184.5371   14.1143
    0.0000   30.0000    7.500014814.7500   14.1098
    7.5000   30.0000    7.500014319.4600   14.1130
   -7.5000   37.5000    7.500014147.6240   14.1062
    0.0000   37.5000    7.500014807.8916   14.1127
    7.5000   37.5000    7.500014283.6299   14.1155
   -7.5000   45.0000    7.500013474.8486   13.7779
    0.0000   45.0000    7.500014128.6074   13.7912
    7.5000   45.0000    7.500013598.8203   13.7933
   -7.5000  -45.0000   15.0000 6772.8506   15.6156
    0.0000  -45.0000   15.0000 7131.5620   15.6216
    7.5000  -45.0000   15.0000 6868.4434   15.6176
   -7.5000  -37.5000   15.0000 7592.5176   15.0763
    0.0000  -37.5000   15.0000 8019.8071   15.0790
    7.5000  -37.5000   15.0000 7734.9893   15.0782
   -7.5000  -30.0000   15.0000 8821.1992   14.7497
    0.0000  -30.0000   15.0000 9292.3838   14.7465
    7.5000  -30.0000   15.0000 8976.2432   14.7498
   -7.5000  -22.5000   15.000010124.5498   14.5438
    0.0000  -22.5000   15.000010639.0361   14.5374
    7.5000  -22.5000   15.000010250.3438   14.5413
   -7.5000  -15.0000   15.000011434.6230   14.3867
    0.0000  -15.0000   15.000012005.3008   14.3835
    7.5000  -15.0000   15.000011538.2002   14.3848
   -7.5000   -7.5000   15.000012737.3330   14.3467
    0.0000   -7.5000   15.000013366.5469   14.3532
    7.5000   -7.5000   15.000012859.0010   14.3511
   -7.5000    0.0000   15.000013916.8232   14.3351
    0.0000    0.0000   15.000014578.6465   14.3465
    7.5000    0.0000   15.000014041.3447   14.3427
   -7.5000    7.5000   15.000013974.2275   14.3407
    0.0000    7.5000   15.000014613.0205   14.3464
    7.5000    7.5000   15.000014068.6123   14.3438
   -7.5000   15.0000   15.000013861.2803   14.3429
    0.0000   15.0000   15.000014520.2285   14.3403
    7.5000   15.0000   15.000013987.3291   14.3418
   -7.5000   22.5000   15.000013643.4131   14.3347
    0.0000   22.5000   15.000014245.4355   14.3286
    7.5000   22.5000   15.000013776.7676   14.3320
   -7.5000   30.0000   15.000013314.9893   14.1558
    0.0000   30.0000   15.000013858.1191   14.1528
    7.5000   30.0000   15.000013390.6875   14.1539
   -7.5000   37.5000   15.000013310.7334   14.1488
    0.0000   37.5000   15.000013851.1396   14.1553
    7.5000   37.5000   15.000013370.8291   14.1531
   -7.5000   45.0000   15.000012682.5078   13.8174
    0.0000   45.0000   15.000013223.1709   13.8284
    7.5000   45.0000   15.000012760.8906   13.8247
   -7.5000  -45.0000   22.5000 6237.9697   15.7770
    0.0000  -45.0000   22.5000 6573.2754   15.7791
    7.5000  -45.0000   22.5000 6327.5347   15.7725
   -7.5000  -37.5000   22.5000 7012.3213   15.2270
    0.0000  -37.5000   22.5000 7395.3018   15.2260
    7.5000  -37.5000   22.5000 7127.3916   15.2240
   -7.5000  -30.0000   22.5000 8165.6733   14.8923
    0.0000  -30.0000   22.5000 8607.0586   14.8888
    7.5000  -30.0000   22.5000 8298.1514   14.8930
   -7.5000  -22.5000   22.5000 9373.7266   14.6867
    0.0000  -22.5000   22.5000 9879.3203   14.6824
    7.5000  -22.5000   22.5000 9517.7803   14.6881
   -7.5000  -15.0000   22.500010577.2217   14.5318
    0.0000  -15.0000   22.500011134.9375   14.5308
    7.5000  -15.0000   22.500010740.8975   14.5328
   -7.5000   -7.5000   22.500011752.9697   14.4920
    0.0000   -7.5000   22.500012356.8730   14.4978
    7.5000   -7.5000   22.500011941.7783   14.4943
   -7.5000    0.0000   22.500012830.3086   14.4775
    0.0000    0.0000   22.500013462.1484   14.4853
    7.5000    0.0000   22.500012980.0234   14.4790
   -7.5000    7.5000   22.500012913.8350   14.4795
    0.0000    7.5000   22.500013521.8398   14.4819
    7.5000    7.5000   22.500013030.6279   14.4779
   -7.5000   15.0000   22.500012835.7686   14.4799
    0.0000   15.0000   22.500013430.3594   14.4772
    7.5000   15.0000   22.500012922.0186   14.4793
   -7.5000   22.5000   22.500012628.4668   14.4743
    0.0000   22.5000   22.500013192.1836   14.4704
    7.5000   22.5000   22.500012705.9150   14.4756
   -7.5000   30.0000   22.500012324.2812   14.2981
    0.0000   30.0000   22.500012845.2637   14.2973
    7.5000   30.0000   22.500012361.0244   14.2990
   -7.5000   37.5000   22.500012330.4316   14.2920
    0.0000   37.5000   22.500012859.7881   14.2978
    7.5000   37.5000   22.500012360.6543   14.2943
   -7.5000   45.0000   22.500011791.7988   13.9546
    0.0000   45.0000   22.500012311.7764   13.9622
    7.5000   45.0000   22.500011825.3115   13.9560
   -7.5000  -45.0000   30.0000 5655.1084   16.0318
    0.0000  -45.0000   30.0000 5983.9419   16.0302
    7.5000  -45.0000   30.0000 5773.8149   16.0276
   -7.5000  -37.5000   30.0000 6368.3672   15.4652
    0.0000  -37.5000   30.0000 6744.9951   15.4622
    7.5000  -37.5000   30.0000 6502.6597   15.4633
   -7.5000  -30.0000   30.0000 7422.3550   15.1193
    0.0000  -30.0000   30.0000 7853.0269   15.1163
    7.5000  -30.0000   30.0000 7568.0142   15.1233
   -7.5000  -22.5000   30.0000 8536.6582   14.9112
    0.0000  -22.5000   30.0000 9010.3867   14.9077
    7.5000  -22.5000   30.0000 8683.8076   14.9167
   -7.5000  -15.0000   30.0000 9637.6855   14.7569
    0.0000  -15.0000   30.000010139.7832   14.7558
    7.5000  -15.0000   30.0000 9771.7207   14.7616
   -7.5000   -7.5000   30.000010711.1035   14.7177
    0.0000   -7.5000   30.000011266.6025   14.7216
    7.5000   -7.5000   30.000010860.5645   14.7218
   -7.5000    0.0000   30.000011711.1387   14.7008
    0.0000    0.0000   30.000012307.0312   14.7058
    7.5000    0.0000   30.000011857.7969   14.7027
   -7.5000    7.5000   30.000011794.5156   14.6991
    0.0000    7.5000   30.000012387.3369   14.7003
    7.5000    7.5000   30.000011933.5830   14.6991
   -7.5000   15.0000   30.000011738.2920   14.6975
    0.0000   15.0000   30.000012313.0801   14.6954
    7.5000   15.0000   30.000011841.0449   14.7004
   -7.5000   22.5000   30.000011558.9463   14.6939
    0.0000   22.5000   30.000012101.6787   14.6909
    7.5000   22.5000   30.000011634.5088   14.6993
   -7.5000   30.0000   30.000011276.4336   14.5189
    0.0000   30.0000   30.000011780.6982   14.5180
    7.5000   30.0000   30.000011317.0635   14.5235
   -7.5000   37.5000   30.000011294.3564   14.5143
    0.0000   37.5000   30.000011790.5303   14.5183
    7.5000   37.5000   30.000011319.8467   14.5184
   -7.5000   45.0000   30.000010819.9512   14.1698
    0.0000   45.0000   30.000011284.8037   14.1747
    7.5000   45.0000   30.000010832.6758   14.1717
   -7.5000  -45.0000   37.5000 5329.1587   16.5093
    0.0000  -45.0000   37.5000 5618.2837   16.5105
    7.5000  -45.0000   37.5000 5431.4604   16.5156
   -7.5000  -37.5000   37.5000 6004.0601   15.9218
    0.0000  -37.5000   37.5000 6342.7915   15.9221
    7.5000  -37.5000   37.5000 6121.3203   15.9269
   -7.5000  -30.0000   37.5000 7009.4561   15.5655
    0.0000  -30.0000   37.5000 7399.8984   15.5631
    7.5000  -30.0000   37.5000 7133.1074   15.5714
   -7.5000  -22.5000   37.5000 8069.3896   15.3456
    0.0000  -22.5000   37.5000 8505.8057   15.3400
    7.5000  -22.5000   37.5000 8200.2041   15.3510
   -7.5000  -15.0000   37.5000 9115.5039   15.1766
    0.0000  -15.0000   37.5000 9592.0771   15.1733
    7.5000  -15.0000   37.5000 9250.8545   15.1840
   -7.5000   -7.5000   37.500010143.0576   15.1305
    0.0000   -7.5000   37.500010683.8115   15.1350
    7.5000   -7.5000   37.500010301.9004   15.1425
   -7.5000    0.0000   37.500011111.6299   15.1142
    0.0000    0.0000   37.500011698.1719   15.1230
    7.5000    0.0000   37.500011277.6973   15.1268
   -7.5000    7.5000   37.500011222.1553   15.1195
    0.0000    7.5000   37.500011788.5049   15.1244
    7.5000    7.5000   37.500011363.6230   15.1272
   -7.5000   15.0000   37.500011153.8076   15.1236
    0.0000   15.0000   37.500011695.9561   15.1225
    7.5000   15.0000   37.500011259.4150   15.1288
   -7.5000   22.5000   37.500010972.6318   15.1181
    0.0000   22.5000   37.500011494.2217   15.1131
    7.5000   22.5000   37.500011053.5459   15.1236
   -7.5000   30.0000   37.500010706.8193   14.9308
    0.0000   30.0000   37.500011193.2256   14.9278
    7.5000   30.0000   37.500010763.1670   14.9381
   -7.5000   37.5000   37.500010735.2852   14.9210
    0.0000   37.5000   37.500011211.1201   14.9255
    7.5000   37.5000   37.500010773.4199   14.9329
   -7.5000   45.0000   37.500010292.0283   14.5684
    0.0000   45.0000   37.500010727.0771   14.5768
    7.5000   45.0000   37.500010314.3096   14.5805
   -7.5000  -45.0000   45.0000 4826.5239   17.1563
    0.0000  -45.0000   45.0000 5070.7544   17.1610
    7.5000  -45.0000   45.0000 4899.3955   17.1626
   -7.5000  -37.5000   45.0000 5450.6890   16.5511
    0.0000  -37.5000   45.0000 5729.7861   16.5543
    7.5000  -37.5000   45.0000 5535.2012   16.5551
   -7.5000  -30.0000   45.0000 6364.0479   16.1799
    0.0000  -30.0000   45.0000 6696.1211   16.1761
    7.5000  -30.0000   45.0000 6460.5493   16.1777
   -7.5000  -22.5000   45.0000 7324.4580   15.9398
    0.0000  -22.5000   45.0000 7714.4751   15.9297
    7.5000  -22.5000   45.0000 7429.1206   15.9324
   -7.5000  -15.0000   45.0000 8281.0557   15.7534
    0.0000  -15.0000   45.0000 8714.6357   15.7462
    7.5000  -15.0000   45.0000 8393.6152   15.7491
   -7.5000   -7.5000   45.0000 9240.2178   15.7038
    0.0000   -7.5000   45.0000 9732.2129   15.7090
    7.5000   -7.5000   45.0000 9364.3018   15.7117
   -7.5000    0.0000   45.000010133.2402   15.6907
    0.0000    0.0000   45.000010671.3096   15.7041
    7.5000    0.0000   45.000010277.3086   15.7055
   -7.5000    7.5000   45.000010235.5830   15.7009
    0.0000    7.5000   45.000010753.3252   15.7092
    7.5000    7.5000   45.000010360.7637   15.7089
   -7.5000   15.0000   45.000010178.0215   15.7068
    0.0000   15.0000   45.000010650.7119   15.7044
    7.5000   15.0000   45.000010279.2510   15.7047
   -7.5000   22.5000   45.000010019.7188   15.6968
    0.0000   22.5000   45.000010462.0215   15.6873
    7.5000   22.5000   45.000010069.7930   15.6896
   -7.5000   30.0000   45.0000 9765.6045   15.4954
    0.0000   30.0000   45.000010203.6338   15.4886
    7.5000   30.0000   45.0000 9818.3467   15.4913
   -7.5000   37.5000   45.0000 9805.3652   15.4845
    0.0000   37.5000   45.000010247.0850   15.4896
    7.5000   37.5000   45.0000 9854.5752   15.4922
   -7.5000   45.0000   45.0000 9399.5068   15.1308
    0.0000   45.0000   45.0000 9827.8818   15.1438
    7.5000   45.0000   45.0000 9448.8760   15.1451

---------------------------------------------------------------------
imgreg_4dfp /opt/freesurfer/average/711-2C_as_mni_average_305 /opt/freesurfer/average/711-2B_as_mni_average_305_mask talsrcimg_g11 none talsrcimg_to_711-2C_as_mni_average_305_t4 4355
---------------------------------------------------------------------

freesurfer imgreg_4dfp.c
/opt/freesurfer/average/711-2C_as_mni_average_305.4dfp.img
       256       256       256         1
  1.000000  1.000000  1.000000
orientation T byte_order littleendian
Reading image: /opt/freesurfer/average/711-2C_as_mni_average_305.4dfp.img
dimensions:      256       256       256
mmppix:       1.0000   -1.0000   -1.0000
center:     128.0000 -129.0000 -129.0000
/opt/freesurfer/average/711-2B_as_mni_average_305_mask.4dfp.img
       256       256       256         1
  1.000000  1.000000  1.000000
orientation T byte_order littleendian
Reading mask: /opt/freesurfer/average/711-2B_as_mni_average_305_mask.4dfp.img (2306576 pixels)
talsrcimg_g11.4dfp.img
       256       256       256         1
  1.000000  1.000000  1.000000
orientation T byte_order littleendian
Reading image: talsrcimg_g11.4dfp.img
dimensions:      256       256       256
mmppix:       1.0000   -1.0000   -1.0000
center:     128.0000 -129.0000 -129.0000
rotation matrix determinant  1.000000
image alignment mode   4355 decimal     1103 hex
   -7.5000  -45.0000  -45.0000 1702.4320   21.4065
    0.0000  -45.0000  -45.0000 1716.1438   21.3430
    7.5000  -45.0000  -45.0000 1719.7997   21.4915
   -7.5000  -37.5000  -45.0000 1837.6658   18.4949
    0.0000  -37.5000  -45.0000 1852.2341   18.3853
    7.5000  -37.5000  -45.0000 1854.8131   18.5000
   -7.5000  -30.0000  -45.0000 1968.7048   16.1806
    0.0000  -30.0000  -45.0000 1980.7802   16.0631
    7.5000  -30.0000  -45.0000 1982.3972   16.1859
   -7.5000  -22.5000  -45.0000 2098.1013   14.3803
    0.0000  -22.5000  -45.0000 2113.5530   14.2445
    7.5000  -22.5000  -45.0000 2115.4363   14.3758
   -7.5000  -15.0000  -45.0000 2214.2886   12.9419
    0.0000  -15.0000  -45.0000 2231.8169   12.8038
    7.5000  -15.0000  -45.0000 2232.9534   12.9167
   -7.5000   -7.5000  -45.0000 2308.4695   11.7878
    0.0000   -7.5000  -45.0000 2332.2302   11.6600
    7.5000   -7.5000  -45.0000 2329.4446   11.7595
   -7.5000    0.0000  -45.0000 2386.4800   10.9273
    0.0000    0.0000  -45.0000 2411.2297   10.8170
    7.5000    0.0000  -45.0000 2410.6189   10.8944
   -7.5000    7.5000  -45.0000 2438.4062   10.3662
    0.0000    7.5000  -45.0000 2461.6299   10.2466
    7.5000    7.5000  -45.0000 2461.6687   10.2977
   -7.5000   15.0000  -45.0000 2470.2249   10.0502
    0.0000   15.0000  -45.0000 2498.5950    9.8987
    7.5000   15.0000  -45.0000 2493.7256    9.9541
   -7.5000   22.5000  -45.0000 2492.0464    9.9055
    0.0000   22.5000  -45.0000 2515.3801    9.7619
    7.5000   22.5000  -45.0000 2508.4963    9.8103
   -7.5000   30.0000  -45.0000 2492.0344    9.8887
    0.0000   30.0000  -45.0000 2512.6917    9.7624
    7.5000   30.0000  -45.0000 2508.9473    9.8053
   -7.5000   37.5000  -45.0000 2474.9280   10.0792
    0.0000   37.5000  -45.0000 2499.8713    9.9491
    7.5000   37.5000  -45.0000 2490.6411    9.9868
   -7.5000   45.0000  -45.0000 2433.5728   10.4565
    0.0000   45.0000  -45.0000 2458.7952   10.3389
    7.5000   45.0000  -45.0000 2447.0269   10.3675
   -7.5000  -45.0000  -37.5000 1742.6699   20.5334
    0.0000  -45.0000  -37.5000 1750.4283   20.4830
    7.5000  -45.0000  -37.5000 1754.1178   20.5964
   -7.5000  -37.5000  -37.5000 1882.7245   17.7235
    0.0000  -37.5000  -37.5000 1891.7733   17.6094
    7.5000  -37.5000  -37.5000 1891.3112   17.7076
   -7.5000  -30.0000  -37.5000 2018.0247   15.4917
    0.0000  -30.0000  -37.5000 2027.9359   15.3488
    7.5000  -30.0000  -37.5000 2030.9227   15.4843
   -7.5000  -22.5000  -37.5000 2150.9890   13.7602
    0.0000  -22.5000  -37.5000 2166.8384   13.6258
    7.5000  -22.5000  -37.5000 2168.6948   13.7533
   -7.5000  -15.0000  -37.5000 2267.1055   12.3591
    0.0000  -15.0000  -37.5000 2290.0356   12.2169
    7.5000  -15.0000  -37.5000 2290.4282   12.3255
   -7.5000   -7.5000  -37.5000 2369.9036   11.2051
    0.0000   -7.5000  -37.5000 2393.6042   11.0738
    7.5000   -7.5000  -37.5000 2390.5957   11.1798
   -7.5000    0.0000  -37.5000 2456.2917   10.3439
    0.0000    0.0000  -37.5000 2479.5901   10.2228
    7.5000    0.0000  -37.5000 2476.3904   10.3059
   -7.5000    7.5000  -37.5000 2516.7795    9.7721
    0.0000    7.5000  -37.5000 2541.2173    9.6597
    7.5000    7.5000  -37.5000 2540.9553    9.7175
   -7.5000   15.0000  -37.5000 2555.2075    9.4495
    0.0000   15.0000  -37.5000 2586.4272    9.3133
    7.5000   15.0000  -37.5000 2580.9653    9.3650
   -7.5000   22.5000  -37.5000 2578.0554    9.2804
    0.0000   22.5000  -37.5000 2609.3843    9.1668
    7.5000   22.5000  -37.5000 2601.5713    9.2205
   -7.5000   30.0000  -37.5000 2580.4275    9.2806
    0.0000   30.0000  -37.5000 2611.9170    9.1826
    7.5000   30.0000  -37.5000 2600.1780    9.2247
   -7.5000   37.5000  -37.5000 2564.6646    9.4703
    0.0000   37.5000  -37.5000 2595.2903    9.3571
    7.5000   37.5000  -37.5000 2583.6594    9.4022
   -7.5000   45.0000  -37.5000 2523.1069    9.8170
    0.0000   45.0000  -37.5000 2555.5569    9.7056
    7.5000   45.0000  -37.5000 2540.1521    9.7411
   -7.5000  -45.0000  -30.0000 1802.8866   20.5509
    0.0000  -45.0000  -30.0000 1811.0040   20.4159
    7.5000  -45.0000  -30.0000 1808.8458   20.5494
   -7.5000  -37.5000  -30.0000 1950.9514   17.6644
    0.0000  -37.5000  -30.0000 1960.6383   17.4850
    7.5000  -37.5000  -30.0000 1957.9032   17.6117
   -7.5000  -30.0000  -30.0000 2090.9790   15.4529
    0.0000  -30.0000  -30.0000 2106.4639   15.2673
    7.5000  -30.0000  -30.0000 2108.7556   15.3739
   -7.5000  -22.5000  -30.0000 2228.2808   13.6911
    0.0000  -22.5000  -30.0000 2250.8821   13.5154
    7.5000  -22.5000  -30.0000 2253.5444   13.6255
   -7.5000  -15.0000  -30.0000 2354.8875   12.2447
    0.0000  -15.0000  -30.0000 2380.9980   12.0948
    7.5000  -15.0000  -30.0000 2380.6541   12.1730
   -7.5000   -7.5000  -30.0000 2466.0112   11.0654
    0.0000   -7.5000  -30.0000 2493.0508   10.9412
    7.5000   -7.5000  -30.0000 2490.9890   11.0167
   -7.5000    0.0000  -30.0000 2561.0901   10.1710
    0.0000    0.0000  -30.0000 2587.6621   10.0532
    7.5000    0.0000  -30.0000 2585.6526   10.1233
   -7.5000    7.5000  -30.0000 2636.8127    9.5553
    0.0000    7.5000  -30.0000 2665.1667    9.4432
    7.5000    7.5000  -30.0000 2660.1636    9.4993
   -7.5000   15.0000  -30.0000 2683.0269    9.1873
    0.0000   15.0000  -30.0000 2718.8625    9.0737
    7.5000   15.0000  -30.0000 2707.0413    9.1172
   -7.5000   22.5000  -30.0000 2708.4265    9.0041
    0.0000   22.5000  -30.0000 2751.0662    8.8995
    7.5000   22.5000  -30.0000 2738.5518    8.9601
   -7.5000   30.0000  -30.0000 2721.7271    9.0006
    0.0000   30.0000  -30.0000 2760.4321    8.8975
    7.5000   30.0000  -30.0000 2745.0776    8.9513
   -7.5000   37.5000  -30.0000 2706.0942    9.2048
    0.0000   37.5000  -30.0000 2745.9578    9.0850
    7.5000   37.5000  -30.0000 2730.3691    9.1326
   -7.5000   45.0000  -30.0000 2659.5684    9.5439
    0.0000   45.0000  -30.0000 2695.5876    9.4306
    7.5000   45.0000  -30.0000 2683.8945    9.4563
   -7.5000  -45.0000  -22.5000 1837.6661   20.5249
    0.0000  -45.0000  -22.5000 1849.5822   20.3261
    7.5000  -45.0000  -22.5000 1851.1134   20.4098
   -7.5000  -37.5000  -22.5000 1990.9874   17.6175
    0.0000  -37.5000  -22.5000 2002.0345   17.3635
    7.5000  -37.5000  -22.5000 2003.6058   17.4456
   -7.5000  -30.0000  -22.5000 2132.3582   15.3422
    0.0000  -30.0000  -22.5000 2152.4541   15.1333
    7.5000  -30.0000  -22.5000 2154.7705   15.2002
   -7.5000  -22.5000  -22.5000 2270.7957   13.5350
    0.0000  -22.5000  -22.5000 2298.6641   13.3355
    7.5000  -22.5000  -22.5000 2299.4324   13.4235
   -7.5000  -15.0000  -22.5000 2402.9338   12.0633
    0.0000  -15.0000  -22.5000 2436.2554   11.8899
    7.5000  -15.0000  -22.5000 2432.8157   11.9741
   -7.5000   -7.5000  -22.5000 2524.1335   10.8807
    0.0000   -7.5000  -22.5000 2554.9370   10.7260
    7.5000   -7.5000  -22.5000 2552.8044   10.8081
   -7.5000    0.0000  -22.5000 2622.3840    9.9583
    0.0000    0.0000  -22.5000 2655.0359    9.8145
    7.5000    0.0000  -22.5000 2652.9402    9.8960
   -7.5000    7.5000  -22.5000 2713.8042    9.3109
    0.0000    7.5000  -22.5000 2746.0964    9.1686
    7.5000    7.5000  -22.5000 2740.8328    9.2269
   -7.5000   15.0000  -22.5000 2771.8115    8.8947
    0.0000   15.0000  -22.5000 2812.5073    8.7643
    7.5000   15.0000  -22.5000 2802.7666    8.8241
   -7.5000   22.5000  -22.5000 2808.2800    8.7161
    0.0000   22.5000  -22.5000 2855.5198    8.5736
    7.5000   22.5000  -22.5000 2844.1770    8.6412
   -7.5000   30.0000  -22.5000 2827.2910    8.7144
    0.0000   30.0000  -22.5000 2870.4702    8.5486
    7.5000   30.0000  -22.5000 2856.3828    8.6107
   -7.5000   37.5000  -22.5000 2813.8635    8.9089
    0.0000   37.5000  -22.5000 2856.1333    8.7642
    7.5000   37.5000  -22.5000 2841.0659    8.7910
   -7.5000   45.0000  -22.5000 2762.9084    9.2393
    0.0000   45.0000  -22.5000 2801.2886    9.0997
    7.5000   45.0000  -22.5000 2787.2888    9.1251
   -7.5000  -45.0000  -15.0000 1854.6400   20.5797
    0.0000  -45.0000  -15.0000 1867.5090   20.3097
    7.5000  -45.0000  -15.0000 1870.7075   20.3576
   -7.5000  -37.5000  -15.0000 2002.8754   17.5914
    0.0000  -37.5000  -15.0000 2017.3148   17.3453
    7.5000  -37.5000  -15.0000 2020.7836   17.3932
   -7.5000  -30.0000  -15.0000 2144.8569   15.3060
    0.0000  -30.0000  -15.0000 2168.1519   15.0621
    7.5000  -30.0000  -15.0000 2171.7644   15.1347
   -7.5000  -22.5000  -15.0000 2285.6848   13.4648
    0.0000  -22.5000  -15.0000 2316.0408   13.2321
    7.5000  -22.5000  -15.0000 2318.4626   13.3125
   -7.5000  -15.0000  -15.0000 2419.3369   11.9614
    0.0000  -15.0000  -15.0000 2452.7563   11.7421
    7.5000  -15.0000  -15.0000 2452.7349   11.8382
   -7.5000   -7.5000  -15.0000 2540.6255   10.7548
    0.0000   -7.5000  -15.0000 2576.2334   10.5619
    7.5000   -7.5000  -15.0000 2576.3010   10.6502
   -7.5000    0.0000  -15.0000 2647.3452    9.8074
    0.0000    0.0000  -15.0000 2681.1067    9.6154
    7.5000    0.0000  -15.0000 2679.8701    9.6954
   -7.5000    7.5000  -15.0000 2745.5234    9.1289
    0.0000    7.5000  -15.0000 2781.8589    8.9247
    7.5000    7.5000  -15.0000 2777.8125    8.9909
   -7.5000   15.0000  -15.0000 2820.5886    8.6905
    0.0000   15.0000  -15.0000 2863.6760    8.5018
    7.5000   15.0000  -15.0000 2857.2576    8.5562
   -7.5000   22.5000  -15.0000 2873.0935    8.5120
    0.0000   22.5000  -15.0000 2922.4834    8.3244
    7.5000   22.5000  -15.0000 2915.8235    8.3703
   -7.5000   30.0000  -15.0000 2893.4673    8.5052
    0.0000   30.0000  -15.0000 2947.8530    8.2612
    7.5000   30.0000  -15.0000 2930.9329    8.3377
   -7.5000   37.5000  -15.0000 2878.7495    8.7114
    0.0000   37.5000  -15.0000 2925.1045    8.4931
    7.5000   37.5000  -15.0000 2907.4507    8.5426
   -7.5000   45.0000  -15.0000 2821.5178    9.0392
    0.0000   45.0000  -15.0000 2861.8103    8.8454
    7.5000   45.0000  -15.0000 2849.2024    8.8950
   -7.5000  -45.0000   -7.5000 1851.8962   20.7942
    0.0000  -45.0000   -7.5000 1866.1858   20.4712
    7.5000  -45.0000   -7.5000 1867.9858   20.5296
   -7.5000  -37.5000   -7.5000 1999.2667   17.7239
    0.0000  -37.5000   -7.5000 2018.9696   17.4212
    7.5000  -37.5000   -7.5000 2025.5541   17.4605
   -7.5000  -30.0000   -7.5000 2141.0950   15.3666
    0.0000  -30.0000   -7.5000 2167.2634   15.0632
    7.5000  -30.0000   -7.5000 2173.7322   15.1470
   -7.5000  -22.5000   -7.5000 2279.6028   13.4955
    0.0000  -22.5000   -7.5000 2311.2893   13.2191
    7.5000  -22.5000   -7.5000 2317.2346   13.2873
   -7.5000  -15.0000   -7.5000 2411.4854   11.9523
    0.0000  -15.0000   -7.5000 2446.1470   11.6984
    7.5000  -15.0000   -7.5000 2447.1033   11.7736
   -7.5000   -7.5000   -7.5000 2534.0039   10.7093
    0.0000   -7.5000   -7.5000 2571.8413   10.4809
    7.5000   -7.5000   -7.5000 2570.0889   10.5559
   -7.5000    0.0000   -7.5000 2646.8936    9.7224
    0.0000    0.0000   -7.5000 2684.2507    9.5140
    7.5000    0.0000   -7.5000 2681.1301    9.5720
   -7.5000    7.5000   -7.5000 2751.2998    8.9940
    0.0000    7.5000   -7.5000 2790.5859    8.7761
    7.5000    7.5000   -7.5000 2784.4392    8.8281
   -7.5000   15.0000   -7.5000 2836.7668    8.5605
    0.0000   15.0000   -7.5000 2882.0911    8.3160
    7.5000   15.0000   -7.5000 2876.3186    8.3687
   -7.5000   22.5000   -7.5000 2903.9546    8.4157
    0.0000   22.5000   -7.5000 2952.7341    8.1959
    7.5000   22.5000   -7.5000 2948.5693    8.2101
   -7.5000   30.0000   -7.5000 2928.3118    8.4633
    0.0000   30.0000   -7.5000 2990.0906    8.2059
    7.5000   30.0000   -7.5000 2973.9446    8.2587
   -7.5000   37.5000   -7.5000 2911.4226    8.6050
    0.0000   37.5000   -7.5000 2963.2856    8.3221
    7.5000   37.5000   -7.5000 2943.5056    8.4253
   -7.5000   45.0000   -7.5000 2844.1704    8.9162
    0.0000   45.0000   -7.5000 2888.8662    8.6606
    7.5000   45.0000   -7.5000 2868.3252    8.7673
   -7.5000  -45.0000    0.0000 1834.1764   21.2697
    0.0000  -45.0000    0.0000 1846.9775   20.8997
    7.5000  -45.0000    0.0000 1854.3530   20.8836
   -7.5000  -37.5000    0.0000 1980.1423   18.1040
    0.0000  -37.5000    0.0000 2003.1311   17.7800
    7.5000  -37.5000    0.0000 2012.8455   17.7914
   -7.5000  -30.0000    0.0000 2122.4285   15.6529
    0.0000  -30.0000    0.0000 2154.7607   15.3311
    7.5000  -30.0000    0.0000 2162.1062   15.4048
   -7.5000  -22.5000    0.0000 2259.7373   13.6478
    0.0000  -22.5000    0.0000 2295.4382   13.3459
    7.5000  -22.5000    0.0000 2302.7131   13.4479
   -7.5000  -15.0000    0.0000 2390.1404   12.0703
    0.0000  -15.0000    0.0000 2426.3545   11.7824
    7.5000  -15.0000    0.0000 2429.0315   11.8594
   -7.5000   -7.5000    0.0000 2513.7371   10.8273
    0.0000   -7.5000    0.0000 2550.8057   10.5383
    7.5000   -7.5000    0.0000 2547.7190   10.6047
   -7.5000    0.0000    0.0000 2627.0188    9.8395
    0.0000    0.0000    0.0000 2663.5195    9.5620
    7.5000    0.0000    0.0000 2661.0818    9.6207
   -7.5000    7.5000    0.0000 2735.0774    9.0832
    0.0000    7.5000    0.0000 2771.7373    8.8176
    7.5000    7.5000    0.0000 2765.7605    8.8727
   -7.5000   15.0000    0.0000 2828.7913    8.6500
    0.0000   15.0000    0.0000 2873.1816    8.3739
    7.5000   15.0000    0.0000 2864.7112    8.4168
   -7.5000   22.5000    0.0000 2896.6338    8.4610
    0.0000   22.5000    0.0000 2948.9556    8.2463
    7.5000   22.5000    0.0000 2941.8745    8.2668
   -7.5000   30.0000    0.0000 2920.5374    8.4750
    0.0000   30.0000    0.0000 2984.3867    8.2613
    7.5000   30.0000    0.0000 2968.9714    8.3164
   -7.5000   37.5000    0.0000 2897.0715    8.6270
    0.0000   37.5000    0.0000 2954.0085    8.4066
    7.5000   37.5000    0.0000 2938.9780    8.4582
   -7.5000   45.0000    0.0000 2834.2649    8.9371
    0.0000   45.0000    0.0000 2881.8428    8.7385
    7.5000   45.0000    0.0000 2862.8843    8.7874
   -7.5000  -45.0000    7.5000 1797.5801   22.0297
    0.0000  -45.0000    7.5000 1814.2811   21.6729
    7.5000  -45.0000    7.5000 1820.8312   21.6350
   -7.5000  -37.5000    7.5000 1947.6110   18.6930
    0.0000  -37.5000    7.5000 1976.9369   18.3439
    7.5000  -37.5000    7.5000 1985.2966   18.3884
   -7.5000  -30.0000    7.5000 2091.5354   16.0833
    0.0000  -30.0000    7.5000 2126.7012   15.7372
    7.5000  -30.0000    7.5000 2138.7866   15.8239
   -7.5000  -22.5000    7.5000 2227.7498   14.0047
    0.0000  -22.5000    7.5000 2264.9871   13.6607
    7.5000  -22.5000    7.5000 2274.1086   13.7486
   -7.5000  -15.0000    7.5000 2358.2065   12.4164
    0.0000  -15.0000    7.5000 2392.2119   12.0547
    7.5000  -15.0000    7.5000 2395.8462   12.1277
   -7.5000   -7.5000    7.5000 2486.3850   11.1412
    0.0000   -7.5000    7.5000 2515.9324   10.7910
    7.5000   -7.5000    7.5000 2516.2258   10.8501
   -7.5000    0.0000    7.5000 2600.6555   10.1414
    0.0000    0.0000    7.5000 2632.3030    9.8345
    7.5000    0.0000    7.5000 2626.7681    9.8738
   -7.5000    7.5000    7.5000 2704.9209    9.4051
    0.0000    7.5000    7.5000 2741.4065    9.1190
    7.5000    7.5000    7.5000 2732.3989    9.1655
   -7.5000   15.0000    7.5000 2796.9402    8.9418
    0.0000   15.0000    7.5000 2840.2122    8.6815
    7.5000   15.0000    7.5000 2834.3662    8.7163
   -7.5000   22.5000    7.5000 2862.4502    8.7115
    0.0000   22.5000    7.5000 2911.8647    8.4860
    7.5000   22.5000    7.5000 2905.6606    8.5391
   -7.5000   30.0000    7.5000 2887.2048    8.6760
    0.0000   30.0000    7.5000 2941.0601    8.4224
    7.5000   30.0000    7.5000 2927.8706    8.5273
   -7.5000   37.5000    7.5000 2862.8416    8.8268
    0.0000   37.5000    7.5000 2911.0093    8.6064
    7.5000   37.5000    7.5000 2899.2424    8.6697
   -7.5000   45.0000    7.5000 2797.1460    9.1904
    0.0000   45.0000    7.5000 2838.7065    8.9904
    7.5000   45.0000    7.5000 2824.7332    9.0405
   -7.5000  -45.0000   15.0000 1751.7903   23.1212
    0.0000  -45.0000   15.0000 1764.5253   22.7153
    7.5000  -45.0000   15.0000 1770.0339   22.7092
   -7.5000  -37.5000   15.0000 1907.0651   19.4924
    0.0000  -37.5000   15.0000 1930.9155   19.1082
    7.5000  -37.5000   15.0000 1936.8326   19.1098
   -7.5000  -30.0000   15.0000 2051.8125   16.7538
    0.0000  -30.0000   15.0000 2082.0974   16.3549
    7.5000  -30.0000   15.0000 2094.7273   16.3747
   -7.5000  -22.5000   15.0000 2185.7075   14.6394
    0.0000  -22.5000   15.0000 2217.8408   14.2187
    7.5000  -22.5000   15.0000 2228.0679   14.2507
   -7.5000  -15.0000   15.0000 2316.9775   12.9490
    0.0000  -15.0000   15.0000 2348.6130   12.5824
    7.5000  -15.0000   15.0000 2349.8381   12.6368
   -7.5000   -7.5000   15.0000 2443.3782   11.6295
    0.0000   -7.5000   15.0000 2474.6282   11.3163
    7.5000   -7.5000   15.0000 2472.0259   11.3741
   -7.5000    0.0000   15.0000 2557.5889   10.6097
    0.0000    0.0000   15.0000 2589.1670   10.3194
    7.5000    0.0000   15.0000 2584.8499   10.3765
   -7.5000    7.5000   15.0000 2661.7288    9.8714
    0.0000    7.5000   15.0000 2695.9753    9.5823
    7.5000    7.5000   15.0000 2689.5374    9.6395
   -7.5000   15.0000   15.0000 2745.2446    9.3958
    0.0000   15.0000   15.0000 2787.3130    9.1295
    7.5000   15.0000   15.0000 2779.0557    9.1751
   -7.5000   22.5000   15.0000 2803.0288    9.1333
    0.0000   22.5000   15.0000 2847.8494    8.8839
    7.5000   22.5000   15.0000 2842.1165    8.9618
   -7.5000   30.0000   15.0000 2828.4058    9.0763
    0.0000   30.0000   15.0000 2865.8354    8.8378
    7.5000   30.0000   15.0000 2856.0378    8.9310
   -7.5000   37.5000   15.0000 2803.5164    9.2306
    0.0000   37.5000   15.0000 2838.5156    9.0132
    7.5000   37.5000   15.0000 2828.2153    9.0940
   -7.5000   45.0000   15.0000 2735.4929    9.5788
    0.0000   45.0000   15.0000 2770.6462    9.3757
    7.5000   45.0000   15.0000 2762.6338    9.4483
   -7.5000  -45.0000   22.5000 1696.7421   24.6087
    0.0000  -45.0000   22.5000 1707.4027   24.1851
    7.5000  -45.0000   22.5000 1708.3094   24.1316
   -7.5000  -37.5000   22.5000 1855.2852   20.6791
    0.0000  -37.5000   22.5000 1871.0785   20.2263
    7.5000  -37.5000   22.5000 1873.3412   20.2156
   -7.5000  -30.0000   22.5000 2004.4143   17.7365
    0.0000  -30.0000   22.5000 2027.0612   17.3028
    7.5000  -30.0000   22.5000 2031.3507   17.3272
   -7.5000  -22.5000   22.5000 2140.7520   15.4495
    0.0000  -22.5000   22.5000 2168.2261   15.0475
    7.5000  -22.5000   22.5000 2170.0537   15.1192
   -7.5000  -15.0000   22.5000 2269.4973   13.6287
    0.0000  -15.0000   22.5000 2297.9641   13.3181
    7.5000  -15.0000   22.5000 2298.3945   13.4051
   -7.5000   -7.5000   22.5000 2390.6560   12.2673
    0.0000   -7.5000   22.5000 2421.5439   11.9688
    7.5000   -7.5000   22.5000 2424.4333   12.0463
   -7.5000    0.0000   22.5000 2500.2197   11.2153
    0.0000    0.0000   22.5000 2535.2825   10.9119
    7.5000    0.0000   22.5000 2532.9443   10.9739
   -7.5000    7.5000   22.5000 2603.1995   10.4571
    0.0000    7.5000   22.5000 2637.6196   10.1796
    7.5000    7.5000   22.5000 2631.5022   10.2224
   -7.5000   15.0000   22.5000 2684.9092    9.9690
    0.0000   15.0000   22.5000 2718.2419    9.7116
    7.5000   15.0000   22.5000 2709.8452    9.7534
   -7.5000   22.5000   22.5000 2732.9949    9.6924
    0.0000   22.5000   22.5000 2770.6160    9.4760
    7.5000   22.5000   22.5000 2760.9629    9.5303
   -7.5000   30.0000   22.5000 2747.4763    9.6249
    0.0000   30.0000   22.5000 2776.2661    9.4244
    7.5000   30.0000   22.5000 2765.8640    9.4873
   -7.5000   37.5000   22.5000 2720.6399    9.7732
    0.0000   37.5000   22.5000 2750.1375    9.5873
    7.5000   37.5000   22.5000 2739.8508    9.6424
   -7.5000   45.0000   22.5000 2659.0293   10.1123
    0.0000   45.0000   22.5000 2689.5701    9.9174
    7.5000   45.0000   22.5000 2683.1616    9.9790
   -7.5000  -45.0000   30.0000 1632.0056   26.6294
    0.0000  -45.0000   30.0000 1643.9949   26.2652
    7.5000  -45.0000   30.0000 1643.9850   26.2757
   -7.5000  -37.5000   30.0000 1790.8883   22.1556
    0.0000  -37.5000   30.0000 1805.1813   21.8102
    7.5000  -37.5000   30.0000 1804.5555   21.8215
   -7.5000  -30.0000   30.0000 1945.5333   18.8998
    0.0000  -30.0000   30.0000 1966.0934   18.5478
    7.5000  -30.0000   30.0000 1962.1008   18.5851
   -7.5000  -22.5000   30.0000 2086.2251   16.4435
    0.0000  -22.5000   30.0000 2107.3477   16.1221
    7.5000  -22.5000   30.0000 2106.8997   16.1683
   -7.5000  -15.0000   30.0000 2213.7996   14.5377
    0.0000  -15.0000   30.0000 2233.7114   14.2352
    7.5000  -15.0000   30.0000 2234.4504   14.2915
   -7.5000   -7.5000   30.0000 2328.4836   13.0888
    0.0000   -7.5000   30.0000 2357.8079   12.7972
    7.5000   -7.5000   30.0000 2357.5769   12.8542
   -7.5000    0.0000   30.0000 2437.8523   11.9687
    0.0000    0.0000   30.0000 2468.1716   11.7071
    7.5000    0.0000   30.0000 2464.6338   11.7578
   -7.5000    7.5000   30.0000 2532.4368   11.2013
    0.0000    7.5000   30.0000 2562.1091   10.9564
    7.5000    7.5000   30.0000 2556.0898   10.9933
   -7.5000   15.0000   30.0000 2604.6531   10.6892
    0.0000   15.0000   30.0000 2636.6646   10.4614
    7.5000   15.0000   30.0000 2627.9697   10.4938
   -7.5000   22.5000   30.0000 2648.1538   10.4140
    0.0000   22.5000   30.0000 2676.7688   10.2165
    7.5000   22.5000   30.0000 2669.5781   10.2507
   -7.5000   30.0000   30.0000 2655.2778   10.3440
    0.0000   30.0000   30.0000 2678.4387   10.1554
    7.5000   30.0000   30.0000 2670.9658   10.1927
   -7.5000   37.5000   30.0000 2625.7395   10.4980
    0.0000   37.5000   30.0000 2648.4617   10.3006
    7.5000   37.5000   30.0000 2644.2771   10.3379
   -7.5000   45.0000   30.0000 2572.0547   10.7969
    0.0000   45.0000   30.0000 2595.6982   10.6048
    7.5000   45.0000   30.0000 2591.8711   10.6395
   -7.5000  -45.0000   37.5000 1563.1477   29.1228
    0.0000  -45.0000   37.5000 1575.2722   28.7042
    7.5000  -45.0000   37.5000 1574.4066   28.8500
   -7.5000  -37.5000   37.5000 1722.6692   24.0085
    0.0000  -37.5000   37.5000 1734.7111   23.6456
    7.5000  -37.5000   37.5000 1733.5667   23.7136
   -7.5000  -30.0000   37.5000 1876.6583   20.3541
    0.0000  -30.0000   37.5000 1894.9608   20.0281
    7.5000  -30.0000   37.5000 1892.8417   20.0794
   -7.5000  -22.5000   37.5000 2019.0629   17.7060
    0.0000  -22.5000   37.5000 2042.1886   17.3781
    7.5000  -22.5000   37.5000 2039.6235   17.4421
   -7.5000  -15.0000   37.5000 2145.3413   15.6792
    0.0000  -15.0000   37.5000 2167.2463   15.3705
    7.5000  -15.0000   37.5000 2165.4226   15.4353
   -7.5000   -7.5000   37.5000 2262.2651   14.1173
    0.0000   -7.5000   37.5000 2288.3408   13.8562
    7.5000   -7.5000   37.5000 2284.7778   13.9194
   -7.5000    0.0000   37.5000 2366.2415   12.9578
    0.0000    0.0000   37.5000 2394.1021   12.7292
    7.5000    0.0000   37.5000 2388.0281   12.7904
   -7.5000    7.5000   37.5000 2456.2898   12.1473
    0.0000    7.5000   37.5000 2480.1782   11.9222
    7.5000    7.5000   37.5000 2475.1455   11.9676
   -7.5000   15.0000   37.5000 2516.8535   11.6122
    0.0000   15.0000   37.5000 2542.4878   11.3790
    7.5000   15.0000   37.5000 2536.6213   11.4138
   -7.5000   22.5000   37.5000 2551.5789   11.2909
    0.0000   22.5000   37.5000 2573.7434   11.1024
    7.5000   22.5000   37.5000 2568.0808   11.1256
   -7.5000   30.0000   37.5000 2557.0234   11.1992
    0.0000   30.0000   37.5000 2578.2441   11.0131
    7.5000   30.0000   37.5000 2572.0940   11.0434
   -7.5000   37.5000   37.5000 2529.1040   11.3592
    0.0000   37.5000   37.5000 2551.2654   11.1590
    7.5000   37.5000   37.5000 2546.7227   11.1758
   -7.5000   45.0000   37.5000 2481.1624   11.6376
    0.0000   45.0000   37.5000 2499.1006   11.4472
    7.5000   45.0000   37.5000 2495.1111   11.4797
   -7.5000  -45.0000   45.0000 1495.3972   32.5083
    0.0000  -45.0000   45.0000 1507.8231   31.9933
    7.5000  -45.0000   45.0000 1506.9172   32.0656
   -7.5000  -37.5000   45.0000 1648.5110   26.5639
    0.0000  -37.5000   45.0000 1658.7800   26.0584
    7.5000  -37.5000   45.0000 1658.8328   26.1513
   -7.5000  -30.0000   45.0000 1797.3175   22.3696
    0.0000  -30.0000   45.0000 1814.8107   21.9740
    7.5000  -30.0000   45.0000 1816.1320   22.0541
   -7.5000  -22.5000   45.0000 1939.1553   19.3711
    0.0000  -22.5000   45.0000 1962.2572   19.0213
    7.5000  -22.5000   45.0000 1959.9469   19.0817
   -7.5000  -15.0000   45.0000 2066.9150   17.0929
    0.0000  -15.0000   45.0000 2087.8271   16.8140
    7.5000  -15.0000   45.0000 2083.1968   16.9112
   -7.5000   -7.5000   45.0000 2183.0256   15.4206
    0.0000   -7.5000   45.0000 2207.1357   15.2122
    7.5000   -7.5000   45.0000 2201.0774   15.2880
   -7.5000    0.0000   45.0000 2283.2014   14.1896
    0.0000    0.0000   45.0000 2310.6140   13.9860
    7.5000    0.0000   45.0000 2303.2642   14.0558
   -7.5000    7.5000   45.0000 2369.5828   13.3288
    0.0000    7.5000   45.0000 2394.5989   13.0926
    7.5000    7.5000   45.0000 2387.7161   13.1529
   -7.5000   15.0000   45.0000 2423.0696   12.7286
    0.0000   15.0000   45.0000 2444.1990   12.4965
    7.5000   15.0000   45.0000 2441.3213   12.5501
   -7.5000   22.5000   45.0000 2452.3682   12.3606
    0.0000   22.5000   45.0000 2467.1665   12.1571
    7.5000   22.5000   45.0000 2461.6514   12.1961
   -7.5000   30.0000   45.0000 2454.2930   12.2147
    0.0000   30.0000   45.0000 2473.9153   12.0265
    7.5000   30.0000   45.0000 2466.6479   12.0724
   -7.5000   37.5000   45.0000 2428.6157   12.3457
    0.0000   37.5000   45.0000 2451.5193   12.1511
    7.5000   37.5000   45.0000 2446.5750   12.1788
   -7.5000   45.0000   45.0000 2383.2771   12.6329
    0.0000   45.0000   45.0000 2405.4065   12.4517
    7.5000   45.0000   45.0000 2398.7754   12.4945

---------------------------------------------------------------------
imgreg_4dfp /opt/freesurfer/average/711-2C_as_mni_average_305 /opt/freesurfer/average/711-2B_as_mni_average_305_mask talsrcimg_g11 none talsrcimg_to_711-2C_as_mni_average_305_t4 1283
---------------------------------------------------------------------

freesurfer imgreg_4dfp.c
/opt/freesurfer/average/711-2C_as_mni_average_305.4dfp.img
       256       256       256         1
  1.000000  1.000000  1.000000
orientation T byte_order littleendian
Reading image: /opt/freesurfer/average/711-2C_as_mni_average_305.4dfp.img
dimensions:      256       256       256
mmppix:       1.0000   -1.0000   -1.0000
center:     128.0000 -129.0000 -129.0000
/opt/freesurfer/average/711-2B_as_mni_average_305_mask.4dfp.img
       256       256       256         1
  1.000000  1.000000  1.000000
orientation T byte_order littleendian
Reading mask: /opt/freesurfer/average/711-2B_as_mni_average_305_mask.4dfp.img (2306576 pixels)
talsrcimg_g11.4dfp.img
       256       256       256         1
  1.000000  1.000000  1.000000
orientation T byte_order littleendian
Reading image: talsrcimg_g11.4dfp.img
dimensions:      256       256       256
mmppix:       1.0000   -1.0000   -1.0000
center:     128.0000 -129.0000 -129.0000
rotation matrix determinant  1.000000
fimgreg.f
image alignment mode   1283 decimal      503 hex
parameters
    0.0000   30.0000   -7.5000    0.0000    0.0000    0.0000
eta,q 0.93871  8.21189
niter,ni,del,rscale     5    3   12.0000    1.2000
parameter  3 -0.724123 -> -0.500000 qaram    1.1500
parameter  4  3.150311 ->  0.500000 qaram    1.1500
parameter  5 -0.574803 -> -0.500000 qaram    1.1500
parameter  6 -3.363279 -> -0.500000 qaram    1.1500
parameters
    1.2782   29.6837   -4.0500   -3.4500    3.4500    3.4500
eta,q 0.94666  8.13067
  0.0775  0.0696  0.0724  0.0552  0.0680  0.0617
  0.0706  0.0665  0.0697  0.0571  0.0644  0.0598
  0.0664  0.0640  0.0665  0.0588  0.0604  0.0579
  0.0638  0.0633  0.0632  0.0603  0.0576  0.0562
  0.0641  0.0647  0.0606  0.0625  0.0564  0.0546
  0.0667  0.0676  0.0604  0.0652  0.0562  0.0529
  0.0688  0.0709  0.0621  0.0677  0.0573  0.0521
niter,ni,del,rscale     7    3   12.0000    1.2000
parameter  4  1.235867 ->  0.500000 qaram    1.3225
parameters
    0.8776   30.8322   -3.9875   -7.4175    4.3263    5.4899
eta,q 0.95144  8.17588
  0.0625  0.0632  0.0622  0.0487  0.0588  0.0573
  0.0566  0.0583  0.0578  0.0493  0.0541  0.0545
  0.0529  0.0547  0.0541  0.0503  0.0507  0.0517
  0.0533  0.0529  0.0525  0.0525  0.0495  0.0495
  0.0565  0.0526  0.0538  0.0546  0.0501  0.0486
  0.0596  0.0543  0.0578  0.0575  0.0523  0.0497
  0.0631  0.0576  0.0617  0.0610  0.0546  0.0521
niter,ni,del,rscale     7    3   12.0000    1.2000
parameter  4  0.588684 ->  0.500000 qaram    1.5209
parameters
    0.6780   31.7440   -4.5666  -11.9801    4.7248    5.6311
eta,q 0.95292  8.19046
  0.0607  0.0606  0.0569  0.0477  0.0562  0.0531
  0.0545  0.0549  0.0523  0.0469  0.0512  0.0502
  0.0496  0.0503  0.0494  0.0472  0.0478  0.0481
  0.0486  0.0485  0.0484  0.0484  0.0469  0.0471
  0.0519  0.0489  0.0506  0.0504  0.0489  0.0480
  0.0566  0.0514  0.0550  0.0532  0.0513  0.0502
  0.0610  0.0548  0.0597  0.0571  0.0532  0.0524
niter,ni,del,rscale     7    3   12.0000    1.2000
parameters
    0.4385   33.3379   -5.7680  -12.7433    5.0523    5.7828
eta,q 0.95387  8.18332
  0.0598  0.0620  0.0532  0.0544  0.0541  0.0523
  0.0534  0.0545  0.0487  0.0466  0.0494  0.0493
  0.0482  0.0496  0.0466  0.0451  0.0461  0.0471
  0.0471  0.0470  0.0464  0.0463  0.0459  0.0461
  0.0501  0.0465  0.0487  0.0485  0.0479  0.0470
  0.0550  0.0484  0.0537  0.0508  0.0496  0.0493
  0.0613  0.0512  0.0603  0.0549  0.0514  0.0515
niter,ni,del,rscale     6    3   12.0000    1.2000
parameters
    0.3956   33.8059   -6.0077  -13.2722    5.0368    5.8713
eta,q 0.95412  8.17713
  0.0589  0.0566  0.0551  0.0550  0.0532  0.0519
  0.0526  0.0514  0.0502  0.0472  0.0485  0.0489
  0.0476  0.0479  0.0471  0.0448  0.0456  0.0466
  0.0461  0.0461  0.0461  0.0462  0.0459  0.0459
  0.0480  0.0472  0.0471  0.0484  0.0479  0.0467
  0.0524  0.0499  0.0509  0.0508  0.0496  0.0491
  0.0594  0.0536  0.0569  0.0548  0.0519  0.0514
niter,ni,del,rscale     5    3   12.0000    1.2000
parameters
    0.3751   33.9708   -6.0934  -13.4574    5.0320    5.9084
eta,q 0.95418  8.17460
  0.0586  0.0560  0.0553  0.0557  0.0533  0.0518
  0.0524  0.0508  0.0504  0.0482  0.0486  0.0487
  0.0476  0.0472  0.0471  0.0448  0.0456  0.0465
  0.0459  0.0459  0.0459  0.0459  0.0458  0.0458
  0.0476  0.0473  0.0467  0.0481  0.0478  0.0467
  0.0520  0.0503  0.0503  0.0505  0.0495  0.0490
  0.0591  0.0546  0.0563  0.0543  0.0519  0.0513
niter,ni,del,rscale     4    3   12.0000    1.2000
parameters
    0.3624   34.0260   -6.1179  -13.5271    5.0346    5.9233
eta,q 0.95421  8.17373
  0.0586  0.0557  0.0554  0.0559  0.0533  0.0517
  0.0524  0.0505  0.0504  0.0486  0.0486  0.0486
  0.0475  0.0470  0.0471  0.0448  0.0456  0.0465
  0.0458  0.0458  0.0458  0.0458  0.0458  0.0458
  0.0475  0.0474  0.0465  0.0480  0.0478  0.0467
  0.0519  0.0506  0.0501  0.0504  0.0495  0.0490
  0.0591  0.0550  0.0560  0.0541  0.0519  0.0513
registration optimization eta report
parameter search radius
    6.0000    6.0000    6.9000    9.1253    6.9000    6.9000
100000*second partial in parameter space
       36.       26.       21.       11.       14.       12.
  0.0586  0.0557  0.0554  0.0559  0.0533  0.0517
  0.0524  0.0505  0.0504  0.0486  0.0486  0.0486
  0.0475  0.0470  0.0471  0.0448  0.0456  0.0465
  0.0458  0.0458  0.0458  0.0458  0.0458  0.0458
  0.0475  0.0474  0.0465  0.0480  0.0478  0.0467
  0.0519  0.0506  0.0501  0.0504  0.0495  0.0490
  0.0591  0.0550  0.0560  0.0541  0.0519  0.0513
    0.3624   34.0260   -6.1179  -13.5271    5.0346    5.9233
eta,q 0.95421  8.17373

---------------------------------------------------------------------
imgreg_4dfp /opt/freesurfer/average/711-2C_as_mni_average_305 /opt/freesurfer/average/711-2B_as_mni_average_305_mask talsrcimg_g11 none talsrcimg_to_711-2C_as_mni_average_305_t4 3335
---------------------------------------------------------------------

freesurfer imgreg_4dfp.c
/opt/freesurfer/average/711-2C_as_mni_average_305.4dfp.img
       256       256       256         1
  1.000000  1.000000  1.000000
orientation T byte_order littleendian
Reading image: /opt/freesurfer/average/711-2C_as_mni_average_305.4dfp.img
dimensions:      256       256       256
mmppix:       1.0000   -1.0000   -1.0000
center:     128.0000 -129.0000 -129.0000
/opt/freesurfer/average/711-2B_as_mni_average_305_mask.4dfp.img
       256       256       256         1
  1.000000  1.000000  1.000000
orientation T byte_order littleendian
Reading mask: /opt/freesurfer/average/711-2B_as_mni_average_305_mask.4dfp.img (2306576 pixels)
talsrcimg_g11.4dfp.img
       256       256       256         1
  1.000000  1.000000  1.000000
orientation T byte_order littleendian
Reading image: talsrcimg_g11.4dfp.img
dimensions:      256       256       256
mmppix:       1.0000   -1.0000   -1.0000
center:     128.0000 -129.0000 -129.0000
fimgreg.f
image alignment mode   3335 decimal      D07 hex
parameters
    0.3624   34.0260   -6.1179   -0.9176   -3.0813   -3.1492
   -7.9917  -10.9005   10.2798   22.3851    8.7757  -23.3003
eta,q 0.95650  8.20237
niter,ni,del,rscale     5    3    5.0000    1.2000
parameter  4  1.368570 ->  0.500000 qaram    1.1500
parameter  5  1.144836 ->  0.500000 qaram    1.1500
parameter  6  0.607661 ->  0.500000 qaram    1.1500
parameters
    0.5053   34.3931   -6.6591   -5.0576   -7.2213   -7.2892
   -6.8799   -8.8600   10.1836   20.7260    9.1686  -23.9595
eta,q 0.96462  7.80088
  0.0459  0.0463  0.0444  0.0384  0.0361  0.0362  0.0382  0.0417  0.0369  0.0369  0.0365  0.0362
  0.0447  0.0450  0.0437  0.0392  0.0369  0.0360  0.0371  0.0392  0.0361  0.0359  0.0359  0.0357
  0.0438  0.0440  0.0434  0.0409  0.0380  0.0360  0.0363  0.0372  0.0357  0.0354  0.0355  0.0354
  0.0435  0.0435  0.0434  0.0434  0.0396  0.0371  0.0359  0.0359  0.0355  0.0355  0.0354  0.0354
  0.0436  0.0435  0.0439  0.0463  0.0420  0.0395  0.0359  0.0356  0.0357  0.0362  0.0355  0.0356
  0.0443  0.0441  0.0447  0.0498  0.0453  0.0429  0.0364  0.0362  0.0362  0.0375  0.0358  0.0360
  0.0454  0.0450  0.0458  0.0540  0.0487  0.0470  0.0371  0.0376  0.0370  0.0394  0.0363  0.0365
niter,ni,del,rscale     7    3    5.0000    1.2000
parameter  5  0.531484 ->  0.500000 qaram    1.3225
parameter 10 -0.524588 -> -0.500000 qaram    1.1500
parameters
    0.8814   34.6923   -7.5522   -8.7083  -11.9823   -9.4828
   -7.4561   -8.3436   10.7272   24.8660   10.8207  -24.2826
eta,q 0.96679  7.44259
  0.0387  0.0376  0.0356  0.0357  0.0341  0.0347  0.0352  0.0370  0.0353  0.0369  0.0346  0.0342
  0.0371  0.0364  0.0352  0.0347  0.0338  0.0342  0.0345  0.0354  0.0346  0.0358  0.0340  0.0337
  0.0360  0.0357  0.0351  0.0345  0.0339  0.0339  0.0340  0.0343  0.0341  0.0347  0.0336  0.0333
  0.0354  0.0353  0.0353  0.0351  0.0345  0.0338  0.0339  0.0339  0.0339  0.0338  0.0333  0.0332
  0.0354  0.0354  0.0357  0.0369  0.0356  0.0340  0.0341  0.0341  0.0339  0.0333  0.0332  0.0334
  0.0360  0.0358  0.0363  0.0395  0.0374  0.0355  0.0348  0.0349  0.0343  0.0333  0.0334  0.0338
  0.0372  0.0367  0.0373  0.0428  0.0404  0.0388  0.0357  0.0363  0.0350  0.0339  0.0338  0.0344
niter,ni,del,rscale     7    3    5.0000    1.2000
parameters
    1.1876   35.0146   -8.3890  -10.5153  -15.1631  -11.7151
   -8.0013   -8.2652    9.6498   26.9317   11.6345  -24.3738
eta,q 0.96752  7.17870
  0.0362  0.0354  0.0334  0.0346  0.0339  0.0338  0.0343  0.0357  0.0338  0.0356  0.0335  0.0334
  0.0348  0.0342  0.0331  0.0339  0.0332  0.0333  0.0335  0.0342  0.0332  0.0344  0.0330  0.0328
  0.0337  0.0335  0.0330  0.0332  0.0328  0.0329  0.0329  0.0332  0.0328  0.0335  0.0327  0.0325
  0.0332  0.0331  0.0331  0.0330  0.0330  0.0328  0.0328  0.0328  0.0328  0.0328  0.0325  0.0325
  0.0332  0.0332  0.0335  0.0337  0.0340  0.0332  0.0331  0.0332  0.0332  0.0325  0.0325  0.0326
  0.0338  0.0336  0.0341  0.0353  0.0356  0.0348  0.0338  0.0341  0.0338  0.0329  0.0327  0.0329
  0.0351  0.0344  0.0350  0.0378  0.0380  0.0375  0.0348  0.0356  0.0346  0.0339  0.0332  0.0333
niter,ni,del,rscale     6    3    5.0000    1.2000
parameter  3  0.514943 ->  0.500000 qaram    1.1500
parameters
    1.0634   35.5817   -9.7690  -11.8023  -17.4951  -14.2571
   -8.0190   -8.5429    9.2496   28.9421   11.5962  -24.2109
eta,q 0.96807  6.97305
  0.0345  0.0351  0.0324  0.0335  0.0335  0.0329  0.0339  0.0346  0.0335  0.0350  0.0325  0.0325
  0.0334  0.0338  0.0322  0.0328  0.0327  0.0325  0.0330  0.0332  0.0328  0.0338  0.0322  0.0321
  0.0327  0.0329  0.0322  0.0324  0.0322  0.0322  0.0324  0.0324  0.0323  0.0329  0.0320  0.0320
  0.0325  0.0325  0.0324  0.0322  0.0322  0.0322  0.0322  0.0322  0.0322  0.0322  0.0319  0.0319
  0.0328  0.0324  0.0329  0.0324  0.0329  0.0327  0.0324  0.0326  0.0324  0.0319  0.0320  0.0320
  0.0337  0.0328  0.0335  0.0334  0.0343  0.0342  0.0330  0.0335  0.0330  0.0323  0.0322  0.0322
  0.0350  0.0334  0.0343  0.0355  0.0363  0.0369  0.0339  0.0349  0.0338  0.0334  0.0325  0.0324
niter,ni,del,rscale     6    3    5.0000    1.2000
parameters
    0.9111   36.2199  -10.8585  -12.2855  -18.7785  -16.0995
   -7.7569   -8.6847    9.1990   29.7991   11.7081  -22.8000
eta,q 0.96832  6.85605
  0.0336  0.0346  0.0320  0.0331  0.0334  0.0326  0.0335  0.0342  0.0333  0.0341  0.0321  0.0322
  0.0326  0.0333  0.0318  0.0323  0.0325  0.0322  0.0327  0.0328  0.0325  0.0330  0.0319  0.0319
  0.0321  0.0324  0.0317  0.0318  0.0319  0.0319  0.0320  0.0320  0.0320  0.0322  0.0318  0.0318
  0.0319  0.0319  0.0318  0.0317  0.0317  0.0317  0.0318  0.0318  0.0318  0.0318  0.0317  0.0317
  0.0322  0.0318  0.0322  0.0317  0.0321  0.0318  0.0319  0.0321  0.0320  0.0317  0.0317  0.0317
  0.0330  0.0321  0.0328  0.0323  0.0332  0.0329  0.0325  0.0330  0.0325  0.0322  0.0319  0.0318
  0.0341  0.0327  0.0336  0.0338  0.0351  0.0352  0.0333  0.0343  0.0334  0.0335  0.0322  0.0319
niter,ni,del,rscale     5    3    5.0000    1.2000
parameters
    0.8342   36.6053  -11.4262  -12.2560  -19.6095  -17.4434
   -7.4466   -8.7223    9.1083   30.2284   11.6176  -21.3754
eta,q 0.96837  6.79516
  0.0334  0.0339  0.0321  0.0331  0.0335  0.0325  0.0334  0.0340  0.0333  0.0336  0.0320  0.0321
  0.0324  0.0327  0.0318  0.0323  0.0326  0.0321  0.0326  0.0327  0.0324  0.0326  0.0319  0.0319
  0.0318  0.0320  0.0316  0.0318  0.0319  0.0318  0.0319  0.0319  0.0319  0.0320  0.0317  0.0317
  0.0317  0.0317  0.0317  0.0316  0.0316  0.0316  0.0317  0.0317  0.0317  0.0317  0.0317  0.0316
  0.0319  0.0317  0.0319  0.0317  0.0320  0.0317  0.0318  0.0320  0.0319  0.0317  0.0317  0.0316
  0.0326  0.0321  0.0322  0.0320  0.0329  0.0323  0.0324  0.0328  0.0325  0.0322  0.0318  0.0317
  0.0336  0.0328  0.0328  0.0333  0.0346  0.0341  0.0331  0.0341  0.0333  0.0334  0.0321  0.0319
niter,ni,del,rscale     4    3    5.0000    1.2000
parameters
    0.7685   36.8469  -11.6502  -12.2842  -20.1871  -18.2994
   -7.2253   -8.7302    9.0388   30.4084   11.5216  -20.5365
eta,q 0.96836  6.75555
  0.0332  0.0335  0.0323  0.0330  0.0335  0.0325  0.0333  0.0339  0.0333  0.0334  0.0320  0.0321
  0.0323  0.0325  0.0319  0.0322  0.0326  0.0320  0.0325  0.0327  0.0324  0.0324  0.0318  0.0319
  0.0318  0.0319  0.0317  0.0317  0.0319  0.0318  0.0319  0.0319  0.0318  0.0319  0.0317  0.0317
  0.0316  0.0316  0.0316  0.0316  0.0316  0.0316  0.0317  0.0317  0.0317  0.0317  0.0316  0.0317
  0.0319  0.0317  0.0318  0.0317  0.0319  0.0317  0.0318  0.0319  0.0319  0.0317  0.0317  0.0316
  0.0325  0.0322  0.0321  0.0320  0.0328  0.0320  0.0324  0.0327  0.0324  0.0322  0.0318  0.0317
  0.0334  0.0329  0.0325  0.0332  0.0343  0.0333  0.0331  0.0339  0.0333  0.0333  0.0321  0.0319
niter,ni,del,rscale     3    3    5.0000    1.2000
parameters
    0.7202   36.9918  -11.7847  -12.2976  -20.4636  -18.7793
   -7.0747   -8.7389    9.0124   30.5066   11.4588  -20.2298
eta,q 0.96834  6.73622
  0.0332  0.0334  0.0323  0.0330  0.0336  0.0325  0.0333  0.0339  0.0333  0.0333  0.0320  0.0321
  0.0323  0.0324  0.0319  0.0322  0.0327  0.0320  0.0324  0.0327  0.0324  0.0324  0.0318  0.0319
  0.0318  0.0318  0.0317  0.0317  0.0320  0.0318  0.0319  0.0319  0.0318  0.0319  0.0317  0.0317
  0.0316  0.0316  0.0316  0.0316  0.0316  0.0317  0.0317  0.0317  0.0317  0.0317  0.0317  0.0317
  0.0319  0.0318  0.0318  0.0317  0.0318  0.0317  0.0318  0.0319  0.0319  0.0317  0.0317  0.0317
  0.0324  0.0322  0.0320  0.0320  0.0326  0.0320  0.0324  0.0327  0.0324  0.0323  0.0318  0.0318
  0.0333  0.0329  0.0325  0.0331  0.0341  0.0330  0.0331  0.0339  0.0333  0.0333  0.0321  0.0320
niter,ni,del,rscale     2    3    5.0000    1.2000
parameters
    0.6940   37.0741  -11.8662  -12.3069  -20.5941  -18.9829
   -7.0115   -8.7420    8.9980   30.6033   11.4528  -20.1269
eta,q 0.96834  6.72863
  0.0332  0.0333  0.0324  0.0329  0.0336  0.0326  0.0333  0.0339  0.0333  0.0333  0.0320  0.0321
  0.0324  0.0324  0.0320  0.0322  0.0327  0.0321  0.0324  0.0327  0.0324  0.0324  0.0318  0.0319
  0.0318  0.0318  0.0317  0.0318  0.0321  0.0318  0.0318  0.0319  0.0319  0.0319  0.0317  0.0317
  0.0317  0.0317  0.0317  0.0317  0.0317  0.0317  0.0317  0.0317  0.0317  0.0317  0.0317  0.0317
  0.0319  0.0318  0.0318  0.0317  0.0318  0.0317  0.0319  0.0319  0.0319  0.0317  0.0317  0.0317
  0.0324  0.0323  0.0320  0.0320  0.0326  0.0320  0.0324  0.0327  0.0324  0.0323  0.0318  0.0318
  0.0333  0.0330  0.0325  0.0331  0.0340  0.0328  0.0332  0.0339  0.0333  0.0333  0.0321  0.0320
niter,ni,del,rscale     1    3    5.0000    1.2000
parameters
    0.6842   37.1156  -11.9128  -12.3162  -20.6609  -19.1063
   -6.9780   -8.7463    8.9885   30.6600   11.4464  -20.0814
eta,q 0.96833  6.72439
  0.0333  0.0332  0.0324  0.0329  0.0336  0.0326  0.0333  0.0339  0.0333  0.0332  0.0320  0.0321
  0.0324  0.0323  0.0320  0.0322  0.0328  0.0321  0.0324  0.0327  0.0324  0.0324  0.0319  0.0319
  0.0318  0.0318  0.0317  0.0318  0.0321  0.0318  0.0318  0.0319  0.0318  0.0319  0.0317  0.0317
  0.0317  0.0317  0.0317  0.0317  0.0317  0.0317  0.0317  0.0317  0.0317  0.0317  0.0317  0.0317
  0.0319  0.0319  0.0318  0.0317  0.0318  0.0317  0.0319  0.0319  0.0319  0.0317  0.0317  0.0317
  0.0324  0.0323  0.0320  0.0320  0.0326  0.0320  0.0324  0.0327  0.0324  0.0323  0.0318  0.0318
  0.0333  0.0330  0.0324  0.0331  0.0339  0.0328  0.0332  0.0339  0.0333  0.0333  0.0321  0.0321
registration optimization eta report
parameter search radius
    2.4000    2.4000    2.7600    8.2800    9.5220    8.2800
    7.2000    7.2000    7.2000    8.2800    7.2000    7.2000
100000*second partial in parameter space
       28.       25.       10.        2.        2.        1.
        3.        4.        3.        2.        1.        1.
  0.0333  0.0332  0.0324  0.0329  0.0336  0.0326  0.0333  0.0339  0.0333  0.0332  0.0320  0.0321
  0.0324  0.0323  0.0320  0.0322  0.0328  0.0321  0.0324  0.0327  0.0324  0.0324  0.0319  0.0319
  0.0318  0.0318  0.0317  0.0318  0.0321  0.0318  0.0318  0.0319  0.0318  0.0319  0.0317  0.0317
  0.0317  0.0317  0.0317  0.0317  0.0317  0.0317  0.0317  0.0317  0.0317  0.0317  0.0317  0.0317
  0.0319  0.0319  0.0318  0.0317  0.0318  0.0317  0.0319  0.0319  0.0319  0.0317  0.0317  0.0317
  0.0324  0.0323  0.0320  0.0320  0.0326  0.0320  0.0324  0.0327  0.0324  0.0323  0.0318  0.0318
  0.0333  0.0330  0.0324  0.0331  0.0339  0.0328  0.0332  0.0339  0.0333  0.0333  0.0321  0.0321
    0.6842   37.1156  -11.9128  -12.3162  -20.6609  -19.1063
   -6.9780   -8.7463    8.9885   30.6600   11.4464  -20.0814
eta,q 0.96833  6.72439

---------------------------------------------------------------------
imgreg_4dfp /opt/freesurfer/average/711-2C_as_mni_average_305 /opt/freesurfer/average/711-2B_as_mni_average_305_mask talsrcimg_g11 none talsrcimg_to_711-2C_as_mni_average_305_t4 2311
---------------------------------------------------------------------

freesurfer imgreg_4dfp.c
/opt/freesurfer/average/711-2C_as_mni_average_305.4dfp.img
       256       256       256         1
  1.000000  1.000000  1.000000
orientation T byte_order littleendian
Reading image: /opt/freesurfer/average/711-2C_as_mni_average_305.4dfp.img
dimensions:      256       256       256
mmppix:       1.0000   -1.0000   -1.0000
center:     128.0000 -129.0000 -129.0000
/opt/freesurfer/average/711-2B_as_mni_average_305_mask.4dfp.img
       256       256       256         1
  1.000000  1.000000  1.000000
orientation T byte_order littleendian
Reading mask: /opt/freesurfer/average/711-2B_as_mni_average_305_mask.4dfp.img (2306576 pixels)
talsrcimg_g11.4dfp.img
       256       256       256         1
  1.000000  1.000000  1.000000
orientation T byte_order littleendian
Reading image: talsrcimg_g11.4dfp.img
dimensions:      256       256       256
mmppix:       1.0000   -1.0000   -1.0000
center:     128.0000 -129.0000 -129.0000
fimgreg.f
image alignment mode   2311 decimal      907 hex
parameters
    0.6842   37.1156  -11.9128  -12.3162  -20.6609  -19.1063
   -6.9780   -8.7463    8.9885   30.6600   11.4464  -20.0814
eta,q 0.96833  6.72439
niter,ni,del,rscale     5    3    5.0000    0.8000
parameters
    0.6663   37.0849  -11.9157  -11.8781  -19.9283  -18.5702
   -6.9473   -8.7712    9.0112   30.8500   11.6410  -20.7442
eta,q 0.96837  6.78239
  0.0324  0.0323  0.0319  0.0321  0.0324  0.0320  0.0324  0.0327  0.0324  0.0322  0.0318  0.0318
  0.0320  0.0319  0.0318  0.0318  0.0321  0.0318  0.0320  0.0321  0.0320  0.0320  0.0317  0.0317
  0.0317  0.0317  0.0317  0.0317  0.0318  0.0317  0.0317  0.0318  0.0317  0.0318  0.0317  0.0316
  0.0317  0.0317  0.0317  0.0317  0.0317  0.0316  0.0316  0.0316  0.0316  0.0316  0.0316  0.0316
  0.0318  0.0318  0.0317  0.0317  0.0317  0.0316  0.0317  0.0318  0.0317  0.0317  0.0316  0.0317
  0.0320  0.0320  0.0318  0.0318  0.0318  0.0317  0.0320  0.0321  0.0320  0.0318  0.0317  0.0317
  0.0324  0.0323  0.0319  0.0319  0.0321  0.0319  0.0324  0.0327  0.0324  0.0322  0.0318  0.0319
niter,ni,del,rscale     4    3    5.0000    0.7000
parameters
    0.6916   36.9561  -11.8873  -11.8723  -19.7483  -18.1187
   -7.0064   -8.8042    9.0266   30.8835   11.7198  -21.3244
eta,q 0.96839  6.80065
  0.0322  0.0321  0.0318  0.0319  0.0322  0.0319  0.0322  0.0325  0.0322  0.0321  0.0318  0.0317
  0.0319  0.0318  0.0317  0.0317  0.0319  0.0318  0.0319  0.0320  0.0319  0.0319  0.0317  0.0316
  0.0317  0.0317  0.0317  0.0316  0.0317  0.0317  0.0317  0.0317  0.0317  0.0317  0.0316  0.0316
  0.0316  0.0316  0.0316  0.0316  0.0316  0.0316  0.0316  0.0316  0.0316  0.0316  0.0316  0.0316
  0.0317  0.0317  0.0316  0.0317  0.0317  0.0316  0.0317  0.0317  0.0317  0.0317  0.0316  0.0316
  0.0319  0.0319  0.0317  0.0317  0.0318  0.0317  0.0319  0.0320  0.0319  0.0318  0.0317  0.0317
  0.0322  0.0322  0.0318  0.0318  0.0321  0.0318  0.0322  0.0325  0.0322  0.0321  0.0318  0.0318
niter,ni,del,rscale     3    3    5.0000    0.6000
parameters
    0.7123   36.9090  -11.8522  -11.8466  -19.6293  -17.6944
   -7.0636   -8.8293    9.0467   30.9304   11.7754  -21.9017
eta,q 0.96840  6.81797
  0.0321  0.0320  0.0318  0.0318  0.0320  0.0318  0.0320  0.0323  0.0321  0.0320  0.0317  0.0317
  0.0318  0.0318  0.0317  0.0317  0.0318  0.0317  0.0318  0.0319  0.0318  0.0318  0.0317  0.0316
  0.0317  0.0316  0.0316  0.0316  0.0317  0.0317  0.0316  0.0317  0.0317  0.0317  0.0316  0.0316
  0.0316  0.0316  0.0316  0.0316  0.0316  0.0316  0.0316  0.0316  0.0316  0.0316  0.0316  0.0316
  0.0317  0.0317  0.0316  0.0316  0.0316  0.0316  0.0317  0.0317  0.0317  0.0316  0.0316  0.0316
  0.0318  0.0318  0.0317  0.0317  0.0318  0.0317  0.0318  0.0319  0.0318  0.0318  0.0317  0.0317
  0.0320  0.0320  0.0318  0.0318  0.0320  0.0318  0.0320  0.0323  0.0321  0.0320  0.0317  0.0317
niter,ni,del,rscale     2    3    5.0000    0.5000
parameters
    0.7368   36.8804  -11.8205  -11.8133  -19.5253  -17.2603
   -7.1019   -8.8498    9.0672   30.9538   11.7905  -22.6073
eta,q 0.96841  6.83580
  0.0319  0.0319  0.0317  0.0317  0.0319  0.0318  0.0319  0.0321  0.0319  0.0319  0.0317  0.0316
  0.0317  0.0317  0.0317  0.0316  0.0317  0.0317  0.0317  0.0318  0.0317  0.0317  0.0316  0.0316
  0.0316  0.0316  0.0316  0.0316  0.0316  0.0316  0.0316  0.0316  0.0316  0.0316  0.0316  0.0316
  0.0316  0.0316  0.0316  0.0316  0.0316  0.0316  0.0316  0.0316  0.0316  0.0316  0.0316  0.0316
  0.0316  0.0316  0.0316  0.0316  0.0316  0.0316  0.0316  0.0317  0.0316  0.0316  0.0316  0.0316
  0.0317  0.0317  0.0316  0.0316  0.0317  0.0316  0.0317  0.0318  0.0317  0.0317  0.0316  0.0316
  0.0319  0.0319  0.0317  0.0317  0.0319  0.0317  0.0319  0.0321  0.0319  0.0319  0.0317  0.0317
niter,ni,del,rscale     1    3    5.0000    0.4000
parameters
    0.7551   36.8563  -11.7989  -11.7804  -19.3950  -16.7826
   -7.1606   -8.8858    9.1210   30.9461   11.8506  -23.3670
eta,q 0.96843  6.85637
  0.0318  0.0318  0.0317  0.0317  0.0318  0.0317  0.0318  0.0319  0.0318  0.0318  0.0317  0.0316
  0.0317  0.0317  0.0316  0.0316  0.0317  0.0317  0.0317  0.0317  0.0317  0.0317  0.0316  0.0316
  0.0316  0.0316  0.0316  0.0316  0.0316  0.0316  0.0316  0.0316  0.0316  0.0316  0.0316  0.0316
  0.0316  0.0316  0.0316  0.0316  0.0316  0.0316  0.0316  0.0316  0.0316  0.0316  0.0316  0.0316
  0.0316  0.0316  0.0316  0.0316  0.0316  0.0316  0.0316  0.0316  0.0316  0.0316  0.0316  0.0316
  0.0317  0.0317  0.0316  0.0316  0.0317  0.0316  0.0317  0.0317  0.0317  0.0317  0.0316  0.0316
  0.0318  0.0318  0.0317  0.0317  0.0317  0.0316  0.0318  0.0319  0.0318  0.0318  0.0316  0.0317
registration optimization eta report
parameter search radius
    0.8000    0.8000    0.8000    2.4000    2.4000    2.4000
    2.4000    2.4000    2.4000    2.4000    2.4000    2.4000
100000*second partial in parameter space
       31.       29.       13.        1.        3.        2.
        3.        6.        4.        3.        1.        1.
  0.0318  0.0318  0.0317  0.0317  0.0318  0.0317  0.0318  0.0319  0.0318  0.0318  0.0317  0.0316
  0.0317  0.0317  0.0316  0.0316  0.0317  0.0317  0.0317  0.0317  0.0317  0.0317  0.0316  0.0316
  0.0316  0.0316  0.0316  0.0316  0.0316  0.0316  0.0316  0.0316  0.0316  0.0316  0.0316  0.0316
  0.0316  0.0316  0.0316  0.0316  0.0316  0.0316  0.0316  0.0316  0.0316  0.0316  0.0316  0.0316
  0.0316  0.0316  0.0316  0.0316  0.0316  0.0316  0.0316  0.0316  0.0316  0.0316  0.0316  0.0316
  0.0317  0.0317  0.0316  0.0316  0.0317  0.0316  0.0317  0.0317  0.0317  0.0317  0.0316  0.0316
  0.0318  0.0318  0.0317  0.0317  0.0317  0.0316  0.0318  0.0319  0.0318  0.0318  0.0316  0.0317
    0.7551   36.8563  -11.7989  -11.7804  -19.3950  -16.7826
   -7.1606   -8.8858    9.1210   30.9461   11.8506  -23.3670
eta,q 0.96843  6.85637

---------------------------------------------------------------------
imgreg_4dfp /opt/freesurfer/average/711-2C_as_mni_average_305 /opt/freesurfer/average/711-2B_as_mni_average_305_mask talsrcimg_g11 none talsrcimg_to_711-2C_as_mni_average_305_t4 2311
---------------------------------------------------------------------

freesurfer imgreg_4dfp.c
/opt/freesurfer/average/711-2C_as_mni_average_305.4dfp.img
       256       256       256         1
  1.000000  1.000000  1.000000
orientation T byte_order littleendian
Reading image: /opt/freesurfer/average/711-2C_as_mni_average_305.4dfp.img
dimensions:      256       256       256
mmppix:       1.0000   -1.0000   -1.0000
center:     128.0000 -129.0000 -129.0000
/opt/freesurfer/average/711-2B_as_mni_average_305_mask.4dfp.img
       256       256       256         1
  1.000000  1.000000  1.000000
orientation T byte_order littleendian
Reading mask: /opt/freesurfer/average/711-2B_as_mni_average_305_mask.4dfp.img (2306576 pixels)
talsrcimg_g11.4dfp.img
       256       256       256         1
  1.000000  1.000000  1.000000
orientation T byte_order littleendian
Reading image: talsrcimg_g11.4dfp.img
dimensions:      256       256       256
mmppix:       1.0000   -1.0000   -1.0000
center:     128.0000 -129.0000 -129.0000
fimgreg.f
image alignment mode   2311 decimal      907 hex
parameters
    0.7551   36.8563  -11.7989  -11.7804  -19.3950  -16.7826
   -7.1606   -8.8858    9.1210   30.9461   11.8506  -23.3670
eta,q 0.96843  6.85637
niter,ni,del,rscale     5    3    5.0000    0.8000
parameters
    0.7715   36.8545  -11.7374  -11.7895  -19.3163  -16.5319
   -7.1777   -8.8945    9.1037   30.7642   11.8412  -23.7240
eta,q 0.96843  6.86323
  0.0324  0.0323  0.0319  0.0320  0.0323  0.0320  0.0324  0.0329  0.0324  0.0322  0.0318  0.0317
  0.0319  0.0319  0.0317  0.0317  0.0319  0.0318  0.0319  0.0322  0.0319  0.0319  0.0317  0.0316
  0.0317  0.0316  0.0316  0.0316  0.0317  0.0317  0.0316  0.0317  0.0317  0.0317  0.0316  0.0316
  0.0316  0.0316  0.0316  0.0316  0.0316  0.0316  0.0316  0.0316  0.0316  0.0316  0.0316  0.0316
  0.0317  0.0317  0.0316  0.0316  0.0316  0.0316  0.0317  0.0317  0.0317  0.0316  0.0316  0.0316
  0.0319  0.0319  0.0317  0.0317  0.0319  0.0317  0.0319  0.0322  0.0319  0.0319  0.0317  0.0317
  0.0324  0.0323  0.0318  0.0320  0.0322  0.0320  0.0324  0.0329  0.0324  0.0324  0.0318  0.0318
niter,ni,del,rscale     4    3    5.0000    0.7000
parameters
    0.7800   36.8132  -11.6943  -11.7239  -19.1374  -16.0976
   -7.2080   -8.9234    9.1440   30.7359   11.8608  -24.4369
eta,q 0.96844  6.88694
  0.0322  0.0321  0.0318  0.0319  0.0321  0.0319  0.0322  0.0326  0.0322  0.0321  0.0318  0.0316
  0.0319  0.0318  0.0317  0.0317  0.0319  0.0318  0.0318  0.0320  0.0319  0.0318  0.0317  0.0316
  0.0316  0.0316  0.0316  0.0316  0.0317  0.0316  0.0316  0.0317  0.0316  0.0317  0.0316  0.0316
  0.0316  0.0316  0.0316  0.0316  0.0316  0.0316  0.0316  0.0316  0.0316  0.0316  0.0316  0.0316
  0.0316  0.0317  0.0316  0.0316  0.0316  0.0316  0.0316  0.0317  0.0316  0.0316  0.0316  0.0316
  0.0318  0.0318  0.0317  0.0317  0.0318  0.0316  0.0318  0.0321  0.0318  0.0318  0.0317  0.0317
  0.0322  0.0322  0.0318  0.0318  0.0321  0.0318  0.0322  0.0326  0.0322  0.0322  0.0318  0.0317
niter,ni,del,rscale     3    3    5.0000    0.6000
parameters
    0.8000   36.7670  -11.6151  -11.6701  -18.9098  -15.5498
   -7.2753   -8.9938    9.1934   30.7472   11.9361  -25.4301
eta,q 0.96845  6.92003
  0.0320  0.0319  0.0317  0.0318  0.0320  0.0319  0.0320  0.0323  0.0320  0.0320  0.0317  0.0316
  0.0318  0.0317  0.0317  0.0317  0.0318  0.0317  0.0317  0.0319  0.0318  0.0318  0.0316  0.0316
  0.0316  0.0316  0.0316  0.0316  0.0316  0.0316  0.0316  0.0316  0.0316  0.0316  0.0316  0.0315
  0.0316  0.0316  0.0316  0.0316  0.0316  0.0316  0.0316  0.0316  0.0316  0.0316  0.0316  0.0316
  0.0316  0.0316  0.0316  0.0316  0.0316  0.0316  0.0316  0.0317  0.0316  0.0316  0.0316  0.0316
  0.0318  0.0318  0.0316  0.0316  0.0317  0.0316  0.0318  0.0319  0.0317  0.0317  0.0316  0.0316
  0.0320  0.0320  0.0317  0.0318  0.0319  0.0317  0.0320  0.0324  0.0320  0.0320  0.0317  0.0317
niter,ni,del,rscale     2    3    5.0000    0.5000
parameters
    0.8303   36.7018  -11.5154  -11.5845  -18.6018  -14.9257
   -7.3154   -9.1047    9.2561   30.8438   12.0402  -26.4948
eta,q 0.96849  6.96443
  0.0319  0.0318  0.0317  0.0317  0.0319  0.0318  0.0318  0.0321  0.0319  0.0319  0.0316  0.0315
  0.0317  0.0316  0.0316  0.0316  0.0317  0.0317  0.0317  0.0318  0.0317  0.0317  0.0316  0.0315
  0.0316  0.0316  0.0316  0.0316  0.0316  0.0316  0.0316  0.0316  0.0316  0.0316  0.0315  0.0315
  0.0315  0.0315  0.0315  0.0315  0.0315  0.0315  0.0315  0.0315  0.0315  0.0315  0.0315  0.0315
  0.0316  0.0316  0.0315  0.0315  0.0316  0.0315  0.0316  0.0316  0.0316  0.0315  0.0315  0.0316
  0.0317  0.0317  0.0316  0.0316  0.0316  0.0316  0.0317  0.0318  0.0317  0.0317  0.0316  0.0316
  0.0319  0.0319  0.0316  0.0317  0.0318  0.0317  0.0319  0.0322  0.0318  0.0319  0.0316  0.0317
niter,ni,del,rscale     1    3    5.0000    0.4000
parameters
    0.8560   36.6242  -11.3931  -11.4111  -18.3532  -14.4166
   -7.3252   -9.2393    9.3323   31.0149   12.0861  -27.2151
eta,q 0.96852  7.00724
  0.0317  0.0317  0.0316  0.0316  0.0317  0.0317  0.0317  0.0318  0.0317  0.0318  0.0316  0.0315
  0.0316  0.0316  0.0316  0.0316  0.0316  0.0316  0.0316  0.0316  0.0316  0.0316  0.0315  0.0315
  0.0315  0.0315  0.0315  0.0315  0.0315  0.0315  0.0315  0.0315  0.0315  0.0315  0.0315  0.0315
  0.0315  0.0315  0.0315  0.0315  0.0315  0.0315  0.0315  0.0315  0.0315  0.0315  0.0315  0.0315
  0.0315  0.0315  0.0315  0.0315  0.0315  0.0315  0.0315  0.0316  0.0315  0.0315  0.0315  0.0315
  0.0316  0.0316  0.0315  0.0315  0.0316  0.0315  0.0316  0.0317  0.0316  0.0316  0.0315  0.0315
  0.0317  0.0317  0.0316  0.0316  0.0316  0.0316  0.0317  0.0319  0.0317  0.0317  0.0316  0.0316
registration optimization eta report
parameter search radius
    0.8000    0.8000    0.8000    2.4000    2.4000    2.4000
    2.4000    2.4000    2.4000    2.4000    2.4000    2.4000
100000*second partial in parameter space
       34.       29.       13.        2.        3.        3.
        4.        7.        4.        4.        1.        1.
  0.0317  0.0317  0.0316  0.0316  0.0317  0.0317  0.0317  0.0318  0.0317  0.0318  0.0316  0.0315
  0.0316  0.0316  0.0316  0.0316  0.0316  0.0316  0.0316  0.0316  0.0316  0.0316  0.0315  0.0315
  0.0315  0.0315  0.0315  0.0315  0.0315  0.0315  0.0315  0.0315  0.0315  0.0315  0.0315  0.0315
  0.0315  0.0315  0.0315  0.0315  0.0315  0.0315  0.0315  0.0315  0.0315  0.0315  0.0315  0.0315
  0.0315  0.0315  0.0315  0.0315  0.0315  0.0315  0.0315  0.0316  0.0315  0.0315  0.0315  0.0315
  0.0316  0.0316  0.0315  0.0315  0.0316  0.0315  0.0316  0.0317  0.0316  0.0316  0.0315  0.0315
  0.0317  0.0317  0.0316  0.0316  0.0316  0.0316  0.0317  0.0319  0.0317  0.0317  0.0316  0.0316
    0.8560   36.6242  -11.3931  -11.4111  -18.3532  -14.4166
   -7.3252   -9.2393    9.3323   31.0149   12.0861  -27.2151
eta,q 0.96852  7.00724

---------------------------------------------------------------------
compute_vox2vox talsrcimg talsrcimg_to_711-2C_as_mni_average_305_t4 /opt/freesurfer/average/711-2C_as_mni_average_305
---------------------------------------------------------------------

freesurfer compute_vox2vox.c
Reading: talsrcimg.4dfp.ifh
Reading: talsrcimg_to_711-2C_as_mni_average_305_t4
Reading: /opt/freesurfer/average/711-2C_as_mni_average_305.4dfp.ifh
Writing: talsrcimg_to_711-2C_as_mni_average_305_t4_vox2vox.txt

start time Wed Mar 11 21:35:24 CET 2026
end		time Wed Mar 11 21:36:52 CET 2026

mpr2mni305 success

avi2talxfm orig_nu.mgz /opt/freesurfer/average/mni305.cor.mgz talsrcimg_to_711-2C_as_mni_average_305_t4_vox2vox.txt transforms/talairach.auto.xfm
avi2talxfm done
mv -f /out/sourcedata/freesurfer/sub-v1s2x0051493_ses-1/mri/talsrcimg_to_711-2C_as_mni_average_305_t4_vox2vox.txt /out/sourcedata/freesurfer/sub-v1s2x0051493_ses-1/mri/transforms/talsrcimg_to_711-2C_as_mni_average_305_t4_vox2vox.txt
lta_convert --src orig_nu.mgz --trg /opt/freesurfer/average/mni305.cor.mgz --inxfm transforms/talairach.auto.xfm --outlta transforms/talairach.auto.xfm.lta --subject fsaverage
7.3.2

--src: orig_nu.mgz src image (geometry).
--trg: /opt/freesurfer/average/mni305.cor.mgz trg image (geometry).
--inmni: transforms/talairach.auto.xfm input MNI/XFM transform.
--outlta: transforms/talairach.auto.xfm.lta output LTA.
--s: fsaverage subject name
 LTA read, type : 1
 1.10559   0.07442   0.12400  -4.24629;
-0.17516   1.03073   0.32785  -61.36613;
-0.05983  -0.40005   1.08607   15.53156;
 0.00000   0.00000   0.00000   1.00000;
setting subject to fsaverage
Writing  LTA to file transforms/talairach.auto.xfm.lta...
lta_convert successful.
 
 
Started at Wed Mar 11 21:35:23 CET 2026
Ended   at Wed Mar 11 21:36:52 CET 2026
talairach_avi done
