status file for recon-all
Thu Mar 12 16:43:26 CET 2026
#@# MotionCor Thu Mar 12 16:43:29 CET 2026
#@# Talairach Thu Mar 12 16:43:36 CET 2026
#@# Talairach Failure Detection Thu Mar 12 16:47:59 CET 2026
#@# Nu Intensity Correction Thu Mar 12 16:47:59 CET 2026
#@# Intensity Normalization Thu Mar 12 16:51:14 CET 2026
recon-all -s sub-v1s2x0051456_ses-1 finished without error at Thu Mar 12 16:52:55 CET 2026



#New# invocation of recon-all 



status file for recon-all
Thu Mar 12 17:00:04 CET 2026
#@# EM Registration Thu Mar 12 17:00:04 CET 2026
recon-all -s sub-v1s2x0051456_ses-1 finished without error at Thu Mar 12 17:02:01 CET 2026



#New# invocation of recon-all 



status file for recon-all
Thu Mar 12 17:02:06 CET 2026
#@# CA Normalize Thu Mar 12 17:02:06 CET 2026
#@# CA Reg Thu Mar 12 17:03:29 CET 2026
#@# SubCort Seg Thu Mar 12 17:55:18 CET 2026
#@# CC Seg Thu Mar 12 18:40:48 CET 2026
#@# Merge ASeg Thu Mar 12 18:41:24 CET 2026
#@# Intensity Normalization2 Thu Mar 12 18:41:24 CET 2026
#@# Mask BFS Thu Mar 12 18:43:46 CET 2026
#@# WM Segmentation Thu Mar 12 18:43:47 CET 2026
#@# Fill Thu Mar 12 18:46:02 CET 2026
recon-all -s sub-v1s2x0051456_ses-1 finished without error at Thu Mar 12 18:47:04 CET 2026



#New# invocation of recon-all 



status file for recon-all
Thu Mar 12 19:40:39 CET 2026
#@# white curv lh Thu Mar 12 19:40:39 CET 2026
#@# white area lh Thu Mar 12 19:40:39 CET 2026
#@# pial curv lh Thu Mar 12 19:40:39 CET 2026
#@# pial area lh Thu Mar 12 19:40:39 CET 2026
#@# thickness lh Thu Mar 12 19:40:39 CET 2026
#@# area and vertex vol lh Thu Mar 12 19:40:39 CET 2026
#@# white curv rh Thu Mar 12 19:40:39 CET 2026
#@# white area rh Thu Mar 12 19:40:39 CET 2026
#@# pial curv rh Thu Mar 12 19:40:39 CET 2026
#@# pial area rh Thu Mar 12 19:40:39 CET 2026
#@# thickness rh Thu Mar 12 19:40:39 CET 2026
#@# area and vertex vol rh Thu Mar 12 19:40:39 CET 2026
#@# Cortical ribbon mask Thu Mar 12 19:40:39 CET 2026
recon-all -s sub-v1s2x0051456_ses-1 finished without error at Thu Mar 12 19:45:56 CET 2026



#New# invocation of recon-all 



status file for recon-all
Thu Mar 12 19:53:29 CET 2026
#@# white curv lh Thu Mar 12 19:53:29 CET 2026
#@# white area lh Thu Mar 12 19:53:29 CET 2026
#@# pial curv lh Thu Mar 12 19:53:29 CET 2026
#@# pial area lh Thu Mar 12 19:53:29 CET 2026
#@# thickness lh Thu Mar 12 19:53:29 CET 2026
#@# area and vertex vol lh Thu Mar 12 19:53:29 CET 2026
#@# white curv rh Thu Mar 12 19:53:29 CET 2026
#@# white area rh Thu Mar 12 19:53:29 CET 2026
#@# pial curv rh Thu Mar 12 19:53:29 CET 2026
#@# pial area rh Thu Mar 12 19:53:29 CET 2026
#@# thickness rh Thu Mar 12 19:53:29 CET 2026
#@# area and vertex vol rh Thu Mar 12 19:53:29 CET 2026
#@# Curvature Stats lh Thu Mar 12 19:53:29 CET 2026
#@# Curvature Stats rh Thu Mar 12 19:53:32 CET 2026
#@# Relabel Hypointensities Thu Mar 12 19:53:34 CET 2026
#@# APas-to-ASeg Thu Mar 12 19:53:50 CET 2026
#@# AParc-to-ASeg aparc Thu Mar 12 19:53:58 CET 2026
#@# AParc-to-ASeg aparc.a2009s Thu Mar 12 19:54:37 CET 2026
#@# AParc-to-ASeg aparc.DKTatlas Thu Mar 12 19:55:18 CET 2026
#@# WMParc Thu Mar 12 19:55:54 CET 2026
#@# ASeg Stats Thu Mar 12 19:59:54 CET 2026
recon-all -s sub-v1s2x0051456_ses-1 finished without error at Thu Mar 12 20:00:38 CET 2026
