status file for recon-all
Thu Mar 12 18:47:08 CET 2026
#@# Tessellate lh Thu Mar 12 18:47:09 CET 2026
#@# Smooth1 lh Thu Mar 12 18:47:12 CET 2026
#@# Inflation1 lh Thu Mar 12 18:47:16 CET 2026
#@# QSphere lh Thu Mar 12 18:47:33 CET 2026
#@# Fix Topology lh Thu Mar 12 18:49:06 CET 2026
#@# Smooth2 lh Thu Mar 12 18:55:41 CET 2026
#@# Inflation2 lh Thu Mar 12 18:55:45 CET 2026
#@# Curv .H and .K lh Thu Mar 12 18:56:03 CET 2026
#@# Sphere lh Thu Mar 12 18:56:55 CET 2026
#@# Surf Reg lh Thu Mar 12 19:01:25 CET 2026
#@# Jacobian white lh Thu Mar 12 19:07:04 CET 2026
#@# AvgCurv lh Thu Mar 12 19:07:05 CET 2026
#@# Cortical Parc lh Thu Mar 12 19:07:06 CET 2026
#@# white curv lh Thu Mar 12 19:14:31 CET 2026
#@# white area lh Thu Mar 12 19:14:33 CET 2026
#@# pial curv lh Thu Mar 12 19:14:34 CET 2026
#@# pial area lh Thu Mar 12 19:14:36 CET 2026
#@# thickness lh Thu Mar 12 19:14:37 CET 2026
#@# area and vertex vol lh Thu Mar 12 19:15:10 CET 2026
#@# Curvature Stats lh Thu Mar 12 19:15:12 CET 2026
#@# Cortical Parc 2 lh Thu Mar 12 19:15:15 CET 2026
#@# Cortical Parc 3 lh Thu Mar 12 19:15:31 CET 2026
#@# WM/GM Contrast lh Thu Mar 12 19:15:42 CET 2026
recon-all -s sub-v1s2x0051456_ses-1 finished without error at Thu Mar 12 19:15:45 CET 2026



#New# invocation of recon-all 



status file for recon-all
Thu Mar 12 19:46:03 CET 2026
#@# white curv lh Thu Mar 12 19:46:03 CET 2026
#@# white area lh Thu Mar 12 19:46:03 CET 2026
#@# pial curv lh Thu Mar 12 19:46:03 CET 2026
#@# pial area lh Thu Mar 12 19:46:03 CET 2026
#@# thickness lh Thu Mar 12 19:46:03 CET 2026
#@# area and vertex vol lh Thu Mar 12 19:46:03 CET 2026
#@# Parcellation Stats lh Thu Mar 12 19:46:03 CET 2026
#@# Parcellation Stats 2 lh Thu Mar 12 19:46:25 CET 2026
#@# Parcellation Stats 3 lh Thu Mar 12 19:46:36 CET 2026
#@# BA_exvivo Labels lh Thu Mar 12 19:46:47 CET 2026
recon-all -s sub-v1s2x0051456_ses-1 finished without error at Thu Mar 12 19:49:39 CET 2026
