status file for recon-all
Thu Mar 12 19:15:47 CET 2026
#@# Tessellate rh Thu Mar 12 19:15:47 CET 2026
#@# Smooth1 rh Thu Mar 12 19:15:50 CET 2026
#@# Inflation1 rh Thu Mar 12 19:15:54 CET 2026
#@# QSphere rh Thu Mar 12 19:16:10 CET 2026
#@# Fix Topology rh Thu Mar 12 19:17:45 CET 2026
#@# Smooth2 rh Thu Mar 12 19:23:35 CET 2026
#@# Inflation2 rh Thu Mar 12 19:23:39 CET 2026
#@# Curv .H and .K rh Thu Mar 12 19:24:01 CET 2026
#@# Sphere rh Thu Mar 12 19:24:54 CET 2026
#@# Surf Reg rh Thu Mar 12 19:27:42 CET 2026
#@# Jacobian white rh Thu Mar 12 19:32:24 CET 2026
#@# AvgCurv rh Thu Mar 12 19:32:25 CET 2026
#@# Cortical Parc rh Thu Mar 12 19:32:26 CET 2026
#@# white curv rh Thu Mar 12 19:39:19 CET 2026
#@# white area rh Thu Mar 12 19:39:21 CET 2026
#@# pial curv rh Thu Mar 12 19:39:22 CET 2026
#@# pial area rh Thu Mar 12 19:39:24 CET 2026
#@# thickness rh Thu Mar 12 19:39:25 CET 2026
#@# area and vertex vol rh Thu Mar 12 19:40:00 CET 2026
#@# Curvature Stats rh Thu Mar 12 19:40:02 CET 2026
#@# Cortical Parc 2 rh Thu Mar 12 19:40:05 CET 2026
#@# Cortical Parc 3 rh Thu Mar 12 19:40:20 CET 2026
#@# WM/GM Contrast rh Thu Mar 12 19:40:31 CET 2026
recon-all -s sub-v1s2x0051456_ses-1 finished without error at Thu Mar 12 19:40:35 CET 2026



#New# invocation of recon-all 



status file for recon-all
Thu Mar 12 19:49:41 CET 2026
#@# white curv rh Thu Mar 12 19:49:41 CET 2026
#@# white area rh Thu Mar 12 19:49:41 CET 2026
#@# pial curv rh Thu Mar 12 19:49:41 CET 2026
#@# pial area rh Thu Mar 12 19:49:41 CET 2026
#@# thickness rh Thu Mar 12 19:49:41 CET 2026
#@# area and vertex vol rh Thu Mar 12 19:49:41 CET 2026
#@# Parcellation Stats rh Thu Mar 12 19:49:41 CET 2026
#@# Parcellation Stats 2 rh Thu Mar 12 19:50:04 CET 2026
#@# Parcellation Stats 3 rh Thu Mar 12 19:50:16 CET 2026
#@# BA_exvivo Labels rh Thu Mar 12 19:50:28 CET 2026
recon-all -s sub-v1s2x0051456_ses-1 finished without error at Thu Mar 12 19:53:26 CET 2026
