1771665950s 1 1e32e23b-6d65-42ad-8cec-9ba2888b8974
1771845279s 1 85e76da5-55df-4e9e-be44-f0e8011fa7de
1771845742s 1 2781e2b1-aedf-4230-8eca-826fc8719874
1771846042s 1 3ac9c862-eb44-465e-8eef-c361783c5942
1771847424s 1 c38f6f46-3206-4851-8c38-9ada51fff813
1771847814s 1 c8ac207d-5666-4fb9-a64f-cc17add3029c
1771848350s 1 261645e8-0c80-4059-9e72-196c23e7fc41
1771849702s 1 b7649ddc-45ef-4edc-84bd-05db63ebc656
1771884368s 1 4d2de43f-abfe-4742-9ee3-3b8906abc63d
1771885121s 1 59d78ae0-ebbe-4bc6-b0dd-69f52030e18f
1771885585s 1 f230ea37-6d3d-4bfc-9d26-424c970b8cfb
1771886343s 1 acc1a68d-ff63-4944-bc27-92fb16376614
1771886577s 1 9ee60bcd-0dc0-4d46-acd4-0c99c2c5e424
1771886795s 1 02235a03-04d5-44b3-85db-446704f9f321
1771887878s 1 45b478fe-f7cf-41da-ad37-27b036be1a46
1771887898s 1 816c8d45-c18d-4ebd-8f08-c398e3e58f5f
1771941190.542185932s 1 4a264581-49b7-42f4-926b-f3a00c77c802
1771987553s 1 4424a394-2b25-43a1-84d6-bfc06f785e3d
1771987869s 1 87151b8d-702b-418e-bbc5-5c13f1bb8a17
1771989496s 1 039f5897-1b18-4616-a5b3-dd0f7b44650d
1771990276s 1 bff3cfcd-443f-4a65-aa7f-382b53048584
1771990765s 1 6ea7a810-0d64-45bc-95f7-441b6e586519
1771992140s 1 13a51485-6155-469e-9178-d5fa6004d33b
1772019526s 1 c4770fbc-dc1f-4537-90da-6040bfae0ba0
1772019657s 1 646f8658-e047-4eab-8bfb-aab31331792f
1772019705s 1 7235892e-0d08-46c1-9924-4695784914b1
1772020011s 1 5bee027b-0453-4f0b-ba21-ad0821f7a977
1772020964s 1 9e6b210c-8250-4654-a828-4ad0595507c2
1772024086s 1 77853132-5398-401a-baf9-575865565925
1772035616s 1 fe8c1d1b-705e-4d6d-a27f-f71c6ed00389
1772035670s 1 463654a9-d24d-4aba-adbb-45808e3a3137
1772036840s 1 794b5f6a-3f3f-4613-8e10-79bfd03b09be
1772038421s 1 aff28dd5-e954-41e3-b382-242699a3157e
1772038606s 1 3183ea4c-2b85-4f50-9349-ab14356090b2
1772038932s 1 499e2356-d07b-4a11-a2f9-7a8e7bec6921
1772045237s 1 6825bee1-d99f-4676-8130-e0e018d7cc42
1772054979s 1 4b23b029-33a9-4a96-9017-e58ba08b3bed
1772056070s 1 28db72d1-c6ef-4486-9cb7-2e1c83e5c552
1772056643s 1 3c89d671-4cda-4da8-8639-56812e365a65
1772058031s 1 b6fc213c-9765-4c67-a922-645dc81f462d
1772061271s 1 349f5925-9270-4cb6-bb52-c55b5c9019cf
1772069625s 1 4ee482fa-cc24-4c01-ab27-3dcda7337b4b
1772069919s 1 f0231a24-7825-4acc-be00-f59a4b82249e
1772072852s 1 22195218-e831-4c5e-87de-3d112fc7df4e
1772073886s 1 1610b414-8fce-4356-9eca-ed54b84f2895
1772074436s 1 4a2b0837-5a8c-4127-93a6-4375c52686ac
1772078924s 1 9dfa8ab1-e54e-44f2-95d3-cb4bcbb5e1a0
1772082333s 1 46dab277-2034-4c8f-951b-1f1b74a1f611
1772091351s 1 e1f2ab72-9b73-4717-a489-91cacc42d5ef
1772092452s 1 6f9588fd-c910-4ffd-909e-2dec9dea16ca
1772092915s 1 145e9c02-e4a4-4e14-8b3a-89116946e8ca
1772094736s 1 4ea8f9bc-78a0-43e8-a5c8-ecfb34479aa0
1772100297s 1 ef0f9f13-211b-4c0f-9a91-e88efe5ae471
1772102741s 1 807c6469-3ce4-4856-8767-0a6956f43239
1772111723s 1 acd8b987-1b99-48a2-b1e7-701652c90503
1772113135s 1 4a8d6aac-d62c-4c4e-9539-b92fb4ea5a16
1772113578s 1 f1b0730c-17a5-484c-9079-c3d3550c45a1
1772115086s 1 2ebc693e-b6a8-43e1-9fd2-027ebbb07577
1772121339s 1 3926350c-400d-46a8-a9ec-3b32ce2a2d68
1772122801s 1 42eb9c0e-3930-43a5-963c-ba391c8b0659
1772130850s 1 71bf678b-10ae-4ac0-b239-aea6d77c113e
1772131000s 1 0e570fb2-f837-439c-86c9-c87b0b99e919
1772131912s 1 1aeae159-0026-438e-a383-a82f2ff43784
1772140367s 1 598e9b3d-b999-48f5-be91-4fc03b169079
1772468712s 1 7c2cd729-c58c-4551-b24a-98aee7ef1647
1772468740s 1 7b40e160-e048-4671-9d35-6321295e0cb0
1772469249s 1 0403dcfd-b19d-48a6-a371-3b685d27217d
1772470281s 1 aefc6d01-1f59-4f90-aa8d-c4fd21196f8d
1772471051s 1 8da24154-f353-49c1-89b4-d3c7f9268acf
1772486869s 1 268e35ab-54d5-41a1-8e6a-bbded26b5ed6
1772487921s 1 4f7fd394-b9bb-4f39-81cf-74fc7ae0ca52
1772488317s 1 c445ca57-574c-465b-96cb-a8c58a4ed95c
1772488420s 1 cb44af93-9f7e-4788-b445-b5ee19f80d3f
1772489549s 1 c5efe339-437c-477b-9690-4ad05abb549d
1772505316s 1 efca2b27-a4b6-4e49-8e3f-03fe90221f34
1772505724s 1 9a71f613-f921-468b-8dae-5c8a016d69eb
1772505768s 1 c0fbfd69-0367-4580-a1af-9e711702b816
1772505953s 1 0b8b9adf-6af6-4055-9165-9fe1c36bd56f
1772506167s 1 269c400c-231f-49e3-85a7-f4ebd421146e
1772508594s 1 a6f95f52-06d1-41a4-ba45-79a128ebd37d
1772523991s 1 791f1c9f-0e7e-45c9-a8c1-e886bbfe0142
1772524684s 1 a2aabad6-2789-4745-b172-226105448680
