status file for recon-all
Mon Mar  9 21:39:26 CET 2026
#@# MotionCor Mon Mar  9 21:39:27 CET 2026
#@# Talairach Mon Mar  9 21:39:35 CET 2026
#@# Talairach Failure Detection Mon Mar  9 21:43:59 CET 2026
#@# Nu Intensity Correction Mon Mar  9 21:43:59 CET 2026
#@# Intensity Normalization Mon Mar  9 21:47:15 CET 2026
recon-all -s sub-v1s2x0051471_ses-1 finished without error at Mon Mar  9 21:48:57 CET 2026



#New# invocation of recon-all 



status file for recon-all
Mon Mar  9 21:55:53 CET 2026
#@# EM Registration Mon Mar  9 21:55:53 CET 2026
recon-all -s sub-v1s2x0051471_ses-1 finished without error at Mon Mar  9 21:57:49 CET 2026



#New# invocation of recon-all 



status file for recon-all
Mon Mar  9 21:57:52 CET 2026
#@# CA Normalize Mon Mar  9 21:57:52 CET 2026
#@# CA Reg Mon Mar  9 21:59:16 CET 2026
#@# SubCort Seg Mon Mar  9 22:48:02 CET 2026
#@# CC Seg Mon Mar  9 23:22:33 CET 2026
#@# Merge ASeg Mon Mar  9 23:23:09 CET 2026
#@# Intensity Normalization2 Mon Mar  9 23:23:09 CET 2026
#@# Mask BFS Mon Mar  9 23:25:34 CET 2026
#@# WM Segmentation Mon Mar  9 23:25:35 CET 2026
#@# Fill Mon Mar  9 23:27:39 CET 2026
recon-all -s sub-v1s2x0051471_ses-1 finished without error at Mon Mar  9 23:28:40 CET 2026



#New# invocation of recon-all 



status file for recon-all
Tue Mar 10 00:20:45 CET 2026
#@# white curv lh Tue Mar 10 00:20:45 CET 2026
#@# white area lh Tue Mar 10 00:20:45 CET 2026
#@# pial curv lh Tue Mar 10 00:20:45 CET 2026
#@# pial area lh Tue Mar 10 00:20:45 CET 2026
#@# thickness lh Tue Mar 10 00:20:45 CET 2026
#@# area and vertex vol lh Tue Mar 10 00:20:45 CET 2026
#@# white curv rh Tue Mar 10 00:20:45 CET 2026
#@# white area rh Tue Mar 10 00:20:46 CET 2026
#@# pial curv rh Tue Mar 10 00:20:46 CET 2026
#@# pial area rh Tue Mar 10 00:20:46 CET 2026
#@# thickness rh Tue Mar 10 00:20:46 CET 2026
#@# area and vertex vol rh Tue Mar 10 00:20:46 CET 2026
#@# Cortical ribbon mask Tue Mar 10 00:20:46 CET 2026
recon-all -s sub-v1s2x0051471_ses-1 finished without error at Tue Mar 10 00:25:07 CET 2026



#New# invocation of recon-all 



status file for recon-all
Tue Mar 10 00:31:32 CET 2026
#@# white curv lh Tue Mar 10 00:31:32 CET 2026
#@# white area lh Tue Mar 10 00:31:32 CET 2026
#@# pial curv lh Tue Mar 10 00:31:32 CET 2026
#@# pial area lh Tue Mar 10 00:31:32 CET 2026
#@# thickness lh Tue Mar 10 00:31:32 CET 2026
#@# area and vertex vol lh Tue Mar 10 00:31:32 CET 2026
#@# white curv rh Tue Mar 10 00:31:32 CET 2026
#@# white area rh Tue Mar 10 00:31:32 CET 2026
#@# pial curv rh Tue Mar 10 00:31:32 CET 2026
#@# pial area rh Tue Mar 10 00:31:32 CET 2026
#@# thickness rh Tue Mar 10 00:31:32 CET 2026
#@# area and vertex vol rh Tue Mar 10 00:31:32 CET 2026
#@# Curvature Stats lh Tue Mar 10 00:31:32 CET 2026
#@# Curvature Stats rh Tue Mar 10 00:31:35 CET 2026
#@# Relabel Hypointensities Tue Mar 10 00:31:37 CET 2026
#@# APas-to-ASeg Tue Mar 10 00:31:51 CET 2026
#@# AParc-to-ASeg aparc Tue Mar 10 00:31:59 CET 2026
#@# AParc-to-ASeg aparc.a2009s Tue Mar 10 00:32:40 CET 2026
#@# AParc-to-ASeg aparc.DKTatlas Tue Mar 10 00:33:25 CET 2026
#@# WMParc Tue Mar 10 00:34:06 CET 2026
#@# ASeg Stats Tue Mar 10 00:38:13 CET 2026
recon-all -s sub-v1s2x0051471_ses-1 finished without error at Tue Mar 10 00:38:53 CET 2026
