status file for recon-all
Mon Mar  9 23:58:03 CET 2026
#@# Tessellate rh Mon Mar  9 23:58:03 CET 2026
#@# Smooth1 rh Mon Mar  9 23:58:07 CET 2026
#@# Inflation1 rh Mon Mar  9 23:58:10 CET 2026
#@# QSphere rh Mon Mar  9 23:58:27 CET 2026
#@# Fix Topology rh Mon Mar  9 23:59:37 CET 2026
#@# Smooth2 rh Tue Mar 10 00:05:22 CET 2026
#@# Inflation2 rh Tue Mar 10 00:05:25 CET 2026
#@# Curv .H and .K rh Tue Mar 10 00:05:39 CET 2026
#@# Sphere rh Tue Mar 10 00:06:23 CET 2026
#@# Surf Reg rh Tue Mar 10 00:09:52 CET 2026
#@# Jacobian white rh Tue Mar 10 00:13:56 CET 2026
#@# AvgCurv rh Tue Mar 10 00:13:57 CET 2026
#@# Cortical Parc rh Tue Mar 10 00:13:58 CET 2026
#@# white curv rh Tue Mar 10 00:19:38 CET 2026
#@# white area rh Tue Mar 10 00:19:40 CET 2026
#@# pial curv rh Tue Mar 10 00:19:40 CET 2026
#@# pial area rh Tue Mar 10 00:19:42 CET 2026
#@# thickness rh Tue Mar 10 00:19:43 CET 2026
#@# area and vertex vol rh Tue Mar 10 00:20:11 CET 2026
#@# Curvature Stats rh Tue Mar 10 00:20:12 CET 2026
#@# Cortical Parc 2 rh Tue Mar 10 00:20:15 CET 2026
#@# Cortical Parc 3 rh Tue Mar 10 00:20:27 CET 2026
#@# WM/GM Contrast rh Tue Mar 10 00:20:37 CET 2026
recon-all -s sub-v1s2x0051471_ses-1 finished without error at Tue Mar 10 00:20:41 CET 2026



#New# invocation of recon-all 



status file for recon-all
Tue Mar 10 00:28:20 CET 2026
#@# white curv rh Tue Mar 10 00:28:20 CET 2026
#@# white area rh Tue Mar 10 00:28:20 CET 2026
#@# pial curv rh Tue Mar 10 00:28:20 CET 2026
#@# pial area rh Tue Mar 10 00:28:20 CET 2026
#@# thickness rh Tue Mar 10 00:28:20 CET 2026
#@# area and vertex vol rh Tue Mar 10 00:28:20 CET 2026
#@# Parcellation Stats rh Tue Mar 10 00:28:20 CET 2026
#@# Parcellation Stats 2 rh Tue Mar 10 00:28:37 CET 2026
#@# Parcellation Stats 3 rh Tue Mar 10 00:28:46 CET 2026
#@# BA_exvivo Labels rh Tue Mar 10 00:28:54 CET 2026
recon-all -s sub-v1s2x0051471_ses-1 finished without error at Tue Mar 10 00:31:27 CET 2026
