/out/sourcedata/freesurfer/sub-v1s2x0051477_ses-1/mri
/opt/freesurfer/bin/talairach_avi
--i orig_nu.mgz --xfm transforms/talairach.auto.xfm
talairach_avi 7.3.2
Linux dna056 5.14.0-427.37.1.el9_4.x86_64 #1 SMP PREEMPT_DYNAMIC Fri Sep 13 12:41:50 EDT 2024 x86_64 x86_64 x86_64 GNU/Linux
Mon Mar  9 21:55:48 CET 2026
mri_convert orig_nu.mgz talsrcimg.img 
reading from orig_nu.mgz...
TR=0.00, TE=0.00, TI=0.00, flip angle=0.00
i_ras = (-1, 0, 0)
j_ras = (0, 0, -1)
k_ras = (0, 1, 0)
writing to talsrcimg.img...
Analyze Output Matrix
-1.00000   0.00000   0.00000   124.07627;
 0.00000   0.00000   1.00000  -68.33899;
 0.00000  -1.00000   0.00000   103.55933;
 0.00000   0.00000   0.00000   1.00000;
--------------------
INFO: set hdr.hist.orient to -1
mpr2mni305 talsrcimg
Mon Mar  9 21:55:49 CET 2026
/opt/freesurfer/bin/mpr2mni305 talsrcimg
mpr2mni305 7.3.2
target=711-2C_as_mni_average_305

---------------------------------------------------------------------
analyzeto4dfp talsrcimg -O0 -y
---------------------------------------------------------------------

freesurfer ifh2hdr.c
Mon Mar  9 21:55:49 2026
Writing: talsrcimg.4dfp.hdr
freesurfer analyzeto4dfp.c
Reading: talsrcimg.hdr
header size 348 bytes
hdr.dime.datatype	offset=70	value=2
hdr.dime.bitpix		offset=72	value=8
hdr.hist.orient		offset=252	value=-1
dimensionality     4
dimensions       256       256       256         1
Reading: talsrcimg.img
Writing: talsrcimg.4dfp.img
Writing: talsrcimg.4dfp.ifh
ifh2hdr talsrcimg -r0to255
ori=2

---------------------------------------------------------------------
gauss_4dfp talsrcimg 1.1
---------------------------------------------------------------------

freesurfer gauss_4dfp.c
Reading: talsrcimg.4dfp.img
Writing: talsrcimg_g11.4dfp.img
image dimensions 256 256 256 padded to 288 288 288
processing volume 1freesurfer ifh2hdr.c
Mon Mar  9 21:55:51 2026
Writing: talsrcimg_g11.4dfp.hdr

Writing: talsrcimg_g11.4dfp.ifh
including: talsrcimg.4dfp.img.rec in talsrcimg_g11.4dfp.img.rec

---------------------------------------------------------------------
imgreg_4dfp /opt/freesurfer/average/711-2C_as_mni_average_305 none talsrcimg_g11 none talsrcimg_to_711-2C_as_mni_average_305_t4 4355
---------------------------------------------------------------------

freesurfer imgreg_4dfp.c
/opt/freesurfer/average/711-2C_as_mni_average_305.4dfp.img
       256       256       256         1
  1.000000  1.000000  1.000000
orientation T byte_order littleendian
Reading image: /opt/freesurfer/average/711-2C_as_mni_average_305.4dfp.img
dimensions:      256       256       256
mmppix:       1.0000   -1.0000   -1.0000
center:     128.0000 -129.0000 -129.0000
talsrcimg_g11.4dfp.img
       256       256       256         1
  1.000000  1.000000  1.000000
orientation T byte_order littleendian
Reading image: talsrcimg_g11.4dfp.img
dimensions:      256       256       256
mmppix:       1.0000   -1.0000   -1.0000
center:     128.0000 -129.0000 -129.0000
t4_read: open error in t4_sub.f l:  41 t4_file(1:l)talsrcimg_to_711-2C_as_mni_average_305_t4 
t4_read: transform initialized to I4
rotation matrix determinant  1.000000
image alignment mode   4355 decimal     1103 hex
   -7.5000  -45.0000  -45.0000 5324.4043   15.0986
    0.0000  -45.0000  -45.0000 5558.5957   15.1446
    7.5000  -45.0000  -45.0000 5317.8945   15.1364
   -7.5000  -37.5000  -45.0000 5965.3843   14.3886
    0.0000  -37.5000  -45.0000 6217.8726   14.4328
    7.5000  -37.5000  -45.0000 5952.4155   14.4246
   -7.5000  -30.0000  -45.0000 6874.5811   13.9094
    0.0000  -30.0000  -45.0000 7179.7729   13.9512
    7.5000  -30.0000  -45.0000 6877.4951   13.9340
   -7.5000  -22.5000  -45.0000 7901.1685   13.6173
    0.0000  -22.5000  -45.0000 8249.7744   13.6563
    7.5000  -22.5000  -45.0000 7890.0967   13.6334
   -7.5000  -15.0000  -45.0000 9024.9775   13.4112
    0.0000  -15.0000  -45.0000 9431.9883   13.4491
    7.5000  -15.0000  -45.0000 8987.5449   13.4301
   -7.5000   -7.5000  -45.000010196.3105   13.2470
    0.0000   -7.5000  -45.000010652.9756   13.2856
    7.5000   -7.5000  -45.000010149.0488   13.2761
   -7.5000    0.0000  -45.000011352.6084   13.2197
    0.0000    0.0000  -45.000011848.4375   13.2577
    7.5000    0.0000  -45.000011274.7539   13.2544
   -7.5000    7.5000  -45.000011650.3457   13.2409
    0.0000    7.5000  -45.000012146.1924   13.2775
    7.5000    7.5000  -45.000011554.3535   13.2701
   -7.5000   15.0000  -45.000011716.8496   13.2698
    0.0000   15.0000  -45.000012235.5020   13.3060
    7.5000   15.0000  -45.000011619.5908   13.2903
   -7.5000   22.5000  -45.000011580.2090   13.2753
    0.0000   22.5000  -45.000012082.1514   13.3116
    7.5000   22.5000  -45.000011488.0059   13.2907
   -7.5000   30.0000  -45.000011380.9248   13.0856
    0.0000   30.0000  -45.000011880.9844   13.1224
    7.5000   30.0000  -45.000011283.8047   13.1038
   -7.5000   37.5000  -45.000011560.8857   13.0545
    0.0000   37.5000  -45.000012083.1172   13.0924
    7.5000   37.5000  -45.000011438.7910   13.0829
   -7.5000   45.0000  -45.000011278.4688   12.7123
    0.0000   45.0000  -45.000011773.7725   12.7489
    7.5000   45.0000  -45.000011155.4443   12.7457
   -7.5000  -45.0000  -37.5000 5531.3931   15.1291
    0.0000  -45.0000  -37.5000 5792.2671   15.1865
    7.5000  -45.0000  -37.5000 5525.7305   15.1760
   -7.5000  -37.5000  -37.5000 6202.6719   14.4171
    0.0000  -37.5000  -37.5000 6470.0708   14.4674
    7.5000  -37.5000  -37.5000 6192.9917   14.4593
   -7.5000  -30.0000  -37.5000 7158.2109   13.9358
    0.0000  -30.0000  -37.5000 7451.7451   13.9804
    7.5000  -30.0000  -37.5000 7149.6807   13.9660
   -7.5000  -22.5000  -37.5000 8258.5957   13.6408
    0.0000  -22.5000  -37.5000 8599.2764   13.6845
    7.5000  -22.5000  -37.5000 8221.1299   13.6651
   -7.5000  -15.0000  -37.5000 9449.8447   13.4339
    0.0000  -15.0000  -37.5000 9854.5234   13.4807
    7.5000  -15.0000  -37.5000 9395.6318   13.4639
   -7.5000   -7.5000  -37.500010673.8379   13.2714
    0.0000   -7.5000  -37.500011141.5908   13.3211
    7.5000   -7.5000  -37.500010613.3662   13.3108
   -7.5000    0.0000  -37.500011879.0068   13.2450
    0.0000    0.0000  -37.500012401.8916   13.2924
    7.5000    0.0000  -37.500011802.1885   13.2871
   -7.5000    7.5000  -37.500012161.1885   13.2659
    0.0000    7.5000  -37.500012691.9941   13.3078
    7.5000    7.5000  -37.500012069.0225   13.3002
   -7.5000   15.0000  -37.500012218.8496   13.2939
    0.0000   15.0000  -37.500012763.5664   13.3324
    7.5000   15.0000  -37.500012129.0625   13.3189
   -7.5000   22.5000  -37.500012041.4629   13.2981
    0.0000   22.5000  -37.500012571.7988   13.3387
    7.5000   22.5000  -37.500011946.5537   13.3211
   -7.5000   30.0000  -37.500011820.6533   13.1081
    0.0000   30.0000  -37.500012324.9678   13.1536
    7.5000   30.0000  -37.500011702.7822   13.1372
   -7.5000   37.5000  -37.500011998.4590   13.0786
    0.0000   37.5000  -37.500012519.2061   13.1274
    7.5000   37.5000  -37.500011865.5303   13.1172
   -7.5000   45.0000  -37.500011714.5576   12.7367
    0.0000   45.0000  -37.500012226.3740   12.7823
    7.5000   45.0000  -37.500011580.7607   12.7771
   -7.5000  -45.0000  -30.0000 5830.1714   15.7521
    0.0000  -45.0000  -30.0000 6085.3267   15.8192
    7.5000  -45.0000  -30.0000 5808.4712   15.8075
   -7.5000  -37.5000  -30.0000 6547.1299   15.0066
    0.0000  -37.5000  -30.0000 6812.0996   15.0640
    7.5000  -37.5000  -30.0000 6517.0259   15.0588
   -7.5000  -30.0000  -30.0000 7562.5557   14.4975
    0.0000  -30.0000  -30.0000 7861.7202   14.5489
    7.5000  -30.0000  -30.0000 7533.6460   14.5424
   -7.5000  -22.5000  -30.0000 8745.2773   14.1871
    0.0000  -22.5000  -30.0000 9086.2803   14.2390
    7.5000  -22.5000  -30.0000 8679.8398   14.2280
   -7.5000  -15.0000  -30.000010016.0078   13.9758
    0.0000  -15.0000  -30.000010429.1523   14.0323
    7.5000  -15.0000  -30.0000 9932.0127   14.0207
   -7.5000   -7.5000  -30.000011307.3018   13.8161
    0.0000   -7.5000  -30.000011794.7480   13.8743
    7.5000   -7.5000  -30.000011240.1689   13.8638
   -7.5000    0.0000  -30.000012572.6162   13.7928
    0.0000    0.0000  -30.000013124.6758   13.8474
    7.5000    0.0000  -30.000012506.1816   13.8400
   -7.5000    7.5000  -30.000012866.7275   13.8100
    0.0000    7.5000  -30.000013429.8496   13.8578
    7.5000    7.5000  -30.000012778.5713   13.8521
   -7.5000   15.0000  -30.000012909.0059   13.8316
    0.0000   15.0000  -30.000013465.7568   13.8759
    7.5000   15.0000  -30.000012807.8496   13.8693
   -7.5000   22.5000  -30.000012704.8018   13.8304
    0.0000   22.5000  -30.000013226.3955   13.8790
    7.5000   22.5000  -30.000012611.6904   13.8697
   -7.5000   30.0000  -30.000012417.4609   13.6388
    0.0000   30.0000  -30.000012914.4102   13.6937
    7.5000   30.0000  -30.000012315.6934   13.6823
   -7.5000   37.5000  -30.000012585.1963   13.6166
    0.0000   37.5000  -30.000013084.8564   13.6738
    7.5000   37.5000  -30.000012448.6201   13.6634
   -7.5000   45.0000  -30.000012308.9043   13.2732
    0.0000   45.0000  -30.000012822.8975   13.3257
    7.5000   45.0000  -30.000012180.1348   13.3186
   -7.5000  -45.0000  -22.5000 6089.0654   16.2606
    0.0000  -45.0000  -22.5000 6344.3848   16.3243
    7.5000  -45.0000  -22.5000 6057.0952   16.3141
   -7.5000  -37.5000  -22.5000 6862.0342   15.4871
    0.0000  -37.5000  -22.5000 7133.7827   15.5450
    7.5000  -37.5000  -22.5000 6816.8994   15.5429
   -7.5000  -30.0000  -22.5000 7949.2119   14.9526
    0.0000  -30.0000  -22.5000 8259.4883   15.0082
    7.5000  -30.0000  -22.5000 7917.6050   15.0079
   -7.5000  -22.5000  -22.5000 9194.1934   14.6290
    0.0000  -22.5000  -22.5000 9544.8545   14.6851
    7.5000  -22.5000  -22.5000 9126.5908   14.6805
   -7.5000  -15.0000  -22.500010506.0322   14.4156
    0.0000  -15.0000  -22.500010921.8203   14.4724
    7.5000  -15.0000  -22.500010427.0498   14.4650
   -7.5000   -7.5000  -22.500011863.6963   14.2602
    0.0000   -7.5000  -22.500012333.6963   14.3146
    7.5000   -7.5000  -22.500011777.5811   14.3051
   -7.5000    0.0000  -22.500013204.5195   14.2416
    0.0000    0.0000  -22.500013754.1660   14.2923
    7.5000    0.0000  -22.500013107.1904   14.2850
   -7.5000    7.5000  -22.500013493.0967   14.2549
    0.0000    7.5000  -22.500014081.0723   14.3027
    7.5000    7.5000  -22.500013386.5508   14.2993
   -7.5000   15.0000  -22.500013508.1006   14.2685
    0.0000   15.0000  -22.500014073.9160   14.3170
    7.5000   15.0000  -22.500013419.1729   14.3157
   -7.5000   22.5000  -22.500013297.0244   14.2613
    0.0000   22.5000  -22.500013828.4385   14.3145
    7.5000   22.5000  -22.500013240.5469   14.3115
   -7.5000   30.0000  -22.500012978.6396   14.0701
    0.0000   30.0000  -22.500013437.4141   14.1253
    7.5000   30.0000  -22.500012914.0000   14.1181
   -7.5000   37.5000  -22.500013161.7354   14.0563
    0.0000   37.5000  -22.500013599.8457   14.1098
    7.5000   37.5000  -22.500013042.4678   14.1004
   -7.5000   45.0000  -22.500012890.6104   13.7154
    0.0000   45.0000  -22.500013335.5537   13.7642
    7.5000   45.0000  -22.500012768.3340   13.7572
   -7.5000  -45.0000  -15.0000 6291.0400   16.6293
    0.0000  -45.0000  -15.0000 6544.8672   16.6831
    7.5000  -45.0000  -15.0000 6251.7964   16.6752
   -7.5000  -37.5000  -15.0000 7099.1313   15.8386
    0.0000  -37.5000  -15.0000 7370.1528   15.8917
    7.5000  -37.5000  -15.0000 7068.1084   15.8900
   -7.5000  -30.0000  -15.0000 8270.4531   15.2908
    0.0000  -30.0000  -15.0000 8579.1074   15.3452
    7.5000  -30.0000  -15.0000 8228.9404   15.3427
   -7.5000  -22.5000  -15.0000 9588.7305   14.9599
    0.0000  -22.5000  -15.0000 9960.4951   15.0127
    7.5000  -22.5000  -15.0000 9525.5781   15.0058
   -7.5000  -15.0000  -15.000010975.4863   14.7418
    0.0000  -15.0000  -15.000011424.1270   14.7910
    7.5000  -15.0000  -15.000010881.2148   14.7822
   -7.5000   -7.5000  -15.000012359.7295   14.5828
    0.0000   -7.5000  -15.000012871.3984   14.6273
    7.5000   -7.5000  -15.000012247.4629   14.6188
   -7.5000    0.0000  -15.000013705.8457   14.5651
    0.0000    0.0000  -15.000014301.4473   14.6075
    7.5000    0.0000  -15.000013577.0645   14.6023
   -7.5000    7.5000  -15.000013957.5010   14.5793
    0.0000    7.5000  -15.000014575.1924   14.6230
    7.5000    7.5000  -15.000013854.6445   14.6200
   -7.5000   15.0000  -15.000013904.5244   14.5924
    0.0000   15.0000  -15.000014525.6055   14.6398
    7.5000   15.0000  -15.000013891.4473   14.6369
   -7.5000   22.5000  -15.000013766.2988   14.5835
    0.0000   22.5000  -15.000014432.4365   14.6337
    7.5000   22.5000  -15.000013774.6504   14.6284
   -7.5000   30.0000  -15.000013585.9990   14.3900
    0.0000   30.0000  -15.000014120.7656   14.4378
    7.5000   30.0000  -15.000013520.6162   14.4293
   -7.5000   37.5000  -15.000013803.1084   14.3762
    0.0000   37.5000  -15.000014217.2959   14.4200
    7.5000   37.5000  -15.000013670.3457   14.4116
   -7.5000   45.0000  -15.000013497.3184   14.0353
    0.0000   45.0000  -15.000013888.1621   14.0762
    7.5000   45.0000  -15.000013370.8438   14.0712
   -7.5000  -45.0000   -7.5000 6479.8647   16.8325
    0.0000  -45.0000   -7.5000 6726.8784   16.8802
    7.5000  -45.0000   -7.5000 6435.4043   16.8728
   -7.5000  -37.5000   -7.5000 7314.2979   16.0369
    0.0000  -37.5000   -7.5000 7600.2603   16.0856
    7.5000  -37.5000   -7.5000 7277.4644   16.0801
   -7.5000  -30.0000   -7.5000 8555.2119   15.4930
    0.0000  -30.0000   -7.5000 8899.9287   15.5422
    7.5000  -30.0000   -7.5000 8501.7891   15.5298
   -7.5000  -22.5000   -7.5000 9951.8809   15.1635
    0.0000  -22.5000   -7.500010356.1357   15.2093
    7.5000  -22.5000   -7.5000 9881.2158   15.1911
   -7.5000  -15.0000   -7.500011391.2559   14.9383
    0.0000  -15.0000   -7.500011868.3867   14.9796
    7.5000  -15.0000   -7.500011304.7148   14.9633
   -7.5000   -7.5000   -7.500012809.4189   14.7650
    0.0000   -7.5000   -7.500013348.3555   14.8037
    7.5000   -7.5000   -7.500012721.1914   14.7944
   -7.5000    0.0000   -7.500014182.0498   14.7404
    0.0000    0.0000   -7.500014772.0654   14.7788
    7.5000    0.0000   -7.500014071.5303   14.7754
   -7.5000    7.5000   -7.500014358.7012   14.7599
    0.0000    7.5000   -7.500014923.4014   14.8000
    7.5000    7.5000   -7.500014272.1035   14.7945
   -7.5000   15.0000   -7.500014252.6211   14.7833
    0.0000   15.0000   -7.500014806.7490   14.8261
    7.5000   15.0000   -7.500014265.8096   14.8146
   -7.5000   22.5000   -7.500014270.9863   14.7792
    0.0000   22.5000   -7.500014993.3340   14.8223
    7.5000   22.5000   -7.500014257.4590   14.8062
   -7.5000   30.0000   -7.500014345.1914   14.5809
    0.0000   30.0000   -7.500015128.3584   14.6210
    7.5000   30.0000   -7.500014266.1240   14.6052
   -7.5000   37.5000   -7.500014615.8496   14.5555
    0.0000   37.5000   -7.500015282.3662   14.5936
    7.5000   37.5000   -7.500014513.7412   14.5844
   -7.5000   45.0000   -7.500014232.2549   14.2070
    0.0000   45.0000   -7.500014816.4297   14.2440
    7.5000   45.0000   -7.500014112.3428   14.2407
   -7.5000  -45.0000    0.0000 6564.0112   16.8957
    0.0000  -45.0000    0.0000 6836.4507   16.9472
    7.5000  -45.0000    0.0000 6531.2925   16.9381
   -7.5000  -37.5000    0.0000 7429.5273   16.1012
    0.0000  -37.5000    0.0000 7728.0674   16.1507
    7.5000  -37.5000    0.0000 7398.5601   16.1416
   -7.5000  -30.0000    0.0000 8729.5586   15.5650
    0.0000  -30.0000    0.0000 9086.5859   15.6117
    7.5000  -30.0000    0.0000 8668.3750   15.5925
   -7.5000  -22.5000    0.000010183.7598   15.2381
    0.0000  -22.5000    0.000010607.2744   15.2817
    7.5000  -22.5000    0.000010118.5430   15.2562
   -7.5000  -15.0000    0.000011674.5439   15.0075
    0.0000  -15.0000    0.000012163.0107   15.0499
    7.5000  -15.0000    0.000011626.0293   15.0286
   -7.5000   -7.5000    0.000013156.3174   14.8238
    0.0000   -7.5000    0.000013706.5186   14.8670
    7.5000   -7.5000    0.000013112.3301   14.8563
   -7.5000    0.0000    0.000014552.7080   14.7931
    0.0000    0.0000    0.000015138.3848   14.8357
    7.5000    0.0000    0.000014480.2744   14.8320
   -7.5000    7.5000    0.000014738.3652   14.8169
    0.0000    7.5000    0.000015277.4014   14.8578
    7.5000    7.5000    0.000014640.4502   14.8496
   -7.5000   15.0000    0.000014642.6074   14.8493
    0.0000   15.0000    0.000015163.9043   14.8897
    7.5000   15.0000    0.000014564.6826   14.8721
   -7.5000   22.5000    0.000014653.2861   14.8506
    0.0000   22.5000    0.000015343.2246   14.8912
    7.5000   22.5000    0.000014518.8955   14.8678
   -7.5000   30.0000    0.000014679.8936   14.6489
    0.0000   30.0000    0.000015482.6738   14.6900
    7.5000   30.0000    0.000014588.2598   14.6692
   -7.5000   37.5000    0.000015004.4922   14.6140
    0.0000   37.5000    0.000015847.5791   14.6565
    7.5000   37.5000    0.000014997.3066   14.6459
   -7.5000   45.0000    0.000014636.4844   14.2589
    0.0000   45.0000    0.000015432.5234   14.2999
    7.5000   45.0000    0.000014591.8662   14.2964
   -7.5000  -45.0000    7.5000 6189.3628   16.9299
    0.0000  -45.0000    7.5000 6463.2529   16.9941
    7.5000  -45.0000    7.5000 6174.1216   16.9824
   -7.5000  -37.5000    7.5000 7006.3179   16.1331
    0.0000  -37.5000    7.5000 7283.2935   16.1894
    7.5000  -37.5000    7.5000 6972.5693   16.1804
   -7.5000  -30.0000    7.5000 8211.5791   15.5945
    0.0000  -30.0000    7.5000 8531.9844   15.6444
    7.5000  -30.0000    7.5000 8156.0200   15.6283
   -7.5000  -22.5000    7.5000 9579.6748   15.2644
    0.0000  -22.5000    7.5000 9949.5625   15.3133
    7.5000  -22.5000    7.5000 9519.1309   15.2916
   -7.5000  -15.0000    7.500011001.7031   15.0328
    0.0000  -15.0000    7.500011473.3574   15.0853
    7.5000  -15.0000    7.500010942.9189   15.0665
   -7.5000   -7.5000    7.500012416.6777   14.8511
    0.0000   -7.5000    7.500012966.6084   14.9066
    7.5000   -7.5000    7.500012348.0771   14.8951
   -7.5000    0.0000    7.500013770.0508   14.8216
    0.0000    0.0000    7.500014401.7090   14.8746
    7.5000    0.0000    7.500013695.5879   14.8686
   -7.5000    7.5000    7.500014026.8691   14.8449
    0.0000    7.5000    7.500014657.3838   14.8918
    7.5000    7.5000    7.500013950.9336   14.8833
   -7.5000   15.0000    7.500014047.9404   14.8762
    0.0000   15.0000    7.500014655.6797   14.9193
    7.5000   15.0000    7.500013970.2500   14.9042
   -7.5000   22.5000    7.500013989.0693   14.8761
    0.0000   22.5000    7.500014607.6699   14.9215
    7.5000   22.5000    7.500013874.1436   14.9018
   -7.5000   30.0000    7.500013756.8115   14.6741
    0.0000   30.0000    7.500014283.1064   14.7250
    7.5000   30.0000    7.500013667.1455   14.7066
   -7.5000   37.5000    7.500013953.3057   14.6410
    0.0000   37.5000    7.500014452.0928   14.6956
    7.5000   37.5000    7.500013901.5947   14.6842
   -7.5000   45.0000    7.500013632.3506   14.2863
    0.0000   45.0000    7.500014146.3662   14.3374
    7.5000   45.0000    7.500013573.2041   14.3316
   -7.5000  -45.0000   15.0000 5725.2954   16.9838
    0.0000  -45.0000   15.0000 6001.8232   17.0564
    7.5000  -45.0000   15.0000 5709.0459   17.0433
   -7.5000  -37.5000   15.0000 6502.6914   16.1803
    0.0000  -37.5000   15.0000 6771.2632   16.2425
    7.5000  -37.5000   15.0000 6483.0513   16.2365
   -7.5000  -30.0000   15.0000 7618.5801   15.6319
    0.0000  -30.0000   15.0000 7924.5654   15.6876
    7.5000  -30.0000   15.0000 7578.3911   15.6804
   -7.5000  -22.5000   15.0000 8893.4658   15.2978
    0.0000  -22.5000   15.0000 9257.1396   15.3540
    7.5000  -22.5000   15.0000 8834.1338   15.3419
   -7.5000  -15.0000   15.000010222.8262   15.0700
    0.0000  -15.0000   15.000010674.0576   15.1310
    7.5000  -15.0000   15.000010140.2422   15.1181
   -7.5000   -7.5000   15.000011561.8447   14.8975
    0.0000   -7.5000   15.000012074.8535   14.9604
    7.5000   -7.5000   15.000011464.2744   14.9487
   -7.5000    0.0000   15.000012868.6240   14.8725
    0.0000    0.0000   15.000013433.3193   14.9316
    7.5000    0.0000   15.000012744.7246   14.9233
   -7.5000    7.5000   15.000013115.5703   14.8914
    0.0000    7.5000   15.000013658.5947   14.9432
    7.5000    7.5000   15.000012993.4932   14.9367
   -7.5000   15.0000   15.000013160.0186   14.9146
    0.0000   15.0000   15.000013676.6758   14.9628
    7.5000   15.0000   15.000013033.9912   14.9553
   -7.5000   22.5000   15.000013071.0889   14.9098
    0.0000   22.5000   15.000013595.8057   14.9624
    7.5000   22.5000   15.000012962.3838   14.9521
   -7.5000   30.0000   15.000012773.7461   14.7105
    0.0000   30.0000   15.000013231.1270   14.7699
    7.5000   30.0000   15.000012713.4180   14.7573
   -7.5000   37.5000   15.000012909.7021   14.6866
    0.0000   37.5000   15.000013335.0020   14.7485
    7.5000   37.5000   15.000012851.6621   14.7368
   -7.5000   45.0000   15.000012589.0703   14.3354
    0.0000   45.0000   15.000013007.4551   14.3924
    7.5000   45.0000   15.000012533.1025   14.3843
   -7.5000  -45.0000   22.5000 5262.5781   17.2618
    0.0000  -45.0000   22.5000 5505.8081   17.3305
    7.5000  -45.0000   22.5000 5238.3179   17.3183
   -7.5000  -37.5000   22.5000 5974.4053   16.4296
    0.0000  -37.5000   22.5000 6229.5308   16.4919
    7.5000  -37.5000   22.5000 5946.4688   16.4888
   -7.5000  -30.0000   22.5000 7021.0098   15.8557
    0.0000  -30.0000   22.5000 7302.1104   15.9156
    7.5000  -30.0000   22.5000 6968.0698   15.9144
   -7.5000  -22.5000   22.5000 8217.6777   15.5093
    0.0000  -22.5000   22.5000 8536.9736   15.5694
    7.5000  -22.5000   22.5000 8143.2710   15.5636
   -7.5000  -15.0000   22.5000 9465.1064   15.2816
    0.0000  -15.0000   22.5000 9828.8379   15.3425
    7.5000  -15.0000   22.5000 9362.8340   15.3334
   -7.5000   -7.5000   22.500010694.2031   15.1166
    0.0000   -7.5000   22.500011118.4971   15.1750
    7.5000   -7.5000   22.500010597.5752   15.1637
   -7.5000    0.0000   22.500011888.1621   15.0974
    0.0000    0.0000   22.500012359.3438   15.1521
    7.5000    0.0000   22.500011757.0303   15.1433
   -7.5000    7.5000   22.500012107.8154   15.1123
    0.0000    7.5000   22.500012569.6514   15.1638
    7.5000    7.5000   22.500011979.2812   15.1594
   -7.5000   15.0000   22.500012167.5244   15.1269
    0.0000   15.0000   22.500012630.5371   15.1790
    7.5000   15.0000   22.500012042.6689   15.1768
   -7.5000   22.5000   22.500012070.2441   15.1163
    0.0000   22.5000   22.500012545.6152   15.1733
    7.5000   22.5000   22.500011967.8467   15.1691
   -7.5000   30.0000   22.500011833.5977   14.9171
    0.0000   30.0000   22.500012295.5156   14.9763
    7.5000   30.0000   22.500011769.5850   14.9675
   -7.5000   37.5000   22.500011990.3438   14.9025
    0.0000   37.5000   22.500012461.1533   14.9600
    7.5000   37.5000   22.500011932.8594   14.9488
   -7.5000   45.0000   22.500011687.1729   14.5522
    0.0000   45.0000   22.500012154.6621   14.6049
    7.5000   45.0000   22.500011627.6670   14.5964
   -7.5000  -45.0000   30.0000 4773.8833   17.6423
    0.0000  -45.0000   30.0000 4986.2349   17.7010
    7.5000  -45.0000   30.0000 4736.1255   17.6897
   -7.5000  -37.5000   30.0000 5415.5356   16.7721
    0.0000  -37.5000   30.0000 5644.9678   16.8304
    7.5000  -37.5000   30.0000 5379.7935   16.8260
   -7.5000  -30.0000   30.0000 6380.3696   16.1736
    0.0000  -30.0000   30.0000 6627.1138   16.2329
    7.5000  -30.0000   30.0000 6318.2783   16.2276
   -7.5000  -22.5000   30.0000 7481.7280   15.8175
    0.0000  -22.5000   30.0000 7758.2876   15.8746
    7.5000  -22.5000   30.0000 7413.7910   15.8641
   -7.5000  -15.0000   30.0000 8623.7334   15.5867
    0.0000  -15.0000   30.0000 8931.0850   15.6395
    7.5000  -15.0000   30.0000 8535.0938   15.6270
   -7.5000   -7.5000   30.0000 9751.2607   15.4185
    0.0000   -7.5000   30.000010120.8867   15.4664
    7.5000   -7.5000   30.0000 9660.3535   15.4547
   -7.5000    0.0000   30.000010831.6543   15.3986
    0.0000    0.0000   30.000011239.6533   15.4449
    7.5000    0.0000   30.000010713.4141   15.4372
   -7.5000    7.5000   30.000011026.6328   15.4119
    0.0000    7.5000   30.000011447.1748   15.4598
    7.5000    7.5000   30.000010909.0410   15.4544
   -7.5000   15.0000   30.000011085.0312   15.4250
    0.0000   15.0000   30.000011515.3926   15.4768
    7.5000   15.0000   30.000010966.6094   15.4711
   -7.5000   22.5000   30.000011023.8418   15.4151
    0.0000   22.5000   30.000011454.9248   15.4694
    7.5000   22.5000   30.000010915.4033   15.4608
   -7.5000   30.0000   30.000010814.3447   15.2141
    0.0000   30.0000   30.000011240.0391   15.2654
    7.5000   30.0000   30.000010744.2598   15.2532
   -7.5000   37.5000   30.000010953.5996   15.2001
    0.0000   37.5000   30.000011384.4756   15.2473
    7.5000   37.5000   30.000010877.7773   15.2357
   -7.5000   45.0000   30.000010670.2549   14.8425
    0.0000   45.0000   30.000011099.1787   14.8871
    7.5000   45.0000   30.000010602.0879   14.8796
   -7.5000  -45.0000   37.5000 4480.5659   18.3275
    0.0000  -45.0000   37.5000 4679.9614   18.3887
    7.5000  -45.0000   37.5000 4447.6465   18.3771
   -7.5000  -37.5000   37.5000 5109.9902   17.4331
    0.0000  -37.5000   37.5000 5346.2847   17.4961
    7.5000  -37.5000   37.5000 5072.7456   17.4871
   -7.5000  -30.0000   37.5000 6024.0762   16.8051
    0.0000  -30.0000   37.5000 6297.9937   16.8692
    7.5000  -30.0000   37.5000 5984.1943   16.8532
   -7.5000  -22.5000   37.5000 7070.9438   16.4252
    0.0000  -22.5000   37.5000 7360.9336   16.4847
    7.5000  -22.5000   37.5000 7021.5518   16.4623
   -7.5000  -15.0000   37.5000 8157.7944   16.1704
    0.0000  -15.0000   37.5000 8474.1689   16.2236
    7.5000  -15.0000   37.5000 8098.5098   16.2030
   -7.5000   -7.5000   37.5000 9228.2568   15.9796
    0.0000   -7.5000   37.5000 9595.3408   16.0287
    7.5000   -7.5000   37.5000 9155.6123   16.0158
   -7.5000    0.0000   37.500010253.5654   15.9566
    0.0000    0.0000   37.500010668.0967   16.0054
    7.5000    0.0000   37.500010153.3418   15.9990
   -7.5000    7.5000   37.500010471.7031   15.9816
    0.0000    7.5000   37.500010876.0527   16.0335
    7.5000    7.5000   37.500010348.5293   16.0250
   -7.5000   15.0000   37.500010534.0146   16.0071
    0.0000   15.0000   37.500010953.1641   16.0631
    7.5000   15.0000   37.500010417.7402   16.0483
   -7.5000   22.5000   37.500010460.8896   15.9983
    0.0000   22.5000   37.500010870.6572   16.0544
    7.5000   22.5000   37.500010355.6123   16.0344
   -7.5000   30.0000   37.500010269.3984   15.7803
    0.0000   30.0000   37.500010684.2041   15.8319
    7.5000   30.0000   37.500010182.8457   15.8119
   -7.5000   37.5000   37.500010410.2051   15.7533
    0.0000   37.5000   37.500010821.9092   15.8017
    7.5000   37.5000   37.500010321.0273   15.7889
   -7.5000   45.0000   37.500010142.5215   15.3803
    0.0000   45.0000   37.500010547.5957   15.4274
    7.5000   45.0000   37.500010056.3340   15.4212
   -7.5000  -45.0000   45.0000 4041.4597   19.1239
    0.0000  -45.0000   45.0000 4199.8101   19.1884
    7.5000  -45.0000   45.0000 4006.2402   19.1725
   -7.5000  -37.5000   45.0000 4615.7144   18.1837
    0.0000  -37.5000   45.0000 4825.0576   18.2467
    7.5000  -37.5000   45.0000 4571.3984   18.2329
   -7.5000  -30.0000   45.0000 5450.0425   17.5391
    0.0000  -30.0000   45.0000 5696.1118   17.6000
    7.5000  -30.0000   45.0000 5411.9170   17.5749
   -7.5000  -22.5000   45.0000 6400.8765   17.1249
    0.0000  -22.5000   45.0000 6673.8281   17.1810
    7.5000  -22.5000   45.0000 6347.0674   17.1478
   -7.5000  -15.0000   45.0000 7386.5327   16.8465
    0.0000  -15.0000   45.0000 7697.5059   16.8991
    7.5000  -15.0000   45.0000 7338.8242   16.8700
   -7.5000   -7.5000   45.0000 8351.7822   16.6406
    0.0000   -7.5000   45.0000 8712.7988   16.6931
    7.5000   -7.5000   45.0000 8291.5723   16.6763
   -7.5000    0.0000   45.0000 9286.1113   16.6191
    0.0000    0.0000   45.0000 9678.1631   16.6712
    7.5000    0.0000   45.0000 9195.2275   16.6632
   -7.5000    7.5000   45.0000 9497.2666   16.6498
    0.0000    7.5000   45.0000 9865.3115   16.7018
    7.5000    7.5000   45.0000 9385.2930   16.6895
   -7.5000   15.0000   45.0000 9563.9980   16.6776
    0.0000   15.0000   45.0000 9928.5283   16.7303
    7.5000   15.0000   45.0000 9463.3154   16.7076
   -7.5000   22.5000   45.0000 9508.9814   16.6655
    0.0000   22.5000   45.0000 9861.5283   16.7175
    7.5000   22.5000   45.0000 9411.7285   16.6872
   -7.5000   30.0000   45.0000 9343.5469   16.4333
    0.0000   30.0000   45.0000 9703.4629   16.4843
    7.5000   30.0000   45.0000 9251.2588   16.4560
   -7.5000   37.5000   45.0000 9483.8115   16.4036
    0.0000   37.5000   45.0000 9849.3291   16.4553
    7.5000   37.5000   45.0000 9387.5361   16.4386
   -7.5000   45.0000   45.0000 9248.0273   16.0261
    0.0000   45.0000   45.0000 9606.5635   16.0764
    7.5000   45.0000   45.0000 9156.8506   16.0687

---------------------------------------------------------------------
imgreg_4dfp /opt/freesurfer/average/711-2C_as_mni_average_305 /opt/freesurfer/average/711-2B_as_mni_average_305_mask talsrcimg_g11 none talsrcimg_to_711-2C_as_mni_average_305_t4 4355
---------------------------------------------------------------------

freesurfer imgreg_4dfp.c
/opt/freesurfer/average/711-2C_as_mni_average_305.4dfp.img
       256       256       256         1
  1.000000  1.000000  1.000000
orientation T byte_order littleendian
Reading image: /opt/freesurfer/average/711-2C_as_mni_average_305.4dfp.img
dimensions:      256       256       256
mmppix:       1.0000   -1.0000   -1.0000
center:     128.0000 -129.0000 -129.0000
/opt/freesurfer/average/711-2B_as_mni_average_305_mask.4dfp.img
       256       256       256         1
  1.000000  1.000000  1.000000
orientation T byte_order littleendian
Reading mask: /opt/freesurfer/average/711-2B_as_mni_average_305_mask.4dfp.img (2306576 pixels)
talsrcimg_g11.4dfp.img
       256       256       256         1
  1.000000  1.000000  1.000000
orientation T byte_order littleendian
Reading image: talsrcimg_g11.4dfp.img
dimensions:      256       256       256
mmppix:       1.0000   -1.0000   -1.0000
center:     128.0000 -129.0000 -129.0000
rotation matrix determinant  1.000000
image alignment mode   4355 decimal     1103 hex
   -7.5000   -7.5000  -45.0000 2179.3293   13.5592
    0.0000   -7.5000  -45.0000 2188.8877   13.5681
    7.5000   -7.5000  -45.0000 2169.3916   13.6969
   -7.5000    0.0000  -45.0000 2293.3643   12.2682
    0.0000    0.0000  -45.0000 2307.8835   12.2615
    7.5000    0.0000  -45.0000 2286.2815   12.3943
   -7.5000    7.5000  -45.0000 2387.8967   11.2825
    0.0000    7.5000  -45.0000 2403.1484   11.2844
    7.5000    7.5000  -45.0000 2380.9243   11.3785
   -7.5000   15.0000  -45.0000 2449.9077   10.5424
    0.0000   15.0000  -45.0000 2463.8279   10.5595
    7.5000   15.0000  -45.0000 2442.3215   10.6554
   -7.5000   22.5000  -45.0000 2490.2751   10.0663
    0.0000   22.5000  -45.0000 2502.2991   10.0784
    7.5000   22.5000  -45.0000 2481.0520   10.1904
   -7.5000   30.0000  -45.0000 2516.1965    9.8053
    0.0000   30.0000  -45.0000 2530.7266    9.8300
    7.5000   30.0000  -45.0000 2505.4165    9.9533
   -7.5000   37.5000  -45.0000 2517.1611    9.7916
    0.0000   37.5000  -45.0000 2531.4712    9.7950
    7.5000   37.5000  -45.0000 2505.2302    9.9067
   -7.5000   45.0000  -45.0000 2496.2571    9.9674
    0.0000   45.0000  -45.0000 2509.2830   10.0047
    7.5000   45.0000  -45.0000 2478.8159   10.1284
   -7.5000   52.5000  -45.0000 2427.6987   10.3178
    0.0000   52.5000  -45.0000 2442.6052   10.3328
    7.5000   52.5000  -45.0000 2412.7219   10.4743
   -7.5000   60.0000  -45.0000 2314.7415   10.7215
    0.0000   60.0000  -45.0000 2328.6685   10.7297
    7.5000   60.0000  -45.0000 2299.9099   10.8564
   -7.5000   67.5000  -45.0000 2166.8669   11.1372
    0.0000   67.5000  -45.0000 2178.3669   11.1416
    7.5000   67.5000  -45.0000 2154.2756   11.2971
   -7.5000   75.0000  -45.0000 1985.4080   11.5531
    0.0000   75.0000  -45.0000 1996.5425   11.5404
    7.5000   75.0000  -45.0000 1975.4468   11.7049
   -7.5000   82.5000  -45.0000 1871.8726   12.8963
    0.0000   82.5000  -45.0000 1882.6790   12.8590
    7.5000   82.5000  -45.0000 1863.6770   13.0368
   -7.5000   -7.5000  -37.5000 2235.5190   12.9481
    0.0000   -7.5000  -37.5000 2248.1956   12.9355
    7.5000   -7.5000  -37.5000 2228.5935   13.0888
   -7.5000    0.0000  -37.5000 2353.2512   11.6575
    0.0000    0.0000  -37.5000 2368.8784   11.6556
    7.5000    0.0000  -37.5000 2346.5378   11.8034
   -7.5000    7.5000  -37.5000 2452.8289   10.6868
    0.0000    7.5000  -37.5000 2467.2537   10.6863
    7.5000    7.5000  -37.5000 2445.1770   10.8183
   -7.5000   15.0000  -37.5000 2521.1213    9.9804
    0.0000   15.0000  -37.5000 2538.9155    9.9820
    7.5000   15.0000  -37.5000 2517.2261   10.1030
   -7.5000   22.5000  -37.5000 2564.3594    9.4922
    0.0000   22.5000  -37.5000 2583.5525    9.4917
    7.5000   22.5000  -37.5000 2561.5413    9.6098
   -7.5000   30.0000  -37.5000 2602.9741    9.2184
    0.0000   30.0000  -37.5000 2619.4126    9.2394
    7.5000   30.0000  -37.5000 2590.3318    9.3547
   -7.5000   37.5000  -37.5000 2613.7668    9.1609
    0.0000   37.5000  -37.5000 2626.5652    9.1986
    7.5000   37.5000  -37.5000 2599.4866    9.2894
   -7.5000   45.0000  -37.5000 2593.0581    9.3547
    0.0000   45.0000  -37.5000 2608.3022    9.3962
    7.5000   45.0000  -37.5000 2575.1621    9.5095
   -7.5000   52.5000  -37.5000 2523.2703    9.7185
    0.0000   52.5000  -37.5000 2538.5049    9.7291
    7.5000   52.5000  -37.5000 2507.0569    9.8616
   -7.5000   60.0000  -37.5000 2399.8496   10.1146
    0.0000   60.0000  -37.5000 2409.9597   10.1229
    7.5000   60.0000  -37.5000 2384.0034   10.2471
   -7.5000   67.5000  -37.5000 2238.9058   10.5169
    0.0000   67.5000  -37.5000 2244.6272   10.5079
    7.5000   67.5000  -37.5000 2222.2759   10.6475
   -7.5000   75.0000  -37.5000 2048.1873   10.9174
    0.0000   75.0000  -37.5000 2056.1040   10.8980
    7.5000   75.0000  -37.5000 2038.5834   11.0352
   -7.5000   82.5000  -37.5000 1929.4373   12.1638
    0.0000   82.5000  -37.5000 1939.8156   12.1407
    7.5000   82.5000  -37.5000 1921.7250   12.2858
   -7.5000   -7.5000  -30.0000 2326.5200   12.8107
    0.0000   -7.5000  -30.0000 2339.1072   12.8107
    7.5000   -7.5000  -30.0000 2316.2922   12.9827
   -7.5000    0.0000  -30.0000 2443.2314   11.5267
    0.0000    0.0000  -30.0000 2458.0728   11.5383
    7.5000    0.0000  -30.0000 2437.8674   11.7058
   -7.5000    7.5000  -30.0000 2549.1150   10.5193
    0.0000    7.5000  -30.0000 2564.1804   10.5320
    7.5000    7.5000  -30.0000 2542.0029   10.6941
   -7.5000   15.0000  -30.0000 2631.1689    9.7726
    0.0000   15.0000  -30.0000 2647.1113    9.7723
    7.5000   15.0000  -30.0000 2624.3413    9.9214
   -7.5000   22.5000  -30.0000 2689.3477    9.2773
    0.0000   22.5000  -30.0000 2706.9802    9.2621
    7.5000   22.5000  -30.0000 2683.8137    9.4105
   -7.5000   30.0000  -30.0000 2729.9614    8.9804
    0.0000   30.0000  -30.0000 2751.6316    8.9662
    7.5000   30.0000  -30.0000 2716.4465    9.1170
   -7.5000   37.5000  -30.0000 2750.8870    8.8980
    0.0000   37.5000  -30.0000 2765.6636    8.9125
    7.5000   37.5000  -30.0000 2730.7986    9.0423
   -7.5000   45.0000  -30.0000 2731.1863    9.1476
    0.0000   45.0000  -30.0000 2748.5132    9.1505
    7.5000   45.0000  -30.0000 2715.5413    9.2805
   -7.5000   52.5000  -30.0000 2660.7825    9.5102
    0.0000   52.5000  -30.0000 2676.1194    9.5085
    7.5000   52.5000  -30.0000 2646.1863    9.6360
   -7.5000   60.0000  -30.0000 2526.5471    9.8992
    0.0000   60.0000  -30.0000 2537.4702    9.8967
    7.5000   60.0000  -30.0000 2509.7708   10.0315
   -7.5000   67.5000  -30.0000 2352.5266   10.3132
    0.0000   67.5000  -30.0000 2354.7400   10.3063
    7.5000   67.5000  -30.0000 2334.3816   10.4415
   -7.5000   75.0000  -30.0000 2145.3201   10.7379
    0.0000   75.0000  -30.0000 2152.6453   10.7144
    7.5000   75.0000  -30.0000 2134.4414   10.8575
   -7.5000   82.5000  -30.0000 2019.4551   11.9635
    0.0000   82.5000  -30.0000 2027.2122   11.9533
    7.5000   82.5000  -30.0000 2012.4108   12.0924
   -7.5000   -7.5000  -22.5000 2371.2593   12.6146
    0.0000   -7.5000  -22.5000 2383.4612   12.6032
    7.5000   -7.5000  -22.5000 2362.4417   12.8116
   -7.5000    0.0000  -22.5000 2491.7236   11.3361
    0.0000    0.0000  -22.5000 2504.5071   11.3359
    7.5000    0.0000  -22.5000 2483.5779   11.5248
   -7.5000    7.5000  -22.5000 2605.6841   10.3425
    0.0000    7.5000  -22.5000 2619.4131   10.3358
    7.5000    7.5000  -22.5000 2595.4351   10.5144
   -7.5000   15.0000  -22.5000 2697.4497    9.5564
    0.0000   15.0000  -22.5000 2714.9221    9.5390
    7.5000   15.0000  -22.5000 2691.6499    9.7276
   -7.5000   22.5000  -22.5000 2774.0928    9.0333
    0.0000   22.5000  -22.5000 2790.6956    9.0030
    7.5000   22.5000  -22.5000 2766.2415    9.1921
   -7.5000   30.0000  -22.5000 2824.1079    8.7319
    0.0000   30.0000  -22.5000 2846.3486    8.6694
    7.5000   30.0000  -22.5000 2813.7754    8.8815
   -7.5000   37.5000  -22.5000 2864.1968    8.6474
    0.0000   37.5000  -22.5000 2877.9924    8.5878
    7.5000   37.5000  -22.5000 2838.1960    8.8085
   -7.5000   45.0000  -22.5000 2840.1531    8.9266
    0.0000   45.0000  -22.5000 2852.7051    8.8744
    7.5000   45.0000  -22.5000 2818.6953    9.0574
   -7.5000   52.5000  -22.5000 2754.3027    9.2802
    0.0000   52.5000  -22.5000 2767.7468    9.2275
    7.5000   52.5000  -22.5000 2741.1370    9.3974
   -7.5000   60.0000  -22.5000 2604.6379    9.6515
    0.0000   60.0000  -22.5000 2614.9893    9.6027
    7.5000   60.0000  -22.5000 2590.0496    9.7985
   -7.5000   67.5000  -22.5000 2424.1448   10.0608
    0.0000   67.5000  -22.5000 2430.0603   10.0110
    7.5000   67.5000  -22.5000 2407.3025   10.2055
   -7.5000   75.0000  -22.5000 2211.6770   10.5085
    0.0000   75.0000  -22.5000 2218.3049   10.4574
    7.5000   75.0000  -22.5000 2194.9517   10.6485
   -7.5000   82.5000  -22.5000 2078.2336   11.7210
    0.0000   82.5000  -22.5000 2084.7256   11.6685
    7.5000   82.5000  -22.5000 2064.1892   11.8605
   -7.5000   -7.5000  -15.0000 2387.2383   12.5378
    0.0000   -7.5000  -15.0000 2398.3621   12.5184
    7.5000   -7.5000  -15.0000 2379.7603   12.7247
   -7.5000    0.0000  -15.0000 2506.9915   11.2155
    0.0000    0.0000  -15.0000 2520.1335   11.2120
    7.5000    0.0000  -15.0000 2495.2651   11.4016
   -7.5000    7.5000  -15.0000 2619.5408   10.1950
    0.0000    7.5000  -15.0000 2634.1255   10.1882
    7.5000    7.5000  -15.0000 2607.9338   10.3839
   -7.5000   15.0000  -15.0000 2719.8494    9.4015
    0.0000   15.0000  -15.0000 2734.9094    9.3958
    7.5000   15.0000  -15.0000 2710.8777    9.6020
   -7.5000   22.5000  -15.0000 2814.3191    8.8756
    0.0000   22.5000  -15.0000 2831.0515    8.8671
    7.5000   22.5000  -15.0000 2803.9656    9.0567
   -7.5000   30.0000  -15.0000 2880.9902    8.6045
    0.0000   30.0000  -15.0000 2907.3923    8.5580
    7.5000   30.0000  -15.0000 2871.0906    8.7474
   -7.5000   37.5000  -15.0000 2927.4595    8.5409
    0.0000   37.5000  -15.0000 2951.7976    8.4293
    7.5000   37.5000  -15.0000 2899.0044    8.6954
   -7.5000   45.0000  -15.0000 2899.3113    8.8172
    0.0000   45.0000  -15.0000 2910.1423    8.7241
    7.5000   45.0000  -15.0000 2872.9878    8.9492
   -7.5000   52.5000  -15.0000 2803.5107    9.1400
    0.0000   52.5000  -15.0000 2816.3550    9.0800
    7.5000   52.5000  -15.0000 2784.2148    9.2702
   -7.5000   60.0000  -15.0000 2647.0332    9.4773
    0.0000   60.0000  -15.0000 2662.4077    9.4317
    7.5000   60.0000  -15.0000 2632.7388    9.6262
   -7.5000   67.5000  -15.0000 2455.7825    9.8831
    0.0000   67.5000  -15.0000 2468.9578    9.8432
    7.5000   67.5000  -15.0000 2442.1487   10.0246
   -7.5000   75.0000  -15.0000 2239.9236   10.3366
    0.0000   75.0000  -15.0000 2249.1870   10.3101
    7.5000   75.0000  -15.0000 2227.3455   10.4568
   -7.5000   82.5000  -15.0000 2102.8391   11.5533
    0.0000   82.5000  -15.0000 2111.4875   11.5315
    7.5000   82.5000  -15.0000 2094.4136   11.6718
   -7.5000   -7.5000   -7.5000 2381.6809   12.5149
    0.0000   -7.5000   -7.5000 2395.8164   12.4792
    7.5000   -7.5000   -7.5000 2373.1545   12.7351
   -7.5000    0.0000   -7.5000 2502.0115   11.1603
    0.0000    0.0000   -7.5000 2513.6760   11.1448
    7.5000    0.0000   -7.5000 2487.9802   11.3770
   -7.5000    7.5000   -7.5000 2616.4302   10.1236
    0.0000    7.5000   -7.5000 2628.9956   10.1040
    7.5000    7.5000   -7.5000 2599.7822   10.3449
   -7.5000   15.0000   -7.5000 2722.3975    9.3284
    0.0000   15.0000   -7.5000 2734.9678    9.2886
    7.5000   15.0000   -7.5000 2710.0842    9.5544
   -7.5000   22.5000   -7.5000 2825.7627    8.8480
    0.0000   22.5000   -7.5000 2838.5488    8.8164
    7.5000   22.5000   -7.5000 2810.5046    9.0489
   -7.5000   30.0000   -7.5000 2909.1160    8.7011
    0.0000   30.0000   -7.5000 2936.9302    8.7013
    7.5000   30.0000   -7.5000 2894.9714    8.8272
   -7.5000   37.5000   -7.5000 2958.6138    8.6690
    0.0000   37.5000   -7.5000 2997.8333    8.6471
    7.5000   37.5000   -7.5000 2935.4937    8.8129
   -7.5000   45.0000   -7.5000 2928.4814    8.8303
    0.0000   45.0000   -7.5000 2951.5938    8.7871
    7.5000   45.0000   -7.5000 2899.4185    8.9872
   -7.5000   52.5000   -7.5000 2820.0391    9.1009
    0.0000   52.5000   -7.5000 2836.0264    9.0812
    7.5000   52.5000   -7.5000 2795.7148    9.2398
   -7.5000   60.0000   -7.5000 2655.8704    9.3926
    0.0000   60.0000   -7.5000 2671.0217    9.3737
    7.5000   60.0000   -7.5000 2641.3726    9.5262
   -7.5000   67.5000   -7.5000 2460.5381    9.7830
    0.0000   67.5000   -7.5000 2473.3115    9.7690
    7.5000   67.5000   -7.5000 2451.8730    9.9066
   -7.5000   75.0000   -7.5000 2244.0542   10.2257
    0.0000   75.0000   -7.5000 2253.1233   10.2112
    7.5000   75.0000   -7.5000 2236.8909   10.3387
   -7.5000   82.5000   -7.5000 2108.2461   11.4324
    0.0000   82.5000   -7.5000 2118.1594   11.4187
    7.5000   82.5000   -7.5000 2101.1384   11.5697
   -7.5000   -7.5000    0.0000 2366.3704   12.6873
    0.0000   -7.5000    0.0000 2385.4851   12.6107
    7.5000   -7.5000    0.0000 2358.4370   12.9379
   -7.5000    0.0000    0.0000 2485.3611   11.3196
    0.0000    0.0000    0.0000 2500.0784   11.2402
    7.5000    0.0000    0.0000 2471.8071   11.5430
   -7.5000    7.5000    0.0000 2601.9155   10.2932
    0.0000    7.5000    0.0000 2611.9373   10.2151
    7.5000    7.5000    0.0000 2584.2808   10.4990
   -7.5000   15.0000    0.0000 2704.4187    9.5066
    0.0000   15.0000    0.0000 2719.8250    9.4637
    7.5000   15.0000    0.0000 2688.5635    9.7328
   -7.5000   22.5000    0.0000 2811.9204    9.0468
    0.0000   22.5000    0.0000 2829.8379    9.0335
    7.5000   22.5000    0.0000 2790.7266    9.2441
   -7.5000   30.0000    0.0000 2900.0493    8.8662
    0.0000   30.0000    0.0000 2930.8940    8.9002
    7.5000   30.0000    0.0000 2877.8884    9.0141
   -7.5000   37.5000    0.0000 2946.0420    8.8544
    0.0000   37.5000    0.0000 2979.4216    8.8964
    7.5000   37.5000    0.0000 2918.4421    9.0524
   -7.5000   45.0000    0.0000 2908.9358    9.0423
    0.0000   45.0000    0.0000 2940.0605    9.0669
    7.5000   45.0000    0.0000 2880.4075    9.2528
   -7.5000   52.5000    0.0000 2802.7021    9.2297
    0.0000   52.5000    0.0000 2823.5566    9.2504
    7.5000   52.5000    0.0000 2777.7642    9.4006
   -7.5000   60.0000    0.0000 2636.3777    9.5138
    0.0000   60.0000    0.0000 2650.6333    9.4872
    7.5000   60.0000    0.0000 2622.7869    9.6391
   -7.5000   67.5000    0.0000 2443.2688    9.8791
    0.0000   67.5000    0.0000 2456.1741    9.8360
    7.5000   67.5000    0.0000 2435.0308    9.9756
   -7.5000   75.0000    0.0000 2233.2393   10.2814
    0.0000   75.0000    0.0000 2243.0708   10.2306
    7.5000   75.0000    0.0000 2226.7124   10.3739
   -7.5000   82.5000    0.0000 2103.0334   11.4498
    0.0000   82.5000    0.0000 2114.4724   11.4077
    7.5000   82.5000    0.0000 2091.0381   11.5807
   -7.5000   -7.5000    7.5000 2345.1008   13.0606
    0.0000   -7.5000    7.5000 2361.8149   12.9977
    7.5000   -7.5000    7.5000 2334.3403   13.3058
   -7.5000    0.0000    7.5000 2463.7666   11.7124
    0.0000    0.0000    7.5000 2480.9272   11.6702
    7.5000    0.0000    7.5000 2447.1724   11.9633
   -7.5000    7.5000    7.5000 2578.2090   10.7051
    0.0000    7.5000    7.5000 2594.3479   10.6906
    7.5000    7.5000    7.5000 2557.1655   10.9642
   -7.5000   15.0000    7.5000 2679.9304    9.9401
    0.0000   15.0000    7.5000 2699.4185    9.9390
    7.5000   15.0000    7.5000 2656.8921   10.1895
   -7.5000   22.5000    7.5000 2780.9338    9.4635
    0.0000   22.5000    7.5000 2798.4214    9.4408
    7.5000   22.5000    7.5000 2758.1230    9.6401
   -7.5000   30.0000    7.5000 2856.6526    9.1569
    0.0000   30.0000    7.5000 2879.9573    9.1245
    7.5000   30.0000    7.5000 2832.2549    9.3272
   -7.5000   37.5000    7.5000 2892.5247    9.0655
    0.0000   37.5000    7.5000 2909.2126    9.0042
    7.5000   37.5000    7.5000 2866.4626    9.2669
   -7.5000   45.0000    7.5000 2855.0046    9.2688
    0.0000   45.0000    7.5000 2873.5769    9.2278
    7.5000   45.0000    7.5000 2831.1086    9.4277
   -7.5000   52.5000    7.5000 2754.6165    9.5730
    0.0000   52.5000    7.5000 2773.7361    9.5423
    7.5000   52.5000    7.5000 2733.3347    9.7215
   -7.5000   60.0000    7.5000 2592.4573    9.8845
    0.0000   60.0000    7.5000 2608.9827    9.8672
    7.5000   60.0000    7.5000 2580.0652   10.0344
   -7.5000   67.5000    7.5000 2411.6687   10.1789
    0.0000   67.5000    7.5000 2423.4109   10.1674
    7.5000   67.5000    7.5000 2400.2656   10.3052
   -7.5000   75.0000    7.5000 2210.3489   10.5015
    0.0000   75.0000    7.5000 2219.9412   10.4811
    7.5000   75.0000    7.5000 2197.6619   10.6089
   -7.5000   82.5000    7.5000 2082.6270   11.6093
    0.0000   82.5000    7.5000 2094.1765   11.6043
    7.5000   82.5000    7.5000 2069.4390   11.7460
   -7.5000   -7.5000   15.0000 2311.1560   13.6315
    0.0000   -7.5000   15.0000 2323.8523   13.6078
    7.5000   -7.5000   15.0000 2295.4485   13.8971
   -7.5000    0.0000   15.0000 2435.8689   12.2765
    0.0000    0.0000   15.0000 2452.3672   12.2665
    7.5000    0.0000   15.0000 2411.1289   12.5589
   -7.5000    7.5000   15.0000 2547.6267   11.2546
    0.0000    7.5000   15.0000 2565.2695   11.2366
    7.5000    7.5000   15.0000 2520.7715   11.5247
   -7.5000   15.0000   15.0000 2649.2673   10.4731
    0.0000   15.0000   15.0000 2662.1167   10.4638
    7.5000   15.0000   15.0000 2622.4099   10.7120
   -7.5000   22.5000   15.0000 2737.2190    9.9458
    0.0000   22.5000   15.0000 2749.9114    9.9121
    7.5000   22.5000   15.0000 2712.6770   10.1307
   -7.5000   30.0000   15.0000 2796.1814    9.5770
    0.0000   30.0000   15.0000 2810.7537    9.5169
    7.5000   30.0000   15.0000 2765.8198    9.7756
   -7.5000   37.5000   15.0000 2822.9761    9.4462
    0.0000   37.5000   15.0000 2825.7390    9.3879
    7.5000   37.5000   15.0000 2792.0410    9.6488
   -7.5000   45.0000   15.0000 2785.3743    9.6260
    0.0000   45.0000   15.0000 2795.5886    9.5663
    7.5000   45.0000   15.0000 2761.5920    9.7940
   -7.5000   52.5000   15.0000 2692.4514    9.9492
    0.0000   52.5000   15.0000 2707.1213    9.8811
    7.5000   52.5000   15.0000 2671.3645   10.0868
   -7.5000   60.0000   15.0000 2535.8142   10.3125
    0.0000   60.0000   15.0000 2547.0591   10.2623
    7.5000   60.0000   15.0000 2524.7195   10.4296
   -7.5000   67.5000   15.0000 2363.1519   10.6115
    0.0000   67.5000   15.0000 2374.4756   10.5949
    7.5000   67.5000   15.0000 2350.9207   10.7529
   -7.5000   75.0000   15.0000 2172.1890   10.9080
    0.0000   75.0000   15.0000 2184.4604   10.8905
    7.5000   75.0000   15.0000 2157.9082   11.0323
   -7.5000   82.5000   15.0000 2045.8480   12.0010
    0.0000   82.5000   15.0000 2061.0227   11.9943
    7.5000   82.5000   15.0000 2037.8645   12.1262
   -7.5000   -7.5000   22.5000 2267.4890   14.4074
    0.0000   -7.5000   22.5000 2275.9126   14.3864
    7.5000   -7.5000   22.5000 2252.0063   14.7001
   -7.5000    0.0000   22.5000 2395.2729   12.9849
    0.0000    0.0000   22.5000 2407.7795   12.9589
    7.5000    0.0000   22.5000 2371.1160   13.2612
   -7.5000    7.5000   22.5000 2502.7520   11.9257
    0.0000    7.5000   22.5000 2514.6838   11.9015
    7.5000    7.5000   22.5000 2476.3960   12.1725
   -7.5000   15.0000   22.5000 2600.4651   11.1201
    0.0000   15.0000   22.5000 2609.3638   11.1051
    7.5000   15.0000   22.5000 2571.1169   11.3521
   -7.5000   22.5000   22.5000 2680.1990   10.5344
    0.0000   22.5000   22.5000 2689.4082   10.5085
    7.5000   22.5000   22.5000 2651.1228   10.7501
   -7.5000   30.0000   22.5000 2724.8982   10.1774
    0.0000   30.0000   22.5000 2737.4136   10.1573
    7.5000   30.0000   22.5000 2696.6255   10.4021
   -7.5000   37.5000   22.5000 2739.1841   10.0568
    0.0000   37.5000   22.5000 2746.3384   10.0446
    7.5000   37.5000   22.5000 2711.3416   10.2613
   -7.5000   45.0000   22.5000 2700.9243   10.2081
    0.0000   45.0000   22.5000 2714.3689   10.1787
    7.5000   45.0000   22.5000 2678.7549   10.3718
   -7.5000   52.5000   22.5000 2618.0525   10.4899
    0.0000   52.5000   22.5000 2627.9434   10.4490
    7.5000   52.5000   22.5000 2597.6890   10.6437
   -7.5000   60.0000   22.5000 2470.1282   10.8237
    0.0000   60.0000   22.5000 2480.4219   10.7654
    7.5000   60.0000   22.5000 2456.1292   10.9537
   -7.5000   67.5000   22.5000 2306.5674   11.0911
    0.0000   67.5000   22.5000 2316.2444   11.0582
    7.5000   67.5000   22.5000 2293.1575   11.2304
   -7.5000   75.0000   22.5000 2124.5706   11.3916
    0.0000   75.0000   22.5000 2136.7202   11.3770
    7.5000   75.0000   22.5000 2111.4114   11.5268
   -7.5000   82.5000   22.5000 1996.6497   12.5295
    0.0000   82.5000   22.5000 2011.8057   12.5089
    7.5000   82.5000   22.5000 1989.6484   12.6536
   -7.5000   -7.5000   30.0000 2217.7180   15.4152
    0.0000   -7.5000   30.0000 2225.8110   15.3670
    7.5000   -7.5000   30.0000 2200.0974   15.7034
   -7.5000    0.0000   30.0000 2340.3706   13.9078
    0.0000    0.0000   30.0000 2350.2317   13.8587
    7.5000    0.0000   30.0000 2318.0627   14.1769
   -7.5000    7.5000   30.0000 2442.3945   12.7719
    0.0000    7.5000   30.0000 2450.1357   12.7537
    7.5000    7.5000   30.0000 2416.3225   13.0278
   -7.5000   15.0000   30.0000 2532.4622   11.9277
    0.0000   15.0000   30.0000 2537.7126   11.9208
    7.5000   15.0000   30.0000 2504.4597   12.1835
   -7.5000   22.5000   30.0000 2602.0083   11.3358
    0.0000   22.5000   30.0000 2610.8364   11.3193
    7.5000   22.5000   30.0000 2574.0413   11.5617
   -7.5000   30.0000   30.0000 2639.0979   10.9659
    0.0000   30.0000   30.0000 2646.7478   10.9821
    7.5000   30.0000   30.0000 2615.6257   11.1912
   -7.5000   37.5000   30.0000 2641.6599   10.8536
    0.0000   37.5000   30.0000 2652.3635   10.8405
    7.5000   37.5000   30.0000 2617.4312   11.0559
   -7.5000   45.0000   30.0000 2607.9058   10.9372
    0.0000   45.0000   30.0000 2620.9519   10.9264
    7.5000   45.0000   30.0000 2589.8955   11.1090
   -7.5000   52.5000   30.0000 2533.4019   11.1949
    0.0000   52.5000   30.0000 2542.6980   11.1749
    7.5000   52.5000   30.0000 2512.7295   11.3773
   -7.5000   60.0000   30.0000 2400.3872   11.4917
    0.0000   60.0000   30.0000 2411.6460   11.4685
    7.5000   60.0000   30.0000 2383.8596   11.6660
   -7.5000   67.5000   30.0000 2244.5105   11.7431
    0.0000   67.5000   30.0000 2255.5476   11.7022
    7.5000   67.5000   30.0000 2228.8547   11.8996
   -7.5000   75.0000   30.0000 2064.4211   11.9867
    0.0000   75.0000   30.0000 2074.2021   11.9713
    7.5000   75.0000   30.0000 2049.8193   12.1424
   -7.5000   82.5000   30.0000 1939.7073   13.1710
    0.0000   82.5000   30.0000 1952.6320   13.1278
    7.5000   82.5000   30.0000 1929.7275   13.2950
   -7.5000   -7.5000   37.5000 2152.2942   16.6830
    0.0000   -7.5000   37.5000 2162.0107   16.6515
    7.5000   -7.5000   37.5000 2132.4006   17.0006
   -7.5000    0.0000   37.5000 2270.0193   15.0510
    0.0000    0.0000   37.5000 2282.8931   15.0413
    7.5000    0.0000   37.5000 2247.5925   15.3309
   -7.5000    7.5000   37.5000 2370.0874   13.8674
    0.0000    7.5000   37.5000 2379.2839   13.8666
    7.5000    7.5000   37.5000 2344.5520   14.1154
   -7.5000   15.0000   37.5000 2451.7168   12.9819
    0.0000   15.0000   37.5000 2459.4321   12.9792
    7.5000   15.0000   37.5000 2427.2998   13.2229
   -7.5000   22.5000   37.5000 2510.1658   12.3578
    0.0000   22.5000   37.5000 2521.8547   12.3448
    7.5000   22.5000   37.5000 2488.2197   12.5760
   -7.5000   30.0000   37.5000 2539.3103   11.9545
    0.0000   30.0000   37.5000 2547.6113   11.9724
    7.5000   30.0000   37.5000 2519.8618   12.1564
   -7.5000   37.5000   37.5000 2539.3479   11.8201
    0.0000   37.5000   37.5000 2552.6907   11.7976
    7.5000   37.5000   37.5000 2520.6890   11.9948
   -7.5000   45.0000   37.5000 2511.3035   11.8557
    0.0000   45.0000   37.5000 2525.4575   11.8497
    7.5000   45.0000   37.5000 2496.1685   12.0271
   -7.5000   52.5000   37.5000 2439.1118   12.0944
    0.0000   52.5000   37.5000 2450.9033   12.0801
    7.5000   52.5000   37.5000 2423.7988   12.2894
   -7.5000   60.0000   37.5000 2325.3032   12.3399
    0.0000   60.0000   37.5000 2339.6008   12.3074
    7.5000   60.0000   37.5000 2306.9214   12.5453
   -7.5000   67.5000   37.5000 2172.0750   12.5723
    0.0000   67.5000   37.5000 2184.3630   12.5165
    7.5000   67.5000   37.5000 2159.0803   12.7443
   -7.5000   75.0000   37.5000 1996.6332   12.7813
    0.0000   75.0000   37.5000 2005.6184   12.7536
    7.5000   75.0000   37.5000 1987.1869   12.9254
   -7.5000   82.5000   37.5000 1873.8372   13.9959
    0.0000   82.5000   37.5000 1881.6433   13.9362
    7.5000   82.5000   37.5000 1867.7076   14.1333
   -7.5000   -7.5000   45.0000 2073.8242   18.2380
    0.0000   -7.5000   45.0000 2085.7151   18.2629
    7.5000   -7.5000   45.0000 2056.9771   18.6043
   -7.5000    0.0000   45.0000 2186.7314   16.4833
    0.0000    0.0000   45.0000 2201.8477   16.5110
    7.5000    0.0000   45.0000 2166.0652   16.7892
   -7.5000    7.5000   45.0000 2284.3337   15.1971
    0.0000    7.5000   45.0000 2292.6831   15.1978
    7.5000    7.5000   45.0000 2261.8835   15.4524
   -7.5000   15.0000   45.0000 2362.1909   14.2798
    0.0000   15.0000   45.0000 2369.7344   14.2351
    7.5000   15.0000   45.0000 2342.6731   14.4951
   -7.5000   22.5000   45.0000 2410.0061   13.5811
    0.0000   22.5000   45.0000 2419.5320   13.5563
    7.5000   22.5000   45.0000 2393.8235   13.7799
   -7.5000   30.0000   45.0000 2434.4583   13.1363
    0.0000   30.0000   45.0000 2440.9661   13.1311
    7.5000   30.0000   45.0000 2417.0161   13.3395
   -7.5000   37.5000   45.0000 2434.3660   12.9525
    0.0000   37.5000   45.0000 2447.0789   12.9211
    7.5000   37.5000   45.0000 2417.1577   13.1258
   -7.5000   45.0000   45.0000 2413.7017   12.9417
    0.0000   45.0000   45.0000 2425.8870   12.9245
    7.5000   45.0000   45.0000 2398.3474   13.1231
   -7.5000   52.5000   45.0000 2343.1587   13.1731
    0.0000   52.5000   45.0000 2351.9734   13.1442
    7.5000   52.5000   45.0000 2328.2832   13.3726
   -7.5000   60.0000   45.0000 2234.2505   13.3863
    0.0000   60.0000   45.0000 2246.3191   13.3598
    7.5000   60.0000   45.0000 2221.5303   13.5823
   -7.5000   67.5000   45.0000 2090.3691   13.5762
    0.0000   67.5000   45.0000 2102.9434   13.5081
    7.5000   67.5000   45.0000 2078.3965   13.7631
   -7.5000   75.0000   45.0000 1919.9221   13.7605
    0.0000   75.0000   45.0000 1926.2429   13.6924
    7.5000   75.0000   45.0000 1910.4454   13.9213
   -7.5000   82.5000   45.0000 1800.7814   15.0569
    0.0000   82.5000   45.0000 1803.9803   14.9881
    7.5000   82.5000   45.0000 1797.5011   15.2214

---------------------------------------------------------------------
imgreg_4dfp /opt/freesurfer/average/711-2C_as_mni_average_305 /opt/freesurfer/average/711-2B_as_mni_average_305_mask talsrcimg_g11 none talsrcimg_to_711-2C_as_mni_average_305_t4 1283
---------------------------------------------------------------------

freesurfer imgreg_4dfp.c
/opt/freesurfer/average/711-2C_as_mni_average_305.4dfp.img
       256       256       256         1
  1.000000  1.000000  1.000000
orientation T byte_order littleendian
Reading image: /opt/freesurfer/average/711-2C_as_mni_average_305.4dfp.img
dimensions:      256       256       256
mmppix:       1.0000   -1.0000   -1.0000
center:     128.0000 -129.0000 -129.0000
/opt/freesurfer/average/711-2B_as_mni_average_305_mask.4dfp.img
       256       256       256         1
  1.000000  1.000000  1.000000
orientation T byte_order littleendian
Reading mask: /opt/freesurfer/average/711-2B_as_mni_average_305_mask.4dfp.img (2306576 pixels)
talsrcimg_g11.4dfp.img
       256       256       256         1
  1.000000  1.000000  1.000000
orientation T byte_order littleendian
Reading image: talsrcimg_g11.4dfp.img
dimensions:      256       256       256
mmppix:       1.0000   -1.0000   -1.0000
center:     128.0000 -129.0000 -129.0000
rotation matrix determinant  1.000000
fimgreg.f
image alignment mode   1283 decimal      503 hex
parameters
    0.0000   37.5000   -7.5000    0.0000    0.0000    0.0000
eta,q 0.93977  8.64960
niter,ni,del,rscale     5    3   12.0000    1.2000
parameter  3 -0.515846 -> -0.500000 qaram    1.1500
parameters
   -0.6731   37.4636   -4.0500   -0.1078    1.0631    0.7858
eta,q 0.94199  8.72163
  0.0715  0.0709  0.0705  0.0659  0.0698  0.0661
  0.0677  0.0650  0.0663  0.0620  0.0650  0.0627
  0.0622  0.0611  0.0626  0.0595  0.0607  0.0598
  0.0607  0.0602  0.0602  0.0584  0.0584  0.0581
  0.0653  0.0617  0.0585  0.0593  0.0585  0.0584
  0.0714  0.0656  0.0583  0.0625  0.0608  0.0604
  0.0768  0.0706  0.0602  0.0665  0.0641  0.0630
niter,ni,del,rscale     5    3   12.0000    1.2000
parameters
   -1.1987   37.7786   -4.7590   -0.5193    1.6836    0.8657
eta,q 0.94221  8.71363
  0.0685  0.0715  0.0654  0.0643  0.0682  0.0643
  0.0645  0.0649  0.0613  0.0604  0.0636  0.0609
  0.0597  0.0598  0.0585  0.0585  0.0597  0.0586
  0.0580  0.0579  0.0580  0.0579  0.0579  0.0578
  0.0617  0.0598  0.0602  0.0589  0.0585  0.0588
  0.0671  0.0637  0.0638  0.0620  0.0611  0.0611
  0.0723  0.0685  0.0690  0.0662  0.0648  0.0636
niter,ni,del,rscale     4    3   12.0000    1.2000
parameters
   -1.4587   38.0393   -4.8575   -0.7874    1.9738    0.8436
eta,q 0.94211  8.71623
  0.0691  0.0705  0.0672  0.0642  0.0674  0.0641
  0.0652  0.0639  0.0622  0.0604  0.0628  0.0607
  0.0603  0.0593  0.0590  0.0584  0.0592  0.0585
  0.0578  0.0578  0.0579  0.0579  0.0579  0.0579
  0.0607  0.0594  0.0595  0.0586  0.0590  0.0590
  0.0662  0.0632  0.0629  0.0614  0.0619  0.0612
  0.0714  0.0679  0.0674  0.0655  0.0655  0.0638
niter,ni,del,rscale     3    3   12.0000    1.2000
parameters
   -1.5910   38.1888   -4.9190   -0.9518    2.1235    0.8177
eta,q 0.94203  8.71680
  0.0694  0.0700  0.0675  0.0643  0.0671  0.0642
  0.0654  0.0633  0.0623  0.0605  0.0625  0.0607
  0.0607  0.0590  0.0590  0.0585  0.0591  0.0585
  0.0579  0.0579  0.0580  0.0580  0.0580  0.0580
  0.0603  0.0596  0.0595  0.0585  0.0593  0.0591
  0.0657  0.0633  0.0628  0.0610  0.0623  0.0612
  0.0709  0.0681  0.0674  0.0651  0.0658  0.0638
niter,ni,del,rscale     2    3   12.0000    1.2000
parameters
   -1.6564   38.2770   -4.9523   -1.0484    2.1981    0.8053
eta,q 0.94198  8.71747
  0.0696  0.0697  0.0676  0.0643  0.0669  0.0642
  0.0656  0.0630  0.0624  0.0606  0.0623  0.0608
  0.0609  0.0589  0.0590  0.0585  0.0591  0.0586
  0.0580  0.0580  0.0580  0.0580  0.0580  0.0580
  0.0602  0.0597  0.0595  0.0584  0.0594  0.0591
  0.0654  0.0635  0.0628  0.0609  0.0625  0.0613
  0.0707  0.0681  0.0674  0.0648  0.0660  0.0638
niter,ni,del,rscale     1    3   12.0000    1.2000
parameters
   -1.6857   38.3267   -4.9713   -1.1044    2.2338    0.8004
eta,q 0.94195  8.71814
  0.0697  0.0695  0.0677  0.0643  0.0668  0.0643
  0.0657  0.0628  0.0624  0.0606  0.0622  0.0608
  0.0610  0.0588  0.0591  0.0586  0.0590  0.0586
  0.0580  0.0580  0.0580  0.0580  0.0580  0.0580
  0.0601  0.0597  0.0595  0.0584  0.0595  0.0591
  0.0653  0.0635  0.0628  0.0608  0.0626  0.0613
  0.0706  0.0682  0.0674  0.0647  0.0661  0.0638
registration optimization eta report
parameter search radius
    6.0000    6.0000    6.9000    6.0000    6.0000    6.0000
100000*second partial in parameter space
       32.       30.       20.       18.       23.       16.
  0.0697  0.0695  0.0677  0.0643  0.0668  0.0643
  0.0657  0.0628  0.0624  0.0606  0.0622  0.0608
  0.0610  0.0588  0.0591  0.0586  0.0590  0.0586
  0.0580  0.0580  0.0580  0.0580  0.0580  0.0580
  0.0601  0.0597  0.0595  0.0584  0.0595  0.0591
  0.0653  0.0635  0.0628  0.0608  0.0626  0.0613
  0.0706  0.0682  0.0674  0.0647  0.0661  0.0638
   -1.6857   38.3267   -4.9713   -1.1044    2.2338    0.8004
eta,q 0.94195  8.71814

---------------------------------------------------------------------
imgreg_4dfp /opt/freesurfer/average/711-2C_as_mni_average_305 /opt/freesurfer/average/711-2B_as_mni_average_305_mask talsrcimg_g11 none talsrcimg_to_711-2C_as_mni_average_305_t4 3335
---------------------------------------------------------------------

freesurfer imgreg_4dfp.c
/opt/freesurfer/average/711-2C_as_mni_average_305.4dfp.img
       256       256       256         1
  1.000000  1.000000  1.000000
orientation T byte_order littleendian
Reading image: /opt/freesurfer/average/711-2C_as_mni_average_305.4dfp.img
dimensions:      256       256       256
mmppix:       1.0000   -1.0000   -1.0000
center:     128.0000 -129.0000 -129.0000
/opt/freesurfer/average/711-2B_as_mni_average_305_mask.4dfp.img
       256       256       256         1
  1.000000  1.000000  1.000000
orientation T byte_order littleendian
Reading mask: /opt/freesurfer/average/711-2B_as_mni_average_305_mask.4dfp.img (2306576 pixels)
talsrcimg_g11.4dfp.img
       256       256       256         1
  1.000000  1.000000  1.000000
orientation T byte_order littleendian
Reading image: talsrcimg_g11.4dfp.img
dimensions:      256       256       256
mmppix:       1.0000   -1.0000   -1.0000
center:     128.0000 -129.0000 -129.0000
fimgreg.f
image alignment mode   3335 decimal      D07 hex
parameters
   -1.6857   38.3267   -4.9713   -0.0857   -0.0273   -0.0946
   -1.3216   -3.9235    1.3959    1.8728    3.8977   -1.9260
eta,q 0.94217  8.75226
niter,ni,del,rscale     5    3    5.0000    1.2000
parameter  4  1.798569 ->  0.500000 qaram    1.1500
parameter  5  1.621468 ->  0.500000 qaram    1.1500
parameter  6  0.952884 ->  0.500000 qaram    1.1500
parameter 11  0.528008 ->  0.500000 qaram    1.1500
parameter 12  0.813127 ->  0.500000 qaram    1.1500
parameters
   -1.8497   38.7508   -5.1833   -4.2257   -4.1673   -4.2346
   -0.7173   -3.1915    1.5123    0.4750   -0.2423   -6.0660
eta,q 0.95373  8.39708
  0.0596  0.0600  0.0589  0.0519  0.0478  0.0465  0.0498  0.0509  0.0488  0.0487  0.0471  0.0464
  0.0586  0.0590  0.0582  0.0532  0.0492  0.0472  0.0486  0.0493  0.0479  0.0477  0.0469  0.0463
  0.0580  0.0583  0.0578  0.0553  0.0510  0.0480  0.0477  0.0480  0.0474  0.0472  0.0469  0.0464
  0.0578  0.0578  0.0578  0.0578  0.0537  0.0496  0.0473  0.0473  0.0472  0.0472  0.0471  0.0469
  0.0582  0.0578  0.0580  0.0607  0.0573  0.0523  0.0474  0.0473  0.0473  0.0478  0.0475  0.0476
  0.0590  0.0582  0.0586  0.0644  0.0612  0.0561  0.0480  0.0482  0.0479  0.0490  0.0482  0.0484
  0.0602  0.0589  0.0594  0.0682  0.0653  0.0600  0.0491  0.0499  0.0488  0.0506  0.0491  0.0493
niter,ni,del,rscale     7    3    5.0000    1.2000
parameter  3  1.198614 ->  0.500000 qaram    1.1500
parameter  5  0.592984 ->  0.500000 qaram    1.3225
parameter  6  0.738314 ->  0.500000 qaram    1.3225
parameter 10 -0.587605 -> -0.500000 qaram    1.1500
parameters
   -1.9493   39.4295   -6.5633   -8.1444   -8.9283   -8.9956
   -0.2244   -3.1004    2.7843    4.6150    0.7271   -5.1956
eta,q 0.95931  7.80801
  0.0485  0.0493  0.0445  0.0451  0.0427  0.0405  0.0435  0.0439  0.0432  0.0449  0.0422  0.0427
  0.0472  0.0479  0.0447  0.0440  0.0425  0.0412  0.0425  0.0427  0.0424  0.0436  0.0415  0.0418
  0.0465  0.0469  0.0452  0.0437  0.0427  0.0422  0.0418  0.0418  0.0418  0.0425  0.0410  0.0410
  0.0463  0.0463  0.0461  0.0448  0.0437  0.0425  0.0415  0.0415  0.0415  0.0415  0.0407  0.0407
  0.0466  0.0461  0.0473  0.0469  0.0456  0.0432  0.0416  0.0418  0.0415  0.0408  0.0408  0.0408
  0.0475  0.0464  0.0486  0.0495  0.0489  0.0457  0.0421  0.0426  0.0418  0.0408  0.0411  0.0412
  0.0489  0.0471  0.0500  0.0532  0.0533  0.0498  0.0430  0.0438  0.0423  0.0413  0.0416  0.0421
niter,ni,del,rscale     7    3    5.0000    1.2000
parameter  5  0.509528 ->  0.500000 qaram    1.5209
parameter  6  0.681266 ->  0.500000 qaram    1.5209
parameters
   -1.8061   40.3821   -7.6171  -10.4923  -14.4034  -14.4707
   -1.1178   -3.1006    1.5090    6.1071    1.0357   -4.5308
eta,q 0.96165  7.19454
  0.0435  0.0439  0.0407  0.0410  0.0402  0.0387  0.0396  0.0406  0.0391  0.0411  0.0394  0.0396
  0.0420  0.0425  0.0403  0.0408  0.0398  0.0385  0.0389  0.0395  0.0387  0.0396  0.0388  0.0389
  0.0411  0.0414  0.0402  0.0405  0.0398  0.0386  0.0385  0.0387  0.0384  0.0387  0.0385  0.0385
  0.0407  0.0407  0.0404  0.0402  0.0405  0.0398  0.0384  0.0384  0.0384  0.0384  0.0383  0.0383
  0.0409  0.0404  0.0409  0.0407  0.0418  0.0410  0.0387  0.0387  0.0387  0.0384  0.0384  0.0384
  0.0416  0.0405  0.0417  0.0422  0.0437  0.0424  0.0394  0.0395  0.0392  0.0387  0.0388  0.0387
  0.0429  0.0411  0.0430  0.0440  0.0472  0.0452  0.0404  0.0407  0.0399  0.0396  0.0393  0.0392
niter,ni,del,rscale     7    3    5.0000    1.2000
parameter  2 -0.660277 -> -0.500000 qaram    1.1500
parameter 10 -0.609119 -> -0.500000 qaram    1.3225
parameters
   -1.9896   41.7621   -8.8578  -12.9971  -18.1376  -18.3518
   -0.6821   -3.3950    1.6116   10.8681   -0.1001   -1.8860
eta,q 0.96354  6.89328
  0.0399  0.0415  0.0379  0.0377  0.0382  0.0381  0.0385  0.0387  0.0384  0.0403  0.0373  0.0380
  0.0390  0.0401  0.0375  0.0373  0.0373  0.0373  0.0378  0.0377  0.0376  0.0389  0.0368  0.0373
  0.0384  0.0391  0.0375  0.0374  0.0370  0.0370  0.0372  0.0371  0.0371  0.0378  0.0366  0.0368
  0.0383  0.0383  0.0378  0.0374  0.0374  0.0370  0.0370  0.0370  0.0370  0.0370  0.0366  0.0365
  0.0387  0.0379  0.0384  0.0374  0.0382  0.0383  0.0371  0.0373  0.0371  0.0366  0.0368  0.0365
  0.0394  0.0377  0.0392  0.0382  0.0397  0.0404  0.0375  0.0380  0.0376  0.0366  0.0372  0.0366
  0.0405  0.0379  0.0403  0.0398  0.0417  0.0428  0.0382  0.0390  0.0383  0.0367  0.0378  0.0368
niter,ni,del,rscale     7    3    5.0000    1.2000
parameter  2 -0.593968 -> -0.500000 qaram    1.3225
parameters
   -2.1106   43.3491   -9.5019  -14.5821  -21.4398  -20.9253
   -0.4676   -3.2529    1.6104   13.3558   -0.0925   -2.5964
eta,q 0.96505  6.69362
  0.0380  0.0402  0.0364  0.0366  0.0369  0.0365  0.0368  0.0369  0.0368  0.0385  0.0360  0.0358
  0.0371  0.0386  0.0360  0.0358  0.0358  0.0356  0.0359  0.0360  0.0359  0.0370  0.0354  0.0353
  0.0366  0.0373  0.0358  0.0355  0.0352  0.0351  0.0353  0.0353  0.0352  0.0358  0.0351  0.0350
  0.0365  0.0365  0.0358  0.0358  0.0356  0.0352  0.0350  0.0350  0.0350  0.0350  0.0350  0.0350
  0.0367  0.0360  0.0361  0.0361  0.0367  0.0359  0.0352  0.0352  0.0353  0.0350  0.0351  0.0352
  0.0373  0.0358  0.0366  0.0365  0.0383  0.0372  0.0358  0.0358  0.0359  0.0354  0.0354  0.0355
  0.0384  0.0361  0.0373  0.0374  0.0404  0.0388  0.0366  0.0368  0.0368  0.0362  0.0360  0.0360
niter,ni,del,rscale     7    3    5.0000    1.2000
parameters
   -2.0775   44.1906   -9.6358  -14.7405  -22.1810  -21.7813
   -0.5280   -3.0177    1.3147   14.2777    0.1660   -3.3249
eta,q 0.96523  6.66429
  0.0368  0.0387  0.0356  0.0363  0.0375  0.0368  0.0365  0.0367  0.0364  0.0375  0.0358  0.0356
  0.0358  0.0370  0.0352  0.0355  0.0363  0.0358  0.0356  0.0358  0.0355  0.0362  0.0353  0.0351
  0.0352  0.0357  0.0349  0.0348  0.0352  0.0350  0.0350  0.0351  0.0349  0.0352  0.0349  0.0348
  0.0350  0.0350  0.0348  0.0348  0.0348  0.0348  0.0348  0.0348  0.0348  0.0348  0.0348  0.0348
  0.0352  0.0348  0.0349  0.0352  0.0354  0.0352  0.0350  0.0349  0.0351  0.0350  0.0349  0.0350
  0.0357  0.0352  0.0353  0.0356  0.0367  0.0364  0.0357  0.0355  0.0357  0.0357  0.0352  0.0354
  0.0367  0.0361  0.0358  0.0363  0.0385  0.0376  0.0365  0.0365  0.0366  0.0366  0.0357  0.0359
niter,ni,del,rscale     6    3    5.0000    1.2000
parameters
   -2.0378   44.4841   -9.8873  -14.6893  -22.2959  -22.1906
   -0.4871   -2.9049    1.1383   14.7693    0.2979   -3.7113
eta,q 0.96523  6.65959
  0.0366  0.0376  0.0355  0.0364  0.0377  0.0370  0.0365  0.0367  0.0364  0.0373  0.0358  0.0357
  0.0356  0.0361  0.0351  0.0355  0.0365  0.0359  0.0356  0.0357  0.0355  0.0360  0.0352  0.0351
  0.0350  0.0352  0.0348  0.0349  0.0354  0.0351  0.0350  0.0350  0.0349  0.0351  0.0349  0.0348
  0.0348  0.0348  0.0348  0.0348  0.0348  0.0348  0.0348  0.0348  0.0348  0.0348  0.0348  0.0348
  0.0350  0.0349  0.0349  0.0351  0.0351  0.0351  0.0350  0.0349  0.0350  0.0351  0.0349  0.0349
  0.0355  0.0356  0.0353  0.0356  0.0364  0.0362  0.0356  0.0356  0.0357  0.0357  0.0352  0.0353
  0.0364  0.0367  0.0358  0.0362  0.0381  0.0373  0.0364  0.0366  0.0365  0.0367  0.0357  0.0359
niter,ni,del,rscale     5    3    5.0000    1.2000
parameters
   -2.0367   44.6431  -10.0725  -14.6794  -22.3008  -22.4718
   -0.4252   -2.8456    1.0520   15.0638    0.3637   -3.9766
eta,q 0.96523  6.65722
  0.0365  0.0373  0.0355  0.0363  0.0378  0.0370  0.0365  0.0366  0.0365  0.0372  0.0357  0.0357
  0.0356  0.0359  0.0351  0.0355  0.0365  0.0359  0.0356  0.0357  0.0355  0.0359  0.0352  0.0352
  0.0350  0.0351  0.0348  0.0349  0.0354  0.0351  0.0350  0.0350  0.0349  0.0350  0.0349  0.0349
  0.0348  0.0348  0.0348  0.0348  0.0348  0.0348  0.0348  0.0348  0.0348  0.0348  0.0348  0.0348
  0.0350  0.0350  0.0349  0.0351  0.0351  0.0351  0.0350  0.0350  0.0350  0.0351  0.0349  0.0349
  0.0356  0.0357  0.0353  0.0356  0.0363  0.0361  0.0356  0.0356  0.0356  0.0358  0.0352  0.0353
  0.0365  0.0368  0.0358  0.0362  0.0380  0.0373  0.0364  0.0366  0.0365  0.0368  0.0357  0.0358
niter,ni,del,rscale     4    3    5.0000    1.2000
parameters
   -2.0416   44.7445  -10.1953  -14.6829  -22.2896  -22.6654
   -0.3822   -2.8147    0.9998   15.2638    0.4190   -4.1286
eta,q 0.96522  6.65601
  0.0365  0.0372  0.0356  0.0363  0.0378  0.0370  0.0365  0.0366  0.0365  0.0371  0.0357  0.0358
  0.0356  0.0359  0.0351  0.0355  0.0365  0.0360  0.0356  0.0357  0.0355  0.0359  0.0352  0.0352
  0.0350  0.0350  0.0348  0.0349  0.0354  0.0351  0.0350  0.0350  0.0350  0.0350  0.0349  0.0349
  0.0348  0.0348  0.0348  0.0348  0.0348  0.0348  0.0348  0.0348  0.0348  0.0348  0.0348  0.0348
  0.0350  0.0350  0.0349  0.0351  0.0351  0.0351  0.0350  0.0350  0.0350  0.0351  0.0349  0.0349
  0.0356  0.0357  0.0352  0.0356  0.0363  0.0361  0.0356  0.0356  0.0356  0.0358  0.0352  0.0353
  0.0365  0.0369  0.0358  0.0362  0.0380  0.0372  0.0365  0.0366  0.0365  0.0368  0.0357  0.0358
niter,ni,del,rscale     3    3    5.0000    1.2000
parameters
   -2.0487   44.8104  -10.2829  -14.6866  -22.2830  -22.8056
   -0.3509   -2.7918    0.9653   15.3945    0.4561   -4.2330
eta,q 0.96522  6.65497
  0.0365  0.0371  0.0356  0.0363  0.0378  0.0371  0.0365  0.0366  0.0365  0.0371  0.0357  0.0358
  0.0356  0.0358  0.0351  0.0355  0.0365  0.0360  0.0356  0.0357  0.0356  0.0358  0.0352  0.0352
  0.0350  0.0350  0.0349  0.0349  0.0354  0.0351  0.0350  0.0350  0.0350  0.0350  0.0349  0.0349
  0.0348  0.0348  0.0348  0.0348  0.0348  0.0348  0.0348  0.0348  0.0348  0.0348  0.0348  0.0348
  0.0350  0.0350  0.0349  0.0351  0.0351  0.0351  0.0350  0.0350  0.0350  0.0351  0.0349  0.0349
  0.0356  0.0358  0.0352  0.0356  0.0363  0.0361  0.0356  0.0356  0.0356  0.0358  0.0352  0.0353
  0.0365  0.0369  0.0357  0.0362  0.0380  0.0372  0.0365  0.0366  0.0365  0.0368  0.0357  0.0358
niter,ni,del,rscale     2    3    5.0000    1.2000
parameters
   -2.0535   44.8542  -10.3352  -14.6913  -22.2702  -22.9037
   -0.3326   -2.7848    0.9421   15.4870    0.4757   -4.3034
eta,q 0.96522  6.65471
  0.0365  0.0371  0.0356  0.0363  0.0378  0.0371  0.0365  0.0366  0.0365  0.0370  0.0357  0.0358
  0.0356  0.0358  0.0352  0.0355  0.0365  0.0360  0.0356  0.0357  0.0356  0.0358  0.0352  0.0352
  0.0350  0.0350  0.0349  0.0349  0.0354  0.0351  0.0350  0.0350  0.0350  0.0350  0.0349  0.0349
  0.0348  0.0348  0.0348  0.0348  0.0348  0.0348  0.0348  0.0348  0.0348  0.0348  0.0348  0.0348
  0.0350  0.0350  0.0349  0.0352  0.0351  0.0351  0.0350  0.0350  0.0350  0.0351  0.0349  0.0349
  0.0356  0.0358  0.0352  0.0356  0.0363  0.0360  0.0356  0.0356  0.0356  0.0358  0.0352  0.0353
  0.0365  0.0369  0.0357  0.0362  0.0380  0.0372  0.0365  0.0367  0.0365  0.0369  0.0357  0.0358
niter,ni,del,rscale     1    3    5.0000    1.2000
parameters
   -2.0557   44.8843  -10.3793  -14.6832  -22.2688  -22.9779
   -0.3238   -2.7775    0.9386   15.5486    0.4876   -4.3497
eta,q 0.96522  6.65445
  0.0365  0.0371  0.0356  0.0364  0.0378  0.0371  0.0365  0.0366  0.0365  0.0370  0.0357  0.0358
  0.0356  0.0358  0.0352  0.0355  0.0365  0.0360  0.0356  0.0357  0.0356  0.0358  0.0352  0.0352
  0.0350  0.0350  0.0349  0.0349  0.0354  0.0351  0.0350  0.0350  0.0350  0.0350  0.0349  0.0349
  0.0348  0.0348  0.0348  0.0348  0.0348  0.0348  0.0348  0.0348  0.0348  0.0348  0.0348  0.0348
  0.0350  0.0351  0.0349  0.0351  0.0351  0.0351  0.0350  0.0350  0.0350  0.0352  0.0349  0.0349
  0.0356  0.0358  0.0352  0.0356  0.0363  0.0360  0.0356  0.0356  0.0356  0.0358  0.0352  0.0353
  0.0365  0.0369  0.0357  0.0362  0.0380  0.0372  0.0365  0.0367  0.0365  0.0369  0.0357  0.0358
registration optimization eta report
parameter search radius
    2.4000    3.1740    2.7600    8.2800   10.9503   10.9503
    7.2000    7.2000    7.2000    9.5220    8.2800    8.2800
100000*second partial in parameter space
       29.       22.       12.        2.        3.        2.
        3.        4.        3.        2.        1.        2.
  0.0365  0.0371  0.0356  0.0364  0.0378  0.0371  0.0365  0.0366  0.0365  0.0370  0.0357  0.0358
  0.0356  0.0358  0.0352  0.0355  0.0365  0.0360  0.0356  0.0357  0.0356  0.0358  0.0352  0.0352
  0.0350  0.0350  0.0349  0.0349  0.0354  0.0351  0.0350  0.0350  0.0350  0.0350  0.0349  0.0349
  0.0348  0.0348  0.0348  0.0348  0.0348  0.0348  0.0348  0.0348  0.0348  0.0348  0.0348  0.0348
  0.0350  0.0351  0.0349  0.0351  0.0351  0.0351  0.0350  0.0350  0.0350  0.0352  0.0349  0.0349
  0.0356  0.0358  0.0352  0.0356  0.0363  0.0360  0.0356  0.0356  0.0356  0.0358  0.0352  0.0353
  0.0365  0.0369  0.0357  0.0362  0.0380  0.0372  0.0365  0.0367  0.0365  0.0369  0.0357  0.0358
   -2.0557   44.8843  -10.3793  -14.6832  -22.2688  -22.9779
   -0.3238   -2.7775    0.9386   15.5486    0.4876   -4.3497
eta,q 0.96522  6.65445

---------------------------------------------------------------------
imgreg_4dfp /opt/freesurfer/average/711-2C_as_mni_average_305 /opt/freesurfer/average/711-2B_as_mni_average_305_mask talsrcimg_g11 none talsrcimg_to_711-2C_as_mni_average_305_t4 2311
---------------------------------------------------------------------

freesurfer imgreg_4dfp.c
/opt/freesurfer/average/711-2C_as_mni_average_305.4dfp.img
       256       256       256         1
  1.000000  1.000000  1.000000
orientation T byte_order littleendian
Reading image: /opt/freesurfer/average/711-2C_as_mni_average_305.4dfp.img
dimensions:      256       256       256
mmppix:       1.0000   -1.0000   -1.0000
center:     128.0000 -129.0000 -129.0000
/opt/freesurfer/average/711-2B_as_mni_average_305_mask.4dfp.img
       256       256       256         1
  1.000000  1.000000  1.000000
orientation T byte_order littleendian
Reading mask: /opt/freesurfer/average/711-2B_as_mni_average_305_mask.4dfp.img (2306576 pixels)
talsrcimg_g11.4dfp.img
       256       256       256         1
  1.000000  1.000000  1.000000
orientation T byte_order littleendian
Reading image: talsrcimg_g11.4dfp.img
dimensions:      256       256       256
mmppix:       1.0000   -1.0000   -1.0000
center:     128.0000 -129.0000 -129.0000
fimgreg.f
image alignment mode   2311 decimal      907 hex
parameters
   -2.0557   44.8843  -10.3793  -14.6832  -22.2688  -22.9779
   -0.3238   -2.7775    0.9386   15.5486    0.4876   -4.3497
eta,q 0.96522  6.65445
niter,ni,del,rscale     5    3    5.0000    0.8000
parameters
   -2.0624   44.8511  -10.3787  -15.1809  -21.5923  -22.9134
   -0.3881   -2.6357    0.8126   15.0063    0.6255   -4.6225
eta,q 0.96529  6.65067
  0.0356  0.0354  0.0351  0.0353  0.0357  0.0353  0.0356  0.0357  0.0355  0.0352  0.0351  0.0350
  0.0351  0.0350  0.0349  0.0350  0.0353  0.0350  0.0351  0.0352  0.0351  0.0349  0.0349  0.0348
  0.0349  0.0348  0.0348  0.0348  0.0349  0.0348  0.0348  0.0349  0.0348  0.0347  0.0348  0.0347
  0.0348  0.0348  0.0348  0.0348  0.0348  0.0347  0.0347  0.0347  0.0347  0.0347  0.0347  0.0347
  0.0349  0.0349  0.0348  0.0350  0.0348  0.0348  0.0349  0.0348  0.0348  0.0349  0.0347  0.0348
  0.0352  0.0351  0.0349  0.0352  0.0350  0.0350  0.0352  0.0351  0.0351  0.0351  0.0348  0.0349
  0.0356  0.0354  0.0351  0.0355  0.0353  0.0352  0.0356  0.0356  0.0356  0.0354  0.0350  0.0351
niter,ni,del,rscale     4    3    5.0000    0.7000
parameters
   -2.0667   44.7625  -10.3159  -15.4418  -21.2667  -22.5644
   -0.3893   -2.6263    0.7418   14.7196    0.7290   -4.7525
eta,q 0.96532  6.65118
  0.0353  0.0351  0.0350  0.0352  0.0354  0.0352  0.0354  0.0354  0.0353  0.0351  0.0350  0.0349
  0.0350  0.0349  0.0348  0.0349  0.0351  0.0349  0.0350  0.0350  0.0350  0.0349  0.0348  0.0348
  0.0348  0.0347  0.0347  0.0347  0.0348  0.0348  0.0348  0.0348  0.0348  0.0347  0.0347  0.0347
  0.0347  0.0347  0.0347  0.0347  0.0347  0.0347  0.0347  0.0347  0.0347  0.0347  0.0347  0.0347
  0.0348  0.0348  0.0347  0.0349  0.0347  0.0347  0.0348  0.0348  0.0348  0.0348  0.0347  0.0347
  0.0350  0.0350  0.0348  0.0351  0.0349  0.0348  0.0350  0.0350  0.0350  0.0350  0.0348  0.0348
  0.0353  0.0352  0.0349  0.0353  0.0352  0.0350  0.0354  0.0354  0.0354  0.0352  0.0349  0.0350
niter,ni,del,rscale     3    3    5.0000    0.6000
parameters
   -2.0820   44.7036  -10.2097  -15.6396  -21.1406  -22.3292
   -0.3758   -2.6293    0.7028   14.5177    0.7686   -4.7317
eta,q 0.96533  6.64995
  0.0351  0.0350  0.0349  0.0351  0.0352  0.0350  0.0352  0.0352  0.0351  0.0350  0.0349  0.0349
  0.0349  0.0348  0.0348  0.0349  0.0349  0.0348  0.0349  0.0349  0.0349  0.0348  0.0348  0.0348
  0.0347  0.0347  0.0347  0.0347  0.0347  0.0347  0.0347  0.0347  0.0347  0.0347  0.0347  0.0347
  0.0347  0.0347  0.0347  0.0347  0.0347  0.0347  0.0347  0.0347  0.0347  0.0347  0.0347  0.0347
  0.0347  0.0347  0.0347  0.0348  0.0347  0.0347  0.0347  0.0347  0.0347  0.0347  0.0347  0.0347
  0.0349  0.0349  0.0347  0.0350  0.0349  0.0348  0.0349  0.0349  0.0349  0.0349  0.0348  0.0348
  0.0352  0.0351  0.0348  0.0352  0.0351  0.0349  0.0352  0.0352  0.0352  0.0351  0.0349  0.0349
niter,ni,del,rscale     2    3    5.0000    0.5000
parameters
   -2.0893   44.6446  -10.1180  -15.7666  -21.0857  -22.1868
   -0.3913   -2.6495    0.6978   14.3282    0.8061   -4.6577
eta,q 0.96534  6.64837
  0.0350  0.0349  0.0348  0.0350  0.0350  0.0349  0.0350  0.0350  0.0350  0.0349  0.0348  0.0348
  0.0348  0.0348  0.0347  0.0348  0.0348  0.0348  0.0348  0.0348  0.0348  0.0348  0.0347  0.0347
  0.0347  0.0347  0.0347  0.0347  0.0347  0.0347  0.0347  0.0347  0.0347  0.0347  0.0347  0.0347
  0.0347  0.0347  0.0347  0.0347  0.0347  0.0347  0.0347  0.0347  0.0347  0.0347  0.0347  0.0347
  0.0347  0.0347  0.0347  0.0347  0.0347  0.0347  0.0347  0.0347  0.0347  0.0347  0.0347  0.0347
  0.0348  0.0348  0.0347  0.0349  0.0348  0.0348  0.0348  0.0348  0.0348  0.0348  0.0347  0.0347
  0.0350  0.0349  0.0348  0.0350  0.0350  0.0349  0.0350  0.0350  0.0350  0.0350  0.0348  0.0348
niter,ni,del,rscale     1    3    5.0000    0.4000
parameters
   -2.0982   44.5968  -10.0448  -15.8387  -21.0573  -22.0804
   -0.4187   -2.6661    0.7055   14.1962    0.7559   -4.5856
eta,q 0.96534  6.64775
  0.0349  0.0348  0.0348  0.0349  0.0349  0.0348  0.0349  0.0349  0.0349  0.0348  0.0347  0.0348
  0.0348  0.0347  0.0347  0.0348  0.0348  0.0347  0.0348  0.0348  0.0348  0.0347  0.0347  0.0347
  0.0347  0.0347  0.0347  0.0347  0.0347  0.0347  0.0347  0.0347  0.0347  0.0347  0.0347  0.0347
  0.0347  0.0347  0.0347  0.0347  0.0347  0.0347  0.0347  0.0347  0.0347  0.0347  0.0347  0.0347
  0.0347  0.0347  0.0347  0.0347  0.0347  0.0347  0.0347  0.0347  0.0347  0.0347  0.0347  0.0347
  0.0348  0.0347  0.0347  0.0348  0.0348  0.0347  0.0348  0.0348  0.0348  0.0348  0.0347  0.0347
  0.0349  0.0348  0.0347  0.0349  0.0349  0.0348  0.0349  0.0349  0.0349  0.0349  0.0347  0.0347
registration optimization eta report
parameter search radius
    0.8000    0.8000    0.8000    2.4000    2.4000    2.4000
    2.4000    2.4000    2.4000    2.4000    2.4000    2.4000
100000*second partial in parameter space
       34.       24.       12.        4.        4.        2.
        4.        4.        4.        3.        1.        2.
  0.0349  0.0348  0.0348  0.0349  0.0349  0.0348  0.0349  0.0349  0.0349  0.0348  0.0347  0.0348
  0.0348  0.0347  0.0347  0.0348  0.0348  0.0347  0.0348  0.0348  0.0348  0.0347  0.0347  0.0347
  0.0347  0.0347  0.0347  0.0347  0.0347  0.0347  0.0347  0.0347  0.0347  0.0347  0.0347  0.0347
  0.0347  0.0347  0.0347  0.0347  0.0347  0.0347  0.0347  0.0347  0.0347  0.0347  0.0347  0.0347
  0.0347  0.0347  0.0347  0.0347  0.0347  0.0347  0.0347  0.0347  0.0347  0.0347  0.0347  0.0347
  0.0348  0.0347  0.0347  0.0348  0.0348  0.0347  0.0348  0.0348  0.0348  0.0348  0.0347  0.0347
  0.0349  0.0348  0.0347  0.0349  0.0349  0.0348  0.0349  0.0349  0.0349  0.0349  0.0347  0.0347
   -2.0982   44.5968  -10.0448  -15.8387  -21.0573  -22.0804
   -0.4187   -2.6661    0.7055   14.1962    0.7559   -4.5856
eta,q 0.96534  6.64775

---------------------------------------------------------------------
imgreg_4dfp /opt/freesurfer/average/711-2C_as_mni_average_305 /opt/freesurfer/average/711-2B_as_mni_average_305_mask talsrcimg_g11 none talsrcimg_to_711-2C_as_mni_average_305_t4 2311
---------------------------------------------------------------------

freesurfer imgreg_4dfp.c
/opt/freesurfer/average/711-2C_as_mni_average_305.4dfp.img
       256       256       256         1
  1.000000  1.000000  1.000000
orientation T byte_order littleendian
Reading image: /opt/freesurfer/average/711-2C_as_mni_average_305.4dfp.img
dimensions:      256       256       256
mmppix:       1.0000   -1.0000   -1.0000
center:     128.0000 -129.0000 -129.0000
/opt/freesurfer/average/711-2B_as_mni_average_305_mask.4dfp.img
       256       256       256         1
  1.000000  1.000000  1.000000
orientation T byte_order littleendian
Reading mask: /opt/freesurfer/average/711-2B_as_mni_average_305_mask.4dfp.img (2306576 pixels)
talsrcimg_g11.4dfp.img
       256       256       256         1
  1.000000  1.000000  1.000000
orientation T byte_order littleendian
Reading image: talsrcimg_g11.4dfp.img
dimensions:      256       256       256
mmppix:       1.0000   -1.0000   -1.0000
center:     128.0000 -129.0000 -129.0000
fimgreg.f
image alignment mode   2311 decimal      907 hex
parameters
   -2.0982   44.5968  -10.0448  -15.8387  -21.0573  -22.0804
   -0.4187   -2.6661    0.7055   14.1962    0.7559   -4.5856
eta,q 0.96534  6.64775
niter,ni,del,rscale     5    3    5.0000    0.8000
parameters
   -2.0701   44.5904  -10.0029  -15.5637  -21.1795  -21.8697
   -0.3635   -2.6663    0.7234   14.3462    0.7100   -4.6369
eta,q 0.96533  6.65617
  0.0355  0.0353  0.0350  0.0355  0.0355  0.0353  0.0356  0.0355  0.0355  0.0354  0.0350  0.0350
  0.0351  0.0349  0.0348  0.0351  0.0350  0.0349  0.0351  0.0351  0.0351  0.0350  0.0348  0.0348
  0.0348  0.0347  0.0347  0.0348  0.0348  0.0347  0.0348  0.0348  0.0348  0.0347  0.0347  0.0347
  0.0347  0.0347  0.0347  0.0347  0.0347  0.0347  0.0347  0.0347  0.0347  0.0347  0.0347  0.0347
  0.0348  0.0347  0.0347  0.0348  0.0348  0.0347  0.0348  0.0348  0.0348  0.0348  0.0347  0.0347
  0.0350  0.0349  0.0348  0.0350  0.0351  0.0349  0.0351  0.0351  0.0351  0.0350  0.0348  0.0348
  0.0355  0.0353  0.0350  0.0353  0.0356  0.0352  0.0355  0.0355  0.0355  0.0353  0.0350  0.0350
niter,ni,del,rscale     4    3    5.0000    0.7000
parameters
   -2.0822   44.5740   -9.9942  -15.6032  -21.1912  -21.9225
   -0.3613   -2.6531    0.7304   14.3182    0.7363   -4.5965
eta,q 0.96534  6.65424
  0.0353  0.0351  0.0349  0.0353  0.0353  0.0351  0.0354  0.0353  0.0353  0.0352  0.0349  0.0349
  0.0350  0.0349  0.0348  0.0349  0.0350  0.0348  0.0350  0.0350  0.0350  0.0349  0.0348  0.0348
  0.0347  0.0347  0.0347  0.0347  0.0347  0.0347  0.0347  0.0347  0.0347  0.0347  0.0347  0.0347
  0.0347  0.0347  0.0347  0.0347  0.0347  0.0347  0.0347  0.0347  0.0347  0.0347  0.0347  0.0347
  0.0348  0.0347  0.0347  0.0348  0.0347  0.0347  0.0348  0.0347  0.0347  0.0348  0.0347  0.0347
  0.0350  0.0349  0.0348  0.0350  0.0350  0.0349  0.0350  0.0350  0.0350  0.0349  0.0348  0.0348
  0.0353  0.0352  0.0349  0.0352  0.0353  0.0351  0.0354  0.0353  0.0353  0.0352  0.0349  0.0349
niter,ni,del,rscale     3    3    5.0000    0.6000
parameters
   -2.0904   44.5663   -9.9911  -15.6787  -21.1581  -21.9473
   -0.3805   -2.6645    0.7283   14.2154    0.7519   -4.5594
eta,q 0.96534  6.65163
  0.0351  0.0350  0.0348  0.0351  0.0352  0.0350  0.0352  0.0352  0.0351  0.0350  0.0349  0.0349
  0.0349  0.0348  0.0347  0.0349  0.0349  0.0348  0.0349  0.0349  0.0349  0.0348  0.0347  0.0348
  0.0347  0.0347  0.0347  0.0347  0.0347  0.0347  0.0347  0.0347  0.0347  0.0347  0.0347  0.0347
  0.0347  0.0347  0.0347  0.0347  0.0347  0.0347  0.0347  0.0347  0.0347  0.0347  0.0347  0.0347
  0.0347  0.0347  0.0347  0.0348  0.0347  0.0347  0.0347  0.0347  0.0347  0.0347  0.0347  0.0347
  0.0349  0.0348  0.0347  0.0349  0.0349  0.0348  0.0349  0.0349  0.0349  0.0349  0.0347  0.0347
  0.0352  0.0350  0.0348  0.0351  0.0352  0.0350  0.0352  0.0352  0.0351  0.0351  0.0348  0.0349
niter,ni,del,rscale     2    3    5.0000    0.5000
parameters
   -2.0959   44.5528   -9.9705  -15.7673  -21.1008  -21.9569
   -0.3946   -2.6661    0.7263   14.1586    0.7430   -4.5580
eta,q 0.96534  6.65046
  0.0350  0.0349  0.0348  0.0350  0.0350  0.0349  0.0350  0.0350  0.0350  0.0349  0.0348  0.0348
  0.0348  0.0348  0.0347  0.0348  0.0348  0.0347  0.0348  0.0348  0.0348  0.0348  0.0347  0.0347
  0.0347  0.0347  0.0347  0.0347  0.0347  0.0347  0.0347  0.0347  0.0347  0.0347  0.0347  0.0347
  0.0347  0.0347  0.0347  0.0347  0.0347  0.0347  0.0347  0.0347  0.0347  0.0347  0.0347  0.0347
  0.0347  0.0347  0.0347  0.0347  0.0347  0.0347  0.0347  0.0347  0.0347  0.0347  0.0347  0.0347
  0.0348  0.0348  0.0347  0.0349  0.0348  0.0348  0.0348  0.0348  0.0348  0.0348  0.0347  0.0347
  0.0350  0.0349  0.0348  0.0350  0.0350  0.0349  0.0350  0.0350  0.0350  0.0349  0.0348  0.0348
niter,ni,del,rscale     1    3    5.0000    0.4000
parameters
   -2.0956   44.5427   -9.9478  -15.8549  -21.0677  -21.9482
   -0.4405   -2.6730    0.7307   14.0688    0.7577   -4.4527
eta,q 0.96534  6.64854
  0.0349  0.0348  0.0347  0.0349  0.0349  0.0348  0.0349  0.0349  0.0349  0.0348  0.0347  0.0348
  0.0348  0.0347  0.0347  0.0348  0.0348  0.0347  0.0347  0.0348  0.0348  0.0347  0.0347  0.0347
  0.0347  0.0347  0.0347  0.0347  0.0347  0.0347  0.0347  0.0347  0.0347  0.0347  0.0347  0.0347
  0.0347  0.0347  0.0347  0.0347  0.0347  0.0347  0.0347  0.0347  0.0347  0.0347  0.0347  0.0347
  0.0347  0.0347  0.0347  0.0347  0.0347  0.0347  0.0347  0.0347  0.0347  0.0347  0.0347  0.0347
  0.0348  0.0347  0.0347  0.0348  0.0348  0.0347  0.0348  0.0348  0.0348  0.0348  0.0347  0.0347
  0.0349  0.0348  0.0347  0.0349  0.0349  0.0348  0.0349  0.0349  0.0349  0.0349  0.0347  0.0347
registration optimization eta report
parameter search radius
    0.8000    0.8000    0.8000    2.4000    2.4000    2.4000
    2.4000    2.4000    2.4000    2.4000    2.4000    2.4000
100000*second partial in parameter space
       34.       25.       11.        4.        4.        2.
        4.        4.        4.        3.        1.        2.
  0.0349  0.0348  0.0347  0.0349  0.0349  0.0348  0.0349  0.0349  0.0349  0.0348  0.0347  0.0348
  0.0348  0.0347  0.0347  0.0348  0.0348  0.0347  0.0347  0.0348  0.0348  0.0347  0.0347  0.0347
  0.0347  0.0347  0.0347  0.0347  0.0347  0.0347  0.0347  0.0347  0.0347  0.0347  0.0347  0.0347
  0.0347  0.0347  0.0347  0.0347  0.0347  0.0347  0.0347  0.0347  0.0347  0.0347  0.0347  0.0347
  0.0347  0.0347  0.0347  0.0347  0.0347  0.0347  0.0347  0.0347  0.0347  0.0347  0.0347  0.0347
  0.0348  0.0347  0.0347  0.0348  0.0348  0.0347  0.0348  0.0348  0.0348  0.0348  0.0347  0.0347
  0.0349  0.0348  0.0347  0.0349  0.0349  0.0348  0.0349  0.0349  0.0349  0.0349  0.0347  0.0347
   -2.0956   44.5427   -9.9478  -15.8549  -21.0677  -21.9482
   -0.4405   -2.6730    0.7307   14.0688    0.7577   -4.4527
eta,q 0.96534  6.64854

---------------------------------------------------------------------
compute_vox2vox talsrcimg talsrcimg_to_711-2C_as_mni_average_305_t4 /opt/freesurfer/average/711-2C_as_mni_average_305
---------------------------------------------------------------------

freesurfer compute_vox2vox.c
Reading: talsrcimg.4dfp.ifh
Reading: talsrcimg_to_711-2C_as_mni_average_305_t4
Reading: /opt/freesurfer/average/711-2C_as_mni_average_305.4dfp.ifh
Writing: talsrcimg_to_711-2C_as_mni_average_305_t4_vox2vox.txt

start time Mon Mar 9 21:55:49 CET 2026
end		time Mon Mar 9 21:57:14 CET 2026

mpr2mni305 success

avi2talxfm orig_nu.mgz /opt/freesurfer/average/mni305.cor.mgz talsrcimg_to_711-2C_as_mni_average_305_t4_vox2vox.txt transforms/talairach.auto.xfm
avi2talxfm done
mv -f /out/sourcedata/freesurfer/sub-v1s2x0051477_ses-1/mri/talsrcimg_to_711-2C_as_mni_average_305_t4_vox2vox.txt /out/sourcedata/freesurfer/sub-v1s2x0051477_ses-1/mri/transforms/talsrcimg_to_711-2C_as_mni_average_305_t4_vox2vox.txt
lta_convert --src orig_nu.mgz --trg /opt/freesurfer/average/mni305.cor.mgz --inxfm transforms/talairach.auto.xfm --outlta transforms/talairach.auto.xfm.lta --subject fsaverage
7.3.2

--src: orig_nu.mgz src image (geometry).
--trg: /opt/freesurfer/average/mni305.cor.mgz trg image (geometry).
--inmni: transforms/talairach.auto.xfm input MNI/XFM transform.
--outlta: transforms/talairach.auto.xfm.lta output LTA.
--s: fsaverage subject name
 LTA read, type : 1
 1.18799   0.03909   0.00883   6.22678;
-0.01204   1.26791   0.07146  -65.48125;
-0.00885  -0.22635   1.25409  -12.76518;
 0.00000   0.00000   0.00000   1.00000;
setting subject to fsaverage
Writing  LTA to file transforms/talairach.auto.xfm.lta...
lta_convert successful.
 
 
Started at Mon Mar 9 21:55:48 CET 2026
Ended   at Mon Mar  9 21:57:14 CET 2026
talairach_avi done
