1771886793s 1 02235a03-04d5-44b3-85db-446704f9f321
1771989494s 1 039f5897-1b18-4616-a5b3-dd0f7b44650d
1771992139s 1 13a51485-6155-469e-9178-d5fa6004d33b
1771665932s 1 1e32e23b-6d65-42ad-8cec-9ba2888b8974
1771848348s 1 261645e8-0c80-4059-9e72-196c23e7fc41
1771845741s 1 2781e2b1-aedf-4230-8eca-826fc8719874
1771846040s 1 3ac9c862-eb44-465e-8eef-c361783c5942
1771987551s 1 4424a394-2b25-43a1-84d6-bfc06f785e3d
1771887876s 1 45b478fe-f7cf-41da-ad37-27b036be1a46
1771941177.720837456s 1 4a264581-49b7-42f4-926b-f3a00c77c802
1771884366s 1 4d2de43f-abfe-4742-9ee3-3b8906abc63d
1771885120s 1 59d78ae0-ebbe-4bc6-b0dd-69f52030e18f
1772020010s 1 5bee027b-0453-4f0b-ba21-ad0821f7a977
1772019655s 1 646f8658-e047-4eab-8bfb-aab31331792f
1771990763s 1 6ea7a810-0d64-45bc-95f7-441b6e586519
1772019703s 1 7235892e-0d08-46c1-9924-4695784914b1
1772036838s 1 794b5f6a-3f3f-4613-8e10-79bfd03b09be
1771887897s 1 816c8d45-c18d-4ebd-8f08-c398e3e58f5f
1771845277s 1 85e76da5-55df-4e9e-be44-f0e8011fa7de
1771987868s 1 87151b8d-702b-418e-bbc5-5c13f1bb8a17
1771886575s 1 9ee60bcd-0dc0-4d46-acd4-0c99c2c5e424
1771886342s 1 acc1a68d-ff63-4944-bc27-92fb16376614
1771849701s 1 b7649ddc-45ef-4edc-84bd-05db63ebc656
1771990274s 1 bff3cfcd-443f-4a65-aa7f-382b53048584
1771847423s 1 c38f6f46-3206-4851-8c38-9ada51fff813
1772019525s 1 c4770fbc-dc1f-4537-90da-6040bfae0ba0
1771847812s 1 c8ac207d-5666-4fb9-a64f-cc17add3029c
1771885583s 1 f230ea37-6d3d-4bfc-9d26-424c970b8cfb
