/out/sourcedata/freesurfer/sub-v1s2x0051479_ses-1/mri
/opt/freesurfer/bin/talairach_avi
--i orig_nu.mgz --xfm transforms/talairach.auto.xfm
talairach_avi 7.3.2
Linux dna065 5.14.0-427.37.1.el9_4.x86_64 #1 SMP PREEMPT_DYNAMIC Fri Sep 13 12:41:50 EDT 2024 x86_64 x86_64 x86_64 GNU/Linux
Mon Mar  9 22:25:08 CET 2026
mri_convert orig_nu.mgz talsrcimg.img 
reading from orig_nu.mgz...
TR=0.00, TE=0.00, TI=0.00, flip angle=0.00
i_ras = (-1, 0, 0)
j_ras = (0, 0, -1)
k_ras = (0, 1, 0)
writing to talsrcimg.img...
Analyze Output Matrix
-1.00000   0.00000   0.00000   132.88983;
 0.00000   0.00000   1.00000  -65.62712;
 0.00000  -1.00000   0.00000   111.01694;
 0.00000   0.00000   0.00000   1.00000;
--------------------
INFO: set hdr.hist.orient to -1
mpr2mni305 talsrcimg
Mon Mar  9 22:25:08 CET 2026
/opt/freesurfer/bin/mpr2mni305 talsrcimg
mpr2mni305 7.3.2
target=711-2C_as_mni_average_305

---------------------------------------------------------------------
analyzeto4dfp talsrcimg -O0 -y
---------------------------------------------------------------------

freesurfer ifh2hdr.c
Mon Mar  9 22:25:08 2026
Writing: talsrcimg.4dfp.hdr
freesurfer analyzeto4dfp.c
Reading: talsrcimg.hdr
header size 348 bytes
hdr.dime.datatype	offset=70	value=2
hdr.dime.bitpix		offset=72	value=8
hdr.hist.orient		offset=252	value=-1
dimensionality     4
dimensions       256       256       256         1
Reading: talsrcimg.img
Writing: talsrcimg.4dfp.img
Writing: talsrcimg.4dfp.ifh
ifh2hdr talsrcimg -r0to244
ori=2

---------------------------------------------------------------------
gauss_4dfp talsrcimg 1.1
---------------------------------------------------------------------

freesurfer gauss_4dfp.c
Reading: talsrcimg.4dfp.img
Writing: talsrcimg_g11.4dfp.img
image dimensions 256 256 256 padded to 288 288 288
processing volume 1freesurfer ifh2hdr.c
Mon Mar  9 22:25:10 2026
Writing: talsrcimg_g11.4dfp.hdr

Writing: talsrcimg_g11.4dfp.ifh
including: talsrcimg.4dfp.img.rec in talsrcimg_g11.4dfp.img.rec

---------------------------------------------------------------------
imgreg_4dfp /opt/freesurfer/average/711-2C_as_mni_average_305 none talsrcimg_g11 none talsrcimg_to_711-2C_as_mni_average_305_t4 4355
---------------------------------------------------------------------

freesurfer imgreg_4dfp.c
/opt/freesurfer/average/711-2C_as_mni_average_305.4dfp.img
       256       256       256         1
  1.000000  1.000000  1.000000
orientation T byte_order littleendian
Reading image: /opt/freesurfer/average/711-2C_as_mni_average_305.4dfp.img
dimensions:      256       256       256
mmppix:       1.0000   -1.0000   -1.0000
center:     128.0000 -129.0000 -129.0000
talsrcimg_g11.4dfp.img
       256       256       256         1
  1.000000  1.000000  1.000000
orientation T byte_order littleendian
Reading image: talsrcimg_g11.4dfp.img
dimensions:      256       256       256
mmppix:       1.0000   -1.0000   -1.0000
center:     128.0000 -129.0000 -129.0000
t4_read: open error in t4_sub.f l:  41 t4_file(1:l)talsrcimg_to_711-2C_as_mni_average_305_t4 
t4_read: transform initialized to I4
rotation matrix determinant  1.000000
image alignment mode   4355 decimal     1103 hex
   -7.5000  -45.0000  -45.0000 5232.6011   17.3236
    0.0000  -45.0000  -45.0000 5453.8267   17.3264
    7.5000  -45.0000  -45.0000 5174.9653   17.3117
   -7.5000  -37.5000  -45.0000 5908.0962   16.5360
    0.0000  -37.5000  -45.0000 6139.2764   16.5388
    7.5000  -37.5000  -45.0000 5855.6768   16.5222
   -7.5000  -30.0000  -45.0000 6885.8711   15.9789
    0.0000  -30.0000  -45.0000 7138.1436   15.9778
    7.5000  -30.0000  -45.0000 6836.0254   15.9616
   -7.5000  -22.5000  -45.0000 7945.3198   15.6722
    0.0000  -22.5000  -45.0000 8255.7285   15.6745
    7.5000  -22.5000  -45.0000 7892.3662   15.6619
   -7.5000  -15.0000  -45.0000 9011.2764   15.5332
    0.0000  -15.0000  -45.0000 9392.2168   15.5403
    7.5000  -15.0000  -45.0000 8968.7266   15.5327
   -7.5000   -7.5000  -45.000010083.5547   15.5334
    0.0000   -7.5000  -45.000010507.6660   15.5416
    7.5000   -7.5000  -45.000010018.0547   15.5375
   -7.5000    0.0000  -45.000011146.8623   15.5284
    0.0000    0.0000  -45.000011613.5176   15.5331
    7.5000    0.0000  -45.000011059.1191   15.5284
   -7.5000    7.5000  -45.000011429.5723   15.4553
    0.0000    7.5000  -45.000011905.4033   15.4561
    7.5000    7.5000  -45.000011314.7510   15.4476
   -7.5000   15.0000  -45.000011478.7998   15.3760
    0.0000   15.0000  -45.000011958.7334   15.3759
    7.5000   15.0000  -45.000011376.9658   15.3652
   -7.5000   22.5000  -45.000011367.6377   15.3667
    0.0000   22.5000  -45.000011814.5186   15.3700
    7.5000   22.5000  -45.000011264.5068   15.3607
   -7.5000   30.0000  -45.000011155.3828   15.2314
    0.0000   30.0000  -45.000011616.7832   15.2390
    7.5000   30.0000  -45.000011052.3408   15.2330
   -7.5000   37.5000  -45.000011248.9395   15.3068
    0.0000   37.5000  -45.000011722.2842   15.3151
    7.5000   37.5000  -45.000011136.2734   15.3114
   -7.5000   45.0000  -45.000010908.6953   14.9324
    0.0000   45.0000  -45.000011375.7148   14.9369
    7.5000   45.0000  -45.000010801.0156   14.9324
   -7.5000  -45.0000  -37.5000 5487.5928   17.3366
    0.0000  -45.0000  -37.5000 5715.4692   17.3274
    7.5000  -45.0000  -37.5000 5433.7812   17.3012
   -7.5000  -37.5000  -37.5000 6201.9731   16.5511
    0.0000  -37.5000  -37.5000 6433.7734   16.5443
    7.5000  -37.5000  -37.5000 6136.6934   16.5185
   -7.5000  -30.0000  -37.5000 7220.6240   15.9885
    0.0000  -30.0000  -37.5000 7495.2988   15.9804
    7.5000  -30.0000  -37.5000 7163.5576   15.9582
   -7.5000  -22.5000  -37.5000 8336.5967   15.6753
    0.0000  -22.5000  -37.5000 8674.5020   15.6714
    7.5000  -22.5000  -37.5000 8276.7021   15.6546
   -7.5000  -15.0000  -37.5000 9478.2852   15.5345
    0.0000  -15.0000  -37.5000 9880.3516   15.5353
    7.5000  -15.0000  -37.5000 9423.0693   15.5235
   -7.5000   -7.5000  -37.500010605.3750   15.5382
    0.0000   -7.5000  -37.500011050.1650   15.5387
    7.5000   -7.5000  -37.500010526.3691   15.5279
   -7.5000    0.0000  -37.500011718.6289   15.5385
    0.0000    0.0000  -37.500012207.4404   15.5342
    7.5000    0.0000  -37.500011613.8467   15.5203
   -7.5000    7.5000  -37.500011996.0869   15.4683
    0.0000    7.5000  -37.500012502.2314   15.4607
    7.5000    7.5000  -37.500011872.5186   15.4437
   -7.5000   15.0000  -37.500012008.8936   15.3857
    0.0000   15.0000  -37.500012510.3652   15.3789
    7.5000   15.0000  -37.500011899.7607   15.3624
   -7.5000   22.5000  -37.500011866.0469   15.3707
    0.0000   22.5000  -37.500012340.5449   15.3678
    7.5000   22.5000  -37.500011770.2559   15.3546
   -7.5000   30.0000  -37.500011640.7295   15.2333
    0.0000   30.0000  -37.500012135.4980   15.2348
    7.5000   30.0000  -37.500011534.4961   15.2246
   -7.5000   37.5000  -37.500011742.9170   15.3116
    0.0000   37.5000  -37.500012245.9746   15.3122
    7.5000   37.5000  -37.500011599.1055   15.3020
   -7.5000   45.0000  -37.500011382.3525   14.9422
    0.0000   45.0000  -37.500011870.2646   14.9380
    7.5000   45.0000  -37.500011252.7559   14.9246
   -7.5000  -45.0000  -30.0000 5795.1538   18.0940
    0.0000  -45.0000  -30.0000 6029.4888   18.0839
    7.5000  -45.0000  -30.0000 5745.6909   18.0496
   -7.5000  -37.5000  -30.0000 6537.3638   17.2786
    0.0000  -37.5000  -30.0000 6785.5210   17.2723
    7.5000  -37.5000  -30.0000 6484.6689   17.2407
   -7.5000  -30.0000  -30.0000 7653.9805   16.6867
    0.0000  -30.0000  -30.0000 7947.2939   16.6774
    7.5000  -30.0000  -30.0000 7596.6152   16.6525
   -7.5000  -22.5000  -30.0000 8873.0273   16.3507
    0.0000  -22.5000  -30.0000 9236.0703   16.3434
    7.5000  -22.5000  -30.0000 8820.8369   16.3255
   -7.5000  -15.0000  -30.000010092.8330   16.1948
    0.0000  -15.0000  -30.000010512.9600   16.1924
    7.5000  -15.0000  -30.000010033.6709   16.1786
   -7.5000   -7.5000  -30.000011304.4570   16.1985
    0.0000   -7.5000  -30.000011771.2188   16.1975
    7.5000   -7.5000  -30.000011218.4561   16.1822
   -7.5000    0.0000  -30.000012483.8848   16.2073
    0.0000    0.0000  -30.000013012.0742   16.2029
    7.5000    0.0000  -30.000012378.1279   16.1820
   -7.5000    7.5000  -30.000012714.2471   16.1442
    0.0000    7.5000  -30.000013247.1074   16.1368
    7.5000    7.5000  -30.000012574.3740   16.1139
   -7.5000   15.0000  -30.000012689.1797   16.0589
    0.0000   15.0000  -30.000013216.8145   16.0507
    7.5000   15.0000  -30.000012571.9473   16.0315
   -7.5000   22.5000  -30.000012502.6543   16.0318
    0.0000   22.5000  -30.000013013.2334   16.0256
    7.5000   22.5000  -30.000012394.5576   16.0114
   -7.5000   30.0000  -30.000012256.8242   15.8824
    0.0000   30.0000  -30.000012797.6816   15.8807
    7.5000   30.0000  -30.000012112.0547   15.8687
   -7.5000   37.5000  -30.000012364.6074   15.9637
    0.0000   37.5000  -30.000012895.7666   15.9630
    7.5000   37.5000  -30.000012187.5293   15.9482
   -7.5000   45.0000  -30.000011987.6494   15.5967
    0.0000   45.0000  -30.000012510.5420   15.5925
    7.5000   45.0000  -30.000011808.9492   15.5724
   -7.5000  -45.0000  -22.5000 6067.7822   18.7304
    0.0000  -45.0000  -22.5000 6288.6392   18.7323
    7.5000  -45.0000  -22.5000 6011.8911   18.7023
   -7.5000  -37.5000  -22.5000 6862.9561   17.8885
    0.0000  -37.5000  -22.5000 7110.6953   17.8934
    7.5000  -37.5000  -22.5000 6809.9556   17.8666
   -7.5000  -30.0000  -22.5000 8085.8032   17.2776
    0.0000  -30.0000  -22.5000 8410.7129   17.2752
    7.5000  -30.0000  -22.5000 8028.3662   17.2556
   -7.5000  -22.5000  -22.5000 9418.3652   16.9272
    0.0000  -22.5000  -22.5000 9822.6064   16.9240
    7.5000  -22.5000  -22.5000 9348.4639   16.9106
   -7.5000  -15.0000  -22.500010725.8291   16.7573
    0.0000  -15.0000  -22.500011177.9990   16.7587
    7.5000  -15.0000  -22.500010634.1328   16.7481
   -7.5000   -7.5000  -22.500012000.4082   16.7565
    0.0000   -7.5000  -22.500012517.3809   16.7623
    7.5000   -7.5000  -22.500011904.8330   16.7491
   -7.5000    0.0000  -22.500013178.6377   16.7685
    0.0000    0.0000  -22.500013751.2266   16.7738
    7.5000    0.0000  -22.500013076.9141   16.7554
   -7.5000    7.5000  -22.500013338.0869   16.7110
    0.0000    7.5000  -22.500013894.3926   16.7132
    7.5000    7.5000  -22.500013210.0869   16.6941
   -7.5000   15.0000  -22.500013268.7988   16.6282
    0.0000   15.0000  -22.500013797.1260   16.6266
    7.5000   15.0000  -22.500013166.5840   16.6123
   -7.5000   22.5000  -22.500013098.8076   16.5952
    0.0000   22.5000  -22.500013652.6631   16.5930
    7.5000   22.5000  -22.500012968.2490   16.5831
   -7.5000   30.0000  -22.500012828.3086   16.4359
    0.0000   30.0000  -22.500013405.8320   16.4380
    7.5000   30.0000  -22.500012657.8672   16.4291
   -7.5000   37.5000  -22.500012932.0215   16.5160
    0.0000   37.5000  -22.500013495.1699   16.5219
    7.5000   37.5000  -22.500012729.2383   16.5093
   -7.5000   45.0000  -22.500012517.5039   16.1488
    0.0000   45.0000  -22.500013049.5830   16.1540
    7.5000   45.0000  -22.500012331.8594   16.1363
   -7.5000  -45.0000  -15.0000 6317.9531   19.1631
    0.0000  -45.0000  -15.0000 6555.2002   19.1772
    7.5000  -45.0000  -15.0000 6270.1992   19.1582
   -7.5000  -37.5000  -15.0000 7205.9370   18.2997
    0.0000  -37.5000  -15.0000 7476.9385   18.3141
    7.5000  -37.5000  -15.0000 7147.3774   18.2964
   -7.5000  -30.0000  -15.0000 8527.0869   17.6816
    0.0000  -30.0000  -15.0000 8884.9844   17.6857
    7.5000  -30.0000  -15.0000 8442.6309   17.6722
   -7.5000  -22.5000  -15.0000 9938.4092   17.3306
    0.0000  -22.5000  -15.000010361.9766   17.3332
    7.5000  -22.5000  -15.0000 9820.6797   17.3235
   -7.5000  -15.0000  -15.000011303.0156   17.1575
    0.0000  -15.0000  -15.000011796.3232   17.1649
    7.5000  -15.0000  -15.000011174.2529   17.1575
   -7.5000   -7.5000  -15.000012635.6562   17.1512
    0.0000   -7.5000  -15.000013172.7676   17.1647
    7.5000   -7.5000  -15.000012499.0869   17.1572
   -7.5000    0.0000  -15.000013849.1172   17.1571
    0.0000    0.0000  -15.000014435.4600   17.1716
    7.5000    0.0000  -15.000013692.4971   17.1618
   -7.5000    7.5000  -15.000013896.8271   17.0962
    0.0000    7.5000  -15.000014464.2070   17.1065
    7.5000    7.5000  -15.000013770.0361   17.0960
   -7.5000   15.0000  -15.000013797.9082   17.0167
    0.0000   15.0000  -15.000014336.2666   17.0214
    7.5000   15.0000  -15.000013718.6240   17.0130
   -7.5000   22.5000  -15.000013696.2793   16.9889
    0.0000   22.5000  -15.000014305.8252   16.9923
    7.5000   22.5000  -15.000013548.5098   16.9860
   -7.5000   30.0000  -15.000013408.7549   16.8301
    0.0000   30.0000  -15.000013985.4980   16.8381
    7.5000   30.0000  -15.000013235.8672   16.8324
   -7.5000   37.5000  -15.000013496.1484   16.9074
    0.0000   37.5000  -15.000014046.6455   16.9209
    7.5000   37.5000  -15.000013323.5381   16.9139
   -7.5000   45.0000  -15.000013054.9697   16.5331
    0.0000   45.0000  -15.000013574.2812   16.5471
    7.5000   45.0000  -15.000012901.2598   16.5376
   -7.5000  -45.0000   -7.5000 6551.7559   19.3588
    0.0000  -45.0000   -7.5000 6808.9253   19.3738
    7.5000  -45.0000   -7.5000 6509.6558   19.3618
   -7.5000  -37.5000   -7.5000 7495.6162   18.4813
    0.0000  -37.5000   -7.5000 7800.4722   18.4948
    7.5000  -37.5000   -7.5000 7429.4609   18.4812
   -7.5000  -30.0000   -7.5000 8920.8623   17.8608
    0.0000  -30.0000   -7.5000 9290.3115   17.8652
    7.5000  -30.0000   -7.5000 8807.3916   17.8519
   -7.5000  -22.5000   -7.500010426.7441   17.5159
    0.0000  -22.5000   -7.500010867.7275   17.5208
    7.5000  -22.5000   -7.500010272.8447   17.5105
   -7.5000  -15.0000   -7.500011879.4229   17.3516
    0.0000  -15.0000   -7.500012392.0244   17.3621
    7.5000  -15.0000   -7.500011734.9561   17.3557
   -7.5000   -7.5000   -7.500013263.9980   17.3462
    0.0000   -7.5000   -7.500013804.5371   17.3614
    7.5000   -7.5000   -7.500013112.5645   17.3585
   -7.5000    0.0000   -7.500014456.9668   17.3432
    0.0000    0.0000   -7.500015040.7236   17.3579
    7.5000    0.0000   -7.500014288.4102   17.3549
   -7.5000    7.5000   -7.500014434.5166   17.2702
    0.0000    7.5000   -7.500014996.0400   17.2800
    7.5000    7.5000   -7.500014306.8018   17.2741
   -7.5000   15.0000   -7.500014355.2344   17.1879
    0.0000   15.0000   -7.500014937.1904   17.1931
    7.5000   15.0000   -7.500014267.1582   17.1854
   -7.5000   22.5000   -7.500014290.3975   17.1684
    0.0000   22.5000   -7.500014902.7559   17.1742
    7.5000   22.5000   -7.500014166.0869   17.1673
   -7.5000   30.0000   -7.500013933.0811   17.0200
    0.0000   30.0000   -7.500014463.1758   17.0310
    7.5000   30.0000   -7.500013865.4434   17.0263
   -7.5000   37.5000   -7.500014060.2061   17.0992
    0.0000   37.5000   -7.500014572.7354   17.1145
    7.5000   37.5000   -7.500013979.6982   17.1119
   -7.5000   45.0000   -7.500013632.7686   16.7156
    0.0000   45.0000   -7.500014121.6855   16.7298
    7.5000   45.0000   -7.500013545.1729   16.7268
   -7.5000  -45.0000    0.0000 6770.1943   19.3856
    0.0000  -45.0000    0.0000 7024.1826   19.3887
    7.5000  -45.0000    0.0000 6699.9082   19.3722
   -7.5000  -37.5000    0.0000 7749.7310   18.5042
    0.0000  -37.5000    0.0000 8057.4336   18.5074
    7.5000  -37.5000    0.0000 7655.8418   18.4888
   -7.5000  -30.0000    0.0000 9172.0459   17.8809
    0.0000  -30.0000    0.0000 9558.2295   17.8796
    7.5000  -30.0000    0.0000 9055.8760   17.8614
   -7.5000  -22.5000    0.000010689.8340   17.5376
    0.0000  -22.5000    0.000011161.7607   17.5402
    7.5000  -22.5000    0.000010568.8262   17.5261
   -7.5000  -15.0000    0.000012210.8291   17.3820
    0.0000  -15.0000    0.000012731.3223   17.3900
    7.5000  -15.0000    0.000012076.4688   17.3815
   -7.5000   -7.5000    0.000013641.0947   17.3822
    0.0000   -7.5000    0.000014221.4512   17.3915
    7.5000   -7.5000    0.000013515.7402   17.3869
   -7.5000    0.0000    0.000014899.8086   17.3767
    0.0000    0.0000    0.000015545.7139   17.3819
    7.5000    0.0000    0.000014773.5146   17.3767
   -7.5000    7.5000    0.000014927.4805   17.2949
    0.0000    7.5000    0.000015529.1045   17.2957
    7.5000    7.5000    0.000014840.5547   17.2863
   -7.5000   15.0000    0.000014818.9346   17.2062
    0.0000   15.0000    0.000015431.2480   17.2061
    7.5000   15.0000    0.000014779.2949   17.1941
   -7.5000   22.5000    0.000014700.3906   17.1902
    0.0000   22.5000    0.000015337.6895   17.1938
    7.5000   22.5000    0.000014675.9932   17.1835
   -7.5000   30.0000    0.000014433.7422   17.0510
    0.0000   30.0000    0.000014994.0791   17.0595
    7.5000   30.0000    0.000014458.9717   17.0527
   -7.5000   37.5000    0.000014639.3369   17.1354
    0.0000   37.5000    0.000015123.4463   17.1447
    7.5000   37.5000    0.000014589.5430   17.1405
   -7.5000   45.0000    0.000014258.7852   16.7491
    0.0000   45.0000    0.000014713.2900   16.7542
    7.5000   45.0000    0.000014100.1953   16.7491
   -7.5000  -45.0000    7.5000 6424.2344   19.4001
    0.0000  -45.0000    7.5000 6670.2241   19.3899
    7.5000  -45.0000    7.5000 6337.0791   19.3605
   -7.5000  -37.5000    7.5000 7330.1284   18.5211
    0.0000  -37.5000    7.5000 7603.9736   18.5135
    7.5000  -37.5000    7.5000 7221.4424   18.4846
   -7.5000  -30.0000    7.5000 8691.0322   17.8915
    0.0000  -30.0000    7.5000 9031.1562   17.8825
    7.5000  -30.0000    7.5000 8562.8389   17.8576
   -7.5000  -22.5000    7.500010140.6748   17.5411
    0.0000  -22.5000    7.500010577.9619   17.5367
    7.5000  -22.5000    7.500010046.8193   17.5180
   -7.5000  -15.0000    7.500011567.9316   17.3835
    0.0000  -15.0000    7.500012073.1602   17.3844
    7.5000  -15.0000    7.500011496.8770   17.3712
   -7.5000   -7.5000    7.500012918.4189   17.3877
    0.0000   -7.5000    7.500013487.9961   17.3882
    7.5000   -7.5000    7.500012857.6377   17.3762
   -7.5000    0.0000    7.500014133.0361   17.3880
    0.0000    0.0000    7.500014744.9170   17.3832
    7.5000    0.0000    7.500014071.5840   17.3676
   -7.5000    7.5000    7.500014240.7324   17.3095
    0.0000    7.5000    7.500014861.9307   17.3010
    7.5000    7.5000    7.500014173.3340   17.2819
   -7.5000   15.0000    7.500014239.7861   17.2170
    0.0000   15.0000    7.500014869.6846   17.2094
    7.5000   15.0000    7.500014184.5215   17.1909
   -7.5000   22.5000    7.500014101.5244   17.1947
    0.0000   22.5000    7.500014722.6748   17.1914
    7.5000   22.5000    7.500014037.2441   17.1767
   -7.5000   30.0000    7.500013864.9893   17.0531
    0.0000   30.0000    7.500014470.4004   17.0548
    7.5000   30.0000    7.500013768.9043   17.0433
   -7.5000   37.5000    7.500014057.2773   17.1407
    0.0000   37.5000    7.500014661.6504   17.1415
    7.5000   37.5000    7.500013894.3613   17.1300
   -7.5000   45.0000    7.500013621.4873   16.7601
    0.0000   45.0000    7.500014185.5518   16.7554
    7.5000   45.0000    7.500013414.7705   16.7404
   -7.5000  -45.0000   15.0000 5990.2837   19.4828
    0.0000  -45.0000   15.0000 6232.2500   19.4722
    7.5000  -45.0000   15.0000 5908.7852   19.4356
   -7.5000  -37.5000   15.0000 6846.3408   18.6039
    0.0000  -37.5000   15.0000 7118.8330   18.5973
    7.5000  -37.5000   15.0000 6750.5254   18.5636
   -7.5000  -30.0000   15.0000 8105.6597   17.9654
    0.0000  -30.0000   15.0000 8439.4551   17.9556
    7.5000  -30.0000   15.0000 8022.9204   17.9291
   -7.5000  -22.5000   15.0000 9465.1758   17.6028
    0.0000  -22.5000   15.0000 9865.9023   17.5952
    7.5000  -22.5000   15.0000 9387.4033   17.5763
   -7.5000  -15.0000   15.000010790.7354   17.4344
    0.0000  -15.0000   15.000011259.5137   17.4320
    7.5000  -15.0000   15.000010738.7139   17.4176
   -7.5000   -7.5000   15.000012071.2158   17.4381
    0.0000   -7.5000   15.000012599.4824   17.4373
    7.5000   -7.5000   15.000011995.4951   17.4211
   -7.5000    0.0000   15.000013274.8887   17.4475
    0.0000    0.0000   15.000013864.6436   17.4429
    7.5000    0.0000   15.000013164.2900   17.4207
   -7.5000    7.5000   15.000013475.4355   17.3796
    0.0000    7.5000   15.000014076.2354   17.3718
    7.5000    7.5000   15.000013346.9316   17.3474
   -7.5000   15.0000   15.000013524.4961   17.2878
    0.0000   15.0000   15.000014108.9844   17.2792
    7.5000   15.0000   15.000013383.1719   17.2588
   -7.5000   22.5000   15.000013383.2168   17.2548
    0.0000   22.5000   15.000013922.7900   17.2484
    7.5000   22.5000   15.000013247.6631   17.2334
   -7.5000   30.0000   15.000013067.9912   17.1028
    0.0000   30.0000   15.000013572.4844   17.1012
    7.5000   30.0000   15.000012944.0908   17.0887
   -7.5000   37.5000   15.000013147.7295   17.1903
    0.0000   37.5000   15.000013655.5889   17.1897
    7.5000   37.5000   15.000013034.2090   17.1742
   -7.5000   45.0000   15.000012704.1533   16.8173
    0.0000   45.0000   15.000013198.0859   16.8130
    7.5000   45.0000   15.000012620.8311   16.7915
   -7.5000  -45.0000   22.5000 5478.8179   19.5722
    0.0000  -45.0000   22.5000 5701.2832   19.5751
    7.5000  -45.0000   22.5000 5408.9165   19.5446
   -7.5000  -37.5000   22.5000 6267.9658   18.6926
    0.0000  -37.5000   22.5000 6524.4414   18.6984
    7.5000  -37.5000   22.5000 6195.7070   18.6711
   -7.5000  -30.0000   22.5000 7434.4297   18.0550
    0.0000  -30.0000   22.5000 7761.0405   18.0531
    7.5000  -30.0000   22.5000 7373.8794   18.0332
   -7.5000  -22.5000   22.5000 8711.8799   17.6897
    0.0000  -22.5000   22.5000 9091.9316   17.6869
    7.5000  -22.5000   22.5000 8635.7334   17.6736
   -7.5000  -15.0000   22.5000 9959.6270   17.5116
    0.0000  -15.0000   22.500010398.9814   17.5138
    7.5000  -15.0000   22.5000 9877.9434   17.5033
   -7.5000   -7.5000   22.500011146.5264   17.5102
    0.0000   -7.5000   22.500011630.6348   17.5170
    7.5000   -7.5000   22.500011041.4326   17.5039
   -7.5000    0.0000   22.500012250.9189   17.5225
    0.0000    0.0000   22.500012768.8691   17.5289
    7.5000    0.0000   22.500012132.0361   17.5103
   -7.5000    7.5000   22.500012432.2529   17.4625
    0.0000    7.5000   22.500012934.5723   17.4655
    7.5000    7.5000   22.500012316.6572   17.4462
   -7.5000   15.0000   22.500012472.5479   17.3761
    0.0000   15.0000   22.500012950.4600   17.3750
    7.5000   15.0000   22.500012365.5576   17.3606
   -7.5000   22.5000   22.500012337.1826   17.3389
    0.0000   22.5000   22.500012803.9893   17.3372
    7.5000   22.5000   22.500012243.7266   17.3276
   -7.5000   30.0000   22.500012059.5205   17.1775
    0.0000   30.0000   22.500012527.3936   17.1804
    7.5000   30.0000   22.500011976.6670   17.1717
   -7.5000   37.5000   22.500012164.9160   17.2612
    0.0000   37.5000   22.500012639.0605   17.2681
    7.5000   37.5000   22.500012087.7393   17.2556
   -7.5000   45.0000   22.500011762.4473   16.8896
    0.0000   45.0000   22.500012221.7090   16.8959
    7.5000   45.0000   22.500011702.3857   16.8779
   -7.5000  -45.0000   30.0000 4955.7490   19.7989
    0.0000  -45.0000   30.0000 5164.0493   19.8152
    7.5000  -45.0000   30.0000 4910.7729   19.7976
   -7.5000  -37.5000   30.0000 5676.0508   18.9005
    0.0000  -37.5000   30.0000 5917.9590   18.9170
    7.5000  -37.5000   30.0000 5632.0166   18.9004
   -7.5000  -30.0000   30.0000 6754.3672   18.2599
    0.0000  -30.0000   30.0000 7045.1753   18.2654
    7.5000  -30.0000   30.0000 6698.7080   18.2528
   -7.5000  -22.5000   30.0000 7929.3403   17.8978
    0.0000  -22.5000   30.0000 8273.7842   17.9015
    7.5000  -22.5000   30.0000 7852.7778   17.8929
   -7.5000  -15.0000   30.0000 9054.5430   17.7197
    0.0000  -15.0000   30.0000 9459.8887   17.7287
    7.5000  -15.0000   30.0000 8982.9199   17.7226
   -7.5000   -7.5000   30.000010132.3125   17.7158
    0.0000   -7.5000   30.000010579.6523   17.7313
    7.5000   -7.5000   30.000010043.0117   17.7251
   -7.5000    0.0000   30.000011111.1924   17.7224
    0.0000    0.0000   30.000011600.0078   17.7392
    7.5000    0.0000   30.000011024.6943   17.7304
   -7.5000    7.5000   30.000011255.3711   17.6594
    0.0000    7.5000   30.000011751.1367   17.6716
    7.5000    7.5000   30.000011184.9229   17.6619
   -7.5000   15.0000   30.000011300.8887   17.5771
    0.0000   15.0000   30.000011786.6963   17.5831
    7.5000   15.0000   30.000011237.6133   17.5756
   -7.5000   22.5000   30.000011223.5625   17.5464
    0.0000   22.5000   30.000011688.5020   17.5510
    7.5000   22.5000   30.000011156.8125   17.5457
   -7.5000   30.0000   30.000010986.8252   17.3842
    0.0000   30.0000   30.000011448.5967   17.3937
    7.5000   30.0000   30.000010911.1504   17.3893
   -7.5000   37.5000   30.000011088.8369   17.4644
    0.0000   37.5000   30.000011546.2188   17.4799
    7.5000   37.5000   30.000011011.8076   17.4742
   -7.5000   45.0000   30.000010763.6846   17.0824
    0.0000   45.0000   30.000011205.0811   17.0985
    7.5000   45.0000   30.000010695.8350   17.0900
   -7.5000  -45.0000   37.5000 4675.9761   20.3696
    0.0000  -45.0000   37.5000 4874.5957   20.3885
    7.5000  -45.0000   37.5000 4642.3008   20.3767
   -7.5000  -37.5000   37.5000 5377.0049   19.4182
    0.0000  -37.5000   37.5000 5605.9507   19.4361
    7.5000  -37.5000   37.5000 5339.6353   19.4220
   -7.5000  -30.0000   37.5000 6404.4932   18.7500
    0.0000  -30.0000   37.5000 6675.0767   18.7582
    7.5000  -30.0000   37.5000 6365.0020   18.7446
   -7.5000  -22.5000   37.5000 7503.4131   18.3813
    0.0000  -22.5000   37.5000 7818.9229   18.3898
    7.5000  -22.5000   37.5000 7441.7163   18.3799
   -7.5000  -15.0000   37.5000 8572.6680   18.2080
    0.0000  -15.0000   37.5000 8957.4219   18.2220
    7.5000  -15.0000   37.5000 8503.5332   18.2166
   -7.5000   -7.5000   37.5000 9592.4443   18.2076
    0.0000   -7.5000   37.500010033.7100   18.2264
    7.5000   -7.5000   37.5000 9514.0645   18.2243
   -7.5000    0.0000   37.500010525.3936   18.2065
    0.0000    0.0000   37.500011009.6455   18.2248
    7.5000    0.0000   37.500010447.2930   18.2221
   -7.5000    7.5000   37.500010662.5146   18.1292
    0.0000    7.5000   37.500011139.8916   18.1427
    7.5000    7.5000   37.500010585.7393   18.1365
   -7.5000   15.0000   37.500010682.6084   18.0409
    0.0000   15.0000   37.500011153.0918   18.0499
    7.5000   15.0000   37.500010616.6016   18.0419
   -7.5000   22.5000   37.500010595.2617   18.0194
    0.0000   22.5000   37.500011044.9434   18.0287
    7.5000   22.5000   37.500010535.8916   18.0223
   -7.5000   30.0000   37.500010390.9912   17.8645
    0.0000   30.0000   37.500010829.8232   17.8789
    7.5000   30.0000   37.500010326.4121   17.8752
   -7.5000   37.5000   37.500010499.5908   17.9495
    0.0000   37.5000   37.500010941.7725   17.9683
    7.5000   37.5000   37.500010442.3369   17.9666
   -7.5000   45.0000   37.500010205.8496   17.5489
    0.0000   45.0000   37.500010656.0322   17.5666
    7.5000   45.0000   37.500010154.7041   17.5640
   -7.5000  -45.0000   45.0000 4234.5435   21.0715
    0.0000  -45.0000   45.0000 4411.8589   21.0709
    7.5000  -45.0000   45.0000 4203.0386   21.0491
   -7.5000  -37.5000   45.0000 4884.9668   20.0772
    0.0000  -37.5000   45.0000 5084.3398   20.0785
    7.5000  -37.5000   45.0000 4845.0815   20.0543
   -7.5000  -30.0000   45.0000 5818.4053   19.3653
    0.0000  -30.0000   45.0000 6057.3057   19.3632
    7.5000  -30.0000   45.0000 5774.5337   19.3402
   -7.5000  -22.5000   45.0000 6803.3516   18.9786
    0.0000  -22.5000   45.0000 7082.5596   18.9818
    7.5000  -22.5000   45.0000 6752.7891   18.9643
   -7.5000  -15.0000   45.0000 7775.2798   18.8044
    0.0000  -15.0000   45.0000 8102.8584   18.8132
    7.5000  -15.0000   45.0000 7711.3569   18.8023
   -7.5000   -7.5000   45.0000 8697.6777   18.8065
    0.0000   -7.5000   45.0000 9078.4678   18.8151
    7.5000   -7.5000   45.0000 8622.6738   18.8079
   -7.5000    0.0000   45.0000 9540.8867   18.8011
    0.0000    0.0000   45.0000 9956.0293   18.8043
    7.5000    0.0000   45.0000 9469.3447   18.7953
   -7.5000    7.5000   45.0000 9653.3828   18.7130
    0.0000    7.5000   45.000010070.2109   18.7121
    7.5000    7.5000   45.0000 9588.1973   18.6981
   -7.5000   15.0000   45.0000 9678.5928   18.6168
    0.0000   15.0000   45.000010100.8691   18.6161
    7.5000   15.0000   45.0000 9617.4697   18.5998
   -7.5000   22.5000   45.0000 9612.3086   18.6004
    0.0000   22.5000   45.000010031.3184   18.6047
    7.5000   22.5000   45.0000 9560.9678   18.5911
   -7.5000   30.0000   45.0000 9423.9355   18.4484
    0.0000   30.0000   45.0000 9833.6621   18.4578
    7.5000   30.0000   45.0000 9370.4014   18.4487
   -7.5000   37.5000   45.0000 9525.5195   18.5385
    0.0000   37.5000   45.0000 9935.6924   18.5471
    7.5000   37.5000   45.0000 9468.1748   18.5404
   -7.5000   45.0000   45.0000 9285.1816   18.1303
    0.0000   45.0000   45.0000 9686.7607   18.1334
    7.5000   45.0000   45.0000 9217.2910   18.1248

---------------------------------------------------------------------
imgreg_4dfp /opt/freesurfer/average/711-2C_as_mni_average_305 /opt/freesurfer/average/711-2B_as_mni_average_305_mask talsrcimg_g11 none talsrcimg_to_711-2C_as_mni_average_305_t4 4355
---------------------------------------------------------------------

freesurfer imgreg_4dfp.c
/opt/freesurfer/average/711-2C_as_mni_average_305.4dfp.img
       256       256       256         1
  1.000000  1.000000  1.000000
orientation T byte_order littleendian
Reading image: /opt/freesurfer/average/711-2C_as_mni_average_305.4dfp.img
dimensions:      256       256       256
mmppix:       1.0000   -1.0000   -1.0000
center:     128.0000 -129.0000 -129.0000
/opt/freesurfer/average/711-2B_as_mni_average_305_mask.4dfp.img
       256       256       256         1
  1.000000  1.000000  1.000000
orientation T byte_order littleendian
Reading mask: /opt/freesurfer/average/711-2B_as_mni_average_305_mask.4dfp.img (2306576 pixels)
talsrcimg_g11.4dfp.img
       256       256       256         1
  1.000000  1.000000  1.000000
orientation T byte_order littleendian
Reading image: talsrcimg_g11.4dfp.img
dimensions:      256       256       256
mmppix:       1.0000   -1.0000   -1.0000
center:     128.0000 -129.0000 -129.0000
rotation matrix determinant  1.000000
image alignment mode   4355 decimal     1103 hex
   -7.5000  -45.0000  -45.0000 1462.3499   32.6831
    0.0000  -45.0000  -45.0000 1465.3722   32.5345
    7.5000  -45.0000  -45.0000 1445.8649   32.6495
   -7.5000  -37.5000  -45.0000 1603.3245   26.9560
    0.0000  -37.5000  -45.0000 1608.0732   26.8776
    7.5000  -37.5000  -45.0000 1587.9501   27.1097
   -7.5000  -30.0000  -45.0000 1747.8920   22.5028
    0.0000  -30.0000  -45.0000 1752.3876   22.3965
    7.5000  -30.0000  -45.0000 1735.5186   22.7324
   -7.5000  -22.5000  -45.0000 1893.1361   19.3499
    0.0000  -22.5000  -45.0000 1899.7767   19.3042
    7.5000  -22.5000  -45.0000 1885.9801   19.5388
   -7.5000  -15.0000  -45.0000 2025.0487   17.2232
    0.0000  -15.0000  -45.0000 2033.3667   17.1865
    7.5000  -15.0000  -45.0000 2017.9308   17.3403
   -7.5000   -7.5000  -45.0000 2131.1440   15.6076
    0.0000   -7.5000  -45.0000 2140.8779   15.5792
    7.5000   -7.5000  -45.0000 2124.5698   15.7235
   -7.5000    0.0000  -45.0000 2227.4502   14.2018
    0.0000    0.0000  -45.0000 2235.3213   14.1876
    7.5000    0.0000  -45.0000 2216.4287   14.3225
   -7.5000    7.5000  -45.0000 2325.6741   13.0195
    0.0000    7.5000  -45.0000 2331.8767   12.9985
    7.5000    7.5000  -45.0000 2307.1421   13.1228
   -7.5000   15.0000  -45.0000 2385.4116   12.1492
    0.0000   15.0000  -45.0000 2391.7437   12.1258
    7.5000   15.0000  -45.0000 2375.2292   12.2511
   -7.5000   22.5000  -45.0000 2427.1416   11.6154
    0.0000   22.5000  -45.0000 2436.9255   11.5849
    7.5000   22.5000  -45.0000 2414.3196   11.7184
   -7.5000   30.0000  -45.0000 2448.6565   11.4141
    0.0000   30.0000  -45.0000 2458.6306   11.3796
    7.5000   30.0000  -45.0000 2433.8730   11.5195
   -7.5000   37.5000  -45.0000 2440.1689   11.5253
    0.0000   37.5000  -45.0000 2451.8501   11.4922
    7.5000   37.5000  -45.0000 2428.0747   11.6291
   -7.5000   45.0000  -45.0000 2411.1770   11.7947
    0.0000   45.0000  -45.0000 2423.0208   11.7647
    7.5000   45.0000  -45.0000 2397.7659   11.9035
   -7.5000  -45.0000  -37.5000 1495.9099   31.1865
    0.0000  -45.0000  -37.5000 1503.1108   30.9925
    7.5000  -45.0000  -37.5000 1482.2023   31.2671
   -7.5000  -37.5000  -37.5000 1641.9042   25.6501
    0.0000  -37.5000  -37.5000 1648.3337   25.4948
    7.5000  -37.5000  -37.5000 1628.8346   25.8742
   -7.5000  -30.0000  -37.5000 1790.2258   21.4377
    0.0000  -30.0000  -37.5000 1796.6343   21.2999
    7.5000  -30.0000  -37.5000 1778.8372   21.6450
   -7.5000  -22.5000  -37.5000 1941.8239   18.3832
    0.0000  -22.5000  -37.5000 1948.5209   18.3381
    7.5000  -22.5000  -37.5000 1932.2626   18.5705
   -7.5000  -15.0000  -37.5000 2078.7869   16.2888
    0.0000  -15.0000  -37.5000 2087.4297   16.2489
    7.5000  -15.0000  -37.5000 2072.1191   16.4125
   -7.5000   -7.5000  -37.5000 2192.3513   14.7002
    0.0000   -7.5000  -37.5000 2200.6895   14.6441
    7.5000   -7.5000  -37.5000 2184.2871   14.7770
   -7.5000    0.0000  -37.5000 2295.5774   13.3654
    0.0000    0.0000  -37.5000 2301.5864   13.3306
    7.5000    0.0000  -37.5000 2282.5771   13.4450
   -7.5000    7.5000  -37.5000 2395.5791   12.2348
    0.0000    7.5000  -37.5000 2405.2244   12.2098
    7.5000    7.5000  -37.5000 2381.6748   12.3101
   -7.5000   15.0000  -37.5000 2463.3682   11.3706
    0.0000   15.0000  -37.5000 2473.7083   11.3380
    7.5000   15.0000  -37.5000 2455.2061   11.4516
   -7.5000   22.5000  -37.5000 2515.8035   10.8596
    0.0000   22.5000  -37.5000 2526.4270   10.8150
    7.5000   22.5000  -37.5000 2506.5027   10.9647
   -7.5000   30.0000  -37.5000 2547.3347   10.6601
    0.0000   30.0000  -37.5000 2558.7156   10.6233
    7.5000   30.0000  -37.5000 2533.8945   10.7767
   -7.5000   37.5000  -37.5000 2545.2517   10.7623
    0.0000   37.5000  -37.5000 2558.2798   10.7278
    7.5000   37.5000  -37.5000 2530.9587   10.8582
   -7.5000   45.0000  -37.5000 2513.7808   11.0256
    0.0000   45.0000  -37.5000 2528.8677   10.9982
    7.5000   45.0000  -37.5000 2499.8740   11.0971
   -7.5000  -45.0000  -30.0000 1543.9540   30.8995
    0.0000  -45.0000  -30.0000 1551.5327   30.7395
    7.5000  -45.0000  -30.0000 1533.1636   31.1063
   -7.5000  -37.5000  -30.0000 1698.6058   25.4125
    0.0000  -37.5000  -30.0000 1704.7888   25.2280
    7.5000  -37.5000  -30.0000 1686.1582   25.6793
   -7.5000  -30.0000  -30.0000 1859.2605   21.2176
    0.0000  -30.0000  -30.0000 1864.7460   21.1229
    7.5000  -30.0000  -30.0000 1846.7753   21.4871
   -7.5000  -22.5000  -30.0000 2021.5730   18.2104
    0.0000  -22.5000  -30.0000 2028.3989   18.1545
    7.5000  -22.5000  -30.0000 2013.3070   18.4176
   -7.5000  -15.0000  -30.0000 2168.0408   16.0512
    0.0000  -15.0000  -30.0000 2175.7844   15.9962
    7.5000  -15.0000  -30.0000 2159.3333   16.2117
   -7.5000   -7.5000  -30.0000 2286.6089   14.4274
    0.0000   -7.5000  -30.0000 2295.0549   14.3511
    7.5000   -7.5000  -30.0000 2276.3318   14.5355
   -7.5000    0.0000  -30.0000 2395.0691   13.0765
    0.0000    0.0000  -30.0000 2403.4595   13.0108
    7.5000    0.0000  -30.0000 2384.9338   13.1696
   -7.5000    7.5000  -30.0000 2499.7449   11.9274
    0.0000    7.5000  -30.0000 2509.2192   11.8735
    7.5000    7.5000  -30.0000 2487.6230   12.0135
   -7.5000   15.0000  -30.0000 2580.5981   11.0589
    0.0000   15.0000  -30.0000 2590.8567   11.0259
    7.5000   15.0000  -30.0000 2572.2185   11.1547
   -7.5000   22.5000  -30.0000 2644.6108   10.5391
    0.0000   22.5000  -30.0000 2657.4924   10.4874
    7.5000   22.5000  -30.0000 2636.4607   10.6446
   -7.5000   30.0000  -30.0000 2684.0396   10.3575
    0.0000   30.0000  -30.0000 2703.1467   10.3241
    7.5000   30.0000  -30.0000 2672.8362   10.4590
   -7.5000   37.5000  -30.0000 2689.4341   10.4325
    0.0000   37.5000  -30.0000 2705.5322   10.4213
    7.5000   37.5000  -30.0000 2674.9221   10.5260
   -7.5000   45.0000  -30.0000 2658.5706   10.6971
    0.0000   45.0000  -30.0000 2677.0745   10.6847
    7.5000   45.0000  -30.0000 2642.1140   10.7809
   -7.5000  -45.0000  -22.5000 1566.0365   30.6104
    0.0000  -45.0000  -22.5000 1571.2468   30.3229
    7.5000  -45.0000  -22.5000 1555.4045   30.8940
   -7.5000  -37.5000  -22.5000 1735.4780   24.9996
    0.0000  -37.5000  -22.5000 1736.8461   24.8827
    7.5000  -37.5000  -22.5000 1719.5680   25.4238
   -7.5000  -30.0000  -22.5000 1910.8960   20.8711
    0.0000  -30.0000  -22.5000 1914.2347   20.8363
    7.5000  -30.0000  -22.5000 1896.1245   21.2304
   -7.5000  -22.5000  -22.5000 2083.8843   17.9012
    0.0000  -22.5000  -22.5000 2092.6753   17.8961
    7.5000  -22.5000  -22.5000 2070.7258   18.1610
   -7.5000  -15.0000  -22.5000 2230.1294   15.7131
    0.0000  -15.0000  -22.5000 2238.3608   15.6846
    7.5000  -15.0000  -22.5000 2215.6497   15.9013
   -7.5000   -7.5000  -22.5000 2349.3062   14.0517
    0.0000   -7.5000  -22.5000 2359.5757   14.0097
    7.5000   -7.5000  -22.5000 2336.6196   14.2140
   -7.5000    0.0000  -22.5000 2452.1860   12.6968
    0.0000    0.0000  -22.5000 2463.6343   12.6466
    7.5000    0.0000  -22.5000 2446.3206   12.8355
   -7.5000    7.5000  -22.5000 2561.6365   11.5331
    0.0000    7.5000  -22.5000 2573.5110   11.4845
    7.5000    7.5000  -22.5000 2554.9634   11.6584
   -7.5000   15.0000  -22.5000 2662.6697   10.6457
    0.0000   15.0000  -22.5000 2675.9265   10.6182
    7.5000   15.0000  -22.5000 2654.2761   10.7913
   -7.5000   22.5000  -22.5000 2746.3562   10.1768
    0.0000   22.5000  -22.5000 2762.7385   10.1316
    7.5000   22.5000  -22.5000 2736.9109   10.2906
   -7.5000   30.0000  -22.5000 2799.0710   10.0078
    0.0000   30.0000  -22.5000 2822.5671    9.9891
    7.5000   30.0000  -22.5000 2781.7876   10.1240
   -7.5000   37.5000  -22.5000 2810.7842   10.0849
    0.0000   37.5000  -22.5000 2832.1995   10.0788
    7.5000   37.5000  -22.5000 2786.3660   10.2056
   -7.5000   45.0000  -22.5000 2776.3550   10.3344
    0.0000   45.0000  -22.5000 2795.2185   10.3300
    7.5000   45.0000  -22.5000 2754.1262   10.4727
   -7.5000  -45.0000  -15.0000 1567.1133   30.3786
    0.0000  -45.0000  -15.0000 1575.1501   30.1589
    7.5000  -45.0000  -15.0000 1558.9147   30.7756
   -7.5000  -37.5000  -15.0000 1751.4196   24.7969
    0.0000  -37.5000  -15.0000 1754.5822   24.6933
    7.5000  -37.5000  -15.0000 1737.0535   25.2197
   -7.5000  -30.0000  -15.0000 1941.1311   20.6483
    0.0000  -30.0000  -15.0000 1945.5304   20.6453
    7.5000  -30.0000  -15.0000 1924.1497   21.0118
   -7.5000  -22.5000  -15.0000 2117.2053   17.6092
    0.0000  -22.5000  -15.0000 2123.9929   17.6352
    7.5000  -22.5000  -15.0000 2098.8286   17.8746
   -7.5000  -15.0000  -15.0000 2260.3828   15.3943
    0.0000  -15.0000  -15.0000 2270.8533   15.4018
    7.5000  -15.0000  -15.0000 2242.0530   15.6377
   -7.5000   -7.5000  -15.0000 2382.3589   13.7109
    0.0000   -7.5000  -15.0000 2390.2173   13.6898
    7.5000   -7.5000  -15.0000 2363.6597   13.9351
   -7.5000    0.0000  -15.0000 2490.5806   12.3265
    0.0000    0.0000  -15.0000 2499.3801   12.2938
    7.5000    0.0000  -15.0000 2474.7620   12.5147
   -7.5000    7.5000  -15.0000 2604.3228   11.1667
    0.0000    7.5000  -15.0000 2617.7561   11.1333
    7.5000    7.5000  -15.0000 2591.1040   11.3429
   -7.5000   15.0000  -15.0000 2714.7900   10.2952
    0.0000   15.0000  -15.0000 2729.8389   10.2571
    7.5000   15.0000  -15.0000 2700.8438   10.4968
   -7.5000   22.5000  -15.0000 2820.8611    9.8633
    0.0000   22.5000  -15.0000 2839.4221    9.8335
    7.5000   22.5000  -15.0000 2802.7319   10.0363
   -7.5000   30.0000  -15.0000 2891.5122    9.7204
    0.0000   30.0000  -15.0000 2921.0923    9.6823
    7.5000   30.0000  -15.0000 2859.7307    9.8724
   -7.5000   37.5000  -15.0000 2901.8975    9.7890
    0.0000   37.5000  -15.0000 2925.9878    9.7660
    7.5000   37.5000  -15.0000 2868.0061    9.9562
   -7.5000   45.0000  -15.0000 2857.7803   10.0464
    0.0000   45.0000  -15.0000 2874.5920   10.0170
    7.5000   45.0000  -15.0000 2829.6094   10.2193
   -7.5000  -45.0000   -7.5000 1558.4794   30.2998
    0.0000  -45.0000   -7.5000 1564.9838   30.1940
    7.5000  -45.0000   -7.5000 1552.6743   30.8335
   -7.5000  -37.5000   -7.5000 1747.5265   24.6020
    0.0000  -37.5000   -7.5000 1751.3666   24.5357
    7.5000  -37.5000   -7.5000 1736.1388   25.0442
   -7.5000  -30.0000   -7.5000 1943.7616   20.5059
    0.0000  -30.0000   -7.5000 1951.3246   20.4929
    7.5000  -30.0000   -7.5000 1926.0747   20.8077
   -7.5000  -22.5000   -7.5000 2127.9060   17.4615
    0.0000  -22.5000   -7.5000 2138.8181   17.4411
    7.5000  -22.5000   -7.5000 2102.9954   17.7208
   -7.5000  -15.0000   -7.5000 2277.6516   15.2266
    0.0000  -15.0000   -7.5000 2288.7593   15.1928
    7.5000  -15.0000   -7.5000 2257.8484   15.5095
   -7.5000   -7.5000   -7.5000 2401.2576   13.5207
    0.0000   -7.5000   -7.5000 2408.1614   13.4714
    7.5000   -7.5000   -7.5000 2382.1445   13.7866
   -7.5000    0.0000   -7.5000 2509.9277   12.1095
    0.0000    0.0000   -7.5000 2517.2170   12.0525
    7.5000    0.0000   -7.5000 2490.6409   12.3589
   -7.5000    7.5000   -7.5000 2625.5688   10.9333
    0.0000    7.5000   -7.5000 2639.5015   10.8849
    7.5000    7.5000   -7.5000 2603.5620   11.1744
   -7.5000   15.0000   -7.5000 2742.1130   10.0744
    0.0000   15.0000   -7.5000 2758.8611   10.0188
    7.5000   15.0000   -7.5000 2721.8999   10.3189
   -7.5000   22.5000   -7.5000 2856.2275    9.7041
    0.0000   22.5000   -7.5000 2878.0845    9.6542
    7.5000   22.5000   -7.5000 2831.8921    9.8749
   -7.5000   30.0000   -7.5000 2938.9666    9.5419
    0.0000   30.0000   -7.5000 2974.1558    9.4827
    7.5000   30.0000   -7.5000 2897.4985    9.7422
   -7.5000   37.5000   -7.5000 2956.3528    9.6320
    0.0000   37.5000   -7.5000 2988.6228    9.5191
    7.5000   37.5000   -7.5000 2907.1631    9.8751
   -7.5000   45.0000   -7.5000 2902.9580    9.9441
    0.0000   45.0000   -7.5000 2919.9561    9.8664
    7.5000   45.0000   -7.5000 2867.0286   10.1414
   -7.5000  -45.0000    0.0000 1541.5573   30.8371
    0.0000  -45.0000    0.0000 1547.4835   30.7394
    7.5000  -45.0000    0.0000 1535.2131   31.5299
   -7.5000  -37.5000    0.0000 1731.4434   24.8234
    0.0000  -37.5000    0.0000 1735.4768   24.7798
    7.5000  -37.5000    0.0000 1717.7678   25.3636
   -7.5000  -30.0000    0.0000 1930.1361   20.5441
    0.0000  -30.0000    0.0000 1937.1281   20.5373
    7.5000  -30.0000    0.0000 1910.4043   20.9398
   -7.5000  -22.5000    0.0000 2117.1177   17.4445
    0.0000  -22.5000    0.0000 2128.3989   17.4145
    7.5000  -22.5000    0.0000 2095.3745   17.7696
   -7.5000  -15.0000    0.0000 2274.2776   15.2001
    0.0000  -15.0000    0.0000 2283.9512   15.1583
    7.5000  -15.0000    0.0000 2253.6951   15.5175
   -7.5000   -7.5000    0.0000 2399.6470   13.5422
    0.0000   -7.5000    0.0000 2409.3704   13.4649
    7.5000   -7.5000    0.0000 2379.2112   13.8113
   -7.5000    0.0000    0.0000 2513.4077   12.1611
    0.0000    0.0000    0.0000 2524.6494   12.0931
    7.5000    0.0000    0.0000 2490.0647   12.4103
   -7.5000    7.5000    0.0000 2632.0532   10.9832
    0.0000    7.5000    0.0000 2649.8088   10.9251
    7.5000    7.5000    0.0000 2607.6934   11.2499
   -7.5000   15.0000    0.0000 2746.4866   10.1496
    0.0000   15.0000    0.0000 2766.0681   10.0737
    7.5000   15.0000    0.0000 2722.5918   10.4112
   -7.5000   22.5000    0.0000 2850.2263    9.7417
    0.0000   22.5000    0.0000 2873.8828    9.6723
    7.5000   22.5000    0.0000 2828.1904    9.9496
   -7.5000   30.0000    0.0000 2919.8206    9.6536
    0.0000   30.0000    0.0000 2953.2158    9.5720
    7.5000   30.0000    0.0000 2890.8359    9.8649
   -7.5000   37.5000    0.0000 2941.8992    9.7769
    0.0000   37.5000    0.0000 2971.5232    9.6754
    7.5000   37.5000    0.0000 2903.0796    9.9857
   -7.5000   45.0000    0.0000 2896.3521   10.0727
    0.0000   45.0000    0.0000 2916.6887    9.9684
    7.5000   45.0000    0.0000 2857.4058   10.2197
   -7.5000  -45.0000    7.5000 1515.5647   31.8897
    0.0000  -45.0000    7.5000 1519.1385   31.8018
    7.5000  -45.0000    7.5000 1508.7438   32.6457
   -7.5000  -37.5000    7.5000 1699.9717   25.5038
    0.0000  -37.5000    7.5000 1703.3036   25.4486
    7.5000  -37.5000    7.5000 1684.0841   26.0216
   -7.5000  -30.0000    7.5000 1900.9977   20.9793
    0.0000  -30.0000    7.5000 1903.5011   20.9658
    7.5000  -30.0000    7.5000 1878.3575   21.4342
   -7.5000  -22.5000    7.5000 2092.7004   17.7794
    0.0000  -22.5000    7.5000 2101.0283   17.7907
    7.5000  -22.5000    7.5000 2071.8218   18.2261
   -7.5000  -15.0000    7.5000 2256.6758   15.4545
    0.0000  -15.0000    7.5000 2265.2102   15.4299
    7.5000  -15.0000    7.5000 2235.4824   15.8660
   -7.5000   -7.5000    7.5000 2388.7092   13.7499
    0.0000   -7.5000    7.5000 2400.1787   13.6956
    7.5000   -7.5000    7.5000 2365.3484   14.0949
   -7.5000    0.0000    7.5000 2501.6121   12.3818
    0.0000    0.0000    7.5000 2518.2305   12.3048
    7.5000    0.0000    7.5000 2484.0964   12.6720
   -7.5000    7.5000    7.5000 2615.4846   11.2829
    0.0000    7.5000    7.5000 2636.3462   11.1987
    7.5000    7.5000    7.5000 2596.7058   11.5523
   -7.5000   15.0000    7.5000 2728.0029   10.5317
    0.0000   15.0000    7.5000 2749.7227   10.4814
    7.5000   15.0000    7.5000 2706.2954   10.7619
   -7.5000   22.5000    7.5000 2820.6287   10.1046
    0.0000   22.5000    7.5000 2844.7805   10.0419
    7.5000   22.5000    7.5000 2796.9260   10.3137
   -7.5000   30.0000    7.5000 2872.2400    9.9682
    0.0000   30.0000    7.5000 2896.0171    9.9150
    7.5000   30.0000    7.5000 2845.5615   10.1555
   -7.5000   37.5000    7.5000 2877.0361   10.1053
    0.0000   37.5000    7.5000 2900.5330   10.0757
    7.5000   37.5000    7.5000 2850.2241   10.2433
   -7.5000   45.0000    7.5000 2829.6409   10.3450
    0.0000   45.0000    7.5000 2849.1157   10.3176
    7.5000   45.0000    7.5000 2801.8037   10.4542
   -7.5000  -45.0000   15.0000 1482.6299   33.7763
    0.0000  -45.0000   15.0000 1487.3040   33.5642
    7.5000  -45.0000   15.0000 1474.7601   34.3098
   -7.5000  -37.5000   15.0000 1663.7572   26.7559
    0.0000  -37.5000   15.0000 1667.4242   26.7167
    7.5000  -37.5000   15.0000 1647.4136   27.3212
   -7.5000  -30.0000   15.0000 1862.7546   21.7780
    0.0000  -30.0000   15.0000 1868.4286   21.7981
    7.5000  -30.0000   15.0000 1846.6240   22.3854
   -7.5000  -22.5000   15.0000 2053.2271   18.4020
    0.0000  -22.5000   15.0000 2063.9807   18.3558
    7.5000  -22.5000   15.0000 2039.5516   18.8988
   -7.5000  -15.0000   15.0000 2219.1304   16.0135
    0.0000  -15.0000   15.0000 2231.6021   15.9453
    7.5000  -15.0000   15.0000 2206.9026   16.4192
   -7.5000   -7.5000   15.0000 2353.2170   14.2941
    0.0000   -7.5000   15.0000 2367.3284   14.2118
    7.5000   -7.5000   15.0000 2336.2327   14.6352
   -7.5000    0.0000   15.0000 2470.2439   12.9534
    0.0000    0.0000   15.0000 2489.4634   12.8749
    7.5000    0.0000   15.0000 2453.0105   13.2238
   -7.5000    7.5000   15.0000 2586.6863   11.9254
    0.0000    7.5000   15.0000 2606.3440   11.8660
    7.5000    7.5000   15.0000 2562.3284   12.1662
   -7.5000   15.0000   15.0000 2690.3809   11.1555
    0.0000   15.0000   15.0000 2708.4529   11.1177
    7.5000   15.0000   15.0000 2666.3484   11.3755
   -7.5000   22.5000   15.0000 2766.5051   10.6836
    0.0000   22.5000   15.0000 2789.8198   10.6062
    7.5000   22.5000   15.0000 2743.7053   10.8740
   -7.5000   30.0000   15.0000 2798.9597   10.4837
    0.0000   30.0000   15.0000 2819.3096   10.3979
    7.5000   30.0000   15.0000 2779.1160   10.6480
   -7.5000   37.5000   15.0000 2789.5693   10.5418
    0.0000   37.5000   15.0000 2809.0173   10.4612
    7.5000   37.5000   15.0000 2771.4717   10.6927
   -7.5000   45.0000   15.0000 2741.8381   10.7329
    0.0000   45.0000   15.0000 2759.8303   10.6716
    7.5000   45.0000   15.0000 2728.3281   10.8714
   -7.5000  -45.0000   22.5000 1447.2986   35.9809
    0.0000  -45.0000   22.5000 1452.6357   35.8469
    7.5000  -45.0000   22.5000 1441.8597   36.5208
   -7.5000  -37.5000   22.5000 1623.3412   28.4055
    0.0000  -37.5000   22.5000 1629.8026   28.3058
    7.5000  -37.5000   22.5000 1611.0133   28.9980
   -7.5000  -30.0000   22.5000 1821.2975   23.0724
    0.0000  -30.0000   22.5000 1830.9805   23.0769
    7.5000  -30.0000   22.5000 1809.2089   23.6383
   -7.5000  -22.5000   22.5000 2013.0192   19.4404
    0.0000  -22.5000   22.5000 2020.8584   19.4284
    7.5000  -22.5000   22.5000 1999.4609   19.9205
   -7.5000  -15.0000   22.5000 2176.0833   16.9715
    0.0000  -15.0000   22.5000 2188.1101   16.9303
    7.5000  -15.0000   22.5000 2163.1167   17.3490
   -7.5000   -7.5000   22.5000 2309.6355   15.1932
    0.0000   -7.5000   22.5000 2322.1235   15.1381
    7.5000   -7.5000   22.5000 2292.3591   15.4860
   -7.5000    0.0000   22.5000 2425.6401   13.7948
    0.0000    0.0000   22.5000 2442.9373   13.7328
    7.5000    0.0000   22.5000 2405.9873   14.0518
   -7.5000    7.5000   22.5000 2534.1121   12.7089
    0.0000    7.5000   22.5000 2550.0063   12.6599
    7.5000    7.5000   22.5000 2511.8687   12.9603
   -7.5000   15.0000   22.5000 2625.6462   11.9108
    0.0000   15.0000   22.5000 2642.6819   11.8328
    7.5000   15.0000   22.5000 2606.8093   12.1264
   -7.5000   22.5000   22.5000 2689.5271   11.4018
    0.0000   22.5000   22.5000 2708.2571   11.3054
    7.5000   22.5000   22.5000 2670.4343   11.5886
   -7.5000   30.0000   22.5000 2717.0940   11.1707
    0.0000   30.0000   22.5000 2731.4587   11.1021
    7.5000   30.0000   22.5000 2697.5830   11.3515
   -7.5000   37.5000   22.5000 2700.5923   11.2064
    0.0000   37.5000   22.5000 2714.9929   11.1260
    7.5000   37.5000   22.5000 2684.5308   11.3689
   -7.5000   45.0000   22.5000 2651.2036   11.3807
    0.0000   45.0000   22.5000 2664.2678   11.3081
    7.5000   45.0000   22.5000 2638.6418   11.5292
   -7.5000  -45.0000   30.0000 1409.1190   38.4493
    0.0000  -45.0000   30.0000 1413.7900   38.4176
    7.5000  -45.0000   30.0000 1399.7845   39.2191
   -7.5000  -37.5000   30.0000 1582.9373   30.3541
    0.0000  -37.5000   30.0000 1588.2411   30.2738
    7.5000  -37.5000   30.0000 1572.8315   30.9623
   -7.5000  -30.0000   30.0000 1776.2208   24.6605
    0.0000  -30.0000   30.0000 1783.3086   24.6214
    7.5000  -30.0000   30.0000 1762.3660   25.1726
   -7.5000  -22.5000   30.0000 1966.4303   20.7998
    0.0000  -22.5000   30.0000 1974.7117   20.7725
    7.5000  -22.5000   30.0000 1947.9282   21.2081
   -7.5000  -15.0000   30.0000 2125.1121   18.1836
    0.0000  -15.0000   30.0000 2137.4675   18.1400
    7.5000  -15.0000   30.0000 2109.8252   18.5088
   -7.5000   -7.5000   30.0000 2257.0378   16.2870
    0.0000   -7.5000   30.0000 2271.3865   16.2389
    7.5000   -7.5000   30.0000 2237.9988   16.5640
   -7.5000    0.0000   30.0000 2366.0676   14.8238
    0.0000    0.0000   30.0000 2383.2688   14.7544
    7.5000    0.0000   30.0000 2346.5752   15.0597
   -7.5000    7.5000   30.0000 2462.4556   13.6835
    0.0000    7.5000   30.0000 2480.2812   13.6202
    7.5000    7.5000   30.0000 2444.1960   13.9009
   -7.5000   15.0000   30.0000 2546.9165   12.8385
    0.0000   15.0000   30.0000 2567.1790   12.7548
    7.5000   15.0000   30.0000 2530.2678   13.0466
   -7.5000   22.5000   30.0000 2602.8118   12.3148
    0.0000   22.5000   30.0000 2619.8633   12.2406
    7.5000   22.5000   30.0000 2588.0283   12.4890
   -7.5000   30.0000   30.0000 2620.4456   12.0782
    0.0000   30.0000   30.0000 2633.5059   12.0132
    7.5000   30.0000   30.0000 2604.8579   12.2301
   -7.5000   37.5000   30.0000 2599.9768   12.0915
    0.0000   37.5000   30.0000 2614.5684   12.0160
    7.5000   37.5000   30.0000 2586.9297   12.2150
   -7.5000   45.0000   30.0000 2561.4536   12.2241
    0.0000   45.0000   30.0000 2572.5071   12.1743
    7.5000   45.0000   30.0000 2547.8894   12.3718
   -7.5000  -45.0000   37.5000 1371.0637   41.4602
    0.0000  -45.0000   37.5000 1375.1049   41.3506
    7.5000  -45.0000   37.5000 1360.0872   42.4679
   -7.5000  -37.5000   37.5000 1542.6031   32.7057
    0.0000  -37.5000   37.5000 1549.5924   32.6457
    7.5000  -37.5000   37.5000 1527.4850   33.4498
   -7.5000  -30.0000   37.5000 1729.5771   26.5404
    0.0000  -30.0000   37.5000 1735.9818   26.5206
    7.5000  -30.0000   37.5000 1714.4463   27.1549
   -7.5000  -22.5000   37.5000 1912.0441   22.4371
    0.0000  -22.5000   37.5000 1919.8282   22.3835
    7.5000  -22.5000   37.5000 1895.5057   22.8681
   -7.5000  -15.0000   37.5000 2070.1707   19.6883
    0.0000  -15.0000   37.5000 2083.5984   19.5935
    7.5000  -15.0000   37.5000 2052.6416   19.9731
   -7.5000   -7.5000   37.5000 2194.8645   17.6551
    0.0000   -7.5000   37.5000 2212.2034   17.5947
    7.5000   -7.5000   37.5000 2176.3450   17.9138
   -7.5000    0.0000   37.5000 2298.3730   16.0872
    0.0000    0.0000   37.5000 2314.5732   16.0495
    7.5000    0.0000   37.5000 2278.5232   16.2991
   -7.5000    7.5000   37.5000 2388.4041   14.8725
    0.0000    7.5000   37.5000 2405.6902   14.8124
    7.5000    7.5000   37.5000 2369.0947   15.0655
   -7.5000   15.0000   37.5000 2459.2322   13.9720
    0.0000   15.0000   37.5000 2476.8787   13.8967
    7.5000   15.0000   37.5000 2443.9612   14.1455
   -7.5000   22.5000   37.5000 2504.6936   13.4027
    0.0000   22.5000   37.5000 2519.0583   13.3534
    7.5000   22.5000   37.5000 2492.6545   13.5549
   -7.5000   30.0000   37.5000 2518.0483   13.1615
    0.0000   30.0000   37.5000 2530.6523   13.1140
    7.5000   30.0000   37.5000 2503.8608   13.3081
   -7.5000   37.5000   37.5000 2499.8596   13.1376
    0.0000   37.5000   37.5000 2511.7629   13.0949
    7.5000   37.5000   37.5000 2487.8044   13.2690
   -7.5000   45.0000   37.5000 2463.6558   13.2488
    0.0000   45.0000   37.5000 2477.7305   13.2220
    7.5000   45.0000   37.5000 2451.0820   13.4086
   -7.5000  -45.0000   45.0000 1323.9906   45.2735
    0.0000  -45.0000   45.0000 1327.0396   45.1030
    7.5000  -45.0000   45.0000 1310.9139   46.5845
   -7.5000  -37.5000   45.0000 1493.8734   35.7139
    0.0000  -37.5000   45.0000 1501.6458   35.5903
    7.5000  -37.5000   45.0000 1476.6013   36.5289
   -7.5000  -30.0000   45.0000 1673.9093   28.9773
    0.0000  -30.0000   45.0000 1679.6595   28.9162
    7.5000  -30.0000   45.0000 1655.7081   29.6072
   -7.5000  -22.5000   45.0000 1848.1870   24.4730
    0.0000  -22.5000   45.0000 1856.1503   24.3847
    7.5000  -22.5000   45.0000 1829.9321   24.9312
   -7.5000  -15.0000   45.0000 2001.8978   21.4673
    0.0000  -15.0000   45.0000 2012.7089   21.3905
    7.5000  -15.0000   45.0000 1982.2428   21.7615
   -7.5000   -7.5000   45.0000 2122.8364   19.2888
    0.0000   -7.5000   45.0000 2137.0876   19.2165
    7.5000   -7.5000   45.0000 2101.9529   19.5497
   -7.5000    0.0000   45.0000 2217.3916   17.6068
    0.0000    0.0000   45.0000 2231.6038   17.5444
    7.5000    0.0000   45.0000 2199.3357   17.8324
   -7.5000    7.5000   45.0000 2301.8179   16.2819
    0.0000    7.5000   45.0000 2314.1560   16.2208
    7.5000    7.5000   45.0000 2282.5413   16.4779
   -7.5000   15.0000   45.0000 2367.2739   15.3105
    0.0000   15.0000   45.0000 2379.4380   15.2715
    7.5000   15.0000   45.0000 2349.7625   15.4899
   -7.5000   22.5000   45.0000 2410.2515   14.7057
    0.0000   22.5000   45.0000 2421.2783   14.6868
    7.5000   22.5000   45.0000 2396.0608   14.8711
   -7.5000   30.0000   45.0000 2416.2095   14.4159
    0.0000   30.0000   45.0000 2429.4216   14.3855
    7.5000   30.0000   45.0000 2401.9685   14.5555
   -7.5000   37.5000   45.0000 2399.5923   14.3561
    0.0000   37.5000   45.0000 2411.0037   14.3338
    7.5000   37.5000   45.0000 2389.1326   14.4724
   -7.5000   45.0000   45.0000 2366.4160   14.4772
    0.0000   45.0000   45.0000 2377.3889   14.4533
    7.5000   45.0000   45.0000 2352.3562   14.6129

---------------------------------------------------------------------
imgreg_4dfp /opt/freesurfer/average/711-2C_as_mni_average_305 /opt/freesurfer/average/711-2B_as_mni_average_305_mask talsrcimg_g11 none talsrcimg_to_711-2C_as_mni_average_305_t4 1283
---------------------------------------------------------------------

freesurfer imgreg_4dfp.c
/opt/freesurfer/average/711-2C_as_mni_average_305.4dfp.img
       256       256       256         1
  1.000000  1.000000  1.000000
orientation T byte_order littleendian
Reading image: /opt/freesurfer/average/711-2C_as_mni_average_305.4dfp.img
dimensions:      256       256       256
mmppix:       1.0000   -1.0000   -1.0000
center:     128.0000 -129.0000 -129.0000
/opt/freesurfer/average/711-2B_as_mni_average_305_mask.4dfp.img
       256       256       256         1
  1.000000  1.000000  1.000000
orientation T byte_order littleendian
Reading mask: /opt/freesurfer/average/711-2B_as_mni_average_305_mask.4dfp.img (2306576 pixels)
talsrcimg_g11.4dfp.img
       256       256       256         1
  1.000000  1.000000  1.000000
orientation T byte_order littleendian
Reading image: talsrcimg_g11.4dfp.img
dimensions:      256       256       256
mmppix:       1.0000   -1.0000   -1.0000
center:     128.0000 -129.0000 -129.0000
rotation matrix determinant  1.000000
fimgreg.f
image alignment mode   1283 decimal      503 hex
parameters
    0.0000   37.5000   -7.5000    0.0000    0.0000    0.0000
eta,q 0.93893  9.44253
niter,ni,del,rscale     5    3   12.0000    1.2000
parameters
   -1.7222   35.4467   -6.1190    0.9213    1.0363   -1.8506
eta,q 0.94103  9.38063
  0.0685  0.0656  0.0717  0.0668  0.0662  0.0620
  0.0642  0.0617  0.0654  0.0650  0.0636  0.0598
  0.0623  0.0595  0.0613  0.0623  0.0615  0.0590
  0.0635  0.0621  0.0595  0.0601  0.0601  0.0598
  0.0673  0.0665  0.0602  0.0607  0.0599  0.0619
  0.0731  0.0707  0.0614  0.0623  0.0612  0.0643
  0.0794  0.0761  0.0635  0.0644  0.0633  0.0667
niter,ni,del,rscale     4    3   12.0000    1.2000
parameters
   -1.9401   34.8823   -5.8653    1.8244    0.9539   -2.0777
eta,q 0.94105  9.35327
  0.0707  0.0683  0.0652  0.0651  0.0636  0.0639
  0.0656  0.0643  0.0610  0.0636  0.0611  0.0614
  0.0613  0.0598  0.0588  0.0609  0.0596  0.0594
  0.0590  0.0591  0.0586  0.0587  0.0590  0.0590
  0.0605  0.0628  0.0592  0.0595  0.0596  0.0599
  0.0664  0.0673  0.0606  0.0607  0.0614  0.0620
  0.0733  0.0712  0.0638  0.0630  0.0639  0.0646
niter,ni,del,rscale     3    3   12.0000    1.2000
parameters
   -1.9254   34.4286   -5.8807    2.4761    0.7969   -2.1952
eta,q 0.94146  9.33394
  0.0711  0.0693  0.0643  0.0647  0.0632  0.0637
  0.0662  0.0641  0.0605  0.0633  0.0607  0.0612
  0.0618  0.0590  0.0584  0.0602  0.0591  0.0591
  0.0590  0.0589  0.0584  0.0584  0.0586  0.0585
  0.0596  0.0627  0.0590  0.0591  0.0593  0.0594
  0.0652  0.0671  0.0606  0.0607  0.0611  0.0614
  0.0724  0.0712  0.0641  0.0633  0.0637  0.0641
niter,ni,del,rscale     2    3   12.0000    1.2000
parameters
   -1.8855   34.0856   -5.8365    2.9694    0.6990   -2.2678
eta,q 0.94184  9.31734
  0.0711  0.0702  0.0643  0.0647  0.0632  0.0635
  0.0661  0.0643  0.0604  0.0632  0.0605  0.0610
  0.0616  0.0586  0.0581  0.0596  0.0588  0.0588
  0.0585  0.0585  0.0581  0.0581  0.0582  0.0582
  0.0592  0.0624  0.0587  0.0589  0.0589  0.0590
  0.0648  0.0670  0.0603  0.0609  0.0608  0.0611
  0.0722  0.0713  0.0639  0.0636  0.0635  0.0638
niter,ni,del,rscale     1    3   12.0000    1.2000
parameters
   -1.8549   33.8339   -5.7849    3.3321    0.6488   -2.2960
eta,q 0.94205  9.30660
  0.0709  0.0708  0.0643  0.0648  0.0631  0.0634
  0.0658  0.0644  0.0604  0.0630  0.0605  0.0609
  0.0613  0.0584  0.0580  0.0592  0.0588  0.0586
  0.0582  0.0581  0.0579  0.0579  0.0580  0.0579
  0.0589  0.0620  0.0585  0.0589  0.0586  0.0588
  0.0646  0.0668  0.0602  0.0611  0.0606  0.0609
  0.0721  0.0713  0.0639  0.0639  0.0634  0.0635
registration optimization eta report
parameter search radius
    6.0000    6.0000    6.0000    6.0000    6.0000    6.0000
100000*second partial in parameter space
       36.       35.       18.       17.       14.       15.
  0.0709  0.0708  0.0643  0.0648  0.0631  0.0634
  0.0658  0.0644  0.0604  0.0630  0.0605  0.0609
  0.0613  0.0584  0.0580  0.0592  0.0588  0.0586
  0.0582  0.0581  0.0579  0.0579  0.0580  0.0579
  0.0589  0.0620  0.0585  0.0589  0.0586  0.0588
  0.0646  0.0668  0.0602  0.0611  0.0606  0.0609
  0.0721  0.0713  0.0639  0.0639  0.0634  0.0635
   -1.8549   33.8339   -5.7849    3.3321    0.6488   -2.2960
eta,q 0.94205  9.30660

---------------------------------------------------------------------
imgreg_4dfp /opt/freesurfer/average/711-2C_as_mni_average_305 /opt/freesurfer/average/711-2B_as_mni_average_305_mask talsrcimg_g11 none talsrcimg_to_711-2C_as_mni_average_305_t4 3335
---------------------------------------------------------------------

freesurfer imgreg_4dfp.c
/opt/freesurfer/average/711-2C_as_mni_average_305.4dfp.img
       256       256       256         1
  1.000000  1.000000  1.000000
orientation T byte_order littleendian
Reading image: /opt/freesurfer/average/711-2C_as_mni_average_305.4dfp.img
dimensions:      256       256       256
mmppix:       1.0000   -1.0000   -1.0000
center:     128.0000 -129.0000 -129.0000
/opt/freesurfer/average/711-2B_as_mni_average_305_mask.4dfp.img
       256       256       256         1
  1.000000  1.000000  1.000000
orientation T byte_order littleendian
Reading mask: /opt/freesurfer/average/711-2B_as_mni_average_305_mask.4dfp.img (2306576 pixels)
talsrcimg_g11.4dfp.img
       256       256       256         1
  1.000000  1.000000  1.000000
orientation T byte_order littleendian
Reading image: talsrcimg_g11.4dfp.img
dimensions:      256       256       256
mmppix:       1.0000   -1.0000   -1.0000
center:     128.0000 -129.0000 -129.0000
fimgreg.f
image alignment mode   3335 decimal      D07 hex
parameters
   -1.8549   33.8339   -5.7849   -0.0867   -0.2466   -0.1755
    3.9337   -1.3623   -4.0060   -5.7623    1.1323    5.8119
eta,q 0.94268  9.33068
niter,ni,del,rscale     5    3    5.0000    1.2000
parameter  4  1.181023 ->  0.500000 qaram    1.1500
parameter  5  2.362363 ->  0.500000 qaram    1.1500
parameter  6  1.448897 ->  0.500000 qaram    1.1500
parameter 12  1.011693 ->  0.500000 qaram    1.1500
parameters
   -2.1405   33.9588   -5.7833   -4.2267   -4.3866   -4.3155
    3.7905   -1.9491   -2.8719   -8.6140   -1.1053    1.6719
eta,q 0.95860  8.87679
  0.0590  0.0590  0.0589  0.0536  0.0458  0.0419  0.0455  0.0465  0.0456  0.0442  0.0432  0.0412
  0.0580  0.0579  0.0580  0.0539  0.0478  0.0428  0.0443  0.0447  0.0446  0.0430  0.0427  0.0413
  0.0574  0.0574  0.0574  0.0551  0.0507  0.0454  0.0436  0.0436  0.0438  0.0427  0.0426  0.0418
  0.0573  0.0573  0.0573  0.0573  0.0541  0.0485  0.0434  0.0434  0.0434  0.0433  0.0427  0.0426
  0.0577  0.0574  0.0575  0.0600  0.0577  0.0523  0.0437  0.0441  0.0433  0.0447  0.0432  0.0437
  0.0587  0.0578  0.0580  0.0632  0.0619  0.0568  0.0445  0.0456  0.0438  0.0463  0.0439  0.0450
  0.0601  0.0585  0.0588  0.0667  0.0667  0.0622  0.0457  0.0476  0.0446  0.0480  0.0449  0.0466
niter,ni,del,rscale     7    3    5.0000    1.2000
parameter  5  1.023288 ->  0.500000 qaram    1.3225
parameters
   -2.1256   35.1271   -4.9790   -6.4535   -9.1476   -7.2868
    4.5336   -0.8078   -2.4602   -6.4703   -1.1296   -1.0889
eta,q 0.96442  8.62015
  0.0445  0.0464  0.0444  0.0431  0.0359  0.0386  0.0392  0.0418  0.0382  0.0408  0.0373  0.0366
  0.0428  0.0442  0.0429  0.0414  0.0363  0.0374  0.0377  0.0393  0.0371  0.0386  0.0365  0.0358
  0.0418  0.0425  0.0416  0.0403  0.0377  0.0362  0.0367  0.0373  0.0364  0.0370  0.0360  0.0356
  0.0414  0.0414  0.0408  0.0406  0.0403  0.0366  0.0363  0.0362  0.0361  0.0361  0.0359  0.0359
  0.0418  0.0409  0.0406  0.0423  0.0439  0.0394  0.0364  0.0362  0.0362  0.0359  0.0360  0.0366
  0.0428  0.0409  0.0408  0.0452  0.0484  0.0436  0.0370  0.0373  0.0368  0.0363  0.0365  0.0377
  0.0444  0.0415  0.0416  0.0488  0.0532  0.0491  0.0382  0.0393  0.0378  0.0372  0.0373  0.0391
niter,ni,del,rscale     7    3    5.0000    1.2000
parameter  2 -0.557274 -> -0.500000 qaram    1.1500
parameters
   -1.9256   36.5071   -6.1450   -5.5189  -13.2980   -8.8110
    4.3605   -0.4108   -2.2540   -3.1670   -1.1656   -2.6807
eta,q 0.96689  8.40123
  0.0392  0.0407  0.0348  0.0395  0.0348  0.0365  0.0361  0.0385  0.0356  0.0387  0.0345  0.0343
  0.0374  0.0385  0.0344  0.0376  0.0338  0.0353  0.0348  0.0363  0.0346  0.0364  0.0338  0.0335
  0.0361  0.0368  0.0344  0.0357  0.0334  0.0342  0.0340  0.0345  0.0340  0.0348  0.0333  0.0331
  0.0356  0.0356  0.0348  0.0343  0.0341  0.0334  0.0338  0.0337  0.0337  0.0337  0.0332  0.0332
  0.0358  0.0349  0.0356  0.0342  0.0364  0.0342  0.0341  0.0340  0.0339  0.0332  0.0334  0.0337
  0.0366  0.0348  0.0369  0.0356  0.0401  0.0372  0.0350  0.0354  0.0345  0.0333  0.0338  0.0345
  0.0382  0.0353  0.0385  0.0382  0.0449  0.0415  0.0363  0.0378  0.0355  0.0339  0.0346  0.0356
niter,ni,del,rscale     7    3    5.0000    1.2000
parameters
   -1.7541   37.3406   -7.0347   -4.9320  -14.5142  -10.0177
    4.2554   -0.1642   -2.1795   -0.9248   -1.0546   -3.3391
eta,q 0.96735  8.30349
  0.0367  0.0380  0.0333  0.0371  0.0353  0.0355  0.0350  0.0373  0.0344  0.0364  0.0340  0.0340
  0.0348  0.0356  0.0328  0.0355  0.0340  0.0341  0.0338  0.0351  0.0335  0.0346  0.0333  0.0332
  0.0336  0.0340  0.0327  0.0338  0.0330  0.0333  0.0331  0.0335  0.0330  0.0334  0.0328  0.0328
  0.0331  0.0331  0.0329  0.0327  0.0325  0.0326  0.0328  0.0328  0.0328  0.0328  0.0327  0.0327
  0.0333  0.0329  0.0334  0.0327  0.0329  0.0330  0.0331  0.0332  0.0330  0.0327  0.0328  0.0329
  0.0342  0.0333  0.0343  0.0341  0.0347  0.0354  0.0339  0.0346  0.0335  0.0329  0.0332  0.0336
  0.0358  0.0343  0.0355  0.0366  0.0381  0.0389  0.0352  0.0369  0.0343  0.0336  0.0339  0.0345
niter,ni,del,rscale     6    3    5.0000    1.2000
parameters
   -1.6908   38.1123   -7.8571   -5.0170  -15.6522  -11.4294
    4.4083   -0.1832   -2.2737    1.8764   -0.7666   -3.4274
eta,q 0.96772  8.17399
  0.0358  0.0366  0.0330  0.0360  0.0346  0.0350  0.0347  0.0365  0.0337  0.0358  0.0336  0.0338
  0.0341  0.0347  0.0325  0.0346  0.0335  0.0336  0.0336  0.0345  0.0331  0.0342  0.0329  0.0330
  0.0330  0.0333  0.0323  0.0332  0.0327  0.0329  0.0329  0.0331  0.0327  0.0332  0.0325  0.0325
  0.0327  0.0327  0.0325  0.0323  0.0323  0.0324  0.0326  0.0326  0.0326  0.0326  0.0323  0.0323
  0.0330  0.0325  0.0330  0.0326  0.0326  0.0329  0.0328  0.0330  0.0327  0.0323  0.0324  0.0324
  0.0339  0.0329  0.0338  0.0341  0.0340  0.0352  0.0335  0.0344  0.0331  0.0324  0.0328  0.0330
  0.0355  0.0337  0.0349  0.0368  0.0368  0.0384  0.0345  0.0367  0.0338  0.0329  0.0334  0.0339
niter,ni,del,rscale     5    3    5.0000    1.2000
parameters
   -1.7184   39.0962   -8.7208   -5.3765  -17.4951  -13.0697
    4.7282   -0.3074   -2.3326    4.2946   -0.4669   -3.3258
eta,q 0.96829  7.99836
  0.0349  0.0361  0.0324  0.0348  0.0335  0.0340  0.0337  0.0355  0.0333  0.0352  0.0331  0.0332
  0.0334  0.0343  0.0320  0.0336  0.0325  0.0329  0.0328  0.0336  0.0326  0.0337  0.0323  0.0324
  0.0325  0.0330  0.0318  0.0326  0.0319  0.0322  0.0322  0.0324  0.0321  0.0326  0.0319  0.0319
  0.0323  0.0323  0.0320  0.0318  0.0319  0.0319  0.0320  0.0319  0.0319  0.0319  0.0317  0.0317
  0.0326  0.0320  0.0325  0.0320  0.0323  0.0325  0.0321  0.0324  0.0321  0.0317  0.0318  0.0318
  0.0336  0.0322  0.0333  0.0335  0.0337  0.0346  0.0326  0.0338  0.0326  0.0319  0.0322  0.0323
  0.0350  0.0329  0.0344  0.0360  0.0364  0.0377  0.0335  0.0358  0.0334  0.0326  0.0329  0.0331
niter,ni,del,rscale     4    3    5.0000    1.2000
parameters
   -1.8033   39.7689   -9.3508   -5.7103  -18.3653  -14.2275
    4.7816   -0.3242   -2.6131    5.3444   -0.3048   -3.3161
eta,q 0.96839  7.90512
  0.0339  0.0352  0.0322  0.0340  0.0337  0.0338  0.0331  0.0351  0.0330  0.0343  0.0329  0.0329
  0.0326  0.0335  0.0317  0.0329  0.0325  0.0328  0.0324  0.0333  0.0323  0.0329  0.0322  0.0322
  0.0319  0.0323  0.0315  0.0321  0.0317  0.0320  0.0318  0.0321  0.0318  0.0321  0.0318  0.0318
  0.0317  0.0317  0.0316  0.0315  0.0315  0.0315  0.0316  0.0316  0.0316  0.0316  0.0316  0.0316
  0.0321  0.0316  0.0320  0.0316  0.0319  0.0320  0.0318  0.0321  0.0318  0.0317  0.0317  0.0317
  0.0329  0.0320  0.0327  0.0328  0.0328  0.0335  0.0323  0.0333  0.0324  0.0322  0.0321  0.0322
  0.0342  0.0329  0.0336  0.0351  0.0350  0.0365  0.0331  0.0352  0.0333  0.0330  0.0328  0.0329
niter,ni,del,rscale     3    3    5.0000    1.2000
parameters
   -1.8130   40.0504   -9.7510   -5.7548  -18.4472  -14.9319
    4.8118   -0.2872   -2.7573    5.7719   -0.2493   -3.4549
eta,q 0.96835  7.87753
  0.0338  0.0344  0.0325  0.0341  0.0341  0.0340  0.0331  0.0351  0.0331  0.0339  0.0329  0.0329
  0.0326  0.0330  0.0318  0.0330  0.0328  0.0329  0.0323  0.0334  0.0323  0.0327  0.0322  0.0322
  0.0318  0.0320  0.0316  0.0322  0.0319  0.0321  0.0318  0.0321  0.0318  0.0319  0.0318  0.0318
  0.0316  0.0316  0.0316  0.0315  0.0315  0.0315  0.0317  0.0317  0.0316  0.0316  0.0316  0.0316
  0.0319  0.0317  0.0319  0.0316  0.0318  0.0318  0.0318  0.0321  0.0318  0.0318  0.0318  0.0318
  0.0326  0.0324  0.0325  0.0326  0.0326  0.0330  0.0323  0.0333  0.0324  0.0324  0.0322  0.0323
  0.0338  0.0335  0.0333  0.0347  0.0344  0.0357  0.0331  0.0351  0.0333  0.0333  0.0329  0.0330
niter,ni,del,rscale     2    3    5.0000    1.2000
parameters
   -1.8004   40.1883   -9.9716   -5.6960  -18.3952  -15.2566
    4.8282   -0.2569   -2.7951    5.9647   -0.2460   -3.6538
eta,q 0.96833  7.87275
  0.0339  0.0342  0.0327  0.0343  0.0342  0.0342  0.0331  0.0351  0.0332  0.0337  0.0329  0.0329
  0.0326  0.0328  0.0320  0.0331  0.0329  0.0330  0.0324  0.0334  0.0324  0.0326  0.0323  0.0322
  0.0319  0.0320  0.0317  0.0323  0.0320  0.0322  0.0319  0.0321  0.0319  0.0319  0.0318  0.0318
  0.0316  0.0316  0.0317  0.0316  0.0316  0.0316  0.0317  0.0317  0.0317  0.0317  0.0317  0.0317
  0.0319  0.0319  0.0319  0.0316  0.0318  0.0317  0.0318  0.0321  0.0318  0.0319  0.0318  0.0318
  0.0326  0.0326  0.0324  0.0326  0.0326  0.0328  0.0323  0.0333  0.0324  0.0325  0.0322  0.0323
  0.0338  0.0337  0.0331  0.0347  0.0344  0.0352  0.0331  0.0351  0.0332  0.0335  0.0329  0.0330
niter,ni,del,rscale     1    3    5.0000    1.2000
parameters
   -1.7903   40.2681  -10.0847   -5.6490  -18.3339  -15.3812
    4.8372   -0.2416   -2.7998    6.0825   -0.2605   -3.8354
eta,q 0.96832  7.87462
  0.0339  0.0341  0.0328  0.0343  0.0343  0.0342  0.0331  0.0351  0.0332  0.0337  0.0329  0.0329
  0.0327  0.0328  0.0321  0.0332  0.0329  0.0331  0.0324  0.0334  0.0324  0.0326  0.0323  0.0322
  0.0319  0.0319  0.0318  0.0323  0.0321  0.0323  0.0319  0.0321  0.0319  0.0319  0.0318  0.0318
  0.0317  0.0317  0.0317  0.0317  0.0317  0.0317  0.0317  0.0317  0.0317  0.0317  0.0317  0.0317
  0.0319  0.0319  0.0319  0.0317  0.0318  0.0317  0.0318  0.0321  0.0318  0.0319  0.0318  0.0318
  0.0326  0.0327  0.0323  0.0327  0.0326  0.0327  0.0323  0.0333  0.0324  0.0325  0.0322  0.0323
  0.0338  0.0338  0.0330  0.0347  0.0345  0.0350  0.0331  0.0351  0.0332  0.0335  0.0329  0.0330
registration optimization eta report
parameter search radius
    2.4000    2.7600    2.4000    8.2800    9.5220    8.2800
    7.2000    7.2000    7.2000    7.2000    7.2000    8.2800
100000*second partial in parameter space
       38.       30.       21.        4.        3.        4.
        3.        7.        3.        4.        2.        2.
  0.0339  0.0341  0.0328  0.0343  0.0343  0.0342  0.0331  0.0351  0.0332  0.0337  0.0329  0.0329
  0.0327  0.0328  0.0321  0.0332  0.0329  0.0331  0.0324  0.0334  0.0324  0.0326  0.0323  0.0322
  0.0319  0.0319  0.0318  0.0323  0.0321  0.0323  0.0319  0.0321  0.0319  0.0319  0.0318  0.0318
  0.0317  0.0317  0.0317  0.0317  0.0317  0.0317  0.0317  0.0317  0.0317  0.0317  0.0317  0.0317
  0.0319  0.0319  0.0319  0.0317  0.0318  0.0317  0.0318  0.0321  0.0318  0.0319  0.0318  0.0318
  0.0326  0.0327  0.0323  0.0327  0.0326  0.0327  0.0323  0.0333  0.0324  0.0325  0.0322  0.0323
  0.0338  0.0338  0.0330  0.0347  0.0345  0.0350  0.0331  0.0351  0.0332  0.0335  0.0329  0.0330
   -1.7903   40.2681  -10.0847   -5.6490  -18.3339  -15.3812
    4.8372   -0.2416   -2.7998    6.0825   -0.2605   -3.8354
eta,q 0.96832  7.87462

---------------------------------------------------------------------
imgreg_4dfp /opt/freesurfer/average/711-2C_as_mni_average_305 /opt/freesurfer/average/711-2B_as_mni_average_305_mask talsrcimg_g11 none talsrcimg_to_711-2C_as_mni_average_305_t4 2311
---------------------------------------------------------------------

freesurfer imgreg_4dfp.c
/opt/freesurfer/average/711-2C_as_mni_average_305.4dfp.img
       256       256       256         1
  1.000000  1.000000  1.000000
orientation T byte_order littleendian
Reading image: /opt/freesurfer/average/711-2C_as_mni_average_305.4dfp.img
dimensions:      256       256       256
mmppix:       1.0000   -1.0000   -1.0000
center:     128.0000 -129.0000 -129.0000
/opt/freesurfer/average/711-2B_as_mni_average_305_mask.4dfp.img
       256       256       256         1
  1.000000  1.000000  1.000000
orientation T byte_order littleendian
Reading mask: /opt/freesurfer/average/711-2B_as_mni_average_305_mask.4dfp.img (2306576 pixels)
talsrcimg_g11.4dfp.img
       256       256       256         1
  1.000000  1.000000  1.000000
orientation T byte_order littleendian
Reading image: talsrcimg_g11.4dfp.img
dimensions:      256       256       256
mmppix:       1.0000   -1.0000   -1.0000
center:     128.0000 -129.0000 -129.0000
fimgreg.f
image alignment mode   2311 decimal      907 hex
parameters
   -1.7903   40.2681  -10.0847   -5.6490  -18.3339  -15.3812
    4.8372   -0.2416   -2.7998    6.0825   -0.2605   -3.8354
eta,q 0.96832  7.87462
niter,ni,del,rscale     5    3    5.0000    0.8000
parameters
   -1.8040   40.2535  -10.1629   -4.7150  -17.5853  -14.6476
    4.8087   -0.2798   -2.6573    5.5869   -0.4365   -4.8733
eta,q 0.96856  7.97240
  0.0326  0.0325  0.0322  0.0329  0.0324  0.0327  0.0322  0.0331  0.0322  0.0322  0.0320  0.0317
  0.0321  0.0320  0.0319  0.0324  0.0320  0.0323  0.0318  0.0322  0.0318  0.0318  0.0317  0.0315
  0.0318  0.0318  0.0317  0.0320  0.0318  0.0319  0.0316  0.0316  0.0316  0.0315  0.0315  0.0314
  0.0317  0.0317  0.0317  0.0317  0.0316  0.0316  0.0315  0.0315  0.0315  0.0315  0.0315  0.0315
  0.0318  0.0318  0.0318  0.0316  0.0316  0.0315  0.0315  0.0317  0.0315  0.0317  0.0315  0.0316
  0.0321  0.0321  0.0320  0.0318  0.0317  0.0317  0.0318  0.0322  0.0317  0.0320  0.0317  0.0318
  0.0327  0.0325  0.0323  0.0324  0.0320  0.0323  0.0322  0.0331  0.0321  0.0326  0.0320  0.0321
niter,ni,del,rscale     4    3    5.0000    0.7000
parameters
   -1.8272   40.2229  -10.0438   -4.5382  -17.2728  -14.0079
    4.9330   -0.3783   -2.5142    5.5782   -0.6740   -5.4997
eta,q 0.96865  8.02000
  0.0322  0.0320  0.0320  0.0324  0.0320  0.0324  0.0320  0.0326  0.0319  0.0321  0.0317  0.0316
  0.0318  0.0317  0.0317  0.0320  0.0317  0.0320  0.0316  0.0319  0.0316  0.0317  0.0315  0.0315
  0.0315  0.0315  0.0315  0.0316  0.0315  0.0317  0.0314  0.0315  0.0314  0.0314  0.0314  0.0314
  0.0314  0.0314  0.0314  0.0314  0.0314  0.0314  0.0314  0.0314  0.0314  0.0314  0.0314  0.0314
  0.0316  0.0315  0.0315  0.0315  0.0315  0.0314  0.0314  0.0315  0.0314  0.0314  0.0314  0.0314
  0.0318  0.0317  0.0316  0.0318  0.0316  0.0316  0.0316  0.0320  0.0316  0.0317  0.0316  0.0316
  0.0323  0.0321  0.0318  0.0324  0.0319  0.0321  0.0319  0.0327  0.0319  0.0321  0.0318  0.0318
niter,ni,del,rscale     3    3    5.0000    0.6000
parameters
   -1.8710   40.1995   -9.9402   -4.4525  -17.1733  -13.6276
    5.0185   -0.4321   -2.4141    5.5684   -0.8368   -5.7799
eta,q 0.96868  8.04294
  0.0319  0.0318  0.0318  0.0321  0.0317  0.0321  0.0318  0.0323  0.0317  0.0319  0.0316  0.0315
  0.0316  0.0315  0.0315  0.0317  0.0315  0.0318  0.0315  0.0317  0.0315  0.0316  0.0314  0.0314
  0.0314  0.0314  0.0314  0.0315  0.0314  0.0315  0.0314  0.0314  0.0314  0.0314  0.0313  0.0313
  0.0313  0.0313  0.0313  0.0313  0.0313  0.0313  0.0313  0.0313  0.0313  0.0313  0.0313  0.0313
  0.0314  0.0314  0.0314  0.0314  0.0314  0.0313  0.0314  0.0314  0.0314  0.0314  0.0314  0.0314
  0.0317  0.0316  0.0315  0.0316  0.0315  0.0316  0.0315  0.0318  0.0315  0.0316  0.0315  0.0315
  0.0320  0.0318  0.0316  0.0321  0.0317  0.0319  0.0317  0.0323  0.0317  0.0319  0.0317  0.0316
niter,ni,del,rscale     2    3    5.0000    0.5000
parameters
   -1.9018   40.1876   -9.8590   -4.3994  -17.1727  -13.3826
    5.0631   -0.4728   -2.3578    5.5465   -0.9348   -5.8949
eta,q 0.96870  8.05424
  0.0317  0.0316  0.0316  0.0319  0.0316  0.0319  0.0316  0.0320  0.0316  0.0317  0.0315  0.0315
  0.0315  0.0315  0.0315  0.0316  0.0314  0.0316  0.0314  0.0316  0.0314  0.0315  0.0314  0.0314
  0.0313  0.0313  0.0314  0.0314  0.0313  0.0314  0.0313  0.0314  0.0313  0.0314  0.0313  0.0313
  0.0313  0.0313  0.0313  0.0313  0.0313  0.0313  0.0313  0.0313  0.0313  0.0313  0.0313  0.0313
  0.0314  0.0314  0.0313  0.0313  0.0313  0.0313  0.0313  0.0314  0.0313  0.0313  0.0313  0.0313
  0.0315  0.0315  0.0314  0.0315  0.0314  0.0315  0.0314  0.0316  0.0314  0.0315  0.0314  0.0314
  0.0318  0.0316  0.0315  0.0319  0.0316  0.0318  0.0316  0.0320  0.0316  0.0317  0.0315  0.0315
niter,ni,del,rscale     1    3    5.0000    0.4000
parameters
   -1.9289   40.1750   -9.7900   -4.3474  -17.2065  -13.2139
    5.0812   -0.5108   -2.3198    5.5122   -1.0110   -5.9000
eta,q 0.96870  8.06052
  0.0316  0.0315  0.0315  0.0317  0.0315  0.0317  0.0315  0.0317  0.0315  0.0315  0.0314  0.0314
  0.0314  0.0314  0.0314  0.0315  0.0314  0.0315  0.0314  0.0315  0.0314  0.0314  0.0314  0.0313
  0.0313  0.0313  0.0313  0.0314  0.0313  0.0314  0.0313  0.0313  0.0313  0.0313  0.0313  0.0313
  0.0313  0.0313  0.0313  0.0313  0.0313  0.0313  0.0313  0.0313  0.0313  0.0313  0.0313  0.0313
  0.0313  0.0313  0.0313  0.0313  0.0313  0.0313  0.0313  0.0314  0.0313  0.0313  0.0313  0.0313
  0.0314  0.0314  0.0314  0.0314  0.0314  0.0314  0.0314  0.0315  0.0314  0.0314  0.0314  0.0313
  0.0316  0.0315  0.0314  0.0317  0.0315  0.0316  0.0315  0.0318  0.0315  0.0315  0.0314  0.0314
registration optimization eta report
parameter search radius
    0.8000    0.8000    0.8000    2.4000    2.4000    2.4000
    2.4000    2.4000    2.4000    2.4000    2.4000    2.4000
100000*second partial in parameter space
       43.       32.       24.        6.        3.        6.
        3.        8.        3.        4.        2.        2.
  0.0316  0.0315  0.0315  0.0317  0.0315  0.0317  0.0315  0.0317  0.0315  0.0315  0.0314  0.0314
  0.0314  0.0314  0.0314  0.0315  0.0314  0.0315  0.0314  0.0315  0.0314  0.0314  0.0314  0.0313
  0.0313  0.0313  0.0313  0.0314  0.0313  0.0314  0.0313  0.0313  0.0313  0.0313  0.0313  0.0313
  0.0313  0.0313  0.0313  0.0313  0.0313  0.0313  0.0313  0.0313  0.0313  0.0313  0.0313  0.0313
  0.0313  0.0313  0.0313  0.0313  0.0313  0.0313  0.0313  0.0314  0.0313  0.0313  0.0313  0.0313
  0.0314  0.0314  0.0314  0.0314  0.0314  0.0314  0.0314  0.0315  0.0314  0.0314  0.0314  0.0313
  0.0316  0.0315  0.0314  0.0317  0.0315  0.0316  0.0315  0.0318  0.0315  0.0315  0.0314  0.0314
   -1.9289   40.1750   -9.7900   -4.3474  -17.2065  -13.2139
    5.0812   -0.5108   -2.3198    5.5122   -1.0110   -5.9000
eta,q 0.96870  8.06052

---------------------------------------------------------------------
imgreg_4dfp /opt/freesurfer/average/711-2C_as_mni_average_305 /opt/freesurfer/average/711-2B_as_mni_average_305_mask talsrcimg_g11 none talsrcimg_to_711-2C_as_mni_average_305_t4 2311
---------------------------------------------------------------------

freesurfer imgreg_4dfp.c
/opt/freesurfer/average/711-2C_as_mni_average_305.4dfp.img
       256       256       256         1
  1.000000  1.000000  1.000000
orientation T byte_order littleendian
Reading image: /opt/freesurfer/average/711-2C_as_mni_average_305.4dfp.img
dimensions:      256       256       256
mmppix:       1.0000   -1.0000   -1.0000
center:     128.0000 -129.0000 -129.0000
/opt/freesurfer/average/711-2B_as_mni_average_305_mask.4dfp.img
       256       256       256         1
  1.000000  1.000000  1.000000
orientation T byte_order littleendian
Reading mask: /opt/freesurfer/average/711-2B_as_mni_average_305_mask.4dfp.img (2306576 pixels)
talsrcimg_g11.4dfp.img
       256       256       256         1
  1.000000  1.000000  1.000000
orientation T byte_order littleendian
Reading image: talsrcimg_g11.4dfp.img
dimensions:      256       256       256
mmppix:       1.0000   -1.0000   -1.0000
center:     128.0000 -129.0000 -129.0000
fimgreg.f
image alignment mode   2311 decimal      907 hex
parameters
   -1.9289   40.1750   -9.7900   -4.3474  -17.2065  -13.2139
    5.0812   -0.5108   -2.3198    5.5122   -1.0110   -5.9000
eta,q 0.96870  8.06052
niter,ni,del,rscale     5    3    5.0000    0.8000
parameters
   -1.9077   40.1767   -9.7341   -4.7404  -17.2703  -13.3927
    5.1727   -0.4215   -2.3122    5.6121   -0.9716   -5.6948
eta,q 0.96868  8.03747
  0.0324  0.0321  0.0320  0.0323  0.0320  0.0324  0.0321  0.0331  0.0320  0.0323  0.0319  0.0318
  0.0318  0.0317  0.0316  0.0319  0.0316  0.0319  0.0317  0.0321  0.0316  0.0318  0.0316  0.0315
  0.0314  0.0314  0.0314  0.0315  0.0314  0.0315  0.0314  0.0315  0.0314  0.0314  0.0314  0.0314
  0.0313  0.0313  0.0313  0.0313  0.0313  0.0313  0.0313  0.0313  0.0313  0.0313  0.0313  0.0313
  0.0314  0.0314  0.0314  0.0315  0.0314  0.0315  0.0314  0.0315  0.0314  0.0314  0.0314  0.0313
  0.0318  0.0317  0.0316  0.0320  0.0316  0.0319  0.0316  0.0321  0.0316  0.0317  0.0316  0.0315
  0.0324  0.0321  0.0319  0.0329  0.0320  0.0328  0.0320  0.0330  0.0320  0.0322  0.0319  0.0317
niter,ni,del,rscale     4    3    5.0000    0.7000
parameters
   -1.9032   40.1681   -9.7858   -4.6639  -17.2824  -13.4289
    5.1176   -0.4271   -2.3092    5.5611   -0.9559   -5.6882
eta,q 0.96869  8.03738
  0.0322  0.0319  0.0318  0.0323  0.0318  0.0322  0.0319  0.0326  0.0318  0.0320  0.0317  0.0316
  0.0317  0.0316  0.0315  0.0318  0.0316  0.0318  0.0316  0.0319  0.0316  0.0316  0.0315  0.0315
  0.0314  0.0314  0.0314  0.0315  0.0314  0.0315  0.0314  0.0315  0.0314  0.0314  0.0314  0.0314
  0.0313  0.0313  0.0313  0.0313  0.0313  0.0313  0.0313  0.0313  0.0313  0.0313  0.0313  0.0313
  0.0314  0.0314  0.0314  0.0314  0.0314  0.0314  0.0314  0.0315  0.0314  0.0314  0.0314  0.0313
  0.0317  0.0316  0.0316  0.0317  0.0315  0.0318  0.0316  0.0319  0.0315  0.0317  0.0315  0.0315
  0.0321  0.0319  0.0318  0.0323  0.0318  0.0323  0.0319  0.0326  0.0318  0.0321  0.0317  0.0316
niter,ni,del,rscale     3    3    5.0000    0.6000
parameters
   -1.9078   40.1631   -9.7895   -4.5349  -17.2584  -13.3595
    5.0846   -0.4434   -2.3094    5.5109   -0.9606   -5.7566
eta,q 0.96870  8.04558
  0.0319  0.0318  0.0317  0.0321  0.0317  0.0320  0.0317  0.0323  0.0317  0.0318  0.0316  0.0315
  0.0316  0.0315  0.0315  0.0317  0.0315  0.0317  0.0315  0.0317  0.0315  0.0315  0.0314  0.0314
  0.0314  0.0314  0.0313  0.0315  0.0314  0.0315  0.0314  0.0314  0.0314  0.0314  0.0313  0.0313
  0.0313  0.0313  0.0313  0.0313  0.0313  0.0313  0.0313  0.0313  0.0313  0.0313  0.0313  0.0313
  0.0314  0.0314  0.0314  0.0313  0.0314  0.0314  0.0314  0.0314  0.0313  0.0314  0.0313  0.0313
  0.0316  0.0315  0.0315  0.0316  0.0315  0.0316  0.0315  0.0318  0.0315  0.0316  0.0314  0.0314
  0.0319  0.0318  0.0317  0.0320  0.0317  0.0320  0.0317  0.0323  0.0317  0.0319  0.0316  0.0316
niter,ni,del,rscale     2    3    5.0000    0.5000
parameters
   -1.9143   40.1592   -9.7675   -4.4307  -17.2279  -13.2594
    5.0659   -0.4719   -2.3054    5.4842   -0.9855   -5.8139
eta,q 0.96870  8.05457
  0.0317  0.0316  0.0316  0.0319  0.0316  0.0319  0.0316  0.0320  0.0316  0.0317  0.0315  0.0315
  0.0315  0.0314  0.0314  0.0316  0.0314  0.0316  0.0314  0.0316  0.0314  0.0315  0.0314  0.0314
  0.0313  0.0313  0.0313  0.0314  0.0313  0.0314  0.0313  0.0314  0.0313  0.0313  0.0313  0.0313
  0.0313  0.0313  0.0313  0.0313  0.0313  0.0313  0.0313  0.0313  0.0313  0.0313  0.0313  0.0313
  0.0314  0.0313  0.0313  0.0313  0.0313  0.0313  0.0313  0.0314  0.0313  0.0313  0.0313  0.0313
  0.0315  0.0315  0.0314  0.0315  0.0314  0.0315  0.0314  0.0316  0.0314  0.0315  0.0314  0.0314
  0.0317  0.0316  0.0315  0.0318  0.0316  0.0318  0.0316  0.0320  0.0316  0.0317  0.0315  0.0315
niter,ni,del,rscale     1    3    5.0000    0.4000
parameters
   -1.9301   40.1462   -9.7398   -4.3618  -17.2379  -13.1722
    5.0819   -0.5082   -2.2888    5.4576   -0.9998   -5.8269
eta,q 0.96870  8.05942
  0.0316  0.0315  0.0315  0.0317  0.0315  0.0317  0.0315  0.0317  0.0315  0.0315  0.0314  0.0314
  0.0314  0.0314  0.0314  0.0315  0.0314  0.0315  0.0314  0.0315  0.0314  0.0314  0.0314  0.0313
  0.0313  0.0313  0.0313  0.0314  0.0313  0.0314  0.0313  0.0313  0.0313  0.0313  0.0313  0.0313
  0.0313  0.0313  0.0313  0.0313  0.0313  0.0313  0.0313  0.0313  0.0313  0.0313  0.0313  0.0313
  0.0313  0.0313  0.0313  0.0313  0.0313  0.0313  0.0313  0.0314  0.0313  0.0313  0.0313  0.0313
  0.0314  0.0314  0.0314  0.0314  0.0314  0.0315  0.0314  0.0315  0.0314  0.0314  0.0314  0.0313
  0.0316  0.0315  0.0314  0.0317  0.0315  0.0317  0.0315  0.0317  0.0315  0.0315  0.0314  0.0314
registration optimization eta report
parameter search radius
    0.8000    0.8000    0.8000    2.4000    2.4000    2.4000
    2.4000    2.4000    2.4000    2.4000    2.4000    2.4000
100000*second partial in parameter space
       43.       32.       26.        6.        3.        6.
        3.        8.        3.        4.        2.        2.
  0.0316  0.0315  0.0315  0.0317  0.0315  0.0317  0.0315  0.0317  0.0315  0.0315  0.0314  0.0314
  0.0314  0.0314  0.0314  0.0315  0.0314  0.0315  0.0314  0.0315  0.0314  0.0314  0.0314  0.0313
  0.0313  0.0313  0.0313  0.0314  0.0313  0.0314  0.0313  0.0313  0.0313  0.0313  0.0313  0.0313
  0.0313  0.0313  0.0313  0.0313  0.0313  0.0313  0.0313  0.0313  0.0313  0.0313  0.0313  0.0313
  0.0313  0.0313  0.0313  0.0313  0.0313  0.0313  0.0313  0.0314  0.0313  0.0313  0.0313  0.0313
  0.0314  0.0314  0.0314  0.0314  0.0314  0.0315  0.0314  0.0315  0.0314  0.0314  0.0314  0.0313
  0.0316  0.0315  0.0314  0.0317  0.0315  0.0317  0.0315  0.0317  0.0315  0.0315  0.0314  0.0314
   -1.9301   40.1462   -9.7398   -4.3618  -17.2379  -13.1722
    5.0819   -0.5082   -2.2888    5.4576   -0.9998   -5.8269
eta,q 0.96870  8.05942

---------------------------------------------------------------------
compute_vox2vox talsrcimg talsrcimg_to_711-2C_as_mni_average_305_t4 /opt/freesurfer/average/711-2C_as_mni_average_305
---------------------------------------------------------------------

freesurfer compute_vox2vox.c
Reading: talsrcimg.4dfp.ifh
Reading: talsrcimg_to_711-2C_as_mni_average_305_t4
Reading: /opt/freesurfer/average/711-2C_as_mni_average_305.4dfp.ifh
Writing: talsrcimg_to_711-2C_as_mni_average_305_t4_vox2vox.txt

start time Mon Mar 9 22:25:08 CET 2026
end		time Mon Mar 9 22:25:22 CET 2026

mpr2mni305 success

avi2talxfm orig_nu.mgz /opt/freesurfer/average/mni305.cor.mgz talsrcimg_to_711-2C_as_mni_average_305_t4_vox2vox.txt transforms/talairach.auto.xfm
avi2talxfm done
mv -f /out/sourcedata/freesurfer/sub-v1s2x0051479_ses-1/mri/talsrcimg_to_711-2C_as_mni_average_305_t4_vox2vox.txt /out/sourcedata/freesurfer/sub-v1s2x0051479_ses-1/mri/transforms/talsrcimg_to_711-2C_as_mni_average_305_t4_vox2vox.txt
lta_convert --src orig_nu.mgz --trg /opt/freesurfer/average/mni305.cor.mgz --inxfm transforms/talairach.auto.xfm --outlta transforms/talairach.auto.xfm.lta --subject fsaverage
7.3.2

--src: orig_nu.mgz src image (geometry).
--trg: /opt/freesurfer/average/mni305.cor.mgz trg image (geometry).
--inmni: transforms/talairach.auto.xfm input MNI/XFM transform.
--outlta: transforms/talairach.auto.xfm.lta output LTA.
--s: fsaverage subject name
 LTA read, type : 1
 1.04420   0.01010  -0.06341  -1.17244;
 0.01390   1.14676   0.07988  -63.15550;
 0.02796  -0.07534   1.20126  -22.71307;
 0.00000   0.00000   0.00000   1.00000;
setting subject to fsaverage
Writing  LTA to file transforms/talairach.auto.xfm.lta...
lta_convert successful.
 
 
Started at Mon Mar 9 22:25:08 CET 2026
Ended   at Mon Mar  9 22:25:22 CET 2026
talairach_avi done
