status file for recon-all
Mon Mar  9 23:15:16 CET 2026
#@# Tessellate lh Mon Mar  9 23:15:16 CET 2026
#@# Smooth1 lh Mon Mar  9 23:15:20 CET 2026
#@# Inflation1 lh Mon Mar  9 23:15:23 CET 2026
#@# QSphere lh Mon Mar  9 23:15:36 CET 2026
#@# Fix Topology lh Mon Mar  9 23:16:41 CET 2026
#@# Smooth2 lh Mon Mar  9 23:23:25 CET 2026
#@# Inflation2 lh Mon Mar  9 23:23:28 CET 2026
#@# Curv .H and .K lh Mon Mar  9 23:23:40 CET 2026
#@# Sphere lh Mon Mar  9 23:24:35 CET 2026
#@# Surf Reg lh Mon Mar  9 23:26:56 CET 2026
#@# Jacobian white lh Mon Mar  9 23:30:50 CET 2026
#@# AvgCurv lh Mon Mar  9 23:30:51 CET 2026
#@# Cortical Parc lh Mon Mar  9 23:30:52 CET 2026
#@# white curv lh Mon Mar  9 23:37:42 CET 2026
#@# white area lh Mon Mar  9 23:37:44 CET 2026
#@# pial curv lh Mon Mar  9 23:37:44 CET 2026
#@# pial area lh Mon Mar  9 23:37:46 CET 2026
#@# thickness lh Mon Mar  9 23:37:47 CET 2026
#@# area and vertex vol lh Mon Mar  9 23:38:22 CET 2026
#@# Curvature Stats lh Mon Mar  9 23:38:23 CET 2026
#@# Cortical Parc 2 lh Mon Mar  9 23:38:26 CET 2026
#@# Cortical Parc 3 lh Mon Mar  9 23:38:40 CET 2026
#@# WM/GM Contrast lh Mon Mar  9 23:38:52 CET 2026
recon-all -s sub-v1s2x0051462_ses-1 finished without error at Mon Mar  9 23:38:55 CET 2026



#New# invocation of recon-all 



status file for recon-all
Tue Mar 10 00:10:51 CET 2026
#@# white curv lh Tue Mar 10 00:10:51 CET 2026
#@# white area lh Tue Mar 10 00:10:51 CET 2026
#@# pial curv lh Tue Mar 10 00:10:51 CET 2026
#@# pial area lh Tue Mar 10 00:10:51 CET 2026
#@# thickness lh Tue Mar 10 00:10:51 CET 2026
#@# area and vertex vol lh Tue Mar 10 00:10:51 CET 2026
#@# Parcellation Stats lh Tue Mar 10 00:10:51 CET 2026
#@# Parcellation Stats 2 lh Tue Mar 10 00:11:15 CET 2026
#@# Parcellation Stats 3 lh Tue Mar 10 00:11:26 CET 2026
#@# BA_exvivo Labels lh Tue Mar 10 00:11:38 CET 2026
recon-all -s sub-v1s2x0051462_ses-1 finished without error at Tue Mar 10 00:14:22 CET 2026
