status file for recon-all
Mon Mar  9 21:26:50 CET 2026
#@# MotionCor Mon Mar  9 21:26:53 CET 2026
#@# Talairach Mon Mar  9 21:27:00 CET 2026
#@# Talairach Failure Detection Mon Mar  9 21:31:27 CET 2026
#@# Nu Intensity Correction Mon Mar  9 21:31:28 CET 2026
#@# Intensity Normalization Mon Mar  9 21:34:42 CET 2026
recon-all -s sub-v1s2x0051462_ses-1 finished without error at Mon Mar  9 21:36:23 CET 2026



#New# invocation of recon-all 



status file for recon-all
Mon Mar  9 21:43:25 CET 2026
#@# EM Registration Mon Mar  9 21:43:25 CET 2026
recon-all -s sub-v1s2x0051462_ses-1 finished without error at Mon Mar  9 21:44:57 CET 2026



#New# invocation of recon-all 



status file for recon-all
Mon Mar  9 21:45:00 CET 2026
#@# CA Normalize Mon Mar  9 21:45:00 CET 2026
#@# CA Reg Mon Mar  9 21:46:25 CET 2026
#@# SubCort Seg Mon Mar  9 22:30:59 CET 2026
#@# CC Seg Mon Mar  9 23:08:52 CET 2026
#@# Merge ASeg Mon Mar  9 23:09:27 CET 2026
#@# Intensity Normalization2 Mon Mar  9 23:09:27 CET 2026
#@# Mask BFS Mon Mar  9 23:11:51 CET 2026
#@# WM Segmentation Mon Mar  9 23:11:52 CET 2026
#@# Fill Mon Mar  9 23:14:06 CET 2026
recon-all -s sub-v1s2x0051462_ses-1 finished without error at Mon Mar  9 23:15:10 CET 2026



#New# invocation of recon-all 



status file for recon-all
Tue Mar 10 00:02:01 CET 2026
#@# white curv lh Tue Mar 10 00:02:01 CET 2026
#@# white area lh Tue Mar 10 00:02:01 CET 2026
#@# pial curv lh Tue Mar 10 00:02:01 CET 2026
#@# pial area lh Tue Mar 10 00:02:01 CET 2026
#@# thickness lh Tue Mar 10 00:02:01 CET 2026
#@# area and vertex vol lh Tue Mar 10 00:02:01 CET 2026
#@# white curv rh Tue Mar 10 00:02:01 CET 2026
#@# white area rh Tue Mar 10 00:02:01 CET 2026
#@# pial curv rh Tue Mar 10 00:02:01 CET 2026
#@# pial area rh Tue Mar 10 00:02:01 CET 2026
#@# thickness rh Tue Mar 10 00:02:01 CET 2026
#@# area and vertex vol rh Tue Mar 10 00:02:01 CET 2026
#@# Cortical ribbon mask Tue Mar 10 00:02:01 CET 2026
recon-all -s sub-v1s2x0051462_ses-1 finished without error at Tue Mar 10 00:10:47 CET 2026



#New# invocation of recon-all 



status file for recon-all
Tue Mar 10 00:17:55 CET 2026
#@# white curv lh Tue Mar 10 00:17:55 CET 2026
#@# white area lh Tue Mar 10 00:17:55 CET 2026
#@# pial curv lh Tue Mar 10 00:17:55 CET 2026
#@# pial area lh Tue Mar 10 00:17:55 CET 2026
#@# thickness lh Tue Mar 10 00:17:55 CET 2026
#@# area and vertex vol lh Tue Mar 10 00:17:55 CET 2026
#@# white curv rh Tue Mar 10 00:17:55 CET 2026
#@# white area rh Tue Mar 10 00:17:55 CET 2026
#@# pial curv rh Tue Mar 10 00:17:55 CET 2026
#@# pial area rh Tue Mar 10 00:17:55 CET 2026
#@# thickness rh Tue Mar 10 00:17:55 CET 2026
#@# area and vertex vol rh Tue Mar 10 00:17:55 CET 2026
#@# Curvature Stats lh Tue Mar 10 00:17:55 CET 2026
#@# Curvature Stats rh Tue Mar 10 00:17:58 CET 2026
#@# Relabel Hypointensities Tue Mar 10 00:18:00 CET 2026
#@# APas-to-ASeg Tue Mar 10 00:18:17 CET 2026
#@# AParc-to-ASeg aparc Tue Mar 10 00:18:25 CET 2026
#@# AParc-to-ASeg aparc.a2009s Tue Mar 10 00:19:15 CET 2026
#@# AParc-to-ASeg aparc.DKTatlas Tue Mar 10 00:20:06 CET 2026
#@# WMParc Tue Mar 10 00:20:54 CET 2026
#@# ASeg Stats Tue Mar 10 00:24:52 CET 2026
recon-all -s sub-v1s2x0051462_ses-1 finished without error at Tue Mar 10 00:25:25 CET 2026
