status file for recon-all
Mon Mar  9 23:23:11 CET 2026
#@# Tessellate lh Mon Mar  9 23:23:11 CET 2026
#@# Smooth1 lh Mon Mar  9 23:23:14 CET 2026
#@# Inflation1 lh Mon Mar  9 23:23:18 CET 2026
#@# QSphere lh Mon Mar  9 23:23:32 CET 2026
#@# Fix Topology lh Mon Mar  9 23:24:42 CET 2026
#@# Smooth2 lh Mon Mar  9 23:31:09 CET 2026
#@# Inflation2 lh Mon Mar  9 23:31:12 CET 2026
#@# Curv .H and .K lh Mon Mar  9 23:31:27 CET 2026
#@# Sphere lh Mon Mar  9 23:32:22 CET 2026
#@# Surf Reg lh Mon Mar  9 23:35:03 CET 2026
#@# Jacobian white lh Mon Mar  9 23:39:22 CET 2026
#@# AvgCurv lh Mon Mar  9 23:39:23 CET 2026
#@# Cortical Parc lh Mon Mar  9 23:39:24 CET 2026
#@# white curv lh Mon Mar  9 23:46:17 CET 2026
#@# white area lh Mon Mar  9 23:46:19 CET 2026
#@# pial curv lh Mon Mar  9 23:46:20 CET 2026
#@# pial area lh Mon Mar  9 23:46:22 CET 2026
#@# thickness lh Mon Mar  9 23:46:23 CET 2026
#@# area and vertex vol lh Mon Mar  9 23:47:01 CET 2026
#@# Curvature Stats lh Mon Mar  9 23:47:03 CET 2026
#@# Cortical Parc 2 lh Mon Mar  9 23:47:05 CET 2026
#@# Cortical Parc 3 lh Mon Mar  9 23:47:21 CET 2026
#@# WM/GM Contrast lh Mon Mar  9 23:47:32 CET 2026
recon-all -s sub-v1s2x0051466_ses-1 finished without error at Mon Mar  9 23:47:36 CET 2026



#New# invocation of recon-all 



status file for recon-all
Tue Mar 10 00:17:19 CET 2026
#@# white curv lh Tue Mar 10 00:17:19 CET 2026
#@# white area lh Tue Mar 10 00:17:19 CET 2026
#@# pial curv lh Tue Mar 10 00:17:19 CET 2026
#@# pial area lh Tue Mar 10 00:17:19 CET 2026
#@# thickness lh Tue Mar 10 00:17:19 CET 2026
#@# area and vertex vol lh Tue Mar 10 00:17:19 CET 2026
#@# Parcellation Stats lh Tue Mar 10 00:17:19 CET 2026
#@# Parcellation Stats 2 lh Tue Mar 10 00:17:44 CET 2026
#@# Parcellation Stats 3 lh Tue Mar 10 00:17:56 CET 2026
#@# BA_exvivo Labels lh Tue Mar 10 00:18:08 CET 2026
recon-all -s sub-v1s2x0051466_ses-1 finished without error at Tue Mar 10 00:21:12 CET 2026
