status file for recon-all
Mon Mar  9 23:47:39 CET 2026
#@# Tessellate rh Mon Mar  9 23:47:39 CET 2026
#@# Smooth1 rh Mon Mar  9 23:47:43 CET 2026
#@# Inflation1 rh Mon Mar  9 23:47:46 CET 2026
#@# QSphere rh Mon Mar  9 23:48:00 CET 2026
#@# Fix Topology rh Mon Mar  9 23:49:34 CET 2026
#@# Smooth2 rh Mon Mar  9 23:55:35 CET 2026
#@# Inflation2 rh Mon Mar  9 23:55:38 CET 2026
#@# Curv .H and .K rh Mon Mar  9 23:55:54 CET 2026
#@# Sphere rh Mon Mar  9 23:56:51 CET 2026
#@# Surf Reg rh Mon Mar  9 23:59:18 CET 2026
#@# Jacobian white rh Tue Mar 10 00:03:32 CET 2026
#@# AvgCurv rh Tue Mar 10 00:03:33 CET 2026
#@# Cortical Parc rh Tue Mar 10 00:03:34 CET 2026
#@# white curv rh Tue Mar 10 00:10:58 CET 2026
#@# white area rh Tue Mar 10 00:11:00 CET 2026
#@# pial curv rh Tue Mar 10 00:11:01 CET 2026
#@# pial area rh Tue Mar 10 00:11:03 CET 2026
#@# thickness rh Tue Mar 10 00:11:04 CET 2026
#@# area and vertex vol rh Tue Mar 10 00:11:41 CET 2026
#@# Curvature Stats rh Tue Mar 10 00:11:43 CET 2026
#@# Cortical Parc 2 rh Tue Mar 10 00:11:47 CET 2026
#@# Cortical Parc 3 rh Tue Mar 10 00:12:02 CET 2026
#@# WM/GM Contrast rh Tue Mar 10 00:12:15 CET 2026
recon-all -s sub-v1s2x0051466_ses-1 finished without error at Tue Mar 10 00:12:18 CET 2026



#New# invocation of recon-all 



status file for recon-all
Tue Mar 10 00:21:15 CET 2026
#@# white curv rh Tue Mar 10 00:21:15 CET 2026
#@# white area rh Tue Mar 10 00:21:15 CET 2026
#@# pial curv rh Tue Mar 10 00:21:15 CET 2026
#@# pial area rh Tue Mar 10 00:21:15 CET 2026
#@# thickness rh Tue Mar 10 00:21:15 CET 2026
#@# area and vertex vol rh Tue Mar 10 00:21:15 CET 2026
#@# Parcellation Stats rh Tue Mar 10 00:21:15 CET 2026
#@# Parcellation Stats 2 rh Tue Mar 10 00:21:39 CET 2026
#@# Parcellation Stats 3 rh Tue Mar 10 00:21:52 CET 2026
#@# BA_exvivo Labels rh Tue Mar 10 00:22:04 CET 2026
recon-all -s sub-v1s2x0051466_ses-1 finished without error at Tue Mar 10 00:25:13 CET 2026
