status file for recon-all
Mon Mar  9 21:30:06 CET 2026
#@# MotionCor Mon Mar  9 21:30:08 CET 2026
#@# Talairach Mon Mar  9 21:30:16 CET 2026
#@# Talairach Failure Detection Mon Mar  9 21:34:43 CET 2026
#@# Nu Intensity Correction Mon Mar  9 21:34:43 CET 2026
#@# Intensity Normalization Mon Mar  9 21:37:59 CET 2026
recon-all -s sub-v1s2x0051466_ses-1 finished without error at Mon Mar  9 21:39:37 CET 2026



#New# invocation of recon-all 



status file for recon-all
Mon Mar  9 21:46:46 CET 2026
#@# EM Registration Mon Mar  9 21:46:46 CET 2026
recon-all -s sub-v1s2x0051466_ses-1 finished without error at Mon Mar  9 21:48:23 CET 2026



#New# invocation of recon-all 



status file for recon-all
Mon Mar  9 21:48:28 CET 2026
#@# CA Normalize Mon Mar  9 21:48:28 CET 2026
#@# CA Reg Mon Mar  9 21:49:52 CET 2026
#@# SubCort Seg Mon Mar  9 22:29:15 CET 2026
#@# CC Seg Mon Mar  9 23:16:24 CET 2026
#@# Merge ASeg Mon Mar  9 23:17:20 CET 2026
#@# Intensity Normalization2 Mon Mar  9 23:17:20 CET 2026
#@# Mask BFS Mon Mar  9 23:19:43 CET 2026
#@# WM Segmentation Mon Mar  9 23:19:44 CET 2026
#@# Fill Mon Mar  9 23:22:03 CET 2026
recon-all -s sub-v1s2x0051466_ses-1 finished without error at Mon Mar  9 23:23:07 CET 2026



#New# invocation of recon-all 



status file for recon-all
Tue Mar 10 00:12:23 CET 2026
#@# white curv lh Tue Mar 10 00:12:23 CET 2026
#@# white area lh Tue Mar 10 00:12:23 CET 2026
#@# pial curv lh Tue Mar 10 00:12:23 CET 2026
#@# pial area lh Tue Mar 10 00:12:23 CET 2026
#@# thickness lh Tue Mar 10 00:12:23 CET 2026
#@# area and vertex vol lh Tue Mar 10 00:12:23 CET 2026
#@# white curv rh Tue Mar 10 00:12:23 CET 2026
#@# white area rh Tue Mar 10 00:12:23 CET 2026
#@# pial curv rh Tue Mar 10 00:12:23 CET 2026
#@# pial area rh Tue Mar 10 00:12:23 CET 2026
#@# thickness rh Tue Mar 10 00:12:23 CET 2026
#@# area and vertex vol rh Tue Mar 10 00:12:23 CET 2026
#@# Cortical ribbon mask Tue Mar 10 00:12:23 CET 2026
recon-all -s sub-v1s2x0051466_ses-1 finished without error at Tue Mar 10 00:17:14 CET 2026



#New# invocation of recon-all 



status file for recon-all
Tue Mar 10 00:25:17 CET 2026
#@# white curv lh Tue Mar 10 00:25:17 CET 2026
#@# white area lh Tue Mar 10 00:25:17 CET 2026
#@# pial curv lh Tue Mar 10 00:25:17 CET 2026
#@# pial area lh Tue Mar 10 00:25:17 CET 2026
#@# thickness lh Tue Mar 10 00:25:17 CET 2026
#@# area and vertex vol lh Tue Mar 10 00:25:17 CET 2026
#@# white curv rh Tue Mar 10 00:25:17 CET 2026
#@# white area rh Tue Mar 10 00:25:17 CET 2026
#@# pial curv rh Tue Mar 10 00:25:17 CET 2026
#@# pial area rh Tue Mar 10 00:25:17 CET 2026
#@# thickness rh Tue Mar 10 00:25:17 CET 2026
#@# area and vertex vol rh Tue Mar 10 00:25:17 CET 2026
#@# Curvature Stats lh Tue Mar 10 00:25:17 CET 2026
#@# Curvature Stats rh Tue Mar 10 00:25:20 CET 2026
#@# Relabel Hypointensities Tue Mar 10 00:25:24 CET 2026
#@# APas-to-ASeg Tue Mar 10 00:25:41 CET 2026
#@# AParc-to-ASeg aparc Tue Mar 10 00:25:51 CET 2026
#@# AParc-to-ASeg aparc.a2009s Tue Mar 10 00:26:27 CET 2026
#@# AParc-to-ASeg aparc.DKTatlas Tue Mar 10 00:27:03 CET 2026
#@# WMParc Tue Mar 10 00:27:39 CET 2026
#@# ASeg Stats Tue Mar 10 00:31:40 CET 2026
recon-all -s sub-v1s2x0051466_ses-1 finished without error at Tue Mar 10 00:32:16 CET 2026
