status file for recon-all
Mon Mar  9 21:52:59 CET 2026
#@# MotionCor Mon Mar  9 21:53:01 CET 2026
#@# Talairach Mon Mar  9 21:53:09 CET 2026
#@# Talairach Failure Detection Mon Mar  9 21:57:33 CET 2026
#@# Nu Intensity Correction Mon Mar  9 21:57:33 CET 2026
#@# Intensity Normalization Mon Mar  9 22:00:51 CET 2026
recon-all -s sub-v1s2x0051478_ses-1 finished without error at Mon Mar  9 22:02:29 CET 2026



#New# invocation of recon-all 



status file for recon-all
Mon Mar  9 22:09:42 CET 2026
#@# EM Registration Mon Mar  9 22:09:42 CET 2026
recon-all -s sub-v1s2x0051478_ses-1 finished without error at Mon Mar  9 22:11:35 CET 2026



#New# invocation of recon-all 



status file for recon-all
Mon Mar  9 22:11:39 CET 2026
#@# CA Normalize Mon Mar  9 22:11:39 CET 2026
#@# CA Reg Mon Mar  9 22:13:02 CET 2026
#@# SubCort Seg Mon Mar  9 23:01:41 CET 2026
#@# CC Seg Mon Mar  9 23:48:20 CET 2026
#@# Merge ASeg Mon Mar  9 23:49:00 CET 2026
#@# Intensity Normalization2 Mon Mar  9 23:49:00 CET 2026
#@# Mask BFS Mon Mar  9 23:51:28 CET 2026
#@# WM Segmentation Mon Mar  9 23:51:28 CET 2026
#@# Fill Mon Mar  9 23:53:55 CET 2026
recon-all -s sub-v1s2x0051478_ses-1 finished without error at Mon Mar  9 23:54:55 CET 2026



#New# invocation of recon-all 



status file for recon-all
Tue Mar 10 00:55:34 CET 2026
#@# white curv lh Tue Mar 10 00:55:34 CET 2026
#@# white area lh Tue Mar 10 00:55:34 CET 2026
#@# pial curv lh Tue Mar 10 00:55:34 CET 2026
#@# pial area lh Tue Mar 10 00:55:34 CET 2026
#@# thickness lh Tue Mar 10 00:55:34 CET 2026
#@# area and vertex vol lh Tue Mar 10 00:55:34 CET 2026
#@# white curv rh Tue Mar 10 00:55:34 CET 2026
#@# white area rh Tue Mar 10 00:55:34 CET 2026
#@# pial curv rh Tue Mar 10 00:55:34 CET 2026
#@# pial area rh Tue Mar 10 00:55:34 CET 2026
#@# thickness rh Tue Mar 10 00:55:34 CET 2026
#@# area and vertex vol rh Tue Mar 10 00:55:34 CET 2026
#@# Cortical ribbon mask Tue Mar 10 00:55:34 CET 2026
recon-all -s sub-v1s2x0051478_ses-1 finished without error at Tue Mar 10 01:07:39 CET 2026



#New# invocation of recon-all 



status file for recon-all
Tue Mar 10 01:15:38 CET 2026
#@# white curv lh Tue Mar 10 01:15:38 CET 2026
#@# white area lh Tue Mar 10 01:15:38 CET 2026
#@# pial curv lh Tue Mar 10 01:15:38 CET 2026
#@# pial area lh Tue Mar 10 01:15:38 CET 2026
#@# thickness lh Tue Mar 10 01:15:38 CET 2026
#@# area and vertex vol lh Tue Mar 10 01:15:38 CET 2026
#@# white curv rh Tue Mar 10 01:15:38 CET 2026
#@# white area rh Tue Mar 10 01:15:38 CET 2026
#@# pial curv rh Tue Mar 10 01:15:38 CET 2026
#@# pial area rh Tue Mar 10 01:15:38 CET 2026
#@# thickness rh Tue Mar 10 01:15:38 CET 2026
#@# area and vertex vol rh Tue Mar 10 01:15:38 CET 2026
#@# Curvature Stats lh Tue Mar 10 01:15:38 CET 2026
#@# Curvature Stats rh Tue Mar 10 01:15:41 CET 2026
#@# Relabel Hypointensities Tue Mar 10 01:15:44 CET 2026
#@# APas-to-ASeg Tue Mar 10 01:16:01 CET 2026
#@# AParc-to-ASeg aparc Tue Mar 10 01:16:10 CET 2026
#@# AParc-to-ASeg aparc.a2009s Tue Mar 10 01:17:02 CET 2026
#@# AParc-to-ASeg aparc.DKTatlas Tue Mar 10 01:18:00 CET 2026
#@# WMParc Tue Mar 10 01:18:57 CET 2026
#@# ASeg Stats Tue Mar 10 01:23:00 CET 2026
recon-all -s sub-v1s2x0051478_ses-1 finished without error at Tue Mar 10 01:23:40 CET 2026
