/out/sourcedata/freesurfer/sub-v1s2x0051488_ses-1/mri
/opt/freesurfer/bin/talairach_avi
--i orig_nu.mgz --xfm transforms/talairach.auto.xfm
talairach_avi 7.3.2
Linux dna020 5.14.0-427.37.1.el9_4.x86_64 #1 SMP PREEMPT_DYNAMIC Fri Sep 13 12:41:50 EDT 2024 x86_64 x86_64 x86_64 GNU/Linux
Wed Mar 11 21:14:46 CET 2026
mri_convert orig_nu.mgz talsrcimg.img 
reading from orig_nu.mgz...
TR=0.00, TE=0.00, TI=0.00, flip angle=0.00
i_ras = (-1, 0, 0)
j_ras = (0, 0, -1)
k_ras = (0, 1, 0)
writing to talsrcimg.img...
Analyze Output Matrix
-1.00000   0.00000   0.00000   124.07627;
 0.00000   0.00000   1.00000  -64.27119;
 0.00000  -1.00000   0.00000   120.50848;
 0.00000   0.00000   0.00000   1.00000;
--------------------
INFO: set hdr.hist.orient to -1
mpr2mni305 talsrcimg
Wed Mar 11 21:14:47 CET 2026
/opt/freesurfer/bin/mpr2mni305 talsrcimg
mpr2mni305 7.3.2
target=711-2C_as_mni_average_305

---------------------------------------------------------------------
analyzeto4dfp talsrcimg -O0 -y
---------------------------------------------------------------------

freesurfer ifh2hdr.c
Wed Mar 11 21:14:47 2026
Writing: talsrcimg.4dfp.hdr
freesurfer analyzeto4dfp.c
Reading: talsrcimg.hdr
header size 348 bytes
hdr.dime.datatype	offset=70	value=2
hdr.dime.bitpix		offset=72	value=8
hdr.hist.orient		offset=252	value=-1
dimensionality     4
dimensions       256       256       256         1
Reading: talsrcimg.img
Writing: talsrcimg.4dfp.img
Writing: talsrcimg.4dfp.ifh
ifh2hdr talsrcimg -r0to255
ori=2

---------------------------------------------------------------------
gauss_4dfp talsrcimg 1.1
---------------------------------------------------------------------

freesurfer gauss_4dfp.c
Reading: talsrcimg.4dfp.img
Writing: talsrcimg_g11.4dfp.img
image dimensions 256 256 256 padded to 288 288 288
processing volume 1freesurfer ifh2hdr.c
Wed Mar 11 21:14:49 2026
Writing: talsrcimg_g11.4dfp.hdr

Writing: talsrcimg_g11.4dfp.ifh
including: talsrcimg.4dfp.img.rec in talsrcimg_g11.4dfp.img.rec

---------------------------------------------------------------------
imgreg_4dfp /opt/freesurfer/average/711-2C_as_mni_average_305 none talsrcimg_g11 none talsrcimg_to_711-2C_as_mni_average_305_t4 4355
---------------------------------------------------------------------

freesurfer imgreg_4dfp.c
/opt/freesurfer/average/711-2C_as_mni_average_305.4dfp.img
       256       256       256         1
  1.000000  1.000000  1.000000
orientation T byte_order littleendian
Reading image: /opt/freesurfer/average/711-2C_as_mni_average_305.4dfp.img
dimensions:      256       256       256
mmppix:       1.0000   -1.0000   -1.0000
center:     128.0000 -129.0000 -129.0000
talsrcimg_g11.4dfp.img
       256       256       256         1
  1.000000  1.000000  1.000000
orientation T byte_order littleendian
Reading image: talsrcimg_g11.4dfp.img
dimensions:      256       256       256
mmppix:       1.0000   -1.0000   -1.0000
center:     128.0000 -129.0000 -129.0000
t4_read: open error in t4_sub.f l:  41 t4_file(1:l)talsrcimg_to_711-2C_as_mni_average_305_t4 
t4_read: transform initialized to I4
rotation matrix determinant  1.000000
image alignment mode   4355 decimal     1103 hex
   -7.5000  -45.0000  -45.0000 5668.7998   15.6036
    0.0000  -45.0000  -45.0000 5912.4629   15.6023
    7.5000  -45.0000  -45.0000 5655.9722   15.6003
   -7.5000  -37.5000  -45.0000 6267.3159   14.9477
    0.0000  -37.5000  -45.0000 6535.2739   14.9479
    7.5000  -37.5000  -45.0000 6244.6030   14.9501
   -7.5000  -30.0000  -45.0000 7138.2524   14.5711
    0.0000  -30.0000  -45.0000 7444.2778   14.5730
    7.5000  -30.0000  -45.0000 7120.3779   14.5726
   -7.5000  -22.5000  -45.0000 8093.7812   14.3707
    0.0000  -22.5000  -45.0000 8435.7139   14.3710
    7.5000  -22.5000  -45.0000 8061.2031   14.3652
   -7.5000  -15.0000  -45.0000 9138.1318   14.2275
    0.0000  -15.0000  -45.0000 9513.6328   14.2254
    7.5000  -15.0000  -45.0000 9104.8164   14.2179
   -7.5000   -7.5000  -45.000010247.0898   14.1037
    0.0000   -7.5000  -45.000010669.0674   14.1003
    7.5000   -7.5000  -45.000010216.9395   14.0945
   -7.5000    0.0000  -45.000011375.1650   14.0055
    0.0000    0.0000  -45.000011845.2314   14.0027
    7.5000    0.0000  -45.000011359.8818   14.0005
   -7.5000    7.5000  -45.000011521.7852   13.9845
    0.0000    7.5000  -45.000012042.5400   13.9844
    7.5000    7.5000  -45.000011535.0391   13.9845
   -7.5000   15.0000  -45.000011465.8994   14.0360
    0.0000   15.0000  -45.000011977.1475   14.0378
    7.5000   15.0000  -45.000011477.3174   14.0368
   -7.5000   22.5000  -45.000011289.2725   14.1132
    0.0000   22.5000  -45.000011804.7783   14.1137
    7.5000   22.5000  -45.000011299.2627   14.1090
   -7.5000   30.0000  -45.000011047.7881   13.9602
    0.0000   30.0000  -45.000011570.1699   13.9582
    7.5000   30.0000  -45.000011051.6826   13.9511
   -7.5000   37.5000  -45.000011210.4102   13.8994
    0.0000   37.5000  -45.000011726.1943   13.8960
    7.5000   37.5000  -45.000011185.6396   13.8903
   -7.5000   45.0000  -45.000010984.5186   13.4680
    0.0000   45.0000  -45.000011485.6650   13.4653
    7.5000   45.0000  -45.000010961.4219   13.4632
   -7.5000  -45.0000  -37.5000 5938.3647   15.6274
    0.0000  -45.0000  -37.5000 6193.5166   15.6246
    7.5000  -45.0000  -37.5000 5915.3027   15.6214
   -7.5000  -37.5000  -37.5000 6560.4116   14.9725
    0.0000  -37.5000  -37.5000 6843.8291   14.9714
    7.5000  -37.5000  -37.5000 6539.6777   14.9705
   -7.5000  -30.0000  -37.5000 7488.3867   14.5888
    0.0000  -30.0000  -37.5000 7811.5117   14.5914
    7.5000  -30.0000  -37.5000 7457.5728   14.5869
   -7.5000  -22.5000  -37.5000 8524.7510   14.3845
    0.0000  -22.5000  -37.5000 8884.5117   14.3860
    7.5000  -22.5000  -37.5000 8480.2520   14.3778
   -7.5000  -15.0000  -37.5000 9641.5967   14.2416
    0.0000  -15.0000  -37.500010037.7432   14.2405
    7.5000  -15.0000  -37.5000 9597.1416   14.2331
   -7.5000   -7.5000  -37.500010792.1230   14.1224
    0.0000   -7.5000  -37.500011237.0322   14.1190
    7.5000   -7.5000  -37.500010746.4482   14.1144
   -7.5000    0.0000  -37.500011952.3975   14.0283
    0.0000    0.0000  -37.500012471.4531   14.0246
    7.5000    0.0000  -37.500011928.1123   14.0225
   -7.5000    7.5000  -37.500012107.1104   14.0055
    0.0000    7.5000  -37.500012669.4414   14.0050
    7.5000    7.5000  -37.500012122.9473   14.0026
   -7.5000   15.0000  -37.500012032.3164   14.0521
    0.0000   15.0000  -37.500012587.5508   14.0544
    7.5000   15.0000  -37.500012048.9990   14.0497
   -7.5000   22.5000  -37.500011816.9717   14.1265
    0.0000   22.5000  -37.500012374.5625   14.1282
    7.5000   22.5000  -37.500011829.3887   14.1212
   -7.5000   30.0000  -37.500011543.6895   13.9740
    0.0000   30.0000  -37.500012137.6895   13.9731
    7.5000   30.0000  -37.500011551.8379   13.9660
   -7.5000   37.5000  -37.500011678.9434   13.9177
    0.0000   37.5000  -37.500012278.2959   13.9144
    7.5000   37.5000  -37.500011678.6592   13.9099
   -7.5000   45.0000  -37.500011449.8379   13.4899
    0.0000   45.0000  -37.500012028.1816   13.4863
    7.5000   45.0000  -37.500011439.6543   13.4843
   -7.5000  -45.0000  -30.0000 6289.5874   16.2994
    0.0000  -45.0000  -30.0000 6557.1294   16.3000
    7.5000  -45.0000  -30.0000 6255.9097   16.3064
   -7.5000  -37.5000  -30.0000 6967.5327   15.6189
    0.0000  -37.5000  -30.0000 7249.4946   15.6182
    7.5000  -37.5000  -30.0000 6927.7988   15.6246
   -7.5000  -30.0000  -30.0000 7968.2939   15.2100
    0.0000  -30.0000  -30.0000 8296.4766   15.2142
    7.5000  -30.0000  -30.0000 7934.2417   15.2141
   -7.5000  -22.5000  -30.0000 9089.2920   14.9888
    0.0000  -22.5000  -30.0000 9456.7627   14.9937
    7.5000  -22.5000  -30.0000 9049.4873   14.9901
   -7.5000  -15.0000  -30.000010263.2363   14.8388
    0.0000  -15.0000  -30.000010689.2666   14.8419
    7.5000  -15.0000  -30.000010235.3379   14.8411
   -7.5000   -7.5000  -30.000011488.3691   14.7223
    0.0000   -7.5000  -30.000011963.9043   14.7220
    7.5000   -7.5000  -30.000011450.8418   14.7259
   -7.5000    0.0000  -30.000012693.7559   14.6327
    0.0000    0.0000  -30.000013265.0908   14.6305
    7.5000    0.0000  -30.000012684.9736   14.6371
   -7.5000    7.5000  -30.000012837.8145   14.6094
    0.0000    7.5000  -30.000013447.5234   14.6095
    7.5000    7.5000  -30.000012870.1436   14.6135
   -7.5000   15.0000  -30.000012734.7646   14.6510
    0.0000   15.0000  -30.000013352.6621   14.6547
    7.5000   15.0000  -30.000012791.7656   14.6539
   -7.5000   22.5000  -30.000012485.0117   14.7188
    0.0000   22.5000  -30.000013104.2041   14.7237
    7.5000   22.5000  -30.000012523.2266   14.7210
   -7.5000   30.0000  -30.000012181.3936   14.5613
    0.0000   30.0000  -30.000012818.5664   14.5645
    7.5000   30.0000  -30.000012208.4785   14.5639
   -7.5000   37.5000  -30.000012323.9404   14.5104
    0.0000   37.5000  -30.000012962.9482   14.5100
    7.5000   37.5000  -30.000012351.3369   14.5139
   -7.5000   45.0000  -30.000012082.4365   14.0814
    0.0000   45.0000  -30.000012713.4434   14.0793
    7.5000   45.0000  -30.000012097.8555   14.0857
   -7.5000  -45.0000  -22.5000 6603.8765   16.8565
    0.0000  -45.0000  -22.5000 6874.8740   16.8636
    7.5000  -45.0000  -22.5000 6556.4248   16.8822
   -7.5000  -37.5000  -22.5000 7339.8999   16.1531
    0.0000  -37.5000  -22.5000 7629.2983   16.1552
    7.5000  -37.5000  -22.5000 7287.3989   16.1731
   -7.5000  -30.0000  -22.5000 8446.1562   15.7299
    0.0000  -30.0000  -22.5000 8789.2422   15.7347
    7.5000  -30.0000  -22.5000 8408.2266   15.7446
   -7.5000  -22.5000  -22.5000 9646.5908   15.4980
    0.0000  -22.5000  -22.500010052.1738   15.5048
    7.5000  -22.5000  -22.5000 9605.6504   15.5091
   -7.5000  -15.0000  -22.500010881.1084   15.3410
    0.0000  -15.0000  -22.500011354.4873   15.3477
    7.5000  -15.0000  -22.500010854.2236   15.3540
   -7.5000   -7.5000  -22.500012156.4639   15.2215
    0.0000   -7.5000  -22.500012693.8105   15.2254
    7.5000   -7.5000  -22.500012142.5723   15.2373
   -7.5000    0.0000  -22.500013386.0742   15.1313
    0.0000    0.0000  -22.500014026.1543   15.1327
    7.5000    0.0000  -22.500013411.9023   15.1489
   -7.5000    7.5000  -22.500013526.3535   15.1103
    0.0000    7.5000  -22.500014195.1807   15.1120
    7.5000    7.5000  -22.500013577.8027   15.1263
   -7.5000   15.0000  -22.500013405.1592   15.1531
    0.0000   15.0000  -22.500014059.9668   15.1574
    7.5000   15.0000  -22.500013449.0146   15.1657
   -7.5000   22.5000  -22.500013111.8525   15.2181
    0.0000   22.5000  -22.500013739.7871   15.2249
    7.5000   22.5000  -22.500013144.0371   15.2299
   -7.5000   30.0000  -22.500012778.0352   15.0564
    0.0000   30.0000  -22.500013405.0225   15.0631
    7.5000   30.0000  -22.500012822.6992   15.0694
   -7.5000   37.5000  -22.500012936.7793   15.0047
    0.0000   37.5000  -22.500013566.9043   15.0086
    7.5000   37.5000  -22.500012974.9248   15.0202
   -7.5000   45.0000  -22.500012647.3838   14.5722
    0.0000   45.0000  -22.500013290.7188   14.5735
    7.5000   45.0000  -22.500012706.8457   14.5891
   -7.5000  -45.0000  -15.0000 6898.2559   17.2403
    0.0000  -45.0000  -15.0000 7171.8774   17.2501
    7.5000  -45.0000  -15.0000 6851.9097   17.2711
   -7.5000  -37.5000  -15.0000 7693.5933   16.5175
    0.0000  -37.5000  -15.0000 8001.1719   16.5214
    7.5000  -37.5000  -15.0000 7650.9380   16.5438
   -7.5000  -30.0000  -15.0000 8876.5420   16.0915
    0.0000  -30.0000  -15.0000 9254.8193   16.0961
    7.5000  -30.0000  -15.0000 8857.6553   16.1117
   -7.5000  -22.5000  -15.000010147.4990   15.8593
    0.0000  -22.5000  -15.000010603.6807   15.8656
    7.5000  -22.5000  -15.000010136.6689   15.8732
   -7.5000  -15.0000  -15.000011450.0986   15.6993
    0.0000  -15.0000  -15.000011969.2949   15.7059
    7.5000  -15.0000  -15.000011440.9023   15.7124
   -7.5000   -7.5000  -15.000012773.2324   15.5716
    0.0000   -7.5000  -15.000013371.3301   15.5765
    7.5000   -7.5000  -15.000012788.4023   15.5874
   -7.5000    0.0000  -15.000014041.2861   15.4737
    0.0000    0.0000  -15.000014730.5762   15.4765
    7.5000    0.0000  -15.000014069.6719   15.4935
   -7.5000    7.5000  -15.000014146.8662   15.4533
    0.0000    7.5000  -15.000014825.0312   15.4557
    7.5000    7.5000  -15.000014182.7900   15.4739
   -7.5000   15.0000  -15.000013985.2285   15.5024
    0.0000   15.0000  -15.000014624.5752   15.5066
    7.5000   15.0000  -15.000014015.0107   15.5201
   -7.5000   22.5000  -15.000013679.5195   15.5725
    0.0000   22.5000  -15.000014324.1074   15.5788
    7.5000   22.5000  -15.000013757.4541   15.5869
   -7.5000   30.0000  -15.000013337.1104   15.4102
    0.0000   30.0000  -15.000013961.8135   15.4167
    7.5000   30.0000  -15.000013444.8145   15.4232
   -7.5000   37.5000  -15.000013508.5322   15.3520
    0.0000   37.5000  -15.000014115.8135   15.3568
    7.5000   37.5000  -15.000013593.9043   15.3675
   -7.5000   45.0000  -15.000013206.9629   14.9110
    0.0000   45.0000  -15.000013807.4854   14.9137
    7.5000   45.0000  -15.000013280.8389   14.9300
   -7.5000  -45.0000   -7.5000 7157.9126   17.4237
    0.0000  -45.0000   -7.5000 7449.2070   17.4283
    7.5000  -45.0000   -7.5000 7125.1270   17.4384
   -7.5000  -37.5000   -7.5000 8013.5303   16.6905
    0.0000  -37.5000   -7.5000 8356.6025   16.6929
    7.5000  -37.5000   -7.5000 8006.1973   16.7070
   -7.5000  -30.0000   -7.5000 9291.4023   16.2676
    0.0000  -30.0000   -7.5000 9708.0039   16.2707
    7.5000  -30.0000   -7.5000 9292.9912   16.2804
   -7.5000  -22.5000   -7.500010632.4160   16.0401
    0.0000  -22.5000   -7.500011123.8682   16.0430
    7.5000  -22.5000   -7.500010670.2510   16.0449
   -7.5000  -15.0000   -7.500011993.8564   15.8797
    0.0000  -15.0000   -7.500012559.7080   15.8812
    7.5000  -15.0000   -7.500012050.7998   15.8802
   -7.5000   -7.5000   -7.500013385.1973   15.7442
    0.0000   -7.5000   -7.500014012.8975   15.7445
    7.5000   -7.5000   -7.500013424.7734   15.7461
   -7.5000    0.0000   -7.500014658.7852   15.6379
    0.0000    0.0000   -7.500015343.3018   15.6377
    7.5000    0.0000   -7.500014685.0713   15.6451
   -7.5000    7.5000   -7.500014748.9355   15.6163
    0.0000    7.5000   -7.500015350.6504   15.6173
    7.5000    7.5000   -7.500014762.3018   15.6278
   -7.5000   15.0000   -7.500014587.7803   15.6715
    0.0000   15.0000   -7.500015215.3467   15.6745
    7.5000   15.0000   -7.500014676.8643   15.6828
   -7.5000   22.5000   -7.500014413.1143   15.7481
    0.0000   22.5000   -7.500015062.2002   15.7511
    7.5000   22.5000   -7.500014620.0098   15.7538
   -7.5000   30.0000   -7.500014088.8613   15.5869
    0.0000   30.0000   -7.500014633.6895   15.5885
    7.5000   30.0000   -7.500014253.6992   15.5876
   -7.5000   37.5000   -7.500014272.1436   15.5218
    0.0000   37.5000   -7.500014809.6924   15.5220
    7.5000   37.5000   -7.500014378.0195   15.5236
   -7.5000   45.0000   -7.500013939.5752   15.0720
    0.0000   45.0000   -7.500014495.6797   15.0718
    7.5000   45.0000   -7.500014029.0938   15.0789
   -7.5000  -45.0000    0.0000 7351.3970   17.4605
    0.0000  -45.0000    0.0000 7655.7437   17.4591
    7.5000  -45.0000    0.0000 7330.2573   17.4569
   -7.5000  -37.5000    0.0000 8246.3311   16.7266
    0.0000  -37.5000    0.0000 8613.6738   16.7268
    7.5000  -37.5000    0.0000 8255.3027   16.7292
   -7.5000  -30.0000    0.0000 9587.8418   16.3052
    0.0000  -30.0000    0.000010001.9062   16.3073
    7.5000  -30.0000    0.0000 9590.9561   16.3068
   -7.5000  -22.5000    0.000010973.5645   16.0809
    0.0000  -22.5000    0.000011457.2363   16.0812
    7.5000  -22.5000    0.000011014.6162   16.0748
   -7.5000  -15.0000    0.000012416.8438   15.9208
    0.0000  -15.0000    0.000012980.6592   15.9183
    7.5000  -15.0000    0.000012474.2715   15.9099
   -7.5000   -7.5000    0.000013863.9287   15.7822
    0.0000   -7.5000    0.000014490.4736   15.7784
    7.5000   -7.5000    0.000013926.8848   15.7718
   -7.5000    0.0000    0.000015183.0293   15.6723
    0.0000    0.0000    0.000015816.2539   15.6692
    7.5000    0.0000    0.000015244.4287   15.6667
   -7.5000    7.5000    0.000015270.3682   15.6488
    0.0000    7.5000    0.000015787.8516   15.6487
    7.5000    7.5000    0.000015305.4131   15.6488
   -7.5000   15.0000    0.000015173.5898   15.7064
    0.0000   15.0000    0.000015723.3564   15.7084
    7.5000   15.0000    0.000015253.3066   15.7072
   -7.5000   22.5000    0.000015104.9590   15.7877
    0.0000   22.5000    0.000015627.1846   15.7882
    7.5000   22.5000    0.000015194.4209   15.7829
   -7.5000   30.0000    0.000014858.1611   15.6277
    0.0000   30.0000    0.000015241.3838   15.6254
    7.5000   30.0000    0.000014874.1260   15.6174
   -7.5000   37.5000    0.000015024.9668   15.5596
    0.0000   37.5000    0.000015441.6416   15.5558
    7.5000   37.5000    0.000015006.9082   15.5493
   -7.5000   45.0000    0.000014615.2471   15.1063
    0.0000   45.0000    0.000015097.6064   15.1033
    7.5000   45.0000    0.000014590.7051   15.1009
   -7.5000  -45.0000    7.5000 6979.7988   17.4874
    0.0000  -45.0000    7.5000 7295.1094   17.4844
    7.5000  -45.0000    7.5000 6976.0566   17.4808
   -7.5000  -37.5000    7.5000 7845.5742   16.7547
    0.0000  -37.5000    7.5000 8204.2754   16.7534
    7.5000  -37.5000    7.5000 7845.4028   16.7524
   -7.5000  -30.0000    7.5000 9123.5752   16.3252
    0.0000  -30.0000    7.5000 9525.9814   16.3282
    7.5000  -30.0000    7.5000 9141.6396   16.3231
   -7.5000  -22.5000    7.500010478.6699   16.0966
    0.0000  -22.5000    7.500010930.2148   16.0983
    7.5000  -22.5000    7.500010500.5703   16.0892
   -7.5000  -15.0000    7.500011867.2842   15.9367
    0.0000  -15.0000    7.500012381.1504   15.9355
    7.5000  -15.0000    7.500011903.0537   15.9272
   -7.5000   -7.5000    7.500013253.4834   15.8033
    0.0000   -7.5000    7.500013836.4336   15.7995
    7.5000   -7.5000    7.500013298.7158   15.7944
   -7.5000    0.0000    7.500014581.7383   15.6981
    0.0000    0.0000    7.500015192.5352   15.6939
    7.5000    0.0000    7.500014602.4521   15.6916
   -7.5000    7.5000    7.500014720.1523   15.6725
    0.0000    7.5000    7.500015286.4053   15.6719
    7.5000    7.5000    7.500014698.1670   15.6693
   -7.5000   15.0000    7.500014628.9072   15.7246
    0.0000   15.0000    7.500015206.1416   15.7273
    7.5000   15.0000    7.500014608.9561   15.7220
   -7.5000   22.5000    7.500014465.1406   15.8028
    0.0000   22.5000    7.500014963.9482   15.8047
    7.5000   22.5000    7.500014368.8525   15.7968
   -7.5000   30.0000    7.500014177.0615   15.6434
    0.0000   30.0000    7.500014638.1104   15.6424
    7.5000   30.0000    7.500014011.8467   15.6345
   -7.5000   37.5000    7.500014360.8135   15.5803
    0.0000   37.5000    7.500014866.7666   15.5766
    7.5000   37.5000    7.500014215.5371   15.5716
   -7.5000   45.0000    7.500013952.4600   15.1311
    0.0000   45.0000    7.500014442.3330   15.1271
    7.5000   45.0000    7.500013832.7363   15.1249
   -7.5000  -45.0000   15.0000 6447.8413   17.5435
    0.0000  -45.0000   15.0000 6776.4287   17.5435
    7.5000  -45.0000   15.0000 6469.5894   17.5503
   -7.5000  -37.5000   15.0000 7276.4521   16.8112
    0.0000  -37.5000   15.0000 7644.3022   16.8100
    7.5000  -37.5000   15.0000 7288.1147   16.8167
   -7.5000  -30.0000   15.0000 8479.2715   16.3714
    0.0000  -30.0000   15.0000 8901.5264   16.3754
    7.5000  -30.0000   15.0000 8505.6992   16.3751
   -7.5000  -22.5000   15.0000 9778.9893   16.1331
    0.0000  -22.5000   15.000010248.9414   16.1379
    7.5000  -22.5000   15.0000 9779.8867   16.1337
   -7.5000  -15.0000   15.000011124.6211   15.9709
    0.0000  -15.0000   15.000011641.7373   15.9737
    7.5000  -15.0000   15.000011094.7432   15.9727
   -7.5000   -7.5000   15.000012446.6299   15.8447
    0.0000   -7.5000   15.000013039.5264   15.8439
    7.5000   -7.5000   15.000012424.1064   15.8480
   -7.5000    0.0000   15.000013690.0986   15.7480
    0.0000    0.0000   15.000014341.8809   15.7451
    7.5000    0.0000   15.000013670.5898   15.7522
   -7.5000    7.5000   15.000013826.2949   15.7233
    0.0000    7.5000   15.000014462.2275   15.7229
    7.5000    7.5000   15.000013806.1240   15.7271
   -7.5000   15.0000   15.000013756.4004   15.7686
    0.0000   15.0000   15.000014378.7520   15.7721
    7.5000   15.0000   15.000013731.5996   15.7711
   -7.5000   22.5000   15.000013551.1064   15.8383
    0.0000   22.5000   15.000014078.0361   15.8431
    7.5000   22.5000   15.000013470.5811   15.8401
   -7.5000   30.0000   15.000013201.0703   15.6766
    0.0000   30.0000   15.000013683.6807   15.6796
    7.5000   30.0000   15.000013087.9365   15.6788
   -7.5000   37.5000   15.000013339.7822   15.6212
    0.0000   37.5000   15.000013858.7881   15.6203
    7.5000   37.5000   15.000013258.9863   15.6244
   -7.5000   45.0000   15.000013011.8584   15.1792
    0.0000   45.0000   15.000013522.9248   15.1765
    7.5000   45.0000   15.000012941.9258   15.1833
   -7.5000  -45.0000   22.5000 5907.6851   17.6257
    0.0000  -45.0000   22.5000 6215.1523   17.6323
    7.5000  -45.0000   22.5000 5933.5562   17.6515
   -7.5000  -37.5000   22.5000 6657.5693   16.8902
    0.0000  -37.5000   22.5000 6990.7886   16.8915
    7.5000  -37.5000   22.5000 6681.8887   16.9100
   -7.5000  -30.0000   22.5000 7757.9521   16.4489
    0.0000  -30.0000   22.5000 8141.7046   16.4532
    7.5000  -30.0000   22.5000 7787.2744   16.4633
   -7.5000  -22.5000   22.5000 8969.8496   16.2073
    0.0000  -22.5000   22.5000 9407.6758   16.2137
    7.5000  -22.5000   22.5000 8977.7070   16.2180
   -7.5000  -15.0000   22.500010232.6152   16.0425
    0.0000  -15.0000   22.500010701.0186   16.0488
    7.5000  -15.0000   22.500010208.8750   16.0553
   -7.5000   -7.5000   22.500011472.8936   15.9163
    0.0000   -7.5000   22.500012008.3955   15.9196
    7.5000   -7.5000   22.500011444.0293   15.9320
   -7.5000    0.0000   22.500012608.5078   15.8211
    0.0000    0.0000   22.500013199.5576   15.8218
    7.5000    0.0000   22.500012588.7090   15.8388
   -7.5000    7.5000   22.500012731.2695   15.7998
    0.0000    7.5000   22.500013336.5049   15.8009
    7.5000    7.5000   22.500012743.9160   15.8157
   -7.5000   15.0000   22.500012679.7900   15.8460
    0.0000   15.0000   22.500013280.3105   15.8498
    7.5000   15.0000   22.500012685.7324   15.8583
   -7.5000   22.5000   22.500012497.6807   15.9125
    0.0000   22.5000   22.500013029.2070   15.9189
    7.5000   22.5000   22.500012462.2168   15.9239
   -7.5000   30.0000   22.500012205.4121   15.7473
    0.0000   30.0000   22.500012702.9395   15.7536
    7.5000   30.0000   22.500012163.9443   15.7601
   -7.5000   37.5000   22.500012364.4521   15.6918
    0.0000   37.5000   22.500012874.8262   15.6951
    7.5000   37.5000   22.500012332.6982   15.7073
   -7.5000   45.0000   22.500012059.0674   15.2497
    0.0000   45.0000   22.500012519.5225   15.2504
    7.5000   45.0000   22.500012018.4590   15.2668
   -7.5000  -45.0000   30.0000 5391.2207   17.9576
    0.0000  -45.0000   30.0000 5676.8105   17.9673
    7.5000  -45.0000   30.0000 5423.9751   17.9887
   -7.5000  -37.5000   30.0000 6070.7192   17.1960
    0.0000  -37.5000   30.0000 6386.7456   17.1992
    7.5000  -37.5000   30.0000 6115.6099   17.2224
   -7.5000  -30.0000   30.0000 7085.2539   16.7497
    0.0000  -30.0000   30.0000 7439.7256   16.7535
    7.5000  -30.0000   30.0000 7117.0459   16.7697
   -7.5000  -22.5000   30.0000 8210.3574   16.5056
    0.0000  -22.5000   30.0000 8602.9248   16.5112
    7.5000  -22.5000   30.0000 8219.2988   16.5191
   -7.5000  -15.0000   30.0000 9369.8857   16.3346
    0.0000  -15.0000   30.0000 9801.8887   16.3405
    7.5000  -15.0000   30.0000 9374.8408   16.3473
   -7.5000   -7.5000   30.000010520.1445   16.1990
    0.0000   -7.5000   30.000011001.2754   16.2034
    7.5000   -7.5000   30.000010518.2207   16.2146
   -7.5000    0.0000   30.000011562.1680   16.0970
    0.0000    0.0000   30.000012089.5703   16.0994
    7.5000    0.0000   30.000011568.2588   16.1169
   -7.5000    7.5000   30.000011662.6689   16.0790
    0.0000    7.5000   30.000012210.4131   16.0808
    7.5000    7.5000   30.000011690.4326   16.0996
   -7.5000   15.0000   30.000011628.9707   16.1339
    0.0000   15.0000   30.000012175.6982   16.1375
    7.5000   15.0000   30.000011665.2686   16.1516
   -7.5000   22.5000   30.000011460.1396   16.2057
    0.0000   22.5000   30.000011966.4443   16.2114
    7.5000   22.5000   30.000011473.3379   16.2200
   -7.5000   30.0000   30.000011205.1279   16.0349
    0.0000   30.0000   30.000011663.7578   16.0409
    7.5000   30.0000   30.000011209.6553   16.0477
   -7.5000   37.5000   30.000011359.7031   15.9707
    0.0000   37.5000   30.000011829.2617   15.9751
    7.5000   37.5000   30.000011344.2891   15.9861
   -7.5000   45.0000   30.000011098.0381   15.5156
    0.0000   45.0000   30.000011512.7305   15.5179
    7.5000   45.0000   30.000011067.2412   15.5348
   -7.5000  -45.0000   37.5000 5130.2866   18.5224
    0.0000  -45.0000   37.5000 5400.2856   18.5241
    7.5000  -45.0000   37.5000 5162.3906   18.5352
   -7.5000  -37.5000   37.5000 5779.8901   17.7203
    0.0000  -37.5000   37.5000 6086.2397   17.7198
    7.5000  -37.5000   37.5000 5826.2144   17.7354
   -7.5000  -30.0000   37.5000 6744.7285   17.2631
    0.0000  -30.0000   37.5000 7080.4907   17.2628
    7.5000  -30.0000   37.5000 6771.3657   17.2742
   -7.5000  -22.5000   37.5000 7803.4888   17.0112
    0.0000  -22.5000   37.5000 8175.2090   17.0101
    7.5000  -22.5000   37.5000 7817.4253   17.0132
   -7.5000  -15.0000   37.5000 8910.9639   16.8249
    0.0000  -15.0000   37.5000 9326.3750   16.8225
    7.5000  -15.0000   37.5000 8930.0117   16.8225
   -7.5000   -7.5000   37.500010006.8320   16.6728
    0.0000   -7.5000   37.500010470.3857   16.6698
    7.5000   -7.5000   37.500010033.6211   16.6720
   -7.5000    0.0000   37.500010989.1387   16.5617
    0.0000    0.0000   37.500011493.2432   16.5588
    7.5000    0.0000   37.500011026.1240   16.5669
   -7.5000    7.5000   37.500011097.9609   16.5491
    0.0000    7.5000   37.500011614.2061   16.5475
    7.5000    7.5000   37.500011139.6064   16.5593
   -7.5000   15.0000   37.500011061.1562   16.6188
    0.0000   15.0000   37.500011566.6182   16.6186
    7.5000   15.0000   37.500011096.8291   16.6284
   -7.5000   22.5000   37.500010910.4648   16.6993
    0.0000   22.5000   37.500011396.8926   16.6987
    7.5000   22.5000   37.500010920.4053   16.7027
   -7.5000   30.0000   37.500010642.5840   16.5167
    0.0000   30.0000   37.500011106.6191   16.5145
    7.5000   30.0000   37.500010660.7344   16.5147
   -7.5000   37.5000   37.500010792.5410   16.4381
    0.0000   37.5000   37.500011258.5078   16.4352
    7.5000   37.5000   37.500010786.7285   16.4373
   -7.5000   45.0000   37.500010559.1787   15.9635
    0.0000   45.0000   37.500011004.6152   15.9607
    7.5000   45.0000   37.500010556.7432   15.9686
   -7.5000  -45.0000   45.0000 4683.1436   19.1625
    0.0000  -45.0000   45.0000 4922.0234   19.1594
    7.5000  -45.0000   45.0000 4713.7139   19.1599
   -7.5000  -37.5000   45.0000 5284.0039   18.3384
    0.0000  -37.5000   45.0000 5548.1655   18.3363
    7.5000  -37.5000   45.0000 5320.4307   18.3420
   -7.5000  -30.0000   45.0000 6151.3110   17.8559
    0.0000  -30.0000   45.0000 6442.3901   17.8549
    7.5000  -30.0000   45.0000 6171.3335   17.8579
   -7.5000  -22.5000   45.0000 7091.8379   17.5837
    0.0000  -22.5000   45.0000 7433.5005   17.5806
    7.5000  -22.5000   45.0000 7118.5005   17.5773
   -7.5000  -15.0000   45.0000 8086.4336   17.3760
    0.0000  -15.0000   45.0000 8476.9668   17.3707
    7.5000  -15.0000   45.0000 8119.0444   17.3652
   -7.5000   -7.5000   45.0000 9079.9600   17.2116
    0.0000   -7.5000   45.0000 9513.4102   17.2057
    7.5000   -7.5000   45.0000 9121.6475   17.2013
   -7.5000    0.0000   45.0000 9985.9492   17.0975
    0.0000    0.0000   45.000010456.7090   17.0928
    7.5000    0.0000   45.000010031.5186   17.0925
   -7.5000    7.5000   45.000010108.8213   17.0918
    0.0000    7.5000   45.000010583.6904   17.0897
    7.5000    7.5000   45.000010151.0322   17.0926
   -7.5000   15.0000   45.000010078.6064   17.1726
    0.0000   15.0000   45.000010533.2910   17.1718
    7.5000   15.0000   45.000010111.1484   17.1739
   -7.5000   22.5000   45.0000 9932.7988   17.2559
    0.0000   22.5000   45.000010371.0752   17.2533
    7.5000   22.5000   45.0000 9950.0420   17.2514
   -7.5000   30.0000   45.0000 9692.1260   17.0564
    0.0000   30.0000   45.000010108.7764   17.0514
    7.5000   30.0000   45.0000 9703.4873   17.0463
   -7.5000   37.5000   45.0000 9825.5732   16.9679
    0.0000   37.5000   45.000010246.2910   16.9621
    7.5000   37.5000   45.0000 9835.9785   16.9578
   -7.5000   45.0000   45.0000 9620.0420   16.4875
    0.0000   45.0000   45.000010050.8887   16.4829
    7.5000   45.0000   45.0000 9640.1426   16.4826

---------------------------------------------------------------------
imgreg_4dfp /opt/freesurfer/average/711-2C_as_mni_average_305 /opt/freesurfer/average/711-2B_as_mni_average_305_mask talsrcimg_g11 none talsrcimg_to_711-2C_as_mni_average_305_t4 4355
---------------------------------------------------------------------

freesurfer imgreg_4dfp.c
/opt/freesurfer/average/711-2C_as_mni_average_305.4dfp.img
       256       256       256         1
  1.000000  1.000000  1.000000
orientation T byte_order littleendian
Reading image: /opt/freesurfer/average/711-2C_as_mni_average_305.4dfp.img
dimensions:      256       256       256
mmppix:       1.0000   -1.0000   -1.0000
center:     128.0000 -129.0000 -129.0000
/opt/freesurfer/average/711-2B_as_mni_average_305_mask.4dfp.img
       256       256       256         1
  1.000000  1.000000  1.000000
orientation T byte_order littleendian
Reading mask: /opt/freesurfer/average/711-2B_as_mni_average_305_mask.4dfp.img (2306576 pixels)
talsrcimg_g11.4dfp.img
       256       256       256         1
  1.000000  1.000000  1.000000
orientation T byte_order littleendian
Reading image: talsrcimg_g11.4dfp.img
dimensions:      256       256       256
mmppix:       1.0000   -1.0000   -1.0000
center:     128.0000 -129.0000 -129.0000
rotation matrix determinant  1.000000
image alignment mode   4355 decimal     1103 hex
   -7.5000  -45.0000  -45.0000 1613.9541   26.0265
    0.0000  -45.0000  -45.0000 1619.9235   25.9587
    7.5000  -45.0000  -45.0000 1601.1228   26.2737
   -7.5000  -37.5000  -45.0000 1752.7781   22.2029
    0.0000  -37.5000  -45.0000 1756.9801   22.1972
    7.5000  -37.5000  -45.0000 1740.4462   22.4057
   -7.5000  -30.0000  -45.0000 1871.2415   19.4535
    0.0000  -30.0000  -45.0000 1878.8512   19.4412
    7.5000  -30.0000  -45.0000 1863.5051   19.6722
   -7.5000  -22.5000  -45.0000 1985.3514   17.3582
    0.0000  -22.5000  -45.0000 1996.1278   17.2907
    7.5000  -22.5000  -45.0000 1978.1600   17.5367
   -7.5000  -15.0000  -45.0000 2104.2461   15.5676
    0.0000  -15.0000  -45.0000 2113.0120   15.5124
    7.5000  -15.0000  -45.0000 2092.7275   15.7165
   -7.5000   -7.5000  -45.0000 2212.7935   14.0137
    0.0000   -7.5000  -45.0000 2221.1819   13.9425
    7.5000   -7.5000  -45.0000 2204.7957   14.1287
   -7.5000    0.0000  -45.0000 2312.7817   12.7838
    0.0000    0.0000  -45.0000 2324.1240   12.6908
    7.5000    0.0000  -45.0000 2308.0361   12.8824
   -7.5000    7.5000  -45.0000 2379.1665   11.8794
    0.0000    7.5000  -45.0000 2393.5767   11.8246
    7.5000    7.5000  -45.0000 2375.9382   11.9993
   -7.5000   15.0000  -45.0000 2414.0520   11.3358
    0.0000   15.0000  -45.0000 2428.1882   11.2797
    7.5000   15.0000  -45.0000 2408.9551   11.4354
   -7.5000   22.5000  -45.0000 2438.0010   11.0363
    0.0000   22.5000  -45.0000 2450.6799   10.9801
    7.5000   22.5000  -45.0000 2433.8767   11.0884
   -7.5000   30.0000  -45.0000 2439.9517   10.9415
    0.0000   30.0000  -45.0000 2453.4280   10.8624
    7.5000   30.0000  -45.0000 2435.8560   10.9727
   -7.5000   37.5000  -45.0000 2425.5266   11.0954
    0.0000   37.5000  -45.0000 2437.7219   11.0164
    7.5000   37.5000  -45.0000 2415.5303   11.1197
   -7.5000   45.0000  -45.0000 2399.3721   11.4556
    0.0000   45.0000  -45.0000 2409.5120   11.3678
    7.5000   45.0000  -45.0000 2386.5352   11.5008
   -7.5000  -45.0000  -37.5000 1650.7302   24.8168
    0.0000  -45.0000  -37.5000 1655.5406   24.8507
    7.5000  -45.0000  -37.5000 1637.1625   25.0990
   -7.5000  -37.5000  -37.5000 1787.7256   21.1669
    0.0000  -37.5000  -37.5000 1796.6342   21.1584
    7.5000  -37.5000  -37.5000 1782.2211   21.3919
   -7.5000  -30.0000  -37.5000 1914.0620   18.5024
    0.0000  -30.0000  -37.5000 1927.2498   18.4639
    7.5000  -30.0000  -37.5000 1908.8480   18.6934
   -7.5000  -22.5000  -37.5000 2041.7933   16.4650
    0.0000  -22.5000  -37.5000 2055.3494   16.3977
    7.5000  -22.5000  -37.5000 2034.6786   16.5845
   -7.5000  -15.0000  -37.5000 2167.7817   14.7100
    0.0000  -15.0000  -37.5000 2175.5261   14.6504
    7.5000  -15.0000  -37.5000 2156.7227   14.8204
   -7.5000   -7.5000  -37.5000 2279.6257   13.1914
    0.0000   -7.5000  -37.5000 2284.4885   13.1354
    7.5000   -7.5000  -37.5000 2269.6580   13.2997
   -7.5000    0.0000  -37.5000 2383.2664   12.0046
    0.0000    0.0000  -37.5000 2394.0854   11.9762
    7.5000    0.0000  -37.5000 2376.7393   12.1239
   -7.5000    7.5000  -37.5000 2456.0439   11.1433
    0.0000    7.5000  -37.5000 2472.0854   11.1122
    7.5000    7.5000  -37.5000 2454.3789   11.2547
   -7.5000   15.0000  -37.5000 2501.1331   10.5839
    0.0000   15.0000  -37.5000 2514.5376   10.5333
    7.5000   15.0000  -37.5000 2496.3054   10.6882
   -7.5000   22.5000  -37.5000 2528.2131   10.2646
    0.0000   22.5000  -37.5000 2544.7163   10.2309
    7.5000   22.5000  -37.5000 2522.9175   10.3429
   -7.5000   30.0000  -37.5000 2536.8784   10.1622
    0.0000   30.0000  -37.5000 2556.3672   10.1210
    7.5000   30.0000  -37.5000 2532.3975   10.2032
   -7.5000   37.5000  -37.5000 2521.1248   10.3151
    0.0000   37.5000  -37.5000 2545.4304   10.2557
    7.5000   37.5000  -37.5000 2516.7405   10.3248
   -7.5000   45.0000  -37.5000 2492.5876   10.6979
    0.0000   45.0000  -37.5000 2511.5579   10.6250
    7.5000   45.0000  -37.5000 2484.6562   10.7036
   -7.5000  -45.0000  -30.0000 1712.1606   24.6616
    0.0000  -45.0000  -30.0000 1714.1555   24.6516
    7.5000  -45.0000  -30.0000 1693.7281   24.9276
   -7.5000  -37.5000  -30.0000 1859.4364   20.9967
    0.0000  -37.5000  -30.0000 1867.1432   20.9059
    7.5000  -37.5000  -30.0000 1851.2506   21.1784
   -7.5000  -30.0000  -30.0000 1997.2905   18.3273
    0.0000  -30.0000  -30.0000 2009.2323   18.1906
    7.5000  -30.0000  -30.0000 1991.2512   18.4787
   -7.5000  -22.5000  -30.0000 2133.3425   16.2320
    0.0000  -22.5000  -30.0000 2143.5996   16.1352
    7.5000  -22.5000  -30.0000 2126.5227   16.3854
   -7.5000  -15.0000  -30.0000 2260.6768   14.4640
    0.0000  -15.0000  -30.0000 2270.9141   14.3926
    7.5000  -15.0000  -30.0000 2252.2183   14.6188
   -7.5000   -7.5000  -30.0000 2377.7446   12.9265
    0.0000   -7.5000  -30.0000 2386.5959   12.8732
    7.5000   -7.5000  -30.0000 2365.4143   13.0607
   -7.5000    0.0000  -30.0000 2487.0193   11.7246
    0.0000    0.0000  -30.0000 2496.8457   11.6766
    7.5000    0.0000  -30.0000 2477.0342   11.8572
   -7.5000    7.5000  -30.0000 2565.9448   10.8484
    0.0000    7.5000  -30.0000 2584.1958   10.8065
    7.5000    7.5000  -30.0000 2563.3992   10.9636
   -7.5000   15.0000  -30.0000 2622.8098   10.2675
    0.0000   15.0000  -30.0000 2636.6555   10.2210
    7.5000   15.0000  -30.0000 2620.8975   10.3619
   -7.5000   22.5000  -30.0000 2657.8667    9.9238
    0.0000   22.5000  -30.0000 2677.4846    9.8755
    7.5000   22.5000  -30.0000 2653.1812   10.0021
   -7.5000   30.0000  -30.0000 2678.6658    9.7960
    0.0000   30.0000  -30.0000 2702.3440    9.7584
    7.5000   30.0000  -30.0000 2669.3843    9.8573
   -7.5000   37.5000  -30.0000 2669.1313    9.9433
    0.0000   37.5000  -30.0000 2694.1252    9.8774
    7.5000   37.5000  -30.0000 2662.5625    9.9772
   -7.5000   45.0000  -30.0000 2635.7847   10.3548
    0.0000   45.0000  -30.0000 2659.9519   10.2798
    7.5000   45.0000  -30.0000 2631.2441   10.3732
   -7.5000  -45.0000  -22.5000 1747.8044   24.3988
    0.0000  -45.0000  -22.5000 1747.8141   24.3310
    7.5000  -45.0000  -22.5000 1732.3883   24.6865
   -7.5000  -37.5000  -22.5000 1909.8188   20.7042
    0.0000  -37.5000  -22.5000 1913.8500   20.5629
    7.5000  -37.5000  -22.5000 1897.0420   20.8590
   -7.5000  -30.0000  -22.5000 2057.2334   18.0252
    0.0000  -30.0000  -22.5000 2069.0481   17.9014
    7.5000  -30.0000  -22.5000 2050.4810   18.1771
   -7.5000  -22.5000  -22.5000 2197.9822   15.9484
    0.0000  -22.5000  -22.5000 2207.4351   15.8441
    7.5000  -22.5000  -22.5000 2187.2268   16.0922
   -7.5000  -15.0000  -22.5000 2323.8462   14.1485
    0.0000  -15.0000  -22.5000 2337.0161   14.0907
    7.5000  -15.0000  -22.5000 2314.1079   14.2903
   -7.5000   -7.5000  -22.5000 2442.5879   12.6073
    0.0000   -7.5000  -22.5000 2451.4661   12.5723
    7.5000   -7.5000  -22.5000 2430.8406   12.7537
   -7.5000    0.0000  -22.5000 2550.4534   11.4039
    0.0000    0.0000  -22.5000 2564.0930   11.3547
    7.5000    0.0000  -22.5000 2542.5920   11.5405
   -7.5000    7.5000  -22.5000 2642.9688   10.4947
    0.0000    7.5000  -22.5000 2659.9563   10.4404
    7.5000    7.5000  -22.5000 2636.0498   10.6141
   -7.5000   15.0000  -22.5000 2714.2485    9.8968
    0.0000   15.0000  -22.5000 2729.3779    9.8251
    7.5000   15.0000  -22.5000 2705.2268    9.9746
   -7.5000   22.5000  -22.5000 2763.0413    9.5408
    0.0000   22.5000  -22.5000 2784.5281    9.4615
    7.5000   22.5000  -22.5000 2755.4343    9.5925
   -7.5000   30.0000  -22.5000 2791.8442    9.4141
    0.0000   30.0000  -22.5000 2817.7363    9.3424
    7.5000   30.0000  -22.5000 2783.0137    9.4742
   -7.5000   37.5000  -22.5000 2787.8250    9.5724
    0.0000   37.5000  -22.5000 2815.3508    9.4860
    7.5000   37.5000  -22.5000 2780.2190    9.6162
   -7.5000   45.0000  -22.5000 2747.1035    9.9683
    0.0000   45.0000  -22.5000 2776.3503    9.9013
    7.5000   45.0000  -22.5000 2745.8438   10.0086
   -7.5000  -45.0000  -15.0000 1749.3219   24.3832
    0.0000  -45.0000  -15.0000 1752.5321   24.1782
    7.5000  -45.0000  -15.0000 1742.4481   24.5428
   -7.5000  -37.5000  -15.0000 1921.4061   20.5619
    0.0000  -37.5000  -15.0000 1930.7415   20.3511
    7.5000  -37.5000  -15.0000 1913.5785   20.7306
   -7.5000  -30.0000  -15.0000 2077.2180   17.8173
    0.0000  -30.0000  -15.0000 2093.1868   17.6479
    7.5000  -30.0000  -15.0000 2072.3965   17.9953
   -7.5000  -22.5000  -15.0000 2220.2185   15.6903
    0.0000  -22.5000  -15.0000 2237.1042   15.5875
    7.5000  -22.5000  -15.0000 2212.3015   15.8642
   -7.5000  -15.0000  -15.0000 2347.9731   13.8635
    0.0000  -15.0000  -15.0000 2364.9536   13.7906
    7.5000  -15.0000  -15.0000 2337.5776   14.0138
   -7.5000   -7.5000  -15.0000 2468.2356   12.3196
    0.0000   -7.5000  -15.0000 2480.6216   12.2668
    7.5000   -7.5000  -15.0000 2458.4597   12.4439
   -7.5000    0.0000  -15.0000 2578.9172   11.0989
    0.0000    0.0000  -15.0000 2595.5972   11.0258
    7.5000    0.0000  -15.0000 2569.2771   11.2061
   -7.5000    7.5000  -15.0000 2683.5754   10.1800
    0.0000    7.5000  -15.0000 2699.1099   10.1041
    7.5000    7.5000  -15.0000 2669.6306   10.2784
   -7.5000   15.0000  -15.0000 2764.3215    9.5677
    0.0000   15.0000  -15.0000 2785.5186    9.4622
    7.5000   15.0000  -15.0000 2756.2581    9.6364
   -7.5000   22.5000  -15.0000 2831.4102    9.2227
    0.0000   22.5000  -15.0000 2858.7800    9.0981
    7.5000   22.5000  -15.0000 2823.7000    9.2694
   -7.5000   30.0000  -15.0000 2872.9741    9.1167
    0.0000   30.0000  -15.0000 2903.7029    8.9868
    7.5000   30.0000  -15.0000 2869.5808    9.1656
   -7.5000   37.5000  -15.0000 2876.9785    9.2797
    0.0000   37.5000  -15.0000 2900.1567    9.1848
    7.5000   37.5000  -15.0000 2871.7510    9.3270
   -7.5000   45.0000  -15.0000 2827.0964    9.6658
    0.0000   45.0000  -15.0000 2852.5183    9.5822
    7.5000   45.0000  -15.0000 2823.7561    9.7158
   -7.5000  -45.0000   -7.5000 1732.9965   24.5389
    0.0000  -45.0000   -7.5000 1742.2310   24.2878
    7.5000  -45.0000   -7.5000 1728.2546   24.7802
   -7.5000  -37.5000   -7.5000 1909.7893   20.5663
    0.0000  -37.5000   -7.5000 1926.3248   20.3443
    7.5000  -37.5000   -7.5000 1909.5168   20.8091
   -7.5000  -30.0000   -7.5000 2076.2161   17.7666
    0.0000  -30.0000   -7.5000 2096.4556   17.5983
    7.5000  -30.0000   -7.5000 2073.3328   17.9748
   -7.5000  -22.5000   -7.5000 2219.4514   15.5771
    0.0000  -22.5000   -7.5000 2245.3718   15.4400
    7.5000  -22.5000   -7.5000 2220.4866   15.7651
   -7.5000  -15.0000   -7.5000 2346.3386   13.7133
    0.0000  -15.0000   -7.5000 2371.1565   13.5658
    7.5000  -15.0000   -7.5000 2348.7908   13.8639
   -7.5000   -7.5000   -7.5000 2469.8386   12.1221
    0.0000   -7.5000   -7.5000 2489.9790   11.9991
    7.5000   -7.5000   -7.5000 2466.6077   12.2329
   -7.5000    0.0000   -7.5000 2583.5610   10.8856
    0.0000    0.0000   -7.5000 2606.4553   10.7510
    7.5000    0.0000   -7.5000 2577.3079   10.9600
   -7.5000    7.5000   -7.5000 2693.8843    9.9684
    0.0000    7.5000   -7.5000 2717.9380    9.8197
    7.5000    7.5000   -7.5000 2685.9600   10.0317
   -7.5000   15.0000   -7.5000 2784.7080    9.3692
    0.0000   15.0000   -7.5000 2808.0974    9.1941
    7.5000   15.0000   -7.5000 2783.1343    9.4185
   -7.5000   22.5000   -7.5000 2868.0066    9.0774
    0.0000   22.5000   -7.5000 2897.1797    8.9121
    7.5000   22.5000   -7.5000 2867.9250    9.1298
   -7.5000   30.0000   -7.5000 2927.1333    8.9978
    0.0000   30.0000   -7.5000 2967.0032    8.8304
    7.5000   30.0000   -7.5000 2928.8057    9.1014
   -7.5000   37.5000   -7.5000 2939.7048    9.1210
    0.0000   37.5000   -7.5000 2970.2742    8.9565
    7.5000   37.5000   -7.5000 2935.3950    9.2019
   -7.5000   45.0000   -7.5000 2872.6692    9.5213
    0.0000   45.0000   -7.5000 2906.3364    9.3637
    7.5000   45.0000   -7.5000 2877.1870    9.5522
   -7.5000  -45.0000    0.0000 1704.6423   24.9928
    0.0000  -45.0000    0.0000 1710.1851   24.6697
    7.5000  -45.0000    0.0000 1702.1707   25.2119
   -7.5000  -37.5000    0.0000 1881.7209   20.8256
    0.0000  -37.5000    0.0000 1898.6898   20.5570
    7.5000  -37.5000    0.0000 1883.3604   21.0065
   -7.5000  -30.0000    0.0000 2051.0322   17.9904
    0.0000  -30.0000    0.0000 2073.2131   17.7275
    7.5000  -30.0000    0.0000 2050.7007   18.1361
   -7.5000  -22.5000    0.0000 2198.4346   15.7147
    0.0000  -22.5000    0.0000 2223.4424   15.4646
    7.5000  -22.5000    0.0000 2206.1401   15.8150
   -7.5000  -15.0000    0.0000 2333.3159   13.7783
    0.0000  -15.0000    0.0000 2357.1746   13.5494
    7.5000  -15.0000    0.0000 2339.6731   13.8611
   -7.5000   -7.5000    0.0000 2459.4492   12.1938
    0.0000   -7.5000    0.0000 2483.2385   11.9742
    7.5000   -7.5000    0.0000 2461.8181   12.2367
   -7.5000    0.0000    0.0000 2575.8621   10.9414
    0.0000    0.0000    0.0000 2597.6572   10.7139
    7.5000    0.0000    0.0000 2578.2009   10.9769
   -7.5000    7.5000    0.0000 2692.4309   10.0299
    0.0000    7.5000    0.0000 2713.2742    9.7947
    7.5000    7.5000    0.0000 2691.3650   10.0634
   -7.5000   15.0000    0.0000 2788.6560    9.4622
    0.0000   15.0000    0.0000 2812.6453    9.1996
    7.5000   15.0000    0.0000 2792.7847    9.4703
   -7.5000   22.5000    0.0000 2873.4087    9.1787
    0.0000   22.5000    0.0000 2905.8506    8.9605
    7.5000   22.5000    0.0000 2883.1799    9.1869
   -7.5000   30.0000    0.0000 2934.6431    9.1645
    0.0000   30.0000    0.0000 2976.5552    8.9069
    7.5000   30.0000    0.0000 2943.3687    9.1506
   -7.5000   37.5000    0.0000 2949.4375    9.2671
    0.0000   37.5000    0.0000 2986.0249    9.0028
    7.5000   37.5000    0.0000 2952.4441    9.2484
   -7.5000   45.0000    0.0000 2892.1492    9.5342
    0.0000   45.0000    0.0000 2921.6216    9.3375
    7.5000   45.0000    0.0000 2890.2861    9.5431
   -7.5000  -45.0000    7.5000 1671.9072   26.1236
    0.0000  -45.0000    7.5000 1682.0656   25.8411
    7.5000  -45.0000    7.5000 1672.8705   26.2710
   -7.5000  -37.5000    7.5000 1851.1591   21.5977
    0.0000  -37.5000    7.5000 1865.5900   21.2426
    7.5000  -37.5000    7.5000 1852.8876   21.6885
   -7.5000  -30.0000    7.5000 2018.2651   18.4867
    0.0000  -30.0000    7.5000 2035.7390   18.1786
    7.5000  -30.0000    7.5000 2023.4362   18.5632
   -7.5000  -22.5000    7.5000 2171.3381   16.0896
    0.0000  -22.5000    7.5000 2190.4644   15.7551
    7.5000  -22.5000    7.5000 2179.2825   16.0853
   -7.5000  -15.0000    7.5000 2316.0000   14.0675
    0.0000  -15.0000    7.5000 2333.8616   13.7899
    7.5000  -15.0000    7.5000 2321.7905   14.0784
   -7.5000   -7.5000    7.5000 2445.7229   12.4524
    0.0000   -7.5000    7.5000 2468.6584   12.1991
    7.5000   -7.5000    7.5000 2454.7239   12.4583
   -7.5000    0.0000    7.5000 2565.0044   11.2526
    0.0000    0.0000    7.5000 2590.5342   11.0168
    7.5000    0.0000    7.5000 2575.3838   11.2316
   -7.5000    7.5000    7.5000 2676.7920   10.3811
    0.0000    7.5000    7.5000 2704.2581   10.1516
    7.5000    7.5000    7.5000 2687.2039   10.3607
   -7.5000   15.0000    7.5000 2771.6631    9.8077
    0.0000   15.0000    7.5000 2801.1814    9.5864
    7.5000   15.0000    7.5000 2780.5969    9.7763
   -7.5000   22.5000    7.5000 2852.0767    9.4899
    0.0000   22.5000    7.5000 2886.1306    9.2997
    7.5000   22.5000    7.5000 2859.8176    9.4700
   -7.5000   30.0000    7.5000 2904.4670    9.3791
    0.0000   30.0000    7.5000 2935.6272    9.1667
    7.5000   30.0000    7.5000 2905.1479    9.3140
   -7.5000   37.5000    7.5000 2903.4331    9.5135
    0.0000   37.5000    7.5000 2939.9429    9.3322
    7.5000   37.5000    7.5000 2908.4771    9.4477
   -7.5000   45.0000    7.5000 2851.9895    9.7931
    0.0000   45.0000    7.5000 2881.2261    9.6315
    7.5000   45.0000    7.5000 2850.8821    9.7714
   -7.5000  -45.0000   15.0000 1632.4172   27.4133
    0.0000  -45.0000   15.0000 1646.5442   27.2805
    7.5000  -45.0000   15.0000 1637.4805   27.6782
   -7.5000  -37.5000   15.0000 1809.5679   22.6650
    0.0000  -37.5000   15.0000 1827.0046   22.4250
    7.5000  -37.5000   15.0000 1813.8063   22.7478
   -7.5000  -30.0000   15.0000 1977.8132   19.3714
    0.0000  -30.0000   15.0000 1995.3586   19.1127
    7.5000  -30.0000   15.0000 1983.6207   19.4272
   -7.5000  -22.5000   15.0000 2136.1169   16.8112
    0.0000  -22.5000   15.0000 2151.4294   16.5575
    7.5000  -22.5000   15.0000 2141.1340   16.8017
   -7.5000  -15.0000   15.0000 2289.3943   14.6684
    0.0000  -15.0000   15.0000 2302.4158   14.4783
    7.5000  -15.0000   15.0000 2289.1328   14.6741
   -7.5000   -7.5000   15.0000 2423.3206   12.9869
    0.0000   -7.5000   15.0000 2441.8694   12.8125
    7.5000   -7.5000   15.0000 2426.5852   12.9797
   -7.5000    0.0000   15.0000 2539.9819   11.7388
    0.0000    0.0000   15.0000 2565.5349   11.5813
    7.5000    0.0000   15.0000 2549.3030   11.7487
   -7.5000    7.5000   15.0000 2646.5781   10.8635
    0.0000    7.5000   15.0000 2678.6775   10.6951
    7.5000    7.5000   15.0000 2660.8713   10.8641
   -7.5000   15.0000   15.0000 2732.7917   10.2860
    0.0000   15.0000   15.0000 2768.2095   10.1131
    7.5000   15.0000   15.0000 2748.4329   10.2620
   -7.5000   22.5000   15.0000 2800.4805    9.9230
    0.0000   22.5000   15.0000 2845.7178    9.7201
    7.5000   22.5000   15.0000 2819.4561    9.8736
   -7.5000   30.0000   15.0000 2844.8391    9.7144
    0.0000   30.0000   15.0000 2880.5178    9.5421
    7.5000   30.0000   15.0000 2852.5803    9.6935
   -7.5000   37.5000   15.0000 2835.0757    9.8062
    0.0000   37.5000   15.0000 2871.3525    9.6698
    7.5000   37.5000   15.0000 2846.9314    9.7884
   -7.5000   45.0000   15.0000 2779.0667   10.1314
    0.0000   45.0000   15.0000 2810.9226    9.9945
    7.5000   45.0000   15.0000 2787.3936   10.1143
   -7.5000  -45.0000   22.5000 1594.3927   29.0769
    0.0000  -45.0000   22.5000 1610.6029   28.9635
    7.5000  -45.0000   22.5000 1599.7841   29.3533
   -7.5000  -37.5000   22.5000 1765.8654   23.8771
    0.0000  -37.5000   22.5000 1784.8497   23.6634
    7.5000  -37.5000   22.5000 1772.1096   24.0248
   -7.5000  -30.0000   22.5000 1931.3762   20.3342
    0.0000  -30.0000   22.5000 1947.4067   20.1026
    7.5000  -30.0000   22.5000 1940.6503   20.3946
   -7.5000  -22.5000   22.5000 2091.7222   17.6695
    0.0000  -22.5000   22.5000 2107.5850   17.4504
    7.5000  -22.5000   22.5000 2099.7686   17.6577
   -7.5000  -15.0000   22.5000 2247.5132   15.4489
    0.0000  -15.0000   22.5000 2260.2625   15.2416
    7.5000  -15.0000   22.5000 2249.6057   15.4345
   -7.5000   -7.5000   22.5000 2385.0813   13.6846
    0.0000   -7.5000   22.5000 2403.1685   13.5051
    7.5000   -7.5000   22.5000 2389.3970   13.6737
   -7.5000    0.0000   22.5000 2498.1995   12.4099
    0.0000    0.0000   22.5000 2524.3818   12.2398
    7.5000    0.0000   22.5000 2508.9851   12.3930
   -7.5000    7.5000   22.5000 2597.9797   11.5035
    0.0000    7.5000   22.5000 2632.0229   11.3375
    7.5000    7.5000   22.5000 2616.0415   11.4900
   -7.5000   15.0000   22.5000 2676.0527   10.8829
    0.0000   15.0000   22.5000 2718.3523   10.7122
    7.5000   15.0000   22.5000 2699.2463   10.8602
   -7.5000   22.5000   22.5000 2736.2407   10.4907
    0.0000   22.5000   22.5000 2780.7603   10.3112
    7.5000   22.5000   22.5000 2758.1084   10.4539
   -7.5000   30.0000   22.5000 2774.5227   10.2603
    0.0000   30.0000   22.5000 2804.1978   10.1210
    7.5000   30.0000   22.5000 2785.8037   10.2755
   -7.5000   37.5000   22.5000 2754.5305   10.3619
    0.0000   37.5000   22.5000 2792.0728   10.2148
    7.5000   37.5000   22.5000 2773.4578   10.3522
   -7.5000   45.0000   22.5000 2697.8306   10.6592
    0.0000   45.0000   22.5000 2725.2576   10.5057
    7.5000   45.0000   22.5000 2711.8162   10.6562
   -7.5000  -45.0000   30.0000 1548.7170   31.0221
    0.0000  -45.0000   30.0000 1567.7240   30.8680
    7.5000  -45.0000   30.0000 1556.1858   31.3547
   -7.5000  -37.5000   30.0000 1716.5682   25.3757
    0.0000  -37.5000   30.0000 1736.6783   25.2115
    7.5000  -37.5000   30.0000 1726.6991   25.5801
   -7.5000  -30.0000   30.0000 1881.1705   21.6183
    0.0000  -30.0000   30.0000 1903.1213   21.3800
    7.5000  -30.0000   30.0000 1890.7446   21.7093
   -7.5000  -22.5000   30.0000 2045.5814   18.7264
    0.0000  -22.5000   30.0000 2064.3242   18.4844
    7.5000  -22.5000   30.0000 2050.8494   18.7092
   -7.5000  -15.0000   30.0000 2199.1199   16.3911
    0.0000  -15.0000   30.0000 2213.6777   16.1673
    7.5000  -15.0000   30.0000 2205.9924   16.3549
   -7.5000   -7.5000   30.0000 2336.0371   14.5256
    0.0000   -7.5000   30.0000 2355.7732   14.3604
    7.5000   -7.5000   30.0000 2345.1582   14.5307
   -7.5000    0.0000   30.0000 2446.1389   13.2005
    0.0000    0.0000   30.0000 2469.0208   13.0459
    7.5000    0.0000   30.0000 2458.5310   13.2088
   -7.5000    7.5000   30.0000 2538.7148   12.2676
    0.0000    7.5000   30.0000 2568.1521   12.1197
    7.5000    7.5000   30.0000 2555.4233   12.2910
   -7.5000   15.0000   30.0000 2606.8950   11.6504
    0.0000   15.0000   30.0000 2644.6384   11.4874
    7.5000   15.0000   30.0000 2630.1738   11.6483
   -7.5000   22.5000   30.0000 2658.5850   11.2214
    0.0000   22.5000   30.0000 2695.2002   11.0703
    7.5000   22.5000   30.0000 2677.6504   11.2351
   -7.5000   30.0000   30.0000 2683.3711   11.0007
    0.0000   30.0000   30.0000 2712.3008   10.8517
    7.5000   30.0000   30.0000 2700.8496   11.0225
   -7.5000   37.5000   30.0000 2665.4028   11.0543
    0.0000   37.5000   30.0000 2700.6235   10.8899
    7.5000   37.5000   30.0000 2683.8735   11.0463
   -7.5000   45.0000   30.0000 2611.9197   11.3326
    0.0000   45.0000   30.0000 2636.4868   11.1645
    7.5000   45.0000   30.0000 2624.5662   11.3346
   -7.5000  -45.0000   37.5000 1504.8048   33.2943
    0.0000  -45.0000   37.5000 1522.6907   33.0631
    7.5000  -45.0000   37.5000 1515.1893   33.5124
   -7.5000  -37.5000   37.5000 1668.1527   27.2307
    0.0000  -37.5000   37.5000 1688.5438   27.0014
    7.5000  -37.5000   37.5000 1682.0214   27.3889
   -7.5000  -30.0000   37.5000 1829.8895   23.1912
    0.0000  -30.0000   37.5000 1851.6764   22.8991
    7.5000  -30.0000   37.5000 1841.6995   23.2055
   -7.5000  -22.5000   37.5000 1992.1046   20.0023
    0.0000  -22.5000   37.5000 2012.2684   19.7555
    7.5000  -22.5000   37.5000 1999.7200   20.0015
   -7.5000  -15.0000   37.5000 2144.0737   17.5381
    0.0000  -15.0000   37.5000 2162.2087   17.3012
    7.5000  -15.0000   37.5000 2154.9763   17.5055
   -7.5000   -7.5000   37.5000 2277.8093   15.5771
    0.0000   -7.5000   37.5000 2299.0186   15.3887
    7.5000   -7.5000   37.5000 2292.7556   15.5744
   -7.5000    0.0000   37.5000 2379.6633   14.2165
    0.0000    0.0000   37.5000 2404.8340   14.0303
    7.5000    0.0000   37.5000 2398.8215   14.2160
   -7.5000    7.5000   37.5000 2465.0435   13.2403
    0.0000    7.5000   37.5000 2495.4553   13.0699
    7.5000    7.5000   37.5000 2489.2251   13.2483
   -7.5000   15.0000   37.5000 2527.4500   12.5900
    0.0000   15.0000   37.5000 2561.5625   12.4131
    7.5000   15.0000   37.5000 2553.3171   12.5740
   -7.5000   22.5000   37.5000 2572.2593   12.1229
    0.0000   22.5000   37.5000 2603.5464   11.9806
    7.5000   22.5000   37.5000 2592.2729   12.1325
   -7.5000   30.0000   37.5000 2583.6826   11.8825
    0.0000   30.0000   37.5000 2612.9004   11.7318
    7.5000   30.0000   37.5000 2602.7043   11.8742
   -7.5000   37.5000   37.5000 2567.2053   11.8913
    0.0000   37.5000   37.5000 2595.7136   11.7488
    7.5000   37.5000   37.5000 2586.2100   11.8823
   -7.5000   45.0000   37.5000 2519.9788   12.1567
    0.0000   45.0000   37.5000 2546.3904   11.9933
    7.5000   45.0000   37.5000 2541.6467   12.1536
   -7.5000  -45.0000   45.0000 1457.9617   36.2903
    0.0000  -45.0000   45.0000 1477.9949   35.8664
    7.5000  -45.0000   45.0000 1474.9834   36.1719
   -7.5000  -37.5000   45.0000 1614.2277   29.6232
    0.0000  -37.5000   45.0000 1638.0742   29.2591
    7.5000  -37.5000   45.0000 1636.1465   29.5689
   -7.5000  -30.0000   45.0000 1767.5813   25.0583
    0.0000  -30.0000   45.0000 1789.9315   24.7560
    7.5000  -30.0000   45.0000 1785.7352   25.0063
   -7.5000  -22.5000   45.0000 1922.7593   21.6212
    0.0000  -22.5000   45.0000 1946.5343   21.3360
    7.5000  -22.5000   45.0000 1941.9861   21.5719
   -7.5000  -15.0000   45.0000 2071.7568   18.9434
    0.0000  -15.0000   45.0000 2095.2935   18.7041
    7.5000  -15.0000   45.0000 2093.5457   18.8919
   -7.5000   -7.5000   45.0000 2199.3472   16.8879
    0.0000   -7.5000   45.0000 2225.1321   16.6857
    7.5000   -7.5000   45.0000 2225.0457   16.8521
   -7.5000    0.0000   45.0000 2298.0081   15.4348
    0.0000    0.0000   45.0000 2327.7800   15.2606
    7.5000    0.0000   45.0000 2326.7817   15.4031
   -7.5000    7.5000   45.0000 2381.1128   14.4517
    0.0000    7.5000   45.0000 2415.0762   14.2511
    7.5000    7.5000   45.0000 2413.9045   14.3825
   -7.5000   15.0000   45.0000 2439.3752   13.7300
    0.0000   15.0000   45.0000 2470.8469   13.5526
    7.5000   15.0000   45.0000 2467.2947   13.6974
   -7.5000   22.5000   45.0000 2474.0439   13.2218
    0.0000   22.5000   45.0000 2500.5864   13.0574
    7.5000   22.5000   45.0000 2497.0144   13.2079
   -7.5000   30.0000   45.0000 2479.9287   12.9050
    0.0000   30.0000   45.0000 2504.7776   12.7487
    7.5000   30.0000   45.0000 2501.8250   12.8886
   -7.5000   37.5000   45.0000 2466.0815   12.8875
    0.0000   37.5000   45.0000 2486.4194   12.7092
    7.5000   37.5000   45.0000 2484.9033   12.8550
   -7.5000   45.0000   45.0000 2422.3638   13.1487
    0.0000   45.0000   45.0000 2446.5354   12.9683
    7.5000   45.0000   45.0000 2444.3130   13.1202

---------------------------------------------------------------------
imgreg_4dfp /opt/freesurfer/average/711-2C_as_mni_average_305 /opt/freesurfer/average/711-2B_as_mni_average_305_mask talsrcimg_g11 none talsrcimg_to_711-2C_as_mni_average_305_t4 1283
---------------------------------------------------------------------

freesurfer imgreg_4dfp.c
/opt/freesurfer/average/711-2C_as_mni_average_305.4dfp.img
       256       256       256         1
  1.000000  1.000000  1.000000
orientation T byte_order littleendian
Reading image: /opt/freesurfer/average/711-2C_as_mni_average_305.4dfp.img
dimensions:      256       256       256
mmppix:       1.0000   -1.0000   -1.0000
center:     128.0000 -129.0000 -129.0000
/opt/freesurfer/average/711-2B_as_mni_average_305_mask.4dfp.img
       256       256       256         1
  1.000000  1.000000  1.000000
orientation T byte_order littleendian
Reading mask: /opt/freesurfer/average/711-2B_as_mni_average_305_mask.4dfp.img (2306576 pixels)
talsrcimg_g11.4dfp.img
       256       256       256         1
  1.000000  1.000000  1.000000
orientation T byte_order littleendian
Reading image: talsrcimg_g11.4dfp.img
dimensions:      256       256       256
mmppix:       1.0000   -1.0000   -1.0000
center:     128.0000 -129.0000 -129.0000
rotation matrix determinant  1.000000
fimgreg.f
image alignment mode   1283 decimal      503 hex
parameters
    0.0000   37.5000    0.0000    0.0000    0.0000    0.0000
eta,q 0.93873  8.99927
niter,ni,del,rscale     5    3   12.0000    1.2000
parameter  2  0.904452 ->  0.500000 qaram    1.1500
parameter  5  1.420451 ->  0.500000 qaram    1.1500
parameters
    1.0182   34.0500   -1.5916   -0.3908   -3.4500   -1.4227
eta,q 0.94258  8.83934
  0.0746  0.0642  0.0669  0.0675  0.0584  0.0611
  0.0697  0.0629  0.0641  0.0631  0.0580  0.0585
  0.0679  0.0637  0.0625  0.0617  0.0592  0.0574
  0.0681  0.0676  0.0630  0.0622  0.0620  0.0582
  0.0669  0.0716  0.0656  0.0635  0.0637  0.0601
  0.0675  0.0748  0.0699  0.0655  0.0654  0.0623
  0.0708  0.0797  0.0753  0.0676  0.0684  0.0645
niter,ni,del,rscale     6    3   12.0000    1.2000
parameters
    1.5503   34.4516   -1.5362   -1.0561   -4.6130   -1.3430
eta,q 0.94292  8.83791
  0.0702  0.0748  0.0668  0.0631  0.0618  0.0628
  0.0649  0.0651  0.0627  0.0587  0.0593  0.0596
  0.0599  0.0587  0.0590  0.0571  0.0575  0.0574
  0.0574  0.0574  0.0576  0.0576  0.0573  0.0571
  0.0584  0.0604  0.0587  0.0593  0.0597  0.0581
  0.0614  0.0654  0.0620  0.0618  0.0625  0.0598
  0.0670  0.0690  0.0668  0.0647  0.0647  0.0620
niter,ni,del,rscale     5    3   12.0000    1.2000
parameters
    1.7853   34.7558   -1.5310   -1.5509   -4.7600   -1.3564
eta,q 0.94277  8.84557
  0.0696  0.0743  0.0660  0.0634  0.0633  0.0626
  0.0634  0.0644  0.0621  0.0589  0.0603  0.0594
  0.0585  0.0577  0.0586  0.0571  0.0583  0.0575
  0.0571  0.0572  0.0574  0.0574  0.0572  0.0572
  0.0587  0.0608  0.0581  0.0590  0.0583  0.0582
  0.0621  0.0653  0.0615  0.0615  0.0611  0.0599
  0.0676  0.0688  0.0666  0.0643  0.0635  0.0621
niter,ni,del,rscale     4    3   12.0000    1.2000
parameters
    1.8412   34.9673   -1.6071   -1.7778   -4.7791   -1.3834
eta,q 0.94261  8.84990
  0.0689  0.0741  0.0658  0.0641  0.0635  0.0626
  0.0628  0.0642  0.0620  0.0595  0.0605  0.0595
  0.0583  0.0574  0.0586  0.0573  0.0585  0.0577
  0.0572  0.0572  0.0575  0.0575  0.0574  0.0574
  0.0590  0.0611  0.0582  0.0589  0.0583  0.0584
  0.0626  0.0657  0.0617  0.0612  0.0610  0.0600
  0.0682  0.0691  0.0668  0.0640  0.0634  0.0622
niter,ni,del,rscale     3    3   12.0000    1.2000
parameters
    1.8559   35.0789   -1.6607   -1.8811   -4.7637   -1.4041
eta,q 0.94252  8.85193
  0.0687  0.0737  0.0659  0.0644  0.0636  0.0627
  0.0627  0.0638  0.0620  0.0598  0.0606  0.0596
  0.0584  0.0572  0.0587  0.0575  0.0586  0.0578
  0.0574  0.0574  0.0575  0.0575  0.0575  0.0575
  0.0592  0.0615  0.0582  0.0588  0.0584  0.0584
  0.0627  0.0660  0.0617  0.0611  0.0610  0.0601
  0.0683  0.0694  0.0668  0.0638  0.0634  0.0623
niter,ni,del,rscale     2    3   12.0000    1.2000
parameters
    1.8588   35.1319   -1.6907   -1.9253   -4.7503   -1.4149
eta,q 0.94246  8.85293
  0.0687  0.0734  0.0660  0.0645  0.0637  0.0627
  0.0627  0.0636  0.0621  0.0600  0.0606  0.0597
  0.0585  0.0571  0.0588  0.0575  0.0586  0.0579
  0.0575  0.0575  0.0576  0.0576  0.0575  0.0575
  0.0593  0.0616  0.0582  0.0587  0.0585  0.0585
  0.0628  0.0662  0.0617  0.0610  0.0610  0.0601
  0.0683  0.0695  0.0668  0.0637  0.0634  0.0623
registration optimization eta report
parameter search radius
    6.0000    6.9000    6.0000    6.0000    6.9000    6.0000
100000*second partial in parameter space
       30.       29.       25.       19.       12.       14.
  0.0687  0.0734  0.0660  0.0645  0.0637  0.0627
  0.0627  0.0636  0.0621  0.0600  0.0606  0.0597
  0.0585  0.0571  0.0588  0.0575  0.0586  0.0579
  0.0575  0.0575  0.0576  0.0576  0.0575  0.0575
  0.0593  0.0616  0.0582  0.0587  0.0585  0.0585
  0.0628  0.0662  0.0617  0.0610  0.0610  0.0601
  0.0683  0.0695  0.0668  0.0637  0.0634  0.0623
    1.8588   35.1319   -1.6907   -1.9253   -4.7503   -1.4149
eta,q 0.94246  8.85293

---------------------------------------------------------------------
imgreg_4dfp /opt/freesurfer/average/711-2C_as_mni_average_305 /opt/freesurfer/average/711-2B_as_mni_average_305_mask talsrcimg_g11 none talsrcimg_to_711-2C_as_mni_average_305_t4 3335
---------------------------------------------------------------------

freesurfer imgreg_4dfp.c
/opt/freesurfer/average/711-2C_as_mni_average_305.4dfp.img
       256       256       256         1
  1.000000  1.000000  1.000000
orientation T byte_order littleendian
Reading image: /opt/freesurfer/average/711-2C_as_mni_average_305.4dfp.img
dimensions:      256       256       256
mmppix:       1.0000   -1.0000   -1.0000
center:     128.0000 -129.0000 -129.0000
/opt/freesurfer/average/711-2B_as_mni_average_305_mask.4dfp.img
       256       256       256         1
  1.000000  1.000000  1.000000
orientation T byte_order littleendian
Reading mask: /opt/freesurfer/average/711-2B_as_mni_average_305_mask.4dfp.img (2306576 pixels)
talsrcimg_g11.4dfp.img
       256       256       256         1
  1.000000  1.000000  1.000000
orientation T byte_order littleendian
Reading image: talsrcimg_g11.4dfp.img
dimensions:      256       256       256
mmppix:       1.0000   -1.0000   -1.0000
center:     128.0000 -129.0000 -129.0000
fimgreg.f
image alignment mode   3335 decimal      D07 hex
parameters
    1.8588   35.1319   -1.6907   -0.3739   -0.0801   -0.3998
    2.1897    8.3572   -2.4608    3.1543   -8.2814   -3.3481
eta,q 0.94342  8.87220
niter,ni,del,rscale     5    3    5.0000    1.2000
parameter  4  5.620840 ->  0.500000 qaram    1.1500
parameter  5  1.936360 ->  0.500000 qaram    1.1500
parameter  6  0.831791 ->  0.500000 qaram    1.1500
parameter 10  0.555005 ->  0.500000 qaram    1.1500
parameters
    1.1677   34.9949   -2.3963   -4.5139   -4.2201   -4.5398
    3.4228    6.8645   -0.9627   -0.9857   -5.9351   -3.5352
eta,q 0.95871  8.49061
  0.0572  0.0576  0.0571  0.0467  0.0442  0.0431  0.0460  0.0449  0.0448  0.0422  0.0437  0.0429
  0.0566  0.0570  0.0565  0.0498  0.0453  0.0427  0.0445  0.0432  0.0436  0.0415  0.0427  0.0421
  0.0565  0.0566  0.0563  0.0531  0.0474  0.0435  0.0434  0.0424  0.0428  0.0415  0.0419  0.0415
  0.0566  0.0565  0.0565  0.0563  0.0507  0.0458  0.0427  0.0426  0.0424  0.0424  0.0415  0.0413
  0.0570  0.0566  0.0569  0.0598  0.0544  0.0495  0.0427  0.0437  0.0424  0.0440  0.0413  0.0415
  0.0577  0.0571  0.0576  0.0637  0.0579  0.0533  0.0433  0.0454  0.0427  0.0462  0.0415  0.0421
  0.0587  0.0580  0.0586  0.0678  0.0618  0.0578  0.0444  0.0477  0.0434  0.0486  0.0419  0.0432
niter,ni,del,rscale     7    3    5.0000    1.2000
parameter  4  1.944607 ->  0.500000 qaram    1.3225
parameters
    1.2088   35.5668   -2.6032   -9.2749   -8.0335   -5.8874
    3.0998    6.4983   -0.8435   -0.7436   -5.0063   -3.7372
eta,q 0.96414  8.23560
  0.0436  0.0447  0.0427  0.0343  0.0366  0.0382  0.0386  0.0398  0.0376  0.0385  0.0375  0.0369
  0.0424  0.0431  0.0418  0.0356  0.0357  0.0374  0.0372  0.0377  0.0367  0.0368  0.0367  0.0363
  0.0416  0.0419  0.0413  0.0380  0.0354  0.0365  0.0362  0.0363  0.0361  0.0360  0.0362  0.0359
  0.0413  0.0413  0.0412  0.0411  0.0362  0.0354  0.0359  0.0359  0.0359  0.0359  0.0359  0.0359
  0.0415  0.0412  0.0415  0.0447  0.0383  0.0358  0.0364  0.0366  0.0361  0.0362  0.0359  0.0360
  0.0423  0.0416  0.0422  0.0484  0.0415  0.0386  0.0375  0.0383  0.0366  0.0368  0.0363  0.0363
  0.0435  0.0425  0.0433  0.0527  0.0457  0.0428  0.0392  0.0407  0.0375  0.0380  0.0369  0.0370
niter,ni,del,rscale     7    3    5.0000    1.2000
parameter  2 -0.578031 -> -0.500000 qaram    1.1500
parameters
    1.6263   36.9468   -3.3734  -12.5844   -8.7949   -6.5768
    2.8998    6.7746   -1.1324    1.9715   -5.7989   -5.5809
eta,q 0.96612  8.13391
  0.0399  0.0400  0.0356  0.0372  0.0363  0.0360  0.0367  0.0385  0.0354  0.0372  0.0348  0.0343
  0.0380  0.0381  0.0350  0.0349  0.0352  0.0354  0.0353  0.0364  0.0346  0.0354  0.0343  0.0340
  0.0366  0.0367  0.0349  0.0336  0.0342  0.0348  0.0343  0.0348  0.0341  0.0343  0.0340  0.0339
  0.0359  0.0357  0.0351  0.0349  0.0336  0.0337  0.0340  0.0340  0.0340  0.0340  0.0339  0.0339
  0.0358  0.0352  0.0355  0.0377  0.0339  0.0334  0.0344  0.0344  0.0342  0.0339  0.0342  0.0341
  0.0364  0.0351  0.0363  0.0412  0.0356  0.0350  0.0355  0.0358  0.0348  0.0340  0.0346  0.0345
  0.0379  0.0354  0.0373  0.0453  0.0382  0.0386  0.0370  0.0380  0.0357  0.0344  0.0353  0.0351
niter,ni,del,rscale     7    3    5.0000    1.2000
parameters
    1.6205   38.1750   -4.3130  -13.5082   -9.8120   -7.7957
    3.3766    6.6692   -1.0869    5.6503   -7.0079   -6.8814
eta,q 0.96644  8.03451
  0.0374  0.0381  0.0337  0.0379  0.0355  0.0352  0.0365  0.0373  0.0352  0.0369  0.0342  0.0339
  0.0355  0.0362  0.0332  0.0364  0.0346  0.0346  0.0352  0.0356  0.0344  0.0353  0.0337  0.0337
  0.0343  0.0348  0.0332  0.0344  0.0338  0.0342  0.0342  0.0343  0.0339  0.0342  0.0336  0.0336
  0.0339  0.0339  0.0334  0.0332  0.0333  0.0334  0.0338  0.0338  0.0338  0.0338  0.0336  0.0336
  0.0343  0.0334  0.0338  0.0344  0.0336  0.0333  0.0340  0.0342  0.0340  0.0336  0.0338  0.0337
  0.0355  0.0335  0.0345  0.0373  0.0351  0.0349  0.0347  0.0356  0.0344  0.0336  0.0341  0.0339
  0.0374  0.0342  0.0354  0.0409  0.0377  0.0382  0.0359  0.0377  0.0352  0.0338  0.0347  0.0344
niter,ni,del,rscale     6    3    5.0000    1.2000
parameters
    1.4140   39.2696   -5.4588  -14.0550  -11.1196   -9.3624
    4.2827    6.3453   -0.5967    7.5868   -8.6493   -7.6659
eta,q 0.96665  7.89949
  0.0362  0.0372  0.0332  0.0373  0.0346  0.0345  0.0359  0.0366  0.0350  0.0360  0.0339  0.0338
  0.0346  0.0355  0.0330  0.0360  0.0340  0.0339  0.0348  0.0349  0.0342  0.0346  0.0335  0.0335
  0.0337  0.0343  0.0330  0.0344  0.0335  0.0337  0.0340  0.0338  0.0337  0.0338  0.0334  0.0334
  0.0336  0.0335  0.0332  0.0329  0.0331  0.0332  0.0335  0.0335  0.0335  0.0335  0.0334  0.0334
  0.0341  0.0332  0.0336  0.0336  0.0332  0.0331  0.0336  0.0340  0.0336  0.0334  0.0337  0.0334
  0.0354  0.0333  0.0341  0.0360  0.0346  0.0346  0.0341  0.0353  0.0340  0.0336  0.0341  0.0337
  0.0372  0.0340  0.0348  0.0394  0.0370  0.0377  0.0350  0.0373  0.0346  0.0343  0.0345  0.0341
niter,ni,del,rscale     5    3    5.0000    1.2000
parameters
    1.1651   39.8982   -6.1179  -14.4022  -12.3617  -10.7846
    4.9639    6.0153    0.0458    8.4457   -9.1543   -8.1516
eta,q 0.96671  7.77268
  0.0356  0.0362  0.0335  0.0371  0.0345  0.0343  0.0354  0.0365  0.0349  0.0356  0.0341  0.0339
  0.0342  0.0348  0.0332  0.0358  0.0339  0.0337  0.0344  0.0347  0.0341  0.0343  0.0336  0.0336
  0.0334  0.0338  0.0331  0.0344  0.0334  0.0334  0.0337  0.0336  0.0336  0.0335  0.0333  0.0334
  0.0334  0.0333  0.0332  0.0331  0.0332  0.0333  0.0333  0.0333  0.0333  0.0333  0.0333  0.0333
  0.0339  0.0332  0.0334  0.0335  0.0333  0.0331  0.0334  0.0339  0.0333  0.0335  0.0335  0.0334
  0.0351  0.0336  0.0338  0.0356  0.0343  0.0340  0.0339  0.0352  0.0337  0.0339  0.0338  0.0337
  0.0367  0.0344  0.0344  0.0386  0.0365  0.0368  0.0348  0.0370  0.0345  0.0347  0.0344  0.0340
niter,ni,del,rscale     4    3    5.0000    1.2000
parameters
    1.0220   40.3251   -6.4715  -14.5685  -13.3017  -11.6557
    5.1217    5.8063    0.0816    8.8909   -9.1740   -8.5666
eta,q 0.96672  7.69345
  0.0357  0.0359  0.0339  0.0371  0.0347  0.0345  0.0351  0.0365  0.0347  0.0356  0.0343  0.0339
  0.0343  0.0346  0.0334  0.0358  0.0339  0.0338  0.0342  0.0347  0.0340  0.0342  0.0337  0.0336
  0.0335  0.0337  0.0332  0.0344  0.0334  0.0333  0.0336  0.0336  0.0335  0.0334  0.0334  0.0333
  0.0333  0.0333  0.0332  0.0332  0.0332  0.0333  0.0332  0.0332  0.0332  0.0332  0.0333  0.0333
  0.0338  0.0333  0.0334  0.0335  0.0335  0.0333  0.0334  0.0338  0.0334  0.0336  0.0334  0.0334
  0.0348  0.0338  0.0338  0.0354  0.0342  0.0337  0.0340  0.0350  0.0339  0.0342  0.0337  0.0337
  0.0363  0.0347  0.0344  0.0381  0.0360  0.0358  0.0350  0.0369  0.0347  0.0348  0.0342  0.0341
niter,ni,del,rscale     3    3    5.0000    1.2000
parameters
    0.9753   40.6572   -6.7377  -14.5608  -13.7867  -12.2593
    5.1729    5.7113   -0.1021    9.2260   -9.1099   -8.8009
eta,q 0.96675  7.65506
  0.0358  0.0358  0.0340  0.0371  0.0349  0.0345  0.0350  0.0366  0.0346  0.0355  0.0343  0.0339
  0.0344  0.0345  0.0335  0.0358  0.0340  0.0338  0.0341  0.0348  0.0339  0.0342  0.0337  0.0336
  0.0335  0.0337  0.0333  0.0344  0.0335  0.0333  0.0335  0.0336  0.0334  0.0334  0.0334  0.0333
  0.0333  0.0333  0.0332  0.0332  0.0332  0.0332  0.0332  0.0332  0.0332  0.0332  0.0333  0.0333
  0.0336  0.0333  0.0334  0.0334  0.0334  0.0334  0.0334  0.0337  0.0334  0.0337  0.0334  0.0334
  0.0346  0.0339  0.0338  0.0352  0.0341  0.0337  0.0340  0.0350  0.0339  0.0343  0.0337  0.0336
  0.0360  0.0348  0.0344  0.0378  0.0356  0.0354  0.0351  0.0367  0.0348  0.0349  0.0342  0.0340
niter,ni,del,rscale     2    3    5.0000    1.2000
parameters
    0.9539   40.8870   -6.9391  -14.5146  -14.0811  -12.6956
    5.2460    5.6624   -0.2527    9.4771   -9.0204   -8.9585
eta,q 0.96676  7.63206
  0.0358  0.0356  0.0341  0.0371  0.0349  0.0346  0.0350  0.0366  0.0346  0.0355  0.0342  0.0339
  0.0344  0.0344  0.0336  0.0358  0.0341  0.0339  0.0341  0.0348  0.0339  0.0342  0.0337  0.0336
  0.0335  0.0336  0.0333  0.0344  0.0335  0.0333  0.0335  0.0336  0.0334  0.0334  0.0334  0.0333
  0.0333  0.0333  0.0332  0.0332  0.0332  0.0332  0.0332  0.0332  0.0332  0.0332  0.0332  0.0332
  0.0336  0.0334  0.0334  0.0333  0.0334  0.0334  0.0334  0.0337  0.0334  0.0337  0.0334  0.0333
  0.0345  0.0339  0.0338  0.0352  0.0340  0.0337  0.0340  0.0349  0.0339  0.0343  0.0337  0.0336
  0.0359  0.0349  0.0344  0.0377  0.0354  0.0352  0.0350  0.0367  0.0348  0.0349  0.0342  0.0340
niter,ni,del,rscale     1    3    5.0000    1.2000
parameters
    0.9353   41.0450   -7.0808  -14.4766  -14.2825  -12.9888
    5.3066    5.6247   -0.3603    9.6706   -8.9423   -9.0613
eta,q 0.96676  7.61734
  0.0358  0.0355  0.0341  0.0370  0.0350  0.0346  0.0350  0.0366  0.0346  0.0355  0.0342  0.0339
  0.0344  0.0343  0.0336  0.0357  0.0341  0.0339  0.0341  0.0348  0.0339  0.0342  0.0337  0.0336
  0.0335  0.0335  0.0333  0.0344  0.0335  0.0334  0.0335  0.0337  0.0334  0.0334  0.0333  0.0333
  0.0332  0.0332  0.0332  0.0332  0.0332  0.0332  0.0332  0.0332  0.0332  0.0332  0.0332  0.0332
  0.0336  0.0334  0.0334  0.0333  0.0334  0.0334  0.0334  0.0337  0.0334  0.0337  0.0334  0.0333
  0.0345  0.0340  0.0338  0.0352  0.0340  0.0337  0.0340  0.0349  0.0339  0.0344  0.0337  0.0336
  0.0358  0.0350  0.0343  0.0377  0.0354  0.0350  0.0350  0.0367  0.0348  0.0350  0.0342  0.0339
registration optimization eta report
parameter search radius
    2.4000    2.7600    2.4000    9.5220    8.2800    8.2800
    7.2000    7.2000    7.2000    8.2800    7.2000    7.2000
100000*second partial in parameter space
       45.       26.       17.        4.        3.        2.
        3.        7.        3.        3.        2.        1.
  0.0358  0.0355  0.0341  0.0370  0.0350  0.0346  0.0350  0.0366  0.0346  0.0355  0.0342  0.0339
  0.0344  0.0343  0.0336  0.0357  0.0341  0.0339  0.0341  0.0348  0.0339  0.0342  0.0337  0.0336
  0.0335  0.0335  0.0333  0.0344  0.0335  0.0334  0.0335  0.0337  0.0334  0.0334  0.0333  0.0333
  0.0332  0.0332  0.0332  0.0332  0.0332  0.0332  0.0332  0.0332  0.0332  0.0332  0.0332  0.0332
  0.0336  0.0334  0.0334  0.0333  0.0334  0.0334  0.0334  0.0337  0.0334  0.0337  0.0334  0.0333
  0.0345  0.0340  0.0338  0.0352  0.0340  0.0337  0.0340  0.0349  0.0339  0.0344  0.0337  0.0336
  0.0358  0.0350  0.0343  0.0377  0.0354  0.0350  0.0350  0.0367  0.0348  0.0350  0.0342  0.0339
    0.9353   41.0450   -7.0808  -14.4766  -14.2825  -12.9888
    5.3066    5.6247   -0.3603    9.6706   -8.9423   -9.0613
eta,q 0.96676  7.61734

---------------------------------------------------------------------
imgreg_4dfp /opt/freesurfer/average/711-2C_as_mni_average_305 /opt/freesurfer/average/711-2B_as_mni_average_305_mask talsrcimg_g11 none talsrcimg_to_711-2C_as_mni_average_305_t4 2311
---------------------------------------------------------------------

freesurfer imgreg_4dfp.c
/opt/freesurfer/average/711-2C_as_mni_average_305.4dfp.img
       256       256       256         1
  1.000000  1.000000  1.000000
orientation T byte_order littleendian
Reading image: /opt/freesurfer/average/711-2C_as_mni_average_305.4dfp.img
dimensions:      256       256       256
mmppix:       1.0000   -1.0000   -1.0000
center:     128.0000 -129.0000 -129.0000
/opt/freesurfer/average/711-2B_as_mni_average_305_mask.4dfp.img
       256       256       256         1
  1.000000  1.000000  1.000000
orientation T byte_order littleendian
Reading mask: /opt/freesurfer/average/711-2B_as_mni_average_305_mask.4dfp.img (2306576 pixels)
talsrcimg_g11.4dfp.img
       256       256       256         1
  1.000000  1.000000  1.000000
orientation T byte_order littleendian
Reading image: talsrcimg_g11.4dfp.img
dimensions:      256       256       256
mmppix:       1.0000   -1.0000   -1.0000
center:     128.0000 -129.0000 -129.0000
fimgreg.f
image alignment mode   2311 decimal      907 hex
parameters
    0.9353   41.0450   -7.0808  -14.4766  -14.2825  -12.9888
    5.3066    5.6247   -0.3603    9.6706   -8.9423   -9.0613
eta,q 0.96676  7.61734
niter,ni,del,rscale     5    3    5.0000    0.8000
parameters
    0.8993   41.1363   -7.2003  -13.4281  -14.1200  -13.1518
    5.1673    5.6133   -0.5820    9.1249   -8.5006   -8.6004
eta,q 0.96701  7.65043
  0.0344  0.0340  0.0336  0.0351  0.0337  0.0335  0.0339  0.0348  0.0337  0.0337  0.0336  0.0334
  0.0337  0.0336  0.0334  0.0344  0.0334  0.0332  0.0334  0.0338  0.0333  0.0332  0.0333  0.0332
  0.0333  0.0333  0.0333  0.0338  0.0331  0.0330  0.0331  0.0332  0.0331  0.0330  0.0331  0.0331
  0.0332  0.0332  0.0332  0.0332  0.0330  0.0330  0.0330  0.0330  0.0330  0.0330  0.0330  0.0330
  0.0334  0.0333  0.0333  0.0330  0.0331  0.0331  0.0331  0.0332  0.0331  0.0332  0.0330  0.0330
  0.0338  0.0335  0.0335  0.0334  0.0333  0.0333  0.0335  0.0339  0.0334  0.0336  0.0332  0.0331
  0.0345  0.0338  0.0337  0.0342  0.0337  0.0335  0.0340  0.0348  0.0338  0.0339  0.0334  0.0333
niter,ni,del,rscale     4    3    5.0000    0.7000
parameters
    0.9161   41.0253   -7.1483  -13.2220  -13.9585  -13.2705
    5.1898    5.5646   -0.7197    8.8107   -8.2850   -8.4145
eta,q 0.96705  7.65479
  0.0341  0.0334  0.0334  0.0344  0.0335  0.0333  0.0337  0.0343  0.0335  0.0335  0.0334  0.0332
  0.0335  0.0332  0.0332  0.0339  0.0333  0.0331  0.0333  0.0336  0.0332  0.0332  0.0331  0.0331
  0.0331  0.0330  0.0330  0.0333  0.0331  0.0330  0.0331  0.0331  0.0330  0.0330  0.0330  0.0330
  0.0330  0.0330  0.0330  0.0330  0.0330  0.0330  0.0330  0.0330  0.0330  0.0330  0.0329  0.0330
  0.0331  0.0331  0.0330  0.0330  0.0330  0.0330  0.0330  0.0331  0.0330  0.0331  0.0330  0.0330
  0.0335  0.0333  0.0331  0.0335  0.0332  0.0332  0.0333  0.0336  0.0332  0.0334  0.0331  0.0331
  0.0340  0.0336  0.0333  0.0343  0.0335  0.0333  0.0337  0.0344  0.0336  0.0337  0.0333  0.0332
niter,ni,del,rscale     3    3    5.0000    0.6000
parameters
    0.9181   40.9494   -7.1134  -13.0870  -13.8959  -13.4068
    5.2192    5.5273   -0.7747    8.5908   -8.1615   -8.2720
eta,q 0.96707  7.65288
  0.0337  0.0333  0.0332  0.0341  0.0334  0.0332  0.0335  0.0340  0.0333  0.0334  0.0332  0.0331
  0.0333  0.0331  0.0331  0.0336  0.0331  0.0331  0.0332  0.0334  0.0331  0.0331  0.0331  0.0330
  0.0330  0.0330  0.0330  0.0332  0.0330  0.0329  0.0330  0.0330  0.0330  0.0330  0.0330  0.0330
  0.0329  0.0329  0.0329  0.0329  0.0329  0.0329  0.0329  0.0329  0.0329  0.0329  0.0329  0.0329
  0.0330  0.0330  0.0330  0.0330  0.0330  0.0330  0.0330  0.0331  0.0330  0.0330  0.0330  0.0329
  0.0333  0.0332  0.0331  0.0334  0.0331  0.0331  0.0332  0.0334  0.0331  0.0332  0.0330  0.0330
  0.0337  0.0334  0.0332  0.0340  0.0333  0.0332  0.0335  0.0340  0.0334  0.0335  0.0332  0.0331
niter,ni,del,rscale     2    3    5.0000    0.5000
parameters
    0.9199   40.9030   -7.1036  -12.9883  -13.8674  -13.5580
    5.2376    5.4984   -0.8091    8.4470   -8.0874   -8.1778
eta,q 0.96709  7.64892
  0.0335  0.0332  0.0331  0.0338  0.0332  0.0331  0.0333  0.0336  0.0332  0.0333  0.0331  0.0331
  0.0332  0.0330  0.0330  0.0334  0.0331  0.0330  0.0331  0.0332  0.0331  0.0331  0.0330  0.0330
  0.0330  0.0330  0.0329  0.0331  0.0330  0.0329  0.0330  0.0330  0.0330  0.0329  0.0329  0.0329
  0.0329  0.0329  0.0329  0.0329  0.0329  0.0329  0.0329  0.0329  0.0329  0.0329  0.0329  0.0329
  0.0330  0.0330  0.0329  0.0330  0.0330  0.0330  0.0330  0.0330  0.0330  0.0330  0.0329  0.0329
  0.0332  0.0331  0.0330  0.0333  0.0331  0.0331  0.0331  0.0333  0.0331  0.0331  0.0330  0.0330
  0.0335  0.0332  0.0331  0.0338  0.0332  0.0332  0.0333  0.0337  0.0332  0.0333  0.0331  0.0330
niter,ni,del,rscale     1    3    5.0000    0.4000
parameters
    0.9236   40.8850   -7.1041  -12.9145  -13.8554  -13.6544
    5.2354    5.4818   -0.8137    8.3402   -8.0140   -8.0905
eta,q 0.96709  7.64653
  0.0333  0.0331  0.0330  0.0335  0.0331  0.0331  0.0332  0.0334  0.0331  0.0331  0.0330  0.0330
  0.0331  0.0330  0.0330  0.0332  0.0330  0.0330  0.0330  0.0331  0.0330  0.0330  0.0330  0.0330
  0.0330  0.0329  0.0329  0.0330  0.0329  0.0329  0.0329  0.0330  0.0329  0.0329  0.0329  0.0329
  0.0329  0.0329  0.0329  0.0329  0.0329  0.0329  0.0329  0.0329  0.0329  0.0329  0.0329  0.0329
  0.0330  0.0329  0.0329  0.0330  0.0329  0.0329  0.0329  0.0330  0.0329  0.0330  0.0329  0.0329
  0.0331  0.0330  0.0330  0.0332  0.0330  0.0330  0.0330  0.0331  0.0330  0.0330  0.0330  0.0329
  0.0333  0.0331  0.0330  0.0335  0.0331  0.0331  0.0332  0.0334  0.0331  0.0332  0.0330  0.0330
registration optimization eta report
parameter search radius
    0.8000    0.8000    0.8000    2.4000    2.4000    2.4000
    2.4000    2.4000    2.4000    2.4000    2.4000    2.4000
100000*second partial in parameter space
       57.       29.       19.       10.        3.        3.
        4.        8.        3.        4.        2.        2.
  0.0333  0.0331  0.0330  0.0335  0.0331  0.0331  0.0332  0.0334  0.0331  0.0331  0.0330  0.0330
  0.0331  0.0330  0.0330  0.0332  0.0330  0.0330  0.0330  0.0331  0.0330  0.0330  0.0330  0.0330
  0.0330  0.0329  0.0329  0.0330  0.0329  0.0329  0.0329  0.0330  0.0329  0.0329  0.0329  0.0329
  0.0329  0.0329  0.0329  0.0329  0.0329  0.0329  0.0329  0.0329  0.0329  0.0329  0.0329  0.0329
  0.0330  0.0329  0.0329  0.0330  0.0329  0.0329  0.0329  0.0330  0.0329  0.0330  0.0329  0.0329
  0.0331  0.0330  0.0330  0.0332  0.0330  0.0330  0.0330  0.0331  0.0330  0.0330  0.0330  0.0329
  0.0333  0.0331  0.0330  0.0335  0.0331  0.0331  0.0332  0.0334  0.0331  0.0332  0.0330  0.0330
    0.9236   40.8850   -7.1041  -12.9145  -13.8554  -13.6544
    5.2354    5.4818   -0.8137    8.3402   -8.0140   -8.0905
eta,q 0.96709  7.64653

---------------------------------------------------------------------
imgreg_4dfp /opt/freesurfer/average/711-2C_as_mni_average_305 /opt/freesurfer/average/711-2B_as_mni_average_305_mask talsrcimg_g11 none talsrcimg_to_711-2C_as_mni_average_305_t4 2311
---------------------------------------------------------------------

freesurfer imgreg_4dfp.c
/opt/freesurfer/average/711-2C_as_mni_average_305.4dfp.img
       256       256       256         1
  1.000000  1.000000  1.000000
orientation T byte_order littleendian
Reading image: /opt/freesurfer/average/711-2C_as_mni_average_305.4dfp.img
dimensions:      256       256       256
mmppix:       1.0000   -1.0000   -1.0000
center:     128.0000 -129.0000 -129.0000
/opt/freesurfer/average/711-2B_as_mni_average_305_mask.4dfp.img
       256       256       256         1
  1.000000  1.000000  1.000000
orientation T byte_order littleendian
Reading mask: /opt/freesurfer/average/711-2B_as_mni_average_305_mask.4dfp.img (2306576 pixels)
talsrcimg_g11.4dfp.img
       256       256       256         1
  1.000000  1.000000  1.000000
orientation T byte_order littleendian
Reading image: talsrcimg_g11.4dfp.img
dimensions:      256       256       256
mmppix:       1.0000   -1.0000   -1.0000
center:     128.0000 -129.0000 -129.0000
fimgreg.f
image alignment mode   2311 decimal      907 hex
parameters
    0.9236   40.8850   -7.1041  -12.9145  -13.8554  -13.6544
    5.2354    5.4818   -0.8137    8.3402   -8.0140   -8.0905
eta,q 0.96709  7.64653
niter,ni,del,rscale     5    3    5.0000    0.8000
parameters
    0.9273   40.8823   -7.0967  -13.1312  -13.9403  -13.2053
    5.2176    5.5074   -0.8474    8.6431   -8.0653   -8.2482
eta,q 0.96707  7.65688
  0.0343  0.0336  0.0334  0.0345  0.0336  0.0336  0.0338  0.0347  0.0336  0.0339  0.0334  0.0332
  0.0336  0.0332  0.0331  0.0338  0.0333  0.0332  0.0334  0.0338  0.0333  0.0334  0.0331  0.0331
  0.0331  0.0330  0.0330  0.0332  0.0330  0.0330  0.0330  0.0331  0.0330  0.0330  0.0330  0.0330
  0.0329  0.0329  0.0329  0.0329  0.0329  0.0329  0.0329  0.0329  0.0329  0.0329  0.0329  0.0329
  0.0331  0.0330  0.0330  0.0332  0.0330  0.0330  0.0330  0.0331  0.0330  0.0330  0.0330  0.0330
  0.0335  0.0332  0.0331  0.0339  0.0333  0.0332  0.0333  0.0338  0.0333  0.0333  0.0332  0.0331
  0.0343  0.0336  0.0334  0.0349  0.0337  0.0333  0.0339  0.0347  0.0337  0.0337  0.0334  0.0333
niter,ni,del,rscale     4    3    5.0000    0.7000
parameters
    0.9207   40.9083   -7.0616  -13.1203  -13.8856  -13.1808
    5.2533    5.5004   -0.8310    8.6086   -8.1011   -8.2307
eta,q 0.96707  7.66062
  0.0340  0.0335  0.0333  0.0343  0.0335  0.0333  0.0337  0.0343  0.0335  0.0336  0.0333  0.0332
  0.0334  0.0332  0.0331  0.0338  0.0332  0.0331  0.0333  0.0336  0.0332  0.0332  0.0331  0.0331
  0.0331  0.0330  0.0330  0.0332  0.0330  0.0330  0.0330  0.0331  0.0330  0.0330  0.0330  0.0330
  0.0329  0.0329  0.0329  0.0329  0.0329  0.0329  0.0329  0.0329  0.0329  0.0329  0.0329  0.0329
  0.0331  0.0330  0.0330  0.0331  0.0330  0.0330  0.0330  0.0331  0.0330  0.0330  0.0330  0.0330
  0.0334  0.0332  0.0331  0.0336  0.0332  0.0332  0.0332  0.0336  0.0332  0.0333  0.0331  0.0330
  0.0340  0.0335  0.0333  0.0344  0.0335  0.0333  0.0336  0.0343  0.0335  0.0336  0.0333  0.0332
niter,ni,del,rscale     3    3    5.0000    0.6000
parameters
    0.9153   40.8895   -7.0530  -13.0601  -13.8585  -13.3163
    5.2618    5.4888   -0.8050    8.4838   -8.0893   -8.1843
eta,q 0.96708  7.65662
  0.0337  0.0333  0.0332  0.0341  0.0333  0.0332  0.0335  0.0340  0.0333  0.0334  0.0332  0.0331
  0.0333  0.0331  0.0331  0.0336  0.0331  0.0330  0.0332  0.0334  0.0331  0.0331  0.0330  0.0330
  0.0330  0.0330  0.0330  0.0332  0.0330  0.0329  0.0330  0.0330  0.0330  0.0330  0.0329  0.0329
  0.0329  0.0329  0.0329  0.0329  0.0329  0.0329  0.0329  0.0329  0.0329  0.0329  0.0329  0.0329
  0.0330  0.0330  0.0330  0.0330  0.0330  0.0330  0.0330  0.0331  0.0330  0.0330  0.0330  0.0329
  0.0333  0.0331  0.0331  0.0334  0.0331  0.0331  0.0332  0.0334  0.0331  0.0332  0.0330  0.0330
  0.0337  0.0334  0.0332  0.0341  0.0333  0.0332  0.0335  0.0340  0.0333  0.0334  0.0332  0.0331
niter,ni,del,rscale     2    3    5.0000    0.5000
parameters
    0.9142   40.8640   -7.0622  -12.9887  -13.8443  -13.5019
    5.2508    5.4817   -0.7929    8.3676   -8.0509   -8.1215
eta,q 0.96709  7.65048
  0.0335  0.0332  0.0331  0.0338  0.0332  0.0331  0.0333  0.0336  0.0332  0.0333  0.0331  0.0331
  0.0332  0.0330  0.0330  0.0334  0.0331  0.0330  0.0331  0.0332  0.0331  0.0331  0.0330  0.0330
  0.0330  0.0330  0.0329  0.0331  0.0330  0.0329  0.0330  0.0330  0.0330  0.0329  0.0329  0.0329
  0.0329  0.0329  0.0329  0.0329  0.0329  0.0329  0.0329  0.0329  0.0329  0.0329  0.0329  0.0329
  0.0330  0.0330  0.0329  0.0330  0.0330  0.0330  0.0330  0.0330  0.0329  0.0330  0.0329  0.0329
  0.0332  0.0331  0.0330  0.0333  0.0331  0.0331  0.0331  0.0333  0.0330  0.0331  0.0330  0.0330
  0.0335  0.0332  0.0331  0.0338  0.0332  0.0332  0.0333  0.0337  0.0332  0.0333  0.0331  0.0330
niter,ni,del,rscale     1    3    5.0000    0.4000
parameters
    0.9228   40.8545   -7.0781  -12.9180  -13.8372  -13.6225
    5.2394    5.4733   -0.8017    8.3007   -8.0321   -8.1119
eta,q 0.96709  7.64758
  0.0333  0.0331  0.0330  0.0335  0.0331  0.0331  0.0331  0.0334  0.0331  0.0331  0.0330  0.0330
  0.0331  0.0330  0.0330  0.0332  0.0330  0.0330  0.0330  0.0331  0.0330  0.0330  0.0330  0.0330
  0.0330  0.0329  0.0329  0.0330  0.0329  0.0329  0.0329  0.0330  0.0329  0.0329  0.0329  0.0329
  0.0329  0.0329  0.0329  0.0329  0.0329  0.0329  0.0329  0.0329  0.0329  0.0329  0.0329  0.0329
  0.0330  0.0329  0.0329  0.0330  0.0329  0.0329  0.0329  0.0330  0.0329  0.0330  0.0329  0.0329
  0.0331  0.0330  0.0330  0.0332  0.0330  0.0330  0.0330  0.0331  0.0330  0.0330  0.0330  0.0330
  0.0333  0.0331  0.0330  0.0335  0.0331  0.0331  0.0332  0.0334  0.0331  0.0332  0.0330  0.0330
registration optimization eta report
parameter search radius
    0.8000    0.8000    0.8000    2.4000    2.4000    2.4000
    2.4000    2.4000    2.4000    2.4000    2.4000    2.4000
100000*second partial in parameter space
       57.       29.       19.       10.        3.        3.
        4.        8.        3.        4.        2.        2.
  0.0333  0.0331  0.0330  0.0335  0.0331  0.0331  0.0331  0.0334  0.0331  0.0331  0.0330  0.0330
  0.0331  0.0330  0.0330  0.0332  0.0330  0.0330  0.0330  0.0331  0.0330  0.0330  0.0330  0.0330
  0.0330  0.0329  0.0329  0.0330  0.0329  0.0329  0.0329  0.0330  0.0329  0.0329  0.0329  0.0329
  0.0329  0.0329  0.0329  0.0329  0.0329  0.0329  0.0329  0.0329  0.0329  0.0329  0.0329  0.0329
  0.0330  0.0329  0.0329  0.0330  0.0329  0.0329  0.0329  0.0330  0.0329  0.0330  0.0329  0.0329
  0.0331  0.0330  0.0330  0.0332  0.0330  0.0330  0.0330  0.0331  0.0330  0.0330  0.0330  0.0330
  0.0333  0.0331  0.0330  0.0335  0.0331  0.0331  0.0332  0.0334  0.0331  0.0332  0.0330  0.0330
    0.9228   40.8545   -7.0781  -12.9180  -13.8372  -13.6225
    5.2394    5.4733   -0.8017    8.3007   -8.0321   -8.1119
eta,q 0.96709  7.64758

---------------------------------------------------------------------
compute_vox2vox talsrcimg talsrcimg_to_711-2C_as_mni_average_305_t4 /opt/freesurfer/average/711-2C_as_mni_average_305
---------------------------------------------------------------------

freesurfer compute_vox2vox.c
Reading: talsrcimg.4dfp.ifh
Reading: talsrcimg_to_711-2C_as_mni_average_305_t4
Reading: /opt/freesurfer/average/711-2C_as_mni_average_305.4dfp.ifh
Writing: talsrcimg_to_711-2C_as_mni_average_305_t4_vox2vox.txt

start time Wed Mar 11 21:14:47 CET 2026
end		time Wed Mar 11 21:16:18 CET 2026

mpr2mni305 success

avi2talxfm orig_nu.mgz /opt/freesurfer/average/mni305.cor.mgz talsrcimg_to_711-2C_as_mni_average_305_t4_vox2vox.txt transforms/talairach.auto.xfm
avi2talxfm done
mv -f /out/sourcedata/freesurfer/sub-v1s2x0051488_ses-1/mri/talsrcimg_to_711-2C_as_mni_average_305_t4_vox2vox.txt /out/sourcedata/freesurfer/sub-v1s2x0051488_ses-1/mri/transforms/talsrcimg_to_711-2C_as_mni_average_305_t4_vox2vox.txt
lta_convert --src orig_nu.mgz --trg /opt/freesurfer/average/mni305.cor.mgz --inxfm transforms/talairach.auto.xfm --outlta transforms/talairach.auto.xfm.lta --subject fsaverage
7.3.2

--src: orig_nu.mgz src image (geometry).
--trg: /opt/freesurfer/average/mni305.cor.mgz trg image (geometry).
--inmni: transforms/talairach.auto.xfm input MNI/XFM transform.
--outlta: transforms/talairach.auto.xfm.lta output LTA.
--s: fsaverage subject name
 LTA read, type : 1
 1.14164  -0.06508  -0.07555   10.69943;
 0.10620   1.14128   0.10099  -68.49750;
 0.00039  -0.11055   1.15016  -30.95818;
 0.00000   0.00000   0.00000   1.00000;
setting subject to fsaverage
Writing  LTA to file transforms/talairach.auto.xfm.lta...
lta_convert successful.
 
 
Started at Wed Mar 11 21:14:46 CET 2026
Ended   at Wed Mar 11 21:16:18 CET 2026
talairach_avi done
