/out/sourcedata/freesurfer/sub-v1s2x0051465_ses-1/mri
/opt/freesurfer/bin/talairach_avi
--i orig_nu.mgz --xfm transforms/talairach.auto.xfm
talairach_avi 7.3.2
Linux dna060 5.14.0-427.37.1.el9_4.x86_64 #1 SMP PREEMPT_DYNAMIC Fri Sep 13 12:41:50 EDT 2024 x86_64 x86_64 x86_64 GNU/Linux
Mon Mar  9 21:32:44 CET 2026
mri_convert orig_nu.mgz talsrcimg.img 
reading from orig_nu.mgz...
TR=0.00, TE=0.00, TI=0.00, flip angle=0.00
i_ras = (-1, 0, 8.27181e-25)
j_ras = (8.27181e-25, 0, -1)
k_ras = (0, 1, 0)
writing to talsrcimg.img...
Analyze Output Matrix
-1.00000   0.00000   0.00000   131.35593;
 0.00000   0.00000   1.00000  -87.53191;
 0.00000  -1.00000   0.00000   153.36566;
 0.00000   0.00000   0.00000   1.00000;
--------------------
INFO: set hdr.hist.orient to -1
mpr2mni305 talsrcimg
Mon Mar  9 21:32:45 CET 2026
/opt/freesurfer/bin/mpr2mni305 talsrcimg
mpr2mni305 7.3.2
target=711-2C_as_mni_average_305

---------------------------------------------------------------------
analyzeto4dfp talsrcimg -O0 -y
---------------------------------------------------------------------

freesurfer ifh2hdr.c
Mon Mar  9 21:32:45 2026
Writing: talsrcimg.4dfp.hdr
freesurfer analyzeto4dfp.c
Reading: talsrcimg.hdr
header size 348 bytes
hdr.dime.datatype	offset=70	value=2
hdr.dime.bitpix		offset=72	value=8
hdr.hist.orient		offset=252	value=-1
dimensionality     4
dimensions       256       256       256         1
Reading: talsrcimg.img
Writing: talsrcimg.4dfp.img
Writing: talsrcimg.4dfp.ifh
ifh2hdr talsrcimg -r0to239
ori=2

---------------------------------------------------------------------
gauss_4dfp talsrcimg 1.1
---------------------------------------------------------------------

freesurfer gauss_4dfp.c
Reading: talsrcimg.4dfp.img
Writing: talsrcimg_g11.4dfp.img
image dimensions 256 256 256 padded to 288 288 288
processing volume 1freesurfer ifh2hdr.c
Mon Mar  9 21:32:47 2026
Writing: talsrcimg_g11.4dfp.hdr

Writing: talsrcimg_g11.4dfp.ifh
including: talsrcimg.4dfp.img.rec in talsrcimg_g11.4dfp.img.rec

---------------------------------------------------------------------
imgreg_4dfp /opt/freesurfer/average/711-2C_as_mni_average_305 none talsrcimg_g11 none talsrcimg_to_711-2C_as_mni_average_305_t4 4355
---------------------------------------------------------------------

freesurfer imgreg_4dfp.c
/opt/freesurfer/average/711-2C_as_mni_average_305.4dfp.img
       256       256       256         1
  1.000000  1.000000  1.000000
orientation T byte_order littleendian
Reading image: /opt/freesurfer/average/711-2C_as_mni_average_305.4dfp.img
dimensions:      256       256       256
mmppix:       1.0000   -1.0000   -1.0000
center:     128.0000 -129.0000 -129.0000
talsrcimg_g11.4dfp.img
       256       256       256         1
  1.000000  1.000000  1.000000
orientation T byte_order littleendian
Reading image: talsrcimg_g11.4dfp.img
dimensions:      256       256       256
mmppix:       1.0000   -1.0000   -1.0000
center:     128.0000 -129.0000 -129.0000
t4_read: open error in t4_sub.f l:  41 t4_file(1:l)talsrcimg_to_711-2C_as_mni_average_305_t4 
t4_read: transform initialized to I4
rotation matrix determinant  1.000000
image alignment mode   4355 decimal     1103 hex
   -7.5000  -45.0000  -45.0000 7738.3408   13.5144
    0.0000  -45.0000  -45.0000 7939.1509   13.5007
    7.5000  -45.0000  -45.0000 7540.8057   13.5289
   -7.5000  -37.5000  -45.0000 8188.4082   13.4964
    0.0000  -37.5000  -45.0000 8397.5225   13.4886
    7.5000  -37.5000  -45.0000 7976.3340   13.5160
   -7.5000  -30.0000  -45.0000 8892.8545   13.4939
    0.0000  -30.0000  -45.0000 9142.4043   13.4878
    7.5000  -30.0000  -45.0000 8681.8301   13.5148
   -7.5000  -22.5000  -45.0000 9549.9209   13.5021
    0.0000  -22.5000  -45.0000 9803.0449   13.4916
    7.5000  -22.5000  -45.0000 9299.6709   13.5187
   -7.5000  -15.0000  -45.000010154.8984   13.5110
    0.0000  -15.0000  -45.000010432.9697   13.4943
    7.5000  -15.0000  -45.0000 9882.0312   13.5217
   -7.5000   -7.5000  -45.000010765.2207   13.5118
    0.0000   -7.5000  -45.000011072.6562   13.4936
    7.5000   -7.5000  -45.000010489.5576   13.5216
   -7.5000    0.0000  -45.000011334.7344   13.5055
    0.0000    0.0000  -45.000011646.3662   13.4917
    7.5000    0.0000  -45.000011055.1367   13.5199
   -7.5000    7.5000  -45.000010913.9014   13.4964
    0.0000    7.5000  -45.000011215.8145   13.4886
    7.5000    7.5000  -45.000010693.0117   13.5160
   -7.5000   15.0000  -45.000010355.6113   13.4939
    0.0000   15.0000  -45.000010639.9785   13.4878
    7.5000   15.0000  -45.000010146.3994   13.5148
   -7.5000   22.5000  -45.0000 9664.6895   13.5002
    0.0000   22.5000  -45.0000 9945.5938   13.4897
    7.5000   22.5000  -45.0000 9491.5420   13.5168
   -7.5000   30.0000  -45.0000 8883.5439   13.3309
    0.0000   30.0000  -45.0000 9135.8066   13.3145
    7.5000   30.0000  -45.0000 8695.4180   13.3415
   -7.5000   37.5000  -45.0000 8391.0205   13.3317
    0.0000   37.5000  -45.0000 8596.0371   13.3138
    7.5000   37.5000  -45.0000 8163.7505   13.3414
   -7.5000   45.0000  -45.0000 7645.0776   12.9871
    0.0000   45.0000  -45.0000 7831.4868   12.9739
    7.5000   45.0000  -45.0000 7420.8242   13.0010
   -7.5000  -45.0000  -37.5000 8239.6709   13.4065
    0.0000  -45.0000  -37.5000 8461.9443   13.3937
    7.5000  -45.0000  -37.5000 8040.6787   13.4175
   -7.5000  -37.5000  -37.5000 8728.0186   13.3944
    0.0000  -37.5000  -37.5000 8958.0947   13.3866
    7.5000  -37.5000  -37.5000 8509.5762   13.4081
   -7.5000  -30.0000  -37.5000 9491.7920   13.3956
    0.0000  -30.0000  -37.5000 9749.6650   13.3883
    7.5000  -30.0000  -37.5000 9271.6914   13.4080
   -7.5000  -22.5000  -37.500010153.5225   13.4008
    0.0000  -22.5000  -37.500010438.6992   13.3886
    7.5000  -22.5000  -37.5000 9931.3418   13.4090
   -7.5000  -15.0000  -37.500010795.8721   13.4035
    0.0000  -15.0000  -37.500011091.3203   13.3860
    7.5000  -15.0000  -37.500010542.5146   13.4081
   -7.5000   -7.5000  -37.500011438.2383   13.4011
    0.0000   -7.5000  -37.500011776.7734   13.3834
    7.5000   -7.5000  -37.500011180.5166   13.4070
   -7.5000    0.0000  -37.500012045.1562   13.3971
    0.0000    0.0000  -37.500012392.7393   13.3843
    7.5000    0.0000  -37.500011774.5635   13.4080
   -7.5000    7.5000  -37.500011597.2705   13.3944
    0.0000    7.5000  -37.500011936.3506   13.3866
    7.5000    7.5000  -37.500011357.5469   13.4081
   -7.5000   15.0000  -37.500010981.5850   13.3956
    0.0000   15.0000  -37.500011294.7686   13.3883
    7.5000   15.0000  -37.500010745.2988   13.4080
   -7.5000   22.5000  -37.500010283.5752   13.3989
    0.0000   22.5000  -37.500010570.7920   13.3867
    7.5000   22.5000  -37.500010067.4238   13.4071
   -7.5000   30.0000  -37.5000 9434.4268   13.2249
    0.0000   30.0000  -37.5000 9704.3379   13.2076
    7.5000   30.0000  -37.5000 9228.2959   13.2294
   -7.5000   37.5000  -37.5000 8882.1689   13.2225
    0.0000   37.5000  -37.5000 9139.3994   13.2050
    7.5000   37.5000  -37.5000 8665.3486   13.2283
   -7.5000   45.0000  -37.5000 8086.3418   12.8829
    0.0000   45.0000  -37.5000 8309.5723   12.8706
    7.5000   45.0000  -37.5000 7862.2769   12.8934
   -7.5000  -45.0000  -30.0000 8948.4727   13.8658
    0.0000  -45.0000  -30.0000 9180.4980   13.8509
    7.5000  -45.0000  -30.0000 8713.5449   13.8715
   -7.5000  -37.5000  -30.0000 9476.6533   13.8574
    0.0000  -37.5000  -30.0000 9718.7686   13.8483
    7.5000  -37.5000  -30.0000 9218.3906   13.8650
   -7.5000  -30.0000  -30.000010306.0078   13.8642
    0.0000  -30.0000  -30.000010575.6191   13.8556
    7.5000  -30.0000  -30.000010033.2783   13.8693
   -7.5000  -22.5000  -30.000011013.0215   13.8707
    0.0000  -22.5000  -30.000011328.0713   13.8565
    7.5000  -22.5000  -30.000010751.4707   13.8717
   -7.5000  -15.0000  -30.000011690.8594   13.8702
    0.0000  -15.0000  -30.000012028.3447   13.8501
    7.5000  -15.0000  -30.000011428.6299   13.8684
   -7.5000   -7.5000  -30.000012352.5645   13.8626
    0.0000   -7.5000  -30.000012744.1543   13.8422
    7.5000   -7.5000  -30.000012081.8359   13.8629
   -7.5000    0.0000  -30.000012981.3604   13.8562
    0.0000    0.0000  -30.000013378.7510   13.8413
    7.5000    0.0000  -30.000012701.9834   13.8619
   -7.5000    7.5000  -30.000012517.1514   13.8574
    0.0000    7.5000  -30.000012896.6582   13.8483
    7.5000    7.5000  -30.000012244.9863   13.8650
   -7.5000   15.0000  -30.000011837.8223   13.8642
    0.0000   15.0000  -30.000012201.9844   13.8556
    7.5000   15.0000  -30.000011578.5605   13.8693
   -7.5000   22.5000  -30.000011088.7432   13.8674
    0.0000   22.5000  -30.000011442.2520   13.8532
    7.5000   22.5000  -30.000010855.9629   13.8683
   -7.5000   30.0000  -30.000010125.1172   13.6867
    0.0000   30.0000  -30.000010460.6279   13.6668
    7.5000   30.0000  -30.0000 9921.6650   13.6849
   -7.5000   37.5000  -30.0000 9522.8818   13.6791
    0.0000   37.5000  -30.0000 9840.1230   13.6591
    7.5000   37.5000  -30.0000 9331.6514   13.6795
   -7.5000   45.0000  -30.0000 8685.0322   13.3342
    0.0000   45.0000  -30.0000 8949.0625   13.3198
    7.5000   45.0000  -30.0000 8464.2109   13.3396
   -7.5000  -45.0000  -22.5000 9710.9023   14.2965
    0.0000  -45.0000  -22.5000 9966.2246   14.2793
    7.5000  -45.0000  -22.5000 9453.2100   14.2995
   -7.5000  -37.5000  -22.500010256.2402   14.2829
    0.0000  -37.5000  -22.500010546.7324   14.2730
    7.5000  -37.5000  -22.5000 9991.9766   14.2896
   -7.5000  -30.0000  -22.500011146.8701   14.2890
    0.0000  -30.0000  -22.500011463.3516   14.2814
    7.5000  -30.0000  -22.500010862.1543   14.2954
   -7.5000  -22.5000  -22.500011917.6055   14.2999
    0.0000  -22.5000  -22.500012273.2432   14.2867
    7.5000  -22.5000  -22.500011636.5557   14.3025
   -7.5000  -15.0000  -22.500012643.2988   14.3046
    0.0000  -15.0000  -22.500013012.9072   14.2840
    7.5000  -15.0000  -22.500012350.0195   14.3031
   -7.5000   -7.5000  -22.500013350.6787   14.2975
    0.0000   -7.5000  -22.500013749.2129   14.2751
    7.5000   -7.5000  -22.500013036.1465   14.2961
   -7.5000    0.0000  -22.500013987.1367   14.2867
    0.0000    0.0000  -22.500014421.9287   14.2694
    7.5000    0.0000  -22.500013668.4834   14.2896
   -7.5000    7.5000  -22.500013503.2090   14.2829
    0.0000    7.5000  -22.500013916.7725   14.2730
    7.5000    7.5000  -22.500013196.4434   14.2896
   -7.5000   15.0000  -22.500012757.8008   14.2890
    0.0000   15.0000  -22.500013163.5684   14.2814
    7.5000   15.0000  -22.500012462.7109   14.2954
   -7.5000   22.5000  -22.500011944.9180   14.2955
    0.0000   22.5000  -22.500012346.8350   14.2823
    7.5000   22.5000  -22.500011707.3242   14.2980
   -7.5000   30.0000  -22.500010887.3662   14.1175
    0.0000   30.0000  -22.500011279.3672   14.0971
    7.5000   30.0000  -22.500010707.2061   14.1160
   -7.5000   37.5000  -22.500010230.8486   14.1105
    0.0000   37.5000  -22.500010591.8311   14.0884
    7.5000   37.5000  -22.500010042.5146   14.1091
   -7.5000   45.0000  -22.5000 9329.2783   13.7588
    0.0000   45.0000  -22.5000 9629.0518   13.7422
    7.5000   45.0000  -22.5000 9112.9580   13.7616
   -7.5000  -45.0000  -15.000010492.2188   14.6311
    0.0000  -45.0000  -15.000010796.1426   14.6130
    7.5000  -45.0000  -15.000010216.7461   14.6368
   -7.5000  -37.5000  -15.000011072.5254   14.6087
    0.0000  -37.5000  -15.000011412.1816   14.5988
    7.5000  -37.5000  -15.000010787.5947   14.6208
   -7.5000  -30.0000  -15.000012011.6855   14.6093
    0.0000  -30.0000  -15.000012375.5576   14.6032
    7.5000  -30.0000  -15.000011698.6533   14.6245
   -7.5000  -22.5000  -15.000012858.6299   14.6238
    0.0000  -22.5000  -15.000013252.4697   14.6128
    7.5000  -22.5000  -15.000012548.3711   14.6356
   -7.5000  -15.0000  -15.000013638.4033   14.6369
    0.0000  -15.0000  -15.000014039.4609   14.6174
    7.5000  -15.0000  -15.000013305.6455   14.6419
   -7.5000   -7.5000  -15.000014406.8154   14.6345
    0.0000   -7.5000  -15.000014813.1641   14.6119
    7.5000   -7.5000  -15.000014019.5273   14.6367
   -7.5000    0.0000  -15.000015100.5205   14.6209
    0.0000    0.0000  -15.000015529.6719   14.6029
    7.5000    0.0000  -15.000014706.6504   14.6267
   -7.5000    7.5000  -15.000014554.8115   14.6087
    0.0000    7.5000  -15.000014986.3252   14.5988
    7.5000    7.5000  -15.000014184.0752   14.6208
   -7.5000   15.0000  -15.000013701.8262   14.6093
    0.0000   15.0000  -15.000014144.0010   14.6032
    7.5000   15.0000  -15.000013389.4609   14.6245
   -7.5000   22.5000  -15.000012866.5195   14.6187
    0.0000   22.5000  -15.000013281.5635   14.6076
    7.5000   22.5000  -15.000012589.4160   14.6304
   -7.5000   30.0000  -15.000011730.3291   14.4474
    0.0000   30.0000  -15.000012130.0537   14.4282
    7.5000   30.0000  -15.000011497.5811   14.4524
   -7.5000   37.5000  -15.000010974.2588   14.4451
    0.0000   37.5000  -15.000011378.6045   14.4228
    7.5000   37.5000  -15.000010796.4443   14.4473
   -7.5000   45.0000  -15.0000 9984.8770   14.0892
    0.0000   45.0000  -15.000010325.1367   14.0718
    7.5000   45.0000  -15.0000 9775.9639   14.0947
   -7.5000  -45.0000   -7.500011326.1914   14.8075
    0.0000  -45.0000   -7.500011673.4141   14.7904
    7.5000  -45.0000   -7.500011031.7969   14.8180
   -7.5000  -37.5000   -7.500011960.4980   14.7813
    0.0000  -37.5000   -7.500012327.9160   14.7715
    7.5000  -37.5000   -7.500011645.4531   14.7988
   -7.5000  -30.0000   -7.500012954.5654   14.7764
    0.0000  -30.0000   -7.500013353.5420   14.7700
    7.5000  -30.0000   -7.500012620.5596   14.7978
   -7.5000  -22.5000   -7.500013860.2100   14.7895
    0.0000  -22.5000   -7.500014287.9932   14.7786
    7.5000  -22.5000   -7.500013525.9971   14.8072
   -7.5000  -15.0000   -7.500014701.9766   14.8052
    0.0000  -15.0000   -7.500015121.7422   14.7869
    7.5000  -15.0000   -7.500014326.5127   14.8156
   -7.5000   -7.5000   -7.500015496.3213   14.8080
    0.0000   -7.5000   -7.500015949.3252   14.7867
    7.5000   -7.5000   -7.500015076.7119   14.8150
   -7.5000    0.0000   -7.500016245.2812   14.7972
    0.0000    0.0000   -7.500016736.9043   14.7800
    7.5000    0.0000   -7.500015825.1963   14.8076
   -7.5000    7.5000   -7.500015686.5186   14.7813
    0.0000    7.5000   -7.500016170.6504   14.7715
    7.5000    7.5000   -7.500015273.8789   14.7988
   -7.5000   15.0000   -7.500014727.3711   14.7764
    0.0000   15.0000   -7.500015201.0146   14.7700
    7.5000   15.0000   -7.500014363.6045   14.7978
   -7.5000   22.5000   -7.500013811.7520   14.7826
    0.0000   22.5000   -7.500014258.4209   14.7718
    7.5000   22.5000   -7.500013472.9414   14.8003
   -7.5000   30.0000   -7.500012598.0059   14.6133
    0.0000   30.0000   -7.500013035.3398   14.5951
    7.5000   30.0000   -7.500012312.3535   14.6235
   -7.5000   37.5000   -7.500011797.0537   14.6160
    0.0000   37.5000   -7.500012219.4854   14.5949
    7.5000   37.5000   -7.500011569.8613   14.6229
   -7.5000   45.0000   -7.500010677.2930   14.2617
    0.0000   45.0000   -7.500011072.6445   14.2451
    7.5000   45.0000   -7.500010487.4863   14.2717
   -7.5000  -45.0000    0.000012077.7861   14.8464
    0.0000  -45.0000    0.000012467.6680   14.8312
    7.5000  -45.0000    0.000011806.3916   14.8599
   -7.5000  -37.5000    0.000012783.1689   14.8247
    0.0000  -37.5000    0.000013188.1162   14.8154
    7.5000  -37.5000    0.000012454.9775   14.8434
   -7.5000  -30.0000    0.000013847.0312   14.8203
    0.0000  -30.0000    0.000014275.4863   14.8127
    7.5000  -30.0000    0.000013492.5215   14.8405
   -7.5000  -22.5000    0.000014799.6484   14.8291
    0.0000  -22.5000    0.000015241.1445   14.8172
    7.5000  -22.5000    0.000014434.6055   14.8454
   -7.5000  -15.0000    0.000015662.1162   14.8400
    0.0000  -15.0000    0.000016142.2236   14.8219
    7.5000  -15.0000    0.000015269.9209   14.8504
   -7.5000   -7.5000    0.000016506.1074   14.8425
    0.0000   -7.5000    0.000017030.4238   14.8228
    7.5000   -7.5000    0.000016076.0820   14.8516
   -7.5000    0.0000    0.000017326.6816   14.8360
    0.0000    0.0000    0.000017888.4082   14.8207
    7.5000    0.0000    0.000016854.3574   14.8495
   -7.5000    7.5000    0.000016715.9473   14.8247
    0.0000    7.5000    0.000017260.0645   14.8154
    7.5000    7.5000    0.000016236.9688   14.8434
   -7.5000   15.0000    0.000015684.0557   14.8203
    0.0000   15.0000    0.000016202.0732   14.8127
    7.5000   15.0000    0.000015249.7852   14.8405
   -7.5000   22.5000    0.000014653.3145   14.8223
    0.0000   22.5000    0.000015144.6553   14.8103
    7.5000   22.5000    0.000014269.5801   14.8385
   -7.5000   30.0000    0.000013371.3389   14.6479
    0.0000   30.0000    0.000013846.4316   14.6300
    7.5000   30.0000    0.000013072.3525   14.6582
   -7.5000   37.5000    0.000012567.9385   14.6504
    0.0000   37.5000    0.000013026.4512   14.6309
    7.5000   37.5000    0.000012308.3359   14.6594
   -7.5000   45.0000    0.000011378.4336   14.3002
    0.0000   45.0000    0.000011781.7139   14.2855
    7.5000   45.0000    0.000011153.8516   14.3132
   -7.5000  -45.0000    7.500011936.2451   14.8493
    0.0000  -45.0000    7.500012327.7598   14.8349
    7.5000  -45.0000    7.500011662.1855   14.8610
   -7.5000  -37.5000    7.500012635.8516   14.8364
    0.0000  -37.5000    7.500013041.8574   14.8275
    7.5000  -37.5000    7.500012305.0156   14.8509
   -7.5000  -30.0000    7.500013727.5264   14.8383
    0.0000  -30.0000    7.500014102.2520   14.8298
    7.5000  -30.0000    7.500013304.7822   14.8513
   -7.5000  -22.5000    7.500014660.7490   14.8442
    0.0000  -22.5000    7.500015026.8135   14.8303
    7.5000  -22.5000    7.500014206.8584   14.8527
   -7.5000  -15.0000    7.500015434.3252   14.8467
    0.0000  -15.0000    7.500015877.9111   14.8272
    7.5000  -15.0000    7.500015000.8574   14.8515
   -7.5000   -7.5000    7.500016265.3486   14.8435
    0.0000   -7.5000    7.500016749.6855   14.8238
    7.5000   -7.5000    7.500015823.4043   14.8498
   -7.5000    0.0000    7.500017079.6758   14.8389
    0.0000    0.0000    7.500017609.5508   14.8245
    7.5000    0.0000    7.500016588.3477   14.8506
   -7.5000    7.5000    7.500016486.4980   14.8364
    0.0000    7.5000    7.500016984.1719   14.8275
    7.5000    7.5000    7.500015976.0107   14.8509
   -7.5000   15.0000    7.500015456.2549   14.8383
    0.0000   15.0000    7.500015930.7402   14.8298
    7.5000   15.0000    7.500014992.4941   14.8513
   -7.5000   22.5000    7.500014400.5332   14.8373
    0.0000   22.5000    7.500014855.9541   14.8235
    7.5000   22.5000    7.500013995.9580   14.8459
   -7.5000   30.0000    7.500013142.8018   14.6546
    0.0000   30.0000    7.500013610.9355   14.6353
    7.5000   30.0000    7.500012832.0889   14.6593
   -7.5000   37.5000    7.500012364.8760   14.6514
    0.0000   37.5000    7.500012841.1260   14.6319
    7.5000   37.5000    7.500012101.1172   14.6576
   -7.5000   45.0000    7.500011214.4697   14.3030
    0.0000   45.0000    7.500011632.5918   14.2891
    7.5000   45.0000    7.500010963.6699   14.3142
   -7.5000  -45.0000   15.000011666.9727   14.8443
    0.0000  -45.0000   15.000012053.6523   14.8282
    7.5000  -45.0000   15.000011399.9639   14.8503
   -7.5000  -37.5000   15.000012306.8779   14.8356
    0.0000  -37.5000   15.000012717.9229   14.8258
    7.5000  -37.5000   15.000012012.7568   14.8436
   -7.5000  -30.0000   15.000013383.4600   14.8428
    0.0000  -30.0000   15.000013757.3330   14.8335
    7.5000  -30.0000   15.000012967.5254   14.8480
   -7.5000  -22.5000   15.000014458.7939   14.8492
    0.0000  -22.5000   15.000014804.2480   14.8340
    7.5000  -22.5000   15.000013839.8564   14.8501
   -7.5000  -15.0000   15.000015253.5352   14.8483
    0.0000  -15.0000   15.000015706.1709   14.8268
    7.5000  -15.0000   15.000014666.2148   14.8464
   -7.5000   -7.5000   15.000016054.9639   14.8403
    0.0000   -7.5000   15.000016528.2402   14.8185
    7.5000   -7.5000   15.000015518.0615   14.8408
   -7.5000    0.0000   15.000016835.6035   14.8340
    0.0000    0.0000   15.000017316.6289   14.8180
    7.5000    0.0000   15.000016258.4199   14.8400
   -7.5000    7.5000   15.000016193.5156   14.8356
    0.0000    7.5000   15.000016637.5371   14.8258
    7.5000    7.5000   15.000015629.3115   14.8436
   -7.5000   15.0000   15.000015144.6719   14.8428
    0.0000   15.0000   15.000015572.8672   14.8335
    7.5000   15.0000   15.000014657.5459   14.8480
   -7.5000   22.5000   15.000014033.3984   14.8424
    0.0000   22.5000   15.000014469.5840   14.8271
    7.5000   22.5000   15.000013620.7822   14.8433
   -7.5000   30.0000   15.000012788.9922   14.6561
    0.0000   30.0000   15.000013236.0537   14.6349
    7.5000   30.0000   15.000012473.0771   14.6542
   -7.5000   37.5000   15.000012027.6680   14.6483
    0.0000   37.5000   15.000012493.4258   14.6268
    7.5000   37.5000   15.000011759.5371   14.6487
   -7.5000   45.0000   15.000010926.9834   14.2983
    0.0000   45.0000   15.000011343.0693   14.2828
    7.5000   45.0000   15.000010657.5957   14.3040
   -7.5000  -45.0000   22.500011333.4248   14.8395
    0.0000  -45.0000   22.500011697.9785   14.8218
    7.5000  -45.0000   22.500010994.6533   14.8429
   -7.5000  -37.5000   22.500011928.8574   14.8256
    0.0000  -37.5000   22.500012338.3574   14.8154
    7.5000  -37.5000   22.500011608.9385   14.8328
   -7.5000  -30.0000   22.500012905.9209   14.8319
    0.0000  -30.0000   22.500013351.9873   14.8242
    7.5000  -30.0000   22.500012558.1436   14.8388
   -7.5000  -22.5000   22.500014002.6162   14.8431
    0.0000  -22.5000   22.500014413.9961   14.8295
    7.5000  -22.5000   22.500013387.4521   14.8460
   -7.5000  -15.0000   22.500014919.4609   14.8478
    0.0000  -15.0000   22.500015272.4277   14.8265
    7.5000  -15.0000   22.500014180.6025   14.8465
   -7.5000   -7.5000   22.500015724.1318   14.8404
    0.0000   -7.5000   22.500016029.7979   14.8173
    7.5000   -7.5000   22.500014987.3750   14.8392
   -7.5000    0.0000   22.500016389.1797   14.8293
    0.0000    0.0000   22.500016713.9023   14.8115
    7.5000    0.0000   22.500015661.3516   14.8327
   -7.5000    7.5000   22.500015668.8252   14.8256
    0.0000    7.5000   22.500016045.3906   14.8154
    7.5000    7.5000   22.500015059.3867   14.8328
   -7.5000   15.0000   22.500014594.3955   14.8319
    0.0000   15.0000   22.500015013.5039   14.8242
    7.5000   15.0000   22.500014113.2031   14.8388
   -7.5000   22.5000   22.500013481.6484   14.8362
    0.0000   22.5000   22.500013924.8066   14.8226
    7.5000   22.5000   22.500013078.5684   14.8392
   -7.5000   30.0000   22.500012290.8027   14.6557
    0.0000   30.0000   22.500012752.3438   14.6346
    7.5000   30.0000   22.500011983.4648   14.6543
   -7.5000   37.5000   22.500011575.9912   14.6484
    0.0000   37.5000   22.500012053.2852   14.6255
    7.5000   37.5000   22.500011335.4814   14.6472
   -7.5000   45.0000   22.500010516.4854   14.2938
    0.0000   45.0000   22.500010938.6006   14.2766
    7.5000   45.0000   22.500010274.1826   14.2970
   -7.5000  -45.0000   30.000010740.3105   14.8503
    0.0000  -45.0000   30.000011100.5234   14.8322
    7.5000  -45.0000   30.000010417.1299   14.8565
   -7.5000  -37.5000   30.000011341.2764   14.8277
    0.0000  -37.5000   30.000011715.2822   14.8179
    7.5000  -37.5000   30.000010990.6807   14.8403
   -7.5000  -30.0000   30.000012274.0654   14.8284
    0.0000  -30.0000   30.000012705.3467   14.8225
    7.5000  -30.0000   30.000011899.4600   14.8442
   -7.5000  -22.5000   30.000013176.5020   14.8430
    0.0000  -22.5000   30.000013583.1729   14.8322
    7.5000  -22.5000   30.000012679.2803   14.8554
   -7.5000  -15.0000   30.000013952.1562   14.8561
    0.0000  -15.0000   30.000014314.2900   14.8367
    7.5000  -15.0000   30.000013400.0098   14.8617
   -7.5000   -7.5000   30.000014745.7705   14.8537
    0.0000   -7.5000   30.000015122.9727   14.8310
    7.5000   -7.5000   30.000014155.7129   14.8563
   -7.5000    0.0000   30.000015437.4912   14.8400
    0.0000    0.0000   30.000015833.5469   14.8219
    7.5000    0.0000   30.000014816.0283   14.8462
   -7.5000    7.5000   30.000014801.7363   14.8277
    0.0000    7.5000   30.000015245.7441   14.8179
    7.5000    7.5000   30.000014285.6064   14.8403
   -7.5000   15.0000   30.000013823.5801   14.8284
    0.0000   15.0000   30.000014298.7354   14.8225
    7.5000   15.0000   30.000013413.3447   14.8442
   -7.5000   22.5000   30.000012791.8799   14.8362
    0.0000   22.5000   30.000013251.2441   14.8253
    7.5000   22.5000   30.000012425.9727   14.8486
   -7.5000   30.0000   30.000011685.2734   14.6639
    0.0000   30.0000   30.000012126.2100   14.6446
    7.5000   30.0000   30.000011367.5996   14.6693
   -7.5000   37.5000   30.000010989.3955   14.6614
    0.0000   37.5000   30.000011430.6846   14.6391
    7.5000   37.5000   30.000010728.4531   14.6641
   -7.5000   45.0000   30.0000 9947.8623   14.3040
    0.0000   45.0000   30.000010351.8164   14.2866
    7.5000   45.0000   30.0000 9707.2910   14.3100
   -7.5000  -45.0000   37.500010377.0615   14.8877
    0.0000  -45.0000   37.500010702.5479   14.8705
    7.5000  -45.0000   37.500010069.3750   14.8981
   -7.5000  -37.5000   37.500010956.7910   14.8615
    0.0000  -37.5000   37.500011315.4893   14.8517
    7.5000  -37.5000   37.500010635.9521   14.8790
   -7.5000  -30.0000   37.500011905.8154   14.8564
    0.0000  -30.0000   37.500012332.0459   14.8501
    7.5000  -30.0000   37.500011560.5117   14.8779
   -7.5000  -22.5000   37.500012758.5566   14.8692
    0.0000  -22.5000   37.500013167.7041   14.8585
    7.5000  -22.5000   37.500012366.4336   14.8870
   -7.5000  -15.0000   37.500013464.8975   14.8849
    0.0000  -15.0000   37.500013884.3730   14.8665
    7.5000  -15.0000   37.500013073.3896   14.8952
   -7.5000   -7.5000   37.500014200.9707   14.8878
    0.0000   -7.5000   37.500014649.3545   14.8665
    7.5000   -7.5000   37.500013781.2090   14.8947
   -7.5000    0.0000   37.500014861.3770   14.8772
    0.0000    0.0000   37.500015331.8203   14.8601
    7.5000    0.0000   37.500014410.6777   14.8876
   -7.5000    7.5000   37.500014341.8975   14.8615
    0.0000    7.5000   37.500014796.5908   14.8517
    7.5000    7.5000   37.500013929.3643   14.8790
   -7.5000   15.0000   37.500013471.1973   14.8564
    0.0000   15.0000   37.500013901.2188   14.8501
    7.5000   15.0000   37.500013107.4727   14.8779
   -7.5000   22.5000   37.500012454.6055   14.8624
    0.0000   22.5000   37.500012864.9180   14.8516
    7.5000   22.5000   37.500012128.3818   14.8802
   -7.5000   30.0000   37.500011384.3057   14.6922
    0.0000   30.0000   37.500011772.8330   14.6741
    7.5000   30.0000   37.500011078.5508   14.7024
   -7.5000   37.5000   37.500010719.7627   14.6951
    0.0000   37.5000   37.500011092.8398   14.6741
    7.5000   37.5000   37.500010441.6016   14.7019
   -7.5000   45.0000   37.5000 9681.9258   14.3399
    0.0000   45.0000   37.500010031.3896   14.3234
    7.5000   45.0000   37.5000 9418.3721   14.3499
   -7.5000  -45.0000   45.0000 9512.9434   14.9339
    0.0000  -45.0000   45.0000 9844.5957   14.9181
    7.5000  -45.0000   45.0000 9262.0967   14.9467
   -7.5000  -37.5000   45.000010069.7041   14.9118
    0.0000  -37.5000   45.000010438.0518   14.9022
    7.5000  -37.5000   45.0000 9813.2744   14.9300
   -7.5000  -30.0000   45.000010968.6602   14.9068
    0.0000  -30.0000   45.000011368.3154   14.8991
    7.5000  -30.0000   45.000010683.8359   14.9267
   -7.5000  -22.5000   45.000011747.6084   14.9152
    0.0000  -22.5000   45.000012127.8750   14.9031
    7.5000  -22.5000   45.000011443.4580   14.9312
   -7.5000  -15.0000   45.000012422.5674   14.9262
    0.0000  -15.0000   45.000012822.0977   14.9077
    7.5000  -15.0000   45.000012113.2520   14.9362
   -7.5000   -7.5000   45.000013102.5518   14.9292
    0.0000   -7.5000   45.000013513.4854   14.9091
    7.5000   -7.5000   45.000012756.1250   14.9378
   -7.5000    0.0000   45.000013695.4590   14.9232
    0.0000    0.0000   45.000014087.4180   14.9075
    7.5000    0.0000   45.000013319.5068   14.9360
   -7.5000    7.5000   45.000013243.1592   14.9118
    0.0000    7.5000   45.000013610.2500   14.9022
    7.5000    7.5000   45.000012879.3926   14.9300
   -7.5000   15.0000   45.000012464.1406   14.9068
    0.0000   15.0000   45.000012824.7793   14.8991
    7.5000   15.0000   45.000012135.1182   14.9267
   -7.5000   22.5000   45.000011527.0215   14.9082
    0.0000   22.5000   45.000011869.1719   14.8961
    7.5000   22.5000   45.000011233.8184   14.9243
   -7.5000   30.0000   45.000010559.5674   14.7317
    0.0000   30.0000   45.000010874.0342   14.7135
    7.5000   30.0000   45.000010270.4805   14.7416
   -7.5000   37.5000   45.0000 9937.0615   14.7347
    0.0000   37.5000   45.000010239.7158   14.7148
    7.5000   37.5000   45.0000 9667.9980   14.7432
   -7.5000   45.0000   45.0000 8958.8711   14.3908
    0.0000   45.0000   45.0000 9239.1807   14.3756
    7.5000   45.0000   45.0000 8698.0439   14.4032

---------------------------------------------------------------------
imgreg_4dfp /opt/freesurfer/average/711-2C_as_mni_average_305 /opt/freesurfer/average/711-2B_as_mni_average_305_mask talsrcimg_g11 none talsrcimg_to_711-2C_as_mni_average_305_t4 4355
---------------------------------------------------------------------

freesurfer imgreg_4dfp.c
/opt/freesurfer/average/711-2C_as_mni_average_305.4dfp.img
       256       256       256         1
  1.000000  1.000000  1.000000
orientation T byte_order littleendian
Reading image: /opt/freesurfer/average/711-2C_as_mni_average_305.4dfp.img
dimensions:      256       256       256
mmppix:       1.0000   -1.0000   -1.0000
center:     128.0000 -129.0000 -129.0000
/opt/freesurfer/average/711-2B_as_mni_average_305_mask.4dfp.img
       256       256       256         1
  1.000000  1.000000  1.000000
orientation T byte_order littleendian
Reading mask: /opt/freesurfer/average/711-2B_as_mni_average_305_mask.4dfp.img (2306576 pixels)
talsrcimg_g11.4dfp.img
       256       256       256         1
  1.000000  1.000000  1.000000
orientation T byte_order littleendian
Reading image: talsrcimg_g11.4dfp.img
dimensions:      256       256       256
mmppix:       1.0000   -1.0000   -1.0000
center:     128.0000 -129.0000 -129.0000
rotation matrix determinant  1.000000
image alignment mode   4355 decimal     1103 hex
   -7.5000  -45.0000  -45.0000 2101.1106   16.7064
    0.0000  -45.0000  -45.0000 2088.7639   16.7629
    7.5000  -45.0000  -45.0000 2065.1321   17.1005
   -7.5000  -37.5000  -45.0000 2173.6904   15.4739
    0.0000  -37.5000  -45.0000 2161.3384   15.5445
    7.5000  -37.5000  -45.0000 2138.9226   15.8521
   -7.5000  -30.0000  -45.0000 2212.4680   14.6097
    0.0000  -30.0000  -45.0000 2206.4055   14.6869
    7.5000  -30.0000  -45.0000 2184.3286   14.9960
   -7.5000  -22.5000  -45.0000 2234.3779   14.0580
    0.0000  -22.5000  -45.0000 2225.3254   14.1765
    7.5000  -22.5000  -45.0000 2202.5369   14.5380
   -7.5000  -15.0000  -45.0000 2236.9536   13.9451
    0.0000  -15.0000  -45.0000 2225.7288   14.0688
    7.5000  -15.0000  -45.0000 2197.0435   14.4345
   -7.5000   -7.5000  -45.0000 2215.7834   14.1496
    0.0000   -7.5000  -45.0000 2205.1133   14.2681
    7.5000   -7.5000  -45.0000 2178.5339   14.6593
   -7.5000    0.0000  -45.0000 2186.8032   14.6099
    0.0000    0.0000  -45.0000 2172.7939   14.7543
    7.5000    0.0000  -45.0000 2147.8445   15.1712
   -7.5000    7.5000  -45.0000 2136.6289   15.4080
    0.0000    7.5000  -45.0000 2128.1418   15.4763
    7.5000    7.5000  -45.0000 2105.5864   15.9263
   -7.5000   15.0000  -45.0000 2075.7332   16.4757
    0.0000   15.0000  -45.0000 2066.3630   16.5336
    7.5000   15.0000  -45.0000 2044.5768   16.9942
   -7.5000   22.5000  -45.0000 1996.4727   17.9004
    0.0000   22.5000  -45.0000 1988.5017   17.9396
    7.5000   22.5000  -45.0000 1966.6631   18.4709
   -7.5000   30.0000  -45.0000 1898.7697   19.8106
    0.0000   30.0000  -45.0000 1893.3524   19.8851
    7.5000   30.0000  -45.0000 1873.9846   20.4461
   -7.5000   37.5000  -45.0000 1797.1396   22.3320
    0.0000   37.5000  -45.0000 1786.9042   22.4801
    7.5000   37.5000  -45.0000 1765.7686   23.0760
   -7.5000   45.0000  -45.0000 1679.0643   25.6594
    0.0000   45.0000  -45.0000 1672.6479   25.8690
    7.5000   45.0000  -45.0000 1648.5862   26.5222
   -7.5000  -45.0000  -37.5000 2178.2471   15.5452
    0.0000  -45.0000  -37.5000 2167.2390   15.5903
    7.5000  -45.0000  -37.5000 2147.9106   15.8744
   -7.5000  -37.5000  -37.5000 2259.4719   14.3867
    0.0000  -37.5000  -37.5000 2251.7180   14.4333
    7.5000  -37.5000  -37.5000 2230.4736   14.7062
   -7.5000  -30.0000  -37.5000 2308.7161   13.5139
    0.0000  -30.0000  -37.5000 2300.5325   13.5972
    7.5000  -30.0000  -37.5000 2283.1091   13.8695
   -7.5000  -22.5000  -37.5000 2328.9919   13.0082
    0.0000  -22.5000  -37.5000 2321.4548   13.1001
    7.5000  -22.5000  -37.5000 2305.4719   13.3803
   -7.5000  -15.0000  -37.5000 2335.3442   12.8091
    0.0000  -15.0000  -37.5000 2326.1531   12.9170
    7.5000  -15.0000  -37.5000 2306.2312   13.2268
   -7.5000   -7.5000  -37.5000 2320.6543   12.9292
    0.0000   -7.5000  -37.5000 2310.7561   13.0418
    7.5000   -7.5000  -37.5000 2289.8416   13.3666
   -7.5000    0.0000  -37.5000 2295.9500   13.2893
    0.0000    0.0000  -37.5000 2280.5269   13.4299
    7.5000    0.0000  -37.5000 2259.3645   13.7915
   -7.5000    7.5000  -37.5000 2243.6694   14.0053
    0.0000    7.5000  -37.5000 2231.9258   14.0822
    7.5000    7.5000  -37.5000 2209.0986   14.4791
   -7.5000   15.0000  -37.5000 2177.4004   14.9731
    0.0000   15.0000  -37.5000 2166.7788   15.0621
    7.5000   15.0000  -37.5000 2143.4224   15.4381
   -7.5000   22.5000  -37.5000 2095.8010   16.3023
    0.0000   22.5000  -37.5000 2085.5706   16.3306
    7.5000   22.5000  -37.5000 2062.6494   16.7670
   -7.5000   30.0000  -37.5000 1996.5143   18.0388
    0.0000   30.0000  -37.5000 1985.3746   18.0468
    7.5000   30.0000  -37.5000 1963.9639   18.5021
   -7.5000   37.5000  -37.5000 1883.0332   20.3197
    0.0000   37.5000  -37.5000 1874.4119   20.3352
    7.5000   37.5000  -37.5000 1848.6251   20.8493
   -7.5000   45.0000  -37.5000 1760.2450   23.3097
    0.0000   45.0000  -37.5000 1754.5509   23.3610
    7.5000   45.0000  -37.5000 1723.1011   23.9197
   -7.5000  -45.0000  -30.0000 2302.6018   14.9576
    0.0000  -45.0000  -30.0000 2292.1250   14.9930
    7.5000  -45.0000  -30.0000 2269.6816   15.2580
   -7.5000  -37.5000  -30.0000 2391.1050   13.7913
    0.0000  -37.5000  -30.0000 2380.4946   13.8476
    7.5000  -37.5000  -30.0000 2357.1880   14.0993
   -7.5000  -30.0000  -30.0000 2447.8730   12.9480
    0.0000  -30.0000  -30.0000 2436.6523   13.0261
    7.5000  -30.0000  -30.0000 2415.1169   13.2761
   -7.5000  -22.5000  -30.0000 2476.1016   12.4210
    0.0000  -22.5000  -30.0000 2466.8745   12.5143
    7.5000  -22.5000  -30.0000 2444.2671   12.7518
   -7.5000  -15.0000  -30.0000 2482.9995   12.1894
    0.0000  -15.0000  -30.0000 2476.8489   12.3099
    7.5000  -15.0000  -30.0000 2454.4656   12.5612
   -7.5000   -7.5000  -30.0000 2472.2749   12.2454
    0.0000   -7.5000  -30.0000 2466.2144   12.3593
    7.5000   -7.5000  -30.0000 2442.3281   12.6119
   -7.5000    0.0000  -30.0000 2446.3445   12.5403
    0.0000    0.0000  -30.0000 2435.9878   12.6540
    7.5000    0.0000  -30.0000 2410.6943   12.9307
   -7.5000    7.5000  -30.0000 2396.6809   13.1860
    0.0000    7.5000  -30.0000 2384.2986   13.2738
    7.5000    7.5000  -30.0000 2355.2048   13.5877
   -7.5000   15.0000  -30.0000 2324.6948   14.1175
    0.0000   15.0000  -30.0000 2312.9458   14.2003
    7.5000   15.0000  -30.0000 2285.1589   14.5142
   -7.5000   22.5000  -30.0000 2233.4375   15.3753
    0.0000   22.5000  -30.0000 2221.6172   15.4251
    7.5000   22.5000  -30.0000 2194.3484   15.7854
   -7.5000   30.0000  -30.0000 2122.8008   16.9912
    0.0000   30.0000  -30.0000 2114.8086   17.0113
    7.5000   30.0000  -30.0000 2088.8999   17.3869
   -7.5000   37.5000  -30.0000 2004.7797   19.1290
    0.0000   37.5000  -30.0000 1997.2009   19.0938
    7.5000   37.5000  -30.0000 1972.8094   19.5449
   -7.5000   45.0000  -30.0000 1876.5612   21.8854
    0.0000   45.0000  -30.0000 1870.0864   21.8829
    7.5000   45.0000  -30.0000 1836.0704   22.3478
   -7.5000  -45.0000  -22.5000 2402.7568   14.2628
    0.0000  -45.0000  -22.5000 2391.0256   14.3122
    7.5000  -45.0000  -22.5000 2366.6096   14.5645
   -7.5000  -37.5000  -22.5000 2496.2930   13.0585
    0.0000  -37.5000  -22.5000 2486.8015   13.1423
    7.5000  -37.5000  -22.5000 2459.8027   13.3836
   -7.5000  -30.0000  -22.5000 2561.3479   12.2336
    0.0000  -30.0000  -22.5000 2553.3347   12.3189
    7.5000  -30.0000  -22.5000 2525.2705   12.5446
   -7.5000  -22.5000  -22.5000 2596.6755   11.7320
    0.0000  -22.5000  -22.5000 2587.5835   11.8155
    7.5000  -22.5000  -22.5000 2562.7817   12.0200
   -7.5000  -15.0000  -22.5000 2609.6938   11.4823
    0.0000  -15.0000  -22.5000 2606.0366   11.5643
    7.5000  -15.0000  -22.5000 2580.1655   11.7795
   -7.5000   -7.5000  -22.5000 2606.2871   11.4726
    0.0000   -7.5000  -22.5000 2600.8005   11.5438
    7.5000   -7.5000  -22.5000 2575.3894   11.7666
   -7.5000    0.0000  -22.5000 2575.7131   11.7463
    0.0000    0.0000  -22.5000 2570.3586   11.8190
    7.5000    0.0000  -22.5000 2541.2102   12.0511
   -7.5000    7.5000  -22.5000 2525.4917   12.3168
    0.0000    7.5000  -22.5000 2516.1482   12.3851
    7.5000    7.5000  -22.5000 2486.0212   12.6566
   -7.5000   15.0000  -22.5000 2450.6775   13.1741
    0.0000   15.0000  -22.5000 2440.9717   13.2340
    7.5000   15.0000  -22.5000 2407.4570   13.5204
   -7.5000   22.5000  -22.5000 2350.8975   14.3678
    0.0000   22.5000  -22.5000 2343.4336   14.3834
    7.5000   22.5000  -22.5000 2311.3384   14.6993
   -7.5000   30.0000  -22.5000 2232.9148   15.8995
    0.0000   30.0000  -22.5000 2227.5081   15.9070
    7.5000   30.0000  -22.5000 2202.0293   16.2393
   -7.5000   37.5000  -22.5000 2107.6675   17.8443
    0.0000   37.5000  -22.5000 2101.0222   17.8190
    7.5000   37.5000  -22.5000 2073.5012   18.2517
   -7.5000   45.0000  -22.5000 1976.2996   20.4178
    0.0000   45.0000  -22.5000 1965.5930   20.3598
    7.5000   45.0000  -22.5000 1935.1384   20.8284
   -7.5000  -45.0000  -15.0000 2470.8525   13.5303
    0.0000  -45.0000  -15.0000 2458.0061   13.6442
    7.5000  -45.0000  -15.0000 2432.1670   13.8702
   -7.5000  -37.5000  -15.0000 2569.8987   12.3803
    0.0000  -37.5000  -15.0000 2560.3164   12.4738
    7.5000  -37.5000  -15.0000 2531.2468   12.6933
   -7.5000  -30.0000  -15.0000 2641.7876   11.5197
    0.0000  -30.0000  -15.0000 2632.3015   11.6116
    7.5000  -30.0000  -15.0000 2601.3887   11.8230
   -7.5000  -22.5000  -15.0000 2687.7368   11.0288
    0.0000  -22.5000  -15.0000 2681.4568   11.1073
    7.5000  -22.5000  -15.0000 2653.0786   11.3124
   -7.5000  -15.0000  -15.0000 2709.6794   10.7728
    0.0000  -15.0000  -15.0000 2704.7068   10.8302
    7.5000  -15.0000  -15.0000 2678.9846   11.0369
   -7.5000   -7.5000  -15.0000 2718.6897   10.7323
    0.0000   -7.5000  -15.0000 2714.4407   10.7718
    7.5000   -7.5000  -15.0000 2682.5776   10.9824
   -7.5000    0.0000  -15.0000 2685.4919   11.0076
    0.0000    0.0000  -15.0000 2683.8181   11.0483
    7.5000    0.0000  -15.0000 2649.3142   11.2606
   -7.5000    7.5000  -15.0000 2630.7319   11.5184
    0.0000    7.5000  -15.0000 2625.7065   11.5663
    7.5000    7.5000  -15.0000 2590.6077   11.7947
   -7.5000   15.0000  -15.0000 2548.7937   12.2923
    0.0000   15.0000  -15.0000 2544.9409   12.3498
    7.5000   15.0000  -15.0000 2509.3794   12.6012
   -7.5000   22.5000  -15.0000 2447.8936   13.4153
    0.0000   22.5000  -15.0000 2443.5659   13.4287
    7.5000   22.5000  -15.0000 2409.8777   13.6905
   -7.5000   30.0000  -15.0000 2324.6494   14.8483
    0.0000   30.0000  -15.0000 2320.1636   14.8554
    7.5000   30.0000  -15.0000 2288.4158   15.1379
   -7.5000   37.5000  -15.0000 2181.2520   16.6794
    0.0000   37.5000  -15.0000 2180.0669   16.6688
    7.5000   37.5000  -15.0000 2155.0164   17.0286
   -7.5000   45.0000  -15.0000 2046.6458   19.0176
    0.0000   45.0000  -15.0000 2040.3912   19.0112
    7.5000   45.0000  -15.0000 2008.1974   19.4813
   -7.5000  -45.0000   -7.5000 2513.6121   12.9235
    0.0000  -45.0000   -7.5000 2500.6492   13.0411
    7.5000  -45.0000   -7.5000 2472.5518   13.2908
   -7.5000  -37.5000   -7.5000 2616.2056   11.7916
    0.0000  -37.5000   -7.5000 2605.0327   11.8788
    7.5000  -37.5000   -7.5000 2576.1741   12.1031
   -7.5000  -30.0000   -7.5000 2701.0769   10.9253
    0.0000  -30.0000   -7.5000 2690.5203   11.0112
    7.5000  -30.0000   -7.5000 2658.8091   11.2257
   -7.5000  -22.5000   -7.5000 2761.1047   10.3827
    0.0000  -22.5000   -7.5000 2754.9880   10.4546
    7.5000  -22.5000   -7.5000 2724.3125   10.6709
   -7.5000  -15.0000   -7.5000 2795.7039   10.1252
    0.0000  -15.0000   -7.5000 2786.4075   10.1654
    7.5000  -15.0000   -7.5000 2760.5630   10.3736
   -7.5000   -7.5000   -7.5000 2810.0300   10.0724
    0.0000   -7.5000   -7.5000 2807.8669   10.0938
    7.5000   -7.5000   -7.5000 2768.5559   10.3153
   -7.5000    0.0000   -7.5000 2778.9062   10.3481
    0.0000    0.0000   -7.5000 2779.2224   10.3595
    7.5000    0.0000   -7.5000 2740.9390   10.5736
   -7.5000    7.5000   -7.5000 2724.7922   10.8179
    0.0000    7.5000   -7.5000 2721.4299   10.8460
    7.5000    7.5000   -7.5000 2685.2222   11.0504
   -7.5000   15.0000   -7.5000 2637.0952   11.5484
    0.0000   15.0000   -7.5000 2634.0464   11.5749
    7.5000   15.0000   -7.5000 2598.1055   11.7924
   -7.5000   22.5000   -7.5000 2527.2642   12.5782
    0.0000   22.5000   -7.5000 2521.9365   12.5924
    7.5000   22.5000   -7.5000 2487.5459   12.8191
   -7.5000   30.0000   -7.5000 2395.8982   13.9207
    0.0000   30.0000   -7.5000 2393.0637   13.9207
    7.5000   30.0000   -7.5000 2358.0056   14.1950
   -7.5000   37.5000   -7.5000 2246.7529   15.6760
    0.0000   37.5000   -7.5000 2246.4233   15.6654
    7.5000   37.5000   -7.5000 2217.1699   16.0012
   -7.5000   45.0000   -7.5000 2095.7341   17.8614
    0.0000   45.0000   -7.5000 2093.6641   17.8839
    7.5000   45.0000   -7.5000 2066.3213   18.2805
   -7.5000  -45.0000    0.0000 2526.8999   12.4957
    0.0000  -45.0000    0.0000 2517.2754   12.5992
    7.5000  -45.0000    0.0000 2491.7190   12.8928
   -7.5000  -37.5000    0.0000 2637.4824   11.3625
    0.0000  -37.5000    0.0000 2628.7749   11.4529
    7.5000  -37.5000    0.0000 2600.7158   11.6839
   -7.5000  -30.0000    0.0000 2736.2729   10.5043
    0.0000  -30.0000    0.0000 2724.4412   10.5590
    7.5000  -30.0000    0.0000 2696.9023   10.7828
   -7.5000  -22.5000    0.0000 2813.5925    9.9077
    0.0000  -22.5000    0.0000 2805.2373    9.9603
    7.5000  -22.5000    0.0000 2776.1580   10.1921
   -7.5000  -15.0000    0.0000 2861.4475    9.6121
    0.0000  -15.0000    0.0000 2851.6074    9.6443
    7.5000  -15.0000    0.0000 2822.5129    9.8589
   -7.5000   -7.5000    0.0000 2885.5955    9.5545
    0.0000   -7.5000    0.0000 2880.8706    9.5863
    7.5000   -7.5000    0.0000 2841.7095    9.8114
   -7.5000    0.0000    0.0000 2858.1584    9.8191
    0.0000    0.0000    0.0000 2859.7383    9.8432
    7.5000    0.0000    0.0000 2814.5793   10.0510
   -7.5000    7.5000    0.0000 2802.0632   10.2724
    0.0000    7.5000    0.0000 2801.0881   10.3053
    7.5000    7.5000    0.0000 2754.5879   10.4937
   -7.5000   15.0000    0.0000 2707.8433   10.9881
    0.0000   15.0000    0.0000 2703.6777   11.0123
    7.5000   15.0000    0.0000 2664.3979   11.1989
   -7.5000   22.5000    0.0000 2588.7480   11.9530
    0.0000   22.5000    0.0000 2582.3411   11.9669
    7.5000   22.5000    0.0000 2548.6875   12.1609
   -7.5000   30.0000    0.0000 2448.2253   13.2386
    0.0000   30.0000    0.0000 2440.0645   13.2542
    7.5000   30.0000    0.0000 2411.7839   13.4919
   -7.5000   37.5000    0.0000 2300.9304   14.9059
    0.0000   37.5000    0.0000 2294.3564   14.9326
    7.5000   37.5000    0.0000 2263.0278   15.2323
   -7.5000   45.0000    0.0000 2138.0859   17.0117
    0.0000   45.0000    0.0000 2133.7854   17.0387
    7.5000   45.0000    0.0000 2106.1294   17.3897
   -7.5000  -45.0000    7.5000 2530.6477   12.2335
    0.0000  -45.0000    7.5000 2519.1880   12.3437
    7.5000  -45.0000    7.5000 2495.0037   12.6065
   -7.5000  -37.5000    7.5000 2643.1221   11.0959
    0.0000  -37.5000    7.5000 2633.4412   11.1636
    7.5000  -37.5000    7.5000 2608.5403   11.3975
   -7.5000  -30.0000    7.5000 2746.2104   10.2396
    0.0000  -30.0000    7.5000 2738.8040   10.2667
    7.5000  -30.0000    7.5000 2715.7612   10.4734
   -7.5000  -22.5000    7.5000 2840.3110    9.6435
    0.0000  -22.5000    7.5000 2831.9912    9.6428
    7.5000  -22.5000    7.5000 2807.2141    9.8433
   -7.5000  -15.0000    7.5000 2914.7178    9.2543
    0.0000  -15.0000    7.5000 2894.3459    9.2812
    7.5000  -15.0000    7.5000 2863.9414    9.5052
   -7.5000   -7.5000    7.5000 2946.3374    9.2160
    0.0000   -7.5000    7.5000 2933.0278    9.2528
    7.5000   -7.5000    7.5000 2896.9741    9.4769
   -7.5000    0.0000    7.5000 2923.4175    9.4690
    0.0000    0.0000    7.5000 2917.2900    9.4976
    7.5000    0.0000    7.5000 2873.9644    9.7148
   -7.5000    7.5000    7.5000 2862.3787    9.9230
    0.0000    7.5000    7.5000 2856.1978    9.9521
    7.5000    7.5000    7.5000 2809.7612   10.1355
   -7.5000   15.0000    7.5000 2761.3186   10.6062
    0.0000   15.0000    7.5000 2755.1213   10.6078
    7.5000   15.0000    7.5000 2715.0740   10.7855
   -7.5000   22.5000    7.5000 2632.5159   11.5430
    0.0000   22.5000    7.5000 2625.0198   11.5495
    7.5000   22.5000    7.5000 2592.1030   11.7432
   -7.5000   30.0000    7.5000 2484.2361   12.7725
    0.0000   30.0000    7.5000 2477.9558   12.7816
    7.5000   30.0000    7.5000 2453.3674   13.0398
   -7.5000   37.5000    7.5000 2331.8184   14.3632
    0.0000   37.5000    7.5000 2326.2878   14.4004
    7.5000   37.5000    7.5000 2302.2412   14.6968
   -7.5000   45.0000    7.5000 2170.4983   16.4028
    0.0000   45.0000    7.5000 2161.3889   16.4547
    7.5000   45.0000    7.5000 2139.2781   16.8004
   -7.5000  -45.0000   15.0000 2515.2241   12.1267
    0.0000  -45.0000   15.0000 2505.8674   12.1998
    7.5000  -45.0000   15.0000 2491.6902   12.4510
   -7.5000  -37.5000   15.0000 2629.7007   10.9596
    0.0000  -37.5000   15.0000 2621.6899   11.0126
    7.5000  -37.5000   15.0000 2604.3982   11.2467
   -7.5000  -30.0000   15.0000 2736.3152   10.0772
    0.0000  -30.0000   15.0000 2730.2415   10.1165
    7.5000  -30.0000   15.0000 2716.9744   10.3302
   -7.5000  -22.5000   15.0000 2838.6531    9.5415
    0.0000  -22.5000   15.0000 2831.2432    9.5278
    7.5000  -22.5000   15.0000 2818.2764    9.6816
   -7.5000  -15.0000   15.0000 2935.5417    9.2250
    0.0000  -15.0000   15.0000 2918.4707    9.2024
    7.5000  -15.0000   15.0000 2886.4619    9.3706
   -7.5000   -7.5000   15.0000 2988.8784    9.0933
    0.0000   -7.5000   15.0000 2968.3552    9.1554
    7.5000   -7.5000   15.0000 2932.1472    9.3412
   -7.5000    0.0000   15.0000 2967.6863    9.3290
    0.0000    0.0000   15.0000 2957.7114    9.3465
    7.5000    0.0000   15.0000 2913.1201    9.5491
   -7.5000    7.5000   15.0000 2894.0173    9.7795
    0.0000    7.5000   15.0000 2885.6675    9.7844
    7.5000    7.5000   15.0000 2846.2781    9.9580
   -7.5000   15.0000   15.0000 2786.9900   10.3938
    0.0000   15.0000   15.0000 2781.7571   10.4040
    7.5000   15.0000   15.0000 2748.6973   10.5857
   -7.5000   22.5000   15.0000 2651.1321   11.2812
    0.0000   22.5000   15.0000 2648.2717   11.2997
    7.5000   22.5000   15.0000 2622.6641   11.5016
   -7.5000   30.0000   15.0000 2499.2141   12.4636
    0.0000   30.0000   15.0000 2495.7349   12.5142
    7.5000   30.0000   15.0000 2478.9346   12.7515
   -7.5000   37.5000   15.0000 2341.9773   14.0620
    0.0000   37.5000   15.0000 2340.3855   14.0982
    7.5000   37.5000   15.0000 2322.9290   14.3661
   -7.5000   45.0000   15.0000 2181.9707   16.1093
    0.0000   45.0000   15.0000 2175.8135   16.1036
    7.5000   45.0000   15.0000 2156.8113   16.4308
   -7.5000  -45.0000   22.5000 2490.0203   12.2654
    0.0000  -45.0000   22.5000 2483.2163   12.3010
    7.5000  -45.0000   22.5000 2477.0034   12.5076
   -7.5000  -37.5000   22.5000 2606.9080   11.0606
    0.0000  -37.5000   22.5000 2603.6892   11.0875
    7.5000  -37.5000   22.5000 2595.7781   11.2774
   -7.5000  -30.0000   22.5000 2720.2732   10.1399
    0.0000  -30.0000   22.5000 2716.9233   10.1538
    7.5000  -30.0000   22.5000 2711.3579   10.3630
   -7.5000  -22.5000   22.5000 2827.5896    9.5784
    0.0000  -22.5000   22.5000 2823.4651    9.5466
    7.5000  -22.5000   22.5000 2815.0657    9.7191
   -7.5000  -15.0000   22.5000 2931.0891    9.3041
    0.0000  -15.0000   22.5000 2922.3474    9.2633
    7.5000  -15.0000   22.5000 2896.0881    9.3917
   -7.5000   -7.5000   22.5000 2994.8340    9.2269
    0.0000   -7.5000   22.5000 2980.4399    9.1785
    7.5000   -7.5000   22.5000 2941.1150    9.3620
   -7.5000    0.0000   22.5000 2981.9731    9.3889
    0.0000    0.0000   22.5000 2965.7212    9.3454
    7.5000    0.0000   22.5000 2924.3533    9.5560
   -7.5000    7.5000   22.5000 2899.3965    9.7580
    0.0000    7.5000   22.5000 2892.3306    9.7540
    7.5000    7.5000   22.5000 2856.4543    9.9459
   -7.5000   15.0000   22.5000 2788.8203   10.3151
    0.0000   15.0000   22.5000 2787.0947   10.3434
    7.5000   15.0000   22.5000 2756.1794   10.5492
   -7.5000   22.5000   22.5000 2652.9541   11.1886
    0.0000   22.5000   22.5000 2654.4253   11.2375
    7.5000   22.5000   22.5000 2632.1738   11.4511
   -7.5000   30.0000   22.5000 2500.0376   12.4031
    0.0000   30.0000   22.5000 2501.4133   12.4582
    7.5000   30.0000   22.5000 2484.0420   12.7027
   -7.5000   37.5000   22.5000 2341.3848   13.9785
    0.0000   37.5000   22.5000 2344.2939   14.0219
    7.5000   37.5000   22.5000 2327.4854   14.2959
   -7.5000   45.0000   22.5000 2179.2769   15.9637
    0.0000   45.0000   22.5000 2176.1836   16.0196
    7.5000   45.0000   22.5000 2160.7207   16.3175
   -7.5000  -45.0000   30.0000 2455.1787   12.6720
    0.0000  -45.0000   30.0000 2449.3757   12.6628
    7.5000  -45.0000   30.0000 2445.0044   12.8344
   -7.5000  -37.5000   30.0000 2572.5046   11.4449
    0.0000  -37.5000   30.0000 2569.3079   11.4118
    7.5000  -37.5000   30.0000 2565.5825   11.5676
   -7.5000  -30.0000   30.0000 2689.5073   10.4903
    0.0000  -30.0000   30.0000 2686.6248   10.4390
    7.5000  -30.0000   30.0000 2682.6616   10.6166
   -7.5000  -22.5000   30.0000 2798.3066    9.8555
    0.0000  -22.5000   30.0000 2795.5859    9.8161
    7.5000  -22.5000   30.0000 2789.5447    9.9763
   -7.5000  -15.0000   30.0000 2898.0884    9.4931
    0.0000  -15.0000   30.0000 2890.0173    9.4425
    7.5000  -15.0000   30.0000 2870.3020    9.6277
   -7.5000   -7.5000   30.0000 2955.9355    9.4342
    0.0000   -7.5000   30.0000 2943.9907    9.3793
    7.5000   -7.5000   30.0000 2911.1580    9.5819
   -7.5000    0.0000   30.0000 2946.7720    9.6005
    0.0000    0.0000   30.0000 2933.7429    9.5752
    7.5000    0.0000   30.0000 2894.4641    9.7728
   -7.5000    7.5000   30.0000 2870.1089    9.9584
    0.0000    7.5000   30.0000 2863.0447   10.0010
    7.5000    7.5000   30.0000 2829.5911   10.1765
   -7.5000   15.0000   30.0000 2764.5493   10.5149
    0.0000   15.0000   30.0000 2760.3865   10.5758
    7.5000   15.0000   30.0000 2730.9768   10.7661
   -7.5000   22.5000   30.0000 2635.8704   11.3525
    0.0000   22.5000   30.0000 2634.6489   11.4241
    7.5000   22.5000   30.0000 2612.9700   11.6245
   -7.5000   30.0000   30.0000 2488.2351   12.5236
    0.0000   30.0000   30.0000 2487.3174   12.5867
    7.5000   30.0000   30.0000 2469.1453   12.8048
   -7.5000   37.5000   30.0000 2327.0120   14.0432
    0.0000   37.5000   30.0000 2330.7913   14.0848
    7.5000   37.5000   30.0000 2316.4841   14.3279
   -7.5000   45.0000   30.0000 2161.7190   15.9816
    0.0000   45.0000   30.0000 2163.5259   16.0259
    7.5000   45.0000   30.0000 2144.3374   16.3292
   -7.5000  -45.0000   37.5000 2420.3948   13.2046
    0.0000  -45.0000   37.5000 2413.6284   13.1627
    7.5000  -45.0000   37.5000 2408.5415   13.2949
   -7.5000  -37.5000   37.5000 2537.5657   11.9205
    0.0000  -37.5000   37.5000 2533.2068   11.8697
    7.5000  -37.5000   37.5000 2530.9507   12.0048
   -7.5000  -30.0000   37.5000 2655.7312   10.9606
    0.0000  -30.0000   37.5000 2655.8569   10.9237
    7.5000  -30.0000   37.5000 2652.9004   11.0594
   -7.5000  -22.5000   37.5000 2760.1797   10.3137
    0.0000  -22.5000   37.5000 2764.0974   10.2899
    7.5000  -22.5000   37.5000 2757.6304   10.4382
   -7.5000  -15.0000   37.5000 2843.0876    9.9141
    0.0000  -15.0000   37.5000 2843.4841    9.8650
    7.5000  -15.0000   37.5000 2827.0229   10.0830
   -7.5000   -7.5000   37.5000 2891.0752    9.8230
    0.0000   -7.5000   37.5000 2887.9951    9.7937
    7.5000   -7.5000   37.5000 2864.7478   10.0079
   -7.5000    0.0000   37.5000 2883.2310    9.9507
    0.0000    0.0000   37.5000 2877.8481    9.9477
    7.5000    0.0000   37.5000 2849.6089   10.1498
   -7.5000    7.5000   37.5000 2816.3088   10.3323
    0.0000    7.5000   37.5000 2808.5186   10.3673
    7.5000    7.5000   37.5000 2783.3716   10.5431
   -7.5000   15.0000   37.5000 2718.6445   10.9083
    0.0000   15.0000   37.5000 2711.1943   10.9595
    7.5000   15.0000   37.5000 2684.8110   11.1530
   -7.5000   22.5000   37.5000 2595.9949   11.7162
    0.0000   22.5000   37.5000 2593.9285   11.7730
    7.5000   22.5000   37.5000 2572.7224   11.9834
   -7.5000   30.0000   37.5000 2454.4265   12.8292
    0.0000   30.0000   37.5000 2455.7212   12.9062
    7.5000   30.0000   37.5000 2436.4402   13.1237
   -7.5000   37.5000   37.5000 2300.1743   14.3354
    0.0000   37.5000   37.5000 2299.4250   14.3816
    7.5000   37.5000   37.5000 2289.0842   14.6257
   -7.5000   45.0000   37.5000 2132.6687   16.2917
    0.0000   45.0000   37.5000 2135.0676   16.2972
    7.5000   45.0000   37.5000 2116.7820   16.5817
   -7.5000  -45.0000   45.0000 2380.4407   13.8800
    0.0000  -45.0000   45.0000 2377.4619   13.8502
    7.5000  -45.0000   45.0000 2366.5425   13.9622
   -7.5000  -37.5000   45.0000 2499.0007   12.5557
    0.0000  -37.5000   45.0000 2500.1855   12.5358
    7.5000  -37.5000   45.0000 2491.8496   12.6543
   -7.5000  -30.0000   45.0000 2615.1135   11.5861
    0.0000  -30.0000   45.0000 2618.2009   11.5805
    7.5000  -30.0000   45.0000 2610.4529   11.7093
   -7.5000  -22.5000   45.0000 2708.9890   10.9229
    0.0000  -22.5000   45.0000 2717.1455   10.8801
    7.5000  -22.5000   45.0000 2707.1287   11.0496
   -7.5000  -15.0000   45.0000 2778.0027   10.5293
    0.0000  -15.0000   45.0000 2781.8169   10.4934
    7.5000  -15.0000   45.0000 2769.7944   10.6871
   -7.5000   -7.5000   45.0000 2817.2109   10.4235
    0.0000   -7.5000   45.0000 2814.2751   10.3956
    7.5000   -7.5000   45.0000 2799.4963   10.5931
   -7.5000    0.0000   45.0000 2804.9546   10.5051
    0.0000    0.0000   45.0000 2801.8625   10.4800
    7.5000    0.0000   45.0000 2785.6877   10.6895
   -7.5000    7.5000   45.0000 2742.2712   10.8729
    0.0000    7.5000   45.0000 2733.8289   10.8685
    7.5000    7.5000   45.0000 2722.0439   11.0602
   -7.5000   15.0000   45.0000 2650.8308   11.4332
    0.0000   15.0000   45.0000 2641.7866   11.4660
    7.5000   15.0000   45.0000 2629.9714   11.6434
   -7.5000   22.5000   45.0000 2536.5774   12.2599
    0.0000   22.5000   45.0000 2533.5796   12.2916
    7.5000   22.5000   45.0000 2519.2349   12.4818
   -7.5000   30.0000   45.0000 2408.8232   13.3569
    0.0000   30.0000   45.0000 2410.0969   13.4001
    7.5000   30.0000   45.0000 2393.6655   13.5978
   -7.5000   37.5000   45.0000 2260.1313   14.7780
    0.0000   37.5000   45.0000 2258.6548   14.8351
    7.5000   37.5000   45.0000 2246.1597   15.0681
   -7.5000   45.0000   45.0000 2094.7004   16.7313
    0.0000   45.0000   45.0000 2096.4893   16.7803
    7.5000   45.0000   45.0000 2077.0754   17.0486

---------------------------------------------------------------------
imgreg_4dfp /opt/freesurfer/average/711-2C_as_mni_average_305 /opt/freesurfer/average/711-2B_as_mni_average_305_mask talsrcimg_g11 none talsrcimg_to_711-2C_as_mni_average_305_t4 1283
---------------------------------------------------------------------

freesurfer imgreg_4dfp.c
/opt/freesurfer/average/711-2C_as_mni_average_305.4dfp.img
       256       256       256         1
  1.000000  1.000000  1.000000
orientation T byte_order littleendian
Reading image: /opt/freesurfer/average/711-2C_as_mni_average_305.4dfp.img
dimensions:      256       256       256
mmppix:       1.0000   -1.0000   -1.0000
center:     128.0000 -129.0000 -129.0000
/opt/freesurfer/average/711-2B_as_mni_average_305_mask.4dfp.img
       256       256       256         1
  1.000000  1.000000  1.000000
orientation T byte_order littleendian
Reading mask: /opt/freesurfer/average/711-2B_as_mni_average_305_mask.4dfp.img (2306576 pixels)
talsrcimg_g11.4dfp.img
       256       256       256         1
  1.000000  1.000000  1.000000
orientation T byte_order littleendian
Reading image: talsrcimg_g11.4dfp.img
dimensions:      256       256       256
mmppix:       1.0000   -1.0000   -1.0000
center:     128.0000 -129.0000 -129.0000
rotation matrix determinant  1.000000
fimgreg.f
image alignment mode   1283 decimal      503 hex
parameters
   -7.5000   -7.5000   22.5000    0.0000    0.0000    0.0000
eta,q 0.94238  9.21899
niter,ni,del,rscale     5    3   12.0000    1.2000
parameter  4  0.509895 ->  0.500000 qaram    1.1500
parameter  5  5.226273 ->  0.500000 qaram    1.1500
parameters
   -5.5757   -4.8650   19.7571   -3.4500   -3.4500    0.4868
eta,q 0.94830  9.03536
  0.0676  0.0772  0.0594  0.0584  0.0500  0.0554
  0.0633  0.0708  0.0583  0.0564  0.0511  0.0537
  0.0614  0.0650  0.0578  0.0565  0.0537  0.0524
  0.0612  0.0611  0.0589  0.0578  0.0563  0.0518
  0.0611  0.0591  0.0609  0.0597  0.0593  0.0518
  0.0610  0.0590  0.0637  0.0613  0.0621  0.0526
  0.0618  0.0627  0.0668  0.0628  0.0642  0.0547
niter,ni,del,rscale     6    3   12.0000    1.2000
parameter  5  0.600341 ->  0.500000 qaram    1.3225
parameters
   -4.3965   -3.9244   19.0539   -3.9605   -7.4175    0.2191
eta,q 0.95285  9.03294
  0.0628  0.0638  0.0556  0.0562  0.0497  0.0513
  0.0586  0.0590  0.0522  0.0538  0.0474  0.0493
  0.0545  0.0540  0.0507  0.0504  0.0476  0.0478
  0.0517  0.0512  0.0505  0.0504  0.0502  0.0471
  0.0513  0.0504  0.0518  0.0522  0.0536  0.0479
  0.0535  0.0534  0.0546  0.0549  0.0574  0.0499
  0.0573  0.0588  0.0582  0.0579  0.0613  0.0522
niter,ni,del,rscale     6    3   12.0000    1.2000
parameters
   -3.0481   -3.8021   18.8909   -4.2378   -8.2427    0.3456
eta,q 0.95386  9.04407
  0.0633  0.0581  0.0538  0.0523  0.0538  0.0510
  0.0568  0.0533  0.0492  0.0510  0.0495  0.0489
  0.0508  0.0487  0.0464  0.0473  0.0465  0.0471
  0.0471  0.0466  0.0466  0.0465  0.0464  0.0462
  0.0469  0.0475  0.0484  0.0478  0.0487  0.0465
  0.0493  0.0521  0.0507  0.0502  0.0524  0.0484
  0.0540  0.0579  0.0534  0.0542  0.0567  0.0509
niter,ni,del,rscale     5    3   12.0000    1.2000
parameters
   -2.6442   -3.6800   18.6873   -4.5137   -8.6862    0.5237
eta,q 0.95436  9.05145
  0.0593  0.0576  0.0535  0.0518  0.0540  0.0509
  0.0533  0.0530  0.0489  0.0507  0.0498  0.0487
  0.0484  0.0484  0.0460  0.0470  0.0462  0.0468
  0.0461  0.0461  0.0461  0.0460  0.0459  0.0457
  0.0471  0.0473  0.0480  0.0474  0.0480  0.0461
  0.0509  0.0518  0.0505  0.0498  0.0514  0.0481
  0.0564  0.0574  0.0533  0.0539  0.0554  0.0506
niter,ni,del,rscale     4    3   12.0000    1.2000
parameters
   -2.4560   -3.5349   18.5563   -4.7513   -8.9023    0.6728
eta,q 0.95465  9.05476
  0.0582  0.0572  0.0534  0.0515  0.0542  0.0508
  0.0525  0.0530  0.0489  0.0506  0.0499  0.0486
  0.0477  0.0481  0.0457  0.0469  0.0460  0.0465
  0.0456  0.0456  0.0456  0.0455  0.0455  0.0454
  0.0469  0.0469  0.0474  0.0471  0.0475  0.0458
  0.0512  0.0515  0.0500  0.0495  0.0508  0.0481
  0.0570  0.0569  0.0531  0.0536  0.0546  0.0506
niter,ni,del,rscale     3    3   12.0000    1.2000
parameters
   -2.3651   -3.3896   18.4697   -4.9580   -9.0131    0.7743
eta,q 0.95487  9.05669
  0.0577  0.0569  0.0533  0.0514  0.0543  0.0508
  0.0522  0.0529  0.0489  0.0506  0.0499  0.0484
  0.0474  0.0480  0.0456  0.0468  0.0459  0.0463
  0.0453  0.0453  0.0453  0.0453  0.0452  0.0452
  0.0468  0.0468  0.0471  0.0469  0.0473  0.0457
  0.0514  0.0515  0.0498  0.0494  0.0505  0.0481
  0.0573  0.0567  0.0530  0.0534  0.0542  0.0506
niter,ni,del,rscale     2    3   12.0000    1.2000
parameters
   -2.3207   -3.2580   18.4005   -5.1402   -9.0759    0.8292
eta,q 0.95502  9.05809
  0.0575  0.0567  0.0533  0.0513  0.0543  0.0507
  0.0520  0.0529  0.0489  0.0506  0.0499  0.0483
  0.0472  0.0479  0.0455  0.0469  0.0458  0.0461
  0.0451  0.0451  0.0451  0.0451  0.0450  0.0450
  0.0467  0.0467  0.0468  0.0467  0.0471  0.0457
  0.0515  0.0515  0.0496  0.0493  0.0504  0.0482
  0.0574  0.0566  0.0529  0.0533  0.0540  0.0506
niter,ni,del,rscale     1    3   12.0000    1.2000
parameters
   -2.2941   -3.1465   18.3447   -5.3024   -9.1126    0.8654
eta,q 0.95510  9.05980
  0.0574  0.0565  0.0532  0.0512  0.0544  0.0507
  0.0520  0.0529  0.0489  0.0506  0.0499  0.0482
  0.0471  0.0478  0.0455  0.0470  0.0458  0.0460
  0.0450  0.0450  0.0450  0.0450  0.0449  0.0449
  0.0467  0.0467  0.0467  0.0466  0.0470  0.0457
  0.0515  0.0515  0.0495  0.0492  0.0503  0.0482
  0.0575  0.0565  0.0529  0.0532  0.0539  0.0506
registration optimization eta report
parameter search radius
    6.0000    6.0000    6.0000    6.9000    7.9350    6.0000
100000*second partial in parameter space
       34.       30.       22.       14.       14.       15.
  0.0574  0.0565  0.0532  0.0512  0.0544  0.0507
  0.0520  0.0529  0.0489  0.0506  0.0499  0.0482
  0.0471  0.0478  0.0455  0.0470  0.0458  0.0460
  0.0450  0.0450  0.0450  0.0450  0.0449  0.0449
  0.0467  0.0467  0.0467  0.0466  0.0470  0.0457
  0.0515  0.0515  0.0495  0.0492  0.0503  0.0482
  0.0575  0.0565  0.0529  0.0532  0.0539  0.0506
   -2.2941   -3.1465   18.3447   -5.3024   -9.1126    0.8654
eta,q 0.95510  9.05980

---------------------------------------------------------------------
imgreg_4dfp /opt/freesurfer/average/711-2C_as_mni_average_305 /opt/freesurfer/average/711-2B_as_mni_average_305_mask talsrcimg_g11 none talsrcimg_to_711-2C_as_mni_average_305_t4 3335
---------------------------------------------------------------------

freesurfer imgreg_4dfp.c
/opt/freesurfer/average/711-2C_as_mni_average_305.4dfp.img
       256       256       256         1
  1.000000  1.000000  1.000000
orientation T byte_order littleendian
Reading image: /opt/freesurfer/average/711-2C_as_mni_average_305.4dfp.img
dimensions:      256       256       256
mmppix:       1.0000   -1.0000   -1.0000
center:     128.0000 -129.0000 -129.0000
/opt/freesurfer/average/711-2B_as_mni_average_305_mask.4dfp.img
       256       256       256         1
  1.000000  1.000000  1.000000
orientation T byte_order littleendian
Reading mask: /opt/freesurfer/average/711-2B_as_mni_average_305_mask.4dfp.img (2306576 pixels)
talsrcimg_g11.4dfp.img
       256       256       256         1
  1.000000  1.000000  1.000000
orientation T byte_order littleendian
Reading image: talsrcimg_g11.4dfp.img
dimensions:      256       256       256
mmppix:       1.0000   -1.0000   -1.0000
center:     128.0000 -129.0000 -129.0000
fimgreg.f
image alignment mode   3335 decimal      D07 hex
parameters
   -2.2941   -3.1465   18.3447   -1.2734   -0.4614   -1.6846
   -2.9673   15.6284    1.4913    9.4783  -15.8375   -9.1245
eta,q 0.95384  9.16285
niter,ni,del,rscale     5    3    5.0000    1.2000
parameter  4  0.601748 ->  0.500000 qaram    1.1500
parameter  5  3.039999 ->  0.500000 qaram    1.1500
parameters
   -2.2961   -3.4235   19.2164   -5.4134   -4.6014   -4.0672
   -1.4916   16.9543    1.1603    8.0525  -14.9789  -10.0386
eta,q 0.96096  8.86216
  0.0483  0.0474  0.0484  0.0457  0.0364  0.0410  0.0422  0.0438  0.0410  0.0408  0.0409  0.0398
  0.0471  0.0465  0.0474  0.0449  0.0389  0.0400  0.0410  0.0420  0.0400  0.0395  0.0400  0.0393
  0.0464  0.0461  0.0466  0.0449  0.0418  0.0396  0.0401  0.0405  0.0395  0.0390  0.0394  0.0391
  0.0462  0.0462  0.0461  0.0459  0.0448  0.0397  0.0396  0.0395  0.0394  0.0394  0.0391  0.0391
  0.0464  0.0465  0.0459  0.0477  0.0483  0.0410  0.0396  0.0394  0.0396  0.0400  0.0391  0.0393
  0.0472  0.0471  0.0460  0.0496  0.0524  0.0432  0.0400  0.0402  0.0402  0.0409  0.0395  0.0397
  0.0483  0.0479  0.0465  0.0515  0.0566  0.0462  0.0407  0.0417  0.0413  0.0425  0.0402  0.0402
niter,ni,del,rscale     6    3    5.0000    1.2000
parameter  5  1.614942 ->  0.500000 qaram    1.3225
parameters
   -2.0769   -2.5443   19.2720   -4.5251   -9.3624   -4.2059
   -1.6978   16.6302    1.0686    9.6976  -14.8559  -13.0344
eta,q 0.96649  8.71332
  0.0423  0.0423  0.0401  0.0439  0.0323  0.0370  0.0361  0.0372  0.0362  0.0388  0.0354  0.0340
  0.0406  0.0408  0.0393  0.0420  0.0334  0.0358  0.0349  0.0356  0.0349  0.0364  0.0345  0.0336
  0.0395  0.0397  0.0389  0.0401  0.0355  0.0345  0.0341  0.0343  0.0342  0.0347  0.0340  0.0335
  0.0390  0.0390  0.0387  0.0387  0.0386  0.0339  0.0339  0.0339  0.0339  0.0339  0.0337  0.0337
  0.0392  0.0387  0.0389  0.0387  0.0424  0.0339  0.0342  0.0345  0.0342  0.0338  0.0339  0.0342
  0.0400  0.0389  0.0393  0.0402  0.0464  0.0355  0.0350  0.0359  0.0350  0.0344  0.0345  0.0349
  0.0413  0.0396  0.0400  0.0426  0.0507  0.0379  0.0363  0.0379  0.0363  0.0357  0.0353  0.0357
niter,ni,del,rscale     6    3    5.0000    1.2000
parameter  5  0.619692 ->  0.500000 qaram    1.5209
parameters
   -2.0870   -1.9349   18.9491   -3.4742  -14.8375   -3.7052
   -1.8724   16.6445    0.9124   12.7756  -14.8405  -15.3523
eta,q 0.97021  8.57272
  0.0365  0.0372  0.0344  0.0391  0.0321  0.0344  0.0328  0.0343  0.0327  0.0365  0.0316  0.0305
  0.0348  0.0355  0.0337  0.0370  0.0308  0.0332  0.0316  0.0326  0.0316  0.0341  0.0308  0.0300
  0.0338  0.0342  0.0334  0.0348  0.0312  0.0318  0.0308  0.0312  0.0308  0.0320  0.0302  0.0298
  0.0335  0.0335  0.0334  0.0333  0.0331  0.0308  0.0306  0.0306  0.0306  0.0306  0.0300  0.0300
  0.0339  0.0334  0.0337  0.0333  0.0365  0.0305  0.0309  0.0310  0.0309  0.0300  0.0302  0.0304
  0.0349  0.0338  0.0343  0.0348  0.0410  0.0318  0.0317  0.0324  0.0317  0.0302  0.0308  0.0312
  0.0365  0.0347  0.0352  0.0373  0.0458  0.0342  0.0330  0.0344  0.0330  0.0312  0.0317  0.0321
niter,ni,del,rscale     6    3    5.0000    1.2000
parameters
   -2.1030   -0.7600   18.4644   -2.6854  -17.2131   -4.2659
   -2.2063   16.5993    0.8581   15.7378  -14.8388  -17.2248
eta,q 0.97187  8.49684
  0.0329  0.0350  0.0302  0.0347  0.0335  0.0322  0.0309  0.0326  0.0311  0.0347  0.0299  0.0289
  0.0312  0.0327  0.0295  0.0325  0.0309  0.0308  0.0298  0.0308  0.0299  0.0324  0.0290  0.0284
  0.0301  0.0310  0.0291  0.0304  0.0290  0.0296  0.0291  0.0294  0.0291  0.0304  0.0285  0.0281
  0.0298  0.0298  0.0292  0.0291  0.0290  0.0288  0.0289  0.0289  0.0289  0.0289  0.0282  0.0282
  0.0302  0.0292  0.0296  0.0293  0.0312  0.0293  0.0292  0.0294  0.0291  0.0282  0.0284  0.0286
  0.0312  0.0293  0.0305  0.0310  0.0352  0.0312  0.0300  0.0307  0.0299  0.0285  0.0290  0.0293
  0.0329  0.0299  0.0316  0.0333  0.0406  0.0340  0.0313  0.0328  0.0311  0.0297  0.0299  0.0302
niter,ni,del,rscale     5    3    5.0000    1.2000
parameters
   -2.1871    0.0010   17.8939   -2.4247  -18.4171   -4.9035
   -2.5203   16.4889    1.1198   17.3579  -14.9666  -18.5165
eta,q 0.97240  8.45201
  0.0310  0.0327  0.0287  0.0327  0.0337  0.0312  0.0298  0.0315  0.0303  0.0330  0.0291  0.0284
  0.0294  0.0306  0.0281  0.0307  0.0309  0.0296  0.0287  0.0297  0.0290  0.0308  0.0283  0.0279
  0.0284  0.0291  0.0278  0.0287  0.0286  0.0284  0.0280  0.0283  0.0282  0.0290  0.0278  0.0276
  0.0281  0.0281  0.0278  0.0278  0.0277  0.0278  0.0279  0.0278  0.0278  0.0278  0.0276  0.0276
  0.0286  0.0278  0.0283  0.0283  0.0292  0.0284  0.0282  0.0284  0.0280  0.0277  0.0278  0.0279
  0.0297  0.0282  0.0292  0.0301  0.0326  0.0303  0.0290  0.0298  0.0288  0.0285  0.0284  0.0285
  0.0314  0.0292  0.0304  0.0324  0.0377  0.0331  0.0301  0.0319  0.0300  0.0300  0.0293  0.0293
niter,ni,del,rscale     4    3    5.0000    1.2000
parameters
   -2.2781    0.3888   17.5003   -2.2216  -18.9688   -5.3616
   -2.8640   16.4000    1.2528   18.3161  -14.9531  -19.3891
eta,q 0.97249  8.43408
  0.0304  0.0313  0.0286  0.0323  0.0341  0.0310  0.0295  0.0313  0.0300  0.0322  0.0290  0.0284
  0.0288  0.0295  0.0279  0.0303  0.0313  0.0294  0.0284  0.0295  0.0287  0.0301  0.0282  0.0279
  0.0279  0.0282  0.0276  0.0284  0.0287  0.0282  0.0278  0.0281  0.0279  0.0284  0.0277  0.0276
  0.0276  0.0276  0.0275  0.0275  0.0275  0.0276  0.0276  0.0276  0.0276  0.0276  0.0275  0.0275
  0.0280  0.0276  0.0279  0.0281  0.0284  0.0280  0.0279  0.0281  0.0278  0.0277  0.0277  0.0278
  0.0291  0.0283  0.0286  0.0299  0.0315  0.0297  0.0287  0.0295  0.0286  0.0287  0.0282  0.0283
  0.0308  0.0295  0.0297  0.0320  0.0364  0.0324  0.0299  0.0316  0.0298  0.0304  0.0290  0.0290
niter,ni,del,rscale     3    3    5.0000    1.2000
parameters
   -2.3326    0.6006   17.2392   -2.0733  -19.2516   -5.6730
   -3.0947   16.3307    1.2775   18.9129  -14.8813  -19.9295
eta,q 0.97247  8.42549
  0.0303  0.0308  0.0286  0.0322  0.0343  0.0310  0.0295  0.0313  0.0298  0.0318  0.0290  0.0285
  0.0288  0.0291  0.0280  0.0303  0.0315  0.0294  0.0284  0.0294  0.0286  0.0298  0.0282  0.0279
  0.0278  0.0280  0.0276  0.0284  0.0289  0.0282  0.0277  0.0281  0.0278  0.0282  0.0277  0.0276
  0.0275  0.0275  0.0275  0.0275  0.0275  0.0275  0.0276  0.0276  0.0276  0.0276  0.0275  0.0275
  0.0279  0.0277  0.0278  0.0281  0.0282  0.0279  0.0279  0.0281  0.0278  0.0278  0.0277  0.0277
  0.0289  0.0285  0.0284  0.0299  0.0312  0.0294  0.0286  0.0294  0.0286  0.0289  0.0282  0.0282
  0.0306  0.0298  0.0293  0.0320  0.0359  0.0321  0.0297  0.0315  0.0298  0.0306  0.0290  0.0288
niter,ni,del,rscale     2    3    5.0000    1.2000
parameters
   -2.3685    0.7268   17.0600   -1.9647  -19.4094   -5.8925
   -3.2090   16.2708    1.2689   19.2841  -14.8053  -20.2488
eta,q 0.97244  8.42036
  0.0303  0.0305  0.0287  0.0322  0.0344  0.0310  0.0295  0.0313  0.0298  0.0315  0.0290  0.0286
  0.0288  0.0289  0.0281  0.0302  0.0316  0.0294  0.0285  0.0295  0.0286  0.0296  0.0282  0.0280
  0.0278  0.0279  0.0277  0.0284  0.0290  0.0282  0.0278  0.0281  0.0278  0.0281  0.0277  0.0276
  0.0275  0.0275  0.0275  0.0275  0.0275  0.0275  0.0276  0.0276  0.0276  0.0276  0.0276  0.0276
  0.0279  0.0278  0.0277  0.0282  0.0282  0.0279  0.0278  0.0281  0.0278  0.0279  0.0277  0.0277
  0.0289  0.0286  0.0283  0.0300  0.0310  0.0293  0.0286  0.0294  0.0286  0.0290  0.0282  0.0281
  0.0305  0.0299  0.0292  0.0321  0.0357  0.0319  0.0297  0.0315  0.0298  0.0308  0.0289  0.0288
niter,ni,del,rscale     1    3    5.0000    1.2000
parameters
   -2.3962    0.8077   16.9367   -1.8831  -19.5077   -6.0507
   -3.2616   16.2139    1.2489   19.5202  -14.7332  -20.4288
eta,q 0.97242  8.41679
  0.0304  0.0304  0.0288  0.0322  0.0345  0.0310  0.0296  0.0313  0.0298  0.0314  0.0290  0.0286
  0.0288  0.0289  0.0281  0.0302  0.0317  0.0294  0.0285  0.0295  0.0286  0.0295  0.0283  0.0280
  0.0279  0.0279  0.0277  0.0284  0.0290  0.0282  0.0278  0.0281  0.0278  0.0281  0.0278  0.0277
  0.0276  0.0276  0.0276  0.0276  0.0276  0.0276  0.0276  0.0276  0.0276  0.0276  0.0276  0.0276
  0.0279  0.0278  0.0277  0.0282  0.0282  0.0279  0.0278  0.0281  0.0278  0.0280  0.0277  0.0277
  0.0289  0.0287  0.0283  0.0300  0.0310  0.0292  0.0286  0.0294  0.0286  0.0291  0.0282  0.0281
  0.0305  0.0300  0.0291  0.0321  0.0356  0.0318  0.0296  0.0315  0.0298  0.0310  0.0290  0.0287
registration optimization eta report
parameter search radius
    2.4000    2.4000    2.4000    8.2800   10.9503    7.2000
    7.2000    7.2000    7.2000    7.2000    7.2000    7.2000
100000*second partial in parameter space
       50.       46.       24.        6.        6.        7.
        4.        7.        4.        7.        3.        2.
  0.0304  0.0304  0.0288  0.0322  0.0345  0.0310  0.0296  0.0313  0.0298  0.0314  0.0290  0.0286
  0.0288  0.0289  0.0281  0.0302  0.0317  0.0294  0.0285  0.0295  0.0286  0.0295  0.0283  0.0280
  0.0279  0.0279  0.0277  0.0284  0.0290  0.0282  0.0278  0.0281  0.0278  0.0281  0.0278  0.0277
  0.0276  0.0276  0.0276  0.0276  0.0276  0.0276  0.0276  0.0276  0.0276  0.0276  0.0276  0.0276
  0.0279  0.0278  0.0277  0.0282  0.0282  0.0279  0.0278  0.0281  0.0278  0.0280  0.0277  0.0277
  0.0289  0.0287  0.0283  0.0300  0.0310  0.0292  0.0286  0.0294  0.0286  0.0291  0.0282  0.0281
  0.0305  0.0300  0.0291  0.0321  0.0356  0.0318  0.0296  0.0315  0.0298  0.0310  0.0290  0.0287
   -2.3962    0.8077   16.9367   -1.8831  -19.5077   -6.0507
   -3.2616   16.2139    1.2489   19.5202  -14.7332  -20.4288
eta,q 0.97242  8.41679

---------------------------------------------------------------------
imgreg_4dfp /opt/freesurfer/average/711-2C_as_mni_average_305 /opt/freesurfer/average/711-2B_as_mni_average_305_mask talsrcimg_g11 none talsrcimg_to_711-2C_as_mni_average_305_t4 2311
---------------------------------------------------------------------

freesurfer imgreg_4dfp.c
/opt/freesurfer/average/711-2C_as_mni_average_305.4dfp.img
       256       256       256         1
  1.000000  1.000000  1.000000
orientation T byte_order littleendian
Reading image: /opt/freesurfer/average/711-2C_as_mni_average_305.4dfp.img
dimensions:      256       256       256
mmppix:       1.0000   -1.0000   -1.0000
center:     128.0000 -129.0000 -129.0000
/opt/freesurfer/average/711-2B_as_mni_average_305_mask.4dfp.img
       256       256       256         1
  1.000000  1.000000  1.000000
orientation T byte_order littleendian
Reading mask: /opt/freesurfer/average/711-2B_as_mni_average_305_mask.4dfp.img (2306576 pixels)
talsrcimg_g11.4dfp.img
       256       256       256         1
  1.000000  1.000000  1.000000
orientation T byte_order littleendian
Reading image: talsrcimg_g11.4dfp.img
dimensions:      256       256       256
mmppix:       1.0000   -1.0000   -1.0000
center:     128.0000 -129.0000 -129.0000
fimgreg.f
image alignment mode   2311 decimal      907 hex
parameters
   -2.3962    0.8077   16.9367   -1.8831  -19.5077   -6.0507
   -3.2616   16.2139    1.2489   19.5202  -14.7332  -20.4288
eta,q 0.97242  8.41679
niter,ni,del,rscale     5    3    5.0000    0.8000
parameters
   -2.4106    0.8314   16.8964   -1.7917  -18.7587   -5.8893
   -3.2832   16.2012    1.1858   19.3674  -14.5126  -20.3803
eta,q 0.97250  8.44515
  0.0289  0.0288  0.0282  0.0297  0.0298  0.0293  0.0285  0.0294  0.0285  0.0291  0.0282  0.0280
  0.0282  0.0281  0.0279  0.0286  0.0288  0.0284  0.0279  0.0284  0.0280  0.0282  0.0278  0.0277
  0.0277  0.0277  0.0277  0.0279  0.0280  0.0278  0.0276  0.0277  0.0276  0.0276  0.0276  0.0276
  0.0276  0.0276  0.0276  0.0276  0.0276  0.0275  0.0275  0.0275  0.0275  0.0275  0.0275  0.0275
  0.0277  0.0277  0.0277  0.0278  0.0275  0.0276  0.0276  0.0277  0.0276  0.0278  0.0275  0.0275
  0.0282  0.0281  0.0279  0.0285  0.0280  0.0281  0.0279  0.0284  0.0280  0.0284  0.0277  0.0277
  0.0289  0.0287  0.0282  0.0295  0.0288  0.0292  0.0285  0.0294  0.0286  0.0293  0.0281  0.0280
niter,ni,del,rscale     4    3    5.0000    0.7000
parameters
   -2.4109    0.7487   16.9960   -1.8944  -18.6599   -5.6579
   -3.2289   16.1632    1.1615   19.1892  -14.4809  -20.2819
eta,q 0.97253  8.45048
  0.0285  0.0283  0.0280  0.0291  0.0289  0.0289  0.0282  0.0289  0.0283  0.0287  0.0280  0.0279
  0.0280  0.0278  0.0278  0.0282  0.0282  0.0282  0.0278  0.0281  0.0278  0.0280  0.0277  0.0277
  0.0276  0.0276  0.0276  0.0277  0.0277  0.0277  0.0276  0.0276  0.0276  0.0276  0.0275  0.0275
  0.0275  0.0275  0.0275  0.0275  0.0275  0.0275  0.0275  0.0275  0.0275  0.0275  0.0275  0.0275
  0.0276  0.0276  0.0275  0.0277  0.0276  0.0276  0.0276  0.0277  0.0276  0.0277  0.0275  0.0275
  0.0280  0.0280  0.0277  0.0283  0.0281  0.0280  0.0278  0.0282  0.0278  0.0282  0.0277  0.0276
  0.0285  0.0285  0.0279  0.0292  0.0289  0.0287  0.0282  0.0290  0.0283  0.0289  0.0280  0.0278
niter,ni,del,rscale     3    3    5.0000    0.6000
parameters
   -2.4063    0.7047   17.1188   -1.9530  -18.5876   -5.4425
   -3.1725   16.1579    1.1725   19.0254  -14.4518  -20.1847
eta,q 0.97255  8.45582
  0.0282  0.0281  0.0279  0.0287  0.0285  0.0286  0.0280  0.0285  0.0281  0.0284  0.0278  0.0277
  0.0278  0.0277  0.0277  0.0280  0.0280  0.0281  0.0277  0.0279  0.0277  0.0278  0.0276  0.0276
  0.0276  0.0275  0.0275  0.0276  0.0276  0.0277  0.0275  0.0276  0.0275  0.0275  0.0275  0.0275
  0.0275  0.0275  0.0275  0.0275  0.0275  0.0275  0.0275  0.0275  0.0275  0.0275  0.0275  0.0275
  0.0275  0.0276  0.0275  0.0276  0.0276  0.0275  0.0275  0.0276  0.0275  0.0276  0.0275  0.0275
  0.0278  0.0278  0.0276  0.0281  0.0279  0.0278  0.0277  0.0280  0.0277  0.0280  0.0276  0.0276
  0.0282  0.0282  0.0278  0.0287  0.0285  0.0284  0.0280  0.0285  0.0281  0.0285  0.0278  0.0277
niter,ni,del,rscale     2    3    5.0000    0.5000
parameters
   -2.3936    0.6640   17.2320   -2.0031  -18.5278   -5.2648
   -3.1433   16.1550    1.1717   18.8733  -14.4295  -20.1059
eta,q 0.97257  8.46028
  0.0280  0.0279  0.0278  0.0283  0.0282  0.0283  0.0278  0.0282  0.0279  0.0281  0.0277  0.0276
  0.0277  0.0276  0.0276  0.0278  0.0278  0.0279  0.0276  0.0278  0.0276  0.0277  0.0276  0.0275
  0.0275  0.0275  0.0275  0.0275  0.0276  0.0276  0.0275  0.0275  0.0275  0.0275  0.0275  0.0275
  0.0275  0.0275  0.0275  0.0274  0.0275  0.0274  0.0274  0.0274  0.0274  0.0274  0.0274  0.0274
  0.0275  0.0275  0.0275  0.0276  0.0275  0.0275  0.0275  0.0275  0.0275  0.0276  0.0275  0.0275
  0.0277  0.0277  0.0275  0.0279  0.0277  0.0277  0.0276  0.0278  0.0276  0.0278  0.0275  0.0275
  0.0280  0.0280  0.0277  0.0284  0.0282  0.0281  0.0278  0.0282  0.0279  0.0282  0.0277  0.0276
niter,ni,del,rscale     1    3    5.0000    0.4000
parameters
   -2.3835    0.6248   17.3302   -2.0387  -18.4772   -5.1240
   -3.1079   16.1546    1.1849   18.7486  -14.4112  -19.9960
eta,q 0.97257  8.46376
  0.0278  0.0277  0.0276  0.0280  0.0279  0.0280  0.0277  0.0279  0.0277  0.0278  0.0276  0.0276
  0.0276  0.0276  0.0275  0.0277  0.0277  0.0277  0.0275  0.0277  0.0276  0.0276  0.0275  0.0275
  0.0275  0.0275  0.0275  0.0275  0.0275  0.0275  0.0275  0.0275  0.0275  0.0275  0.0275  0.0274
  0.0274  0.0274  0.0274  0.0274  0.0274  0.0274  0.0274  0.0274  0.0274  0.0274  0.0274  0.0274
  0.0275  0.0275  0.0274  0.0275  0.0275  0.0275  0.0275  0.0275  0.0275  0.0275  0.0274  0.0274
  0.0276  0.0276  0.0275  0.0277  0.0276  0.0276  0.0275  0.0277  0.0276  0.0277  0.0275  0.0275
  0.0278  0.0278  0.0276  0.0280  0.0279  0.0279  0.0277  0.0279  0.0277  0.0279  0.0276  0.0275
registration optimization eta report
parameter search radius
    0.8000    0.8000    0.8000    2.4000    2.4000    2.4000
    2.4000    2.4000    2.4000    2.4000    2.4000    2.4000
100000*second partial in parameter space
       53.       50.       26.       10.        8.        9.
        4.        9.        5.        8.        3.        2.
  0.0278  0.0277  0.0276  0.0280  0.0279  0.0280  0.0277  0.0279  0.0277  0.0278  0.0276  0.0276
  0.0276  0.0276  0.0275  0.0277  0.0277  0.0277  0.0275  0.0277  0.0276  0.0276  0.0275  0.0275
  0.0275  0.0275  0.0275  0.0275  0.0275  0.0275  0.0275  0.0275  0.0275  0.0275  0.0275  0.0274
  0.0274  0.0274  0.0274  0.0274  0.0274  0.0274  0.0274  0.0274  0.0274  0.0274  0.0274  0.0274
  0.0275  0.0275  0.0274  0.0275  0.0275  0.0275  0.0275  0.0275  0.0275  0.0275  0.0274  0.0274
  0.0276  0.0276  0.0275  0.0277  0.0276  0.0276  0.0275  0.0277  0.0276  0.0277  0.0275  0.0275
  0.0278  0.0278  0.0276  0.0280  0.0279  0.0279  0.0277  0.0279  0.0277  0.0279  0.0276  0.0275
   -2.3835    0.6248   17.3302   -2.0387  -18.4772   -5.1240
   -3.1079   16.1546    1.1849   18.7486  -14.4112  -19.9960
eta,q 0.97257  8.46376

---------------------------------------------------------------------
imgreg_4dfp /opt/freesurfer/average/711-2C_as_mni_average_305 /opt/freesurfer/average/711-2B_as_mni_average_305_mask talsrcimg_g11 none talsrcimg_to_711-2C_as_mni_average_305_t4 2311
---------------------------------------------------------------------

freesurfer imgreg_4dfp.c
/opt/freesurfer/average/711-2C_as_mni_average_305.4dfp.img
       256       256       256         1
  1.000000  1.000000  1.000000
orientation T byte_order littleendian
Reading image: /opt/freesurfer/average/711-2C_as_mni_average_305.4dfp.img
dimensions:      256       256       256
mmppix:       1.0000   -1.0000   -1.0000
center:     128.0000 -129.0000 -129.0000
/opt/freesurfer/average/711-2B_as_mni_average_305_mask.4dfp.img
       256       256       256         1
  1.000000  1.000000  1.000000
orientation T byte_order littleendian
Reading mask: /opt/freesurfer/average/711-2B_as_mni_average_305_mask.4dfp.img (2306576 pixels)
talsrcimg_g11.4dfp.img
       256       256       256         1
  1.000000  1.000000  1.000000
orientation T byte_order littleendian
Reading image: talsrcimg_g11.4dfp.img
dimensions:      256       256       256
mmppix:       1.0000   -1.0000   -1.0000
center:     128.0000 -129.0000 -129.0000
fimgreg.f
image alignment mode   2311 decimal      907 hex
parameters
   -2.3835    0.6248   17.3302   -2.0387  -18.4772   -5.1240
   -3.1079   16.1546    1.1849   18.7486  -14.4112  -19.9960
eta,q 0.97257  8.46376
niter,ni,del,rscale     5    3    5.0000    0.8000
parameters
   -2.3851    0.6107   17.3455   -2.0608  -18.5700   -5.3184
   -3.0951   16.1735    1.1453   18.8603  -14.5317  -20.0556
eta,q 0.97256  8.45745
  0.0288  0.0287  0.0281  0.0295  0.0292  0.0291  0.0284  0.0293  0.0285  0.0293  0.0281  0.0279
  0.0280  0.0280  0.0278  0.0284  0.0283  0.0283  0.0279  0.0283  0.0279  0.0283  0.0277  0.0277
  0.0276  0.0276  0.0275  0.0277  0.0277  0.0277  0.0275  0.0277  0.0276  0.0276  0.0275  0.0275
  0.0274  0.0274  0.0274  0.0274  0.0274  0.0274  0.0274  0.0274  0.0274  0.0274  0.0274  0.0274
  0.0276  0.0276  0.0275  0.0277  0.0276  0.0277  0.0275  0.0277  0.0276  0.0276  0.0275  0.0275
  0.0280  0.0280  0.0277  0.0284  0.0283  0.0283  0.0279  0.0283  0.0279  0.0282  0.0277  0.0277
  0.0288  0.0287  0.0281  0.0295  0.0294  0.0296  0.0284  0.0293  0.0285  0.0291  0.0281  0.0280
niter,ni,del,rscale     4    3    5.0000    0.7000
parameters
   -2.3730    0.6280   17.2810   -2.0325  -18.5526   -5.3148
   -3.1083   16.2095    1.1604   18.8725  -14.5462  -20.0621
eta,q 0.97256  8.45829
  0.0285  0.0284  0.0279  0.0291  0.0289  0.0288  0.0282  0.0289  0.0283  0.0288  0.0279  0.0278
  0.0279  0.0279  0.0276  0.0282  0.0281  0.0282  0.0278  0.0281  0.0278  0.0280  0.0277  0.0276
  0.0276  0.0275  0.0275  0.0276  0.0276  0.0277  0.0275  0.0276  0.0275  0.0276  0.0275  0.0275
  0.0274  0.0274  0.0274  0.0274  0.0274  0.0274  0.0274  0.0274  0.0274  0.0274  0.0274  0.0274
  0.0275  0.0275  0.0275  0.0276  0.0276  0.0276  0.0275  0.0276  0.0275  0.0276  0.0275  0.0275
  0.0279  0.0279  0.0277  0.0282  0.0281  0.0280  0.0278  0.0281  0.0278  0.0281  0.0277  0.0276
  0.0284  0.0284  0.0280  0.0291  0.0289  0.0289  0.0282  0.0289  0.0283  0.0288  0.0280  0.0278
niter,ni,del,rscale     3    3    5.0000    0.6000
parameters
   -2.3704    0.6310   17.2913   -2.0395  -18.5277   -5.2371
   -3.1342   16.2133    1.1844   18.8249  -14.5186  -20.0311
eta,q 0.97257  8.46037
  0.0282  0.0282  0.0278  0.0287  0.0285  0.0285  0.0280  0.0285  0.0280  0.0284  0.0278  0.0277
  0.0278  0.0277  0.0276  0.0280  0.0279  0.0280  0.0277  0.0279  0.0277  0.0279  0.0276  0.0276
  0.0275  0.0275  0.0275  0.0276  0.0276  0.0276  0.0275  0.0276  0.0275  0.0275  0.0275  0.0275
  0.0274  0.0274  0.0274  0.0274  0.0274  0.0274  0.0274  0.0274  0.0274  0.0274  0.0274  0.0274
  0.0275  0.0275  0.0275  0.0276  0.0275  0.0275  0.0275  0.0276  0.0275  0.0276  0.0275  0.0275
  0.0278  0.0278  0.0276  0.0280  0.0279  0.0279  0.0277  0.0279  0.0277  0.0279  0.0276  0.0276
  0.0282  0.0281  0.0278  0.0287  0.0285  0.0285  0.0280  0.0285  0.0280  0.0285  0.0278  0.0277
niter,ni,del,rscale     2    3    5.0000    0.5000
parameters
   -2.3664    0.6178   17.3388   -2.0598  -18.4922   -5.1348
   -3.1311   16.2099    1.1914   18.7525  -14.4956  -20.0154
eta,q 0.97257  8.46338
  0.0280  0.0279  0.0277  0.0283  0.0282  0.0282  0.0278  0.0282  0.0279  0.0281  0.0277  0.0276
  0.0277  0.0276  0.0276  0.0278  0.0278  0.0279  0.0276  0.0278  0.0276  0.0277  0.0275  0.0275
  0.0275  0.0275  0.0275  0.0275  0.0275  0.0276  0.0275  0.0275  0.0275  0.0275  0.0275  0.0275
  0.0274  0.0274  0.0274  0.0274  0.0274  0.0274  0.0274  0.0274  0.0274  0.0274  0.0274  0.0274
  0.0275  0.0275  0.0275  0.0275  0.0275  0.0275  0.0275  0.0275  0.0275  0.0275  0.0275  0.0274
  0.0277  0.0277  0.0275  0.0279  0.0277  0.0278  0.0276  0.0278  0.0276  0.0278  0.0275  0.0275
  0.0280  0.0279  0.0277  0.0283  0.0282  0.0282  0.0278  0.0282  0.0279  0.0282  0.0277  0.0276
niter,ni,del,rscale     1    3    5.0000    0.4000
parameters
   -2.3603    0.5979   17.3919   -2.0834  -18.4522   -5.0521
   -3.1164   16.2008    1.1882   18.6783  -14.4878  -19.9745
eta,q 0.97257  8.46582
  0.0278  0.0277  0.0276  0.0280  0.0279  0.0280  0.0277  0.0279  0.0277  0.0279  0.0276  0.0276
  0.0276  0.0276  0.0275  0.0277  0.0277  0.0277  0.0275  0.0276  0.0275  0.0276  0.0275  0.0275
  0.0275  0.0275  0.0275  0.0275  0.0275  0.0275  0.0275  0.0275  0.0275  0.0275  0.0274  0.0274
  0.0274  0.0274  0.0274  0.0274  0.0274  0.0274  0.0274  0.0274  0.0274  0.0274  0.0274  0.0274
  0.0275  0.0275  0.0274  0.0275  0.0275  0.0275  0.0275  0.0275  0.0275  0.0275  0.0274  0.0274
  0.0276  0.0276  0.0275  0.0277  0.0276  0.0277  0.0275  0.0277  0.0276  0.0276  0.0275  0.0275
  0.0278  0.0278  0.0276  0.0280  0.0279  0.0279  0.0277  0.0279  0.0277  0.0279  0.0276  0.0276
registration optimization eta report
parameter search radius
    0.8000    0.8000    0.8000    2.4000    2.4000    2.4000
    2.4000    2.4000    2.4000    2.4000    2.4000    2.4000
100000*second partial in parameter space
       52.       50.       26.       10.        8.        9.
        4.        9.        5.        8.        3.        2.
  0.0278  0.0277  0.0276  0.0280  0.0279  0.0280  0.0277  0.0279  0.0277  0.0279  0.0276  0.0276
  0.0276  0.0276  0.0275  0.0277  0.0277  0.0277  0.0275  0.0276  0.0275  0.0276  0.0275  0.0275
  0.0275  0.0275  0.0275  0.0275  0.0275  0.0275  0.0275  0.0275  0.0275  0.0275  0.0274  0.0274
  0.0274  0.0274  0.0274  0.0274  0.0274  0.0274  0.0274  0.0274  0.0274  0.0274  0.0274  0.0274
  0.0275  0.0275  0.0274  0.0275  0.0275  0.0275  0.0275  0.0275  0.0275  0.0275  0.0274  0.0274
  0.0276  0.0276  0.0275  0.0277  0.0276  0.0277  0.0275  0.0277  0.0276  0.0276  0.0275  0.0275
  0.0278  0.0278  0.0276  0.0280  0.0279  0.0279  0.0277  0.0279  0.0277  0.0279  0.0276  0.0276
   -2.3603    0.5979   17.3919   -2.0834  -18.4522   -5.0521
   -3.1164   16.2008    1.1882   18.6783  -14.4878  -19.9745
eta,q 0.97257  8.46582

---------------------------------------------------------------------
compute_vox2vox talsrcimg talsrcimg_to_711-2C_as_mni_average_305_t4 /opt/freesurfer/average/711-2C_as_mni_average_305
---------------------------------------------------------------------

freesurfer compute_vox2vox.c
Reading: talsrcimg.4dfp.ifh
Reading: talsrcimg_to_711-2C_as_mni_average_305_t4
Reading: /opt/freesurfer/average/711-2C_as_mni_average_305.4dfp.ifh
Writing: talsrcimg_to_711-2C_as_mni_average_305_t4_vox2vox.txt

start time Mon Mar 9 21:32:45 CET 2026
end		time Mon Mar 9 21:34:16 CET 2026

mpr2mni305 success

avi2talxfm orig_nu.mgz /opt/freesurfer/average/mni305.cor.mgz talsrcimg_to_711-2C_as_mni_average_305_t4_vox2vox.txt transforms/talairach.auto.xfm
avi2talxfm done
mv -f /out/sourcedata/freesurfer/sub-v1s2x0051465_ses-1/mri/talsrcimg_to_711-2C_as_mni_average_305_t4_vox2vox.txt /out/sourcedata/freesurfer/sub-v1s2x0051465_ses-1/mri/transforms/talsrcimg_to_711-2C_as_mni_average_305_t4_vox2vox.txt
lta_convert --src orig_nu.mgz --trg /opt/freesurfer/average/mni305.cor.mgz --inxfm transforms/talairach.auto.xfm --outlta transforms/talairach.auto.xfm.lta --subject fsaverage
7.3.2

--src: orig_nu.mgz src image (geometry).
--trg: /opt/freesurfer/average/mni305.cor.mgz trg image (geometry).
--inmni: transforms/talairach.auto.xfm input MNI/XFM transform.
--outlta: transforms/talairach.auto.xfm.lta output LTA.
--s: fsaverage subject name
 LTA read, type : 1
 0.99627  -0.16932  -0.00340   9.88628;
 0.14211   0.98064   0.24563  -63.87096;
-0.04707  -0.22215   1.17006  -16.35576;
 0.00000   0.00000   0.00000   1.00000;
setting subject to fsaverage
Writing  LTA to file transforms/talairach.auto.xfm.lta...
lta_convert successful.
 
 
Started at Mon Mar 9 21:32:44 CET 2026
Ended   at Mon Mar  9 21:34:16 CET 2026
talairach_avi done
