1771886794s 1 02235a03-04d5-44b3-85db-446704f9f321
1771989495s 1 039f5897-1b18-4616-a5b3-dd0f7b44650d
1772469248s 1 0403dcfd-b19d-48a6-a371-3b685d27217d
1772130999s 1 0e570fb2-f837-439c-86c9-c87b0b99e919
1771992139s 1 13a51485-6155-469e-9178-d5fa6004d33b
1772092913s 1 145e9c02-e4a4-4e14-8b3a-89116946e8ca
1772073884s 1 1610b414-8fce-4356-9eca-ed54b84f2895
1772131910s 1 1aeae159-0026-438e-a383-a82f2ff43784
1771665940s 1 1e32e23b-6d65-42ad-8cec-9ba2888b8974
1772072851s 1 22195218-e831-4c5e-87de-3d112fc7df4e
1771848348s 1 261645e8-0c80-4059-9e72-196c23e7fc41
1772486868s 1 268e35ab-54d5-41a1-8e6a-bbded26b5ed6
1771845741s 1 2781e2b1-aedf-4230-8eca-826fc8719874
1772056068s 1 28db72d1-c6ef-4486-9cb7-2e1c83e5c552
1772115085s 1 2ebc693e-b6a8-43e1-9fd2-027ebbb07577
1772038605s 1 3183ea4c-2b85-4f50-9349-ab14356090b2
1772061270s 1 349f5925-9270-4cb6-bb52-c55b5c9019cf
1772121338s 1 3926350c-400d-46a8-a9ec-3b32ce2a2d68
1771846041s 1 3ac9c862-eb44-465e-8eef-c361783c5942
1772056642s 1 3c89d671-4cda-4da8-8639-56812e365a65
1772122800s 1 42eb9c0e-3930-43a5-963c-ba391c8b0659
1771987551s 1 4424a394-2b25-43a1-84d6-bfc06f785e3d
1771887876s 1 45b478fe-f7cf-41da-ad37-27b036be1a46
1772035668s 1 463654a9-d24d-4aba-adbb-45808e3a3137
1772082331s 1 46dab277-2034-4c8f-951b-1f1b74a1f611
1772038930s 1 499e2356-d07b-4a11-a2f9-7a8e7bec6921
1771941178s 1 4a264581-49b7-42f4-926b-f3a00c77c802
1772074435s 1 4a2b0837-5a8c-4127-93a6-4375c52686ac
1772113133s 1 4a8d6aac-d62c-4c4e-9539-b92fb4ea5a16
1772054977s 1 4b23b029-33a9-4a96-9017-e58ba08b3bed
1771884366s 1 4d2de43f-abfe-4742-9ee3-3b8906abc63d
1772094735s 1 4ea8f9bc-78a0-43e8-a5c8-ecfb34479aa0
1772069623s 1 4ee482fa-cc24-4c01-ab27-3dcda7337b4b
1772487920s 1 4f7fd394-b9bb-4f39-81cf-74fc7ae0ca52
1772140366s 1 598e9b3d-b999-48f5-be91-4fc03b169079
1771885120s 1 59d78ae0-ebbe-4bc6-b0dd-69f52030e18f
1772020010s 1 5bee027b-0453-4f0b-ba21-ad0821f7a977
1772019655s 1 646f8658-e047-4eab-8bfb-aab31331792f
1772045235s 1 6825bee1-d99f-4676-8130-e0e018d7cc42
1771990764s 1 6ea7a810-0d64-45bc-95f7-441b6e586519
1772092451s 1 6f9588fd-c910-4ffd-909e-2dec9dea16ca
1772130848s 1 71bf678b-10ae-4ac0-b239-aea6d77c113e
1772019704s 1 7235892e-0d08-46c1-9924-4695784914b1
1772024085s 1 77853132-5398-401a-baf9-575865565925
1772036838s 1 794b5f6a-3f3f-4613-8e10-79bfd03b09be
1772468738s 1 7b40e160-e048-4671-9d35-6321295e0cb0
1772468710s 1 7c2cd729-c58c-4551-b24a-98aee7ef1647
1772102740s 1 807c6469-3ce4-4856-8767-0a6956f43239
1771887897s 1 816c8d45-c18d-4ebd-8f08-c398e3e58f5f
1771845278s 1 85e76da5-55df-4e9e-be44-f0e8011fa7de
1771987868s 1 87151b8d-702b-418e-bbc5-5c13f1bb8a17
1772471050s 1 8da24154-f353-49c1-89b4-d3c7f9268acf
1772078923s 1 9dfa8ab1-e54e-44f2-95d3-cb4bcbb5e1a0
1772020962s 1 9e6b210c-8250-4654-a828-4ad0595507c2
1771886575s 1 9ee60bcd-0dc0-4d46-acd4-0c99c2c5e424
1771886342s 1 acc1a68d-ff63-4944-bc27-92fb16376614
1772111721s 1 acd8b987-1b99-48a2-b1e7-701652c90503
1772470280s 1 aefc6d01-1f59-4f90-aa8d-c4fd21196f8d
1772038420s 1 aff28dd5-e954-41e3-b382-242699a3157e
1772058029s 1 b6fc213c-9765-4c67-a922-645dc81f462d
1771849701s 1 b7649ddc-45ef-4edc-84bd-05db63ebc656
1771990274s 1 bff3cfcd-443f-4a65-aa7f-382b53048584
1772505767s 1 c0fbfd69-0367-4580-a1af-9e711702b816
1771847423s 1 c38f6f46-3206-4851-8c38-9ada51fff813
1772019525s 1 c4770fbc-dc1f-4537-90da-6040bfae0ba0
1771847813s 1 c8ac207d-5666-4fb9-a64f-cc17add3029c
1772091349s 1 e1f2ab72-9b73-4717-a489-91cacc42d5ef
1772100296s 1 ef0f9f13-211b-4c0f-9a91-e88efe5ae471
1772069917s 1 f0231a24-7825-4acc-be00-f59a4b82249e
1772113577s 1 f1b0730c-17a5-484c-9079-c3d3550c45a1
1771885583s 1 f230ea37-6d3d-4bfc-9d26-424c970b8cfb
1772035615s 1 fe8c1d1b-705e-4d6d-a27f-f71c6ed00389
