status file for recon-all
Tue Mar 10 00:03:58 CET 2026
#@# Tessellate rh Tue Mar 10 00:03:59 CET 2026
#@# Smooth1 rh Tue Mar 10 00:04:02 CET 2026
#@# Inflation1 rh Tue Mar 10 00:04:06 CET 2026
#@# QSphere rh Tue Mar 10 00:04:20 CET 2026
#@# Fix Topology rh Tue Mar 10 00:05:30 CET 2026
#@# Smooth2 rh Tue Mar 10 00:13:11 CET 2026
#@# Inflation2 rh Tue Mar 10 00:13:15 CET 2026
#@# Curv .H and .K rh Tue Mar 10 00:13:28 CET 2026
#@# Sphere rh Tue Mar 10 00:14:32 CET 2026
#@# Surf Reg rh Tue Mar 10 00:20:59 CET 2026
#@# Jacobian white rh Tue Mar 10 00:28:10 CET 2026
#@# AvgCurv rh Tue Mar 10 00:28:11 CET 2026
#@# Cortical Parc rh Tue Mar 10 00:28:12 CET 2026
#@# white curv rh Tue Mar 10 00:35:55 CET 2026
#@# white area rh Tue Mar 10 00:35:58 CET 2026
#@# pial curv rh Tue Mar 10 00:35:59 CET 2026
#@# pial area rh Tue Mar 10 00:36:01 CET 2026
#@# thickness rh Tue Mar 10 00:36:02 CET 2026
#@# area and vertex vol rh Tue Mar 10 00:36:43 CET 2026
#@# Curvature Stats rh Tue Mar 10 00:36:44 CET 2026
#@# Cortical Parc 2 rh Tue Mar 10 00:36:48 CET 2026
#@# Cortical Parc 3 rh Tue Mar 10 00:37:05 CET 2026
#@# WM/GM Contrast rh Tue Mar 10 00:37:18 CET 2026
recon-all -s sub-v1s2x0051468_ses-1 finished without error at Tue Mar 10 00:37:22 CET 2026



#New# invocation of recon-all 



status file for recon-all
Tue Mar 10 00:52:37 CET 2026
#@# white curv rh Tue Mar 10 00:52:37 CET 2026
#@# white area rh Tue Mar 10 00:52:37 CET 2026
#@# pial curv rh Tue Mar 10 00:52:37 CET 2026
#@# pial area rh Tue Mar 10 00:52:37 CET 2026
#@# thickness rh Tue Mar 10 00:52:37 CET 2026
#@# area and vertex vol rh Tue Mar 10 00:52:37 CET 2026
#@# Parcellation Stats rh Tue Mar 10 00:52:37 CET 2026
#@# Parcellation Stats 2 rh Tue Mar 10 00:53:07 CET 2026
#@# Parcellation Stats 3 rh Tue Mar 10 00:53:23 CET 2026
#@# BA_exvivo Labels rh Tue Mar 10 00:53:38 CET 2026
recon-all -s sub-v1s2x0051468_ses-1 finished without error at Tue Mar 10 00:56:41 CET 2026
