status file for recon-all
Mon Mar  9 21:32:46 CET 2026
#@# MotionCor Mon Mar  9 21:32:48 CET 2026
#@# Talairach Mon Mar  9 21:32:56 CET 2026
#@# Talairach Failure Detection Mon Mar  9 21:37:20 CET 2026
#@# Nu Intensity Correction Mon Mar  9 21:37:20 CET 2026
#@# Intensity Normalization Mon Mar  9 21:40:33 CET 2026
recon-all -s sub-v1s2x0051468_ses-1 finished without error at Mon Mar  9 21:42:14 CET 2026



#New# invocation of recon-all 



status file for recon-all
Mon Mar  9 21:49:07 CET 2026
#@# EM Registration Mon Mar  9 21:49:07 CET 2026
recon-all -s sub-v1s2x0051468_ses-1 finished without error at Mon Mar  9 21:50:46 CET 2026



#New# invocation of recon-all 



status file for recon-all
Mon Mar  9 21:50:50 CET 2026
#@# CA Normalize Mon Mar  9 21:50:50 CET 2026
#@# CA Reg Mon Mar  9 21:52:12 CET 2026
#@# SubCort Seg Mon Mar  9 22:31:29 CET 2026
#@# CC Seg Mon Mar  9 23:19:44 CET 2026
#@# Merge ASeg Mon Mar  9 23:20:20 CET 2026
#@# Intensity Normalization2 Mon Mar  9 23:20:20 CET 2026
#@# Mask BFS Mon Mar  9 23:22:43 CET 2026
#@# WM Segmentation Mon Mar  9 23:22:44 CET 2026
#@# Fill Mon Mar  9 23:25:25 CET 2026
recon-all -s sub-v1s2x0051468_ses-1 finished without error at Mon Mar  9 23:26:26 CET 2026



#New# invocation of recon-all 



status file for recon-all
Tue Mar 10 00:37:27 CET 2026
#@# white curv lh Tue Mar 10 00:37:27 CET 2026
#@# white area lh Tue Mar 10 00:37:27 CET 2026
#@# pial curv lh Tue Mar 10 00:37:27 CET 2026
#@# pial area lh Tue Mar 10 00:37:27 CET 2026
#@# thickness lh Tue Mar 10 00:37:27 CET 2026
#@# area and vertex vol lh Tue Mar 10 00:37:27 CET 2026
#@# white curv rh Tue Mar 10 00:37:27 CET 2026
#@# white area rh Tue Mar 10 00:37:27 CET 2026
#@# pial curv rh Tue Mar 10 00:37:27 CET 2026
#@# pial area rh Tue Mar 10 00:37:27 CET 2026
#@# thickness rh Tue Mar 10 00:37:27 CET 2026
#@# area and vertex vol rh Tue Mar 10 00:37:27 CET 2026
#@# Cortical ribbon mask Tue Mar 10 00:37:27 CET 2026
recon-all -s sub-v1s2x0051468_ses-1 finished without error at Tue Mar 10 00:48:32 CET 2026



#New# invocation of recon-all 



status file for recon-all
Tue Mar 10 00:56:47 CET 2026
#@# white curv lh Tue Mar 10 00:56:47 CET 2026
#@# white area lh Tue Mar 10 00:56:47 CET 2026
#@# pial curv lh Tue Mar 10 00:56:47 CET 2026
#@# pial area lh Tue Mar 10 00:56:47 CET 2026
#@# thickness lh Tue Mar 10 00:56:47 CET 2026
#@# area and vertex vol lh Tue Mar 10 00:56:47 CET 2026
#@# white curv rh Tue Mar 10 00:56:47 CET 2026
#@# white area rh Tue Mar 10 00:56:47 CET 2026
#@# pial curv rh Tue Mar 10 00:56:47 CET 2026
#@# pial area rh Tue Mar 10 00:56:47 CET 2026
#@# thickness rh Tue Mar 10 00:56:47 CET 2026
#@# area and vertex vol rh Tue Mar 10 00:56:47 CET 2026
#@# Curvature Stats lh Tue Mar 10 00:56:47 CET 2026
#@# Curvature Stats rh Tue Mar 10 00:56:50 CET 2026
#@# Relabel Hypointensities Tue Mar 10 00:56:53 CET 2026
#@# APas-to-ASeg Tue Mar 10 00:57:10 CET 2026
#@# AParc-to-ASeg aparc Tue Mar 10 00:57:18 CET 2026
#@# AParc-to-ASeg aparc.a2009s Tue Mar 10 00:58:14 CET 2026
#@# AParc-to-ASeg aparc.DKTatlas Tue Mar 10 00:59:10 CET 2026
#@# WMParc Tue Mar 10 01:00:05 CET 2026
#@# ASeg Stats Tue Mar 10 01:03:40 CET 2026
recon-all -s sub-v1s2x0051468_ses-1 finished without error at Tue Mar 10 01:04:12 CET 2026
