/out/sourcedata/freesurfer/sub-v1s2x0051486_ses-1/mri
/opt/freesurfer/bin/talairach_avi
--i orig_nu.mgz --xfm transforms/talairach.auto.xfm
talairach_avi 7.3.2
Linux dna054 5.14.0-427.37.1.el9_4.x86_64 #1 SMP PREEMPT_DYNAMIC Fri Sep 13 12:41:50 EDT 2024 x86_64 x86_64 x86_64 GNU/Linux
Wed Mar 11 20:51:13 CET 2026
mri_convert orig_nu.mgz talsrcimg.img 
reading from orig_nu.mgz...
TR=0.00, TE=0.00, TI=0.00, flip angle=0.00
i_ras = (-1, 0, 0)
j_ras = (0, 0, -1)
k_ras = (0, 1, 0)
writing to talsrcimg.img...
Analyze Output Matrix
-1.00000   0.00000   0.00000   126.78813;
 0.00000   0.00000   1.00000  -66.98305;
 0.00000  -1.00000   0.00000   113.72882;
 0.00000   0.00000   0.00000   1.00000;
--------------------
INFO: set hdr.hist.orient to -1
mpr2mni305 talsrcimg
Wed Mar 11 20:51:13 CET 2026
/opt/freesurfer/bin/mpr2mni305 talsrcimg
mpr2mni305 7.3.2
target=711-2C_as_mni_average_305

---------------------------------------------------------------------
analyzeto4dfp talsrcimg -O0 -y
---------------------------------------------------------------------

freesurfer ifh2hdr.c
Wed Mar 11 20:51:13 2026
Writing: talsrcimg.4dfp.hdr
freesurfer analyzeto4dfp.c
Reading: talsrcimg.hdr
header size 348 bytes
hdr.dime.datatype	offset=70	value=2
hdr.dime.bitpix		offset=72	value=8
hdr.hist.orient		offset=252	value=-1
dimensionality     4
dimensions       256       256       256         1
Reading: talsrcimg.img
Writing: talsrcimg.4dfp.img
Writing: talsrcimg.4dfp.ifh
ifh2hdr talsrcimg -r0to255
ori=2

---------------------------------------------------------------------
gauss_4dfp talsrcimg 1.1
---------------------------------------------------------------------

freesurfer gauss_4dfp.c
Reading: talsrcimg.4dfp.img
Writing: talsrcimg_g11.4dfp.img
image dimensions 256 256 256 padded to 288 288 288
processing volume 1freesurfer ifh2hdr.c
Wed Mar 11 20:51:15 2026
Writing: talsrcimg_g11.4dfp.hdr

Writing: talsrcimg_g11.4dfp.ifh
including: talsrcimg.4dfp.img.rec in talsrcimg_g11.4dfp.img.rec

---------------------------------------------------------------------
imgreg_4dfp /opt/freesurfer/average/711-2C_as_mni_average_305 none talsrcimg_g11 none talsrcimg_to_711-2C_as_mni_average_305_t4 4355
---------------------------------------------------------------------

freesurfer imgreg_4dfp.c
/opt/freesurfer/average/711-2C_as_mni_average_305.4dfp.img
       256       256       256         1
  1.000000  1.000000  1.000000
orientation T byte_order littleendian
Reading image: /opt/freesurfer/average/711-2C_as_mni_average_305.4dfp.img
dimensions:      256       256       256
mmppix:       1.0000   -1.0000   -1.0000
center:     128.0000 -129.0000 -129.0000
talsrcimg_g11.4dfp.img
       256       256       256         1
  1.000000  1.000000  1.000000
orientation T byte_order littleendian
Reading image: talsrcimg_g11.4dfp.img
dimensions:      256       256       256
mmppix:       1.0000   -1.0000   -1.0000
center:     128.0000 -129.0000 -129.0000
t4_read: open error in t4_sub.f l:  41 t4_file(1:l)talsrcimg_to_711-2C_as_mni_average_305_t4 
t4_read: transform initialized to I4
rotation matrix determinant  1.000000
image alignment mode   4355 decimal     1103 hex
   -7.5000  -45.0000  -45.0000 5886.7754   12.6256
    0.0000  -45.0000  -45.0000 6149.1279   12.6274
    7.5000  -45.0000  -45.0000 5910.2993   12.6469
   -7.5000  -37.5000  -45.0000 6499.5122   12.1622
    0.0000  -37.5000  -45.0000 6796.0190   12.1673
    7.5000  -37.5000  -45.0000 6509.9102   12.1860
   -7.5000  -30.0000  -45.0000 7431.0249   11.8672
    0.0000  -30.0000  -45.0000 7772.3950   11.8701
    7.5000  -30.0000  -45.0000 7425.6084   11.8830
   -7.5000  -22.5000  -45.0000 8420.6641   11.6875
    0.0000  -22.5000  -45.0000 8828.9053   11.6887
    7.5000  -22.5000  -45.0000 8428.0078   11.6993
   -7.5000  -15.0000  -45.0000 9450.4590   11.5795
    0.0000  -15.0000  -45.0000 9911.4424   11.5805
    7.5000  -15.0000  -45.0000 9461.7686   11.5926
   -7.5000   -7.5000  -45.000010532.6934   11.5547
    0.0000   -7.5000  -45.000011040.7617   11.5571
    7.5000   -7.5000  -45.000010517.7900   11.5736
   -7.5000    0.0000  -45.000011509.4736   11.5518
    0.0000    0.0000  -45.000012069.0732   11.5556
    7.5000    0.0000  -45.000011497.0566   11.5753
   -7.5000    7.5000  -45.000011532.2461   11.5446
    0.0000    7.5000  -45.000012109.5596   11.5484
    7.5000    7.5000  -45.000011543.5303   11.5653
   -7.5000   15.0000  -45.000011461.8672   11.5334
    0.0000   15.0000  -45.000012011.1719   11.5357
    7.5000   15.0000  -45.000011455.3838   11.5476
   -7.5000   22.5000  -45.000011309.5928   11.5268
    0.0000   22.5000  -45.000011841.2725   11.5277
    7.5000   22.5000  -45.000011297.3662   11.5379
   -7.5000   30.0000  -45.000011053.8535   11.3823
    0.0000   30.0000  -45.000011571.7070   11.3830
    7.5000   30.0000  -45.000011038.6387   11.3949
   -7.5000   37.5000  -45.000011086.0400   11.3927
    0.0000   37.5000  -45.000011600.6514   11.3950
    7.5000   37.5000  -45.000011049.2441   11.4113
   -7.5000   45.0000  -45.000010725.4883   11.1085
    0.0000   45.0000  -45.000011223.9463   11.1121
    7.5000   45.0000  -45.000010668.8457   11.1310
   -7.5000  -45.0000  -37.5000 6150.5591   12.5283
    0.0000  -45.0000  -37.5000 6434.7969   12.5274
    7.5000  -45.0000  -37.5000 6173.0137   12.5438
   -7.5000  -37.5000  -37.5000 6790.7866   12.0687
    0.0000  -37.5000  -37.5000 7115.7920   12.0720
    7.5000  -37.5000  -37.5000 6801.5527   12.0897
   -7.5000  -30.0000  -37.5000 7775.9746   11.7736
    0.0000  -30.0000  -37.5000 8150.9644   11.7746
    7.5000  -30.0000  -37.5000 7770.9932   11.7864
   -7.5000  -22.5000  -37.5000 8845.1016   11.5945
    0.0000  -22.5000  -37.5000 9275.3623   11.5926
    7.5000  -22.5000  -37.5000 8857.2373   11.5988
   -7.5000  -15.0000  -37.5000 9945.8965   11.4877
    0.0000  -15.0000  -37.500010432.2617   11.4851
    7.5000  -15.0000  -37.5000 9958.1230   11.4907
   -7.5000   -7.5000  -37.500011068.4443   11.4634
    0.0000   -7.5000  -37.500011603.3047   11.4625
    7.5000   -7.5000  -37.500011068.9648   11.4732
   -7.5000    0.0000  -37.500012091.4160   11.4607
    0.0000    0.0000  -37.500012682.2393   11.4622
    7.5000    0.0000  -37.500012093.2256   11.4790
   -7.5000    7.5000  -37.500012112.2227   11.4527
    0.0000    7.5000  -37.500012715.4443   11.4551
    7.5000    7.5000  -37.500012138.7451   11.4716
   -7.5000   15.0000  -37.500012021.2031   11.4402
    0.0000   15.0000  -37.500012603.7402   11.4407
    7.5000   15.0000  -37.500012023.2754   11.4515
   -7.5000   22.5000  -37.500011862.5938   11.4334
    0.0000   22.5000  -37.500012433.2607   11.4312
    7.5000   22.5000  -37.500011846.8203   11.4371
   -7.5000   30.0000  -37.500011568.4570   11.2908
    0.0000   30.0000  -37.500012136.5791   11.2881
    7.5000   30.0000  -37.500011550.4346   11.2935
   -7.5000   37.5000  -37.500011617.6172   11.3024
    0.0000   37.5000  -37.500012166.8604   11.3014
    7.5000   37.5000  -37.500011584.1348   11.3120
   -7.5000   45.0000  -37.500011221.8555   11.0208
    0.0000   45.0000  -37.500011744.7002   11.0222
    7.5000   45.0000  -37.500011167.1562   11.0385
   -7.5000  -45.0000  -30.0000 6549.9058   13.0392
    0.0000  -45.0000  -30.0000 6859.5801   13.0345
    7.5000  -45.0000  -30.0000 6566.3535   13.0433
   -7.5000  -37.5000  -30.0000 7244.1841   12.5597
    0.0000  -37.5000  -30.0000 7589.4263   12.5615
    7.5000  -37.5000  -30.0000 7243.9668   12.5739
   -7.5000  -30.0000  -30.0000 8308.1924   12.2514
    0.0000  -30.0000  -30.0000 8706.3418   12.2529
    7.5000  -30.0000  -30.0000 8304.1748   12.2611
   -7.5000  -22.5000  -30.0000 9459.9102   12.0662
    0.0000  -22.5000  -30.0000 9922.3867   12.0637
    7.5000  -22.5000  -30.0000 9480.9375   12.0647
   -7.5000  -15.0000  -30.000010649.8096   11.9565
    0.0000  -15.0000  -30.000011161.7803   11.9516
    7.5000  -15.0000  -30.000010666.4463   11.9496
   -7.5000   -7.5000  -30.000011850.6064   11.9315
    0.0000   -7.5000  -30.000012418.0801   11.9269
    7.5000   -7.5000  -30.000011853.2227   11.9296
   -7.5000    0.0000  -30.000012962.9805   11.9279
    0.0000    0.0000  -30.000013577.9033   11.9264
    7.5000    0.0000  -30.000012964.6602   11.9368
   -7.5000    7.5000  -30.000012995.7158   11.9190
    0.0000    7.5000  -30.000013612.9297   11.9206
    7.5000    7.5000  -30.000013021.0234   11.9330
   -7.5000   15.0000  -30.000012866.2305   11.9056
    0.0000   15.0000  -30.000013470.2598   11.9065
    7.5000   15.0000  -30.000012874.3506   11.9141
   -7.5000   22.5000  -30.000012671.3115   11.8978
    0.0000   22.5000  -30.000013284.0820   11.8952
    7.5000   22.5000  -30.000012661.2139   11.8960
   -7.5000   30.0000  -30.000012364.0029   11.7530
    0.0000   30.0000  -30.000012984.5557   11.7479
    7.5000   30.0000  -30.000012367.0947   11.7459
   -7.5000   37.5000  -30.000012425.5039   11.7651
    0.0000   37.5000  -30.000013045.2568   11.7605
    7.5000   37.5000  -30.000012428.7949   11.7631
   -7.5000   45.0000  -30.000011945.7793   11.4786
    0.0000   45.0000  -30.000012524.8926   11.4771
    7.5000   45.0000  -30.000011912.5557   11.4871
   -7.5000  -45.0000  -22.5000 6926.9287   13.4818
    0.0000  -45.0000  -22.5000 7267.7524   13.4741
    7.5000  -45.0000  -22.5000 6942.5405   13.4767
   -7.5000  -37.5000  -22.5000 7678.7588   12.9851
    0.0000  -37.5000  -22.5000 8048.9209   12.9864
    7.5000  -37.5000  -22.5000 7684.4546   12.9925
   -7.5000  -30.0000  -22.5000 8823.9902   12.6657
    0.0000  -30.0000  -22.5000 9237.8545   12.6698
    7.5000  -30.0000  -22.5000 8825.4834   12.6747
   -7.5000  -22.5000  -22.500010061.7080   12.4740
    0.0000  -22.5000  -22.500010543.8926   12.4746
    7.5000  -22.5000  -22.500010086.1533   12.4747
   -7.5000  -15.0000  -22.500011327.6377   12.3618
    0.0000  -15.0000  -22.500011871.7559   12.3574
    7.5000  -15.0000  -22.500011353.2109   12.3547
   -7.5000   -7.5000  -22.500012609.3311   12.3369
    0.0000   -7.5000  -22.500013213.9219   12.3305
    7.5000   -7.5000  -22.500012630.0283   12.3302
   -7.5000    0.0000  -22.500013804.7168   12.3335
    0.0000    0.0000  -22.500014469.8975   12.3297
    7.5000    0.0000  -22.500013848.4395   12.3348
   -7.5000    7.5000  -22.500013871.1680   12.3235
    0.0000    7.5000  -22.500014529.6650   12.3250
    7.5000    7.5000  -22.500013920.0332   12.3320
   -7.5000   15.0000  -22.500013705.8740   12.3084
    0.0000   15.0000  -22.500014345.6416   12.3119
    7.5000   15.0000  -22.500013731.6055   12.3165
   -7.5000   22.5000  -22.500013469.0000   12.2992
    0.0000   22.5000  -22.500014114.2070   12.2994
    7.5000   22.5000  -22.500013480.4795   12.2996
   -7.5000   30.0000  -22.500013151.0039   12.1533
    0.0000   30.0000  -22.500013813.4102   12.1488
    7.5000   30.0000  -22.500013183.6758   12.1461
   -7.5000   37.5000  -22.500013208.7988   12.1668
    0.0000   37.5000  -22.500013891.5342   12.1604
    7.5000   37.5000  -22.500013253.2793   12.1602
   -7.5000   45.0000  -22.500012665.0225   11.8777
    0.0000   45.0000  -22.500013300.9922   11.8741
    7.5000   45.0000  -22.500012654.8105   11.8790
   -7.5000  -45.0000  -15.0000 7258.7939   13.7958
    0.0000  -45.0000  -15.0000 7615.6758   13.7888
    7.5000  -45.0000  -15.0000 7277.2583   13.7927
   -7.5000  -37.5000  -15.0000 8077.0508   13.2901
    0.0000  -37.5000  -15.0000 8460.1670   13.2915
    7.5000  -37.5000  -15.0000 8073.7588   13.2967
   -7.5000  -30.0000  -15.0000 9310.6182   12.9641
    0.0000  -30.0000  -15.0000 9756.2881   12.9693
    7.5000  -30.0000  -15.0000 9311.2178   12.9740
   -7.5000  -22.5000  -15.000010641.9922   12.7657
    0.0000  -22.5000  -15.000011148.5908   12.7688
    7.5000  -22.5000  -15.000010656.6328   12.7727
   -7.5000  -15.0000  -15.000011977.0967   12.6492
    0.0000  -15.0000  -15.000012530.9893   12.6473
    7.5000  -15.0000  -15.000011997.3076   12.6506
   -7.5000   -7.5000  -15.000013342.3027   12.6244
    0.0000   -7.5000  -15.000013972.2383   12.6197
    7.5000   -7.5000  -15.000013382.8232   12.6242
   -7.5000    0.0000  -15.000014615.8545   12.6229
    0.0000    0.0000  -15.000015327.6338   12.6196
    7.5000    0.0000  -15.000014694.2041   12.6259
   -7.5000    7.5000  -15.000014727.3799   12.6140
    0.0000    7.5000  -15.000015435.7617   12.6154
    7.5000    7.5000  -15.000014802.1270   12.6211
   -7.5000   15.0000  -15.000014563.5322   12.5980
    0.0000   15.0000  -15.000015249.1309   12.6026
    7.5000   15.0000  -15.000014631.2070   12.6070
   -7.5000   22.5000  -15.000014255.5410   12.5861
    0.0000   22.5000  -15.000014942.5625   12.5886
    7.5000   22.5000  -15.000014330.6436   12.5923
   -7.5000   30.0000  -15.000013920.9014   12.4376
    0.0000   30.0000  -15.000014598.0449   12.4355
    7.5000   30.0000  -15.000014006.4600   12.4387
   -7.5000   37.5000  -15.000013985.5195   12.4521
    0.0000   37.5000  -15.000014703.6123   12.4474
    7.5000   37.5000  -15.000014079.9639   12.4519
   -7.5000   45.0000  -15.000013371.2393   12.1638
    0.0000   45.0000  -15.000014055.3740   12.1607
    7.5000   45.0000  -15.000013422.6377   12.1667
   -7.5000  -45.0000   -7.5000 7596.2832   13.9495
    0.0000  -45.0000   -7.5000 7961.4492   13.9481
    7.5000  -45.0000   -7.5000 7608.1782   13.9620
   -7.5000  -37.5000   -7.5000 8481.2422   13.4405
    0.0000  -37.5000   -7.5000 8883.2217   13.4445
    7.5000  -37.5000   -7.5000 8488.4844   13.4573
   -7.5000  -30.0000   -7.5000 9804.0430   13.1137
    0.0000  -30.0000   -7.500010278.2998   13.1182
    7.5000  -30.0000   -7.5000 9817.8652   13.1277
   -7.5000  -22.5000   -7.500011213.7646   12.9129
    0.0000  -22.5000   -7.500011762.5801   12.9163
    7.5000  -22.5000   -7.500011230.2686   12.9258
   -7.5000  -15.0000   -7.500012617.8174   12.7932
    0.0000  -15.0000   -7.500013236.9053   12.7944
    7.5000  -15.0000   -7.500012652.4795   12.8056
   -7.5000   -7.5000   -7.500014026.1396   12.7668
    0.0000   -7.5000   -7.500014728.5332   12.7672
    7.5000   -7.5000   -7.500014088.6504   12.7810
   -7.5000    0.0000   -7.500015405.8887   12.7651
    0.0000    0.0000   -7.500016170.2666   12.7665
    7.5000    0.0000   -7.500015462.4062   12.7815
   -7.5000    7.5000   -7.500015548.2051   12.7572
    0.0000    7.5000   -7.500016328.9697   12.7602
    7.5000    7.5000   -7.500015614.0371   12.7722
   -7.5000   15.0000   -7.500015429.2803   12.7427
    0.0000   15.0000   -7.500016236.8945   12.7466
    7.5000   15.0000   -7.500015546.7021   12.7554
   -7.5000   22.5000   -7.500015173.1299   12.7293
    0.0000   22.5000   -7.500015928.8613   12.7322
    7.5000   22.5000   -7.500015317.6816   12.7412
   -7.5000   30.0000   -7.500014802.5869   12.5786
    0.0000   30.0000   -7.500015508.1689   12.5795
    7.5000   30.0000   -7.500014913.1582   12.5904
   -7.5000   37.5000   -7.500014841.1934   12.5922
    0.0000   37.5000   -7.500015587.8281   12.5925
    7.5000   37.5000   -7.500014933.6611   12.6061
   -7.5000   45.0000   -7.500014145.0879   12.3032
    0.0000   45.0000   -7.500014902.4082   12.3045
    7.5000   45.0000   -7.500014197.6172   12.3190
   -7.5000  -45.0000    0.0000 7842.4468   13.9760
    0.0000  -45.0000    0.0000 8214.1396   13.9779
    7.5000  -45.0000    0.0000 7847.9229   13.9994
   -7.5000  -37.5000    0.0000 8792.0176   13.4654
    0.0000  -37.5000    0.0000 9233.1289   13.4711
    7.5000  -37.5000    0.0000 8814.3027   13.4915
   -7.5000  -30.0000    0.000010202.8457   13.1388
    0.0000  -30.0000    0.000010730.9092   13.1421
    7.5000  -30.0000    0.000010241.4365   13.1562
   -7.5000  -22.5000    0.000011704.5244   12.9392
    0.0000  -22.5000    0.000012292.1982   12.9407
    7.5000  -22.5000    0.000011753.0654   12.9523
   -7.5000  -15.0000    0.000013193.6523   12.8197
    0.0000  -15.0000    0.000013834.5430   12.8208
    7.5000  -15.0000    0.000013243.1797   12.8342
   -7.5000   -7.5000    0.000014689.9707   12.7923
    0.0000   -7.5000    0.000015428.1318   12.7949
    7.5000   -7.5000    0.000014779.7695   12.8131
   -7.5000    0.0000    0.000016102.4883   12.7894
    0.0000    0.0000    0.000016857.7559   12.7935
    7.5000    0.0000    0.000016182.0850   12.8152
   -7.5000    7.5000    0.000016200.1357   12.7807
    0.0000    7.5000    0.000016915.1270   12.7849
    7.5000    7.5000    0.000016214.0811   12.8034
   -7.5000   15.0000    0.000016084.5967   12.7671
    0.0000   15.0000    0.000017035.0684   12.7697
    7.5000   15.0000    0.000016199.8994   12.7827
   -7.5000   22.5000    0.000015982.5732   12.7552
    0.0000   22.5000    0.000017094.5352   12.7562
    7.5000   22.5000    0.000016226.9092   12.7674
   -7.5000   30.0000    0.000015676.0811   12.6048
    0.0000   30.0000    0.000016701.7598   12.6057
    7.5000   30.0000    0.000015839.4072   12.6188
   -7.5000   37.5000    0.000015624.8096   12.6176
    0.0000   37.5000    0.000016548.2656   12.6201
    7.5000   37.5000    0.000015721.1104   12.6380
   -7.5000   45.0000    0.000014796.6025   12.3275
    0.0000   45.0000    0.000015602.6016   12.3315
    7.5000   45.0000    0.000014859.5322   12.3523
   -7.5000  -45.0000    7.5000 7486.2778   14.0033
    0.0000  -45.0000    7.5000 7817.7778   14.0023
    7.5000  -45.0000    7.5000 7484.6357   14.0206
   -7.5000  -37.5000    7.5000 8422.7646   13.4899
    0.0000  -37.5000    7.5000 8816.9795   13.4936
    7.5000  -37.5000    7.5000 8443.1787   13.5134
   -7.5000  -30.0000    7.5000 9794.4482   13.1603
    0.0000  -30.0000    7.500010284.8906   13.1615
    7.5000  -30.0000    7.5000 9841.7324   13.1747
   -7.5000  -22.5000    7.500011236.1729   12.9605
    0.0000  -22.5000    7.500011808.8984   12.9584
    7.5000  -22.5000    7.500011293.0928   12.9653
   -7.5000  -15.0000    7.500012675.1914   12.8414
    0.0000  -15.0000    7.500013317.0820   12.8386
    7.5000  -15.0000    7.500012737.2969   12.8448
   -7.5000   -7.5000    7.500014161.1738   12.8143
    0.0000   -7.5000    7.500014921.7070   12.8133
    7.5000   -7.5000    7.500014270.9756   12.8252
   -7.5000    0.0000    7.500015568.6523   12.8111
    0.0000    0.0000    7.500016408.9023   12.8128
    7.5000    0.0000    7.500015686.6504   12.8316
   -7.5000    7.5000    7.500015701.2549   12.8020
    0.0000    7.5000    7.500016480.2227   12.8047
    7.5000    7.5000    7.500015758.1035   12.8232
   -7.5000   15.0000    7.500015588.6377   12.7881
    0.0000   15.0000    7.500016533.6816   12.7886
    7.5000   15.0000    7.500015727.5986   12.8007
   -7.5000   22.5000    7.500015525.3418   12.7764
    0.0000   22.5000    7.500016577.6895   12.7741
    7.5000   22.5000    7.500015763.2969   12.7807
   -7.5000   30.0000    7.500015246.7285   12.6262
    0.0000   30.0000    7.500016210.1621   12.6233
    7.5000   30.0000    7.500015444.1582   12.6293
   -7.5000   37.5000    7.500015218.9619   12.6392
    0.0000   37.5000    7.500016116.4971   12.6382
    7.5000   37.5000    7.500015366.6699   12.6499
   -7.5000   45.0000    7.500014399.9092   12.3484
    0.0000   45.0000    7.500015189.8760   12.3500
    7.5000   45.0000    7.500014516.4160   12.3682
   -7.5000  -45.0000   15.0000 7057.2495   14.0452
    0.0000  -45.0000   15.0000 7367.0122   14.0401
    7.5000  -45.0000   15.0000 7070.7114   14.0496
   -7.5000  -37.5000   15.0000 7933.9219   13.5295
    0.0000  -37.5000   15.0000 8333.4717   13.5314
    7.5000  -37.5000   15.0000 7965.8354   13.5448
   -7.5000  -30.0000   15.0000 9229.5254   13.1981
    0.0000  -30.0000   15.0000 9717.3330   13.1998
    7.5000  -30.0000   15.0000 9281.9951   13.2087
   -7.5000  -22.5000   15.000010638.3604   12.9989
    0.0000  -22.5000   15.000011180.2607   12.9962
    7.5000  -22.5000   15.000010671.4316   12.9973
   -7.5000  -15.0000   15.000012054.2412   12.8806
    0.0000  -15.0000   15.000012670.6826   12.8753
    7.5000  -15.0000   15.000012108.1484   12.8731
   -7.5000   -7.5000   15.000013469.8682   12.8536
    0.0000   -7.5000   15.000014199.5439   12.8486
    7.5000   -7.5000   15.000013573.0879   12.8515
   -7.5000    0.0000   15.000014777.1035   12.8498
    0.0000    0.0000   15.000015525.3896   12.8481
    7.5000    0.0000   15.000014850.1455   12.8594
   -7.5000    7.5000   15.000014861.7119   12.8401
    0.0000    7.5000   15.000015565.2412   12.8418
    7.5000    7.5000   15.000014917.6709   12.8553
   -7.5000   15.0000   15.000014798.9873   12.8256
    0.0000   15.0000   15.000015576.2998   12.8266
    7.5000   15.0000   15.000014947.8994   12.8348
   -7.5000   22.5000   15.000014707.2949   12.8144
    0.0000   22.5000   15.000015358.9785   12.8115
    7.5000   22.5000   15.000014793.3164   12.8125
   -7.5000   30.0000   15.000014367.8906   12.6649
    0.0000   30.0000   15.000014934.2998   12.6595
    7.5000   30.0000   15.000014414.0684   12.6573
   -7.5000   37.5000   15.000014416.3398   12.6780
    0.0000   37.5000   15.000015033.2139   12.6730
    7.5000   37.5000   15.000014469.0811   12.6759
   -7.5000   45.0000   15.000013711.4834   12.3857
    0.0000   45.0000   15.000014335.0762   12.3841
    7.5000   45.0000   15.000013776.5654   12.3949
   -7.5000  -45.0000   22.5000 6553.1870   14.1644
    0.0000  -45.0000   22.5000 6874.7583   14.1561
    7.5000  -45.0000   22.5000 6586.4263   14.1585
   -7.5000  -37.5000   22.5000 7380.4146   13.6413
    0.0000  -37.5000   22.5000 7760.5269   13.6425
    7.5000  -37.5000   22.5000 7434.1919   13.6488
   -7.5000  -30.0000   22.5000 8624.9033   13.3057
    0.0000  -30.0000   22.5000 9082.3262   13.3099
    7.5000  -30.0000   22.5000 8679.2197   13.3150
   -7.5000  -22.5000   22.5000 9960.4277   13.1046
    0.0000  -22.5000   22.500010481.5020   13.1051
    7.5000  -22.5000   22.500010009.4854   13.1050
   -7.5000  -15.0000   22.500011275.6895   12.9872
    0.0000  -15.0000   22.500011872.2031   12.9823
    7.5000  -15.0000   22.500011340.2881   12.9791
   -7.5000   -7.5000   22.500012587.2812   12.9609
    0.0000   -7.5000   22.500013233.0762   12.9539
    7.5000   -7.5000   22.500012653.2373   12.9533
   -7.5000    0.0000   22.500013782.5254   12.9571
    0.0000    0.0000   22.500014434.1553   12.9529
    7.5000    0.0000   22.500013819.7041   12.9581
   -7.5000    7.5000   22.500013871.8486   12.9467
    0.0000    7.5000   22.500014519.5586   12.9482
    7.5000    7.5000   22.500013915.8271   12.9554
   -7.5000   15.0000   22.500013839.8379   12.9310
    0.0000   15.0000   22.500014490.5596   12.9346
    7.5000   15.0000   22.500013928.4414   12.9393
   -7.5000   22.5000   22.500013704.2451   12.9195
    0.0000   22.5000   22.500014235.1240   12.9196
    7.5000   22.5000   22.500013705.9082   12.9195
   -7.5000   30.0000   22.500013373.4492   12.7699
    0.0000   30.0000   22.500013897.0654   12.7649
    7.5000   30.0000   22.500013365.6064   12.7618
   -7.5000   37.5000   22.500013486.9072   12.7839
    0.0000   37.5000   22.500014078.1992   12.7769
    7.5000   37.5000   22.500013503.6533   12.7763
   -7.5000   45.0000   22.500012878.1533   12.4891
    0.0000   45.0000   22.500013445.1816   12.4851
    7.5000   45.0000   22.500012905.4746   12.4901
   -7.5000  -45.0000   30.0000 6044.6152   14.3522
    0.0000  -45.0000   30.0000 6327.5322   14.3451
    7.5000  -45.0000   30.0000 6072.0190   14.3484
   -7.5000  -37.5000   30.0000 6826.3511   13.8200
    0.0000  -37.5000   30.0000 7160.0083   13.8218
    7.5000  -37.5000   30.0000 6874.5371   13.8266
   -7.5000  -30.0000   30.0000 7983.8804   13.4788
    0.0000  -30.0000   30.0000 8385.4072   13.4843
    7.5000  -30.0000   30.0000 8023.0410   13.4886
   -7.5000  -22.5000   30.0000 9192.5186   13.2722
    0.0000  -22.5000   30.0000 9661.2812   13.2753
    7.5000  -22.5000   30.0000 9236.6416   13.2787
   -7.5000  -15.0000   30.000010388.4785   13.1516
    0.0000  -15.0000   30.000010909.8096   13.1494
    7.5000  -15.0000   30.000010432.0430   13.1521
   -7.5000   -7.5000   30.000011590.9092   13.1254
    0.0000   -7.5000   30.000012164.2812   13.1205
    7.5000   -7.5000   30.000011615.9824   13.1245
   -7.5000    0.0000   30.000012719.0400   13.1232
    0.0000    0.0000   30.000013313.7715   13.1202
    7.5000    0.0000   30.000012727.9551   13.1261
   -7.5000    7.5000   30.000012827.7676   13.1143
    0.0000    7.5000   30.000013445.7656   13.1161
    7.5000    7.5000   30.000012884.7783   13.1216
   -7.5000   15.0000   30.000012774.4150   13.0982
    0.0000   15.0000   30.000013365.8496   13.1032
    7.5000   15.0000   30.000012822.0146   13.1073
   -7.5000   22.5000   30.000012621.2021   13.0846
    0.0000   22.5000   30.000013117.5264   13.0872
    7.5000   22.5000   30.000012593.0020   13.0905
   -7.5000   30.0000   30.000012338.4277   12.9315
    0.0000   30.0000   30.000012836.2900   12.9292
    7.5000   30.0000   30.000012317.4180   12.9318
   -7.5000   37.5000   30.000012484.3232   12.9460
    0.0000   37.5000   30.000013020.1699   12.9411
    7.5000   37.5000   30.000012479.6797   12.9451
   -7.5000   45.0000   30.000011938.2734   12.6493
    0.0000   45.0000   30.000012432.9932   12.6463
    7.5000   45.0000   30.000011931.9746   12.6520
   -7.5000  -45.0000   37.5000 5811.5264   14.7145
    0.0000  -45.0000   37.5000 6073.8467   14.7131
    7.5000  -45.0000   37.5000 5825.8086   14.7277
   -7.5000  -37.5000   37.5000 6561.8511   14.1593
    0.0000  -37.5000   37.5000 6864.2231   14.1643
    7.5000  -37.5000   37.5000 6600.5791   14.1783
   -7.5000  -30.0000   37.5000 7656.5796   13.8073
    0.0000  -30.0000   37.5000 8023.4614   13.8131
    7.5000  -30.0000   37.5000 7687.0562   13.8238
   -7.5000  -22.5000   37.5000 8810.0791   13.5943
    0.0000  -22.5000   37.5000 9238.3936   13.5987
    7.5000  -22.5000   37.5000 8827.1465   13.6091
   -7.5000  -15.0000   37.5000 9957.9268   13.4684
    0.0000  -15.0000   37.500010445.5166   13.4699
    7.5000  -15.0000   37.5000 9973.3486   13.4818
   -7.5000   -7.5000   37.500011122.9668   13.4391
    0.0000   -7.5000   37.500011645.0742   13.4397
    7.5000   -7.5000   37.500011114.0205   13.4542
   -7.5000    0.0000   37.500012188.2764   13.4352
    0.0000    0.0000   37.500012756.5283   13.4370
    7.5000    0.0000   37.500012190.6680   13.4529
   -7.5000    7.5000   37.500012313.3662   13.4265
    0.0000    7.5000   37.500012905.5254   13.4306
    7.5000    7.5000   37.500012344.1152   13.4437
   -7.5000   15.0000   37.500012254.8389   13.4125
    0.0000   15.0000   37.500012808.3818   13.4177
    7.5000   15.0000   37.500012257.5938   13.4277
   -7.5000   22.5000   37.500012070.5449   13.4001
    0.0000   22.5000   37.500012581.5742   13.4039
    7.5000   22.5000   37.500012044.9062   13.4139
   -7.5000   30.0000   37.500011793.2266   13.2424
    0.0000   30.0000   37.500012289.3359   13.2435
    7.5000   30.0000   37.500011782.4434   13.2552
   -7.5000   37.5000   37.500011954.0244   13.2552
    0.0000   37.5000   37.500012460.9111   13.2556
    7.5000   37.5000   37.500011937.4277   13.2699
   -7.5000   45.0000   37.500011471.6348   12.9499
    0.0000   45.0000   37.500011934.2793   12.9517
    7.5000   45.0000   37.500011450.5127   12.9671
   -7.5000  -45.0000   45.0000 5341.4316   15.1756
    0.0000  -45.0000   45.0000 5575.6616   15.1799
    7.5000  -45.0000   45.0000 5350.9287   15.1999
   -7.5000  -37.5000   45.0000 6034.5962   14.5823
    0.0000  -37.5000   45.0000 6312.9878   14.5904
    7.5000  -37.5000   45.0000 6066.1294   14.6098
   -7.5000  -30.0000   45.0000 7050.3633   14.2101
    0.0000  -30.0000   45.0000 7373.8477   14.2149
    7.5000  -30.0000   45.0000 7070.6265   14.2274
   -7.5000  -22.5000   45.0000 8110.4688   13.9882
    0.0000  -22.5000   45.0000 8484.6133   13.9911
    7.5000  -22.5000   45.0000 8121.9092   14.0010
   -7.5000  -15.0000   45.0000 9153.4746   13.8576
    0.0000  -15.0000   45.0000 9593.0518   13.8605
    7.5000  -15.0000   45.0000 9167.0645   13.8724
   -7.5000   -7.5000   45.000010214.7119   13.8268
    0.0000   -7.5000   45.000010696.5449   13.8318
    7.5000   -7.5000   45.000010198.9580   13.8488
   -7.5000    0.0000   45.000011179.5635   13.8201
    0.0000    0.0000   45.000011713.7158   13.8268
    7.5000    0.0000   45.000011183.7783   13.8478
   -7.5000    7.5000   45.000011296.1221   13.8088
    0.0000    7.5000   45.000011830.4580   13.8150
    7.5000    7.5000   45.000011306.4580   13.8327
   -7.5000   15.0000   45.000011249.0820   13.7949
    0.0000   15.0000   45.000011742.1670   13.7990
    7.5000   15.0000   45.000011224.1738   13.8105
   -7.5000   22.5000   45.000011068.0566   13.7845
    0.0000   22.5000   45.000011539.4385   13.7870
    7.5000   22.5000   45.000011032.4219   13.7965
   -7.5000   30.0000   45.000010816.6035   13.6228
    0.0000   30.0000   45.000011275.6416   13.6255
    7.5000   30.0000   45.000010789.9375   13.6371
   -7.5000   37.5000   45.000010937.8428   13.6359
    0.0000   37.5000   45.000011400.2354   13.6407
    7.5000   37.5000   45.000010922.9297   13.6575
   -7.5000   45.0000   45.000010512.4736   13.3270
    0.0000   45.0000   45.000010939.3809   13.3335
    7.5000   45.0000   45.000010490.3203   13.3537

---------------------------------------------------------------------
imgreg_4dfp /opt/freesurfer/average/711-2C_as_mni_average_305 /opt/freesurfer/average/711-2B_as_mni_average_305_mask talsrcimg_g11 none talsrcimg_to_711-2C_as_mni_average_305_t4 4355
---------------------------------------------------------------------

freesurfer imgreg_4dfp.c
/opt/freesurfer/average/711-2C_as_mni_average_305.4dfp.img
       256       256       256         1
  1.000000  1.000000  1.000000
orientation T byte_order littleendian
Reading image: /opt/freesurfer/average/711-2C_as_mni_average_305.4dfp.img
dimensions:      256       256       256
mmppix:       1.0000   -1.0000   -1.0000
center:     128.0000 -129.0000 -129.0000
/opt/freesurfer/average/711-2B_as_mni_average_305_mask.4dfp.img
       256       256       256         1
  1.000000  1.000000  1.000000
orientation T byte_order littleendian
Reading mask: /opt/freesurfer/average/711-2B_as_mni_average_305_mask.4dfp.img (2306576 pixels)
talsrcimg_g11.4dfp.img
       256       256       256         1
  1.000000  1.000000  1.000000
orientation T byte_order littleendian
Reading image: talsrcimg_g11.4dfp.img
dimensions:      256       256       256
mmppix:       1.0000   -1.0000   -1.0000
center:     128.0000 -129.0000 -129.0000
rotation matrix determinant  1.000000
image alignment mode   4355 decimal     1103 hex
   -7.5000  -22.5000  -45.0000 2121.0945   14.7756
    0.0000  -22.5000  -45.0000 2131.0706   14.8228
    7.5000  -22.5000  -45.0000 2119.7253   14.9156
   -7.5000  -15.0000  -45.0000 2235.6194   13.2887
    0.0000  -15.0000  -45.0000 2246.6030   13.3157
    7.5000  -15.0000  -45.0000 2237.1560   13.4033
   -7.5000   -7.5000  -45.0000 2340.7527   12.1501
    0.0000   -7.5000  -45.0000 2353.5635   12.1663
    7.5000   -7.5000  -45.0000 2339.4822   12.2451
   -7.5000    0.0000  -45.0000 2410.5864   11.2809
    0.0000    0.0000  -45.0000 2424.1082   11.2732
    7.5000    0.0000  -45.0000 2409.9082   11.3666
   -7.5000    7.5000  -45.0000 2453.0144   10.6719
    0.0000    7.5000  -45.0000 2466.5225   10.6394
    7.5000    7.5000  -45.0000 2453.6902   10.7306
   -7.5000   15.0000  -45.0000 2483.4448   10.2710
    0.0000   15.0000  -45.0000 2498.5859   10.2209
    7.5000   15.0000  -45.0000 2484.5706   10.3131
   -7.5000   22.5000  -45.0000 2492.5530   10.0908
    0.0000   22.5000  -45.0000 2503.0168   10.0222
    7.5000   22.5000  -45.0000 2493.0376   10.1216
   -7.5000   30.0000  -45.0000 2484.5552   10.1023
    0.0000   30.0000  -45.0000 2500.5562   10.0239
    7.5000   30.0000  -45.0000 2487.1191   10.1176
   -7.5000   37.5000  -45.0000 2459.7183   10.2916
    0.0000   37.5000  -45.0000 2472.9915   10.2254
    7.5000   37.5000  -45.0000 2458.9197   10.3409
   -7.5000   45.0000  -45.0000 2416.2515   10.7193
    0.0000   45.0000  -45.0000 2433.1174   10.6562
    7.5000   45.0000  -45.0000 2414.7295   10.7602
   -7.5000   52.5000  -45.0000 2330.4990   11.2732
    0.0000   52.5000  -45.0000 2344.7258   11.2168
    7.5000   52.5000  -45.0000 2327.1338   11.3277
   -7.5000   60.0000  -45.0000 2196.3701   11.9200
    0.0000   60.0000  -45.0000 2212.0742   11.8527
    7.5000   60.0000  -45.0000 2200.4216   11.9386
   -7.5000   67.5000  -45.0000 2041.5995   12.6047
    0.0000   67.5000  -45.0000 2056.7354   12.4945
    7.5000   67.5000  -45.0000 2045.2140   12.5998
   -7.5000  -22.5000  -37.5000 2177.6692   13.9741
    0.0000  -22.5000  -37.5000 2188.5725   13.9930
    7.5000  -22.5000  -37.5000 2176.8301   14.1187
   -7.5000  -15.0000  -37.5000 2301.9209   12.5447
    0.0000  -15.0000  -37.5000 2316.9060   12.5246
    7.5000  -15.0000  -37.5000 2301.9597   12.6538
   -7.5000   -7.5000  -37.5000 2408.3796   11.4533
    0.0000   -7.5000  -37.5000 2422.2395   11.4225
    7.5000   -7.5000  -37.5000 2409.6484   11.5284
   -7.5000    0.0000  -37.5000 2482.8477   10.6022
    0.0000    0.0000  -37.5000 2500.4634   10.5859
    7.5000    0.0000  -37.5000 2486.3928   10.6712
   -7.5000    7.5000  -37.5000 2533.1948    9.9883
    0.0000    7.5000  -37.5000 2547.5144    9.9527
    7.5000    7.5000  -37.5000 2538.4060   10.0330
   -7.5000   15.0000  -37.5000 2570.3643    9.5913
    0.0000   15.0000  -37.5000 2585.9624    9.5407
    7.5000   15.0000  -37.5000 2571.4744    9.6371
   -7.5000   22.5000  -37.5000 2587.8125    9.4043
    0.0000   22.5000  -37.5000 2603.8621    9.3438
    7.5000   22.5000  -37.5000 2590.4683    9.4376
   -7.5000   30.0000  -37.5000 2582.2646    9.4138
    0.0000   30.0000  -37.5000 2600.0837    9.3350
    7.5000   30.0000  -37.5000 2584.7241    9.4289
   -7.5000   37.5000  -37.5000 2559.2021    9.5943
    0.0000   37.5000  -37.5000 2575.1541    9.5273
    7.5000   37.5000  -37.5000 2557.7375    9.6227
   -7.5000   45.0000  -37.5000 2511.3979    9.9851
    0.0000   45.0000  -37.5000 2530.4895    9.9060
    7.5000   45.0000  -37.5000 2512.0532   10.0127
   -7.5000   52.5000  -37.5000 2423.1226   10.4989
    0.0000   52.5000  -37.5000 2436.7065   10.4227
    7.5000   52.5000  -37.5000 2420.1655   10.5293
   -7.5000   60.0000  -37.5000 2282.9822   11.0881
    0.0000   60.0000  -37.5000 2299.4856   10.9952
    7.5000   60.0000  -37.5000 2285.2339   11.0779
   -7.5000   67.5000  -37.5000 2111.9341   11.7172
    0.0000   67.5000  -37.5000 2132.6279   11.6123
    7.5000   67.5000  -37.5000 2119.5215   11.6865
   -7.5000  -22.5000  -30.0000 2267.1936   13.7575
    0.0000  -22.5000  -30.0000 2280.1086   13.7516
    7.5000  -22.5000  -30.0000 2269.5950   13.8785
   -7.5000  -15.0000  -30.0000 2399.1880   12.3142
    0.0000  -15.0000  -30.0000 2413.3464   12.2748
    7.5000  -15.0000  -30.0000 2400.7122   12.4196
   -7.5000   -7.5000  -30.0000 2509.7676   11.1894
    0.0000   -7.5000  -30.0000 2526.1204   11.1357
    7.5000   -7.5000  -30.0000 2512.3154   11.2731
   -7.5000    0.0000  -30.0000 2595.3098   10.3298
    0.0000    0.0000  -30.0000 2614.0752   10.2708
    7.5000    0.0000  -30.0000 2599.2419   10.3887
   -7.5000    7.5000  -30.0000 2656.1025    9.7034
    0.0000    7.5000  -30.0000 2671.8311    9.6517
    7.5000    7.5000  -30.0000 2660.6746    9.7562
   -7.5000   15.0000  -30.0000 2702.1196    9.2761
    0.0000   15.0000  -30.0000 2718.5684    9.2108
    7.5000   15.0000  -30.0000 2705.1897    9.3119
   -7.5000   22.5000  -30.0000 2731.4160    9.0506
    0.0000   22.5000  -30.0000 2750.0398    9.0006
    7.5000   22.5000  -30.0000 2735.8184    9.0792
   -7.5000   30.0000  -30.0000 2729.6030    9.0561
    0.0000   30.0000  -30.0000 2746.5581    8.9876
    7.5000   30.0000  -30.0000 2731.9429    9.0643
   -7.5000   37.5000  -30.0000 2706.7856    9.2610
    0.0000   37.5000  -30.0000 2728.3203    9.1673
    7.5000   37.5000  -30.0000 2711.2581    9.2704
   -7.5000   45.0000  -30.0000 2658.5940    9.6399
    0.0000   45.0000  -30.0000 2682.2986    9.5362
    7.5000   45.0000  -30.0000 2661.9292    9.6446
   -7.5000   52.5000  -30.0000 2559.5122   10.1249
    0.0000   52.5000  -30.0000 2578.8970   10.0375
    7.5000   52.5000  -30.0000 2559.8892   10.1292
   -7.5000   60.0000  -30.0000 2406.3271   10.6890
    0.0000   60.0000  -30.0000 2427.7151   10.5873
    7.5000   60.0000  -30.0000 2411.1519   10.6710
   -7.5000   67.5000  -30.0000 2225.0542   11.3227
    0.0000   67.5000  -30.0000 2247.2317   11.2175
    7.5000   67.5000  -30.0000 2235.0178   11.2709
   -7.5000  -22.5000  -22.5000 2318.9602   13.5262
    0.0000  -22.5000  -22.5000 2336.1577   13.4621
    7.5000  -22.5000  -22.5000 2324.9153   13.6250
   -7.5000  -15.0000  -22.5000 2453.5627   12.0502
    0.0000  -15.0000  -22.5000 2470.1863   11.9845
    7.5000  -15.0000  -22.5000 2459.0710   12.1404
   -7.5000   -7.5000  -22.5000 2573.5464   10.9061
    0.0000   -7.5000  -22.5000 2588.7593   10.8538
    7.5000   -7.5000  -22.5000 2575.2246   10.9907
   -7.5000    0.0000  -22.5000 2670.7490   10.0155
    0.0000    0.0000  -22.5000 2688.6953    9.9558
    7.5000    0.0000  -22.5000 2674.0181   10.0997
   -7.5000    7.5000  -22.5000 2744.3506    9.3596
    0.0000    7.5000  -22.5000 2762.8940    9.2996
    7.5000    7.5000  -22.5000 2748.9563    9.4243
   -7.5000   15.0000  -22.5000 2794.8960    8.9142
    0.0000   15.0000  -22.5000 2816.6833    8.8420
    7.5000   15.0000  -22.5000 2800.1741    8.9542
   -7.5000   22.5000  -22.5000 2838.1531    8.6549
    0.0000   22.5000  -22.5000 2862.8506    8.5808
    7.5000   22.5000  -22.5000 2843.4712    8.6723
   -7.5000   30.0000  -22.5000 2844.0823    8.6667
    0.0000   30.0000  -22.5000 2864.3855    8.5772
    7.5000   30.0000  -22.5000 2847.0818    8.6611
   -7.5000   37.5000  -22.5000 2820.5381    8.8638
    0.0000   37.5000  -22.5000 2844.4124    8.7602
    7.5000   37.5000  -22.5000 2829.7046    8.8450
   -7.5000   45.0000  -22.5000 2768.0667    9.2264
    0.0000   45.0000  -22.5000 2794.9270    9.1276
    7.5000   45.0000  -22.5000 2772.5452    9.2294
   -7.5000   52.5000  -22.5000 2659.4387    9.7017
    0.0000   52.5000  -22.5000 2684.2671    9.5994
    7.5000   52.5000  -22.5000 2666.3235    9.6958
   -7.5000   60.0000  -22.5000 2500.7156   10.2672
    0.0000   60.0000  -22.5000 2524.2119   10.1536
    7.5000   60.0000  -22.5000 2507.6157   10.2519
   -7.5000   67.5000  -22.5000 2309.7983   10.8766
    0.0000   67.5000  -22.5000 2330.7107   10.7777
    7.5000   67.5000  -22.5000 2320.2727   10.8445
   -7.5000  -22.5000  -15.0000 2346.6519   13.3243
    0.0000  -22.5000  -15.0000 2362.7012   13.2535
    7.5000  -22.5000  -15.0000 2348.7554   13.4416
   -7.5000  -15.0000  -15.0000 2479.5891   11.8374
    0.0000  -15.0000  -15.0000 2495.0574   11.7444
    7.5000  -15.0000  -15.0000 2481.2463   11.9263
   -7.5000   -7.5000  -15.0000 2599.5081   10.6837
    0.0000   -7.5000  -15.0000 2614.8838   10.5879
    7.5000   -7.5000  -15.0000 2602.2725   10.7509
   -7.5000    0.0000  -15.0000 2706.0173    9.7660
    0.0000    0.0000  -15.0000 2720.2280    9.6792
    7.5000    0.0000  -15.0000 2707.4575    9.8393
   -7.5000    7.5000  -15.0000 2793.4451    9.0779
    0.0000    7.5000  -15.0000 2811.8601    8.9936
    7.5000    7.5000  -15.0000 2793.9978    9.1413
   -7.5000   15.0000  -15.0000 2856.9131    8.5920
    0.0000   15.0000  -15.0000 2879.5618    8.5147
    7.5000   15.0000  -15.0000 2862.7810    8.6472
   -7.5000   22.5000  -15.0000 2904.3301    8.3270
    0.0000   22.5000  -15.0000 2937.1560    8.2097
    7.5000   22.5000  -15.0000 2912.8005    8.3466
   -7.5000   30.0000  -15.0000 2917.7449    8.3164
    0.0000   30.0000  -15.0000 2943.4573    8.1955
    7.5000   30.0000  -15.0000 2920.9097    8.3157
   -7.5000   37.5000  -15.0000 2896.1882    8.5115
    0.0000   37.5000  -15.0000 2923.9956    8.3852
    7.5000   37.5000  -15.0000 2906.4648    8.4923
   -7.5000   45.0000  -15.0000 2839.1868    8.8673
    0.0000   45.0000  -15.0000 2868.7656    8.7465
    7.5000   45.0000  -15.0000 2846.9470    8.8589
   -7.5000   52.5000  -15.0000 2724.6177    9.3515
    0.0000   52.5000  -15.0000 2754.6809    9.2071
    7.5000   52.5000  -15.0000 2733.2969    9.3382
   -7.5000   60.0000  -15.0000 2559.4253    9.9083
    0.0000   60.0000  -15.0000 2585.0452    9.7711
    7.5000   60.0000  -15.0000 2568.5640    9.8893
   -7.5000   67.5000  -15.0000 2362.7415   10.5284
    0.0000   67.5000  -15.0000 2386.3193   10.3867
    7.5000   67.5000  -15.0000 2372.5701   10.4887
   -7.5000  -22.5000   -7.5000 2352.3398   13.1567
    0.0000  -22.5000   -7.5000 2366.0242   13.0779
    7.5000  -22.5000   -7.5000 2352.4119   13.2745
   -7.5000  -15.0000   -7.5000 2484.0801   11.6536
    0.0000  -15.0000   -7.5000 2495.6841   11.5690
    7.5000  -15.0000   -7.5000 2482.3076   11.7603
   -7.5000   -7.5000   -7.5000 2601.7712   10.4825
    0.0000   -7.5000   -7.5000 2615.7703   10.3863
    7.5000   -7.5000   -7.5000 2603.0146   10.5693
   -7.5000    0.0000   -7.5000 2713.7021    9.5474
    0.0000    0.0000   -7.5000 2726.9983    9.4555
    7.5000    0.0000   -7.5000 2712.5979    9.6117
   -7.5000    7.5000   -7.5000 2811.8896    8.8362
    0.0000    7.5000   -7.5000 2828.4626    8.7396
    7.5000    7.5000   -7.5000 2808.0740    8.8835
   -7.5000   15.0000   -7.5000 2891.2976    8.3541
    0.0000   15.0000   -7.5000 2909.8855    8.2668
    7.5000   15.0000   -7.5000 2893.8635    8.3894
   -7.5000   22.5000   -7.5000 2946.9414    8.1060
    0.0000   22.5000   -7.5000 2987.1506    8.0094
    7.5000   22.5000   -7.5000 2960.8464    8.1420
   -7.5000   30.0000   -7.5000 2964.6121    8.0761
    0.0000   30.0000   -7.5000 3012.7996    7.9205
    7.5000   30.0000   -7.5000 2972.5833    8.0845
   -7.5000   37.5000   -7.5000 2941.8704    8.2361
    0.0000   37.5000   -7.5000 2973.8301    8.1283
    7.5000   37.5000   -7.5000 2948.5225    8.2271
   -7.5000   45.0000   -7.5000 2880.0364    8.5584
    0.0000   45.0000   -7.5000 2913.9543    8.4569
    7.5000   45.0000   -7.5000 2889.7473    8.5316
   -7.5000   52.5000   -7.5000 2761.2600    9.0396
    0.0000   52.5000   -7.5000 2793.6848    8.9210
    7.5000   52.5000   -7.5000 2772.7473    9.0010
   -7.5000   60.0000   -7.5000 2589.7397    9.6110
    0.0000   60.0000   -7.5000 2618.2695    9.4975
    7.5000   60.0000   -7.5000 2603.9832    9.5671
   -7.5000   67.5000   -7.5000 2390.9675   10.2323
    0.0000   67.5000   -7.5000 2416.2378   10.1146
    7.5000   67.5000   -7.5000 2400.9575   10.1848
   -7.5000  -22.5000    0.0000 2345.2859   13.1778
    0.0000  -22.5000    0.0000 2361.8267   13.0942
    7.5000  -22.5000    0.0000 2345.9473   13.3300
   -7.5000  -15.0000    0.0000 2472.8525   11.6322
    0.0000  -15.0000    0.0000 2484.8813   11.5185
    7.5000  -15.0000    0.0000 2468.1091   11.7511
   -7.5000   -7.5000    0.0000 2595.2969   10.4366
    0.0000   -7.5000    0.0000 2607.9023   10.3087
    7.5000   -7.5000    0.0000 2592.1562   10.5050
   -7.5000    0.0000    0.0000 2707.6294    9.4681
    0.0000    0.0000    0.0000 2720.2825    9.3292
    7.5000    0.0000    0.0000 2706.2278    9.5152
   -7.5000    7.5000    0.0000 2806.8713    8.7303
    0.0000    7.5000    0.0000 2820.9673    8.5955
    7.5000    7.5000    0.0000 2804.7710    8.7638
   -7.5000   15.0000    0.0000 2896.2549    8.2608
    0.0000   15.0000    0.0000 2916.1150    8.1520
    7.5000   15.0000    0.0000 2894.9768    8.2794
   -7.5000   22.5000    0.0000 2960.9177    8.0464
    0.0000   22.5000    0.0000 3010.9846    8.0204
    7.5000   22.5000    0.0000 2976.5757    8.0835
   -7.5000   30.0000    0.0000 2986.3713    8.0241
    0.0000   30.0000    0.0000 3055.7925    7.9466
    7.5000   30.0000    0.0000 3005.6577    8.0516
   -7.5000   37.5000    0.0000 2963.6399    8.1055
    0.0000   37.5000    0.0000 3009.1199    8.0175
    7.5000   37.5000    0.0000 2975.5811    8.0969
   -7.5000   45.0000    0.0000 2900.8040    8.3901
    0.0000   45.0000    0.0000 2935.8274    8.2742
    7.5000   45.0000    0.0000 2911.9968    8.3649
   -7.5000   52.5000    0.0000 2782.0547    8.8634
    0.0000   52.5000    0.0000 2811.8000    8.7330
    7.5000   52.5000    0.0000 2796.5591    8.8213
   -7.5000   60.0000    0.0000 2609.0618    9.4670
    0.0000   60.0000    0.0000 2635.9187    9.3207
    7.5000   60.0000    0.0000 2622.4094    9.4195
   -7.5000   67.5000    0.0000 2408.0984   10.0983
    0.0000   67.5000    0.0000 2429.4194    9.9726
    7.5000   67.5000    0.0000 2416.1624   10.0579
   -7.5000  -22.5000    7.5000 2330.9136   13.3217
    0.0000  -22.5000    7.5000 2348.9873   13.1893
    7.5000  -22.5000    7.5000 2332.3042   13.4348
   -7.5000  -15.0000    7.5000 2457.9473   11.7681
    0.0000  -15.0000    7.5000 2470.1633   11.6137
    7.5000  -15.0000    7.5000 2452.4192   11.8335
   -7.5000   -7.5000    7.5000 2580.4771   10.5552
    0.0000   -7.5000    7.5000 2593.7114   10.4149
    7.5000   -7.5000    7.5000 2575.6511   10.6067
   -7.5000    0.0000    7.5000 2694.2200    9.5913
    0.0000    0.0000    7.5000 2711.2253    9.4670
    7.5000    0.0000    7.5000 2688.7285    9.6423
   -7.5000    7.5000    7.5000 2795.9478    8.8438
    0.0000    7.5000    7.5000 2813.1282    8.7303
    7.5000    7.5000    7.5000 2789.0935    8.8805
   -7.5000   15.0000    7.5000 2885.8918    8.3470
    0.0000   15.0000    7.5000 2906.3000    8.2283
    7.5000   15.0000    7.5000 2884.2593    8.3564
   -7.5000   22.5000    7.5000 2955.7131    8.1123
    0.0000   22.5000    7.5000 2997.8435    8.0367
    7.5000   22.5000    7.5000 2967.6431    8.1423
   -7.5000   30.0000    7.5000 2984.1033    8.1032
    0.0000   30.0000    7.5000 3044.0068    7.9817
    7.5000   30.0000    7.5000 3004.4260    8.1090
   -7.5000   37.5000    7.5000 2960.7869    8.2179
    0.0000   37.5000    7.5000 3011.1270    8.0784
    7.5000   37.5000    7.5000 2976.7214    8.2127
   -7.5000   45.0000    7.5000 2898.6848    8.4938
    0.0000   45.0000    7.5000 2937.9607    8.3642
    7.5000   45.0000    7.5000 2910.8789    8.4789
   -7.5000   52.5000    7.5000 2783.5962    8.9204
    0.0000   52.5000    7.5000 2815.9497    8.8011
    7.5000   52.5000    7.5000 2799.0901    8.8854
   -7.5000   60.0000    7.5000 2611.2495    9.4824
    0.0000   60.0000    7.5000 2634.5750    9.3611
    7.5000   60.0000    7.5000 2626.6108    9.4300
   -7.5000   67.5000    7.5000 2409.3892   10.0769
    0.0000   67.5000    7.5000 2427.6138    9.9580
    7.5000   67.5000    7.5000 2420.0491   10.0130
   -7.5000  -22.5000   15.0000 2304.5781   13.6535
    0.0000  -22.5000   15.0000 2321.6191   13.4953
    7.5000  -22.5000   15.0000 2301.4863   13.7166
   -7.5000  -15.0000   15.0000 2435.4993   12.0644
    0.0000  -15.0000   15.0000 2450.5144   11.9131
    7.5000  -15.0000   15.0000 2426.4202   12.1173
   -7.5000   -7.5000   15.0000 2556.7427   10.8326
    0.0000   -7.5000   15.0000 2574.2129   10.6862
    7.5000   -7.5000   15.0000 2550.2332   10.8770
   -7.5000    0.0000   15.0000 2671.4114    9.8405
    0.0000    0.0000   15.0000 2687.6807    9.6902
    7.5000    0.0000   15.0000 2663.5398    9.8764
   -7.5000    7.5000   15.0000 2773.0859    9.0679
    0.0000    7.5000   15.0000 2793.6104    8.8999
    7.5000    7.5000   15.0000 2769.5759    9.0884
   -7.5000   15.0000   15.0000 2867.2820    8.5464
    0.0000   15.0000   15.0000 2892.1062    8.3910
    7.5000   15.0000   15.0000 2865.0276    8.5626
   -7.5000   22.5000   15.0000 2936.5144    8.3011
    0.0000   22.5000   15.0000 2974.3462    8.1601
    7.5000   22.5000   15.0000 2945.1313    8.3146
   -7.5000   30.0000   15.0000 2959.6277    8.2680
    0.0000   30.0000   15.0000 2999.8381    8.0516
    7.5000   30.0000   15.0000 2972.9050    8.2361
   -7.5000   37.5000   15.0000 2932.3992    8.4279
    0.0000   37.5000   15.0000 2974.9248    8.2190
    7.5000   37.5000   15.0000 2950.0730    8.3709
   -7.5000   45.0000   15.0000 2870.0801    8.7410
    0.0000   45.0000   15.0000 2904.1631    8.5827
    7.5000   45.0000   15.0000 2887.1401    8.6955
   -7.5000   52.5000   15.0000 2762.0488    9.1544
    0.0000   52.5000   15.0000 2788.5234    9.0264
    7.5000   52.5000   15.0000 2777.0994    9.1258
   -7.5000   60.0000   15.0000 2594.8262    9.6528
    0.0000   60.0000   15.0000 2614.0308    9.5288
    7.5000   60.0000   15.0000 2606.4341    9.6155
   -7.5000   67.5000   15.0000 2394.8950   10.1979
    0.0000   67.5000   15.0000 2412.1497   10.0686
    7.5000   67.5000   15.0000 2405.7424   10.1425
   -7.5000  -22.5000   22.5000 2268.7444   14.1857
    0.0000  -22.5000   22.5000 2281.9963   14.0368
    7.5000  -22.5000   22.5000 2260.0139   14.2704
   -7.5000  -15.0000   22.5000 2401.1460   12.5172
    0.0000  -15.0000   22.5000 2418.2610   12.3366
    7.5000  -15.0000   22.5000 2394.3596   12.5446
   -7.5000   -7.5000   22.5000 2526.0273   11.2210
    0.0000   -7.5000   22.5000 2546.4609   11.0305
    7.5000   -7.5000   22.5000 2521.1089   11.2106
   -7.5000    0.0000   22.5000 2638.8232   10.1926
    0.0000    0.0000   22.5000 2661.9595    9.9819
    7.5000    0.0000   22.5000 2639.5332   10.1713
   -7.5000    7.5000   22.5000 2746.0010    9.4080
    0.0000    7.5000   22.5000 2770.8513    9.1993
    7.5000    7.5000   22.5000 2744.8669    9.3916
   -7.5000   15.0000   22.5000 2836.5039    8.8935
    0.0000   15.0000   22.5000 2865.0681    8.7309
    7.5000   15.0000   22.5000 2841.3762    8.9069
   -7.5000   22.5000   22.5000 2899.2158    8.6370
    0.0000   22.5000   22.5000 2934.3750    8.4640
    7.5000   22.5000   22.5000 2908.2380    8.6356
   -7.5000   30.0000   22.5000 2915.4197    8.5675
    0.0000   30.0000   22.5000 2945.6096    8.3712
    7.5000   30.0000   22.5000 2922.9387    8.5141
   -7.5000   37.5000   22.5000 2893.7400    8.7368
    0.0000   37.5000   22.5000 2930.5151    8.5833
    7.5000   37.5000   22.5000 2908.4727    8.7023
   -7.5000   45.0000   22.5000 2829.8206    9.0988
    0.0000   45.0000   22.5000 2860.8801    8.9472
    7.5000   45.0000   22.5000 2845.6372    9.0560
   -7.5000   52.5000   22.5000 2723.0703    9.4943
    0.0000   52.5000   22.5000 2748.0164    9.3586
    7.5000   52.5000   22.5000 2734.6707    9.4606
   -7.5000   60.0000   22.5000 2557.3936    9.9639
    0.0000   60.0000   22.5000 2577.9639    9.8433
    7.5000   60.0000   22.5000 2570.9609    9.9360
   -7.5000   67.5000   22.5000 2362.3577   10.4680
    0.0000   67.5000   22.5000 2380.9453   10.3497
    7.5000   67.5000   22.5000 2378.9849   10.4047
   -7.5000  -22.5000   30.0000 2224.7202   14.8116
    0.0000  -22.5000   30.0000 2234.3123   14.6580
    7.5000  -22.5000   30.0000 2218.1121   14.8664
   -7.5000  -15.0000   30.0000 2356.5081   13.0321
    0.0000  -15.0000   30.0000 2372.7483   12.8646
    7.5000  -15.0000   30.0000 2354.2571   13.0609
   -7.5000   -7.5000   30.0000 2484.2817   11.6968
    0.0000   -7.5000   30.0000 2506.1174   11.4938
    7.5000   -7.5000   30.0000 2481.4062   11.6662
   -7.5000    0.0000   30.0000 2604.0476   10.6472
    0.0000    0.0000   30.0000 2630.8105   10.4328
    7.5000    0.0000   30.0000 2603.9148   10.6035
   -7.5000    7.5000   30.0000 2708.5642    9.8801
    0.0000    7.5000   30.0000 2740.8650    9.6823
    7.5000    7.5000   30.0000 2714.7957    9.8535
   -7.5000   15.0000   30.0000 2789.0376    9.3823
    0.0000   15.0000   30.0000 2825.7832    9.2288
    7.5000   15.0000   30.0000 2802.0200    9.3821
   -7.5000   22.5000   30.0000 2848.3574    9.1019
    0.0000   22.5000   30.0000 2883.2986    8.9068
    7.5000   22.5000   30.0000 2857.6353    9.0558
   -7.5000   30.0000   30.0000 2862.3943    8.9996
    0.0000   30.0000   30.0000 2892.5386    8.8519
    7.5000   30.0000   30.0000 2870.7166    8.9645
   -7.5000   37.5000   30.0000 2837.0835    9.1855
    0.0000   37.5000   30.0000 2873.7007    9.0475
    7.5000   37.5000   30.0000 2853.6575    9.1465
   -7.5000   45.0000   30.0000 2771.6714    9.5355
    0.0000   45.0000   30.0000 2799.5425    9.3946
    7.5000   45.0000   30.0000 2787.1802    9.4968
   -7.5000   52.5000   30.0000 2665.2024    9.9368
    0.0000   52.5000   30.0000 2683.2678    9.7961
    7.5000   52.5000   30.0000 2671.4497    9.9057
   -7.5000   60.0000   30.0000 2504.4243   10.3711
    0.0000   60.0000   30.0000 2525.1277   10.2367
    7.5000   60.0000   30.0000 2515.6672   10.3446
   -7.5000   67.5000   30.0000 2316.2393   10.8722
    0.0000   67.5000   30.0000 2339.7915   10.7488
    7.5000   67.5000   30.0000 2332.9609   10.8124
   -7.5000  -22.5000   37.5000 2176.4961   15.5438
    0.0000  -22.5000   37.5000 2190.5474   15.3826
    7.5000  -22.5000   37.5000 2173.8677   15.5519
   -7.5000  -15.0000   37.5000 2311.1658   13.7138
    0.0000  -15.0000   37.5000 2333.1179   13.5343
    7.5000  -15.0000   37.5000 2312.8359   13.6818
   -7.5000   -7.5000   37.5000 2443.1384   12.3319
    0.0000   -7.5000   37.5000 2466.1221   12.1174
    7.5000   -7.5000   37.5000 2442.3574   12.2644
   -7.5000    0.0000   37.5000 2560.0908   11.2677
    0.0000    0.0000   37.5000 2588.0850   11.0579
    7.5000    0.0000   37.5000 2563.1553   11.2008
   -7.5000    7.5000   37.5000 2659.8831   10.4956
    0.0000    7.5000   37.5000 2696.3069   10.3158
    7.5000    7.5000   37.5000 2670.6421   10.4494
   -7.5000   15.0000   37.5000 2734.5618    9.9817
    0.0000   15.0000   37.5000 2772.9109    9.8108
    7.5000   15.0000   37.5000 2748.9866    9.9314
   -7.5000   22.5000   37.5000 2782.5713    9.6668
    0.0000   22.5000   37.5000 2819.0205    9.5093
    7.5000   22.5000   37.5000 2794.4326    9.6303
   -7.5000   30.0000   37.5000 2794.3403    9.5538
    0.0000   30.0000   37.5000 2824.9365    9.4335
    7.5000   30.0000   37.5000 2807.6770    9.5413
   -7.5000   37.5000   37.5000 2769.5242    9.7465
    0.0000   37.5000   37.5000 2800.6157    9.6298
    7.5000   37.5000   37.5000 2783.0981    9.7097
   -7.5000   45.0000   37.5000 2704.0757   10.0752
    0.0000   45.0000   37.5000 2729.6240    9.9623
    7.5000   45.0000   37.5000 2718.5024   10.0340
   -7.5000   52.5000   37.5000 2596.1216   10.4758
    0.0000   52.5000   37.5000 2615.5166   10.3368
    7.5000   52.5000   37.5000 2605.2092   10.4291
   -7.5000   60.0000   37.5000 2440.0259   10.8938
    0.0000   60.0000   37.5000 2461.8379   10.7528
    7.5000   60.0000   37.5000 2455.7595   10.8411
   -7.5000   67.5000   37.5000 2261.2871   11.3596
    0.0000   67.5000   37.5000 2283.0149   11.2514
    7.5000   67.5000   37.5000 2278.6938   11.3103
   -7.5000  -22.5000   45.0000 2128.7649   16.5247
    0.0000  -22.5000   45.0000 2146.8408   16.3064
    7.5000  -22.5000   45.0000 2130.5430   16.4556
   -7.5000  -15.0000   45.0000 2261.7097   14.5781
    0.0000  -15.0000   45.0000 2288.0791   14.3732
    7.5000  -15.0000   45.0000 2268.3489   14.4971
   -7.5000   -7.5000   45.0000 2392.5491   13.1203
    0.0000   -7.5000   45.0000 2418.4099   12.9147
    7.5000   -7.5000   45.0000 2396.5186   13.0177
   -7.5000    0.0000   45.0000 2502.4065   12.0306
    0.0000    0.0000   45.0000 2533.0691   11.8321
    7.5000    0.0000   45.0000 2511.0837   11.9496
   -7.5000    7.5000   45.0000 2599.0874   11.2319
    0.0000    7.5000   45.0000 2632.1907   11.0521
    7.5000    7.5000   45.0000 2609.3223   11.1542
   -7.5000   15.0000   45.0000 2667.5161   10.6985
    0.0000   15.0000   45.0000 2701.0461   10.5291
    7.5000   15.0000   45.0000 2678.2551   10.6255
   -7.5000   22.5000   45.0000 2705.9321   10.3661
    0.0000   22.5000   45.0000 2734.2275   10.2343
    7.5000   22.5000   45.0000 2713.6079   10.3297
   -7.5000   30.0000   45.0000 2710.8640   10.2608
    0.0000   30.0000   45.0000 2741.8840   10.1523
    7.5000   30.0000   45.0000 2722.9775   10.2378
   -7.5000   37.5000   45.0000 2681.8247   10.4117
    0.0000   37.5000   45.0000 2709.7556   10.2957
    7.5000   37.5000   45.0000 2695.6787   10.3837
   -7.5000   45.0000   45.0000 2625.7581   10.7142
    0.0000   45.0000   45.0000 2650.1965   10.5939
    7.5000   45.0000   45.0000 2635.6035   10.6715
   -7.5000   52.5000   45.0000 2517.3591   11.1027
    0.0000   52.5000   45.0000 2539.2964   10.9834
    7.5000   52.5000   45.0000 2530.3845   11.0607
   -7.5000   60.0000   45.0000 2368.8928   11.5358
    0.0000   60.0000   45.0000 2394.1980   11.3936
    7.5000   60.0000   45.0000 2385.4143   11.4632
   -7.5000   67.5000   45.0000 2198.0535   11.9589
    0.0000   67.5000   45.0000 2217.4978   11.8557
    7.5000   67.5000   45.0000 2211.0945   11.8971

---------------------------------------------------------------------
imgreg_4dfp /opt/freesurfer/average/711-2C_as_mni_average_305 /opt/freesurfer/average/711-2B_as_mni_average_305_mask talsrcimg_g11 none talsrcimg_to_711-2C_as_mni_average_305_t4 1283
---------------------------------------------------------------------

freesurfer imgreg_4dfp.c
/opt/freesurfer/average/711-2C_as_mni_average_305.4dfp.img
       256       256       256         1
  1.000000  1.000000  1.000000
orientation T byte_order littleendian
Reading image: /opt/freesurfer/average/711-2C_as_mni_average_305.4dfp.img
dimensions:      256       256       256
mmppix:       1.0000   -1.0000   -1.0000
center:     128.0000 -129.0000 -129.0000
/opt/freesurfer/average/711-2B_as_mni_average_305_mask.4dfp.img
       256       256       256         1
  1.000000  1.000000  1.000000
orientation T byte_order littleendian
Reading mask: /opt/freesurfer/average/711-2B_as_mni_average_305_mask.4dfp.img (2306576 pixels)
talsrcimg_g11.4dfp.img
       256       256       256         1
  1.000000  1.000000  1.000000
orientation T byte_order littleendian
Reading image: talsrcimg_g11.4dfp.img
dimensions:      256       256       256
mmppix:       1.0000   -1.0000   -1.0000
center:     128.0000 -129.0000 -129.0000
rotation matrix determinant  1.000000
fimgreg.f
image alignment mode   1283 decimal      503 hex
parameters
    0.0000   30.0000    0.0000    0.0000    0.0000    0.0000
eta,q 0.95925  7.95794
niter,ni,del,rscale     5    3   12.0000    1.2000
parameter  4  0.530501 ->  0.500000 qaram    1.1500
parameters
    0.7912   28.9718    1.7101   -3.4500    0.6513    1.0982
eta,q 0.96176  7.96881
  0.0609  0.0480  0.0509  0.0401  0.0482  0.0462
  0.0537  0.0436  0.0460  0.0390  0.0447  0.0434
  0.0467  0.0415  0.0434  0.0389  0.0411  0.0405
  0.0423  0.0419  0.0414  0.0403  0.0388  0.0385
  0.0429  0.0445  0.0403  0.0424  0.0389  0.0384
  0.0471  0.0484  0.0412  0.0454  0.0416  0.0401
  0.0544  0.0527  0.0441  0.0489  0.0457  0.0426
niter,ni,del,rscale     5    3   12.0000    1.2000
parameters
    0.9068   30.6549    1.5787   -4.7264    0.7282    1.2248
eta,q 0.96325  7.95654
  0.0563  0.0566  0.0439  0.0419  0.0457  0.0428
  0.0482  0.0488  0.0406  0.0385  0.0417  0.0404
  0.0412  0.0423  0.0381  0.0370  0.0384  0.0380
  0.0382  0.0382  0.0371  0.0371  0.0368  0.0368
  0.0408  0.0371  0.0380  0.0394  0.0377  0.0374
  0.0470  0.0393  0.0407  0.0426  0.0412  0.0398
  0.0552  0.0439  0.0449  0.0462  0.0455  0.0427
niter,ni,del,rscale     4    3   12.0000    1.2000
parameters
    0.9365   31.1970    1.4039   -5.1740    0.7451    1.2835
eta,q 0.96340  7.94965
  0.0557  0.0523  0.0432  0.0436  0.0456  0.0424
  0.0472  0.0448  0.0396  0.0395  0.0413  0.0400
  0.0397  0.0394  0.0373  0.0374  0.0380  0.0378
  0.0367  0.0367  0.0366  0.0366  0.0366  0.0366
  0.0395  0.0377  0.0376  0.0383  0.0377  0.0372
  0.0466  0.0420  0.0401  0.0414  0.0412  0.0396
  0.0556  0.0475  0.0440  0.0450  0.0456  0.0426
niter,ni,del,rscale     3    3   12.0000    1.2000
parameters
    0.9455   31.4168    1.3411   -5.4056    0.7455    1.3180
eta,q 0.96336  7.94720
  0.0558  0.0509  0.0433  0.0440  0.0456  0.0423
  0.0472  0.0436  0.0395  0.0399  0.0412  0.0400
  0.0396  0.0386  0.0373  0.0376  0.0380  0.0378
  0.0366  0.0366  0.0366  0.0366  0.0366  0.0366
  0.0394  0.0384  0.0375  0.0379  0.0377  0.0372
  0.0467  0.0431  0.0398  0.0411  0.0413  0.0395
  0.0560  0.0484  0.0435  0.0447  0.0456  0.0426
niter,ni,del,rscale     2    3   12.0000    1.2000
parameters
    0.9512   31.5326    1.3025   -5.5382    0.7419    1.3421
eta,q 0.96335  7.94569
  0.0559  0.0504  0.0434  0.0441  0.0456  0.0423
  0.0473  0.0431  0.0395  0.0402  0.0411  0.0400
  0.0396  0.0383  0.0373  0.0378  0.0380  0.0378
  0.0366  0.0366  0.0366  0.0366  0.0367  0.0367
  0.0394  0.0387  0.0375  0.0377  0.0378  0.0372
  0.0468  0.0435  0.0397  0.0409  0.0413  0.0395
  0.0562  0.0485  0.0434  0.0445  0.0456  0.0426
niter,ni,del,rscale     1    3   12.0000    1.2000
parameters
    0.9547   31.5956    1.2786   -5.6133    0.7380    1.3581
eta,q 0.96333  7.94497
  0.0559  0.0502  0.0434  0.0442  0.0456  0.0423
  0.0473  0.0429  0.0394  0.0403  0.0411  0.0400
  0.0397  0.0382  0.0372  0.0379  0.0380  0.0378
  0.0367  0.0367  0.0367  0.0367  0.0367  0.0367
  0.0394  0.0389  0.0375  0.0376  0.0378  0.0373
  0.0469  0.0437  0.0397  0.0408  0.0413  0.0396
  0.0563  0.0486  0.0433  0.0444  0.0456  0.0426
registration optimization eta report
parameter search radius
    6.0000    6.0000    6.0000    6.9000    6.0000    6.0000
100000*second partial in parameter space
       53.       35.       19.       16.       24.       16.
  0.0559  0.0502  0.0434  0.0442  0.0456  0.0423
  0.0473  0.0429  0.0394  0.0403  0.0411  0.0400
  0.0397  0.0382  0.0372  0.0379  0.0380  0.0378
  0.0367  0.0367  0.0367  0.0367  0.0367  0.0367
  0.0394  0.0389  0.0375  0.0376  0.0378  0.0373
  0.0469  0.0437  0.0397  0.0408  0.0413  0.0396
  0.0563  0.0486  0.0433  0.0444  0.0456  0.0426
    0.9547   31.5956    1.2786   -5.6133    0.7380    1.3581
eta,q 0.96333  7.94497

---------------------------------------------------------------------
imgreg_4dfp /opt/freesurfer/average/711-2C_as_mni_average_305 /opt/freesurfer/average/711-2B_as_mni_average_305_mask talsrcimg_g11 none talsrcimg_to_711-2C_as_mni_average_305_t4 3335
---------------------------------------------------------------------

freesurfer imgreg_4dfp.c
/opt/freesurfer/average/711-2C_as_mni_average_305.4dfp.img
       256       256       256         1
  1.000000  1.000000  1.000000
orientation T byte_order littleendian
Reading image: /opt/freesurfer/average/711-2C_as_mni_average_305.4dfp.img
dimensions:      256       256       256
mmppix:       1.0000   -1.0000   -1.0000
center:     128.0000 -129.0000 -129.0000
/opt/freesurfer/average/711-2B_as_mni_average_305_mask.4dfp.img
       256       256       256         1
  1.000000  1.000000  1.000000
orientation T byte_order littleendian
Reading mask: /opt/freesurfer/average/711-2B_as_mni_average_305_mask.4dfp.img (2306576 pixels)
talsrcimg_g11.4dfp.img
       256       256       256         1
  1.000000  1.000000  1.000000
orientation T byte_order littleendian
Reading image: talsrcimg_g11.4dfp.img
dimensions:      256       256       256
mmppix:       1.0000   -1.0000   -1.0000
center:     128.0000 -129.0000 -129.0000
fimgreg.f
image alignment mode   3335 decimal      D07 hex
parameters
    0.9547   31.5956    1.2786   -0.0364   -0.5045   -0.4878
   -2.2328   -1.5132    2.3699    9.7484    1.2880   -9.7807
eta,q 0.96364  8.01143
niter,ni,del,rscale     5    3    5.0000    1.2000
parameter  5  0.637581 ->  0.500000 qaram    1.1500
parameters
    0.7377   31.5264    0.4054   -3.3775   -4.6445    2.1150
   -1.2268   -0.9522    4.7496    9.3513    2.4524   -9.4426
eta,q 0.96761  7.85877
  0.0388  0.0386  0.0367  0.0366  0.0345  0.0370  0.0368  0.0375  0.0361  0.0354  0.0341  0.0342
  0.0373  0.0373  0.0362  0.0355  0.0339  0.0361  0.0349  0.0353  0.0346  0.0338  0.0333  0.0333
  0.0365  0.0365  0.0361  0.0353  0.0341  0.0351  0.0335  0.0335  0.0335  0.0327  0.0327  0.0326
  0.0364  0.0363  0.0363  0.0361  0.0353  0.0339  0.0328  0.0327  0.0327  0.0324  0.0324  0.0324
  0.0369  0.0367  0.0368  0.0379  0.0375  0.0328  0.0329  0.0330  0.0324  0.0331  0.0324  0.0326
  0.0381  0.0375  0.0374  0.0403  0.0405  0.0331  0.0337  0.0343  0.0327  0.0343  0.0327  0.0331
  0.0398  0.0388  0.0382  0.0432  0.0435  0.0349  0.0351  0.0363  0.0335  0.0360  0.0333  0.0339
niter,ni,del,rscale     5    3    5.0000    1.2000
parameters
    0.6648   32.1007    1.3633   -3.0302   -6.2030    3.3706
   -2.0589   -1.0534    5.4303    9.9232    2.6309   -9.4658
eta,q 0.96860  7.86455
  0.0355  0.0360  0.0352  0.0363  0.0349  0.0353  0.0340  0.0357  0.0340  0.0347  0.0328  0.0330
  0.0338  0.0343  0.0339  0.0346  0.0334  0.0344  0.0325  0.0335  0.0328  0.0331  0.0321  0.0321
  0.0327  0.0331  0.0329  0.0329  0.0322  0.0334  0.0316  0.0319  0.0319  0.0320  0.0316  0.0316
  0.0324  0.0324  0.0323  0.0320  0.0320  0.0319  0.0315  0.0315  0.0315  0.0314  0.0314  0.0314
  0.0329  0.0323  0.0320  0.0322  0.0331  0.0314  0.0322  0.0321  0.0316  0.0316  0.0315  0.0317
  0.0341  0.0327  0.0322  0.0337  0.0354  0.0324  0.0336  0.0336  0.0322  0.0325  0.0320  0.0322
  0.0359  0.0337  0.0326  0.0359  0.0387  0.0343  0.0354  0.0359  0.0332  0.0338  0.0327  0.0330
niter,ni,del,rscale     4    3    5.0000    1.2000
parameters
    0.6850   32.4609    2.0210   -2.8243   -6.8912    4.4548
   -2.3452   -1.0857    5.6422   10.5715    2.5879   -9.4816
eta,q 0.96909  7.88448
  0.0349  0.0345  0.0338  0.0357  0.0348  0.0349  0.0340  0.0354  0.0332  0.0341  0.0323  0.0325
  0.0330  0.0329  0.0326  0.0338  0.0333  0.0340  0.0323  0.0331  0.0321  0.0326  0.0316  0.0316
  0.0318  0.0319  0.0318  0.0321  0.0319  0.0328  0.0313  0.0315  0.0313  0.0315  0.0311  0.0311
  0.0314  0.0314  0.0314  0.0313  0.0312  0.0313  0.0309  0.0309  0.0309  0.0309  0.0309  0.0309
  0.0318  0.0315  0.0313  0.0316  0.0319  0.0309  0.0315  0.0316  0.0311  0.0311  0.0311  0.0311
  0.0329  0.0320  0.0315  0.0332  0.0338  0.0321  0.0327  0.0332  0.0319  0.0319  0.0316  0.0317
  0.0348  0.0330  0.0321  0.0355  0.0368  0.0340  0.0344  0.0355  0.0330  0.0332  0.0323  0.0325
niter,ni,del,rscale     3    3    5.0000    1.2000
parameters
    0.6825   32.7285    2.6361   -2.8360   -7.3120    5.2568
   -2.3965   -1.1719    5.7229   10.9731    2.4962   -9.3644
eta,q 0.96947  7.89542
  0.0344  0.0337  0.0333  0.0351  0.0345  0.0348  0.0338  0.0351  0.0328  0.0335  0.0320  0.0322
  0.0325  0.0323  0.0322  0.0332  0.0330  0.0339  0.0321  0.0327  0.0316  0.0321  0.0312  0.0313
  0.0313  0.0313  0.0313  0.0315  0.0316  0.0324  0.0309  0.0311  0.0309  0.0311  0.0307  0.0307
  0.0309  0.0309  0.0309  0.0308  0.0308  0.0309  0.0306  0.0306  0.0306  0.0306  0.0305  0.0305
  0.0313  0.0310  0.0308  0.0313  0.0312  0.0305  0.0310  0.0312  0.0308  0.0307  0.0307  0.0307
  0.0325  0.0316  0.0311  0.0330  0.0331  0.0319  0.0322  0.0329  0.0315  0.0316  0.0312  0.0313
  0.0344  0.0327  0.0317  0.0354  0.0359  0.0342  0.0338  0.0353  0.0327  0.0330  0.0320  0.0320
niter,ni,del,rscale     2    3    5.0000    1.2000
parameters
    0.6477   32.9003    3.0378   -2.9400   -7.5986    5.6566
   -2.3695   -1.2491    5.7967   11.1317    2.4736   -9.2810
eta,q 0.96962  7.89465
  0.0340  0.0332  0.0329  0.0348  0.0342  0.0347  0.0336  0.0350  0.0326  0.0332  0.0319  0.0320
  0.0321  0.0318  0.0317  0.0328  0.0328  0.0337  0.0319  0.0326  0.0314  0.0318  0.0311  0.0311
  0.0309  0.0309  0.0309  0.0312  0.0314  0.0320  0.0308  0.0309  0.0307  0.0308  0.0306  0.0306
  0.0305  0.0305  0.0305  0.0305  0.0305  0.0305  0.0304  0.0304  0.0304  0.0304  0.0304  0.0304
  0.0310  0.0307  0.0305  0.0310  0.0308  0.0305  0.0308  0.0311  0.0306  0.0306  0.0306  0.0306
  0.0322  0.0314  0.0309  0.0328  0.0326  0.0322  0.0319  0.0327  0.0313  0.0315  0.0311  0.0311
  0.0342  0.0325  0.0317  0.0352  0.0355  0.0349  0.0336  0.0352  0.0325  0.0331  0.0319  0.0319
niter,ni,del,rscale     1    3    5.0000    1.2000
parameters
    0.6209   32.9784    3.2088   -3.0149   -7.7623    5.8174
   -2.3551   -1.3001    5.8451   11.1842    2.4732   -9.2545
eta,q 0.96965  7.89148
  0.0338  0.0328  0.0325  0.0347  0.0341  0.0347  0.0335  0.0350  0.0325  0.0330  0.0319  0.0319
  0.0320  0.0315  0.0314  0.0327  0.0328  0.0336  0.0319  0.0326  0.0314  0.0317  0.0311  0.0310
  0.0308  0.0307  0.0307  0.0311  0.0313  0.0319  0.0307  0.0309  0.0306  0.0308  0.0305  0.0305
  0.0304  0.0304  0.0304  0.0304  0.0304  0.0304  0.0304  0.0304  0.0303  0.0304  0.0303  0.0303
  0.0308  0.0306  0.0305  0.0309  0.0306  0.0306  0.0308  0.0310  0.0306  0.0306  0.0305  0.0305
  0.0320  0.0313  0.0311  0.0327  0.0323  0.0324  0.0319  0.0327  0.0313  0.0315  0.0311  0.0311
  0.0340  0.0325  0.0320  0.0351  0.0352  0.0353  0.0335  0.0351  0.0325  0.0331  0.0319  0.0318
registration optimization eta report
parameter search radius
    2.4000    2.4000    2.4000    7.2000    8.2800    7.2000
    7.2000    7.2000    7.2000    7.2000    7.2000    7.2000
100000*second partial in parameter space
       61.       39.       32.        9.        6.        8.
        6.        9.        4.        5.        3.        3.
  0.0338  0.0328  0.0325  0.0347  0.0341  0.0347  0.0335  0.0350  0.0325  0.0330  0.0319  0.0319
  0.0320  0.0315  0.0314  0.0327  0.0328  0.0336  0.0319  0.0326  0.0314  0.0317  0.0311  0.0310
  0.0308  0.0307  0.0307  0.0311  0.0313  0.0319  0.0307  0.0309  0.0306  0.0308  0.0305  0.0305
  0.0304  0.0304  0.0304  0.0304  0.0304  0.0304  0.0304  0.0304  0.0303  0.0304  0.0303  0.0303
  0.0308  0.0306  0.0305  0.0309  0.0306  0.0306  0.0308  0.0310  0.0306  0.0306  0.0305  0.0305
  0.0320  0.0313  0.0311  0.0327  0.0323  0.0324  0.0319  0.0327  0.0313  0.0315  0.0311  0.0311
  0.0340  0.0325  0.0320  0.0351  0.0352  0.0353  0.0335  0.0351  0.0325  0.0331  0.0319  0.0318
    0.6209   32.9784    3.2088   -3.0149   -7.7623    5.8174
   -2.3551   -1.3001    5.8451   11.1842    2.4732   -9.2545
eta,q 0.96965  7.89148

---------------------------------------------------------------------
imgreg_4dfp /opt/freesurfer/average/711-2C_as_mni_average_305 /opt/freesurfer/average/711-2B_as_mni_average_305_mask talsrcimg_g11 none talsrcimg_to_711-2C_as_mni_average_305_t4 2311
---------------------------------------------------------------------

freesurfer imgreg_4dfp.c
/opt/freesurfer/average/711-2C_as_mni_average_305.4dfp.img
       256       256       256         1
  1.000000  1.000000  1.000000
orientation T byte_order littleendian
Reading image: /opt/freesurfer/average/711-2C_as_mni_average_305.4dfp.img
dimensions:      256       256       256
mmppix:       1.0000   -1.0000   -1.0000
center:     128.0000 -129.0000 -129.0000
/opt/freesurfer/average/711-2B_as_mni_average_305_mask.4dfp.img
       256       256       256         1
  1.000000  1.000000  1.000000
orientation T byte_order littleendian
Reading mask: /opt/freesurfer/average/711-2B_as_mni_average_305_mask.4dfp.img (2306576 pixels)
talsrcimg_g11.4dfp.img
       256       256       256         1
  1.000000  1.000000  1.000000
orientation T byte_order littleendian
Reading image: talsrcimg_g11.4dfp.img
dimensions:      256       256       256
mmppix:       1.0000   -1.0000   -1.0000
center:     128.0000 -129.0000 -129.0000
fimgreg.f
image alignment mode   2311 decimal      907 hex
parameters
    0.6209   32.9784    3.2088   -3.0149   -7.7623    5.8174
   -2.3551   -1.3001    5.8451   11.1842    2.4732   -9.2545
eta,q 0.96965  7.89149
niter,ni,del,rscale     5    3    5.0000    0.8000
parameters
    0.6193   32.9953    3.2778   -2.8932   -7.0933    6.3411
   -2.4550   -1.2730    5.8278   11.2003    2.4362   -9.4230
eta,q 0.96986  7.92524
  0.0320  0.0314  0.0313  0.0328  0.0324  0.0335  0.0317  0.0326  0.0312  0.0316  0.0309  0.0309
  0.0311  0.0308  0.0308  0.0315  0.0315  0.0323  0.0308  0.0313  0.0306  0.0309  0.0305  0.0305
  0.0305  0.0305  0.0305  0.0307  0.0308  0.0311  0.0303  0.0304  0.0303  0.0304  0.0302  0.0302
  0.0303  0.0303  0.0303  0.0303  0.0303  0.0303  0.0301  0.0301  0.0301  0.0301  0.0301  0.0301
  0.0305  0.0305  0.0304  0.0305  0.0303  0.0303  0.0303  0.0304  0.0303  0.0303  0.0302  0.0303
  0.0311  0.0308  0.0307  0.0313  0.0307  0.0312  0.0309  0.0313  0.0306  0.0308  0.0305  0.0306
  0.0320  0.0313  0.0311  0.0326  0.0317  0.0326  0.0318  0.0325  0.0312  0.0317  0.0309  0.0310
niter,ni,del,rscale     4    3    5.0000    0.7000
parameters
    0.6321   32.8623    3.4888   -3.1015   -6.9489    6.6530
   -2.4412   -1.2451    5.8510   10.9523    2.3763   -9.2891
eta,q 0.96993  7.93183
  0.0314  0.0308  0.0311  0.0318  0.0316  0.0329  0.0313  0.0320  0.0309  0.0311  0.0307  0.0308
  0.0307  0.0304  0.0306  0.0309  0.0309  0.0317  0.0306  0.0309  0.0304  0.0305  0.0303  0.0304
  0.0303  0.0302  0.0303  0.0303  0.0304  0.0307  0.0302  0.0303  0.0302  0.0302  0.0301  0.0302
  0.0301  0.0301  0.0301  0.0301  0.0301  0.0301  0.0301  0.0301  0.0301  0.0301  0.0301  0.0301
  0.0303  0.0303  0.0301  0.0304  0.0302  0.0302  0.0302  0.0303  0.0302  0.0302  0.0301  0.0301
  0.0307  0.0306  0.0303  0.0311  0.0307  0.0311  0.0306  0.0309  0.0304  0.0307  0.0304  0.0303
  0.0314  0.0312  0.0307  0.0322  0.0316  0.0323  0.0313  0.0319  0.0309  0.0314  0.0307  0.0307
niter,ni,del,rscale     3    3    5.0000    0.6000
parameters
    0.6477   32.7684    3.6271   -3.1680   -6.8277    6.8328
   -2.4710   -1.1862    5.8588   10.6926    2.3305   -9.1237
eta,q 0.96996  7.93716
  0.0310  0.0306  0.0308  0.0314  0.0312  0.0322  0.0309  0.0315  0.0306  0.0308  0.0305  0.0306
  0.0305  0.0303  0.0304  0.0307  0.0307  0.0312  0.0304  0.0307  0.0303  0.0304  0.0302  0.0303
  0.0302  0.0301  0.0302  0.0302  0.0303  0.0304  0.0301  0.0302  0.0301  0.0301  0.0301  0.0301
  0.0301  0.0301  0.0301  0.0301  0.0301  0.0301  0.0300  0.0300  0.0300  0.0300  0.0300  0.0300
  0.0302  0.0302  0.0301  0.0302  0.0301  0.0302  0.0301  0.0302  0.0301  0.0302  0.0301  0.0301
  0.0305  0.0304  0.0302  0.0307  0.0305  0.0309  0.0305  0.0307  0.0303  0.0305  0.0302  0.0302
  0.0310  0.0308  0.0305  0.0315  0.0312  0.0319  0.0310  0.0314  0.0306  0.0311  0.0305  0.0305
niter,ni,del,rscale     2    3    5.0000    0.5000
parameters
    0.6703   32.6774    3.7141   -3.1849   -6.7022    6.9465
   -2.5013   -1.1308    5.8181   10.4502    2.2838   -8.9555
eta,q 0.96999  7.94221
  0.0307  0.0304  0.0305  0.0310  0.0309  0.0316  0.0306  0.0311  0.0304  0.0305  0.0303  0.0304
  0.0303  0.0302  0.0303  0.0305  0.0305  0.0308  0.0303  0.0305  0.0302  0.0302  0.0301  0.0302
  0.0301  0.0301  0.0301  0.0301  0.0302  0.0303  0.0301  0.0301  0.0301  0.0301  0.0300  0.0301
  0.0300  0.0300  0.0300  0.0300  0.0300  0.0300  0.0300  0.0300  0.0300  0.0300  0.0300  0.0300
  0.0301  0.0301  0.0300  0.0301  0.0301  0.0301  0.0301  0.0301  0.0301  0.0301  0.0300  0.0300
  0.0303  0.0303  0.0302  0.0305  0.0303  0.0306  0.0303  0.0304  0.0302  0.0304  0.0302  0.0301
  0.0307  0.0306  0.0304  0.0310  0.0308  0.0314  0.0307  0.0310  0.0304  0.0308  0.0303  0.0303
niter,ni,del,rscale     1    3    5.0000    0.4000
parameters
    0.6916   32.5845    3.7806   -3.1994   -6.5779    7.0301
   -2.5092   -1.0717    5.7766   10.2038    2.2471   -8.7964
eta,q 0.97001  7.94662
  0.0304  0.0302  0.0303  0.0306  0.0306  0.0311  0.0304  0.0307  0.0303  0.0303  0.0302  0.0303
  0.0302  0.0301  0.0302  0.0303  0.0303  0.0305  0.0302  0.0303  0.0301  0.0301  0.0301  0.0301
  0.0301  0.0300  0.0300  0.0301  0.0301  0.0302  0.0300  0.0301  0.0300  0.0300  0.0300  0.0300
  0.0300  0.0300  0.0300  0.0300  0.0300  0.0300  0.0300  0.0300  0.0300  0.0300  0.0300  0.0300
  0.0300  0.0301  0.0300  0.0301  0.0300  0.0301  0.0300  0.0301  0.0300  0.0301  0.0300  0.0300
  0.0302  0.0302  0.0301  0.0303  0.0302  0.0304  0.0302  0.0303  0.0301  0.0302  0.0301  0.0301
  0.0304  0.0304  0.0302  0.0306  0.0305  0.0310  0.0304  0.0306  0.0303  0.0305  0.0302  0.0302
registration optimization eta report
parameter search radius
    0.8000    0.8000    0.8000    2.4000    2.4000    2.4000
    2.4000    2.4000    2.4000    2.4000    2.4000    2.4000
100000*second partial in parameter space
       65.       46.       42.       11.        9.       18.
        7.       11.        5.        7.        4.        4.
  0.0304  0.0302  0.0303  0.0306  0.0306  0.0311  0.0304  0.0307  0.0303  0.0303  0.0302  0.0303
  0.0302  0.0301  0.0302  0.0303  0.0303  0.0305  0.0302  0.0303  0.0301  0.0301  0.0301  0.0301
  0.0301  0.0300  0.0300  0.0301  0.0301  0.0302  0.0300  0.0301  0.0300  0.0300  0.0300  0.0300
  0.0300  0.0300  0.0300  0.0300  0.0300  0.0300  0.0300  0.0300  0.0300  0.0300  0.0300  0.0300
  0.0300  0.0301  0.0300  0.0301  0.0300  0.0301  0.0300  0.0301  0.0300  0.0301  0.0300  0.0300
  0.0302  0.0302  0.0301  0.0303  0.0302  0.0304  0.0302  0.0303  0.0301  0.0302  0.0301  0.0301
  0.0304  0.0304  0.0302  0.0306  0.0305  0.0310  0.0304  0.0306  0.0303  0.0305  0.0302  0.0302
    0.6916   32.5845    3.7806   -3.1994   -6.5779    7.0301
   -2.5092   -1.0717    5.7766   10.2038    2.2471   -8.7964
eta,q 0.97001  7.94662

---------------------------------------------------------------------
imgreg_4dfp /opt/freesurfer/average/711-2C_as_mni_average_305 /opt/freesurfer/average/711-2B_as_mni_average_305_mask talsrcimg_g11 none talsrcimg_to_711-2C_as_mni_average_305_t4 2311
---------------------------------------------------------------------

freesurfer imgreg_4dfp.c
/opt/freesurfer/average/711-2C_as_mni_average_305.4dfp.img
       256       256       256         1
  1.000000  1.000000  1.000000
orientation T byte_order littleendian
Reading image: /opt/freesurfer/average/711-2C_as_mni_average_305.4dfp.img
dimensions:      256       256       256
mmppix:       1.0000   -1.0000   -1.0000
center:     128.0000 -129.0000 -129.0000
/opt/freesurfer/average/711-2B_as_mni_average_305_mask.4dfp.img
       256       256       256         1
  1.000000  1.000000  1.000000
orientation T byte_order littleendian
Reading mask: /opt/freesurfer/average/711-2B_as_mni_average_305_mask.4dfp.img (2306576 pixels)
talsrcimg_g11.4dfp.img
       256       256       256         1
  1.000000  1.000000  1.000000
orientation T byte_order littleendian
Reading image: talsrcimg_g11.4dfp.img
dimensions:      256       256       256
mmppix:       1.0000   -1.0000   -1.0000
center:     128.0000 -129.0000 -129.0000
fimgreg.f
image alignment mode   2311 decimal      907 hex
parameters
    0.6916   32.5845    3.7806   -3.1994   -6.5779    7.0301
   -2.5092   -1.0717    5.7766   10.2038    2.2471   -8.7964
eta,q 0.97001  7.94661
niter,ni,del,rscale     5    3    5.0000    0.8000
parameters
    0.7004   32.5104    3.8339   -3.2763   -6.7489    6.9960
   -2.5197   -1.0207    5.7823    9.9398    2.2197   -8.5687
eta,q 0.97001  7.93840
  0.0317  0.0310  0.0311  0.0323  0.0317  0.0331  0.0316  0.0325  0.0311  0.0314  0.0308  0.0309
  0.0308  0.0304  0.0305  0.0310  0.0309  0.0317  0.0307  0.0311  0.0305  0.0306  0.0304  0.0304
  0.0302  0.0301  0.0301  0.0303  0.0303  0.0305  0.0302  0.0303  0.0301  0.0301  0.0301  0.0301
  0.0300  0.0300  0.0300  0.0300  0.0300  0.0300  0.0300  0.0300  0.0300  0.0300  0.0300  0.0300
  0.0302  0.0302  0.0301  0.0303  0.0302  0.0304  0.0302  0.0303  0.0301  0.0302  0.0301  0.0301
  0.0307  0.0306  0.0304  0.0311  0.0309  0.0316  0.0307  0.0311  0.0305  0.0308  0.0304  0.0303
  0.0316  0.0313  0.0310  0.0325  0.0322  0.0334  0.0316  0.0324  0.0311  0.0317  0.0308  0.0308
niter,ni,del,rscale     4    3    5.0000    0.7000
parameters
    0.7172   32.4707    3.8416   -3.1929   -6.6419    7.0272
   -2.5542   -0.9786    5.7445    9.8017    2.2019   -8.4704
eta,q 0.97002  7.94327
  0.0313  0.0308  0.0308  0.0319  0.0315  0.0326  0.0312  0.0319  0.0308  0.0311  0.0306  0.0307
  0.0306  0.0304  0.0304  0.0309  0.0308  0.0314  0.0305  0.0309  0.0303  0.0305  0.0303  0.0303
  0.0301  0.0301  0.0301  0.0302  0.0303  0.0304  0.0301  0.0302  0.0301  0.0301  0.0301  0.0301
  0.0300  0.0300  0.0300  0.0300  0.0300  0.0300  0.0300  0.0300  0.0300  0.0300  0.0300  0.0300
  0.0301  0.0301  0.0301  0.0301  0.0301  0.0303  0.0301  0.0302  0.0301  0.0301  0.0301  0.0301
  0.0305  0.0304  0.0303  0.0308  0.0306  0.0313  0.0305  0.0308  0.0304  0.0306  0.0303  0.0303
  0.0312  0.0309  0.0308  0.0318  0.0315  0.0326  0.0312  0.0318  0.0308  0.0313  0.0306  0.0306
niter,ni,del,rscale     3    3    5.0000    0.6000
parameters
    0.7346   32.4101    3.8658   -3.1813   -6.5233    7.0732
   -2.5572   -0.9444    5.6956    9.6697    2.1810   -8.4017
eta,q 0.97004  7.94768
  0.0310  0.0306  0.0306  0.0314  0.0312  0.0321  0.0309  0.0314  0.0306  0.0308  0.0304  0.0305
  0.0304  0.0302  0.0303  0.0306  0.0306  0.0311  0.0304  0.0306  0.0302  0.0303  0.0302  0.0302
  0.0301  0.0300  0.0301  0.0301  0.0302  0.0303  0.0301  0.0301  0.0300  0.0301  0.0300  0.0300
  0.0300  0.0300  0.0300  0.0300  0.0300  0.0300  0.0300  0.0300  0.0300  0.0300  0.0300  0.0300
  0.0301  0.0301  0.0300  0.0301  0.0300  0.0302  0.0301  0.0301  0.0300  0.0301  0.0300  0.0300
  0.0304  0.0303  0.0302  0.0306  0.0304  0.0309  0.0304  0.0306  0.0303  0.0304  0.0302  0.0302
  0.0309  0.0307  0.0305  0.0314  0.0311  0.0320  0.0309  0.0314  0.0306  0.0310  0.0304  0.0304
niter,ni,del,rscale     2    3    5.0000    0.5000
parameters
    0.7486   32.3546    3.8913   -3.1872   -6.4142    7.1178
   -2.5554   -0.9138    5.6578    9.5524    2.1714   -8.3284
eta,q 0.97004  7.95146
  0.0306  0.0304  0.0304  0.0309  0.0308  0.0315  0.0306  0.0310  0.0304  0.0306  0.0303  0.0303
  0.0303  0.0301  0.0302  0.0304  0.0304  0.0307  0.0302  0.0304  0.0301  0.0302  0.0301  0.0301
  0.0300  0.0300  0.0300  0.0301  0.0301  0.0302  0.0300  0.0301  0.0300  0.0300  0.0300  0.0300
  0.0300  0.0300  0.0300  0.0300  0.0300  0.0300  0.0300  0.0300  0.0300  0.0300  0.0300  0.0300
  0.0300  0.0300  0.0300  0.0301  0.0300  0.0301  0.0300  0.0301  0.0300  0.0300  0.0300  0.0300
  0.0302  0.0302  0.0301  0.0304  0.0303  0.0306  0.0302  0.0304  0.0302  0.0303  0.0301  0.0301
  0.0306  0.0305  0.0304  0.0309  0.0307  0.0315  0.0306  0.0309  0.0304  0.0307  0.0303  0.0303
niter,ni,del,rscale     1    3    5.0000    0.4000
parameters
    0.7595   32.3095    3.9169   -3.1920   -6.3355    7.1696
   -2.5471   -0.8932    5.6124    9.4423    2.1583   -8.2695
eta,q 0.97005  7.95429
  0.0304  0.0302  0.0302  0.0306  0.0305  0.0310  0.0304  0.0306  0.0302  0.0303  0.0302  0.0302
  0.0301  0.0301  0.0301  0.0302  0.0302  0.0305  0.0301  0.0302  0.0301  0.0301  0.0300  0.0301
  0.0300  0.0300  0.0300  0.0300  0.0300  0.0301  0.0300  0.0300  0.0300  0.0300  0.0300  0.0300
  0.0300  0.0300  0.0300  0.0300  0.0300  0.0300  0.0300  0.0299  0.0300  0.0299  0.0299  0.0300
  0.0300  0.0300  0.0300  0.0300  0.0300  0.0300  0.0300  0.0300  0.0300  0.0300  0.0300  0.0300
  0.0301  0.0301  0.0301  0.0302  0.0302  0.0304  0.0301  0.0302  0.0301  0.0302  0.0300  0.0300
  0.0304  0.0303  0.0302  0.0306  0.0305  0.0310  0.0304  0.0306  0.0302  0.0304  0.0302  0.0302
registration optimization eta report
parameter search radius
    0.8000    0.8000    0.8000    2.4000    2.4000    2.4000
    2.4000    2.4000    2.4000    2.4000    2.4000    2.4000
100000*second partial in parameter space
       66.       46.       42.       11.        9.       18.
        7.       11.        5.        7.        4.        4.
  0.0304  0.0302  0.0302  0.0306  0.0305  0.0310  0.0304  0.0306  0.0302  0.0303  0.0302  0.0302
  0.0301  0.0301  0.0301  0.0302  0.0302  0.0305  0.0301  0.0302  0.0301  0.0301  0.0300  0.0301
  0.0300  0.0300  0.0300  0.0300  0.0300  0.0301  0.0300  0.0300  0.0300  0.0300  0.0300  0.0300
  0.0300  0.0300  0.0300  0.0300  0.0300  0.0300  0.0300  0.0299  0.0300  0.0299  0.0299  0.0300
  0.0300  0.0300  0.0300  0.0300  0.0300  0.0300  0.0300  0.0300  0.0300  0.0300  0.0300  0.0300
  0.0301  0.0301  0.0301  0.0302  0.0302  0.0304  0.0301  0.0302  0.0301  0.0302  0.0300  0.0300
  0.0304  0.0303  0.0302  0.0306  0.0305  0.0310  0.0304  0.0306  0.0302  0.0304  0.0302  0.0302
    0.7595   32.3095    3.9169   -3.1920   -6.3355    7.1696
   -2.5471   -0.8932    5.6124    9.4423    2.1583   -8.2695
eta,q 0.97005  7.95429

---------------------------------------------------------------------
compute_vox2vox talsrcimg talsrcimg_to_711-2C_as_mni_average_305_t4 /opt/freesurfer/average/711-2C_as_mni_average_305
---------------------------------------------------------------------

freesurfer compute_vox2vox.c
Reading: talsrcimg.4dfp.ifh
Reading: talsrcimg_to_711-2C_as_mni_average_305_t4
Reading: /opt/freesurfer/average/711-2C_as_mni_average_305.4dfp.ifh
Writing: talsrcimg_to_711-2C_as_mni_average_305_t4_vox2vox.txt

start time Wed Mar 11 20:51:13 CET 2026
end		time Wed Mar 11 20:52:39 CET 2026

mpr2mni305 success

avi2talxfm orig_nu.mgz /opt/freesurfer/average/mni305.cor.mgz talsrcimg_to_711-2C_as_mni_average_305_t4_vox2vox.txt transforms/talairach.auto.xfm
avi2talxfm done
mv -f /out/sourcedata/freesurfer/sub-v1s2x0051486_ses-1/mri/talsrcimg_to_711-2C_as_mni_average_305_t4_vox2vox.txt /out/sourcedata/freesurfer/sub-v1s2x0051486_ses-1/mri/transforms/talsrcimg_to_711-2C_as_mni_average_305_t4_vox2vox.txt
lta_convert --src orig_nu.mgz --trg /opt/freesurfer/average/mni305.cor.mgz --inxfm transforms/talairach.auto.xfm --outlta transforms/talairach.auto.xfm.lta --subject fsaverage
7.3.2

--src: orig_nu.mgz src image (geometry).
--trg: /opt/freesurfer/average/mni305.cor.mgz trg image (geometry).
--inmni: transforms/talairach.auto.xfm input MNI/XFM transform.
--outlta: transforms/talairach.auto.xfm.lta output LTA.
--s: fsaverage subject name
 LTA read, type : 1
 1.03118   0.00608   0.02858   0.61616;
-0.02534   0.92575   0.08104  -62.53011;
-0.05923  -0.09369   1.05776  -12.02489;
 0.00000   0.00000   0.00000   1.00000;
setting subject to fsaverage
Writing  LTA to file transforms/talairach.auto.xfm.lta...
lta_convert successful.
 
 
Started at Wed Mar 11 20:51:13 CET 2026
Ended   at Wed Mar 11 20:52:40 CET 2026
talairach_avi done
