status file for recon-all
Mon Mar  9 23:41:12 CET 2026
#@# Tessellate lh Mon Mar  9 23:41:12 CET 2026
#@# Smooth1 lh Mon Mar  9 23:41:15 CET 2026
#@# Inflation1 lh Mon Mar  9 23:41:18 CET 2026
#@# QSphere lh Mon Mar  9 23:41:32 CET 2026
#@# Fix Topology lh Mon Mar  9 23:42:44 CET 2026
#@# Smooth2 lh Mon Mar  9 23:48:50 CET 2026
#@# Inflation2 lh Mon Mar  9 23:48:53 CET 2026
#@# Curv .H and .K lh Mon Mar  9 23:49:09 CET 2026
#@# Sphere lh Mon Mar  9 23:50:02 CET 2026
#@# Surf Reg lh Mon Mar  9 23:52:24 CET 2026
#@# Jacobian white lh Mon Mar  9 23:56:50 CET 2026
#@# AvgCurv lh Mon Mar  9 23:56:51 CET 2026
#@# Cortical Parc lh Mon Mar  9 23:56:52 CET 2026
#@# white curv lh Tue Mar 10 00:04:06 CET 2026
#@# white area lh Tue Mar 10 00:04:08 CET 2026
#@# pial curv lh Tue Mar 10 00:04:09 CET 2026
#@# pial area lh Tue Mar 10 00:04:11 CET 2026
#@# thickness lh Tue Mar 10 00:04:11 CET 2026
#@# area and vertex vol lh Tue Mar 10 00:04:45 CET 2026
#@# Curvature Stats lh Tue Mar 10 00:04:47 CET 2026
#@# Cortical Parc 2 lh Tue Mar 10 00:04:50 CET 2026
#@# Cortical Parc 3 lh Tue Mar 10 00:05:05 CET 2026
#@# WM/GM Contrast lh Tue Mar 10 00:05:16 CET 2026
recon-all -s sub-v1s2x0051476_ses-1 finished without error at Tue Mar 10 00:05:19 CET 2026



#New# invocation of recon-all 



status file for recon-all
Tue Mar 10 00:34:50 CET 2026
#@# white curv lh Tue Mar 10 00:34:50 CET 2026
#@# white area lh Tue Mar 10 00:34:50 CET 2026
#@# pial curv lh Tue Mar 10 00:34:50 CET 2026
#@# pial area lh Tue Mar 10 00:34:50 CET 2026
#@# thickness lh Tue Mar 10 00:34:50 CET 2026
#@# area and vertex vol lh Tue Mar 10 00:34:50 CET 2026
#@# Parcellation Stats lh Tue Mar 10 00:34:50 CET 2026
#@# Parcellation Stats 2 lh Tue Mar 10 00:35:13 CET 2026
#@# Parcellation Stats 3 lh Tue Mar 10 00:35:25 CET 2026
#@# BA_exvivo Labels lh Tue Mar 10 00:35:37 CET 2026
recon-all -s sub-v1s2x0051476_ses-1 finished without error at Tue Mar 10 00:38:31 CET 2026
