status file for recon-all
Mon Mar  9 21:45:51 CET 2026
#@# MotionCor Mon Mar  9 21:45:54 CET 2026
#@# Talairach Mon Mar  9 21:46:01 CET 2026
#@# Talairach Failure Detection Mon Mar  9 21:50:27 CET 2026
#@# Nu Intensity Correction Mon Mar  9 21:50:27 CET 2026
#@# Intensity Normalization Mon Mar  9 21:53:43 CET 2026
recon-all -s sub-v1s2x0051476_ses-1 finished without error at Mon Mar  9 21:55:25 CET 2026



#New# invocation of recon-all 



status file for recon-all
Mon Mar  9 22:02:40 CET 2026
#@# EM Registration Mon Mar  9 22:02:40 CET 2026
recon-all -s sub-v1s2x0051476_ses-1 finished without error at Mon Mar  9 22:04:23 CET 2026



#New# invocation of recon-all 



status file for recon-all
Mon Mar  9 22:04:27 CET 2026
#@# CA Normalize Mon Mar  9 22:04:27 CET 2026
#@# CA Reg Mon Mar  9 22:05:49 CET 2026
#@# SubCort Seg Mon Mar  9 22:51:24 CET 2026
#@# CC Seg Mon Mar  9 23:34:46 CET 2026
#@# Merge ASeg Mon Mar  9 23:35:22 CET 2026
#@# Intensity Normalization2 Mon Mar  9 23:35:22 CET 2026
#@# Mask BFS Mon Mar  9 23:37:47 CET 2026
#@# WM Segmentation Mon Mar  9 23:37:48 CET 2026
#@# Fill Mon Mar  9 23:40:06 CET 2026
recon-all -s sub-v1s2x0051476_ses-1 finished without error at Mon Mar  9 23:41:07 CET 2026



#New# invocation of recon-all 



status file for recon-all
Tue Mar 10 00:30:06 CET 2026
#@# white curv lh Tue Mar 10 00:30:06 CET 2026
#@# white area lh Tue Mar 10 00:30:06 CET 2026
#@# pial curv lh Tue Mar 10 00:30:06 CET 2026
#@# pial area lh Tue Mar 10 00:30:06 CET 2026
#@# thickness lh Tue Mar 10 00:30:06 CET 2026
#@# area and vertex vol lh Tue Mar 10 00:30:06 CET 2026
#@# white curv rh Tue Mar 10 00:30:06 CET 2026
#@# white area rh Tue Mar 10 00:30:06 CET 2026
#@# pial curv rh Tue Mar 10 00:30:06 CET 2026
#@# pial area rh Tue Mar 10 00:30:06 CET 2026
#@# thickness rh Tue Mar 10 00:30:06 CET 2026
#@# area and vertex vol rh Tue Mar 10 00:30:06 CET 2026
#@# Cortical ribbon mask Tue Mar 10 00:30:06 CET 2026
recon-all -s sub-v1s2x0051476_ses-1 finished without error at Tue Mar 10 00:34:45 CET 2026



#New# invocation of recon-all 



status file for recon-all
Tue Mar 10 00:42:08 CET 2026
#@# white curv lh Tue Mar 10 00:42:08 CET 2026
#@# white area lh Tue Mar 10 00:42:08 CET 2026
#@# pial curv lh Tue Mar 10 00:42:08 CET 2026
#@# pial area lh Tue Mar 10 00:42:08 CET 2026
#@# thickness lh Tue Mar 10 00:42:08 CET 2026
#@# area and vertex vol lh Tue Mar 10 00:42:08 CET 2026
#@# white curv rh Tue Mar 10 00:42:08 CET 2026
#@# white area rh Tue Mar 10 00:42:08 CET 2026
#@# pial curv rh Tue Mar 10 00:42:08 CET 2026
#@# pial area rh Tue Mar 10 00:42:08 CET 2026
#@# thickness rh Tue Mar 10 00:42:08 CET 2026
#@# area and vertex vol rh Tue Mar 10 00:42:08 CET 2026
#@# Curvature Stats lh Tue Mar 10 00:42:08 CET 2026
#@# Curvature Stats rh Tue Mar 10 00:42:11 CET 2026
#@# Relabel Hypointensities Tue Mar 10 00:42:14 CET 2026
#@# APas-to-ASeg Tue Mar 10 00:42:29 CET 2026
#@# AParc-to-ASeg aparc Tue Mar 10 00:42:38 CET 2026
#@# AParc-to-ASeg aparc.a2009s Tue Mar 10 00:43:23 CET 2026
#@# AParc-to-ASeg aparc.DKTatlas Tue Mar 10 00:43:58 CET 2026
#@# WMParc Tue Mar 10 00:44:39 CET 2026
#@# ASeg Stats Tue Mar 10 00:48:12 CET 2026
recon-all -s sub-v1s2x0051476_ses-1 finished without error at Tue Mar 10 00:48:54 CET 2026
