status file for recon-all
Wed Mar 11 23:28:31 CET 2026
#@# Tessellate lh Wed Mar 11 23:28:31 CET 2026
#@# Smooth1 lh Wed Mar 11 23:28:35 CET 2026
#@# Inflation1 lh Wed Mar 11 23:28:38 CET 2026
#@# QSphere lh Wed Mar 11 23:28:53 CET 2026
#@# Fix Topology lh Wed Mar 11 23:30:13 CET 2026
#@# Smooth2 lh Wed Mar 11 23:37:44 CET 2026
#@# Inflation2 lh Wed Mar 11 23:37:48 CET 2026
#@# Curv .H and .K lh Wed Mar 11 23:38:06 CET 2026
#@# Sphere lh Wed Mar 11 23:39:03 CET 2026
#@# Surf Reg lh Wed Mar 11 23:41:40 CET 2026
#@# Jacobian white lh Wed Mar 11 23:46:32 CET 2026
#@# AvgCurv lh Wed Mar 11 23:46:33 CET 2026
#@# Cortical Parc lh Wed Mar 11 23:46:34 CET 2026
#@# white curv lh Wed Mar 11 23:54:17 CET 2026
#@# white area lh Wed Mar 11 23:54:19 CET 2026
#@# pial curv lh Wed Mar 11 23:54:20 CET 2026
#@# pial area lh Wed Mar 11 23:54:22 CET 2026
#@# thickness lh Wed Mar 11 23:54:23 CET 2026
#@# area and vertex vol lh Wed Mar 11 23:55:00 CET 2026
#@# Curvature Stats lh Wed Mar 11 23:55:02 CET 2026
#@# Cortical Parc 2 lh Wed Mar 11 23:55:05 CET 2026
#@# Cortical Parc 3 lh Wed Mar 11 23:55:21 CET 2026
#@# WM/GM Contrast lh Wed Mar 11 23:55:33 CET 2026
recon-all -s sub-v1s2x0051492_ses-1 finished without error at Wed Mar 11 23:55:36 CET 2026



#New# invocation of recon-all 



status file for recon-all
Thu Mar 12 00:32:36 CET 2026
#@# white curv lh Thu Mar 12 00:32:36 CET 2026
#@# white area lh Thu Mar 12 00:32:36 CET 2026
#@# pial curv lh Thu Mar 12 00:32:36 CET 2026
#@# pial area lh Thu Mar 12 00:32:36 CET 2026
#@# thickness lh Thu Mar 12 00:32:36 CET 2026
#@# area and vertex vol lh Thu Mar 12 00:32:36 CET 2026
#@# Parcellation Stats lh Thu Mar 12 00:32:36 CET 2026
#@# Parcellation Stats 2 lh Thu Mar 12 00:33:01 CET 2026
#@# Parcellation Stats 3 lh Thu Mar 12 00:33:15 CET 2026
#@# BA_exvivo Labels lh Thu Mar 12 00:33:27 CET 2026
recon-all -s sub-v1s2x0051492_ses-1 finished without error at Thu Mar 12 00:36:33 CET 2026
