status file for recon-all
Wed Mar 11 23:55:39 CET 2026
#@# Tessellate rh Wed Mar 11 23:55:39 CET 2026
#@# Smooth1 rh Wed Mar 11 23:55:43 CET 2026
#@# Inflation1 rh Wed Mar 11 23:55:47 CET 2026
#@# QSphere rh Wed Mar 11 23:56:02 CET 2026
#@# Fix Topology rh Wed Mar 11 23:57:39 CET 2026
#@# Smooth2 rh Thu Mar 12 00:04:14 CET 2026
#@# Inflation2 rh Thu Mar 12 00:04:18 CET 2026
#@# Curv .H and .K rh Thu Mar 12 00:04:34 CET 2026
#@# Sphere rh Thu Mar 12 00:05:32 CET 2026
#@# Surf Reg rh Thu Mar 12 00:09:13 CET 2026
#@# Jacobian white rh Thu Mar 12 00:14:16 CET 2026
#@# AvgCurv rh Thu Mar 12 00:14:16 CET 2026
#@# Cortical Parc rh Thu Mar 12 00:14:18 CET 2026
#@# white curv rh Thu Mar 12 00:21:38 CET 2026
#@# white area rh Thu Mar 12 00:21:40 CET 2026
#@# pial curv rh Thu Mar 12 00:21:41 CET 2026
#@# pial area rh Thu Mar 12 00:21:43 CET 2026
#@# thickness rh Thu Mar 12 00:21:43 CET 2026
#@# area and vertex vol rh Thu Mar 12 00:22:19 CET 2026
#@# Curvature Stats rh Thu Mar 12 00:22:21 CET 2026
#@# Cortical Parc 2 rh Thu Mar 12 00:22:24 CET 2026
#@# Cortical Parc 3 rh Thu Mar 12 00:22:40 CET 2026
#@# WM/GM Contrast rh Thu Mar 12 00:22:52 CET 2026
recon-all -s sub-v1s2x0051492_ses-1 finished without error at Thu Mar 12 00:22:55 CET 2026



#New# invocation of recon-all 



status file for recon-all
Thu Mar 12 00:36:36 CET 2026
#@# white curv rh Thu Mar 12 00:36:36 CET 2026
#@# white area rh Thu Mar 12 00:36:36 CET 2026
#@# pial curv rh Thu Mar 12 00:36:36 CET 2026
#@# pial area rh Thu Mar 12 00:36:36 CET 2026
#@# thickness rh Thu Mar 12 00:36:36 CET 2026
#@# area and vertex vol rh Thu Mar 12 00:36:36 CET 2026
#@# Parcellation Stats rh Thu Mar 12 00:36:36 CET 2026
#@# Parcellation Stats 2 rh Thu Mar 12 00:37:02 CET 2026
#@# Parcellation Stats 3 rh Thu Mar 12 00:37:15 CET 2026
#@# BA_exvivo Labels rh Thu Mar 12 00:37:28 CET 2026
recon-all -s sub-v1s2x0051492_ses-1 finished without error at Thu Mar 12 00:40:34 CET 2026
