status file for recon-all
Wed Mar 11 21:31:32 CET 2026
#@# MotionCor Wed Mar 11 21:31:35 CET 2026
#@# Talairach Wed Mar 11 21:31:42 CET 2026
#@# Talairach Failure Detection Wed Mar 11 21:36:06 CET 2026
#@# Nu Intensity Correction Wed Mar 11 21:36:06 CET 2026
#@# Intensity Normalization Wed Mar 11 21:39:22 CET 2026
recon-all -s sub-v1s2x0051492_ses-1 finished without error at Wed Mar 11 21:41:00 CET 2026



#New# invocation of recon-all 



status file for recon-all
Wed Mar 11 21:48:21 CET 2026
#@# EM Registration Wed Mar 11 21:48:21 CET 2026
recon-all -s sub-v1s2x0051492_ses-1 finished without error at Wed Mar 11 21:50:26 CET 2026



#New# invocation of recon-all 



status file for recon-all
Wed Mar 11 21:50:29 CET 2026
#@# CA Normalize Wed Mar 11 21:50:29 CET 2026
#@# CA Reg Wed Mar 11 21:51:49 CET 2026
#@# SubCort Seg Wed Mar 11 22:43:21 CET 2026
#@# CC Seg Wed Mar 11 23:21:57 CET 2026
#@# Merge ASeg Wed Mar 11 23:22:40 CET 2026
#@# Intensity Normalization2 Wed Mar 11 23:22:40 CET 2026
#@# Mask BFS Wed Mar 11 23:25:08 CET 2026
#@# WM Segmentation Wed Mar 11 23:25:09 CET 2026
#@# Fill Wed Mar 11 23:27:23 CET 2026
recon-all -s sub-v1s2x0051492_ses-1 finished without error at Wed Mar 11 23:28:26 CET 2026



#New# invocation of recon-all 



status file for recon-all
Thu Mar 12 00:22:59 CET 2026
#@# white curv lh Thu Mar 12 00:22:59 CET 2026
#@# white area lh Thu Mar 12 00:22:59 CET 2026
#@# pial curv lh Thu Mar 12 00:22:59 CET 2026
#@# pial area lh Thu Mar 12 00:22:59 CET 2026
#@# thickness lh Thu Mar 12 00:22:59 CET 2026
#@# area and vertex vol lh Thu Mar 12 00:22:59 CET 2026
#@# white curv rh Thu Mar 12 00:22:59 CET 2026
#@# white area rh Thu Mar 12 00:22:59 CET 2026
#@# pial curv rh Thu Mar 12 00:22:59 CET 2026
#@# pial area rh Thu Mar 12 00:22:59 CET 2026
#@# thickness rh Thu Mar 12 00:23:00 CET 2026
#@# area and vertex vol rh Thu Mar 12 00:23:00 CET 2026
#@# Cortical ribbon mask Thu Mar 12 00:23:00 CET 2026
recon-all -s sub-v1s2x0051492_ses-1 finished without error at Thu Mar 12 00:32:31 CET 2026



#New# invocation of recon-all 



status file for recon-all
Thu Mar 12 00:40:38 CET 2026
#@# white curv lh Thu Mar 12 00:40:38 CET 2026
#@# white area lh Thu Mar 12 00:40:38 CET 2026
#@# pial curv lh Thu Mar 12 00:40:38 CET 2026
#@# pial area lh Thu Mar 12 00:40:38 CET 2026
#@# thickness lh Thu Mar 12 00:40:38 CET 2026
#@# area and vertex vol lh Thu Mar 12 00:40:38 CET 2026
#@# white curv rh Thu Mar 12 00:40:38 CET 2026
#@# white area rh Thu Mar 12 00:40:38 CET 2026
#@# pial curv rh Thu Mar 12 00:40:38 CET 2026
#@# pial area rh Thu Mar 12 00:40:38 CET 2026
#@# thickness rh Thu Mar 12 00:40:38 CET 2026
#@# area and vertex vol rh Thu Mar 12 00:40:38 CET 2026
#@# Curvature Stats lh Thu Mar 12 00:40:38 CET 2026
#@# Curvature Stats rh Thu Mar 12 00:40:41 CET 2026
#@# Relabel Hypointensities Thu Mar 12 00:40:44 CET 2026
#@# APas-to-ASeg Thu Mar 12 00:41:01 CET 2026
#@# AParc-to-ASeg aparc Thu Mar 12 00:41:09 CET 2026
#@# AParc-to-ASeg aparc.a2009s Thu Mar 12 00:42:00 CET 2026
#@# AParc-to-ASeg aparc.DKTatlas Thu Mar 12 00:42:49 CET 2026
#@# WMParc Thu Mar 12 00:43:34 CET 2026
#@# ASeg Stats Thu Mar 12 00:48:01 CET 2026
recon-all -s sub-v1s2x0051492_ses-1 finished without error at Thu Mar 12 00:48:43 CET 2026
