/out/sourcedata/freesurfer/sub-v1s2x0051482_ses-1/mri
/opt/freesurfer/bin/talairach_avi
--i orig_nu.mgz --xfm transforms/talairach.auto.xfm
talairach_avi 7.3.2
Linux dna063 5.14.0-427.37.1.el9_4.x86_64 #1 SMP PREEMPT_DYNAMIC Fri Sep 13 12:41:50 EDT 2024 x86_64 x86_64 x86_64 GNU/Linux
Mon Mar  9 22:31:47 CET 2026
mri_convert orig_nu.mgz talsrcimg.img 
reading from orig_nu.mgz...
TR=0.00, TE=0.00, TI=0.00, flip angle=0.00
i_ras = (-1, 0, 0)
j_ras = (0, 0, -1)
k_ras = (0, 1, 0)
writing to talsrcimg.img...
Analyze Output Matrix
-1.00000   0.00000   0.00000   126.78813;
 0.00000   0.00000   1.00000  -68.33899;
 0.00000  -1.00000   0.00000   116.44067;
 0.00000   0.00000   0.00000   1.00000;
--------------------
INFO: set hdr.hist.orient to -1
mpr2mni305 talsrcimg
Mon Mar  9 22:31:47 CET 2026
/opt/freesurfer/bin/mpr2mni305 talsrcimg
mpr2mni305 7.3.2
target=711-2C_as_mni_average_305

---------------------------------------------------------------------
analyzeto4dfp talsrcimg -O0 -y
---------------------------------------------------------------------

freesurfer ifh2hdr.c
Mon Mar  9 22:31:47 2026
Writing: talsrcimg.4dfp.hdr
freesurfer analyzeto4dfp.c
Reading: talsrcimg.hdr
header size 348 bytes
hdr.dime.datatype	offset=70	value=2
hdr.dime.bitpix		offset=72	value=8
hdr.hist.orient		offset=252	value=-1
dimensionality     4
dimensions       256       256       256         1
Reading: talsrcimg.img
Writing: talsrcimg.4dfp.img
Writing: talsrcimg.4dfp.ifh
ifh2hdr talsrcimg -r0to255
ori=2

---------------------------------------------------------------------
gauss_4dfp talsrcimg 1.1
---------------------------------------------------------------------

freesurfer gauss_4dfp.c
Reading: talsrcimg.4dfp.img
Writing: talsrcimg_g11.4dfp.img
image dimensions 256 256 256 padded to 288 288 288
processing volume 1freesurfer ifh2hdr.c
Mon Mar  9 22:31:49 2026
Writing: talsrcimg_g11.4dfp.hdr

Writing: talsrcimg_g11.4dfp.ifh
including: talsrcimg.4dfp.img.rec in talsrcimg_g11.4dfp.img.rec

---------------------------------------------------------------------
imgreg_4dfp /opt/freesurfer/average/711-2C_as_mni_average_305 none talsrcimg_g11 none talsrcimg_to_711-2C_as_mni_average_305_t4 4355
---------------------------------------------------------------------

freesurfer imgreg_4dfp.c
/opt/freesurfer/average/711-2C_as_mni_average_305.4dfp.img
       256       256       256         1
  1.000000  1.000000  1.000000
orientation T byte_order littleendian
Reading image: /opt/freesurfer/average/711-2C_as_mni_average_305.4dfp.img
dimensions:      256       256       256
mmppix:       1.0000   -1.0000   -1.0000
center:     128.0000 -129.0000 -129.0000
talsrcimg_g11.4dfp.img
       256       256       256         1
  1.000000  1.000000  1.000000
orientation T byte_order littleendian
Reading image: talsrcimg_g11.4dfp.img
dimensions:      256       256       256
mmppix:       1.0000   -1.0000   -1.0000
center:     128.0000 -129.0000 -129.0000
t4_read: open error in t4_sub.f l:  41 t4_file(1:l)talsrcimg_to_711-2C_as_mni_average_305_t4 
t4_read: transform initialized to I4
rotation matrix determinant  1.000000
image alignment mode   4355 decimal     1103 hex
   -7.5000  -45.0000  -45.0000 5933.9634   14.0672
    0.0000  -45.0000  -45.0000 6229.3818   14.0751
    7.5000  -45.0000  -45.0000 5990.1157   14.1002
   -7.5000  -37.5000  -45.0000 6518.7866   13.6791
    0.0000  -37.5000  -45.0000 6846.1777   13.6829
    7.5000  -37.5000  -45.0000 6575.6816   13.7053
   -7.5000  -30.0000  -45.0000 7410.9370   13.4341
    0.0000  -30.0000  -45.0000 7786.0698   13.4323
    7.5000  -30.0000  -45.0000 7496.0850   13.4516
   -7.5000  -22.5000  -45.0000 8330.7715   13.2682
    0.0000  -22.5000  -45.0000 8783.1064   13.2669
    7.5000  -22.5000  -45.0000 8473.4131   13.2830
   -7.5000  -15.0000  -45.0000 9317.1514   13.2002
    0.0000  -15.0000  -45.0000 9823.6582   13.2013
    7.5000  -15.0000  -45.0000 9481.7627   13.2171
   -7.5000   -7.5000  -45.000010362.8203   13.1430
    0.0000   -7.5000  -45.000010914.8516   13.1474
    7.5000   -7.5000  -45.000010517.6709   13.1656
   -7.5000    0.0000  -45.000011300.9463   13.1096
    0.0000    0.0000  -45.000011885.2822   13.1157
    7.5000    0.0000  -45.000011449.0527   13.1364
   -7.5000    7.5000  -45.000011285.2051   13.1164
    0.0000    7.5000  -45.000011846.3154   13.1193
    7.5000    7.5000  -45.000011416.5889   13.1398
   -7.5000   15.0000  -45.000011155.9434   13.1526
    0.0000   15.0000  -45.000011697.0625   13.1514
    7.5000   15.0000  -45.000011252.8369   13.1694
   -7.5000   22.5000  -45.000010930.1895   13.1832
    0.0000   22.5000  -45.000011458.4268   13.1819
    7.5000   22.5000  -45.000011028.1025   13.1977
   -7.5000   30.0000  -45.000010680.6699   13.0064
    0.0000   30.0000  -45.000011190.0762   13.0076
    7.5000   30.0000  -45.000010768.6748   13.0231
   -7.5000   37.5000  -45.000010813.5820   12.9678
    0.0000   37.5000  -45.000011349.8184   12.9721
    7.5000   37.5000  -45.000010917.2266   12.9901
   -7.5000   45.0000  -45.000010378.1562   12.6064
    0.0000   45.0000  -45.000010894.5840   12.6124
    7.5000   45.0000  -45.000010449.6055   12.6322
   -7.5000  -45.0000  -37.5000 6261.2573   14.0500
    0.0000  -45.0000  -37.5000 6585.4790   14.0525
    7.5000  -45.0000  -37.5000 6333.3872   14.0740
   -7.5000  -37.5000  -37.5000 6871.1274   13.6512
    0.0000  -37.5000  -37.5000 7229.7056   13.6523
    7.5000  -37.5000  -37.5000 6954.4893   13.6753
   -7.5000  -30.0000  -37.5000 7812.1689   13.3997
    0.0000  -30.0000  -37.5000 8221.3545   13.3979
    7.5000  -30.0000  -37.5000 7925.1895   13.4203
   -7.5000  -22.5000  -37.5000 8820.8936   13.2395
    0.0000  -22.5000  -37.5000 9292.0176   13.2382
    7.5000  -22.5000  -37.5000 8956.1191   13.2562
   -7.5000  -15.0000  -37.5000 9871.8701   13.1822
    0.0000  -15.0000  -37.500010393.7119   13.1815
    7.5000  -15.0000  -37.500010031.7422   13.1959
   -7.5000   -7.5000  -37.500010965.9375   13.1303
    0.0000   -7.5000  -37.500011545.2627   13.1305
    7.5000   -7.5000  -37.500011122.0332   13.1449
   -7.5000    0.0000  -37.500011959.9736   13.0924
    0.0000    0.0000  -37.500012574.6562   13.0939
    7.5000    0.0000  -37.500012118.9775   13.1116
   -7.5000    7.5000  -37.500011937.5469   13.0890
    0.0000    7.5000  -37.500012511.6621   13.0895
    7.5000    7.5000  -37.500012059.4238   13.1106
   -7.5000   15.0000  -37.500011794.2148   13.1189
    0.0000   15.0000  -37.500012363.7910   13.1177
    7.5000   15.0000  -37.500011881.4287   13.1388
   -7.5000   22.5000  -37.500011549.1992   13.1544
    0.0000   22.5000  -37.500012129.5615   13.1532
    7.5000   22.5000  -37.500011649.9297   13.1710
   -7.5000   30.0000  -37.500011248.1064   12.9886
    0.0000   30.0000  -37.500011814.7354   12.9880
    7.5000   30.0000  -37.500011355.1152   13.0023
   -7.5000   37.5000  -37.500011351.9043   12.9553
    0.0000   37.5000  -37.500011945.8096   12.9555
    7.5000   37.5000  -37.500011476.9893   12.9697
   -7.5000   45.0000  -37.500010870.0244   12.5899
    0.0000   45.0000  -37.500011429.5020   12.5914
    7.5000   45.0000  -37.500010959.2891   12.6084
   -7.5000  -45.0000  -30.0000 6683.8677   14.6361
    0.0000  -45.0000  -30.0000 7040.4292   14.6286
    7.5000  -45.0000  -30.0000 6769.4600   14.6472
   -7.5000  -37.5000  -30.0000 7342.3335   14.2177
    0.0000  -37.5000  -30.0000 7728.3926   14.2127
    7.5000  -37.5000  -30.0000 7444.0488   14.2345
   -7.5000  -30.0000  -30.0000 8358.2627   13.9453
    0.0000  -30.0000  -30.0000 8806.3008   13.9424
    7.5000  -30.0000  -30.0000 8486.1953   13.9657
   -7.5000  -22.5000  -30.0000 9471.1055   13.7714
    0.0000  -22.5000  -30.0000 9970.7715   13.7704
    7.5000  -22.5000  -30.0000 9622.2129   13.7904
   -7.5000  -15.0000  -30.000010616.0752   13.7155
    0.0000  -15.0000  -30.000011174.4512   13.7121
    7.5000  -15.0000  -30.000010786.9727   13.7280
   -7.5000   -7.5000  -30.000011762.4785   13.6735
    0.0000   -7.5000  -30.000012387.9053   13.6665
    7.5000   -7.5000  -30.000011933.3242   13.6803
   -7.5000    0.0000  -30.000012814.0137   13.6416
    0.0000    0.0000  -30.000013475.2988   13.6342
    7.5000    0.0000  -30.000012990.0977   13.6501
   -7.5000    7.5000  -30.000012784.0625   13.6334
    0.0000    7.5000  -30.000013397.1328   13.6284
    7.5000    7.5000  -30.000012913.8320   13.6485
   -7.5000   15.0000  -30.000012600.4023   13.6535
    0.0000   15.0000  -30.000013219.5732   13.6514
    7.5000   15.0000  -30.000012720.8848   13.6733
   -7.5000   22.5000  -30.000012327.0430   13.6817
    0.0000   22.5000  -30.000012971.8633   13.6807
    7.5000   22.5000  -30.000012465.4150   13.7005
   -7.5000   30.0000  -30.000011998.4756   13.5155
    0.0000   30.0000  -30.000012651.4277   13.5121
    7.5000   30.0000  -30.000012143.4932   13.5279
   -7.5000   37.5000  -30.000012109.5342   13.4925
    0.0000   37.5000  -30.000012773.6631   13.4857
    7.5000   37.5000  -30.000012257.8154   13.4993
   -7.5000   45.0000  -30.000011540.6445   13.1277
    0.0000   45.0000  -30.000012164.1992   13.1206
    7.5000   45.0000  -30.000011648.2393   13.1358
   -7.5000  -45.0000  -22.5000 7084.2778   15.1374
    0.0000  -45.0000  -22.5000 7459.2363   15.1239
    7.5000  -45.0000  -22.5000 7170.7217   15.1422
   -7.5000  -37.5000  -22.5000 7823.5220   14.7136
    0.0000  -37.5000  -22.5000 8225.3105   14.7032
    7.5000  -37.5000  -22.5000 7922.3027   14.7219
   -7.5000  -30.0000  -22.5000 8941.2207   14.4274
    0.0000  -30.0000  -22.5000 9396.0264   14.4219
    7.5000  -30.0000  -22.5000 9062.9092   14.4422
   -7.5000  -22.5000  -22.500010135.8945   14.2332
    0.0000  -22.5000  -22.500010645.9775   14.2315
    7.5000  -22.5000  -22.500010279.4854   14.2521
   -7.5000  -15.0000  -22.500011354.1260   14.1673
    0.0000  -15.0000  -22.500011931.2852   14.1630
    7.5000  -15.0000  -22.500011500.7773   14.1826
   -7.5000   -7.5000  -22.500012572.5732   14.1311
    0.0000   -7.5000  -22.500013217.0342   14.1210
    7.5000   -7.5000  -22.500012741.3330   14.1382
   -7.5000    0.0000  -22.500013676.3633   14.1118
    0.0000    0.0000  -22.500014349.9023   14.0990
    7.5000    0.0000  -22.500013829.0127   14.1151
   -7.5000    7.5000  -22.500013626.4863   14.1101
    0.0000    7.5000  -22.500014275.0732   14.1002
    7.5000    7.5000  -22.500013746.9980   14.1172
   -7.5000   15.0000  -22.500013393.3730   14.1256
    0.0000   15.0000  -22.500014050.6416   14.1210
    7.5000   15.0000  -22.500013522.9326   14.1400
   -7.5000   22.5000  -22.500013076.8008   14.1396
    0.0000   22.5000  -22.500013799.7012   14.1382
    7.5000   22.5000  -22.500013258.9961   14.1584
   -7.5000   30.0000  -22.500012720.2549   13.9628
    0.0000   30.0000  -22.500013462.1543   13.9587
    7.5000   30.0000  -22.500012911.6768   13.9779
   -7.5000   37.5000  -22.500012856.8281   13.9462
    0.0000   37.5000  -22.500013597.5273   13.9363
    7.5000   37.5000  -22.500013029.0283   13.9532
   -7.5000   45.0000  -22.500012216.6992   13.5903
    0.0000   45.0000  -22.500012872.7988   13.5780
    7.5000   45.0000  -22.500012313.3076   13.5935
   -7.5000  -45.0000  -15.0000 7484.2139   15.5029
    0.0000  -45.0000  -15.0000 7859.9331   15.4939
    7.5000  -45.0000  -15.0000 7564.7588   15.5154
   -7.5000  -37.5000  -15.0000 8324.0879   15.0812
    0.0000  -37.5000  -15.0000 8737.4658   15.0719
    7.5000  -37.5000  -15.0000 8417.7041   15.0896
   -7.5000  -30.0000  -15.0000 9520.1777   14.7937
    0.0000  -30.0000  -15.0000 9991.4082   14.7876
    7.5000  -30.0000  -15.0000 9644.1924   14.8049
   -7.5000  -22.5000  -15.000010768.3281   14.5869
    0.0000  -22.5000  -15.000011315.1318   14.5855
    7.5000  -22.5000  -15.000010925.1846   14.6051
   -7.5000  -15.0000  -15.000012033.7324   14.5074
    0.0000  -15.0000  -15.000012643.6309   14.5058
    7.5000  -15.0000  -15.000012206.9951   14.5279
   -7.5000   -7.5000  -15.000013331.7617   14.4660
    0.0000   -7.5000  -15.000013998.9990   14.4604
    7.5000   -7.5000  -15.000013489.3262   14.4821
   -7.5000    0.0000  -15.000014497.6182   14.4527
    0.0000    0.0000  -15.000015214.2002   14.4436
    7.5000    0.0000  -15.000014655.6660   14.4625
   -7.5000    7.5000  -15.000014435.0713   14.4625
    0.0000    7.5000  -15.000015130.5107   14.4534
    7.5000    7.5000  -15.000014579.4805   14.4696
   -7.5000   15.0000  -15.000014136.4502   14.4838
    0.0000   15.0000  -15.000014821.3301   14.4785
    7.5000   15.0000  -15.000014280.5752   14.4947
   -7.5000   22.5000  -15.000013813.5459   14.4904
    0.0000   22.5000  -15.000014556.3203   14.4892
    7.5000   22.5000  -15.000013964.9102   14.5085
   -7.5000   30.0000  -15.000013434.2393   14.3000
    0.0000   30.0000  -15.000014184.8506   14.2985
    7.5000   30.0000  -15.000013590.5938   14.3203
   -7.5000   37.5000  -15.000013546.0957   14.2788
    0.0000   37.5000  -15.000014298.7168   14.2732
    7.5000   37.5000  -15.000013694.2529   14.2946
   -7.5000   45.0000  -15.000012836.7412   13.9271
    0.0000   45.0000  -15.000013466.2051   13.9183
    7.5000   45.0000  -15.000012899.1660   13.9365
   -7.5000  -45.0000   -7.5000 7888.6987   15.6858
    0.0000  -45.0000   -7.5000 8272.4629   15.6886
    7.5000  -45.0000   -7.5000 7976.3433   15.7157
   -7.5000  -37.5000   -7.5000 8817.0781   15.2616
    0.0000  -37.5000   -7.5000 9255.2822   15.2607
    7.5000  -37.5000   -7.5000 8925.8623   15.2821
   -7.5000  -30.0000   -7.500010120.4531   14.9824
    0.0000  -30.0000   -7.500010620.4150   14.9788
    7.5000  -30.0000   -7.500010247.5791   14.9970
   -7.5000  -22.5000   -7.500011445.7588   14.7816
    0.0000  -22.5000   -7.500012020.7441   14.7807
    7.5000  -22.5000   -7.500011602.6270   14.7987
   -7.5000  -15.0000   -7.500012723.0850   14.6977
    0.0000  -15.0000   -7.500013382.8135   14.6988
    7.5000  -15.0000   -7.500012918.4863   14.7198
   -7.5000   -7.5000   -7.500014001.7949   14.6427
    0.0000   -7.5000   -7.500014729.2627   14.6447
    7.5000   -7.5000   -7.500014196.0977   14.6681
   -7.5000    0.0000   -7.500015224.1035   14.6201
    0.0000    0.0000   -7.500015991.8242   14.6215
    7.5000    0.0000   -7.500015383.1924   14.6444
   -7.5000    7.5000   -7.500015226.0732   14.6342
    0.0000    7.5000   -7.500015940.4727   14.6327
    7.5000    7.5000   -7.500015370.3135   14.6523
   -7.5000   15.0000   -7.500014947.6426   14.6681
    0.0000   15.0000   -7.500015643.6436   14.6651
    7.5000   15.0000   -7.500015074.7412   14.6821
   -7.5000   22.5000   -7.500014616.0391   14.6821
    0.0000   22.5000   -7.500015300.1777   14.6813
    7.5000   22.5000   -7.500014658.0127   14.6990
   -7.5000   30.0000   -7.500014176.0449   14.4872
    0.0000   30.0000   -7.500014819.2979   14.4883
    7.5000   30.0000   -7.500014207.5713   14.5090
   -7.5000   37.5000   -7.500014270.3457   14.4528
    0.0000   37.5000   -7.500014911.4160   14.4547
    7.5000   37.5000   -7.500014314.5137   14.4779
   -7.5000   45.0000   -7.500013486.2051   14.0911
    0.0000   45.0000   -7.500014056.7197   14.0923
    7.5000   45.0000   -7.500013494.9023   14.1144
   -7.5000  -45.0000    0.0000 8255.4619   15.7186
    0.0000  -45.0000    0.0000 8668.2783   15.7277
    7.5000  -45.0000    0.0000 8343.5508   15.7560
   -7.5000  -37.5000    0.0000 9216.1582   15.2845
    0.0000  -37.5000    0.0000 9710.2344   15.2888
    7.5000  -37.5000    0.0000 9344.5117   15.3140
   -7.5000  -30.0000    0.000010570.7754   15.0101
    0.0000  -30.0000    0.000011126.0420   15.0082
    7.5000  -30.0000    0.000010715.5576   15.0300
   -7.5000  -22.5000    0.000011979.9189   14.8245
    0.0000  -22.5000    0.000012588.6074   14.8231
    7.5000  -22.5000    0.000012127.7812   14.8413
   -7.5000  -15.0000    0.000013335.9951   14.7486
    0.0000  -15.0000    0.000014026.6748   14.7498
    7.5000  -15.0000    0.000013514.4580   14.7678
   -7.5000   -7.5000    0.000014568.9629   14.6849
    0.0000   -7.5000    0.000015317.1152   14.6898
    7.5000   -7.5000    0.000014762.8643   14.7104
   -7.5000    0.0000    0.000015772.6523   14.6475
    0.0000    0.0000    0.000016501.6328   14.6544
    7.5000    0.0000    0.000015887.1670   14.6778
   -7.5000    7.5000    0.000015884.5527   14.6549
    0.0000    7.5000    0.000016677.6055   14.6581
    7.5000    7.5000    0.000016027.9727   14.6813
   -7.5000   15.0000    0.000015828.8301   14.6951
    0.0000   15.0000    0.000016710.6406   14.6938
    7.5000   15.0000    0.000016017.6592   14.7142
   -7.5000   22.5000    0.000015527.9268   14.7246
    0.0000   22.5000    0.000016167.6719   14.7232
    7.5000   22.5000    0.000015510.0391   14.7411
   -7.5000   30.0000    0.000015023.2754   14.5377
    0.0000   30.0000    0.000015551.4688   14.5390
    7.5000   30.0000    0.000014950.3164   14.5567
   -7.5000   37.5000    0.000015109.3896   14.4948
    0.0000   37.5000    0.000015679.1094   14.4996
    7.5000   37.5000    0.000015093.9863   14.5200
   -7.5000   45.0000    0.000014212.7324   14.1185
    0.0000   45.0000    0.000014803.7646   14.1252
    7.5000   45.0000    0.000014254.8369   14.1477
   -7.5000  -45.0000    7.5000 7915.3989   15.7200
    0.0000  -45.0000    7.5000 8343.1602   15.7228
    7.5000  -45.0000    7.5000 8010.6621   15.7469
   -7.5000  -37.5000    7.5000 8853.6777   15.2738
    0.0000  -37.5000    7.5000 9343.9326   15.2750
    7.5000  -37.5000    7.5000 8996.9326   15.3008
   -7.5000  -30.0000    7.500010196.3193   14.9924
    0.0000  -30.0000    7.500010746.3018   14.9904
    7.5000  -30.0000    7.500010351.7217   15.0157
   -7.5000  -22.5000    7.500011581.7910   14.8132
    0.0000  -22.5000    7.500012178.2646   14.8119
    7.5000  -22.5000    7.500011720.2217   14.8321
   -7.5000  -15.0000    7.500012900.6211   14.7491
    0.0000  -15.0000    7.500013569.7529   14.7484
    7.5000  -15.0000    7.500013048.1787   14.7647
   -7.5000   -7.5000    7.500014094.1885   14.6911
    0.0000   -7.5000    7.500014750.5098   14.6913
    7.5000   -7.5000    7.500014197.6582   14.7075
   -7.5000    0.0000    7.500015207.5723   14.6487
    0.0000    0.0000    7.500015768.2930   14.6503
    7.5000    0.0000    7.500015177.7549   14.6702
   -7.5000    7.5000    7.500015233.5908   14.6447
    0.0000    7.5000    7.500015959.7930   14.6454
    7.5000    7.5000    7.500015355.1338   14.6691
   -7.5000   15.0000    7.500015249.7510   14.6783
    0.0000   15.0000    7.500016165.9785   14.6769
    7.5000   15.0000    7.500015570.6924   14.7007
   -7.5000   22.5000    7.500015032.4883   14.7133
    0.0000   22.5000    7.500015775.2715   14.7120
    7.5000   22.5000    7.500015269.9902   14.7320
   -7.5000   30.0000    7.500014597.0713   14.5383
    0.0000   30.0000    7.500015279.5615   14.5376
    7.5000   30.0000    7.500014761.6875   14.5537
   -7.5000   37.5000    7.500014623.5371   14.5009
    0.0000   37.5000    7.500015371.3008   14.5011
    7.5000   37.5000    7.500014831.6611   14.5171
   -7.5000   45.0000    7.500013675.3037   14.1196
    0.0000   45.0000    7.500014380.5684   14.1212
    7.5000   45.0000    7.500013879.8125   14.1404
   -7.5000  -45.0000   15.0000 7498.3970   15.7236
    0.0000  -45.0000   15.0000 7915.7983   15.7154
    7.5000  -45.0000   15.0000 7578.4341   15.7354
   -7.5000  -37.5000   15.0000 8405.7236   15.2739
    0.0000  -37.5000   15.0000 8862.5625   15.2684
    7.5000  -37.5000   15.0000 8511.7891   15.2918
   -7.5000  -30.0000   15.0000 9668.2480   14.9811
    0.0000  -30.0000   15.000010183.8164   14.9779
    7.5000  -30.0000   15.0000 9787.9268   15.0029
   -7.5000  -22.5000   15.000010980.6211   14.7943
    0.0000  -22.5000   15.000011554.8281   14.7930
    7.5000  -22.5000   15.000011120.2715   14.8145
   -7.5000  -15.0000   15.000012247.3809   14.7342
    0.0000  -15.0000   15.000012878.8789   14.7303
    7.5000  -15.0000   15.000012424.4385   14.7475
   -7.5000   -7.5000   15.000013462.5117   14.6891
    0.0000   -7.5000   15.000014095.7773   14.6814
    7.5000   -7.5000   15.000013590.9121   14.6962
   -7.5000    0.0000   15.000014631.7207   14.6548
    0.0000    0.0000   15.000015235.8477   14.6467
    7.5000    0.0000   15.000014633.8018   14.6637
   -7.5000    7.5000   15.000014613.4131   14.6459
    0.0000    7.5000   15.000015333.5791   14.6405
    7.5000    7.5000   15.000014761.1973   14.6620
   -7.5000   15.0000   15.000014428.2207   14.6676
    0.0000   15.0000   15.000015254.8125   14.6652
    7.5000   15.0000   15.000014772.0361   14.6887
   -7.5000   22.5000   15.000014176.1504   14.6946
    0.0000   22.5000   15.000014898.7031   14.6934
    7.5000   22.5000   15.000014457.4512   14.7147
   -7.5000   30.0000   15.000013800.6348   14.5236
    0.0000   30.0000   15.000014546.4912   14.5198
    7.5000   30.0000   15.000014062.4385   14.5367
   -7.5000   37.5000   15.000013830.6924   14.4989
    0.0000   37.5000   15.000014626.0508   14.4914
    7.5000   37.5000   15.000014111.8379   14.5060
   -7.5000   45.0000   15.000012979.0762   14.1255
    0.0000   45.0000   15.000013654.0244   14.1177
    7.5000   45.0000   15.000013175.5312   14.1341
   -7.5000  -45.0000   22.5000 6985.4160   15.7521
    0.0000  -45.0000   22.5000 7389.7349   15.7378
    7.5000  -45.0000   22.5000 7061.0786   15.7571
   -7.5000  -37.5000   22.5000 7854.4575   15.3109
    0.0000  -37.5000   22.5000 8280.6396   15.2998
    7.5000  -37.5000   22.5000 7941.1240   15.3193
   -7.5000  -30.0000   22.5000 9028.2373   15.0127
    0.0000  -30.0000   22.5000 9523.8994   15.0068
    7.5000  -30.0000   22.5000 9162.1162   15.0281
   -7.5000  -22.5000   22.500010254.4824   14.8103
    0.0000  -22.5000   22.500010812.7178   14.8084
    7.5000  -22.5000   22.500010418.0400   14.8299
   -7.5000  -15.0000   22.500011447.1875   14.7415
    0.0000  -15.0000   22.500012068.7861   14.7368
    7.5000  -15.0000   22.500011640.1367   14.7573
   -7.5000   -7.5000   22.500012613.6260   14.7036
    0.0000   -7.5000   22.500013275.1191   14.6929
    7.5000   -7.5000   22.500012792.6084   14.7109
   -7.5000    0.0000   22.500013738.2168   14.6833
    0.0000    0.0000   22.500014433.7666   14.6698
    7.5000    0.0000   22.500013864.5400   14.6867
   -7.5000    7.5000   22.500013766.2178   14.6817
    0.0000    7.5000   22.500014486.9355   14.6712
    7.5000    7.5000   22.500013943.6670   14.6891
   -7.5000   15.0000   22.500013558.6201   14.6980
    0.0000   15.0000   22.500014231.1748   14.6930
    7.5000   15.0000   22.500013750.0811   14.7129
   -7.5000   22.5000   22.500013244.2451   14.7105
    0.0000   22.5000   22.500013841.2607   14.7088
    7.5000   22.5000   22.500013390.8115   14.7300
   -7.5000   30.0000   22.500012890.2285   14.5308
    0.0000   30.0000   22.500013500.5713   14.5262
    7.5000   30.0000   22.500013026.5771   14.5464
   -7.5000   37.5000   22.500012980.8857   14.5133
    0.0000   37.5000   22.500013591.5938   14.5027
    7.5000   37.5000   22.500013117.0459   14.5204
   -7.5000   45.0000   22.500012203.0264   14.1530
    0.0000   45.0000   22.500012731.9902   14.1400
    7.5000   45.0000   22.500012302.1553   14.1562
   -7.5000  -45.0000   30.0000 6416.7388   15.9342
    0.0000  -45.0000   30.0000 6778.1440   15.9242
    7.5000  -45.0000   30.0000 6489.0146   15.9465
   -7.5000  -37.5000   30.0000 7220.2793   15.4977
    0.0000  -37.5000   30.0000 7627.6616   15.4876
    7.5000  -37.5000   30.0000 7314.6436   15.5059
   -7.5000  -30.0000   30.0000 8312.8008   15.2004
    0.0000  -30.0000   30.0000 8782.6738   15.1935
    7.5000  -30.0000   30.0000 8441.3076   15.2114
   -7.5000  -22.5000   30.0000 9444.4893   14.9863
    0.0000  -22.5000   30.0000 9971.7432   14.9843
    7.5000  -22.5000   30.0000 9587.3389   15.0043
   -7.5000  -15.0000   30.000010549.6094   14.9038
    0.0000  -15.0000   30.000011140.0479   14.9015
    7.5000  -15.0000   30.000010709.6758   14.9241
   -7.5000   -7.5000   30.000011649.9316   14.8604
    0.0000   -7.5000   30.000012270.3643   14.8539
    7.5000   -7.5000   30.000011773.9678   14.8762
   -7.5000    0.0000   30.000012710.9189   14.8463
    0.0000    0.0000   30.000013356.0791   14.8363
    7.5000    0.0000   30.000012793.8213   14.8558
   -7.5000    7.5000   30.000012755.6914   14.8566
    0.0000    7.5000   30.000013397.5430   14.8468
    7.5000    7.5000   30.000012855.0137   14.8635
   -7.5000   15.0000   30.000012578.3477   14.8791
    0.0000   15.0000   30.000013143.2402   14.8732
    7.5000   15.0000   30.000012650.5391   14.8898
   -7.5000   22.5000   30.000012284.2520   14.8846
    0.0000   22.5000   30.000012785.4990   14.8828
    7.5000   22.5000   30.000012325.1377   14.9026
   -7.5000   30.0000   30.000011959.9385   14.6905
    0.0000   30.0000   30.000012456.6738   14.6883
    7.5000   30.0000   30.000012015.3242   14.7105
   -7.5000   37.5000   30.000012075.2754   14.6680
    0.0000   37.5000   30.000012561.1924   14.6617
    7.5000   37.5000   30.000012126.6777   14.6836
   -7.5000   45.0000   30.000011348.0137   14.3101
    0.0000   45.0000   30.000011806.0361   14.3005
    7.5000   45.0000   30.000011411.6250   14.3193
   -7.5000  -45.0000   37.5000 6089.7915   16.2061
    0.0000  -45.0000   37.5000 6418.7729   16.2076
    7.5000  -45.0000   37.5000 6151.1660   16.2351
   -7.5000  -37.5000   37.5000 6854.6172   15.7606
    0.0000  -37.5000   37.5000 7233.4624   15.7582
    7.5000  -37.5000   37.5000 6935.6514   15.7799
   -7.5000  -30.0000   37.5000 7902.1816   15.4691
    0.0000  -30.0000   37.5000 8345.6992   15.4640
    7.5000  -30.0000   37.5000 8010.0527   15.4824
   -7.5000  -22.5000   37.5000 8992.7617   15.2600
    0.0000  -22.5000   37.5000 9481.9443   15.2577
    7.5000  -22.5000   37.5000 9104.6855   15.2760
   -7.5000  -15.0000   37.500010059.7393   15.1727
    0.0000  -15.0000   37.500010593.3945   15.1724
    7.5000  -15.0000   37.500010179.7852   15.1936
   -7.5000   -7.5000   37.500011113.3359   15.1128
    0.0000   -7.5000   37.500011677.7051   15.1135
    7.5000   -7.5000   37.500011209.1035   15.1371
   -7.5000    0.0000   37.500012097.1182   15.0876
    0.0000    0.0000   37.500012691.6104   15.0878
    7.5000    0.0000   37.500012182.7256   15.1109
   -7.5000    7.5000   37.500012153.6875   15.1030
    0.0000    7.5000   37.500012735.6338   15.1001
    7.5000    7.5000   37.500012223.1758   15.1200
   -7.5000   15.0000   37.500011997.8350   15.1401
    0.0000   15.0000   37.500012530.4854   15.1359
    7.5000   15.0000   37.500012044.4258   15.1531
   -7.5000   22.5000   37.500011724.8896   15.1563
    0.0000   22.5000   37.500012225.6641   15.1542
    7.5000   22.5000   37.500011759.1934   15.1722
   -7.5000   30.0000   37.500011415.6445   14.9552
    0.0000   30.0000   37.500011906.3320   14.9549
    7.5000   30.0000   37.500011459.5508   14.9759
   -7.5000   37.5000   37.500011513.3984   14.9172
    0.0000   37.5000   37.500012004.4844   14.9178
    7.5000   37.5000   37.500011561.2383   14.9412
   -7.5000   45.0000   37.500010848.4268   14.5427
    0.0000   45.0000   37.500011313.9082   14.5429
    7.5000   45.0000   37.500010905.9795   14.5652
   -7.5000  -45.0000   45.0000 5569.8193   16.6376
    0.0000  -45.0000   45.0000 5847.9351   16.6412
    7.5000  -45.0000   45.0000 5625.1836   16.6694
   -7.5000  -37.5000   45.0000 6275.7671   16.1662
    0.0000  -37.5000   45.0000 6580.4443   16.1649
    7.5000  -37.5000   45.0000 6337.5005   16.1901
   -7.5000  -30.0000   45.0000 7242.9399   15.8665
    0.0000  -30.0000   45.0000 7608.6416   15.8587
    7.5000  -30.0000   45.0000 7323.1797   15.8806
   -7.5000  -22.5000   45.0000 8242.0674   15.6561
    0.0000  -22.5000   45.0000 8667.9307   15.6495
    7.5000  -22.5000   45.0000 8327.6582   15.6676
   -7.5000  -15.0000   45.0000 9239.3975   15.5668
    0.0000  -15.0000   45.0000 9702.1191   15.5633
    7.5000  -15.0000   45.0000 9329.2061   15.5807
   -7.5000   -7.5000   45.000010177.8359   15.4954
    0.0000   -7.5000   45.000010683.1113   15.4956
    7.5000   -7.5000   45.000010278.0957   15.5157
   -7.5000    0.0000   45.000011066.3262   15.4606
    0.0000    0.0000   45.000011616.8242   15.4628
    7.5000    0.0000   45.000011169.3945   15.4857
   -7.5000    7.5000   45.000011098.4482   15.4769
    0.0000    7.5000   45.000011640.4092   15.4748
    7.5000    7.5000   45.000011184.7861   15.4980
   -7.5000   15.0000   45.000010963.3760   15.5235
    0.0000   15.0000   45.000011471.0801   15.5167
    7.5000   15.0000   45.000011032.6689   15.5372
   -7.5000   22.5000   45.000010729.7598   15.5490
    0.0000   22.5000   45.000011210.9092   15.5425
    7.5000   22.5000   45.000010786.8740   15.5603
   -7.5000   30.0000   45.000010456.4453   15.3417
    0.0000   30.0000   45.000010921.3799   15.3383
    7.5000   30.0000   45.000010507.7939   15.3555
   -7.5000   37.5000   45.000010570.3125   15.2935
    0.0000   37.5000   45.000011037.0596   15.2937
    7.5000   37.5000   45.000010595.9521   15.3136
   -7.5000   45.0000   45.0000 9985.0928   14.9090
    0.0000   45.0000   45.000010430.4053   14.9111
    7.5000   45.0000   45.000010029.8125   14.9332

---------------------------------------------------------------------
imgreg_4dfp /opt/freesurfer/average/711-2C_as_mni_average_305 /opt/freesurfer/average/711-2B_as_mni_average_305_mask talsrcimg_g11 none talsrcimg_to_711-2C_as_mni_average_305_t4 4355
---------------------------------------------------------------------

freesurfer imgreg_4dfp.c
/opt/freesurfer/average/711-2C_as_mni_average_305.4dfp.img
       256       256       256         1
  1.000000  1.000000  1.000000
orientation T byte_order littleendian
Reading image: /opt/freesurfer/average/711-2C_as_mni_average_305.4dfp.img
dimensions:      256       256       256
mmppix:       1.0000   -1.0000   -1.0000
center:     128.0000 -129.0000 -129.0000
/opt/freesurfer/average/711-2B_as_mni_average_305_mask.4dfp.img
       256       256       256         1
  1.000000  1.000000  1.000000
orientation T byte_order littleendian
Reading mask: /opt/freesurfer/average/711-2B_as_mni_average_305_mask.4dfp.img (2306576 pixels)
talsrcimg_g11.4dfp.img
       256       256       256         1
  1.000000  1.000000  1.000000
orientation T byte_order littleendian
Reading image: talsrcimg_g11.4dfp.img
dimensions:      256       256       256
mmppix:       1.0000   -1.0000   -1.0000
center:     128.0000 -129.0000 -129.0000
rotation matrix determinant  1.000000
image alignment mode   4355 decimal     1103 hex
   -7.5000  -30.0000  -45.0000 1915.0328   17.5526
    0.0000  -30.0000  -45.0000 1922.3147   17.4561
    7.5000  -30.0000  -45.0000 1923.8120   17.5365
   -7.5000  -22.5000  -45.0000 2024.5471   15.7029
    0.0000  -22.5000  -45.0000 2041.3942   15.5794
    7.5000  -22.5000  -45.0000 2049.1831   15.6574
   -7.5000  -15.0000  -45.0000 2130.9097   14.1738
    0.0000  -15.0000  -45.0000 2153.6592   14.0277
    7.5000  -15.0000  -45.0000 2157.0667   14.1331
   -7.5000   -7.5000  -45.0000 2237.0493   13.0054
    0.0000   -7.5000  -45.0000 2258.5752   12.8645
    7.5000   -7.5000  -45.0000 2258.2139   12.9995
   -7.5000    0.0000  -45.0000 2309.2148   12.1269
    0.0000    0.0000  -45.0000 2326.8154   11.9917
    7.5000    0.0000  -45.0000 2324.4119   12.1127
   -7.5000    7.5000  -45.0000 2347.0427   11.5485
    0.0000    7.5000  -45.0000 2366.3518   11.3972
    7.5000    7.5000  -45.0000 2361.7188   11.4888
   -7.5000   15.0000  -45.0000 2365.9370   11.2416
    0.0000   15.0000  -45.0000 2385.2495   11.0578
    7.5000   15.0000  -45.0000 2378.3157   11.1469
   -7.5000   22.5000  -45.0000 2362.3511   11.2079
    0.0000   22.5000  -45.0000 2383.8057   10.9905
    7.5000   22.5000  -45.0000 2381.0596   11.0659
   -7.5000   30.0000  -45.0000 2345.7595   11.3568
    0.0000   30.0000  -45.0000 2368.5386   11.1441
    7.5000   30.0000  -45.0000 2366.1064   11.1948
   -7.5000   37.5000  -45.0000 2319.1548   11.7010
    0.0000   37.5000  -45.0000 2343.5999   11.4843
    7.5000   37.5000  -45.0000 2341.6848   11.5266
   -7.5000   45.0000  -45.0000 2275.2297   12.3062
    0.0000   45.0000  -45.0000 2300.8391   12.0894
    7.5000   45.0000  -45.0000 2295.4146   12.1424
   -7.5000   52.5000  -45.0000 2191.8940   13.0994
    0.0000   52.5000  -45.0000 2214.1467   12.8696
    7.5000   52.5000  -45.0000 2208.7537   12.9437
   -7.5000   60.0000  -45.0000 2058.4890   14.0143
    0.0000   60.0000  -45.0000 2077.5403   13.7763
    7.5000   60.0000  -45.0000 2071.2390   13.8905
   -7.5000  -30.0000  -37.5000 1971.7932   16.4873
    0.0000  -30.0000  -37.5000 1980.9144   16.3794
    7.5000  -30.0000  -37.5000 1984.7300   16.4807
   -7.5000  -22.5000  -37.5000 2094.1577   14.7337
    0.0000  -22.5000  -37.5000 2110.3496   14.6129
    7.5000  -22.5000  -37.5000 2110.3220   14.7193
   -7.5000  -15.0000  -37.5000 2207.5366   13.3002
    0.0000  -15.0000  -37.5000 2230.0520   13.1684
    7.5000  -15.0000  -37.5000 2232.6433   13.2843
   -7.5000   -7.5000  -37.5000 2316.1492   12.1725
    0.0000   -7.5000  -37.5000 2340.0073   12.0251
    7.5000   -7.5000  -37.5000 2338.7793   12.1365
   -7.5000    0.0000  -37.5000 2398.5232   11.3188
    0.0000    0.0000  -37.5000 2417.6555   11.1729
    7.5000    0.0000  -37.5000 2412.8831   11.2765
   -7.5000    7.5000  -37.5000 2438.8379   10.7573
    0.0000    7.5000  -37.5000 2455.0132   10.6082
    7.5000    7.5000  -37.5000 2452.9255   10.7029
   -7.5000   15.0000  -37.5000 2463.5852   10.4539
    0.0000   15.0000  -37.5000 2483.4634   10.2848
    7.5000   15.0000  -37.5000 2477.6084   10.3725
   -7.5000   22.5000  -37.5000 2470.7603   10.3604
    0.0000   22.5000  -37.5000 2493.7805   10.1854
    7.5000   22.5000  -37.5000 2487.4531   10.2591
   -7.5000   30.0000  -37.5000 2450.5303   10.5296
    0.0000   30.0000  -37.5000 2475.4834   10.3395
    7.5000   30.0000  -37.5000 2469.7122   10.4027
   -7.5000   37.5000  -37.5000 2419.8091   10.8546
    0.0000   37.5000  -37.5000 2447.7561   10.6687
    7.5000   37.5000  -37.5000 2439.1802   10.7178
   -7.5000   45.0000  -37.5000 2371.3535   11.3933
    0.0000   45.0000  -37.5000 2400.3962   11.2115
    7.5000   45.0000  -37.5000 2393.1738   11.2652
   -7.5000   52.5000  -37.5000 2280.3787   12.1032
    0.0000   52.5000  -37.5000 2306.5737   11.9145
    7.5000   52.5000  -37.5000 2299.1506   11.9797
   -7.5000   60.0000  -37.5000 2141.1824   12.9334
    0.0000   60.0000  -37.5000 2162.8911   12.7286
    7.5000   60.0000  -37.5000 2156.1514   12.8371
   -7.5000  -30.0000  -30.0000 2059.6543   16.1437
    0.0000  -30.0000  -30.0000 2076.8164   15.9911
    7.5000  -30.0000  -30.0000 2075.0452   16.1286
   -7.5000  -22.5000  -30.0000 2195.0486   14.3934
    0.0000  -22.5000  -30.0000 2217.7949   14.2133
    7.5000  -22.5000  -30.0000 2214.3162   14.3533
   -7.5000  -15.0000  -30.0000 2316.8555   12.9478
    0.0000  -15.0000  -30.0000 2343.1479   12.7830
    7.5000  -15.0000  -30.0000 2343.7107   12.9224
   -7.5000   -7.5000  -30.0000 2430.9993   11.8131
    0.0000   -7.5000  -30.0000 2459.8220   11.6686
    7.5000   -7.5000  -30.0000 2454.6477   11.7768
   -7.5000    0.0000  -30.0000 2516.3281   10.9841
    0.0000    0.0000  -30.0000 2540.9016   10.8282
    7.5000    0.0000  -30.0000 2535.2668   10.9212
   -7.5000    7.5000  -30.0000 2567.2205   10.3918
    0.0000    7.5000  -30.0000 2586.8748   10.2361
    7.5000    7.5000  -30.0000 2584.0237   10.3255
   -7.5000   15.0000  -30.0000 2601.0376   10.0417
    0.0000   15.0000  -30.0000 2625.2432    9.9080
    7.5000   15.0000  -30.0000 2620.3762    9.9863
   -7.5000   22.5000  -30.0000 2617.6277    9.9079
    0.0000   22.5000  -30.0000 2645.4624    9.7742
    7.5000   22.5000  -30.0000 2636.6414    9.8390
   -7.5000   30.0000  -30.0000 2602.7068   10.0558
    0.0000   30.0000  -30.0000 2632.8625    9.9144
    7.5000   30.0000  -30.0000 2624.5376    9.9879
   -7.5000   37.5000  -30.0000 2568.1726   10.4093
    0.0000   37.5000  -30.0000 2601.4932   10.2417
    7.5000   37.5000  -30.0000 2592.8984   10.2957
   -7.5000   45.0000  -30.0000 2508.4043   10.9579
    0.0000   45.0000  -30.0000 2543.7664   10.7804
    7.5000   45.0000  -30.0000 2534.8633   10.8268
   -7.5000   52.5000  -30.0000 2413.1233   11.6415
    0.0000   52.5000  -30.0000 2439.6934   11.4550
    7.5000   52.5000  -30.0000 2431.4868   11.5285
   -7.5000   60.0000  -30.0000 2266.1204   12.4417
    0.0000   60.0000  -30.0000 2291.1267   12.2318
    7.5000   60.0000  -30.0000 2282.4014   12.3437
   -7.5000  -30.0000  -22.5000 2126.5701   15.7623
    0.0000  -30.0000  -22.5000 2147.7900   15.5106
    7.5000  -30.0000  -22.5000 2143.6729   15.6751
   -7.5000  -22.5000  -22.5000 2269.5662   14.0114
    0.0000  -22.5000  -22.5000 2295.2964   13.7575
    7.5000  -22.5000  -22.5000 2293.8574   13.9094
   -7.5000  -15.0000  -22.5000 2391.6365   12.5675
    0.0000  -15.0000  -22.5000 2423.9741   12.3484
    7.5000  -15.0000  -22.5000 2421.3950   12.4825
   -7.5000   -7.5000  -22.5000 2510.7930   11.4190
    0.0000   -7.5000  -22.5000 2542.1108   11.2420
    7.5000   -7.5000  -22.5000 2537.0657   11.3371
   -7.5000    0.0000  -22.5000 2603.8806   10.5686
    0.0000    0.0000  -22.5000 2630.3772   10.4068
    7.5000    0.0000  -22.5000 2623.9038   10.5020
   -7.5000    7.5000  -22.5000 2664.3428    9.9718
    0.0000    7.5000  -22.5000 2690.9976    9.8225
    7.5000    7.5000  -22.5000 2683.9563    9.8940
   -7.5000   15.0000  -22.5000 2708.7949    9.5967
    0.0000   15.0000  -22.5000 2740.1545    9.4532
    7.5000   15.0000  -22.5000 2733.4238    9.5199
   -7.5000   22.5000  -22.5000 2731.4697    9.4276
    0.0000   22.5000  -22.5000 2770.0515    9.2910
    7.5000   22.5000  -22.5000 2761.4324    9.3635
   -7.5000   30.0000  -22.5000 2718.6343    9.5516
    0.0000   30.0000  -22.5000 2761.5466    9.4173
    7.5000   30.0000  -22.5000 2753.4131    9.4899
   -7.5000   37.5000  -22.5000 2689.3269    9.9096
    0.0000   37.5000  -22.5000 2729.8459    9.7591
    7.5000   37.5000  -22.5000 2721.1265    9.8146
   -7.5000   45.0000  -22.5000 2630.0430   10.4680
    0.0000   45.0000  -22.5000 2667.5146   10.2855
    7.5000   45.0000  -22.5000 2654.4626   10.3353
   -7.5000   52.5000  -22.5000 2520.1245   11.1386
    0.0000   52.5000  -22.5000 2549.5723   10.9362
    7.5000   52.5000  -22.5000 2538.2195   10.9972
   -7.5000   60.0000  -22.5000 2359.3877   11.9427
    0.0000   60.0000  -22.5000 2385.3711   11.7285
    7.5000   60.0000  -22.5000 2378.0181   11.7795
   -7.5000  -30.0000  -15.0000 2163.7224   15.4529
    0.0000  -30.0000  -15.0000 2186.6821   15.1727
    7.5000  -30.0000  -15.0000 2185.6252   15.3280
   -7.5000  -22.5000  -15.0000 2303.3606   13.6578
    0.0000  -22.5000  -15.0000 2334.3799   13.3897
    7.5000  -22.5000  -15.0000 2333.8132   13.5456
   -7.5000  -15.0000  -15.0000 2425.7266   12.1868
    0.0000  -15.0000  -15.0000 2459.7200   11.9729
    7.5000  -15.0000  -15.0000 2456.7146   12.1163
   -7.5000   -7.5000  -15.0000 2546.8882   11.0550
    0.0000   -7.5000  -15.0000 2579.5076   10.8515
    7.5000   -7.5000  -15.0000 2575.6003   10.9821
   -7.5000    0.0000  -15.0000 2650.3582   10.1979
    0.0000    0.0000  -15.0000 2683.3035   10.0107
    7.5000    0.0000  -15.0000 2676.7483   10.1165
   -7.5000    7.5000  -15.0000 2727.8887    9.5941
    0.0000    7.5000  -15.0000 2760.4207    9.4106
    7.5000    7.5000  -15.0000 2754.5442    9.4983
   -7.5000   15.0000  -15.0000 2779.4465    9.2081
    0.0000   15.0000  -15.0000 2818.4053    9.0295
    7.5000   15.0000  -15.0000 2810.1711    9.1102
   -7.5000   22.5000  -15.0000 2815.0979    9.0166
    0.0000   22.5000  -15.0000 2863.2441    8.8521
    7.5000   22.5000  -15.0000 2847.2578    8.9280
   -7.5000   30.0000  -15.0000 2812.2134    9.1323
    0.0000   30.0000  -15.0000 2857.6787    8.9761
    7.5000   30.0000  -15.0000 2845.7090    9.0289
   -7.5000   37.5000  -15.0000 2776.2861    9.4702
    0.0000   37.5000  -15.0000 2821.3630    9.3073
    7.5000   37.5000  -15.0000 2808.9324    9.3477
   -7.5000   45.0000  -15.0000 2709.3179   10.0008
    0.0000   45.0000  -15.0000 2746.1211    9.8158
    7.5000   45.0000  -15.0000 2732.1379    9.8674
   -7.5000   52.5000  -15.0000 2591.6494   10.7056
    0.0000   52.5000  -15.0000 2620.8418   10.4770
    7.5000   52.5000  -15.0000 2607.6501   10.5281
   -7.5000   60.0000  -15.0000 2421.0896   11.5093
    0.0000   60.0000  -15.0000 2445.5249   11.2858
    7.5000   60.0000  -15.0000 2436.9595   11.3255
   -7.5000  -30.0000   -7.5000 2177.9734   15.2363
    0.0000  -30.0000   -7.5000 2207.1257   14.8876
    7.5000  -30.0000   -7.5000 2206.6125   15.0655
   -7.5000  -22.5000   -7.5000 2317.9719   13.4196
    0.0000  -22.5000   -7.5000 2353.6323   13.1144
    7.5000  -22.5000   -7.5000 2353.0051   13.2661
   -7.5000  -15.0000   -7.5000 2440.3074   11.9285
    0.0000  -15.0000   -7.5000 2474.2439   11.6701
    7.5000  -15.0000   -7.5000 2471.8894   11.8142
   -7.5000   -7.5000   -7.5000 2559.8364   10.7598
    0.0000   -7.5000   -7.5000 2591.1694   10.5436
    7.5000   -7.5000   -7.5000 2584.8394   10.6683
   -7.5000    0.0000   -7.5000 2670.5759    9.8885
    0.0000    0.0000   -7.5000 2702.5864    9.6766
    7.5000    0.0000   -7.5000 2696.3135    9.7790
   -7.5000    7.5000   -7.5000 2766.3777    9.2904
    0.0000    7.5000   -7.5000 2803.0312    9.0983
    7.5000    7.5000   -7.5000 2793.8755    9.1817
   -7.5000   15.0000   -7.5000 2830.1370    8.9037
    0.0000   15.0000   -7.5000 2879.2371    8.6940
    7.5000   15.0000   -7.5000 2869.5891    8.7803
   -7.5000   22.5000   -7.5000 2877.9377    8.7532
    0.0000   22.5000   -7.5000 2931.6750    8.5122
    7.5000   22.5000   -7.5000 2909.0967    8.5942
   -7.5000   30.0000   -7.5000 2876.9294    8.8433
    0.0000   30.0000   -7.5000 2920.3125    8.6408
    7.5000   30.0000   -7.5000 2906.2234    8.6830
   -7.5000   37.5000   -7.5000 2836.6694    9.1571
    0.0000   37.5000   -7.5000 2880.3271    8.9436
    7.5000   37.5000   -7.5000 2868.3618    8.9823
   -7.5000   45.0000   -7.5000 2764.4329    9.6657
    0.0000   45.0000   -7.5000 2803.9441    9.4400
    7.5000   45.0000   -7.5000 2789.5454    9.4944
   -7.5000   52.5000   -7.5000 2634.5664   10.3735
    0.0000   52.5000   -7.5000 2666.6970   10.1326
    7.5000   52.5000   -7.5000 2653.9590   10.1910
   -7.5000   60.0000   -7.5000 2457.1404   11.1822
    0.0000   60.0000   -7.5000 2482.9998   10.9459
    7.5000   60.0000   -7.5000 2474.5032   11.0065
   -7.5000  -30.0000    0.0000 2183.6675   15.1065
    0.0000  -30.0000    0.0000 2214.3594   14.7763
    7.5000  -30.0000    0.0000 2213.2427   14.9019
   -7.5000  -22.5000    0.0000 2321.4077   13.2648
    0.0000  -22.5000    0.0000 2353.4680   12.9675
    7.5000  -22.5000    0.0000 2351.9268   13.0859
   -7.5000  -15.0000    0.0000 2442.5369   11.7987
    0.0000  -15.0000    0.0000 2475.0232   11.5237
    7.5000  -15.0000    0.0000 2470.9250   11.6442
   -7.5000   -7.5000    0.0000 2560.2458   10.5912
    0.0000   -7.5000    0.0000 2591.2673   10.3577
    7.5000   -7.5000    0.0000 2586.5515   10.4741
   -7.5000    0.0000    0.0000 2678.5166    9.6930
    0.0000    0.0000    0.0000 2708.4966    9.4699
    7.5000    0.0000    0.0000 2700.8342    9.5649
   -7.5000    7.5000    0.0000 2785.5237    9.1156
    0.0000    7.5000    0.0000 2814.5278    8.9095
    7.5000    7.5000    0.0000 2808.9041    8.9780
   -7.5000   15.0000    0.0000 2867.5044    8.8306
    0.0000   15.0000    0.0000 2910.6904    8.6385
    7.5000   15.0000    0.0000 2904.7791    8.6867
   -7.5000   22.5000    0.0000 2923.3347    8.7239
    0.0000   22.5000    0.0000 2981.2595    8.4737
    7.5000   22.5000    0.0000 2961.7319    8.5327
   -7.5000   30.0000    0.0000 2922.9978    8.7733
    0.0000   30.0000    0.0000 2967.0808    8.5157
    7.5000   30.0000    0.0000 2949.8340    8.5829
   -7.5000   37.5000    0.0000 2871.9805    9.0611
    0.0000   37.5000    0.0000 2912.6755    8.8143
    7.5000   37.5000    0.0000 2903.1021    8.8654
   -7.5000   45.0000    0.0000 2792.7764    9.5229
    0.0000   45.0000    0.0000 2833.6355    9.2868
    7.5000   45.0000    0.0000 2822.3076    9.3443
   -7.5000   52.5000    0.0000 2654.5247   10.1769
    0.0000   52.5000    0.0000 2691.5332    9.9591
    7.5000   52.5000    0.0000 2680.2847   10.0202
   -7.5000   60.0000    0.0000 2471.8032   10.9545
    0.0000   60.0000    0.0000 2499.0139   10.7442
    7.5000   60.0000    0.0000 2492.2920   10.7989
   -7.5000  -30.0000    7.5000 2172.8074   15.1748
    0.0000  -30.0000    7.5000 2205.4272   14.8472
    7.5000  -30.0000    7.5000 2204.0085   14.9705
   -7.5000  -22.5000    7.5000 2318.0068   13.3342
    0.0000  -22.5000    7.5000 2347.0503   13.0141
    7.5000  -22.5000    7.5000 2344.8542   13.1296
   -7.5000  -15.0000    7.5000 2443.2957   11.8079
    0.0000  -15.0000    7.5000 2474.0852   11.5061
    7.5000  -15.0000    7.5000 2466.5354   11.6156
   -7.5000   -7.5000    7.5000 2560.2378   10.5953
    0.0000   -7.5000    7.5000 2590.3784   10.3134
    7.5000   -7.5000    7.5000 2582.9353   10.4213
   -7.5000    0.0000    7.5000 2681.9490    9.7029
    0.0000    0.0000    7.5000 2706.1592    9.4175
    7.5000    0.0000    7.5000 2697.6528    9.5107
   -7.5000    7.5000    7.5000 2790.0701    9.1321
    0.0000    7.5000    7.5000 2816.2866    8.8749
    7.5000    7.5000    7.5000 2806.0696    8.9668
   -7.5000   15.0000    7.5000 2878.3464    8.8697
    0.0000   15.0000    7.5000 2918.8811    8.7114
    7.5000   15.0000    7.5000 2911.5544    8.7729
   -7.5000   22.5000    7.5000 2931.7151    8.7943
    0.0000   22.5000    7.5000 2993.6226    8.6110
    7.5000   22.5000    7.5000 2975.8459    8.7197
   -7.5000   30.0000    7.5000 2928.3240    8.8703
    0.0000   30.0000    7.5000 2984.9832    8.6332
    7.5000   30.0000    7.5000 2965.7415    8.7589
   -7.5000   37.5000    7.5000 2872.6311    9.1070
    0.0000   37.5000    7.5000 2925.8093    8.9056
    7.5000   37.5000    7.5000 2912.5234    8.9970
   -7.5000   45.0000    7.5000 2791.9629    9.4929
    0.0000   45.0000    7.5000 2836.6555    9.2707
    7.5000   45.0000    7.5000 2825.5591    9.3551
   -7.5000   52.5000    7.5000 2653.4548   10.1080
    0.0000   52.5000    7.5000 2688.6335    9.8823
    7.5000   52.5000    7.5000 2679.9158    9.9475
   -7.5000   60.0000    7.5000 2471.0542   10.8844
    0.0000   60.0000    7.5000 2500.3093   10.6376
    7.5000   60.0000    7.5000 2492.8132   10.7120
   -7.5000  -30.0000   15.0000 2150.9832   15.4480
    0.0000  -30.0000   15.0000 2178.5564   15.0773
    7.5000  -30.0000   15.0000 2175.8162   15.2397
   -7.5000  -22.5000   15.0000 2299.9121   13.5333
    0.0000  -22.5000   15.0000 2331.2197   13.1815
    7.5000  -22.5000   15.0000 2326.7053   13.3098
   -7.5000  -15.0000   15.0000 2430.5962   12.0118
    0.0000  -15.0000   15.0000 2459.4500   11.6872
    7.5000  -15.0000   15.0000 2452.0857   11.8035
   -7.5000   -7.5000   15.0000 2551.6577   10.8419
    0.0000   -7.5000   15.0000 2579.3516   10.5462
    7.5000   -7.5000   15.0000 2570.0601   10.6569
   -7.5000    0.0000   15.0000 2676.5664    9.9929
    0.0000    0.0000   15.0000 2702.9773    9.7085
    7.5000    0.0000   15.0000 2683.4441    9.8139
   -7.5000    7.5000   15.0000 2780.1941    9.4161
    0.0000    7.5000   15.0000 2810.7847    9.1816
    7.5000    7.5000   15.0000 2788.5159    9.2906
   -7.5000   15.0000   15.0000 2855.3206    9.0730
    0.0000   15.0000   15.0000 2898.9021    8.9169
    7.5000   15.0000   15.0000 2884.1953    9.0319
   -7.5000   22.5000   15.0000 2899.9102    8.9510
    0.0000   22.5000   15.0000 2949.5422    8.7540
    7.5000   22.5000   15.0000 2936.5027    8.9083
   -7.5000   30.0000   15.0000 2897.3987    9.0335
    0.0000   30.0000   15.0000 2948.0696    8.8636
    7.5000   30.0000   15.0000 2932.5830    8.9770
   -7.5000   37.5000   15.0000 2835.9136    9.2949
    0.0000   37.5000   15.0000 2888.9158    9.1412
    7.5000   37.5000   15.0000 2875.3105    9.2327
   -7.5000   45.0000   15.0000 2758.7090    9.7086
    0.0000   45.0000   15.0000 2796.7168    9.5256
    7.5000   45.0000   15.0000 2787.7896    9.6099
   -7.5000   52.5000   15.0000 2625.3474   10.3043
    0.0000   52.5000   15.0000 2656.0571   10.0910
    7.5000   52.5000   15.0000 2649.0881   10.1544
   -7.5000   60.0000   15.0000 2447.9783   11.0053
    0.0000   60.0000   15.0000 2473.6897   10.7684
    7.5000   60.0000   15.0000 2470.7461   10.8369
   -7.5000  -30.0000   22.5000 2120.3328   16.0022
    0.0000  -30.0000   22.5000 2147.6567   15.6308
    7.5000  -30.0000   22.5000 2141.5132   15.7883
   -7.5000  -22.5000   22.5000 2276.2119   13.9922
    0.0000  -22.5000   22.5000 2304.7666   13.6535
    7.5000  -22.5000   22.5000 2296.6023   13.8128
   -7.5000  -15.0000   22.5000 2406.5801   12.4471
    0.0000  -15.0000   22.5000 2435.9438   12.1488
    7.5000  -15.0000   22.5000 2425.2925   12.2983
   -7.5000   -7.5000   22.5000 2530.4214   11.2824
    0.0000   -7.5000   22.5000 2558.9868   11.0239
    7.5000   -7.5000   22.5000 2545.3235   11.1776
   -7.5000    0.0000   22.5000 2650.1172   10.4347
    0.0000    0.0000   22.5000 2679.6663   10.2055
    7.5000    0.0000   22.5000 2658.5654   10.3369
   -7.5000    7.5000   22.5000 2747.4624    9.8666
    0.0000    7.5000   22.5000 2778.5947    9.6770
    7.5000    7.5000   22.5000 2756.2322    9.7868
   -7.5000   15.0000   22.5000 2813.7168    9.4928
    0.0000   15.0000   22.5000 2852.3894    9.2825
    7.5000   15.0000   22.5000 2834.9956    9.4087
   -7.5000   22.5000   22.5000 2849.6216    9.2982
    0.0000   22.5000   22.5000 2892.4927    9.0672
    7.5000   22.5000   22.5000 2873.4714    9.2101
   -7.5000   30.0000   22.5000 2844.5225    9.3516
    0.0000   30.0000   22.5000 2886.3115    9.1748
    7.5000   30.0000   22.5000 2869.7998    9.2779
   -7.5000   37.5000   22.5000 2787.1606    9.6378
    0.0000   37.5000   22.5000 2828.2949    9.4483
    7.5000   37.5000   22.5000 2817.9465    9.5386
   -7.5000   45.0000   22.5000 2708.9409   10.0808
    0.0000   45.0000   22.5000 2737.2339    9.8761
    7.5000   45.0000   22.5000 2733.3936    9.9552
   -7.5000   52.5000   22.5000 2583.1560   10.6561
    0.0000   52.5000   22.5000 2608.6152   10.4502
    7.5000   52.5000   22.5000 2601.2620   10.5257
   -7.5000   60.0000   22.5000 2412.8853   11.3006
    0.0000   60.0000   22.5000 2438.7678   11.0810
    7.5000   60.0000   22.5000 2429.3958   11.1557
   -7.5000  -30.0000   30.0000 2081.2852   16.7499
    0.0000  -30.0000   30.0000 2100.2061   16.4784
    7.5000  -30.0000   30.0000 2090.9558   16.6769
   -7.5000  -22.5000   30.0000 2236.4744   14.6865
    0.0000  -22.5000   30.0000 2257.9658   14.4233
    7.5000  -22.5000   30.0000 2246.5706   14.5866
   -7.5000  -15.0000   30.0000 2369.8594   13.0885
    0.0000  -15.0000   30.0000 2395.5491   12.8406
    7.5000  -15.0000   30.0000 2381.8118   12.9892
   -7.5000   -7.5000   30.0000 2492.3833   11.9074
    0.0000   -7.5000   30.0000 2518.7219   11.6775
    7.5000   -7.5000   30.0000 2501.8118   11.8069
   -7.5000    0.0000   30.0000 2605.3433   11.0637
    0.0000    0.0000   30.0000 2634.7576   10.8542
    7.5000    0.0000   30.0000 2612.7275   10.9580
   -7.5000    7.5000   30.0000 2691.9075   10.4704
    0.0000    7.5000   30.0000 2722.7085   10.2583
    7.5000    7.5000   30.0000 2704.9907   10.3487
   -7.5000   15.0000   30.0000 2748.5737   10.0627
    0.0000   15.0000   30.0000 2784.1887    9.8209
    7.5000   15.0000   30.0000 2766.2263    9.9281
   -7.5000   22.5000   30.0000 2783.3091    9.8366
    0.0000   22.5000   30.0000 2813.9067    9.6045
    7.5000   22.5000   30.0000 2795.4448    9.7221
   -7.5000   30.0000   30.0000 2774.1758    9.8703
    0.0000   30.0000   30.0000 2804.0498    9.6655
    7.5000   30.0000   30.0000 2787.0449    9.7711
   -7.5000   37.5000   30.0000 2720.4626   10.1444
    0.0000   37.5000   30.0000 2750.4124    9.9352
    7.5000   37.5000   30.0000 2737.7012   10.0356
   -7.5000   45.0000   30.0000 2639.9421   10.5726
    0.0000   45.0000   30.0000 2666.2695   10.3419
    7.5000   45.0000   30.0000 2662.5842   10.4371
   -7.5000   52.5000   30.0000 2522.8315   11.1041
    0.0000   52.5000   30.0000 2547.5469   10.8922
    7.5000   52.5000   30.0000 2540.7991   10.9768
   -7.5000   60.0000   30.0000 2359.5793   11.7486
    0.0000   60.0000   30.0000 2383.9866   11.5552
    7.5000   60.0000   30.0000 2379.6108   11.6198
   -7.5000  -30.0000   37.5000 2033.6177   17.7993
    0.0000  -30.0000   37.5000 2049.2119   17.5773
    7.5000  -30.0000   37.5000 2040.5031   17.7560
   -7.5000  -22.5000   37.5000 2189.4041   15.6086
    0.0000  -22.5000   37.5000 2211.3752   15.3501
    7.5000  -22.5000   37.5000 2196.8286   15.4980
   -7.5000  -15.0000   37.5000 2322.7625   13.9138
    0.0000  -15.0000   37.5000 2346.8674   13.6769
    7.5000  -15.0000   37.5000 2335.2334   13.8051
   -7.5000   -7.5000   37.5000 2442.5061   12.7043
    0.0000   -7.5000   37.5000 2468.7280   12.4898
    7.5000   -7.5000   37.5000 2452.2563   12.5950
   -7.5000    0.0000   37.5000 2546.5901   11.8308
    0.0000    0.0000   37.5000 2573.9680   11.6071
    7.5000    0.0000   37.5000 2554.8184   11.7075
   -7.5000    7.5000   37.5000 2624.2388   11.1911
    0.0000    7.5000   37.5000 2652.6501   10.9755
    7.5000    7.5000   37.5000 2635.1018   11.0632
   -7.5000   15.0000   37.5000 2672.2551   10.7699
    0.0000   15.0000   37.5000 2699.9053   10.5512
    7.5000   15.0000   37.5000 2682.9302   10.6433
   -7.5000   22.5000   37.5000 2698.8662   10.5304
    0.0000   22.5000   37.5000 2723.6863   10.3167
    7.5000   22.5000   37.5000 2708.4526   10.4116
   -7.5000   30.0000   37.5000 2688.0083   10.5428
    0.0000   30.0000   37.5000 2715.6082   10.3247
    7.5000   30.0000   37.5000 2700.6130   10.4259
   -7.5000   37.5000   37.5000 2642.0146   10.7730
    0.0000   37.5000   37.5000 2666.8838   10.5752
    7.5000   37.5000   37.5000 2654.7227   10.6876
   -7.5000   45.0000   37.5000 2563.0112   11.1913
    0.0000   45.0000   37.5000 2585.3655   10.9880
    7.5000   45.0000   37.5000 2578.1404   11.0858
   -7.5000   52.5000   37.5000 2453.4810   11.6880
    0.0000   52.5000   37.5000 2477.0010   11.4931
    7.5000   52.5000   37.5000 2469.8306   11.5865
   -7.5000   60.0000   37.5000 2297.0684   12.3126
    0.0000   60.0000   37.5000 2320.0085   12.1216
    7.5000   60.0000   37.5000 2314.5139   12.2137
   -7.5000  -30.0000   45.0000 1980.4287   19.1291
    0.0000  -30.0000   45.0000 1996.7399   18.8628
    7.5000  -30.0000   45.0000 1989.7853   19.0691
   -7.5000  -22.5000   45.0000 2132.6448   16.7512
    0.0000  -22.5000   45.0000 2159.6006   16.4935
    7.5000  -22.5000   45.0000 2143.1392   16.6310
   -7.5000  -15.0000   45.0000 2267.2605   14.9514
    0.0000  -15.0000   45.0000 2292.7219   14.6996
    7.5000  -15.0000   45.0000 2277.7517   14.8400
   -7.5000   -7.5000   45.0000 2379.9995   13.6648
    0.0000   -7.5000   45.0000 2405.9714   13.4458
    7.5000   -7.5000   45.0000 2389.0537   13.5824
   -7.5000    0.0000   45.0000 2475.2698   12.7041
    0.0000    0.0000   45.0000 2500.5886   12.5191
    7.5000    0.0000   45.0000 2480.6453   12.6370
   -7.5000    7.5000   45.0000 2544.3662   12.0547
    0.0000    7.5000   45.0000 2570.8103   11.8518
    7.5000    7.5000   45.0000 2553.1396   11.9536
   -7.5000   15.0000   45.0000 2586.0171   11.6130
    0.0000   15.0000   45.0000 2610.0979   11.4170
    7.5000   15.0000   45.0000 2595.7754   11.5027
   -7.5000   22.5000   45.0000 2605.3350   11.3637
    0.0000   22.5000   45.0000 2629.0317   11.1607
    7.5000   22.5000   45.0000 2617.9265   11.2472
   -7.5000   30.0000   45.0000 2588.5789   11.3528
    0.0000   30.0000   45.0000 2614.4702   11.1581
    7.5000   30.0000   45.0000 2606.2717   11.2435
   -7.5000   37.5000   45.0000 2552.4609   11.5738
    0.0000   37.5000   45.0000 2575.9924   11.3823
    7.5000   37.5000   45.0000 2562.5037   11.4926
   -7.5000   45.0000   45.0000 2481.8262   11.9643
    0.0000   45.0000   45.0000 2504.5786   11.7762
    7.5000   45.0000   45.0000 2494.6245   11.8759
   -7.5000   52.5000   45.0000 2379.9351   12.4543
    0.0000   52.5000   45.0000 2401.1135   12.2724
    7.5000   52.5000   45.0000 2391.3865   12.3516
   -7.5000   60.0000   45.0000 2229.1902   13.0310
    0.0000   60.0000   45.0000 2246.0347   12.8456
    7.5000   60.0000   45.0000 2240.4111   12.9408

---------------------------------------------------------------------
imgreg_4dfp /opt/freesurfer/average/711-2C_as_mni_average_305 /opt/freesurfer/average/711-2B_as_mni_average_305_mask talsrcimg_g11 none talsrcimg_to_711-2C_as_mni_average_305_t4 1283
---------------------------------------------------------------------

freesurfer imgreg_4dfp.c
/opt/freesurfer/average/711-2C_as_mni_average_305.4dfp.img
       256       256       256         1
  1.000000  1.000000  1.000000
orientation T byte_order littleendian
Reading image: /opt/freesurfer/average/711-2C_as_mni_average_305.4dfp.img
dimensions:      256       256       256
mmppix:       1.0000   -1.0000   -1.0000
center:     128.0000 -129.0000 -129.0000
/opt/freesurfer/average/711-2B_as_mni_average_305_mask.4dfp.img
       256       256       256         1
  1.000000  1.000000  1.000000
orientation T byte_order littleendian
Reading mask: /opt/freesurfer/average/711-2B_as_mni_average_305_mask.4dfp.img (2306576 pixels)
talsrcimg_g11.4dfp.img
       256       256       256         1
  1.000000  1.000000  1.000000
orientation T byte_order littleendian
Reading image: talsrcimg_g11.4dfp.img
dimensions:      256       256       256
mmppix:       1.0000   -1.0000   -1.0000
center:     128.0000 -129.0000 -129.0000
rotation matrix determinant  1.000000
fimgreg.f
image alignment mode   1283 decimal      503 hex
parameters
    0.0000   22.5000    7.5000    0.0000    0.0000    0.0000
eta,q 0.94116  8.60924
niter,ni,del,rscale     5    3   12.0000    1.2000
parameter  5 -0.804438 -> -0.500000 qaram    1.1500
parameters
    2.6022   24.7938    6.4890   -0.4335    3.4500    2.2188
eta,q 0.94677  8.56423
  0.0716  0.0756  0.0617  0.0626  0.0659  0.0606
  0.0663  0.0695  0.0587  0.0586  0.0629  0.0582
  0.0638  0.0633  0.0572  0.0560  0.0598  0.0558
  0.0619  0.0586  0.0570  0.0570  0.0566  0.0539
  0.0594  0.0569  0.0581  0.0593  0.0545  0.0532
  0.0591  0.0585  0.0618  0.0610  0.0539  0.0539
  0.0625  0.0617  0.0672  0.0624  0.0550  0.0553
niter,ni,del,rscale     5    3   12.0000    1.2000
parameters
    1.2570   25.3530    6.4994   -0.8990    5.2666    1.7632
eta,q 0.94793  8.56254
  0.0597  0.0665  0.0615  0.0589  0.0625  0.0563
  0.0566  0.0588  0.0560  0.0540  0.0584  0.0535
  0.0533  0.0535  0.0531  0.0514  0.0550  0.0521
  0.0532  0.0526  0.0530  0.0530  0.0525  0.0522
  0.0578  0.0545  0.0541  0.0553  0.0524  0.0532
  0.0626  0.0574  0.0567  0.0570  0.0541  0.0549
  0.0676  0.0608  0.0606  0.0584  0.0558  0.0571
niter,ni,del,rscale     4    3   12.0000    1.2000
parameters
    0.5334   25.5476    6.4722   -1.1824    6.2865    1.5280
eta,q 0.94858  8.53953
  0.0608  0.0641  0.0607  0.0582  0.0603  0.0564
  0.0566  0.0567  0.0549  0.0538  0.0568  0.0535
  0.0525  0.0519  0.0518  0.0508  0.0535  0.0517
  0.0521  0.0517  0.0518  0.0518  0.0515  0.0515
  0.0555  0.0539  0.0532  0.0541  0.0522  0.0526
  0.0602  0.0570  0.0560  0.0559  0.0542  0.0544
  0.0652  0.0610  0.0598  0.0575  0.0565  0.0567
niter,ni,del,rscale     3    3   12.0000    1.2000
parameters
    0.2077   25.6817    6.4742   -1.3650    6.6403    1.4146
eta,q 0.94885  8.52809
  0.0622  0.0640  0.0605  0.0582  0.0592  0.0565
  0.0570  0.0568  0.0545  0.0539  0.0558  0.0535
  0.0524  0.0516  0.0515  0.0507  0.0526  0.0516
  0.0514  0.0512  0.0513  0.0513  0.0511  0.0512
  0.0549  0.0537  0.0527  0.0537  0.0526  0.0522
  0.0590  0.0571  0.0555  0.0557  0.0548  0.0542
  0.0637  0.0615  0.0594  0.0573  0.0577  0.0565
niter,ni,del,rscale     2    3   12.0000    1.2000
parameters
    0.1088   25.7571    6.4770   -1.4335    6.7370    1.3697
eta,q 0.94890  8.52414
  0.0631  0.0640  0.0604  0.0585  0.0588  0.0566
  0.0575  0.0568  0.0544  0.0543  0.0555  0.0536
  0.0526  0.0516  0.0514  0.0509  0.0522  0.0516
  0.0512  0.0511  0.0511  0.0511  0.0511  0.0511
  0.0545  0.0537  0.0525  0.0535  0.0528  0.0521
  0.0585  0.0574  0.0554  0.0556  0.0551  0.0540
  0.0630  0.0619  0.0594  0.0573  0.0583  0.0564
niter,ni,del,rscale     1    3   12.0000    1.2000
parameters
    0.0848   25.7899    6.4748   -1.4639    6.7600    1.3565
eta,q 0.94892  8.52297
  0.0635  0.0638  0.0604  0.0587  0.0587  0.0567
  0.0578  0.0568  0.0544  0.0544  0.0554  0.0537
  0.0527  0.0515  0.0514  0.0510  0.0521  0.0516
  0.0511  0.0511  0.0511  0.0511  0.0511  0.0511
  0.0544  0.0538  0.0524  0.0534  0.0528  0.0521
  0.0584  0.0576  0.0554  0.0556  0.0552  0.0540
  0.0628  0.0621  0.0594  0.0573  0.0585  0.0564
registration optimization eta report
parameter search radius
    6.0000    6.0000    6.0000    6.0000    6.9000    6.0000
100000*second partial in parameter space
       31.       33.       25.       19.       15.       15.
  0.0635  0.0638  0.0604  0.0587  0.0587  0.0567
  0.0578  0.0568  0.0544  0.0544  0.0554  0.0537
  0.0527  0.0515  0.0514  0.0510  0.0521  0.0516
  0.0511  0.0511  0.0511  0.0511  0.0511  0.0511
  0.0544  0.0538  0.0524  0.0534  0.0528  0.0521
  0.0584  0.0576  0.0554  0.0556  0.0552  0.0540
  0.0628  0.0621  0.0594  0.0573  0.0585  0.0564
    0.0848   25.7899    6.4748   -1.4639    6.7600    1.3565
eta,q 0.94892  8.52297

---------------------------------------------------------------------
imgreg_4dfp /opt/freesurfer/average/711-2C_as_mni_average_305 /opt/freesurfer/average/711-2B_as_mni_average_305_mask talsrcimg_g11 none talsrcimg_to_711-2C_as_mni_average_305_t4 3335
---------------------------------------------------------------------

freesurfer imgreg_4dfp.c
/opt/freesurfer/average/711-2C_as_mni_average_305.4dfp.img
       256       256       256         1
  1.000000  1.000000  1.000000
orientation T byte_order littleendian
Reading image: /opt/freesurfer/average/711-2C_as_mni_average_305.4dfp.img
dimensions:      256       256       256
mmppix:       1.0000   -1.0000   -1.0000
center:     128.0000 -129.0000 -129.0000
/opt/freesurfer/average/711-2B_as_mni_average_305_mask.4dfp.img
       256       256       256         1
  1.000000  1.000000  1.000000
orientation T byte_order littleendian
Reading mask: /opt/freesurfer/average/711-2B_as_mni_average_305_mask.4dfp.img (2306576 pixels)
talsrcimg_g11.4dfp.img
       256       256       256         1
  1.000000  1.000000  1.000000
orientation T byte_order littleendian
Reading image: talsrcimg_g11.4dfp.img
dimensions:      256       256       256
mmppix:       1.0000   -1.0000   -1.0000
center:     128.0000 -129.0000 -129.0000
fimgreg.f
image alignment mode   3335 decimal      D07 hex
parameters
    0.0848   25.7899    6.4748   -0.7230   -0.0535   -0.7276
   -2.0659  -11.8244    2.3509    2.2754   11.7711   -2.5369
eta,q 0.94857  8.55179
niter,ni,del,rscale     5    3    5.0000    1.2000
parameter  4  1.549486 ->  0.500000 qaram    1.1500
parameter  5  1.955801 ->  0.500000 qaram    1.1500
parameter  6  0.673208 ->  0.500000 qaram    1.1500
parameter 10  0.590665 ->  0.500000 qaram    1.1500
parameters
    0.2555   25.4301    5.7000   -4.8630   -4.1935   -4.8676
   -1.7773  -10.3759    3.4623   -1.8646   10.1309   -3.1683
eta,q 0.96025  8.27159
  0.0537  0.0525  0.0520  0.0461  0.0402  0.0407  0.0435  0.0460  0.0432  0.0407  0.0405  0.0411
  0.0525  0.0517  0.0514  0.0469  0.0417  0.0409  0.0422  0.0437  0.0421  0.0399  0.0400  0.0403
  0.0517  0.0514  0.0512  0.0489  0.0442  0.0413  0.0414  0.0419  0.0413  0.0400  0.0398  0.0398
  0.0514  0.0514  0.0514  0.0512  0.0473  0.0423  0.0410  0.0410  0.0409  0.0409  0.0398  0.0398
  0.0516  0.0518  0.0519  0.0538  0.0508  0.0446  0.0412  0.0410  0.0409  0.0425  0.0402  0.0401
  0.0522  0.0524  0.0529  0.0572  0.0548  0.0483  0.0420  0.0418  0.0414  0.0444  0.0408  0.0407
  0.0531  0.0533  0.0541  0.0610  0.0592  0.0528  0.0431  0.0432  0.0422  0.0464  0.0417  0.0416
niter,ni,del,rscale     7    3    5.0000    1.2000
parameter  5  0.695371 ->  0.500000 qaram    1.3225
parameters
    0.5131   26.1998    5.9527   -8.0119   -8.9545   -5.5946
   -1.2007   -9.6223    4.3319    0.2522   10.3100   -3.3728
eta,q 0.96350  8.02786
  0.0430  0.0437  0.0412  0.0407  0.0370  0.0392  0.0394  0.0413  0.0392  0.0429  0.0380  0.0380
  0.0415  0.0418  0.0403  0.0394  0.0368  0.0382  0.0381  0.0394  0.0380  0.0402  0.0372  0.0371
  0.0403  0.0405  0.0397  0.0387  0.0372  0.0373  0.0373  0.0378  0.0372  0.0381  0.0367  0.0366
  0.0398  0.0397  0.0394  0.0394  0.0387  0.0368  0.0369  0.0369  0.0368  0.0368  0.0365  0.0365
  0.0398  0.0394  0.0395  0.0416  0.0414  0.0369  0.0370  0.0370  0.0369  0.0365  0.0366  0.0367
  0.0406  0.0397  0.0399  0.0440  0.0452  0.0383  0.0376  0.0382  0.0374  0.0374  0.0371  0.0373
  0.0420  0.0406  0.0406  0.0472  0.0496  0.0412  0.0387  0.0400  0.0383  0.0388  0.0378  0.0381
niter,ni,del,rscale     7    3    5.0000    1.2000
parameters
    0.7081   26.6020    5.4803   -7.7407  -11.6725   -6.2447
   -1.2435   -9.6452    4.9991    1.7829   10.0001   -3.6476
eta,q 0.96383  7.88960
  0.0399  0.0395  0.0373  0.0404  0.0380  0.0384  0.0383  0.0399  0.0382  0.0409  0.0373  0.0375
  0.0382  0.0380  0.0367  0.0388  0.0369  0.0374  0.0372  0.0382  0.0372  0.0388  0.0367  0.0368
  0.0370  0.0370  0.0364  0.0374  0.0363  0.0366  0.0366  0.0369  0.0366  0.0372  0.0363  0.0363
  0.0365  0.0365  0.0364  0.0364  0.0363  0.0363  0.0363  0.0363  0.0363  0.0363  0.0362  0.0362
  0.0367  0.0365  0.0368  0.0366  0.0374  0.0365  0.0365  0.0368  0.0364  0.0363  0.0363  0.0364
  0.0375  0.0371  0.0375  0.0383  0.0398  0.0375  0.0372  0.0381  0.0368  0.0371  0.0368  0.0369
  0.0389  0.0379  0.0384  0.0403  0.0441  0.0398  0.0384  0.0400  0.0376  0.0384  0.0376  0.0378
niter,ni,del,rscale     6    3    5.0000    1.2000
parameters
    0.7117   26.9016    5.2108   -7.7251  -12.6832   -6.8660
   -1.2430   -9.6934    5.4263    2.9489    9.8517   -3.8455
eta,q 0.96383  7.81650
  0.0391  0.0386  0.0372  0.0397  0.0386  0.0383  0.0382  0.0396  0.0378  0.0401  0.0373  0.0375
  0.0375  0.0373  0.0366  0.0383  0.0374  0.0373  0.0372  0.0380  0.0370  0.0383  0.0367  0.0368
  0.0365  0.0365  0.0362  0.0371  0.0365  0.0365  0.0365  0.0368  0.0364  0.0369  0.0363  0.0363
  0.0362  0.0362  0.0362  0.0362  0.0362  0.0362  0.0362  0.0362  0.0362  0.0362  0.0362  0.0362
  0.0365  0.0363  0.0364  0.0365  0.0365  0.0365  0.0365  0.0367  0.0363  0.0363  0.0363  0.0364
  0.0375  0.0368  0.0370  0.0381  0.0378  0.0374  0.0371  0.0380  0.0367  0.0371  0.0367  0.0369
  0.0390  0.0375  0.0378  0.0400  0.0406  0.0394  0.0382  0.0398  0.0375  0.0384  0.0374  0.0377
niter,ni,del,rscale     5    3    5.0000    1.2000
parameters
    0.6863   27.2835    4.8551   -7.9067  -13.4682   -7.6784
   -1.2263   -9.7662    5.6562    4.3795    9.8529   -4.0809
eta,q 0.96387  7.73895
  0.0389  0.0385  0.0371  0.0393  0.0383  0.0381  0.0381  0.0394  0.0376  0.0398  0.0372  0.0374
  0.0374  0.0372  0.0365  0.0381  0.0373  0.0371  0.0371  0.0379  0.0368  0.0382  0.0366  0.0367
  0.0365  0.0365  0.0362  0.0370  0.0365  0.0364  0.0365  0.0367  0.0364  0.0369  0.0363  0.0363
  0.0362  0.0362  0.0362  0.0361  0.0362  0.0362  0.0362  0.0362  0.0362  0.0362  0.0361  0.0361
  0.0365  0.0362  0.0364  0.0365  0.0364  0.0366  0.0365  0.0366  0.0364  0.0362  0.0362  0.0363
  0.0375  0.0366  0.0370  0.0381  0.0375  0.0375  0.0371  0.0379  0.0367  0.0369  0.0366  0.0368
  0.0390  0.0372  0.0378  0.0399  0.0398  0.0393  0.0381  0.0396  0.0374  0.0380  0.0372  0.0376
niter,ni,del,rscale     4    3    5.0000    1.2000
parameters
    0.6402   27.8607    4.2873   -8.2560  -14.8033   -9.0714
   -1.1199   -9.8429    5.5390    7.0619   10.2568   -4.0591
eta,q 0.96421  7.60532
  0.0387  0.0384  0.0367  0.0387  0.0376  0.0376  0.0379  0.0389  0.0372  0.0397  0.0369  0.0370
  0.0373  0.0372  0.0362  0.0377  0.0369  0.0368  0.0370  0.0376  0.0366  0.0382  0.0363  0.0364
  0.0364  0.0365  0.0360  0.0368  0.0363  0.0362  0.0363  0.0365  0.0362  0.0370  0.0360  0.0359
  0.0361  0.0361  0.0361  0.0360  0.0361  0.0361  0.0361  0.0361  0.0361  0.0361  0.0358  0.0358
  0.0365  0.0361  0.0364  0.0363  0.0363  0.0366  0.0363  0.0365  0.0363  0.0358  0.0359  0.0359
  0.0374  0.0364  0.0370  0.0378  0.0374  0.0376  0.0369  0.0376  0.0367  0.0362  0.0362  0.0364
  0.0389  0.0369  0.0378  0.0396  0.0395  0.0392  0.0378  0.0392  0.0373  0.0370  0.0367  0.0370
niter,ni,del,rscale     3    3    5.0000    1.2000
parameter 10 -0.561489 -> -0.500000 qaram    1.3225
parameters
    0.5434   28.9878    3.3008   -9.0598  -17.9566  -11.7875
   -1.1405   -9.6749    3.9000   11.8229   11.9006   -2.5582
eta,q 0.96585  7.35998
  0.0380  0.0385  0.0358  0.0373  0.0361  0.0360  0.0366  0.0378  0.0359  0.0394  0.0356  0.0358
  0.0368  0.0372  0.0354  0.0366  0.0355  0.0355  0.0358  0.0365  0.0353  0.0377  0.0350  0.0350
  0.0360  0.0363  0.0354  0.0360  0.0353  0.0352  0.0353  0.0356  0.0351  0.0363  0.0345  0.0345
  0.0358  0.0358  0.0356  0.0354  0.0355  0.0353  0.0352  0.0352  0.0352  0.0351  0.0343  0.0342
  0.0362  0.0356  0.0360  0.0355  0.0360  0.0360  0.0354  0.0354  0.0355  0.0344  0.0342  0.0342
  0.0370  0.0356  0.0366  0.0370  0.0371  0.0371  0.0359  0.0363  0.0361  0.0343  0.0344  0.0344
  0.0384  0.0358  0.0375  0.0388  0.0391  0.0388  0.0366  0.0376  0.0369  0.0350  0.0348  0.0349
niter,ni,del,rscale     3    3    5.0000    1.2000
parameters
    0.5197   29.8453    2.8462  -10.3066  -20.2813  -14.0124
   -0.9864   -9.2814    2.8761   13.0409   11.5533   -0.2598
eta,q 0.96641  7.18010
  0.0362  0.0370  0.0346  0.0353  0.0354  0.0347  0.0353  0.0365  0.0349  0.0374  0.0344  0.0353
  0.0350  0.0357  0.0342  0.0345  0.0345  0.0342  0.0345  0.0351  0.0342  0.0356  0.0341  0.0346
  0.0343  0.0347  0.0339  0.0343  0.0340  0.0338  0.0340  0.0342  0.0338  0.0344  0.0338  0.0341
  0.0342  0.0342  0.0340  0.0339  0.0341  0.0339  0.0338  0.0338  0.0338  0.0338  0.0337  0.0337
  0.0344  0.0340  0.0342  0.0339  0.0349  0.0344  0.0340  0.0340  0.0342  0.0339  0.0338  0.0336
  0.0351  0.0341  0.0347  0.0353  0.0360  0.0354  0.0345  0.0347  0.0348  0.0346  0.0341  0.0337
  0.0362  0.0346  0.0354  0.0370  0.0381  0.0369  0.0352  0.0360  0.0358  0.0359  0.0346  0.0341
niter,ni,del,rscale     2    3    5.0000    1.2000
parameters
    0.5307   29.7500    2.6929  -10.4927  -21.2479  -15.5653
   -0.7498   -9.0610    2.8085   13.2188   11.2036    1.3242
eta,q 0.96653  7.11229
  0.0352  0.0351  0.0345  0.0350  0.0356  0.0348  0.0350  0.0360  0.0351  0.0365  0.0342  0.0349
  0.0343  0.0342  0.0340  0.0341  0.0346  0.0342  0.0343  0.0347  0.0342  0.0349  0.0339  0.0343
  0.0338  0.0337  0.0337  0.0337  0.0338  0.0336  0.0338  0.0338  0.0337  0.0340  0.0336  0.0338
  0.0336  0.0336  0.0336  0.0336  0.0336  0.0336  0.0335  0.0335  0.0335  0.0335  0.0335  0.0335
  0.0337  0.0338  0.0337  0.0333  0.0340  0.0342  0.0337  0.0337  0.0337  0.0338  0.0336  0.0335
  0.0342  0.0344  0.0341  0.0339  0.0351  0.0350  0.0341  0.0345  0.0343  0.0348  0.0339  0.0337
  0.0351  0.0353  0.0348  0.0356  0.0368  0.0362  0.0349  0.0357  0.0352  0.0363  0.0344  0.0341
niter,ni,del,rscale     1    3    5.0000    1.2000
parameters
    0.4883   29.6488    2.4766  -10.3718  -21.5926  -16.5727
   -0.7995   -9.0353    2.9302   13.1482   11.0628    2.1192
eta,q 0.96656  7.08535
  0.0349  0.0350  0.0343  0.0350  0.0357  0.0350  0.0348  0.0358  0.0352  0.0363  0.0342  0.0346
  0.0341  0.0341  0.0338  0.0340  0.0347  0.0343  0.0341  0.0345  0.0342  0.0348  0.0338  0.0341
  0.0336  0.0336  0.0335  0.0335  0.0338  0.0337  0.0336  0.0337  0.0337  0.0338  0.0336  0.0337
  0.0335  0.0335  0.0335  0.0335  0.0334  0.0335  0.0335  0.0335  0.0335  0.0335  0.0335  0.0335
  0.0336  0.0337  0.0336  0.0332  0.0337  0.0339  0.0336  0.0337  0.0336  0.0338  0.0335  0.0335
  0.0341  0.0343  0.0340  0.0337  0.0347  0.0349  0.0341  0.0345  0.0342  0.0349  0.0338  0.0337
  0.0350  0.0352  0.0347  0.0352  0.0363  0.0360  0.0349  0.0358  0.0350  0.0364  0.0343  0.0342
registration optimization eta report
parameter search radius
    2.4000    2.4000    2.4000    8.2800    9.5220    8.2800
    7.2000    7.2000    7.2000    9.5220    7.2000    7.2000
100000*second partial in parameter space
       26.       27.       18.        3.        3.        3.
        3.        5.        3.        3.        2.        2.
  0.0349  0.0350  0.0343  0.0350  0.0357  0.0350  0.0348  0.0358  0.0352  0.0363  0.0342  0.0346
  0.0341  0.0341  0.0338  0.0340  0.0347  0.0343  0.0341  0.0345  0.0342  0.0348  0.0338  0.0341
  0.0336  0.0336  0.0335  0.0335  0.0338  0.0337  0.0336  0.0337  0.0337  0.0338  0.0336  0.0337
  0.0335  0.0335  0.0335  0.0335  0.0334  0.0335  0.0335  0.0335  0.0335  0.0335  0.0335  0.0335
  0.0336  0.0337  0.0336  0.0332  0.0337  0.0339  0.0336  0.0337  0.0336  0.0338  0.0335  0.0335
  0.0341  0.0343  0.0340  0.0337  0.0347  0.0349  0.0341  0.0345  0.0342  0.0349  0.0338  0.0337
  0.0350  0.0352  0.0347  0.0352  0.0363  0.0360  0.0349  0.0358  0.0350  0.0364  0.0343  0.0342
    0.4883   29.6488    2.4766  -10.3718  -21.5926  -16.5727
   -0.7995   -9.0353    2.9302   13.1482   11.0628    2.1192
eta,q 0.96656  7.08535

---------------------------------------------------------------------
imgreg_4dfp /opt/freesurfer/average/711-2C_as_mni_average_305 /opt/freesurfer/average/711-2B_as_mni_average_305_mask talsrcimg_g11 none talsrcimg_to_711-2C_as_mni_average_305_t4 2311
---------------------------------------------------------------------

freesurfer imgreg_4dfp.c
/opt/freesurfer/average/711-2C_as_mni_average_305.4dfp.img
       256       256       256         1
  1.000000  1.000000  1.000000
orientation T byte_order littleendian
Reading image: /opt/freesurfer/average/711-2C_as_mni_average_305.4dfp.img
dimensions:      256       256       256
mmppix:       1.0000   -1.0000   -1.0000
center:     128.0000 -129.0000 -129.0000
/opt/freesurfer/average/711-2B_as_mni_average_305_mask.4dfp.img
       256       256       256         1
  1.000000  1.000000  1.000000
orientation T byte_order littleendian
Reading mask: /opt/freesurfer/average/711-2B_as_mni_average_305_mask.4dfp.img (2306576 pixels)
talsrcimg_g11.4dfp.img
       256       256       256         1
  1.000000  1.000000  1.000000
orientation T byte_order littleendian
Reading image: talsrcimg_g11.4dfp.img
dimensions:      256       256       256
mmppix:       1.0000   -1.0000   -1.0000
center:     128.0000 -129.0000 -129.0000
fimgreg.f
image alignment mode   2311 decimal      907 hex
parameters
    0.4883   29.6488    2.4766  -10.3718  -21.5926  -16.5727
   -0.7995   -9.0353    2.9302   13.1482   11.0628    2.1192
eta,q 0.96656  7.08536
niter,ni,del,rscale     5    3    5.0000    0.8000
parameter  4 -0.572583 -> -0.500000 qaram    1.1500
parameters
    0.4562   29.5643    2.2761   -7.6118  -21.2337  -17.1312
   -1.2080   -9.0102    3.1875   12.4647   11.1180    2.0270
eta,q 0.96689  7.17263
  0.0340  0.0341  0.0338  0.0338  0.0339  0.0339  0.0338  0.0346  0.0340  0.0338  0.0336  0.0335
  0.0337  0.0337  0.0336  0.0335  0.0336  0.0335  0.0334  0.0338  0.0335  0.0334  0.0333  0.0333
  0.0335  0.0335  0.0335  0.0335  0.0333  0.0332  0.0332  0.0333  0.0332  0.0331  0.0332  0.0332
  0.0334  0.0334  0.0334  0.0334  0.0331  0.0331  0.0331  0.0331  0.0331  0.0331  0.0331  0.0331
  0.0335  0.0336  0.0335  0.0333  0.0332  0.0333  0.0333  0.0333  0.0332  0.0333  0.0331  0.0332
  0.0337  0.0338  0.0337  0.0331  0.0334  0.0338  0.0336  0.0338  0.0334  0.0337  0.0333  0.0333
  0.0341  0.0342  0.0340  0.0334  0.0337  0.0344  0.0340  0.0345  0.0338  0.0343  0.0336  0.0336
niter,ni,del,rscale     5    3    5.0000    0.8000
parameters
    0.5389   29.5854    2.0788   -9.0018  -20.6649  -17.0068
   -1.1541   -8.9986    3.2571   12.5718   11.1538    1.7975
eta,q 0.96674  7.14414
  0.0342  0.0339  0.0334  0.0335  0.0341  0.0342  0.0339  0.0345  0.0341  0.0342  0.0337  0.0337
  0.0336  0.0334  0.0332  0.0335  0.0337  0.0338  0.0336  0.0338  0.0336  0.0337  0.0334  0.0334
  0.0332  0.0332  0.0331  0.0333  0.0334  0.0335  0.0334  0.0334  0.0334  0.0334  0.0333  0.0333
  0.0331  0.0331  0.0331  0.0331  0.0333  0.0333  0.0333  0.0333  0.0333  0.0333  0.0333  0.0333
  0.0332  0.0332  0.0332  0.0332  0.0333  0.0333  0.0333  0.0334  0.0333  0.0334  0.0333  0.0333
  0.0335  0.0334  0.0334  0.0340  0.0335  0.0337  0.0336  0.0338  0.0336  0.0337  0.0334  0.0335
  0.0340  0.0338  0.0337  0.0350  0.0338  0.0342  0.0339  0.0344  0.0340  0.0341  0.0337  0.0338
niter,ni,del,rscale     4    3    5.0000    0.7000
parameters
    0.4889   29.6114    2.0427   -9.0815  -20.6188  -16.9272
   -1.1502   -9.0721    3.2266   12.6293   11.2100    1.6697
eta,q 0.96674  7.14431
  0.0338  0.0339  0.0336  0.0336  0.0338  0.0340  0.0338  0.0341  0.0338  0.0340  0.0336  0.0336
  0.0335  0.0335  0.0334  0.0335  0.0335  0.0337  0.0335  0.0336  0.0335  0.0336  0.0334  0.0334
  0.0333  0.0333  0.0333  0.0334  0.0333  0.0334  0.0333  0.0334  0.0333  0.0334  0.0333  0.0333
  0.0333  0.0333  0.0333  0.0333  0.0333  0.0333  0.0333  0.0333  0.0333  0.0333  0.0333  0.0333
  0.0333  0.0333  0.0333  0.0331  0.0333  0.0333  0.0333  0.0334  0.0333  0.0333  0.0333  0.0333
  0.0335  0.0335  0.0334  0.0333  0.0335  0.0336  0.0335  0.0337  0.0335  0.0336  0.0334  0.0334
  0.0338  0.0338  0.0336  0.0339  0.0338  0.0340  0.0338  0.0342  0.0339  0.0340  0.0336  0.0336
niter,ni,del,rscale     3    3    5.0000    0.6000
parameters
    0.4694   29.6247    2.0500   -8.3566  -20.6540  -16.9161
   -1.2247   -9.0787    3.2312   12.5290   11.2424    1.5837
eta,q 0.96684  7.16744
  0.0337  0.0337  0.0335  0.0335  0.0336  0.0338  0.0336  0.0339  0.0336  0.0337  0.0334  0.0334
  0.0334  0.0335  0.0334  0.0335  0.0333  0.0335  0.0333  0.0335  0.0334  0.0334  0.0333  0.0333
  0.0333  0.0333  0.0333  0.0334  0.0332  0.0333  0.0332  0.0332  0.0332  0.0332  0.0332  0.0332
  0.0333  0.0333  0.0333  0.0333  0.0332  0.0332  0.0332  0.0332  0.0332  0.0332  0.0332  0.0332
  0.0333  0.0333  0.0333  0.0331  0.0332  0.0332  0.0332  0.0332  0.0332  0.0332  0.0332  0.0332
  0.0335  0.0335  0.0334  0.0331  0.0334  0.0334  0.0334  0.0335  0.0334  0.0334  0.0333  0.0333
  0.0337  0.0337  0.0335  0.0335  0.0336  0.0338  0.0336  0.0339  0.0336  0.0337  0.0334  0.0334
niter,ni,del,rscale     2    3    5.0000    0.5000
parameters
    0.4807   29.6236    2.0631   -8.0365  -20.6178  -16.8211
   -1.2747   -9.0787    3.2062   12.4391   11.2333    1.4879
eta,q 0.96688  7.17984
  0.0335  0.0335  0.0333  0.0335  0.0334  0.0336  0.0334  0.0337  0.0334  0.0335  0.0333  0.0333
  0.0333  0.0333  0.0332  0.0335  0.0333  0.0333  0.0333  0.0334  0.0332  0.0333  0.0332  0.0332
  0.0332  0.0332  0.0332  0.0333  0.0332  0.0332  0.0332  0.0332  0.0331  0.0332  0.0331  0.0331
  0.0332  0.0332  0.0332  0.0332  0.0331  0.0331  0.0331  0.0331  0.0331  0.0331  0.0331  0.0331
  0.0332  0.0332  0.0332  0.0331  0.0331  0.0331  0.0332  0.0332  0.0332  0.0332  0.0331  0.0331
  0.0333  0.0333  0.0332  0.0332  0.0332  0.0333  0.0333  0.0334  0.0333  0.0333  0.0332  0.0332
  0.0335  0.0334  0.0333  0.0336  0.0334  0.0335  0.0334  0.0337  0.0334  0.0335  0.0333  0.0333
niter,ni,del,rscale     1    3    5.0000    0.4000
parameters
    0.4965   29.6164    2.0833   -7.6370  -20.6017  -16.7579
   -1.3078   -9.0975    3.1985   12.3573   11.1569    1.4330
eta,q 0.96692  7.19389
  0.0334  0.0333  0.0332  0.0335  0.0333  0.0334  0.0333  0.0335  0.0333  0.0333  0.0332  0.0332
  0.0332  0.0332  0.0332  0.0334  0.0332  0.0332  0.0332  0.0332  0.0332  0.0332  0.0331  0.0331
  0.0331  0.0331  0.0331  0.0332  0.0331  0.0331  0.0331  0.0331  0.0331  0.0331  0.0331  0.0331
  0.0331  0.0331  0.0331  0.0331  0.0331  0.0331  0.0331  0.0331  0.0331  0.0331  0.0331  0.0331
  0.0331  0.0331  0.0331  0.0331  0.0331  0.0331  0.0331  0.0331  0.0331  0.0331  0.0331  0.0331
  0.0332  0.0332  0.0332  0.0332  0.0332  0.0332  0.0332  0.0333  0.0332  0.0332  0.0331  0.0331
  0.0333  0.0333  0.0332  0.0334  0.0333  0.0334  0.0333  0.0335  0.0333  0.0333  0.0332  0.0332
registration optimization eta report
parameter search radius
    0.8000    0.8000    0.8000    2.7600    2.4000    2.4000
    2.4000    2.4000    2.4000    2.4000    2.4000    2.4000
100000*second partial in parameter space
       37.       30.       18.        4.        3.        5.
        4.        7.        3.        4.        2.        2.
  0.0334  0.0333  0.0332  0.0335  0.0333  0.0334  0.0333  0.0335  0.0333  0.0333  0.0332  0.0332
  0.0332  0.0332  0.0332  0.0334  0.0332  0.0332  0.0332  0.0332  0.0332  0.0332  0.0331  0.0331
  0.0331  0.0331  0.0331  0.0332  0.0331  0.0331  0.0331  0.0331  0.0331  0.0331  0.0331  0.0331
  0.0331  0.0331  0.0331  0.0331  0.0331  0.0331  0.0331  0.0331  0.0331  0.0331  0.0331  0.0331
  0.0331  0.0331  0.0331  0.0331  0.0331  0.0331  0.0331  0.0331  0.0331  0.0331  0.0331  0.0331
  0.0332  0.0332  0.0332  0.0332  0.0332  0.0332  0.0332  0.0333  0.0332  0.0332  0.0331  0.0331
  0.0333  0.0333  0.0332  0.0334  0.0333  0.0334  0.0333  0.0335  0.0333  0.0333  0.0332  0.0332
    0.4965   29.6164    2.0833   -7.6370  -20.6017  -16.7579
   -1.3078   -9.0975    3.1985   12.3573   11.1569    1.4330
eta,q 0.96692  7.19389

---------------------------------------------------------------------
imgreg_4dfp /opt/freesurfer/average/711-2C_as_mni_average_305 /opt/freesurfer/average/711-2B_as_mni_average_305_mask talsrcimg_g11 none talsrcimg_to_711-2C_as_mni_average_305_t4 2311
---------------------------------------------------------------------

freesurfer imgreg_4dfp.c
/opt/freesurfer/average/711-2C_as_mni_average_305.4dfp.img
       256       256       256         1
  1.000000  1.000000  1.000000
orientation T byte_order littleendian
Reading image: /opt/freesurfer/average/711-2C_as_mni_average_305.4dfp.img
dimensions:      256       256       256
mmppix:       1.0000   -1.0000   -1.0000
center:     128.0000 -129.0000 -129.0000
/opt/freesurfer/average/711-2B_as_mni_average_305_mask.4dfp.img
       256       256       256         1
  1.000000  1.000000  1.000000
orientation T byte_order littleendian
Reading mask: /opt/freesurfer/average/711-2B_as_mni_average_305_mask.4dfp.img (2306576 pixels)
talsrcimg_g11.4dfp.img
       256       256       256         1
  1.000000  1.000000  1.000000
orientation T byte_order littleendian
Reading image: talsrcimg_g11.4dfp.img
dimensions:      256       256       256
mmppix:       1.0000   -1.0000   -1.0000
center:     128.0000 -129.0000 -129.0000
fimgreg.f
image alignment mode   2311 decimal      907 hex
parameters
    0.4965   29.6164    2.0833   -7.6370  -20.6017  -16.7579
   -1.3078   -9.0975    3.1985   12.3573   11.1569    1.4330
eta,q 0.96692  7.19389
niter,ni,del,rscale     5    3    5.0000    0.8000
parameters
    0.5579   29.6502    2.0952   -8.6304  -20.5626  -16.7441
   -1.1880   -8.9698    3.2484   12.5623   11.1978    1.4394
eta,q 0.96680  7.16432
  0.0342  0.0339  0.0336  0.0335  0.0339  0.0341  0.0339  0.0345  0.0340  0.0342  0.0336  0.0337
  0.0336  0.0334  0.0333  0.0335  0.0336  0.0337  0.0336  0.0338  0.0336  0.0337  0.0334  0.0334
  0.0332  0.0332  0.0331  0.0333  0.0333  0.0334  0.0333  0.0334  0.0333  0.0333  0.0332  0.0333
  0.0331  0.0331  0.0331  0.0331  0.0332  0.0332  0.0332  0.0332  0.0332  0.0332  0.0332  0.0332
  0.0332  0.0332  0.0331  0.0332  0.0333  0.0333  0.0333  0.0333  0.0333  0.0333  0.0332  0.0332
  0.0335  0.0334  0.0333  0.0337  0.0335  0.0336  0.0335  0.0337  0.0335  0.0336  0.0334  0.0334
  0.0340  0.0338  0.0335  0.0346  0.0339  0.0342  0.0339  0.0344  0.0340  0.0340  0.0336  0.0337
niter,ni,del,rscale     4    3    5.0000    0.7000
parameters
    0.5153   29.6418    2.0887   -8.6362  -20.6088  -16.7760
   -1.2610   -9.0111    3.2366   12.5970   11.2517    1.4807
eta,q 0.96680  7.16298
  0.0338  0.0338  0.0335  0.0335  0.0337  0.0339  0.0337  0.0342  0.0338  0.0339  0.0335  0.0336
  0.0334  0.0334  0.0333  0.0335  0.0335  0.0336  0.0334  0.0336  0.0335  0.0335  0.0333  0.0334
  0.0332  0.0332  0.0332  0.0334  0.0333  0.0333  0.0333  0.0333  0.0333  0.0333  0.0332  0.0332
  0.0332  0.0332  0.0332  0.0332  0.0332  0.0332  0.0332  0.0332  0.0332  0.0332  0.0332  0.0332
  0.0333  0.0333  0.0332  0.0331  0.0333  0.0333  0.0333  0.0333  0.0333  0.0333  0.0332  0.0332
  0.0335  0.0335  0.0334  0.0332  0.0335  0.0336  0.0335  0.0337  0.0335  0.0335  0.0333  0.0333
  0.0338  0.0338  0.0335  0.0338  0.0338  0.0340  0.0338  0.0342  0.0338  0.0339  0.0335  0.0335
niter,ni,del,rscale     3    3    5.0000    0.6000
parameters
    0.4972   29.6334    2.0895   -8.0832  -20.6596  -16.8245
   -1.3112   -9.0459    3.2091   12.5035   11.2515    1.4894
eta,q 0.96688  7.17827
  0.0336  0.0336  0.0335  0.0335  0.0335  0.0337  0.0335  0.0339  0.0335  0.0336  0.0334  0.0334
  0.0334  0.0334  0.0333  0.0335  0.0333  0.0334  0.0333  0.0335  0.0333  0.0334  0.0332  0.0332
  0.0332  0.0332  0.0332  0.0334  0.0332  0.0332  0.0332  0.0332  0.0332  0.0332  0.0332  0.0332
  0.0332  0.0332  0.0332  0.0332  0.0331  0.0331  0.0331  0.0331  0.0331  0.0331  0.0331  0.0331
  0.0333  0.0332  0.0332  0.0331  0.0332  0.0332  0.0332  0.0332  0.0332  0.0332  0.0332  0.0332
  0.0334  0.0334  0.0333  0.0332  0.0333  0.0334  0.0333  0.0335  0.0333  0.0334  0.0332  0.0332
  0.0337  0.0336  0.0335  0.0335  0.0336  0.0338  0.0336  0.0339  0.0336  0.0337  0.0334  0.0334
niter,ni,del,rscale     2    3    5.0000    0.5000
parameters
    0.5064   29.6223    2.0943   -7.7679  -20.6216  -16.7850
   -1.3260   -9.0589    3.2008   12.4041   11.2023    1.4602
eta,q 0.96691  7.18937
  0.0335  0.0334  0.0333  0.0335  0.0334  0.0335  0.0334  0.0337  0.0334  0.0334  0.0333  0.0333
  0.0333  0.0332  0.0332  0.0334  0.0332  0.0333  0.0332  0.0334  0.0332  0.0333  0.0332  0.0332
  0.0332  0.0332  0.0331  0.0333  0.0331  0.0332  0.0331  0.0332  0.0331  0.0331  0.0331  0.0331
  0.0331  0.0331  0.0331  0.0331  0.0331  0.0331  0.0331  0.0331  0.0331  0.0331  0.0331  0.0331
  0.0332  0.0332  0.0331  0.0331  0.0331  0.0331  0.0331  0.0332  0.0331  0.0331  0.0331  0.0331
  0.0333  0.0333  0.0332  0.0332  0.0332  0.0333  0.0332  0.0334  0.0332  0.0333  0.0332  0.0332
  0.0335  0.0334  0.0333  0.0335  0.0334  0.0335  0.0334  0.0337  0.0334  0.0335  0.0333  0.0333
niter,ni,del,rscale     1    3    5.0000    0.4000
parameters
    0.5211   29.6147    2.1120   -7.4942  -20.6099  -16.7210
   -1.3455   -9.0611    3.2145   12.3382   11.1327    1.4020
eta,q 0.96693  7.19897
  0.0334  0.0333  0.0332  0.0334  0.0333  0.0334  0.0333  0.0335  0.0333  0.0333  0.0332  0.0332
  0.0332  0.0332  0.0331  0.0333  0.0332  0.0332  0.0332  0.0332  0.0332  0.0332  0.0331  0.0331
  0.0331  0.0331  0.0331  0.0332  0.0331  0.0331  0.0331  0.0331  0.0331  0.0331  0.0331  0.0331
  0.0331  0.0331  0.0331  0.0331  0.0331  0.0331  0.0331  0.0331  0.0331  0.0331  0.0331  0.0331
  0.0331  0.0331  0.0331  0.0331  0.0331  0.0331  0.0331  0.0331  0.0331  0.0331  0.0331  0.0331
  0.0332  0.0332  0.0331  0.0331  0.0332  0.0332  0.0332  0.0333  0.0332  0.0332  0.0331  0.0331
  0.0333  0.0333  0.0332  0.0334  0.0333  0.0333  0.0333  0.0335  0.0333  0.0333  0.0332  0.0332
registration optimization eta report
parameter search radius
    0.8000    0.8000    0.8000    2.4000    2.4000    2.4000
    2.4000    2.4000    2.4000    2.4000    2.4000    2.4000
100000*second partial in parameter space
       39.       29.       18.        5.        3.        5.
        4.        7.        3.        4.        2.        2.
  0.0334  0.0333  0.0332  0.0334  0.0333  0.0334  0.0333  0.0335  0.0333  0.0333  0.0332  0.0332
  0.0332  0.0332  0.0331  0.0333  0.0332  0.0332  0.0332  0.0332  0.0332  0.0332  0.0331  0.0331
  0.0331  0.0331  0.0331  0.0332  0.0331  0.0331  0.0331  0.0331  0.0331  0.0331  0.0331  0.0331
  0.0331  0.0331  0.0331  0.0331  0.0331  0.0331  0.0331  0.0331  0.0331  0.0331  0.0331  0.0331
  0.0331  0.0331  0.0331  0.0331  0.0331  0.0331  0.0331  0.0331  0.0331  0.0331  0.0331  0.0331
  0.0332  0.0332  0.0331  0.0331  0.0332  0.0332  0.0332  0.0333  0.0332  0.0332  0.0331  0.0331
  0.0333  0.0333  0.0332  0.0334  0.0333  0.0333  0.0333  0.0335  0.0333  0.0333  0.0332  0.0332
    0.5211   29.6147    2.1120   -7.4942  -20.6099  -16.7210
   -1.3455   -9.0611    3.2145   12.3382   11.1327    1.4020
eta,q 0.96693  7.19897

---------------------------------------------------------------------
compute_vox2vox talsrcimg talsrcimg_to_711-2C_as_mni_average_305_t4 /opt/freesurfer/average/711-2C_as_mni_average_305
---------------------------------------------------------------------

freesurfer compute_vox2vox.c
Reading: talsrcimg.4dfp.ifh
Reading: talsrcimg_to_711-2C_as_mni_average_305_t4
Reading: /opt/freesurfer/average/711-2C_as_mni_average_305.4dfp.ifh
Writing: talsrcimg_to_711-2C_as_mni_average_305_t4_vox2vox.txt

start time Mon Mar 9 22:31:47 CET 2026
end		time Mon Mar 9 22:33:16 CET 2026

mpr2mni305 success

avi2talxfm orig_nu.mgz /opt/freesurfer/average/mni305.cor.mgz talsrcimg_to_711-2C_as_mni_average_305_t4_vox2vox.txt transforms/talairach.auto.xfm
avi2talxfm done
mv -f /out/sourcedata/freesurfer/sub-v1s2x0051482_ses-1/mri/talsrcimg_to_711-2C_as_mni_average_305_t4_vox2vox.txt /out/sourcedata/freesurfer/sub-v1s2x0051482_ses-1/mri/transforms/talsrcimg_to_711-2C_as_mni_average_305_t4_vox2vox.txt
lta_convert --src orig_nu.mgz --trg /opt/freesurfer/average/mni305.cor.mgz --inxfm transforms/talairach.auto.xfm --outlta transforms/talairach.auto.xfm.lta --subject fsaverage
7.3.2

--src: orig_nu.mgz src image (geometry).
--trg: /opt/freesurfer/average/mni305.cor.mgz trg image (geometry).
--inmni: transforms/talairach.auto.xfm input MNI/XFM transform.
--outlta: transforms/talairach.auto.xfm.lta output LTA.
--s: fsaverage subject name
 LTA read, type : 1
 1.06677   0.11369   0.01607  -5.49335;
-0.14225   1.18877  -0.02340  -74.27545;
-0.02109  -0.18935   1.26259  -9.87270;
 0.00000   0.00000   0.00000   1.00000;
setting subject to fsaverage
Writing  LTA to file transforms/talairach.auto.xfm.lta...
lta_convert successful.
 
 
Started at Mon Mar 9 22:31:47 CET 2026
Ended   at Mon Mar  9 22:33:16 CET 2026
talairach_avi done
