status file for recon-all
Wed Mar 11 20:48:08 CET 2026
#@# MotionCor Wed Mar 11 20:48:11 CET 2026
#@# Talairach Wed Mar 11 20:48:18 CET 2026
#@# Talairach Failure Detection Wed Mar 11 20:52:42 CET 2026
#@# Nu Intensity Correction Wed Mar 11 20:52:42 CET 2026
#@# Intensity Normalization Wed Mar 11 20:55:58 CET 2026
recon-all -s sub-v1s2x0051486_ses-1 finished without error at Wed Mar 11 20:57:35 CET 2026



#New# invocation of recon-all 



status file for recon-all
Wed Mar 11 21:04:58 CET 2026
#@# EM Registration Wed Mar 11 21:04:58 CET 2026
recon-all -s sub-v1s2x0051486_ses-1 finished without error at Wed Mar 11 21:06:45 CET 2026



#New# invocation of recon-all 



status file for recon-all
Wed Mar 11 21:06:48 CET 2026
#@# CA Normalize Wed Mar 11 21:06:48 CET 2026
#@# CA Reg Wed Mar 11 21:08:09 CET 2026
#@# SubCort Seg Wed Mar 11 21:54:53 CET 2026
#@# CC Seg Wed Mar 11 22:40:51 CET 2026
#@# Merge ASeg Wed Mar 11 22:41:40 CET 2026
#@# Intensity Normalization2 Wed Mar 11 22:41:40 CET 2026
#@# Mask BFS Wed Mar 11 22:44:02 CET 2026
#@# WM Segmentation Wed Mar 11 22:44:02 CET 2026
#@# Fill Wed Mar 11 22:46:33 CET 2026
recon-all -s sub-v1s2x0051486_ses-1 finished without error at Wed Mar 11 22:47:41 CET 2026



#New# invocation of recon-all 



status file for recon-all
Wed Mar 11 23:53:03 CET 2026
#@# white curv lh Wed Mar 11 23:53:03 CET 2026
#@# white area lh Wed Mar 11 23:53:03 CET 2026
#@# pial curv lh Wed Mar 11 23:53:03 CET 2026
#@# pial area lh Wed Mar 11 23:53:03 CET 2026
#@# thickness lh Wed Mar 11 23:53:03 CET 2026
#@# area and vertex vol lh Wed Mar 11 23:53:03 CET 2026
#@# white curv rh Wed Mar 11 23:53:03 CET 2026
#@# white area rh Wed Mar 11 23:53:03 CET 2026
#@# pial curv rh Wed Mar 11 23:53:03 CET 2026
#@# pial area rh Wed Mar 11 23:53:03 CET 2026
#@# thickness rh Wed Mar 11 23:53:03 CET 2026
#@# area and vertex vol rh Wed Mar 11 23:53:03 CET 2026
#@# Cortical ribbon mask Wed Mar 11 23:53:03 CET 2026
recon-all -s sub-v1s2x0051486_ses-1 finished without error at Wed Mar 11 23:59:37 CET 2026



#New# invocation of recon-all 



status file for recon-all
Thu Mar 12 00:08:53 CET 2026
#@# white curv lh Thu Mar 12 00:08:53 CET 2026
#@# white area lh Thu Mar 12 00:08:53 CET 2026
#@# pial curv lh Thu Mar 12 00:08:53 CET 2026
#@# pial area lh Thu Mar 12 00:08:53 CET 2026
#@# thickness lh Thu Mar 12 00:08:53 CET 2026
#@# area and vertex vol lh Thu Mar 12 00:08:53 CET 2026
#@# white curv rh Thu Mar 12 00:08:53 CET 2026
#@# white area rh Thu Mar 12 00:08:53 CET 2026
#@# pial curv rh Thu Mar 12 00:08:53 CET 2026
#@# pial area rh Thu Mar 12 00:08:53 CET 2026
#@# thickness rh Thu Mar 12 00:08:53 CET 2026
#@# area and vertex vol rh Thu Mar 12 00:08:53 CET 2026
#@# Curvature Stats lh Thu Mar 12 00:08:53 CET 2026
#@# Curvature Stats rh Thu Mar 12 00:08:57 CET 2026
#@# Relabel Hypointensities Thu Mar 12 00:09:00 CET 2026
#@# APas-to-ASeg Thu Mar 12 00:09:19 CET 2026
#@# AParc-to-ASeg aparc Thu Mar 12 00:09:29 CET 2026
#@# AParc-to-ASeg aparc.a2009s Thu Mar 12 00:10:38 CET 2026
#@# AParc-to-ASeg aparc.DKTatlas Thu Mar 12 00:11:51 CET 2026
#@# WMParc Thu Mar 12 00:12:53 CET 2026
#@# ASeg Stats Thu Mar 12 00:17:28 CET 2026
recon-all -s sub-v1s2x0051486_ses-1 finished without error at Thu Mar 12 00:18:11 CET 2026
