status file for recon-all
Wed Mar 11 23:21:07 CET 2026
#@# Tessellate rh Wed Mar 11 23:21:07 CET 2026
#@# Smooth1 rh Wed Mar 11 23:21:11 CET 2026
#@# Inflation1 rh Wed Mar 11 23:21:15 CET 2026
#@# QSphere rh Wed Mar 11 23:21:32 CET 2026
#@# Fix Topology rh Wed Mar 11 23:23:27 CET 2026
#@# Smooth2 rh Wed Mar 11 23:30:50 CET 2026
#@# Inflation2 rh Wed Mar 11 23:30:54 CET 2026
#@# Curv .H and .K rh Wed Mar 11 23:31:11 CET 2026
#@# Sphere rh Wed Mar 11 23:32:10 CET 2026
#@# Surf Reg rh Wed Mar 11 23:37:18 CET 2026
#@# Jacobian white rh Wed Mar 11 23:43:31 CET 2026
#@# AvgCurv rh Wed Mar 11 23:43:32 CET 2026
#@# Cortical Parc rh Wed Mar 11 23:43:33 CET 2026
#@# white curv rh Wed Mar 11 23:51:27 CET 2026
#@# white area rh Wed Mar 11 23:51:30 CET 2026
#@# pial curv rh Wed Mar 11 23:51:31 CET 2026
#@# pial area rh Wed Mar 11 23:51:33 CET 2026
#@# thickness rh Wed Mar 11 23:51:34 CET 2026
#@# area and vertex vol rh Wed Mar 11 23:52:16 CET 2026
#@# Curvature Stats rh Wed Mar 11 23:52:18 CET 2026
#@# Cortical Parc 2 rh Wed Mar 11 23:52:21 CET 2026
#@# Cortical Parc 3 rh Wed Mar 11 23:52:39 CET 2026
#@# WM/GM Contrast rh Wed Mar 11 23:52:53 CET 2026
recon-all -s sub-v1s2x0051486_ses-1 finished without error at Wed Mar 11 23:52:57 CET 2026



#New# invocation of recon-all 



status file for recon-all
Thu Mar 12 00:04:21 CET 2026
#@# white curv rh Thu Mar 12 00:04:21 CET 2026
#@# white area rh Thu Mar 12 00:04:21 CET 2026
#@# pial curv rh Thu Mar 12 00:04:21 CET 2026
#@# pial area rh Thu Mar 12 00:04:21 CET 2026
#@# thickness rh Thu Mar 12 00:04:21 CET 2026
#@# area and vertex vol rh Thu Mar 12 00:04:21 CET 2026
#@# Parcellation Stats rh Thu Mar 12 00:04:21 CET 2026
#@# Parcellation Stats 2 rh Thu Mar 12 00:04:49 CET 2026
#@# Parcellation Stats 3 rh Thu Mar 12 00:05:03 CET 2026
#@# BA_exvivo Labels rh Thu Mar 12 00:05:17 CET 2026
recon-all -s sub-v1s2x0051486_ses-1 finished without error at Thu Mar 12 00:08:48 CET 2026
