status file for recon-all
Wed Mar 11 22:47:46 CET 2026
#@# Tessellate lh Wed Mar 11 22:47:46 CET 2026
#@# Smooth1 lh Wed Mar 11 22:47:50 CET 2026
#@# Inflation1 lh Wed Mar 11 22:47:53 CET 2026
#@# QSphere lh Wed Mar 11 22:48:11 CET 2026
#@# Fix Topology lh Wed Mar 11 22:49:42 CET 2026
#@# Smooth2 lh Wed Mar 11 22:58:43 CET 2026
#@# Inflation2 lh Wed Mar 11 22:58:47 CET 2026
#@# Curv .H and .K lh Wed Mar 11 22:59:07 CET 2026
#@# Sphere lh Wed Mar 11 23:00:07 CET 2026
#@# Surf Reg lh Wed Mar 11 23:03:52 CET 2026
#@# Jacobian white lh Wed Mar 11 23:11:20 CET 2026
#@# AvgCurv lh Wed Mar 11 23:11:21 CET 2026
#@# Cortical Parc lh Wed Mar 11 23:11:22 CET 2026
#@# white curv lh Wed Mar 11 23:19:38 CET 2026
#@# white area lh Wed Mar 11 23:19:40 CET 2026
#@# pial curv lh Wed Mar 11 23:19:41 CET 2026
#@# pial area lh Wed Mar 11 23:19:44 CET 2026
#@# thickness lh Wed Mar 11 23:19:45 CET 2026
#@# area and vertex vol lh Wed Mar 11 23:20:26 CET 2026
#@# Curvature Stats lh Wed Mar 11 23:20:28 CET 2026
#@# Cortical Parc 2 lh Wed Mar 11 23:20:31 CET 2026
#@# Cortical Parc 3 lh Wed Mar 11 23:20:48 CET 2026
#@# WM/GM Contrast lh Wed Mar 11 23:21:01 CET 2026
recon-all -s sub-v1s2x0051486_ses-1 finished without error at Wed Mar 11 23:21:05 CET 2026



#New# invocation of recon-all 



status file for recon-all
Wed Mar 11 23:59:41 CET 2026
#@# white curv lh Wed Mar 11 23:59:41 CET 2026
#@# white area lh Wed Mar 11 23:59:41 CET 2026
#@# pial curv lh Wed Mar 11 23:59:41 CET 2026
#@# pial area lh Wed Mar 11 23:59:41 CET 2026
#@# thickness lh Wed Mar 11 23:59:41 CET 2026
#@# area and vertex vol lh Wed Mar 11 23:59:41 CET 2026
#@# Parcellation Stats lh Wed Mar 11 23:59:41 CET 2026
#@# Parcellation Stats 2 lh Thu Mar 12 00:00:11 CET 2026
#@# Parcellation Stats 3 lh Thu Mar 12 00:00:26 CET 2026
#@# BA_exvivo Labels lh Thu Mar 12 00:00:40 CET 2026
recon-all -s sub-v1s2x0051486_ses-1 finished without error at Thu Mar 12 00:04:18 CET 2026
