status file for recon-all
Wed Mar 11 21:31:10 CET 2026
#@# MotionCor Wed Mar 11 21:31:13 CET 2026
#@# Talairach Wed Mar 11 21:31:20 CET 2026
#@# Talairach Failure Detection Wed Mar 11 21:35:44 CET 2026
#@# Nu Intensity Correction Wed Mar 11 21:35:44 CET 2026
#@# Intensity Normalization Wed Mar 11 21:39:00 CET 2026
recon-all -s sub-v1s2x0051489_ses-1 finished without error at Wed Mar 11 21:40:39 CET 2026



#New# invocation of recon-all 



status file for recon-all
Wed Mar 11 21:48:08 CET 2026
#@# EM Registration Wed Mar 11 21:48:08 CET 2026
recon-all -s sub-v1s2x0051489_ses-1 finished without error at Wed Mar 11 21:50:39 CET 2026



#New# invocation of recon-all 



status file for recon-all
Wed Mar 11 21:50:42 CET 2026
#@# CA Normalize Wed Mar 11 21:50:42 CET 2026
#@# CA Reg Wed Mar 11 21:52:04 CET 2026
#@# SubCort Seg Wed Mar 11 22:33:49 CET 2026
#@# CC Seg Wed Mar 11 23:19:06 CET 2026
#@# Merge ASeg Wed Mar 11 23:19:45 CET 2026
#@# Intensity Normalization2 Wed Mar 11 23:19:45 CET 2026
#@# Mask BFS Wed Mar 11 23:22:04 CET 2026
#@# WM Segmentation Wed Mar 11 23:22:05 CET 2026
#@# Fill Wed Mar 11 23:24:19 CET 2026
recon-all -s sub-v1s2x0051489_ses-1 finished without error at Wed Mar 11 23:25:21 CET 2026



#New# invocation of recon-all 



status file for recon-all
Thu Mar 12 00:21:53 CET 2026
#@# white curv lh Thu Mar 12 00:21:53 CET 2026
#@# white area lh Thu Mar 12 00:21:53 CET 2026
#@# pial curv lh Thu Mar 12 00:21:53 CET 2026
#@# pial area lh Thu Mar 12 00:21:53 CET 2026
#@# thickness lh Thu Mar 12 00:21:53 CET 2026
#@# area and vertex vol lh Thu Mar 12 00:21:53 CET 2026
#@# white curv rh Thu Mar 12 00:21:53 CET 2026
#@# white area rh Thu Mar 12 00:21:53 CET 2026
#@# pial curv rh Thu Mar 12 00:21:53 CET 2026
#@# pial area rh Thu Mar 12 00:21:53 CET 2026
#@# thickness rh Thu Mar 12 00:21:53 CET 2026
#@# area and vertex vol rh Thu Mar 12 00:21:53 CET 2026
#@# Cortical ribbon mask Thu Mar 12 00:21:53 CET 2026
recon-all -s sub-v1s2x0051489_ses-1 finished without error at Thu Mar 12 00:25:45 CET 2026



#New# invocation of recon-all 



status file for recon-all
Thu Mar 12 00:34:00 CET 2026
#@# white curv lh Thu Mar 12 00:34:00 CET 2026
#@# white area lh Thu Mar 12 00:34:00 CET 2026
#@# pial curv lh Thu Mar 12 00:34:00 CET 2026
#@# pial area lh Thu Mar 12 00:34:00 CET 2026
#@# thickness lh Thu Mar 12 00:34:00 CET 2026
#@# area and vertex vol lh Thu Mar 12 00:34:00 CET 2026
#@# white curv rh Thu Mar 12 00:34:00 CET 2026
#@# white area rh Thu Mar 12 00:34:00 CET 2026
#@# pial curv rh Thu Mar 12 00:34:00 CET 2026
#@# pial area rh Thu Mar 12 00:34:00 CET 2026
#@# thickness rh Thu Mar 12 00:34:00 CET 2026
#@# area and vertex vol rh Thu Mar 12 00:34:00 CET 2026
#@# Curvature Stats lh Thu Mar 12 00:34:00 CET 2026
#@# Curvature Stats rh Thu Mar 12 00:34:03 CET 2026
#@# Relabel Hypointensities Thu Mar 12 00:34:06 CET 2026
#@# APas-to-ASeg Thu Mar 12 00:34:22 CET 2026
#@# AParc-to-ASeg aparc Thu Mar 12 00:34:32 CET 2026
#@# AParc-to-ASeg aparc.a2009s Thu Mar 12 00:35:19 CET 2026
#@# AParc-to-ASeg aparc.DKTatlas Thu Mar 12 00:36:05 CET 2026
#@# WMParc Thu Mar 12 00:36:53 CET 2026
#@# ASeg Stats Thu Mar 12 00:40:29 CET 2026
recon-all -s sub-v1s2x0051489_ses-1 finished without error at Thu Mar 12 00:41:11 CET 2026
