status file for recon-all
Wed Mar 11 23:25:27 CET 2026
#@# Tessellate lh Wed Mar 11 23:25:27 CET 2026
#@# Smooth1 lh Wed Mar 11 23:25:30 CET 2026
#@# Inflation1 lh Wed Mar 11 23:25:34 CET 2026
#@# QSphere lh Wed Mar 11 23:25:50 CET 2026
#@# Fix Topology lh Wed Mar 11 23:27:10 CET 2026
#@# Smooth2 lh Wed Mar 11 23:33:20 CET 2026
#@# Inflation2 lh Wed Mar 11 23:33:24 CET 2026
#@# Curv .H and .K lh Wed Mar 11 23:33:42 CET 2026
#@# Sphere lh Wed Mar 11 23:34:36 CET 2026
#@# Surf Reg lh Wed Mar 11 23:38:40 CET 2026
#@# Jacobian white lh Wed Mar 11 23:44:28 CET 2026
#@# AvgCurv lh Wed Mar 11 23:44:29 CET 2026
#@# Cortical Parc lh Wed Mar 11 23:44:30 CET 2026
#@# white curv lh Wed Mar 11 23:51:39 CET 2026
#@# white area lh Wed Mar 11 23:51:41 CET 2026
#@# pial curv lh Wed Mar 11 23:51:42 CET 2026
#@# pial area lh Wed Mar 11 23:51:45 CET 2026
#@# thickness lh Wed Mar 11 23:51:46 CET 2026
#@# area and vertex vol lh Wed Mar 11 23:52:19 CET 2026
#@# Curvature Stats lh Wed Mar 11 23:52:21 CET 2026
#@# Cortical Parc 2 lh Wed Mar 11 23:52:24 CET 2026
#@# Cortical Parc 3 lh Wed Mar 11 23:52:39 CET 2026
#@# WM/GM Contrast lh Wed Mar 11 23:52:52 CET 2026
recon-all -s sub-v1s2x0051489_ses-1 finished without error at Wed Mar 11 23:52:55 CET 2026



#New# invocation of recon-all 



status file for recon-all
Thu Mar 12 00:25:49 CET 2026
#@# white curv lh Thu Mar 12 00:25:49 CET 2026
#@# white area lh Thu Mar 12 00:25:49 CET 2026
#@# pial curv lh Thu Mar 12 00:25:49 CET 2026
#@# pial area lh Thu Mar 12 00:25:49 CET 2026
#@# thickness lh Thu Mar 12 00:25:49 CET 2026
#@# area and vertex vol lh Thu Mar 12 00:25:49 CET 2026
#@# Parcellation Stats lh Thu Mar 12 00:25:49 CET 2026
#@# Parcellation Stats 2 lh Thu Mar 12 00:26:13 CET 2026
#@# Parcellation Stats 3 lh Thu Mar 12 00:26:24 CET 2026
#@# BA_exvivo Labels lh Thu Mar 12 00:26:36 CET 2026
recon-all -s sub-v1s2x0051489_ses-1 finished without error at Thu Mar 12 00:29:48 CET 2026
