status file for recon-all
Wed Mar 11 23:52:57 CET 2026
#@# Tessellate rh Wed Mar 11 23:52:57 CET 2026
#@# Smooth1 rh Wed Mar 11 23:53:01 CET 2026
#@# Inflation1 rh Wed Mar 11 23:53:04 CET 2026
#@# QSphere rh Wed Mar 11 23:53:22 CET 2026
#@# Fix Topology rh Wed Mar 11 23:55:02 CET 2026
#@# Smooth2 rh Thu Mar 12 00:01:46 CET 2026
#@# Inflation2 rh Thu Mar 12 00:01:50 CET 2026
#@# Curv .H and .K rh Thu Mar 12 00:02:07 CET 2026
#@# Sphere rh Thu Mar 12 00:03:01 CET 2026
#@# Surf Reg rh Thu Mar 12 00:07:45 CET 2026
#@# Jacobian white rh Thu Mar 12 00:13:18 CET 2026
#@# AvgCurv rh Thu Mar 12 00:13:19 CET 2026
#@# Cortical Parc rh Thu Mar 12 00:13:20 CET 2026
#@# white curv rh Thu Mar 12 00:20:29 CET 2026
#@# white area rh Thu Mar 12 00:20:31 CET 2026
#@# pial curv rh Thu Mar 12 00:20:32 CET 2026
#@# pial area rh Thu Mar 12 00:20:34 CET 2026
#@# thickness rh Thu Mar 12 00:20:36 CET 2026
#@# area and vertex vol rh Thu Mar 12 00:21:10 CET 2026
#@# Curvature Stats rh Thu Mar 12 00:21:12 CET 2026
#@# Cortical Parc 2 rh Thu Mar 12 00:21:15 CET 2026
#@# Cortical Parc 3 rh Thu Mar 12 00:21:30 CET 2026
#@# WM/GM Contrast rh Thu Mar 12 00:21:43 CET 2026
recon-all -s sub-v1s2x0051489_ses-1 finished without error at Thu Mar 12 00:21:46 CET 2026



#New# invocation of recon-all 



status file for recon-all
Thu Mar 12 00:29:51 CET 2026
#@# white curv rh Thu Mar 12 00:29:51 CET 2026
#@# white area rh Thu Mar 12 00:29:51 CET 2026
#@# pial curv rh Thu Mar 12 00:29:51 CET 2026
#@# pial area rh Thu Mar 12 00:29:51 CET 2026
#@# thickness rh Thu Mar 12 00:29:51 CET 2026
#@# area and vertex vol rh Thu Mar 12 00:29:51 CET 2026
#@# Parcellation Stats rh Thu Mar 12 00:29:51 CET 2026
#@# Parcellation Stats 2 rh Thu Mar 12 00:30:15 CET 2026
#@# Parcellation Stats 3 rh Thu Mar 12 00:30:28 CET 2026
#@# BA_exvivo Labels rh Thu Mar 12 00:30:39 CET 2026
recon-all -s sub-v1s2x0051489_ses-1 finished without error at Thu Mar 12 00:33:55 CET 2026
