status file for recon-all
Wed Mar 11 23:57:18 CET 2026
#@# Tessellate rh Wed Mar 11 23:57:18 CET 2026
#@# Smooth1 rh Wed Mar 11 23:57:22 CET 2026
#@# Inflation1 rh Wed Mar 11 23:57:25 CET 2026
#@# QSphere rh Wed Mar 11 23:57:40 CET 2026
#@# Fix Topology rh Wed Mar 11 23:59:04 CET 2026
#@# Smooth2 rh Thu Mar 12 00:06:00 CET 2026
#@# Inflation2 rh Thu Mar 12 00:06:04 CET 2026
#@# Curv .H and .K rh Thu Mar 12 00:06:20 CET 2026
#@# Sphere rh Thu Mar 12 00:07:09 CET 2026
#@# Surf Reg rh Thu Mar 12 00:11:43 CET 2026
#@# Jacobian white rh Thu Mar 12 00:17:07 CET 2026
#@# AvgCurv rh Thu Mar 12 00:17:08 CET 2026
#@# Cortical Parc rh Thu Mar 12 00:17:09 CET 2026
#@# white curv rh Thu Mar 12 00:23:55 CET 2026
#@# white area rh Thu Mar 12 00:23:57 CET 2026
#@# pial curv rh Thu Mar 12 00:23:58 CET 2026
#@# pial area rh Thu Mar 12 00:24:00 CET 2026
#@# thickness rh Thu Mar 12 00:24:01 CET 2026
#@# area and vertex vol rh Thu Mar 12 00:24:34 CET 2026
#@# Curvature Stats rh Thu Mar 12 00:24:36 CET 2026
#@# Cortical Parc 2 rh Thu Mar 12 00:24:38 CET 2026
#@# Cortical Parc 3 rh Thu Mar 12 00:24:52 CET 2026
#@# WM/GM Contrast rh Thu Mar 12 00:25:04 CET 2026
recon-all -s sub-v1s2x0051493_ses-1 finished without error at Thu Mar 12 00:25:07 CET 2026



#New# invocation of recon-all 



status file for recon-all
Thu Mar 12 00:34:07 CET 2026
#@# white curv rh Thu Mar 12 00:34:07 CET 2026
#@# white area rh Thu Mar 12 00:34:07 CET 2026
#@# pial curv rh Thu Mar 12 00:34:07 CET 2026
#@# pial area rh Thu Mar 12 00:34:07 CET 2026
#@# thickness rh Thu Mar 12 00:34:07 CET 2026
#@# area and vertex vol rh Thu Mar 12 00:34:07 CET 2026
#@# Parcellation Stats rh Thu Mar 12 00:34:07 CET 2026
#@# Parcellation Stats 2 rh Thu Mar 12 00:34:31 CET 2026
#@# Parcellation Stats 3 rh Thu Mar 12 00:34:43 CET 2026
#@# BA_exvivo Labels rh Thu Mar 12 00:34:53 CET 2026
recon-all -s sub-v1s2x0051493_ses-1 finished without error at Thu Mar 12 00:37:47 CET 2026
