/out/sourcedata/freesurfer/sub-v1s2x0051491_ses-1/mri
/opt/freesurfer/bin/talairach_avi
--i orig_nu.mgz --xfm transforms/talairach.auto.xfm
talairach_avi 7.3.2
Linux dna003 5.14.0-427.37.1.el9_4.x86_64 #1 SMP PREEMPT_DYNAMIC Fri Sep 13 12:41:50 EDT 2024 x86_64 x86_64 x86_64 GNU/Linux
Wed Mar 11 21:10:33 CET 2026
mri_convert orig_nu.mgz talsrcimg.img 
reading from orig_nu.mgz...
TR=0.00, TE=0.00, TI=0.00, flip angle=0.00
i_ras = (-1, 0, 0)
j_ras = (0, 0, -1)
k_ras = (0, 1, 0)
writing to talsrcimg.img...
Analyze Output Matrix
-1.00000   0.00000   0.00000   128.14407;
 0.00000   0.00000   1.00000  -62.23729;
 0.00000  -1.00000   0.00000   106.27118;
 0.00000   0.00000   0.00000   1.00000;
--------------------
INFO: set hdr.hist.orient to -1
mpr2mni305 talsrcimg
Wed Mar 11 21:10:34 CET 2026
/opt/freesurfer/bin/mpr2mni305 talsrcimg
mpr2mni305 7.3.2
target=711-2C_as_mni_average_305

---------------------------------------------------------------------
analyzeto4dfp talsrcimg -O0 -y
---------------------------------------------------------------------

freesurfer ifh2hdr.c
Wed Mar 11 21:10:34 2026
Writing: talsrcimg.4dfp.hdr
freesurfer analyzeto4dfp.c
Reading: talsrcimg.hdr
header size 348 bytes
hdr.dime.datatype	offset=70	value=2
hdr.dime.bitpix		offset=72	value=8
hdr.hist.orient		offset=252	value=-1
dimensionality     4
dimensions       256       256       256         1
Reading: talsrcimg.img
Writing: talsrcimg.4dfp.img
Writing: talsrcimg.4dfp.ifh
ifh2hdr talsrcimg -r0to250
ori=2

---------------------------------------------------------------------
gauss_4dfp talsrcimg 1.1
---------------------------------------------------------------------

freesurfer gauss_4dfp.c
Reading: talsrcimg.4dfp.img
Writing: talsrcimg_g11.4dfp.img
image dimensions 256 256 256 padded to 288 288 288
processing volume 1freesurfer ifh2hdr.c
Wed Mar 11 21:10:36 2026
Writing: talsrcimg_g11.4dfp.hdr

Writing: talsrcimg_g11.4dfp.ifh
including: talsrcimg.4dfp.img.rec in talsrcimg_g11.4dfp.img.rec

---------------------------------------------------------------------
imgreg_4dfp /opt/freesurfer/average/711-2C_as_mni_average_305 none talsrcimg_g11 none talsrcimg_to_711-2C_as_mni_average_305_t4 4355
---------------------------------------------------------------------

freesurfer imgreg_4dfp.c
/opt/freesurfer/average/711-2C_as_mni_average_305.4dfp.img
       256       256       256         1
  1.000000  1.000000  1.000000
orientation T byte_order littleendian
Reading image: /opt/freesurfer/average/711-2C_as_mni_average_305.4dfp.img
dimensions:      256       256       256
mmppix:       1.0000   -1.0000   -1.0000
center:     128.0000 -129.0000 -129.0000
talsrcimg_g11.4dfp.img
       256       256       256         1
  1.000000  1.000000  1.000000
orientation T byte_order littleendian
Reading image: talsrcimg_g11.4dfp.img
dimensions:      256       256       256
mmppix:       1.0000   -1.0000   -1.0000
center:     128.0000 -129.0000 -129.0000
t4_read: open error in t4_sub.f l:  41 t4_file(1:l)talsrcimg_to_711-2C_as_mni_average_305_t4 
t4_read: transform initialized to I4
rotation matrix determinant  1.000000
image alignment mode   4355 decimal     1103 hex
   -7.5000  -45.0000  -45.0000 5922.5103   14.2164
    0.0000  -45.0000  -45.0000 6203.5005   14.1906
    7.5000  -45.0000  -45.0000 5954.1787   14.1623
   -7.5000  -37.5000  -45.0000 6498.8579   13.6473
    0.0000  -37.5000  -45.0000 6791.6865   13.6254
    7.5000  -37.5000  -45.0000 6522.8384   13.5964
   -7.5000  -30.0000  -45.0000 7405.9321   13.2823
    0.0000  -30.0000  -45.0000 7741.6465   13.2605
    7.5000  -30.0000  -45.0000 7428.6396   13.2271
   -7.5000  -22.5000  -45.0000 8387.3848   13.0535
    0.0000  -22.5000  -45.0000 8785.7939   13.0312
    7.5000  -22.5000  -45.0000 8416.0508   12.9968
   -7.5000  -15.0000  -45.0000 9431.0830   12.8943
    0.0000  -15.0000  -45.0000 9881.1504   12.8700
    7.5000  -15.0000  -45.0000 9450.0664   12.8380
   -7.5000   -7.5000  -45.000010509.5449   12.8539
    0.0000   -7.5000  -45.000011006.6094   12.8289
    7.5000   -7.5000  -45.000010539.7852   12.8025
   -7.5000    0.0000  -45.000011524.0186   12.8392
    0.0000    0.0000  -45.000012065.5977   12.8158
    7.5000    0.0000  -45.000011560.4580   12.7925
   -7.5000    7.5000  -45.000011627.7383   12.8298
    0.0000    7.5000  -45.000012194.3584   12.8079
    7.5000    7.5000  -45.000011666.6514   12.7819
   -7.5000   15.0000  -45.000011552.0420   12.8275
    0.0000   15.0000  -45.000012100.5830   12.8058
    7.5000   15.0000  -45.000011577.1289   12.7747
   -7.5000   22.5000  -45.000011404.2705   12.8332
    0.0000   22.5000  -45.000011956.8672   12.8106
    7.5000   22.5000  -45.000011420.8672   12.7763
   -7.5000   30.0000  -45.000011189.5928   12.6740
    0.0000   30.0000  -45.000011749.7344   12.6497
    7.5000   30.0000  -45.000011212.2607   12.6178
   -7.5000   37.5000  -45.000011296.4189   12.6742
    0.0000   37.5000  -45.000011863.8145   12.6494
    7.5000   37.5000  -45.000011316.5420   12.6233
   -7.5000   45.0000  -45.000010800.0195   12.3464
    0.0000   45.0000  -45.000011339.1025   12.3239
    7.5000   45.0000  -45.000010814.6494   12.3015
   -7.5000  -45.0000  -37.5000 6133.8462   14.2524
    0.0000  -45.0000  -37.5000 6422.4321   14.2214
    7.5000  -45.0000  -37.5000 6171.6216   14.1843
   -7.5000  -37.5000  -37.5000 6743.8882   13.6732
    0.0000  -37.5000  -37.5000 7046.2842   13.6471
    7.5000  -37.5000  -37.5000 6766.0972   13.6098
   -7.5000  -30.0000  -37.5000 7693.4155   13.2952
    0.0000  -30.0000  -37.5000 8048.7959   13.2711
    7.5000  -30.0000  -37.5000 7725.5410   13.2325
   -7.5000  -22.5000  -37.5000 8742.0439   13.0659
    0.0000  -22.5000  -37.5000 9158.5947   13.0419
    7.5000  -22.5000  -37.5000 8764.3379   13.0050
   -7.5000  -15.0000  -37.5000 9853.1797   12.9169
    0.0000  -15.0000  -37.500010327.6152   12.8898
    7.5000  -15.0000  -37.5000 9886.3271   12.8548
   -7.5000   -7.5000  -37.500010986.3779   12.8848
    0.0000   -7.5000  -37.500011507.6426   12.8555
    7.5000   -7.5000  -37.500011017.2012   12.8240
   -7.5000    0.0000  -37.500012048.4346   12.8690
    0.0000    0.0000  -37.500012593.7061   12.8409
    7.5000    0.0000  -37.500012058.9766   12.8104
   -7.5000    7.5000  -37.500012154.5264   12.8493
    0.0000    7.5000  -37.500012741.4170   12.8237
    7.5000    7.5000  -37.500012182.6016   12.7904
   -7.5000   15.0000  -37.500012072.9121   12.8373
    0.0000   15.0000  -37.500012659.7822   12.8136
    7.5000   15.0000  -37.500012097.0127   12.7779
   -7.5000   22.5000  -37.500011891.7881   12.8448
    0.0000   22.5000  -37.500012456.0215   12.8206
    7.5000   22.5000  -37.500011909.5713   12.7840
   -7.5000   30.0000  -37.500011670.0986   12.6959
    0.0000   30.0000  -37.500012255.6914   12.6688
    7.5000   30.0000  -37.500011693.4277   12.6341
   -7.5000   37.5000  -37.500011788.3760   12.7046
    0.0000   37.5000  -37.500012404.4141   12.6756
    7.5000   37.5000  -37.500011808.5791   12.6444
   -7.5000   45.0000  -37.500011280.7529   12.3751
    0.0000   45.0000  -37.500011855.8428   12.3480
    7.5000   45.0000  -37.500011288.6377   12.3187
   -7.5000  -45.0000  -30.0000 6444.9497   14.8487
    0.0000  -45.0000  -30.0000 6740.9971   14.8118
    7.5000  -45.0000  -30.0000 6476.3184   14.7654
   -7.5000  -37.5000  -30.0000 7103.6768   14.2425
    0.0000  -37.5000  -30.0000 7427.6348   14.2115
    7.5000  -37.5000  -30.0000 7129.6504   14.1661
   -7.5000  -30.0000  -30.0000 8132.3481   13.8342
    0.0000  -30.0000  -30.0000 8508.9316   13.8076
    7.5000  -30.0000  -30.0000 8154.4097   13.7636
   -7.5000  -22.5000  -30.0000 9243.8877   13.5861
    0.0000  -22.5000  -30.0000 9692.5479   13.5599
    7.5000  -22.5000  -30.0000 9278.3828   13.5196
   -7.5000  -15.0000  -30.000010420.9189   13.4355
    0.0000  -15.0000  -30.000010918.7578   13.4053
    7.5000  -15.0000  -30.000010467.4834   13.3666
   -7.5000   -7.5000  -30.000011636.2080   13.4157
    0.0000   -7.5000  -30.000012184.2148   13.3819
    7.5000   -7.5000  -30.000011673.3447   13.3451
   -7.5000    0.0000  -30.000012762.6016   13.4093
    0.0000    0.0000  -30.000013359.1875   13.3761
    7.5000    0.0000  -30.000012798.0977   13.3385
   -7.5000    7.5000  -30.000012909.3555   13.3841
    0.0000    7.5000  -30.000013532.9541   13.3544
    7.5000    7.5000  -30.000012945.9980   13.3142
   -7.5000   15.0000  -30.000012800.6768   13.3580
    0.0000   15.0000  -30.000013444.6680   13.3319
    7.5000   15.0000  -30.000012853.5400   13.2912
   -7.5000   22.5000  -30.000012556.9648   13.3556
    0.0000   22.5000  -30.000013172.1934   13.3293
    7.5000   22.5000  -30.000012605.3125   13.2893
   -7.5000   30.0000  -30.000012335.8604   13.2069
    0.0000   30.0000  -30.000012961.9395   13.1769
    7.5000   30.0000  -30.000012371.1787   13.1384
   -7.5000   37.5000  -30.000012474.9053   13.2293
    0.0000   37.5000  -30.000013137.2764   13.1959
    7.5000   37.5000  -30.000012506.1826   13.1595
   -7.5000   45.0000  -30.000011946.3145   12.9041
    0.0000   45.0000  -30.000012581.8789   12.8722
    7.5000   45.0000  -30.000011961.4678   12.8360
   -7.5000  -45.0000  -22.5000 6747.0537   15.3361
    0.0000  -45.0000  -22.5000 7052.8882   15.2980
    7.5000  -45.0000  -22.5000 6780.4355   15.2516
   -7.5000  -37.5000  -22.5000 7462.3105   14.7161
    0.0000  -37.5000  -22.5000 7808.1353   14.6843
    7.5000  -37.5000  -22.5000 7496.1538   14.6395
   -7.5000  -30.0000  -22.5000 8540.6035   14.2915
    0.0000  -30.0000  -22.5000 8951.6533   14.2645
    7.5000  -30.0000  -22.5000 8583.2871   14.2208
   -7.5000  -22.5000  -22.5000 9714.7383   14.0244
    0.0000  -22.5000  -22.500010192.4521   13.9973
    7.5000  -22.5000  -22.5000 9765.0449   13.9564
   -7.5000  -15.0000  -22.500010955.7227   13.8621
    0.0000  -15.0000  -22.500011491.4834   13.8312
    7.5000  -15.0000  -22.500011009.6484   13.7919
   -7.5000   -7.5000  -22.500012261.9453   13.8476
    0.0000   -7.5000  -22.500012855.8311   13.8136
    7.5000   -7.5000  -22.500012314.5596   13.7767
   -7.5000    0.0000  -22.500013468.8574   13.8537
    0.0000    0.0000  -22.500014139.5928   13.8199
    7.5000    0.0000  -22.500013521.1250   13.7830
   -7.5000    7.5000  -22.500013634.6064   13.8342
    0.0000    7.5000  -22.500014291.9619   13.8038
    7.5000    7.5000  -22.500013683.0830   13.7645
   -7.5000   15.0000  -22.500013524.1689   13.8024
    0.0000   15.0000  -22.500014189.0000   13.7757
    7.5000   15.0000  -22.500013585.3457   13.7351
   -7.5000   22.5000  -22.500013233.8525   13.7869
    0.0000   22.5000  -22.500013874.6045   13.7596
    7.5000   22.5000  -22.500013295.2881   13.7189
   -7.5000   30.0000  -22.500012984.8398   13.6287
    0.0000   30.0000  -22.500013621.7783   13.5980
    7.5000   30.0000  -22.500013038.9785   13.5589
   -7.5000   37.5000  -22.500013141.3779   13.6574
    0.0000   37.5000  -22.500013835.3311   13.6238
    7.5000   37.5000  -22.500013189.2422   13.5872
   -7.5000   45.0000  -22.500012575.6123   13.3418
    0.0000   45.0000  -22.500013268.5576   13.3093
    7.5000   45.0000  -22.500012618.9609   13.2737
   -7.5000  -45.0000  -15.0000 6998.1743   15.6750
    0.0000  -45.0000  -15.0000 7333.8159   15.6407
    7.5000  -45.0000  -15.0000 7036.6738   15.6024
   -7.5000  -37.5000  -15.0000 7782.7656   15.0511
    0.0000  -37.5000  -15.0000 8151.2769   15.0224
    7.5000  -37.5000  -15.0000 7812.8691   14.9853
   -7.5000  -30.0000  -15.0000 8958.8984   14.6285
    0.0000  -30.0000  -15.0000 9382.7930   14.6032
    7.5000  -30.0000  -15.0000 8986.0459   14.5643
   -7.5000  -22.5000  -15.000010208.5859   14.3530
    0.0000  -22.5000  -15.000010693.9580   14.3272
    7.5000  -22.5000  -15.000010245.7891   14.2886
   -7.5000  -15.0000  -15.000011508.3613   14.1748
    0.0000  -15.0000  -15.000012057.8066   14.1463
    7.5000  -15.0000  -15.000011561.9189   14.1098
   -7.5000   -7.5000  -15.000012857.4141   14.1530
    0.0000   -7.5000  -15.000013474.5605   14.1224
    7.5000   -7.5000  -15.000012918.2900   14.0903
   -7.5000    0.0000  -15.000014127.9443   14.1628
    0.0000    0.0000  -15.000014824.6328   14.1325
    7.5000    0.0000  -15.000014203.6992   14.1024
   -7.5000    7.5000  -15.000014282.4609   14.1544
    0.0000    7.5000  -15.000014950.6270   14.1267
    7.5000    7.5000  -15.000014327.8291   14.0941
   -7.5000   15.0000  -15.000014218.9277   14.1308
    0.0000   15.0000  -15.000014860.4346   14.1054
    7.5000   15.0000  -15.000014257.8164   14.0690
   -7.5000   22.5000  -15.000013959.8740   14.1100
    0.0000   22.5000  -15.000014524.4668   14.0839
    7.5000   22.5000  -15.000013985.5371   14.0452
   -7.5000   30.0000  -15.000013663.2637   13.9385
    0.0000   30.0000  -15.000014213.9551   13.9100
    7.5000   30.0000  -15.000013685.4443   13.8737
   -7.5000   37.5000  -15.000013831.5000   13.9606
    0.0000   37.5000  -15.000014472.2246   13.9303
    7.5000   37.5000  -15.000013867.0312   13.8986
   -7.5000   45.0000  -15.000013228.2715   13.6477
    0.0000   45.0000  -15.000013914.7422   13.6185
    7.5000   45.0000  -15.000013273.4248   13.5895
   -7.5000  -45.0000   -7.5000 7238.1987   15.8532
    0.0000  -45.0000   -7.5000 7594.4985   15.8241
    7.5000  -45.0000   -7.5000 7273.7837   15.7932
   -7.5000  -37.5000   -7.5000 8077.8306   15.2254
    0.0000  -37.5000   -7.5000 8466.8877   15.2007
    7.5000  -37.5000   -7.5000 8107.5820   15.1701
   -7.5000  -30.0000   -7.5000 9329.9893   14.8141
    0.0000  -30.0000   -7.5000 9778.3301   14.7906
    7.5000  -30.0000   -7.5000 9351.4912   14.7550
   -7.5000  -22.5000   -7.500010677.1689   14.5466
    0.0000  -22.5000   -7.500011176.8184   14.5224
    7.5000  -22.5000   -7.500010703.0498   14.4851
   -7.5000  -15.0000   -7.500012051.6973   14.3615
    0.0000  -15.0000   -7.500012613.5420   14.3354
    7.5000  -15.0000   -7.500012075.8994   14.3007
   -7.5000   -7.5000   -7.500013464.6182   14.3238
    0.0000   -7.5000   -7.500014075.8301   14.2967
    7.5000   -7.5000   -7.500013478.9346   14.2685
   -7.5000    0.0000   -7.500014775.0049   14.3219
    0.0000    0.0000   -7.500015462.5244   14.2958
    7.5000    0.0000   -7.500014820.9902   14.2713
   -7.5000    7.5000   -7.500014897.2412   14.3181
    0.0000    7.5000   -7.500015537.3486   14.2938
    7.5000    7.5000   -7.500014925.9102   14.2664
   -7.5000   15.0000   -7.500014903.1348   14.3098
    0.0000   15.0000   -7.500015527.7363   14.2861
    7.5000   15.0000   -7.500014905.2744   14.2527
   -7.5000   22.5000   -7.500014872.5166   14.2980
    0.0000   22.5000   -7.500015459.0723   14.2732
    7.5000   22.5000   -7.500014874.6611   14.2359
   -7.5000   30.0000   -7.500014634.7090   14.1216
    0.0000   30.0000   -7.500015217.3057   14.0955
    7.5000   30.0000   -7.500014641.2705   14.0609
   -7.5000   37.5000   -7.500014747.1035   14.1287
    0.0000   37.5000   -7.500015438.2061   14.1019
    7.5000   37.5000   -7.500014784.8008   14.0740
   -7.5000   45.0000   -7.500014028.9111   13.8036
    0.0000   45.0000   -7.500014776.1367   13.7785
    7.5000   45.0000   -7.500014074.3213   13.7548
   -7.5000  -45.0000    0.0000 7358.1831   15.9084
    0.0000  -45.0000    0.0000 7694.3564   15.8796
    7.5000  -45.0000    0.0000 7376.1235   15.8478
   -7.5000  -37.5000    0.0000 8262.3252   15.2716
    0.0000  -37.5000    0.0000 8639.0713   15.2470
    7.5000  -37.5000    0.0000 8279.5078   15.2146
   -7.5000  -30.0000    0.0000 9603.2812   14.8630
    0.0000  -30.0000    0.000010051.3848   14.8387
    7.5000  -30.0000    0.0000 9615.3760   14.8013
   -7.5000  -22.5000    0.000011078.1875   14.6070
    0.0000  -22.5000    0.000011583.0791   14.5822
    7.5000  -22.5000    0.000011086.9639   14.5436
   -7.5000  -15.0000    0.000012546.3984   14.4289
    0.0000  -15.0000    0.000013093.1680   14.4018
    7.5000  -15.0000    0.000012537.3906   14.3659
   -7.5000   -7.5000    0.000014035.1787   14.3837
    0.0000   -7.5000    0.000014657.3164   14.3557
    7.5000   -7.5000    0.000014049.4463   14.3262
   -7.5000    0.0000    0.000015395.8936   14.3673
    0.0000    0.0000    0.000016101.0664   14.3411
    7.5000    0.0000    0.000015442.9102   14.3151
   -7.5000    7.5000    0.000015470.7637   14.3568
    0.0000    7.5000    0.000016131.0947   14.3323
    7.5000    7.5000    0.000015532.2080   14.3031
   -7.5000   15.0000    0.000015383.8809   14.3541
    0.0000   15.0000    0.000016222.6562   14.3299
    7.5000   15.0000    0.000015525.6816   14.2951
   -7.5000   22.5000    0.000015403.1455   14.3559
    0.0000   22.5000    0.000016507.9805   14.3306
    7.5000   22.5000    0.000015646.8701   14.2922
   -7.5000   30.0000    0.000015251.2520   14.1879
    0.0000   30.0000    0.000016327.1162   14.1608
    7.5000   30.0000    0.000015498.2959   14.1251
   -7.5000   37.5000    0.000015311.6768   14.1882
    0.0000   37.5000    0.000016320.1309   14.1605
    7.5000   37.5000    0.000015495.7861   14.1312
   -7.5000   45.0000    0.000014534.7012   13.8484
    0.0000   45.0000    0.000015425.8623   13.8232
    7.5000   45.0000    0.000014634.2080   13.7981
   -7.5000  -45.0000    7.5000 6864.8604   15.9488
    0.0000  -45.0000    7.5000 7213.9814   15.9141
    7.5000  -45.0000    7.5000 6914.1318   15.8727
   -7.5000  -37.5000    7.5000 7749.5669   15.3007
    0.0000  -37.5000    7.5000 8138.8730   15.2714
    7.5000  -37.5000    7.5000 7799.5098   15.2297
   -7.5000  -30.0000    7.5000 9043.2734   14.8777
    0.0000  -30.0000    7.5000 9507.8535   14.8508
    7.5000  -30.0000    7.5000 9111.6660   14.8075
   -7.5000  -22.5000    7.500010472.3213   14.6211
    0.0000  -22.5000    7.500011024.9990   14.5943
    7.5000  -22.5000    7.500010566.9873   14.5530
   -7.5000  -15.0000    7.500011899.4912   14.4544
    0.0000  -15.0000    7.500012547.2783   14.4240
    7.5000  -15.0000    7.500012026.2393   14.3849
   -7.5000   -7.5000    7.500013349.5762   14.4184
    0.0000   -7.5000    7.500014145.0713   14.3857
    7.5000   -7.5000    7.500013504.7480   14.3504
   -7.5000    0.0000    7.500014652.9883   14.4007
    0.0000    0.0000    7.500015594.1084   14.3693
    7.5000    0.0000    7.500014833.6123   14.3351
   -7.5000    7.5000    7.500014754.8643   14.3787
    0.0000    7.5000    7.500015642.8975   14.3501
    7.5000    7.5000    7.500014916.1846   14.3128
   -7.5000   15.0000    7.500014656.9307   14.3653
    0.0000   15.0000    7.500015608.4023   14.3388
    7.5000   15.0000    7.500014849.3721   14.2988
   -7.5000   22.5000    7.500014549.6211   14.3690
    0.0000   22.5000    7.500015520.4600   14.3419
    7.5000   22.5000    7.500014755.3242   14.3010
   -7.5000   30.0000    7.500014283.7021   14.2126
    0.0000   30.0000    7.500015110.7900   14.1823
    7.5000   30.0000    7.500014422.0215   14.1435
   -7.5000   37.5000    7.500014431.2686   14.2223
    0.0000   37.5000    7.500015210.7607   14.1899
    7.5000   37.5000    7.500014543.1787   14.1550
   -7.5000   45.0000    7.500013804.0684   13.8806
    0.0000   45.0000    7.500014549.9746   13.8503
    7.5000   45.0000    7.500013887.0244   13.8174
   -7.5000  -45.0000   15.0000 6288.3301   15.9910
    0.0000  -45.0000   15.0000 6612.7041   15.9507
    7.5000  -45.0000   15.0000 6341.4873   15.9001
   -7.5000  -37.5000   15.0000 7109.7217   15.3391
    0.0000  -37.5000   15.0000 7501.2549   15.3054
    7.5000  -37.5000   15.0000 7188.9478   15.2557
   -7.5000  -30.0000   15.0000 8340.3545   14.9007
    0.0000  -30.0000   15.0000 8830.3926   14.8718
    7.5000  -30.0000   15.0000 8441.0449   14.8238
   -7.5000  -22.5000   15.0000 9687.3545   14.6348
    0.0000  -22.5000   15.000010276.3662   14.6064
    7.5000  -22.5000   15.0000 9805.0801   14.5624
   -7.5000  -15.0000   15.000011018.3232   14.4724
    0.0000  -15.0000   15.000011693.5762   14.4396
    7.5000  -15.0000   15.000011151.9814   14.3973
   -7.5000   -7.5000   15.000012375.3760   14.4512
    0.0000   -7.5000   15.000013159.4736   14.4145
    7.5000   -7.5000   15.000012518.2236   14.3742
   -7.5000    0.0000   15.000013609.3662   14.4444
    0.0000    0.0000   15.000014450.0049   14.4084
    7.5000    0.0000   15.000013740.7598   14.3673
   -7.5000    7.5000   15.000013761.7402   14.4173
    0.0000    7.5000   15.000014516.9697   14.3850
    7.5000    7.5000   15.000013861.9268   14.3411
   -7.5000   15.0000   15.000013752.8379   14.3889
    0.0000   15.0000   15.000014520.1631   14.3605
    7.5000   15.0000   15.000013876.1758   14.3161
   -7.5000   22.5000   15.000013613.0273   14.3830
    0.0000   22.5000   15.000014286.9473   14.3544
    7.5000   22.5000   15.000013722.2158   14.3108
   -7.5000   30.0000   15.000013308.0215   14.2302
    0.0000   30.0000   15.000013869.8564   14.1976
    7.5000   30.0000   15.000013369.0283   14.1556
   -7.5000   37.5000   15.000013475.2041   14.2545
    0.0000   37.5000   15.000014030.5752   14.2183
    7.5000   37.5000   15.000013517.9512   14.1784
   -7.5000   45.0000   15.000012952.9229   13.9228
    0.0000   45.0000   15.000013511.2109   13.8881
    7.5000   45.0000   15.000012989.2344   13.8484
   -7.5000  -45.0000   22.5000 5719.3672   16.1845
    0.0000  -45.0000   22.5000 5995.1992   16.1436
    7.5000  -45.0000   22.5000 5743.2036   16.0927
   -7.5000  -37.5000   22.5000 6487.2397   15.5258
    0.0000  -37.5000   22.5000 6828.9263   15.4917
    7.5000  -37.5000   22.5000 6524.0513   15.4426
   -7.5000  -30.0000   22.5000 7642.4937   15.0755
    0.0000  -30.0000   22.5000 8062.6816   15.0466
    7.5000  -30.0000   22.5000 7707.7114   14.9988
   -7.5000  -22.5000   22.5000 8897.3486   14.7930
    0.0000  -22.5000   22.5000 9380.6006   14.7643
    7.5000  -22.5000   22.5000 8961.2949   14.7195
   -7.5000  -15.0000   22.500010135.6699   14.6204
    0.0000  -15.0000   22.500010692.3008   14.5877
    7.5000  -15.0000   22.500010207.1855   14.5446
   -7.5000   -7.5000   22.500011377.3506   14.6055
    0.0000   -7.5000   22.500012006.9873   14.5693
    7.5000   -7.5000   22.500011460.3672   14.5288
   -7.5000    0.0000   22.500012543.8877   14.6127
    0.0000    0.0000   22.500013203.2432   14.5766
    7.5000    0.0000   22.500012602.5479   14.5361
   -7.5000    7.5000   22.500012723.3398   14.5917
    0.0000    7.5000   22.500013375.8008   14.5593
    7.5000    7.5000   22.500012797.3887   14.5162
   -7.5000   15.0000   22.500012757.0703   14.5572
    0.0000   15.0000   22.500013442.4941   14.5287
    7.5000   15.0000   22.500012846.2461   14.4842
   -7.5000   22.5000   22.500012636.2598   14.5378
    0.0000   22.5000   22.500013235.6182   14.5089
    7.5000   22.5000   22.500012693.6025   14.4643
   -7.5000   30.0000   22.500012326.4346   14.3754
    0.0000   30.0000   22.500012877.8643   14.3428
    7.5000   30.0000   22.500012355.5742   14.3000
   -7.5000   37.5000   22.500012479.3916   14.4067
    0.0000   37.5000   22.500013032.4473   14.3709
    7.5000   37.5000   22.500012503.5859   14.3309
   -7.5000   45.0000   22.500012042.1016   14.0850
    0.0000   45.0000   22.500012549.3662   14.0501
    7.5000   45.0000   22.500012057.1543   14.0111
   -7.5000  -45.0000   30.0000 5208.7197   16.5673
    0.0000  -45.0000   30.0000 5461.4795   16.5299
    7.5000  -45.0000   30.0000 5226.5840   16.4874
   -7.5000  -37.5000   30.0000 5926.2178   15.8865
    0.0000  -37.5000   30.0000 6215.2905   15.8550
    7.5000  -37.5000   30.0000 5941.3384   15.8136
   -7.5000  -30.0000   30.0000 6987.1094   15.4272
    0.0000  -30.0000   30.0000 7328.0830   15.3996
    7.5000  -30.0000   30.0000 7015.2222   15.3561
   -7.5000  -22.5000   30.0000 8131.5513   15.1324
    0.0000  -22.5000   30.0000 8552.1396   15.1046
    7.5000  -22.5000   30.0000 8177.9048   15.0616
   -7.5000  -15.0000   30.0000 9269.1240   14.9433
    0.0000  -15.0000   30.0000 9769.5605   14.9129
    7.5000  -15.0000   30.0000 9344.7988   14.8726
   -7.5000   -7.5000   30.000010408.2285   14.9219
    0.0000   -7.5000   30.000010970.5068   14.8892
    7.5000   -7.5000   30.000010495.6025   14.8539
   -7.5000    0.0000   30.000011501.9434   14.9328
    0.0000    0.0000   30.000012088.3242   14.9002
    7.5000    0.0000   30.000011560.6211   14.8670
   -7.5000    7.5000   30.000011701.4170   14.9203
    0.0000    7.5000   30.000012291.3740   14.8904
    7.5000    7.5000   30.000011759.9639   14.8540
   -7.5000   15.0000   30.000011737.1416   14.8916
    0.0000   15.0000   30.000012358.1826   14.8640
    7.5000   15.0000   30.000011800.2920   14.8234
   -7.5000   22.5000   30.000011630.8848   14.8682
    0.0000   22.5000   30.000012172.5303   14.8400
    7.5000   22.5000   30.000011658.2090   14.7970
   -7.5000   30.0000   30.000011342.0586   14.6919
    0.0000   30.0000   30.000011845.7480   14.6615
    7.5000   30.0000   30.000011360.4277   14.6214
   -7.5000   37.5000   30.000011458.7744   14.7187
    0.0000   37.5000   30.000011983.7842   14.6863
    7.5000   37.5000   30.000011475.0117   14.6515
   -7.5000   45.0000   30.000011083.4893   14.3935
    0.0000   45.0000   30.000011555.9111   14.3621
    7.5000   45.0000   30.000011102.5684   14.3301
   -7.5000  -45.0000   37.5000 4912.8530   17.1965
    0.0000  -45.0000   37.5000 5160.6235   17.1604
    7.5000  -45.0000   37.5000 4920.8906   17.1213
   -7.5000  -37.5000   37.5000 5607.9048   16.4599
    0.0000  -37.5000   37.5000 5875.9839   16.4294
    7.5000  -37.5000   37.5000 5617.7485   16.3913
   -7.5000  -30.0000   37.5000 6628.9077   15.9854
    0.0000  -30.0000   37.5000 6963.6533   15.9568
    7.5000  -30.0000   37.5000 6652.1514   15.9136
   -7.5000  -22.5000   37.5000 7721.8086   15.6915
    0.0000  -22.5000   37.5000 8127.3472   15.6625
    7.5000  -22.5000   37.5000 7774.3101   15.6176
   -7.5000  -15.0000   37.5000 8828.0801   15.4952
    0.0000  -15.0000   37.5000 9290.5996   15.4642
    7.5000  -15.0000   37.5000 8893.3633   15.4221
   -7.5000   -7.5000   37.5000 9938.3779   15.4567
    0.0000   -7.5000   37.500010441.2549   15.4243
    7.5000   -7.5000   37.5000 9988.0977   15.3893
   -7.5000    0.0000   37.500010983.5146   15.4484
    0.0000    0.0000   37.500011520.7617   15.4170
    7.5000    0.0000   37.500011022.7324   15.3862
   -7.5000    7.5000   37.500011156.4951   15.4318
    0.0000    7.5000   37.500011710.3252   15.4025
    7.5000    7.5000   37.500011197.8018   15.3687
   -7.5000   15.0000   37.500011193.1572   15.4163
    0.0000   15.0000   37.500011739.9619   15.3879
    7.5000   15.0000   37.500011222.2109   15.3475
   -7.5000   22.5000   37.500011100.7832   15.4101
    0.0000   22.5000   37.500011603.2021   15.3806
    7.5000   22.5000   37.500011105.3262   15.3359
   -7.5000   30.0000   37.500010819.3047   15.2324
    0.0000   30.0000   37.500011315.4121   15.2014
    7.5000   30.0000   37.500010844.6436   15.1595
   -7.5000   37.5000   37.500010913.5957   15.2458
    0.0000   37.5000   37.500011430.4756   15.2137
    7.5000   37.5000   37.500010935.9199   15.1792
   -7.5000   45.0000   37.500010574.5078   14.8904
    0.0000   45.0000   37.500011040.0908   14.8602
    7.5000   45.0000   37.500010592.0576   14.8305
   -7.5000  -45.0000   45.0000 4424.7622   17.9390
    0.0000  -45.0000   45.0000 4642.6328   17.8941
    7.5000  -45.0000   45.0000 4417.7202   17.8434
   -7.5000  -37.5000   45.0000 5066.8345   17.1622
    0.0000  -37.5000   45.0000 5309.8877   17.1235
    7.5000  -37.5000   45.0000 5071.8657   17.0732
   -7.5000  -30.0000   45.0000 5999.1304   16.6507
    0.0000  -30.0000   45.0000 6317.6772   16.6133
    7.5000  -30.0000   45.0000 6027.4424   16.5574
   -7.5000  -22.5000   45.0000 7010.8101   16.3481
    0.0000  -22.5000   45.0000 7375.3726   16.3109
    7.5000  -22.5000   45.0000 7062.0635   16.2542
   -7.5000  -15.0000   45.0000 8035.0464   16.1466
    0.0000  -15.0000   45.0000 8434.1455   16.1073
    7.5000  -15.0000   45.0000 8078.8008   16.0539
   -7.5000   -7.5000   45.0000 9067.8340   16.0964
    0.0000   -7.5000   45.0000 9499.1055   16.0557
    7.5000   -7.5000   45.0000 9096.1758   16.0103
   -7.5000    0.0000   45.000010016.5762   16.0704
    0.0000    0.0000   45.000010502.0811   16.0317
    7.5000    0.0000   45.000010032.5518   15.9907
   -7.5000    7.5000   45.000010181.6699   16.0445
    0.0000    7.5000   45.000010693.7891   16.0077
    7.5000    7.5000   45.000010208.5420   15.9631
   -7.5000   15.0000   45.000010214.7646   16.0342
    0.0000   15.0000   45.000010698.8379   15.9977
    7.5000   15.0000   45.000010222.0703   15.9461
   -7.5000   22.5000   45.000010128.4033   16.0435
    0.0000   22.5000   45.000010594.6670   16.0062
    7.5000   22.5000   45.000010126.7988   15.9501
   -7.5000   30.0000   45.0000 9882.6777   15.8681
    0.0000   30.0000   45.000010334.0059   15.8290
    7.5000   30.0000   45.0000 9896.2207   15.7761
   -7.5000   37.5000   45.0000 9968.9141   15.8749
    0.0000   37.5000   45.000010438.1611   15.8346
    7.5000   37.5000   45.0000 9979.9365   15.7897
   -7.5000   45.0000   45.0000 9669.5938   15.4971
    0.0000   45.0000   45.000010097.4160   15.4597
    7.5000   45.0000   45.0000 9673.2031   15.4202

---------------------------------------------------------------------
imgreg_4dfp /opt/freesurfer/average/711-2C_as_mni_average_305 /opt/freesurfer/average/711-2B_as_mni_average_305_mask talsrcimg_g11 none talsrcimg_to_711-2C_as_mni_average_305_t4 4355
---------------------------------------------------------------------

freesurfer imgreg_4dfp.c
/opt/freesurfer/average/711-2C_as_mni_average_305.4dfp.img
       256       256       256         1
  1.000000  1.000000  1.000000
orientation T byte_order littleendian
Reading image: /opt/freesurfer/average/711-2C_as_mni_average_305.4dfp.img
dimensions:      256       256       256
mmppix:       1.0000   -1.0000   -1.0000
center:     128.0000 -129.0000 -129.0000
/opt/freesurfer/average/711-2B_as_mni_average_305_mask.4dfp.img
       256       256       256         1
  1.000000  1.000000  1.000000
orientation T byte_order littleendian
Reading mask: /opt/freesurfer/average/711-2B_as_mni_average_305_mask.4dfp.img (2306576 pixels)
talsrcimg_g11.4dfp.img
       256       256       256         1
  1.000000  1.000000  1.000000
orientation T byte_order littleendian
Reading image: talsrcimg_g11.4dfp.img
dimensions:      256       256       256
mmppix:       1.0000   -1.0000   -1.0000
center:     128.0000 -129.0000 -129.0000
rotation matrix determinant  1.000000
image alignment mode   4355 decimal     1103 hex
   -7.5000  -22.5000  -45.0000 2059.3562   15.6240
    0.0000  -22.5000  -45.0000 2073.4897   15.6569
    7.5000  -22.5000  -45.0000 2060.7725   15.7662
   -7.5000  -15.0000  -45.0000 2180.4912   14.0533
    0.0000  -15.0000  -45.0000 2195.0874   14.0581
    7.5000  -15.0000  -45.0000 2180.8828   14.1384
   -7.5000   -7.5000  -45.0000 2290.0244   12.7965
    0.0000   -7.5000  -45.0000 2306.6736   12.7864
    7.5000   -7.5000  -45.0000 2292.4492   12.8695
   -7.5000    0.0000  -45.0000 2375.0288   11.7738
    0.0000    0.0000  -45.0000 2391.2634   11.7464
    7.5000    0.0000  -45.0000 2379.3032   11.8376
   -7.5000    7.5000  -45.0000 2437.8049   11.0448
    0.0000    7.5000  -45.0000 2455.2439   10.9841
    7.5000    7.5000  -45.0000 2439.5371   11.0621
   -7.5000   15.0000  -45.0000 2466.4260   10.5870
    0.0000   15.0000  -45.0000 2479.7871   10.5422
    7.5000   15.0000  -45.0000 2464.5225   10.6058
   -7.5000   22.5000  -45.0000 2485.4434   10.3504
    0.0000   22.5000  -45.0000 2503.0986   10.2866
    7.5000   22.5000  -45.0000 2485.4766   10.3264
   -7.5000   30.0000  -45.0000 2481.2930   10.3979
    0.0000   30.0000  -45.0000 2501.5374   10.3301
    7.5000   30.0000  -45.0000 2481.8032   10.3660
   -7.5000   37.5000  -45.0000 2464.8877   10.6038
    0.0000   37.5000  -45.0000 2486.3452   10.5520
    7.5000   37.5000  -45.0000 2468.5251   10.5758
   -7.5000   45.0000  -45.0000 2429.0115   11.0015
    0.0000   45.0000  -45.0000 2451.1855   10.9135
    7.5000   45.0000  -45.0000 2435.0095   10.9530
   -7.5000   52.5000  -45.0000 2349.0986   11.4899
    0.0000   52.5000  -45.0000 2373.1062   11.3914
    7.5000   52.5000  -45.0000 2356.1279   11.4518
   -7.5000   60.0000  -45.0000 2226.2012   12.0796
    0.0000   60.0000  -45.0000 2246.5178   11.9595
    7.5000   60.0000  -45.0000 2231.4160   12.0391
   -7.5000   67.5000  -45.0000 2069.4983   12.7193
    0.0000   67.5000  -45.0000 2088.5764   12.5445
    7.5000   67.5000  -45.0000 2075.5295   12.6669
   -7.5000  -22.5000  -37.5000 2106.6648   14.9797
    0.0000  -22.5000  -37.5000 2120.2395   14.9452
    7.5000  -22.5000  -37.5000 2106.7996   15.0657
   -7.5000  -15.0000  -37.5000 2232.4026   13.4446
    0.0000  -15.0000  -37.5000 2248.6299   13.4238
    7.5000  -15.0000  -37.5000 2233.9045   13.4968
   -7.5000   -7.5000  -37.5000 2346.7312   12.1824
    0.0000   -7.5000  -37.5000 2364.0439   12.1492
    7.5000   -7.5000  -37.5000 2350.6777   12.2343
   -7.5000    0.0000  -37.5000 2434.5837   11.2072
    0.0000    0.0000  -37.5000 2449.6138   11.1631
    7.5000    0.0000  -37.5000 2435.9866   11.2258
   -7.5000    7.5000  -37.5000 2502.7026   10.4600
    0.0000    7.5000  -37.5000 2519.9050   10.4097
    7.5000    7.5000  -37.5000 2506.2805   10.4535
   -7.5000   15.0000  -37.5000 2541.2952    9.9576
    0.0000   15.0000  -37.5000 2558.0596    9.8976
    7.5000   15.0000  -37.5000 2547.0740    9.9435
   -7.5000   22.5000  -37.5000 2569.6531    9.6820
    0.0000   22.5000  -37.5000 2583.4983    9.6349
    7.5000   22.5000  -37.5000 2571.3127    9.6769
   -7.5000   30.0000  -37.5000 2569.7261    9.7228
    0.0000   30.0000  -37.5000 2588.9668    9.6597
    7.5000   30.0000  -37.5000 2575.2664    9.7072
   -7.5000   37.5000  -37.5000 2557.2727    9.9342
    0.0000   37.5000  -37.5000 2581.9705    9.8743
    7.5000   37.5000  -37.5000 2562.7380    9.9010
   -7.5000   45.0000  -37.5000 2523.1377   10.3008
    0.0000   45.0000  -37.5000 2547.9155   10.2188
    7.5000   45.0000  -37.5000 2529.3469   10.2495
   -7.5000   52.5000  -37.5000 2441.5125   10.7436
    0.0000   52.5000  -37.5000 2467.6333   10.6476
    7.5000   52.5000  -37.5000 2448.3518   10.6782
   -7.5000   60.0000  -37.5000 2312.4395   11.2634
    0.0000   60.0000  -37.5000 2331.6760   11.1597
    7.5000   60.0000  -37.5000 2315.4241   11.1899
   -7.5000   67.5000  -37.5000 2147.5686   11.8414
    0.0000   67.5000  -37.5000 2169.0212   11.6986
    7.5000   67.5000  -37.5000 2151.2576   11.7590
   -7.5000  -22.5000  -30.0000 2182.1462   14.8928
    0.0000  -22.5000  -30.0000 2197.7791   14.8135
    7.5000  -22.5000  -30.0000 2183.5325   14.9318
   -7.5000  -15.0000  -30.0000 2310.9214   13.3391
    0.0000  -15.0000  -30.0000 2327.1785   13.2645
    7.5000  -15.0000  -30.0000 2315.1060   13.3615
   -7.5000   -7.5000  -30.0000 2429.0364   12.0819
    0.0000   -7.5000  -30.0000 2447.1533   12.0018
    7.5000   -7.5000  -30.0000 2433.6743   12.0934
   -7.5000    0.0000  -30.0000 2524.2803   11.0448
    0.0000    0.0000  -30.0000 2544.3640   10.9641
    7.5000    0.0000  -30.0000 2531.6313   11.0500
   -7.5000    7.5000  -30.0000 2605.5828   10.2661
    0.0000    7.5000  -30.0000 2627.3159   10.1977
    7.5000    7.5000  -30.0000 2614.5413   10.2635
   -7.5000   15.0000  -30.0000 2656.8438    9.7066
    0.0000   15.0000  -30.0000 2682.5310    9.6410
    7.5000   15.0000  -30.0000 2672.0212    9.6785
   -7.5000   22.5000  -30.0000 2690.2776    9.4041
    0.0000   22.5000  -30.0000 2714.0735    9.3208
    7.5000   22.5000  -30.0000 2700.2842    9.3722
   -7.5000   30.0000  -30.0000 2709.3718    9.3918
    0.0000   30.0000  -30.0000 2725.4626    9.3292
    7.5000   30.0000  -30.0000 2712.7642    9.3554
   -7.5000   37.5000  -30.0000 2697.5771    9.6298
    0.0000   37.5000  -30.0000 2723.6086    9.5609
    7.5000   37.5000  -30.0000 2703.5801    9.5728
   -7.5000   45.0000  -30.0000 2663.3887   10.0076
    0.0000   45.0000  -30.0000 2691.1270    9.9082
    7.5000   45.0000  -30.0000 2669.2866    9.9345
   -7.5000   52.5000  -30.0000 2579.8601   10.4178
    0.0000   52.5000  -30.0000 2607.4636   10.3243
    7.5000   52.5000  -30.0000 2585.4956   10.3395
   -7.5000   60.0000  -30.0000 2442.3777   10.9056
    0.0000   60.0000  -30.0000 2464.7732   10.8077
    7.5000   60.0000  -30.0000 2445.7803   10.8194
   -7.5000   67.5000  -30.0000 2263.4939   11.4654
    0.0000   67.5000  -30.0000 2288.0737   11.3512
    7.5000   67.5000  -30.0000 2269.4924   11.3699
   -7.5000  -22.5000  -22.5000 2216.5171   14.7703
    0.0000  -22.5000  -22.5000 2234.6191   14.6504
    7.5000  -22.5000  -22.5000 2222.1384   14.7952
   -7.5000  -15.0000  -22.5000 2345.5510   13.1818
    0.0000  -15.0000  -22.5000 2368.9536   13.0564
    7.5000  -15.0000  -22.5000 2355.6836   13.1546
   -7.5000   -7.5000  -22.5000 2468.6484   11.8909
    0.0000   -7.5000  -22.5000 2495.4392   11.7855
    7.5000   -7.5000  -22.5000 2482.9707   11.8650
   -7.5000    0.0000  -22.5000 2577.2644   10.8443
    0.0000    0.0000  -22.5000 2604.3853   10.7396
    7.5000    0.0000  -22.5000 2591.2546   10.8224
   -7.5000    7.5000  -22.5000 2667.2759   10.0239
    0.0000    7.5000  -22.5000 2695.3806    9.9197
    7.5000    7.5000  -22.5000 2682.5728   10.0003
   -7.5000   15.0000  -22.5000 2736.0491    9.4498
    0.0000   15.0000  -22.5000 2763.6106    9.3322
    7.5000   15.0000  -22.5000 2752.8223    9.4016
   -7.5000   22.5000  -22.5000 2782.9910    9.1197
    0.0000   22.5000  -22.5000 2813.8445    8.9981
    7.5000   22.5000  -22.5000 2798.5669    9.0624
   -7.5000   30.0000  -22.5000 2812.2158    9.0479
    0.0000   30.0000  -22.5000 2836.2188    8.9582
    7.5000   30.0000  -22.5000 2821.7771    8.9932
   -7.5000   37.5000  -22.5000 2804.4290    9.3015
    0.0000   37.5000  -22.5000 2838.9023    9.2050
    7.5000   37.5000  -22.5000 2816.2239    9.2256
   -7.5000   45.0000  -22.5000 2765.2007    9.6850
    0.0000   45.0000  -22.5000 2800.5977    9.5792
    7.5000   45.0000  -22.5000 2777.3374    9.5973
   -7.5000   52.5000  -22.5000 2676.9080   10.0748
    0.0000   52.5000  -22.5000 2704.8186    9.9687
    7.5000   52.5000  -22.5000 2686.4683    9.9874
   -7.5000   60.0000  -22.5000 2529.3699   10.5543
    0.0000   60.0000  -22.5000 2555.1843   10.4351
    7.5000   60.0000  -22.5000 2539.1060   10.4592
   -7.5000   67.5000  -22.5000 2346.1333   11.0812
    0.0000   67.5000  -22.5000 2370.4155   10.9514
    7.5000   67.5000  -22.5000 2354.7493   10.9778
   -7.5000  -22.5000  -15.0000 2225.0210   14.7664
    0.0000  -22.5000  -15.0000 2246.8254   14.5458
    7.5000  -22.5000  -15.0000 2233.5769   14.7203
   -7.5000  -15.0000  -15.0000 2357.3591   13.0996
    0.0000  -15.0000  -15.0000 2383.3232   12.9038
    7.5000  -15.0000  -15.0000 2370.3621   13.0366
   -7.5000   -7.5000  -15.0000 2477.0408   11.7646
    0.0000   -7.5000  -15.0000 2504.5840   11.5950
    7.5000   -7.5000  -15.0000 2492.1628   11.7045
   -7.5000    0.0000  -15.0000 2585.7612   10.7000
    0.0000    0.0000  -15.0000 2615.6208   10.5444
    7.5000    0.0000  -15.0000 2602.2158   10.6284
   -7.5000    7.5000  -15.0000 2683.2109    9.8588
    0.0000    7.5000  -15.0000 2709.2778    9.6873
    7.5000    7.5000  -15.0000 2697.8560    9.7776
   -7.5000   15.0000  -15.0000 2767.1611    9.2783
    0.0000   15.0000  -15.0000 2793.7822    9.1085
    7.5000   15.0000  -15.0000 2783.5288    9.1997
   -7.5000   22.5000  -15.0000 2833.4690    8.9374
    0.0000   22.5000  -15.0000 2867.7622    8.7797
    7.5000   22.5000  -15.0000 2853.8396    8.8699
   -7.5000   30.0000  -15.0000 2875.1440    8.8283
    0.0000   30.0000  -15.0000 2910.9148    8.6603
    7.5000   30.0000  -15.0000 2890.0901    8.7574
   -7.5000   37.5000  -15.0000 2876.8120    9.0721
    0.0000   37.5000  -15.0000 2914.9956    8.9284
    7.5000   37.5000  -15.0000 2891.5823    8.9794
   -7.5000   45.0000  -15.0000 2832.5493    9.4417
    0.0000   45.0000  -15.0000 2873.6570    9.3062
    7.5000   45.0000  -15.0000 2846.9050    9.3526
   -7.5000   52.5000  -15.0000 2738.2559    9.8216
    0.0000   52.5000  -15.0000 2772.0151    9.6757
    7.5000   52.5000  -15.0000 2750.3086    9.7407
   -7.5000   60.0000  -15.0000 2583.3391   10.2737
    0.0000   60.0000  -15.0000 2612.5496   10.1209
    7.5000   60.0000  -15.0000 2596.3687   10.1712
   -7.5000   67.5000  -15.0000 2391.6216   10.8148
    0.0000   67.5000  -15.0000 2417.6582   10.6589
    7.5000   67.5000  -15.0000 2400.6448   10.6883
   -7.5000  -22.5000   -7.5000 2211.4558   14.8334
    0.0000  -22.5000   -7.5000 2234.6665   14.5684
    7.5000  -22.5000   -7.5000 2220.3325   14.7235
   -7.5000  -15.0000   -7.5000 2340.6375   13.0927
    0.0000  -15.0000   -7.5000 2364.0291   12.8601
    7.5000  -15.0000   -7.5000 2349.7043   13.0093
   -7.5000   -7.5000   -7.5000 2463.5562   11.7379
    0.0000   -7.5000   -7.5000 2481.4614   11.5209
    7.5000   -7.5000   -7.5000 2469.0618   11.6407
   -7.5000    0.0000   -7.5000 2574.9558   10.6524
    0.0000    0.0000   -7.5000 2592.7786   10.4511
    7.5000    0.0000   -7.5000 2581.4668   10.5552
   -7.5000    7.5000   -7.5000 2676.5186    9.7963
    0.0000    7.5000   -7.5000 2692.3833    9.5865
    7.5000    7.5000   -7.5000 2681.9773    9.6957
   -7.5000   15.0000   -7.5000 2775.4031    9.2136
    0.0000   15.0000   -7.5000 2791.1367    9.0180
    7.5000   15.0000   -7.5000 2783.2878    9.1292
   -7.5000   22.5000   -7.5000 2858.3042    8.9538
    0.0000   22.5000   -7.5000 2892.4875    8.7725
    7.5000   22.5000   -7.5000 2877.2825    8.8469
   -7.5000   30.0000   -7.5000 2919.1206    8.8485
    0.0000   30.0000   -7.5000 2965.1113    8.6405
    7.5000   30.0000   -7.5000 2939.1462    8.7638
   -7.5000   37.5000   -7.5000 2923.2356    8.9860
    0.0000   37.5000   -7.5000 2969.8003    8.8411
    7.5000   37.5000   -7.5000 2941.6714    8.9221
   -7.5000   45.0000   -7.5000 2872.7222    9.2687
    0.0000   45.0000   -7.5000 2911.9404    9.1837
    7.5000   45.0000   -7.5000 2887.4951    9.2014
   -7.5000   52.5000   -7.5000 2768.8057    9.6360
    0.0000   52.5000   -7.5000 2803.2666    9.5222
    7.5000   52.5000   -7.5000 2778.1062    9.5467
   -7.5000   60.0000   -7.5000 2608.1497   10.0704
    0.0000   60.0000   -7.5000 2639.2129    9.9402
    7.5000   60.0000   -7.5000 2621.4983    9.9613
   -7.5000   67.5000   -7.5000 2412.6343   10.6138
    0.0000   67.5000   -7.5000 2437.0525   10.4798
    7.5000   67.5000   -7.5000 2419.2004   10.5012
   -7.5000  -22.5000    0.0000 2183.7378   15.2476
    0.0000  -22.5000    0.0000 2201.1316   14.9488
    7.5000  -22.5000    0.0000 2187.9841   15.0998
   -7.5000  -15.0000    0.0000 2313.4192   13.4052
    0.0000  -15.0000    0.0000 2326.1812   13.1233
    7.5000  -15.0000    0.0000 2314.9119   13.2864
   -7.5000   -7.5000    0.0000 2438.8438   11.9616
    0.0000   -7.5000    0.0000 2447.4487   11.7182
    7.5000   -7.5000    0.0000 2436.4805   11.8658
   -7.5000    0.0000    0.0000 2553.2771   10.8218
    0.0000    0.0000    0.0000 2561.2949   10.6148
    7.5000    0.0000    0.0000 2550.7827   10.7455
   -7.5000    7.5000    0.0000 2662.5303    9.9251
    0.0000    7.5000    0.0000 2674.6060    9.7308
    7.5000    7.5000    0.0000 2664.1235    9.8598
   -7.5000   15.0000    0.0000 2764.1890    9.2964
    0.0000   15.0000    0.0000 2782.6279    9.1432
    7.5000   15.0000    0.0000 2774.1226    9.2773
   -7.5000   22.5000    0.0000 2857.0886    8.9907
    0.0000   22.5000    0.0000 2890.7307    8.9191
    7.5000   22.5000    0.0000 2873.5139    8.9677
   -7.5000   30.0000    0.0000 2923.2214    8.9319
    0.0000   30.0000    0.0000 2979.4182    8.8859
    7.5000   30.0000    0.0000 2945.5435    8.9354
   -7.5000   37.5000    0.0000 2930.7075    9.0040
    0.0000   37.5000    0.0000 2985.5220    8.9551
    7.5000   37.5000    0.0000 2950.7551    9.0110
   -7.5000   45.0000    0.0000 2881.0283    9.2241
    0.0000   45.0000    0.0000 2929.2188    9.1391
    7.5000   45.0000    0.0000 2897.5867    9.1760
   -7.5000   52.5000    0.0000 2771.1257    9.6002
    0.0000   52.5000    0.0000 2806.8679    9.4598
    7.5000   52.5000    0.0000 2785.2725    9.4991
   -7.5000   60.0000    0.0000 2611.2231   10.0496
    0.0000   60.0000    0.0000 2638.5994    9.8829
    7.5000   60.0000    0.0000 2624.7368    9.9199
   -7.5000   67.5000    0.0000 2418.0444   10.5767
    0.0000   67.5000    0.0000 2438.5630   10.4070
    7.5000   67.5000    0.0000 2428.5183   10.4444
   -7.5000  -22.5000    7.5000 2148.3723   15.8522
    0.0000  -22.5000    7.5000 2159.5645   15.6233
    7.5000  -22.5000    7.5000 2150.8403   15.7973
   -7.5000  -15.0000    7.5000 2278.6641   13.9185
    0.0000  -15.0000    7.5000 2289.9067   13.7249
    7.5000  -15.0000    7.5000 2279.8960   13.8901
   -7.5000   -7.5000    7.5000 2403.8452   12.4065
    0.0000   -7.5000    7.5000 2415.4373   12.2460
    7.5000   -7.5000    7.5000 2401.7898   12.4173
   -7.5000    0.0000    7.5000 2516.2087   11.1914
    0.0000    0.0000    7.5000 2533.0967   11.0778
    7.5000    0.0000    7.5000 2515.2805   11.2134
   -7.5000    7.5000    7.5000 2633.1506   10.2426
    0.0000    7.5000    7.5000 2652.0518   10.1323
    7.5000    7.5000    7.5000 2631.3945   10.2627
   -7.5000   15.0000    7.5000 2739.6396    9.5645
    0.0000   15.0000    7.5000 2759.8606    9.4538
    7.5000   15.0000    7.5000 2744.8213    9.5823
   -7.5000   22.5000    7.5000 2831.1316    9.1871
    0.0000   22.5000    7.5000 2864.8923    9.0938
    7.5000   22.5000    7.5000 2844.4114    9.1914
   -7.5000   30.0000    7.5000 2897.6931    9.0377
    0.0000   30.0000    7.5000 2942.0251    8.9206
    7.5000   30.0000    7.5000 2913.8342    9.0369
   -7.5000   37.5000    7.5000 2904.0288    9.1380
    0.0000   37.5000    7.5000 2944.1929    8.9865
    7.5000   37.5000    7.5000 2921.9629    9.1005
   -7.5000   45.0000    7.5000 2860.9250    9.4101
    0.0000   45.0000    7.5000 2897.8572    9.2796
    7.5000   45.0000    7.5000 2873.4639    9.3620
   -7.5000   52.5000    7.5000 2752.8643    9.7832
    0.0000   52.5000    7.5000 2785.9346    9.6828
    7.5000   52.5000    7.5000 2765.6394    9.7163
   -7.5000   60.0000    7.5000 2589.9788   10.2096
    0.0000   60.0000    7.5000 2613.3242   10.0920
    7.5000   60.0000    7.5000 2602.1958   10.0961
   -7.5000   67.5000    7.5000 2399.5659   10.6812
    0.0000   67.5000    7.5000 2422.3772   10.5231
    7.5000   67.5000    7.5000 2411.2546   10.5471
   -7.5000  -22.5000   15.0000 2100.3503   16.7212
    0.0000  -22.5000   15.0000 2112.2307   16.6218
    7.5000  -22.5000   15.0000 2101.3159   16.8455
   -7.5000  -15.0000   15.0000 2232.5508   14.5932
    0.0000  -15.0000   15.0000 2245.7727   14.4969
    7.5000  -15.0000   15.0000 2233.9487   14.6512
   -7.5000   -7.5000   15.0000 2360.9282   12.9632
    0.0000   -7.5000   15.0000 2377.9788   12.8591
    7.5000   -7.5000   15.0000 2360.4780   13.0100
   -7.5000    0.0000   15.0000 2479.8408   11.6672
    0.0000    0.0000   15.0000 2499.3589   11.5585
    7.5000    0.0000   15.0000 2477.1367   11.7043
   -7.5000    7.5000   15.0000 2597.3987   10.6783
    0.0000    7.5000   15.0000 2618.3926   10.5391
    7.5000    7.5000   15.0000 2597.6562   10.6966
   -7.5000   15.0000   15.0000 2703.3120   10.0100
    0.0000   15.0000   15.0000 2725.4534    9.8358
    7.5000   15.0000   15.0000 2709.8398   10.0006
   -7.5000   22.5000   15.0000 2789.2024    9.5920
    0.0000   22.5000   15.0000 2822.8872    9.4416
    7.5000   22.5000   15.0000 2800.9158    9.5891
   -7.5000   30.0000   15.0000 2845.9578    9.3894
    0.0000   30.0000   15.0000 2879.8755    9.1941
    7.5000   30.0000   15.0000 2853.3132    9.3879
   -7.5000   37.5000   15.0000 2856.7642    9.4731
    0.0000   37.5000   15.0000 2884.6238    9.2728
    7.5000   37.5000   15.0000 2868.4265    9.4283
   -7.5000   45.0000   15.0000 2814.4233    9.7563
    0.0000   45.0000   15.0000 2841.2903    9.5796
    7.5000   45.0000   15.0000 2826.4951    9.6915
   -7.5000   52.5000   15.0000 2708.2363   10.1418
    0.0000   52.5000   15.0000 2740.5664    9.9958
    7.5000   52.5000   15.0000 2724.0603   10.0537
   -7.5000   60.0000   15.0000 2548.2744   10.5590
    0.0000   60.0000   15.0000 2570.1116   10.4447
    7.5000   60.0000   15.0000 2562.1929   10.4455
   -7.5000   67.5000   15.0000 2367.8354   10.9522
    0.0000   67.5000   15.0000 2387.2231   10.8533
    7.5000   67.5000   15.0000 2374.5107   10.8446
   -7.5000  -22.5000   22.5000 2044.2429   17.7393
    0.0000  -22.5000   22.5000 2052.6980   17.6310
    7.5000  -22.5000   22.5000 2040.6335   17.8428
   -7.5000  -15.0000   22.5000 2184.6785   15.4105
    0.0000  -15.0000   22.5000 2196.1116   15.2284
    7.5000  -15.0000   22.5000 2184.7031   15.4246
   -7.5000   -7.5000   22.5000 2317.3811   13.6404
    0.0000   -7.5000   22.5000 2330.8105   13.4785
    7.5000   -7.5000   22.5000 2316.3264   13.6445
   -7.5000    0.0000   22.5000 2441.3623   12.2938
    0.0000    0.0000   22.5000 2460.1001   12.1265
    7.5000    0.0000   22.5000 2439.4595   12.2998
   -7.5000    7.5000   22.5000 2558.2380   11.2831
    0.0000    7.5000   22.5000 2580.6892   11.0896
    7.5000    7.5000   22.5000 2558.0967   11.2842
   -7.5000   15.0000   22.5000 2659.7473   10.5901
    0.0000   15.0000   22.5000 2684.1248   10.4143
    7.5000   15.0000   22.5000 2665.0630   10.5806
   -7.5000   22.5000   22.5000 2736.2695   10.1621
    0.0000   22.5000   22.5000 2770.8894    9.9696
    7.5000   22.5000   22.5000 2747.0845   10.1403
   -7.5000   30.0000   22.5000 2782.3164    9.9319
    0.0000   30.0000   22.5000 2811.5339    9.7195
    7.5000   30.0000   22.5000 2787.4705    9.8965
   -7.5000   37.5000   22.5000 2787.3091    9.9902
    0.0000   37.5000   22.5000 2814.0544    9.8071
    7.5000   37.5000   22.5000 2798.4255    9.9329
   -7.5000   45.0000   22.5000 2749.8687   10.2733
    0.0000   45.0000   22.5000 2768.1672   10.0896
    7.5000   45.0000   22.5000 2759.2275   10.2106
   -7.5000   52.5000   22.5000 2652.2366   10.6320
    0.0000   52.5000   22.5000 2673.4946   10.4510
    7.5000   52.5000   22.5000 2661.7681   10.5455
   -7.5000   60.0000   22.5000 2497.8799   11.0251
    0.0000   60.0000   22.5000 2520.6746   10.8676
    7.5000   60.0000   22.5000 2509.5854   10.9235
   -7.5000   67.5000   22.5000 2318.7585   11.4231
    0.0000   67.5000   22.5000 2339.4661   11.3148
    7.5000   67.5000   22.5000 2327.6318   11.3223
   -7.5000  -22.5000   30.0000 1984.9677   18.9378
    0.0000  -22.5000   30.0000 1990.2803   18.7145
    7.5000  -22.5000   30.0000 1980.3699   18.9713
   -7.5000  -15.0000   30.0000 2129.7334   16.3877
    0.0000  -15.0000   30.0000 2143.9968   16.1808
    7.5000  -15.0000   30.0000 2131.6113   16.3787
   -7.5000   -7.5000   30.0000 2266.1360   14.5029
    0.0000   -7.5000   30.0000 2284.4221   14.2879
    7.5000   -7.5000   30.0000 2265.7737   14.4954
   -7.5000    0.0000   30.0000 2395.2263   13.0903
    0.0000    0.0000   30.0000 2414.7622   12.8688
    7.5000    0.0000   30.0000 2390.8677   13.0749
   -7.5000    7.5000   30.0000 2508.9839   12.0676
    0.0000    7.5000   30.0000 2531.1885   11.8581
    7.5000    7.5000   30.0000 2505.1606   12.0522
   -7.5000   15.0000   30.0000 2599.5632   11.3470
    0.0000   15.0000   30.0000 2632.4409   11.1537
    7.5000   15.0000   30.0000 2605.3687   11.3119
   -7.5000   22.5000   30.0000 2668.8733   10.8816
    0.0000   22.5000   30.0000 2705.2083   10.6603
    7.5000   22.5000   30.0000 2678.4417   10.8316
   -7.5000   30.0000   30.0000 2706.8350   10.6142
    0.0000   30.0000   30.0000 2733.6428   10.4162
    7.5000   30.0000   30.0000 2712.9524   10.5698
   -7.5000   37.5000   30.0000 2706.4070   10.6498
    0.0000   37.5000   30.0000 2733.6597   10.4744
    7.5000   37.5000   30.0000 2713.8491   10.5955
   -7.5000   45.0000   30.0000 2667.7087   10.9235
    0.0000   45.0000   30.0000 2685.7019   10.7415
    7.5000   45.0000   30.0000 2678.6421   10.8598
   -7.5000   52.5000   30.0000 2577.3555   11.2516
    0.0000   52.5000   30.0000 2596.0835   11.0775
    7.5000   52.5000   30.0000 2585.5300   11.1813
   -7.5000   60.0000   30.0000 2436.9153   11.6154
    0.0000   60.0000   30.0000 2454.9219   11.4318
    7.5000   60.0000   30.0000 2443.2705   11.5165
   -7.5000   67.5000   30.0000 2264.8701   11.9859
    0.0000   67.5000   30.0000 2283.5161   11.8500
    7.5000   67.5000   30.0000 2273.4094   11.8951
   -7.5000  -22.5000   37.5000 1918.9403   20.3886
    0.0000  -22.5000   37.5000 1929.8467   20.2003
    7.5000  -22.5000   37.5000 1915.9280   20.5210
   -7.5000  -15.0000   37.5000 2073.0713   17.5928
    0.0000  -15.0000   37.5000 2087.4536   17.3950
    7.5000  -15.0000   37.5000 2072.3455   17.6406
   -7.5000   -7.5000   37.5000 2212.4370   15.5604
    0.0000   -7.5000   37.5000 2228.9365   15.3290
    7.5000   -7.5000   37.5000 2207.8853   15.5609
   -7.5000    0.0000   37.5000 2339.1902   14.0723
    0.0000    0.0000   37.5000 2357.3313   13.8461
    7.5000    0.0000   37.5000 2333.7791   14.0645
   -7.5000    7.5000   37.5000 2447.1926   13.0001
    0.0000    7.5000   37.5000 2471.3074   12.7968
    7.5000    7.5000   37.5000 2442.0547   12.9925
   -7.5000   15.0000   37.5000 2530.9072   12.2512
    0.0000   15.0000   37.5000 2560.1646   12.0329
    7.5000   15.0000   37.5000 2532.6912   12.2116
   -7.5000   22.5000   37.5000 2593.9424   11.7419
    0.0000   22.5000   37.5000 2623.9827   11.5244
    7.5000   22.5000   37.5000 2596.0596   11.6916
   -7.5000   30.0000   37.5000 2621.7004   11.4627
    0.0000   30.0000   37.5000 2646.9839   11.2760
    7.5000   30.0000   37.5000 2625.3015   11.4275
   -7.5000   37.5000   37.5000 2615.6934   11.4691
    0.0000   37.5000   37.5000 2643.5369   11.3020
    7.5000   37.5000   37.5000 2623.0203   11.4167
   -7.5000   45.0000   37.5000 2577.5369   11.7181
    0.0000   45.0000   37.5000 2598.6536   11.5474
    7.5000   45.0000   37.5000 2588.6987   11.6547
   -7.5000   52.5000   37.5000 2498.4939   11.9967
    0.0000   52.5000   37.5000 2513.7910   11.8302
    7.5000   52.5000   37.5000 2505.1995   11.9455
   -7.5000   60.0000   37.5000 2368.7527   12.3266
    0.0000   60.0000   37.5000 2390.3364   12.1299
    7.5000   60.0000   37.5000 2377.1726   12.2311
   -7.5000   67.5000   37.5000 2205.1433   12.6784
    0.0000   67.5000   37.5000 2227.7996   12.5107
    7.5000   67.5000   37.5000 2212.0889   12.5802
   -7.5000  -22.5000   45.0000 1847.8693   22.1916
    0.0000  -22.5000   45.0000 1864.0979   22.0035
    7.5000  -22.5000   45.0000 1847.5449   22.4201
   -7.5000  -15.0000   45.0000 2006.3651   19.1254
    0.0000  -15.0000   45.0000 2021.5635   18.8652
    7.5000  -15.0000   45.0000 2004.6643   19.2013
   -7.5000   -7.5000   45.0000 2144.8462   16.9235
    0.0000   -7.5000   45.0000 2159.9678   16.6716
    7.5000   -7.5000   45.0000 2139.9207   16.9549
   -7.5000    0.0000   45.0000 2267.7771   15.3125
    0.0000    0.0000   45.0000 2289.0005   15.0831
    7.5000    0.0000   45.0000 2259.1975   15.3192
   -7.5000    7.5000   45.0000 2371.7173   14.1413
    0.0000    7.5000   45.0000 2398.8987   13.9388
    7.5000    7.5000   45.0000 2364.7397   14.1624
   -7.5000   15.0000   45.0000 2449.8799   13.3284
    0.0000   15.0000   45.0000 2479.5317   13.1137
    7.5000   15.0000   45.0000 2448.3137   13.3117
   -7.5000   22.5000   45.0000 2503.4741   12.7751
    0.0000   22.5000   45.0000 2528.5544   12.5949
    7.5000   22.5000   45.0000 2502.8298   12.7492
   -7.5000   30.0000   45.0000 2523.2798   12.4567
    0.0000   30.0000   45.0000 2546.1731   12.2962
    7.5000   30.0000   45.0000 2526.8157   12.4457
   -7.5000   37.5000   45.0000 2517.4395   12.4300
    0.0000   37.5000   45.0000 2543.1204   12.2920
    7.5000   37.5000   45.0000 2525.6321   12.4075
   -7.5000   45.0000   45.0000 2480.5532   12.6483
    0.0000   45.0000   45.0000 2499.8494   12.4981
    7.5000   45.0000   45.0000 2488.5632   12.6161
   -7.5000   52.5000   45.0000 2407.8623   12.9018
    0.0000   52.5000   45.0000 2423.8699   12.7508
    7.5000   52.5000   45.0000 2415.0740   12.8793
   -7.5000   60.0000   45.0000 2290.7351   13.1789
    0.0000   60.0000   45.0000 2314.8169   12.9755
    7.5000   60.0000   45.0000 2298.1438   13.0923
   -7.5000   67.5000   45.0000 2139.8208   13.4967
    0.0000   67.5000   45.0000 2161.8792   13.3066
    7.5000   67.5000   45.0000 2148.4680   13.3634

---------------------------------------------------------------------
imgreg_4dfp /opt/freesurfer/average/711-2C_as_mni_average_305 /opt/freesurfer/average/711-2B_as_mni_average_305_mask talsrcimg_g11 none talsrcimg_to_711-2C_as_mni_average_305_t4 1283
---------------------------------------------------------------------

freesurfer imgreg_4dfp.c
/opt/freesurfer/average/711-2C_as_mni_average_305.4dfp.img
       256       256       256         1
  1.000000  1.000000  1.000000
orientation T byte_order littleendian
Reading image: /opt/freesurfer/average/711-2C_as_mni_average_305.4dfp.img
dimensions:      256       256       256
mmppix:       1.0000   -1.0000   -1.0000
center:     128.0000 -129.0000 -129.0000
/opt/freesurfer/average/711-2B_as_mni_average_305_mask.4dfp.img
       256       256       256         1
  1.000000  1.000000  1.000000
orientation T byte_order littleendian
Reading mask: /opt/freesurfer/average/711-2B_as_mni_average_305_mask.4dfp.img (2306576 pixels)
talsrcimg_g11.4dfp.img
       256       256       256         1
  1.000000  1.000000  1.000000
orientation T byte_order littleendian
Reading image: talsrcimg_g11.4dfp.img
dimensions:      256       256       256
mmppix:       1.0000   -1.0000   -1.0000
center:     128.0000 -129.0000 -129.0000
rotation matrix determinant  1.000000
fimgreg.f
image alignment mode   1283 decimal      503 hex
parameters
    0.0000   37.5000    0.0000    0.0000    0.0000    0.0000
eta,q 0.93858  8.90645
niter,ni,del,rscale     5    3   12.0000    1.2000
parameter  2  0.650962 ->  0.500000 qaram    1.1500
parameter  4  1.704711 ->  0.500000 qaram    1.1500
parameters
    1.2107   34.0500   -1.4682   -3.4500    0.8410    1.4203
eta,q 0.94499  8.89140
  0.0751  0.0608  0.0634  0.0542  0.0612  0.0613
  0.0710  0.0597  0.0603  0.0553  0.0579  0.0596
  0.0676  0.0605  0.0593  0.0572  0.0563  0.0576
  0.0637  0.0627  0.0600  0.0591  0.0558  0.0556
  0.0634  0.0659  0.0616  0.0606  0.0558  0.0550
  0.0662  0.0707  0.0649  0.0632  0.0568  0.0562
  0.0695  0.0768  0.0699  0.0671  0.0585  0.0584
niter,ni,del,rscale     6    3   12.0000    1.2000
parameter  4  0.662116 ->  0.500000 qaram    1.3225
parameters
    0.8220   34.9447   -1.9490   -7.4175    0.9764    1.2371
eta,q 0.94768  8.83804
  0.0664  0.0705  0.0608  0.0536  0.0575  0.0572
  0.0609  0.0641  0.0572  0.0523  0.0543  0.0542
  0.0569  0.0591  0.0552  0.0529  0.0529  0.0525
  0.0550  0.0551  0.0546  0.0545  0.0524  0.0523
  0.0572  0.0555  0.0560  0.0574  0.0529  0.0533
  0.0633  0.0601  0.0587  0.0602  0.0544  0.0552
  0.0698  0.0647  0.0631  0.0639  0.0568  0.0572
niter,ni,del,rscale     6    3   12.0000    1.2000
parameters
    0.8453   36.3038   -2.8463   -8.2438    0.9260    1.3751
eta,q 0.94935  8.81044
  0.0655  0.0732  0.0573  0.0593  0.0559  0.0562
  0.0597  0.0652  0.0525  0.0541  0.0529  0.0533
  0.0550  0.0568  0.0506  0.0507  0.0512  0.0514
  0.0523  0.0523  0.0518  0.0510  0.0507  0.0507
  0.0538  0.0525  0.0539  0.0535  0.0515  0.0514
  0.0593  0.0568  0.0564  0.0577  0.0532  0.0534
  0.0659  0.0620  0.0605  0.0623  0.0558  0.0555
niter,ni,del,rscale     5    3   12.0000    1.2000
parameters
    0.8606   36.8544   -2.8562   -8.9162    0.8607    1.4602
eta,q 0.94945  8.81233
  0.0644  0.0693  0.0598  0.0591  0.0557  0.0557
  0.0581  0.0606  0.0541  0.0549  0.0529  0.0530
  0.0533  0.0531  0.0505  0.0507  0.0511  0.0513
  0.0506  0.0506  0.0508  0.0508  0.0506  0.0506
  0.0523  0.0531  0.0527  0.0530  0.0515  0.0513
  0.0579  0.0587  0.0550  0.0572  0.0532  0.0531
  0.0646  0.0631  0.0586  0.0620  0.0557  0.0552
niter,ni,del,rscale     4    3   12.0000    1.2000
parameters
    0.8742   37.2413   -2.8974   -9.4483    0.7959    1.4952
eta,q 0.94949  8.81045
  0.0643  0.0684  0.0598  0.0589  0.0556  0.0555
  0.0580  0.0596  0.0539  0.0556  0.0529  0.0529
  0.0531  0.0522  0.0503  0.0508  0.0512  0.0513
  0.0506  0.0505  0.0507  0.0507  0.0505  0.0505
  0.0523  0.0536  0.0527  0.0526  0.0515  0.0512
  0.0578  0.0591  0.0549  0.0567  0.0532  0.0531
  0.0645  0.0631  0.0588  0.0617  0.0556  0.0552
niter,ni,del,rscale     3    3   12.0000    1.2000
parameters
    0.8902   37.5194   -2.9549   -9.8705    0.7467    1.5299
eta,q 0.94947  8.80852
  0.0643  0.0678  0.0599  0.0588  0.0556  0.0555
  0.0580  0.0589  0.0539  0.0561  0.0530  0.0530
  0.0531  0.0518  0.0503  0.0511  0.0512  0.0513
  0.0505  0.0505  0.0507  0.0506  0.0505  0.0505
  0.0523  0.0540  0.0527  0.0524  0.0515  0.0512
  0.0578  0.0593  0.0549  0.0562  0.0532  0.0530
  0.0645  0.0631  0.0589  0.0614  0.0556  0.0553
niter,ni,del,rscale     2    3   12.0000    1.2000
parameters
    0.9033   37.7200   -2.9957  -10.1765    0.7082    1.5407
eta,q 0.94943  8.80745
  0.0643  0.0672  0.0600  0.0588  0.0556  0.0554
  0.0580  0.0586  0.0540  0.0564  0.0531  0.0530
  0.0532  0.0516  0.0503  0.0514  0.0513  0.0513
  0.0505  0.0505  0.0507  0.0506  0.0506  0.0506
  0.0523  0.0542  0.0526  0.0523  0.0515  0.0512
  0.0578  0.0593  0.0549  0.0559  0.0532  0.0530
  0.0646  0.0633  0.0590  0.0611  0.0556  0.0554
niter,ni,del,rscale     1    3   12.0000    1.2000
parameters
    0.9141   37.8581   -3.0245  -10.3884    0.6845    1.5488
eta,q 0.94939  8.80687
  0.0643  0.0668  0.0600  0.0589  0.0556  0.0554
  0.0580  0.0583  0.0540  0.0566  0.0532  0.0531
  0.0532  0.0515  0.0504  0.0516  0.0514  0.0514
  0.0506  0.0506  0.0507  0.0506  0.0506  0.0506
  0.0523  0.0544  0.0527  0.0522  0.0515  0.0513
  0.0578  0.0593  0.0549  0.0556  0.0533  0.0530
  0.0646  0.0634  0.0590  0.0609  0.0556  0.0554
registration optimization eta report
parameter search radius
    6.0000    6.9000    6.0000    7.9350    6.0000    6.0000
100000*second partial in parameter space
       37.       30.       25.       14.       13.       13.
  0.0643  0.0668  0.0600  0.0589  0.0556  0.0554
  0.0580  0.0583  0.0540  0.0566  0.0532  0.0531
  0.0532  0.0515  0.0504  0.0516  0.0514  0.0514
  0.0506  0.0506  0.0507  0.0506  0.0506  0.0506
  0.0523  0.0544  0.0527  0.0522  0.0515  0.0513
  0.0578  0.0593  0.0549  0.0556  0.0533  0.0530
  0.0646  0.0634  0.0590  0.0609  0.0556  0.0554
    0.9141   37.8581   -3.0245  -10.3884    0.6845    1.5488
eta,q 0.94939  8.80687

---------------------------------------------------------------------
imgreg_4dfp /opt/freesurfer/average/711-2C_as_mni_average_305 /opt/freesurfer/average/711-2B_as_mni_average_305_mask talsrcimg_g11 none talsrcimg_to_711-2C_as_mni_average_305_t4 3335
---------------------------------------------------------------------

freesurfer imgreg_4dfp.c
/opt/freesurfer/average/711-2C_as_mni_average_305.4dfp.img
       256       256       256         1
  1.000000  1.000000  1.000000
orientation T byte_order littleendian
Reading image: /opt/freesurfer/average/711-2C_as_mni_average_305.4dfp.img
dimensions:      256       256       256
mmppix:       1.0000   -1.0000   -1.0000
center:     128.0000 -129.0000 -129.0000
/opt/freesurfer/average/711-2B_as_mni_average_305_mask.4dfp.img
       256       256       256         1
  1.000000  1.000000  1.000000
orientation T byte_order littleendian
Reading mask: /opt/freesurfer/average/711-2B_as_mni_average_305_mask.4dfp.img (2306576 pixels)
talsrcimg_g11.4dfp.img
       256       256       256         1
  1.000000  1.000000  1.000000
orientation T byte_order littleendian
Reading image: talsrcimg_g11.4dfp.img
dimensions:      256       256       256
mmppix:       1.0000   -1.0000   -1.0000
center:     128.0000 -129.0000 -129.0000
fimgreg.f
image alignment mode   3335 decimal      D07 hex
parameters
    0.9141   37.8581   -3.0245   -0.0437   -1.6693   -1.6462
   -2.4431   -1.6621    2.7026   17.9937    1.1947  -18.0308
eta,q 0.94986  8.84837
niter,ni,del,rscale     5    3    5.0000    1.2000
parameter  4  1.161696 ->  0.500000 qaram    1.1500
parameter  5  2.258394 ->  0.500000 qaram    1.1500
parameter 12 -0.620480 -> -0.500000 qaram    1.1500
parameters
    0.6831   37.6839   -3.5678   -4.1837   -5.8093   -3.1860
   -2.3454   -1.4484    2.4645   17.0079    2.3928  -13.8908
eta,q 0.95911  8.55822
  0.0521  0.0513  0.0510  0.0464  0.0393  0.0435  0.0444  0.0460  0.0438  0.0441  0.0431  0.0444
  0.0510  0.0505  0.0503  0.0465  0.0407  0.0428  0.0428  0.0438  0.0426  0.0426  0.0423  0.0431
  0.0503  0.0502  0.0501  0.0477  0.0432  0.0418  0.0418  0.0421  0.0418  0.0417  0.0418  0.0421
  0.0501  0.0501  0.0501  0.0500  0.0467  0.0412  0.0415  0.0415  0.0415  0.0415  0.0414  0.0414
  0.0506  0.0504  0.0505  0.0530  0.0503  0.0420  0.0418  0.0420  0.0418  0.0423  0.0414  0.0410
  0.0515  0.0508  0.0513  0.0562  0.0540  0.0446  0.0427  0.0434  0.0427  0.0439  0.0417  0.0409
  0.0530  0.0517  0.0523  0.0596  0.0582  0.0482  0.0442  0.0455  0.0441  0.0458  0.0423  0.0410
niter,ni,del,rscale     7    3    5.0000    1.2000
parameter  3  0.693944 ->  0.500000 qaram    1.1500
parameter  5  0.736362 ->  0.500000 qaram    1.3225
parameters
    0.6771   38.4156   -4.9478   -5.9460  -10.5703   -4.6742
   -1.2377   -1.7198    2.4643   17.4954    3.2799  -13.8916
eta,q 0.96216  8.26931
  0.0440  0.0449  0.0403  0.0432  0.0379  0.0391  0.0411  0.0416  0.0399  0.0405  0.0388  0.0388
  0.0423  0.0430  0.0401  0.0414  0.0377  0.0388  0.0397  0.0396  0.0388  0.0392  0.0383  0.0382
  0.0412  0.0416  0.0403  0.0401  0.0382  0.0382  0.0386  0.0382  0.0381  0.0384  0.0380  0.0379
  0.0409  0.0409  0.0407  0.0401  0.0399  0.0377  0.0380  0.0379  0.0379  0.0379  0.0379  0.0378
  0.0412  0.0407  0.0414  0.0416  0.0428  0.0379  0.0380  0.0386  0.0381  0.0380  0.0379  0.0380
  0.0423  0.0410  0.0424  0.0443  0.0468  0.0397  0.0386  0.0400  0.0388  0.0387  0.0381  0.0383
  0.0440  0.0418  0.0436  0.0477  0.0511  0.0428  0.0397  0.0421  0.0399  0.0400  0.0384  0.0387
niter,ni,del,rscale     7    3    5.0000    1.2000
parameter  3  0.770079 ->  0.500000 qaram    1.3225
parameter 10 -0.598591 -> -0.500000 qaram    1.1500
parameters
    0.5517   39.3184   -6.5348   -5.7651  -14.5531   -7.5315
   -0.0352   -2.2547    3.0395   21.6354    1.8041  -12.7317
eta,q 0.96429  7.95112
  0.0404  0.0416  0.0370  0.0412  0.0373  0.0367  0.0389  0.0394  0.0381  0.0397  0.0362  0.0369
  0.0390  0.0399  0.0368  0.0395  0.0368  0.0366  0.0378  0.0377  0.0373  0.0383  0.0359  0.0364
  0.0381  0.0386  0.0370  0.0378  0.0365  0.0365  0.0370  0.0367  0.0367  0.0372  0.0358  0.0359
  0.0378  0.0378  0.0376  0.0368  0.0368  0.0365  0.0365  0.0365  0.0364  0.0364  0.0358  0.0357
  0.0383  0.0376  0.0384  0.0371  0.0383  0.0371  0.0365  0.0370  0.0365  0.0359  0.0360  0.0358
  0.0394  0.0378  0.0395  0.0387  0.0416  0.0390  0.0369  0.0384  0.0369  0.0358  0.0364  0.0360
  0.0411  0.0384  0.0406  0.0414  0.0458  0.0421  0.0378  0.0403  0.0377  0.0361  0.0369  0.0364
niter,ni,del,rscale     7    3    5.0000    1.2000
parameter  2 -0.535111 -> -0.500000 qaram    1.1500
parameter  3  0.556752 ->  0.500000 qaram    1.5209
parameters
    0.2791   40.6984   -8.3599   -6.3644  -18.5120  -10.5294
    0.9176   -2.3482    4.2059   24.3714    1.6820  -12.5419
eta,q 0.96629  7.62577
  0.0378  0.0395  0.0350  0.0376  0.0348  0.0345  0.0359  0.0372  0.0364  0.0378  0.0345  0.0346
  0.0365  0.0378  0.0346  0.0365  0.0344  0.0343  0.0352  0.0356  0.0353  0.0361  0.0341  0.0341
  0.0358  0.0366  0.0346  0.0352  0.0343  0.0342  0.0346  0.0345  0.0346  0.0348  0.0338  0.0338
  0.0357  0.0357  0.0352  0.0346  0.0346  0.0343  0.0342  0.0341  0.0341  0.0340  0.0337  0.0337
  0.0362  0.0352  0.0361  0.0351  0.0355  0.0351  0.0341  0.0345  0.0341  0.0337  0.0338  0.0338
  0.0373  0.0352  0.0375  0.0367  0.0375  0.0370  0.0345  0.0356  0.0345  0.0339  0.0341  0.0341
  0.0390  0.0356  0.0390  0.0392  0.0409  0.0400  0.0353  0.0374  0.0354  0.0348  0.0346  0.0345
niter,ni,del,rscale     7    3    5.0000    1.2000
parameters
    0.0934   41.2830   -9.1453   -6.9270  -20.1790  -12.3435
    0.4295   -2.2360    3.8773   25.3067    2.7518  -12.6037
eta,q 0.96636  7.48093
  0.0359  0.0373  0.0349  0.0360  0.0350  0.0343  0.0350  0.0369  0.0353  0.0363  0.0346  0.0344
  0.0347  0.0356  0.0339  0.0351  0.0341  0.0340  0.0344  0.0353  0.0344  0.0350  0.0342  0.0339
  0.0339  0.0343  0.0335  0.0341  0.0336  0.0338  0.0339  0.0342  0.0339  0.0341  0.0338  0.0337
  0.0337  0.0337  0.0336  0.0334  0.0335  0.0335  0.0337  0.0337  0.0337  0.0337  0.0337  0.0336
  0.0342  0.0337  0.0343  0.0339  0.0339  0.0338  0.0339  0.0340  0.0339  0.0338  0.0337  0.0337
  0.0352  0.0342  0.0353  0.0352  0.0350  0.0348  0.0346  0.0350  0.0346  0.0343  0.0338  0.0340
  0.0367  0.0351  0.0367  0.0374  0.0372  0.0370  0.0356  0.0368  0.0357  0.0354  0.0342  0.0344
niter,ni,del,rscale     6    3    5.0000    1.2000
parameters
    0.0631   41.5224   -9.4503   -7.1203  -20.5579  -13.4104
    0.3664   -2.2308    3.6856   25.5211    3.5249  -12.6034
eta,q 0.96623  7.42784
  0.0360  0.0365  0.0353  0.0359  0.0355  0.0344  0.0352  0.0368  0.0354  0.0360  0.0346  0.0345
  0.0347  0.0350  0.0342  0.0351  0.0345  0.0342  0.0345  0.0353  0.0345  0.0347  0.0342  0.0340
  0.0339  0.0340  0.0337  0.0343  0.0339  0.0339  0.0340  0.0342  0.0340  0.0340  0.0339  0.0338
  0.0336  0.0336  0.0336  0.0336  0.0336  0.0336  0.0338  0.0338  0.0338  0.0338  0.0338  0.0338
  0.0339  0.0338  0.0340  0.0338  0.0338  0.0336  0.0339  0.0340  0.0340  0.0340  0.0338  0.0338
  0.0348  0.0345  0.0347  0.0348  0.0345  0.0343  0.0345  0.0351  0.0346  0.0346  0.0340  0.0341
  0.0361  0.0356  0.0358  0.0367  0.0361  0.0358  0.0353  0.0369  0.0356  0.0357  0.0343  0.0344
niter,ni,del,rscale     5    3    5.0000    1.2000
parameters
    0.0275   41.6578   -9.5662   -7.1881  -20.7708  -13.9097
    0.4285   -2.2815    3.5510   25.6005    3.9183  -12.5877
eta,q 0.96617  7.40343
  0.0360  0.0364  0.0354  0.0360  0.0357  0.0345  0.0352  0.0367  0.0354  0.0359  0.0345  0.0345
  0.0348  0.0349  0.0344  0.0352  0.0347  0.0342  0.0346  0.0353  0.0346  0.0347  0.0342  0.0341
  0.0340  0.0341  0.0339  0.0345  0.0340  0.0340  0.0341  0.0343  0.0340  0.0340  0.0340  0.0339
  0.0338  0.0338  0.0338  0.0338  0.0338  0.0338  0.0338  0.0338  0.0338  0.0338  0.0338  0.0338
  0.0341  0.0340  0.0340  0.0339  0.0340  0.0336  0.0339  0.0341  0.0340  0.0341  0.0339  0.0339
  0.0349  0.0347  0.0346  0.0348  0.0346  0.0341  0.0344  0.0352  0.0346  0.0347  0.0341  0.0341
  0.0361  0.0358  0.0356  0.0365  0.0360  0.0352  0.0353  0.0370  0.0356  0.0358  0.0344  0.0344
niter,ni,del,rscale     4    3    5.0000    1.2000
parameters
   -0.0030   41.7136   -9.5971   -7.2204  -20.8853  -14.0761
    0.4879   -2.3260    3.4738   25.6389    4.0832  -12.5547
eta,q 0.96615  7.39353
  0.0360  0.0363  0.0354  0.0360  0.0357  0.0346  0.0352  0.0367  0.0355  0.0359  0.0345  0.0345
  0.0348  0.0349  0.0345  0.0352  0.0347  0.0343  0.0346  0.0353  0.0346  0.0347  0.0342  0.0341
  0.0341  0.0341  0.0340  0.0345  0.0341  0.0341  0.0341  0.0343  0.0341  0.0340  0.0340  0.0339
  0.0338  0.0338  0.0338  0.0338  0.0338  0.0338  0.0339  0.0338  0.0339  0.0339  0.0339  0.0339
  0.0341  0.0341  0.0340  0.0339  0.0340  0.0336  0.0340  0.0341  0.0340  0.0341  0.0339  0.0339
  0.0349  0.0349  0.0346  0.0348  0.0346  0.0340  0.0345  0.0352  0.0346  0.0347  0.0341  0.0341
  0.0361  0.0360  0.0355  0.0365  0.0360  0.0350  0.0353  0.0370  0.0356  0.0358  0.0345  0.0345
niter,ni,del,rscale     3    3    5.0000    1.2000
parameters
   -0.0206   41.7290   -9.5985   -7.2408  -20.9387  -14.1138
    0.5200   -2.3497    3.4351   25.6557    4.1686  -12.5183
eta,q 0.96614  7.38971
  0.0360  0.0362  0.0355  0.0360  0.0358  0.0346  0.0352  0.0367  0.0355  0.0359  0.0345  0.0345
  0.0349  0.0349  0.0346  0.0352  0.0348  0.0343  0.0346  0.0353  0.0346  0.0347  0.0342  0.0341
  0.0341  0.0341  0.0340  0.0345  0.0341  0.0341  0.0341  0.0343  0.0341  0.0340  0.0340  0.0339
  0.0339  0.0339  0.0339  0.0339  0.0339  0.0339  0.0339  0.0339  0.0339  0.0339  0.0339  0.0339
  0.0341  0.0342  0.0340  0.0340  0.0340  0.0337  0.0340  0.0341  0.0340  0.0341  0.0339  0.0339
  0.0349  0.0349  0.0346  0.0348  0.0346  0.0340  0.0345  0.0352  0.0346  0.0348  0.0341  0.0341
  0.0361  0.0360  0.0355  0.0365  0.0360  0.0350  0.0353  0.0369  0.0356  0.0358  0.0345  0.0345
niter,ni,del,rscale     2    3    5.0000    1.2000
parameters
   -0.0301   41.7293   -9.5967   -7.2470  -20.9602  -14.1285
    0.5388   -2.3644    3.4170   25.6437    4.2065  -12.4965
eta,q 0.96614  7.38785
  0.0360  0.0362  0.0355  0.0360  0.0358  0.0346  0.0352  0.0367  0.0355  0.0359  0.0345  0.0345
  0.0349  0.0348  0.0346  0.0352  0.0348  0.0343  0.0346  0.0354  0.0347  0.0347  0.0342  0.0341
  0.0341  0.0341  0.0341  0.0345  0.0341  0.0341  0.0341  0.0343  0.0341  0.0340  0.0340  0.0339
  0.0339  0.0339  0.0339  0.0339  0.0339  0.0339  0.0339  0.0339  0.0339  0.0339  0.0339  0.0339
  0.0341  0.0342  0.0340  0.0340  0.0340  0.0337  0.0340  0.0341  0.0340  0.0341  0.0339  0.0339
  0.0349  0.0350  0.0346  0.0348  0.0346  0.0340  0.0345  0.0352  0.0346  0.0348  0.0341  0.0341
  0.0361  0.0361  0.0355  0.0365  0.0360  0.0350  0.0353  0.0369  0.0356  0.0358  0.0345  0.0345
registration optimization eta report
parameter search radius
    2.4000    2.7600    3.6501    8.2800    9.5220    7.2000
    7.2000    7.2000    7.2000    8.2800    7.2000    8.2800
100000*second partial in parameter space
       38.       30.       12.        3.        2.        2.
        3.        6.        3.        3.        1.        1.
  0.0360  0.0362  0.0355  0.0360  0.0358  0.0346  0.0352  0.0367  0.0355  0.0359  0.0345  0.0345
  0.0349  0.0348  0.0346  0.0352  0.0348  0.0343  0.0346  0.0354  0.0347  0.0347  0.0342  0.0341
  0.0341  0.0341  0.0341  0.0345  0.0341  0.0341  0.0341  0.0343  0.0341  0.0340  0.0340  0.0339
  0.0339  0.0339  0.0339  0.0339  0.0339  0.0339  0.0339  0.0339  0.0339  0.0339  0.0339  0.0339
  0.0341  0.0342  0.0340  0.0340  0.0340  0.0337  0.0340  0.0341  0.0340  0.0341  0.0339  0.0339
  0.0349  0.0350  0.0346  0.0348  0.0346  0.0340  0.0345  0.0352  0.0346  0.0348  0.0341  0.0341
  0.0361  0.0361  0.0355  0.0365  0.0360  0.0350  0.0353  0.0369  0.0356  0.0358  0.0345  0.0345
   -0.0301   41.7293   -9.5967   -7.2470  -20.9602  -14.1285
    0.5388   -2.3644    3.4170   25.6437    4.2065  -12.4965
eta,q 0.96614  7.38785

---------------------------------------------------------------------
imgreg_4dfp /opt/freesurfer/average/711-2C_as_mni_average_305 /opt/freesurfer/average/711-2B_as_mni_average_305_mask talsrcimg_g11 none talsrcimg_to_711-2C_as_mni_average_305_t4 2311
---------------------------------------------------------------------

freesurfer imgreg_4dfp.c
/opt/freesurfer/average/711-2C_as_mni_average_305.4dfp.img
       256       256       256         1
  1.000000  1.000000  1.000000
orientation T byte_order littleendian
Reading image: /opt/freesurfer/average/711-2C_as_mni_average_305.4dfp.img
dimensions:      256       256       256
mmppix:       1.0000   -1.0000   -1.0000
center:     128.0000 -129.0000 -129.0000
/opt/freesurfer/average/711-2B_as_mni_average_305_mask.4dfp.img
       256       256       256         1
  1.000000  1.000000  1.000000
orientation T byte_order littleendian
Reading mask: /opt/freesurfer/average/711-2B_as_mni_average_305_mask.4dfp.img (2306576 pixels)
talsrcimg_g11.4dfp.img
       256       256       256         1
  1.000000  1.000000  1.000000
orientation T byte_order littleendian
Reading image: talsrcimg_g11.4dfp.img
dimensions:      256       256       256
mmppix:       1.0000   -1.0000   -1.0000
center:     128.0000 -129.0000 -129.0000
fimgreg.f
image alignment mode   2311 decimal      907 hex
parameters
   -0.0301   41.7293   -9.5967   -7.2470  -20.9602  -14.1285
    0.5388   -2.3644    3.4170   25.6437    4.2065  -12.4965
eta,q 0.96614  7.38785
niter,ni,del,rscale     5    3    5.0000    0.8000
parameters
   -0.0331   41.6496   -9.5006   -6.3167  -20.6441  -12.0417
    0.6635   -2.8074    3.3058   25.6589    2.8285  -13.3361
eta,q 0.96645  7.51082
  0.0349  0.0346  0.0342  0.0350  0.0343  0.0343  0.0343  0.0350  0.0343  0.0344  0.0338  0.0337
  0.0343  0.0342  0.0340  0.0347  0.0340  0.0341  0.0340  0.0342  0.0339  0.0339  0.0336  0.0336
  0.0340  0.0339  0.0339  0.0342  0.0339  0.0339  0.0337  0.0337  0.0337  0.0337  0.0336  0.0336
  0.0339  0.0339  0.0339  0.0339  0.0338  0.0338  0.0336  0.0336  0.0336  0.0336  0.0336  0.0336
  0.0340  0.0340  0.0339  0.0338  0.0338  0.0337  0.0337  0.0339  0.0337  0.0337  0.0337  0.0336
  0.0343  0.0343  0.0340  0.0340  0.0340  0.0336  0.0339  0.0346  0.0340  0.0339  0.0339  0.0337
  0.0349  0.0347  0.0341  0.0345  0.0342  0.0339  0.0343  0.0356  0.0344  0.0344  0.0342  0.0339
niter,ni,del,rscale     4    3    5.0000    0.7000
parameters
    0.0044   41.4609   -9.6089   -6.0973  -19.5478  -11.5644
    0.8586   -2.8559    3.6030   25.6558    1.9306  -13.7379
eta,q 0.96661  7.58760
  0.0345  0.0340  0.0338  0.0346  0.0340  0.0341  0.0340  0.0348  0.0341  0.0341  0.0336  0.0336
  0.0340  0.0337  0.0336  0.0341  0.0338  0.0340  0.0337  0.0340  0.0338  0.0337  0.0335  0.0335
  0.0337  0.0336  0.0335  0.0337  0.0336  0.0337  0.0335  0.0336  0.0335  0.0335  0.0334  0.0334
  0.0335  0.0335  0.0335  0.0335  0.0335  0.0335  0.0334  0.0334  0.0334  0.0334  0.0334  0.0334
  0.0336  0.0337  0.0336  0.0336  0.0335  0.0334  0.0335  0.0336  0.0335  0.0335  0.0335  0.0334
  0.0339  0.0339  0.0337  0.0339  0.0335  0.0336  0.0336  0.0341  0.0336  0.0337  0.0337  0.0335
  0.0344  0.0343  0.0339  0.0344  0.0337  0.0341  0.0339  0.0348  0.0340  0.0341  0.0339  0.0336
niter,ni,del,rscale     3    3    5.0000    0.6000
parameters
    0.0294   41.4736   -9.6761   -5.9967  -19.1817  -11.1019
    0.8389   -2.9007    3.7933   25.7567    1.4178  -14.2095
eta,q 0.96667  7.63184
  0.0341  0.0339  0.0336  0.0343  0.0338  0.0340  0.0338  0.0344  0.0339  0.0339  0.0335  0.0334
  0.0337  0.0336  0.0335  0.0338  0.0336  0.0338  0.0335  0.0338  0.0336  0.0336  0.0334  0.0334
  0.0335  0.0334  0.0334  0.0335  0.0335  0.0336  0.0334  0.0334  0.0334  0.0334  0.0333  0.0333
  0.0334  0.0334  0.0334  0.0334  0.0334  0.0334  0.0333  0.0333  0.0333  0.0333  0.0333  0.0333
  0.0335  0.0335  0.0334  0.0335  0.0334  0.0333  0.0334  0.0335  0.0334  0.0334  0.0334  0.0334
  0.0337  0.0336  0.0335  0.0338  0.0335  0.0335  0.0335  0.0339  0.0335  0.0335  0.0335  0.0334
  0.0340  0.0339  0.0337  0.0342  0.0336  0.0339  0.0338  0.0344  0.0338  0.0338  0.0337  0.0335
niter,ni,del,rscale     2    3    5.0000    0.5000
parameters
    0.0478   41.4828   -9.6194   -5.9948  -18.9559  -10.6888
    0.8555   -2.9427    3.9052   25.7881    1.0971  -14.4974
eta,q 0.96671  7.66101
  0.0338  0.0337  0.0336  0.0340  0.0336  0.0339  0.0336  0.0341  0.0337  0.0337  0.0334  0.0334
  0.0336  0.0335  0.0334  0.0336  0.0335  0.0337  0.0334  0.0336  0.0335  0.0335  0.0334  0.0333
  0.0334  0.0334  0.0334  0.0334  0.0334  0.0335  0.0333  0.0334  0.0333  0.0334  0.0333  0.0333
  0.0333  0.0333  0.0333  0.0333  0.0333  0.0333  0.0333  0.0333  0.0333  0.0333  0.0333  0.0333
  0.0334  0.0334  0.0333  0.0334  0.0333  0.0333  0.0333  0.0334  0.0333  0.0333  0.0333  0.0333
  0.0335  0.0335  0.0334  0.0336  0.0334  0.0334  0.0334  0.0337  0.0334  0.0334  0.0334  0.0334
  0.0338  0.0337  0.0335  0.0340  0.0335  0.0337  0.0336  0.0341  0.0336  0.0337  0.0335  0.0334
niter,ni,del,rscale     1    3    5.0000    0.4000
parameters
    0.0493   41.4747   -9.5400   -6.0110  -18.8165  -10.3915
    0.8890   -2.9827    4.0056   25.7760    0.9238  -14.7346
eta,q 0.96673  7.68005
  0.0336  0.0335  0.0335  0.0337  0.0335  0.0337  0.0335  0.0338  0.0335  0.0335  0.0334  0.0333
  0.0334  0.0334  0.0334  0.0335  0.0334  0.0335  0.0334  0.0335  0.0334  0.0334  0.0333  0.0333
  0.0333  0.0333  0.0333  0.0333  0.0333  0.0334  0.0333  0.0333  0.0333  0.0333  0.0333  0.0333
  0.0333  0.0333  0.0333  0.0333  0.0333  0.0333  0.0333  0.0333  0.0333  0.0333  0.0333  0.0333
  0.0333  0.0333  0.0333  0.0334  0.0333  0.0333  0.0333  0.0334  0.0333  0.0333  0.0333  0.0333
  0.0334  0.0334  0.0333  0.0335  0.0333  0.0334  0.0334  0.0335  0.0334  0.0334  0.0333  0.0333
  0.0336  0.0335  0.0334  0.0337  0.0334  0.0336  0.0335  0.0338  0.0335  0.0335  0.0334  0.0334
registration optimization eta report
parameter search radius
    0.8000    0.8000    0.8000    2.4000    2.4000    2.4000
    2.4000    2.4000    2.4000    2.4000    2.4000    2.4000
100000*second partial in parameter space
       48.       34.       21.        7.        3.        6.
        4.        9.        4.        4.        2.        1.
  0.0336  0.0335  0.0335  0.0337  0.0335  0.0337  0.0335  0.0338  0.0335  0.0335  0.0334  0.0333
  0.0334  0.0334  0.0334  0.0335  0.0334  0.0335  0.0334  0.0335  0.0334  0.0334  0.0333  0.0333
  0.0333  0.0333  0.0333  0.0333  0.0333  0.0334  0.0333  0.0333  0.0333  0.0333  0.0333  0.0333
  0.0333  0.0333  0.0333  0.0333  0.0333  0.0333  0.0333  0.0333  0.0333  0.0333  0.0333  0.0333
  0.0333  0.0333  0.0333  0.0334  0.0333  0.0333  0.0333  0.0334  0.0333  0.0333  0.0333  0.0333
  0.0334  0.0334  0.0333  0.0335  0.0333  0.0334  0.0334  0.0335  0.0334  0.0334  0.0333  0.0333
  0.0336  0.0335  0.0334  0.0337  0.0334  0.0336  0.0335  0.0338  0.0335  0.0335  0.0334  0.0334
    0.0493   41.4747   -9.5400   -6.0110  -18.8165  -10.3915
    0.8890   -2.9827    4.0056   25.7760    0.9238  -14.7346
eta,q 0.96673  7.68005

---------------------------------------------------------------------
imgreg_4dfp /opt/freesurfer/average/711-2C_as_mni_average_305 /opt/freesurfer/average/711-2B_as_mni_average_305_mask talsrcimg_g11 none talsrcimg_to_711-2C_as_mni_average_305_t4 2311
---------------------------------------------------------------------

freesurfer imgreg_4dfp.c
/opt/freesurfer/average/711-2C_as_mni_average_305.4dfp.img
       256       256       256         1
  1.000000  1.000000  1.000000
orientation T byte_order littleendian
Reading image: /opt/freesurfer/average/711-2C_as_mni_average_305.4dfp.img
dimensions:      256       256       256
mmppix:       1.0000   -1.0000   -1.0000
center:     128.0000 -129.0000 -129.0000
/opt/freesurfer/average/711-2B_as_mni_average_305_mask.4dfp.img
       256       256       256         1
  1.000000  1.000000  1.000000
orientation T byte_order littleendian
Reading mask: /opt/freesurfer/average/711-2B_as_mni_average_305_mask.4dfp.img (2306576 pixels)
talsrcimg_g11.4dfp.img
       256       256       256         1
  1.000000  1.000000  1.000000
orientation T byte_order littleendian
Reading image: talsrcimg_g11.4dfp.img
dimensions:      256       256       256
mmppix:       1.0000   -1.0000   -1.0000
center:     128.0000 -129.0000 -129.0000
fimgreg.f
image alignment mode   2311 decimal      907 hex
parameters
    0.0493   41.4747   -9.5400   -6.0110  -18.8165  -10.3915
    0.8890   -2.9827    4.0056   25.7760    0.9238  -14.7346
eta,q 0.96673  7.68005
niter,ni,del,rscale     5    3    5.0000    0.8000
parameters
    0.0435   41.4972   -9.4753   -6.1468  -18.9271  -10.8633
    0.8455   -2.7362    4.0254   25.7487    1.1602  -14.2957
eta,q 0.96669  7.64692
  0.0345  0.0342  0.0338  0.0346  0.0339  0.0342  0.0341  0.0353  0.0342  0.0342  0.0338  0.0337
  0.0338  0.0337  0.0335  0.0340  0.0336  0.0339  0.0337  0.0343  0.0337  0.0337  0.0335  0.0335
  0.0334  0.0334  0.0333  0.0335  0.0334  0.0335  0.0334  0.0336  0.0334  0.0334  0.0334  0.0334
  0.0333  0.0333  0.0333  0.0333  0.0333  0.0333  0.0333  0.0333  0.0333  0.0333  0.0333  0.0333
  0.0334  0.0334  0.0333  0.0335  0.0333  0.0334  0.0334  0.0335  0.0334  0.0334  0.0333  0.0333
  0.0338  0.0337  0.0335  0.0340  0.0336  0.0339  0.0337  0.0340  0.0337  0.0337  0.0335  0.0334
  0.0345  0.0341  0.0338  0.0348  0.0340  0.0349  0.0342  0.0350  0.0342  0.0343  0.0337  0.0336
niter,ni,del,rscale     4    3    5.0000    0.7000
parameters
    0.0750   41.4792   -9.5682   -6.1018  -19.0503  -10.9632
    0.7532   -2.7314    3.9654   25.7766    1.2145  -14.2364
eta,q 0.96669  7.63917
  0.0343  0.0340  0.0336  0.0344  0.0337  0.0341  0.0339  0.0348  0.0339  0.0340  0.0337  0.0335
  0.0337  0.0336  0.0335  0.0339  0.0335  0.0338  0.0336  0.0340  0.0336  0.0336  0.0335  0.0334
  0.0334  0.0334  0.0333  0.0335  0.0334  0.0335  0.0334  0.0335  0.0334  0.0334  0.0334  0.0333
  0.0333  0.0333  0.0333  0.0333  0.0333  0.0333  0.0333  0.0333  0.0333  0.0333  0.0333  0.0333
  0.0334  0.0334  0.0334  0.0334  0.0334  0.0334  0.0334  0.0335  0.0334  0.0334  0.0334  0.0333
  0.0337  0.0336  0.0335  0.0338  0.0335  0.0337  0.0336  0.0340  0.0336  0.0336  0.0335  0.0334
  0.0342  0.0340  0.0338  0.0344  0.0338  0.0343  0.0340  0.0347  0.0340  0.0340  0.0336  0.0335
niter,ni,del,rscale     3    3    5.0000    0.6000
parameters
    0.0821   41.4800   -9.5894   -6.0328  -19.0196  -10.8169
    0.7531   -2.8036    3.9534   25.7894    1.1225  -14.3757
eta,q 0.96670  7.65043
  0.0340  0.0338  0.0336  0.0342  0.0336  0.0340  0.0338  0.0344  0.0338  0.0338  0.0335  0.0335
  0.0336  0.0335  0.0334  0.0338  0.0335  0.0338  0.0335  0.0338  0.0335  0.0336  0.0334  0.0334
  0.0334  0.0334  0.0333  0.0334  0.0334  0.0335  0.0334  0.0334  0.0334  0.0334  0.0333  0.0333
  0.0333  0.0333  0.0333  0.0333  0.0333  0.0333  0.0333  0.0333  0.0333  0.0333  0.0333  0.0333
  0.0334  0.0334  0.0333  0.0334  0.0333  0.0333  0.0333  0.0335  0.0333  0.0333  0.0333  0.0333
  0.0336  0.0335  0.0334  0.0337  0.0335  0.0336  0.0335  0.0338  0.0335  0.0335  0.0334  0.0334
  0.0340  0.0338  0.0336  0.0341  0.0336  0.0340  0.0338  0.0344  0.0338  0.0338  0.0336  0.0335
niter,ni,del,rscale     2    3    5.0000    0.5000
parameters
    0.0770   41.4752   -9.5624   -6.0181  -18.9125  -10.5833
    0.8022   -2.8841    3.9749   25.7852    1.0254  -14.5211
eta,q 0.96672  7.66607
  0.0338  0.0336  0.0335  0.0339  0.0336  0.0339  0.0336  0.0340  0.0336  0.0337  0.0335  0.0334
  0.0335  0.0334  0.0334  0.0336  0.0334  0.0336  0.0334  0.0336  0.0334  0.0335  0.0334  0.0333
  0.0334  0.0333  0.0333  0.0334  0.0333  0.0334  0.0333  0.0334  0.0333  0.0333  0.0333  0.0333
  0.0333  0.0333  0.0333  0.0333  0.0333  0.0333  0.0333  0.0333  0.0333  0.0333  0.0333  0.0333
  0.0334  0.0333  0.0333  0.0334  0.0333  0.0333  0.0333  0.0334  0.0333  0.0333  0.0333  0.0333
  0.0335  0.0335  0.0334  0.0336  0.0334  0.0335  0.0334  0.0337  0.0334  0.0334  0.0334  0.0333
  0.0338  0.0336  0.0335  0.0339  0.0335  0.0338  0.0336  0.0341  0.0336  0.0337  0.0335  0.0334
niter,ni,del,rscale     1    3    5.0000    0.4000
parameters
    0.0660   41.4701   -9.5073   -6.0268  -18.8175  -10.3489
    0.8676   -2.9576    4.0226   25.7696    0.9138  -14.7219
eta,q 0.96673  7.68065
  0.0336  0.0335  0.0334  0.0337  0.0335  0.0337  0.0335  0.0338  0.0335  0.0335  0.0334  0.0333
  0.0334  0.0334  0.0334  0.0335  0.0334  0.0335  0.0334  0.0335  0.0334  0.0334  0.0333  0.0333
  0.0333  0.0333  0.0333  0.0333  0.0333  0.0334  0.0333  0.0333  0.0333  0.0333  0.0333  0.0333
  0.0333  0.0333  0.0333  0.0333  0.0333  0.0333  0.0333  0.0333  0.0333  0.0333  0.0333  0.0333
  0.0333  0.0333  0.0333  0.0333  0.0333  0.0333  0.0333  0.0334  0.0333  0.0333  0.0333  0.0333
  0.0334  0.0334  0.0333  0.0335  0.0333  0.0334  0.0334  0.0335  0.0334  0.0334  0.0333  0.0333
  0.0336  0.0335  0.0334  0.0337  0.0334  0.0336  0.0335  0.0338  0.0335  0.0335  0.0334  0.0334
registration optimization eta report
parameter search radius
    0.8000    0.8000    0.8000    2.4000    2.4000    2.4000
    2.4000    2.4000    2.4000    2.4000    2.4000    2.4000
100000*second partial in parameter space
       48.       35.       21.        7.        3.        6.
        3.        9.        4.        4.        2.        1.
  0.0336  0.0335  0.0334  0.0337  0.0335  0.0337  0.0335  0.0338  0.0335  0.0335  0.0334  0.0333
  0.0334  0.0334  0.0334  0.0335  0.0334  0.0335  0.0334  0.0335  0.0334  0.0334  0.0333  0.0333
  0.0333  0.0333  0.0333  0.0333  0.0333  0.0334  0.0333  0.0333  0.0333  0.0333  0.0333  0.0333
  0.0333  0.0333  0.0333  0.0333  0.0333  0.0333  0.0333  0.0333  0.0333  0.0333  0.0333  0.0333
  0.0333  0.0333  0.0333  0.0333  0.0333  0.0333  0.0333  0.0334  0.0333  0.0333  0.0333  0.0333
  0.0334  0.0334  0.0333  0.0335  0.0333  0.0334  0.0334  0.0335  0.0334  0.0334  0.0333  0.0333
  0.0336  0.0335  0.0334  0.0337  0.0334  0.0336  0.0335  0.0338  0.0335  0.0335  0.0334  0.0334
    0.0660   41.4701   -9.5073   -6.0268  -18.8175  -10.3489
    0.8676   -2.9576    4.0226   25.7696    0.9138  -14.7219
eta,q 0.96673  7.68065

---------------------------------------------------------------------
compute_vox2vox talsrcimg talsrcimg_to_711-2C_as_mni_average_305_t4 /opt/freesurfer/average/711-2C_as_mni_average_305
---------------------------------------------------------------------

freesurfer compute_vox2vox.c
Reading: talsrcimg.4dfp.ifh
Reading: talsrcimg_to_711-2C_as_mni_average_305_t4
Reading: /opt/freesurfer/average/711-2C_as_mni_average_305.4dfp.ifh
Writing: talsrcimg_to_711-2C_as_mni_average_305_t4_vox2vox.txt

start time Wed Mar 11 21:10:34 CET 2026
end		time Wed Mar 11 21:12:26 CET 2026

mpr2mni305 success

avi2talxfm orig_nu.mgz /opt/freesurfer/average/mni305.cor.mgz talsrcimg_to_711-2C_as_mni_average_305_t4_vox2vox.txt transforms/talairach.auto.xfm
avi2talxfm done
mv -f /out/sourcedata/freesurfer/sub-v1s2x0051491_ses-1/mri/talsrcimg_to_711-2C_as_mni_average_305_t4_vox2vox.txt /out/sourcedata/freesurfer/sub-v1s2x0051491_ses-1/mri/transforms/talsrcimg_to_711-2C_as_mni_average_305_t4_vox2vox.txt
lta_convert --src orig_nu.mgz --trg /opt/freesurfer/average/mni305.cor.mgz --inxfm transforms/talairach.auto.xfm --outlta transforms/talairach.auto.xfm.lta --subject fsaverage
7.3.2

--src: orig_nu.mgz src image (geometry).
--trg: /opt/freesurfer/average/mni305.cor.mgz trg image (geometry).
--inmni: transforms/talairach.auto.xfm input MNI/XFM transform.
--outlta: transforms/talairach.auto.xfm.lta output LTA.
--s: fsaverage subject name
 LTA read, type : 1
 1.06398   0.03647  -0.00476  -1.12193;
-0.01854   1.05954   0.19234  -64.22398;
-0.04684  -0.33813   1.17097  -2.96065;
 0.00000   0.00000   0.00000   1.00000;
setting subject to fsaverage
Writing  LTA to file transforms/talairach.auto.xfm.lta...
lta_convert successful.
 
 
Started at Wed Mar 11 21:10:33 CET 2026
Ended   at Wed Mar 11 21:12:26 CET 2026
talairach_avi done
