/out/sourcedata/freesurfer/sub-v1s2x0051467_ses-1/mri
/opt/freesurfer/bin/talairach_avi
--i orig_nu.mgz --xfm transforms/talairach.auto.xfm
talairach_avi 7.3.2
Linux dna013 5.14.0-427.37.1.el9_4.x86_64 #1 SMP PREEMPT_DYNAMIC Fri Sep 13 12:41:50 EDT 2024 x86_64 x86_64 x86_64 GNU/Linux
Mon Mar  9 21:35:08 CET 2026
mri_convert orig_nu.mgz talsrcimg.img 
reading from orig_nu.mgz...
TR=0.00, TE=0.00, TI=0.00, flip angle=0.00
i_ras = (-1, 0, 0)
j_ras = (0, 0, -1)
k_ras = (0, 1, 0)
writing to talsrcimg.img...
Analyze Output Matrix
-1.00000   0.00000   0.00000   130.85593;
 0.00000   0.00000   1.00000  -62.91525;
 0.00000  -1.00000   0.00000   115.76271;
 0.00000   0.00000   0.00000   1.00000;
--------------------
INFO: set hdr.hist.orient to -1
mpr2mni305 talsrcimg
Mon Mar  9 21:35:08 CET 2026
/opt/freesurfer/bin/mpr2mni305 talsrcimg
mpr2mni305 7.3.2
target=711-2C_as_mni_average_305

---------------------------------------------------------------------
analyzeto4dfp talsrcimg -O0 -y
---------------------------------------------------------------------

freesurfer ifh2hdr.c
Mon Mar  9 21:35:08 2026
Writing: talsrcimg.4dfp.hdr
freesurfer analyzeto4dfp.c
Reading: talsrcimg.hdr
header size 348 bytes
hdr.dime.datatype	offset=70	value=2
hdr.dime.bitpix		offset=72	value=8
hdr.hist.orient		offset=252	value=-1
dimensionality     4
dimensions       256       256       256         1
Reading: talsrcimg.img
Writing: talsrcimg.4dfp.img
Writing: talsrcimg.4dfp.ifh
ifh2hdr talsrcimg -r0to255
ori=2

---------------------------------------------------------------------
gauss_4dfp talsrcimg 1.1
---------------------------------------------------------------------

freesurfer gauss_4dfp.c
Reading: talsrcimg.4dfp.img
Writing: talsrcimg_g11.4dfp.img
image dimensions 256 256 256 padded to 288 288 288
processing volume 1freesurfer ifh2hdr.c
Mon Mar  9 21:35:10 2026
Writing: talsrcimg_g11.4dfp.hdr

Writing: talsrcimg_g11.4dfp.ifh
including: talsrcimg.4dfp.img.rec in talsrcimg_g11.4dfp.img.rec

---------------------------------------------------------------------
imgreg_4dfp /opt/freesurfer/average/711-2C_as_mni_average_305 none talsrcimg_g11 none talsrcimg_to_711-2C_as_mni_average_305_t4 4355
---------------------------------------------------------------------

freesurfer imgreg_4dfp.c
/opt/freesurfer/average/711-2C_as_mni_average_305.4dfp.img
       256       256       256         1
  1.000000  1.000000  1.000000
orientation T byte_order littleendian
Reading image: /opt/freesurfer/average/711-2C_as_mni_average_305.4dfp.img
dimensions:      256       256       256
mmppix:       1.0000   -1.0000   -1.0000
center:     128.0000 -129.0000 -129.0000
talsrcimg_g11.4dfp.img
       256       256       256         1
  1.000000  1.000000  1.000000
orientation T byte_order littleendian
Reading image: talsrcimg_g11.4dfp.img
dimensions:      256       256       256
mmppix:       1.0000   -1.0000   -1.0000
center:     128.0000 -129.0000 -129.0000
t4_read: open error in t4_sub.f l:  41 t4_file(1:l)talsrcimg_to_711-2C_as_mni_average_305_t4 
t4_read: transform initialized to I4
rotation matrix determinant  1.000000
image alignment mode   4355 decimal     1103 hex
   -7.5000  -45.0000  -45.0000 6825.3740   12.7391
    0.0000  -45.0000  -45.0000 7087.6235   12.7202
    7.5000  -45.0000  -45.0000 6743.4399   12.7046
   -7.5000  -37.5000  -45.0000 7418.2817   12.2799
    0.0000  -37.5000  -45.0000 7715.9756   12.2686
    7.5000  -37.5000  -45.0000 7321.9517   12.2562
   -7.5000  -30.0000  -45.0000 8377.5391   11.9748
    0.0000  -30.0000  -45.0000 8724.4336   11.9674
    7.5000  -30.0000  -45.0000 8267.1660   11.9594
   -7.5000  -22.5000  -45.0000 9409.5312   11.7878
    0.0000  -22.5000  -45.0000 9784.5322   11.7768
    7.5000  -22.5000  -45.0000 9282.7832   11.7696
   -7.5000  -15.0000  -45.000010469.5508   11.6738
    0.0000  -15.0000  -45.000010878.3164   11.6594
    7.5000  -15.0000  -45.000010328.0938   11.6500
   -7.5000   -7.5000  -45.000011543.2324   11.6361
    0.0000   -7.5000  -45.000011993.5186   11.6212
    7.5000   -7.5000  -45.000011397.0439   11.6094
   -7.5000    0.0000  -45.000012507.7451   11.6139
    0.0000    0.0000  -45.000012998.0625   11.6019
    7.5000    0.0000  -45.000012369.5039   11.5893
   -7.5000    7.5000  -45.000012514.8643   11.6007
    0.0000    7.5000  -45.000013026.8467   11.5923
    7.5000    7.5000  -45.000012362.8145   11.5818
   -7.5000   15.0000  -45.000012428.8535   11.5988
    0.0000   15.0000  -45.000012935.6465   11.5912
    7.5000   15.0000  -45.000012275.3252   11.5836
   -7.5000   22.5000  -45.000012259.9434   11.6091
    0.0000   22.5000  -45.000012743.1680   11.5985
    7.5000   22.5000  -45.000012097.5947   11.5913
   -7.5000   30.0000  -45.000011844.2109   11.4713
    0.0000   30.0000  -45.000012314.4844   11.4572
    7.5000   30.0000  -45.000011673.9951   11.4480
   -7.5000   37.5000  -45.000011803.4824   11.4705
    0.0000   37.5000  -45.000012254.6934   11.4558
    7.5000   37.5000  -45.000011607.1924   11.4443
   -7.5000   45.0000  -45.000011293.8447   11.1681
    0.0000   45.0000  -45.000011705.0068   11.1566
    7.5000   45.0000  -45.000011094.0215   11.1445
   -7.5000  -45.0000  -37.5000 7097.2417   12.7660
    0.0000  -45.0000  -37.5000 7370.4966   12.7502
    7.5000  -45.0000  -37.5000 6998.2285   12.7342
   -7.5000  -37.5000  -37.5000 7724.4673   12.3030
    0.0000  -37.5000  -37.5000 8025.9272   12.2940
    7.5000  -37.5000  -37.5000 7610.0947   12.2813
   -7.5000  -30.0000  -37.5000 8723.0566   11.9909
    0.0000  -30.0000  -37.5000 9076.2266   11.9854
    7.5000  -30.0000  -37.5000 8616.9375   11.9783
   -7.5000  -22.5000  -37.5000 9812.5459   11.8019
    0.0000  -22.5000  -37.500010215.3643   11.7930
    7.5000  -22.5000  -37.5000 9693.8242   11.7865
   -7.5000  -15.0000  -37.500010926.0889   11.6893
    0.0000  -15.0000  -37.500011370.1475   11.6771
    7.5000  -15.0000  -37.500010799.3682   11.6681
   -7.5000   -7.5000  -37.500012048.8145   11.6557
    0.0000   -7.5000  -37.500012521.9717   11.6428
    7.5000   -7.5000  -37.500011918.0635   11.6310
   -7.5000    0.0000  -37.500013074.8730   11.6360
    0.0000    0.0000  -37.500013585.5039   11.6261
    7.5000    0.0000  -37.500012935.0430   11.6134
   -7.5000    7.5000  -37.500013086.3076   11.6202
    0.0000    7.5000  -37.500013613.8555   11.6139
    7.5000    7.5000  -37.500012947.5127   11.6037
   -7.5000   15.0000  -37.500012999.7451   11.6141
    0.0000   15.0000  -37.500013535.9629   11.6084
    7.5000   15.0000  -37.500012845.3076   11.6015
   -7.5000   22.5000  -37.500012827.5635   11.6229
    0.0000   22.5000  -37.500013338.7227   11.6142
    7.5000   22.5000  -37.500012658.6328   11.6077
   -7.5000   30.0000  -37.500012380.2021   11.4867
    0.0000   30.0000  -37.500012886.9648   11.4747
    7.5000   30.0000  -37.500012211.4580   11.4659
   -7.5000   37.5000  -37.500012308.8857   11.4899
    0.0000   37.5000  -37.500012805.1689   11.4773
    7.5000   37.5000  -37.500012119.4336   11.4656
   -7.5000   45.0000  -37.500011756.0479   11.1894
    0.0000   45.0000  -37.500012207.3154   11.1799
    7.5000   45.0000  -37.500011568.0537   11.1676
   -7.5000  -45.0000  -30.0000 7482.7793   13.2955
    0.0000  -45.0000  -30.0000 7769.0420   13.2840
    7.5000  -45.0000  -30.0000 7395.6382   13.2697
   -7.5000  -37.5000  -30.0000 8143.7080   12.8122
    0.0000  -37.5000  -30.0000 8476.8467   12.8063
    7.5000  -37.5000  -30.0000 8055.3662   12.7957
   -7.5000  -30.0000  -30.0000 9223.6045   12.4862
    0.0000  -30.0000  -30.0000 9600.6562   12.4836
    7.5000  -30.0000  -30.0000 9133.2686   12.4778
   -7.5000  -22.5000  -30.000010391.0645   12.2898
    0.0000  -22.5000  -30.000010807.1699   12.2843
    7.5000  -22.5000  -30.000010287.4268   12.2776
   -7.5000  -15.0000  -30.000011570.6025   12.1729
    0.0000  -15.0000  -30.000012030.7881   12.1646
    7.5000  -15.0000  -30.000011460.5264   12.1548
   -7.5000   -7.5000  -30.000012774.2373   12.1381
    0.0000   -7.5000  -30.000013265.1025   12.1288
    7.5000   -7.5000  -30.000012657.1982   12.1170
   -7.5000    0.0000  -30.000013885.7275   12.1171
    0.0000    0.0000  -30.000014433.9990   12.1100
    7.5000    0.0000  -30.000013760.6602   12.0988
   -7.5000    7.5000  -30.000013930.8643   12.0997
    0.0000    7.5000  -30.000014484.3818   12.0960
    7.5000    7.5000  -30.000013806.9736   12.0879
   -7.5000   15.0000  -30.000013825.5752   12.0932
    0.0000   15.0000  -30.000014384.4736   12.0902
    7.5000   15.0000  -30.000013679.0928   12.0845
   -7.5000   22.5000  -30.000013633.2021   12.1019
    0.0000   22.5000  -30.000014184.1182   12.0966
    7.5000   22.5000  -30.000013464.1729   12.0898
   -7.5000   30.0000  -30.000013157.3018   11.9631
    0.0000   30.0000  -30.000013714.7861   11.9549
    7.5000   30.0000  -30.000012995.4980   11.9453
   -7.5000   37.5000  -30.000013080.8135   11.9666
    0.0000   37.5000  -30.000013626.5811   11.9574
    7.5000   37.5000  -30.000012887.7773   11.9459
   -7.5000   45.0000  -30.000012461.3770   11.6606
    0.0000   45.0000  -30.000012965.4863   11.6538
    7.5000   45.0000  -30.000012269.2588   11.6430
   -7.5000  -45.0000  -22.5000 7836.0405   13.7342
    0.0000  -45.0000  -22.5000 8157.6069   13.7231
    7.5000  -45.0000  -22.5000 7766.4390   13.7116
   -7.5000  -37.5000  -22.5000 8541.7461   13.2383
    0.0000  -37.5000  -22.5000 8892.1074   13.2326
    7.5000  -37.5000  -22.5000 8479.1807   13.2247
   -7.5000  -30.0000  -22.5000 9687.6562   12.9089
    0.0000  -30.0000  -22.500010074.8408   12.9066
    7.5000  -30.0000  -22.5000 9611.9297   12.9007
   -7.5000  -22.5000  -22.500010918.3408   12.7080
    0.0000  -22.5000  -22.500011346.8135   12.7033
    7.5000  -22.5000  -22.500010829.3867   12.6952
   -7.5000  -15.0000  -22.500012190.1729   12.5849
    0.0000  -15.0000  -22.500012660.3564   12.5778
    7.5000  -15.0000  -22.500012086.3867   12.5669
   -7.5000   -7.5000  -22.500013471.2256   12.5435
    0.0000   -7.5000  -22.500013993.0947   12.5349
    7.5000   -7.5000  -22.500013364.4854   12.5240
   -7.5000    0.0000  -22.500014659.5479   12.5184
    0.0000    0.0000  -22.500015259.8477   12.5113
    7.5000    0.0000  -22.500014561.8164   12.5022
   -7.5000    7.5000  -22.500014752.3086   12.5029
    0.0000    7.5000  -22.500015350.8379   12.4990
    7.5000    7.5000  -22.500014650.0049   12.4926
   -7.5000   15.0000  -22.500014664.0137   12.5017
    0.0000   15.0000  -22.500015270.2295   12.4988
    7.5000   15.0000  -22.500014542.4209   12.4933
   -7.5000   22.5000  -22.500014435.8750   12.5124
    0.0000   22.5000  -22.500015041.8418   12.5079
    7.5000   22.5000  -22.500014298.0879   12.4999
   -7.5000   30.0000  -22.500013924.0205   12.3696
    0.0000   30.0000  -22.500014553.1562   12.3625
    7.5000   30.0000  -22.500013797.0361   12.3520
   -7.5000   37.5000  -22.500013821.1289   12.3682
    0.0000   37.5000  -22.500014419.8760   12.3597
    7.5000   37.5000  -22.500013649.3066   12.3489
   -7.5000   45.0000  -22.500013131.6602   12.0559
    0.0000   45.0000  -22.500013696.9746   12.0490
    7.5000   45.0000  -22.500012959.4258   12.0403
   -7.5000  -45.0000  -15.0000 8141.4292   14.0497
    0.0000  -45.0000  -15.0000 8466.0977   14.0342
    7.5000  -45.0000  -15.0000 8080.8042   14.0233
   -7.5000  -37.5000  -15.0000 8916.0576   13.5460
    0.0000  -37.5000  -15.0000 9276.1094   13.5370
    7.5000  -37.5000  -15.0000 8866.4043   13.5289
   -7.5000  -30.0000  -15.000010144.8281   13.2161
    0.0000  -30.0000  -15.000010553.9629   13.2111
    7.5000  -30.0000  -15.000010079.4102   13.2031
   -7.5000  -22.5000  -15.000011440.1260   13.0115
    0.0000  -22.5000  -15.000011896.8574   13.0041
    7.5000  -22.5000  -15.000011356.2354   12.9937
   -7.5000  -15.0000  -15.000012770.8467   12.8833
    0.0000  -15.0000  -15.000013278.0732   12.8732
    7.5000  -15.0000  -15.000012661.5938   12.8609
   -7.5000   -7.5000  -15.000014111.9697   12.8366
    0.0000   -7.5000  -15.000014691.6729   12.8248
    7.5000   -7.5000  -15.000014020.1201   12.8136
   -7.5000    0.0000  -15.000015394.0840   12.8085
    0.0000    0.0000  -15.000016061.6104   12.7983
    7.5000    0.0000  -15.000015325.1074   12.7892
   -7.5000    7.5000  -15.000015520.5459   12.7957
    0.0000    7.5000  -15.000016192.1377   12.7889
    7.5000    7.5000  -15.000015433.5977   12.7815
   -7.5000   15.0000  -15.000015506.9609   12.7991
    0.0000   15.0000  -15.000016156.7646   12.7936
    7.5000   15.0000  -15.000015331.3145   12.7862
   -7.5000   22.5000  -15.000015269.0381   12.8106
    0.0000   22.5000  -15.000015951.5664   12.8034
    7.5000   22.5000  -15.000015093.4150   12.7933
   -7.5000   30.0000  -15.000014692.2500   12.6644
    0.0000   30.0000  -15.000015387.9951   12.6545
    7.5000   30.0000  -15.000014548.2021   12.6424
   -7.5000   37.5000  -15.000014557.1270   12.6588
    0.0000   37.5000  -15.000015201.5674   12.6472
    7.5000   37.5000  -15.000014350.2764   12.6361
   -7.5000   45.0000  -15.000013838.4932   12.3427
    0.0000   45.0000  -15.000014434.4990   12.3328
    7.5000   45.0000  -15.000013573.4121   12.3241
   -7.5000  -45.0000   -7.5000 8431.5303   14.2141
    0.0000  -45.0000   -7.5000 8777.0312   14.1942
    7.5000  -45.0000   -7.5000 8365.2520   14.1802
   -7.5000  -37.5000   -7.5000 9259.6953   13.7045
    0.0000  -37.5000   -7.5000 9655.2979   13.6926
    7.5000  -37.5000   -7.5000 9204.2041   13.6818
   -7.5000  -30.0000   -7.500010544.1162   13.3705
    0.0000  -30.0000   -7.500011016.3516   13.3629
    7.5000  -30.0000   -7.500010489.6719   13.3538
   -7.5000  -22.5000   -7.500011913.5361   13.1632
    0.0000  -22.5000   -7.500012414.8086   13.1523
    7.5000  -22.5000   -7.500011850.5332   13.1423
   -7.5000  -15.0000   -7.500013329.0215   13.0338
    0.0000  -15.0000   -7.500013892.6914   13.0197
    7.5000  -15.0000   -7.500013256.2539   13.0076
   -7.5000   -7.5000   -7.500014778.9053   12.9874
    0.0000   -7.5000   -7.500015435.6455   12.9721
    7.5000   -7.5000   -7.500014719.5703   12.9597
   -7.5000    0.0000   -7.500016174.1836   12.9597
    0.0000    0.0000   -7.500016918.3867   12.9469
    7.5000    0.0000   -7.500016111.7715   12.9353
   -7.5000    7.5000   -7.500016349.5078   12.9470
    0.0000    7.5000   -7.500017036.0176   12.9380
    7.5000    7.5000   -7.500016207.6543   12.9282
   -7.5000   15.0000   -7.500016435.2441   12.9496
    0.0000   15.0000   -7.500017124.7461   12.9417
    7.5000   15.0000   -7.500016071.8477   12.9332
   -7.5000   22.5000   -7.500016335.1826   12.9590
    0.0000   22.5000   -7.500017154.6699   12.9485
    7.5000   22.5000   -7.500015897.0635   12.9386
   -7.5000   30.0000   -7.500015749.5244   12.8122
    0.0000   30.0000   -7.500016525.1152   12.7982
    7.5000   30.0000   -7.500015349.6807   12.7864
   -7.5000   37.5000   -7.500015497.3896   12.8072
    0.0000   37.5000   -7.500016154.1982   12.7921
    7.5000   37.5000   -7.500015053.1357   12.7799
   -7.5000   45.0000   -7.500014613.8564   12.4907
    0.0000   45.0000   -7.500015169.9727   12.4783
    7.5000   45.0000   -7.500014167.7900   12.4672
   -7.5000  -45.0000    0.0000 8638.8711   14.2528
    0.0000  -45.0000    0.0000 9000.6406   14.2317
    7.5000  -45.0000    0.0000 8551.1553   14.2143
   -7.5000  -37.5000    0.0000 9555.6152   13.7392
    0.0000  -37.5000    0.0000 9977.2305   13.7266
    7.5000  -37.5000    0.0000 9480.6689   13.7128
   -7.5000  -30.0000    0.000010905.8877   13.3981
    0.0000  -30.0000    0.000011387.5049   13.3898
    7.5000  -30.0000    0.000010840.8057   13.3809
   -7.5000  -22.5000    0.000012327.5752   13.1889
    0.0000  -22.5000    0.000012882.8594   13.1767
    7.5000  -22.5000    0.000012255.2402   13.1686
   -7.5000  -15.0000    0.000013845.1172   13.0613
    0.0000  -15.0000    0.000014470.5674   13.0452
    7.5000  -15.0000    0.000013710.2021   13.0347
   -7.5000   -7.5000    0.000015418.8779   13.0190
    0.0000   -7.5000    0.000016141.1914   13.0023
    7.5000   -7.5000    0.000015213.1709   12.9892
   -7.5000    0.0000    0.000016927.1406   12.9941
    0.0000    0.0000    0.000017719.8848   12.9807
    7.5000    0.0000    0.000016658.9551   12.9667
   -7.5000    7.5000    0.000017076.1875   12.9794
    0.0000    7.5000    0.000017765.3730   12.9701
    7.5000    7.5000    0.000016720.4336   12.9583
   -7.5000   15.0000    0.000017133.1211   12.9775
    0.0000   15.0000    0.000017906.9121   12.9690
    7.5000   15.0000    0.000016608.8984   12.9605
   -7.5000   22.5000    0.000017168.8027   12.9848
    0.0000   22.5000    0.000018040.1387   12.9729
    7.5000   22.5000    0.000016516.0039   12.9649
   -7.5000   30.0000    0.000016580.5332   12.8398
    0.0000   30.0000    0.000017331.0059   12.8240
    7.5000   30.0000    0.000015945.4316   12.8137
   -7.5000   37.5000    0.000016158.6367   12.8388
    0.0000   37.5000    0.000016827.0254   12.8223
    7.5000   37.5000    0.000015632.4629   12.8094
   -7.5000   45.0000    0.000015100.8516   12.5248
    0.0000   45.0000    0.000015715.6621   12.5119
    7.5000   45.0000    0.000014680.2939   12.4984
   -7.5000  -45.0000    7.5000 8156.9180   14.2855
    0.0000  -45.0000    7.5000 8526.9365   14.2678
    7.5000  -45.0000    7.5000 8024.5513   14.2499
   -7.5000  -37.5000    7.5000 9059.6338   13.7674
    0.0000  -37.5000    7.5000 9494.9424   13.7574
    7.5000  -37.5000    7.5000 8904.3545   13.7431
   -7.5000  -30.0000    7.500010390.4854   13.4181
    0.0000  -30.0000    7.500010880.9854   13.4120
    7.5000  -30.0000    7.500010215.7314   13.4041
   -7.5000  -22.5000    7.500011784.5947   13.2066
    0.0000  -22.5000    7.500012326.9863   13.1967
    7.5000  -22.5000    7.500011588.3896   13.1895
   -7.5000  -15.0000    7.500013259.8203   13.0806
    0.0000  -15.0000    7.500013863.8867   13.0670
    7.5000  -15.0000    7.500013022.8408   13.0569
   -7.5000   -7.5000    7.500014747.2109   13.0430
    0.0000   -7.5000    7.500015425.8545   13.0287
    7.5000   -7.5000    7.500014481.9092   13.0154
   -7.5000    0.0000    7.500016099.6182   13.0210
    0.0000    0.0000    7.500016840.9180   13.0099
    7.5000    0.0000    7.500015815.6016   12.9957
   -7.5000    7.5000    7.500016141.7021   13.0033
    0.0000    7.5000    7.500016809.4629   12.9963
    7.5000    7.5000    7.500015847.2344   12.9849
   -7.5000   15.0000    7.500016030.1221   12.9965
    0.0000   15.0000    7.500016791.1133   12.9901
    7.5000   15.0000    7.500015804.4014   12.9824
   -7.5000   22.5000    7.500015854.1650   13.0021
    0.0000   22.5000    7.500016591.3047   12.9924
    7.5000   22.5000    7.500015678.8633   12.9851
   -7.5000   30.0000    7.500015310.5264   12.8589
    0.0000   30.0000    7.500015944.2344   12.8455
    7.5000   30.0000    7.500015133.8008   12.8356
   -7.5000   37.5000    7.500015133.4980   12.8626
    0.0000   37.5000    7.500015761.0957   12.8484
    7.5000   37.5000    7.500014949.1504   12.8353
   -7.5000   45.0000    7.500014304.5127   12.5508
    0.0000   45.0000    7.500014917.1162   12.5400
    7.5000   45.0000    7.500014096.9395   12.5263
   -7.5000  -45.0000   15.0000 7504.0952   14.3259
    0.0000  -45.0000   15.0000 7833.7266   14.3135
    7.5000  -45.0000   15.0000 7392.4990   14.2986
   -7.5000  -37.5000   15.0000 8347.6875   13.8060
    0.0000  -37.5000   15.0000 8729.1084   13.7996
    7.5000  -37.5000   15.0000 8231.3164   13.7887
   -7.5000  -30.0000   15.0000 9589.7246   13.4560
    0.0000  -30.0000   15.000010036.6436   13.4532
    7.5000  -30.0000   15.0000 9475.1748   13.4475
   -7.5000  -22.5000   15.000010907.5645   13.2458
    0.0000  -22.5000   15.000011402.6094   13.2399
    7.5000  -22.5000   15.000010774.4502   13.2332
   -7.5000  -15.0000   15.000012240.9092   13.1211
    0.0000  -15.0000   15.000012807.1240   13.1121
    7.5000  -15.0000   15.000012103.0654   13.1021
   -7.5000   -7.5000   15.000013581.7832   13.0831
    0.0000   -7.5000   15.000014210.5322   13.0730
    7.5000   -7.5000   15.000013445.7666   13.0608
   -7.5000    0.0000   15.000014805.7070   13.0604
    0.0000    0.0000   15.000015463.9795   13.0527
    7.5000    0.0000   15.000014677.2891   13.0411
   -7.5000    7.5000   15.000014881.3184   13.0419
    0.0000    7.5000   15.000015499.3994   13.0379
    7.5000    7.5000   15.000014762.6729   13.0297
   -7.5000   15.0000   15.000014805.7861   13.0353
    0.0000   15.0000   15.000015479.8867   13.0320
    7.5000   15.0000   15.000014741.1680   13.0265
   -7.5000   22.5000   15.000014623.0605   13.0418
    0.0000   22.5000   15.000015208.5420   13.0360
    7.5000   22.5000   15.000014562.7930   13.0293
   -7.5000   30.0000   15.000014139.6748   12.8986
    0.0000   30.0000   15.000014674.6758   12.8897
    7.5000   30.0000   15.000014087.7373   12.8799
   -7.5000   37.5000   15.000014041.9580   12.9020
    0.0000   37.5000   15.000014612.0518   12.8920
    7.5000   37.5000   15.000013984.9180   12.8801
   -7.5000   45.0000   15.000013329.9385   12.5887
    0.0000   45.0000   15.000013859.0352   12.5813
    7.5000   45.0000   15.000013217.2871   12.5701
   -7.5000  -45.0000   22.5000 6806.8774   14.4991
    0.0000  -45.0000   22.5000 7102.1133   14.4870
    7.5000  -45.0000   22.5000 6758.8311   14.4758
   -7.5000  -37.5000   22.5000 7607.8086   13.9723
    0.0000  -37.5000   22.5000 7938.5376   13.9661
    7.5000  -37.5000   22.5000 7552.4839   13.9587
   -7.5000  -30.0000   22.5000 8772.0215   13.6239
    0.0000  -30.0000   22.5000 9164.6416   13.6213
    7.5000  -30.0000   22.5000 8712.0205   13.6161
   -7.5000  -22.5000   22.5000 9988.8447   13.4124
    0.0000  -22.5000   22.500010437.9971   13.4073
    7.5000  -22.5000   22.5000 9912.4697   13.3997
   -7.5000  -15.0000   22.500011214.2783   13.2835
    0.0000  -15.0000   22.500011718.9131   13.2758
    7.5000  -15.0000   22.500011142.1680   13.2653
   -7.5000   -7.5000   22.500012452.4014   13.2391
    0.0000   -7.5000   22.500012996.7744   13.2298
    7.5000   -7.5000   22.500012391.8047   13.2191
   -7.5000    0.0000   22.500013601.1904   13.2127
    0.0000    0.0000   22.500014186.0781   13.2050
    7.5000    0.0000   22.500013530.2861   13.1964
   -7.5000    7.5000   22.500013728.0059   13.1968
    0.0000    7.5000   22.500014316.5645   13.1927
    7.5000    7.5000   22.500013658.8662   13.1869
   -7.5000   15.0000   22.500013679.2686   13.1958
    0.0000   15.0000   22.500014278.7627   13.1928
    7.5000   15.0000   22.500013633.2998   13.1880
   -7.5000   22.5000   22.500013488.0586   13.2048
    0.0000   22.5000   22.500014009.4590   13.1999
    7.5000   22.5000   22.500013416.6699   13.1925
   -7.5000   30.0000   22.500013113.7715   13.0574
    0.0000   30.0000   22.500013621.5273   13.0497
    7.5000   30.0000   22.500013033.7822   13.0395
   -7.5000   37.5000   22.500013109.6699   13.0556
    0.0000   37.5000   22.500013626.9121   13.0464
    7.5000   37.5000   22.500013011.0264   13.0359
   -7.5000   45.0000   22.500012412.9092   12.7355
    0.0000   45.0000   22.500012881.0029   12.7281
    7.5000   45.0000   22.500012302.9131   12.7198
   -7.5000  -45.0000   30.0000 6237.5483   14.8857
    0.0000  -45.0000   30.0000 6502.2061   14.8699
    7.5000  -45.0000   30.0000 6203.9951   14.8604
   -7.5000  -37.5000   30.0000 6981.4458   14.3384
    0.0000  -37.5000   30.0000 7279.2622   14.3299
    7.5000  -37.5000   30.0000 6947.1167   14.3238
   -7.5000  -30.0000   30.0000 8061.9595   13.9794
    0.0000  -30.0000   30.0000 8415.9688   13.9755
    7.5000  -30.0000   30.0000 8018.8403   13.9697
   -7.5000  -22.5000   30.0000 9187.5000   13.7562
    0.0000  -22.5000   30.0000 9585.8418   13.7496
    7.5000  -22.5000   30.0000 9129.2051   13.7412
   -7.5000  -15.0000   30.000010323.1270   13.6187
    0.0000  -15.0000   30.000010769.3760   13.6090
    7.5000  -15.0000   30.000010256.1914   13.5982
   -7.5000   -7.5000   30.000011456.5098   13.5707
    0.0000   -7.5000   30.000011950.6133   13.5590
    7.5000   -7.5000   30.000011399.0205   13.5491
   -7.5000    0.0000   30.000012514.0488   13.5440
    0.0000    0.0000   30.000013054.7490   13.5340
    7.5000    0.0000   30.000012449.1289   13.5264
   -7.5000    7.5000   30.000012630.7109   13.5317
    0.0000    7.5000   30.000013176.6553   13.5256
    7.5000    7.5000   30.000012574.1074   13.5202
   -7.5000   15.0000   30.000012567.9619   13.5333
    0.0000   15.0000   30.000013107.0449   13.5289
    7.5000   15.0000   30.000012518.7148   13.5237
   -7.5000   22.5000   30.000012377.8037   13.5403
    0.0000   22.5000   30.000012871.3975   13.5339
    7.5000   22.5000   30.000012308.7490   13.5258
   -7.5000   30.0000   30.000012066.2324   13.3857
    0.0000   30.0000   30.000012562.8564   13.3761
    7.5000   30.0000   30.000012006.4258   13.3656
   -7.5000   37.5000   30.000012092.5498   13.3822
    0.0000   37.5000   30.000012600.0674   13.3707
    7.5000   37.5000   30.000012011.3008   13.3609
   -7.5000   45.0000   30.000011476.8203   13.0549
    0.0000   45.0000   30.000011923.7295   13.0452
    7.5000   45.0000   30.000011372.1133   13.0379
   -7.5000  -45.0000   37.5000 5959.6523   15.4861
    0.0000  -45.0000   37.5000 6209.8433   15.4655
    7.5000  -45.0000   37.5000 5926.8540   15.4501
   -7.5000  -37.5000   37.5000 6675.2803   14.8964
    0.0000  -37.5000   37.5000 6962.2334   14.8853
    7.5000  -37.5000   37.5000 6649.1187   14.8739
   -7.5000  -30.0000   37.5000 7703.4624   14.5045
    0.0000  -30.0000   37.5000 8030.3423   14.4985
    7.5000  -30.0000   37.5000 7678.8247   14.4893
   -7.5000  -22.5000   37.5000 8779.4102   14.2606
    0.0000  -22.5000   37.5000 9149.6719   14.2508
    7.5000  -22.5000   37.5000 8735.0508   14.2407
   -7.5000  -15.0000   37.5000 9875.0938   14.1164
    0.0000  -15.0000   37.500010288.7168   14.1026
    7.5000  -15.0000   37.5000 9815.1738   14.0901
   -7.5000   -7.5000   37.500010973.0010   14.0732
    0.0000   -7.5000   37.500011435.7148   14.0579
    7.5000   -7.5000   37.500010909.9648   14.0448
   -7.5000    0.0000   37.500011974.0117   14.0509
    0.0000    0.0000   37.500012500.8398   14.0384
    7.5000    0.0000   37.500011925.9160   14.0262
   -7.5000    7.5000   37.500012074.0283   14.0371
    0.0000    7.5000   37.500012597.8047   14.0292
    7.5000    7.5000   37.500012037.5352   14.0192
   -7.5000   15.0000   37.500011996.3740   14.0312
    0.0000   15.0000   37.500012515.0918   14.0248
    7.5000   15.0000   37.500011955.9395   14.0165
   -7.5000   22.5000   37.500011811.7998   14.0326
    0.0000   22.5000   37.500012300.3652   14.0232
    7.5000   22.5000   37.500011756.5938   14.0134
   -7.5000   30.0000   37.500011526.1631   13.8743
    0.0000   30.0000   37.500012015.0264   13.8607
    7.5000   30.0000   37.500011472.0156   13.8485
   -7.5000   37.5000   37.500011537.3037   13.8773
    0.0000   37.5000   37.500012036.4316   13.8622
    7.5000   37.5000   37.500011474.8760   13.8492
   -7.5000   45.0000   37.500010974.3535   13.5434
    0.0000   45.0000   37.500011431.9775   13.5314
    7.5000   45.0000   37.500010896.1475   13.5196
   -7.5000  -45.0000   45.0000 5425.5986   16.1508
    0.0000  -45.0000   45.0000 5678.6650   16.1263
    7.5000  -45.0000   45.0000 5408.2598   16.0997
   -7.5000  -37.5000   45.0000 6091.5732   15.5225
    0.0000  -37.5000   45.0000 6370.3940   15.5095
    7.5000  -37.5000   45.0000 6075.3618   15.4881
   -7.5000  -30.0000   45.0000 7040.1509   15.0857
    0.0000  -30.0000   45.0000 7351.7754   15.0787
    7.5000  -30.0000   45.0000 7029.9761   15.0636
   -7.5000  -22.5000   45.0000 8031.1006   14.8224
    0.0000  -22.5000   45.0000 8373.2598   14.8105
    7.5000  -22.5000   45.0000 8001.9097   14.7963
   -7.5000  -15.0000   45.0000 9036.8789   14.6754
    0.0000  -15.0000   45.0000 9418.6318   14.6582
    7.5000  -15.0000   45.0000 8990.0234   14.6408
   -7.5000   -7.5000   45.000010047.7266   14.6399
    0.0000   -7.5000   45.000010480.1416   14.6213
    7.5000   -7.5000   45.0000 9995.7451   14.6010
   -7.5000    0.0000   45.000010989.5859   14.6186
    0.0000    0.0000   45.000011463.3203   14.6039
    7.5000    0.0000   45.000010936.0723   14.5831
   -7.5000    7.5000   45.000011079.1416   14.5955
    0.0000    7.5000   45.000011557.4180   14.5866
    7.5000    7.5000   45.000011023.7969   14.5687
   -7.5000   15.0000   45.000010986.4717   14.5792
    0.0000   15.0000   45.000011452.1709   14.5719
    7.5000   15.0000   45.000010926.6689   14.5579
   -7.5000   22.5000   45.000010807.2285   14.5801
    0.0000   22.5000   45.000011268.2256   14.5687
    7.5000   22.5000   45.000010746.8193   14.5547
   -7.5000   30.0000   45.000010560.1611   14.4221
    0.0000   30.0000   45.000011020.0234   14.4053
    7.5000   30.0000   45.000010497.5498   14.3883
   -7.5000   37.5000   45.000010560.2490   14.4342
    0.0000   37.5000   45.000011026.7109   14.4159
    7.5000   37.5000   45.000010489.2109   14.3959
   -7.5000   45.0000   45.000010033.2715   14.0970
    0.0000   45.0000   45.000010475.8408   14.0829
    7.5000   45.0000   45.0000 9958.6660   14.0628

---------------------------------------------------------------------
imgreg_4dfp /opt/freesurfer/average/711-2C_as_mni_average_305 /opt/freesurfer/average/711-2B_as_mni_average_305_mask talsrcimg_g11 none talsrcimg_to_711-2C_as_mni_average_305_t4 4355
---------------------------------------------------------------------

freesurfer imgreg_4dfp.c
/opt/freesurfer/average/711-2C_as_mni_average_305.4dfp.img
       256       256       256         1
  1.000000  1.000000  1.000000
orientation T byte_order littleendian
Reading image: /opt/freesurfer/average/711-2C_as_mni_average_305.4dfp.img
dimensions:      256       256       256
mmppix:       1.0000   -1.0000   -1.0000
center:     128.0000 -129.0000 -129.0000
/opt/freesurfer/average/711-2B_as_mni_average_305_mask.4dfp.img
       256       256       256         1
  1.000000  1.000000  1.000000
orientation T byte_order littleendian
Reading mask: /opt/freesurfer/average/711-2B_as_mni_average_305_mask.4dfp.img (2306576 pixels)
talsrcimg_g11.4dfp.img
       256       256       256         1
  1.000000  1.000000  1.000000
orientation T byte_order littleendian
Reading image: talsrcimg_g11.4dfp.img
dimensions:      256       256       256
mmppix:       1.0000   -1.0000   -1.0000
center:     128.0000 -129.0000 -129.0000
rotation matrix determinant  1.000000
image alignment mode   4355 decimal     1103 hex
   -7.5000  -22.5000  -45.0000 2309.7915   13.5396
    0.0000  -22.5000  -45.0000 2313.5315   13.5703
    7.5000  -22.5000  -45.0000 2285.1824   13.7396
   -7.5000  -15.0000  -45.0000 2411.7812   12.3640
    0.0000  -15.0000  -45.0000 2413.9641   12.3686
    7.5000  -15.0000  -45.0000 2384.5808   12.5610
   -7.5000   -7.5000  -45.0000 2486.9751   11.4681
    0.0000   -7.5000  -45.0000 2491.6733   11.4543
    7.5000   -7.5000  -45.0000 2466.9304   11.6342
   -7.5000    0.0000  -45.0000 2532.8589   10.7819
    0.0000    0.0000  -45.0000 2538.1758   10.7808
    7.5000    0.0000  -45.0000 2515.6143   10.9382
   -7.5000    7.5000  -45.0000 2564.7227   10.3452
    0.0000    7.5000  -45.0000 2571.0093   10.3285
    7.5000    7.5000  -45.0000 2547.1528   10.4707
   -7.5000   15.0000  -45.0000 2572.1831   10.1400
    0.0000   15.0000  -45.0000 2578.6460   10.1288
    7.5000   15.0000  -45.0000 2557.0159   10.2715
   -7.5000   22.5000  -45.0000 2574.5164   10.0826
    0.0000   22.5000  -45.0000 2579.7109   10.0699
    7.5000   22.5000  -45.0000 2557.0520   10.2356
   -7.5000   30.0000  -45.0000 2567.6738   10.1992
    0.0000   30.0000  -45.0000 2572.4299   10.1739
    7.5000   30.0000  -45.0000 2548.6702   10.3438
   -7.5000   37.5000  -45.0000 2546.1240   10.4749
    0.0000   37.5000  -45.0000 2553.8442   10.4500
    7.5000   37.5000  -45.0000 2524.5293   10.6093
   -7.5000   45.0000  -45.0000 2502.4373   10.9344
    0.0000   45.0000  -45.0000 2509.6521   10.8895
    7.5000   45.0000  -45.0000 2480.6750   11.0638
   -7.5000   52.5000  -45.0000 2420.5786   11.4848
    0.0000   52.5000  -45.0000 2426.4993   11.4545
    7.5000   52.5000  -45.0000 2398.5056   11.6584
   -7.5000   60.0000  -45.0000 2284.8662   12.1475
    0.0000   60.0000  -45.0000 2293.7939   12.1256
    7.5000   60.0000  -45.0000 2268.1165   12.3174
   -7.5000   67.5000  -45.0000 2120.3940   12.8517
    0.0000   67.5000  -45.0000 2130.1135   12.8347
    7.5000   67.5000  -45.0000 2107.7351   13.0319
   -7.5000  -22.5000  -37.5000 2356.9797   12.9326
    0.0000  -22.5000  -37.5000 2360.8049   12.9599
    7.5000  -22.5000  -37.5000 2333.1914   13.1507
   -7.5000  -15.0000  -37.5000 2462.2737   11.7680
    0.0000  -15.0000  -37.5000 2467.4375   11.7776
    7.5000  -15.0000  -37.5000 2439.0496   11.9763
   -7.5000   -7.5000  -37.5000 2542.0627   10.8626
    0.0000   -7.5000  -37.5000 2549.2847   10.8603
    7.5000   -7.5000  -37.5000 2525.0151   11.0488
   -7.5000    0.0000  -37.5000 2594.8423   10.2017
    0.0000    0.0000  -37.5000 2602.8225   10.1954
    7.5000    0.0000  -37.5000 2578.8491   10.3560
   -7.5000    7.5000  -37.5000 2629.8552    9.7545
    0.0000    7.5000  -37.5000 2639.2942    9.7426
    7.5000    7.5000  -37.5000 2616.2881    9.8692
   -7.5000   15.0000  -37.5000 2651.7444    9.4916
    0.0000   15.0000  -37.5000 2663.5024    9.4760
    7.5000   15.0000  -37.5000 2635.8108    9.6068
   -7.5000   22.5000  -37.5000 2662.1489    9.4165
    0.0000   22.5000  -37.5000 2668.6331    9.4176
    7.5000   22.5000  -37.5000 2643.1045    9.5605
   -7.5000   30.0000  -37.5000 2657.7139    9.5104
    0.0000   30.0000  -37.5000 2665.2358    9.4987
    7.5000   30.0000  -37.5000 2639.5964    9.6453
   -7.5000   37.5000  -37.5000 2638.3813    9.7782
    0.0000   37.5000  -37.5000 2648.8357    9.7542
    7.5000   37.5000  -37.5000 2618.8313    9.9127
   -7.5000   45.0000  -37.5000 2595.4673   10.2147
    0.0000   45.0000  -37.5000 2604.6409   10.1602
    7.5000   45.0000  -37.5000 2575.9275   10.3388
   -7.5000   52.5000  -37.5000 2507.0723   10.7221
    0.0000   52.5000  -37.5000 2514.0305   10.6917
    7.5000   52.5000  -37.5000 2490.1921   10.8708
   -7.5000   60.0000  -37.5000 2365.0198   11.3453
    0.0000   60.0000  -37.5000 2371.6260   11.3165
    7.5000   60.0000  -37.5000 2350.4866   11.4934
   -7.5000   67.5000  -37.5000 2194.3901   12.0103
    0.0000   67.5000  -37.5000 2200.7690   11.9753
    7.5000   67.5000  -37.5000 2179.4319   12.1565
   -7.5000  -22.5000  -30.0000 2437.1389   12.8520
    0.0000  -22.5000  -30.0000 2441.7917   12.8560
    7.5000  -22.5000  -30.0000 2417.7048   13.0670
   -7.5000  -15.0000  -30.0000 2545.2493   11.6645
    0.0000  -15.0000  -30.0000 2553.9124   11.6576
    7.5000  -15.0000  -30.0000 2528.4221   11.8694
   -7.5000   -7.5000  -30.0000 2635.1399   10.7190
    0.0000   -7.5000  -30.0000 2641.7417   10.6988
    7.5000   -7.5000  -30.0000 2617.9111   10.9122
   -7.5000    0.0000  -30.0000 2698.6262   10.0024
    0.0000    0.0000  -30.0000 2707.9792    9.9986
    7.5000    0.0000  -30.0000 2684.4968   10.1826
   -7.5000    7.5000  -30.0000 2747.1985    9.5135
    0.0000    7.5000  -30.0000 2756.7556    9.5120
    7.5000    7.5000  -30.0000 2731.5959    9.6640
   -7.5000   15.0000  -30.0000 2779.0181    9.2216
    0.0000   15.0000  -30.0000 2787.7439    9.2104
    7.5000   15.0000  -30.0000 2761.5669    9.3603
   -7.5000   22.5000  -30.0000 2797.1575    9.1298
    0.0000   22.5000  -30.0000 2807.1143    9.1161
    7.5000   22.5000  -30.0000 2776.5083    9.2600
   -7.5000   30.0000  -30.0000 2799.7981    9.1934
    0.0000   30.0000  -30.0000 2809.1045    9.1947
    7.5000   30.0000  -30.0000 2777.7859    9.3397
   -7.5000   37.5000  -30.0000 2782.9822    9.4469
    0.0000   37.5000  -30.0000 2794.3855    9.4309
    7.5000   37.5000  -30.0000 2763.7139    9.5725
   -7.5000   45.0000  -30.0000 2736.2566    9.8635
    0.0000   45.0000  -30.0000 2746.0105    9.8249
    7.5000   45.0000  -30.0000 2718.6409    9.9975
   -7.5000   52.5000  -30.0000 2639.8689   10.3777
    0.0000   52.5000  -30.0000 2649.7283   10.3606
    7.5000   52.5000  -30.0000 2624.7837   10.5270
   -7.5000   60.0000  -30.0000 2488.7979   11.0121
    0.0000   60.0000  -30.0000 2496.4861   10.9929
    7.5000   60.0000  -30.0000 2475.4465   11.1660
   -7.5000   67.5000  -30.0000 2305.7366   11.6779
    0.0000   67.5000  -30.0000 2312.8608   11.6533
    7.5000   67.5000  -30.0000 2293.5103   11.8264
   -7.5000  -22.5000  -22.5000 2478.0354   12.6995
    0.0000  -22.5000  -22.5000 2484.2837   12.6965
    7.5000  -22.5000  -22.5000 2461.0957   12.9741
   -7.5000  -15.0000  -22.5000 2594.0715   11.4881
    0.0000  -15.0000  -22.5000 2600.7720   11.4718
    7.5000  -15.0000  -22.5000 2576.6025   11.7398
   -7.5000   -7.5000  -22.5000 2691.0417   10.5181
    0.0000   -7.5000  -22.5000 2696.8818   10.4996
    7.5000   -7.5000  -22.5000 2673.6294   10.7528
   -7.5000    0.0000  -22.5000 2764.8123    9.7680
    0.0000    0.0000  -22.5000 2774.8506    9.7522
    7.5000    0.0000  -22.5000 2752.6423    9.9771
   -7.5000    7.5000  -22.5000 2825.7617    9.2537
    0.0000    7.5000  -22.5000 2837.1697    9.2320
    7.5000    7.5000  -22.5000 2815.5610    9.4315
   -7.5000   15.0000  -22.5000 2869.3469    8.9388
    0.0000   15.0000  -22.5000 2880.9839    8.9146
    7.5000   15.0000  -22.5000 2856.4312    9.0935
   -7.5000   22.5000  -22.5000 2898.4382    8.8221
    0.0000   22.5000  -22.5000 2912.0383    8.8058
    7.5000   22.5000  -22.5000 2877.2332    8.9867
   -7.5000   30.0000  -22.5000 2905.6445    8.8580
    0.0000   30.0000  -22.5000 2919.6965    8.8545
    7.5000   30.0000  -22.5000 2882.1965    9.0319
   -7.5000   37.5000  -22.5000 2887.4553    9.0928
    0.0000   37.5000  -22.5000 2900.3916    9.0752
    7.5000   37.5000  -22.5000 2867.8896    9.2519
   -7.5000   45.0000  -22.5000 2832.3474    9.4949
    0.0000   45.0000  -22.5000 2850.0767    9.4735
    7.5000   45.0000  -22.5000 2820.1768    9.6580
   -7.5000   52.5000  -22.5000 2731.9507   10.0117
    0.0000   52.5000  -22.5000 2745.6531   10.0021
    7.5000   52.5000  -22.5000 2717.5037   10.1876
   -7.5000   60.0000  -22.5000 2577.6177   10.6475
    0.0000   60.0000  -22.5000 2588.0623   10.6366
    7.5000   60.0000  -22.5000 2562.0593   10.8243
   -7.5000   67.5000  -22.5000 2388.4954   11.3017
    0.0000   67.5000  -22.5000 2398.6387   11.2823
    7.5000   67.5000  -22.5000 2373.9392   11.4763
   -7.5000  -22.5000  -15.0000 2487.9084   12.6348
    0.0000  -22.5000  -15.0000 2495.9055   12.6125
    7.5000  -22.5000  -15.0000 2477.0886   12.9601
   -7.5000  -15.0000  -15.0000 2602.2288   11.3799
    0.0000  -15.0000  -15.0000 2611.4500   11.3583
    7.5000  -15.0000  -15.0000 2588.8979   11.6837
   -7.5000   -7.5000  -15.0000 2697.8503   10.3875
    0.0000   -7.5000  -15.0000 2709.5037   10.3543
    7.5000   -7.5000  -15.0000 2691.2778   10.6381
   -7.5000    0.0000  -15.0000 2781.0852    9.6179
    0.0000    0.0000  -15.0000 2793.6626    9.5837
    7.5000    0.0000  -15.0000 2778.2524    9.8367
   -7.5000    7.5000  -15.0000 2856.3967    9.0585
    0.0000    7.5000  -15.0000 2870.5208    9.0247
    7.5000    7.5000  -15.0000 2851.5388    9.2549
   -7.5000   15.0000  -15.0000 2917.2256    8.7241
    0.0000   15.0000  -15.0000 2929.9331    8.6891
    7.5000   15.0000  -15.0000 2908.6819    8.8836
   -7.5000   22.5000  -15.0000 2955.3018    8.6145
    0.0000   22.5000  -15.0000 2974.7112    8.5927
    7.5000   22.5000  -15.0000 2936.7507    8.7675
   -7.5000   30.0000  -15.0000 2973.1926    8.5873
    0.0000   30.0000  -15.0000 2995.1675    8.5902
    7.5000   30.0000  -15.0000 2944.7937    8.7915
   -7.5000   37.5000  -15.0000 2951.3477    8.8131
    0.0000   37.5000  -15.0000 2967.3657    8.7961
    7.5000   37.5000  -15.0000 2926.4888    8.9895
   -7.5000   45.0000  -15.0000 2899.5398    9.2216
    0.0000   45.0000  -15.0000 2918.9155    9.1925
    7.5000   45.0000  -15.0000 2877.3445    9.3655
   -7.5000   52.5000  -15.0000 2795.0259    9.7421
    0.0000   52.5000  -15.0000 2809.1267    9.7102
    7.5000   52.5000  -15.0000 2774.1809    9.8794
   -7.5000   60.0000  -15.0000 2630.7993   10.3776
    0.0000   60.0000  -15.0000 2642.8174   10.3379
    7.5000   60.0000  -15.0000 2614.7134   10.5190
   -7.5000   67.5000  -15.0000 2434.9675   11.0322
    0.0000   67.5000  -15.0000 2445.7058   10.9947
    7.5000   67.5000  -15.0000 2419.7112   11.1838
   -7.5000  -22.5000   -7.5000 2464.8430   12.6463
    0.0000  -22.5000   -7.5000 2474.7939   12.6199
    7.5000  -22.5000   -7.5000 2461.3657   12.9824
   -7.5000  -15.0000   -7.5000 2577.9395   11.3832
    0.0000  -15.0000   -7.5000 2585.3213   11.3531
    7.5000  -15.0000   -7.5000 2571.5107   11.7001
   -7.5000   -7.5000   -7.5000 2680.4968   10.3631
    0.0000   -7.5000   -7.5000 2689.9058   10.3345
    7.5000   -7.5000   -7.5000 2679.8669   10.6390
   -7.5000    0.0000   -7.5000 2776.0808    9.5876
    0.0000    0.0000   -7.5000 2787.3008    9.5506
    7.5000    0.0000   -7.5000 2776.6846    9.8068
   -7.5000    7.5000   -7.5000 2862.8813    9.0027
    0.0000    7.5000   -7.5000 2878.5422    8.9544
    7.5000    7.5000   -7.5000 2861.9941    9.1780
   -7.5000   15.0000   -7.5000 2942.8250    8.6607
    0.0000   15.0000   -7.5000 2956.9805    8.6046
    7.5000   15.0000   -7.5000 2935.4514    8.7783
   -7.5000   22.5000   -7.5000 2995.4512    8.5857
    0.0000   22.5000   -7.5000 3017.9199    8.5400
    7.5000   22.5000   -7.5000 2977.3567    8.6237
   -7.5000   30.0000   -7.5000 3017.2354    8.5532
    0.0000   30.0000   -7.5000 3046.6362    8.5329
    7.5000   30.0000   -7.5000 2986.4766    8.6420
   -7.5000   37.5000   -7.5000 2991.6873    8.6894
    0.0000   37.5000   -7.5000 3005.9954    8.6667
    7.5000   37.5000   -7.5000 2961.9604    8.7963
   -7.5000   45.0000   -7.5000 2935.7549    9.0540
    0.0000   45.0000   -7.5000 2948.6677    8.9973
    7.5000   45.0000   -7.5000 2909.2307    9.1333
   -7.5000   52.5000   -7.5000 2823.7131    9.5566
    0.0000   52.5000   -7.5000 2836.9377    9.4823
    7.5000   52.5000   -7.5000 2803.9399    9.6427
   -7.5000   60.0000   -7.5000 2654.9827   10.1821
    0.0000   60.0000   -7.5000 2667.3735   10.1222
    7.5000   60.0000   -7.5000 2638.8010   10.2839
   -7.5000   67.5000   -7.5000 2457.0920   10.8287
    0.0000   67.5000   -7.5000 2465.5251   10.7921
    7.5000   67.5000   -7.5000 2443.4121   10.9479
   -7.5000  -22.5000    0.0000 2433.7141   12.9083
    0.0000  -22.5000    0.0000 2447.8330   12.8930
    7.5000  -22.5000    0.0000 2432.3003   13.2252
   -7.5000  -15.0000    0.0000 2550.2202   11.6082
    0.0000  -15.0000    0.0000 2560.7227   11.6027
    7.5000  -15.0000    0.0000 2546.6580   11.8703
   -7.5000   -7.5000    0.0000 2658.9465   10.5738
    0.0000   -7.5000    0.0000 2668.7214   10.5710
    7.5000   -7.5000    0.0000 2656.4827   10.7684
   -7.5000    0.0000    0.0000 2764.8933    9.7548
    0.0000    0.0000    0.0000 2778.6428    9.7553
    7.5000    0.0000    0.0000 2761.0496    9.9093
   -7.5000    7.5000    0.0000 2858.4304    9.1346
    0.0000    7.5000    0.0000 2872.5171    9.1060
    7.5000    7.5000    0.0000 2852.0952    9.2433
   -7.5000   15.0000    0.0000 2943.6968    8.7672
    0.0000   15.0000    0.0000 2958.4082    8.7101
    7.5000   15.0000    0.0000 2928.6042    8.8349
   -7.5000   22.5000    0.0000 3007.2820    8.6531
    0.0000   22.5000    0.0000 3025.5430    8.6256
    7.5000   22.5000    0.0000 2984.3533    8.6637
   -7.5000   30.0000    0.0000 3028.5981    8.6469
    0.0000   30.0000    0.0000 3057.0735    8.6293
    7.5000   30.0000    0.0000 2996.5396    8.6810
   -7.5000   37.5000    0.0000 2999.8325    8.7600
    0.0000   37.5000    0.0000 3022.7776    8.6958
    7.5000   37.5000    0.0000 2971.4307    8.8338
   -7.5000   45.0000    0.0000 2941.7788    9.0413
    0.0000   45.0000    0.0000 2956.6475    8.9714
    7.5000   45.0000    0.0000 2916.9153    9.1422
   -7.5000   52.5000    0.0000 2829.0342    9.5020
    0.0000   52.5000    0.0000 2842.5466    9.4439
    7.5000   52.5000    0.0000 2813.3958    9.6146
   -7.5000   60.0000    0.0000 2662.4434   10.0981
    0.0000   60.0000    0.0000 2667.9473   10.0689
    7.5000   60.0000    0.0000 2650.0459   10.2311
   -7.5000   67.5000    0.0000 2461.3083   10.7329
    0.0000   67.5000    0.0000 2467.5801   10.7215
    7.5000   67.5000    0.0000 2452.8655   10.8947
   -7.5000  -22.5000    7.5000 2405.9290   13.4402
    0.0000  -22.5000    7.5000 2419.3240   13.4495
    7.5000  -22.5000    7.5000 2395.4885   13.6697
   -7.5000  -15.0000    7.5000 2523.3862   12.0937
    0.0000  -15.0000    7.5000 2536.5034   12.0857
    7.5000  -15.0000    7.5000 2514.1101   12.2806
   -7.5000   -7.5000    7.5000 2635.4397   10.9928
    0.0000   -7.5000    7.5000 2648.8579   10.9859
    7.5000   -7.5000    7.5000 2628.3574   11.1503
   -7.5000    0.0000    7.5000 2737.6904   10.1006
    0.0000    0.0000    7.5000 2753.3943   10.0871
    7.5000    0.0000    7.5000 2731.7490   10.2297
   -7.5000    7.5000    7.5000 2834.8430    9.3922
    0.0000    7.5000    7.5000 2848.8943    9.3682
    7.5000    7.5000    7.5000 2827.5266    9.5103
   -7.5000   15.0000    7.5000 2919.0242    8.9411
    0.0000   15.0000    7.5000 2936.1177    8.9025
    7.5000   15.0000    7.5000 2911.4263    9.0617
   -7.5000   22.5000    7.5000 2980.7988    8.7206
    0.0000   22.5000    7.5000 3005.1682    8.7089
    7.5000   22.5000    7.5000 2969.3040    8.8661
   -7.5000   30.0000    7.5000 2999.5693    8.7052
    0.0000   30.0000    7.5000 3020.0354    8.6472
    7.5000   30.0000    7.5000 2979.5940    8.8800
   -7.5000   37.5000    7.5000 2970.6074    8.9255
    0.0000   37.5000    7.5000 2991.3999    8.8317
    7.5000   37.5000    7.5000 2955.4478    9.0661
   -7.5000   45.0000    7.5000 2915.7795    9.2785
    0.0000   45.0000    7.5000 2933.6963    9.2221
    7.5000   45.0000    7.5000 2902.5464    9.4151
   -7.5000   52.5000    7.5000 2807.8242    9.7239
    0.0000   52.5000    7.5000 2822.7075    9.6777
    7.5000   52.5000    7.5000 2796.4731    9.8610
   -7.5000   60.0000    7.5000 2647.1775   10.2532
    0.0000   60.0000    7.5000 2653.8877   10.2191
    7.5000   60.0000    7.5000 2635.4563   10.3993
   -7.5000   67.5000    7.5000 2450.3987   10.8482
    0.0000   67.5000    7.5000 2457.3293   10.8135
    7.5000   67.5000    7.5000 2441.5117   10.9904
   -7.5000  -22.5000   15.0000 2369.6365   14.1050
    0.0000  -22.5000   15.0000 2378.9744   14.0895
    7.5000  -22.5000   15.0000 2355.9036   14.3276
   -7.5000  -15.0000   15.0000 2488.4780   12.6109
    0.0000  -15.0000   15.0000 2500.5881   12.5853
    7.5000  -15.0000   15.0000 2474.1572   12.8185
   -7.5000   -7.5000   15.0000 2602.1692   11.4289
    0.0000   -7.5000   15.0000 2617.6357   11.3808
    7.5000   -7.5000   15.0000 2592.3079   11.5907
   -7.5000    0.0000   15.0000 2703.7024   10.4743
    0.0000    0.0000   15.0000 2722.4978   10.4012
    7.5000    0.0000   15.0000 2700.7781   10.6143
   -7.5000    7.5000   15.0000 2797.4963    9.7379
    0.0000    7.5000   15.0000 2819.0281    9.6618
    7.5000    7.5000   15.0000 2798.1909    9.8912
   -7.5000   15.0000   15.0000 2880.2922    9.2729
    0.0000   15.0000   15.0000 2899.8511    9.2201
    7.5000   15.0000   15.0000 2878.8142    9.4316
   -7.5000   22.5000   15.0000 2938.1050    9.0488
    0.0000   22.5000   15.0000 2961.1521    8.9909
    7.5000   22.5000   15.0000 2935.3857    9.2210
   -7.5000   30.0000   15.0000 2951.4622    9.0203
    0.0000   30.0000   15.0000 2967.6372    8.9261
    7.5000   30.0000   15.0000 2940.9971    9.2021
   -7.5000   37.5000   15.0000 2926.4717    9.2278
    0.0000   37.5000   15.0000 2948.7153    9.1531
    7.5000   37.5000   15.0000 2919.2527    9.3901
   -7.5000   45.0000   15.0000 2874.7473    9.6012
    0.0000   45.0000   15.0000 2892.8467    9.5384
    7.5000   45.0000   15.0000 2865.4126    9.7608
   -7.5000   52.5000   15.0000 2765.4766   10.0544
    0.0000   52.5000   15.0000 2778.4250   10.0066
    7.5000   52.5000   15.0000 2757.1846   10.2202
   -7.5000   60.0000   15.0000 2610.7278   10.5637
    0.0000   60.0000   15.0000 2617.4268   10.5385
    7.5000   60.0000   15.0000 2600.6018   10.7275
   -7.5000   67.5000   15.0000 2416.6990   11.1265
    0.0000   67.5000   15.0000 2425.7097   11.0984
    7.5000   67.5000   15.0000 2408.0710   11.2688
   -7.5000  -22.5000   22.5000 2319.6091   14.8148
    0.0000  -22.5000   22.5000 2332.6479   14.7618
    7.5000  -22.5000   22.5000 2308.3792   15.0560
   -7.5000  -15.0000   22.5000 2442.8699   13.2157
    0.0000  -15.0000   22.5000 2457.1113   13.1436
    7.5000  -15.0000   22.5000 2430.7920   13.4162
   -7.5000   -7.5000   22.5000 2558.7593   11.9482
    0.0000   -7.5000   22.5000 2574.7549   11.8580
    7.5000   -7.5000   22.5000 2549.2910   12.1433
   -7.5000    0.0000   22.5000 2663.4329   10.9470
    0.0000    0.0000   22.5000 2683.5779   10.8416
    7.5000    0.0000   22.5000 2658.1228   11.1202
   -7.5000    7.5000   22.5000 2757.8154   10.2438
    0.0000    7.5000   22.5000 2781.0068   10.1492
    7.5000    7.5000   22.5000 2757.0273   10.4039
   -7.5000   15.0000   22.5000 2830.5847    9.7900
    0.0000   15.0000   22.5000 2853.2734    9.7257
    7.5000   15.0000   22.5000 2830.7075    9.9471
   -7.5000   22.5000   22.5000 2883.4299    9.5272
    0.0000   22.5000   22.5000 2909.4766    9.4346
    7.5000   22.5000   22.5000 2883.1851    9.6822
   -7.5000   30.0000   22.5000 2895.8435    9.4871
    0.0000   30.0000   22.5000 2913.4136    9.4225
    7.5000   30.0000   22.5000 2890.4209    9.6516
   -7.5000   37.5000   22.5000 2873.8960    9.7012
    0.0000   37.5000   22.5000 2895.0505    9.6424
    7.5000   37.5000   22.5000 2868.4783    9.8483
   -7.5000   45.0000   22.5000 2815.6165   10.0714
    0.0000   45.0000   22.5000 2833.8396   10.0003
    7.5000   45.0000   22.5000 2810.2913   10.2139
   -7.5000   52.5000   22.5000 2711.9092   10.4959
    0.0000   52.5000   22.5000 2721.0979   10.4421
    7.5000   52.5000   22.5000 2701.8711   10.6541
   -7.5000   60.0000   22.5000 2558.9373   10.9790
    0.0000   60.0000   22.5000 2567.0474   10.9521
    7.5000   60.0000   22.5000 2546.6235   11.1391
   -7.5000   67.5000   22.5000 2370.2363   11.5570
    0.0000   67.5000   22.5000 2381.1228   11.5251
    7.5000   67.5000   22.5000 2363.7698   11.6659
   -7.5000  -22.5000   30.0000 2266.9861   15.6628
    0.0000  -22.5000   30.0000 2280.4795   15.5395
    7.5000  -22.5000   30.0000 2255.9563   15.8685
   -7.5000  -15.0000   30.0000 2395.1650   13.9653
    0.0000  -15.0000   30.0000 2408.7588   13.8469
    7.5000  -15.0000   30.0000 2380.5850   14.1605
   -7.5000   -7.5000   30.0000 2510.4324   12.6319
    0.0000   -7.5000   30.0000 2525.4084   12.5064
    7.5000   -7.5000   30.0000 2500.5439   12.8145
   -7.5000    0.0000   30.0000 2611.0762   11.6093
    0.0000    0.0000   30.0000 2629.5679   11.4957
    7.5000    0.0000   30.0000 2602.9263   11.7626
   -7.5000    7.5000   30.0000 2704.4861   10.8755
    0.0000    7.5000   30.0000 2723.7634   10.8023
    7.5000    7.5000   30.0000 2695.9573   11.0293
   -7.5000   15.0000   30.0000 2770.2893   10.4128
    0.0000   15.0000   30.0000 2791.6917   10.3321
    7.5000   15.0000   30.0000 2766.7205   10.5565
   -7.5000   22.5000   30.0000 2812.3752   10.1402
    0.0000   22.5000   30.0000 2837.2610   10.0506
    7.5000   22.5000   30.0000 2809.5752   10.2693
   -7.5000   30.0000   30.0000 2824.4089   10.1003
    0.0000   30.0000   30.0000 2843.9133   10.0526
    7.5000   30.0000   30.0000 2817.4048   10.2576
   -7.5000   37.5000   30.0000 2803.5337   10.3036
    0.0000   37.5000   30.0000 2828.8701   10.2519
    7.5000   37.5000   30.0000 2797.3157   10.4466
   -7.5000   45.0000   30.0000 2747.8711   10.6544
    0.0000   45.0000   30.0000 2765.1438   10.5918
    7.5000   45.0000   30.0000 2742.1194   10.7730
   -7.5000   52.5000   30.0000 2642.6626   11.0666
    0.0000   52.5000   30.0000 2650.3267   11.0164
    7.5000   52.5000   30.0000 2634.5276   11.2024
   -7.5000   60.0000   30.0000 2491.1926   11.5124
    0.0000   60.0000   30.0000 2500.2720   11.4879
    7.5000   60.0000   30.0000 2482.8806   11.6579
   -7.5000   67.5000   30.0000 2310.8953   12.0555
    0.0000   67.5000   30.0000 2321.9485   12.0532
    7.5000   67.5000   30.0000 2305.6201   12.1689
   -7.5000  -22.5000   37.5000 2212.5974   16.6570
    0.0000  -22.5000   37.5000 2223.8069   16.5066
    7.5000  -22.5000   37.5000 2201.3323   16.8712
   -7.5000  -15.0000   37.5000 2340.7700   14.8692
    0.0000  -15.0000   37.5000 2356.7019   14.7222
    7.5000  -15.0000   37.5000 2329.2161   15.0194
   -7.5000   -7.5000   37.5000 2457.3899   13.4819
    0.0000   -7.5000   37.5000 2473.1584   13.3521
    7.5000   -7.5000   37.5000 2447.1523   13.6379
   -7.5000    0.0000   37.5000 2551.7156   12.4187
    0.0000    0.0000   37.5000 2571.3965   12.3211
    7.5000    0.0000   37.5000 2545.4697   12.5861
   -7.5000    7.5000   37.5000 2637.3408   11.6613
    0.0000    7.5000   37.5000 2654.1931   11.5843
    7.5000    7.5000   37.5000 2628.9917   11.8158
   -7.5000   15.0000   37.5000 2696.8535   11.1531
    0.0000   15.0000   37.5000 2717.1917   11.0718
    7.5000   15.0000   37.5000 2691.2954   11.2906
   -7.5000   22.5000   37.5000 2734.4443   10.8750
    0.0000   22.5000   37.5000 2752.0818   10.8267
    7.5000   22.5000   37.5000 2727.1824   11.0215
   -7.5000   30.0000   37.5000 2735.4487   10.8569
    0.0000   30.0000   37.5000 2754.3960   10.8346
    7.5000   30.0000   37.5000 2727.0256   11.0134
   -7.5000   37.5000   37.5000 2712.3535   11.0238
    0.0000   37.5000   37.5000 2734.7542   10.9974
    7.5000   37.5000   37.5000 2709.3865   11.1554
   -7.5000   45.0000   37.5000 2670.7043   11.3241
    0.0000   45.0000   37.5000 2691.4897   11.2691
    7.5000   45.0000   37.5000 2664.3315   11.4503
   -7.5000   52.5000   37.5000 2568.1162   11.7395
    0.0000   52.5000   37.5000 2584.0764   11.7091
    7.5000   52.5000   37.5000 2563.3210   11.8665
   -7.5000   60.0000   37.5000 2417.8696   12.1990
    0.0000   60.0000   37.5000 2434.3779   12.1703
    7.5000   60.0000   37.5000 2413.4329   12.3155
   -7.5000   67.5000   37.5000 2242.7893   12.7061
    0.0000   67.5000   37.5000 2259.4111   12.6958
    7.5000   67.5000   37.5000 2238.8992   12.8074
   -7.5000  -22.5000   45.0000 2149.6018   17.8706
    0.0000  -22.5000   45.0000 2161.9204   17.7193
    7.5000  -22.5000   45.0000 2140.2910   18.0872
   -7.5000  -15.0000   45.0000 2278.0200   15.9637
    0.0000  -15.0000   45.0000 2295.0630   15.8137
    7.5000  -15.0000   45.0000 2267.2651   16.1258
   -7.5000   -7.5000   45.0000 2391.1431   14.5323
    0.0000   -7.5000   45.0000 2409.5520   14.3970
    7.5000   -7.5000   45.0000 2382.4778   14.6788
   -7.5000    0.0000   45.0000 2484.3352   13.4333
    0.0000    0.0000   45.0000 2502.1030   13.3320
    7.5000    0.0000   45.0000 2478.2205   13.5880
   -7.5000    7.5000   45.0000 2560.3027   12.6215
    0.0000    7.5000   45.0000 2577.4067   12.5467
    7.5000    7.5000   45.0000 2553.9683   12.7537
   -7.5000   15.0000   45.0000 2612.7119   12.0590
    0.0000   15.0000   45.0000 2631.2659   11.9866
    7.5000   15.0000   45.0000 2607.4763   12.1850
   -7.5000   22.5000   45.0000 2642.1619   11.7599
    0.0000   22.5000   45.0000 2657.1912   11.7444
    7.5000   22.5000   45.0000 2635.5342   11.9093
   -7.5000   30.0000   45.0000 2638.3726   11.7384
    0.0000   30.0000   45.0000 2657.7742   11.7235
    7.5000   30.0000   45.0000 2633.5037   11.8868
   -7.5000   37.5000   45.0000 2611.8091   11.8798
    0.0000   37.5000   45.0000 2632.2542   11.8706
    7.5000   37.5000   45.0000 2610.0173   12.0043
   -7.5000   45.0000   45.0000 2571.0017   12.1516
    0.0000   45.0000   45.0000 2593.6414   12.1181
    7.5000   45.0000   45.0000 2565.3940   12.2627
   -7.5000   52.5000   45.0000 2482.7097   12.5413
    0.0000   52.5000   45.0000 2503.9897   12.4917
    7.5000   52.5000   45.0000 2478.6785   12.6487
   -7.5000   60.0000   45.0000 2342.5444   12.9911
    0.0000   60.0000   45.0000 2359.8840   12.9623
    7.5000   60.0000   45.0000 2338.7883   13.0901
   -7.5000   67.5000   45.0000 2166.7083   13.5063
    0.0000   67.5000   45.0000 2186.5884   13.4870
    7.5000   67.5000   45.0000 2167.1528   13.6063

---------------------------------------------------------------------
imgreg_4dfp /opt/freesurfer/average/711-2C_as_mni_average_305 /opt/freesurfer/average/711-2B_as_mni_average_305_mask talsrcimg_g11 none talsrcimg_to_711-2C_as_mni_average_305_t4 1283
---------------------------------------------------------------------

freesurfer imgreg_4dfp.c
/opt/freesurfer/average/711-2C_as_mni_average_305.4dfp.img
       256       256       256         1
  1.000000  1.000000  1.000000
orientation T byte_order littleendian
Reading image: /opt/freesurfer/average/711-2C_as_mni_average_305.4dfp.img
dimensions:      256       256       256
mmppix:       1.0000   -1.0000   -1.0000
center:     128.0000 -129.0000 -129.0000
/opt/freesurfer/average/711-2B_as_mni_average_305_mask.4dfp.img
       256       256       256         1
  1.000000  1.000000  1.000000
orientation T byte_order littleendian
Reading mask: /opt/freesurfer/average/711-2B_as_mni_average_305_mask.4dfp.img (2306576 pixels)
talsrcimg_g11.4dfp.img
       256       256       256         1
  1.000000  1.000000  1.000000
orientation T byte_order littleendian
Reading image: talsrcimg_g11.4dfp.img
dimensions:      256       256       256
mmppix:       1.0000   -1.0000   -1.0000
center:     128.0000 -129.0000 -129.0000
rotation matrix determinant  1.000000
fimgreg.f
image alignment mode   1283 decimal      503 hex
parameters
    0.0000   30.0000    0.0000    0.0000    0.0000    0.0000
eta,q 0.95863  8.64360
niter,ni,del,rscale     5    3   12.0000    1.2000
parameter  4  0.931670 ->  0.500000 qaram    1.1500
parameters
   -1.5105   29.6303   -1.9725   -3.4500   -0.2769   -0.6488
eta,q 0.96355  8.59864
  0.0479  0.0479  0.0420  0.0359  0.0428  0.0404
  0.0425  0.0439  0.0396  0.0363  0.0394  0.0381
  0.0401  0.0410  0.0387  0.0370  0.0371  0.0368
  0.0408  0.0398  0.0397  0.0386  0.0365  0.0365
  0.0456  0.0416  0.0421  0.0414  0.0377  0.0377
  0.0522  0.0456  0.0449  0.0448  0.0404  0.0398
  0.0580  0.0499  0.0483  0.0484  0.0439  0.0421
niter,ni,del,rscale     5    3   12.0000    1.2000
parameter  4  0.575926 ->  0.500000 qaram    1.3225
parameters
   -1.8456   30.2764   -3.0357   -7.4175    0.0682   -1.5047
eta,q 0.96626  8.60580
  0.0491  0.0455  0.0412  0.0349  0.0424  0.0378
  0.0430  0.0410  0.0375  0.0342  0.0386  0.0352
  0.0380  0.0378  0.0360  0.0344  0.0353  0.0338
  0.0365  0.0365  0.0364  0.0359  0.0340  0.0340
  0.0387  0.0369  0.0385  0.0375  0.0348  0.0354
  0.0451  0.0389  0.0414  0.0409  0.0373  0.0375
  0.0524  0.0422  0.0452  0.0453  0.0408  0.0401
niter,ni,del,rscale     5    3   12.0000    1.2000
parameters
   -2.0693   31.2455   -3.9099   -8.4819   -0.1142   -1.6696
eta,q 0.96739  8.56347
  0.0481  0.0450  0.0391  0.0381  0.0405  0.0378
  0.0412  0.0405  0.0351  0.0354  0.0365  0.0349
  0.0356  0.0368  0.0330  0.0333  0.0334  0.0328
  0.0337  0.0337  0.0331  0.0328  0.0327  0.0327
  0.0361  0.0334  0.0354  0.0350  0.0343  0.0339
  0.0429  0.0361  0.0388  0.0377  0.0375  0.0356
  0.0503  0.0403  0.0428  0.0415  0.0411  0.0379
niter,ni,del,rscale     4    3   12.0000    1.2000
parameters
   -2.0664   31.5140   -4.1760   -8.9339   -0.2322   -1.6908
eta,q 0.96745  8.55255
  0.0488  0.0433  0.0406  0.0386  0.0405  0.0380
  0.0418  0.0385  0.0358  0.0363  0.0366  0.0350
  0.0356  0.0346  0.0330  0.0338  0.0334  0.0329
  0.0326  0.0326  0.0326  0.0325  0.0326  0.0326
  0.0345  0.0338  0.0342  0.0340  0.0342  0.0337
  0.0415  0.0374  0.0374  0.0370  0.0373  0.0355
  0.0493  0.0416  0.0414  0.0404  0.0407  0.0375
niter,ni,del,rscale     3    3   12.0000    1.2000
parameters
   -2.0274   31.6362   -4.3113   -9.1923   -0.3122   -1.6867
eta,q 0.96743  8.54967
  0.0490  0.0428  0.0410  0.0386  0.0405  0.0380
  0.0421  0.0379  0.0360  0.0365  0.0367  0.0350
  0.0357  0.0341  0.0331  0.0341  0.0335  0.0329
  0.0325  0.0325  0.0325  0.0325  0.0326  0.0326
  0.0344  0.0341  0.0340  0.0336  0.0341  0.0337
  0.0414  0.0378  0.0371  0.0366  0.0372  0.0355
  0.0493  0.0417  0.0411  0.0400  0.0406  0.0374
niter,ni,del,rscale     2    3   12.0000    1.2000
parameters
   -1.9921   31.7031   -4.3869   -9.3395   -0.3593   -1.6722
eta,q 0.96742  8.54807
  0.0491  0.0426  0.0412  0.0386  0.0406  0.0380
  0.0421  0.0376  0.0362  0.0367  0.0367  0.0350
  0.0357  0.0339  0.0332  0.0343  0.0336  0.0330
  0.0326  0.0326  0.0326  0.0325  0.0326  0.0326
  0.0344  0.0343  0.0340  0.0334  0.0341  0.0337
  0.0415  0.0379  0.0370  0.0363  0.0372  0.0355
  0.0494  0.0416  0.0410  0.0398  0.0405  0.0374
niter,ni,del,rscale     1    3   12.0000    1.2000
parameters
   -1.9689   31.7434   -4.4282   -9.4236   -0.3857   -1.6619
eta,q 0.96740  8.54694
  0.0491  0.0424  0.0413  0.0386  0.0406  0.0379
  0.0421  0.0375  0.0363  0.0367  0.0368  0.0350
  0.0357  0.0338  0.0332  0.0345  0.0336  0.0330
  0.0326  0.0326  0.0326  0.0326  0.0326  0.0326
  0.0345  0.0343  0.0340  0.0333  0.0341  0.0337
  0.0416  0.0379  0.0370  0.0362  0.0371  0.0355
  0.0495  0.0416  0.0409  0.0397  0.0404  0.0374
registration optimization eta report
parameter search radius
    6.0000    6.0000    6.0000    7.9350    6.0000    6.0000
100000*second partial in parameter space
       45.       25.       24.       10.       21.       14.
  0.0491  0.0424  0.0413  0.0386  0.0406  0.0379
  0.0421  0.0375  0.0363  0.0367  0.0368  0.0350
  0.0357  0.0338  0.0332  0.0345  0.0336  0.0330
  0.0326  0.0326  0.0326  0.0326  0.0326  0.0326
  0.0345  0.0343  0.0340  0.0333  0.0341  0.0337
  0.0416  0.0379  0.0370  0.0362  0.0371  0.0355
  0.0495  0.0416  0.0409  0.0397  0.0404  0.0374
   -1.9689   31.7434   -4.4282   -9.4236   -0.3857   -1.6619
eta,q 0.96740  8.54694

---------------------------------------------------------------------
imgreg_4dfp /opt/freesurfer/average/711-2C_as_mni_average_305 /opt/freesurfer/average/711-2B_as_mni_average_305_mask talsrcimg_g11 none talsrcimg_to_711-2C_as_mni_average_305_t4 3335
---------------------------------------------------------------------

freesurfer imgreg_4dfp.c
/opt/freesurfer/average/711-2C_as_mni_average_305.4dfp.img
       256       256       256         1
  1.000000  1.000000  1.000000
orientation T byte_order littleendian
Reading image: /opt/freesurfer/average/711-2C_as_mni_average_305.4dfp.img
dimensions:      256       256       256
mmppix:       1.0000   -1.0000   -1.0000
center:     128.0000 -129.0000 -129.0000
/opt/freesurfer/average/711-2B_as_mni_average_305_mask.4dfp.img
       256       256       256         1
  1.000000  1.000000  1.000000
orientation T byte_order littleendian
Reading mask: /opt/freesurfer/average/711-2B_as_mni_average_305_mask.4dfp.img (2306576 pixels)
talsrcimg_g11.4dfp.img
       256       256       256         1
  1.000000  1.000000  1.000000
orientation T byte_order littleendian
Reading image: talsrcimg_g11.4dfp.img
dimensions:      256       256       256
mmppix:       1.0000   -1.0000   -1.0000
center:     128.0000 -129.0000 -129.0000
fimgreg.f
image alignment mode   3335 decimal      D07 hex
parameters
   -1.9689   31.7434   -4.4282   -0.0443   -1.3878   -1.3518
    2.7509    1.1387   -2.9001   16.3471   -0.6732  -16.3729
eta,q 0.96735  8.64226
niter,ni,del,rscale     5    3    5.0000    1.2000
parameters
   -1.8263   31.5731   -4.4131   -2.8731   -1.4815   -0.8175
    3.5389    2.4316   -0.3093   17.8198    1.1688  -14.4017
eta,q 0.96873  8.59663
  0.0354  0.0341  0.0341  0.0334  0.0347  0.0364  0.0350  0.0367  0.0343  0.0346  0.0334  0.0337
  0.0340  0.0332  0.0333  0.0325  0.0336  0.0350  0.0336  0.0348  0.0332  0.0332  0.0325  0.0326
  0.0331  0.0327  0.0328  0.0322  0.0326  0.0333  0.0325  0.0331  0.0323  0.0322  0.0318  0.0318
  0.0326  0.0326  0.0326  0.0326  0.0322  0.0322  0.0321  0.0320  0.0318  0.0316  0.0315  0.0314
  0.0328  0.0329  0.0328  0.0339  0.0324  0.0323  0.0322  0.0318  0.0316  0.0315  0.0314  0.0313
  0.0336  0.0336  0.0333  0.0355  0.0334  0.0337  0.0328  0.0328  0.0317  0.0319  0.0316  0.0315
  0.0348  0.0345  0.0340  0.0375  0.0351  0.0358  0.0340  0.0345  0.0322  0.0329  0.0321  0.0321
niter,ni,del,rscale     4    3    5.0000    1.2000
parameters
   -1.4889   32.0654   -4.1551   -3.4919   -1.8353   -0.4828
    2.5566    2.0477    0.3720   17.9099    1.5624  -14.0316
eta,q 0.96894  8.57944
  0.0347  0.0336  0.0331  0.0339  0.0335  0.0360  0.0329  0.0346  0.0327  0.0332  0.0325  0.0327
  0.0330  0.0324  0.0322  0.0325  0.0325  0.0344  0.0318  0.0328  0.0319  0.0322  0.0318  0.0318
  0.0318  0.0316  0.0315  0.0315  0.0316  0.0324  0.0312  0.0315  0.0313  0.0314  0.0313  0.0312
  0.0313  0.0312  0.0312  0.0311  0.0312  0.0312  0.0311  0.0311  0.0311  0.0311  0.0311  0.0310
  0.0313  0.0312  0.0312  0.0317  0.0315  0.0316  0.0317  0.0317  0.0311  0.0313  0.0312  0.0312
  0.0320  0.0315  0.0317  0.0332  0.0325  0.0333  0.0327  0.0333  0.0315  0.0320  0.0316  0.0317
  0.0332  0.0322  0.0325  0.0351  0.0343  0.0357  0.0341  0.0354  0.0322  0.0332  0.0322  0.0323
niter,ni,del,rscale     3    3    5.0000    1.2000
parameters
   -1.5234   32.1888   -3.9984   -3.5440   -1.9481   -0.3026
    2.3509    1.7669    0.5548   17.9465    1.6806  -13.9520
eta,q 0.96896  8.57992
  0.0336  0.0328  0.0329  0.0341  0.0334  0.0359  0.0333  0.0346  0.0325  0.0332  0.0324  0.0326
  0.0322  0.0319  0.0320  0.0328  0.0325  0.0342  0.0321  0.0328  0.0317  0.0321  0.0317  0.0317
  0.0313  0.0313  0.0313  0.0316  0.0316  0.0322  0.0313  0.0315  0.0312  0.0314  0.0312  0.0312
  0.0311  0.0311  0.0311  0.0310  0.0310  0.0311  0.0310  0.0310  0.0310  0.0310  0.0310  0.0310
  0.0314  0.0312  0.0312  0.0313  0.0313  0.0316  0.0314  0.0316  0.0312  0.0313  0.0312  0.0312
  0.0323  0.0317  0.0316  0.0326  0.0322  0.0334  0.0323  0.0332  0.0316  0.0320  0.0316  0.0317
  0.0337  0.0324  0.0325  0.0345  0.0339  0.0359  0.0336  0.0353  0.0324  0.0332  0.0323  0.0324
niter,ni,del,rscale     2    3    5.0000    1.2000
parameters
   -1.5873   32.2220   -3.8893   -3.5481   -2.0284   -0.1827
    2.3513    1.6003    0.6189   17.9647    1.7107  -13.9081
eta,q 0.96897  8.58085
  0.0335  0.0327  0.0328  0.0341  0.0334  0.0359  0.0334  0.0347  0.0324  0.0332  0.0324  0.0325
  0.0321  0.0317  0.0319  0.0328  0.0325  0.0341  0.0322  0.0329  0.0317  0.0321  0.0316  0.0317
  0.0313  0.0312  0.0313  0.0316  0.0316  0.0322  0.0313  0.0316  0.0312  0.0314  0.0312  0.0312
  0.0310  0.0310  0.0310  0.0310  0.0310  0.0310  0.0310  0.0310  0.0310  0.0310  0.0310  0.0310
  0.0314  0.0312  0.0312  0.0313  0.0312  0.0316  0.0313  0.0316  0.0312  0.0313  0.0312  0.0312
  0.0323  0.0317  0.0317  0.0326  0.0322  0.0334  0.0321  0.0331  0.0316  0.0320  0.0316  0.0317
  0.0338  0.0325  0.0326  0.0344  0.0339  0.0361  0.0334  0.0351  0.0324  0.0333  0.0324  0.0324
niter,ni,del,rscale     1    3    5.0000    1.2000
parameters
   -1.6295   32.2385   -3.8130   -3.5485   -2.0890   -0.1024
    2.3813    1.5089    0.6452   17.9727    1.7256  -13.8728
eta,q 0.96897  8.58120
  0.0336  0.0326  0.0328  0.0341  0.0334  0.0359  0.0334  0.0348  0.0324  0.0332  0.0324  0.0325
  0.0321  0.0317  0.0319  0.0328  0.0325  0.0341  0.0322  0.0329  0.0317  0.0321  0.0316  0.0317
  0.0313  0.0312  0.0313  0.0316  0.0316  0.0322  0.0313  0.0316  0.0312  0.0314  0.0312  0.0312
  0.0310  0.0310  0.0310  0.0310  0.0310  0.0310  0.0310  0.0310  0.0310  0.0310  0.0310  0.0310
  0.0314  0.0312  0.0312  0.0313  0.0312  0.0316  0.0313  0.0315  0.0312  0.0313  0.0312  0.0312
  0.0323  0.0317  0.0317  0.0326  0.0322  0.0335  0.0321  0.0330  0.0316  0.0320  0.0316  0.0317
  0.0337  0.0325  0.0326  0.0344  0.0339  0.0362  0.0334  0.0351  0.0324  0.0333  0.0324  0.0324
registration optimization eta report
parameter search radius
    2.4000    2.4000    2.4000    7.2000    7.2000    7.2000
    7.2000    7.2000    7.2000    7.2000    7.2000    7.2000
100000*second partial in parameter space
       45.       27.       29.        6.        5.        9.
        5.        7.        3.        4.        3.        3.
  0.0336  0.0326  0.0328  0.0341  0.0334  0.0359  0.0334  0.0348  0.0324  0.0332  0.0324  0.0325
  0.0321  0.0317  0.0319  0.0328  0.0325  0.0341  0.0322  0.0329  0.0317  0.0321  0.0316  0.0317
  0.0313  0.0312  0.0313  0.0316  0.0316  0.0322  0.0313  0.0316  0.0312  0.0314  0.0312  0.0312
  0.0310  0.0310  0.0310  0.0310  0.0310  0.0310  0.0310  0.0310  0.0310  0.0310  0.0310  0.0310
  0.0314  0.0312  0.0312  0.0313  0.0312  0.0316  0.0313  0.0315  0.0312  0.0313  0.0312  0.0312
  0.0323  0.0317  0.0317  0.0326  0.0322  0.0335  0.0321  0.0330  0.0316  0.0320  0.0316  0.0317
  0.0337  0.0325  0.0326  0.0344  0.0339  0.0362  0.0334  0.0351  0.0324  0.0333  0.0324  0.0324
   -1.6295   32.2385   -3.8130   -3.5485   -2.0890   -0.1024
    2.3813    1.5089    0.6452   17.9727    1.7256  -13.8728
eta,q 0.96897  8.58120

---------------------------------------------------------------------
imgreg_4dfp /opt/freesurfer/average/711-2C_as_mni_average_305 /opt/freesurfer/average/711-2B_as_mni_average_305_mask talsrcimg_g11 none talsrcimg_to_711-2C_as_mni_average_305_t4 2311
---------------------------------------------------------------------

freesurfer imgreg_4dfp.c
/opt/freesurfer/average/711-2C_as_mni_average_305.4dfp.img
       256       256       256         1
  1.000000  1.000000  1.000000
orientation T byte_order littleendian
Reading image: /opt/freesurfer/average/711-2C_as_mni_average_305.4dfp.img
dimensions:      256       256       256
mmppix:       1.0000   -1.0000   -1.0000
center:     128.0000 -129.0000 -129.0000
/opt/freesurfer/average/711-2B_as_mni_average_305_mask.4dfp.img
       256       256       256         1
  1.000000  1.000000  1.000000
orientation T byte_order littleendian
Reading mask: /opt/freesurfer/average/711-2B_as_mni_average_305_mask.4dfp.img (2306576 pixels)
talsrcimg_g11.4dfp.img
       256       256       256         1
  1.000000  1.000000  1.000000
orientation T byte_order littleendian
Reading image: talsrcimg_g11.4dfp.img
dimensions:      256       256       256
mmppix:       1.0000   -1.0000   -1.0000
center:     128.0000 -129.0000 -129.0000
fimgreg.f
image alignment mode   2311 decimal      907 hex
parameters
   -1.6295   32.2385   -3.8130   -3.5485   -2.0890   -0.1024
    2.3813    1.5089    0.6452   17.9727    1.7256  -13.8728
eta,q 0.96897  8.58120
niter,ni,del,rscale     5    3    5.0000    0.8000
parameters
   -1.6754   32.2182   -3.7322   -3.3015   -1.7194    0.1541
    2.2703    1.5447    0.6075   17.7879    1.7258  -14.0436
eta,q 0.96904  8.60525
  0.0321  0.0317  0.0319  0.0328  0.0324  0.0341  0.0321  0.0330  0.0316  0.0320  0.0316  0.0316
  0.0315  0.0313  0.0314  0.0319  0.0318  0.0327  0.0314  0.0320  0.0312  0.0314  0.0312  0.0312
  0.0311  0.0311  0.0311  0.0313  0.0313  0.0316  0.0311  0.0313  0.0310  0.0311  0.0310  0.0310
  0.0310  0.0310  0.0310  0.0310  0.0310  0.0310  0.0310  0.0310  0.0310  0.0310  0.0310  0.0310
  0.0312  0.0311  0.0311  0.0311  0.0310  0.0312  0.0311  0.0311  0.0310  0.0311  0.0310  0.0311
  0.0316  0.0314  0.0313  0.0316  0.0314  0.0322  0.0315  0.0319  0.0312  0.0315  0.0312  0.0313
  0.0323  0.0317  0.0317  0.0325  0.0322  0.0336  0.0322  0.0330  0.0316  0.0322  0.0316  0.0317
niter,ni,del,rscale     4    3    5.0000    0.7000
parameters
   -1.6926   32.1189   -3.5842   -3.2811   -1.5828    0.3529
    2.2305    1.5588    0.5814   17.6443    1.7232  -13.9634
eta,q 0.96908  8.61497
  0.0319  0.0314  0.0317  0.0322  0.0320  0.0335  0.0318  0.0325  0.0314  0.0318  0.0314  0.0315
  0.0313  0.0312  0.0313  0.0316  0.0315  0.0323  0.0313  0.0317  0.0312  0.0313  0.0311  0.0312
  0.0310  0.0310  0.0311  0.0311  0.0311  0.0314  0.0310  0.0312  0.0310  0.0310  0.0310  0.0310
  0.0310  0.0310  0.0309  0.0309  0.0309  0.0309  0.0309  0.0309  0.0309  0.0309  0.0309  0.0309
  0.0311  0.0311  0.0310  0.0310  0.0310  0.0312  0.0310  0.0311  0.0310  0.0310  0.0310  0.0310
  0.0314  0.0313  0.0311  0.0315  0.0314  0.0319  0.0313  0.0316  0.0312  0.0314  0.0311  0.0312
  0.0319  0.0316  0.0314  0.0323  0.0320  0.0331  0.0318  0.0325  0.0314  0.0319  0.0314  0.0315
niter,ni,del,rscale     3    3    5.0000    0.6000
parameters
   -1.6905   32.0571   -3.4661   -3.2615   -1.4956    0.4896
    2.2178    1.5828    0.5548   17.4782    1.7055  -13.8541
eta,q 0.96909  8.62110
  0.0316  0.0313  0.0315  0.0319  0.0318  0.0329  0.0316  0.0321  0.0313  0.0315  0.0313  0.0314
  0.0312  0.0311  0.0312  0.0314  0.0314  0.0320  0.0312  0.0315  0.0311  0.0312  0.0311  0.0311
  0.0310  0.0310  0.0310  0.0311  0.0311  0.0312  0.0310  0.0311  0.0310  0.0310  0.0310  0.0310
  0.0309  0.0309  0.0309  0.0309  0.0309  0.0309  0.0309  0.0309  0.0309  0.0309  0.0309  0.0309
  0.0310  0.0310  0.0309  0.0310  0.0310  0.0311  0.0310  0.0310  0.0310  0.0310  0.0309  0.0310
  0.0312  0.0311  0.0311  0.0313  0.0313  0.0317  0.0312  0.0314  0.0311  0.0313  0.0311  0.0311
  0.0316  0.0314  0.0313  0.0319  0.0317  0.0327  0.0316  0.0321  0.0313  0.0317  0.0313  0.0313
niter,ni,del,rscale     2    3    5.0000    0.5000
parameters
   -1.6880   32.0028   -3.3782   -3.2143   -1.4199    0.5835
    2.1758    1.6342    0.5270   17.2922    1.6708  -13.7379
eta,q 0.96910  8.62618
  0.0314  0.0312  0.0313  0.0316  0.0315  0.0324  0.0314  0.0318  0.0312  0.0313  0.0311  0.0312
  0.0311  0.0310  0.0311  0.0312  0.0312  0.0316  0.0311  0.0314  0.0310  0.0311  0.0310  0.0310
  0.0310  0.0309  0.0310  0.0310  0.0310  0.0311  0.0309  0.0310  0.0309  0.0309  0.0309  0.0309
  0.0309  0.0309  0.0309  0.0309  0.0309  0.0309  0.0309  0.0309  0.0309  0.0309  0.0309  0.0309
  0.0310  0.0310  0.0309  0.0309  0.0309  0.0310  0.0310  0.0310  0.0309  0.0310  0.0309  0.0309
  0.0311  0.0311  0.0310  0.0312  0.0311  0.0315  0.0311  0.0313  0.0310  0.0312  0.0310  0.0310
  0.0314  0.0312  0.0312  0.0316  0.0315  0.0322  0.0314  0.0318  0.0312  0.0314  0.0312  0.0312
niter,ni,del,rscale     1    3    5.0000    0.4000
parameters
   -1.6826   31.9540   -3.3256   -3.1697   -1.3260    0.6359
    2.1574    1.6954    0.4806   17.1293    1.6480  -13.6377
eta,q 0.96911  8.63066
  0.0312  0.0311  0.0311  0.0313  0.0313  0.0319  0.0312  0.0315  0.0311  0.0312  0.0311  0.0311
  0.0310  0.0310  0.0310  0.0311  0.0311  0.0314  0.0310  0.0312  0.0310  0.0310  0.0310  0.0310
  0.0309  0.0309  0.0309  0.0310  0.0310  0.0310  0.0309  0.0310  0.0309  0.0309  0.0309  0.0309
  0.0309  0.0309  0.0309  0.0309  0.0309  0.0309  0.0309  0.0309  0.0309  0.0309  0.0309  0.0309
  0.0309  0.0309  0.0309  0.0309  0.0309  0.0310  0.0309  0.0309  0.0309  0.0309  0.0309  0.0309
  0.0310  0.0310  0.0310  0.0311  0.0310  0.0313  0.0310  0.0311  0.0310  0.0311  0.0310  0.0310
  0.0312  0.0311  0.0311  0.0313  0.0313  0.0318  0.0312  0.0315  0.0311  0.0313  0.0311  0.0311
registration optimization eta report
parameter search radius
    0.8000    0.8000    0.8000    2.4000    2.4000    2.4000
    2.4000    2.4000    2.4000    2.4000    2.4000    2.4000
100000*second partial in parameter space
       49.       31.       34.        8.        7.       16.
        5.       10.        3.        6.        3.        3.
  0.0312  0.0311  0.0311  0.0313  0.0313  0.0319  0.0312  0.0315  0.0311  0.0312  0.0311  0.0311
  0.0310  0.0310  0.0310  0.0311  0.0311  0.0314  0.0310  0.0312  0.0310  0.0310  0.0310  0.0310
  0.0309  0.0309  0.0309  0.0310  0.0310  0.0310  0.0309  0.0310  0.0309  0.0309  0.0309  0.0309
  0.0309  0.0309  0.0309  0.0309  0.0309  0.0309  0.0309  0.0309  0.0309  0.0309  0.0309  0.0309
  0.0309  0.0309  0.0309  0.0309  0.0309  0.0310  0.0309  0.0309  0.0309  0.0309  0.0309  0.0309
  0.0310  0.0310  0.0310  0.0311  0.0310  0.0313  0.0310  0.0311  0.0310  0.0311  0.0310  0.0310
  0.0312  0.0311  0.0311  0.0313  0.0313  0.0318  0.0312  0.0315  0.0311  0.0313  0.0311  0.0311
   -1.6826   31.9540   -3.3256   -3.1697   -1.3260    0.6359
    2.1574    1.6954    0.4806   17.1293    1.6480  -13.6377
eta,q 0.96911  8.63066

---------------------------------------------------------------------
imgreg_4dfp /opt/freesurfer/average/711-2C_as_mni_average_305 /opt/freesurfer/average/711-2B_as_mni_average_305_mask talsrcimg_g11 none talsrcimg_to_711-2C_as_mni_average_305_t4 2311
---------------------------------------------------------------------

freesurfer imgreg_4dfp.c
/opt/freesurfer/average/711-2C_as_mni_average_305.4dfp.img
       256       256       256         1
  1.000000  1.000000  1.000000
orientation T byte_order littleendian
Reading image: /opt/freesurfer/average/711-2C_as_mni_average_305.4dfp.img
dimensions:      256       256       256
mmppix:       1.0000   -1.0000   -1.0000
center:     128.0000 -129.0000 -129.0000
/opt/freesurfer/average/711-2B_as_mni_average_305_mask.4dfp.img
       256       256       256         1
  1.000000  1.000000  1.000000
orientation T byte_order littleendian
Reading mask: /opt/freesurfer/average/711-2B_as_mni_average_305_mask.4dfp.img (2306576 pixels)
talsrcimg_g11.4dfp.img
       256       256       256         1
  1.000000  1.000000  1.000000
orientation T byte_order littleendian
Reading image: talsrcimg_g11.4dfp.img
dimensions:      256       256       256
mmppix:       1.0000   -1.0000   -1.0000
center:     128.0000 -129.0000 -129.0000
fimgreg.f
image alignment mode   2311 decimal      907 hex
parameters
   -1.6826   31.9540   -3.3256   -3.1697   -1.3260    0.6359
    2.1574    1.6954    0.4806   17.1293    1.6480  -13.6377
eta,q 0.96911  8.63066
niter,ni,del,rscale     5    3    5.0000    0.8000
parameters
   -1.6514   31.9196   -3.3221   -3.3777   -1.4760    0.6459
    2.2754    1.6213    0.4542   17.1146    1.6563  -13.4676
eta,q 0.96910  8.62032
  0.0322  0.0317  0.0317  0.0324  0.0322  0.0339  0.0321  0.0329  0.0316  0.0321  0.0315  0.0317
  0.0315  0.0312  0.0313  0.0316  0.0316  0.0325  0.0315  0.0319  0.0312  0.0315  0.0312  0.0312
  0.0310  0.0310  0.0310  0.0311  0.0311  0.0314  0.0310  0.0312  0.0310  0.0310  0.0310  0.0310
  0.0309  0.0309  0.0309  0.0309  0.0309  0.0309  0.0309  0.0309  0.0309  0.0309  0.0309  0.0309
  0.0310  0.0310  0.0310  0.0311  0.0310  0.0313  0.0310  0.0311  0.0310  0.0310  0.0310  0.0310
  0.0314  0.0313  0.0313  0.0317  0.0316  0.0324  0.0314  0.0319  0.0312  0.0314  0.0312  0.0312
  0.0321  0.0317  0.0317  0.0328  0.0325  0.0339  0.0320  0.0331  0.0316  0.0321  0.0315  0.0316
niter,ni,del,rscale     4    3    5.0000    0.7000
parameters
   -1.6638   31.9308   -3.3059   -3.3270   -1.4461    0.6572
    2.2932    1.6194    0.4361   17.0377    1.6478  -13.4385
eta,q 0.96910  8.62232
  0.0318  0.0315  0.0316  0.0322  0.0320  0.0333  0.0318  0.0325  0.0314  0.0318  0.0314  0.0315
  0.0313  0.0312  0.0312  0.0315  0.0315  0.0322  0.0313  0.0317  0.0311  0.0313  0.0311  0.0311
  0.0310  0.0310  0.0310  0.0311  0.0311  0.0313  0.0310  0.0311  0.0310  0.0310  0.0310  0.0310
  0.0309  0.0309  0.0309  0.0309  0.0309  0.0309  0.0309  0.0309  0.0309  0.0309  0.0309  0.0309
  0.0310  0.0310  0.0310  0.0310  0.0310  0.0312  0.0310  0.0311  0.0309  0.0310  0.0310  0.0310
  0.0313  0.0312  0.0312  0.0314  0.0314  0.0321  0.0313  0.0316  0.0311  0.0313  0.0311  0.0311
  0.0318  0.0315  0.0315  0.0322  0.0320  0.0334  0.0318  0.0326  0.0314  0.0318  0.0314  0.0314
niter,ni,del,rscale     3    3    5.0000    0.6000
parameters
   -1.6753   31.9059   -3.2900   -3.2697   -1.3642    0.6757
    2.2613    1.6478    0.4125   16.9669    1.6512  -13.4393
eta,q 0.96911  8.62661
  0.0316  0.0313  0.0314  0.0319  0.0317  0.0328  0.0316  0.0321  0.0313  0.0316  0.0313  0.0313
  0.0312  0.0311  0.0311  0.0314  0.0313  0.0319  0.0312  0.0315  0.0311  0.0312  0.0311  0.0311
  0.0310  0.0309  0.0310  0.0310  0.0310  0.0312  0.0310  0.0311  0.0309  0.0310  0.0309  0.0309
  0.0309  0.0309  0.0309  0.0309  0.0309  0.0309  0.0309  0.0309  0.0309  0.0309  0.0309  0.0309
  0.0310  0.0310  0.0309  0.0309  0.0310  0.0311  0.0310  0.0310  0.0309  0.0310  0.0309  0.0309
  0.0312  0.0311  0.0311  0.0313  0.0312  0.0318  0.0312  0.0314  0.0311  0.0312  0.0311  0.0311
  0.0316  0.0314  0.0314  0.0319  0.0317  0.0328  0.0316  0.0321  0.0313  0.0316  0.0313  0.0313
niter,ni,del,rscale     2    3    5.0000    0.5000
parameters
   -1.6708   31.8736   -3.2716   -3.2094   -1.2893    0.7011
    2.2300    1.6925    0.3926   16.8853    1.6495  -13.4092
eta,q 0.96912  8.63064
  0.0314  0.0312  0.0312  0.0316  0.0315  0.0323  0.0314  0.0318  0.0311  0.0314  0.0311  0.0312
  0.0311  0.0310  0.0311  0.0312  0.0312  0.0316  0.0311  0.0313  0.0310  0.0311  0.0310  0.0310
  0.0309  0.0309  0.0309  0.0310  0.0310  0.0311  0.0309  0.0310  0.0309  0.0309  0.0309  0.0309
  0.0309  0.0309  0.0309  0.0309  0.0309  0.0309  0.0309  0.0309  0.0309  0.0309  0.0309  0.0309
  0.0309  0.0309  0.0309  0.0309  0.0309  0.0311  0.0309  0.0310  0.0309  0.0309  0.0309  0.0309
  0.0311  0.0311  0.0310  0.0312  0.0311  0.0315  0.0311  0.0313  0.0310  0.0311  0.0310  0.0310
  0.0314  0.0312  0.0312  0.0316  0.0315  0.0323  0.0314  0.0318  0.0312  0.0314  0.0311  0.0312
niter,ni,del,rscale     1    3    5.0000    0.4000
parameters
   -1.6722   31.8399   -3.2461   -3.1611   -1.2172    0.7255
    2.1986    1.7327    0.3541   16.8117    1.6440  -13.3790
eta,q 0.96912  8.63443
  0.0312  0.0311  0.0311  0.0313  0.0313  0.0319  0.0312  0.0315  0.0311  0.0312  0.0310  0.0311
  0.0310  0.0310  0.0310  0.0311  0.0311  0.0313  0.0310  0.0312  0.0310  0.0310  0.0310  0.0310
  0.0309  0.0309  0.0309  0.0309  0.0309  0.0310  0.0309  0.0310  0.0309  0.0309  0.0309  0.0309
  0.0309  0.0309  0.0309  0.0309  0.0309  0.0309  0.0309  0.0309  0.0309  0.0309  0.0309  0.0309
  0.0309  0.0309  0.0309  0.0309  0.0309  0.0310  0.0309  0.0309  0.0309  0.0309  0.0309  0.0309
  0.0310  0.0310  0.0310  0.0311  0.0310  0.0313  0.0310  0.0311  0.0310  0.0310  0.0310  0.0310
  0.0312  0.0311  0.0311  0.0313  0.0313  0.0318  0.0312  0.0315  0.0311  0.0312  0.0310  0.0311
registration optimization eta report
parameter search radius
    0.8000    0.8000    0.8000    2.4000    2.4000    2.4000
    2.4000    2.4000    2.4000    2.4000    2.4000    2.4000
100000*second partial in parameter space
       49.       32.       34.        8.        7.       16.
        5.       10.        3.        6.        3.        3.
  0.0312  0.0311  0.0311  0.0313  0.0313  0.0319  0.0312  0.0315  0.0311  0.0312  0.0310  0.0311
  0.0310  0.0310  0.0310  0.0311  0.0311  0.0313  0.0310  0.0312  0.0310  0.0310  0.0310  0.0310
  0.0309  0.0309  0.0309  0.0309  0.0309  0.0310  0.0309  0.0310  0.0309  0.0309  0.0309  0.0309
  0.0309  0.0309  0.0309  0.0309  0.0309  0.0309  0.0309  0.0309  0.0309  0.0309  0.0309  0.0309
  0.0309  0.0309  0.0309  0.0309  0.0309  0.0310  0.0309  0.0309  0.0309  0.0309  0.0309  0.0309
  0.0310  0.0310  0.0310  0.0311  0.0310  0.0313  0.0310  0.0311  0.0310  0.0310  0.0310  0.0310
  0.0312  0.0311  0.0311  0.0313  0.0313  0.0318  0.0312  0.0315  0.0311  0.0312  0.0310  0.0311
   -1.6722   31.8399   -3.2461   -3.1611   -1.2172    0.7255
    2.1986    1.7327    0.3541   16.8117    1.6440  -13.3790
eta,q 0.96912  8.63443

---------------------------------------------------------------------
compute_vox2vox talsrcimg talsrcimg_to_711-2C_as_mni_average_305_t4 /opt/freesurfer/average/711-2C_as_mni_average_305
---------------------------------------------------------------------

freesurfer compute_vox2vox.c
Reading: talsrcimg.4dfp.ifh
Reading: talsrcimg_to_711-2C_as_mni_average_305_t4
Reading: /opt/freesurfer/average/711-2C_as_mni_average_305.4dfp.ifh
Writing: talsrcimg_to_711-2C_as_mni_average_305_t4_vox2vox.txt

start time Mon Mar 9 21:35:08 CET 2026
end		time Mon Mar 9 21:36:33 CET 2026

mpr2mni305 success

avi2talxfm orig_nu.mgz /opt/freesurfer/average/mni305.cor.mgz talsrcimg_to_711-2C_as_mni_average_305_t4_vox2vox.txt transforms/talairach.auto.xfm
avi2talxfm done
mv -f /out/sourcedata/freesurfer/sub-v1s2x0051467_ses-1/mri/talsrcimg_to_711-2C_as_mni_average_305_t4_vox2vox.txt /out/sourcedata/freesurfer/sub-v1s2x0051467_ses-1/mri/transforms/talsrcimg_to_711-2C_as_mni_average_305_t4_vox2vox.txt
lta_convert --src orig_nu.mgz --trg /opt/freesurfer/average/mni305.cor.mgz --inxfm transforms/talairach.auto.xfm --outlta transforms/talairach.auto.xfm.lta --subject fsaverage
7.3.2

--src: orig_nu.mgz src image (geometry).
--trg: /opt/freesurfer/average/mni305.cor.mgz trg image (geometry).
--inmni: transforms/talairach.auto.xfm input MNI/XFM transform.
--outlta: transforms/talairach.auto.xfm.lta output LTA.
--s: fsaverage subject name
 LTA read, type : 1
 1.03296  -0.01362  -0.02484   1.11467;
-0.01697   0.97107   0.13190  -63.50046;
-0.00081  -0.16522   0.98996  -8.19901;
 0.00000   0.00000   0.00000   1.00000;
setting subject to fsaverage
Writing  LTA to file transforms/talairach.auto.xfm.lta...
lta_convert successful.
 
 
Started at Mon Mar 9 21:35:08 CET 2026
Ended   at Mon Mar  9 21:36:34 CET 2026
talairach_avi done
