1771665940s 1 1e32e23b-6d65-42ad-8cec-9ba2888b8974
1771845278s 1 85e76da5-55df-4e9e-be44-f0e8011fa7de
1771845741s 1 2781e2b1-aedf-4230-8eca-826fc8719874
1771846041s 1 3ac9c862-eb44-465e-8eef-c361783c5942
1771847423s 1 c38f6f46-3206-4851-8c38-9ada51fff813
1771847813s 1 c8ac207d-5666-4fb9-a64f-cc17add3029c
1771848348s 1 261645e8-0c80-4059-9e72-196c23e7fc41
1771849701s 1 b7649ddc-45ef-4edc-84bd-05db63ebc656
1771884366s 1 4d2de43f-abfe-4742-9ee3-3b8906abc63d
1771885120s 1 59d78ae0-ebbe-4bc6-b0dd-69f52030e18f
1771885583s 1 f230ea37-6d3d-4bfc-9d26-424c970b8cfb
1771886342s 1 acc1a68d-ff63-4944-bc27-92fb16376614
1771886575s 1 9ee60bcd-0dc0-4d46-acd4-0c99c2c5e424
1771886794s 1 02235a03-04d5-44b3-85db-446704f9f321
1771887876s 1 45b478fe-f7cf-41da-ad37-27b036be1a46
1771887897s 1 816c8d45-c18d-4ebd-8f08-c398e3e58f5f
1771941178.179290852s 1 4a264581-49b7-42f4-926b-f3a00c77c802
1771987551s 1 4424a394-2b25-43a1-84d6-bfc06f785e3d
1771987868s 1 87151b8d-702b-418e-bbc5-5c13f1bb8a17
1771989495s 1 039f5897-1b18-4616-a5b3-dd0f7b44650d
1771990274s 1 bff3cfcd-443f-4a65-aa7f-382b53048584
1771990764s 1 6ea7a810-0d64-45bc-95f7-441b6e586519
1771992139s 1 13a51485-6155-469e-9178-d5fa6004d33b
1772019525s 1 c4770fbc-dc1f-4537-90da-6040bfae0ba0
1772019655s 1 646f8658-e047-4eab-8bfb-aab31331792f
1772019704s 1 7235892e-0d08-46c1-9924-4695784914b1
1772020010s 1 5bee027b-0453-4f0b-ba21-ad0821f7a977
1772020962s 1 9e6b210c-8250-4654-a828-4ad0595507c2
1772024085s 1 77853132-5398-401a-baf9-575865565925
1772035615s 1 fe8c1d1b-705e-4d6d-a27f-f71c6ed00389
1772035668s 1 463654a9-d24d-4aba-adbb-45808e3a3137
1772036838s 1 794b5f6a-3f3f-4613-8e10-79bfd03b09be
1772038420s 1 aff28dd5-e954-41e3-b382-242699a3157e
1772038605s 1 3183ea4c-2b85-4f50-9349-ab14356090b2
1772038930s 1 499e2356-d07b-4a11-a2f9-7a8e7bec6921
1772045236s 1 6825bee1-d99f-4676-8130-e0e018d7cc42
1772054977s 1 4b23b029-33a9-4a96-9017-e58ba08b3bed
1772056069s 1 28db72d1-c6ef-4486-9cb7-2e1c83e5c552
1772056642s 1 3c89d671-4cda-4da8-8639-56812e365a65
1772058029s 1 b6fc213c-9765-4c67-a922-645dc81f462d
1772061270s 1 349f5925-9270-4cb6-bb52-c55b5c9019cf
1772069623s 1 4ee482fa-cc24-4c01-ab27-3dcda7337b4b
1772069917s 1 f0231a24-7825-4acc-be00-f59a4b82249e
1772072851s 1 22195218-e831-4c5e-87de-3d112fc7df4e
1772073884s 1 1610b414-8fce-4356-9eca-ed54b84f2895
1772074435s 1 4a2b0837-5a8c-4127-93a6-4375c52686ac
1772078923s 1 9dfa8ab1-e54e-44f2-95d3-cb4bcbb5e1a0
1772082331s 1 46dab277-2034-4c8f-951b-1f1b74a1f611
1772091350s 1 e1f2ab72-9b73-4717-a489-91cacc42d5ef
1772092451s 1 6f9588fd-c910-4ffd-909e-2dec9dea16ca
1772092913s 1 145e9c02-e4a4-4e14-8b3a-89116946e8ca
1772094735s 1 4ea8f9bc-78a0-43e8-a5c8-ecfb34479aa0
1772100296s 1 ef0f9f13-211b-4c0f-9a91-e88efe5ae471
1772102740s 1 807c6469-3ce4-4856-8767-0a6956f43239
