status file for recon-all
Mon Mar  9 23:13:40 CET 2026
#@# Tessellate lh Mon Mar  9 23:13:40 CET 2026
#@# Smooth1 lh Mon Mar  9 23:13:43 CET 2026
#@# Inflation1 lh Mon Mar  9 23:13:46 CET 2026
#@# QSphere lh Mon Mar  9 23:14:06 CET 2026
#@# Fix Topology lh Mon Mar  9 23:15:34 CET 2026
#@# Smooth2 lh Mon Mar  9 23:23:07 CET 2026
#@# Inflation2 lh Mon Mar  9 23:23:11 CET 2026
#@# Curv .H and .K lh Mon Mar  9 23:23:31 CET 2026
#@# Sphere lh Mon Mar  9 23:24:24 CET 2026
#@# Surf Reg lh Mon Mar  9 23:29:19 CET 2026
#@# Jacobian white lh Mon Mar  9 23:35:17 CET 2026
#@# AvgCurv lh Mon Mar  9 23:35:18 CET 2026
#@# Cortical Parc lh Mon Mar  9 23:35:19 CET 2026
#@# white curv lh Mon Mar  9 23:43:18 CET 2026
#@# white area lh Mon Mar  9 23:43:21 CET 2026
#@# pial curv lh Mon Mar  9 23:43:21 CET 2026
#@# pial area lh Mon Mar  9 23:43:23 CET 2026
#@# thickness lh Mon Mar  9 23:43:24 CET 2026
#@# area and vertex vol lh Mon Mar  9 23:43:57 CET 2026
#@# Curvature Stats lh Mon Mar  9 23:43:59 CET 2026
#@# Cortical Parc 2 lh Mon Mar  9 23:44:02 CET 2026
#@# Cortical Parc 3 lh Mon Mar  9 23:44:16 CET 2026
#@# WM/GM Contrast lh Mon Mar  9 23:44:28 CET 2026
recon-all -s sub-v1s2x0051464_ses-1 finished without error at Mon Mar  9 23:44:31 CET 2026



#New# invocation of recon-all 



status file for recon-all
Tue Mar 10 00:25:12 CET 2026
#@# white curv lh Tue Mar 10 00:25:13 CET 2026
#@# white area lh Tue Mar 10 00:25:13 CET 2026
#@# pial curv lh Tue Mar 10 00:25:13 CET 2026
#@# pial area lh Tue Mar 10 00:25:13 CET 2026
#@# thickness lh Tue Mar 10 00:25:13 CET 2026
#@# area and vertex vol lh Tue Mar 10 00:25:13 CET 2026
#@# Parcellation Stats lh Tue Mar 10 00:25:13 CET 2026
#@# Parcellation Stats 2 lh Tue Mar 10 00:25:40 CET 2026
#@# Parcellation Stats 3 lh Tue Mar 10 00:25:54 CET 2026
#@# BA_exvivo Labels lh Tue Mar 10 00:26:07 CET 2026
recon-all -s sub-v1s2x0051464_ses-1 finished without error at Tue Mar 10 00:29:00 CET 2026
