status file for recon-all
Mon Mar  9 21:28:24 CET 2026
#@# MotionCor Mon Mar  9 21:28:26 CET 2026
#@# Talairach Mon Mar  9 21:28:32 CET 2026
#@# Talairach Failure Detection Mon Mar  9 21:31:25 CET 2026
#@# Nu Intensity Correction Mon Mar  9 21:31:25 CET 2026
#@# Intensity Normalization Mon Mar  9 21:34:13 CET 2026
recon-all -s sub-v1s2x0051464_ses-1 finished without error at Mon Mar  9 21:35:22 CET 2026



#New# invocation of recon-all 



status file for recon-all
Mon Mar  9 21:41:37 CET 2026
#@# EM Registration Mon Mar  9 21:41:37 CET 2026
recon-all -s sub-v1s2x0051464_ses-1 finished without error at Mon Mar  9 21:43:19 CET 2026



#New# invocation of recon-all 



status file for recon-all
Mon Mar  9 21:43:23 CET 2026
#@# CA Normalize Mon Mar  9 21:43:23 CET 2026
#@# CA Reg Mon Mar  9 21:44:18 CET 2026
#@# SubCort Seg Mon Mar  9 22:28:59 CET 2026
#@# CC Seg Mon Mar  9 23:08:12 CET 2026
#@# Merge ASeg Mon Mar  9 23:09:18 CET 2026
#@# Intensity Normalization2 Mon Mar  9 23:09:18 CET 2026
#@# Mask BFS Mon Mar  9 23:10:48 CET 2026
#@# WM Segmentation Mon Mar  9 23:10:49 CET 2026
#@# Fill Mon Mar  9 23:12:55 CET 2026
recon-all -s sub-v1s2x0051464_ses-1 finished without error at Mon Mar  9 23:13:37 CET 2026



#New# invocation of recon-all 



status file for recon-all
Tue Mar 10 00:19:14 CET 2026
#@# white curv lh Tue Mar 10 00:19:14 CET 2026
#@# white area lh Tue Mar 10 00:19:14 CET 2026
#@# pial curv lh Tue Mar 10 00:19:14 CET 2026
#@# pial area lh Tue Mar 10 00:19:14 CET 2026
#@# thickness lh Tue Mar 10 00:19:14 CET 2026
#@# area and vertex vol lh Tue Mar 10 00:19:14 CET 2026
#@# white curv rh Tue Mar 10 00:19:14 CET 2026
#@# white area rh Tue Mar 10 00:19:14 CET 2026
#@# pial curv rh Tue Mar 10 00:19:14 CET 2026
#@# pial area rh Tue Mar 10 00:19:14 CET 2026
#@# thickness rh Tue Mar 10 00:19:14 CET 2026
#@# area and vertex vol rh Tue Mar 10 00:19:14 CET 2026
#@# Cortical ribbon mask Tue Mar 10 00:19:14 CET 2026
recon-all -s sub-v1s2x0051464_ses-1 finished without error at Tue Mar 10 00:25:09 CET 2026



#New# invocation of recon-all 



status file for recon-all
Tue Mar 10 00:33:00 CET 2026
#@# white curv lh Tue Mar 10 00:33:01 CET 2026
#@# white area lh Tue Mar 10 00:33:01 CET 2026
#@# pial curv lh Tue Mar 10 00:33:01 CET 2026
#@# pial area lh Tue Mar 10 00:33:01 CET 2026
#@# thickness lh Tue Mar 10 00:33:01 CET 2026
#@# area and vertex vol lh Tue Mar 10 00:33:01 CET 2026
#@# white curv rh Tue Mar 10 00:33:01 CET 2026
#@# white area rh Tue Mar 10 00:33:01 CET 2026
#@# pial curv rh Tue Mar 10 00:33:01 CET 2026
#@# pial area rh Tue Mar 10 00:33:01 CET 2026
#@# thickness rh Tue Mar 10 00:33:01 CET 2026
#@# area and vertex vol rh Tue Mar 10 00:33:01 CET 2026
#@# Curvature Stats lh Tue Mar 10 00:33:01 CET 2026
#@# Curvature Stats rh Tue Mar 10 00:33:04 CET 2026
#@# Relabel Hypointensities Tue Mar 10 00:33:06 CET 2026
#@# APas-to-ASeg Tue Mar 10 00:33:20 CET 2026
#@# AParc-to-ASeg aparc Tue Mar 10 00:33:29 CET 2026
#@# AParc-to-ASeg aparc.a2009s Tue Mar 10 00:34:20 CET 2026
#@# AParc-to-ASeg aparc.DKTatlas Tue Mar 10 00:35:18 CET 2026
#@# WMParc Tue Mar 10 00:36:16 CET 2026
#@# ASeg Stats Tue Mar 10 00:38:34 CET 2026
recon-all -s sub-v1s2x0051464_ses-1 finished without error at Tue Mar 10 00:38:58 CET 2026
