/out/sourcedata/freesurfer/sub-v1s2x0051472_ses-1/mri
/opt/freesurfer/bin/talairach_avi
--i orig_nu.mgz --xfm transforms/talairach.auto.xfm
talairach_avi 7.3.2
Linux dna049 5.14.0-427.37.1.el9_4.x86_64 #1 SMP PREEMPT_DYNAMIC Fri Sep 13 12:41:50 EDT 2024 x86_64 x86_64 x86_64 GNU/Linux
Mon Mar  9 21:43:38 CET 2026
mri_convert orig_nu.mgz talsrcimg.img 
reading from orig_nu.mgz...
TR=0.00, TE=0.00, TI=0.00, flip angle=0.00
i_ras = (-1, 0, 0)
j_ras = (0, 0, -1)
k_ras = (0, 1, 0)
writing to talsrcimg.img...
Analyze Output Matrix
-1.00000   0.00000   0.00000   126.78813;
 0.00000   0.00000   1.00000  -64.94916;
 0.00000  -1.00000   0.00000   106.94916;
 0.00000   0.00000   0.00000   1.00000;
--------------------
INFO: set hdr.hist.orient to -1
mpr2mni305 talsrcimg
Mon Mar  9 21:43:38 CET 2026
/opt/freesurfer/bin/mpr2mni305 talsrcimg
mpr2mni305 7.3.2
target=711-2C_as_mni_average_305

---------------------------------------------------------------------
analyzeto4dfp talsrcimg -O0 -y
---------------------------------------------------------------------

freesurfer ifh2hdr.c
Mon Mar  9 21:43:38 2026
Writing: talsrcimg.4dfp.hdr
freesurfer analyzeto4dfp.c
Reading: talsrcimg.hdr
header size 348 bytes
hdr.dime.datatype	offset=70	value=2
hdr.dime.bitpix		offset=72	value=8
hdr.hist.orient		offset=252	value=-1
dimensionality     4
dimensions       256       256       256         1
Reading: talsrcimg.img
Writing: talsrcimg.4dfp.img
Writing: talsrcimg.4dfp.ifh
ifh2hdr talsrcimg -r0to255
ori=2

---------------------------------------------------------------------
gauss_4dfp talsrcimg 1.1
---------------------------------------------------------------------

freesurfer gauss_4dfp.c
Reading: talsrcimg.4dfp.img
Writing: talsrcimg_g11.4dfp.img
image dimensions 256 256 256 padded to 288 288 288
processing volume 1freesurfer ifh2hdr.c
Mon Mar  9 21:43:40 2026
Writing: talsrcimg_g11.4dfp.hdr

Writing: talsrcimg_g11.4dfp.ifh
including: talsrcimg.4dfp.img.rec in talsrcimg_g11.4dfp.img.rec

---------------------------------------------------------------------
imgreg_4dfp /opt/freesurfer/average/711-2C_as_mni_average_305 none talsrcimg_g11 none talsrcimg_to_711-2C_as_mni_average_305_t4 4355
---------------------------------------------------------------------

freesurfer imgreg_4dfp.c
/opt/freesurfer/average/711-2C_as_mni_average_305.4dfp.img
       256       256       256         1
  1.000000  1.000000  1.000000
orientation T byte_order littleendian
Reading image: /opt/freesurfer/average/711-2C_as_mni_average_305.4dfp.img
dimensions:      256       256       256
mmppix:       1.0000   -1.0000   -1.0000
center:     128.0000 -129.0000 -129.0000
talsrcimg_g11.4dfp.img
       256       256       256         1
  1.000000  1.000000  1.000000
orientation T byte_order littleendian
Reading image: talsrcimg_g11.4dfp.img
dimensions:      256       256       256
mmppix:       1.0000   -1.0000   -1.0000
center:     128.0000 -129.0000 -129.0000
t4_read: open error in t4_sub.f l:  41 t4_file(1:l)talsrcimg_to_711-2C_as_mni_average_305_t4 
t4_read: transform initialized to I4
rotation matrix determinant  1.000000
image alignment mode   4355 decimal     1103 hex
   -7.5000  -45.0000  -45.0000 6292.2861   11.7535
    0.0000  -45.0000  -45.0000 6584.2593   11.7649
    7.5000  -45.0000  -45.0000 6296.6406   11.7506
   -7.5000  -37.5000  -45.0000 6897.8242   11.3176
    0.0000  -37.5000  -45.0000 7218.8750   11.3261
    7.5000  -37.5000  -45.0000 6887.5151   11.3172
   -7.5000  -30.0000  -45.0000 7841.5483   11.0286
    0.0000  -30.0000  -45.0000 8187.1753   11.0403
    7.5000  -30.0000  -45.0000 7811.5234   11.0383
   -7.5000  -22.5000  -45.0000 8871.0117   10.8584
    0.0000  -22.5000  -45.0000 9235.6943   10.8723
    7.5000  -22.5000  -45.0000 8820.3379   10.8717
   -7.5000  -15.0000  -45.0000 9901.8154   10.7416
    0.0000  -15.0000  -45.000010306.5967   10.7541
    7.5000  -15.0000  -45.0000 9845.1191   10.7490
   -7.5000   -7.5000  -45.000010963.4766   10.6902
    0.0000   -7.5000  -45.000011399.8975   10.6999
    7.5000   -7.5000  -45.000010901.7861   10.6887
   -7.5000    0.0000  -45.000011943.6689   10.6725
    0.0000    0.0000  -45.000012437.5801   10.6804
    7.5000    0.0000  -45.000011899.9629   10.6668
   -7.5000    7.5000  -45.000011993.6836   10.6647
    0.0000    7.5000  -45.000012483.9678   10.6742
    7.5000    7.5000  -45.000011951.8770   10.6660
   -7.5000   15.0000  -45.000011912.2266   10.6669
    0.0000   15.0000  -45.000012401.0176   10.6794
    7.5000   15.0000  -45.000011870.5859   10.6783
   -7.5000   22.5000  -45.000011773.1221   10.6768
    0.0000   22.5000  -45.000012238.8506   10.6905
    7.5000   22.5000  -45.000011720.9375   10.6903
   -7.5000   30.0000  -45.000011458.9365   10.5449
    0.0000   30.0000  -45.000011919.4902   10.5573
    7.5000   30.0000  -45.000011418.8291   10.5526
   -7.5000   37.5000  -45.000011482.6230   10.5399
    0.0000   37.5000  -45.000011936.7236   10.5495
    7.5000   37.5000  -45.000011424.2002   10.5385
   -7.5000   45.0000  -45.000011066.1025   10.2629
    0.0000   45.0000  -45.000011471.0586   10.2705
    7.5000   45.0000  -45.000011000.1182   10.2574
   -7.5000  -45.0000  -37.5000 6551.0151   11.6968
    0.0000  -45.0000  -37.5000 6863.1484   11.7084
    7.5000  -45.0000  -37.5000 6552.9341   11.6974
   -7.5000  -37.5000  -37.5000 7206.9214   11.2665
    0.0000  -37.5000  -37.5000 7529.2524   11.2739
    7.5000  -37.5000  -37.5000 7178.2090   11.2660
   -7.5000  -30.0000  -37.5000 8207.5723   10.9790
    0.0000  -30.0000  -37.5000 8550.3037   10.9874
    7.5000  -30.0000  -37.5000 8168.6929   10.9851
   -7.5000  -22.5000  -37.5000 9302.5947   10.8087
    0.0000  -22.5000  -37.5000 9682.9492   10.8180
    7.5000  -22.5000  -37.5000 9250.8096   10.8170
   -7.5000  -15.0000  -37.500010397.2324   10.6928
    0.0000  -15.0000  -37.500010823.0303   10.7012
    7.5000  -15.0000  -37.500010340.3037   10.6976
   -7.5000   -7.5000  -37.500011504.8486   10.6434
    0.0000   -7.5000  -37.500011971.7852   10.6514
    7.5000   -7.5000  -37.500011447.9209   10.6429
   -7.5000    0.0000  -37.500012532.2197   10.6278
    0.0000    0.0000  -37.500013044.9541   10.6357
    7.5000    0.0000  -37.500012486.6836   10.6246
   -7.5000    7.5000  -37.500012582.3633   10.6200
    0.0000    7.5000  -37.500013100.0352   10.6286
    7.5000    7.5000  -37.500012552.0596   10.6214
   -7.5000   15.0000  -37.500012505.2891   10.6207
    0.0000   15.0000  -37.500013021.9502   10.6300
    7.5000   15.0000  -37.500012453.9062   10.6283
   -7.5000   22.5000  -37.500012327.4258   10.6291
    0.0000   22.5000  -37.500012820.1699   10.6382
    7.5000   22.5000  -37.500012283.0215   10.6377
   -7.5000   30.0000  -37.500011988.3877   10.4974
    0.0000   30.0000  -37.500012470.4277   10.5058
    7.5000   30.0000  -37.500011956.7646   10.5025
   -7.5000   37.5000  -37.500012000.9531   10.4939
    0.0000   37.5000  -37.500012466.9746   10.5018
    7.5000   37.5000  -37.500011949.2646   10.4934
   -7.5000   45.0000  -37.500011573.8213   10.2199
    0.0000   45.0000  -37.500011997.9072   10.2275
    7.5000   45.0000  -37.500011491.9268   10.2168
   -7.5000  -45.0000  -30.0000 6952.9238   12.1605
    0.0000  -45.0000  -30.0000 7271.1104   12.1750
    7.5000  -45.0000  -30.0000 6934.5132   12.1692
   -7.5000  -37.5000  -30.0000 7663.3799   11.7165
    0.0000  -37.5000  -30.0000 7984.7710   11.7282
    7.5000  -37.5000  -30.0000 7618.8105   11.7242
   -7.5000  -30.0000  -30.0000 8730.9961   11.4197
    0.0000  -30.0000  -30.0000 9091.5186   11.4317
    7.5000  -30.0000  -30.0000 8689.4717   11.4320
   -7.5000  -22.5000  -30.0000 9893.2412   11.2399
    0.0000  -22.5000  -30.000010304.1533   11.2507
    7.5000  -22.5000  -30.0000 9846.8525   11.2527
   -7.5000  -15.0000  -30.000011058.7559   11.1177
    0.0000  -15.0000  -30.000011527.5303   11.1261
    7.5000  -15.0000  -30.000011009.9951   11.1264
   -7.5000   -7.5000  -30.000012268.8740   11.0665
    0.0000   -7.5000  -30.000012779.9443   11.0753
    7.5000   -7.5000  -30.000012213.6455   11.0710
   -7.5000    0.0000  -30.000013394.2832   11.0519
    0.0000    0.0000  -30.000013926.2256   11.0626
    7.5000    0.0000  -30.000013318.8838   11.0557
   -7.5000    7.5000  -30.000013466.6182   11.0456
    0.0000    7.5000  -30.000013988.1826   11.0582
    7.5000    7.5000  -30.000013397.3682   11.0542
   -7.5000   15.0000  -30.000013363.0029   11.0467
    0.0000   15.0000  -30.000013900.6768   11.0594
    7.5000   15.0000  -30.000013279.9395   11.0601
   -7.5000   22.5000  -30.000013154.2256   11.0523
    0.0000   22.5000  -30.000013655.6611   11.0630
    7.5000   22.5000  -30.000013082.6211   11.0654
   -7.5000   30.0000  -30.000012790.3574   10.9158
    0.0000   30.0000  -30.000013282.0156   10.9242
    7.5000   30.0000  -30.000012738.6865   10.9247
   -7.5000   37.5000  -30.000012785.7637   10.9121
    0.0000   37.5000  -30.000013258.9541   10.9208
    7.5000   37.5000  -30.000012734.9863   10.9167
   -7.5000   45.0000  -30.000012303.0176   10.6355
    0.0000   45.0000  -30.000012737.2871   10.6458
    7.5000   45.0000  -30.000012228.2969   10.6392
   -7.5000  -45.0000  -22.5000 7345.3921   12.5576
    0.0000  -45.0000  -22.5000 7672.8140   12.5748
    7.5000  -45.0000  -22.5000 7321.5225   12.5715
   -7.5000  -37.5000  -22.5000 8092.3467   12.0999
    0.0000  -37.5000  -22.5000 8423.2051   12.1178
    7.5000  -37.5000  -22.5000 8043.7446   12.1176
   -7.5000  -30.0000  -22.5000 9234.2559   11.7974
    0.0000  -30.0000  -22.5000 9602.0508   11.8169
    7.5000  -30.0000  -22.5000 9170.5684   11.8211
   -7.5000  -22.5000  -22.500010453.6914   11.6125
    0.0000  -22.5000  -22.500010887.2461   11.6297
    7.5000  -22.5000  -22.500010395.3320   11.6353
   -7.5000  -15.0000  -22.500011706.4668   11.4862
    0.0000  -15.0000  -22.500012204.2305   11.4985
    7.5000  -15.0000  -22.500011655.1621   11.5011
   -7.5000   -7.5000  -22.500013021.2920   11.4317
    0.0000   -7.5000  -22.500013551.6465   11.4425
    7.5000   -7.5000  -22.500012954.2256   11.4399
   -7.5000    0.0000  -22.500014247.3018   11.4147
    0.0000    0.0000  -22.500014834.8301   11.4280
    7.5000    0.0000  -22.500014148.2930   11.4234
   -7.5000    7.5000  -22.500014351.7012   11.4089
    0.0000    7.5000  -22.500014915.8027   11.4267
    7.5000    7.5000  -22.500014246.0107   11.4260
   -7.5000   15.0000  -22.500014235.9297   11.4118
    0.0000   15.0000  -22.500014800.2783   11.4319
    7.5000   15.0000  -22.500014121.3096   11.4363
   -7.5000   22.5000  -22.500014000.2656   11.4179
    0.0000   22.5000  -22.500014509.8223   11.4350
    7.5000   22.5000  -22.500013880.3555   11.4408
   -7.5000   30.0000  -22.500013617.5566   11.2793
    0.0000   30.0000  -22.500014102.9033   11.2915
    7.5000   30.0000  -22.500013526.7549   11.2942
   -7.5000   37.5000  -22.500013589.4941   11.2740
    0.0000   37.5000  -22.500014080.9238   11.2846
    7.5000   37.5000  -22.500013538.2422   11.2821
   -7.5000   45.0000  -22.500013033.1338   10.9929
    0.0000   45.0000  -22.500013483.7207   11.0057
    7.5000   45.0000  -22.500012952.2168   11.0013
   -7.5000  -45.0000  -15.0000 7686.4590   12.8514
    0.0000  -45.0000  -15.0000 8017.7656   12.8681
    7.5000  -45.0000  -15.0000 7643.8984   12.8615
   -7.5000  -37.5000  -15.0000 8495.3848   12.3811
    0.0000  -37.5000  -15.0000 8838.9609   12.4003
    7.5000  -37.5000  -15.0000 8437.8223   12.3997
   -7.5000  -30.0000  -15.0000 9722.1592   12.0734
    0.0000  -30.0000  -15.000010104.9580   12.0964
    7.5000  -30.0000  -15.0000 9649.1143   12.1016
   -7.5000  -22.5000  -15.000011011.5918   11.8869
    0.0000  -22.5000  -15.000011471.9121   11.9087
    7.5000  -22.5000  -15.000010960.1074   11.9148
   -7.5000  -15.0000  -15.000012330.4512   11.7592
    0.0000  -15.0000  -15.000012863.4629   11.7746
    7.5000  -15.0000  -15.000012291.1553   11.7755
   -7.5000   -7.5000  -15.000013704.3262   11.7018
    0.0000   -7.5000  -15.000014287.9668   11.7133
    7.5000   -7.5000  -15.000013656.2363   11.7077
   -7.5000    0.0000  -15.000015026.5527   11.6814
    0.0000    0.0000  -15.000015684.7969   11.6943
    7.5000    0.0000  -15.000014944.7920   11.6871
   -7.5000    7.5000  -15.000015181.1055   11.6746
    0.0000    7.5000  -15.000015854.3320   11.6935
    7.5000    7.5000  -15.000015062.9053   11.6923
   -7.5000   15.0000  -15.000015106.7100   11.6790
    0.0000   15.0000  -15.000015736.5205   11.7025
    7.5000   15.0000  -15.000014961.8604   11.7081
   -7.5000   22.5000  -15.000014865.7471   11.6870
    0.0000   22.5000  -15.000015447.2969   11.7086
    7.5000   22.5000  -15.000014731.1221   11.7148
   -7.5000   30.0000  -15.000014446.4834   11.5489
    0.0000   30.0000  -15.000015007.0742   11.5641
    7.5000   30.0000  -15.000014338.3057   11.5651
   -7.5000   37.5000  -15.000014393.5479   11.5419
    0.0000   37.5000  -15.000014948.6338   11.5532
    7.5000   37.5000  -15.000014311.7822   11.5477
   -7.5000   45.0000  -15.000013767.5449   11.2566
    0.0000   45.0000  -15.000014307.5742   11.2689
    7.5000   45.0000  -15.000013658.7188   11.2621
   -7.5000  -45.0000   -7.5000 8010.9287   13.0149
    0.0000  -45.0000   -7.5000 8363.5605   13.0289
    7.5000  -45.0000   -7.5000 7972.3477   13.0157
   -7.5000  -37.5000   -7.5000 8869.4805   12.5364
    0.0000  -37.5000   -7.5000 9236.3994   12.5508
    7.5000  -37.5000   -7.5000 8821.7754   12.5448
   -7.5000  -30.0000   -7.500010177.9736   12.2223
    0.0000  -30.0000   -7.500010596.1582   12.2415
    7.5000  -30.0000   -7.500010116.6582   12.2431
   -7.5000  -22.5000   -7.500011558.6074   12.0349
    0.0000  -22.5000   -7.500012057.2295   12.0556
    7.5000  -22.5000   -7.500011518.5078   12.0582
   -7.5000  -15.0000   -7.500012975.3740   11.9061
    0.0000  -15.0000   -7.500013524.7236   11.9223
    7.5000  -15.0000   -7.500012930.2744   11.9190
   -7.5000   -7.5000   -7.500014434.4336   11.8480
    0.0000   -7.5000   -7.500015029.0938   11.8596
    7.5000   -7.5000   -7.500014364.7764   11.8488
   -7.5000    0.0000   -7.500015824.2920   11.8271
    0.0000    0.0000   -7.500016459.5371   11.8374
    7.5000    0.0000   -7.500015727.7578   11.8248
   -7.5000    7.5000   -7.500015973.3936   11.8195
    0.0000    7.5000   -7.500016635.3125   11.8342
    7.5000    7.5000   -7.500015867.2695   11.8284
   -7.5000   15.0000   -7.500015963.1787   11.8235
    0.0000   15.0000   -7.500016685.3145   11.8436
    7.5000   15.0000   -7.500015837.4102   11.8458
   -7.5000   22.5000   -7.500015832.5449   11.8311
    0.0000   22.5000   -7.500016642.1895   11.8515
    7.5000   22.5000   -7.500015726.7373   11.8544
   -7.5000   30.0000   -7.500015376.2109   11.6928
    0.0000   30.0000   -7.500016205.1914   11.7088
    7.5000   30.0000   -7.500015275.3857   11.7058
   -7.5000   37.5000   -7.500015199.7764   11.6857
    0.0000   37.5000   -7.500015997.0518   11.6971
    7.5000   37.5000   -7.500015133.1152   11.6866
   -7.5000   45.0000   -7.500014457.1836   11.3991
    0.0000   45.0000   -7.500015144.3418   11.4091
    7.5000   45.0000   -7.500014348.6455   11.3969
   -7.5000  -45.0000    0.0000 8257.6055   13.0589
    0.0000  -45.0000    0.0000 8596.3760   13.0714
    7.5000  -45.0000    0.0000 8197.5430   13.0553
   -7.5000  -37.5000    0.0000 9199.6943   12.5770
    0.0000  -37.5000    0.0000 9543.6768   12.5864
    7.5000  -37.5000    0.0000 9128.8213   12.5763
   -7.5000  -30.0000    0.000010589.4932   12.2577
    0.0000  -30.0000    0.000010982.9717   12.2706
    7.5000  -30.0000    0.000010505.2051   12.2682
   -7.5000  -22.5000    0.000012048.0195   12.0699
    0.0000  -22.5000    0.000012512.7129   12.0854
    7.5000  -22.5000    0.000011974.6357   12.0844
   -7.5000  -15.0000    0.000013549.7314   11.9412
    0.0000  -15.0000    0.000014076.4023   11.9550
    7.5000  -15.0000    0.000013452.8867   11.9491
   -7.5000   -7.5000    0.000015076.8789   11.8844
    0.0000   -7.5000    0.000015720.0781   11.8951
    7.5000   -7.5000    0.000014998.4072   11.8824
   -7.5000    0.0000    0.000016514.0703   11.8646
    0.0000    0.0000    0.000017282.0918   11.8733
    7.5000    0.0000    0.000016473.3438   11.8580
   -7.5000    7.5000    0.000016627.0723   11.8558
    0.0000    7.5000    0.000017366.4570   11.8662
    7.5000    7.5000    0.000016610.9277   11.8570
   -7.5000   15.0000    0.000016597.2969   11.8582
    0.0000   15.0000    0.000017342.9062   11.8720
    7.5000   15.0000    0.000016562.5410   11.8705
   -7.5000   22.5000    0.000016573.1172   11.8654
    0.0000   22.5000    0.000017624.7871   11.8807
    7.5000   22.5000    0.000016526.2988   11.8802
   -7.5000   30.0000    0.000016158.8604   11.7275
    0.0000   30.0000    0.000017244.7891   11.7412
    7.5000   30.0000    0.000016117.8662   11.7357
   -7.5000   37.5000    0.000015934.2363   11.7219
    0.0000   37.5000    0.000016852.8164   11.7325
    7.5000   37.5000    0.000015879.8662   11.7200
   -7.5000   45.0000    0.000015075.3428   11.4361
    0.0000   45.0000    0.000015776.3477   11.4445
    7.5000   45.0000    0.000014947.5205   11.4297
   -7.5000  -45.0000    7.5000 7833.2656   13.0799
    0.0000  -45.0000    7.5000 8138.1489   13.0929
    7.5000  -45.0000    7.5000 7760.0688   13.0806
   -7.5000  -37.5000    7.5000 8754.7490   12.5990
    0.0000  -37.5000    7.5000 9078.3223   12.6073
    7.5000  -37.5000    7.5000 8672.5596   12.5985
   -7.5000  -30.0000    7.500010094.0967   12.2776
    0.0000  -30.0000    7.500010507.4873   12.2871
    7.5000  -30.0000    7.500010036.2754   12.2845
   -7.5000  -22.5000    7.500011511.7295   12.0875
    0.0000  -22.5000    7.500012004.4395   12.0978
    7.5000  -22.5000    7.500011466.9893   12.0967
   -7.5000  -15.0000    7.500012998.4727   11.9579
    0.0000  -15.0000    7.500013544.4014   11.9674
    7.5000  -15.0000    7.500012940.8154   11.9633
   -7.5000   -7.5000    7.500014518.0117   11.9027
    0.0000   -7.5000    7.500015192.0137   11.9117
    7.5000   -7.5000    7.500014499.4307   11.9021
   -7.5000    0.0000    7.500015940.3691   11.8852
    0.0000    0.0000    7.500016753.1934   11.8941
    7.5000    0.0000    7.500015968.3125   11.8816
   -7.5000    7.5000    7.500016063.7334   11.8765
    0.0000    7.5000    7.500016774.7520   11.8861
    7.5000    7.5000    7.500016070.9600   11.8780
   -7.5000   15.0000    7.500016036.3789   11.8772
    0.0000   15.0000    7.500016696.7207   11.8877
    7.5000   15.0000    7.500015952.1592   11.8858
   -7.5000   22.5000    7.500015973.3027   11.8828
    0.0000   22.5000    7.500016789.9863   11.8931
    7.5000   22.5000    7.500015822.3867   11.8925
   -7.5000   30.0000    7.500015588.3242   11.7440
    0.0000   30.0000    7.500016370.4561   11.7534
    7.5000   30.0000    7.500015476.8906   11.7497
   -7.5000   37.5000    7.500015486.8027   11.7401
    0.0000   37.5000    7.500016177.6211   11.7490
    7.5000   37.5000    7.500015406.2070   11.7396
   -7.5000   45.0000    7.500014675.6738   11.4560
    0.0000   45.0000    7.500015270.9570   11.4646
    7.5000   45.0000    7.500014559.4219   11.4525
   -7.5000  -45.0000   15.0000 7294.6934   13.0949
    0.0000  -45.0000   15.0000 7600.2871   13.1103
    7.5000  -45.0000   15.0000 7257.3594   13.1043
   -7.5000  -37.5000   15.0000 8185.0811   12.6174
    0.0000  -37.5000   15.0000 8538.4971   12.6298
    7.5000  -37.5000   15.0000 8154.0356   12.6256
   -7.5000  -30.0000   15.0000 9486.4834   12.2987
    0.0000  -30.0000   15.0000 9925.4336   12.3114
    7.5000  -30.0000   15.0000 9484.8027   12.3118
   -7.5000  -22.5000   15.000010868.9355   12.1062
    0.0000  -22.5000   15.000011360.7217   12.1175
    7.5000  -22.5000   15.000010864.2812   12.1197
   -7.5000  -15.0000   15.000012270.3652   11.9751
    0.0000  -15.0000   15.000012831.8975   11.9839
    7.5000  -15.0000   15.000012259.4824   11.9844
   -7.5000   -7.5000   15.000013667.9736   11.9201
    0.0000   -7.5000   15.000014338.4053   11.9293
    7.5000   -7.5000   15.000013666.4951   11.9248
   -7.5000    0.0000   15.000014959.5762   11.9042
    0.0000    0.0000   15.000015712.1387   11.9156
    7.5000    0.0000   15.000014979.7930   11.9082
   -7.5000    7.5000   15.000015069.4932   11.8975
    0.0000    7.5000   15.000015753.4355   11.9108
    7.5000    7.5000   15.000015045.8135   11.9067
   -7.5000   15.0000   15.000015059.9326   11.8987
    0.0000   15.0000   15.000015793.4736   11.9122
    7.5000   15.0000   15.000015001.0039   11.9130
   -7.5000   22.5000   15.000014924.2021   11.9022
    0.0000   22.5000   15.000015713.5781   11.9135
    7.5000   22.5000   15.000014886.7637   11.9161
   -7.5000   30.0000   15.000014522.6846   11.7612
    0.0000   30.0000   15.000015249.4844   11.7700
    7.5000   30.0000   15.000014511.7119   11.7707
   -7.5000   37.5000   15.000014519.1924   11.7572
    0.0000   37.5000   15.000015187.5020   11.7663
    7.5000   37.5000   15.000014474.2314   11.7620
   -7.5000   45.0000   15.000013842.2266   11.4743
    0.0000   45.0000   15.000014467.6553   11.4852
    7.5000   45.0000   15.000013774.8818   11.4782
   -7.5000  -45.0000   22.5000 6765.2290   13.2348
    0.0000  -45.0000   22.5000 7060.5820   13.2524
    7.5000  -45.0000   22.5000 6748.7266   13.2491
   -7.5000  -37.5000   22.5000 7607.2075   12.7493
    0.0000  -37.5000   22.5000 7948.0820   12.7677
    7.5000  -37.5000   22.5000 7595.1069   12.7677
   -7.5000  -30.0000   22.5000 8847.9727   12.4295
    0.0000  -30.0000   22.5000 9241.3037   12.4498
    7.5000  -30.0000   22.5000 8828.8828   12.4545
   -7.5000  -22.5000   22.500010132.3945   12.2348
    0.0000  -22.5000   22.500010578.5020   12.2528
    7.5000  -22.5000   22.500010116.9355   12.2590
   -7.5000  -15.0000   22.500011415.0576   12.1019
    0.0000  -15.0000   22.500011941.8584   12.1144
    7.5000  -15.0000   22.500011405.6875   12.1173
   -7.5000   -7.5000   22.500012695.9658   12.0445
    0.0000   -7.5000   22.500013294.2148   12.0553
    7.5000   -7.5000   22.500012696.2480   12.0526
   -7.5000    0.0000   22.500013894.8740   12.0264
    0.0000    0.0000   22.500014538.7988   12.0399
    7.5000    0.0000   22.500013896.3232   12.0350
   -7.5000    7.5000   22.500014043.5918   12.0202
    0.0000    7.5000   22.500014663.5342   12.0386
    7.5000    7.5000   22.500014008.6963   12.0379
   -7.5000   15.0000   22.500014058.1162   12.0233
    0.0000   15.0000   22.500014743.3750   12.0442
    7.5000   15.0000   22.500014029.5732   12.0491
   -7.5000   22.5000   22.500013912.3613   12.0280
    0.0000   22.5000   22.500014581.2158   12.0457
    7.5000   22.5000   22.500013895.6602   12.0521
   -7.5000   30.0000   22.500013586.4561   11.8855
    0.0000   30.0000   22.500014189.1162   11.8979
    7.5000   30.0000   22.500013551.6602   11.9009
   -7.5000   37.5000   22.500013616.2021   11.8798
    0.0000   37.5000   22.500014216.6611   11.8905
    7.5000   37.5000   22.500013566.1924   11.8879
   -7.5000   45.0000   22.500012983.0449   11.5920
    0.0000   45.0000   22.500013575.2168   11.6050
    7.5000   45.0000   22.500012918.0039   11.6004
   -7.5000  -45.0000   30.0000 6228.7026   13.4616
    0.0000  -45.0000   30.0000 6497.2339   13.4779
    7.5000  -45.0000   30.0000 6187.9595   13.4706
   -7.5000  -37.5000   30.0000 7000.5776   12.9590
    0.0000  -37.5000   30.0000 7304.7959   12.9779
    7.5000  -37.5000   30.0000 6969.8008   12.9769
   -7.5000  -30.0000   30.0000 8141.9810   12.6323
    0.0000  -30.0000   30.0000 8500.5322   12.6554
    7.5000  -30.0000   30.0000 8106.6226   12.6605
   -7.5000  -22.5000   30.0000 9326.2266   12.4362
    0.0000  -22.5000   30.0000 9742.1064   12.4582
    7.5000  -22.5000   30.0000 9298.8682   12.4644
   -7.5000  -15.0000   30.000010505.7852   12.3023
    0.0000  -15.0000   30.000010976.1582   12.3175
    7.5000  -15.0000   30.000010480.8438   12.3181
   -7.5000   -7.5000   30.000011681.9912   12.2417
    0.0000   -7.5000   30.000012188.9443   12.2526
    7.5000   -7.5000   30.000011665.3535   12.2463
   -7.5000    0.0000   30.000012816.7812   12.2194
    0.0000    0.0000   30.000013358.3750   12.2316
    7.5000    0.0000   30.000012792.3965   12.2236
   -7.5000    7.5000   30.000012976.7246   12.2117
    0.0000    7.5000   30.000013534.7139   12.2303
    7.5000    7.5000   30.000012938.9678   12.2286
   -7.5000   15.0000   30.000012986.7119   12.2164
    0.0000   15.0000   30.000013579.1777   12.2401
    7.5000   15.0000   30.000012957.6348   12.2457
   -7.5000   22.5000   30.000012837.0918   12.2243
    0.0000   22.5000   30.000013369.4385   12.2460
    7.5000   22.5000   30.000012792.6387   12.2523
   -7.5000   30.0000   30.000012563.8398   12.0817
    0.0000   30.0000   30.000013049.0869   12.0968
    7.5000   30.0000   30.000012489.6104   12.0976
   -7.5000   37.5000   30.000012615.9209   12.0741
    0.0000   37.5000   30.000013115.2139   12.0849
    7.5000   37.5000   30.000012548.4170   12.0788
   -7.5000   45.0000   30.000012020.3350   11.7780
    0.0000   45.0000   30.000012511.9102   11.7898
    7.5000   45.0000   30.000011959.5068   11.7822
   -7.5000  -45.0000   37.5000 5960.3794   13.8895
    0.0000  -45.0000   37.5000 6219.6426   13.9046
    7.5000  -45.0000   37.5000 5917.3955   13.8898
   -7.5000  -37.5000   37.5000 6712.8848   13.3549
    0.0000  -37.5000   37.5000 7021.5303   13.3708
    7.5000  -37.5000   37.5000 6680.9058   13.3647
   -7.5000  -30.0000   37.5000 7800.9731   13.0105
    0.0000  -30.0000   37.5000 8163.3418   13.0320
    7.5000  -30.0000   37.5000 7764.8228   13.0345
   -7.5000  -22.5000   37.5000 8946.6143   12.8092
    0.0000  -22.5000   37.5000 9342.0928   12.8322
    7.5000  -22.5000   37.5000 8904.3340   12.8355
   -7.5000  -15.0000   37.500010084.6406   12.6696
    0.0000  -15.0000   37.500010512.4355   12.6872
    7.5000  -15.0000   37.500010036.2090   12.6831
   -7.5000   -7.5000   37.500011213.4619   12.6033
    0.0000   -7.5000   37.500011685.7539   12.6153
    7.5000   -7.5000   37.500011182.7188   12.6028
   -7.5000    0.0000   37.500012308.8701   12.5762
    0.0000    0.0000   37.500012806.8135   12.5870
    7.5000    0.0000   37.500012248.0703   12.5727
   -7.5000    7.5000   37.500012456.5186   12.5672
    0.0000    7.5000   37.500012972.2383   12.5832
    7.5000    7.5000   37.500012406.5586   12.5771
   -7.5000   15.0000   37.500012450.6123   12.5746
    0.0000   15.0000   37.500012972.7646   12.5969
    7.5000   15.0000   37.500012404.2158   12.6000
   -7.5000   22.5000   37.500012278.4629   12.5868
    0.0000   22.5000   37.500012758.7090   12.6094
    7.5000   22.5000   37.500012223.6738   12.6129
   -7.5000   30.0000   37.500012015.2236   12.4412
    0.0000   30.0000   37.500012476.7441   12.4586
    7.5000   30.0000   37.500011960.3613   12.4549
   -7.5000   37.5000   37.500012092.6934   12.4305
    0.0000   37.5000   37.500012551.4238   12.4424
    7.5000   37.5000   37.500012035.0020   12.4301
   -7.5000   45.0000   37.500011542.6748   12.1221
    0.0000   45.0000   37.500011983.9541   12.1324
    7.5000   45.0000   37.500011488.1924   12.1186
   -7.5000  -45.0000   45.0000 5460.7168   14.3563
    0.0000  -45.0000   45.0000 5710.6147   14.3726
    7.5000  -45.0000   45.0000 5420.0054   14.3580
   -7.5000  -37.5000   45.0000 6159.3560   13.7996
    0.0000  -37.5000   45.0000 6453.1699   13.8134
    7.5000  -37.5000   45.0000 6133.3926   13.8068
   -7.5000  -30.0000   45.0000 7148.2495   13.4257
    0.0000  -30.0000   45.0000 7494.0845   13.4449
    7.5000  -30.0000   45.0000 7127.4502   13.4476
   -7.5000  -22.5000   45.0000 8205.1357   13.2106
    0.0000  -22.5000   45.0000 8575.5176   13.2325
    7.5000  -22.5000   45.0000 8162.1152   13.2359
   -7.5000  -15.0000   45.0000 9256.4385   13.0632
    0.0000  -15.0000   45.0000 9647.2363   13.0815
    7.5000  -15.0000   45.0000 9197.2236   13.0779
   -7.5000   -7.5000   45.000010310.1709   12.9967
    0.0000   -7.5000   45.000010723.1934   13.0099
    7.5000   -7.5000   45.000010244.5293   12.9979
   -7.5000    0.0000   45.000011301.5010   12.9712
    0.0000    0.0000   45.000011757.4414   12.9821
    7.5000    0.0000   45.000011231.2861   12.9676
   -7.5000    7.5000   45.000011440.1055   12.9601
    0.0000    7.5000   45.000011900.2783   12.9746
    7.5000    7.5000   45.000011386.9619   12.9682
   -7.5000   15.0000   45.000011397.2070   12.9645
    0.0000   15.0000   45.000011852.2881   12.9844
    7.5000   15.0000   45.000011342.7910   12.9875
   -7.5000   22.5000   45.000011226.0742   12.9757
    0.0000   22.5000   45.000011651.8115   12.9970
    7.5000   22.5000   45.000011172.4229   13.0008
   -7.5000   30.0000   45.000010983.5498   12.8252
    0.0000   30.0000   45.000011399.8447   12.8433
    7.5000   30.0000   45.000010927.9072   12.8401
   -7.5000   37.5000   45.000011059.3555   12.8172
    0.0000   37.5000   45.000011475.3936   12.8303
    7.5000   37.5000   45.000011010.7256   12.8185
   -7.5000   45.0000   45.000010578.8076   12.5084
    0.0000   45.0000   45.000010960.8232   12.5189
    7.5000   45.0000   45.000010515.5928   12.5049

---------------------------------------------------------------------
imgreg_4dfp /opt/freesurfer/average/711-2C_as_mni_average_305 /opt/freesurfer/average/711-2B_as_mni_average_305_mask talsrcimg_g11 none talsrcimg_to_711-2C_as_mni_average_305_t4 4355
---------------------------------------------------------------------

freesurfer imgreg_4dfp.c
/opt/freesurfer/average/711-2C_as_mni_average_305.4dfp.img
       256       256       256         1
  1.000000  1.000000  1.000000
orientation T byte_order littleendian
Reading image: /opt/freesurfer/average/711-2C_as_mni_average_305.4dfp.img
dimensions:      256       256       256
mmppix:       1.0000   -1.0000   -1.0000
center:     128.0000 -129.0000 -129.0000
/opt/freesurfer/average/711-2B_as_mni_average_305_mask.4dfp.img
       256       256       256         1
  1.000000  1.000000  1.000000
orientation T byte_order littleendian
Reading mask: /opt/freesurfer/average/711-2B_as_mni_average_305_mask.4dfp.img (2306576 pixels)
talsrcimg_g11.4dfp.img
       256       256       256         1
  1.000000  1.000000  1.000000
orientation T byte_order littleendian
Reading image: talsrcimg_g11.4dfp.img
dimensions:      256       256       256
mmppix:       1.0000   -1.0000   -1.0000
center:     128.0000 -129.0000 -129.0000
rotation matrix determinant  1.000000
image alignment mode   4355 decimal     1103 hex
   -7.5000  -22.5000  -45.0000 2227.9988   13.4653
    0.0000  -22.5000  -45.0000 2238.3386   13.4393
    7.5000  -22.5000  -45.0000 2217.7703   13.6097
   -7.5000  -15.0000  -45.0000 2328.3618   12.2311
    0.0000  -15.0000  -45.0000 2341.0730   12.1740
    7.5000  -15.0000  -45.0000 2321.2278   12.3489
   -7.5000   -7.5000  -45.0000 2415.9409   11.2422
    0.0000   -7.5000  -45.0000 2430.1213   11.1814
    7.5000   -7.5000  -45.0000 2412.1353   11.3318
   -7.5000    0.0000  -45.0000 2470.4004   10.5019
    0.0000    0.0000  -45.0000 2490.7917   10.4250
    7.5000    0.0000  -45.0000 2477.4463   10.5610
   -7.5000    7.5000  -45.0000 2516.8362    9.9498
    0.0000    7.5000  -45.0000 2532.8584    9.8713
    7.5000    7.5000  -45.0000 2518.6738   10.0163
   -7.5000   15.0000  -45.0000 2537.9290    9.6223
    0.0000   15.0000  -45.0000 2550.1555    9.5403
    7.5000   15.0000  -45.0000 2536.1143    9.6902
   -7.5000   22.5000  -45.0000 2546.7495    9.4719
    0.0000   22.5000  -45.0000 2556.7280    9.4197
    7.5000   22.5000  -45.0000 2539.4351    9.5617
   -7.5000   30.0000  -45.0000 2538.8535    9.5042
    0.0000   30.0000  -45.0000 2547.2439    9.4362
    7.5000   30.0000  -45.0000 2531.3530    9.5955
   -7.5000   37.5000  -45.0000 2516.4026    9.7273
    0.0000   37.5000  -45.0000 2525.8945    9.6500
    7.5000   37.5000  -45.0000 2507.3914    9.7984
   -7.5000   45.0000  -45.0000 2473.5466   10.1235
    0.0000   45.0000  -45.0000 2481.8008   10.0443
    7.5000   45.0000  -45.0000 2465.7053   10.2020
   -7.5000   52.5000  -45.0000 2390.0510   10.6668
    0.0000   52.5000  -45.0000 2401.9114   10.5799
    7.5000   52.5000  -45.0000 2384.0015   10.7255
   -7.5000   60.0000  -45.0000 2262.6353   11.2561
    0.0000   60.0000  -45.0000 2272.8074   11.1587
    7.5000   60.0000  -45.0000 2258.3760   11.3006
   -7.5000   67.5000  -45.0000 2103.7361   11.8744
    0.0000   67.5000  -45.0000 2114.3289   11.7439
    7.5000   67.5000  -45.0000 2099.8318   11.8863
   -7.5000  -22.5000  -37.5000 2284.6418   12.8185
    0.0000  -22.5000  -37.5000 2296.2512   12.7877
    7.5000  -22.5000  -37.5000 2272.8245   12.9891
   -7.5000  -15.0000  -37.5000 2389.2610   11.6021
    0.0000  -15.0000  -37.5000 2403.7427   11.5438
    7.5000  -15.0000  -37.5000 2382.2925   11.7300
   -7.5000   -7.5000  -37.5000 2479.2000   10.6224
    0.0000   -7.5000  -37.5000 2496.3779   10.5616
    7.5000   -7.5000  -37.5000 2479.3508   10.7284
   -7.5000    0.0000  -37.5000 2543.2678    9.8884
    0.0000    0.0000  -37.5000 2562.0913    9.8174
    7.5000    0.0000  -37.5000 2547.9192    9.9735
   -7.5000    7.5000  -37.5000 2591.1321    9.3618
    0.0000    7.5000  -37.5000 2609.0166    9.2889
    7.5000    7.5000  -37.5000 2596.0554    9.4373
   -7.5000   15.0000  -37.5000 2624.3318    9.0028
    0.0000   15.0000  -37.5000 2638.3215    8.9280
    7.5000   15.0000  -37.5000 2623.5256    9.0673
   -7.5000   22.5000  -37.5000 2634.7610    8.8540
    0.0000   22.5000  -37.5000 2649.6562    8.7903
    7.5000   22.5000  -37.5000 2631.5593    8.9350
   -7.5000   30.0000  -37.5000 2629.1687    8.8568
    0.0000   30.0000  -37.5000 2641.0859    8.7893
    7.5000   30.0000  -37.5000 2624.6680    8.9354
   -7.5000   37.5000  -37.5000 2608.5518    9.0686
    0.0000   37.5000  -37.5000 2619.5730    8.9877
    7.5000   37.5000  -37.5000 2600.6326    9.1311
   -7.5000   45.0000  -37.5000 2569.0000    9.4423
    0.0000   45.0000  -37.5000 2579.4905    9.3475
    7.5000   45.0000  -37.5000 2559.9106    9.4866
   -7.5000   52.5000  -37.5000 2482.3020    9.9345
    0.0000   52.5000  -37.5000 2492.9155    9.8293
    7.5000   52.5000  -37.5000 2471.6521    9.9647
   -7.5000   60.0000  -37.5000 2344.2571   10.4791
    0.0000   60.0000  -37.5000 2353.4368   10.3571
    7.5000   60.0000  -37.5000 2338.5881   10.4896
   -7.5000   67.5000  -37.5000 2178.4473   11.0348
    0.0000   67.5000  -37.5000 2188.6650   10.9062
    7.5000   67.5000  -37.5000 2174.9214   11.0482
   -7.5000  -22.5000  -30.0000 2369.0508   12.6448
    0.0000  -22.5000  -30.0000 2379.4517   12.6309
    7.5000  -22.5000  -30.0000 2358.0159   12.8438
   -7.5000  -15.0000  -30.0000 2481.0918   11.3996
    0.0000  -15.0000  -30.0000 2496.8242   11.3828
    7.5000  -15.0000  -30.0000 2475.5298   11.5655
   -7.5000   -7.5000  -30.0000 2584.3335   10.4078
    0.0000   -7.5000  -30.0000 2598.9976   10.3639
    7.5000   -7.5000  -30.0000 2583.6501   10.5348
   -7.5000    0.0000  -30.0000 2659.8264    9.6498
    0.0000    0.0000  -30.0000 2675.2654    9.5835
    7.5000    0.0000  -30.0000 2661.8909    9.7460
   -7.5000    7.5000  -30.0000 2717.1206    9.1168
    0.0000    7.5000  -30.0000 2729.4419    9.0474
    7.5000    7.5000  -30.0000 2715.8120    9.2025
   -7.5000   15.0000  -30.0000 2754.8225    8.7369
    0.0000   15.0000  -30.0000 2768.5305    8.6661
    7.5000   15.0000  -30.0000 2751.0010    8.8038
   -7.5000   22.5000  -30.0000 2770.6345    8.5747
    0.0000   22.5000  -30.0000 2790.7581    8.4750
    7.5000   22.5000  -30.0000 2766.7805    8.6333
   -7.5000   30.0000  -30.0000 2773.0442    8.5703
    0.0000   30.0000  -30.0000 2787.5603    8.4692
    7.5000   30.0000  -30.0000 2766.6340    8.6324
   -7.5000   37.5000  -30.0000 2755.2310    8.7567
    0.0000   37.5000  -30.0000 2769.0330    8.6531
    7.5000   37.5000  -30.0000 2749.1555    8.8124
   -7.5000   45.0000  -30.0000 2712.9626    9.1023
    0.0000   45.0000  -30.0000 2727.3950    9.0070
    7.5000   45.0000  -30.0000 2705.7686    9.1522
   -7.5000   52.5000  -30.0000 2621.8723    9.5714
    0.0000   52.5000  -30.0000 2634.8525    9.4738
    7.5000   52.5000  -30.0000 2611.4238    9.6181
   -7.5000   60.0000  -30.0000 2473.6377   10.1047
    0.0000   60.0000  -30.0000 2485.5349    9.9880
    7.5000   60.0000  -30.0000 2468.6038   10.1327
   -7.5000   67.5000  -30.0000 2298.5352   10.6587
    0.0000   67.5000  -30.0000 2305.5588   10.5282
    7.5000   67.5000  -30.0000 2292.1987   10.6836
   -7.5000  -22.5000  -22.5000 2411.3469   12.4732
    0.0000  -22.5000  -22.5000 2424.8237   12.4411
    7.5000  -22.5000  -22.5000 2403.5283   12.6446
   -7.5000  -15.0000  -22.5000 2530.7876   11.2114
    0.0000  -15.0000  -22.5000 2550.9009   11.1669
    7.5000  -15.0000  -22.5000 2531.3608   11.3426
   -7.5000   -7.5000  -22.5000 2645.4475   10.1947
    0.0000   -7.5000  -22.5000 2662.1289   10.1428
    7.5000   -7.5000  -22.5000 2646.3792   10.3026
   -7.5000    0.0000  -22.5000 2734.0391    9.4058
    0.0000    0.0000  -22.5000 2749.8557    9.3418
    7.5000    0.0000  -22.5000 2731.7822    9.4886
   -7.5000    7.5000  -22.5000 2798.7378    8.8388
    0.0000    7.5000  -22.5000 2815.8889    8.7665
    7.5000    7.5000  -22.5000 2796.6704    8.9054
   -7.5000   15.0000  -22.5000 2848.2410    8.4340
    0.0000   15.0000  -22.5000 2859.3340    8.3574
    7.5000   15.0000  -22.5000 2840.5671    8.5088
   -7.5000   22.5000  -22.5000 2873.2422    8.2627
    0.0000   22.5000  -22.5000 2891.6807    8.1468
    7.5000   22.5000  -22.5000 2864.4836    8.3086
   -7.5000   30.0000  -22.5000 2879.9353    8.2431
    0.0000   30.0000  -22.5000 2896.2314    8.1160
    7.5000   30.0000  -22.5000 2868.5188    8.2898
   -7.5000   37.5000  -22.5000 2862.5566    8.4079
    0.0000   37.5000  -22.5000 2881.1392    8.2885
    7.5000   37.5000  -22.5000 2857.5674    8.4621
   -7.5000   45.0000  -22.5000 2818.5820    8.7350
    0.0000   45.0000  -22.5000 2836.8428    8.6252
    7.5000   45.0000  -22.5000 2811.4387    8.7895
   -7.5000   52.5000  -22.5000 2724.1616    9.1806
    0.0000   52.5000  -22.5000 2741.5388    9.0706
    7.5000   52.5000  -22.5000 2712.1204    9.2297
   -7.5000   60.0000  -22.5000 2573.1182    9.7122
    0.0000   60.0000  -22.5000 2585.7788    9.5901
    7.5000   60.0000  -22.5000 2561.6538    9.7498
   -7.5000   67.5000  -22.5000 2387.2615   10.2644
    0.0000   67.5000  -22.5000 2397.2039   10.1417
    7.5000   67.5000  -22.5000 2375.2610   10.3002
   -7.5000  -22.5000  -15.0000 2425.8291   12.3936
    0.0000  -22.5000  -15.0000 2438.2549   12.3401
    7.5000  -22.5000  -15.0000 2421.9060   12.5279
   -7.5000  -15.0000  -15.0000 2547.8401   11.0718
    0.0000  -15.0000  -15.0000 2564.6414   11.0261
    7.5000  -15.0000  -15.0000 2548.6770   11.2000
   -7.5000   -7.5000  -15.0000 2665.7146   10.0172
    0.0000   -7.5000  -15.0000 2677.9727    9.9726
    7.5000   -7.5000  -15.0000 2664.8406   10.1277
   -7.5000    0.0000  -15.0000 2761.8035    9.1861
    0.0000    0.0000  -15.0000 2775.0359    9.1469
    7.5000    0.0000  -15.0000 2755.3528    9.2828
   -7.5000    7.5000  -15.0000 2837.3936    8.6030
    0.0000    7.5000  -15.0000 2851.1279    8.5411
    7.5000    7.5000  -15.0000 2830.7573    8.6583
   -7.5000   15.0000  -15.0000 2892.7100    8.1965
    0.0000   15.0000  -15.0000 2904.5847    8.1233
    7.5000   15.0000  -15.0000 2888.3193    8.2393
   -7.5000   22.5000  -15.0000 2929.9648    8.0125
    0.0000   22.5000  -15.0000 2948.8914    7.9169
    7.5000   22.5000  -15.0000 2924.0085    8.0480
   -7.5000   30.0000  -15.0000 2942.6904    7.9773
    0.0000   30.0000  -15.0000 2968.5737    7.8495
    7.5000   30.0000  -15.0000 2933.2083    8.0141
   -7.5000   37.5000  -15.0000 2929.1960    8.0980
    0.0000   37.5000  -15.0000 2951.7156    7.9825
    7.5000   37.5000  -15.0000 2922.1851    8.1601
   -7.5000   45.0000  -15.0000 2884.3652    8.4043
    0.0000   45.0000  -15.0000 2906.7622    8.3046
    7.5000   45.0000  -15.0000 2876.7842    8.4529
   -7.5000   52.5000  -15.0000 2785.4404    8.8411
    0.0000   52.5000  -15.0000 2808.2224    8.7572
    7.5000   52.5000  -15.0000 2775.2217    8.8804
   -7.5000   60.0000  -15.0000 2626.6567    9.3819
    0.0000   60.0000  -15.0000 2642.7881    9.2948
    7.5000   60.0000  -15.0000 2617.4199    9.4228
   -7.5000   67.5000  -15.0000 2437.2986    9.9679
    0.0000   67.5000  -15.0000 2449.1636    9.8662
    7.5000   67.5000  -15.0000 2425.0317   10.0028
   -7.5000  -22.5000   -7.5000 2421.4951   12.3024
    0.0000  -22.5000   -7.5000 2433.3005   12.2725
    7.5000  -22.5000   -7.5000 2417.1340   12.4901
   -7.5000  -15.0000   -7.5000 2542.8584   10.9696
    0.0000  -15.0000   -7.5000 2554.6091   10.9344
    7.5000  -15.0000   -7.5000 2538.1199   11.1288
   -7.5000   -7.5000   -7.5000 2659.1812    9.9002
    0.0000   -7.5000   -7.5000 2668.8086    9.8446
    7.5000   -7.5000   -7.5000 2651.1433   10.0076
   -7.5000    0.0000   -7.5000 2761.7527    9.0520
    0.0000    0.0000   -7.5000 2765.5327    8.9838
    7.5000    0.0000   -7.5000 2747.9331    9.1252
   -7.5000    7.5000   -7.5000 2846.2085    8.4276
    0.0000    7.5000   -7.5000 2850.2097    8.3649
    7.5000    7.5000   -7.5000 2836.2139    8.4813
   -7.5000   15.0000   -7.5000 2911.3108    8.0427
    0.0000   15.0000   -7.5000 2921.2737    7.9889
    7.5000   15.0000   -7.5000 2903.5713    8.0909
   -7.5000   22.5000   -7.5000 2959.6431    7.8774
    0.0000   22.5000   -7.5000 2977.5322    7.8472
    7.5000   22.5000   -7.5000 2957.0864    7.9058
   -7.5000   30.0000   -7.5000 2984.5779    7.8011
    0.0000   30.0000   -7.5000 3018.7214    7.7706
    7.5000   30.0000   -7.5000 2976.7361    7.8506
   -7.5000   37.5000   -7.5000 2971.6467    7.8556
    0.0000   37.5000   -7.5000 2999.6421    7.7739
    7.5000   37.5000   -7.5000 2960.6384    7.9074
   -7.5000   45.0000   -7.5000 2921.7754    8.1291
    0.0000   45.0000   -7.5000 2938.7385    8.0538
    7.5000   45.0000   -7.5000 2911.9036    8.1628
   -7.5000   52.5000   -7.5000 2818.9678    8.5892
    0.0000   52.5000   -7.5000 2835.3984    8.4887
    7.5000   52.5000   -7.5000 2810.6226    8.6033
   -7.5000   60.0000   -7.5000 2656.3652    9.1528
    0.0000   60.0000   -7.5000 2669.3601    9.0465
    7.5000   60.0000   -7.5000 2647.0647    9.1735
   -7.5000   67.5000   -7.5000 2461.2283    9.7384
    0.0000   67.5000   -7.5000 2470.4814    9.6339
    7.5000   67.5000   -7.5000 2447.7051    9.7782
   -7.5000  -22.5000    0.0000 2406.0356   12.4015
    0.0000  -22.5000    0.0000 2414.9778   12.3354
    7.5000  -22.5000    0.0000 2399.1692   12.5748
   -7.5000  -15.0000    0.0000 2530.2593   11.0260
    0.0000  -15.0000    0.0000 2530.9392   10.9611
    7.5000  -15.0000    0.0000 2514.9727   11.1567
   -7.5000   -7.5000    0.0000 2641.9810    9.9283
    0.0000   -7.5000    0.0000 2643.1104    9.8713
    7.5000   -7.5000    0.0000 2624.8799   10.0384
   -7.5000    0.0000    0.0000 2742.8552    9.0512
    0.0000    0.0000    0.0000 2745.7971    9.0111
    7.5000    0.0000    0.0000 2726.1553    9.1615
   -7.5000    7.5000    0.0000 2833.8372    8.3954
    0.0000    7.5000    0.0000 2841.1958    8.3708
    7.5000    7.5000    0.0000 2822.5549    8.5059
   -7.5000   15.0000    0.0000 2910.1418    7.9748
    0.0000   15.0000    0.0000 2922.6877    7.9350
    7.5000   15.0000    0.0000 2900.3408    8.0663
   -7.5000   22.5000    0.0000 2974.1431    7.8182
    0.0000   22.5000    0.0000 2989.6311    7.7917
    7.5000   22.5000    0.0000 2965.3926    7.8652
   -7.5000   30.0000    0.0000 3001.2786    7.7841
    0.0000   30.0000    0.0000 3031.1941    7.7852
    7.5000   30.0000    0.0000 2991.9358    7.8149
   -7.5000   37.5000    0.0000 2989.2839    7.8123
    0.0000   37.5000    0.0000 3014.7935    7.7505
    7.5000   37.5000    0.0000 2980.1748    7.8514
   -7.5000   45.0000    0.0000 2944.3630    8.0353
    0.0000   45.0000    0.0000 2957.4636    7.9434
    7.5000   45.0000    0.0000 2928.6614    8.0690
   -7.5000   52.5000    0.0000 2835.5474    8.4796
    0.0000   52.5000    0.0000 2849.5913    8.3562
    7.5000   52.5000    0.0000 2827.9282    8.4878
   -7.5000   60.0000    0.0000 2666.3489    9.0445
    0.0000   60.0000    0.0000 2678.8936    8.9208
    7.5000   60.0000    0.0000 2658.4263    9.0579
   -7.5000   67.5000    0.0000 2469.8357    9.6457
    0.0000   67.5000    0.0000 2478.8293    9.5137
    7.5000   67.5000    0.0000 2459.6338    9.6663
   -7.5000  -22.5000    7.5000 2378.3792   12.6796
    0.0000  -22.5000    7.5000 2385.5588   12.6235
    7.5000  -22.5000    7.5000 2367.9814   12.8594
   -7.5000  -15.0000    7.5000 2500.9607   11.2572
    0.0000  -15.0000    7.5000 2501.5244   11.2292
    7.5000  -15.0000    7.5000 2482.3162   11.4419
   -7.5000   -7.5000    7.5000 2616.2109   10.1186
    0.0000   -7.5000    7.5000 2614.9951   10.1129
    7.5000   -7.5000    7.5000 2593.7891   10.3072
   -7.5000    0.0000    7.5000 2722.1692    9.2047
    0.0000    0.0000    7.5000 2722.9585    9.2065
    7.5000    0.0000    7.5000 2697.7969    9.3697
   -7.5000    7.5000    7.5000 2819.5217    8.5157
    0.0000    7.5000    7.5000 2819.8208    8.4878
    7.5000    7.5000    7.5000 2798.9072    8.6380
   -7.5000   15.0000    7.5000 2904.9607    8.0737
    0.0000   15.0000    7.5000 2906.7605    7.9979
    7.5000   15.0000    7.5000 2887.6804    8.1367
   -7.5000   22.5000    7.5000 2971.7017    7.8843
    0.0000   22.5000    7.5000 2981.5596    7.8054
    7.5000   22.5000    7.5000 2961.7939    7.8861
   -7.5000   30.0000    7.5000 3001.5342    7.8421
    0.0000   30.0000    7.5000 3028.7964    7.8017
    7.5000   30.0000    7.5000 2992.3525    7.8474
   -7.5000   37.5000    7.5000 2984.4668    7.9381
    0.0000   37.5000    7.5000 3009.5112    7.8416
    7.5000   37.5000    7.5000 2974.8057    7.9592
   -7.5000   45.0000    7.5000 2934.8794    8.2073
    0.0000   45.0000    7.5000 2950.0466    8.0928
    7.5000   45.0000    7.5000 2923.1384    8.2207
   -7.5000   52.5000    7.5000 2829.2454    8.5977
    0.0000   52.5000    7.5000 2842.3513    8.4853
    7.5000   52.5000    7.5000 2818.1006    8.6183
   -7.5000   60.0000    7.5000 2661.6128    9.1066
    0.0000   60.0000    7.5000 2673.2402    8.9912
    7.5000   60.0000    7.5000 2653.7637    9.1318
   -7.5000   67.5000    7.5000 2465.1250    9.6578
    0.0000   67.5000    7.5000 2472.9729    9.5336
    7.5000   67.5000    7.5000 2458.1074    9.6796
   -7.5000  -22.5000   15.0000 2343.9475   13.0902
    0.0000  -22.5000   15.0000 2349.5767   13.0771
    7.5000  -22.5000   15.0000 2328.6272   13.3480
   -7.5000  -15.0000   15.0000 2464.7646   11.6165
    0.0000  -15.0000   15.0000 2467.4497   11.5860
    7.5000  -15.0000   15.0000 2446.8245   11.8150
   -7.5000   -7.5000   15.0000 2581.6135   10.4197
    0.0000   -7.5000   15.0000 2581.8708   10.4015
    7.5000   -7.5000   15.0000 2560.5723   10.5982
   -7.5000    0.0000   15.0000 2691.7246    9.4559
    0.0000    0.0000   15.0000 2689.7410    9.4391
    7.5000    0.0000   15.0000 2669.9861    9.6102
   -7.5000    7.5000   15.0000 2793.8220    8.7240
    0.0000    7.5000   15.0000 2790.1426    8.6933
    7.5000    7.5000   15.0000 2768.1802    8.8482
   -7.5000   15.0000   15.0000 2884.7617    8.2651
    0.0000   15.0000   15.0000 2882.9067    8.2093
    7.5000   15.0000   15.0000 2860.4053    8.3521
   -7.5000   22.5000   15.0000 2950.7683    8.0527
    0.0000   22.5000   15.0000 2962.3740    8.0253
    7.5000   22.5000   15.0000 2939.9453    8.0912
   -7.5000   30.0000   15.0000 2974.0457    7.9824
    0.0000   30.0000   15.0000 3000.2654    7.9238
    7.5000   30.0000   15.0000 2963.0864    8.0377
   -7.5000   37.5000   15.0000 2955.3447    8.1277
    0.0000   37.5000   15.0000 2977.8967    8.0179
    7.5000   37.5000   15.0000 2943.5627    8.1563
   -7.5000   45.0000   15.0000 2902.2185    8.4412
    0.0000   45.0000   15.0000 2917.7820    8.3523
    7.5000   45.0000   15.0000 2894.2012    8.4417
   -7.5000   52.5000   15.0000 2797.2515    8.8538
    0.0000   52.5000   15.0000 2809.1973    8.7644
    7.5000   52.5000   15.0000 2789.8311    8.8662
   -7.5000   60.0000   15.0000 2635.2048    9.3482
    0.0000   60.0000   15.0000 2645.9229    9.2521
    7.5000   60.0000   15.0000 2627.3711    9.3689
   -7.5000   67.5000   15.0000 2440.4124    9.8642
    0.0000   67.5000   15.0000 2449.0183    9.7392
    7.5000   67.5000   15.0000 2432.9946    9.8801
   -7.5000  -22.5000   22.5000 2304.0520   13.6081
    0.0000  -22.5000   22.5000 2305.6580   13.5797
    7.5000  -22.5000   22.5000 2280.9490   13.9023
   -7.5000  -15.0000   22.5000 2428.1572   12.0532
    0.0000  -15.0000   22.5000 2432.0261   12.0034
    7.5000  -15.0000   22.5000 2407.8567   12.2478
   -7.5000   -7.5000   22.5000 2548.9072   10.7931
    0.0000   -7.5000   22.5000 2549.7529   10.7404
    7.5000   -7.5000   22.5000 2530.7754   10.9484
   -7.5000    0.0000   22.5000 2660.9880    9.7888
    0.0000    0.0000   22.5000 2662.2974    9.7375
    7.5000    0.0000   22.5000 2641.4163    9.9330
   -7.5000    7.5000   22.5000 2764.6228    9.0634
    0.0000    7.5000   22.5000 2763.1140    9.0053
    7.5000    7.5000   22.5000 2739.6252    9.2072
   -7.5000   15.0000   22.5000 2856.0547    8.6218
    0.0000   15.0000   22.5000 2857.7195    8.5996
    7.5000   15.0000   22.5000 2831.6567    8.7457
   -7.5000   22.5000   22.5000 2918.4714    8.3961
    0.0000   22.5000   22.5000 2928.9438    8.3629
    7.5000   22.5000   22.5000 2901.1765    8.4816
   -7.5000   30.0000   22.5000 2936.0151    8.3392
    0.0000   30.0000   22.5000 2948.2585    8.2549
    7.5000   30.0000   22.5000 2919.2268    8.4146
   -7.5000   37.5000   22.5000 2913.4907    8.4936
    0.0000   37.5000   22.5000 2927.8213    8.4016
    7.5000   37.5000   22.5000 2898.3689    8.5371
   -7.5000   45.0000   22.5000 2854.3413    8.8175
    0.0000   45.0000   22.5000 2870.3042    8.7345
    7.5000   45.0000   22.5000 2844.4924    8.8324
   -7.5000   52.5000   22.5000 2748.6990    9.2133
    0.0000   52.5000   22.5000 2759.8103    9.1384
    7.5000   52.5000   22.5000 2739.6577    9.2295
   -7.5000   60.0000   22.5000 2592.8950    9.6774
    0.0000   60.0000   22.5000 2601.1921    9.5967
    7.5000   60.0000   22.5000 2586.0300    9.7027
   -7.5000   67.5000   22.5000 2401.4294   10.1776
    0.0000   67.5000   22.5000 2406.7996   10.0839
    7.5000   67.5000   22.5000 2393.7979   10.1928
   -7.5000  -22.5000   30.0000 2260.7444   14.2148
    0.0000  -22.5000   30.0000 2258.4368   14.1842
    7.5000  -22.5000   30.0000 2233.9187   14.5428
   -7.5000  -15.0000   30.0000 2390.3530   12.5763
    0.0000  -15.0000   30.0000 2388.8901   12.5379
    7.5000  -15.0000   30.0000 2365.0764   12.8202
   -7.5000   -7.5000   30.0000 2510.8826   11.2564
    0.0000   -7.5000   30.0000 2510.9751   11.1934
    7.5000   -7.5000   30.0000 2491.5642   11.4445
   -7.5000    0.0000   30.0000 2626.6748   10.2611
    0.0000    0.0000   30.0000 2625.7261   10.1815
    7.5000    0.0000   30.0000 2604.7275   10.4194
   -7.5000    7.5000   30.0000 2726.5972    9.5627
    0.0000    7.5000   30.0000 2730.0684    9.4927
    7.5000    7.5000   30.0000 2704.3765    9.7135
   -7.5000   15.0000   30.0000 2812.0725    9.1221
    0.0000   15.0000   30.0000 2818.2695    9.0849
    7.5000   15.0000   30.0000 2791.0740    9.2513
   -7.5000   22.5000   30.0000 2866.6904    8.8714
    0.0000   22.5000   30.0000 2877.9534    8.7985
    7.5000   22.5000   30.0000 2845.9421    8.9858
   -7.5000   30.0000   30.0000 2881.4248    8.8256
    0.0000   30.0000   30.0000 2884.8120    8.7420
    7.5000   30.0000   30.0000 2858.2571    8.9029
   -7.5000   37.5000   30.0000 2854.0916    8.9980
    0.0000   37.5000   30.0000 2861.1489    8.8972
    7.5000   37.5000   30.0000 2837.4485    9.0413
   -7.5000   45.0000   30.0000 2792.6956    9.2926
    0.0000   45.0000   30.0000 2806.5769    9.1941
    7.5000   45.0000   30.0000 2783.1094    9.3225
   -7.5000   52.5000   30.0000 2686.6350    9.6797
    0.0000   52.5000   30.0000 2696.4597    9.5891
    7.5000   52.5000   30.0000 2678.2593    9.7058
   -7.5000   60.0000   30.0000 2536.8223   10.1181
    0.0000   60.0000   30.0000 2543.0669   10.0310
    7.5000   60.0000   30.0000 2525.7922   10.1454
   -7.5000   67.5000   30.0000 2351.3804   10.5854
    0.0000   67.5000   30.0000 2359.8242   10.4986
    7.5000   67.5000   30.0000 2343.9575   10.5952
   -7.5000  -22.5000   37.5000 2213.7065   14.9758
    0.0000  -22.5000   37.5000 2213.4934   14.9139
    7.5000  -22.5000   37.5000 2187.4033   15.2996
   -7.5000  -15.0000   37.5000 2344.9561   13.2361
    0.0000  -15.0000   37.5000 2345.6221   13.1641
    7.5000  -15.0000   37.5000 2320.0576   13.4980
   -7.5000   -7.5000   37.5000 2467.3176   11.9018
    0.0000   -7.5000   37.5000 2470.5293   11.7999
    7.5000   -7.5000   37.5000 2449.2527   12.0879
   -7.5000    0.0000   37.5000 2582.3579   10.9011
    0.0000    0.0000   37.5000 2585.1138   10.7945
    7.5000    0.0000   37.5000 2558.1328   11.0486
   -7.5000    7.5000   37.5000 2679.1724   10.1843
    0.0000    7.5000   37.5000 2684.9827   10.1137
    7.5000    7.5000   37.5000 2657.5759   10.3344
   -7.5000   15.0000   37.5000 2752.6177    9.7197
    0.0000   15.0000   37.5000 2762.9675    9.6501
    7.5000   15.0000   37.5000 2736.4177    9.8614
   -7.5000   22.5000   37.5000 2795.3931    9.4532
    0.0000   22.5000   37.5000 2808.3560    9.3753
    7.5000   22.5000   37.5000 2775.3684    9.5912
   -7.5000   30.0000   37.5000 2804.8594    9.4016
    0.0000   30.0000   37.5000 2808.9260    9.3420
    7.5000   30.0000   37.5000 2785.1042    9.5139
   -7.5000   37.5000   37.5000 2777.6953    9.5715
    0.0000   37.5000   37.5000 2780.8391    9.4787
    7.5000   37.5000   37.5000 2762.7524    9.6401
   -7.5000   45.0000   37.5000 2719.7971    9.8542
    0.0000   45.0000   37.5000 2729.0955    9.7551
    7.5000   45.0000   37.5000 2711.7676    9.9105
   -7.5000   52.5000   37.5000 2616.0474   10.2206
    0.0000   52.5000   37.5000 2621.1050   10.1180
    7.5000   52.5000   37.5000 2606.4004   10.2654
   -7.5000   60.0000   37.5000 2467.5488   10.6393
    0.0000   60.0000   37.5000 2475.0083   10.5395
    7.5000   60.0000   37.5000 2458.8997   10.6800
   -7.5000   67.5000   37.5000 2291.2424   11.0909
    0.0000   67.5000   37.5000 2298.7495   10.9920
    7.5000   67.5000   37.5000 2286.5872   11.1080
   -7.5000  -22.5000   45.0000 2154.9822   15.9140
    0.0000  -22.5000   45.0000 2160.7397   15.8300
    7.5000  -22.5000   45.0000 2134.0852   16.2444
   -7.5000  -15.0000   45.0000 2289.9954   14.0924
    0.0000  -15.0000   45.0000 2297.3801   13.9764
    7.5000  -15.0000   45.0000 2270.2517   14.3274
   -7.5000   -7.5000   45.0000 2417.1096   12.7017
    0.0000   -7.5000   45.0000 2421.6770   12.5719
    7.5000   -7.5000   45.0000 2396.6606   12.8854
   -7.5000    0.0000   45.0000 2524.5813   11.6744
    0.0000    0.0000   45.0000 2530.1179   11.5666
    7.5000    0.0000   45.0000 2503.3452   11.8459
   -7.5000    7.5000   45.0000 2616.2307   10.9403
    0.0000    7.5000   45.0000 2621.9404   10.8623
    7.5000    7.5000   45.0000 2596.4629   11.0990
   -7.5000   15.0000   45.0000 2677.0327   10.4504
    0.0000   15.0000   45.0000 2687.6436   10.3482
    7.5000   15.0000   45.0000 2661.4387   10.5902
   -7.5000   22.5000   45.0000 2709.0222   10.1780
    0.0000   22.5000   45.0000 2719.6387   10.0906
    7.5000   22.5000   45.0000 2691.4673   10.3161
   -7.5000   30.0000   45.0000 2715.5444   10.1033
    0.0000   30.0000   45.0000 2720.9155   10.0312
    7.5000   30.0000   45.0000 2697.5925   10.2243
   -7.5000   37.5000   45.0000 2685.1853   10.2471
    0.0000   37.5000   45.0000 2691.3025   10.1492
    7.5000   37.5000   45.0000 2676.2346   10.3253
   -7.5000   45.0000   45.0000 2634.7495   10.5172
    0.0000   45.0000   45.0000 2638.7124   10.3991
    7.5000   45.0000   45.0000 2627.6724   10.5761
   -7.5000   52.5000   45.0000 2536.3755   10.8610
    0.0000   52.5000   45.0000 2543.4956   10.7488
    7.5000   52.5000   45.0000 2532.9810   10.9146
   -7.5000   60.0000   45.0000 2393.3989   11.2722
    0.0000   60.0000   45.0000 2402.2712   11.1506
    7.5000   60.0000   45.0000 2388.1499   11.3210
   -7.5000   67.5000   45.0000 2223.0203   11.7093
    0.0000   67.5000   45.0000 2231.4778   11.5813
    7.5000   67.5000   45.0000 2218.9404   11.7201

---------------------------------------------------------------------
imgreg_4dfp /opt/freesurfer/average/711-2C_as_mni_average_305 /opt/freesurfer/average/711-2B_as_mni_average_305_mask talsrcimg_g11 none talsrcimg_to_711-2C_as_mni_average_305_t4 1283
---------------------------------------------------------------------

freesurfer imgreg_4dfp.c
/opt/freesurfer/average/711-2C_as_mni_average_305.4dfp.img
       256       256       256         1
  1.000000  1.000000  1.000000
orientation T byte_order littleendian
Reading image: /opt/freesurfer/average/711-2C_as_mni_average_305.4dfp.img
dimensions:      256       256       256
mmppix:       1.0000   -1.0000   -1.0000
center:     128.0000 -129.0000 -129.0000
/opt/freesurfer/average/711-2B_as_mni_average_305_mask.4dfp.img
       256       256       256         1
  1.000000  1.000000  1.000000
orientation T byte_order littleendian
Reading mask: /opt/freesurfer/average/711-2B_as_mni_average_305_mask.4dfp.img (2306576 pixels)
talsrcimg_g11.4dfp.img
       256       256       256         1
  1.000000  1.000000  1.000000
orientation T byte_order littleendian
Reading image: talsrcimg_g11.4dfp.img
dimensions:      256       256       256
mmppix:       1.0000   -1.0000   -1.0000
center:     128.0000 -129.0000 -129.0000
rotation matrix determinant  1.000000
fimgreg.f
image alignment mode   1283 decimal      503 hex
parameters
    0.0000   30.0000    0.0000    0.0000    0.0000    0.0000
eta,q 0.95108  7.77906
niter,ni,del,rscale     5    3   12.0000    1.2000
parameter  3 -0.824570 -> -0.500000 qaram    1.1500
parameter  4  1.185022 ->  0.500000 qaram    1.1500
parameter  6 -0.883885 -> -0.500000 qaram    1.1500
parameters
   -0.9703   30.9565    3.4500   -3.4500    0.8429    3.4500
eta,q 0.95477  7.82338
  0.0548  0.0597  0.0551  0.0464  0.0508  0.0543
  0.0521  0.0561  0.0529  0.0471  0.0488  0.0519
  0.0513  0.0530  0.0519  0.0483  0.0476  0.0494
  0.0514  0.0513  0.0512  0.0498  0.0474  0.0472
  0.0521  0.0517  0.0503  0.0522  0.0473  0.0458
  0.0542  0.0534  0.0499  0.0556  0.0479  0.0451
  0.0587  0.0558  0.0500  0.0587  0.0491  0.0455
niter,ni,del,rscale     7    3   12.0000    1.2000
parameter  4  0.789647 ->  0.500000 qaram    1.3225
parameters
   -0.8399   31.9663    1.8010   -7.4175    0.5075    4.4957
eta,q 0.95868  7.82169
  0.0518  0.0549  0.0466  0.0431  0.0465  0.0485
  0.0471  0.0503  0.0454  0.0415  0.0436  0.0452
  0.0453  0.0469  0.0448  0.0421  0.0417  0.0426
  0.0452  0.0452  0.0451  0.0448  0.0415  0.0414
  0.0456  0.0454  0.0457  0.0478  0.0428  0.0416
  0.0471  0.0469  0.0472  0.0503  0.0449  0.0432
  0.0509  0.0501  0.0503  0.0537  0.0471  0.0452
niter,ni,del,rscale     7    3   12.0000    1.2000
parameters
   -0.7567   32.8061   -0.0662   -9.6836    0.6750    4.6721
eta,q 0.95972  7.81250
  0.0503  0.0531  0.0440  0.0433  0.0465  0.0461
  0.0452  0.0473  0.0419  0.0424  0.0438  0.0433
  0.0422  0.0430  0.0406  0.0404  0.0411  0.0411
  0.0413  0.0413  0.0412  0.0405  0.0403  0.0403
  0.0419  0.0415  0.0437  0.0429  0.0415  0.0411
  0.0447  0.0438  0.0458  0.0468  0.0434  0.0432
  0.0500  0.0479  0.0479  0.0501  0.0456  0.0454
niter,ni,del,rscale     6    3   12.0000    1.2000
parameters
   -0.9470   34.0339   -1.1995  -11.9779    1.0246    4.8312
eta,q 0.95939  7.80794
  0.0492  0.0509  0.0442  0.0424  0.0451  0.0455
  0.0446  0.0456  0.0415  0.0406  0.0430  0.0430
  0.0415  0.0419  0.0407  0.0406  0.0414  0.0413
  0.0403  0.0403  0.0406  0.0405  0.0406  0.0406
  0.0412  0.0411  0.0422  0.0413  0.0411  0.0411
  0.0450  0.0423  0.0443  0.0446  0.0424  0.0429
  0.0510  0.0444  0.0465  0.0484  0.0442  0.0450
niter,ni,del,rscale     5    3   12.0000    1.2000
parameters
   -1.1411   35.3919   -3.0012  -14.0147    0.7762    5.1018
eta,q 0.96092  7.80720
  0.0476  0.0500  0.0430  0.0424  0.0425  0.0449
  0.0436  0.0447  0.0399  0.0402  0.0407  0.0419
  0.0416  0.0417  0.0399  0.0391  0.0397  0.0399
  0.0406  0.0407  0.0403  0.0400  0.0391  0.0391
  0.0410  0.0402  0.0418  0.0414  0.0396  0.0397
  0.0439  0.0408  0.0443  0.0436  0.0411  0.0417
  0.0493  0.0439  0.0472  0.0476  0.0432  0.0439
niter,ni,del,rscale     4    3   12.0000    1.2000
parameters
   -1.1258   35.9627   -2.9050  -14.4359    0.7106    5.2096
eta,q 0.96097  7.80941
  0.0465  0.0482  0.0459  0.0440  0.0429  0.0444
  0.0418  0.0435  0.0406  0.0413  0.0410  0.0414
  0.0397  0.0403  0.0387  0.0397  0.0398  0.0396
  0.0391  0.0391  0.0390  0.0390  0.0390  0.0390
  0.0392  0.0393  0.0399  0.0404  0.0396  0.0398
  0.0418  0.0411  0.0418  0.0421  0.0412  0.0416
  0.0465  0.0455  0.0442  0.0450  0.0431  0.0438
niter,ni,del,rscale     3    3   12.0000    1.2000
parameters
   -1.0278   36.1121   -3.0085  -14.6327    0.6438    5.2943
eta,q 0.96103  7.81105
  0.0466  0.0473  0.0454  0.0443  0.0430  0.0442
  0.0421  0.0426  0.0402  0.0414  0.0411  0.0413
  0.0399  0.0397  0.0386  0.0397  0.0397  0.0395
  0.0390  0.0390  0.0390  0.0390  0.0390  0.0390
  0.0391  0.0395  0.0401  0.0401  0.0396  0.0398
  0.0417  0.0418  0.0419  0.0419  0.0412  0.0415
  0.0464  0.0467  0.0443  0.0446  0.0432  0.0437
niter,ni,del,rscale     2    3   12.0000    1.2000
parameters
   -0.9961   36.1751   -3.0579  -14.7102    0.6069    5.3292
eta,q 0.96104  7.81178
  0.0464  0.0472  0.0454  0.0444  0.0430  0.0441
  0.0420  0.0424  0.0403  0.0415  0.0411  0.0412
  0.0399  0.0396  0.0386  0.0397  0.0397  0.0395
  0.0390  0.0390  0.0390  0.0389  0.0390  0.0390
  0.0391  0.0395  0.0401  0.0400  0.0396  0.0398
  0.0418  0.0419  0.0419  0.0418  0.0412  0.0415
  0.0466  0.0470  0.0442  0.0444  0.0431  0.0436
niter,ni,del,rscale     1    3   12.0000    1.2000
parameters
   -0.9783   36.1989   -3.0802  -14.7402    0.5870    5.3451
eta,q 0.96104  7.81221
  0.0464  0.0471  0.0455  0.0445  0.0430  0.0440
  0.0420  0.0422  0.0404  0.0415  0.0411  0.0411
  0.0399  0.0395  0.0386  0.0397  0.0397  0.0395
  0.0390  0.0390  0.0390  0.0389  0.0390  0.0390
  0.0391  0.0395  0.0401  0.0400  0.0396  0.0398
  0.0418  0.0419  0.0418  0.0418  0.0411  0.0415
  0.0466  0.0471  0.0441  0.0444  0.0431  0.0436
registration optimization eta report
parameter search radius
    6.0000    6.0000    6.9000    7.9350    6.0000    6.9000
100000*second partial in parameter space
       22.       23.       13.        8.       11.       10.
  0.0464  0.0471  0.0455  0.0445  0.0430  0.0440
  0.0420  0.0422  0.0404  0.0415  0.0411  0.0411
  0.0399  0.0395  0.0386  0.0397  0.0397  0.0395
  0.0390  0.0390  0.0390  0.0389  0.0390  0.0390
  0.0391  0.0395  0.0401  0.0400  0.0396  0.0398
  0.0418  0.0419  0.0418  0.0418  0.0411  0.0415
  0.0466  0.0471  0.0441  0.0444  0.0431  0.0436
   -0.9783   36.1989   -3.0802  -14.7402    0.5870    5.3451
eta,q 0.96104  7.81221

---------------------------------------------------------------------
imgreg_4dfp /opt/freesurfer/average/711-2C_as_mni_average_305 /opt/freesurfer/average/711-2B_as_mni_average_305_mask talsrcimg_g11 none talsrcimg_to_711-2C_as_mni_average_305_t4 3335
---------------------------------------------------------------------

freesurfer imgreg_4dfp.c
/opt/freesurfer/average/711-2C_as_mni_average_305.4dfp.img
       256       256       256         1
  1.000000  1.000000  1.000000
orientation T byte_order littleendian
Reading image: /opt/freesurfer/average/711-2C_as_mni_average_305.4dfp.img
dimensions:      256       256       256
mmppix:       1.0000   -1.0000   -1.0000
center:     128.0000 -129.0000 -129.0000
/opt/freesurfer/average/711-2B_as_mni_average_305_mask.4dfp.img
       256       256       256         1
  1.000000  1.000000  1.000000
orientation T byte_order littleendian
Reading mask: /opt/freesurfer/average/711-2B_as_mni_average_305_mask.4dfp.img (2306576 pixels)
talsrcimg_g11.4dfp.img
       256       256       256         1
  1.000000  1.000000  1.000000
orientation T byte_order littleendian
Reading image: talsrcimg_g11.4dfp.img
dimensions:      256       256       256
mmppix:       1.0000   -1.0000   -1.0000
center:     128.0000 -129.0000 -129.0000
fimgreg.f
image alignment mode   3335 decimal      D07 hex
parameters
   -0.9783   36.1989   -3.0802   -0.4401   -3.6873   -3.2961
   -8.7493   -3.3567    9.3149   25.2407    1.0245  -25.4423
eta,q 0.96357  7.79597
niter,ni,del,rscale     5    3    5.0000    1.2000
parameter  5  0.670798 ->  0.500000 qaram    1.1500
parameter  7 -0.500060 -> -0.500000 qaram    1.1500
parameter 12 -0.756273 -> -0.500000 qaram    1.1500
parameters
   -0.7943   35.9327   -4.1926    0.6802   -7.8273   -4.9590
   -4.6093   -2.6570   10.7035   24.8600   -1.0584  -21.3023
eta,q 0.96544  7.59498
  0.0383  0.0378  0.0365  0.0377  0.0351  0.0355  0.0379  0.0373  0.0369  0.0363  0.0350  0.0364
  0.0374  0.0369  0.0362  0.0370  0.0350  0.0355  0.0368  0.0361  0.0360  0.0354  0.0349  0.0357
  0.0368  0.0365  0.0362  0.0365  0.0353  0.0354  0.0359  0.0354  0.0353  0.0350  0.0349  0.0352
  0.0364  0.0364  0.0364  0.0362  0.0362  0.0350  0.0353  0.0350  0.0349  0.0349  0.0349  0.0349
  0.0365  0.0368  0.0367  0.0362  0.0378  0.0350  0.0350  0.0350  0.0349  0.0350  0.0349  0.0347
  0.0370  0.0375  0.0372  0.0365  0.0403  0.0358  0.0350  0.0355  0.0352  0.0356  0.0351  0.0345
  0.0379  0.0385  0.0377  0.0370  0.0433  0.0379  0.0353  0.0366  0.0358  0.0367  0.0353  0.0345
niter,ni,del,rscale     7    3    5.0000    1.2000
parameters
   -1.0955   35.9859   -4.1615    1.0087  -10.5647   -7.9474
   -3.2782   -3.2226   12.0810   23.2784   -4.5159  -20.6144
eta,q 0.96583  7.33801
  0.0358  0.0362  0.0352  0.0355  0.0351  0.0345  0.0361  0.0360  0.0362  0.0351  0.0343  0.0352
  0.0351  0.0353  0.0348  0.0350  0.0349  0.0344  0.0354  0.0352  0.0354  0.0345  0.0342  0.0346
  0.0347  0.0347  0.0346  0.0347  0.0347  0.0346  0.0349  0.0346  0.0348  0.0342  0.0342  0.0343
  0.0346  0.0346  0.0346  0.0346  0.0346  0.0347  0.0345  0.0345  0.0345  0.0344  0.0343  0.0342
  0.0349  0.0347  0.0346  0.0346  0.0351  0.0346  0.0345  0.0348  0.0344  0.0348  0.0344  0.0343
  0.0356  0.0352  0.0348  0.0348  0.0364  0.0347  0.0348  0.0355  0.0347  0.0353  0.0346  0.0345
  0.0367  0.0360  0.0351  0.0354  0.0388  0.0358  0.0354  0.0366  0.0353  0.0360  0.0349  0.0348
niter,ni,del,rscale     6    3    5.0000    1.2000
parameters
   -1.2631   36.2079   -3.5286   -1.0863  -12.3700   -8.4916
   -4.1987   -3.6738   12.3119   22.1225   -4.3022  -19.4032
eta,q 0.96624  7.13364
  0.0356  0.0359  0.0352  0.0346  0.0349  0.0346  0.0351  0.0356  0.0353  0.0350  0.0342  0.0348
  0.0348  0.0350  0.0348  0.0342  0.0343  0.0341  0.0344  0.0347  0.0346  0.0342  0.0340  0.0342
  0.0344  0.0344  0.0344  0.0340  0.0340  0.0339  0.0340  0.0340  0.0341  0.0338  0.0338  0.0339
  0.0342  0.0342  0.0342  0.0341  0.0340  0.0339  0.0339  0.0339  0.0339  0.0339  0.0338  0.0338
  0.0344  0.0343  0.0341  0.0345  0.0343  0.0342  0.0342  0.0342  0.0340  0.0343  0.0338  0.0338
  0.0351  0.0347  0.0342  0.0351  0.0352  0.0343  0.0349  0.0350  0.0344  0.0351  0.0339  0.0340
  0.0362  0.0353  0.0345  0.0361  0.0368  0.0346  0.0358  0.0361  0.0351  0.0358  0.0342  0.0343
niter,ni,del,rscale     5    3    5.0000    1.2000
parameters
   -1.0246   36.4043   -3.4543   -1.5029  -12.6002   -9.1687
   -5.0069   -3.4012   12.1846   22.0700   -3.3710  -18.4449
eta,q 0.96634  7.08319
  0.0357  0.0354  0.0346  0.0349  0.0352  0.0345  0.0350  0.0359  0.0349  0.0354  0.0342  0.0345
  0.0348  0.0345  0.0341  0.0343  0.0346  0.0341  0.0343  0.0348  0.0343  0.0344  0.0340  0.0341
  0.0341  0.0339  0.0338  0.0339  0.0340  0.0338  0.0338  0.0340  0.0338  0.0339  0.0338  0.0338
  0.0338  0.0337  0.0337  0.0337  0.0337  0.0337  0.0337  0.0337  0.0337  0.0337  0.0337  0.0337
  0.0338  0.0338  0.0338  0.0340  0.0339  0.0341  0.0340  0.0339  0.0338  0.0339  0.0337  0.0337
  0.0343  0.0342  0.0341  0.0345  0.0344  0.0344  0.0347  0.0345  0.0343  0.0346  0.0338  0.0339
  0.0351  0.0349  0.0345  0.0352  0.0356  0.0347  0.0356  0.0356  0.0350  0.0353  0.0340  0.0342
niter,ni,del,rscale     4    3    5.0000    1.2000
parameters
   -0.9506   36.4119   -3.4801   -1.9346  -12.8238   -9.9331
   -5.5306   -3.1085   11.6749   22.2567   -2.3910  -17.6292
eta,q 0.96641  7.03379
  0.0354  0.0350  0.0344  0.0349  0.0349  0.0345  0.0350  0.0358  0.0347  0.0353  0.0343  0.0345
  0.0346  0.0342  0.0340  0.0342  0.0344  0.0340  0.0343  0.0347  0.0341  0.0345  0.0340  0.0340
  0.0339  0.0338  0.0337  0.0338  0.0339  0.0337  0.0338  0.0340  0.0337  0.0339  0.0338  0.0337
  0.0337  0.0337  0.0337  0.0337  0.0336  0.0337  0.0336  0.0336  0.0336  0.0336  0.0336  0.0336
  0.0338  0.0338  0.0338  0.0339  0.0338  0.0340  0.0339  0.0338  0.0338  0.0338  0.0336  0.0336
  0.0343  0.0343  0.0340  0.0345  0.0342  0.0344  0.0345  0.0345  0.0343  0.0344  0.0337  0.0338
  0.0353  0.0349  0.0345  0.0351  0.0353  0.0347  0.0354  0.0355  0.0350  0.0352  0.0340  0.0342
niter,ni,del,rscale     3    3    5.0000    1.2000
parameters
   -0.9585   36.3531   -3.4841   -2.4370  -13.3315  -10.5731
   -5.9070   -2.8389   11.0047   22.5993   -1.8489  -16.8895
eta,q 0.96644  6.97882
  0.0353  0.0349  0.0344  0.0348  0.0346  0.0345  0.0350  0.0358  0.0345  0.0353  0.0343  0.0345
  0.0344  0.0341  0.0339  0.0341  0.0341  0.0340  0.0342  0.0347  0.0340  0.0345  0.0340  0.0340
  0.0338  0.0337  0.0337  0.0337  0.0337  0.0337  0.0337  0.0339  0.0337  0.0338  0.0337  0.0337
  0.0336  0.0336  0.0336  0.0336  0.0336  0.0336  0.0336  0.0336  0.0336  0.0336  0.0336  0.0336
  0.0338  0.0338  0.0337  0.0339  0.0337  0.0339  0.0338  0.0338  0.0338  0.0337  0.0336  0.0336
  0.0344  0.0343  0.0339  0.0345  0.0342  0.0344  0.0344  0.0345  0.0343  0.0343  0.0338  0.0338
  0.0354  0.0349  0.0344  0.0351  0.0351  0.0347  0.0353  0.0355  0.0350  0.0351  0.0341  0.0342
niter,ni,del,rscale     2    3    5.0000    1.2000
parameters
   -1.0060   36.2815   -3.5056   -2.9248  -13.9041  -10.9723
   -6.1587   -2.6083   10.5087   22.8884   -1.6312  -16.3221
eta,q 0.96645  6.93114
  0.0353  0.0348  0.0343  0.0348  0.0345  0.0346  0.0350  0.0358  0.0345  0.0353  0.0342  0.0344
  0.0343  0.0340  0.0339  0.0341  0.0339  0.0341  0.0342  0.0347  0.0340  0.0344  0.0339  0.0339
  0.0337  0.0336  0.0336  0.0337  0.0336  0.0337  0.0337  0.0339  0.0336  0.0338  0.0336  0.0336
  0.0336  0.0336  0.0336  0.0336  0.0335  0.0335  0.0336  0.0336  0.0336  0.0336  0.0335  0.0335
  0.0338  0.0338  0.0336  0.0339  0.0337  0.0337  0.0338  0.0338  0.0337  0.0337  0.0336  0.0336
  0.0344  0.0342  0.0339  0.0345  0.0341  0.0343  0.0344  0.0345  0.0342  0.0343  0.0338  0.0338
  0.0354  0.0348  0.0343  0.0351  0.0349  0.0348  0.0352  0.0355  0.0349  0.0350  0.0342  0.0342
niter,ni,del,rscale     1    3    5.0000    1.2000
parameters
   -1.0520   36.2168   -3.5052   -3.3225  -14.3289  -11.1242
   -6.3046   -2.4514   10.1881   23.0416   -1.5132  -15.9653
eta,q 0.96646  6.89829
  0.0353  0.0347  0.0343  0.0349  0.0345  0.0346  0.0350  0.0357  0.0346  0.0352  0.0342  0.0343
  0.0343  0.0340  0.0339  0.0342  0.0339  0.0341  0.0343  0.0346  0.0340  0.0343  0.0338  0.0339
  0.0337  0.0336  0.0336  0.0337  0.0336  0.0337  0.0337  0.0338  0.0336  0.0338  0.0336  0.0336
  0.0335  0.0335  0.0335  0.0335  0.0335  0.0335  0.0335  0.0335  0.0335  0.0335  0.0335  0.0335
  0.0338  0.0337  0.0336  0.0338  0.0337  0.0336  0.0338  0.0338  0.0337  0.0337  0.0336  0.0336
  0.0344  0.0342  0.0339  0.0345  0.0340  0.0342  0.0343  0.0345  0.0342  0.0343  0.0338  0.0338
  0.0354  0.0348  0.0343  0.0351  0.0347  0.0347  0.0351  0.0355  0.0348  0.0351  0.0342  0.0342
registration optimization eta report
parameter search radius
    2.4000    2.4000    2.4000    7.2000    8.2800    7.2000
    8.2800    7.2000    7.2000    7.2000    7.2000    8.2800
100000*second partial in parameter space
       30.       21.       13.        3.        2.        2.
        2.        4.        2.        3.        1.        1.
  0.0353  0.0347  0.0343  0.0349  0.0345  0.0346  0.0350  0.0357  0.0346  0.0352  0.0342  0.0343
  0.0343  0.0340  0.0339  0.0342  0.0339  0.0341  0.0343  0.0346  0.0340  0.0343  0.0338  0.0339
  0.0337  0.0336  0.0336  0.0337  0.0336  0.0337  0.0337  0.0338  0.0336  0.0338  0.0336  0.0336
  0.0335  0.0335  0.0335  0.0335  0.0335  0.0335  0.0335  0.0335  0.0335  0.0335  0.0335  0.0335
  0.0338  0.0337  0.0336  0.0338  0.0337  0.0336  0.0338  0.0338  0.0337  0.0337  0.0336  0.0336
  0.0344  0.0342  0.0339  0.0345  0.0340  0.0342  0.0343  0.0345  0.0342  0.0343  0.0338  0.0338
  0.0354  0.0348  0.0343  0.0351  0.0347  0.0347  0.0351  0.0355  0.0348  0.0351  0.0342  0.0342
   -1.0520   36.2168   -3.5052   -3.3225  -14.3289  -11.1242
   -6.3046   -2.4514   10.1881   23.0416   -1.5132  -15.9653
eta,q 0.96646  6.89829

---------------------------------------------------------------------
imgreg_4dfp /opt/freesurfer/average/711-2C_as_mni_average_305 /opt/freesurfer/average/711-2B_as_mni_average_305_mask talsrcimg_g11 none talsrcimg_to_711-2C_as_mni_average_305_t4 2311
---------------------------------------------------------------------

freesurfer imgreg_4dfp.c
/opt/freesurfer/average/711-2C_as_mni_average_305.4dfp.img
       256       256       256         1
  1.000000  1.000000  1.000000
orientation T byte_order littleendian
Reading image: /opt/freesurfer/average/711-2C_as_mni_average_305.4dfp.img
dimensions:      256       256       256
mmppix:       1.0000   -1.0000   -1.0000
center:     128.0000 -129.0000 -129.0000
/opt/freesurfer/average/711-2B_as_mni_average_305_mask.4dfp.img
       256       256       256         1
  1.000000  1.000000  1.000000
orientation T byte_order littleendian
Reading mask: /opt/freesurfer/average/711-2B_as_mni_average_305_mask.4dfp.img (2306576 pixels)
talsrcimg_g11.4dfp.img
       256       256       256         1
  1.000000  1.000000  1.000000
orientation T byte_order littleendian
Reading image: talsrcimg_g11.4dfp.img
dimensions:      256       256       256
mmppix:       1.0000   -1.0000   -1.0000
center:     128.0000 -129.0000 -129.0000
fimgreg.f
image alignment mode   2311 decimal      907 hex
parameters
   -1.0520   36.2168   -3.5052   -3.3225  -14.3289  -11.1242
   -6.3046   -2.4514   10.1881   23.0416   -1.5132  -15.9653
eta,q 0.96646  6.89829
niter,ni,del,rscale     5    3    5.0000    0.8000
parameters
   -1.1093   36.0806   -3.4516   -3.6137  -15.0361  -10.8882
   -6.5058   -2.4010    9.8472   23.0861   -1.3818  -15.9995
eta,q 0.96651  6.86459
  0.0343  0.0340  0.0339  0.0343  0.0338  0.0341  0.0341  0.0346  0.0340  0.0343  0.0338  0.0337
  0.0339  0.0337  0.0337  0.0339  0.0336  0.0338  0.0337  0.0340  0.0337  0.0339  0.0336  0.0336
  0.0336  0.0335  0.0336  0.0336  0.0335  0.0336  0.0336  0.0336  0.0335  0.0336  0.0335  0.0335
  0.0335  0.0335  0.0335  0.0335  0.0335  0.0335  0.0335  0.0335  0.0335  0.0335  0.0335  0.0335
  0.0337  0.0336  0.0336  0.0337  0.0336  0.0335  0.0336  0.0336  0.0336  0.0336  0.0335  0.0335
  0.0339  0.0339  0.0337  0.0340  0.0337  0.0337  0.0338  0.0340  0.0338  0.0338  0.0336  0.0336
  0.0344  0.0342  0.0338  0.0345  0.0339  0.0340  0.0342  0.0345  0.0342  0.0343  0.0338  0.0337
niter,ni,del,rscale     4    3    5.0000    0.7000
parameters
   -1.1467   35.9992   -3.3194   -3.7667  -15.3328  -10.5697
   -6.5062   -2.3872    9.6545   23.0267   -1.2786  -15.9818
eta,q 0.96653  6.85172
  0.0341  0.0339  0.0338  0.0341  0.0338  0.0339  0.0340  0.0343  0.0339  0.0341  0.0337  0.0336
  0.0337  0.0336  0.0336  0.0338  0.0336  0.0337  0.0337  0.0338  0.0337  0.0337  0.0336  0.0335
  0.0335  0.0335  0.0335  0.0336  0.0335  0.0336  0.0335  0.0336  0.0335  0.0335  0.0335  0.0335
  0.0335  0.0335  0.0335  0.0335  0.0335  0.0335  0.0335  0.0335  0.0335  0.0335  0.0335  0.0335
  0.0336  0.0336  0.0335  0.0336  0.0336  0.0335  0.0335  0.0336  0.0335  0.0335  0.0335  0.0335
  0.0338  0.0337  0.0336  0.0339  0.0337  0.0336  0.0337  0.0339  0.0337  0.0338  0.0336  0.0335
  0.0341  0.0340  0.0337  0.0343  0.0338  0.0339  0.0340  0.0343  0.0340  0.0341  0.0337  0.0336
niter,ni,del,rscale     3    3    5.0000    0.6000
parameters
   -1.1717   35.9411   -3.2077   -3.7985  -15.5170  -10.2888
   -6.4857   -2.3928    9.5396   22.9505   -1.1997  -15.9896
eta,q 0.96654  6.84669
  0.0339  0.0338  0.0337  0.0340  0.0337  0.0338  0.0339  0.0341  0.0338  0.0339  0.0336  0.0336
  0.0337  0.0336  0.0336  0.0337  0.0335  0.0336  0.0336  0.0337  0.0336  0.0337  0.0335  0.0335
  0.0335  0.0335  0.0335  0.0335  0.0335  0.0335  0.0335  0.0335  0.0335  0.0335  0.0335  0.0335
  0.0335  0.0335  0.0335  0.0335  0.0335  0.0335  0.0335  0.0335  0.0335  0.0335  0.0335  0.0335
  0.0335  0.0335  0.0335  0.0335  0.0335  0.0335  0.0335  0.0335  0.0335  0.0335  0.0335  0.0335
  0.0337  0.0337  0.0335  0.0337  0.0336  0.0336  0.0336  0.0337  0.0336  0.0337  0.0335  0.0335
  0.0340  0.0338  0.0336  0.0341  0.0337  0.0337  0.0338  0.0341  0.0338  0.0339  0.0336  0.0336
niter,ni,del,rscale     2    3    5.0000    0.5000
parameters
   -1.1876   35.8902   -3.1101   -3.7842  -15.6267  -10.0321
   -6.4802   -2.4111    9.4773   22.8492   -1.1481  -15.9940
eta,q 0.96655  6.84540
  0.0338  0.0337  0.0336  0.0339  0.0336  0.0337  0.0337  0.0339  0.0337  0.0337  0.0336  0.0335
  0.0336  0.0335  0.0335  0.0337  0.0335  0.0336  0.0336  0.0336  0.0336  0.0336  0.0335  0.0335
  0.0335  0.0335  0.0335  0.0335  0.0335  0.0335  0.0335  0.0335  0.0335  0.0335  0.0335  0.0335
  0.0335  0.0335  0.0335  0.0335  0.0334  0.0334  0.0334  0.0334  0.0334  0.0334  0.0334  0.0334
  0.0335  0.0335  0.0335  0.0335  0.0335  0.0334  0.0335  0.0335  0.0335  0.0335  0.0335  0.0335
  0.0336  0.0336  0.0335  0.0336  0.0335  0.0335  0.0336  0.0336  0.0336  0.0336  0.0335  0.0335
  0.0338  0.0337  0.0336  0.0339  0.0336  0.0336  0.0337  0.0339  0.0337  0.0338  0.0336  0.0335
niter,ni,del,rscale     1    3    5.0000    0.4000
parameters
   -1.1945   35.8493   -3.0335   -3.7531  -15.7011   -9.8005
   -6.4593   -2.4193    9.4442   22.7712   -1.1111  -16.0414
eta,q 0.96656  6.84610
  0.0337  0.0336  0.0335  0.0337  0.0336  0.0336  0.0336  0.0337  0.0336  0.0336  0.0335  0.0335
  0.0335  0.0335  0.0335  0.0336  0.0335  0.0335  0.0335  0.0336  0.0335  0.0335  0.0335  0.0335
  0.0335  0.0335  0.0335  0.0335  0.0334  0.0335  0.0335  0.0335  0.0335  0.0335  0.0334  0.0334
  0.0334  0.0334  0.0334  0.0334  0.0334  0.0334  0.0334  0.0334  0.0334  0.0334  0.0334  0.0334
  0.0335  0.0335  0.0334  0.0335  0.0335  0.0334  0.0335  0.0335  0.0335  0.0335  0.0334  0.0334
  0.0335  0.0335  0.0335  0.0336  0.0335  0.0335  0.0335  0.0336  0.0335  0.0335  0.0335  0.0335
  0.0337  0.0336  0.0335  0.0337  0.0336  0.0336  0.0336  0.0337  0.0336  0.0337  0.0335  0.0335
registration optimization eta report
parameter search radius
    0.8000    0.8000    0.8000    2.4000    2.4000    2.4000
    2.4000    2.4000    2.4000    2.4000    2.4000    2.4000
100000*second partial in parameter space
       33.       24.       12.        5.        2.        3.
        3.        5.        3.        4.        1.        1.
  0.0337  0.0336  0.0335  0.0337  0.0336  0.0336  0.0336  0.0337  0.0336  0.0336  0.0335  0.0335
  0.0335  0.0335  0.0335  0.0336  0.0335  0.0335  0.0335  0.0336  0.0335  0.0335  0.0335  0.0335
  0.0335  0.0335  0.0335  0.0335  0.0334  0.0335  0.0335  0.0335  0.0335  0.0335  0.0334  0.0334
  0.0334  0.0334  0.0334  0.0334  0.0334  0.0334  0.0334  0.0334  0.0334  0.0334  0.0334  0.0334
  0.0335  0.0335  0.0334  0.0335  0.0335  0.0334  0.0335  0.0335  0.0335  0.0335  0.0334  0.0334
  0.0335  0.0335  0.0335  0.0336  0.0335  0.0335  0.0335  0.0336  0.0335  0.0335  0.0335  0.0335
  0.0337  0.0336  0.0335  0.0337  0.0336  0.0336  0.0336  0.0337  0.0336  0.0337  0.0335  0.0335
   -1.1945   35.8493   -3.0335   -3.7531  -15.7011   -9.8005
   -6.4593   -2.4193    9.4442   22.7712   -1.1111  -16.0414
eta,q 0.96656  6.84610

---------------------------------------------------------------------
imgreg_4dfp /opt/freesurfer/average/711-2C_as_mni_average_305 /opt/freesurfer/average/711-2B_as_mni_average_305_mask talsrcimg_g11 none talsrcimg_to_711-2C_as_mni_average_305_t4 2311
---------------------------------------------------------------------

freesurfer imgreg_4dfp.c
/opt/freesurfer/average/711-2C_as_mni_average_305.4dfp.img
       256       256       256         1
  1.000000  1.000000  1.000000
orientation T byte_order littleendian
Reading image: /opt/freesurfer/average/711-2C_as_mni_average_305.4dfp.img
dimensions:      256       256       256
mmppix:       1.0000   -1.0000   -1.0000
center:     128.0000 -129.0000 -129.0000
/opt/freesurfer/average/711-2B_as_mni_average_305_mask.4dfp.img
       256       256       256         1
  1.000000  1.000000  1.000000
orientation T byte_order littleendian
Reading mask: /opt/freesurfer/average/711-2B_as_mni_average_305_mask.4dfp.img (2306576 pixels)
talsrcimg_g11.4dfp.img
       256       256       256         1
  1.000000  1.000000  1.000000
orientation T byte_order littleendian
Reading image: talsrcimg_g11.4dfp.img
dimensions:      256       256       256
mmppix:       1.0000   -1.0000   -1.0000
center:     128.0000 -129.0000 -129.0000
fimgreg.f
image alignment mode   2311 decimal      907 hex
parameters
   -1.1945   35.8493   -3.0335   -3.7531  -15.7011   -9.8005
   -6.4593   -2.4193    9.4442   22.7712   -1.1111  -16.0414
eta,q 0.96656  6.84610
niter,ni,del,rscale     5    3    5.0000    0.8000
parameters
   -1.1758   35.8760   -2.9759   -3.8907  -15.2273  -10.0115
   -6.4139   -2.3383    9.5014   22.6706   -1.1583  -15.9470
eta,q 0.96654  6.85442
  0.0343  0.0341  0.0338  0.0343  0.0340  0.0340  0.0341  0.0346  0.0341  0.0342  0.0337  0.0337
  0.0338  0.0337  0.0336  0.0339  0.0337  0.0337  0.0338  0.0340  0.0337  0.0338  0.0336  0.0336
  0.0335  0.0335  0.0335  0.0336  0.0335  0.0335  0.0335  0.0336  0.0335  0.0335  0.0335  0.0335
  0.0334  0.0334  0.0334  0.0334  0.0334  0.0335  0.0335  0.0335  0.0335  0.0335  0.0335  0.0335
  0.0335  0.0335  0.0335  0.0336  0.0335  0.0335  0.0335  0.0336  0.0335  0.0335  0.0335  0.0335
  0.0338  0.0337  0.0336  0.0339  0.0336  0.0338  0.0338  0.0339  0.0337  0.0338  0.0336  0.0336
  0.0343  0.0340  0.0337  0.0345  0.0338  0.0341  0.0341  0.0345  0.0341  0.0343  0.0338  0.0337
niter,ni,del,rscale     4    3    5.0000    0.7000
parameters
   -1.1714   35.8479   -3.0234   -3.8652  -15.2470   -9.9978
   -6.4528   -2.3466    9.5228   22.6460   -1.1300  -16.0220
eta,q 0.96654  6.85411
  0.0341  0.0339  0.0337  0.0342  0.0338  0.0339  0.0340  0.0343  0.0340  0.0341  0.0337  0.0336
  0.0337  0.0336  0.0336  0.0338  0.0336  0.0337  0.0337  0.0338  0.0337  0.0337  0.0336  0.0335
  0.0335  0.0335  0.0335  0.0336  0.0335  0.0335  0.0335  0.0335  0.0335  0.0335  0.0335  0.0335
  0.0335  0.0335  0.0335  0.0335  0.0335  0.0335  0.0335  0.0335  0.0335  0.0335  0.0335  0.0335
  0.0335  0.0335  0.0335  0.0335  0.0335  0.0335  0.0335  0.0336  0.0335  0.0335  0.0335  0.0335
  0.0337  0.0337  0.0336  0.0338  0.0336  0.0336  0.0337  0.0338  0.0337  0.0337  0.0335  0.0335
  0.0341  0.0339  0.0337  0.0342  0.0338  0.0339  0.0340  0.0343  0.0339  0.0341  0.0337  0.0336
niter,ni,del,rscale     3    3    5.0000    0.6000
parameters
   -1.1732   35.8346   -3.0170   -3.8350  -15.3262   -9.8747
   -6.4792   -2.3637    9.5013   22.6470   -1.1452  -16.1153
eta,q 0.96656  6.85413
  0.0339  0.0338  0.0336  0.0340  0.0337  0.0338  0.0338  0.0341  0.0338  0.0339  0.0336  0.0336
  0.0337  0.0336  0.0335  0.0337  0.0335  0.0336  0.0336  0.0337  0.0336  0.0337  0.0335  0.0335
  0.0335  0.0335  0.0335  0.0335  0.0335  0.0335  0.0335  0.0335  0.0335  0.0335  0.0335  0.0335
  0.0335  0.0335  0.0335  0.0335  0.0335  0.0335  0.0335  0.0334  0.0334  0.0334  0.0334  0.0334
  0.0335  0.0335  0.0335  0.0335  0.0335  0.0335  0.0335  0.0335  0.0335  0.0335  0.0335  0.0335
  0.0337  0.0336  0.0335  0.0337  0.0336  0.0336  0.0336  0.0337  0.0336  0.0336  0.0335  0.0335
  0.0339  0.0338  0.0336  0.0340  0.0337  0.0338  0.0338  0.0341  0.0338  0.0339  0.0336  0.0336
niter,ni,del,rscale     2    3    5.0000    0.5000
parameters
   -1.1742   35.8212   -2.9767   -3.8007  -15.4450   -9.7301
   -6.5114   -2.3710    9.4460   22.6364   -1.1038  -16.0827
eta,q 0.96656  6.85295
  0.0338  0.0337  0.0336  0.0339  0.0336  0.0337  0.0337  0.0339  0.0337  0.0338  0.0336  0.0335
  0.0336  0.0335  0.0335  0.0337  0.0335  0.0336  0.0336  0.0336  0.0336  0.0336  0.0335  0.0335
  0.0335  0.0335  0.0335  0.0335  0.0334  0.0335  0.0335  0.0335  0.0335  0.0335  0.0335  0.0335
  0.0334  0.0334  0.0334  0.0334  0.0334  0.0334  0.0334  0.0334  0.0334  0.0334  0.0334  0.0334
  0.0335  0.0335  0.0335  0.0335  0.0335  0.0334  0.0335  0.0335  0.0335  0.0335  0.0334  0.0335
  0.0336  0.0336  0.0335  0.0336  0.0335  0.0335  0.0336  0.0336  0.0336  0.0336  0.0335  0.0335
  0.0338  0.0337  0.0336  0.0339  0.0336  0.0337  0.0337  0.0339  0.0337  0.0338  0.0336  0.0335
niter,ni,del,rscale     1    3    5.0000    0.4000
parameters
   -1.1752   35.7958   -2.9389   -3.7733  -15.5637   -9.5810
   -6.5012   -2.3880    9.4135   22.5980   -1.0852  -16.1014
eta,q 0.96656  6.85133
  0.0337  0.0336  0.0335  0.0337  0.0336  0.0336  0.0336  0.0337  0.0336  0.0336  0.0335  0.0335
  0.0335  0.0335  0.0335  0.0336  0.0335  0.0335  0.0335  0.0336  0.0335  0.0335  0.0335  0.0335
  0.0335  0.0335  0.0334  0.0335  0.0334  0.0335  0.0335  0.0335  0.0335  0.0335  0.0334  0.0334
  0.0334  0.0334  0.0334  0.0334  0.0334  0.0334  0.0334  0.0334  0.0334  0.0334  0.0334  0.0334
  0.0335  0.0335  0.0334  0.0335  0.0335  0.0334  0.0335  0.0335  0.0335  0.0335  0.0334  0.0334
  0.0335  0.0335  0.0335  0.0336  0.0335  0.0335  0.0335  0.0336  0.0335  0.0335  0.0335  0.0335
  0.0337  0.0336  0.0335  0.0337  0.0336  0.0336  0.0336  0.0337  0.0336  0.0336  0.0335  0.0335
registration optimization eta report
parameter search radius
    0.8000    0.8000    0.8000    2.4000    2.4000    2.4000
    2.4000    2.4000    2.4000    2.4000    2.4000    2.4000
100000*second partial in parameter space
       34.       24.       13.        5.        2.        3.
        3.        5.        3.        4.        1.        1.
  0.0337  0.0336  0.0335  0.0337  0.0336  0.0336  0.0336  0.0337  0.0336  0.0336  0.0335  0.0335
  0.0335  0.0335  0.0335  0.0336  0.0335  0.0335  0.0335  0.0336  0.0335  0.0335  0.0335  0.0335
  0.0335  0.0335  0.0334  0.0335  0.0334  0.0335  0.0335  0.0335  0.0335  0.0335  0.0334  0.0334
  0.0334  0.0334  0.0334  0.0334  0.0334  0.0334  0.0334  0.0334  0.0334  0.0334  0.0334  0.0334
  0.0335  0.0335  0.0334  0.0335  0.0335  0.0334  0.0335  0.0335  0.0335  0.0335  0.0334  0.0334
  0.0335  0.0335  0.0335  0.0336  0.0335  0.0335  0.0335  0.0336  0.0335  0.0335  0.0335  0.0335
  0.0337  0.0336  0.0335  0.0337  0.0336  0.0336  0.0336  0.0337  0.0336  0.0336  0.0335  0.0335
   -1.1752   35.7958   -2.9389   -3.7733  -15.5637   -9.5810
   -6.5012   -2.3880    9.4135   22.5980   -1.0852  -16.1014
eta,q 0.96656  6.85133

---------------------------------------------------------------------
compute_vox2vox talsrcimg talsrcimg_to_711-2C_as_mni_average_305_t4 /opt/freesurfer/average/711-2C_as_mni_average_305
---------------------------------------------------------------------

freesurfer compute_vox2vox.c
Reading: talsrcimg.4dfp.ifh
Reading: talsrcimg_to_711-2C_as_mni_average_305_t4
Reading: /opt/freesurfer/average/711-2C_as_mni_average_305.4dfp.ifh
Writing: talsrcimg_to_711-2C_as_mni_average_305_t4_vox2vox.txt

start time Mon Mar 9 21:43:38 CET 2026
end		time Mon Mar 9 21:45:07 CET 2026

mpr2mni305 success

avi2talxfm orig_nu.mgz /opt/freesurfer/average/mni305.cor.mgz talsrcimg_to_711-2C_as_mni_average_305_t4_vox2vox.txt transforms/talairach.auto.xfm
avi2talxfm done
mv -f /out/sourcedata/freesurfer/sub-v1s2x0051472_ses-1/mri/talsrcimg_to_711-2C_as_mni_average_305_t4_vox2vox.txt /out/sourcedata/freesurfer/sub-v1s2x0051472_ses-1/mri/transforms/talsrcimg_to_711-2C_as_mni_average_305_t4_vox2vox.txt
lta_convert --src orig_nu.mgz --trg /opt/freesurfer/average/mni305.cor.mgz --inxfm transforms/talairach.auto.xfm --outlta transforms/talairach.auto.xfm.lta --subject fsaverage
7.3.2

--src: orig_nu.mgz src image (geometry).
--trg: /opt/freesurfer/average/mni305.cor.mgz trg image (geometry).
--inmni: transforms/talairach.auto.xfm input MNI/XFM transform.
--outlta: transforms/talairach.auto.xfm.lta output LTA.
--s: fsaverage subject name
 LTA read, type : 1
 1.03139   0.00706   0.08076   1.95923;
-0.00773   1.05560   0.20070  -67.23883;
-0.11292  -0.28330   1.12161   1.23082;
 0.00000   0.00000   0.00000   1.00000;
setting subject to fsaverage
Writing  LTA to file transforms/talairach.auto.xfm.lta...
lta_convert successful.
 
 
Started at Mon Mar 9 21:43:38 CET 2026
Ended   at Mon Mar  9 21:45:07 CET 2026
talairach_avi done
