status file for recon-all
Mon Mar  9 23:59:52 CET 2026
#@# Tessellate rh Mon Mar  9 23:59:52 CET 2026
#@# Smooth1 rh Mon Mar  9 23:59:54 CET 2026
#@# Inflation1 rh Mon Mar  9 23:59:56 CET 2026
#@# QSphere rh Tue Mar 10 00:00:04 CET 2026
#@# Fix Topology rh Tue Mar 10 00:00:39 CET 2026
#@# Smooth2 rh Tue Mar 10 00:05:10 CET 2026
#@# Inflation2 rh Tue Mar 10 00:05:12 CET 2026
#@# Curv .H and .K rh Tue Mar 10 00:05:19 CET 2026
#@# Sphere rh Tue Mar 10 00:05:56 CET 2026
#@# Surf Reg rh Tue Mar 10 00:07:19 CET 2026
#@# Jacobian white rh Tue Mar 10 00:09:30 CET 2026
#@# AvgCurv rh Tue Mar 10 00:09:30 CET 2026
#@# Cortical Parc rh Tue Mar 10 00:09:31 CET 2026
#@# white curv rh Tue Mar 10 00:14:15 CET 2026
#@# white area rh Tue Mar 10 00:14:16 CET 2026
#@# pial curv rh Tue Mar 10 00:14:16 CET 2026
#@# pial area rh Tue Mar 10 00:14:17 CET 2026
#@# thickness rh Tue Mar 10 00:14:18 CET 2026
#@# area and vertex vol rh Tue Mar 10 00:14:37 CET 2026
#@# Curvature Stats rh Tue Mar 10 00:14:37 CET 2026
#@# Cortical Parc 2 rh Tue Mar 10 00:14:39 CET 2026
#@# Cortical Parc 3 rh Tue Mar 10 00:14:49 CET 2026
#@# WM/GM Contrast rh Tue Mar 10 00:14:56 CET 2026
recon-all -s sub-v1s2x0051479_ses-1 finished without error at Tue Mar 10 00:14:58 CET 2026



#New# invocation of recon-all 



status file for recon-all
Tue Mar 10 00:21:20 CET 2026
#@# white curv rh Tue Mar 10 00:21:20 CET 2026
#@# white area rh Tue Mar 10 00:21:20 CET 2026
#@# pial curv rh Tue Mar 10 00:21:20 CET 2026
#@# pial area rh Tue Mar 10 00:21:20 CET 2026
#@# thickness rh Tue Mar 10 00:21:20 CET 2026
#@# area and vertex vol rh Tue Mar 10 00:21:20 CET 2026
#@# Parcellation Stats rh Tue Mar 10 00:21:20 CET 2026
#@# Parcellation Stats 2 rh Tue Mar 10 00:21:34 CET 2026
#@# Parcellation Stats 3 rh Tue Mar 10 00:21:41 CET 2026
#@# BA_exvivo Labels rh Tue Mar 10 00:21:47 CET 2026
recon-all -s sub-v1s2x0051479_ses-1 finished without error at Tue Mar 10 00:23:33 CET 2026
