status file for recon-all
Mon Mar  9 22:22:27 CET 2026
#@# MotionCor Mon Mar  9 22:22:29 CET 2026
#@# Talairach Mon Mar  9 22:22:34 CET 2026
#@# Talairach Failure Detection Mon Mar  9 22:25:25 CET 2026
#@# Nu Intensity Correction Mon Mar  9 22:25:25 CET 2026
#@# Intensity Normalization Mon Mar  9 22:28:09 CET 2026
recon-all -s sub-v1s2x0051479_ses-1 finished without error at Mon Mar  9 22:29:22 CET 2026



#New# invocation of recon-all 



status file for recon-all
Mon Mar  9 22:35:12 CET 2026
#@# EM Registration Mon Mar  9 22:35:12 CET 2026
recon-all -s sub-v1s2x0051479_ses-1 finished without error at Mon Mar  9 22:36:28 CET 2026



#New# invocation of recon-all 



status file for recon-all
Mon Mar  9 22:36:31 CET 2026
#@# CA Normalize Mon Mar  9 22:36:31 CET 2026
#@# CA Reg Mon Mar  9 22:37:26 CET 2026
#@# SubCort Seg Mon Mar  9 23:08:05 CET 2026
#@# CC Seg Mon Mar  9 23:37:48 CET 2026
#@# Merge ASeg Mon Mar  9 23:38:08 CET 2026
#@# Intensity Normalization2 Mon Mar  9 23:38:08 CET 2026
#@# Mask BFS Mon Mar  9 23:39:44 CET 2026
#@# WM Segmentation Mon Mar  9 23:39:45 CET 2026
#@# Fill Mon Mar  9 23:41:30 CET 2026
recon-all -s sub-v1s2x0051479_ses-1 finished without error at Mon Mar  9 23:42:08 CET 2026



#New# invocation of recon-all 



status file for recon-all
Tue Mar 10 00:15:02 CET 2026
#@# white curv lh Tue Mar 10 00:15:02 CET 2026
#@# white area lh Tue Mar 10 00:15:02 CET 2026
#@# pial curv lh Tue Mar 10 00:15:02 CET 2026
#@# pial area lh Tue Mar 10 00:15:02 CET 2026
#@# thickness lh Tue Mar 10 00:15:02 CET 2026
#@# area and vertex vol lh Tue Mar 10 00:15:02 CET 2026
#@# white curv rh Tue Mar 10 00:15:03 CET 2026
#@# white area rh Tue Mar 10 00:15:03 CET 2026
#@# pial curv rh Tue Mar 10 00:15:03 CET 2026
#@# pial area rh Tue Mar 10 00:15:03 CET 2026
#@# thickness rh Tue Mar 10 00:15:03 CET 2026
#@# area and vertex vol rh Tue Mar 10 00:15:03 CET 2026
#@# Cortical ribbon mask Tue Mar 10 00:15:03 CET 2026
recon-all -s sub-v1s2x0051479_ses-1 finished without error at Tue Mar 10 00:18:59 CET 2026



#New# invocation of recon-all 



status file for recon-all
Tue Mar 10 00:23:36 CET 2026
#@# white curv lh Tue Mar 10 00:23:36 CET 2026
#@# white area lh Tue Mar 10 00:23:36 CET 2026
#@# pial curv lh Tue Mar 10 00:23:36 CET 2026
#@# pial area lh Tue Mar 10 00:23:36 CET 2026
#@# thickness lh Tue Mar 10 00:23:36 CET 2026
#@# area and vertex vol lh Tue Mar 10 00:23:36 CET 2026
#@# white curv rh Tue Mar 10 00:23:36 CET 2026
#@# white area rh Tue Mar 10 00:23:36 CET 2026
#@# pial curv rh Tue Mar 10 00:23:36 CET 2026
#@# pial area rh Tue Mar 10 00:23:36 CET 2026
#@# thickness rh Tue Mar 10 00:23:36 CET 2026
#@# area and vertex vol rh Tue Mar 10 00:23:36 CET 2026
#@# Curvature Stats lh Tue Mar 10 00:23:36 CET 2026
#@# Curvature Stats rh Tue Mar 10 00:23:38 CET 2026
#@# Relabel Hypointensities Tue Mar 10 00:23:39 CET 2026
#@# APas-to-ASeg Tue Mar 10 00:23:49 CET 2026
#@# AParc-to-ASeg aparc Tue Mar 10 00:23:54 CET 2026
#@# AParc-to-ASeg aparc.a2009s Tue Mar 10 00:24:13 CET 2026
#@# AParc-to-ASeg aparc.DKTatlas Tue Mar 10 00:24:30 CET 2026
#@# WMParc Tue Mar 10 00:24:49 CET 2026
#@# ASeg Stats Tue Mar 10 00:26:34 CET 2026
recon-all -s sub-v1s2x0051479_ses-1 finished without error at Tue Mar 10 00:26:50 CET 2026
