/out/sourcedata/freesurfer/sub-v1s2x0051478_ses-1/mri
/opt/freesurfer/bin/talairach_avi
--i orig_nu.mgz --xfm transforms/talairach.auto.xfm
talairach_avi 7.3.2
Linux dna029 5.14.0-427.37.1.el9_4.x86_64 #1 SMP PREEMPT_DYNAMIC Fri Sep 13 12:41:50 EDT 2024 x86_64 x86_64 x86_64 GNU/Linux
Mon Mar  9 21:56:05 CET 2026
mri_convert orig_nu.mgz talsrcimg.img 
reading from orig_nu.mgz...
TR=0.00, TE=0.00, TI=0.00, flip angle=0.00
i_ras = (-1, 0, 0)
j_ras = (0, 0, -1)
k_ras = (0, 1, 0)
writing to talsrcimg.img...
Analyze Output Matrix
-1.00000   0.00000   0.00000   130.85593;
 0.00000   0.00000   1.00000  -58.16949;
 0.00000  -1.00000   0.00000   116.44067;
 0.00000   0.00000   0.00000   1.00000;
--------------------
INFO: set hdr.hist.orient to -1
mpr2mni305 talsrcimg
Mon Mar  9 21:56:05 CET 2026
/opt/freesurfer/bin/mpr2mni305 talsrcimg
mpr2mni305 7.3.2
target=711-2C_as_mni_average_305

---------------------------------------------------------------------
analyzeto4dfp talsrcimg -O0 -y
---------------------------------------------------------------------

freesurfer ifh2hdr.c
Mon Mar  9 21:56:05 2026
Writing: talsrcimg.4dfp.hdr
freesurfer analyzeto4dfp.c
Reading: talsrcimg.hdr
header size 348 bytes
hdr.dime.datatype	offset=70	value=2
hdr.dime.bitpix		offset=72	value=8
hdr.hist.orient		offset=252	value=-1
dimensionality     4
dimensions       256       256       256         1
Reading: talsrcimg.img
Writing: talsrcimg.4dfp.img
Writing: talsrcimg.4dfp.ifh
ifh2hdr talsrcimg -r0to255
ori=2

---------------------------------------------------------------------
gauss_4dfp talsrcimg 1.1
---------------------------------------------------------------------

freesurfer gauss_4dfp.c
Reading: talsrcimg.4dfp.img
Writing: talsrcimg_g11.4dfp.img
image dimensions 256 256 256 padded to 288 288 288
processing volume 1freesurfer ifh2hdr.c
Mon Mar  9 21:56:07 2026
Writing: talsrcimg_g11.4dfp.hdr

Writing: talsrcimg_g11.4dfp.ifh
including: talsrcimg.4dfp.img.rec in talsrcimg_g11.4dfp.img.rec

---------------------------------------------------------------------
imgreg_4dfp /opt/freesurfer/average/711-2C_as_mni_average_305 none talsrcimg_g11 none talsrcimg_to_711-2C_as_mni_average_305_t4 4355
---------------------------------------------------------------------

freesurfer imgreg_4dfp.c
/opt/freesurfer/average/711-2C_as_mni_average_305.4dfp.img
       256       256       256         1
  1.000000  1.000000  1.000000
orientation T byte_order littleendian
Reading image: /opt/freesurfer/average/711-2C_as_mni_average_305.4dfp.img
dimensions:      256       256       256
mmppix:       1.0000   -1.0000   -1.0000
center:     128.0000 -129.0000 -129.0000
talsrcimg_g11.4dfp.img
       256       256       256         1
  1.000000  1.000000  1.000000
orientation T byte_order littleendian
Reading image: talsrcimg_g11.4dfp.img
dimensions:      256       256       256
mmppix:       1.0000   -1.0000   -1.0000
center:     128.0000 -129.0000 -129.0000
t4_read: open error in t4_sub.f l:  41 t4_file(1:l)talsrcimg_to_711-2C_as_mni_average_305_t4 
t4_read: transform initialized to I4
rotation matrix determinant  1.000000
image alignment mode   4355 decimal     1103 hex
   -7.5000  -45.0000  -45.0000 5934.7095   14.1699
    0.0000  -45.0000  -45.0000 6197.6831   14.1439
    7.5000  -45.0000  -45.0000 5899.1704   14.1223
   -7.5000  -37.5000  -45.0000 6614.4380   13.5590
    0.0000  -37.5000  -45.0000 6885.7798   13.5316
    7.5000  -37.5000  -45.0000 6550.8804   13.5062
   -7.5000  -30.0000  -45.0000 7609.2554   13.1084
    0.0000  -30.0000  -45.0000 7920.4731   13.0872
    7.5000  -30.0000  -45.0000 7534.9102   13.0686
   -7.5000  -22.5000  -45.0000 8692.3125   12.8048
    0.0000  -22.5000  -45.0000 9049.1582   12.7866
    7.5000  -22.5000  -45.0000 8606.3525   12.7690
   -7.5000  -15.0000  -45.0000 9823.1162   12.6267
    0.0000  -15.0000  -45.000010244.6934   12.6076
    7.5000  -15.0000  -45.0000 9745.4092   12.5862
   -7.5000   -7.5000  -45.000011012.9609   12.5163
    0.0000   -7.5000  -45.000011463.9199   12.4960
    7.5000   -7.5000  -45.000010898.1426   12.4729
   -7.5000    0.0000  -45.000012223.5449   12.5099
    0.0000    0.0000  -45.000012704.5566   12.4882
    7.5000    0.0000  -45.000012065.1064   12.4648
   -7.5000    7.5000  -45.000012445.8037   12.5112
    0.0000    7.5000  -45.000012935.7871   12.4905
    7.5000    7.5000  -45.000012292.8369   12.4697
   -7.5000   15.0000  -45.000012446.2930   12.5032
    0.0000   15.0000  -45.000012931.7988   12.4855
    7.5000   15.0000  -45.000012297.3936   12.4686
   -7.5000   22.5000  -45.000012313.6924   12.4939
    0.0000   22.5000  -45.000012791.8154   12.4769
    7.5000   22.5000  -45.000012142.5195   12.4594
   -7.5000   30.0000  -45.000012090.6035   12.3311
    0.0000   30.0000  -45.000012554.3818   12.3129
    7.5000   30.0000  -45.000011929.8311   12.2920
   -7.5000   37.5000  -45.000012238.7949   12.3338
    0.0000   37.5000  -45.000012712.3711   12.3139
    7.5000   37.5000  -45.000012044.8779   12.2910
   -7.5000   45.0000  -45.000011945.2920   12.0298
    0.0000   45.0000  -45.000012396.1357   12.0089
    7.5000   45.0000  -45.000011765.6201   11.9864
   -7.5000  -45.0000  -37.5000 6145.2437   14.1866
    0.0000  -45.0000  -37.5000 6394.5483   14.1601
    7.5000  -45.0000  -37.5000 6098.6748   14.1433
   -7.5000  -37.5000  -37.5000 6851.0811   13.5676
    0.0000  -37.5000  -37.5000 7123.7510   13.5408
    7.5000  -37.5000  -37.5000 6788.2910   13.5209
   -7.5000  -30.0000  -37.5000 7909.2671   13.1247
    0.0000  -30.0000  -37.5000 8223.7949   13.1033
    7.5000  -30.0000  -37.5000 7834.5620   13.0885
   -7.5000  -22.5000  -37.5000 9049.1455   12.8302
    0.0000  -22.5000  -37.5000 9420.4688   12.8103
    7.5000  -22.5000  -37.5000 8970.6846   12.7950
   -7.5000  -15.0000  -37.500010240.4482   12.6565
    0.0000  -15.0000  -37.500010653.4268   12.6346
    7.5000  -15.0000  -37.500010147.6621   12.6148
   -7.5000   -7.5000  -37.500011463.3271   12.5427
    0.0000   -7.5000  -37.500011898.8398   12.5197
    7.5000   -7.5000  -37.500011339.5498   12.4989
   -7.5000    0.0000  -37.500012713.4229   12.5292
    0.0000    0.0000  -37.500013195.7773   12.5063
    7.5000    0.0000  -37.500012562.7998   12.4868
   -7.5000    7.5000  -37.500012966.8057   12.5259
    0.0000    7.5000  -37.500013459.6074   12.5055
    7.5000    7.5000  -37.500012799.9883   12.4892
   -7.5000   15.0000  -37.500012958.1807   12.5204
    0.0000   15.0000  -37.500013452.7764   12.5025
    7.5000   15.0000  -37.500012799.5684   12.4891
   -7.5000   22.5000  -37.500012785.2129   12.5183
    0.0000   22.5000  -37.500013280.6270   12.4998
    7.5000   22.5000  -37.500012601.1074   12.4843
   -7.5000   30.0000  -37.500012538.8223   12.3598
    0.0000   30.0000  -37.500013032.5557   12.3389
    7.5000   30.0000  -37.500012340.1406   12.3196
   -7.5000   37.5000  -37.500012689.2998   12.3598
    0.0000   37.5000  -37.500013158.8105   12.3371
    7.5000   37.5000  -37.500012472.3887   12.3167
   -7.5000   45.0000  -37.500012370.0527   12.0483
    0.0000   45.0000  -37.500012827.2529   12.0263
    7.5000   45.0000  -37.500012181.6240   12.0076
   -7.5000  -45.0000  -30.0000 6436.5332   14.7569
    0.0000  -45.0000  -30.0000 6678.2012   14.7378
    7.5000  -45.0000  -30.0000 6360.6924   14.7209
   -7.5000  -37.5000  -30.0000 7186.2290   14.1046
    0.0000  -37.5000  -30.0000 7467.6362   14.0855
    7.5000  -37.5000  -30.0000 7122.1440   14.0680
   -7.5000  -30.0000  -30.0000 8331.6094   13.6495
    0.0000  -30.0000  -30.0000 8666.1123   13.6348
    7.5000  -30.0000  -30.0000 8257.6592   13.6246
   -7.5000  -22.5000  -30.0000 9556.0381   13.3518
    0.0000  -22.5000  -30.0000 9949.2285   13.3368
    7.5000  -22.5000  -30.0000 9486.8047   13.3267
   -7.5000  -15.0000  -30.000010822.9521   13.1768
    0.0000  -15.0000  -30.000011252.8447   13.1585
    7.5000  -15.0000  -30.000010722.6406   13.1417
   -7.5000   -7.5000  -30.000012082.1641   13.0554
    0.0000   -7.5000  -30.000012540.3486   13.0362
    7.5000   -7.5000  -30.000011950.4150   13.0154
   -7.5000    0.0000  -30.000013387.5176   13.0323
    0.0000    0.0000  -30.000013881.7656   13.0151
    7.5000    0.0000  -30.000013198.8428   12.9956
   -7.5000    7.5000  -30.000013678.0781   13.0237
    0.0000    7.5000  -30.000014175.9375   13.0104
    7.5000    7.5000  -30.000013461.2812   12.9966
   -7.5000   15.0000  -30.000013710.3164   13.0208
    0.0000   15.0000  -30.000014209.0693   13.0093
    7.5000   15.0000  -30.000013483.2061   13.0003
   -7.5000   22.5000  -30.000013517.8184   13.0255
    0.0000   22.5000  -30.000014008.9863   13.0115
    7.5000   22.5000  -30.000013298.5322   13.0010
   -7.5000   30.0000  -30.000013239.4854   12.8692
    0.0000   30.0000  -30.000013713.6963   12.8517
    7.5000   30.0000  -30.000013000.9082   12.8353
   -7.5000   37.5000  -30.000013364.6533   12.8663
    0.0000   37.5000  -30.000013806.4951   12.8474
    7.5000   37.5000  -30.000013139.2891   12.8269
   -7.5000   45.0000  -30.000013030.6904   12.5413
    0.0000   45.0000  -30.000013465.6787   12.5248
    7.5000   45.0000  -30.000012822.6611   12.5060
   -7.5000  -45.0000  -22.5000 6648.0625   15.2565
    0.0000  -45.0000  -22.5000 6892.4980   15.2464
    7.5000  -45.0000  -22.5000 6576.5386   15.2243
   -7.5000  -37.5000  -22.5000 7460.5581   14.5834
    0.0000  -37.5000  -22.5000 7745.1812   14.5724
    7.5000  -37.5000  -22.5000 7374.1489   14.5521
   -7.5000  -30.0000  -22.5000 8697.1240   14.1113
    0.0000  -30.0000  -22.5000 9041.5947   14.1050
    7.5000  -30.0000  -22.5000 8588.2090   14.0967
   -7.5000  -22.5000  -22.500010018.0654   13.8031
    0.0000  -22.5000  -22.500010412.0908   13.7962
    7.5000  -22.5000  -22.5000 9910.2188   13.7902
   -7.5000  -15.0000  -22.500011379.7734   13.6222
    0.0000  -15.0000  -22.500011812.5859   13.6117
    7.5000  -15.0000  -22.500011233.2139   13.5972
   -7.5000   -7.5000  -22.500012703.7402   13.4956
    0.0000   -7.5000  -22.500013161.8184   13.4842
    7.5000   -7.5000  -22.500012507.6738   13.4613
   -7.5000    0.0000  -22.500014013.1406   13.4700
    0.0000    0.0000  -22.500014499.5322   13.4608
    7.5000    0.0000  -22.500013766.9873   13.4370
   -7.5000    7.5000  -22.500014253.8096   13.4617
    0.0000    7.5000  -22.500014751.5703   13.4564
    7.5000    7.5000  -22.500014003.3984   13.4406
   -7.5000   15.0000  -22.500014298.3916   13.4602
    0.0000   15.0000  -22.500014761.0840   13.4564
    7.5000   15.0000  -22.500014053.0479   13.4495
   -7.5000   22.5000  -22.500014237.4854   13.4646
    0.0000   22.5000  -22.500014694.5566   13.4583
    7.5000   22.5000  -22.500013916.5371   13.4516
   -7.5000   30.0000  -22.500013954.6523   13.3064
    0.0000   30.0000  -22.500014400.5342   13.2965
    7.5000   30.0000  -22.500013644.6816   13.2821
   -7.5000   37.5000  -22.500013988.7969   13.3022
    0.0000   37.5000  -22.500014423.8340   13.2910
    7.5000   37.5000  -22.500013787.4170   13.2684
   -7.5000   45.0000  -22.500013614.1914   12.9722
    0.0000   45.0000  -22.500014054.1943   12.9634
    7.5000   45.0000  -22.500013419.4082   12.9405
   -7.5000  -45.0000  -15.0000 6852.3076   15.6311
    0.0000  -45.0000  -15.0000 7117.7539   15.6224
    7.5000  -45.0000  -15.0000 6769.1431   15.5934
   -7.5000  -37.5000  -15.0000 7731.8467   14.9493
    0.0000  -37.5000  -15.0000 8036.3447   14.9393
    7.5000  -37.5000  -15.0000 7620.5767   14.9123
   -7.5000  -30.0000  -15.0000 9011.1787   14.4580
    0.0000  -30.0000  -15.0000 9391.3135   14.4540
    7.5000  -30.0000  -15.0000 8890.5918   14.4416
   -7.5000  -22.5000  -15.000010383.2715   14.1337
    0.0000  -22.5000  -15.000010791.9580   14.1302
    7.5000  -22.5000  -15.000010239.6328   14.1218
   -7.5000  -15.0000  -15.000011810.1104   13.9440
    0.0000  -15.0000  -15.000012243.5156   13.9372
    7.5000  -15.0000  -15.000011629.2510   13.9200
   -7.5000   -7.5000  -15.000013223.4492   13.8170
    0.0000   -7.5000  -15.000013679.8984   13.8090
    7.5000   -7.5000  -15.000012996.0537   13.7820
   -7.5000    0.0000  -15.000014582.6963   13.7975
    0.0000    0.0000  -15.000015069.7197   13.7903
    7.5000    0.0000  -15.000014332.2100   13.7606
   -7.5000    7.5000  -15.000014723.5371   13.7934
    0.0000    7.5000  -15.000015198.7441   13.7894
    7.5000    7.5000  -15.000014532.6992   13.7681
   -7.5000   15.0000  -15.000014670.0615   13.7897
    0.0000   15.0000  -15.000015122.0811   13.7881
    7.5000   15.0000  -15.000014544.9766   13.7776
   -7.5000   22.5000  -15.000014834.1416   13.7868
    0.0000   22.5000  -15.000015307.2266   13.7835
    7.5000   22.5000  -15.000014453.8496   13.7746
   -7.5000   30.0000  -15.000014738.4551   13.6228
    0.0000   30.0000  -15.000015252.4883   13.6165
    7.5000   30.0000  -15.000014270.8379   13.5996
   -7.5000   37.5000  -15.000014739.7432   13.6210
    0.0000   37.5000  -15.000015279.4678   13.6131
    7.5000   37.5000  -15.000014444.6768   13.5864
   -7.5000   45.0000  -15.000014264.0195   13.2957
    0.0000   45.0000  -15.000014775.6289   13.2887
    7.5000   45.0000  -15.000013993.3652   13.2601
   -7.5000  -45.0000   -7.5000 7016.3643   15.8279
    0.0000  -45.0000   -7.5000 7317.5513   15.8093
    7.5000  -45.0000   -7.5000 6948.4849   15.7793
   -7.5000  -37.5000   -7.5000 7928.7227   15.1447
    0.0000  -37.5000   -7.5000 8257.6230   15.1245
    7.5000  -37.5000   -7.5000 7833.2217   15.0933
   -7.5000  -30.0000   -7.5000 9271.8779   14.6401
    0.0000  -30.0000   -7.5000 9651.1309   14.6269
    7.5000  -30.0000   -7.5000 9160.7764   14.6079
   -7.5000  -22.5000   -7.500010715.3711   14.3024
    0.0000  -22.5000   -7.500011121.7637   14.2916
    7.5000  -22.5000   -7.500010575.0674   14.2759
   -7.5000  -15.0000   -7.500012206.5479   14.1052
    0.0000  -15.0000   -7.500012647.9521   14.0926
    7.5000  -15.0000   -7.500012030.7402   14.0705
   -7.5000   -7.5000   -7.500013698.1191   13.9811
    0.0000   -7.5000   -7.500014174.8682   13.9671
    7.5000   -7.5000   -7.500013453.8672   13.9386
   -7.5000    0.0000   -7.500015114.4619   13.9710
    0.0000    0.0000   -7.500015676.8721   13.9560
    7.5000    0.0000   -7.500014865.2295   13.9252
   -7.5000    7.5000   -7.500015246.3604   13.9712
    0.0000    7.5000   -7.500015841.6504   13.9580
    7.5000    7.5000   -7.500015071.1367   13.9328
   -7.5000   15.0000   -7.500015223.0029   13.9634
    0.0000   15.0000   -7.500015784.8262   13.9533
    7.5000   15.0000   -7.500015067.0518   13.9364
   -7.5000   22.5000   -7.500015373.6748   13.9503
    0.0000   22.5000   -7.500015953.8359   13.9403
    7.5000   22.5000   -7.500014957.6865   13.9245
   -7.5000   30.0000   -7.500015344.7520   13.7800
    0.0000   30.0000   -7.500015978.4570   13.7680
    7.5000   30.0000   -7.500014811.4678   13.7465
   -7.5000   37.5000   -7.500015483.8672   13.7824
    0.0000   37.5000   -7.500016146.9736   13.7686
    7.5000   37.5000   -7.500015033.0244   13.7405
   -7.5000   45.0000   -7.500014914.8857   13.4655
    0.0000   45.0000   -7.500015508.9062   13.4509
    7.5000   45.0000   -7.500014545.9736   13.4213
   -7.5000  -45.0000    0.0000 7091.5771   15.8565
    0.0000  -45.0000    0.0000 7401.5371   15.8274
    7.5000  -45.0000    0.0000 7038.8374   15.8032
   -7.5000  -37.5000    0.0000 8015.2373   15.1729
    0.0000  -37.5000    0.0000 8368.4121   15.1422
    7.5000  -37.5000    0.0000 7954.0161   15.1138
   -7.5000  -30.0000    0.0000 9373.1729   14.6686
    0.0000  -30.0000    0.0000 9800.9336   14.6449
    7.5000  -30.0000    0.0000 9291.8418   14.6241
   -7.5000  -22.5000    0.000010850.6885   14.3289
    0.0000  -22.5000    0.000011343.5518   14.3085
    7.5000  -22.5000    0.000010734.0684   14.2889
   -7.5000  -15.0000    0.000012388.3291   14.1296
    0.0000  -15.0000    0.000012928.9902   14.1083
    7.5000  -15.0000    0.000012223.5596   14.0843
   -7.5000   -7.5000    0.000013897.9854   14.0060
    0.0000   -7.5000    0.000014482.9619   13.9834
    7.5000   -7.5000    0.000013697.1221   13.9575
   -7.5000    0.0000    0.000015340.7354   13.9989
    0.0000    0.0000    0.000015992.8154   13.9746
    7.5000    0.0000    0.000015155.0361   13.9484
   -7.5000    7.5000    0.000015557.0156   14.0003
    0.0000    7.5000    0.000016180.4160   13.9772
    7.5000    7.5000    0.000015420.1924   13.9539
   -7.5000   15.0000    0.000015637.0713   13.9915
    0.0000   15.0000    0.000016191.9258   13.9716
    7.5000   15.0000    0.000015441.8701   13.9527
   -7.5000   22.5000    0.000015564.7520   13.9765
    0.0000   22.5000    0.000016124.6699   13.9575
    7.5000   22.5000    0.000015348.8643   13.9379
   -7.5000   30.0000    0.000015264.2891   13.8042
    0.0000   30.0000    0.000015836.3594   13.7839
    7.5000   30.0000    0.000015133.8623   13.7604
   -7.5000   37.5000    0.000015421.5547   13.8072
    0.0000   37.5000    0.000016005.4033   13.7849
    7.5000   37.5000    0.000015302.6729   13.7593
   -7.5000   45.0000    0.000014982.1406   13.4934
    0.0000   45.0000    0.000015522.5957   13.4699
    7.5000   45.0000    0.000014828.8037   13.4447
   -7.5000  -45.0000    7.5000 6566.2432   15.8752
    0.0000  -45.0000    7.5000 6848.4614   15.8456
    7.5000  -45.0000    7.5000 6511.8755   15.8267
   -7.5000  -37.5000    7.5000 7439.4219   15.1825
    0.0000  -37.5000    7.5000 7780.4248   15.1525
    7.5000  -37.5000    7.5000 7386.4351   15.1303
   -7.5000  -30.0000    7.5000 8726.8311   14.6869
    0.0000  -30.0000    7.5000 9136.5400   14.6629
    7.5000  -30.0000    7.5000 8643.8623   14.6464
   -7.5000  -22.5000    7.500010121.5234   14.3573
    0.0000  -22.5000    7.500010593.5264   14.3350
    7.5000  -22.5000    7.500010012.8232   14.3179
   -7.5000  -15.0000    7.500011551.9062   14.1630
    0.0000  -15.0000    7.500012056.7080   14.1385
    7.5000  -15.0000    7.500011416.0166   14.1163
   -7.5000   -7.5000    7.500012940.6309   14.0356
    0.0000   -7.5000    7.500013467.8877   14.0099
    7.5000   -7.5000    7.500012791.7041   13.9867
   -7.5000    0.0000    7.500014243.8184   14.0205
    0.0000    0.0000    7.500014790.5205   13.9949
    7.5000    0.0000    7.500014103.2168   13.9731
   -7.5000    7.5000    7.500014479.0283   14.0168
    0.0000    7.5000    7.500014984.6807   13.9939
    7.5000    7.5000    7.500014320.3740   13.9758
   -7.5000   15.0000    7.500014553.3516   14.0107
    0.0000   15.0000    7.500015060.3994   13.9906
    7.5000   15.0000    7.500014388.2344   13.9756
   -7.5000   22.5000    7.500014407.1094   14.0038
    0.0000   22.5000    7.500014915.1611   13.9830
    7.5000   22.5000    7.500014293.6289   13.9658
   -7.5000   30.0000    7.500014106.4658   13.8364
    0.0000   30.0000    7.500014615.7090   13.8130
    7.5000   30.0000    7.500014070.6250   13.7913
   -7.5000   37.5000    7.500014311.4561   13.8364
    0.0000   37.5000    7.500014819.2109   13.8110
    7.5000   37.5000    7.500014232.9795   13.7881
   -7.5000   45.0000    7.500013929.6680   13.5141
    0.0000   45.0000    7.500014414.5000   13.4894
    7.5000   45.0000    7.500013846.2529   13.4685
   -7.5000  -45.0000   15.0000 6073.1074   16.0875
    0.0000  -45.0000   15.0000 6309.1406   16.0656
    7.5000  -45.0000   15.0000 6006.3838   16.0470
   -7.5000  -37.5000   15.0000 6887.4907   15.3691
    0.0000  -37.5000   15.0000 7163.8237   15.3473
    7.5000  -37.5000   15.0000 6797.7090   15.3279
   -7.5000  -30.0000   15.0000 8071.6475   14.8685
    0.0000  -30.0000   15.0000 8409.1875   14.8517
    7.5000  -30.0000   15.0000 7970.6304   14.8404
   -7.5000  -22.5000   15.0000 9347.7256   14.5420
    0.0000  -22.5000   15.0000 9751.0557   14.5251
    7.5000  -22.5000   15.0000 9244.5039   14.5139
   -7.5000  -15.0000   15.000010663.1709   14.3513
    0.0000  -15.0000   15.000011098.9258   14.3307
    7.5000  -15.0000   15.000010531.0078   14.3123
   -7.5000   -7.5000   15.000011924.7119   14.2196
    0.0000   -7.5000   15.000012409.1641   14.1979
    7.5000   -7.5000   15.000011786.7480   14.1751
   -7.5000    0.0000   15.000013143.5293   14.1951
    0.0000    0.0000   15.000013635.2979   14.1755
    7.5000    0.0000   15.000012979.8193   14.1540
   -7.5000    7.5000   15.000013388.0752   14.1857
    0.0000    7.5000   15.000013851.4316   14.1704
    7.5000    7.5000   15.000013183.0771   14.1551
   -7.5000   15.0000   15.000013415.5410   14.1821
    0.0000   15.0000   15.000013884.5088   14.1689
    7.5000   15.0000   15.000013243.6846   14.1589
   -7.5000   22.5000   15.000013278.0420   14.1837
    0.0000   22.5000   15.000013739.7490   14.1680
    7.5000   22.5000   15.000013164.1758   14.1563
   -7.5000   30.0000   15.000013074.8818   14.0206
    0.0000   30.0000   15.000013499.0889   14.0011
    7.5000   30.0000   15.000012965.7148   13.9830
   -7.5000   37.5000   15.000013273.0186   14.0179
    0.0000   37.5000   15.000013697.3740   13.9966
    7.5000   37.5000   15.000013126.5000   13.9741
   -7.5000   45.0000   15.000012886.2305   13.6824
    0.0000   45.0000   15.000013326.9170   13.6635
    7.5000   45.0000   15.000012780.1660   13.6428
   -7.5000  -45.0000   22.5000 5624.1416   16.5308
    0.0000  -45.0000   22.5000 5826.1763   16.5171
    7.5000  -45.0000   22.5000 5530.6177   16.4897
   -7.5000  -37.5000   22.5000 6365.5044   15.7789
    0.0000  -37.5000   22.5000 6606.8687   15.7647
    7.5000  -37.5000   22.5000 6266.4854   15.7397
   -7.5000  -30.0000   22.5000 7456.4385   15.2516
    0.0000  -30.0000   22.5000 7748.0234   15.2426
    7.5000  -30.0000   22.5000 7361.6909   15.2314
   -7.5000  -22.5000   22.5000 8638.2607   14.9072
    0.0000  -22.5000   22.5000 8991.0732   14.8974
    7.5000  -22.5000   22.5000 8536.2764   14.8888
   -7.5000  -15.0000   22.5000 9840.1133   14.7076
    0.0000  -15.0000   22.500010251.8008   14.6938
    7.5000  -15.0000   22.5000 9725.2031   14.6754
   -7.5000   -7.5000   22.500011016.8633   14.5716
    0.0000   -7.5000   22.500011468.2031   14.5569
    7.5000   -7.5000   22.500010871.6338   14.5291
   -7.5000    0.0000   22.500012149.8203   14.5476
    0.0000    0.0000   22.500012614.1152   14.5355
    7.5000    0.0000   22.500011974.6387   14.5068
   -7.5000    7.5000   22.500012349.9160   14.5402
    0.0000    7.5000   22.500012795.5420   14.5326
    7.5000    7.5000   22.500012158.7861   14.5132
   -7.5000   15.0000   22.500012349.2559   14.5369
    0.0000   15.0000   22.500012799.4844   14.5310
    7.5000   15.0000   22.500012204.3281   14.5216
   -7.5000   22.5000   22.500012225.1396   14.5360
    0.0000   22.5000   22.500012652.7373   14.5269
    7.5000   22.5000   22.500012105.2461   14.5177
   -7.5000   30.0000   22.500012039.2412   14.3676
    0.0000   30.0000   22.500012452.3193   14.3545
    7.5000   30.0000   22.500011906.9639   14.3365
   -7.5000   37.5000   22.500012247.8398   14.3651
    0.0000   37.5000   22.500012655.0332   14.3505
    7.5000   37.5000   22.500012084.3916   14.3232
   -7.5000   45.0000   22.500011898.5654   14.0222
    0.0000   45.0000   22.500012314.7432   14.0105
    7.5000   45.0000   22.500011774.0283   13.9829
   -7.5000  -45.0000   30.0000 5162.0034   17.1514
    0.0000  -45.0000   30.0000 5349.0459   17.1362
    7.5000  -45.0000   30.0000 5066.2329   17.0981
   -7.5000  -37.5000   30.0000 5859.1880   16.3764
    0.0000  -37.5000   30.0000 6076.2554   16.3606
    7.5000  -37.5000   30.0000 5759.0801   16.3256
   -7.5000  -30.0000   30.0000 6864.6860   15.8035
    0.0000  -30.0000   30.0000 7128.3232   15.7954
    7.5000  -30.0000   30.0000 6775.7207   15.7780
   -7.5000  -22.5000   30.0000 7952.6343   15.4259
    0.0000  -22.5000   30.0000 8267.3789   15.4184
    7.5000  -22.5000   30.0000 7849.0039   15.4054
   -7.5000  -15.0000   30.0000 9056.7627   15.2081
    0.0000  -15.0000   30.0000 9415.7979   15.1965
    7.5000  -15.0000   30.0000 8933.8867   15.1730
   -7.5000   -7.5000   30.000010124.4453   15.0683
    0.0000   -7.5000   30.000010521.9521   15.0550
    7.5000   -7.5000   30.0000 9983.1260   15.0202
   -7.5000    0.0000   30.000011161.3232   15.0533
    0.0000    0.0000   30.000011586.6982   15.0409
    7.5000    0.0000   30.000010996.2461   15.0035
   -7.5000    7.5000   30.000011323.1553   15.0518
    0.0000    7.5000   30.000011744.2002   15.0437
    7.5000    7.5000   30.000011159.1797   15.0162
   -7.5000   15.0000   30.000011308.4541   15.0454
    0.0000   15.0000   30.000011727.4160   15.0405
    7.5000   15.0000   30.000011180.4346   15.0256
   -7.5000   22.5000   30.000011179.7705   15.0349
    0.0000   22.5000   30.000011587.3232   15.0279
    7.5000   22.5000   30.000011083.0605   15.0145
   -7.5000   30.0000   30.000011001.3350   14.8540
    0.0000   30.0000   30.000011400.8838   14.8430
    7.5000   30.0000   30.000010891.5137   14.8202
   -7.5000   37.5000   30.000011196.7383   14.8548
    0.0000   37.5000   30.000011594.5391   14.8416
    7.5000   37.5000   30.000011066.3262   14.8074
   -7.5000   45.0000   30.000010900.5332   14.5096
    0.0000   45.0000   30.000011291.2422   14.4977
    7.5000   45.0000   30.000010781.2432   14.4616
   -7.5000  -45.0000   37.5000 4929.6240   17.9500
    0.0000  -45.0000   37.5000 5092.1104   17.9175
    7.5000  -45.0000   37.5000 4843.5811   17.8750
   -7.5000  -37.5000   37.5000 5596.6582   17.1443
    0.0000  -37.5000   37.5000 5796.7153   17.1107
    7.5000  -37.5000   37.5000 5516.7065   17.0661
   -7.5000  -30.0000   37.5000 6561.5332   16.5396
    0.0000  -30.0000   37.5000 6800.6885   16.5157
    7.5000  -30.0000   37.5000 6477.9194   16.4866
   -7.5000  -22.5000   37.5000 7593.4990   16.1181
    0.0000  -22.5000   37.5000 7881.6206   16.0982
    7.5000  -22.5000   37.5000 7498.4492   16.0748
   -7.5000  -15.0000   37.5000 8639.8838   15.8751
    0.0000  -15.0000   37.5000 8980.3477   15.8534
    7.5000  -15.0000   37.5000 8529.9336   15.8235
   -7.5000   -7.5000   37.5000 9661.2236   15.7290
    0.0000   -7.5000   37.500010026.2109   15.7054
    7.5000   -7.5000   37.5000 9516.6650   15.6677
   -7.5000    0.0000   37.500010653.5840   15.7258
    0.0000    0.0000   37.500011041.1484   15.7004
    7.5000    0.0000   37.500010467.1504   15.6588
   -7.5000    7.5000   37.500010811.1865   15.7315
    0.0000    7.5000   37.500011194.3232   15.7082
    7.5000    7.5000   37.500010622.0811   15.6724
   -7.5000   15.0000   37.500010787.1143   15.7212
    0.0000   15.0000   37.500011187.6631   15.7020
    7.5000   15.0000   37.500010636.1914   15.6764
   -7.5000   22.5000   37.500010669.7432   15.6989
    0.0000   22.5000   37.500011060.4463   15.6804
    7.5000   22.5000   37.500010540.3145   15.6571
   -7.5000   30.0000   37.500010469.0322   15.5014
    0.0000   30.0000   37.500010848.0420   15.4807
    7.5000   30.0000   37.500010329.0791   15.4517
   -7.5000   37.5000   37.500010641.4443   15.5060
    0.0000   37.5000   37.500011032.5762   15.4828
    7.5000   37.5000   37.500010502.3408   15.4456
   -7.5000   45.0000   37.500010384.3604   15.1578
    0.0000   45.0000   37.500010763.2676   15.1333
    7.5000   45.0000   37.500010252.6338   15.0932
   -7.5000  -45.0000   45.0000 4528.1812   18.8217
    0.0000  -45.0000   45.0000 4673.9673   18.7851
    7.5000  -45.0000   45.0000 4446.2090   18.7522
   -7.5000  -37.5000   45.0000 5132.5732   17.9552
    0.0000  -37.5000   45.0000 5311.8789   17.9153
    7.5000  -37.5000   45.0000 5053.6875   17.8769
   -7.5000  -30.0000   45.0000 6012.0962   17.3253
    0.0000  -30.0000   45.0000 6221.6304   17.2934
    7.5000  -30.0000   45.0000 5935.0464   17.2647
   -7.5000  -22.5000   45.0000 6958.8862   16.8892
    0.0000  -22.5000   45.0000 7202.1221   16.8622
    7.5000  -22.5000   45.0000 6868.2471   16.8350
   -7.5000  -15.0000   45.0000 7911.2881   16.6231
    0.0000  -15.0000   45.0000 8204.6904   16.5961
    7.5000  -15.0000   45.0000 7805.7646   16.5634
   -7.5000   -7.5000   45.0000 8833.1104   16.4607
    0.0000   -7.5000   45.0000 9165.8809   16.4332
    7.5000   -7.5000   45.0000 8697.9355   16.3988
   -7.5000    0.0000   45.0000 9722.7422   16.4562
    0.0000    0.0000   45.000010086.3701   16.4262
    7.5000    0.0000   45.0000 9565.5215   16.3920
   -7.5000    7.5000   45.0000 9867.7471   16.4638
    0.0000    7.5000   45.000010230.9111   16.4343
    7.5000    7.5000   45.0000 9692.8887   16.4035
   -7.5000   15.0000   45.0000 9860.6582   16.4555
    0.0000   15.0000   45.000010226.8877   16.4292
    7.5000   15.0000   45.0000 9706.1729   16.4037
   -7.5000   22.5000   45.0000 9756.5850   16.4340
    0.0000   22.5000   45.000010123.9834   16.4089
    7.5000   22.5000   45.0000 9614.2910   16.3821
   -7.5000   30.0000   45.0000 9559.1797   16.2244
    0.0000   30.0000   45.0000 9922.9980   16.1988
    7.5000   30.0000   45.0000 9424.6396   16.1670
   -7.5000   37.5000   45.0000 9700.2354   16.2257
    0.0000   37.5000   45.000010068.9219   16.1986
    7.5000   37.5000   45.0000 9583.2471   16.1647
   -7.5000   45.0000   45.0000 9475.8369   15.8691
    0.0000   45.0000   45.0000 9831.4912   15.8402
    7.5000   45.0000   45.0000 9358.5967   15.8072

---------------------------------------------------------------------
imgreg_4dfp /opt/freesurfer/average/711-2C_as_mni_average_305 /opt/freesurfer/average/711-2B_as_mni_average_305_mask talsrcimg_g11 none talsrcimg_to_711-2C_as_mni_average_305_t4 4355
---------------------------------------------------------------------

freesurfer imgreg_4dfp.c
/opt/freesurfer/average/711-2C_as_mni_average_305.4dfp.img
       256       256       256         1
  1.000000  1.000000  1.000000
orientation T byte_order littleendian
Reading image: /opt/freesurfer/average/711-2C_as_mni_average_305.4dfp.img
dimensions:      256       256       256
mmppix:       1.0000   -1.0000   -1.0000
center:     128.0000 -129.0000 -129.0000
/opt/freesurfer/average/711-2B_as_mni_average_305_mask.4dfp.img
       256       256       256         1
  1.000000  1.000000  1.000000
orientation T byte_order littleendian
Reading mask: /opt/freesurfer/average/711-2B_as_mni_average_305_mask.4dfp.img (2306576 pixels)
talsrcimg_g11.4dfp.img
       256       256       256         1
  1.000000  1.000000  1.000000
orientation T byte_order littleendian
Reading image: talsrcimg_g11.4dfp.img
dimensions:      256       256       256
mmppix:       1.0000   -1.0000   -1.0000
center:     128.0000 -129.0000 -129.0000
rotation matrix determinant  1.000000
image alignment mode   4355 decimal     1103 hex
   -7.5000  -30.0000  -45.0000 1947.6575   17.9860
    0.0000  -30.0000  -45.0000 1949.5515   18.0347
    7.5000  -30.0000  -45.0000 1936.5103   18.3292
   -7.5000  -22.5000  -45.0000 2089.5916   15.6847
    0.0000  -22.5000  -45.0000 2096.1965   15.7227
    7.5000  -22.5000  -45.0000 2077.4514   16.0118
   -7.5000  -15.0000  -45.0000 2222.4219   13.9387
    0.0000  -15.0000  -45.0000 2231.6577   13.9471
    7.5000  -15.0000  -45.0000 2210.4915   14.2258
   -7.5000   -7.5000  -45.0000 2340.8062   12.5625
    0.0000   -7.5000  -45.0000 2348.8403   12.5770
    7.5000   -7.5000  -45.0000 2324.9946   12.8268
   -7.5000    0.0000  -45.0000 2446.2048   11.4826
    0.0000    0.0000  -45.0000 2453.2542   11.4730
    7.5000    0.0000  -45.0000 2429.2229   11.6962
   -7.5000    7.5000  -45.0000 2522.1941   10.6497
    0.0000    7.5000  -45.0000 2530.9077   10.6184
    7.5000    7.5000  -45.0000 2508.9165   10.8322
   -7.5000   15.0000  -45.0000 2576.3088   10.0183
    0.0000   15.0000  -45.0000 2581.3401    9.9825
    7.5000   15.0000  -45.0000 2561.7109   10.1959
   -7.5000   22.5000  -45.0000 2624.0295    9.5788
    0.0000   22.5000  -45.0000 2630.0513    9.5534
    7.5000   22.5000  -45.0000 2601.4421    9.7500
   -7.5000   30.0000  -45.0000 2651.5339    9.3561
    0.0000   30.0000  -45.0000 2649.3726    9.3473
    7.5000   30.0000  -45.0000 2625.0085    9.5387
   -7.5000   37.5000  -45.0000 2653.9492    9.3544
    0.0000   37.5000  -45.0000 2649.7073    9.3394
    7.5000   37.5000  -45.0000 2623.1328    9.5274
   -7.5000   45.0000  -45.0000 2632.2166    9.6103
    0.0000   45.0000  -45.0000 2629.7969    9.5849
    7.5000   45.0000  -45.0000 2600.4324    9.7876
   -7.5000   52.5000  -45.0000 2562.9900   10.0185
    0.0000   52.5000  -45.0000 2558.6262    9.9830
    7.5000   52.5000  -45.0000 2529.3811   10.2012
   -7.5000   60.0000  -45.0000 2436.0581   10.4753
    0.0000   60.0000  -45.0000 2430.8518   10.4476
    7.5000   60.0000  -45.0000 2401.5735   10.6877
   -7.5000  -30.0000  -37.5000 1978.8333   17.3487
    0.0000  -30.0000  -37.5000 1985.0406   17.3532
    7.5000  -30.0000  -37.5000 1967.6073   17.6732
   -7.5000  -22.5000  -37.5000 2128.9644   15.0984
    0.0000  -22.5000  -37.5000 2138.2815   15.0709
    7.5000  -22.5000  -37.5000 2117.9580   15.3912
   -7.5000  -15.0000  -37.5000 2264.5576   13.3779
    0.0000  -15.0000  -37.5000 2275.3813   13.3508
    7.5000  -15.0000  -37.5000 2254.1577   13.6357
   -7.5000   -7.5000  -37.5000 2380.2312   12.0331
    0.0000   -7.5000  -37.5000 2391.1057   11.9823
    7.5000   -7.5000  -37.5000 2369.8174   12.2393
   -7.5000    0.0000  -37.5000 2487.8594   10.9596
    0.0000    0.0000  -37.5000 2498.5422   10.9149
    7.5000    0.0000  -37.5000 2475.9036   11.1553
   -7.5000    7.5000  -37.5000 2573.8191   10.1168
    0.0000    7.5000  -37.5000 2584.1235   10.0758
    7.5000    7.5000  -37.5000 2561.2080   10.2946
   -7.5000   15.0000  -37.5000 2634.7029    9.4953
    0.0000   15.0000  -37.5000 2643.0269    9.4595
    7.5000   15.0000  -37.5000 2621.9172    9.6607
   -7.5000   22.5000  -37.5000 2693.3438    9.0591
    0.0000   22.5000  -37.5000 2700.7292    9.0257
    7.5000   22.5000  -37.5000 2667.7424    9.2264
   -7.5000   30.0000  -37.5000 2730.1887    8.8169
    0.0000   30.0000  -37.5000 2732.6167    8.7854
    7.5000   30.0000  -37.5000 2697.5635    8.9879
   -7.5000   37.5000  -37.5000 2742.1257    8.8064
    0.0000   37.5000  -37.5000 2737.7500    8.7820
    7.5000   37.5000  -37.5000 2706.6321    8.9754
   -7.5000   45.0000  -37.5000 2719.0603    9.0603
    0.0000   45.0000  -37.5000 2719.3230    9.0231
    7.5000   45.0000  -37.5000 2687.9392    9.2240
   -7.5000   52.5000  -37.5000 2647.1809    9.4490
    0.0000   52.5000  -37.5000 2643.7998    9.4148
    7.5000   52.5000  -37.5000 2610.3621    9.6313
   -7.5000   60.0000  -37.5000 2508.0176    9.9077
    0.0000   60.0000  -37.5000 2504.6858    9.8759
    7.5000   60.0000  -37.5000 2472.1243   10.1122
   -7.5000  -30.0000  -30.0000 2045.1951   17.4777
    0.0000  -30.0000  -30.0000 2055.4963   17.4138
    7.5000  -30.0000  -30.0000 2034.2533   17.8000
   -7.5000  -22.5000  -30.0000 2198.2908   15.1534
    0.0000  -22.5000  -30.0000 2210.0276   15.1002
    7.5000  -22.5000  -30.0000 2191.0603   15.4494
   -7.5000  -15.0000  -30.0000 2336.9412   13.3559
    0.0000  -15.0000  -30.0000 2350.4214   13.3168
    7.5000  -15.0000  -30.0000 2328.3760   13.6294
   -7.5000   -7.5000  -30.0000 2454.7551   11.9485
    0.0000   -7.5000  -30.0000 2465.9038   11.8903
    7.5000   -7.5000  -30.0000 2447.5735   12.1719
   -7.5000    0.0000  -30.0000 2567.2253   10.8299
    0.0000    0.0000  -30.0000 2578.7192   10.7836
    7.5000    0.0000  -30.0000 2555.1663   11.0298
   -7.5000    7.5000  -30.0000 2665.2256    9.9715
    0.0000    7.5000  -30.0000 2674.0452    9.9275
    7.5000    7.5000  -30.0000 2647.7415   10.1609
   -7.5000   15.0000  -30.0000 2743.3704    9.3331
    0.0000   15.0000  -30.0000 2749.9490    9.2871
    7.5000   15.0000  -30.0000 2723.7056    9.5053
   -7.5000   22.5000  -30.0000 2809.7205    8.8904
    0.0000   22.5000  -30.0000 2815.4917    8.8502
    7.5000   22.5000  -30.0000 2783.8132    9.0777
   -7.5000   30.0000  -30.0000 2858.6577    8.6381
    0.0000   30.0000  -30.0000 2860.2002    8.5985
    7.5000   30.0000  -30.0000 2820.7878    8.8395
   -7.5000   37.5000  -30.0000 2876.7090    8.6205
    0.0000   37.5000  -30.0000 2873.5430    8.5769
    7.5000   37.5000  -30.0000 2834.2957    8.8308
   -7.5000   45.0000  -30.0000 2855.3264    8.8723
    0.0000   45.0000  -30.0000 2852.2539    8.8137
    7.5000   45.0000  -30.0000 2815.4719    9.0766
   -7.5000   52.5000  -30.0000 2771.7124    9.2597
    0.0000   52.5000  -30.0000 2768.0269    9.2181
    7.5000   52.5000  -30.0000 2729.3123    9.4875
   -7.5000   60.0000  -30.0000 2617.1233    9.7370
    0.0000   60.0000  -30.0000 2613.7061    9.7020
    7.5000   60.0000  -30.0000 2578.9583    9.9737
   -7.5000  -30.0000  -22.5000 2078.4712   17.5624
    0.0000  -30.0000  -22.5000 2092.3091   17.4762
    7.5000  -30.0000  -22.5000 2070.3406   17.8504
   -7.5000  -22.5000  -22.5000 2238.6685   15.2261
    0.0000  -22.5000  -22.5000 2250.9543   15.1267
    7.5000  -22.5000  -22.5000 2230.3215   15.4909
   -7.5000  -15.0000  -22.5000 2380.0659   13.3707
    0.0000  -15.0000  -22.5000 2391.0190   13.2843
    7.5000  -15.0000  -22.5000 2370.9817   13.6208
   -7.5000   -7.5000  -22.5000 2502.9009   11.9105
    0.0000   -7.5000  -22.5000 2510.8091   11.8167
    7.5000   -7.5000  -22.5000 2488.4019   12.1341
   -7.5000    0.0000  -22.5000 2613.2983   10.7240
    0.0000    0.0000  -22.5000 2620.5571   10.6505
    7.5000    0.0000  -22.5000 2595.9749   10.9466
   -7.5000    7.5000  -22.5000 2716.3945    9.8185
    0.0000    7.5000  -22.5000 2722.5676    9.7489
    7.5000    7.5000  -22.5000 2694.9495   10.0233
   -7.5000   15.0000  -22.5000 2801.6816    9.1632
    0.0000   15.0000  -22.5000 2808.8945    9.0878
    7.5000   15.0000  -22.5000 2780.2202    9.3522
   -7.5000   22.5000  -22.5000 2881.6367    8.7610
    0.0000   22.5000  -22.5000 2884.6816    8.6821
    7.5000   22.5000  -22.5000 2853.4526    8.9358
   -7.5000   30.0000  -22.5000 2947.4412    8.5445
    0.0000   30.0000  -22.5000 2951.2136    8.4811
    7.5000   30.0000  -22.5000 2903.1948    8.7320
   -7.5000   37.5000  -22.5000 2969.9612    8.4631
    0.0000   37.5000  -22.5000 2967.3958    8.4198
    7.5000   37.5000  -22.5000 2915.1570    8.7302
   -7.5000   45.0000  -22.5000 2941.1055    8.6996
    0.0000   45.0000  -22.5000 2938.4141    8.6401
    7.5000   45.0000  -22.5000 2889.1165    8.9607
   -7.5000   52.5000  -22.5000 2848.6621    9.0944
    0.0000   52.5000  -22.5000 2844.5364    9.0554
    7.5000   52.5000  -22.5000 2796.0430    9.3582
   -7.5000   60.0000  -22.5000 2689.9136    9.5972
    0.0000   60.0000  -22.5000 2685.2742    9.5514
    7.5000   60.0000  -22.5000 2644.1541    9.8283
   -7.5000  -30.0000  -15.0000 2080.5483   17.7410
    0.0000  -30.0000  -15.0000 2094.9875   17.6200
    7.5000  -30.0000  -15.0000 2070.7417   18.0318
   -7.5000  -22.5000  -15.0000 2244.2261   15.2764
    0.0000  -22.5000  -15.0000 2259.6597   15.1541
    7.5000  -22.5000  -15.0000 2235.5403   15.5149
   -7.5000  -15.0000  -15.0000 2388.6104   13.3663
    0.0000  -15.0000  -15.0000 2398.0833   13.2618
    7.5000  -15.0000  -15.0000 2377.1077   13.5806
   -7.5000   -7.5000  -15.0000 2513.7898   11.8730
    0.0000   -7.5000  -15.0000 2516.1914   11.7771
    7.5000   -7.5000  -15.0000 2491.6641   12.1097
   -7.5000    0.0000  -15.0000 2624.5732   10.6807
    0.0000    0.0000  -15.0000 2627.0007   10.6057
    7.5000    0.0000  -15.0000 2599.8596   10.9328
   -7.5000    7.5000  -15.0000 2732.6152    9.7478
    0.0000    7.5000  -15.0000 2730.8547    9.6748
    7.5000    7.5000  -15.0000 2704.7002    9.9883
   -7.5000   15.0000  -15.0000 2824.8726    9.0662
    0.0000   15.0000  -15.0000 2823.6943    8.9862
    7.5000   15.0000  -15.0000 2795.3210    9.3148
   -7.5000   22.5000  -15.0000 2913.4341    8.7186
    0.0000   22.5000  -15.0000 2913.8728    8.6360
    7.5000   22.5000  -15.0000 2880.7283    8.9137
   -7.5000   30.0000  -15.0000 2990.6919    8.6408
    0.0000   30.0000  -15.0000 2999.2080    8.5882
    7.5000   30.0000  -15.0000 2939.5212    8.7459
   -7.5000   37.5000  -15.0000 3015.7910    8.5388
    0.0000   37.5000  -15.0000 3020.8906    8.5230
    7.5000   37.5000  -15.0000 2956.7139    8.7276
   -7.5000   45.0000  -15.0000 2981.9709    8.6780
    0.0000   45.0000  -15.0000 2977.1768    8.6619
    7.5000   45.0000  -15.0000 2922.5728    8.9158
   -7.5000   52.5000  -15.0000 2879.3022    9.0224
    0.0000   52.5000  -15.0000 2875.2959    9.0070
    7.5000   52.5000  -15.0000 2827.2119    9.2463
   -7.5000   60.0000  -15.0000 2712.8962    9.5189
    0.0000   60.0000  -15.0000 2708.6243    9.4803
    7.5000   60.0000  -15.0000 2664.6084    9.7154
   -7.5000  -30.0000   -7.5000 2065.0708   18.0197
    0.0000  -30.0000   -7.5000 2072.4775   17.9151
    7.5000  -30.0000   -7.5000 2045.7273   18.3836
   -7.5000  -22.5000   -7.5000 2234.8540   15.4397
    0.0000  -22.5000   -7.5000 2243.6016   15.3038
    7.5000  -22.5000   -7.5000 2217.1924   15.7353
   -7.5000  -15.0000   -7.5000 2380.4043   13.4743
    0.0000  -15.0000   -7.5000 2386.4316   13.3350
    7.5000  -15.0000   -7.5000 2363.7073   13.7432
   -7.5000   -7.5000   -7.5000 2507.6477   11.9418
    0.0000   -7.5000   -7.5000 2508.7468   11.8399
    7.5000   -7.5000   -7.5000 2483.8015   12.2041
   -7.5000    0.0000   -7.5000 2621.0698   10.7617
    0.0000    0.0000   -7.5000 2620.8801   10.6851
    7.5000    0.0000   -7.5000 2597.7827   11.0067
   -7.5000    7.5000   -7.5000 2732.4072    9.8246
    0.0000    7.5000   -7.5000 2731.1799    9.7812
    7.5000    7.5000   -7.5000 2704.5815   10.0710
   -7.5000   15.0000   -7.5000 2829.5681    9.1247
    0.0000   15.0000   -7.5000 2829.1279    9.1128
    7.5000   15.0000   -7.5000 2794.7349    9.4200
   -7.5000   22.5000   -7.5000 2925.3496    8.8061
    0.0000   22.5000   -7.5000 2923.3740    8.7831
    7.5000   22.5000   -7.5000 2883.2539    9.0293
   -7.5000   30.0000   -7.5000 2998.7498    8.7564
    0.0000   30.0000   -7.5000 2999.0515    8.7404
    7.5000   30.0000   -7.5000 2935.5000    8.8671
   -7.5000   37.5000   -7.5000 3013.2927    8.7382
    0.0000   37.5000   -7.5000 3013.9346    8.7453
    7.5000   37.5000   -7.5000 2949.3958    8.8802
   -7.5000   45.0000   -7.5000 2974.6465    8.8312
    0.0000   45.0000   -7.5000 2970.0940    8.8360
    7.5000   45.0000   -7.5000 2914.7507    9.0428
   -7.5000   52.5000   -7.5000 2869.0725    9.1099
    0.0000   52.5000   -7.5000 2865.7241    9.0860
    7.5000   52.5000   -7.5000 2819.5369    9.3255
   -7.5000   60.0000   -7.5000 2702.6733    9.5581
    0.0000   60.0000   -7.5000 2696.5925    9.4963
    7.5000   60.0000   -7.5000 2661.8267    9.7554
   -7.5000  -30.0000    0.0000 2032.6354   18.4723
    0.0000  -30.0000    0.0000 2038.7899   18.4429
    7.5000  -30.0000    0.0000 2013.6102   18.9098
   -7.5000  -22.5000    0.0000 2206.1362   15.7685
    0.0000  -22.5000    0.0000 2214.0010   15.6980
    7.5000  -22.5000    0.0000 2186.1396   16.1364
   -7.5000  -15.0000    0.0000 2360.8115   13.7419
    0.0000  -15.0000    0.0000 2365.0090   13.6887
    7.5000  -15.0000    0.0000 2334.0850   14.0547
   -7.5000   -7.5000    0.0000 2494.7358   12.2054
    0.0000   -7.5000    0.0000 2497.8853   12.1541
    7.5000   -7.5000    0.0000 2462.3762   12.4971
   -7.5000    0.0000    0.0000 2615.5793   11.0278
    0.0000    0.0000    0.0000 2612.0298   10.9927
    7.5000    0.0000    0.0000 2578.7527   11.3207
   -7.5000    7.5000    0.0000 2726.0999   10.0931
    0.0000    7.5000    0.0000 2723.7559   10.0749
    7.5000    7.5000    0.0000 2691.1340   10.3978
   -7.5000   15.0000    0.0000 2828.7498    9.4110
    0.0000   15.0000    0.0000 2821.4358    9.3977
    7.5000   15.0000    0.0000 2784.2117    9.7294
   -7.5000   22.5000    0.0000 2916.1189    9.0836
    0.0000   22.5000    0.0000 2905.9998    9.0424
    7.5000   22.5000    0.0000 2869.0586    9.3007
   -7.5000   30.0000    0.0000 2968.3557    8.9069
    0.0000   30.0000    0.0000 2959.6968    8.9012
    7.5000   30.0000    0.0000 2909.1516    9.1473
   -7.5000   37.5000    0.0000 2969.5012    8.8793
    0.0000   37.5000    0.0000 2964.4905    8.8812
    7.5000   37.5000    0.0000 2915.6357    9.1305
   -7.5000   45.0000    0.0000 2931.6169    9.0743
    0.0000   45.0000    0.0000 2932.0383    9.0270
    7.5000   45.0000    0.0000 2881.0989    9.2963
   -7.5000   52.5000    0.0000 2829.4871    9.3919
    0.0000   52.5000    0.0000 2828.4614    9.3394
    7.5000   52.5000    0.0000 2789.6399    9.5768
   -7.5000   60.0000    0.0000 2666.7178    9.8216
    0.0000   60.0000    0.0000 2661.9043    9.7671
    7.5000   60.0000    0.0000 2633.8113   10.0018
   -7.5000  -30.0000    7.5000 2000.3126   19.1778
    0.0000  -30.0000    7.5000 2000.9581   19.2569
    7.5000  -30.0000    7.5000 1979.4290   19.7602
   -7.5000  -22.5000    7.5000 2174.2917   16.3448
    0.0000  -22.5000    7.5000 2179.0103   16.3781
    7.5000  -22.5000    7.5000 2150.6213   16.8068
   -7.5000  -15.0000    7.5000 2333.5242   14.2448
    0.0000  -15.0000    7.5000 2336.6953   14.2456
    7.5000  -15.0000    7.5000 2303.3499   14.6274
   -7.5000   -7.5000    7.5000 2473.8306   12.6591
    0.0000   -7.5000    7.5000 2473.7241   12.6144
    7.5000   -7.5000    7.5000 2434.9929   13.0133
   -7.5000    0.0000    7.5000 2595.9341   11.4283
    0.0000    0.0000    7.5000 2590.9077   11.3850
    7.5000    0.0000    7.5000 2551.4941   11.7719
   -7.5000    7.5000    7.5000 2706.5217   10.4926
    0.0000    7.5000    7.5000 2700.7158   10.4441
    7.5000    7.5000    7.5000 2664.5154   10.8161
   -7.5000   15.0000    7.5000 2807.6201    9.8498
    0.0000   15.0000    7.5000 2799.9253    9.8002
    7.5000   15.0000    7.5000 2761.7334   10.1212
   -7.5000   22.5000    7.5000 2884.6206    9.4596
    0.0000   22.5000    7.5000 2877.1597    9.4142
    7.5000   22.5000    7.5000 2837.9910    9.6944
   -7.5000   30.0000    7.5000 2918.6843    9.2424
    0.0000   30.0000    7.5000 2911.1733    9.2286
    7.5000   30.0000    7.5000 2868.2859    9.5356
   -7.5000   37.5000    7.5000 2913.7241    9.2807
    0.0000   37.5000    7.5000 2907.2356    9.2507
    7.5000   37.5000    7.5000 2861.2773    9.5408
   -7.5000   45.0000    7.5000 2870.4221    9.5070
    0.0000   45.0000    7.5000 2868.7163    9.4536
    7.5000   45.0000    7.5000 2826.3657    9.7195
   -7.5000   52.5000    7.5000 2775.3772    9.8135
    0.0000   52.5000    7.5000 2772.5166    9.7553
    7.5000   52.5000    7.5000 2738.8430   10.0138
   -7.5000   60.0000    7.5000 2619.1960   10.1961
    0.0000   60.0000    7.5000 2616.1990   10.1488
    7.5000   60.0000    7.5000 2587.7615   10.4053
   -7.5000  -30.0000   15.0000 1967.4252   20.0362
    0.0000  -30.0000   15.0000 1964.9801   20.1040
    7.5000  -30.0000   15.0000 1944.3904   20.6241
   -7.5000  -22.5000   15.0000 2136.5513   17.0732
    0.0000  -22.5000   15.0000 2138.7073   17.1270
    7.5000  -22.5000   15.0000 2112.7234   17.5654
   -7.5000  -15.0000   15.0000 2296.8755   14.8864
    0.0000  -15.0000   15.0000 2294.9236   14.8728
    7.5000  -15.0000   15.0000 2263.5781   15.2943
   -7.5000   -7.5000   15.0000 2441.0596   13.2219
    0.0000   -7.5000   15.0000 2437.0876   13.1905
    7.5000   -7.5000   15.0000 2397.3877   13.5970
   -7.5000    0.0000   15.0000 2565.4243   11.9716
    0.0000    0.0000   15.0000 2557.6597   11.9300
    7.5000    0.0000   15.0000 2516.7190   12.3183
   -7.5000    7.5000   15.0000 2677.9124   11.0597
    0.0000    7.5000   15.0000 2670.0312   10.9944
    7.5000    7.5000   15.0000 2626.5378   11.3448
   -7.5000   15.0000   15.0000 2770.5044   10.4127
    0.0000   15.0000   15.0000 2760.1355   10.3566
    7.5000   15.0000   15.0000 2717.9001   10.6438
   -7.5000   22.5000   15.0000 2834.6213    9.9684
    0.0000   22.5000   15.0000 2828.3438    9.9217
    7.5000   22.5000   15.0000 2783.6990   10.2465
   -7.5000   30.0000   15.0000 2861.9966    9.7976
    0.0000   30.0000   15.0000 2852.6882    9.7526
    7.5000   30.0000   15.0000 2811.0620   10.0547
   -7.5000   37.5000   15.0000 2847.3691    9.8378
    0.0000   37.5000   15.0000 2839.3806    9.7967
    7.5000   37.5000   15.0000 2798.7056   10.0661
   -7.5000   45.0000   15.0000 2793.8647   10.0587
    0.0000   45.0000   15.0000 2794.1350    9.9959
    7.5000   45.0000   15.0000 2758.8523   10.2566
   -7.5000   52.5000   15.0000 2700.6409   10.3514
    0.0000   52.5000   15.0000 2697.9893   10.3056
    7.5000   52.5000   15.0000 2669.0991   10.5468
   -7.5000   60.0000   15.0000 2555.4878   10.6915
    0.0000   60.0000   15.0000 2548.4241   10.6598
    7.5000   60.0000   15.0000 2523.2344   10.9095
   -7.5000  -30.0000   22.5000 1929.8551   21.1057
    0.0000  -30.0000   22.5000 1929.3140   21.1906
    7.5000  -30.0000   22.5000 1904.5161   21.6992
   -7.5000  -22.5000   22.5000 2101.1907   17.9753
    0.0000  -22.5000   22.5000 2101.6035   18.0182
    7.5000  -22.5000   22.5000 2073.8262   18.4811
   -7.5000  -15.0000   22.5000 2258.2778   15.6687
    0.0000  -15.0000   22.5000 2258.3401   15.6708
    7.5000  -15.0000   22.5000 2224.9375   16.0993
   -7.5000   -7.5000   22.5000 2400.0149   13.9540
    0.0000   -7.5000   22.5000 2399.9294   13.9378
    7.5000   -7.5000   22.5000 2356.9651   14.3320
   -7.5000    0.0000   22.5000 2521.6162   12.6970
    0.0000    0.0000   22.5000 2516.5657   12.6449
    7.5000    0.0000   22.5000 2474.1631   13.0201
   -7.5000    7.5000   22.5000 2630.3972   11.7647
    0.0000    7.5000   22.5000 2622.6335   11.7135
    7.5000    7.5000   22.5000 2577.6934   12.0222
   -7.5000   15.0000   22.5000 2713.2527   11.0669
    0.0000   15.0000   22.5000 2703.7710   11.0380
    7.5000   15.0000   22.5000 2658.4165   11.3451
   -7.5000   22.5000   22.5000 2769.0852   10.6424
    0.0000   22.5000   22.5000 2762.9673   10.5976
    7.5000   22.5000   22.5000 2716.9915   10.9199
   -7.5000   30.0000   22.5000 2790.6384   10.4683
    0.0000   30.0000   22.5000 2782.5913   10.4265
    7.5000   30.0000   22.5000 2739.7988   10.6926
   -7.5000   37.5000   22.5000 2775.2910   10.5071
    0.0000   37.5000   22.5000 2765.1887   10.4635
    7.5000   37.5000   22.5000 2723.3811   10.7217
   -7.5000   45.0000   22.5000 2717.6792   10.7252
    0.0000   45.0000   22.5000 2716.7673   10.6699
    7.5000   45.0000   22.5000 2683.4644   10.9161
   -7.5000   52.5000   22.5000 2622.6521   11.0134
    0.0000   52.5000   22.5000 2621.2612   10.9668
    7.5000   52.5000   22.5000 2593.9065   11.2053
   -7.5000   60.0000   22.5000 2482.5505   11.3468
    0.0000   60.0000   22.5000 2479.0293   11.3067
    7.5000   60.0000   22.5000 2449.1948   11.5484
   -7.5000  -30.0000   30.0000 1886.5343   22.4232
    0.0000  -30.0000   30.0000 1887.3593   22.5104
    7.5000  -30.0000   30.0000 1863.8901   23.0996
   -7.5000  -22.5000   30.0000 2060.2913   19.1172
    0.0000  -22.5000   30.0000 2060.7261   19.1482
    7.5000  -22.5000   30.0000 2031.3467   19.6265
   -7.5000  -15.0000   30.0000 2215.2070   16.6860
    0.0000  -15.0000   30.0000 2213.9639   16.6790
    7.5000  -15.0000   30.0000 2177.7400   17.0921
   -7.5000   -7.5000   30.0000 2351.0488   14.8831
    0.0000   -7.5000   30.0000 2348.1409   14.8578
    7.5000   -7.5000   30.0000 2306.0122   15.2664
   -7.5000    0.0000   30.0000 2468.7139   13.5765
    0.0000    0.0000   30.0000 2462.7625   13.5484
    7.5000    0.0000   30.0000 2419.2864   13.9051
   -7.5000    7.5000   30.0000 2568.8887   12.5991
    0.0000    7.5000   30.0000 2560.6479   12.5836
    7.5000    7.5000   30.0000 2516.2009   12.8786
   -7.5000   15.0000   30.0000 2638.8809   11.8892
    0.0000   15.0000   30.0000 2631.5972   11.8620
    7.5000   15.0000   30.0000 2586.4438   12.1877
   -7.5000   22.5000   30.0000 2681.4951   11.4813
    0.0000   22.5000   30.0000 2675.0203   11.4452
    7.5000   22.5000   30.0000 2636.8982   11.7223
   -7.5000   30.0000   30.0000 2701.2461   11.2803
    0.0000   30.0000   30.0000 2692.4954   11.2453
    7.5000   30.0000   30.0000 2656.4438   11.4935
   -7.5000   37.5000   30.0000 2687.6548   11.2877
    0.0000   37.5000   30.0000 2678.7192   11.2477
    7.5000   37.5000   30.0000 2639.8662   11.4877
   -7.5000   45.0000   30.0000 2632.5132   11.4803
    0.0000   45.0000   30.0000 2626.7732   11.4487
    7.5000   45.0000   30.0000 2595.9094   11.6955
   -7.5000   52.5000   30.0000 2537.3335   11.7749
    0.0000   52.5000   30.0000 2534.7549   11.7404
    7.5000   52.5000   30.0000 2506.0835   11.9981
   -7.5000   60.0000   30.0000 2405.8174   12.1073
    0.0000   60.0000   30.0000 2402.1572   12.0747
    7.5000   60.0000   30.0000 2370.1416   12.3261
   -7.5000  -30.0000   37.5000 1837.8920   24.0479
    0.0000  -30.0000   37.5000 1839.3645   24.0920
    7.5000  -30.0000   37.5000 1815.5740   24.8030
   -7.5000  -22.5000   37.5000 2010.8700   20.4931
    0.0000  -22.5000   37.5000 2009.1759   20.5157
    7.5000  -22.5000   37.5000 1981.5724   21.0568
   -7.5000  -15.0000   37.5000 2162.9417   17.9197
    0.0000  -15.0000   37.5000 2161.3713   17.9150
    7.5000  -15.0000   37.5000 2126.2185   18.3504
   -7.5000   -7.5000   37.5000 2296.1133   16.0308
    0.0000   -7.5000   37.5000 2288.8682   16.0306
    7.5000   -7.5000   37.5000 2249.6199   16.4310
   -7.5000    0.0000   37.5000 2407.1055   14.6623
    0.0000    0.0000   37.5000 2397.3232   14.6604
    7.5000    0.0000   37.5000 2354.6409   14.9806
   -7.5000    7.5000   37.5000 2496.4417   13.6413
    0.0000    7.5000   37.5000 2486.1333   13.6180
    7.5000    7.5000   37.5000 2442.9370   13.9253
   -7.5000   15.0000   37.5000 2557.1709   12.9147
    0.0000   15.0000   37.5000 2550.3218   12.8698
    7.5000   15.0000   37.5000 2508.2490   13.1857
   -7.5000   22.5000   37.5000 2593.6116   12.4592
    0.0000   22.5000   37.5000 2586.5151   12.4390
    7.5000   22.5000   37.5000 2551.1067   12.6795
   -7.5000   30.0000   37.5000 2606.3948   12.2256
    0.0000   30.0000   37.5000 2598.6865   12.1848
    7.5000   30.0000   37.5000 2561.9258   12.4189
   -7.5000   37.5000   37.5000 2589.1736   12.2002
    0.0000   37.5000   37.5000 2584.0652   12.1683
    7.5000   37.5000   37.5000 2547.4329   12.3965
   -7.5000   45.0000   37.5000 2545.3555   12.3802
    0.0000   45.0000   37.5000 2537.0298   12.3648
    7.5000   45.0000   37.5000 2504.1987   12.5960
   -7.5000   52.5000   37.5000 2458.4529   12.6601
    0.0000   52.5000   37.5000 2453.3818   12.6562
    7.5000   52.5000   37.5000 2419.6909   12.9172
   -7.5000   60.0000   37.5000 2322.3909   12.9951
    0.0000   60.0000   37.5000 2319.7229   12.9812
    7.5000   60.0000   37.5000 2292.1008   13.2415
   -7.5000  -30.0000   45.0000 1783.8733   26.0348
    0.0000  -30.0000   45.0000 1783.0533   26.0689
    7.5000  -30.0000   45.0000 1763.6335   26.8965
   -7.5000  -22.5000   45.0000 1948.6132   22.1800
    0.0000  -22.5000   45.0000 1943.3733   22.1853
    7.5000  -22.5000   45.0000 1919.4276   22.8396
   -7.5000  -15.0000   45.0000 2095.5208   19.4073
    0.0000  -15.0000   45.0000 2092.5032   19.4163
    7.5000  -15.0000   45.0000 2061.8481   19.9263
   -7.5000   -7.5000   45.0000 2225.9546   17.4391
    0.0000   -7.5000   45.0000 2219.1870   17.4489
    7.5000   -7.5000   45.0000 2179.8955   17.8603
   -7.5000    0.0000   45.0000 2325.2905   15.9681
    0.0000    0.0000   45.0000 2320.1829   15.9809
    7.5000    0.0000   45.0000 2278.6086   16.3267
   -7.5000    7.5000   45.0000 2412.2512   14.8765
    0.0000    7.5000   45.0000 2404.9138   14.8701
    7.5000    7.5000   45.0000 2360.1245   15.2029
   -7.5000   15.0000   45.0000 2467.8218   14.1033
    0.0000   15.0000   45.0000 2462.0684   14.0759
    7.5000   15.0000   45.0000 2423.5828   14.3615
   -7.5000   22.5000   45.0000 2501.2061   13.5719
    0.0000   22.5000   45.0000 2495.1516   13.5565
    7.5000   22.5000   45.0000 2462.2905   13.8075
   -7.5000   30.0000   45.0000 2505.3047   13.3056
    0.0000   30.0000   45.0000 2501.1494   13.2751
    7.5000   30.0000   45.0000 2467.0657   13.5161
   -7.5000   37.5000   45.0000 2483.5146   13.2680
    0.0000   37.5000   45.0000 2480.8059   13.2364
    7.5000   37.5000   45.0000 2453.0925   13.4666
   -7.5000   45.0000   45.0000 2445.0117   13.4226
    0.0000   45.0000   45.0000 2442.1055   13.4031
    7.5000   45.0000   45.0000 2412.1350   13.6654
   -7.5000   52.5000   45.0000 2364.1772   13.7012
    0.0000   52.5000   45.0000 2359.5591   13.6925
    7.5000   52.5000   45.0000 2332.3079   13.9669
   -7.5000   60.0000   45.0000 2236.2737   14.0373
    0.0000   60.0000   45.0000 2231.8855   14.0472
    7.5000   60.0000   45.0000 2208.1631   14.2894

---------------------------------------------------------------------
imgreg_4dfp /opt/freesurfer/average/711-2C_as_mni_average_305 /opt/freesurfer/average/711-2B_as_mni_average_305_mask talsrcimg_g11 none talsrcimg_to_711-2C_as_mni_average_305_t4 1283
---------------------------------------------------------------------

freesurfer imgreg_4dfp.c
/opt/freesurfer/average/711-2C_as_mni_average_305.4dfp.img
       256       256       256         1
  1.000000  1.000000  1.000000
orientation T byte_order littleendian
Reading image: /opt/freesurfer/average/711-2C_as_mni_average_305.4dfp.img
dimensions:      256       256       256
mmppix:       1.0000   -1.0000   -1.0000
center:     128.0000 -129.0000 -129.0000
/opt/freesurfer/average/711-2B_as_mni_average_305_mask.4dfp.img
       256       256       256         1
  1.000000  1.000000  1.000000
orientation T byte_order littleendian
Reading mask: /opt/freesurfer/average/711-2B_as_mni_average_305_mask.4dfp.img (2306576 pixels)
talsrcimg_g11.4dfp.img
       256       256       256         1
  1.000000  1.000000  1.000000
orientation T byte_order littleendian
Reading image: talsrcimg_g11.4dfp.img
dimensions:      256       256       256
mmppix:       1.0000   -1.0000   -1.0000
center:     128.0000 -129.0000 -129.0000
rotation matrix determinant  1.000000
fimgreg.f
image alignment mode   1283 decimal      503 hex
parameters
    0.0000   37.5000  -15.0000    0.0000    0.0000    0.0000
eta,q 0.94882  8.51328
niter,ni,del,rscale     5    3   12.0000    1.2000
parameter  1  0.911449 ->  0.500000 qaram    1.1500
parameter  3 -0.690076 -> -0.500000 qaram    1.1500
parameter  5 -0.503398 -> -0.500000 qaram    1.1500
parameter  6 -0.970598 -> -0.500000 qaram    1.1500
parameters
   -3.4500   35.8783  -11.5500   -0.1319    3.4500    3.4500
eta,q 0.95888  8.56188
  0.0507  0.0515  0.0576  0.0472  0.0574  0.0488
  0.0479  0.0486  0.0583  0.0454  0.0527  0.0466
  0.0495  0.0475  0.0528  0.0449  0.0482  0.0449
  0.0543  0.0478  0.0475  0.0448  0.0449  0.0433
  0.0607  0.0504  0.0450  0.0443  0.0433  0.0417
  0.0660  0.0542  0.0454  0.0453  0.0435  0.0410
  0.0707  0.0578  0.0481  0.0479  0.0453  0.0416
niter,ni,del,rscale     7    3   12.0000    1.2000
parameters
   -4.2101   35.5515  -11.4245   -0.7968    3.5788    3.5987
eta,q 0.95955  8.57136
  0.0587  0.0478  0.0527  0.0436  0.0516  0.0455
  0.0484  0.0429  0.0471  0.0418  0.0459  0.0438
  0.0414  0.0406  0.0417  0.0408  0.0418  0.0419
  0.0411  0.0404  0.0403  0.0404  0.0405  0.0405
  0.0473  0.0417  0.0432  0.0410  0.0422  0.0410
  0.0565  0.0448  0.0467  0.0429  0.0458  0.0431
  0.0652  0.0488  0.0512  0.0457  0.0503  0.0456
niter,ni,del,rscale     6    3   12.0000    1.2000
parameters
   -4.3350   35.9559  -11.5946   -1.5282    3.6181    3.7545
eta,q 0.95972  8.56542
  0.0616  0.0502  0.0518  0.0432  0.0511  0.0453
  0.0514  0.0444  0.0461  0.0414  0.0455  0.0434
  0.0431  0.0414  0.0411  0.0406  0.0414  0.0415
  0.0404  0.0404  0.0404  0.0403  0.0403  0.0403
  0.0446  0.0409  0.0435  0.0409  0.0423  0.0408
  0.0531  0.0433  0.0470  0.0426  0.0458  0.0428
  0.0623  0.0474  0.0521  0.0453  0.0503  0.0452
niter,ni,del,rscale     5    3   12.0000    1.2000
parameters
   -4.3909   36.4329  -11.8031   -2.3545    3.5915    4.0310
eta,q 0.95999  8.55181
  0.0618  0.0503  0.0517  0.0430  0.0505  0.0454
  0.0519  0.0447  0.0459  0.0408  0.0448  0.0431
  0.0434  0.0415  0.0408  0.0402  0.0409  0.0410
  0.0403  0.0403  0.0402  0.0401  0.0400  0.0400
  0.0440  0.0404  0.0434  0.0408  0.0421  0.0405
  0.0526  0.0429  0.0470  0.0426  0.0455  0.0424
  0.0621  0.0475  0.0522  0.0451  0.0499  0.0448
niter,ni,del,rscale     4    3   12.0000    1.2000
parameters
   -4.4593   36.9361  -11.9974   -3.0867    3.5601    4.3211
eta,q 0.96049  8.53332
  0.0612  0.0507  0.0515  0.0432  0.0499  0.0453
  0.0516  0.0451  0.0456  0.0403  0.0442  0.0429
  0.0433  0.0417  0.0404  0.0396  0.0403  0.0406
  0.0400  0.0400  0.0398  0.0396  0.0395  0.0395
  0.0435  0.0398  0.0431  0.0404  0.0415  0.0401
  0.0522  0.0427  0.0467  0.0424  0.0449  0.0421
  0.0621  0.0480  0.0518  0.0449  0.0493  0.0447
niter,ni,del,rscale     3    3   12.0000    1.2000
parameters
   -4.5370   37.3278  -12.1286   -3.5604    3.5329    4.4732
eta,q 0.96098  8.52014
  0.0605  0.0508  0.0513  0.0437  0.0494  0.0451
  0.0511  0.0452  0.0453  0.0403  0.0437  0.0425
  0.0429  0.0417  0.0400  0.0391  0.0398  0.0401
  0.0395  0.0395  0.0392  0.0391  0.0391  0.0390
  0.0430  0.0393  0.0425  0.0400  0.0409  0.0397
  0.0516  0.0431  0.0462  0.0421  0.0443  0.0420
  0.0616  0.0488  0.0513  0.0447  0.0489  0.0448
niter,ni,del,rscale     2    3   12.0000    1.2000
parameters
   -4.5889   37.5680  -12.2077   -3.8171    3.5168    4.5398
eta,q 0.96127  8.51293
  0.0602  0.0507  0.0512  0.0441  0.0492  0.0450
  0.0509  0.0451  0.0452  0.0405  0.0434  0.0422
  0.0425  0.0415  0.0397  0.0389  0.0395  0.0398
  0.0390  0.0390  0.0388  0.0388  0.0387  0.0387
  0.0424  0.0393  0.0420  0.0397  0.0406  0.0395
  0.0511  0.0438  0.0458  0.0417  0.0440  0.0419
  0.0611  0.0495  0.0509  0.0446  0.0486  0.0449
niter,ni,del,rscale     1    3   12.0000    1.2000
parameters
   -4.6122   37.6986  -12.2551   -3.9513    3.5060    4.5673
eta,q 0.96141  8.50928
  0.0601  0.0505  0.0511  0.0444  0.0491  0.0449
  0.0508  0.0450  0.0451  0.0407  0.0433  0.0421
  0.0424  0.0412  0.0396  0.0389  0.0394  0.0397
  0.0387  0.0387  0.0386  0.0386  0.0386  0.0386
  0.0421  0.0394  0.0417  0.0395  0.0404  0.0394
  0.0507  0.0444  0.0455  0.0415  0.0439  0.0419
  0.0606  0.0499  0.0506  0.0444  0.0485  0.0450
registration optimization eta report
parameter search radius
    6.9000    6.0000    6.9000    6.0000    6.9000    6.9000
100000*second partial in parameter space
       44.       31.       25.       16.       21.       13.
  0.0601  0.0505  0.0511  0.0444  0.0491  0.0449
  0.0508  0.0450  0.0451  0.0407  0.0433  0.0421
  0.0424  0.0412  0.0396  0.0389  0.0394  0.0397
  0.0387  0.0387  0.0386  0.0386  0.0386  0.0386
  0.0421  0.0394  0.0417  0.0395  0.0404  0.0394
  0.0507  0.0444  0.0455  0.0415  0.0439  0.0419
  0.0606  0.0499  0.0506  0.0444  0.0485  0.0450
   -4.6122   37.6986  -12.2551   -3.9513    3.5060    4.5673
eta,q 0.96141  8.50928

---------------------------------------------------------------------
imgreg_4dfp /opt/freesurfer/average/711-2C_as_mni_average_305 /opt/freesurfer/average/711-2B_as_mni_average_305_mask talsrcimg_g11 none talsrcimg_to_711-2C_as_mni_average_305_t4 3335
---------------------------------------------------------------------

freesurfer imgreg_4dfp.c
/opt/freesurfer/average/711-2C_as_mni_average_305.4dfp.img
       256       256       256         1
  1.000000  1.000000  1.000000
orientation T byte_order littleendian
Reading image: /opt/freesurfer/average/711-2C_as_mni_average_305.4dfp.img
dimensions:      256       256       256
mmppix:       1.0000   -1.0000   -1.0000
center:     128.0000 -129.0000 -129.0000
/opt/freesurfer/average/711-2B_as_mni_average_305_mask.4dfp.img
       256       256       256         1
  1.000000  1.000000  1.000000
orientation T byte_order littleendian
Reading mask: /opt/freesurfer/average/711-2B_as_mni_average_305_mask.4dfp.img (2306576 pixels)
talsrcimg_g11.4dfp.img
       256       256       256         1
  1.000000  1.000000  1.000000
orientation T byte_order littleendian
Reading image: talsrcimg_g11.4dfp.img
dimensions:      256       256       256
mmppix:       1.0000   -1.0000   -1.0000
center:     128.0000 -129.0000 -129.0000
fimgreg.f
image alignment mode   3335 decimal      D07 hex
parameters
   -4.6122   37.6986  -12.2551   -0.5041   -0.5209   -0.4244
   -7.5241   -6.6300    7.9482    6.3831    6.1152   -6.8779
eta,q 0.95935  8.60066
niter,ni,del,rscale     5    3    5.0000    1.2000
parameter  5  1.553537 ->  0.500000 qaram    1.1500
parameters
   -4.8744   37.7729  -12.1898   -3.2676   -4.6609   -1.7818
   -5.3685   -6.6916    7.1308    4.3577    5.9053   -5.5995
eta,q 0.96435  8.37850
  0.0428  0.0421  0.0421  0.0417  0.0350  0.0385  0.0399  0.0395  0.0374  0.0373  0.0371  0.0376
  0.0415  0.0414  0.0413  0.0405  0.0359  0.0373  0.0383  0.0378  0.0365  0.0362  0.0363  0.0367
  0.0407  0.0408  0.0408  0.0400  0.0375  0.0364  0.0370  0.0365  0.0361  0.0357  0.0359  0.0361
  0.0406  0.0406  0.0406  0.0406  0.0400  0.0363  0.0362  0.0360  0.0360  0.0360  0.0357  0.0357
  0.0412  0.0407  0.0407  0.0423  0.0432  0.0373  0.0360  0.0364  0.0363  0.0369  0.0359  0.0357
  0.0423  0.0412  0.0412  0.0448  0.0465  0.0391  0.0363  0.0378  0.0371  0.0385  0.0364  0.0360
  0.0440  0.0420  0.0419  0.0479  0.0499  0.0409  0.0372  0.0397  0.0383  0.0404  0.0372  0.0367
niter,ni,del,rscale     5    3    5.0000    1.2000
parameter  5  0.564253 ->  0.500000 qaram    1.3225
parameters
   -4.9002   37.7383  -13.2285   -2.4932   -9.4219   -2.6288
   -4.7822   -6.7646    7.4023    5.1306    5.6295   -4.9212
eta,q 0.96604  8.18145
  0.0384  0.0372  0.0359  0.0395  0.0346  0.0365  0.0365  0.0375  0.0357  0.0368  0.0352  0.0352
  0.0369  0.0364  0.0354  0.0380  0.0341  0.0356  0.0353  0.0358  0.0348  0.0355  0.0345  0.0346
  0.0359  0.0359  0.0354  0.0365  0.0341  0.0344  0.0344  0.0346  0.0343  0.0345  0.0341  0.0342
  0.0357  0.0357  0.0357  0.0353  0.0352  0.0340  0.0340  0.0340  0.0340  0.0340  0.0340  0.0340
  0.0360  0.0358  0.0363  0.0353  0.0373  0.0347  0.0342  0.0345  0.0342  0.0341  0.0342  0.0340
  0.0370  0.0364  0.0372  0.0365  0.0405  0.0365  0.0348  0.0358  0.0347  0.0348  0.0347  0.0343
  0.0385  0.0374  0.0383  0.0385  0.0445  0.0381  0.0358  0.0378  0.0355  0.0359  0.0354  0.0348
niter,ni,del,rscale     5    3    5.0000    1.2000
parameters
   -4.8586   38.2076  -13.6732   -1.4868  -12.3167   -3.7085
   -4.2977   -6.6831    7.9524    6.8312    5.0305   -3.2539
eta,q 0.96624  8.03988
  0.0367  0.0361  0.0347  0.0379  0.0347  0.0359  0.0358  0.0374  0.0353  0.0363  0.0348  0.0350
  0.0353  0.0351  0.0342  0.0366  0.0343  0.0353  0.0349  0.0358  0.0347  0.0353  0.0343  0.0345
  0.0343  0.0343  0.0339  0.0351  0.0340  0.0343  0.0343  0.0346  0.0342  0.0345  0.0339  0.0341
  0.0340  0.0340  0.0339  0.0339  0.0337  0.0340  0.0340  0.0340  0.0340  0.0340  0.0339  0.0338
  0.0343  0.0340  0.0342  0.0337  0.0343  0.0346  0.0341  0.0344  0.0340  0.0338  0.0341  0.0338
  0.0352  0.0343  0.0348  0.0348  0.0364  0.0364  0.0346  0.0356  0.0344  0.0341  0.0345  0.0339
  0.0365  0.0349  0.0357  0.0366  0.0398  0.0376  0.0354  0.0374  0.0350  0.0349  0.0352  0.0343
niter,ni,del,rscale     4    3    5.0000    1.2000
parameters
   -4.8519   38.3773  -13.7015   -1.4259  -14.4320   -4.8379
   -4.5101   -6.3136    7.9076    8.1205    5.4341   -1.1219
eta,q 0.96627  7.91538
  0.0363  0.0351  0.0350  0.0368  0.0346  0.0356  0.0353  0.0373  0.0350  0.0359  0.0351  0.0351
  0.0350  0.0343  0.0343  0.0358  0.0341  0.0352  0.0345  0.0358  0.0344  0.0349  0.0345  0.0346
  0.0341  0.0339  0.0339  0.0346  0.0338  0.0343  0.0341  0.0345  0.0340  0.0343  0.0340  0.0341
  0.0338  0.0338  0.0338  0.0338  0.0338  0.0338  0.0339  0.0339  0.0339  0.0339  0.0338  0.0338
  0.0341  0.0339  0.0339  0.0341  0.0338  0.0343  0.0341  0.0342  0.0340  0.0338  0.0339  0.0337
  0.0350  0.0342  0.0343  0.0353  0.0349  0.0361  0.0346  0.0352  0.0344  0.0341  0.0343  0.0338
  0.0363  0.0347  0.0350  0.0371  0.0372  0.0375  0.0355  0.0368  0.0350  0.0349  0.0349  0.0342
niter,ni,del,rscale     3    3    5.0000    1.2000
parameters
   -4.8283   38.1705  -13.7196   -1.6844  -16.4488   -6.0162
   -5.1243   -5.9765    7.3155    9.0555    6.0740    0.6851
eta,q 0.96621  7.79848
  0.0363  0.0347  0.0349  0.0363  0.0345  0.0353  0.0351  0.0371  0.0349  0.0357  0.0352  0.0351
  0.0349  0.0341  0.0343  0.0354  0.0340  0.0350  0.0345  0.0357  0.0343  0.0348  0.0345  0.0345
  0.0341  0.0338  0.0339  0.0344  0.0338  0.0343  0.0340  0.0345  0.0340  0.0342  0.0341  0.0341
  0.0337  0.0337  0.0337  0.0337  0.0337  0.0337  0.0339  0.0339  0.0339  0.0339  0.0339  0.0339
  0.0340  0.0339  0.0339  0.0341  0.0339  0.0341  0.0342  0.0342  0.0341  0.0339  0.0339  0.0338
  0.0349  0.0344  0.0343  0.0353  0.0347  0.0356  0.0348  0.0352  0.0346  0.0343  0.0342  0.0339
  0.0362  0.0350  0.0350  0.0370  0.0364  0.0376  0.0357  0.0367  0.0352  0.0350  0.0348  0.0343
niter,ni,del,rscale     2    3    5.0000    1.2000
parameters
   -4.7760   38.0151  -13.9266   -1.8540  -17.7607   -7.1850
   -5.2171   -5.8520    7.1278    9.5086    6.3351    2.0721
eta,q 0.96609  7.72141
  0.0363  0.0347  0.0347  0.0361  0.0348  0.0352  0.0354  0.0368  0.0351  0.0355  0.0351  0.0350
  0.0350  0.0341  0.0341  0.0354  0.0341  0.0349  0.0347  0.0355  0.0345  0.0347  0.0345  0.0345
  0.0341  0.0338  0.0338  0.0345  0.0338  0.0343  0.0342  0.0345  0.0341  0.0342  0.0341  0.0342
  0.0338  0.0338  0.0338  0.0338  0.0338  0.0338  0.0340  0.0340  0.0340  0.0340  0.0340  0.0340
  0.0340  0.0340  0.0340  0.0340  0.0340  0.0340  0.0342  0.0343  0.0341  0.0341  0.0341  0.0339
  0.0348  0.0344  0.0344  0.0352  0.0346  0.0353  0.0347  0.0353  0.0346  0.0344  0.0344  0.0341
  0.0361  0.0350  0.0351  0.0368  0.0359  0.0376  0.0355  0.0368  0.0352  0.0352  0.0350  0.0345
niter,ni,del,rscale     1    3    5.0000    1.2000
parameters
   -4.7660   37.9671  -14.2550   -1.9017  -18.2943   -8.2846
   -5.1882   -5.7995    7.0867    9.8046    6.5104    2.8990
eta,q 0.96593  7.68109
  0.0362  0.0350  0.0347  0.0361  0.0352  0.0351  0.0356  0.0367  0.0353  0.0355  0.0351  0.0350
  0.0350  0.0344  0.0342  0.0355  0.0344  0.0349  0.0348  0.0355  0.0347  0.0348  0.0346  0.0346
  0.0342  0.0340  0.0339  0.0346  0.0340  0.0344  0.0343  0.0345  0.0342  0.0343  0.0342  0.0343
  0.0339  0.0339  0.0339  0.0339  0.0339  0.0339  0.0341  0.0341  0.0341  0.0341  0.0341  0.0341
  0.0342  0.0341  0.0342  0.0340  0.0341  0.0340  0.0343  0.0344  0.0343  0.0342  0.0342  0.0341
  0.0350  0.0345  0.0346  0.0351  0.0345  0.0352  0.0348  0.0353  0.0347  0.0346  0.0345  0.0343
  0.0362  0.0351  0.0351  0.0366  0.0357  0.0372  0.0356  0.0368  0.0353  0.0353  0.0350  0.0347
registration optimization eta report
parameter search radius
    2.4000    2.4000    2.4000    7.2000    9.5220    7.2000
    7.2000    7.2000    7.2000    7.2000    7.2000    7.2000
100000*second partial in parameter space
       39.       19.       17.        5.        2.        4.
        3.        5.        2.        2.        2.        1.
  0.0362  0.0350  0.0347  0.0361  0.0352  0.0351  0.0356  0.0367  0.0353  0.0355  0.0351  0.0350
  0.0350  0.0344  0.0342  0.0355  0.0344  0.0349  0.0348  0.0355  0.0347  0.0348  0.0346  0.0346
  0.0342  0.0340  0.0339  0.0346  0.0340  0.0344  0.0343  0.0345  0.0342  0.0343  0.0342  0.0343
  0.0339  0.0339  0.0339  0.0339  0.0339  0.0339  0.0341  0.0341  0.0341  0.0341  0.0341  0.0341
  0.0342  0.0341  0.0342  0.0340  0.0341  0.0340  0.0343  0.0344  0.0343  0.0342  0.0342  0.0341
  0.0350  0.0345  0.0346  0.0351  0.0345  0.0352  0.0348  0.0353  0.0347  0.0346  0.0345  0.0343
  0.0362  0.0351  0.0351  0.0366  0.0357  0.0372  0.0356  0.0368  0.0353  0.0353  0.0350  0.0347
   -4.7660   37.9671  -14.2550   -1.9017  -18.2943   -8.2846
   -5.1882   -5.7995    7.0867    9.8046    6.5104    2.8990
eta,q 0.96593  7.68109

---------------------------------------------------------------------
imgreg_4dfp /opt/freesurfer/average/711-2C_as_mni_average_305 /opt/freesurfer/average/711-2B_as_mni_average_305_mask talsrcimg_g11 none talsrcimg_to_711-2C_as_mni_average_305_t4 2311
---------------------------------------------------------------------

freesurfer imgreg_4dfp.c
/opt/freesurfer/average/711-2C_as_mni_average_305.4dfp.img
       256       256       256         1
  1.000000  1.000000  1.000000
orientation T byte_order littleendian
Reading image: /opt/freesurfer/average/711-2C_as_mni_average_305.4dfp.img
dimensions:      256       256       256
mmppix:       1.0000   -1.0000   -1.0000
center:     128.0000 -129.0000 -129.0000
/opt/freesurfer/average/711-2B_as_mni_average_305_mask.4dfp.img
       256       256       256         1
  1.000000  1.000000  1.000000
orientation T byte_order littleendian
Reading mask: /opt/freesurfer/average/711-2B_as_mni_average_305_mask.4dfp.img (2306576 pixels)
talsrcimg_g11.4dfp.img
       256       256       256         1
  1.000000  1.000000  1.000000
orientation T byte_order littleendian
Reading image: talsrcimg_g11.4dfp.img
dimensions:      256       256       256
mmppix:       1.0000   -1.0000   -1.0000
center:     128.0000 -129.0000 -129.0000
fimgreg.f
image alignment mode   2311 decimal      907 hex
parameters
   -4.7660   37.9671  -14.2550   -1.9017  -18.2943   -8.2846
   -5.1882   -5.7995    7.0867    9.8046    6.5104    2.8990
eta,q 0.96593  7.68109
niter,ni,del,rscale     5    3    5.0000    0.8000
parameters
   -4.7766   37.9753  -14.6401   -1.2672  -18.4278   -8.3000
   -5.0947   -5.8344    6.8011    9.4586    6.3695    2.8113
eta,q 0.96605  7.68520
  0.0351  0.0346  0.0343  0.0356  0.0343  0.0348  0.0347  0.0354  0.0345  0.0345  0.0344  0.0343
  0.0345  0.0343  0.0341  0.0351  0.0341  0.0345  0.0343  0.0347  0.0342  0.0342  0.0342  0.0341
  0.0342  0.0341  0.0340  0.0345  0.0340  0.0342  0.0341  0.0341  0.0340  0.0340  0.0340  0.0340
  0.0341  0.0341  0.0341  0.0340  0.0340  0.0340  0.0340  0.0340  0.0340  0.0340  0.0339  0.0340
  0.0342  0.0341  0.0342  0.0340  0.0340  0.0339  0.0340  0.0342  0.0341  0.0341  0.0340  0.0340
  0.0345  0.0343  0.0344  0.0344  0.0341  0.0343  0.0343  0.0347  0.0343  0.0343  0.0342  0.0341
  0.0351  0.0346  0.0346  0.0351  0.0343  0.0351  0.0347  0.0355  0.0346  0.0347  0.0345  0.0344
niter,ni,del,rscale     4    3    5.0000    0.7000
parameters
   -4.7869   38.0712  -14.6968   -1.0527  -18.0828   -7.9743
   -4.9976   -5.8381    6.7040    9.1435    6.2374    2.4561
eta,q 0.96612  7.70506
  0.0348  0.0344  0.0342  0.0352  0.0342  0.0347  0.0345  0.0351  0.0343  0.0344  0.0343  0.0341
  0.0343  0.0342  0.0341  0.0347  0.0341  0.0345  0.0342  0.0345  0.0341  0.0341  0.0341  0.0340
  0.0340  0.0340  0.0340  0.0342  0.0340  0.0342  0.0340  0.0340  0.0339  0.0339  0.0339  0.0339
  0.0339  0.0339  0.0339  0.0339  0.0339  0.0339  0.0339  0.0339  0.0339  0.0339  0.0339  0.0339
  0.0340  0.0340  0.0340  0.0340  0.0340  0.0338  0.0339  0.0341  0.0340  0.0340  0.0339  0.0339
  0.0343  0.0341  0.0341  0.0345  0.0340  0.0341  0.0341  0.0345  0.0341  0.0342  0.0341  0.0341
  0.0348  0.0343  0.0343  0.0351  0.0341  0.0347  0.0344  0.0351  0.0344  0.0345  0.0343  0.0343
niter,ni,del,rscale     3    3    5.0000    0.6000
parameters
   -4.7900   38.1060  -14.6439   -0.9662  -17.8009   -7.4267
   -4.9873   -5.8602    6.7059    8.7383    6.1253    2.0863
eta,q 0.96618  7.72480
  0.0345  0.0342  0.0342  0.0349  0.0341  0.0346  0.0342  0.0348  0.0342  0.0342  0.0341  0.0340
  0.0342  0.0340  0.0340  0.0345  0.0340  0.0344  0.0340  0.0343  0.0340  0.0339  0.0340  0.0339
  0.0340  0.0339  0.0339  0.0341  0.0339  0.0341  0.0339  0.0339  0.0339  0.0338  0.0339  0.0338
  0.0339  0.0339  0.0339  0.0339  0.0339  0.0339  0.0338  0.0338  0.0338  0.0338  0.0338  0.0338
  0.0340  0.0339  0.0339  0.0340  0.0339  0.0338  0.0339  0.0340  0.0339  0.0339  0.0339  0.0339
  0.0342  0.0340  0.0340  0.0343  0.0339  0.0340  0.0340  0.0343  0.0340  0.0341  0.0340  0.0340
  0.0345  0.0342  0.0341  0.0349  0.0340  0.0344  0.0342  0.0348  0.0342  0.0343  0.0342  0.0341
niter,ni,del,rscale     2    3    5.0000    0.5000
parameters
   -4.7884   38.1007  -14.5118   -0.9417  -17.5440   -6.8041
   -4.9572   -5.8788    6.7218    8.2948    6.0015    1.7845
eta,q 0.96625  7.74452
  0.0343  0.0340  0.0341  0.0346  0.0339  0.0345  0.0340  0.0345  0.0340  0.0340  0.0340  0.0339
  0.0340  0.0339  0.0339  0.0342  0.0339  0.0342  0.0339  0.0341  0.0339  0.0338  0.0338  0.0338
  0.0339  0.0338  0.0339  0.0339  0.0338  0.0340  0.0338  0.0338  0.0338  0.0338  0.0338  0.0338
  0.0338  0.0338  0.0338  0.0338  0.0338  0.0338  0.0338  0.0338  0.0338  0.0338  0.0337  0.0337
  0.0339  0.0338  0.0338  0.0339  0.0338  0.0337  0.0338  0.0339  0.0338  0.0338  0.0338  0.0338
  0.0340  0.0339  0.0339  0.0342  0.0339  0.0339  0.0339  0.0341  0.0339  0.0340  0.0339  0.0338
  0.0343  0.0340  0.0340  0.0346  0.0339  0.0342  0.0340  0.0345  0.0340  0.0341  0.0340  0.0340
niter,ni,del,rscale     1    3    5.0000    0.4000
parameters
   -4.7857   38.0594  -14.3091   -0.9523  -17.2980   -6.2114
   -4.9661   -5.8870    6.7934    7.8800    5.8756    1.4954
eta,q 0.96631  7.76438
  0.0340  0.0339  0.0339  0.0343  0.0338  0.0343  0.0339  0.0342  0.0339  0.0338  0.0338  0.0338
  0.0339  0.0338  0.0339  0.0340  0.0338  0.0341  0.0338  0.0339  0.0338  0.0337  0.0338  0.0337
  0.0338  0.0338  0.0338  0.0338  0.0337  0.0339  0.0337  0.0337  0.0337  0.0337  0.0337  0.0337
  0.0338  0.0338  0.0337  0.0337  0.0337  0.0337  0.0337  0.0337  0.0337  0.0337  0.0337  0.0337
  0.0338  0.0338  0.0337  0.0338  0.0337  0.0337  0.0337  0.0338  0.0337  0.0337  0.0337  0.0337
  0.0339  0.0338  0.0338  0.0340  0.0338  0.0338  0.0338  0.0339  0.0338  0.0338  0.0338  0.0338
  0.0340  0.0339  0.0338  0.0343  0.0338  0.0340  0.0339  0.0342  0.0338  0.0340  0.0339  0.0338
registration optimization eta report
parameter search radius
    0.8000    0.8000    0.8000    2.4000    2.4000    2.4000
    2.4000    2.4000    2.4000    2.4000    2.4000    2.4000
100000*second partial in parameter space
       46.       20.       21.        9.        1.        7.
        3.        8.        3.        4.        3.        2.
  0.0340  0.0339  0.0339  0.0343  0.0338  0.0343  0.0339  0.0342  0.0339  0.0338  0.0338  0.0338
  0.0339  0.0338  0.0339  0.0340  0.0338  0.0341  0.0338  0.0339  0.0338  0.0337  0.0338  0.0337
  0.0338  0.0338  0.0338  0.0338  0.0337  0.0339  0.0337  0.0337  0.0337  0.0337  0.0337  0.0337
  0.0338  0.0338  0.0337  0.0337  0.0337  0.0337  0.0337  0.0337  0.0337  0.0337  0.0337  0.0337
  0.0338  0.0338  0.0337  0.0338  0.0337  0.0337  0.0337  0.0338  0.0337  0.0337  0.0337  0.0337
  0.0339  0.0338  0.0338  0.0340  0.0338  0.0338  0.0338  0.0339  0.0338  0.0338  0.0338  0.0338
  0.0340  0.0339  0.0338  0.0343  0.0338  0.0340  0.0339  0.0342  0.0338  0.0340  0.0339  0.0338
   -4.7857   38.0594  -14.3091   -0.9523  -17.2980   -6.2114
   -4.9661   -5.8870    6.7934    7.8800    5.8756    1.4954
eta,q 0.96631  7.76438

---------------------------------------------------------------------
imgreg_4dfp /opt/freesurfer/average/711-2C_as_mni_average_305 /opt/freesurfer/average/711-2B_as_mni_average_305_mask talsrcimg_g11 none talsrcimg_to_711-2C_as_mni_average_305_t4 2311
---------------------------------------------------------------------

freesurfer imgreg_4dfp.c
/opt/freesurfer/average/711-2C_as_mni_average_305.4dfp.img
       256       256       256         1
  1.000000  1.000000  1.000000
orientation T byte_order littleendian
Reading image: /opt/freesurfer/average/711-2C_as_mni_average_305.4dfp.img
dimensions:      256       256       256
mmppix:       1.0000   -1.0000   -1.0000
center:     128.0000 -129.0000 -129.0000
/opt/freesurfer/average/711-2B_as_mni_average_305_mask.4dfp.img
       256       256       256         1
  1.000000  1.000000  1.000000
orientation T byte_order littleendian
Reading mask: /opt/freesurfer/average/711-2B_as_mni_average_305_mask.4dfp.img (2306576 pixels)
talsrcimg_g11.4dfp.img
       256       256       256         1
  1.000000  1.000000  1.000000
orientation T byte_order littleendian
Reading image: talsrcimg_g11.4dfp.img
dimensions:      256       256       256
mmppix:       1.0000   -1.0000   -1.0000
center:     128.0000 -129.0000 -129.0000
fimgreg.f
image alignment mode   2311 decimal      907 hex
parameters
   -4.7857   38.0594  -14.3091   -0.9522  -17.2980   -6.2114
   -4.9661   -5.8870    6.7934    7.8800    5.8756    1.4954
eta,q 0.96631  7.76438
niter,ni,del,rscale     5    3    5.0000    0.8000
parameters
   -4.7791   38.0268  -14.0736   -1.1191  -16.9841   -6.3762
   -4.9844   -5.7607    6.8724    8.2102    5.8824    1.4947
eta,q 0.96630  7.77299
  0.0348  0.0342  0.0344  0.0352  0.0340  0.0348  0.0344  0.0355  0.0343  0.0346  0.0343  0.0341
  0.0342  0.0339  0.0340  0.0345  0.0338  0.0345  0.0340  0.0346  0.0340  0.0341  0.0340  0.0339
  0.0338  0.0337  0.0338  0.0339  0.0337  0.0340  0.0338  0.0339  0.0338  0.0338  0.0338  0.0338
  0.0337  0.0337  0.0337  0.0337  0.0337  0.0337  0.0337  0.0337  0.0337  0.0337  0.0337  0.0337
  0.0338  0.0338  0.0337  0.0339  0.0337  0.0337  0.0338  0.0339  0.0338  0.0338  0.0338  0.0337
  0.0342  0.0339  0.0338  0.0346  0.0338  0.0343  0.0340  0.0345  0.0340  0.0340  0.0340  0.0339
  0.0348  0.0342  0.0341  0.0354  0.0339  0.0353  0.0344  0.0353  0.0343  0.0344  0.0343  0.0341
niter,ni,del,rscale     4    3    5.0000    0.7000
parameters
   -4.7545   37.9872  -14.1056   -1.1039  -17.2439   -6.3244
   -5.0430   -5.7508    6.8769    8.1831    5.8743    1.5677
eta,q 0.96631  7.76351
  0.0346  0.0341  0.0341  0.0350  0.0339  0.0347  0.0342  0.0351  0.0341  0.0343  0.0341  0.0340
  0.0341  0.0339  0.0339  0.0344  0.0338  0.0343  0.0339  0.0343  0.0339  0.0339  0.0339  0.0338
  0.0338  0.0337  0.0337  0.0339  0.0337  0.0340  0.0338  0.0339  0.0337  0.0337  0.0337  0.0337
  0.0337  0.0337  0.0337  0.0337  0.0337  0.0337  0.0337  0.0337  0.0337  0.0337  0.0337  0.0337
  0.0338  0.0338  0.0338  0.0338  0.0337  0.0337  0.0338  0.0339  0.0337  0.0338  0.0337  0.0337
  0.0341  0.0339  0.0339  0.0343  0.0338  0.0341  0.0340  0.0343  0.0339  0.0340  0.0339  0.0338
  0.0346  0.0341  0.0341  0.0350  0.0339  0.0348  0.0343  0.0350  0.0341  0.0343  0.0341  0.0340
niter,ni,del,rscale     3    3    5.0000    0.6000
parameters
   -4.7492   37.9702  -14.0868   -1.0643  -17.2979   -6.1483
   -5.0333   -5.7693    6.8921    8.0058    5.8237    1.5528
eta,q 0.96633  7.76488
  0.0344  0.0340  0.0340  0.0347  0.0338  0.0345  0.0341  0.0347  0.0340  0.0341  0.0340  0.0339
  0.0340  0.0338  0.0338  0.0342  0.0337  0.0342  0.0339  0.0341  0.0338  0.0338  0.0338  0.0338
  0.0338  0.0337  0.0337  0.0339  0.0337  0.0339  0.0337  0.0338  0.0337  0.0337  0.0337  0.0337
  0.0337  0.0337  0.0337  0.0337  0.0337  0.0337  0.0337  0.0337  0.0337  0.0337  0.0337  0.0337
  0.0338  0.0337  0.0337  0.0338  0.0337  0.0337  0.0337  0.0338  0.0337  0.0337  0.0337  0.0337
  0.0340  0.0338  0.0338  0.0342  0.0338  0.0340  0.0339  0.0342  0.0338  0.0339  0.0338  0.0338
  0.0343  0.0340  0.0340  0.0347  0.0338  0.0345  0.0341  0.0347  0.0340  0.0342  0.0340  0.0339
niter,ni,del,rscale     2    3    5.0000    0.5000
parameters
   -4.7538   37.9417  -14.0280   -1.0460  -17.2745   -5.8652
   -5.0017   -5.7937    6.9000    7.7616    5.7544    1.4498
eta,q 0.96636  7.77058
  0.0341  0.0339  0.0339  0.0344  0.0338  0.0344  0.0339  0.0344  0.0339  0.0339  0.0339  0.0338
  0.0339  0.0338  0.0338  0.0341  0.0337  0.0341  0.0338  0.0340  0.0338  0.0338  0.0337  0.0337
  0.0337  0.0337  0.0337  0.0338  0.0337  0.0338  0.0337  0.0337  0.0337  0.0337  0.0337  0.0337
  0.0337  0.0337  0.0337  0.0337  0.0337  0.0337  0.0337  0.0336  0.0336  0.0336  0.0336  0.0336
  0.0337  0.0337  0.0337  0.0338  0.0337  0.0337  0.0337  0.0338  0.0337  0.0337  0.0337  0.0337
  0.0339  0.0338  0.0337  0.0340  0.0337  0.0339  0.0338  0.0340  0.0338  0.0338  0.0338  0.0337
  0.0341  0.0339  0.0339  0.0344  0.0338  0.0342  0.0339  0.0344  0.0339  0.0340  0.0339  0.0338
niter,ni,del,rscale     1    3    5.0000    0.4000
parameters
   -4.7586   37.9081  -13.9179   -1.0373  -17.2107   -5.5434
   -4.9663   -5.8206    6.9463    7.5027    5.6653    1.3706
eta,q 0.96638  7.77911
  0.0339  0.0338  0.0338  0.0342  0.0337  0.0342  0.0338  0.0341  0.0338  0.0338  0.0338  0.0337
  0.0338  0.0337  0.0337  0.0339  0.0337  0.0340  0.0337  0.0338  0.0337  0.0337  0.0337  0.0337
  0.0337  0.0337  0.0337  0.0337  0.0337  0.0338  0.0336  0.0337  0.0336  0.0336  0.0336  0.0336
  0.0336  0.0336  0.0336  0.0336  0.0336  0.0336  0.0336  0.0336  0.0336  0.0336  0.0336  0.0336
  0.0337  0.0337  0.0337  0.0337  0.0337  0.0336  0.0336  0.0337  0.0336  0.0337  0.0336  0.0336
  0.0338  0.0337  0.0337  0.0339  0.0337  0.0337  0.0337  0.0339  0.0337  0.0337  0.0337  0.0337
  0.0340  0.0338  0.0337  0.0342  0.0337  0.0340  0.0338  0.0341  0.0338  0.0339  0.0338  0.0337
registration optimization eta report
parameter search radius
    0.8000    0.8000    0.8000    2.4000    2.4000    2.4000
    2.4000    2.4000    2.4000    2.4000    2.4000    2.4000
100000*second partial in parameter space
       47.       20.       21.        9.        1.        8.
        3.        9.        3.        4.        3.        2.
  0.0339  0.0338  0.0338  0.0342  0.0337  0.0342  0.0338  0.0341  0.0338  0.0338  0.0338  0.0337
  0.0338  0.0337  0.0337  0.0339  0.0337  0.0340  0.0337  0.0338  0.0337  0.0337  0.0337  0.0337
  0.0337  0.0337  0.0337  0.0337  0.0337  0.0338  0.0336  0.0337  0.0336  0.0336  0.0336  0.0336
  0.0336  0.0336  0.0336  0.0336  0.0336  0.0336  0.0336  0.0336  0.0336  0.0336  0.0336  0.0336
  0.0337  0.0337  0.0337  0.0337  0.0337  0.0336  0.0336  0.0337  0.0336  0.0337  0.0336  0.0336
  0.0338  0.0337  0.0337  0.0339  0.0337  0.0337  0.0337  0.0339  0.0337  0.0337  0.0337  0.0337
  0.0340  0.0338  0.0337  0.0342  0.0337  0.0340  0.0338  0.0341  0.0338  0.0339  0.0338  0.0337
   -4.7586   37.9081  -13.9179   -1.0373  -17.2107   -5.5434
   -4.9663   -5.8206    6.9463    7.5027    5.6653    1.3706
eta,q 0.96638  7.77911

---------------------------------------------------------------------
compute_vox2vox talsrcimg talsrcimg_to_711-2C_as_mni_average_305_t4 /opt/freesurfer/average/711-2C_as_mni_average_305
---------------------------------------------------------------------

freesurfer compute_vox2vox.c
Reading: talsrcimg.4dfp.ifh
Reading: talsrcimg_to_711-2C_as_mni_average_305_t4
Reading: /opt/freesurfer/average/711-2C_as_mni_average_305.4dfp.ifh
Writing: talsrcimg_to_711-2C_as_mni_average_305_t4_vox2vox.txt

start time Mon Mar 9 21:56:05 CET 2026
end		time Mon Mar 9 21:57:30 CET 2026

mpr2mni305 success

avi2talxfm orig_nu.mgz /opt/freesurfer/average/mni305.cor.mgz talsrcimg_to_711-2C_as_mni_average_305_t4_vox2vox.txt transforms/talairach.auto.xfm
avi2talxfm done
mv -f /out/sourcedata/freesurfer/sub-v1s2x0051478_ses-1/mri/talsrcimg_to_711-2C_as_mni_average_305_t4_vox2vox.txt /out/sourcedata/freesurfer/sub-v1s2x0051478_ses-1/mri/transforms/talsrcimg_to_711-2C_as_mni_average_305_t4_vox2vox.txt
lta_convert --src orig_nu.mgz --trg /opt/freesurfer/average/mni305.cor.mgz --inxfm transforms/talairach.auto.xfm --outlta transforms/talairach.auto.xfm.lta --subject fsaverage
7.3.2

--src: orig_nu.mgz src image (geometry).
--trg: /opt/freesurfer/average/mni305.cor.mgz trg image (geometry).
--inmni: transforms/talairach.auto.xfm input MNI/XFM transform.
--outlta: transforms/talairach.auto.xfm.lta output LTA.
--s: fsaverage subject name
 LTA read, type : 1
 1.00305   0.05711   0.05923  -1.78273;
-0.05902   1.05672  -0.02104  -59.72219;
-0.07881  -0.10056   1.20482  -25.14713;
 0.00000   0.00000   0.00000   1.00000;
setting subject to fsaverage
Writing  LTA to file transforms/talairach.auto.xfm.lta...
lta_convert successful.
 
 
Started at Mon Mar 9 21:56:05 CET 2026
Ended   at Mon Mar  9 21:57:31 CET 2026
talairach_avi done
