status file for recon-all
Mon Mar  9 23:45:12 CET 2026
#@# Tessellate rh Mon Mar  9 23:45:13 CET 2026
#@# Smooth1 rh Mon Mar  9 23:45:16 CET 2026
#@# Inflation1 rh Mon Mar  9 23:45:19 CET 2026
#@# QSphere rh Mon Mar  9 23:45:33 CET 2026
#@# Fix Topology rh Mon Mar  9 23:46:55 CET 2026
#@# Smooth2 rh Mon Mar  9 23:53:59 CET 2026
#@# Inflation2 rh Mon Mar  9 23:54:02 CET 2026
#@# Curv .H and .K rh Mon Mar  9 23:54:18 CET 2026
#@# Sphere rh Mon Mar  9 23:55:13 CET 2026
#@# Surf Reg rh Mon Mar  9 23:59:03 CET 2026
#@# Jacobian white rh Tue Mar 10 00:03:39 CET 2026
#@# AvgCurv rh Tue Mar 10 00:03:39 CET 2026
#@# Cortical Parc rh Tue Mar 10 00:03:40 CET 2026
#@# white curv rh Tue Mar 10 00:10:21 CET 2026
#@# white area rh Tue Mar 10 00:10:23 CET 2026
#@# pial curv rh Tue Mar 10 00:10:24 CET 2026
#@# pial area rh Tue Mar 10 00:10:26 CET 2026
#@# thickness rh Tue Mar 10 00:10:27 CET 2026
#@# area and vertex vol rh Tue Mar 10 00:11:00 CET 2026
#@# Curvature Stats rh Tue Mar 10 00:11:02 CET 2026
#@# Cortical Parc 2 rh Tue Mar 10 00:11:04 CET 2026
#@# Cortical Parc 3 rh Tue Mar 10 00:11:19 CET 2026
#@# WM/GM Contrast rh Tue Mar 10 00:11:30 CET 2026
recon-all -s sub-v1s2x0051459_ses-1 finished without error at Tue Mar 10 00:11:33 CET 2026



#New# invocation of recon-all 



status file for recon-all
Tue Mar 10 00:21:07 CET 2026
#@# white curv rh Tue Mar 10 00:21:07 CET 2026
#@# white area rh Tue Mar 10 00:21:07 CET 2026
#@# pial curv rh Tue Mar 10 00:21:07 CET 2026
#@# pial area rh Tue Mar 10 00:21:07 CET 2026
#@# thickness rh Tue Mar 10 00:21:07 CET 2026
#@# area and vertex vol rh Tue Mar 10 00:21:07 CET 2026
#@# Parcellation Stats rh Tue Mar 10 00:21:07 CET 2026
#@# Parcellation Stats 2 rh Tue Mar 10 00:21:30 CET 2026
#@# Parcellation Stats 3 rh Tue Mar 10 00:21:43 CET 2026
#@# BA_exvivo Labels rh Tue Mar 10 00:21:55 CET 2026
recon-all -s sub-v1s2x0051459_ses-1 finished without error at Tue Mar 10 00:24:50 CET 2026
