status file for recon-all
Wed Mar 11 23:18:49 CET 2026
#@# Tessellate lh Wed Mar 11 23:18:49 CET 2026
#@# Smooth1 lh Wed Mar 11 23:18:52 CET 2026
#@# Inflation1 lh Wed Mar 11 23:18:56 CET 2026
#@# QSphere lh Wed Mar 11 23:19:10 CET 2026
#@# Fix Topology lh Wed Mar 11 23:20:29 CET 2026
#@# Smooth2 lh Wed Mar 11 23:28:13 CET 2026
#@# Inflation2 lh Wed Mar 11 23:28:16 CET 2026
#@# Curv .H and .K lh Wed Mar 11 23:28:35 CET 2026
#@# Sphere lh Wed Mar 11 23:29:26 CET 2026
#@# Surf Reg lh Wed Mar 11 23:33:29 CET 2026
#@# Jacobian white lh Wed Mar 11 23:38:25 CET 2026
#@# AvgCurv lh Wed Mar 11 23:38:26 CET 2026
#@# Cortical Parc lh Wed Mar 11 23:38:27 CET 2026
#@# white curv lh Wed Mar 11 23:45:42 CET 2026
#@# white area lh Wed Mar 11 23:45:44 CET 2026
#@# pial curv lh Wed Mar 11 23:45:45 CET 2026
#@# pial area lh Wed Mar 11 23:45:47 CET 2026
#@# thickness lh Wed Mar 11 23:45:47 CET 2026
#@# area and vertex vol lh Wed Mar 11 23:46:23 CET 2026
#@# Curvature Stats lh Wed Mar 11 23:46:24 CET 2026
#@# Cortical Parc 2 lh Wed Mar 11 23:46:27 CET 2026
#@# Cortical Parc 3 lh Wed Mar 11 23:46:43 CET 2026
#@# WM/GM Contrast lh Wed Mar 11 23:46:54 CET 2026
recon-all -s sub-v1s2x0051490_ses-1 finished without error at Wed Mar 11 23:46:58 CET 2026



#New# invocation of recon-all 



status file for recon-all
Thu Mar 12 00:21:57 CET 2026
#@# white curv lh Thu Mar 12 00:21:57 CET 2026
#@# white area lh Thu Mar 12 00:21:57 CET 2026
#@# pial curv lh Thu Mar 12 00:21:57 CET 2026
#@# pial area lh Thu Mar 12 00:21:57 CET 2026
#@# thickness lh Thu Mar 12 00:21:57 CET 2026
#@# area and vertex vol lh Thu Mar 12 00:21:57 CET 2026
#@# Parcellation Stats lh Thu Mar 12 00:21:57 CET 2026
#@# Parcellation Stats 2 lh Thu Mar 12 00:22:18 CET 2026
#@# Parcellation Stats 3 lh Thu Mar 12 00:22:30 CET 2026
#@# BA_exvivo Labels lh Thu Mar 12 00:22:41 CET 2026
recon-all -s sub-v1s2x0051490_ses-1 finished without error at Thu Mar 12 00:25:48 CET 2026
