status file for recon-all
Wed Mar 11 21:27:43 CET 2026
#@# MotionCor Wed Mar 11 21:27:45 CET 2026
#@# Talairach Wed Mar 11 21:27:53 CET 2026
#@# Talairach Failure Detection Wed Mar 11 21:32:17 CET 2026
#@# Nu Intensity Correction Wed Mar 11 21:32:17 CET 2026
#@# Intensity Normalization Wed Mar 11 21:35:32 CET 2026
recon-all -s sub-v1s2x0051490_ses-1 finished without error at Wed Mar 11 21:37:04 CET 2026



#New# invocation of recon-all 



status file for recon-all
Wed Mar 11 21:44:18 CET 2026
#@# EM Registration Wed Mar 11 21:44:18 CET 2026
recon-all -s sub-v1s2x0051490_ses-1 finished without error at Wed Mar 11 21:46:01 CET 2026



#New# invocation of recon-all 



status file for recon-all
Wed Mar 11 21:46:04 CET 2026
#@# CA Normalize Wed Mar 11 21:46:04 CET 2026
#@# CA Reg Wed Mar 11 21:47:24 CET 2026
#@# SubCort Seg Wed Mar 11 22:34:22 CET 2026
#@# CC Seg Wed Mar 11 23:12:26 CET 2026
#@# Merge ASeg Wed Mar 11 23:13:03 CET 2026
#@# Intensity Normalization2 Wed Mar 11 23:13:03 CET 2026
#@# Mask BFS Wed Mar 11 23:15:24 CET 2026
#@# WM Segmentation Wed Mar 11 23:15:25 CET 2026
#@# Fill Wed Mar 11 23:17:37 CET 2026
recon-all -s sub-v1s2x0051490_ses-1 finished without error at Wed Mar 11 23:18:44 CET 2026



#New# invocation of recon-all 



status file for recon-all
Thu Mar 12 00:15:15 CET 2026
#@# white curv lh Thu Mar 12 00:15:15 CET 2026
#@# white area lh Thu Mar 12 00:15:15 CET 2026
#@# pial curv lh Thu Mar 12 00:15:15 CET 2026
#@# pial area lh Thu Mar 12 00:15:15 CET 2026
#@# thickness lh Thu Mar 12 00:15:15 CET 2026
#@# area and vertex vol lh Thu Mar 12 00:15:15 CET 2026
#@# white curv rh Thu Mar 12 00:15:15 CET 2026
#@# white area rh Thu Mar 12 00:15:15 CET 2026
#@# pial curv rh Thu Mar 12 00:15:15 CET 2026
#@# pial area rh Thu Mar 12 00:15:15 CET 2026
#@# thickness rh Thu Mar 12 00:15:15 CET 2026
#@# area and vertex vol rh Thu Mar 12 00:15:15 CET 2026
#@# Cortical ribbon mask Thu Mar 12 00:15:15 CET 2026
recon-all -s sub-v1s2x0051490_ses-1 finished without error at Thu Mar 12 00:21:50 CET 2026



#New# invocation of recon-all 



status file for recon-all
Thu Mar 12 00:29:49 CET 2026
#@# white curv lh Thu Mar 12 00:29:49 CET 2026
#@# white area lh Thu Mar 12 00:29:49 CET 2026
#@# pial curv lh Thu Mar 12 00:29:49 CET 2026
#@# pial area lh Thu Mar 12 00:29:49 CET 2026
#@# thickness lh Thu Mar 12 00:29:49 CET 2026
#@# area and vertex vol lh Thu Mar 12 00:29:49 CET 2026
#@# white curv rh Thu Mar 12 00:29:49 CET 2026
#@# white area rh Thu Mar 12 00:29:49 CET 2026
#@# pial curv rh Thu Mar 12 00:29:49 CET 2026
#@# pial area rh Thu Mar 12 00:29:49 CET 2026
#@# thickness rh Thu Mar 12 00:29:49 CET 2026
#@# area and vertex vol rh Thu Mar 12 00:29:49 CET 2026
#@# Curvature Stats lh Thu Mar 12 00:29:49 CET 2026
#@# Curvature Stats rh Thu Mar 12 00:29:52 CET 2026
#@# Relabel Hypointensities Thu Mar 12 00:29:55 CET 2026
#@# APas-to-ASeg Thu Mar 12 00:30:10 CET 2026
#@# AParc-to-ASeg aparc Thu Mar 12 00:30:19 CET 2026
#@# AParc-to-ASeg aparc.a2009s Thu Mar 12 00:31:06 CET 2026
#@# AParc-to-ASeg aparc.DKTatlas Thu Mar 12 00:31:54 CET 2026
#@# WMParc Thu Mar 12 00:32:36 CET 2026
#@# ASeg Stats Thu Mar 12 00:37:18 CET 2026
recon-all -s sub-v1s2x0051490_ses-1 finished without error at Thu Mar 12 00:38:01 CET 2026
