status file for recon-all
Wed Mar 11 23:47:01 CET 2026
#@# Tessellate rh Wed Mar 11 23:47:01 CET 2026
#@# Smooth1 rh Wed Mar 11 23:47:05 CET 2026
#@# Inflation1 rh Wed Mar 11 23:47:08 CET 2026
#@# QSphere rh Wed Mar 11 23:47:24 CET 2026
#@# Fix Topology rh Wed Mar 11 23:48:52 CET 2026
#@# Smooth2 rh Wed Mar 11 23:55:47 CET 2026
#@# Inflation2 rh Wed Mar 11 23:55:50 CET 2026
#@# Curv .H and .K rh Wed Mar 11 23:56:05 CET 2026
#@# Sphere rh Wed Mar 11 23:56:55 CET 2026
#@# Surf Reg rh Thu Mar 12 00:01:29 CET 2026
#@# Jacobian white rh Thu Mar 12 00:07:15 CET 2026
#@# AvgCurv rh Thu Mar 12 00:07:16 CET 2026
#@# Cortical Parc rh Thu Mar 12 00:07:17 CET 2026
#@# white curv rh Thu Mar 12 00:13:56 CET 2026
#@# white area rh Thu Mar 12 00:13:59 CET 2026
#@# pial curv rh Thu Mar 12 00:13:59 CET 2026
#@# pial area rh Thu Mar 12 00:14:02 CET 2026
#@# thickness rh Thu Mar 12 00:14:03 CET 2026
#@# area and vertex vol rh Thu Mar 12 00:14:35 CET 2026
#@# Curvature Stats rh Thu Mar 12 00:14:37 CET 2026
#@# Cortical Parc 2 rh Thu Mar 12 00:14:40 CET 2026
#@# Cortical Parc 3 rh Thu Mar 12 00:14:56 CET 2026
#@# WM/GM Contrast rh Thu Mar 12 00:15:07 CET 2026
recon-all -s sub-v1s2x0051490_ses-1 finished without error at Thu Mar 12 00:15:11 CET 2026



#New# invocation of recon-all 



status file for recon-all
Thu Mar 12 00:25:51 CET 2026
#@# white curv rh Thu Mar 12 00:25:51 CET 2026
#@# white area rh Thu Mar 12 00:25:51 CET 2026
#@# pial curv rh Thu Mar 12 00:25:51 CET 2026
#@# pial area rh Thu Mar 12 00:25:51 CET 2026
#@# thickness rh Thu Mar 12 00:25:51 CET 2026
#@# area and vertex vol rh Thu Mar 12 00:25:51 CET 2026
#@# Parcellation Stats rh Thu Mar 12 00:25:51 CET 2026
#@# Parcellation Stats 2 rh Thu Mar 12 00:26:14 CET 2026
#@# Parcellation Stats 3 rh Thu Mar 12 00:26:25 CET 2026
#@# BA_exvivo Labels rh Thu Mar 12 00:26:37 CET 2026
recon-all -s sub-v1s2x0051490_ses-1 finished without error at Thu Mar 12 00:29:44 CET 2026
