/out/sourcedata/freesurfer/sub-v1s2x0051476_ses-1/mri
/opt/freesurfer/bin/talairach_avi
--i orig_nu.mgz --xfm transforms/talairach.auto.xfm
talairach_avi 7.3.2
Linux dna063 5.14.0-427.37.1.el9_4.x86_64 #1 SMP PREEMPT_DYNAMIC Fri Sep 13 12:41:50 EDT 2024 x86_64 x86_64 x86_64 GNU/Linux
Mon Mar  9 21:48:57 CET 2026
mri_convert orig_nu.mgz talsrcimg.img 
reading from orig_nu.mgz...
TR=0.00, TE=0.00, TI=0.00, flip angle=0.00
i_ras = (-1, 0, 0)
j_ras = (0, 0, -1)
k_ras = (0, 1, 0)
writing to talsrcimg.img...
Analyze Output Matrix
-1.00000   0.00000   0.00000   125.43221;
 0.00000   0.00000   1.00000  -71.05084;
 0.00000  -1.00000   0.00000   115.08475;
 0.00000   0.00000   0.00000   1.00000;
--------------------
INFO: set hdr.hist.orient to -1
mpr2mni305 talsrcimg
Mon Mar  9 21:48:57 CET 2026
/opt/freesurfer/bin/mpr2mni305 talsrcimg
mpr2mni305 7.3.2
target=711-2C_as_mni_average_305

---------------------------------------------------------------------
analyzeto4dfp talsrcimg -O0 -y
---------------------------------------------------------------------

freesurfer ifh2hdr.c
Mon Mar  9 21:48:58 2026
Writing: talsrcimg.4dfp.hdr
freesurfer analyzeto4dfp.c
Reading: talsrcimg.hdr
header size 348 bytes
hdr.dime.datatype	offset=70	value=2
hdr.dime.bitpix		offset=72	value=8
hdr.hist.orient		offset=252	value=-1
dimensionality     4
dimensions       256       256       256         1
Reading: talsrcimg.img
Writing: talsrcimg.4dfp.img
Writing: talsrcimg.4dfp.ifh
ifh2hdr talsrcimg -r0to255
ori=2

---------------------------------------------------------------------
gauss_4dfp talsrcimg 1.1
---------------------------------------------------------------------

freesurfer gauss_4dfp.c
Reading: talsrcimg.4dfp.img
Writing: talsrcimg_g11.4dfp.img
image dimensions 256 256 256 padded to 288 288 288
processing volume 1freesurfer ifh2hdr.c
Mon Mar  9 21:48:59 2026
Writing: talsrcimg_g11.4dfp.hdr

Writing: talsrcimg_g11.4dfp.ifh
including: talsrcimg.4dfp.img.rec in talsrcimg_g11.4dfp.img.rec

---------------------------------------------------------------------
imgreg_4dfp /opt/freesurfer/average/711-2C_as_mni_average_305 none talsrcimg_g11 none talsrcimg_to_711-2C_as_mni_average_305_t4 4355
---------------------------------------------------------------------

freesurfer imgreg_4dfp.c
/opt/freesurfer/average/711-2C_as_mni_average_305.4dfp.img
       256       256       256         1
  1.000000  1.000000  1.000000
orientation T byte_order littleendian
Reading image: /opt/freesurfer/average/711-2C_as_mni_average_305.4dfp.img
dimensions:      256       256       256
mmppix:       1.0000   -1.0000   -1.0000
center:     128.0000 -129.0000 -129.0000
talsrcimg_g11.4dfp.img
       256       256       256         1
  1.000000  1.000000  1.000000
orientation T byte_order littleendian
Reading image: talsrcimg_g11.4dfp.img
dimensions:      256       256       256
mmppix:       1.0000   -1.0000   -1.0000
center:     128.0000 -129.0000 -129.0000
t4_read: open error in t4_sub.f l:  41 t4_file(1:l)talsrcimg_to_711-2C_as_mni_average_305_t4 
t4_read: transform initialized to I4
rotation matrix determinant  1.000000
image alignment mode   4355 decimal     1103 hex
   -7.5000  -45.0000  -45.0000 6649.2778   12.3393
    0.0000  -45.0000  -45.0000 6933.1802   12.3458
    7.5000  -45.0000  -45.0000 6658.3525   12.3556
   -7.5000  -37.5000  -45.0000 7212.6860   11.9855
    0.0000  -37.5000  -45.0000 7523.6294   11.9872
    7.5000  -37.5000  -45.0000 7225.9971   12.0002
   -7.5000  -30.0000  -45.0000 8143.2476   11.7801
    0.0000  -30.0000  -45.0000 8509.0049   11.7770
    7.5000  -30.0000  -45.0000 8154.2339   11.7879
   -7.5000  -22.5000  -45.0000 9129.9932   11.6708
    0.0000  -22.5000  -45.0000 9544.6084   11.6714
    7.5000  -22.5000  -45.0000 9120.8115   11.6792
   -7.5000  -15.0000  -45.000010130.3994   11.6085
    0.0000  -15.0000  -45.000010576.6025   11.6161
    7.5000  -15.0000  -45.000010096.0029   11.6234
   -7.5000   -7.5000  -45.000011077.0176   11.5729
    0.0000   -7.5000  -45.000011563.1084   11.5844
    7.5000   -7.5000  -45.000011031.9346   11.5932
   -7.5000    0.0000  -45.000011911.3076   11.5581
    0.0000    0.0000  -45.000012445.5381   11.5670
    7.5000    0.0000  -45.000011860.3359   11.5776
   -7.5000    7.5000  -45.000011888.4121   11.5579
    0.0000    7.5000  -45.000012399.1133   11.5598
    7.5000    7.5000  -45.000011833.9551   11.5704
   -7.5000   15.0000  -45.000011774.6230   11.5650
    0.0000   15.0000  -45.000012269.6865   11.5627
    7.5000   15.0000  -45.000011720.3604   11.5718
   -7.5000   22.5000  -45.000011480.6738   11.5702
    0.0000   22.5000  -45.000011977.7559   11.5714
    7.5000   22.5000  -45.000011432.5811   11.5786
   -7.5000   30.0000  -45.000011041.7588   11.4193
    0.0000   30.0000  -45.000011503.8506   11.4271
    7.5000   30.0000  -45.000010966.0283   11.4341
   -7.5000   37.5000  -45.000010998.8535   11.4114
    0.0000   37.5000  -45.000011445.2715   11.4227
    7.5000   37.5000  -45.000010878.0156   11.4314
   -7.5000   45.0000  -45.000010419.7861   11.1145
    0.0000   45.0000  -45.000010860.7412   11.1231
    7.5000   45.0000  -45.000010304.8799   11.1332
   -7.5000  -45.0000  -37.5000 6958.0723   12.2570
    0.0000  -45.0000  -37.5000 7262.9956   12.2696
    7.5000  -45.0000  -37.5000 6959.5610   12.2879
   -7.5000  -37.5000  -37.5000 7562.3662   11.9101
    0.0000  -37.5000  -37.5000 7901.2998   11.9179
    7.5000  -37.5000  -37.5000 7561.0479   11.9383
   -7.5000  -30.0000  -37.5000 8557.7002   11.7103
    0.0000  -30.0000  -37.5000 8942.8740   11.7116
    7.5000  -30.0000  -37.5000 8543.1826   11.7265
   -7.5000  -22.5000  -37.5000 9607.8789   11.6030
    0.0000  -22.5000  -37.500010030.7158   11.6065
    7.5000  -22.5000  -37.5000 9562.7441   11.6163
   -7.5000  -15.0000  -37.500010659.0225   11.5398
    0.0000  -15.0000  -37.500011138.3164   11.5502
    7.5000  -15.0000  -37.500010609.9385   11.5601
   -7.5000   -7.5000  -37.500011665.2471   11.5015
    0.0000   -7.5000  -37.500012184.2197   11.5171
    7.5000   -7.5000  -37.500011599.2471   11.5314
   -7.5000    0.0000  -37.500012547.2520   11.4851
    0.0000    0.0000  -37.500013091.1084   11.4997
    7.5000    0.0000  -37.500012473.6826   11.5181
   -7.5000    7.5000  -37.500012527.3232   11.4871
    0.0000    7.5000  -37.500013069.0850   11.4948
    7.5000    7.5000  -37.500012438.9170   11.5123
   -7.5000   15.0000  -37.500012389.8379   11.4977
    0.0000   15.0000  -37.500012902.0947   11.4998
    7.5000   15.0000  -37.500012310.6338   11.5128
   -7.5000   22.5000  -37.500012067.0762   11.5039
    0.0000   22.5000  -37.500012583.7344   11.5080
    7.5000   22.5000  -37.500011979.1816   11.5172
   -7.5000   30.0000  -37.500011592.9590   11.3521
    0.0000   30.0000  -37.500012077.0508   11.3626
    7.5000   30.0000  -37.500011490.8848   11.3721
   -7.5000   37.5000  -37.500011542.2461   11.3410
    0.0000   37.5000  -37.500012005.1191   11.3564
    7.5000   37.5000  -37.500011404.4238   11.3705
   -7.5000   45.0000  -37.500010967.6914   11.0443
    0.0000   45.0000  -37.500011416.8887   11.0584
    7.5000   45.0000  -37.500010821.2891   11.0760
   -7.5000  -45.0000  -30.0000 7390.9976   12.7537
    0.0000  -45.0000  -30.0000 7723.2241   12.7710
    7.5000  -45.0000  -30.0000 7394.4199   12.7993
   -7.5000  -37.5000  -30.0000 8050.5464   12.3954
    0.0000  -37.5000  -30.0000 8421.2588   12.4088
    7.5000  -37.5000  -30.0000 8037.8286   12.4387
   -7.5000  -30.0000  -30.0000 9119.3145   12.1905
    0.0000  -30.0000  -30.0000 9530.9834   12.1954
    7.5000  -30.0000  -30.0000 9093.7861   12.2187
   -7.5000  -22.5000  -30.000010269.4062   12.0791
    0.0000  -22.5000  -30.000010727.1348   12.0840
    7.5000  -22.5000  -30.000010205.4824   12.1012
   -7.5000  -15.0000  -30.000011388.6465   12.0109
    0.0000  -15.0000  -30.000011891.6914   12.0222
    7.5000  -15.0000  -30.000011317.8057   12.0391
   -7.5000   -7.5000  -30.000012452.4180   11.9671
    0.0000   -7.5000  -30.000012994.6953   11.9858
    7.5000   -7.5000  -30.000012366.6250   12.0082
   -7.5000    0.0000  -30.000013421.5918   11.9492
    0.0000    0.0000  -30.000013979.5654   11.9691
    7.5000    0.0000  -30.000013301.7734   11.9965
   -7.5000    7.5000  -30.000013382.2607   11.9550
    0.0000    7.5000  -30.000013945.5645   11.9679
    7.5000    7.5000  -30.000013254.6260   11.9942
   -7.5000   15.0000  -30.000013240.1006   11.9695
    0.0000   15.0000  -30.000013789.2090   11.9751
    7.5000   15.0000  -30.000013107.8721   11.9963
   -7.5000   22.5000  -30.000012906.0342   11.9751
    0.0000   22.5000  -30.000013461.2334   11.9806
    7.5000   22.5000  -30.000012775.0127   11.9970
   -7.5000   30.0000  -30.000012394.4180   11.8169
    0.0000   30.0000  -30.000012938.9834   11.8283
    7.5000   30.0000  -30.000012253.0977   11.8446
   -7.5000   37.5000  -30.000012299.4697   11.8013
    0.0000   37.5000  -30.000012812.2109   11.8198
    7.5000   37.5000  -30.000012130.9238   11.8419
   -7.5000   45.0000  -30.000011684.9424   11.4991
    0.0000   45.0000  -30.000012158.4854   11.5182
    7.5000   45.0000  -30.000011502.8281   11.5445
   -7.5000  -45.0000  -22.5000 7826.9600   13.1952
    0.0000  -45.0000  -22.5000 8185.8237   13.2109
    7.5000  -45.0000  -22.5000 7813.2002   13.2404
   -7.5000  -37.5000  -22.5000 8550.0830   12.8228
    0.0000  -37.5000  -22.5000 8940.3467   12.8359
    7.5000  -37.5000  -22.5000 8522.9834   12.8677
   -7.5000  -30.0000  -22.5000 9703.3936   12.6099
    0.0000  -30.0000  -22.500010120.3076   12.6140
    7.5000  -30.0000  -22.5000 9651.0703   12.6420
   -7.5000  -22.5000  -22.500010926.0166   12.4945
    0.0000  -22.5000  -22.500011383.7900   12.4974
    7.5000  -22.5000  -22.500010846.9756   12.5205
   -7.5000  -15.0000  -22.500012104.5410   12.4239
    0.0000  -15.0000  -22.500012613.6152   12.4324
    7.5000  -15.0000  -22.500012006.4238   12.4536
   -7.5000   -7.5000  -22.500013246.2471   12.3783
    0.0000   -7.5000  -22.500013810.3184   12.3949
    7.5000   -7.5000  -22.500013138.6465   12.4195
   -7.5000    0.0000  -22.500014304.7881   12.3606
    0.0000    0.0000  -22.500014877.6035   12.3795
    7.5000    0.0000  -22.500014151.4717   12.4077
   -7.5000    7.5000  -22.500014244.4043   12.3670
    0.0000    7.5000  -22.500014850.6982   12.3795
    7.5000    7.5000  -22.500014084.8477   12.4077
   -7.5000   15.0000  -22.500014083.4629   12.3813
    0.0000   15.0000  -22.500014668.7920   12.3862
    7.5000   15.0000  -22.500013901.6377   12.4120
   -7.5000   22.5000  -22.500013752.2520   12.3860
    0.0000   22.5000  -22.500014333.7969   12.3895
    7.5000   22.5000  -22.500013563.1113   12.4117
   -7.5000   30.0000  -22.500013209.3945   12.2251
    0.0000   30.0000  -22.500013779.6816   12.2338
    7.5000   30.0000  -22.500013020.5908   12.2544
   -7.5000   37.5000  -22.500013043.9912   12.2087
    0.0000   37.5000  -22.500013586.0879   12.2252
    7.5000   37.5000  -22.500012846.0156   12.2493
   -7.5000   45.0000  -22.500012359.2598   11.9038
    0.0000   45.0000  -22.500012844.9658   11.9220
    7.5000   45.0000  -22.500012160.6787   11.9492
   -7.5000  -45.0000  -15.0000 8238.3389   13.5265
    0.0000  -45.0000  -15.0000 8620.0957   13.5368
    7.5000  -45.0000  -15.0000 8230.7061   13.5592
   -7.5000  -37.5000  -15.0000 9018.9844   13.1402
    0.0000  -37.5000  -15.0000 9429.8955   13.1476
    7.5000  -37.5000  -15.0000 8986.3467   13.1731
   -7.5000  -30.0000  -15.000010254.6973   12.9176
    0.0000  -30.0000  -15.000010702.5859   12.9171
    7.5000  -30.0000  -15.000010190.3740   12.9421
   -7.5000  -22.5000  -15.000011558.2607   12.7990
    0.0000  -22.5000  -15.000012053.9336   12.7984
    7.5000  -22.5000  -15.000011464.6602   12.8204
   -7.5000  -15.0000  -15.000012815.1055   12.7292
    0.0000  -15.0000  -15.000013345.1357   12.7347
    7.5000  -15.0000  -15.000012686.4102   12.7539
   -7.5000   -7.5000  -15.000014034.7520   12.6866
    0.0000   -7.5000  -15.000014615.0195   12.6994
    7.5000   -7.5000  -15.000013891.6787   12.7192
   -7.5000    0.0000  -15.000015178.1826   12.6700
    0.0000    0.0000  -15.000015786.2549   12.6839
    7.5000    0.0000  -15.000015015.9678   12.7055
   -7.5000    7.5000  -15.000015099.1094   12.6732
    0.0000    7.5000  -15.000015731.0029   12.6804
    7.5000    7.5000  -15.000014948.5264   12.7027
   -7.5000   15.0000  -15.000014916.6777   12.6833
    0.0000   15.0000  -15.000015509.6240   12.6837
    7.5000   15.0000  -15.000014720.6670   12.7064
   -7.5000   22.5000  -15.000014566.9199   12.6869
    0.0000   22.5000  -15.000015134.6084   12.6870
    7.5000   22.5000  -15.000014350.9912   12.7080
   -7.5000   30.0000  -15.000013989.9766   12.5272
    0.0000   30.0000  -15.000014541.5752   12.5329
    7.5000   30.0000  -15.000013790.4854   12.5516
   -7.5000   37.5000  -15.000013757.6611   12.5145
    0.0000   37.5000  -15.000014302.1182   12.5272
    7.5000   37.5000  -15.000013567.6523   12.5467
   -7.5000   45.0000  -15.000013002.0020   12.2092
    0.0000   45.0000  -15.000013498.0283   12.2226
    7.5000   45.0000  -15.000012797.7207   12.2434
   -7.5000  -45.0000   -7.5000 8672.5869   13.6944
    0.0000  -45.0000   -7.5000 9050.7705   13.7006
    7.5000  -45.0000   -7.5000 8647.8213   13.7134
   -7.5000  -37.5000   -7.5000 9508.8721   13.3015
    0.0000  -37.5000   -7.5000 9919.0801   13.3030
    7.5000  -37.5000   -7.5000 9464.1797   13.3194
   -7.5000  -30.0000   -7.500010826.9873   13.0737
    0.0000  -30.0000   -7.500011304.1553   13.0693
    7.5000  -30.0000   -7.500010763.4824   13.0857
   -7.5000  -22.5000   -7.500012196.4033   12.9535
    0.0000  -22.5000   -7.500012723.6436   12.9520
    7.5000  -22.5000   -7.500012117.0439   12.9662
   -7.5000  -15.0000   -7.500013534.8965   12.8852
    0.0000  -15.0000   -7.500014094.5459   12.8911
    7.5000  -15.0000   -7.500013415.2354   12.9034
   -7.5000   -7.5000   -7.500014831.8359   12.8456
    0.0000   -7.5000   -7.500015442.4229   12.8568
    7.5000   -7.5000   -7.500014671.2881   12.8690
   -7.5000    0.0000   -7.500016037.9785   12.8294
    0.0000    0.0000   -7.500016698.5566   12.8388
    7.5000    0.0000   -7.500015871.5479   12.8518
   -7.5000    7.5000   -7.500016012.9951   12.8292
    0.0000    7.5000   -7.500016698.9355   12.8309
    7.5000    7.5000   -7.500015865.1318   12.8446
   -7.5000   15.0000   -7.500015833.9990   12.8365
    0.0000   15.0000   -7.500016422.1445   12.8329
    7.5000   15.0000   -7.500015617.0605   12.8472
   -7.5000   22.5000   -7.500015428.7334   12.8383
    0.0000   22.5000   -7.500015953.3350   12.8375
    7.5000   22.5000   -7.500015209.8623   12.8509
   -7.5000   30.0000   -7.500014815.0645   12.6801
    0.0000   30.0000   -7.500015316.6533   12.6863
    7.5000   30.0000   -7.500014637.8369   12.6982
   -7.5000   37.5000   -7.500014555.0684   12.6710
    0.0000   37.5000   -7.500015097.5186   12.6821
    7.5000   37.5000   -7.500014357.0322   12.6941
   -7.5000   45.0000   -7.500013731.8594   12.3651
    0.0000   45.0000   -7.500014292.5244   12.3742
    7.5000   45.0000   -7.500013519.5391   12.3867
   -7.5000  -45.0000    0.0000 8994.6035   13.7169
    0.0000  -45.0000    0.0000 9379.9463   13.7243
    7.5000  -45.0000    0.0000 8967.7109   13.7350
   -7.5000  -37.5000    0.0000 9903.7734   13.3254
    0.0000  -37.5000    0.000010332.4307   13.3275
    7.5000  -37.5000    0.0000 9863.1787   13.3417
   -7.5000  -30.0000    0.000011283.5957   13.0987
    0.0000  -30.0000    0.000011805.3672   13.0954
    7.5000  -30.0000    0.000011219.6533   13.1072
   -7.5000  -22.5000    0.000012714.0059   12.9784
    0.0000  -22.5000    0.000013289.2578   12.9792
    7.5000  -22.5000    0.000012633.5352   12.9876
   -7.5000  -15.0000    0.000014133.1875   12.9098
    0.0000  -15.0000    0.000014750.7773   12.9185
    7.5000  -15.0000    0.000014023.2686   12.9264
   -7.5000   -7.5000    0.000015507.6582   12.8702
    0.0000   -7.5000    0.000016131.0127   12.8831
    7.5000   -7.5000    0.000015342.8359   12.8928
   -7.5000    0.0000    0.000016794.4922   12.8532
    0.0000    0.0000    0.000017420.3145   12.8633
    7.5000    0.0000    0.000016607.9648   12.8749
   -7.5000    7.5000    0.000016786.7598   12.8528
    0.0000    7.5000    0.000017521.8379   12.8550
    7.5000    7.5000    0.000016684.0469   12.8666
   -7.5000   15.0000    0.000016687.4531   12.8609
    0.0000   15.0000    0.000017439.6504   12.8585
    7.5000   15.0000    0.000016591.4297   12.8683
   -7.5000   22.5000    0.000016312.7441   12.8631
    0.0000   22.5000    0.000016994.3867   12.8645
    7.5000   22.5000    0.000016164.4668   12.8723
   -7.5000   30.0000    0.000015610.8086   12.7047
    0.0000   30.0000    0.000016247.3037   12.7135
    7.5000   30.0000    0.000015449.6064   12.7210
   -7.5000   37.5000    0.000015234.0928   12.6955
    0.0000   37.5000    0.000015908.1104   12.7084
    7.5000   37.5000    0.000015065.5596   12.7178
   -7.5000   45.0000    0.000014302.2256   12.3890
    0.0000   45.0000    0.000014959.6514   12.3988
    7.5000   45.0000    0.000014133.3818   12.4099
   -7.5000  -45.0000    7.5000 8610.5381   13.7064
    0.0000  -45.0000    7.5000 9002.6113   13.7206
    7.5000  -45.0000    7.5000 8590.3682   13.7410
   -7.5000  -37.5000    7.5000 9542.7100   13.3189
    0.0000  -37.5000    7.5000 9958.4736   13.3277
    7.5000  -37.5000    7.5000 9489.5283   13.3505
   -7.5000  -30.0000    7.500010879.8877   13.0957
    0.0000  -30.0000    7.500011346.6602   13.0973
    7.5000  -30.0000    7.500010795.3730   13.1139
   -7.5000  -22.5000    7.500012294.5566   12.9757
    0.0000  -22.5000    7.500012775.4922   12.9798
    7.5000  -22.5000    7.500012156.6963   12.9906
   -7.5000  -15.0000    7.500013724.9062   12.9050
    0.0000  -15.0000    7.500014256.9609   12.9166
    7.5000  -15.0000    7.500013569.2148   12.9277
   -7.5000   -7.5000    7.500015092.6787   12.8621
    0.0000   -7.5000    7.500015711.4590   12.8795
    7.5000   -7.5000    7.500014947.9170   12.8956
   -7.5000    0.0000    7.500016322.9043   12.8438
    0.0000    0.0000    7.500016973.9453   12.8602
    7.5000    0.0000    7.500016210.5674   12.8807
   -7.5000    7.5000    7.500016213.6914   12.8463
    0.0000    7.5000    7.500016977.9316   12.8549
    7.5000    7.5000    7.500016189.2295   12.8744
   -7.5000   15.0000    7.500016120.9873   12.8582
    0.0000   15.0000    7.500017069.5977   12.8605
    7.5000   15.0000    7.500016108.2549   12.8751
   -7.5000   22.5000    7.500015844.1758   12.8608
    0.0000   22.5000    7.500016856.6152   12.8655
    7.5000   22.5000    7.500015825.9854   12.8757
   -7.5000   30.0000    7.500015112.8623   12.7000
    0.0000   30.0000    7.500016011.9033   12.7118
    7.5000   30.0000    7.500015074.5088   12.7225
   -7.5000   37.5000    7.500014713.4629   12.6876
    0.0000   37.5000    7.500015506.9756   12.7049
    7.5000   37.5000    7.500014644.3184   12.7206
   -7.5000   45.0000    7.500013764.9707   12.3799
    0.0000   45.0000    7.500014445.9014   12.3958
    7.5000   45.0000    7.500013687.6270   12.4155
   -7.5000  -45.0000   15.0000 8135.6929   13.7204
    0.0000  -45.0000   15.0000 8486.0303   13.7391
    7.5000  -45.0000   15.0000 8120.1406   13.7695
   -7.5000  -37.5000   15.0000 9049.0986   13.3352
    0.0000  -37.5000   15.0000 9455.0986   13.3497
    7.5000  -37.5000   15.0000 9009.0254   13.3818
   -7.5000  -30.0000   15.000010338.1367   13.1149
    0.0000  -30.0000   15.000010805.1797   13.1202
    7.5000  -30.0000   15.000010278.3486   13.1452
   -7.5000  -22.5000   15.000011728.5137   12.9949
    0.0000  -22.5000   15.000012244.3701   13.0002
    7.5000  -22.5000   15.000011633.6084   13.0187
   -7.5000  -15.0000   15.000013140.2334   12.9215
    0.0000  -15.0000   15.000013747.6895   12.9337
    7.5000  -15.0000   15.000013038.6104   12.9518
   -7.5000   -7.5000   15.000014453.8232   12.8743
    0.0000   -7.5000   15.000015172.0010   12.8945
    7.5000   -7.5000   15.000014374.4658   12.9185
   -7.5000    0.0000   15.000015561.7871   12.8551
    0.0000    0.0000   15.000016317.5234   12.8765
    7.5000    0.0000   15.000015546.5781   12.9059
   -7.5000    7.5000   15.000015419.7812   12.8613
    0.0000    7.5000   15.000016109.0127   12.8752
    7.5000    7.5000   15.000015428.5645   12.9035
   -7.5000   15.0000   15.000015278.2676   12.8769
    0.0000   15.0000   15.000015956.6348   12.8830
    7.5000   15.0000   15.000015198.2461   12.9057
   -7.5000   22.5000   15.000014975.9277   12.8800
    0.0000   22.5000   15.000015671.2637   12.8860
    7.5000   22.5000   15.000014944.3779   12.9036
   -7.5000   30.0000   15.000014340.6123   12.7164
    0.0000   30.0000   15.000014993.8984   12.7287
    7.5000   30.0000   15.000014337.5068   12.7463
   -7.5000   37.5000   15.000014066.4424   12.6997
    0.0000   37.5000   15.000014702.3740   12.7196
    7.5000   37.5000   15.000014030.9551   12.7433
   -7.5000   45.0000   15.000013197.8955   12.3908
    0.0000   45.0000   15.000013771.6748   12.4114
    7.5000   45.0000   15.000013116.1631   12.4398
   -7.5000  -45.0000   22.5000 7557.0649   13.7676
    0.0000  -45.0000   22.5000 7919.3911   13.7840
    7.5000  -45.0000   22.5000 7543.1455   13.8148
   -7.5000  -37.5000   22.5000 8433.6328   13.3799
    0.0000  -37.5000   22.5000 8870.1602   13.3936
    7.5000  -37.5000   22.5000 8414.0400   13.4269
   -7.5000  -30.0000   22.5000 9674.3076   13.1589
    0.0000  -30.0000   22.500010180.0928   13.1632
    7.5000  -30.0000   22.5000 9644.8311   13.1926
   -7.5000  -22.5000   22.500010977.2285   13.0396
    0.0000  -22.5000   22.500011522.9648   13.0427
    7.5000  -22.5000   22.500010907.1953   13.0669
   -7.5000  -15.0000   22.500012262.9590   12.9654
    0.0000  -15.0000   22.500012857.3838   12.9744
    7.5000  -15.0000   22.500012178.3760   12.9966
   -7.5000   -7.5000   22.500013486.7471   12.9176
    0.0000   -7.5000   22.500014110.2119   12.9351
    7.5000   -7.5000   22.500013403.1865   12.9607
   -7.5000    0.0000   22.500014520.2383   12.8992
    0.0000    0.0000   22.500015168.8730   12.9190
    7.5000    0.0000   22.500014502.5527   12.9485
   -7.5000    7.5000   22.500014428.7646   12.9060
    0.0000    7.5000   22.500015052.4951   12.9192
    7.5000    7.5000   22.500014419.5107   12.9487
   -7.5000   15.0000   22.500014264.0752   12.9210
    0.0000   15.0000   22.500014873.3027   12.9263
    7.5000   15.0000   22.500014224.5957   12.9532
   -7.5000   22.5000   22.500013962.7461   12.9239
    0.0000   22.5000   22.500014543.7188   12.9276
    7.5000   22.5000   22.500013950.1758   12.9509
   -7.5000   30.0000   22.500013439.9395   12.7595
    0.0000   30.0000   22.500013962.3564   12.7687
    7.5000   30.0000   22.500013395.3799   12.7902
   -7.5000   37.5000   22.500013270.4316   12.7424
    0.0000   37.5000   22.500013795.6855   12.7597
    7.5000   37.5000   22.500013177.0342   12.7849
   -7.5000   45.0000   22.500012464.6094   12.4333
    0.0000   45.0000   22.500012968.6924   12.4524
    7.5000   45.0000   22.500012361.3506   12.4809
   -7.5000  -45.0000   30.0000 6926.0767   13.9577
    0.0000  -45.0000   30.0000 7265.2822   13.9684
    7.5000  -45.0000   30.0000 6906.2935   13.9918
   -7.5000  -37.5000   30.0000 7751.5527   13.5566
    0.0000  -37.5000   30.0000 8134.5220   13.5644
    7.5000  -37.5000   30.0000 7713.5400   13.5911
   -7.5000  -30.0000   30.0000 8911.3691   13.3270
    0.0000  -30.0000   30.0000 9339.8770   13.3266
    7.5000  -30.0000   30.0000 8851.9229   13.3529
   -7.5000  -22.5000   30.000010100.8906   13.2062
    0.0000  -22.5000   30.000010545.3701   13.2059
    7.5000  -22.5000   30.0000 9996.2432   13.2290
   -7.5000  -15.0000   30.000011276.7666   13.1334
    0.0000  -15.0000   30.000011754.9951   13.1393
    7.5000  -15.0000   30.000011159.4014   13.1596
   -7.5000   -7.5000   30.000012413.2266   13.0891
    0.0000   -7.5000   30.000012946.1982   13.1025
    7.5000   -7.5000   30.000012305.8965   13.1234
   -7.5000    0.0000   30.000013430.7148   13.0720
    0.0000    0.0000   30.000013988.9678   13.0865
    7.5000    0.0000   30.000013340.8857   13.1090
   -7.5000    7.5000   30.000013385.7627   13.0750
    0.0000    7.5000   30.000013956.7510   13.0826
    7.5000    7.5000   30.000013311.4619   13.1060
   -7.5000   15.0000   30.000013236.9951   13.0851
    0.0000   15.0000   30.000013799.3174   13.0858
    7.5000   15.0000   30.000013170.3213   13.1097
   -7.5000   22.5000   30.000012934.9307   13.0874
    0.0000   22.5000   30.000013478.1533   13.0878
    7.5000   22.5000   30.000012888.3340   13.1099
   -7.5000   30.0000   30.000012485.6826   12.9242
    0.0000   30.0000   30.000012989.3799   12.9304
    7.5000   30.0000   30.000012415.5664   12.9501
   -7.5000   37.5000   30.000012347.7148   12.9114
    0.0000   37.5000   30.000012850.6250   12.9247
    7.5000   37.5000   30.000012257.9102   12.9452
   -7.5000   45.0000   30.000011590.9268   12.5999
    0.0000   45.0000   30.000012066.2432   12.6138
    7.5000   45.0000   30.000011503.6396   12.6356
   -7.5000  -45.0000   37.5000 6556.8838   14.2330
    0.0000  -45.0000   37.5000 6828.9526   14.2392
    7.5000  -45.0000   37.5000 6519.5723   14.2529
   -7.5000  -37.5000   37.5000 7334.5024   13.8171
    0.0000  -37.5000   37.5000 7636.5234   13.8185
    7.5000  -37.5000   37.5000 7283.1826   13.8363
   -7.5000  -30.0000   37.5000 8456.2266   13.5790
    0.0000  -30.0000   37.5000 8800.3105   13.5743
    7.5000  -30.0000   37.5000 8376.2256   13.5923
   -7.5000  -22.5000   37.5000 9579.0137   13.4557
    0.0000  -22.5000   37.5000 9971.3770   13.4543
    7.5000  -22.5000   37.5000 9473.1240   13.4700
   -7.5000  -15.0000   37.500010703.7490   13.3827
    0.0000  -15.0000   37.500011154.3564   13.3893
    7.5000  -15.0000   37.500010588.5605   13.4029
   -7.5000   -7.5000   37.500011803.7021   13.3402
    0.0000   -7.5000   37.500012317.1914   13.3521
    7.5000   -7.5000   37.500011689.8369   13.3654
   -7.5000    0.0000   37.500012815.3350   13.3229
    0.0000    0.0000   37.500013374.8799   13.3327
    7.5000    0.0000   37.500012695.1377   13.3466
   -7.5000    7.5000   37.500012806.5479   13.3226
    0.0000    7.5000   37.500013369.3691   13.3244
    7.5000    7.5000   37.500012706.5420   13.3393
   -7.5000   15.0000   37.500012636.6064   13.3304
    0.0000   15.0000   37.500013174.4160   13.3268
    7.5000   15.0000   37.500012549.2139   13.3426
   -7.5000   22.5000   37.500012334.7188   13.3327
    0.0000   22.5000   37.500012861.2119   13.3320
    7.5000   22.5000   37.500012264.5117   13.3469
   -7.5000   30.0000   37.500011926.9551   13.1686
    0.0000   30.0000   37.500012428.1709   13.1755
    7.5000   30.0000   37.500011851.1943   13.1886
   -7.5000   37.5000   37.500011838.7744   13.1589
    0.0000   37.5000   37.500012323.1016   13.1708
    7.5000   37.5000   37.500011746.9980   13.1838
   -7.5000   45.0000   37.500011123.3174   12.8417
    0.0000   45.0000   37.500011568.7939   12.8512
    7.5000   45.0000   37.500011038.5654   12.8646
   -7.5000  -45.0000   45.0000 5983.1777   14.6470
    0.0000  -45.0000   45.0000 6214.9429   14.6575
    7.5000  -45.0000   45.0000 5935.6548   14.6736
   -7.5000  -37.5000   45.0000 6696.3911   14.2094
    0.0000  -37.5000   45.0000 6950.8794   14.2137
    7.5000  -37.5000   45.0000 6641.0898   14.2329
   -7.5000  -30.0000   45.0000 7720.3022   13.9621
    0.0000  -30.0000   45.0000 8016.6245   13.9605
    7.5000  -30.0000   45.0000 7646.0991   13.9767
   -7.5000  -22.5000   45.0000 8761.5342   13.8346
    0.0000  -22.5000   45.0000 9113.2100   13.8379
    7.5000  -22.5000   45.0000 8671.5557   13.8508
   -7.5000  -15.0000   45.0000 9808.7402   13.7581
    0.0000  -15.0000   45.000010213.2998   13.7703
    7.5000  -15.0000   45.0000 9702.8594   13.7833
   -7.5000   -7.5000   45.000010819.3535   13.7107
    0.0000   -7.5000   45.000011293.9736   13.7275
    7.5000   -7.5000   45.000010715.1934   13.7426
   -7.5000    0.0000   45.000011740.0996   13.6893
    0.0000    0.0000   45.000012245.4424   13.7026
    7.5000    0.0000   45.000011627.8359   13.7193
   -7.5000    7.5000   45.000011737.1416   13.6892
    0.0000    7.5000   45.000012248.7861   13.6937
    7.5000    7.5000   45.000011642.6758   13.7098
   -7.5000   15.0000   45.000011583.4209   13.7008
    0.0000   15.0000   45.000012063.1279   13.7002
    7.5000   15.0000   45.000011486.9434   13.7141
   -7.5000   22.5000   45.000011327.1494   13.7052
    0.0000   22.5000   45.000011798.3184   13.7092
    7.5000   22.5000   45.000011239.4443   13.7213
   -7.5000   30.0000   45.000010973.5918   13.5353
    0.0000   30.0000   45.000011426.8047   13.5477
    7.5000   30.0000   45.000010885.2598   13.5602
   -7.5000   37.5000   45.000010894.9111   13.5229
    0.0000   37.5000   45.000011327.7383   13.5395
    7.5000   37.5000   45.000010796.6309   13.5544
   -7.5000   45.0000   45.000010254.3096   13.2008
    0.0000   45.0000   45.000010665.8203   13.2137
    7.5000   45.0000   45.000010167.7734   13.2298

---------------------------------------------------------------------
imgreg_4dfp /opt/freesurfer/average/711-2C_as_mni_average_305 /opt/freesurfer/average/711-2B_as_mni_average_305_mask talsrcimg_g11 none talsrcimg_to_711-2C_as_mni_average_305_t4 4355
---------------------------------------------------------------------

freesurfer imgreg_4dfp.c
/opt/freesurfer/average/711-2C_as_mni_average_305.4dfp.img
       256       256       256         1
  1.000000  1.000000  1.000000
orientation T byte_order littleendian
Reading image: /opt/freesurfer/average/711-2C_as_mni_average_305.4dfp.img
dimensions:      256       256       256
mmppix:       1.0000   -1.0000   -1.0000
center:     128.0000 -129.0000 -129.0000
/opt/freesurfer/average/711-2B_as_mni_average_305_mask.4dfp.img
       256       256       256         1
  1.000000  1.000000  1.000000
orientation T byte_order littleendian
Reading mask: /opt/freesurfer/average/711-2B_as_mni_average_305_mask.4dfp.img (2306576 pixels)
talsrcimg_g11.4dfp.img
       256       256       256         1
  1.000000  1.000000  1.000000
orientation T byte_order littleendian
Reading image: talsrcimg_g11.4dfp.img
dimensions:      256       256       256
mmppix:       1.0000   -1.0000   -1.0000
center:     128.0000 -129.0000 -129.0000
rotation matrix determinant  1.000000
image alignment mode   4355 decimal     1103 hex
   -7.5000  -37.5000  -45.0000 2022.9587   16.0468
    0.0000  -37.5000  -45.0000 2034.2148   16.0173
    7.5000  -37.5000  -45.0000 2021.6302   16.1865
   -7.5000  -30.0000  -45.0000 2136.0029   14.3949
    0.0000  -30.0000  -45.0000 2149.1345   14.3768
    7.5000  -30.0000  -45.0000 2133.9370   14.5116
   -7.5000  -22.5000  -45.0000 2242.6147   13.0583
    0.0000  -22.5000  -45.0000 2253.9214   13.0375
    7.5000  -22.5000  -45.0000 2241.0408   13.1399
   -7.5000  -15.0000  -45.0000 2326.1965   12.0355
    0.0000  -15.0000  -45.0000 2339.1045   12.0193
    7.5000  -15.0000  -45.0000 2326.2578   12.0867
   -7.5000   -7.5000  -45.0000 2385.6382   11.2988
    0.0000   -7.5000  -45.0000 2398.8074   11.2813
    7.5000   -7.5000  -45.0000 2387.1670   11.3590
   -7.5000    0.0000  -45.0000 2415.8083   10.7838
    0.0000    0.0000  -45.0000 2427.1248   10.7685
    7.5000    0.0000  -45.0000 2415.4385   10.8616
   -7.5000    7.5000  -45.0000 2428.3660   10.4981
    0.0000    7.5000  -45.0000 2444.4958   10.4451
    7.5000    7.5000  -45.0000 2430.1572   10.5636
   -7.5000   15.0000  -45.0000 2430.1084   10.3811
    0.0000   15.0000  -45.0000 2442.8599   10.3344
    7.5000   15.0000  -45.0000 2431.9341   10.4561
   -7.5000   22.5000  -45.0000 2422.0237   10.4642
    0.0000   22.5000  -45.0000 2436.6831   10.4011
    7.5000   22.5000  -45.0000 2423.6389   10.5478
   -7.5000   30.0000  -45.0000 2396.4927   10.7106
    0.0000   30.0000  -45.0000 2411.3853   10.6704
    7.5000   30.0000  -45.0000 2392.4575   10.8302
   -7.5000   37.5000  -45.0000 2357.6382   11.1562
    0.0000   37.5000  -45.0000 2370.4724   11.1281
    7.5000   37.5000  -45.0000 2346.7676   11.3098
   -7.5000   45.0000  -45.0000 2300.9084   11.7758
    0.0000   45.0000  -45.0000 2314.2039   11.7626
    7.5000   45.0000  -45.0000 2292.2168   11.9517
   -7.5000   52.5000  -45.0000 2203.9714   12.5324
    0.0000   52.5000  -45.0000 2213.9768   12.5403
    7.5000   52.5000  -45.0000 2195.6550   12.7095
   -7.5000  -37.5000  -37.5000 2078.8088   15.1916
    0.0000  -37.5000  -37.5000 2090.8218   15.1788
    7.5000  -37.5000  -37.5000 2075.6135   15.3630
   -7.5000  -30.0000  -37.5000 2204.2275   13.5897
    0.0000  -30.0000  -37.5000 2216.7976   13.5970
    7.5000  -30.0000  -37.5000 2198.8840   13.7326
   -7.5000  -22.5000  -37.5000 2316.5366   12.3250
    0.0000  -22.5000  -37.5000 2328.6448   12.3311
    7.5000  -22.5000  -37.5000 2310.8499   12.4139
   -7.5000  -15.0000  -37.5000 2408.0098   11.3405
    0.0000  -15.0000  -37.5000 2424.0745   11.3321
    7.5000  -15.0000  -37.5000 2406.4766   11.4150
   -7.5000   -7.5000  -37.5000 2472.2117   10.5944
    0.0000   -7.5000  -37.5000 2489.0823   10.5803
    7.5000   -7.5000  -37.5000 2473.1802   10.6762
   -7.5000    0.0000  -37.5000 2508.0540   10.0724
    0.0000    0.0000  -37.5000 2519.3955   10.0582
    7.5000    0.0000  -37.5000 2507.1309   10.1473
   -7.5000    7.5000  -37.5000 2534.3083    9.7525
    0.0000    7.5000  -37.5000 2543.8496    9.7222
    7.5000    7.5000  -37.5000 2529.2402    9.8464
   -7.5000   15.0000  -37.5000 2531.8210    9.6537
    0.0000   15.0000  -37.5000 2541.9536    9.6275
    7.5000   15.0000  -37.5000 2529.4885    9.7538
   -7.5000   22.5000  -37.5000 2520.0327    9.7026
    0.0000   22.5000  -37.5000 2533.3059    9.6659
    7.5000   22.5000  -37.5000 2518.4097    9.8177
   -7.5000   30.0000  -37.5000 2495.7207    9.9250
    0.0000   30.0000  -37.5000 2507.2551    9.8917
    7.5000   30.0000  -37.5000 2488.9873   10.0578
   -7.5000   37.5000  -37.5000 2457.8098   10.2768
    0.0000   37.5000  -37.5000 2467.9788   10.2639
    7.5000   37.5000  -37.5000 2447.5413   10.4426
   -7.5000   45.0000  -37.5000 2401.0203   10.8315
    0.0000   45.0000  -37.5000 2412.3887   10.8200
    7.5000   45.0000  -37.5000 2388.0181   11.0285
   -7.5000   52.5000  -37.5000 2298.2065   11.5153
    0.0000   52.5000  -37.5000 2309.2100   11.4995
    7.5000   52.5000  -37.5000 2290.6333   11.7027
   -7.5000  -37.5000  -30.0000 2168.1079   14.9914
    0.0000  -37.5000  -30.0000 2182.5059   15.0048
    7.5000  -37.5000  -30.0000 2164.4475   15.1846
   -7.5000  -30.0000  -30.0000 2299.8708   13.3930
    0.0000  -30.0000  -30.0000 2312.8403   13.3951
    7.5000  -30.0000  -30.0000 2297.3811   13.5385
   -7.5000  -22.5000  -30.0000 2421.3945   12.1168
    0.0000  -22.5000  -30.0000 2434.7114   12.1161
    7.5000  -22.5000  -30.0000 2416.4634   12.2303
   -7.5000  -15.0000  -30.0000 2518.9370   11.0933
    0.0000  -15.0000  -30.0000 2535.2310   11.0763
    7.5000  -15.0000  -30.0000 2515.4578   11.1982
   -7.5000   -7.5000  -30.0000 2590.7080   10.3292
    0.0000   -7.5000  -30.0000 2608.6426   10.2979
    7.5000   -7.5000  -30.0000 2587.1982   10.4305
   -7.5000    0.0000  -30.0000 2635.9556    9.7656
    0.0000    0.0000  -30.0000 2648.3162    9.7541
    7.5000    0.0000  -30.0000 2631.1697    9.8658
   -7.5000    7.5000  -30.0000 2670.7627    9.4067
    0.0000    7.5000  -30.0000 2682.4148    9.3828
    7.5000    7.5000  -30.0000 2663.6960    9.5127
   -7.5000   15.0000  -30.0000 2677.6636    9.2856
    0.0000   15.0000  -30.0000 2693.7661    9.2819
    7.5000   15.0000  -30.0000 2669.4150    9.4264
   -7.5000   22.5000  -30.0000 2669.0129    9.3168
    0.0000   22.5000  -30.0000 2682.6023    9.3074
    7.5000   22.5000  -30.0000 2662.9900    9.4580
   -7.5000   30.0000  -30.0000 2645.1335    9.5263
    0.0000   30.0000  -30.0000 2661.4785    9.5022
    7.5000   30.0000  -30.0000 2636.0681    9.6691
   -7.5000   37.5000  -30.0000 2609.3232    9.8395
    0.0000   37.5000  -30.0000 2620.6179    9.8355
    7.5000   37.5000  -30.0000 2596.6128   10.0135
   -7.5000   45.0000  -30.0000 2548.8979   10.3588
    0.0000   45.0000  -30.0000 2560.1907   10.3354
    7.5000   45.0000  -30.0000 2532.7114   10.5576
   -7.5000   52.5000  -30.0000 2440.7959   11.0068
    0.0000   52.5000  -30.0000 2447.7256   10.9806
    7.5000   52.5000  -30.0000 2426.4570   11.2088
   -7.5000  -37.5000  -22.5000 2225.0386   14.7406
    0.0000  -37.5000  -22.5000 2242.3687   14.7433
    7.5000  -37.5000  -22.5000 2220.2058   14.9358
   -7.5000  -30.0000  -22.5000 2360.8518   13.1415
    0.0000  -30.0000  -22.5000 2376.9080   13.1170
    7.5000  -30.0000  -22.5000 2357.4688   13.2957
   -7.5000  -22.5000  -22.5000 2490.1194   11.8455
    0.0000  -22.5000  -22.5000 2502.9976   11.8188
    7.5000  -22.5000  -22.5000 2482.4778   11.9745
   -7.5000  -15.0000  -22.5000 2589.8616   10.8011
    0.0000  -15.0000  -22.5000 2605.2256   10.7689
    7.5000  -15.0000  -22.5000 2583.9321   10.9195
   -7.5000   -7.5000  -22.5000 2671.8223    9.9881
    0.0000   -7.5000  -22.5000 2689.1704    9.9603
    7.5000   -7.5000  -22.5000 2665.1694   10.1205
   -7.5000    0.0000  -22.5000 2729.2056    9.4020
    0.0000    0.0000  -22.5000 2743.3125    9.3802
    7.5000    0.0000  -22.5000 2720.7532    9.5278
   -7.5000    7.5000  -22.5000 2769.9099    9.0215
    0.0000    7.5000  -22.5000 2789.8047    9.0001
    7.5000    7.5000  -22.5000 2765.2051    9.1360
   -7.5000   15.0000  -22.5000 2786.4536    8.8815
    0.0000   15.0000  -22.5000 2810.9402    8.8554
    7.5000   15.0000  -22.5000 2778.2373    9.0076
   -7.5000   22.5000  -22.5000 2789.1870    8.9023
    0.0000   22.5000  -22.5000 2805.2537    8.8845
    7.5000   22.5000  -22.5000 2778.3950    9.0338
   -7.5000   30.0000  -22.5000 2766.4878    9.0931
    0.0000   30.0000  -22.5000 2786.0046    9.0635
    7.5000   30.0000  -22.5000 2758.3406    9.2201
   -7.5000   37.5000  -22.5000 2730.5972    9.3817
    0.0000   37.5000  -22.5000 2743.9177    9.3600
    7.5000   37.5000  -22.5000 2717.3569    9.5415
   -7.5000   45.0000  -22.5000 2668.5378    9.8672
    0.0000   45.0000  -22.5000 2676.5208    9.8415
    7.5000   45.0000  -22.5000 2648.2493   10.0501
   -7.5000   52.5000  -22.5000 2553.7363   10.5064
    0.0000   52.5000  -22.5000 2560.8591   10.4767
    7.5000   52.5000  -22.5000 2535.2083   10.6924
   -7.5000  -37.5000  -15.0000 2245.2053   14.5512
    0.0000  -37.5000  -15.0000 2262.6663   14.5279
    7.5000  -37.5000  -15.0000 2244.0264   14.7194
   -7.5000  -30.0000  -15.0000 2382.1775   12.9302
    0.0000  -30.0000  -15.0000 2399.5469   12.8799
    7.5000  -30.0000  -15.0000 2381.0881   13.0677
   -7.5000  -22.5000  -15.0000 2513.2761   11.6142
    0.0000  -22.5000  -15.0000 2533.2402   11.5590
    7.5000  -22.5000  -15.0000 2509.9717   11.7221
   -7.5000  -15.0000  -15.0000 2616.6187   10.5327
    0.0000  -15.0000  -15.0000 2637.5820   10.4804
    7.5000  -15.0000  -15.0000 2612.2910   10.6453
   -7.5000   -7.5000  -15.0000 2710.2642    9.6892
    0.0000   -7.5000  -15.0000 2728.7458    9.6571
    7.5000   -7.5000  -15.0000 2705.4939    9.8188
   -7.5000    0.0000  -15.0000 2781.0100    9.0848
    0.0000    0.0000  -15.0000 2802.1521    9.0430
    7.5000    0.0000  -15.0000 2775.3494    9.2023
   -7.5000    7.5000  -15.0000 2830.1135    8.6808
    0.0000    7.5000  -15.0000 2852.9397    8.6333
    7.5000    7.5000  -15.0000 2831.1562    8.7977
   -7.5000   15.0000  -15.0000 2858.1050    8.5169
    0.0000   15.0000  -15.0000 2887.0266    8.4419
    7.5000   15.0000  -15.0000 2855.6917    8.6105
   -7.5000   22.5000  -15.0000 2871.2207    8.5186
    0.0000   22.5000  -15.0000 2893.5728    8.4694
    7.5000   22.5000  -15.0000 2859.6423    8.6271
   -7.5000   30.0000  -15.0000 2857.6514    8.6956
    0.0000   30.0000  -15.0000 2873.0801    8.6596
    7.5000   30.0000  -15.0000 2844.4392    8.8078
   -7.5000   37.5000  -15.0000 2816.4922    8.9682
    0.0000   37.5000  -15.0000 2830.4414    8.9362
    7.5000   37.5000  -15.0000 2800.2090    9.1251
   -7.5000   45.0000  -15.0000 2747.1714    9.4399
    0.0000   45.0000  -15.0000 2757.7424    9.3965
    7.5000   45.0000  -15.0000 2724.2080    9.6119
   -7.5000   52.5000  -15.0000 2626.8459   10.0826
    0.0000   52.5000  -15.0000 2637.3354   10.0217
    7.5000   52.5000  -15.0000 2604.3281   10.2470
   -7.5000  -37.5000   -7.5000 2246.6655   14.5015
    0.0000  -37.5000   -7.5000 2266.8289   14.4132
    7.5000  -37.5000   -7.5000 2248.9595   14.6016
   -7.5000  -30.0000   -7.5000 2384.4021   12.7997
    0.0000  -30.0000   -7.5000 2403.9653   12.7256
    7.5000  -30.0000   -7.5000 2384.8518   12.9118
   -7.5000  -22.5000   -7.5000 2510.3555   11.4348
    0.0000  -22.5000   -7.5000 2529.0981   11.3836
    7.5000  -22.5000   -7.5000 2511.3645   11.5439
   -7.5000  -15.0000   -7.5000 2617.6160   10.3422
    0.0000  -15.0000   -7.5000 2634.2961   10.2760
    7.5000  -15.0000   -7.5000 2617.2234   10.4440
   -7.5000   -7.5000   -7.5000 2716.6130    9.4649
    0.0000   -7.5000   -7.5000 2732.5723    9.4047
    7.5000   -7.5000   -7.5000 2714.7974    9.5694
   -7.5000    0.0000   -7.5000 2801.0142    8.8182
    0.0000    0.0000   -7.5000 2816.9973    8.7681
    7.5000    0.0000   -7.5000 2795.4739    8.9292
   -7.5000    7.5000   -7.5000 2867.5027    8.4082
    0.0000    7.5000   -7.5000 2887.1694    8.3463
    7.5000    7.5000   -7.5000 2867.1484    8.5200
   -7.5000   15.0000   -7.5000 2912.0098    8.2287
    0.0000   15.0000   -7.5000 2937.1599    8.1435
    7.5000   15.0000   -7.5000 2907.9453    8.3125
   -7.5000   22.5000   -7.5000 2935.2749    8.2191
    0.0000   22.5000   -7.5000 2963.3030    8.1131
    7.5000   22.5000   -7.5000 2918.4106    8.3131
   -7.5000   30.0000   -7.5000 2926.3108    8.3573
    0.0000   30.0000   -7.5000 2941.3755    8.2852
    7.5000   30.0000   -7.5000 2900.3154    8.4922
   -7.5000   37.5000   -7.5000 2881.8357    8.6350
    0.0000   37.5000   -7.5000 2896.3906    8.5899
    7.5000   37.5000   -7.5000 2853.0574    8.7878
   -7.5000   45.0000   -7.5000 2806.0149    9.1090
    0.0000   45.0000   -7.5000 2819.3962    9.0546
    7.5000   45.0000   -7.5000 2775.3870    9.2513
   -7.5000   52.5000   -7.5000 2673.1807    9.7475
    0.0000   52.5000   -7.5000 2685.7188    9.6875
    7.5000   52.5000   -7.5000 2649.2781    9.8662
   -7.5000  -37.5000    0.0000 2237.4497   14.5823
    0.0000  -37.5000    0.0000 2252.6433   14.4791
    7.5000  -37.5000    0.0000 2238.4973   14.6893
   -7.5000  -30.0000    0.0000 2366.5493   12.8196
    0.0000  -30.0000    0.0000 2386.3901   12.7644
    7.5000  -30.0000    0.0000 2369.3711   12.9471
   -7.5000  -22.5000    0.0000 2487.3892   11.3983
    0.0000  -22.5000    0.0000 2504.8857   11.3508
    7.5000  -22.5000    0.0000 2485.9304   11.5346
   -7.5000  -15.0000    0.0000 2594.8401   10.2706
    0.0000  -15.0000    0.0000 2609.3921   10.2070
    7.5000  -15.0000    0.0000 2592.6589   10.3907
   -7.5000   -7.5000    0.0000 2697.4692    9.3866
    0.0000   -7.5000    0.0000 2709.1584    9.3053
    7.5000   -7.5000    0.0000 2693.1738    9.4931
   -7.5000    0.0000    0.0000 2795.4182    8.7249
    0.0000    0.0000    0.0000 2805.5303    8.6265
    7.5000    0.0000    0.0000 2786.3147    8.8362
   -7.5000    7.5000    0.0000 2879.9021    8.2911
    0.0000    7.5000    0.0000 2894.5630    8.2084
    7.5000    7.5000    0.0000 2871.7112    8.4113
   -7.5000   15.0000    0.0000 2946.3838    8.0953
    0.0000   15.0000    0.0000 2963.0845    8.0353
    7.5000   15.0000    0.0000 2934.8333    8.2057
   -7.5000   22.5000    0.0000 2980.6477    8.0543
    0.0000   22.5000    0.0000 3010.3225    8.0077
    7.5000   22.5000    0.0000 2958.3660    8.1966
   -7.5000   30.0000    0.0000 2974.4019    8.1590
    0.0000   30.0000    0.0000 2997.6245    8.0940
    7.5000   30.0000    0.0000 2933.7358    8.3113
   -7.5000   37.5000    0.0000 2920.0347    8.4227
    0.0000   37.5000    0.0000 2935.6240    8.3918
    7.5000   37.5000    0.0000 2880.9221    8.5549
   -7.5000   45.0000    0.0000 2839.7988    8.8772
    0.0000   45.0000    0.0000 2851.3469    8.8584
    7.5000   45.0000    0.0000 2806.1970    8.9958
   -7.5000   52.5000    0.0000 2702.3015    9.5152
    0.0000   52.5000    0.0000 2711.6382    9.4849
    7.5000   52.5000    0.0000 2676.4155    9.6233
   -7.5000  -37.5000    7.5000 2219.8516   14.8599
    0.0000  -37.5000    7.5000 2235.2124   14.7469
    7.5000  -37.5000    7.5000 2221.1592   14.9984
   -7.5000  -30.0000    7.5000 2344.4272   13.0297
    0.0000  -30.0000    7.5000 2361.0669   12.9225
    7.5000  -30.0000    7.5000 2343.6243   13.1538
   -7.5000  -22.5000    7.5000 2461.8149   11.5754
    0.0000  -22.5000    7.5000 2469.4700   11.4628
    7.5000  -22.5000    7.5000 2452.9802   11.7018
   -7.5000  -15.0000    7.5000 2572.3699   10.4275
    0.0000  -15.0000    7.5000 2574.3960   10.3235
    7.5000  -15.0000    7.5000 2561.6821   10.5621
   -7.5000   -7.5000    7.5000 2678.5273    9.5065
    0.0000   -7.5000    7.5000 2683.4265    9.4293
    7.5000   -7.5000    7.5000 2666.1340    9.6598
   -7.5000    0.0000    7.5000 2782.2048    8.7895
    0.0000    0.0000    7.5000 2792.1487    8.7251
    7.5000    0.0000    7.5000 2764.1846    8.9853
   -7.5000    7.5000    7.5000 2872.5242    8.2817
    0.0000    7.5000    7.5000 2887.1909    8.2444
    7.5000    7.5000    7.5000 2853.4917    8.4960
   -7.5000   15.0000    7.5000 2951.5510    8.0346
    0.0000   15.0000    7.5000 2969.8369    8.0243
    7.5000   15.0000    7.5000 2932.2654    8.2383
   -7.5000   22.5000    7.5000 2996.2017    8.0620
    0.0000   22.5000    7.5000 3025.3494    8.0864
    7.5000   22.5000    7.5000 2964.3142    8.2370
   -7.5000   30.0000    7.5000 2995.6052    8.1396
    0.0000   30.0000    7.5000 3015.9961    8.1493
    7.5000   30.0000    7.5000 2946.1055    8.3168
   -7.5000   37.5000    7.5000 2943.1179    8.3795
    0.0000   37.5000    7.5000 2955.1943    8.3637
    7.5000   37.5000    7.5000 2895.6304    8.5407
   -7.5000   45.0000    7.5000 2855.2949    8.8237
    0.0000   45.0000    7.5000 2866.6414    8.7967
    7.5000   45.0000    7.5000 2818.4395    8.9634
   -7.5000   52.5000    7.5000 2716.0803    9.4502
    0.0000   52.5000    7.5000 2722.2224    9.4004
    7.5000   52.5000    7.5000 2687.8081    9.5752
   -7.5000  -37.5000   15.0000 2191.7620   15.3819
    0.0000  -37.5000   15.0000 2200.4849   15.2802
    7.5000  -37.5000   15.0000 2186.4382   15.5503
   -7.5000  -30.0000   15.0000 2313.2236   13.4875
    0.0000  -30.0000   15.0000 2323.8806   13.3958
    7.5000  -30.0000   15.0000 2306.1580   13.6550
   -7.5000  -22.5000   15.0000 2431.8694   11.9796
    0.0000  -22.5000   15.0000 2435.1187   11.9129
    7.5000  -22.5000   15.0000 2416.5034   12.1736
   -7.5000  -15.0000   15.0000 2543.9009   10.7720
    0.0000  -15.0000   15.0000 2547.7429   10.7434
    7.5000  -15.0000   15.0000 2527.6421   10.9899
   -7.5000   -7.5000   15.0000 2651.1138    9.7793
    0.0000   -7.5000   15.0000 2660.1516    9.7578
    7.5000   -7.5000   15.0000 2635.1272   10.0115
   -7.5000    0.0000   15.0000 2752.2744    8.9813
    0.0000    0.0000   15.0000 2767.7336    8.9730
    7.5000    0.0000   15.0000 2734.6238    9.2489
   -7.5000    7.5000   15.0000 2848.4175    8.4230
    0.0000    7.5000   15.0000 2861.5369    8.3942
    7.5000    7.5000   15.0000 2827.4656    8.6897
   -7.5000   15.0000   15.0000 2931.0891    8.1673
    0.0000   15.0000   15.0000 2949.7649    8.0973
    7.5000   15.0000   15.0000 2906.7288    8.3737
   -7.5000   22.5000   15.0000 2983.9961    8.1478
    0.0000   22.5000   15.0000 3002.0605    8.0952
    7.5000   22.5000   15.0000 2943.7703    8.3078
   -7.5000   30.0000   15.0000 2974.9453    8.2733
    0.0000   30.0000   15.0000 2989.7375    8.2070
    7.5000   30.0000   15.0000 2928.9246    8.4685
   -7.5000   37.5000   15.0000 2920.1511    8.5635
    0.0000   37.5000   15.0000 2930.7825    8.5094
    7.5000   37.5000   15.0000 2877.8318    8.7372
   -7.5000   45.0000   15.0000 2834.9084    9.0246
    0.0000   45.0000   15.0000 2846.1882    8.9667
    7.5000   45.0000   15.0000 2801.5786    9.1628
   -7.5000   52.5000   15.0000 2700.0396    9.5951
    0.0000   52.5000   15.0000 2705.3127    9.5406
    7.5000   52.5000   15.0000 2674.6946    9.7176
   -7.5000  -37.5000   22.5000 2148.7180   16.1526
    0.0000  -37.5000   22.5000 2159.2993   16.1582
    7.5000  -37.5000   22.5000 2133.9519   16.4246
   -7.5000  -30.0000   22.5000 2276.5691   14.1187
    0.0000  -30.0000   22.5000 2288.5720   14.1492
    7.5000  -30.0000   22.5000 2264.8137   14.4168
   -7.5000  -22.5000   22.5000 2393.5879   12.5041
    0.0000  -22.5000   22.5000 2404.8799   12.5111
    7.5000  -22.5000   22.5000 2377.0872   12.7823
   -7.5000  -15.0000   22.5000 2504.8088   11.2070
    0.0000  -15.0000   22.5000 2518.4465   11.1911
    7.5000  -15.0000   22.5000 2489.1560   11.4661
   -7.5000   -7.5000   22.5000 2616.9004   10.1590
    0.0000   -7.5000   22.5000 2629.5850   10.1223
    7.5000   -7.5000   22.5000 2601.0020   10.4058
   -7.5000    0.0000   22.5000 2718.0120    9.3454
    0.0000    0.0000   22.5000 2731.6235    9.2894
    7.5000    0.0000   22.5000 2698.9558    9.6090
   -7.5000    7.5000   22.5000 2815.3855    8.7772
    0.0000    7.5000   22.5000 2826.9072    8.7212
    7.5000    7.5000   22.5000 2789.4712    9.0283
   -7.5000   15.0000   22.5000 2893.2366    8.4877
    0.0000   15.0000   22.5000 2906.9590    8.4280
    7.5000   15.0000   22.5000 2862.2627    8.7025
   -7.5000   22.5000   22.5000 2940.2324    8.4417
    0.0000   22.5000   22.5000 2946.9443    8.4076
    7.5000   22.5000   22.5000 2896.4270    8.6403
   -7.5000   30.0000   22.5000 2928.5334    8.5648
    0.0000   30.0000   22.5000 2934.3384    8.4979
    7.5000   30.0000   22.5000 2886.4290    8.7567
   -7.5000   37.5000   22.5000 2879.5896    8.8785
    0.0000   37.5000   22.5000 2886.3367    8.8123
    7.5000   37.5000   22.5000 2838.9460    9.0175
   -7.5000   45.0000   22.5000 2798.1770    9.3598
    0.0000   45.0000   22.5000 2806.4956    9.2804
    7.5000   45.0000   22.5000 2765.5449    9.4705
   -7.5000   52.5000   22.5000 2663.1799    9.9140
    0.0000   52.5000   22.5000 2670.6125    9.8509
    7.5000   52.5000   22.5000 2643.1689   10.0385
   -7.5000  -37.5000   30.0000 2087.0203   17.1224
    0.0000  -37.5000   30.0000 2092.9387   17.1622
    7.5000  -37.5000   30.0000 2070.0493   17.4593
   -7.5000  -30.0000   30.0000 2225.1938   14.9013
    0.0000  -30.0000   30.0000 2235.0920   14.9007
    7.5000  -30.0000   30.0000 2209.7292   15.2085
   -7.5000  -22.5000   30.0000 2347.8411   13.1414
    0.0000  -22.5000   30.0000 2356.1738   13.1017
    7.5000  -22.5000   30.0000 2328.0869   13.4100
   -7.5000  -15.0000   30.0000 2461.4719   11.7579
    0.0000  -15.0000   30.0000 2473.5596   11.7095
    7.5000  -15.0000   30.0000 2440.1047   12.0098
   -7.5000   -7.5000   30.0000 2573.2957   10.6777
    0.0000   -7.5000   30.0000 2586.9395   10.6107
    7.5000   -7.5000   30.0000 2550.7900   10.9176
   -7.5000    0.0000   30.0000 2680.0422    9.8420
    0.0000    0.0000   30.0000 2688.6919    9.7949
    7.5000    0.0000   30.0000 2650.4890   10.0962
   -7.5000    7.5000   30.0000 2769.6272    9.2800
    0.0000    7.5000   30.0000 2779.0557    9.2266
    7.5000    7.5000   30.0000 2736.9851    9.5051
   -7.5000   15.0000   30.0000 2837.8660    8.9991
    0.0000   15.0000   30.0000 2849.9385    8.9453
    7.5000   15.0000   30.0000 2802.6633    9.1877
   -7.5000   22.5000   30.0000 2876.8748    8.9053
    0.0000   22.5000   30.0000 2880.2800    8.8775
    7.5000   22.5000   30.0000 2833.5259    9.1103
   -7.5000   30.0000   30.0000 2861.9402    9.0297
    0.0000   30.0000   30.0000 2866.9917    8.9908
    7.5000   30.0000   30.0000 2823.8918    9.2015
   -7.5000   37.5000   30.0000 2817.6958    9.3237
    0.0000   37.5000   30.0000 2823.4243    9.2999
    7.5000   37.5000   30.0000 2783.9153    9.4728
   -7.5000   45.0000   30.0000 2741.0703    9.7741
    0.0000   45.0000   30.0000 2749.5354    9.7328
    7.5000   45.0000   30.0000 2710.9636    9.9040
   -7.5000   52.5000   30.0000 2612.8555   10.3249
    0.0000   52.5000   30.0000 2617.9641   10.2659
    7.5000   52.5000   30.0000 2591.8135   10.4489
   -7.5000  -37.5000   37.5000 2021.7744   18.2251
    0.0000  -37.5000   37.5000 2024.1405   18.1413
    7.5000  -37.5000   37.5000 2005.3798   18.5372
   -7.5000  -30.0000   37.5000 2166.1052   15.8252
    0.0000  -30.0000   37.5000 2172.9131   15.7291
    7.5000  -30.0000   37.5000 2149.9875   16.0706
   -7.5000  -22.5000   37.5000 2291.8147   13.9606
    0.0000  -22.5000   37.5000 2300.9639   13.8742
    7.5000  -22.5000   37.5000 2272.7947   14.1824
   -7.5000  -15.0000   37.5000 2408.8364   12.4826
    0.0000  -15.0000   37.5000 2420.7151   12.4165
    7.5000  -15.0000   37.5000 2386.0662   12.7373
   -7.5000   -7.5000   37.5000 2522.1604   11.3514
    0.0000   -7.5000   37.5000 2533.8799   11.3076
    7.5000   -7.5000   37.5000 2493.7573   11.6117
   -7.5000    0.0000   37.5000 2622.9121   10.5232
    0.0000    0.0000   37.5000 2637.5293   10.4800
    7.5000    0.0000   37.5000 2590.8596   10.7505
   -7.5000    7.5000   37.5000 2709.5669    9.9333
    0.0000    7.5000   37.5000 2721.5464    9.9054
    7.5000    7.5000   37.5000 2674.7529   10.1534
   -7.5000   15.0000   37.5000 2769.5715    9.6225
    0.0000   15.0000   37.5000 2780.4861    9.5832
    7.5000   15.0000   37.5000 2734.9937    9.8134
   -7.5000   22.5000   37.5000 2796.8523    9.4976
    0.0000   22.5000   37.5000 2799.5251    9.4878
    7.5000   22.5000   37.5000 2756.8538    9.7025
   -7.5000   30.0000   37.5000 2782.2368    9.6142
    0.0000   30.0000   37.5000 2788.2664    9.5957
    7.5000   30.0000   37.5000 2746.7971    9.7894
   -7.5000   37.5000   37.5000 2742.0073    9.8919
    0.0000   37.5000   37.5000 2750.6072    9.8754
    7.5000   37.5000   37.5000 2713.2249   10.0397
   -7.5000   45.0000   37.5000 2672.7080   10.3056
    0.0000   45.0000   37.5000 2680.3923   10.2782
    7.5000   45.0000   37.5000 2648.2585   10.4541
   -7.5000   52.5000   37.5000 2548.8442   10.8152
    0.0000   52.5000   37.5000 2554.8547   10.7842
    7.5000   52.5000   37.5000 2530.3669   10.9586
   -7.5000  -37.5000   45.0000 1952.5913   19.5838
    0.0000  -37.5000   45.0000 1957.3962   19.4726
    7.5000  -37.5000   45.0000 1937.9951   19.9144
   -7.5000  -30.0000   45.0000 2100.6370   16.9346
    0.0000  -30.0000   45.0000 2108.3167   16.8316
    7.5000  -30.0000   45.0000 2084.0264   17.2011
   -7.5000  -22.5000   45.0000 2230.9854   14.9385
    0.0000  -22.5000   45.0000 2241.3872   14.8629
    7.5000  -22.5000   45.0000 2211.9241   15.1979
   -7.5000  -15.0000   45.0000 2349.8223   13.3868
    0.0000  -15.0000   45.0000 2360.9414   13.3459
    7.5000  -15.0000   45.0000 2326.6816   13.6559
   -7.5000   -7.5000   45.0000 2458.6951   12.2181
    0.0000   -7.5000   45.0000 2471.0051   12.1871
    7.5000   -7.5000   45.0000 2432.2026   12.4767
   -7.5000    0.0000   45.0000 2552.1760   11.3335
    0.0000    0.0000   45.0000 2563.6814   11.3146
    7.5000    0.0000   45.0000 2522.5830   11.5778
   -7.5000    7.5000   45.0000 2631.0637   10.7132
    0.0000    7.5000   45.0000 2639.2427   10.7083
    7.5000    7.5000   45.0000 2598.1733   10.9463
   -7.5000   15.0000   45.0000 2682.3281   10.3771
    0.0000   15.0000   45.0000 2689.0786   10.3551
    7.5000   15.0000   45.0000 2646.7720   10.5825
   -7.5000   22.5000   45.0000 2702.8611   10.2406
    0.0000   22.5000   45.0000 2704.0010   10.2496
    7.5000   22.5000   45.0000 2667.6155   10.4320
   -7.5000   30.0000   45.0000 2691.2883   10.3340
    0.0000   30.0000   45.0000 2696.2017   10.3351
    7.5000   30.0000   45.0000 2657.8569   10.5212
   -7.5000   37.5000   45.0000 2655.3640   10.5518
    0.0000   37.5000   45.0000 2659.4216   10.5610
    7.5000   37.5000   45.0000 2625.8455   10.7248
   -7.5000   45.0000   45.0000 2592.9707   10.9213
    0.0000   45.0000   45.0000 2600.2144   10.9246
    7.5000   45.0000   45.0000 2566.4648   11.0957
   -7.5000   52.5000   45.0000 2477.5574   11.4197
    0.0000   52.5000   45.0000 2487.5608   11.4156
    7.5000   52.5000   45.0000 2455.1196   11.5880

---------------------------------------------------------------------
imgreg_4dfp /opt/freesurfer/average/711-2C_as_mni_average_305 /opt/freesurfer/average/711-2B_as_mni_average_305_mask talsrcimg_g11 none talsrcimg_to_711-2C_as_mni_average_305_t4 1283
---------------------------------------------------------------------

freesurfer imgreg_4dfp.c
/opt/freesurfer/average/711-2C_as_mni_average_305.4dfp.img
       256       256       256         1
  1.000000  1.000000  1.000000
orientation T byte_order littleendian
Reading image: /opt/freesurfer/average/711-2C_as_mni_average_305.4dfp.img
dimensions:      256       256       256
mmppix:       1.0000   -1.0000   -1.0000
center:     128.0000 -129.0000 -129.0000
/opt/freesurfer/average/711-2B_as_mni_average_305_mask.4dfp.img
       256       256       256         1
  1.000000  1.000000  1.000000
orientation T byte_order littleendian
Reading mask: /opt/freesurfer/average/711-2B_as_mni_average_305_mask.4dfp.img (2306576 pixels)
talsrcimg_g11.4dfp.img
       256       256       256         1
  1.000000  1.000000  1.000000
orientation T byte_order littleendian
Reading image: talsrcimg_g11.4dfp.img
dimensions:      256       256       256
mmppix:       1.0000   -1.0000   -1.0000
center:     128.0000 -129.0000 -129.0000
rotation matrix determinant  1.000000
fimgreg.f
image alignment mode   1283 decimal      503 hex
parameters
    0.0000   22.5000    7.5000    0.0000    0.0000    0.0000
eta,q 0.94918  8.08061
niter,ni,del,rscale     5    3   12.0000    1.2000
parameter  4  1.134152 ->  0.500000 qaram    1.1500
parameters
   -1.7421   25.1166    6.9413   -3.4500    1.7629    1.7663
eta,q 0.95582  8.08167
  0.0569  0.0624  0.0518  0.0450  0.0545  0.0525
  0.0523  0.0573  0.0491  0.0450  0.0512  0.0500
  0.0502  0.0530  0.0481  0.0464  0.0478  0.0470
  0.0515  0.0501  0.0486  0.0486  0.0453  0.0447
  0.0558  0.0487  0.0493  0.0504  0.0448  0.0442
  0.0619  0.0489  0.0505  0.0532  0.0460  0.0454
  0.0675  0.0512  0.0527  0.0570  0.0482  0.0474
niter,ni,del,rscale     5    3   12.0000    1.2000
parameter  4  0.604466 ->  0.500000 qaram    1.3225
parameters
   -2.0987   25.9290    5.8831   -7.4175    1.6126    1.9231
eta,q 0.95776  8.10287
  0.0562  0.0557  0.0472  0.0428  0.0479  0.0473
  0.0499  0.0506  0.0444  0.0424  0.0446  0.0446
  0.0457  0.0467  0.0433  0.0420  0.0428  0.0428
  0.0442  0.0442  0.0438  0.0434  0.0422  0.0422
  0.0466  0.0443  0.0453  0.0464  0.0433  0.0428
  0.0523  0.0473  0.0472  0.0501  0.0455  0.0444
  0.0592  0.0511  0.0500  0.0538  0.0480  0.0467
niter,ni,del,rscale     5    3   12.0000    1.2000
parameters
   -1.9922   27.5081    4.0305  -10.9451    1.5037    2.1267
eta,q 0.96076  8.06798
  0.0559  0.0533  0.0434  0.0406  0.0461  0.0444
  0.0497  0.0484  0.0402  0.0396  0.0420  0.0416
  0.0448  0.0448  0.0397  0.0392  0.0392  0.0397
  0.0422  0.0422  0.0410  0.0397  0.0393  0.0392
  0.0433  0.0409  0.0430  0.0424  0.0411  0.0400
  0.0485  0.0422  0.0457  0.0463  0.0432  0.0414
  0.0557  0.0462  0.0485  0.0508  0.0455  0.0435
niter,ni,del,rscale     4    3   12.0000    1.2000
parameters
   -2.0632   28.5507    3.3376  -12.4511    1.4145    1.9001
eta,q 0.96179  8.05856
  0.0541  0.0498  0.0440  0.0416  0.0457  0.0431
  0.0475  0.0456  0.0395  0.0398  0.0415  0.0402
  0.0417  0.0419  0.0378  0.0386  0.0384  0.0384
  0.0392  0.0392  0.0387  0.0382  0.0383  0.0383
  0.0413  0.0386  0.0403  0.0390  0.0403  0.0394
  0.0475  0.0406  0.0427  0.0424  0.0427  0.0411
  0.0554  0.0453  0.0455  0.0468  0.0449  0.0433
niter,ni,del,rscale     3    3   12.0000    1.2000
parameters
   -2.0164   29.0009    3.1341  -13.0675    1.3994    1.7462
eta,q 0.96200  8.05970
  0.0549  0.0484  0.0448  0.0424  0.0461  0.0431
  0.0481  0.0438  0.0400  0.0400  0.0417  0.0403
  0.0412  0.0400  0.0375  0.0387  0.0382  0.0383
  0.0382  0.0382  0.0381  0.0379  0.0380  0.0380
  0.0405  0.0386  0.0397  0.0382  0.0401  0.0391
  0.0470  0.0414  0.0416  0.0406  0.0426  0.0409
  0.0551  0.0462  0.0444  0.0451  0.0449  0.0432
niter,ni,del,rscale     2    3   12.0000    1.2000
parameters
   -1.9984   29.2032    3.0055  -13.3438    1.4230    1.6575
eta,q 0.96205  8.05865
  0.0550  0.0477  0.0450  0.0428  0.0462  0.0431
  0.0481  0.0431  0.0402  0.0401  0.0418  0.0404
  0.0411  0.0395  0.0375  0.0388  0.0383  0.0384
  0.0380  0.0380  0.0380  0.0379  0.0379  0.0380
  0.0406  0.0389  0.0396  0.0380  0.0400  0.0389
  0.0473  0.0419  0.0415  0.0401  0.0426  0.0408
  0.0555  0.0468  0.0443  0.0443  0.0449  0.0432
niter,ni,del,rscale     1    3   12.0000    1.2000
parameters
   -1.9976   29.2895    2.9325  -13.4657    1.4523    1.6073
eta,q 0.96208  8.05694
  0.0551  0.0474  0.0452  0.0430  0.0463  0.0432
  0.0482  0.0428  0.0404  0.0401  0.0418  0.0405
  0.0410  0.0392  0.0376  0.0388  0.0382  0.0384
  0.0379  0.0379  0.0379  0.0379  0.0379  0.0379
  0.0406  0.0391  0.0396  0.0379  0.0400  0.0389
  0.0474  0.0421  0.0415  0.0399  0.0426  0.0408
  0.0557  0.0471  0.0443  0.0440  0.0449  0.0431
registration optimization eta report
parameter search radius
    6.0000    6.0000    6.0000    7.9350    6.0000    6.0000
100000*second partial in parameter space
       47.       26.       19.        9.       21.       14.
  0.0551  0.0474  0.0452  0.0430  0.0463  0.0432
  0.0482  0.0428  0.0404  0.0401  0.0418  0.0405
  0.0410  0.0392  0.0376  0.0388  0.0382  0.0384
  0.0379  0.0379  0.0379  0.0379  0.0379  0.0379
  0.0406  0.0391  0.0396  0.0379  0.0400  0.0389
  0.0474  0.0421  0.0415  0.0399  0.0426  0.0408
  0.0557  0.0471  0.0443  0.0440  0.0449  0.0431
   -1.9976   29.2895    2.9325  -13.4657    1.4523    1.6073
eta,q 0.96208  8.05694

---------------------------------------------------------------------
imgreg_4dfp /opt/freesurfer/average/711-2C_as_mni_average_305 /opt/freesurfer/average/711-2B_as_mni_average_305_mask talsrcimg_g11 none talsrcimg_to_711-2C_as_mni_average_305_t4 3335
---------------------------------------------------------------------

freesurfer imgreg_4dfp.c
/opt/freesurfer/average/711-2C_as_mni_average_305.4dfp.img
       256       256       256         1
  1.000000  1.000000  1.000000
orientation T byte_order littleendian
Reading image: /opt/freesurfer/average/711-2C_as_mni_average_305.4dfp.img
dimensions:      256       256       256
mmppix:       1.0000   -1.0000   -1.0000
center:     128.0000 -129.0000 -129.0000
/opt/freesurfer/average/711-2B_as_mni_average_305_mask.4dfp.img
       256       256       256         1
  1.000000  1.000000  1.000000
orientation T byte_order littleendian
Reading mask: /opt/freesurfer/average/711-2B_as_mni_average_305_mask.4dfp.img (2306576 pixels)
talsrcimg_g11.4dfp.img
       256       256       256         1
  1.000000  1.000000  1.000000
orientation T byte_order littleendian
Reading image: talsrcimg_g11.4dfp.img
dimensions:      256       256       256
mmppix:       1.0000   -1.0000   -1.0000
center:     128.0000 -129.0000 -129.0000
fimgreg.f
image alignment mode   3335 decimal      D07 hex
parameters
   -1.9976   29.2895    2.9325   -0.0715   -2.7708   -2.7803
   -2.1378   -3.1171    2.8039   23.2080    2.5346  -23.2788
eta,q 0.96342  8.07113
niter,ni,del,rscale     5    3    5.0000    1.2000
parameter  4  0.652222 ->  0.500000 qaram    1.1500
parameter 11  0.789938 ->  0.500000 qaram    1.1500
parameter 12 -0.665175 -> -0.500000 qaram    1.1500
parameters
   -1.9108   29.5952    2.5277   -4.2115   -6.1618   -3.5083
   -2.5972   -3.7099    2.3174   25.1665   -1.6054  -19.1388
eta,q 0.96628  7.80297
  0.0393  0.0390  0.0374  0.0356  0.0353  0.0363  0.0363  0.0374  0.0360  0.0381  0.0341  0.0366
  0.0379  0.0378  0.0368  0.0352  0.0347  0.0359  0.0355  0.0360  0.0353  0.0367  0.0340  0.0355
  0.0370  0.0370  0.0365  0.0354  0.0347  0.0353  0.0349  0.0350  0.0349  0.0355  0.0342  0.0346
  0.0366  0.0366  0.0365  0.0365  0.0352  0.0346  0.0348  0.0348  0.0348  0.0348  0.0345  0.0341
  0.0368  0.0366  0.0368  0.0383  0.0364  0.0347  0.0350  0.0354  0.0350  0.0346  0.0351  0.0338
  0.0376  0.0371  0.0374  0.0408  0.0385  0.0358  0.0358  0.0366  0.0355  0.0350  0.0357  0.0337
  0.0390  0.0380  0.0382  0.0438  0.0413  0.0382  0.0368  0.0385  0.0364  0.0359  0.0365  0.0337
niter,ni,del,rscale     7    3    5.0000    1.2000
parameter  2 -0.563720 -> -0.500000 qaram    1.1500
parameters
   -1.8886   30.9752    2.0571   -4.5181   -7.8544   -4.9271
   -2.0028   -3.0971    2.2649   28.1797   -2.1407  -15.8059
eta,q 0.96717  7.65931
  0.0361  0.0372  0.0339  0.0360  0.0341  0.0341  0.0350  0.0362  0.0347  0.0364  0.0338  0.0343
  0.0348  0.0357  0.0334  0.0350  0.0337  0.0339  0.0343  0.0350  0.0340  0.0352  0.0333  0.0337
  0.0340  0.0345  0.0332  0.0339  0.0333  0.0336  0.0337  0.0340  0.0336  0.0342  0.0331  0.0333
  0.0337  0.0337  0.0332  0.0331  0.0332  0.0332  0.0335  0.0334  0.0334  0.0334  0.0330  0.0330
  0.0339  0.0333  0.0335  0.0333  0.0335  0.0333  0.0335  0.0336  0.0336  0.0330  0.0332  0.0329
  0.0347  0.0332  0.0340  0.0348  0.0346  0.0343  0.0339  0.0343  0.0340  0.0332  0.0335  0.0329
  0.0360  0.0335  0.0346  0.0372  0.0366  0.0365  0.0346  0.0355  0.0348  0.0338  0.0340  0.0332
niter,ni,del,rscale     7    3    5.0000    1.2000
parameters
   -1.9556   31.3594    2.6799   -5.7354  -10.7055   -5.4879
   -3.0143   -2.5719    1.7600   29.1827   -0.8765  -14.3621
eta,q 0.96735  7.46594
  0.0348  0.0355  0.0342  0.0345  0.0331  0.0340  0.0336  0.0358  0.0337  0.0355  0.0342  0.0343
  0.0337  0.0342  0.0336  0.0338  0.0328  0.0336  0.0332  0.0344  0.0331  0.0343  0.0334  0.0335
  0.0330  0.0333  0.0331  0.0331  0.0327  0.0331  0.0329  0.0333  0.0328  0.0333  0.0329  0.0329
  0.0328  0.0328  0.0328  0.0327  0.0328  0.0327  0.0328  0.0328  0.0327  0.0327  0.0327  0.0327
  0.0331  0.0329  0.0327  0.0330  0.0333  0.0329  0.0330  0.0329  0.0329  0.0328  0.0327  0.0327
  0.0338  0.0334  0.0329  0.0344  0.0343  0.0336  0.0335  0.0337  0.0333  0.0334  0.0330  0.0330
  0.0351  0.0344  0.0333  0.0367  0.0358  0.0350  0.0344  0.0352  0.0340  0.0344  0.0335  0.0334
niter,ni,del,rscale     6    3    5.0000    1.2000
parameters
   -1.9764   31.4475    2.4264   -6.6466  -11.4469   -6.1618
   -2.9987   -2.6334    1.8103   29.1113   -0.4285  -13.8203
eta,q 0.96721  7.37310
  0.0346  0.0347  0.0334  0.0341  0.0336  0.0340  0.0339  0.0355  0.0339  0.0348  0.0339  0.0341
  0.0335  0.0335  0.0329  0.0335  0.0330  0.0336  0.0334  0.0342  0.0333  0.0338  0.0333  0.0333
  0.0329  0.0329  0.0327  0.0330  0.0328  0.0331  0.0330  0.0332  0.0329  0.0330  0.0329  0.0329
  0.0327  0.0326  0.0327  0.0326  0.0327  0.0327  0.0328  0.0328  0.0328  0.0328  0.0328  0.0328
  0.0328  0.0328  0.0328  0.0327  0.0328  0.0329  0.0328  0.0331  0.0329  0.0331  0.0329  0.0329
  0.0335  0.0334  0.0332  0.0337  0.0333  0.0336  0.0332  0.0341  0.0333  0.0339  0.0332  0.0332
  0.0347  0.0344  0.0338  0.0357  0.0342  0.0350  0.0340  0.0357  0.0339  0.0349  0.0337  0.0337
niter,ni,del,rscale     5    3    5.0000    1.2000
parameters
   -1.9727   31.3444    1.9129   -6.9108  -11.5073   -7.2363
   -2.8021   -2.6191    1.9088   28.7686    0.0243  -13.5343
eta,q 0.96717  7.31653
  0.0346  0.0345  0.0333  0.0342  0.0339  0.0338  0.0340  0.0354  0.0340  0.0347  0.0338  0.0340
  0.0336  0.0335  0.0329  0.0335  0.0332  0.0335  0.0335  0.0343  0.0334  0.0337  0.0333  0.0333
  0.0330  0.0329  0.0327  0.0331  0.0328  0.0330  0.0331  0.0333  0.0330  0.0330  0.0330  0.0329
  0.0328  0.0328  0.0328  0.0327  0.0328  0.0327  0.0328  0.0328  0.0328  0.0328  0.0328  0.0328
  0.0330  0.0331  0.0330  0.0326  0.0329  0.0330  0.0329  0.0331  0.0329  0.0332  0.0329  0.0330
  0.0336  0.0337  0.0334  0.0332  0.0332  0.0338  0.0333  0.0340  0.0333  0.0340  0.0332  0.0333
  0.0346  0.0347  0.0339  0.0349  0.0340  0.0352  0.0340  0.0356  0.0340  0.0350  0.0337  0.0338
niter,ni,del,rscale     4    3    5.0000    1.2000
parameters
   -1.9172   31.2705    1.3313   -6.9591  -11.3873   -8.4660
   -2.6757   -2.5611    1.9643   28.5377    0.3985  -13.3243
eta,q 0.96715  7.27508
  0.0346  0.0346  0.0332  0.0342  0.0340  0.0337  0.0340  0.0354  0.0340  0.0347  0.0338  0.0339
  0.0337  0.0335  0.0329  0.0335  0.0332  0.0334  0.0335  0.0343  0.0334  0.0337  0.0333  0.0333
  0.0331  0.0330  0.0328  0.0331  0.0328  0.0330  0.0331  0.0333  0.0330  0.0331  0.0330  0.0329
  0.0328  0.0328  0.0328  0.0328  0.0328  0.0328  0.0329  0.0329  0.0329  0.0329  0.0329  0.0329
  0.0330  0.0331  0.0331  0.0327  0.0329  0.0329  0.0329  0.0330  0.0330  0.0332  0.0329  0.0330
  0.0335  0.0337  0.0334  0.0331  0.0332  0.0338  0.0333  0.0340  0.0333  0.0339  0.0332  0.0333
  0.0345  0.0347  0.0339  0.0346  0.0339  0.0352  0.0341  0.0355  0.0340  0.0349  0.0336  0.0338
niter,ni,del,rscale     3    3    5.0000    1.2000
parameters
   -1.8781   31.2894    0.8806   -6.8719  -11.1705   -9.4315
   -2.6323   -2.5520    1.9826   28.4769    0.5818  -13.1359
eta,q 0.96712  7.25655
  0.0345  0.0347  0.0333  0.0342  0.0341  0.0338  0.0340  0.0353  0.0340  0.0347  0.0337  0.0339
  0.0337  0.0336  0.0330  0.0335  0.0333  0.0334  0.0335  0.0342  0.0334  0.0338  0.0333  0.0333
  0.0331  0.0330  0.0328  0.0331  0.0329  0.0331  0.0331  0.0333  0.0330  0.0331  0.0330  0.0330
  0.0329  0.0329  0.0329  0.0328  0.0328  0.0328  0.0329  0.0329  0.0329  0.0329  0.0329  0.0329
  0.0330  0.0331  0.0330  0.0327  0.0329  0.0329  0.0329  0.0331  0.0330  0.0332  0.0329  0.0330
  0.0335  0.0337  0.0333  0.0331  0.0332  0.0337  0.0333  0.0340  0.0334  0.0338  0.0332  0.0333
  0.0345  0.0346  0.0338  0.0345  0.0339  0.0350  0.0341  0.0355  0.0340  0.0348  0.0337  0.0338
niter,ni,del,rscale     2    3    5.0000    1.2000
parameters
   -1.8815   31.3604    0.6340   -6.7640  -11.0464   -9.9733
   -2.5797   -2.5853    1.9627   28.5006    0.6623  -13.0074
eta,q 0.96709  7.25071
  0.0345  0.0348  0.0334  0.0341  0.0341  0.0339  0.0340  0.0352  0.0340  0.0347  0.0337  0.0339
  0.0336  0.0337  0.0331  0.0335  0.0334  0.0335  0.0335  0.0342  0.0334  0.0338  0.0333  0.0333
  0.0331  0.0331  0.0329  0.0332  0.0330  0.0331  0.0331  0.0333  0.0331  0.0332  0.0330  0.0330
  0.0329  0.0329  0.0329  0.0329  0.0329  0.0329  0.0329  0.0329  0.0329  0.0329  0.0329  0.0329
  0.0330  0.0331  0.0330  0.0327  0.0330  0.0328  0.0330  0.0331  0.0330  0.0332  0.0330  0.0330
  0.0336  0.0337  0.0333  0.0331  0.0332  0.0334  0.0333  0.0340  0.0334  0.0338  0.0332  0.0333
  0.0345  0.0346  0.0337  0.0345  0.0340  0.0347  0.0341  0.0355  0.0340  0.0347  0.0337  0.0338
niter,ni,del,rscale     1    3    5.0000    1.2000
parameters
   -1.9047   31.4269    0.5002   -6.7292  -11.0298  -10.2576
   -2.5059   -2.6364    1.9498   28.5659    0.6711  -12.9071
eta,q 0.96707  7.24579
  0.0344  0.0348  0.0335  0.0341  0.0340  0.0339  0.0340  0.0352  0.0340  0.0347  0.0336  0.0339
  0.0336  0.0337  0.0332  0.0335  0.0334  0.0335  0.0335  0.0342  0.0334  0.0338  0.0333  0.0334
  0.0331  0.0331  0.0330  0.0332  0.0330  0.0332  0.0331  0.0333  0.0331  0.0332  0.0330  0.0330
  0.0329  0.0329  0.0329  0.0329  0.0329  0.0329  0.0329  0.0329  0.0329  0.0329  0.0329  0.0329
  0.0331  0.0331  0.0330  0.0327  0.0330  0.0328  0.0330  0.0331  0.0330  0.0332  0.0330  0.0330
  0.0336  0.0337  0.0333  0.0331  0.0333  0.0333  0.0334  0.0340  0.0334  0.0338  0.0332  0.0334
  0.0345  0.0346  0.0337  0.0345  0.0341  0.0345  0.0341  0.0355  0.0341  0.0347  0.0337  0.0338
registration optimization eta report
parameter search radius
    2.4000    2.7600    2.4000    8.2800    7.2000    7.2000
    7.2000    7.2000    7.2000    7.2000    8.2800    8.2800
100000*second partial in parameter space
       27.       23.       12.        2.        2.        3.
        2.        5.        2.        3.        1.        1.
  0.0344  0.0348  0.0335  0.0341  0.0340  0.0339  0.0340  0.0352  0.0340  0.0347  0.0336  0.0339
  0.0336  0.0337  0.0332  0.0335  0.0334  0.0335  0.0335  0.0342  0.0334  0.0338  0.0333  0.0334
  0.0331  0.0331  0.0330  0.0332  0.0330  0.0332  0.0331  0.0333  0.0331  0.0332  0.0330  0.0330
  0.0329  0.0329  0.0329  0.0329  0.0329  0.0329  0.0329  0.0329  0.0329  0.0329  0.0329  0.0329
  0.0331  0.0331  0.0330  0.0327  0.0330  0.0328  0.0330  0.0331  0.0330  0.0332  0.0330  0.0330
  0.0336  0.0337  0.0333  0.0331  0.0333  0.0333  0.0334  0.0340  0.0334  0.0338  0.0332  0.0334
  0.0345  0.0346  0.0337  0.0345  0.0341  0.0345  0.0341  0.0355  0.0341  0.0347  0.0337  0.0338
   -1.9047   31.4269    0.5002   -6.7292  -11.0298  -10.2576
   -2.5059   -2.6364    1.9498   28.5659    0.6711  -12.9071
eta,q 0.96707  7.24579

---------------------------------------------------------------------
imgreg_4dfp /opt/freesurfer/average/711-2C_as_mni_average_305 /opt/freesurfer/average/711-2B_as_mni_average_305_mask talsrcimg_g11 none talsrcimg_to_711-2C_as_mni_average_305_t4 2311
---------------------------------------------------------------------

freesurfer imgreg_4dfp.c
/opt/freesurfer/average/711-2C_as_mni_average_305.4dfp.img
       256       256       256         1
  1.000000  1.000000  1.000000
orientation T byte_order littleendian
Reading image: /opt/freesurfer/average/711-2C_as_mni_average_305.4dfp.img
dimensions:      256       256       256
mmppix:       1.0000   -1.0000   -1.0000
center:     128.0000 -129.0000 -129.0000
/opt/freesurfer/average/711-2B_as_mni_average_305_mask.4dfp.img
       256       256       256         1
  1.000000  1.000000  1.000000
orientation T byte_order littleendian
Reading mask: /opt/freesurfer/average/711-2B_as_mni_average_305_mask.4dfp.img (2306576 pixels)
talsrcimg_g11.4dfp.img
       256       256       256         1
  1.000000  1.000000  1.000000
orientation T byte_order littleendian
Reading image: talsrcimg_g11.4dfp.img
dimensions:      256       256       256
mmppix:       1.0000   -1.0000   -1.0000
center:     128.0000 -129.0000 -129.0000
fimgreg.f
image alignment mode   2311 decimal      907 hex
parameters
   -1.9047   31.4269    0.5002   -6.7292  -11.0298  -10.2576
   -2.5059   -2.6364    1.9498   28.5659    0.6711  -12.9071
eta,q 0.96707  7.24579
niter,ni,del,rscale     5    3    5.0000    0.8000
parameter  4 -0.583560 -> -0.500000 qaram    1.1500
parameters
   -1.8871   31.4118    0.4071   -3.9692  -10.2720   -9.9252
   -2.8734   -2.6636    1.5478   27.8353    0.2192  -13.3268
eta,q 0.96731  7.38625
  0.0336  0.0335  0.0332  0.0334  0.0333  0.0334  0.0332  0.0340  0.0332  0.0334  0.0330  0.0330
  0.0333  0.0332  0.0330  0.0332  0.0330  0.0331  0.0329  0.0333  0.0329  0.0330  0.0328  0.0328
  0.0330  0.0330  0.0330  0.0331  0.0328  0.0329  0.0328  0.0329  0.0328  0.0327  0.0327  0.0327
  0.0329  0.0329  0.0329  0.0329  0.0327  0.0327  0.0327  0.0327  0.0327  0.0327  0.0327  0.0327
  0.0330  0.0330  0.0330  0.0328  0.0327  0.0327  0.0328  0.0329  0.0328  0.0329  0.0328  0.0327
  0.0332  0.0332  0.0331  0.0328  0.0328  0.0329  0.0330  0.0333  0.0330  0.0334  0.0329  0.0329
  0.0336  0.0335  0.0333  0.0329  0.0331  0.0333  0.0334  0.0341  0.0333  0.0339  0.0331  0.0331
niter,ni,del,rscale     5    3    5.0000    0.8000
parameters
   -1.9063   31.4747    0.5810   -4.9292   -9.9112   -9.2803
   -2.6264   -2.4289    1.6507   28.0446    0.3046  -13.7654
eta,q 0.96729  7.39357
  0.0335  0.0334  0.0331  0.0333  0.0332  0.0334  0.0333  0.0341  0.0332  0.0338  0.0331  0.0330
  0.0331  0.0330  0.0329  0.0331  0.0330  0.0332  0.0330  0.0334  0.0330  0.0332  0.0329  0.0328
  0.0328  0.0328  0.0328  0.0329  0.0328  0.0329  0.0328  0.0329  0.0328  0.0328  0.0328  0.0327
  0.0327  0.0327  0.0327  0.0327  0.0328  0.0328  0.0327  0.0327  0.0327  0.0327  0.0327  0.0327
  0.0328  0.0327  0.0327  0.0328  0.0328  0.0327  0.0328  0.0328  0.0328  0.0328  0.0327  0.0328
  0.0331  0.0329  0.0328  0.0333  0.0329  0.0328  0.0329  0.0332  0.0329  0.0331  0.0329  0.0329
  0.0336  0.0333  0.0330  0.0344  0.0332  0.0332  0.0332  0.0339  0.0332  0.0336  0.0330  0.0331
niter,ni,del,rscale     4    3    5.0000    0.7000
parameters
   -1.8206   31.3765    0.8661   -4.9388   -9.8519   -8.7361
   -2.8546   -2.3473    1.5935   28.0049    0.1585  -13.9715
eta,q 0.96734  7.41287
  0.0334  0.0331  0.0331  0.0333  0.0330  0.0333  0.0330  0.0337  0.0330  0.0334  0.0329  0.0329
  0.0330  0.0329  0.0329  0.0330  0.0328  0.0330  0.0328  0.0332  0.0328  0.0330  0.0328  0.0328
  0.0328  0.0327  0.0328  0.0329  0.0327  0.0328  0.0327  0.0328  0.0327  0.0327  0.0327  0.0327
  0.0327  0.0327  0.0327  0.0327  0.0327  0.0327  0.0327  0.0327  0.0327  0.0327  0.0327  0.0327
  0.0327  0.0328  0.0327  0.0326  0.0327  0.0327  0.0327  0.0328  0.0327  0.0328  0.0327  0.0327
  0.0329  0.0330  0.0327  0.0329  0.0328  0.0328  0.0329  0.0331  0.0328  0.0330  0.0328  0.0328
  0.0332  0.0332  0.0329  0.0335  0.0330  0.0331  0.0331  0.0337  0.0331  0.0335  0.0330  0.0330
niter,ni,del,rscale     3    3    5.0000    0.6000
parameters
   -1.8016   31.3118    1.0310   -4.7247   -9.6872   -8.3545
   -3.0047   -2.3124    1.5366   27.9210   -0.0533  -14.1464
eta,q 0.96739  7.43977
  0.0331  0.0330  0.0329  0.0331  0.0329  0.0331  0.0329  0.0334  0.0329  0.0332  0.0328  0.0328
  0.0329  0.0328  0.0328  0.0329  0.0328  0.0329  0.0327  0.0330  0.0327  0.0329  0.0327  0.0327
  0.0327  0.0327  0.0327  0.0328  0.0327  0.0327  0.0326  0.0327  0.0326  0.0327  0.0326  0.0326
  0.0327  0.0327  0.0327  0.0327  0.0326  0.0326  0.0326  0.0326  0.0326  0.0326  0.0326  0.0326
  0.0327  0.0327  0.0327  0.0326  0.0326  0.0326  0.0327  0.0327  0.0327  0.0327  0.0327  0.0326
  0.0328  0.0328  0.0327  0.0327  0.0327  0.0327  0.0328  0.0330  0.0328  0.0329  0.0327  0.0327
  0.0331  0.0331  0.0328  0.0332  0.0329  0.0330  0.0330  0.0334  0.0329  0.0332  0.0328  0.0328
niter,ni,del,rscale     2    3    5.0000    0.5000
parameters
   -1.8135   31.2814    1.1570   -4.4476   -9.4968   -8.0613
   -3.1408   -2.3018    1.4942   27.8742   -0.2772  -14.3257
eta,q 0.96742  7.46824
  0.0329  0.0329  0.0328  0.0330  0.0328  0.0329  0.0328  0.0331  0.0328  0.0330  0.0327  0.0327
  0.0328  0.0327  0.0327  0.0329  0.0327  0.0328  0.0327  0.0328  0.0327  0.0328  0.0326  0.0326
  0.0327  0.0326  0.0326  0.0327  0.0326  0.0327  0.0326  0.0327  0.0326  0.0326  0.0326  0.0326
  0.0326  0.0326  0.0326  0.0326  0.0326  0.0326  0.0326  0.0326  0.0326  0.0326  0.0326  0.0326
  0.0326  0.0327  0.0326  0.0326  0.0326  0.0326  0.0326  0.0326  0.0326  0.0326  0.0326  0.0326
  0.0328  0.0327  0.0327  0.0327  0.0326  0.0327  0.0327  0.0328  0.0327  0.0328  0.0327  0.0327
  0.0329  0.0329  0.0327  0.0330  0.0328  0.0329  0.0328  0.0331  0.0328  0.0330  0.0328  0.0327
niter,ni,del,rscale     1    3    5.0000    0.4000
parameters
   -1.8388   31.2786    1.2560   -4.1722   -9.3359   -7.7957
   -3.2379   -2.3308    1.4599   27.9008   -0.4880  -14.5222
eta,q 0.96744  7.49580
  0.0328  0.0327  0.0327  0.0329  0.0327  0.0328  0.0327  0.0329  0.0327  0.0328  0.0326  0.0326
  0.0327  0.0327  0.0326  0.0328  0.0326  0.0327  0.0326  0.0327  0.0326  0.0327  0.0326  0.0326
  0.0326  0.0326  0.0326  0.0327  0.0326  0.0326  0.0326  0.0326  0.0326  0.0326  0.0326  0.0326
  0.0326  0.0326  0.0326  0.0326  0.0326  0.0326  0.0326  0.0326  0.0326  0.0326  0.0326  0.0326
  0.0326  0.0326  0.0326  0.0326  0.0326  0.0326  0.0326  0.0326  0.0326  0.0326  0.0326  0.0326
  0.0327  0.0327  0.0326  0.0326  0.0326  0.0326  0.0326  0.0327  0.0326  0.0327  0.0326  0.0326
  0.0328  0.0327  0.0327  0.0328  0.0327  0.0327  0.0327  0.0329  0.0327  0.0328  0.0327  0.0327
registration optimization eta report
parameter search radius
    0.8000    0.8000    0.8000    2.7600    2.4000    2.4000
    2.4000    2.4000    2.4000    2.4000    2.4000    2.4000
100000*second partial in parameter space
       34.       26.       16.        4.        2.        3.
        3.        6.        2.        5.        2.        2.
  0.0328  0.0327  0.0327  0.0329  0.0327  0.0328  0.0327  0.0329  0.0327  0.0328  0.0326  0.0326
  0.0327  0.0327  0.0326  0.0328  0.0326  0.0327  0.0326  0.0327  0.0326  0.0327  0.0326  0.0326
  0.0326  0.0326  0.0326  0.0327  0.0326  0.0326  0.0326  0.0326  0.0326  0.0326  0.0326  0.0326
  0.0326  0.0326  0.0326  0.0326  0.0326  0.0326  0.0326  0.0326  0.0326  0.0326  0.0326  0.0326
  0.0326  0.0326  0.0326  0.0326  0.0326  0.0326  0.0326  0.0326  0.0326  0.0326  0.0326  0.0326
  0.0327  0.0327  0.0326  0.0326  0.0326  0.0326  0.0326  0.0327  0.0326  0.0327  0.0326  0.0326
  0.0328  0.0327  0.0327  0.0328  0.0327  0.0327  0.0327  0.0329  0.0327  0.0328  0.0327  0.0327
   -1.8388   31.2786    1.2560   -4.1722   -9.3359   -7.7957
   -3.2379   -2.3308    1.4599   27.9008   -0.4880  -14.5222
eta,q 0.96744  7.49580

---------------------------------------------------------------------
imgreg_4dfp /opt/freesurfer/average/711-2C_as_mni_average_305 /opt/freesurfer/average/711-2B_as_mni_average_305_mask talsrcimg_g11 none talsrcimg_to_711-2C_as_mni_average_305_t4 2311
---------------------------------------------------------------------

freesurfer imgreg_4dfp.c
/opt/freesurfer/average/711-2C_as_mni_average_305.4dfp.img
       256       256       256         1
  1.000000  1.000000  1.000000
orientation T byte_order littleendian
Reading image: /opt/freesurfer/average/711-2C_as_mni_average_305.4dfp.img
dimensions:      256       256       256
mmppix:       1.0000   -1.0000   -1.0000
center:     128.0000 -129.0000 -129.0000
/opt/freesurfer/average/711-2B_as_mni_average_305_mask.4dfp.img
       256       256       256         1
  1.000000  1.000000  1.000000
orientation T byte_order littleendian
Reading mask: /opt/freesurfer/average/711-2B_as_mni_average_305_mask.4dfp.img (2306576 pixels)
talsrcimg_g11.4dfp.img
       256       256       256         1
  1.000000  1.000000  1.000000
orientation T byte_order littleendian
Reading image: talsrcimg_g11.4dfp.img
dimensions:      256       256       256
mmppix:       1.0000   -1.0000   -1.0000
center:     128.0000 -129.0000 -129.0000
fimgreg.f
image alignment mode   2311 decimal      907 hex
parameters
   -1.8388   31.2786    1.2560   -4.1722   -9.3359   -7.7957
   -3.2379   -2.3308    1.4599   27.9008   -0.4880  -14.5222
eta,q 0.96744  7.49579
niter,ni,del,rscale     5    3    5.0000    0.8000
parameters
   -1.8571   31.3113    1.3863   -4.7953   -9.9355   -7.8308
   -3.0092   -2.2970    1.5942   28.2115   -0.2859  -14.2531
eta,q 0.96740  7.44670
  0.0335  0.0333  0.0330  0.0332  0.0330  0.0333  0.0332  0.0339  0.0332  0.0338  0.0330  0.0330
  0.0330  0.0329  0.0328  0.0329  0.0328  0.0330  0.0329  0.0332  0.0329  0.0332  0.0328  0.0328
  0.0326  0.0326  0.0326  0.0327  0.0326  0.0328  0.0327  0.0328  0.0327  0.0328  0.0327  0.0326
  0.0326  0.0326  0.0326  0.0326  0.0326  0.0326  0.0326  0.0326  0.0326  0.0326  0.0326  0.0326
  0.0327  0.0326  0.0326  0.0326  0.0326  0.0326  0.0326  0.0327  0.0326  0.0327  0.0326  0.0326
  0.0330  0.0328  0.0327  0.0331  0.0329  0.0329  0.0328  0.0332  0.0328  0.0330  0.0328  0.0328
  0.0335  0.0332  0.0329  0.0339  0.0333  0.0335  0.0331  0.0339  0.0331  0.0335  0.0329  0.0329
niter,ni,del,rscale     4    3    5.0000    0.7000
parameters
   -1.8194   31.3124    1.3278   -4.8621  -10.0471   -7.8766
   -3.0062   -2.3184    1.6017   28.1407   -0.2588  -14.1623
eta,q 0.96739  7.43680
  0.0333  0.0331  0.0329  0.0331  0.0329  0.0332  0.0330  0.0336  0.0330  0.0334  0.0329  0.0329
  0.0329  0.0328  0.0327  0.0329  0.0327  0.0329  0.0328  0.0331  0.0328  0.0330  0.0327  0.0327
  0.0327  0.0327  0.0326  0.0327  0.0326  0.0327  0.0327  0.0327  0.0327  0.0327  0.0326  0.0326
  0.0326  0.0326  0.0326  0.0326  0.0326  0.0326  0.0326  0.0326  0.0326  0.0326  0.0326  0.0326
  0.0327  0.0327  0.0327  0.0326  0.0326  0.0326  0.0326  0.0327  0.0326  0.0327  0.0326  0.0326
  0.0329  0.0328  0.0327  0.0328  0.0327  0.0328  0.0328  0.0331  0.0328  0.0330  0.0327  0.0327
  0.0332  0.0331  0.0329  0.0333  0.0330  0.0333  0.0330  0.0337  0.0330  0.0334  0.0329  0.0329
niter,ni,del,rscale     3    3    5.0000    0.6000
parameters
   -1.8187   31.2965    1.2889   -4.6163   -9.8718   -7.8663
   -3.0888   -2.3267    1.5527   28.0210   -0.3336  -14.2279
eta,q 0.96741  7.45300
  0.0331  0.0330  0.0328  0.0330  0.0328  0.0330  0.0329  0.0334  0.0329  0.0332  0.0328  0.0328
  0.0328  0.0328  0.0327  0.0328  0.0327  0.0328  0.0327  0.0329  0.0327  0.0328  0.0327  0.0327
  0.0327  0.0326  0.0326  0.0327  0.0326  0.0327  0.0326  0.0327  0.0326  0.0326  0.0326  0.0326
  0.0326  0.0326  0.0326  0.0326  0.0326  0.0326  0.0326  0.0326  0.0326  0.0326  0.0326  0.0326
  0.0327  0.0326  0.0326  0.0326  0.0326  0.0326  0.0326  0.0327  0.0326  0.0327  0.0326  0.0326
  0.0328  0.0328  0.0327  0.0327  0.0327  0.0328  0.0327  0.0329  0.0327  0.0329  0.0327  0.0327
  0.0331  0.0330  0.0328  0.0330  0.0328  0.0331  0.0329  0.0334  0.0329  0.0332  0.0328  0.0328
niter,ni,del,rscale     2    3    5.0000    0.5000
parameters
   -1.8404   31.2904    1.3012   -4.3301   -9.6156   -7.7666
   -3.1573   -2.3565    1.4808   27.9497   -0.4307  -14.3525
eta,q 0.96743  7.47802
  0.0329  0.0328  0.0327  0.0329  0.0328  0.0329  0.0328  0.0331  0.0328  0.0330  0.0327  0.0327
  0.0327  0.0327  0.0327  0.0328  0.0327  0.0327  0.0327  0.0328  0.0327  0.0327  0.0326  0.0326
  0.0326  0.0326  0.0326  0.0327  0.0326  0.0326  0.0326  0.0326  0.0326  0.0326  0.0326  0.0326
  0.0326  0.0326  0.0326  0.0326  0.0326  0.0326  0.0326  0.0326  0.0326  0.0326  0.0326  0.0326
  0.0326  0.0326  0.0326  0.0326  0.0326  0.0326  0.0326  0.0326  0.0326  0.0326  0.0326  0.0326
  0.0327  0.0327  0.0327  0.0326  0.0326  0.0327  0.0327  0.0328  0.0327  0.0328  0.0326  0.0326
  0.0329  0.0328  0.0327  0.0329  0.0327  0.0329  0.0328  0.0331  0.0328  0.0330  0.0327  0.0327
niter,ni,del,rscale     1    3    5.0000    0.4000
parameters
   -1.8675   31.2988    1.3584   -4.0686   -9.4123   -7.5856
   -3.2274   -2.4055    1.4278   27.9520   -0.5835  -14.5279
eta,q 0.96746  7.50382
  0.0328  0.0327  0.0327  0.0328  0.0327  0.0328  0.0327  0.0329  0.0327  0.0328  0.0326  0.0326
  0.0327  0.0326  0.0326  0.0327  0.0326  0.0327  0.0326  0.0327  0.0326  0.0327  0.0326  0.0326
  0.0326  0.0326  0.0326  0.0326  0.0326  0.0326  0.0326  0.0326  0.0326  0.0326  0.0326  0.0326
  0.0326  0.0326  0.0326  0.0326  0.0326  0.0326  0.0325  0.0325  0.0325  0.0325  0.0325  0.0325
  0.0326  0.0326  0.0326  0.0325  0.0325  0.0326  0.0326  0.0326  0.0326  0.0326  0.0326  0.0326
  0.0327  0.0326  0.0326  0.0326  0.0326  0.0326  0.0326  0.0327  0.0326  0.0327  0.0326  0.0326
  0.0328  0.0327  0.0326  0.0328  0.0326  0.0327  0.0327  0.0329  0.0327  0.0328  0.0327  0.0327
registration optimization eta report
parameter search radius
    0.8000    0.8000    0.8000    2.4000    2.4000    2.4000
    2.4000    2.4000    2.4000    2.4000    2.4000    2.4000
100000*second partial in parameter space
       35.       26.       15.        4.        2.        4.
        3.        6.        2.        5.        2.        2.
  0.0328  0.0327  0.0327  0.0328  0.0327  0.0328  0.0327  0.0329  0.0327  0.0328  0.0326  0.0326
  0.0327  0.0326  0.0326  0.0327  0.0326  0.0327  0.0326  0.0327  0.0326  0.0327  0.0326  0.0326
  0.0326  0.0326  0.0326  0.0326  0.0326  0.0326  0.0326  0.0326  0.0326  0.0326  0.0326  0.0326
  0.0326  0.0326  0.0326  0.0326  0.0326  0.0326  0.0325  0.0325  0.0325  0.0325  0.0325  0.0325
  0.0326  0.0326  0.0326  0.0325  0.0325  0.0326  0.0326  0.0326  0.0326  0.0326  0.0326  0.0326
  0.0327  0.0326  0.0326  0.0326  0.0326  0.0326  0.0326  0.0327  0.0326  0.0327  0.0326  0.0326
  0.0328  0.0327  0.0326  0.0328  0.0326  0.0327  0.0327  0.0329  0.0327  0.0328  0.0327  0.0327
   -1.8675   31.2988    1.3584   -4.0686   -9.4123   -7.5856
   -3.2274   -2.4055    1.4278   27.9520   -0.5835  -14.5279
eta,q 0.96746  7.50382

---------------------------------------------------------------------
compute_vox2vox talsrcimg talsrcimg_to_711-2C_as_mni_average_305_t4 /opt/freesurfer/average/711-2C_as_mni_average_305
---------------------------------------------------------------------

freesurfer compute_vox2vox.c
Reading: talsrcimg.4dfp.ifh
Reading: talsrcimg_to_711-2C_as_mni_average_305_t4
Reading: /opt/freesurfer/average/711-2C_as_mni_average_305.4dfp.ifh
Writing: talsrcimg_to_711-2C_as_mni_average_305_t4_vox2vox.txt

start time Mon Mar 9 21:48:57 CET 2026
end		time Mon Mar 9 21:50:25 CET 2026

mpr2mni305 success

avi2talxfm orig_nu.mgz /opt/freesurfer/average/mni305.cor.mgz talsrcimg_to_711-2C_as_mni_average_305_t4_vox2vox.txt transforms/talairach.auto.xfm
avi2talxfm done
mv -f /out/sourcedata/freesurfer/sub-v1s2x0051476_ses-1/mri/talsrcimg_to_711-2C_as_mni_average_305_t4_vox2vox.txt /out/sourcedata/freesurfer/sub-v1s2x0051476_ses-1/mri/transforms/talsrcimg_to_711-2C_as_mni_average_305_t4_vox2vox.txt
lta_convert --src orig_nu.mgz --trg /opt/freesurfer/average/mni305.cor.mgz --inxfm transforms/talairach.auto.xfm --outlta transforms/talairach.auto.xfm.lta --subject fsaverage
7.3.2

--src: orig_nu.mgz src image (geometry).
--trg: /opt/freesurfer/average/mni305.cor.mgz trg image (geometry).
--inmni: transforms/talairach.auto.xfm input MNI/XFM transform.
--outlta: transforms/talairach.auto.xfm.lta output LTA.
--s: fsaverage subject name
 LTA read, type : 1
 1.04192   0.01516   0.03955   4.09175;
 0.00381   1.03208   0.16565  -64.03682;
-0.01760  -0.31870   1.05217   0.19658;
 0.00000   0.00000   0.00000   1.00000;
setting subject to fsaverage
Writing  LTA to file transforms/talairach.auto.xfm.lta...
lta_convert successful.
 
 
Started at Mon Mar 9 21:48:57 CET 2026
Ended   at Mon Mar  9 21:50:25 CET 2026
talairach_avi done
