/out/sourcedata/freesurfer/sub-v1s2x0051483_ses-1/mri
/opt/freesurfer/bin/talairach_avi
--i orig_nu.mgz --xfm transforms/talairach.auto.xfm
talairach_avi 7.3.2
Linux dna056 5.14.0-427.37.1.el9_4.x86_64 #1 SMP PREEMPT_DYNAMIC Fri Sep 13 12:41:50 EDT 2024 x86_64 x86_64 x86_64 GNU/Linux
Wed Mar 11 21:04:37 CET 2026
mri_convert orig_nu.mgz talsrcimg.img 
reading from orig_nu.mgz...
TR=0.00, TE=0.00, TI=0.00, flip angle=0.00
i_ras = (-1, 0, 0)
j_ras = (0, 0, -1)
k_ras = (0, 1, 0)
writing to talsrcimg.img...
Analyze Output Matrix
-1.00000   0.00000   0.00000   128.82204;
 0.00000   0.00000   1.00000  -67.66103;
 0.00000  -1.00000   0.00000   129.32204;
 0.00000   0.00000   0.00000   1.00000;
--------------------
INFO: set hdr.hist.orient to -1
mpr2mni305 talsrcimg
Wed Mar 11 21:04:38 CET 2026
/opt/freesurfer/bin/mpr2mni305 talsrcimg
mpr2mni305 7.3.2
target=711-2C_as_mni_average_305

---------------------------------------------------------------------
analyzeto4dfp talsrcimg -O0 -y
---------------------------------------------------------------------

freesurfer ifh2hdr.c
Wed Mar 11 21:04:38 2026
Writing: talsrcimg.4dfp.hdr
freesurfer analyzeto4dfp.c
Reading: talsrcimg.hdr
header size 348 bytes
hdr.dime.datatype	offset=70	value=2
hdr.dime.bitpix		offset=72	value=8
hdr.hist.orient		offset=252	value=-1
dimensionality     4
dimensions       256       256       256         1
Reading: talsrcimg.img
Writing: talsrcimg.4dfp.img
Writing: talsrcimg.4dfp.ifh
ifh2hdr talsrcimg -r0to255
ori=2

---------------------------------------------------------------------
gauss_4dfp talsrcimg 1.1
---------------------------------------------------------------------

freesurfer gauss_4dfp.c
Reading: talsrcimg.4dfp.img
Writing: talsrcimg_g11.4dfp.img
image dimensions 256 256 256 padded to 288 288 288
processing volume 1freesurfer ifh2hdr.c
Wed Mar 11 21:04:40 2026
Writing: talsrcimg_g11.4dfp.hdr

Writing: talsrcimg_g11.4dfp.ifh
including: talsrcimg.4dfp.img.rec in talsrcimg_g11.4dfp.img.rec

---------------------------------------------------------------------
imgreg_4dfp /opt/freesurfer/average/711-2C_as_mni_average_305 none talsrcimg_g11 none talsrcimg_to_711-2C_as_mni_average_305_t4 4355
---------------------------------------------------------------------

freesurfer imgreg_4dfp.c
/opt/freesurfer/average/711-2C_as_mni_average_305.4dfp.img
       256       256       256         1
  1.000000  1.000000  1.000000
orientation T byte_order littleendian
Reading image: /opt/freesurfer/average/711-2C_as_mni_average_305.4dfp.img
dimensions:      256       256       256
mmppix:       1.0000   -1.0000   -1.0000
center:     128.0000 -129.0000 -129.0000
talsrcimg_g11.4dfp.img
       256       256       256         1
  1.000000  1.000000  1.000000
orientation T byte_order littleendian
Reading image: talsrcimg_g11.4dfp.img
dimensions:      256       256       256
mmppix:       1.0000   -1.0000   -1.0000
center:     128.0000 -129.0000 -129.0000
t4_read: open error in t4_sub.f l:  41 t4_file(1:l)talsrcimg_to_711-2C_as_mni_average_305_t4 
t4_read: transform initialized to I4
rotation matrix determinant  1.000000
image alignment mode   4355 decimal     1103 hex
   -7.5000  -45.0000  -45.0000 6328.9302   12.5066
    0.0000  -45.0000  -45.0000 6586.6084   12.5271
    7.5000  -45.0000  -45.0000 6295.3374   12.5404
   -7.5000  -37.5000  -45.0000 6961.4819   12.1362
    0.0000  -37.5000  -45.0000 7257.6924   12.1524
    7.5000  -37.5000  -45.0000 6937.0205   12.1623
   -7.5000  -30.0000  -45.0000 7957.8989   11.8606
    0.0000  -30.0000  -45.0000 8309.1182   11.8738
    7.5000  -30.0000  -45.0000 7918.3354   11.8794
   -7.5000  -22.5000  -45.0000 8980.9844   11.6950
    0.0000  -22.5000  -45.0000 9383.7734   11.7087
    7.5000  -22.5000  -45.0000 8922.8838   11.7142
   -7.5000  -15.0000  -45.000010047.6074   11.6538
    0.0000  -15.0000  -45.000010470.3223   11.6717
    7.5000  -15.0000  -45.0000 9952.7832   11.6811
   -7.5000   -7.5000  -45.000011071.7510   11.6479
    0.0000   -7.5000  -45.000011521.6846   11.6690
    7.5000   -7.5000  -45.000010952.9131   11.6823
   -7.5000    0.0000  -45.000011986.6357   11.6491
    0.0000    0.0000  -45.000012462.1689   11.6691
    7.5000    0.0000  -45.000011857.3408   11.6825
   -7.5000    7.5000  -45.000011996.4443   11.6241
    0.0000    7.5000  -45.000012463.0596   11.6405
    7.5000    7.5000  -45.000011860.9570   11.6499
   -7.5000   15.0000  -45.000011874.8643   11.5986
    0.0000   15.0000  -45.000012355.7783   11.6123
    7.5000   15.0000  -45.000011772.4082   11.6177
   -7.5000   22.5000  -45.000011637.0645   11.5992
    0.0000   22.5000  -45.000012131.1582   11.6135
    7.5000   22.5000  -45.000011560.6211   11.6191
   -7.5000   30.0000  -45.000011373.8936   11.4702
    0.0000   30.0000  -45.000011851.1016   11.4881
    7.5000   30.0000  -45.000011279.4258   11.4974
   -7.5000   37.5000  -45.000011457.6406   11.4927
    0.0000   37.5000  -45.000011942.3154   11.5135
    7.5000   37.5000  -45.000011357.9609   11.5265
   -7.5000   45.0000  -45.000010889.3760   11.2020
    0.0000   45.0000  -45.000011352.7832   11.2212
    7.5000   45.0000  -45.000010779.0908   11.2341
   -7.5000  -45.0000  -37.5000 6650.6626   12.4890
    0.0000  -45.0000  -37.5000 6927.8672   12.5171
    7.5000  -45.0000  -37.5000 6625.1079   12.5288
   -7.5000  -37.5000  -37.5000 7337.7046   12.1149
    0.0000  -37.5000  -37.5000 7657.7095   12.1373
    7.5000  -37.5000  -37.5000 7298.7881   12.1465
   -7.5000  -30.0000  -37.5000 8401.0869   11.8407
    0.0000  -30.0000  -37.5000 8764.8926   11.8585
    7.5000  -30.0000  -37.5000 8331.9502   11.8641
   -7.5000  -22.5000  -37.5000 9497.4492   11.6772
    0.0000  -22.5000  -37.5000 9893.1445   11.6958
    7.5000  -22.5000  -37.5000 9388.8184   11.7011
   -7.5000  -15.0000  -37.500010625.5684   11.6365
    0.0000  -15.0000  -37.500011042.3369   11.6609
    7.5000  -15.0000  -37.500010486.5479   11.6696
   -7.5000   -7.5000  -37.500011703.9072   11.6291
    0.0000   -7.5000  -37.500012142.7822   11.6574
    7.5000   -7.5000  -37.500011561.2891   11.6695
   -7.5000    0.0000  -37.500012649.1064   11.6277
    0.0000    0.0000  -37.500013126.6758   11.6545
    7.5000    0.0000  -37.500012502.7266   11.6667
   -7.5000    7.5000  -37.500012638.0811   11.6014
    0.0000    7.5000  -37.500013117.1973   11.6236
    7.5000    7.5000  -37.500012492.8105   11.6323
   -7.5000   15.0000  -37.500012513.9365   11.5780
    0.0000   15.0000  -37.500012980.3818   11.5961
    7.5000   15.0000  -37.500012383.5400   11.6014
   -7.5000   22.5000  -37.500012269.8916   11.5815
    0.0000   22.5000  -37.500012749.8301   11.6006
    7.5000   22.5000  -37.500012156.3770   11.6060
   -7.5000   30.0000  -37.500011964.2158   11.4533
    0.0000   30.0000  -37.500012442.5098   11.4775
    7.5000   30.0000  -37.500011845.1787   11.4861
   -7.5000   37.5000  -37.500012028.2119   11.4741
    0.0000   37.5000  -37.500012511.1631   11.5020
    7.5000   37.5000  -37.500011914.9922   11.5139
   -7.5000   45.0000  -37.500011388.6914   11.1814
    0.0000   45.0000  -37.500011839.5332   11.2072
    7.5000   45.0000  -37.500011275.6973   11.2189
   -7.5000  -45.0000  -30.0000 7087.7710   13.0039
    0.0000  -45.0000  -30.0000 7390.8159   13.0366
    7.5000  -45.0000  -30.0000 7051.7852   13.0477
   -7.5000  -37.5000  -30.0000 7851.1211   12.6125
    0.0000  -37.5000  -30.0000 8195.7041   12.6401
    7.5000  -37.5000  -30.0000 7806.0698   12.6492
   -7.5000  -30.0000  -30.0000 8993.6719   12.3257
    0.0000  -30.0000  -30.0000 9372.6484   12.3495
    7.5000  -30.0000  -30.0000 8910.9434   12.3562
   -7.5000  -22.5000  -30.000010160.9238   12.1532
    0.0000  -22.5000  -30.000010568.8174   12.1780
    7.5000  -22.5000  -30.000010045.0625   12.1848
   -7.5000  -15.0000  -30.000011363.1807   12.1104
    0.0000  -15.0000  -30.000011793.7422   12.1402
    7.5000  -15.0000  -30.000011218.2607   12.1498
   -7.5000   -7.5000  -30.000012487.6348   12.1053
    0.0000   -7.5000  -30.000012977.4678   12.1376
    7.5000   -7.5000  -30.000012350.1855   12.1493
   -7.5000    0.0000  -30.000013510.5801   12.1060
    0.0000    0.0000  -30.000014045.4912   12.1367
    7.5000    0.0000  -30.000013355.6680   12.1479
   -7.5000    7.5000  -30.000013491.4551   12.0783
    0.0000    7.5000  -30.000014017.5703   12.1053
    7.5000    7.5000  -30.000013334.9326   12.1139
   -7.5000   15.0000  -30.000013332.1309   12.0524
    0.0000   15.0000  -30.000013837.7529   12.0761
    7.5000   15.0000  -30.000013195.7422   12.0823
   -7.5000   22.5000  -30.000013064.2295   12.0526
    0.0000   22.5000  -30.000013581.8828   12.0777
    7.5000   22.5000  -30.000012946.0391   12.0845
   -7.5000   30.0000  -30.000012728.4541   11.9209
    0.0000   30.0000  -30.000013233.8877   11.9504
    7.5000   30.0000  -30.000012610.4258   11.9599
   -7.5000   37.5000  -30.000012803.5439   11.9451
    0.0000   37.5000  -30.000013307.1934   11.9769
    7.5000   37.5000  -30.000012657.4326   11.9884
   -7.5000   45.0000  -30.000012089.2490   11.6499
    0.0000   45.0000  -30.000012559.2881   11.6795
    7.5000   45.0000  -30.000011957.4053   11.6903
   -7.5000  -45.0000  -22.5000 7510.3926   13.4457
    0.0000  -45.0000  -22.5000 7828.0552   13.4750
    7.5000  -45.0000  -22.5000 7448.6235   13.4870
   -7.5000  -37.5000  -22.5000 8360.6025   13.0432
    0.0000  -37.5000  -22.5000 8722.5625   13.0698
    7.5000  -37.5000  -22.5000 8301.9707   13.0798
   -7.5000  -30.0000  -22.5000 9582.6406   12.7432
    0.0000  -30.0000  -22.5000 9977.2539   12.7687
    7.5000  -30.0000  -22.5000 9487.5342   12.7764
   -7.5000  -22.5000  -22.500010803.9854   12.5595
    0.0000  -22.5000  -22.500011233.9150   12.5861
    7.5000  -22.5000  -22.500010692.2500   12.5941
   -7.5000  -15.0000  -22.500012045.8467   12.5140
    0.0000  -15.0000  -22.500012513.1338   12.5424
    7.5000  -15.0000  -22.500011920.6064   12.5529
   -7.5000   -7.5000  -22.500013254.0029   12.5136
    0.0000   -7.5000  -22.500013774.7246   12.5420
    7.5000   -7.5000  -22.500013103.8799   12.5539
   -7.5000    0.0000  -22.500014382.0068   12.5197
    0.0000    0.0000  -22.500014928.5195   12.5472
    7.5000    0.0000  -22.500014207.8906   12.5585
   -7.5000    7.5000  -22.500014360.6025   12.4923
    0.0000    7.5000  -22.500014908.0596   12.5186
    7.5000    7.5000  -22.500014192.2852   12.5277
   -7.5000   15.0000  -22.500014148.2793   12.4615
    0.0000   15.0000  -22.500014698.8232   12.4869
    7.5000   15.0000  -22.500014023.8555   12.4941
   -7.5000   22.5000  -22.500013867.0215   12.4548
    0.0000   22.5000  -22.500014415.4404   12.4816
    7.5000   22.5000  -22.500013738.1191   12.4896
   -7.5000   30.0000  -22.500013487.9854   12.3201
    0.0000   30.0000  -22.500014014.2656   12.3482
    7.5000   30.0000  -22.500013376.4238   12.3586
   -7.5000   37.5000  -22.500013564.5723   12.3499
    0.0000   37.5000  -22.500014098.9365   12.3779
    7.5000   37.5000  -22.500013427.7598   12.3896
   -7.5000   45.0000  -22.500012808.6377   12.0571
    0.0000   45.0000  -22.500013280.6719   12.0835
    7.5000   45.0000  -22.500012664.6133   12.0945
   -7.5000  -45.0000  -15.0000 7886.0708   13.7686
    0.0000  -45.0000  -15.0000 8237.0029   13.7919
    7.5000  -45.0000  -15.0000 7823.1372   13.8056
   -7.5000  -37.5000  -15.0000 8830.2012   13.3603
    0.0000  -37.5000  -15.0000 9210.3340   13.3825
    7.5000  -37.5000  -15.0000 8756.5498   13.3930
   -7.5000  -30.0000  -15.000010140.7295   13.0515
    0.0000  -30.0000  -15.000010545.4990   13.0740
    7.5000  -30.0000  -15.000010040.9473   13.0809
   -7.5000  -22.5000  -15.000011437.4092   12.8604
    0.0000  -22.5000  -15.000011880.5088   12.8836
    7.5000  -22.5000  -15.000011322.6230   12.8909
   -7.5000  -15.0000  -15.000012737.1309   12.8127
    0.0000  -15.0000  -15.000013222.9043   12.8359
    7.5000  -15.0000  -15.000012588.1133   12.8462
   -7.5000   -7.5000  -15.000014013.2402   12.8139
    0.0000   -7.5000  -15.000014545.8193   12.8363
    7.5000   -7.5000  -15.000013813.3916   12.8490
   -7.5000    0.0000  -15.000015168.2637   12.8231
    0.0000    0.0000  -15.000015717.8574   12.8453
    7.5000    0.0000  -15.000014973.4951   12.8577
   -7.5000    7.5000  -15.000015199.1943   12.7969
    0.0000    7.5000  -15.000015755.9053   12.8191
    7.5000    7.5000  -15.000015048.1348   12.8286
   -7.5000   15.0000  -15.000015040.1719   12.7634
    0.0000   15.0000  -15.000015639.8379   12.7861
    7.5000   15.0000  -15.000014919.9268   12.7927
   -7.5000   22.5000  -15.000014668.2920   12.7525
    0.0000   22.5000  -15.000015260.7715   12.7761
    7.5000   22.5000  -15.000014549.7002   12.7834
   -7.5000   30.0000  -15.000014265.5439   12.6159
    0.0000   30.0000  -15.000014797.3955   12.6389
    7.5000   30.0000  -15.000014134.7275   12.6491
   -7.5000   37.5000  -15.000014352.8721   12.6480
    0.0000   37.5000  -15.000014882.7422   12.6701
    7.5000   37.5000  -15.000014176.3652   12.6826
   -7.5000   45.0000  -15.000013548.3467   12.3568
    0.0000   45.0000  -15.000014028.7939   12.3781
    7.5000   45.0000  -15.000013376.6357   12.3901
   -7.5000  -45.0000   -7.5000 8298.9121   13.9342
    0.0000  -45.0000   -7.5000 8661.1758   13.9538
    7.5000  -45.0000   -7.5000 8224.8242   13.9686
   -7.5000  -37.5000   -7.5000 9313.6670   13.5227
    0.0000  -37.5000   -7.5000 9730.5596   13.5400
    7.5000  -37.5000   -7.5000 9216.9443   13.5506
   -7.5000  -30.0000   -7.500010692.3311   13.2117
    0.0000  -30.0000   -7.500011172.3047   13.2280
    7.5000  -30.0000   -7.500010588.0635   13.2340
   -7.5000  -22.5000   -7.500012068.0010   13.0210
    0.0000  -22.5000   -7.500012587.0840   13.0378
    7.5000  -22.5000   -7.500011948.8623   13.0441
   -7.5000  -15.0000   -7.500013414.9102   12.9732
    0.0000  -15.0000   -7.500013976.9824   12.9917
    7.5000  -15.0000   -7.500013272.3945   13.0021
   -7.5000   -7.5000   -7.500014704.5928   12.9712
    0.0000   -7.5000   -7.500015273.5098   12.9908
    7.5000   -7.5000   -7.500014506.8223   13.0049
   -7.5000    0.0000   -7.500015864.5518   12.9779
    0.0000    0.0000   -7.500016412.9551   12.9970
    7.5000    0.0000   -7.500015704.0000   13.0109
   -7.5000    7.5000   -7.500016017.7197   12.9516
    0.0000    7.5000   -7.500016612.1270   12.9693
    7.5000    7.5000   -7.500015844.2080   12.9789
   -7.5000   15.0000   -7.500016095.1689   12.9197
    0.0000   15.0000   -7.500016824.5527   12.9365
    7.5000   15.0000   -7.500015833.7793   12.9423
   -7.5000   22.5000   -7.500015690.6523   12.9102
    0.0000   22.5000   -7.500016376.7832   12.9276
    7.5000   22.5000   -7.500015466.2012   12.9340
   -7.5000   30.0000   -7.500015164.4932   12.7736
    0.0000   30.0000   -7.500015774.4316   12.7921
    7.5000   30.0000   -7.500014940.6201   12.8023
   -7.5000   37.5000   -7.500015185.5146   12.8030
    0.0000   37.5000   -7.500015789.6006   12.8223
    7.5000   37.5000   -7.500014912.6006   12.8361
   -7.5000   45.0000   -7.500014316.9961   12.5082
    0.0000   45.0000   -7.500014898.5791   12.5267
    7.5000   45.0000   -7.500014045.3145   12.5401
   -7.5000  -45.0000    0.0000 8594.7021   13.9681
    0.0000  -45.0000    0.0000 8964.5723   13.9908
    7.5000  -45.0000    0.0000 8491.7803   14.0055
   -7.5000  -37.5000    0.0000 9648.4512   13.5537
    0.0000  -37.5000    0.000010067.2773   13.5715
    7.5000  -37.5000    0.0000 9550.8174   13.5823
   -7.5000  -30.0000    0.000011103.4756   13.2450
    0.0000  -30.0000    0.000011595.6123   13.2593
    7.5000  -30.0000    0.000011027.4678   13.2652
   -7.5000  -22.5000    0.000012576.9941   13.0590
    0.0000  -22.5000    0.000013129.1182   13.0740
    7.5000  -22.5000    0.000012477.1846   13.0798
   -7.5000  -15.0000    0.000014004.9971   13.0127
    0.0000  -15.0000    0.000014625.6436   13.0325
    7.5000  -15.0000    0.000013883.5742   13.0426
   -7.5000   -7.5000    0.000015294.7920   13.0060
    0.0000   -7.5000    0.000015944.7246   13.0294
    7.5000   -7.5000    0.000015149.4951   13.0439
   -7.5000    0.0000    0.000016511.0723   13.0073
    0.0000    0.0000    0.000017173.2773   13.0295
    7.5000    0.0000    0.000016371.3994   13.0442
   -7.5000    7.5000    0.000016800.8086   12.9796
    0.0000    7.5000    0.000017683.7324   12.9978
    7.5000    7.5000    0.000016489.7129   13.0078
   -7.5000   15.0000    0.000017082.4668   12.9514
    0.0000   15.0000    0.000018205.7949   12.9663
    7.5000   15.0000    0.000016534.6953   12.9720
   -7.5000   22.5000    0.000016782.3457   12.9478
    0.0000   22.5000    0.000017807.1660   12.9634
    7.5000   22.5000    0.000016310.1133   12.9693
   -7.5000   30.0000    0.000016142.5684   12.8127
    0.0000   30.0000    0.000016929.9941   12.8325
    7.5000   30.0000    0.000015747.6426   12.8426
   -7.5000   37.5000    0.000015986.3955   12.8376
    0.0000   37.5000    0.000016679.8145   12.8607
    7.5000   37.5000    0.000015582.0723   12.8750
   -7.5000   45.0000    0.000014944.6865   12.5375
    0.0000   45.0000    0.000015564.7520   12.5589
    7.5000   45.0000    0.000014593.7568   12.5731
   -7.5000  -45.0000    7.5000 8187.9219   13.9749
    0.0000  -45.0000    7.5000 8581.0146   14.0063
    7.5000  -45.0000    7.5000 8121.1484   14.0194
   -7.5000  -37.5000    7.5000 9218.9580   13.5561
    0.0000  -37.5000    7.5000 9651.0254   13.5812
    7.5000  -37.5000    7.5000 9135.5869   13.5913
   -7.5000  -30.0000    7.500010653.8096   13.2490
    0.0000  -30.0000    7.500011147.7529   13.2689
    7.5000  -30.0000    7.500010556.2266   13.2752
   -7.5000  -22.5000    7.500012076.1621   13.0658
    0.0000  -22.5000    7.500012649.7305   13.0865
    7.5000  -22.5000    7.500011943.5322   13.0924
   -7.5000  -15.0000    7.500013430.9512   13.0203
    0.0000  -15.0000    7.500014084.3037   13.0475
    7.5000  -15.0000    7.500013280.9404   13.0571
   -7.5000   -7.5000    7.500014700.1641   13.0119
    0.0000   -7.5000    7.500015386.9590   13.0435
    7.5000   -7.5000    7.500014552.6777   13.0569
   -7.5000    0.0000    7.500015966.6064   13.0103
    0.0000    0.0000    7.500016701.3828   13.0402
    7.5000    0.0000    7.500015768.5293   13.0538
   -7.5000    7.5000    7.500016209.8418   12.9809
    0.0000    7.5000    7.500017119.7324   13.0057
    7.5000    7.5000    7.500015827.2158   13.0154
   -7.5000   15.0000    7.500016202.4805   12.9548
    0.0000   15.0000    7.500017225.3887   12.9749
    7.5000   15.0000    7.500015694.3779   12.9808
   -7.5000   22.5000    7.500015898.2002   12.9545
    0.0000   22.5000    7.500016861.0684   12.9758
    7.5000   22.5000    7.500015469.5498   12.9818
   -7.5000   30.0000    7.500015387.4658   12.8202
    0.0000   30.0000    7.500016207.6572   12.8473
    7.5000   30.0000    7.500015050.4131   12.8568
   -7.5000   37.5000    7.500015271.0449   12.8435
    0.0000   37.5000    7.500015995.6895   12.8747
    7.5000   37.5000    7.500014923.6836   12.8879
   -7.5000   45.0000    7.500014253.5859   12.5404
    0.0000   45.0000    7.500014857.8330   12.5693
    7.5000   45.0000    7.500013952.6211   12.5824
   -7.5000  -45.0000   15.0000 7685.9399   14.0007
    0.0000  -45.0000   15.0000 8038.4600   14.0361
    7.5000  -45.0000   15.0000 7630.2090   14.0478
   -7.5000  -37.5000   15.0000 8661.6318   13.5785
    0.0000  -37.5000   15.0000 9077.3818   13.6082
    7.5000  -37.5000   15.0000 8590.6484   13.6178
   -7.5000  -30.0000   15.000010014.4492   13.2686
    0.0000  -30.0000   15.000010494.5674   13.2943
    7.5000  -30.0000   15.0000 9921.3164   13.3014
   -7.5000  -22.5000   15.000011340.9609   13.0822
    0.0000  -22.5000   15.000011858.2607   13.1089
    7.5000  -22.5000   15.000011230.5195   13.1161
   -7.5000  -15.0000   15.000012623.7451   13.0359
    0.0000  -15.0000   15.000013167.5908   13.0680
    7.5000  -15.0000   15.000012508.5938   13.0781
   -7.5000   -7.5000   15.000013851.6152   13.0306
    0.0000   -7.5000   15.000014415.3916   13.0655
    7.5000   -7.5000   15.000013730.0469   13.0779
   -7.5000    0.0000   15.000015055.3174   13.0317
    0.0000    0.0000   15.000015663.2607   13.0649
    7.5000    0.0000   15.000014886.2061   13.0767
   -7.5000    7.5000   15.000015191.7656   13.0019
    0.0000    7.5000   15.000015869.2490   13.0311
    7.5000    7.5000   15.000014935.7266   13.0401
   -7.5000   15.0000   15.000015026.3662   12.9737
    0.0000   15.0000   15.000015644.4863   12.9993
    7.5000   15.0000   15.000014774.1377   13.0058
   -7.5000   22.5000   15.000014741.6445   12.9707
    0.0000   22.5000   15.000015282.9131   12.9978
    7.5000   22.5000   15.000014524.0947   13.0049
   -7.5000   30.0000   15.000014338.4043   12.8355
    0.0000   30.0000   15.000014870.9561   12.8674
    7.5000   30.0000   15.000014142.7217   12.8775
   -7.5000   37.5000   15.000014301.1621   12.8619
    0.0000   37.5000   15.000014853.5166   12.8963
    7.5000   37.5000   15.000014085.7295   12.9085
   -7.5000   45.0000   15.000013439.2188   12.5610
    0.0000   45.0000   15.000013979.2646   12.5930
    7.5000   45.0000   15.000013210.4258   12.6045
   -7.5000  -45.0000   22.5000 7132.8574   14.0824
    0.0000  -45.0000   22.5000 7466.0171   14.1130
    7.5000  -45.0000   22.5000 7078.1221   14.1250
   -7.5000  -37.5000   22.5000 8034.6733   13.6590
    0.0000  -37.5000   22.5000 8402.6475   13.6869
    7.5000  -37.5000   22.5000 7966.2144   13.6967
   -7.5000  -30.0000   22.5000 9273.3809   13.3425
    0.0000  -30.0000   22.5000 9682.1982   13.3693
    7.5000  -30.0000   22.5000 9201.2070   13.3767
   -7.5000  -22.5000   22.500010514.9512   13.1480
    0.0000  -22.5000   22.500010943.9463   13.1759
    7.5000  -22.5000   22.500010428.6123   13.1836
   -7.5000  -15.0000   22.500011709.4629   13.0999
    0.0000  -15.0000   22.500012173.3252   13.1296
    7.5000  -15.0000   22.500011612.1855   13.1401
   -7.5000   -7.5000   22.500012857.6689   13.1000
    0.0000   -7.5000   22.500013362.8516   13.1297
    7.5000   -7.5000   22.500012762.3516   13.1416
   -7.5000    0.0000   22.500013952.1973   13.1070
    0.0000    0.0000   22.500014548.6963   13.1357
    7.5000    0.0000   22.500013834.1279   13.1471
   -7.5000    7.5000   22.500014017.7754   13.0783
    0.0000    7.5000   22.500014635.6699   13.1058
    7.5000    7.5000   22.500013879.1963   13.1148
   -7.5000   15.0000   22.500013877.7686   13.0452
    0.0000   15.0000   22.500014443.4102   13.0719
    7.5000   15.0000   22.500013754.2910   13.0789
   -7.5000   22.5000   22.500013646.9854   13.0355
    0.0000   22.5000   22.500014178.9922   13.0636
    7.5000   22.5000   22.500013537.6494   13.0714
   -7.5000   30.0000   22.500013298.3320   12.8984
    0.0000   30.0000   22.500013824.2852   12.9279
    7.5000   30.0000   22.500013192.4785   12.9382
   -7.5000   37.5000   22.500013233.0234   12.9304
    0.0000   37.5000   22.500013747.6504   12.9597
    7.5000   37.5000   22.500013095.3203   12.9715
   -7.5000   45.0000   22.500012487.7627   12.6336
    0.0000   45.0000   22.500012957.5293   12.6613
    7.5000   45.0000   22.500012335.6660   12.6723
   -7.5000  -45.0000   30.0000 6619.2412   14.3782
    0.0000  -45.0000   30.0000 6912.3037   14.4034
    7.5000  -45.0000   30.0000 6548.5952   14.4169
   -7.5000  -37.5000   30.0000 7431.6250   13.9438
    0.0000  -37.5000   30.0000 7745.7578   13.9678
    7.5000  -37.5000   30.0000 7366.2676   13.9779
   -7.5000  -30.0000   30.0000 8576.3662   13.6142
    0.0000  -30.0000   30.0000 8932.2510   13.6386
    7.5000  -30.0000   30.0000 8506.5078   13.6450
   -7.5000  -22.5000   30.0000 9721.5938   13.4097
    0.0000  -22.5000   30.000010106.5859   13.4349
    7.5000  -22.5000   30.0000 9646.7451   13.4418
   -7.5000  -15.0000   30.000010830.4805   13.3594
    0.0000  -15.0000   30.000011255.8848   13.3844
    7.5000  -15.0000   30.000010758.2002   13.3947
   -7.5000   -7.5000   30.000011893.0605   13.3622
    0.0000   -7.5000   30.000012389.9512   13.3863
    7.5000   -7.5000   30.000011811.2490   13.3990
   -7.5000    0.0000   30.000012883.0830   13.3734
    0.0000    0.0000   30.000013446.8535   13.3973
    7.5000    0.0000   30.000012786.2324   13.4095
   -7.5000    7.5000   30.000012928.4932   13.3457
    0.0000    7.5000   30.000013474.0059   13.3697
    7.5000    7.5000   30.000012822.9082   13.3787
   -7.5000   15.0000   30.000012815.7070   13.3088
    0.0000   15.0000   30.000013326.9180   13.3334
    7.5000   15.0000   30.000012730.3330   13.3395
   -7.5000   22.5000   30.000012617.5713   13.2943
    0.0000   22.5000   30.000013125.5957   13.3199
    7.5000   22.5000   30.000012529.5781   13.3268
   -7.5000   30.0000   30.000012306.4482   13.1536
    0.0000   30.0000   30.000012800.8174   13.1786
    7.5000   30.0000   30.000012213.1592   13.1887
   -7.5000   37.5000   30.000012225.8896   13.1892
    0.0000   37.5000   30.000012713.1553   13.2130
    7.5000   37.5000   30.000012131.0723   13.2255
   -7.5000   45.0000   30.000011550.4404   12.8904
    0.0000   45.0000   30.000011999.8604   12.9134
    7.5000   45.0000   30.000011441.8936   12.9252
   -7.5000  -45.0000   37.5000 6353.8135   14.8103
    0.0000  -45.0000   37.5000 6627.4175   14.8331
    7.5000  -45.0000   37.5000 6287.6753   14.8467
   -7.5000  -37.5000   37.5000 7122.2793   14.3601
    0.0000  -37.5000   37.5000 7420.9248   14.3800
    7.5000  -37.5000   37.5000 7066.4287   14.3889
   -7.5000  -30.0000   37.5000 8223.0791   14.0162
    0.0000  -30.0000   37.5000 8566.1631   14.0348
    7.5000  -30.0000   37.5000 8156.9673   14.0383
   -7.5000  -22.5000   37.5000 9314.4785   13.7988
    0.0000  -22.5000   37.5000 9701.9492   13.8179
    7.5000  -22.5000   37.5000 9240.7754   13.8218
   -7.5000  -15.0000   37.500010369.7480   13.7420
    0.0000  -15.0000   37.500010800.6279   13.7632
    7.5000  -15.0000   37.500010303.8076   13.7718
   -7.5000   -7.5000   37.500011386.7617   13.7443
    0.0000   -7.5000   37.500011857.6787   13.7668
    7.5000   -7.5000   37.500011298.6562   13.7798
   -7.5000    0.0000   37.500012326.7559   13.7582
    0.0000    0.0000   37.500012839.6152   13.7801
    7.5000    0.0000   37.500012222.2773   13.7929
   -7.5000    7.5000   37.500012319.7002   13.7346
    0.0000    7.5000   37.500012817.6133   13.7547
    7.5000    7.5000   37.500012234.5977   13.7626
   -7.5000   15.0000   37.500012207.0371   13.6991
    0.0000   15.0000   37.500012693.5186   13.7182
    7.5000   15.0000   37.500012141.5205   13.7216
   -7.5000   22.5000   37.500012017.3389   13.6814
    0.0000   22.5000   37.500012503.9824   13.7011
    7.5000   22.5000   37.500011953.5137   13.7051
   -7.5000   30.0000   37.500011763.7100   13.5317
    0.0000   30.0000   37.500012221.0361   13.5529
    7.5000   30.0000   37.500011685.9961   13.5614
   -7.5000   37.5000   37.500011701.6074   13.5664
    0.0000   37.5000   37.500012125.2012   13.5886
    7.5000   37.5000   37.500011603.5420   13.6014
   -7.5000   45.0000   37.500011058.8359   13.2613
    0.0000   45.0000   37.500011469.1221   13.2824
    7.5000   45.0000   37.500010957.3330   13.2948
   -7.5000  -45.0000   45.0000 5833.4517   15.2984
    0.0000  -45.0000   45.0000 6087.9058   15.3317
    7.5000  -45.0000   45.0000 5779.8115   15.3467
   -7.5000  -37.5000   45.0000 6537.1055   14.8212
    0.0000  -37.5000   45.0000 6824.8428   14.8477
    7.5000  -37.5000   45.0000 6484.5186   14.8582
   -7.5000  -30.0000   45.0000 7540.0254   14.4580
    0.0000  -30.0000   45.0000 7876.4717   14.4797
    7.5000  -30.0000   45.0000 7482.4043   14.4840
   -7.5000  -22.5000   45.0000 8544.9600   14.2266
    0.0000  -22.5000   45.0000 8924.6875   14.2492
    7.5000  -22.5000   45.0000 8486.1084   14.2527
   -7.5000  -15.0000   45.0000 9505.5693   14.1646
    0.0000  -15.0000   45.0000 9924.4082   14.1933
    7.5000  -15.0000   45.0000 9451.9150   14.2016
   -7.5000   -7.5000   45.000010423.3955   14.1669
    0.0000   -7.5000   45.000010871.3115   14.2001
    7.5000   -7.5000   45.000010362.4053   14.2141
   -7.5000    0.0000   45.000011269.7119   14.1816
    0.0000    0.0000   45.000011743.2002   14.2131
    7.5000    0.0000   45.000011203.6377   14.2280
   -7.5000    7.5000   45.000011242.9551   14.1592
    0.0000    7.5000   45.000011693.6387   14.1853
    7.5000    7.5000   45.000011193.1387   14.1949
   -7.5000   15.0000   45.000011124.6240   14.1251
    0.0000   15.0000   45.000011567.0791   14.1472
    7.5000   15.0000   45.000011072.5244   14.1512
   -7.5000   22.5000   45.000010956.0059   14.1063
    0.0000   22.5000   45.000011383.1270   14.1294
    7.5000   22.5000   45.000010893.3486   14.1330
   -7.5000   30.0000   45.000010750.9854   13.9481
    0.0000   30.0000   45.000011157.5801   13.9767
    7.5000   30.0000   45.000010677.4971   13.9849
   -7.5000   37.5000   45.000010705.3047   13.9823
    0.0000   37.5000   45.000011099.1572   14.0150
    7.5000   37.5000   45.000010612.8564   14.0289
   -7.5000   45.0000   45.000010111.7021   13.6756
    0.0000   45.0000   45.000010495.7842   13.7060
    7.5000   45.0000   45.000010013.1289   13.7203

---------------------------------------------------------------------
imgreg_4dfp /opt/freesurfer/average/711-2C_as_mni_average_305 /opt/freesurfer/average/711-2B_as_mni_average_305_mask talsrcimg_g11 none talsrcimg_to_711-2C_as_mni_average_305_t4 4355
---------------------------------------------------------------------

freesurfer imgreg_4dfp.c
/opt/freesurfer/average/711-2C_as_mni_average_305.4dfp.img
       256       256       256         1
  1.000000  1.000000  1.000000
orientation T byte_order littleendian
Reading image: /opt/freesurfer/average/711-2C_as_mni_average_305.4dfp.img
dimensions:      256       256       256
mmppix:       1.0000   -1.0000   -1.0000
center:     128.0000 -129.0000 -129.0000
/opt/freesurfer/average/711-2B_as_mni_average_305_mask.4dfp.img
       256       256       256         1
  1.000000  1.000000  1.000000
orientation T byte_order littleendian
Reading mask: /opt/freesurfer/average/711-2B_as_mni_average_305_mask.4dfp.img (2306576 pixels)
talsrcimg_g11.4dfp.img
       256       256       256         1
  1.000000  1.000000  1.000000
orientation T byte_order littleendian
Reading image: talsrcimg_g11.4dfp.img
dimensions:      256       256       256
mmppix:       1.0000   -1.0000   -1.0000
center:     128.0000 -129.0000 -129.0000
rotation matrix determinant  1.000000
image alignment mode   4355 decimal     1103 hex
   -7.5000  -30.0000  -45.0000 2059.3779   15.6009
    0.0000  -30.0000  -45.0000 2069.0259   15.5980
    7.5000  -30.0000  -45.0000 2056.8164   15.7067
   -7.5000  -22.5000  -45.0000 2180.5186   14.0040
    0.0000  -22.5000  -45.0000 2195.0867   13.9855
    7.5000  -22.5000  -45.0000 2175.4634   14.0918
   -7.5000  -15.0000  -45.0000 2282.6870   12.7971
    0.0000  -15.0000  -45.0000 2293.4128   12.7741
    7.5000  -15.0000  -45.0000 2273.3616   12.8915
   -7.5000   -7.5000  -45.0000 2363.1323   11.8179
    0.0000   -7.5000  -45.0000 2372.3293   11.7984
    7.5000   -7.5000  -45.0000 2348.6116   11.9107
   -7.5000    0.0000  -45.0000 2422.0352   10.9891
    0.0000    0.0000  -45.0000 2429.2271   10.9590
    7.5000    0.0000  -45.0000 2410.4399   11.0986
   -7.5000    7.5000  -45.0000 2467.6743   10.4090
    0.0000    7.5000  -45.0000 2474.3062   10.3688
    7.5000    7.5000  -45.0000 2454.5017   10.5357
   -7.5000   15.0000  -45.0000 2489.7568   10.0823
    0.0000   15.0000  -45.0000 2500.7415   10.0391
    7.5000   15.0000  -45.0000 2480.0198   10.1973
   -7.5000   22.5000  -45.0000 2488.0872    9.9909
    0.0000   22.5000  -45.0000 2498.8564    9.9574
    7.5000   22.5000  -45.0000 2482.9834   10.1029
   -7.5000   30.0000  -45.0000 2476.9590   10.1145
    0.0000   30.0000  -45.0000 2490.3926   10.0949
    7.5000   30.0000  -45.0000 2465.0381   10.2401
   -7.5000   37.5000  -45.0000 2447.6526   10.4081
    0.0000   37.5000  -45.0000 2459.9690   10.3959
    7.5000   37.5000  -45.0000 2435.9326   10.5681
   -7.5000   45.0000  -45.0000 2401.6321   10.9497
    0.0000   45.0000  -45.0000 2414.0549   10.9511
    7.5000   45.0000  -45.0000 2384.6079   11.1171
   -7.5000   52.5000  -45.0000 2308.8433   11.6799
    0.0000   52.5000  -45.0000 2319.8916   11.6766
    7.5000   52.5000  -45.0000 2292.7444   11.8493
   -7.5000   60.0000  -45.0000 2169.1553   12.5206
    0.0000   60.0000  -45.0000 2178.7175   12.5304
    7.5000   60.0000  -45.0000 2154.6035   12.7079
   -7.5000  -30.0000  -37.5000 2110.1401   14.7906
    0.0000  -30.0000  -37.5000 2119.8767   14.7624
    7.5000  -30.0000  -37.5000 2101.4553   14.9153
   -7.5000  -22.5000  -37.5000 2237.4561   13.1984
    0.0000  -22.5000  -37.5000 2249.2678   13.1686
    7.5000  -22.5000  -37.5000 2225.9177   13.3098
   -7.5000  -15.0000  -37.5000 2346.1758   12.0258
    0.0000  -15.0000  -37.5000 2355.7666   11.9861
    7.5000  -15.0000  -37.5000 2331.9434   12.1217
   -7.5000   -7.5000  -37.5000 2429.6262   11.1052
    0.0000   -7.5000  -37.5000 2437.7468   11.0668
    7.5000   -7.5000  -37.5000 2417.4988   11.2109
   -7.5000    0.0000  -37.5000 2492.0176   10.3235
    0.0000    0.0000  -37.5000 2496.4248   10.2851
    7.5000    0.0000  -37.5000 2481.9763   10.4375
   -7.5000    7.5000  -37.5000 2550.1892    9.7297
    0.0000    7.5000  -37.5000 2555.6272    9.6835
    7.5000    7.5000  -37.5000 2537.7620    9.8490
   -7.5000   15.0000  -37.5000 2584.3237    9.3846
    0.0000   15.0000  -37.5000 2592.9084    9.3577
    7.5000   15.0000  -37.5000 2570.1536    9.5289
   -7.5000   22.5000  -37.5000 2591.4976    9.2787
    0.0000   22.5000  -37.5000 2598.1848    9.2503
    7.5000   22.5000  -37.5000 2580.1172    9.4222
   -7.5000   30.0000  -37.5000 2578.9807    9.3962
    0.0000   30.0000  -37.5000 2592.1575    9.3632
    7.5000   30.0000  -37.5000 2564.8191    9.5382
   -7.5000   37.5000  -37.5000 2548.8103    9.6991
    0.0000   37.5000  -37.5000 2560.3823    9.6840
    7.5000   37.5000  -37.5000 2532.6143    9.8522
   -7.5000   45.0000  -37.5000 2495.5603   10.2143
    0.0000   45.0000  -37.5000 2505.8518   10.1949
    7.5000   45.0000  -37.5000 2477.3020   10.3750
   -7.5000   52.5000  -37.5000 2396.2283   10.9095
    0.0000   52.5000  -37.5000 2406.1387   10.8822
    7.5000   52.5000  -37.5000 2378.3938   11.0646
   -7.5000   60.0000  -37.5000 2250.5212   11.6939
    0.0000   60.0000  -37.5000 2258.5208   11.6919
    7.5000   60.0000  -37.5000 2233.4470   11.8495
   -7.5000  -30.0000  -30.0000 2200.4668   14.5351
    0.0000  -30.0000  -30.0000 2210.4277   14.4991
    7.5000  -30.0000  -30.0000 2190.2356   14.7022
   -7.5000  -22.5000  -30.0000 2334.5752   12.9250
    0.0000  -22.5000  -30.0000 2342.8872   12.8850
    7.5000  -22.5000  -30.0000 2321.7390   13.0738
   -7.5000  -15.0000  -30.0000 2449.0063   11.7353
    0.0000  -15.0000  -30.0000 2455.1372   11.6841
    7.5000  -15.0000  -30.0000 2433.1226   11.8716
   -7.5000   -7.5000  -30.0000 2530.3647   10.8006
    0.0000   -7.5000  -30.0000 2542.2876   10.7520
    7.5000   -7.5000  -30.0000 2521.2854   10.9342
   -7.5000    0.0000  -30.0000 2598.7544   10.0438
    0.0000    0.0000  -30.0000 2612.4590   10.0079
    7.5000    0.0000  -30.0000 2591.2524   10.1721
   -7.5000    7.5000  -30.0000 2668.7615    9.4618
    0.0000    7.5000  -30.0000 2678.4131    9.4226
    7.5000    7.5000  -30.0000 2656.5781    9.5894
   -7.5000   15.0000  -30.0000 2715.9453    9.0733
    0.0000   15.0000  -30.0000 2726.7773    9.0300
    7.5000   15.0000  -30.0000 2701.2583    9.2232
   -7.5000   22.5000  -30.0000 2734.9199    8.9403
    0.0000   22.5000  -30.0000 2741.5586    8.9125
    7.5000   22.5000  -30.0000 2720.8708    9.1089
   -7.5000   30.0000  -30.0000 2727.3982    9.0503
    0.0000   30.0000  -30.0000 2739.5125    9.0071
    7.5000   30.0000  -30.0000 2709.5723    9.2056
   -7.5000   37.5000  -30.0000 2699.0928    9.3908
    0.0000   37.5000  -30.0000 2708.9915    9.3507
    7.5000   37.5000  -30.0000 2673.4224    9.5269
   -7.5000   45.0000  -30.0000 2637.4524    9.9266
    0.0000   45.0000  -30.0000 2644.3896    9.8779
    7.5000   45.0000  -30.0000 2612.2170   10.0505
   -7.5000   52.5000  -30.0000 2525.0725   10.6012
    0.0000   52.5000  -30.0000 2528.9880   10.5575
    7.5000   52.5000  -30.0000 2502.8369   10.7267
   -7.5000   60.0000  -30.0000 2367.2854   11.3823
    0.0000   60.0000  -30.0000 2370.9189   11.3527
    7.5000   60.0000  -30.0000 2345.6411   11.5037
   -7.5000  -30.0000  -22.5000 2263.4058   14.2316
    0.0000  -30.0000  -22.5000 2272.1199   14.2033
    7.5000  -30.0000  -22.5000 2250.2815   14.4329
   -7.5000  -22.5000  -22.5000 2396.9946   12.6062
    0.0000  -22.5000  -22.5000 2405.2161   12.5553
    7.5000  -22.5000  -22.5000 2385.6030   12.7701
   -7.5000  -15.0000  -22.5000 2510.5164   11.3879
    0.0000  -15.0000  -22.5000 2517.0974   11.3405
    7.5000  -15.0000  -22.5000 2501.4121   11.5387
   -7.5000   -7.5000  -22.5000 2602.2683   10.4602
    0.0000   -7.5000  -22.5000 2613.5603   10.4111
    7.5000   -7.5000  -22.5000 2593.1831   10.6059
   -7.5000    0.0000  -22.5000 2684.3936    9.7185
    0.0000    0.0000  -22.5000 2696.5798    9.6662
    7.5000    0.0000  -22.5000 2677.8567    9.8507
   -7.5000    7.5000  -22.5000 2757.5410    9.1507
    0.0000    7.5000  -22.5000 2768.5117    9.0961
    7.5000    7.5000  -22.5000 2748.3203    9.2771
   -7.5000   15.0000  -22.5000 2815.7451    8.7616
    0.0000   15.0000  -22.5000 2832.0144    8.6901
    7.5000   15.0000  -22.5000 2806.3333    8.8968
   -7.5000   22.5000  -22.5000 2847.0129    8.5956
    0.0000   22.5000  -22.5000 2859.4177    8.5445
    7.5000   22.5000  -22.5000 2830.6743    8.7529
   -7.5000   30.0000  -22.5000 2845.8140    8.6856
    0.0000   30.0000  -22.5000 2854.5405    8.6269
    7.5000   30.0000  -22.5000 2827.3613    8.8480
   -7.5000   37.5000  -22.5000 2807.9937    9.0345
    0.0000   37.5000  -22.5000 2821.8784    8.9764
    7.5000   37.5000  -22.5000 2788.4265    9.1735
   -7.5000   45.0000  -22.5000 2741.8323    9.5806
    0.0000   45.0000  -22.5000 2747.3208    9.5118
    7.5000   45.0000  -22.5000 2716.8184    9.7069
   -7.5000   52.5000  -22.5000 2621.6353   10.2555
    0.0000   52.5000  -22.5000 2622.8035   10.2081
    7.5000   52.5000  -22.5000 2600.3208   10.3766
   -7.5000   60.0000  -22.5000 2452.2576   11.0536
    0.0000   60.0000  -22.5000 2454.8777   10.9939
    7.5000   60.0000  -22.5000 2432.5229   11.1593
   -7.5000  -30.0000  -15.0000 2287.9248   14.0068
    0.0000  -30.0000  -15.0000 2296.9680   13.9430
    7.5000  -30.0000  -15.0000 2276.1921   14.2013
   -7.5000  -22.5000  -15.0000 2423.5725   12.3683
    0.0000  -22.5000  -15.0000 2434.5137   12.2900
    7.5000  -22.5000  -15.0000 2414.0457   12.5376
   -7.5000  -15.0000  -15.0000 2538.9644   11.1397
    0.0000  -15.0000  -15.0000 2549.8149   11.0481
    7.5000  -15.0000  -15.0000 2528.8611   11.2882
   -7.5000   -7.5000  -15.0000 2638.9062   10.1852
    0.0000   -7.5000  -15.0000 2648.5081   10.0983
    7.5000   -7.5000  -15.0000 2626.2051   10.3204
   -7.5000    0.0000  -15.0000 2729.9285    9.4170
    0.0000    0.0000  -15.0000 2740.5859    9.3364
    7.5000    0.0000  -15.0000 2723.6992    9.5567
   -7.5000    7.5000  -15.0000 2815.0488    8.8652
    0.0000    7.5000  -15.0000 2828.6528    8.7682
    7.5000    7.5000  -15.0000 2809.2393    8.9974
   -7.5000   15.0000  -15.0000 2881.9402    8.5150
    0.0000   15.0000  -15.0000 2906.8984    8.4159
    7.5000   15.0000  -15.0000 2876.0317    8.6488
   -7.5000   22.5000  -15.0000 2919.5583    8.3372
    0.0000   22.5000  -15.0000 2942.6714    8.2485
    7.5000   22.5000  -15.0000 2900.5981    8.5151
   -7.5000   30.0000  -15.0000 2921.1711    8.3889
    0.0000   30.0000  -15.0000 2932.1506    8.3080
    7.5000   30.0000  -15.0000 2899.3616    8.5709
   -7.5000   37.5000  -15.0000 2881.5369    8.7322
    0.0000   37.5000  -15.0000 2895.4019    8.6504
    7.5000   37.5000  -15.0000 2861.3889    8.8833
   -7.5000   45.0000  -15.0000 2806.4810    9.2796
    0.0000   45.0000  -15.0000 2814.6624    9.1965
    7.5000   45.0000  -15.0000 2786.4592    9.4197
   -7.5000   52.5000  -15.0000 2673.4888    9.9689
    0.0000   52.5000  -15.0000 2681.7087    9.8820
    7.5000   52.5000  -15.0000 2658.4150   10.0946
   -7.5000   60.0000  -15.0000 2497.9753   10.7313
    0.0000   60.0000  -15.0000 2506.8457   10.6484
    7.5000   60.0000  -15.0000 2481.6025   10.8683
   -7.5000  -30.0000   -7.5000 2293.6772   13.8540
    0.0000  -30.0000   -7.5000 2304.6978   13.7886
    7.5000  -30.0000   -7.5000 2283.7866   14.0330
   -7.5000  -22.5000   -7.5000 2431.4431   12.1743
    0.0000  -22.5000   -7.5000 2444.0793   12.1121
    7.5000  -22.5000   -7.5000 2422.8955   12.3287
   -7.5000  -15.0000   -7.5000 2545.3972   10.9134
    0.0000  -15.0000   -7.5000 2556.2583   10.8483
    7.5000  -15.0000   -7.5000 2537.7585   11.0689
   -7.5000   -7.5000   -7.5000 2647.3818    9.9465
    0.0000   -7.5000   -7.5000 2654.5095    9.8682
    7.5000   -7.5000   -7.5000 2639.1570   10.0968
   -7.5000    0.0000   -7.5000 2746.9766    9.1907
    0.0000    0.0000   -7.5000 2753.8535    9.1028
    7.5000    0.0000   -7.5000 2741.3237    9.3291
   -7.5000    7.5000   -7.5000 2845.1838    8.6542
    0.0000    7.5000   -7.5000 2859.9299    8.5650
    7.5000    7.5000   -7.5000 2835.6719    8.7789
   -7.5000   15.0000   -7.5000 2930.7852    8.3932
    0.0000   15.0000   -7.5000 2958.8506    8.3299
    7.5000   15.0000   -7.5000 2914.4905    8.4942
   -7.5000   22.5000   -7.5000 2973.0239    8.2475
    0.0000   22.5000   -7.5000 3006.6614    8.2080
    7.5000   22.5000   -7.5000 2945.8882    8.3939
   -7.5000   30.0000   -7.5000 2971.8171    8.2305
    0.0000   30.0000   -7.5000 2985.5598    8.1770
    7.5000   30.0000   -7.5000 2940.1746    8.4032
   -7.5000   37.5000   -7.5000 2922.6672    8.5249
    0.0000   37.5000   -7.5000 2938.8472    8.4755
    7.5000   37.5000   -7.5000 2898.7849    8.6741
   -7.5000   45.0000   -7.5000 2838.3176    9.0481
    0.0000   45.0000   -7.5000 2855.3054    8.9825
    7.5000   45.0000   -7.5000 2819.9399    9.1565
   -7.5000   52.5000   -7.5000 2699.5916    9.7240
    0.0000   52.5000   -7.5000 2715.0823    9.6615
    7.5000   52.5000   -7.5000 2684.6882    9.8248
   -7.5000   60.0000   -7.5000 2518.6575   10.4763
    0.0000   60.0000   -7.5000 2530.1038   10.4189
    7.5000   60.0000   -7.5000 2503.0442   10.5768
   -7.5000  -30.0000    0.0000 2284.7964   13.8040
    0.0000  -30.0000    0.0000 2294.6660   13.7643
    7.5000  -30.0000    0.0000 2274.1538   14.0632
   -7.5000  -22.5000    0.0000 2428.6648   12.1292
    0.0000  -22.5000    0.0000 2437.4878   12.0884
    7.5000  -22.5000    0.0000 2417.1289   12.3461
   -7.5000  -15.0000    0.0000 2546.3953   10.8566
    0.0000  -15.0000    0.0000 2551.8726   10.8291
    7.5000  -15.0000    0.0000 2538.6714   11.0549
   -7.5000   -7.5000    0.0000 2649.3777    9.8793
    0.0000   -7.5000    0.0000 2654.0127    9.8671
    7.5000   -7.5000    0.0000 2645.3425   10.0466
   -7.5000    0.0000    0.0000 2753.2937    9.1386
    0.0000    0.0000    0.0000 2759.8518    9.1247
    7.5000    0.0000    0.0000 2751.1079    9.2770
   -7.5000    7.5000    0.0000 2858.5708    8.6631
    0.0000    7.5000    0.0000 2873.8198    8.6519
    7.5000    7.5000    0.0000 2849.6250    8.7724
   -7.5000   15.0000    0.0000 2949.4932    8.4566
    0.0000   15.0000    0.0000 2982.3267    8.4944
    7.5000   15.0000    0.0000 2929.5493    8.4916
   -7.5000   22.5000    0.0000 2993.7278    8.3722
    0.0000   22.5000    0.0000 3036.9678    8.4428
    7.5000   22.5000    0.0000 2964.6592    8.4308
   -7.5000   30.0000    0.0000 2987.2324    8.3148
    0.0000   30.0000    0.0000 3009.9629    8.3214
    7.5000   30.0000    0.0000 2958.2002    8.4384
   -7.5000   37.5000    0.0000 2938.8459    8.4835
    0.0000   37.5000    0.0000 2954.3499    8.4330
    7.5000   37.5000    0.0000 2908.0662    8.6124
   -7.5000   45.0000    0.0000 2843.9424    8.9611
    0.0000   45.0000    0.0000 2856.7195    8.8927
    7.5000   45.0000    0.0000 2822.0344    9.0721
   -7.5000   52.5000    0.0000 2704.7153    9.6188
    0.0000   52.5000    0.0000 2715.8843    9.5403
    7.5000   52.5000    0.0000 2688.5671    9.7238
   -7.5000   60.0000    0.0000 2522.5903   10.3645
    0.0000   60.0000    0.0000 2530.8254   10.2807
    7.5000   60.0000    0.0000 2509.5547   10.4551
   -7.5000  -30.0000    7.5000 2269.0649   13.9620
    0.0000  -30.0000    7.5000 2281.7275   13.9337
    7.5000  -30.0000    7.5000 2259.5618   14.2280
   -7.5000  -22.5000    7.5000 2419.3232   12.2424
    0.0000  -22.5000    7.5000 2431.4316   12.2191
    7.5000  -22.5000    7.5000 2408.5090   12.4726
   -7.5000  -15.0000    7.5000 2543.5613   10.9648
    0.0000  -15.0000    7.5000 2554.6252   10.9637
    7.5000  -15.0000    7.5000 2534.6311   11.1585
   -7.5000   -7.5000    7.5000 2649.6360   10.0178
    0.0000   -7.5000    7.5000 2657.2795   10.0238
    7.5000   -7.5000    7.5000 2643.4890   10.1940
   -7.5000    0.0000    7.5000 2758.4741    9.2996
    0.0000    0.0000    7.5000 2765.5957    9.3042
    7.5000    0.0000    7.5000 2747.7219    9.4809
   -7.5000    7.5000    7.5000 2858.6274    8.8486
    0.0000    7.5000    7.5000 2873.2288    8.8770
    7.5000    7.5000    7.5000 2843.3086    8.9748
   -7.5000   15.0000    7.5000 2937.0803    8.6290
    0.0000   15.0000    7.5000 2963.7258    8.6781
    7.5000   15.0000    7.5000 2912.9541    8.6634
   -7.5000   22.5000    7.5000 2973.4722    8.4783
    0.0000   22.5000    7.5000 3002.8076    8.5358
    7.5000   22.5000    7.5000 2938.0586    8.5579
   -7.5000   30.0000    7.5000 2956.4341    8.5114
    0.0000   30.0000    7.5000 2976.4014    8.5188
    7.5000   30.0000    7.5000 2927.6709    8.6203
   -7.5000   37.5000    7.5000 2915.8162    8.6939
    0.0000   37.5000    7.5000 2930.0781    8.6806
    7.5000   37.5000    7.5000 2883.5671    8.8294
   -7.5000   45.0000    7.5000 2822.4844    9.1177
    0.0000   45.0000    7.5000 2835.4448    9.0727
    7.5000   45.0000    7.5000 2802.1997    9.2533
   -7.5000   52.5000    7.5000 2688.5557    9.7040
    0.0000   52.5000    7.5000 2695.6902    9.6077
    7.5000   52.5000    7.5000 2675.8469    9.8173
   -7.5000   60.0000    7.5000 2511.2092   10.4005
    0.0000   60.0000    7.5000 2515.2136   10.2825
    7.5000   60.0000    7.5000 2498.7949   10.4972
   -7.5000  -30.0000   15.0000 2244.7229   14.3810
    0.0000  -30.0000   15.0000 2253.1516   14.3592
    7.5000  -30.0000   15.0000 2230.7546   14.6683
   -7.5000  -22.5000   15.0000 2399.2866   12.5712
    0.0000  -22.5000   15.0000 2408.8906   12.5589
    7.5000  -22.5000   15.0000 2385.7058   12.8070
   -7.5000  -15.0000   15.0000 2527.7266   11.2526
    0.0000  -15.0000   15.0000 2539.3623   11.2263
    7.5000  -15.0000   15.0000 2517.3689   11.4764
   -7.5000   -7.5000   15.0000 2639.5312   10.3091
    0.0000   -7.5000   15.0000 2650.4995   10.2707
    7.5000   -7.5000   15.0000 2629.8865   10.5214
   -7.5000    0.0000   15.0000 2746.3840    9.6003
    0.0000    0.0000   15.0000 2755.2527    9.5688
    7.5000    0.0000   15.0000 2732.5063    9.7941
   -7.5000    7.5000   15.0000 2844.2590    9.1202
    0.0000    7.5000   15.0000 2854.0554    9.0937
    7.5000    7.5000   15.0000 2826.6755    9.2518
   -7.5000   15.0000   15.0000 2898.8418    8.8003
    0.0000   15.0000   15.0000 2917.5552    8.7610
    7.5000   15.0000   15.0000 2882.0742    8.9009
   -7.5000   22.5000   15.0000 2926.3044    8.6666
    0.0000   22.5000   15.0000 2941.5305    8.5937
    7.5000   22.5000   15.0000 2903.2371    8.8019
   -7.5000   30.0000   15.0000 2905.9609    8.7635
    0.0000   30.0000   15.0000 2921.9915    8.6831
    7.5000   30.0000   15.0000 2884.9302    8.8900
   -7.5000   37.5000   15.0000 2862.4768    9.0146
    0.0000   37.5000   15.0000 2879.9902    8.9364
    7.5000   37.5000   15.0000 2843.8469    9.1227
   -7.5000   45.0000   15.0000 2777.3445    9.4580
    0.0000   45.0000   15.0000 2790.3403    9.3903
    7.5000   45.0000   15.0000 2763.3574    9.5552
   -7.5000   52.5000   15.0000 2648.6157   10.0111
    0.0000   52.5000   15.0000 2656.6328    9.9343
    7.5000   52.5000   15.0000 2638.6191   10.1116
   -7.5000   60.0000   15.0000 2479.7588   10.6299
    0.0000   60.0000   15.0000 2482.1421   10.5499
    7.5000   60.0000   15.0000 2464.3167   10.7316
   -7.5000  -30.0000   22.5000 2213.1570   14.8852
    0.0000  -30.0000   22.5000 2219.0903   14.8616
    7.5000  -30.0000   22.5000 2198.2451   15.2147
   -7.5000  -22.5000   22.5000 2373.2996   13.0121
    0.0000  -22.5000   22.5000 2380.5488   12.9465
    7.5000  -22.5000   22.5000 2357.3923   13.2850
   -7.5000  -15.0000   22.5000 2506.2603   11.6627
    0.0000  -15.0000   22.5000 2518.1267   11.5848
    7.5000  -15.0000   22.5000 2491.0967   11.9062
   -7.5000   -7.5000   22.5000 2618.5483   10.7043
    0.0000   -7.5000   22.5000 2633.8386   10.6339
    7.5000   -7.5000   22.5000 2606.9287   10.9298
   -7.5000    0.0000   22.5000 2721.5637   10.0036
    0.0000    0.0000   22.5000 2735.4075    9.9575
    7.5000    0.0000   22.5000 2705.6643   10.1959
   -7.5000    7.5000   22.5000 2811.3372    9.4784
    0.0000    7.5000   22.5000 2822.8440    9.4475
    7.5000    7.5000   22.5000 2796.0918    9.6215
   -7.5000   15.0000   22.5000 2859.6743    9.1468
    0.0000   15.0000   22.5000 2875.3284    9.0579
    7.5000   15.0000   22.5000 2844.3337    9.2886
   -7.5000   22.5000   22.5000 2879.2466    9.0215
    0.0000   22.5000   22.5000 2890.4819    8.9591
    7.5000   22.5000   22.5000 2860.6304    9.1867
   -7.5000   30.0000   22.5000 2847.1418    9.1468
    0.0000   30.0000   22.5000 2862.7800    9.0755
    7.5000   30.0000   22.5000 2832.6428    9.2899
   -7.5000   37.5000   22.5000 2799.3047    9.3986
    0.0000   37.5000   22.5000 2812.8850    9.3228
    7.5000   37.5000   22.5000 2781.9661    9.5256
   -7.5000   45.0000   22.5000 2722.0725    9.8460
    0.0000   45.0000   22.5000 2728.9780    9.7589
    7.5000   45.0000   22.5000 2708.3484    9.9466
   -7.5000   52.5000   22.5000 2598.2058   10.3950
    0.0000   52.5000   22.5000 2603.7439   10.3122
    7.5000   52.5000   22.5000 2587.6704   10.4909
   -7.5000   60.0000   22.5000 2432.7129   11.0131
    0.0000   60.0000   22.5000 2439.8333   10.9510
    7.5000   60.0000   22.5000 2421.6509   11.1247
   -7.5000  -30.0000   30.0000 2177.0198   15.5673
    0.0000  -30.0000   30.0000 2185.5574   15.4849
    7.5000  -30.0000   30.0000 2163.8933   15.8915
   -7.5000  -22.5000   30.0000 2336.1091   13.6402
    0.0000  -22.5000   30.0000 2348.2429   13.5196
    7.5000  -22.5000   30.0000 2322.1533   13.8972
   -7.5000  -15.0000   30.0000 2467.6819   12.2634
    0.0000  -15.0000   30.0000 2483.4971   12.1432
    7.5000  -15.0000   30.0000 2457.8547   12.5072
   -7.5000   -7.5000   30.0000 2584.1606   11.2821
    0.0000   -7.5000   30.0000 2601.5691   11.1913
    7.5000   -7.5000   30.0000 2572.3823   11.5062
   -7.5000    0.0000   30.0000 2680.8455   10.5447
    0.0000    0.0000   30.0000 2697.0803   10.4901
    7.5000    0.0000   30.0000 2666.2493   10.7349
   -7.5000    7.5000   30.0000 2764.2285    9.9977
    0.0000    7.5000   30.0000 2777.1238    9.9162
    7.5000    7.5000   30.0000 2747.1313   10.1728
   -7.5000   15.0000   30.0000 2809.0112    9.6504
    0.0000   15.0000   30.0000 2822.0959    9.5604
    7.5000   15.0000   30.0000 2791.4758    9.8300
   -7.5000   22.5000   30.0000 2818.1306    9.5392
    0.0000   22.5000   30.0000 2829.5488    9.4778
    7.5000   22.5000   30.0000 2804.6548    9.7149
   -7.5000   30.0000   30.0000 2780.5764    9.6713
    0.0000   30.0000   30.0000 2793.6287    9.6001
    7.5000   30.0000   30.0000 2771.0742    9.8221
   -7.5000   37.5000   30.0000 2723.2515    9.9246
    0.0000   37.5000   30.0000 2734.9463    9.8605
    7.5000   37.5000   30.0000 2717.1406   10.0605
   -7.5000   45.0000   30.0000 2652.4136   10.3461
    0.0000   45.0000   30.0000 2661.0007   10.2730
    7.5000   45.0000   30.0000 2643.2129   10.4555
   -7.5000   52.5000   30.0000 2540.2522   10.8657
    0.0000   52.5000   30.0000 2547.6450   10.7877
    7.5000   52.5000   30.0000 2529.4138   10.9656
   -7.5000   60.0000   30.0000 2375.1199   11.4636
    0.0000   60.0000   30.0000 2385.2808   11.4002
    7.5000   60.0000   30.0000 2368.7090   11.5855
   -7.5000  -30.0000   37.5000 2137.6790   16.4907
    0.0000  -30.0000   37.5000 2150.3447   16.3122
    7.5000  -30.0000   37.5000 2125.9858   16.7962
   -7.5000  -22.5000   37.5000 2293.1743   14.4708
    0.0000  -22.5000   37.5000 2311.8579   14.3151
    7.5000  -22.5000   37.5000 2282.1633   14.7092
   -7.5000  -15.0000   37.5000 2420.0479   13.0409
    0.0000  -15.0000   37.5000 2440.5635   12.9042
    7.5000  -15.0000   37.5000 2412.7812   13.2751
   -7.5000   -7.5000   37.5000 2535.2195   12.0005
    0.0000   -7.5000   37.5000 2551.2761   11.9100
    7.5000   -7.5000   37.5000 2519.3831   12.2316
   -7.5000    0.0000   37.5000 2625.8716   11.2498
    0.0000    0.0000   37.5000 2639.6890   11.1584
    7.5000    0.0000   37.5000 2608.8088   11.4463
   -7.5000    7.5000   37.5000 2689.7253   10.6882
    0.0000    7.5000   37.5000 2706.3286   10.5578
    7.5000    7.5000   37.5000 2675.7969   10.8645
   -7.5000   15.0000   37.5000 2732.1387   10.3080
    0.0000   15.0000   37.5000 2746.4922   10.2258
    7.5000   15.0000   37.5000 2716.0481   10.4928
   -7.5000   22.5000   37.5000 2741.5876   10.1790
    0.0000   22.5000   37.5000 2753.1392   10.1173
    7.5000   22.5000   37.5000 2725.7058   10.3748
   -7.5000   30.0000   37.5000 2705.3848   10.3148
    0.0000   30.0000   37.5000 2715.6777   10.2344
    7.5000   30.0000   37.5000 2696.1570   10.4836
   -7.5000   37.5000   37.5000 2648.7625   10.5800
    0.0000   37.5000   37.5000 2652.0391   10.4927
    7.5000   37.5000   37.5000 2638.5640   10.7192
   -7.5000   45.0000   37.5000 2578.8489   10.9767
    0.0000   45.0000   37.5000 2584.3022   10.9027
    7.5000   45.0000   37.5000 2565.9268   11.1171
   -7.5000   52.5000   37.5000 2466.9624   11.4823
    0.0000   52.5000   37.5000 2476.8445   11.4196
    7.5000   52.5000   37.5000 2456.6104   11.5939
   -7.5000   60.0000   37.5000 2307.5364   12.0621
    0.0000   60.0000   37.5000 2316.5183   12.0061
    7.5000   60.0000   37.5000 2298.7019   12.1898
   -7.5000  -30.0000   45.0000 2091.4812   17.6122
    0.0000  -30.0000   45.0000 2104.9363   17.4263
    7.5000  -30.0000   45.0000 2079.3032   17.8785
   -7.5000  -22.5000   45.0000 2242.0461   15.4720
    0.0000  -22.5000   45.0000 2264.0430   15.3139
    7.5000  -22.5000   45.0000 2231.7366   15.7113
   -7.5000  -15.0000   45.0000 2365.1873   13.9598
    0.0000  -15.0000   45.0000 2384.3210   13.8356
    7.5000  -15.0000   45.0000 2354.9321   14.2132
   -7.5000   -7.5000   45.0000 2472.5576   12.8790
    0.0000   -7.5000   45.0000 2484.9744   12.7921
    7.5000   -7.5000   45.0000 2456.2065   13.1188
   -7.5000    0.0000   45.0000 2553.9355   12.0906
    0.0000    0.0000   45.0000 2566.0637   12.0017
    7.5000    0.0000   45.0000 2538.2173   12.3041
   -7.5000    7.5000   45.0000 2608.9958   11.5024
    0.0000    7.5000   45.0000 2621.7690   11.3816
    7.5000    7.5000   45.0000 2595.4409   11.7124
   -7.5000   15.0000   45.0000 2642.9246   11.1059
    0.0000   15.0000   45.0000 2650.6423   11.0309
    7.5000   15.0000   45.0000 2626.7034   11.3092
   -7.5000   22.5000   45.0000 2652.8440   10.9722
    0.0000   22.5000   45.0000 2660.5225   10.8732
    7.5000   22.5000   45.0000 2635.3364   11.1409
   -7.5000   30.0000   45.0000 2620.6582   11.0846
    0.0000   30.0000   45.0000 2630.3049   10.9933
    7.5000   30.0000   45.0000 2608.7725   11.2338
   -7.5000   37.5000   45.0000 2567.8604   11.3439
    0.0000   37.5000   45.0000 2574.6626   11.2364
    7.5000   37.5000   45.0000 2557.8943   11.4820
   -7.5000   45.0000   45.0000 2493.1072   11.7464
    0.0000   45.0000   45.0000 2499.8823   11.6484
    7.5000   45.0000   45.0000 2482.0278   11.8965
   -7.5000   52.5000   45.0000 2381.4124   12.2459
    0.0000   52.5000   45.0000 2391.0542   12.1653
    7.5000   52.5000   45.0000 2371.5415   12.3839
   -7.5000   60.0000   45.0000 2225.2107   12.8622
    0.0000   60.0000   45.0000 2234.6907   12.7954
    7.5000   60.0000   45.0000 2217.2605   12.9800

---------------------------------------------------------------------
imgreg_4dfp /opt/freesurfer/average/711-2C_as_mni_average_305 /opt/freesurfer/average/711-2B_as_mni_average_305_mask talsrcimg_g11 none talsrcimg_to_711-2C_as_mni_average_305_t4 1283
---------------------------------------------------------------------

freesurfer imgreg_4dfp.c
/opt/freesurfer/average/711-2C_as_mni_average_305.4dfp.img
       256       256       256         1
  1.000000  1.000000  1.000000
orientation T byte_order littleendian
Reading image: /opt/freesurfer/average/711-2C_as_mni_average_305.4dfp.img
dimensions:      256       256       256
mmppix:       1.0000   -1.0000   -1.0000
center:     128.0000 -129.0000 -129.0000
/opt/freesurfer/average/711-2B_as_mni_average_305_mask.4dfp.img
       256       256       256         1
  1.000000  1.000000  1.000000
orientation T byte_order littleendian
Reading mask: /opt/freesurfer/average/711-2B_as_mni_average_305_mask.4dfp.img (2306576 pixels)
talsrcimg_g11.4dfp.img
       256       256       256         1
  1.000000  1.000000  1.000000
orientation T byte_order littleendian
Reading image: talsrcimg_g11.4dfp.img
dimensions:      256       256       256
mmppix:       1.0000   -1.0000   -1.0000
center:     128.0000 -129.0000 -129.0000
rotation matrix determinant  1.000000
fimgreg.f
image alignment mode   1283 decimal      503 hex
parameters
    0.0000   22.5000    0.0000    0.0000    0.0000    0.0000
eta,q 0.95260  8.47232
niter,ni,del,rscale     5    3   12.0000    1.2000
parameter  4 -0.506109 -> -0.500000 qaram    1.1500
parameters
   -1.3531   23.8156    0.1305    3.4500   -0.5873   -0.1169
eta,q 0.95716  8.33883
  0.0563  0.0592  0.0555  0.0506  0.0510  0.0483
  0.0482  0.0513  0.0501  0.0486  0.0467  0.0457
  0.0446  0.0462  0.0459  0.0465  0.0436  0.0434
  0.0465  0.0445  0.0446  0.0445  0.0429  0.0429
  0.0522  0.0448  0.0464  0.0430  0.0450  0.0439
  0.0599  0.0466  0.0503  0.0431  0.0494  0.0460
  0.0674  0.0494  0.0539  0.0449  0.0548  0.0485
niter,ni,del,rscale     5    3   12.0000    1.2000
parameters
   -1.0291   22.4866    0.8290    4.2620   -1.2768    0.0560
eta,q 0.95828  8.39021
  0.0630  0.0488  0.0560  0.0502  0.0497  0.0480
  0.0544  0.0446  0.0499  0.0464  0.0452  0.0454
  0.0464  0.0421  0.0445  0.0436  0.0423  0.0429
  0.0428  0.0428  0.0420  0.0419  0.0419  0.0417
  0.0450  0.0466  0.0429  0.0428  0.0441  0.0423
  0.0515  0.0512  0.0466  0.0445  0.0484  0.0446
  0.0594  0.0550  0.0507  0.0471  0.0539  0.0477
niter,ni,del,rscale     4    3   12.0000    1.2000
parameters
   -0.7868   22.1409    1.0188    4.7389   -1.6519    0.1548
eta,q 0.95833  8.39938
  0.0618  0.0517  0.0542  0.0493  0.0506  0.0481
  0.0529  0.0465  0.0482  0.0458  0.0459  0.0453
  0.0451  0.0427  0.0432  0.0429  0.0425  0.0428
  0.0417  0.0417  0.0416  0.0416  0.0418  0.0417
  0.0440  0.0440  0.0436  0.0427  0.0437  0.0423
  0.0508  0.0488  0.0477  0.0443  0.0477  0.0447
  0.0590  0.0535  0.0522  0.0475  0.0529  0.0480
niter,ni,del,rscale     3    3   12.0000    1.2000
parameters
   -0.6332   21.9559    1.0720    4.9210   -1.8545    0.2033
eta,q 0.95837  8.40288
  0.0614  0.0525  0.0540  0.0486  0.0511  0.0481
  0.0526  0.0470  0.0479  0.0454  0.0464  0.0453
  0.0449  0.0429  0.0431  0.0426  0.0426  0.0428
  0.0417  0.0417  0.0416  0.0416  0.0417  0.0416
  0.0442  0.0438  0.0439  0.0427  0.0434  0.0423
  0.0512  0.0484  0.0482  0.0444  0.0473  0.0449
  0.0596  0.0534  0.0529  0.0482  0.0524  0.0482
niter,ni,del,rscale     2    3   12.0000    1.2000
parameters
   -0.5484   21.8897    1.0846    4.9658   -1.9567    0.2268
eta,q 0.95841  8.40344
  0.0611  0.0530  0.0539  0.0484  0.0514  0.0481
  0.0523  0.0474  0.0479  0.0453  0.0466  0.0453
  0.0447  0.0430  0.0431  0.0425  0.0427  0.0428
  0.0416  0.0416  0.0416  0.0416  0.0416  0.0416
  0.0444  0.0436  0.0440  0.0427  0.0431  0.0423
  0.0516  0.0480  0.0484  0.0445  0.0470  0.0449
  0.0601  0.0531  0.0531  0.0486  0.0521  0.0483
niter,ni,del,rscale     1    3   12.0000    1.2000
parameters
   -0.5023   21.8751    1.0878    4.9734   -2.0080    0.2393
eta,q 0.95842  8.40330
  0.0609  0.0532  0.0539  0.0484  0.0516  0.0481
  0.0522  0.0475  0.0479  0.0453  0.0468  0.0452
  0.0446  0.0431  0.0431  0.0425  0.0428  0.0428
  0.0416  0.0416  0.0416  0.0416  0.0416  0.0416
  0.0445  0.0435  0.0440  0.0427  0.0430  0.0423
  0.0518  0.0479  0.0485  0.0446  0.0469  0.0450
  0.0603  0.0530  0.0532  0.0487  0.0520  0.0483
registration optimization eta report
parameter search radius
    6.0000    6.0000    6.0000    6.9000    6.0000    6.0000
100000*second partial in parameter space
       51.       31.       32.       14.       28.       18.
  0.0609  0.0532  0.0539  0.0484  0.0516  0.0481
  0.0522  0.0475  0.0479  0.0453  0.0468  0.0452
  0.0446  0.0431  0.0431  0.0425  0.0428  0.0428
  0.0416  0.0416  0.0416  0.0416  0.0416  0.0416
  0.0445  0.0435  0.0440  0.0427  0.0430  0.0423
  0.0518  0.0479  0.0485  0.0446  0.0469  0.0450
  0.0603  0.0530  0.0532  0.0487  0.0520  0.0483
   -0.5023   21.8751    1.0878    4.9734   -2.0080    0.2393
eta,q 0.95842  8.40330

---------------------------------------------------------------------
imgreg_4dfp /opt/freesurfer/average/711-2C_as_mni_average_305 /opt/freesurfer/average/711-2B_as_mni_average_305_mask talsrcimg_g11 none talsrcimg_to_711-2C_as_mni_average_305_t4 3335
---------------------------------------------------------------------

freesurfer imgreg_4dfp.c
/opt/freesurfer/average/711-2C_as_mni_average_305.4dfp.img
       256       256       256         1
  1.000000  1.000000  1.000000
orientation T byte_order littleendian
Reading image: /opt/freesurfer/average/711-2C_as_mni_average_305.4dfp.img
dimensions:      256       256       256
mmppix:       1.0000   -1.0000   -1.0000
center:     128.0000 -129.0000 -129.0000
/opt/freesurfer/average/711-2B_as_mni_average_305_mask.4dfp.img
       256       256       256         1
  1.000000  1.000000  1.000000
orientation T byte_order littleendian
Reading mask: /opt/freesurfer/average/711-2B_as_mni_average_305_mask.4dfp.img (2306576 pixels)
talsrcimg_g11.4dfp.img
       256       256       256         1
  1.000000  1.000000  1.000000
orientation T byte_order littleendian
Reading image: talsrcimg_g11.4dfp.img
dimensions:      256       256       256
mmppix:       1.0000   -1.0000   -1.0000
center:     128.0000 -129.0000 -129.0000
fimgreg.f
image alignment mode   3335 decimal      D07 hex
parameters
   -0.5023   21.8751    1.0878   -0.0623   -0.3761   -0.4377
   -0.1123    3.5269    0.4174   -8.6547   -3.5039    8.6640
eta,q 0.95685  8.46534
niter,ni,del,rscale     5    3    5.0000    1.2000
parameter  5  1.176443 ->  0.500000 qaram    1.1500
parameters
   -0.7679   21.7261    1.2087   -1.5484   -4.5161   -3.1408
    0.4792    2.3911   -0.2539   -8.1296   -5.6922    7.9398
eta,q 0.96019  8.24930
  0.0453  0.0449  0.0449  0.0453  0.0394  0.0412  0.0429  0.0428  0.0414  0.0427  0.0404  0.0408
  0.0440  0.0438  0.0439  0.0440  0.0399  0.0407  0.0415  0.0411  0.0405  0.0413  0.0400  0.0403
  0.0433  0.0432  0.0433  0.0431  0.0412  0.0400  0.0405  0.0401  0.0401  0.0404  0.0398  0.0399
  0.0432  0.0431  0.0431  0.0431  0.0430  0.0402  0.0401  0.0401  0.0400  0.0400  0.0399  0.0398
  0.0437  0.0435  0.0433  0.0440  0.0456  0.0417  0.0402  0.0410  0.0403  0.0401  0.0403  0.0400
  0.0448  0.0442  0.0437  0.0459  0.0487  0.0445  0.0409  0.0428  0.0410  0.0408  0.0410  0.0405
  0.0466  0.0453  0.0446  0.0488  0.0522  0.0475  0.0421  0.0452  0.0421  0.0420  0.0419  0.0414
niter,ni,del,rscale     5    3    5.0000    1.2000
parameter  3  0.728389 ->  0.500000 qaram    1.1500
parameter  5  0.578306 ->  0.500000 qaram    1.3225
parameters
   -1.0387   22.1096   -0.1713   -0.1903   -9.2771   -5.6707
    1.4798    2.4331    0.3032   -6.2277   -6.1719   10.0430
eta,q 0.96225  7.98567
  0.0418  0.0422  0.0392  0.0429  0.0381  0.0388  0.0406  0.0416  0.0396  0.0407  0.0389  0.0394
  0.0406  0.0410  0.0390  0.0415  0.0379  0.0385  0.0394  0.0398  0.0388  0.0394  0.0383  0.0387
  0.0399  0.0402  0.0392  0.0401  0.0380  0.0381  0.0386  0.0385  0.0383  0.0385  0.0379  0.0382
  0.0398  0.0398  0.0397  0.0390  0.0387  0.0379  0.0381  0.0380  0.0380  0.0380  0.0379  0.0379
  0.0403  0.0398  0.0406  0.0387  0.0403  0.0388  0.0381  0.0384  0.0381  0.0379  0.0381  0.0377
  0.0414  0.0402  0.0417  0.0394  0.0428  0.0414  0.0386  0.0396  0.0385  0.0382  0.0385  0.0379
  0.0429  0.0410  0.0430  0.0413  0.0462  0.0442  0.0396  0.0416  0.0392  0.0389  0.0392  0.0383
niter,ni,del,rscale     6    3    5.0000    1.2000
parameter 10 -0.637451 -> -0.500000 qaram    1.1500
parameters
   -1.1573   22.9509   -1.0715    0.3664  -13.5452   -8.0311
    1.7819    2.3050    0.6679   -2.0877   -6.1633   11.5310
eta,q 0.96313  7.73038
  0.0399  0.0403  0.0382  0.0400  0.0372  0.0377  0.0389  0.0404  0.0383  0.0401  0.0379  0.0381
  0.0386  0.0391  0.0375  0.0391  0.0371  0.0374  0.0382  0.0388  0.0378  0.0388  0.0374  0.0375
  0.0379  0.0382  0.0373  0.0381  0.0371  0.0374  0.0376  0.0377  0.0375  0.0379  0.0370  0.0371
  0.0377  0.0377  0.0376  0.0373  0.0372  0.0371  0.0374  0.0374  0.0374  0.0374  0.0369  0.0369
  0.0381  0.0376  0.0382  0.0371  0.0380  0.0376  0.0374  0.0377  0.0374  0.0371  0.0370  0.0369
  0.0390  0.0377  0.0390  0.0379  0.0398  0.0393  0.0379  0.0389  0.0377  0.0369  0.0374  0.0370
  0.0404  0.0382  0.0401  0.0399  0.0426  0.0426  0.0388  0.0407  0.0382  0.0370  0.0379  0.0374
niter,ni,del,rscale     6    3    5.0000    1.2000
parameter  2 -0.829759 -> -0.500000 qaram    1.1500
parameter  5  0.605435 ->  0.500000 qaram    1.5209
parameter 10 -0.559285 -> -0.500000 qaram    1.3225
parameters
   -1.2694   24.3309   -2.1978   -0.2830  -19.0203  -10.7076
    2.1098    1.8535    0.4216    2.6733   -5.7407   12.3839
eta,q 0.96543  7.41446
  0.0387  0.0395  0.0364  0.0376  0.0355  0.0354  0.0365  0.0375  0.0365  0.0391  0.0356  0.0356
  0.0376  0.0384  0.0361  0.0370  0.0354  0.0351  0.0359  0.0363  0.0358  0.0376  0.0351  0.0351
  0.0370  0.0375  0.0361  0.0364  0.0356  0.0353  0.0355  0.0355  0.0354  0.0362  0.0347  0.0348
  0.0369  0.0369  0.0362  0.0360  0.0361  0.0354  0.0352  0.0352  0.0352  0.0352  0.0346  0.0346
  0.0372  0.0364  0.0366  0.0361  0.0368  0.0354  0.0353  0.0356  0.0354  0.0347  0.0347  0.0346
  0.0379  0.0362  0.0372  0.0370  0.0380  0.0365  0.0357  0.0366  0.0359  0.0346  0.0349  0.0348
  0.0390  0.0362  0.0380  0.0388  0.0403  0.0391  0.0364  0.0383  0.0367  0.0351  0.0354  0.0352
niter,ni,del,rscale     7    3    5.0000    1.2000
parameters
   -1.4542   25.2880   -2.4182   -0.9357  -20.8977  -12.5845
    2.1467    1.4432   -0.1166    3.2641   -5.6713   12.6757
eta,q 0.96577  7.27270
  0.0361  0.0377  0.0353  0.0354  0.0358  0.0347  0.0354  0.0363  0.0353  0.0370  0.0351  0.0349
  0.0351  0.0362  0.0348  0.0351  0.0349  0.0344  0.0348  0.0352  0.0347  0.0355  0.0346  0.0346
  0.0346  0.0351  0.0345  0.0347  0.0344  0.0342  0.0344  0.0344  0.0343  0.0345  0.0343  0.0343
  0.0346  0.0346  0.0344  0.0344  0.0344  0.0344  0.0342  0.0342  0.0342  0.0342  0.0342  0.0342
  0.0349  0.0344  0.0346  0.0344  0.0349  0.0345  0.0343  0.0346  0.0344  0.0345  0.0343  0.0343
  0.0355  0.0346  0.0350  0.0350  0.0358  0.0347  0.0347  0.0354  0.0349  0.0352  0.0346  0.0345
  0.0365  0.0351  0.0356  0.0363  0.0374  0.0361  0.0355  0.0369  0.0356  0.0363  0.0350  0.0348
niter,ni,del,rscale     6    3    5.0000    1.2000
parameters
   -1.4441   25.5452   -2.5536   -1.0006  -21.1108  -13.3800
    2.3301    1.4033   -0.2288    3.5655   -5.6405   12.5958
eta,q 0.96577  7.24337
  0.0358  0.0361  0.0352  0.0351  0.0361  0.0348  0.0354  0.0364  0.0353  0.0367  0.0350  0.0349
  0.0349  0.0351  0.0347  0.0348  0.0351  0.0345  0.0348  0.0353  0.0347  0.0353  0.0346  0.0345
  0.0344  0.0345  0.0343  0.0345  0.0344  0.0343  0.0344  0.0345  0.0343  0.0344  0.0343  0.0343
  0.0342  0.0342  0.0342  0.0342  0.0342  0.0342  0.0342  0.0342  0.0342  0.0342  0.0342  0.0342
  0.0344  0.0344  0.0344  0.0342  0.0346  0.0345  0.0343  0.0345  0.0343  0.0345  0.0343  0.0343
  0.0349  0.0348  0.0348  0.0345  0.0352  0.0346  0.0347  0.0352  0.0348  0.0352  0.0346  0.0345
  0.0358  0.0354  0.0354  0.0355  0.0363  0.0351  0.0354  0.0365  0.0354  0.0363  0.0350  0.0348
niter,ni,del,rscale     5    3    5.0000    1.2000
parameters
   -1.4412   25.6781   -2.7227   -1.0682  -21.1358  -13.7133
    2.3628    1.3890   -0.2510    3.7686   -5.6125   12.4857
eta,q 0.96577  7.23151
  0.0358  0.0359  0.0351  0.0350  0.0361  0.0348  0.0354  0.0364  0.0353  0.0366  0.0350  0.0348
  0.0349  0.0349  0.0346  0.0348  0.0351  0.0346  0.0348  0.0353  0.0347  0.0352  0.0346  0.0345
  0.0344  0.0344  0.0343  0.0345  0.0344  0.0343  0.0344  0.0345  0.0344  0.0344  0.0343  0.0343
  0.0342  0.0342  0.0342  0.0342  0.0342  0.0342  0.0342  0.0342  0.0342  0.0342  0.0342  0.0342
  0.0344  0.0344  0.0344  0.0342  0.0345  0.0344  0.0343  0.0345  0.0343  0.0346  0.0343  0.0343
  0.0349  0.0349  0.0348  0.0345  0.0351  0.0346  0.0347  0.0352  0.0347  0.0352  0.0346  0.0346
  0.0357  0.0355  0.0354  0.0354  0.0361  0.0349  0.0354  0.0365  0.0354  0.0362  0.0350  0.0349
niter,ni,del,rscale     4    3    5.0000    1.2000
parameters
   -1.4385   25.7715   -2.8331   -1.1173  -21.1492  -13.9777
    2.3571    1.3751   -0.2552    3.9178   -5.6056   12.3983
eta,q 0.96575  7.22278
  0.0358  0.0358  0.0352  0.0350  0.0361  0.0348  0.0354  0.0364  0.0354  0.0365  0.0350  0.0349
  0.0349  0.0349  0.0347  0.0348  0.0351  0.0346  0.0348  0.0353  0.0348  0.0352  0.0346  0.0345
  0.0344  0.0344  0.0343  0.0345  0.0345  0.0343  0.0344  0.0345  0.0344  0.0344  0.0343  0.0343
  0.0342  0.0342  0.0342  0.0342  0.0342  0.0342  0.0342  0.0342  0.0342  0.0342  0.0342  0.0342
  0.0344  0.0344  0.0344  0.0342  0.0346  0.0344  0.0343  0.0345  0.0344  0.0346  0.0343  0.0343
  0.0349  0.0349  0.0348  0.0345  0.0352  0.0346  0.0347  0.0352  0.0347  0.0352  0.0346  0.0346
  0.0357  0.0355  0.0353  0.0354  0.0361  0.0349  0.0354  0.0365  0.0354  0.0362  0.0350  0.0349
niter,ni,del,rscale     3    3    5.0000    1.2000
parameters
   -1.4314   25.8376   -2.9148   -1.1686  -21.1460  -14.1695
    2.3399    1.3680   -0.2524    4.0346   -5.6047   12.3193
eta,q 0.96574  7.21634
  0.0358  0.0358  0.0352  0.0350  0.0361  0.0348  0.0354  0.0363  0.0354  0.0365  0.0350  0.0349
  0.0349  0.0349  0.0347  0.0348  0.0352  0.0346  0.0348  0.0353  0.0348  0.0352  0.0346  0.0345
  0.0344  0.0344  0.0344  0.0345  0.0345  0.0344  0.0344  0.0345  0.0344  0.0344  0.0343  0.0343
  0.0342  0.0342  0.0342  0.0343  0.0343  0.0343  0.0343  0.0343  0.0342  0.0342  0.0343  0.0343
  0.0344  0.0344  0.0344  0.0342  0.0346  0.0344  0.0344  0.0345  0.0344  0.0346  0.0343  0.0343
  0.0349  0.0349  0.0347  0.0345  0.0352  0.0346  0.0348  0.0352  0.0347  0.0352  0.0346  0.0346
  0.0357  0.0356  0.0353  0.0354  0.0361  0.0348  0.0354  0.0364  0.0354  0.0362  0.0350  0.0349
niter,ni,del,rscale     2    3    5.0000    1.2000
parameters
   -1.4262   25.8900   -2.9845   -1.2050  -21.1427  -14.3313
    2.3271    1.3628   -0.2422    4.1285   -5.6089   12.2693
eta,q 0.96573  7.21144
  0.0358  0.0358  0.0352  0.0350  0.0361  0.0348  0.0354  0.0363  0.0354  0.0364  0.0350  0.0349
  0.0349  0.0349  0.0347  0.0348  0.0352  0.0346  0.0348  0.0352  0.0348  0.0351  0.0346  0.0345
  0.0344  0.0344  0.0344  0.0346  0.0345  0.0344  0.0344  0.0345  0.0344  0.0344  0.0343  0.0343
  0.0343  0.0343  0.0343  0.0343  0.0343  0.0343  0.0343  0.0343  0.0343  0.0343  0.0343  0.0343
  0.0344  0.0345  0.0344  0.0342  0.0346  0.0344  0.0344  0.0345  0.0344  0.0346  0.0344  0.0344
  0.0349  0.0349  0.0347  0.0345  0.0352  0.0346  0.0348  0.0352  0.0348  0.0352  0.0346  0.0346
  0.0357  0.0356  0.0353  0.0354  0.0361  0.0348  0.0354  0.0364  0.0354  0.0362  0.0350  0.0349
niter,ni,del,rscale     1    3    5.0000    1.2000
parameters
   -1.4191   25.9344   -3.0364   -1.2345  -21.1530  -14.4927
    2.3080    1.3504   -0.2352    4.2113   -5.6099   12.2407
eta,q 0.96572  7.20653
  0.0358  0.0358  0.0352  0.0350  0.0361  0.0348  0.0354  0.0363  0.0354  0.0364  0.0350  0.0349
  0.0349  0.0349  0.0347  0.0348  0.0352  0.0346  0.0348  0.0352  0.0348  0.0351  0.0346  0.0345
  0.0344  0.0344  0.0344  0.0346  0.0345  0.0344  0.0344  0.0345  0.0344  0.0344  0.0343  0.0343
  0.0343  0.0343  0.0343  0.0343  0.0343  0.0343  0.0343  0.0343  0.0343  0.0343  0.0343  0.0343
  0.0344  0.0345  0.0344  0.0342  0.0346  0.0344  0.0344  0.0345  0.0344  0.0346  0.0344  0.0344
  0.0349  0.0349  0.0347  0.0345  0.0352  0.0346  0.0348  0.0352  0.0348  0.0352  0.0346  0.0346
  0.0357  0.0356  0.0353  0.0354  0.0361  0.0348  0.0354  0.0364  0.0354  0.0362  0.0350  0.0349
registration optimization eta report
parameter search radius
    2.4000    2.7600    2.7600    7.2000   10.9503    7.2000
    7.2000    7.2000    7.2000    9.5220    7.2000    7.2000
100000*second partial in parameter space
       26.       18.       13.        2.        2.        1.
        2.        4.        2.        2.        1.        1.
  0.0358  0.0358  0.0352  0.0350  0.0361  0.0348  0.0354  0.0363  0.0354  0.0364  0.0350  0.0349
  0.0349  0.0349  0.0347  0.0348  0.0352  0.0346  0.0348  0.0352  0.0348  0.0351  0.0346  0.0345
  0.0344  0.0344  0.0344  0.0346  0.0345  0.0344  0.0344  0.0345  0.0344  0.0344  0.0343  0.0343
  0.0343  0.0343  0.0343  0.0343  0.0343  0.0343  0.0343  0.0343  0.0343  0.0343  0.0343  0.0343
  0.0344  0.0345  0.0344  0.0342  0.0346  0.0344  0.0344  0.0345  0.0344  0.0346  0.0344  0.0344
  0.0349  0.0349  0.0347  0.0345  0.0352  0.0346  0.0348  0.0352  0.0348  0.0352  0.0346  0.0346
  0.0357  0.0356  0.0353  0.0354  0.0361  0.0348  0.0354  0.0364  0.0354  0.0362  0.0350  0.0349
   -1.4191   25.9344   -3.0364   -1.2345  -21.1530  -14.4927
    2.3080    1.3504   -0.2352    4.2113   -5.6099   12.2407
eta,q 0.96572  7.20653

---------------------------------------------------------------------
imgreg_4dfp /opt/freesurfer/average/711-2C_as_mni_average_305 /opt/freesurfer/average/711-2B_as_mni_average_305_mask talsrcimg_g11 none talsrcimg_to_711-2C_as_mni_average_305_t4 2311
---------------------------------------------------------------------

freesurfer imgreg_4dfp.c
/opt/freesurfer/average/711-2C_as_mni_average_305.4dfp.img
       256       256       256         1
  1.000000  1.000000  1.000000
orientation T byte_order littleendian
Reading image: /opt/freesurfer/average/711-2C_as_mni_average_305.4dfp.img
dimensions:      256       256       256
mmppix:       1.0000   -1.0000   -1.0000
center:     128.0000 -129.0000 -129.0000
/opt/freesurfer/average/711-2B_as_mni_average_305_mask.4dfp.img
       256       256       256         1
  1.000000  1.000000  1.000000
orientation T byte_order littleendian
Reading mask: /opt/freesurfer/average/711-2B_as_mni_average_305_mask.4dfp.img (2306576 pixels)
talsrcimg_g11.4dfp.img
       256       256       256         1
  1.000000  1.000000  1.000000
orientation T byte_order littleendian
Reading image: talsrcimg_g11.4dfp.img
dimensions:      256       256       256
mmppix:       1.0000   -1.0000   -1.0000
center:     128.0000 -129.0000 -129.0000
fimgreg.f
image alignment mode   2311 decimal      907 hex
parameters
   -1.4191   25.9344   -3.0364   -1.2345  -21.1530  -14.4927
    2.3080    1.3504   -0.2352    4.2113   -5.6099   12.2407
eta,q 0.96572  7.20653
niter,ni,del,rscale     5    3    5.0000    0.8000
parameters
   -1.4201   25.8541   -3.0270    0.2122  -21.3969  -14.4846
    2.7156    1.6741   -0.3135    3.5145   -5.5690   12.7667
eta,q 0.96584  7.24741
  0.0349  0.0347  0.0346  0.0348  0.0346  0.0346  0.0348  0.0354  0.0347  0.0346  0.0345  0.0345
  0.0346  0.0344  0.0344  0.0347  0.0344  0.0344  0.0345  0.0348  0.0344  0.0343  0.0343  0.0343
  0.0343  0.0343  0.0343  0.0345  0.0342  0.0343  0.0343  0.0343  0.0342  0.0342  0.0342  0.0342
  0.0343  0.0343  0.0343  0.0343  0.0342  0.0342  0.0342  0.0342  0.0342  0.0342  0.0342  0.0342
  0.0343  0.0344  0.0343  0.0342  0.0343  0.0342  0.0342  0.0343  0.0342  0.0343  0.0342  0.0342
  0.0346  0.0345  0.0344  0.0343  0.0344  0.0344  0.0344  0.0345  0.0344  0.0346  0.0343  0.0342
  0.0349  0.0348  0.0346  0.0345  0.0347  0.0346  0.0347  0.0351  0.0347  0.0349  0.0345  0.0344
niter,ni,del,rscale     4    3    5.0000    0.7000
parameters
   -1.5850   25.7079   -2.9705    0.3596  -21.3421  -14.1187
    3.0768    1.5270   -0.4027    3.1877   -5.4471   12.9553
eta,q 0.96590  7.26154
  0.0346  0.0344  0.0344  0.0346  0.0345  0.0345  0.0346  0.0349  0.0345  0.0345  0.0344  0.0344
  0.0343  0.0343  0.0343  0.0344  0.0343  0.0344  0.0344  0.0345  0.0343  0.0342  0.0342  0.0342
  0.0342  0.0342  0.0342  0.0343  0.0342  0.0342  0.0342  0.0342  0.0342  0.0341  0.0341  0.0341
  0.0342  0.0341  0.0341  0.0341  0.0341  0.0341  0.0341  0.0341  0.0341  0.0341  0.0341  0.0341
  0.0343  0.0342  0.0342  0.0341  0.0342  0.0341  0.0341  0.0342  0.0342  0.0342  0.0341  0.0341
  0.0345  0.0344  0.0342  0.0343  0.0343  0.0343  0.0343  0.0345  0.0343  0.0344  0.0342  0.0342
  0.0348  0.0346  0.0344  0.0347  0.0345  0.0344  0.0345  0.0350  0.0345  0.0346  0.0344  0.0343
niter,ni,del,rscale     3    3    5.0000    0.6000
parameters
   -1.6733   25.6265   -2.8331    0.5957  -21.3391  -13.8513
    3.2686    1.4383   -0.4799    2.9227   -5.3995   13.0593
eta,q 0.96592  7.27567
  0.0345  0.0344  0.0344  0.0345  0.0343  0.0344  0.0345  0.0347  0.0344  0.0344  0.0343  0.0343
  0.0343  0.0342  0.0342  0.0344  0.0342  0.0343  0.0343  0.0344  0.0342  0.0342  0.0342  0.0342
  0.0341  0.0341  0.0341  0.0342  0.0341  0.0342  0.0341  0.0341  0.0341  0.0341  0.0341  0.0341
  0.0341  0.0341  0.0341  0.0341  0.0341  0.0341  0.0341  0.0341  0.0341  0.0341  0.0341  0.0341
  0.0342  0.0342  0.0341  0.0341  0.0341  0.0341  0.0341  0.0342  0.0341  0.0341  0.0341  0.0341
  0.0343  0.0343  0.0342  0.0342  0.0342  0.0342  0.0342  0.0344  0.0342  0.0343  0.0342  0.0342
  0.0346  0.0344  0.0343  0.0345  0.0343  0.0343  0.0344  0.0348  0.0344  0.0345  0.0343  0.0343
niter,ni,del,rscale     2    3    5.0000    0.5000
parameters
   -1.7345   25.5329   -2.7158    0.7730  -21.3645  -13.6222
    3.3565    1.3733   -0.5230    2.7094   -5.3720   13.2043
eta,q 0.96594  7.28668
  0.0344  0.0342  0.0343  0.0344  0.0343  0.0343  0.0343  0.0345  0.0343  0.0343  0.0342  0.0342
  0.0342  0.0341  0.0342  0.0343  0.0341  0.0342  0.0342  0.0343  0.0342  0.0341  0.0341  0.0341
  0.0341  0.0341  0.0341  0.0341  0.0341  0.0341  0.0341  0.0341  0.0341  0.0341  0.0341  0.0341
  0.0341  0.0341  0.0341  0.0341  0.0341  0.0341  0.0341  0.0341  0.0341  0.0341  0.0341  0.0341
  0.0341  0.0341  0.0341  0.0341  0.0341  0.0341  0.0341  0.0341  0.0341  0.0341  0.0341  0.0341
  0.0343  0.0342  0.0341  0.0342  0.0342  0.0342  0.0342  0.0343  0.0342  0.0342  0.0341  0.0341
  0.0344  0.0343  0.0342  0.0344  0.0343  0.0343  0.0343  0.0346  0.0343  0.0343  0.0342  0.0342
niter,ni,del,rscale     1    3    5.0000    0.4000
parameters
   -1.7756   25.4656   -2.6225    0.8906  -21.4155  -13.4682
    3.4493    1.3232   -0.5692    2.5618   -5.3684   13.2810
eta,q 0.96595  7.29286
  0.0342  0.0342  0.0342  0.0343  0.0342  0.0342  0.0342  0.0343  0.0342  0.0342  0.0341  0.0341
  0.0341  0.0341  0.0341  0.0342  0.0341  0.0342  0.0341  0.0342  0.0341  0.0341  0.0341  0.0341
  0.0341  0.0341  0.0341  0.0341  0.0341  0.0341  0.0341  0.0341  0.0341  0.0341  0.0341  0.0341
  0.0341  0.0341  0.0341  0.0341  0.0341  0.0341  0.0341  0.0341  0.0341  0.0341  0.0341  0.0341
  0.0341  0.0341  0.0341  0.0341  0.0341  0.0341  0.0341  0.0341  0.0341  0.0341  0.0341  0.0341
  0.0342  0.0341  0.0341  0.0341  0.0341  0.0341  0.0341  0.0342  0.0341  0.0341  0.0341  0.0341
  0.0343  0.0342  0.0341  0.0343  0.0342  0.0342  0.0342  0.0344  0.0342  0.0342  0.0341  0.0341
registration optimization eta report
parameter search radius
    0.8000    0.8000    0.8000    2.4000    2.4000    2.4000
    2.4000    2.4000    2.4000    2.4000    2.4000    2.4000
100000*second partial in parameter space
       31.       21.       16.        4.        2.        3.
        3.        5.        2.        3.        2.        2.
  0.0342  0.0342  0.0342  0.0343  0.0342  0.0342  0.0342  0.0343  0.0342  0.0342  0.0341  0.0341
  0.0341  0.0341  0.0341  0.0342  0.0341  0.0342  0.0341  0.0342  0.0341  0.0341  0.0341  0.0341
  0.0341  0.0341  0.0341  0.0341  0.0341  0.0341  0.0341  0.0341  0.0341  0.0341  0.0341  0.0341
  0.0341  0.0341  0.0341  0.0341  0.0341  0.0341  0.0341  0.0341  0.0341  0.0341  0.0341  0.0341
  0.0341  0.0341  0.0341  0.0341  0.0341  0.0341  0.0341  0.0341  0.0341  0.0341  0.0341  0.0341
  0.0342  0.0341  0.0341  0.0341  0.0341  0.0341  0.0341  0.0342  0.0341  0.0341  0.0341  0.0341
  0.0343  0.0342  0.0341  0.0343  0.0342  0.0342  0.0342  0.0344  0.0342  0.0342  0.0341  0.0341
   -1.7756   25.4656   -2.6225    0.8906  -21.4155  -13.4682
    3.4493    1.3232   -0.5692    2.5618   -5.3684   13.2810
eta,q 0.96595  7.29286

---------------------------------------------------------------------
imgreg_4dfp /opt/freesurfer/average/711-2C_as_mni_average_305 /opt/freesurfer/average/711-2B_as_mni_average_305_mask talsrcimg_g11 none talsrcimg_to_711-2C_as_mni_average_305_t4 2311
---------------------------------------------------------------------

freesurfer imgreg_4dfp.c
/opt/freesurfer/average/711-2C_as_mni_average_305.4dfp.img
       256       256       256         1
  1.000000  1.000000  1.000000
orientation T byte_order littleendian
Reading image: /opt/freesurfer/average/711-2C_as_mni_average_305.4dfp.img
dimensions:      256       256       256
mmppix:       1.0000   -1.0000   -1.0000
center:     128.0000 -129.0000 -129.0000
/opt/freesurfer/average/711-2B_as_mni_average_305_mask.4dfp.img
       256       256       256         1
  1.000000  1.000000  1.000000
orientation T byte_order littleendian
Reading mask: /opt/freesurfer/average/711-2B_as_mni_average_305_mask.4dfp.img (2306576 pixels)
talsrcimg_g11.4dfp.img
       256       256       256         1
  1.000000  1.000000  1.000000
orientation T byte_order littleendian
Reading image: talsrcimg_g11.4dfp.img
dimensions:      256       256       256
mmppix:       1.0000   -1.0000   -1.0000
center:     128.0000 -129.0000 -129.0000
fimgreg.f
image alignment mode   2311 decimal      907 hex
parameters
   -1.7756   25.4656   -2.6225    0.8906  -21.4155  -13.4682
    3.4493    1.3232   -0.5692    2.5618   -5.3684   13.2810
eta,q 0.96595  7.29286
niter,ni,del,rscale     5    3    5.0000    0.8000
parameters
   -1.7521   25.4534   -2.5617    0.4292  -21.4041  -13.3532
    3.3018    1.2965   -0.5272    2.7983   -5.4226   13.1755
eta,q 0.96593  7.28230
  0.0349  0.0346  0.0345  0.0346  0.0345  0.0345  0.0346  0.0352  0.0346  0.0348  0.0344  0.0344
  0.0344  0.0343  0.0342  0.0344  0.0343  0.0343  0.0343  0.0346  0.0343  0.0344  0.0342  0.0342
  0.0341  0.0341  0.0341  0.0342  0.0341  0.0342  0.0341  0.0342  0.0341  0.0341  0.0341  0.0341
  0.0341  0.0341  0.0341  0.0340  0.0341  0.0341  0.0341  0.0341  0.0341  0.0341  0.0341  0.0341
  0.0342  0.0341  0.0341  0.0342  0.0341  0.0341  0.0341  0.0342  0.0341  0.0341  0.0341  0.0341
  0.0344  0.0343  0.0342  0.0345  0.0343  0.0343  0.0343  0.0346  0.0343  0.0343  0.0342  0.0342
  0.0348  0.0346  0.0344  0.0351  0.0345  0.0345  0.0347  0.0353  0.0346  0.0346  0.0344  0.0344
niter,ni,del,rscale     4    3    5.0000    0.7000
parameters
   -1.7329   25.4530   -2.5583    0.5193  -21.4288  -13.3678
    3.3048    1.3537   -0.5187    2.7258   -5.4385   13.2102
eta,q 0.96593  7.28378
  0.0347  0.0345  0.0344  0.0346  0.0344  0.0344  0.0345  0.0350  0.0345  0.0345  0.0343  0.0343
  0.0343  0.0342  0.0342  0.0344  0.0342  0.0343  0.0343  0.0345  0.0343  0.0343  0.0342  0.0342
  0.0341  0.0341  0.0341  0.0342  0.0341  0.0341  0.0341  0.0342  0.0341  0.0341  0.0341  0.0341
  0.0341  0.0341  0.0341  0.0341  0.0341  0.0341  0.0341  0.0341  0.0341  0.0341  0.0341  0.0341
  0.0341  0.0341  0.0341  0.0341  0.0341  0.0341  0.0341  0.0342  0.0341  0.0341  0.0341  0.0341
  0.0343  0.0343  0.0342  0.0343  0.0342  0.0343  0.0343  0.0344  0.0342  0.0343  0.0342  0.0342
  0.0347  0.0345  0.0344  0.0347  0.0344  0.0344  0.0345  0.0350  0.0345  0.0345  0.0343  0.0343
niter,ni,del,rscale     3    3    5.0000    0.6000
parameters
   -1.7406   25.4313   -2.5420    0.6836  -21.4579  -13.3526
    3.3506    1.3617   -0.5076    2.6361   -5.4857   13.2760
eta,q 0.96595  7.28873
  0.0345  0.0344  0.0343  0.0345  0.0343  0.0344  0.0344  0.0347  0.0344  0.0344  0.0343  0.0343
  0.0343  0.0342  0.0342  0.0343  0.0342  0.0342  0.0342  0.0344  0.0342  0.0342  0.0341  0.0341
  0.0341  0.0341  0.0341  0.0342  0.0341  0.0341  0.0341  0.0341  0.0341  0.0341  0.0341  0.0341
  0.0341  0.0341  0.0341  0.0341  0.0341  0.0341  0.0341  0.0341  0.0341  0.0341  0.0341  0.0341
  0.0341  0.0341  0.0341  0.0341  0.0341  0.0341  0.0341  0.0341  0.0341  0.0341  0.0341  0.0341
  0.0343  0.0342  0.0342  0.0342  0.0342  0.0342  0.0342  0.0344  0.0342  0.0342  0.0341  0.0341
  0.0345  0.0344  0.0343  0.0345  0.0343  0.0344  0.0344  0.0347  0.0344  0.0344  0.0343  0.0342
niter,ni,del,rscale     2    3    5.0000    0.5000
parameters
   -1.7596   25.4104   -2.5233    0.8324  -21.4628  -13.3305
    3.3899    1.3404   -0.5079    2.5670   -5.4471   13.3055
eta,q 0.96595  7.29396
  0.0344  0.0343  0.0342  0.0344  0.0342  0.0343  0.0343  0.0345  0.0343  0.0343  0.0342  0.0342
  0.0342  0.0341  0.0341  0.0342  0.0341  0.0342  0.0342  0.0343  0.0341  0.0342  0.0341  0.0341
  0.0341  0.0341  0.0341  0.0341  0.0341  0.0341  0.0341  0.0341  0.0341  0.0341  0.0341  0.0341
  0.0341  0.0341  0.0341  0.0341  0.0340  0.0340  0.0341  0.0340  0.0340  0.0340  0.0341  0.0340
  0.0341  0.0341  0.0341  0.0341  0.0341  0.0341  0.0341  0.0341  0.0341  0.0341  0.0341  0.0341
  0.0342  0.0342  0.0341  0.0342  0.0341  0.0342  0.0341  0.0343  0.0341  0.0342  0.0341  0.0341
  0.0344  0.0343  0.0342  0.0344  0.0342  0.0343  0.0343  0.0345  0.0343  0.0343  0.0342  0.0342
niter,ni,del,rscale     1    3    5.0000    0.4000
parameters
   -1.7854   25.3768   -2.4966    0.9097  -21.4904  -13.2844
    3.4539    1.3111   -0.5351    2.4697   -5.4385   13.3924
eta,q 0.96595  7.29690
  0.0342  0.0342  0.0342  0.0343  0.0342  0.0342  0.0342  0.0344  0.0342  0.0342  0.0341  0.0341
  0.0341  0.0341  0.0341  0.0342  0.0341  0.0341  0.0341  0.0342  0.0341  0.0341  0.0341  0.0341
  0.0341  0.0341  0.0341  0.0341  0.0341  0.0341  0.0341  0.0341  0.0341  0.0341  0.0341  0.0341
  0.0340  0.0341  0.0340  0.0340  0.0340  0.0340  0.0340  0.0340  0.0340  0.0340  0.0340  0.0340
  0.0341  0.0341  0.0341  0.0341  0.0341  0.0341  0.0341  0.0341  0.0341  0.0341  0.0341  0.0341
  0.0342  0.0341  0.0341  0.0341  0.0341  0.0341  0.0341  0.0342  0.0341  0.0341  0.0341  0.0341
  0.0343  0.0342  0.0341  0.0343  0.0342  0.0342  0.0342  0.0344  0.0342  0.0342  0.0341  0.0341
registration optimization eta report
parameter search radius
    0.8000    0.8000    0.8000    2.4000    2.4000    2.4000
    2.4000    2.4000    2.4000    2.4000    2.4000    2.4000
100000*second partial in parameter space
       32.       21.       16.        4.        2.        3.
        3.        5.        2.        3.        2.        2.
  0.0342  0.0342  0.0342  0.0343  0.0342  0.0342  0.0342  0.0344  0.0342  0.0342  0.0341  0.0341
  0.0341  0.0341  0.0341  0.0342  0.0341  0.0341  0.0341  0.0342  0.0341  0.0341  0.0341  0.0341
  0.0341  0.0341  0.0341  0.0341  0.0341  0.0341  0.0341  0.0341  0.0341  0.0341  0.0341  0.0341
  0.0340  0.0341  0.0340  0.0340  0.0340  0.0340  0.0340  0.0340  0.0340  0.0340  0.0340  0.0340
  0.0341  0.0341  0.0341  0.0341  0.0341  0.0341  0.0341  0.0341  0.0341  0.0341  0.0341  0.0341
  0.0342  0.0341  0.0341  0.0341  0.0341  0.0341  0.0341  0.0342  0.0341  0.0341  0.0341  0.0341
  0.0343  0.0342  0.0341  0.0343  0.0342  0.0342  0.0342  0.0344  0.0342  0.0342  0.0341  0.0341
   -1.7854   25.3768   -2.4966    0.9097  -21.4904  -13.2844
    3.4539    1.3111   -0.5351    2.4697   -5.4385   13.3924
eta,q 0.96595  7.29690

---------------------------------------------------------------------
compute_vox2vox talsrcimg talsrcimg_to_711-2C_as_mni_average_305_t4 /opt/freesurfer/average/711-2C_as_mni_average_305
---------------------------------------------------------------------

freesurfer compute_vox2vox.c
Reading: talsrcimg.4dfp.ifh
Reading: talsrcimg_to_711-2C_as_mni_average_305_t4
Reading: /opt/freesurfer/average/711-2C_as_mni_average_305.4dfp.ifh
Writing: talsrcimg_to_711-2C_as_mni_average_305_t4_vox2vox.txt

start time Wed Mar 11 21:04:38 CET 2026
end		time Wed Mar 11 21:06:10 CET 2026

mpr2mni305 success

avi2talxfm orig_nu.mgz /opt/freesurfer/average/mni305.cor.mgz talsrcimg_to_711-2C_as_mni_average_305_t4_vox2vox.txt transforms/talairach.auto.xfm
avi2talxfm done
mv -f /out/sourcedata/freesurfer/sub-v1s2x0051483_ses-1/mri/talsrcimg_to_711-2C_as_mni_average_305_t4_vox2vox.txt /out/sourcedata/freesurfer/sub-v1s2x0051483_ses-1/mri/transforms/talsrcimg_to_711-2C_as_mni_average_305_t4_vox2vox.txt
lta_convert --src orig_nu.mgz --trg /opt/freesurfer/average/mni305.cor.mgz --inxfm transforms/talairach.auto.xfm --outlta transforms/talairach.auto.xfm.lta --subject fsaverage
7.3.2

--src: orig_nu.mgz src image (geometry).
--trg: /opt/freesurfer/average/mni305.cor.mgz trg image (geometry).
--inmni: transforms/talairach.auto.xfm input MNI/XFM transform.
--outlta: transforms/talairach.auto.xfm.lta output LTA.
--s: fsaverage subject name
 LTA read, type : 1
 0.99002  -0.01379  -0.04120   3.80054;
 0.06135   1.15797  -0.20023  -62.71366;
 0.00482  -0.03652   1.27975  -30.76607;
 0.00000   0.00000   0.00000   1.00000;
setting subject to fsaverage
Writing  LTA to file transforms/talairach.auto.xfm.lta...
lta_convert successful.
 
 
Started at Wed Mar 11 21:04:37 CET 2026
Ended   at Wed Mar 11 21:06:10 CET 2026
talairach_avi done
