/out/sourcedata/freesurfer/sub-v1s2x0051471_ses-1/mri
/opt/freesurfer/bin/talairach_avi
--i orig_nu.mgz --xfm transforms/talairach.auto.xfm
talairach_avi 7.3.2
Linux dna029 5.14.0-427.37.1.el9_4.x86_64 #1 SMP PREEMPT_DYNAMIC Fri Sep 13 12:41:50 EDT 2024 x86_64 x86_64 x86_64 GNU/Linux
Mon Mar  9 21:42:31 CET 2026
mri_convert orig_nu.mgz talsrcimg.img 
reading from orig_nu.mgz...
TR=0.00, TE=0.00, TI=0.00, flip angle=0.00
i_ras = (-1, 0, 0)
j_ras = (0, 0, -1)
k_ras = (0, 1, 0)
writing to talsrcimg.img...
Analyze Output Matrix
-1.00000   0.00000   0.00000   130.85593;
 0.00000   0.00000   1.00000  -60.88136;
 0.00000  -1.00000   0.00000   79.83051;
 0.00000   0.00000   0.00000   1.00000;
--------------------
INFO: set hdr.hist.orient to -1
mpr2mni305 talsrcimg
Mon Mar  9 21:42:31 CET 2026
/opt/freesurfer/bin/mpr2mni305 talsrcimg
mpr2mni305 7.3.2
target=711-2C_as_mni_average_305

---------------------------------------------------------------------
analyzeto4dfp talsrcimg -O0 -y
---------------------------------------------------------------------

freesurfer ifh2hdr.c
Mon Mar  9 21:42:31 2026
Writing: talsrcimg.4dfp.hdr
freesurfer analyzeto4dfp.c
Reading: talsrcimg.hdr
header size 348 bytes
hdr.dime.datatype	offset=70	value=2
hdr.dime.bitpix		offset=72	value=8
hdr.hist.orient		offset=252	value=-1
dimensionality     4
dimensions       256       256       256         1
Reading: talsrcimg.img
Writing: talsrcimg.4dfp.img
Writing: talsrcimg.4dfp.ifh
ifh2hdr talsrcimg -r0to255
ori=2

---------------------------------------------------------------------
gauss_4dfp talsrcimg 1.1
---------------------------------------------------------------------

freesurfer gauss_4dfp.c
Reading: talsrcimg.4dfp.img
Writing: talsrcimg_g11.4dfp.img
image dimensions 256 256 256 padded to 288 288 288
processing volume 1freesurfer ifh2hdr.c
Mon Mar  9 21:42:33 2026
Writing: talsrcimg_g11.4dfp.hdr

Writing: talsrcimg_g11.4dfp.ifh
including: talsrcimg.4dfp.img.rec in talsrcimg_g11.4dfp.img.rec

---------------------------------------------------------------------
imgreg_4dfp /opt/freesurfer/average/711-2C_as_mni_average_305 none talsrcimg_g11 none talsrcimg_to_711-2C_as_mni_average_305_t4 4355
---------------------------------------------------------------------

freesurfer imgreg_4dfp.c
/opt/freesurfer/average/711-2C_as_mni_average_305.4dfp.img
       256       256       256         1
  1.000000  1.000000  1.000000
orientation T byte_order littleendian
Reading image: /opt/freesurfer/average/711-2C_as_mni_average_305.4dfp.img
dimensions:      256       256       256
mmppix:       1.0000   -1.0000   -1.0000
center:     128.0000 -129.0000 -129.0000
talsrcimg_g11.4dfp.img
       256       256       256         1
  1.000000  1.000000  1.000000
orientation T byte_order littleendian
Reading image: talsrcimg_g11.4dfp.img
dimensions:      256       256       256
mmppix:       1.0000   -1.0000   -1.0000
center:     128.0000 -129.0000 -129.0000
t4_read: open error in t4_sub.f l:  41 t4_file(1:l)talsrcimg_to_711-2C_as_mni_average_305_t4 
t4_read: transform initialized to I4
rotation matrix determinant  1.000000
image alignment mode   4355 decimal     1103 hex
   -7.5000  -45.0000  -45.0000 5881.4644   15.6464
    0.0000  -45.0000  -45.0000 6072.1938   15.6269
    7.5000  -45.0000  -45.0000 5736.1440   15.6332
   -7.5000  -37.5000  -45.0000 6499.4390   15.0051
    0.0000  -37.5000  -45.0000 6728.8584   14.9908
    7.5000  -37.5000  -45.0000 6351.7734   15.0027
   -7.5000  -30.0000  -45.0000 7467.7686   14.5563
    0.0000  -30.0000  -45.0000 7718.2886   14.5374
    7.5000  -30.0000  -45.0000 7300.1328   14.5592
   -7.5000  -22.5000  -45.0000 8567.6348   14.2855
    0.0000  -22.5000  -45.0000 8832.4922   14.2580
    7.5000  -22.5000  -45.0000 8343.3926   14.2797
   -7.5000  -15.0000  -45.0000 9717.9619   14.1286
    0.0000  -15.0000  -45.000010009.6104   14.0990
    7.5000  -15.0000  -45.0000 9451.2041   14.1123
   -7.5000   -7.5000  -45.000010873.5859   14.0700
    0.0000   -7.5000  -45.000011198.8770   14.0477
    7.5000   -7.5000  -45.000010583.5068   14.0514
   -7.5000    0.0000  -45.000011903.7344   14.0546
    0.0000    0.0000  -45.000012272.3770   14.0422
    7.5000    0.0000  -45.000011596.0811   14.0439
   -7.5000    7.5000  -45.000012030.7998   14.0373
    0.0000    7.5000  -45.000012391.0176   14.0268
    7.5000    7.5000  -45.000011724.8496   14.0377
   -7.5000   15.0000  -45.000012020.1348   14.0240
    0.0000   15.0000  -45.000012398.4844   14.0065
    7.5000   15.0000  -45.000011739.7158   14.0269
   -7.5000   22.5000  -45.000011889.5410   14.0270
    0.0000   22.5000  -45.000012280.3594   14.0004
    7.5000   22.5000  -45.000011568.3945   14.0212
   -7.5000   30.0000  -45.000011708.7715   13.8617
    0.0000   30.0000  -45.000012065.8672   13.8329
    7.5000   30.0000  -45.000011359.7617   13.8459
   -7.5000   37.5000  -45.000011778.6719   13.8721
    0.0000   37.5000  -45.000012164.7324   13.8502
    7.5000   37.5000  -45.000011412.4521   13.8539
   -7.5000   45.0000  -45.000011278.6172   13.5152
    0.0000   45.0000  -45.000011618.8564   13.5032
    7.5000   45.0000  -45.000010895.2373   13.5049
   -7.5000  -45.0000  -37.5000 6052.8447   15.7066
    0.0000  -45.0000  -37.5000 6257.3877   15.6803
    7.5000  -45.0000  -37.5000 5891.2964   15.6717
   -7.5000  -37.5000  -37.5000 6713.6992   15.0574
    0.0000  -37.5000  -37.5000 6941.7627   15.0353
    7.5000  -37.5000  -37.5000 6539.9106   15.0319
   -7.5000  -30.0000  -37.5000 7760.4248   14.6105
    0.0000  -30.0000  -37.5000 8007.1089   14.5847
    7.5000  -30.0000  -37.5000 7554.8340   14.5905
   -7.5000  -22.5000  -37.5000 8899.0049   14.3375
    0.0000  -22.5000  -37.5000 9154.9277   14.3033
    7.5000  -22.5000  -37.5000 8666.3672   14.3093
   -7.5000  -15.0000  -37.500010077.3545   14.1773
    0.0000  -15.0000  -37.500010360.5176   14.1421
    7.5000  -15.0000  -37.5000 9820.9072   14.1409
   -7.5000   -7.5000  -37.500011278.5713   14.1177
    0.0000   -7.5000  -37.500011600.8906   14.0904
    7.5000   -7.5000  -37.500010986.1748   14.0814
   -7.5000    0.0000  -37.500012342.0918   14.1029
    0.0000    0.0000  -37.500012717.2500   14.0848
    7.5000    0.0000  -37.500012035.9395   14.0746
   -7.5000    7.5000  -37.500012443.8389   14.0868
    0.0000    7.5000  -37.500012838.7119   14.0698
    7.5000    7.5000  -37.500012135.6855   14.0675
   -7.5000   15.0000  -37.500012422.4229   14.0747
    0.0000   15.0000  -37.500012824.0625   14.0505
    7.5000   15.0000  -37.500012123.5645   14.0562
   -7.5000   22.5000  -37.500012237.6670   14.0769
    0.0000   22.5000  -37.500012640.6357   14.0440
    7.5000   22.5000  -37.500011913.9775   14.0497
   -7.5000   30.0000  -37.500012010.6943   13.9092
    0.0000   30.0000  -37.500012396.3174   13.8750
    7.5000   30.0000  -37.500011680.4590   13.8738
   -7.5000   37.5000  -37.500012103.3906   13.9191
    0.0000   37.5000  -37.500012492.8525   13.8923
    7.5000   37.5000  -37.500011722.5166   13.8834
   -7.5000   45.0000  -37.500011635.1250   13.5616
    0.0000   45.0000  -37.500011994.5264   13.5443
    7.5000   45.0000  -37.500011227.4033   13.5344
   -7.5000  -45.0000  -30.0000 6308.6343   16.3754
    0.0000  -45.0000  -30.0000 6527.3081   16.3408
    7.5000  -45.0000  -30.0000 6144.5776   16.3169
   -7.5000  -37.5000  -30.0000 7042.0127   15.6886
    0.0000  -37.5000  -30.0000 7273.0420   15.6546
    7.5000  -37.5000  -30.0000 6861.0737   15.6339
   -7.5000  -30.0000  -30.0000 8150.1147   15.2287
    0.0000  -30.0000  -30.0000 8398.2568   15.1911
    7.5000  -30.0000  -30.0000 7948.6533   15.1789
   -7.5000  -22.5000  -30.0000 9343.7158   14.9482
    0.0000  -22.5000  -30.0000 9611.6064   14.9056
    7.5000  -22.5000  -30.0000 9120.8301   14.8955
   -7.5000  -15.0000  -30.000010570.0625   14.7792
    0.0000  -15.0000  -30.000010878.5850   14.7385
    7.5000  -15.0000  -30.000010322.3359   14.7238
   -7.5000   -7.5000  -30.000011829.9854   14.7117
    0.0000   -7.5000  -30.000012164.1670   14.6794
    7.5000   -7.5000  -30.000011534.2480   14.6581
   -7.5000    0.0000  -30.000012962.0977   14.6928
    0.0000    0.0000  -30.000013346.7666   14.6671
    7.5000    0.0000  -30.000012656.1934   14.6438
   -7.5000    7.5000  -30.000013031.4463   14.6774
    0.0000    7.5000  -30.000013448.0596   14.6500
    7.5000    7.5000  -30.000012724.1289   14.6323
   -7.5000   15.0000  -30.000012964.6221   14.6705
    0.0000   15.0000  -30.000013388.1592   14.6354
    7.5000   15.0000  -30.000012654.0244   14.6243
   -7.5000   22.5000  -30.000012740.5811   14.6750
    0.0000   22.5000  -30.000013185.6494   14.6338
    7.5000   22.5000  -30.000012457.3975   14.6240
   -7.5000   30.0000  -30.000012488.9180   14.5011
    0.0000   30.0000  -30.000012912.8340   14.4615
    7.5000   30.0000  -30.000012229.8965   14.4472
   -7.5000   37.5000  -30.000012599.6035   14.5061
    0.0000   37.5000  -30.000012998.8467   14.4744
    7.5000   37.5000  -30.000012257.9365   14.4534
   -7.5000   45.0000  -30.000012158.5527   14.1392
    0.0000   45.0000  -30.000012525.8193   14.1145
    7.5000   45.0000  -30.000011742.9375   14.0921
   -7.5000  -45.0000  -22.5000 6550.0552   16.9018
    0.0000  -45.0000  -22.5000 6780.3960   16.8653
    7.5000  -45.0000  -22.5000 6392.3936   16.8427
   -7.5000  -37.5000  -22.5000 7328.0757   16.1908
    0.0000  -37.5000  -22.5000 7576.9058   16.1521
    7.5000  -37.5000  -22.5000 7166.3062   16.1301
   -7.5000  -30.0000  -22.5000 8474.6328   15.7199
    0.0000  -30.0000  -22.5000 8736.6201   15.6778
    7.5000  -30.0000  -22.5000 8292.7656   15.6643
   -7.5000  -22.5000  -22.5000 9713.7842   15.4363
    0.0000  -22.5000  -22.5000 9998.4385   15.3927
    7.5000  -22.5000  -22.5000 9504.6943   15.3837
   -7.5000  -15.0000  -22.500011005.8936   15.2625
    0.0000  -15.0000  -22.500011313.6357   15.2229
    7.5000  -15.0000  -22.500010765.5605   15.2110
   -7.5000   -7.5000  -22.500012323.3271   15.1878
    0.0000   -7.5000  -22.500012676.0850   15.1555
    7.5000   -7.5000  -22.500012040.9492   15.1364
   -7.5000    0.0000  -22.500013499.6963   15.1631
    0.0000    0.0000  -22.500013902.2441   15.1348
    7.5000    0.0000  -22.500013198.6768   15.1120
   -7.5000    7.5000  -22.500013503.3730   15.1477
    0.0000    7.5000  -22.500013917.2197   15.1157
    7.5000    7.5000  -22.500013268.9834   15.0964
   -7.5000   15.0000  -22.500013393.6953   15.1453
    0.0000   15.0000  -22.500013823.3818   15.1062
    7.5000   15.0000  -22.500013157.8838   15.0936
   -7.5000   22.5000  -22.500013271.6338   15.1539
    0.0000   22.5000  -22.500013779.1182   15.1118
    7.5000   22.5000  -22.500013018.2998   15.1029
   -7.5000   30.0000  -22.500013030.8174   14.9779
    0.0000   30.0000  -22.500013543.9268   14.9393
    7.5000   30.0000  -22.500012845.7891   14.9278
   -7.5000   37.5000  -22.500013097.8896   14.9778
    0.0000   37.5000  -22.500013575.4932   14.9460
    7.5000   37.5000  -22.500012860.7197   14.9273
   -7.5000   45.0000  -22.500012613.8164   14.6029
    0.0000   45.0000  -22.500013031.4326   14.5756
    7.5000   45.0000  -22.500012282.4912   14.5536
   -7.5000  -45.0000  -15.0000 6708.3340   17.2595
    0.0000  -45.0000  -15.0000 6953.0449   17.2292
    7.5000  -45.0000  -15.0000 6565.6475   17.2212
   -7.5000  -37.5000  -15.0000 7559.8994   16.5401
    0.0000  -37.5000  -15.0000 7812.5640   16.5083
    7.5000  -37.5000  -15.0000 7399.2930   16.5007
   -7.5000  -30.0000  -15.0000 8765.2451   16.0573
    0.0000  -30.0000  -15.0000 9040.3213   16.0215
    7.5000  -30.0000  -15.0000 8592.2578   16.0237
   -7.5000  -22.5000  -15.000010067.1602   15.7693
    0.0000  -22.5000  -15.000010361.7393   15.7324
    7.5000  -22.5000  -15.0000 9858.4277   15.7398
   -7.5000  -15.0000  -15.000011397.5029   15.5942
    0.0000  -15.0000  -15.000011733.9258   15.5606
    7.5000  -15.0000  -15.000011164.6182   15.5640
   -7.5000   -7.5000  -15.000012731.1309   15.5176
    0.0000   -7.5000  -15.000013124.2285   15.4905
    7.5000   -7.5000  -15.000012463.4736   15.4843
   -7.5000    0.0000  -15.000013915.3418   15.4912
    0.0000    0.0000  -15.000014380.5137   15.4680
    7.5000    0.0000  -15.000013644.6035   15.4566
   -7.5000    7.5000  -15.000013872.3135   15.4746
    0.0000    7.5000  -15.000014366.5322   15.4481
    7.5000    7.5000  -15.000013742.4023   15.4413
   -7.5000   15.0000  -15.000013824.6191   15.4716
    0.0000   15.0000  -15.000014325.6133   15.4386
    7.5000   15.0000  -15.000013655.2256   15.4405
   -7.5000   22.5000  -15.000013866.4766   15.4811
    0.0000   22.5000  -15.000014447.3311   15.4453
    7.5000   22.5000  -15.000013590.7383   15.4522
   -7.5000   30.0000  -15.000013614.0059   15.3058
    0.0000   30.0000  -15.000014227.4150   15.2730
    7.5000   30.0000  -15.000013467.8730   15.2765
   -7.5000   37.5000  -15.000013570.8623   15.3052
    0.0000   37.5000  -15.000014170.8809   15.2785
    7.5000   37.5000  -15.000013486.9688   15.2725
   -7.5000   45.0000  -15.000013018.1191   14.9278
    0.0000   45.0000  -15.000013557.3223   14.9054
    7.5000   45.0000  -15.000012839.2031   14.8944
   -7.5000  -45.0000   -7.5000 6850.6245   17.4476
    0.0000  -45.0000   -7.5000 7114.0181   17.4253
    7.5000  -45.0000   -7.5000 6716.0332   17.4318
   -7.5000  -37.5000   -7.5000 7709.3755   16.7294
    0.0000  -37.5000   -7.5000 7991.7080   16.7095
    7.5000  -37.5000   -7.5000 7557.3672   16.7196
   -7.5000  -30.0000   -7.5000 8973.6846   16.2337
    0.0000  -30.0000   -7.5000 9277.7617   16.2088
    7.5000  -30.0000   -7.5000 8794.2578   16.2301
   -7.5000  -22.5000   -7.500010360.8877   15.9380
    0.0000  -22.5000   -7.500010690.7090   15.9075
    7.5000  -22.5000   -7.500010152.4629   15.9314
   -7.5000  -15.0000   -7.500011762.2305   15.7632
    0.0000  -15.0000   -7.500012131.9541   15.7328
    7.5000  -15.0000   -7.500011548.9326   15.7493
   -7.5000   -7.5000   -7.500013160.5332   15.6921
    0.0000   -7.5000   -7.500013597.0381   15.6690
    7.5000   -7.5000   -7.500012917.8408   15.6741
   -7.5000    0.0000   -7.500014393.1895   15.6698
    0.0000    0.0000   -7.500014917.5439   15.6544
    7.5000    0.0000   -7.500014173.4658   15.6552
   -7.5000    7.5000   -7.500014363.7090   15.6510
    0.0000    7.5000   -7.500014936.8418   15.6352
    7.5000    7.5000   -7.500014299.5625   15.6442
   -7.5000   15.0000   -7.500014358.6094   15.6414
    0.0000   15.0000   -7.500014980.8828   15.6184
    7.5000   15.0000   -7.500014213.5674   15.6382
   -7.5000   22.5000   -7.500014407.8320   15.6451
    0.0000   22.5000   -7.500015103.1377   15.6156
    7.5000   22.5000   -7.500014136.9824   15.6384
   -7.5000   30.0000   -7.500014186.5635   15.4713
    0.0000   30.0000   -7.500014881.6895   15.4416
    7.5000   30.0000   -7.500013964.0391   15.4579
   -7.5000   37.5000   -7.500014231.6836   15.4770
    0.0000   37.5000   -7.500014898.6377   15.4542
    7.5000   37.5000   -7.500014007.2412   15.4593
   -7.5000   45.0000   -7.500013634.2061   15.1028
    0.0000   45.0000   -7.500014214.4053   15.0879
    7.5000   45.0000   -7.500013314.2354   15.0887
   -7.5000  -45.0000    0.0000 6881.4980   17.5087
    0.0000  -45.0000    0.0000 7161.2529   17.4869
    7.5000  -45.0000    0.0000 6742.2134   17.4940
   -7.5000  -37.5000    0.0000 7780.1187   16.7911
    0.0000  -37.5000    0.0000 8097.2036   16.7751
    7.5000  -37.5000    0.0000 7640.8394   16.7884
   -7.5000  -30.0000    0.0000 9121.1494   16.2889
    0.0000  -30.0000    0.0000 9471.0205   16.2678
    7.5000  -30.0000    0.0000 8938.2812   16.2921
   -7.5000  -22.5000    0.000010577.9043   15.9859
    0.0000  -22.5000    0.000010948.3398   15.9551
    7.5000  -22.5000    0.000010363.0479   15.9794
   -7.5000  -15.0000    0.000012040.7930   15.8102
    0.0000  -15.0000    0.000012457.1982   15.7771
    7.5000  -15.0000    0.000011787.9834   15.7920
   -7.5000   -7.5000    0.000013503.3486   15.7447
    0.0000   -7.5000    0.000014027.0596   15.7197
    7.5000   -7.5000    0.000013192.9268   15.7239
   -7.5000    0.0000    0.000014805.4521   15.7275
    0.0000    0.0000    0.000015434.1260   15.7136
    7.5000    0.0000    0.000014481.0938   15.7155
   -7.5000    7.5000    0.000014896.4502   15.7081
    0.0000    7.5000    0.000015536.4238   15.6964
    7.5000    7.5000    0.000014629.6221   15.7085
   -7.5000   15.0000    0.000014975.5537   15.6933
    0.0000   15.0000    0.000015622.7119   15.6737
    7.5000   15.0000    0.000014600.9736   15.6964
   -7.5000   22.5000    0.000014955.9951   15.6915
    0.0000   22.5000    0.000015525.7402   15.6618
    7.5000   22.5000    0.000014416.6025   15.6851
   -7.5000   30.0000    0.000014670.0742   15.5177
    0.0000   30.0000    0.000015114.2061   15.4854
    7.5000   30.0000    0.000014100.1797   15.5000
   -7.5000   37.5000    0.000014729.5508   15.5293
    0.0000   37.5000    0.000015127.8623   15.5047
    7.5000   37.5000    0.000014090.0996   15.5089
   -7.5000   45.0000    0.000014081.0146   15.1595
    0.0000   45.0000    0.000014418.1289   15.1461
    7.5000   45.0000    0.000013437.2402   15.1479
   -7.5000  -45.0000    7.5000 6391.9829   17.5761
    0.0000  -45.0000    7.5000 6641.0723   17.5467
    7.5000  -45.0000    7.5000 6210.0176   17.5370
   -7.5000  -37.5000    7.5000 7237.3032   16.8496
    0.0000  -37.5000    7.5000 7533.3638   16.8249
    7.5000  -37.5000    7.5000 7065.6719   16.8211
   -7.5000  -30.0000    7.5000 8496.0000   16.3496
    0.0000  -30.0000    7.5000 8855.6025   16.3206
    7.5000  -30.0000    7.5000 8295.2080   16.3272
   -7.5000  -22.5000    7.5000 9893.7764   16.0441
    0.0000  -22.5000    7.500010322.7861   16.0058
    7.5000  -22.5000    7.5000 9648.0635   16.0125
   -7.5000  -15.0000    7.500011336.9766   15.8648
    0.0000  -15.0000    7.500011806.1553   15.8254
    7.5000  -15.0000    7.500011000.0723   15.8240
   -7.5000   -7.5000    7.500012764.5908   15.7980
    0.0000   -7.5000    7.500013287.3291   15.7676
    7.5000   -7.5000    7.500012354.9424   15.7575
   -7.5000    0.0000    7.500014050.9609   15.7815
    0.0000    0.0000    7.500014589.8848   15.7613
    7.5000    0.0000    7.500013593.8525   15.7498
   -7.5000    7.5000    7.500014209.7373   15.7635
    0.0000    7.5000    7.500014726.5801   15.7445
    7.5000    7.5000    7.500013758.6855   15.7419
   -7.5000   15.0000    7.500014215.9404   15.7499
    0.0000   15.0000    7.500014701.0635   15.7229
    7.5000   15.0000    7.500013707.2930   15.7293
   -7.5000   22.5000    7.500014042.9180   15.7474
    0.0000   22.5000    7.500014432.9658   15.7105
    7.5000   22.5000    7.500013514.0908   15.7169
   -7.5000   30.0000    7.500013653.0791   15.5709
    0.0000   30.0000    7.500013981.1426   15.5325
    7.5000   30.0000    7.500013175.7197   15.5312
   -7.5000   37.5000    7.500013663.2383   15.5819
    0.0000   37.5000    7.500013963.9756   15.5519
    7.5000   37.5000    7.500013183.9072   15.5419
   -7.5000   45.0000    7.500013087.4229   15.2116
    0.0000   45.0000    7.500013395.3516   15.1921
    7.5000   45.0000    7.500012618.1689   15.1810
   -7.5000  -45.0000   15.0000 5771.6226   17.6461
    0.0000  -45.0000   15.0000 5952.2891   17.6088
    7.5000  -45.0000   15.0000 5559.7969   17.5836
   -7.5000  -37.5000   15.0000 6600.0425   16.9073
    0.0000  -37.5000   15.0000 6827.1880   16.8706
    7.5000  -37.5000   15.0000 6357.9751   16.8489
   -7.5000  -30.0000   15.0000 7775.3047   16.4136
    0.0000  -30.0000   15.0000 8054.4360   16.3730
    7.5000  -30.0000   15.0000 7498.5996   16.3605
   -7.5000  -22.5000   15.0000 9094.5234   16.1125
    0.0000  -22.5000   15.0000 9408.9102   16.0663
    7.5000  -22.5000   15.0000 8762.8213   16.0562
   -7.5000  -15.0000   15.000010427.1201   15.9298
    0.0000  -15.0000   15.000010762.6973   15.8857
    7.5000  -15.0000   15.000010024.4160   15.8705
   -7.5000   -7.5000   15.000011700.1846   15.8563
    0.0000   -7.5000   15.000012070.7510   15.8214
    7.5000   -7.5000   15.000011241.5273   15.7991
   -7.5000    0.0000   15.000012864.2227   15.8352
    0.0000    0.0000   15.000013257.4404   15.8075
    7.5000    0.0000   15.000012373.6162   15.7831
   -7.5000    7.5000   15.000012992.0566   15.8185
    0.0000    7.5000   15.000013400.9072   15.7889
    7.5000    7.5000   15.000012553.6328   15.7704
   -7.5000   15.0000   15.000012970.7324   15.8113
    0.0000   15.0000   15.000013386.3779   15.7735
    7.5000   15.0000   15.000012558.5361   15.7622
   -7.5000   22.5000   15.000012793.3779   15.8134
    0.0000   22.5000   15.000013169.8535   15.7689
    7.5000   22.5000   15.000012407.2539   15.7590
   -7.5000   30.0000   15.000012454.6152   15.6343
    0.0000   30.0000   15.000012824.5059   15.5915
    7.5000   30.0000   15.000012116.3760   15.5767
   -7.5000   37.5000   15.000012490.0049   15.6393
    0.0000   37.5000   15.000012867.1045   15.6049
    7.5000   37.5000   15.000012165.5078   15.5829
   -7.5000   45.0000   15.000011985.7002   15.2634
    0.0000   45.0000   15.000012372.1318   15.2366
    7.5000   45.0000   15.000011695.2900   15.2131
   -7.5000  -45.0000   22.5000 5104.6597   17.9905
    0.0000  -45.0000   22.5000 5269.9077   17.9504
    7.5000  -45.0000   22.5000 4950.9551   17.9274
   -7.5000  -37.5000   22.5000 5886.8071   17.2226
    0.0000  -37.5000   22.5000 6074.3696   17.1806
    7.5000  -37.5000   22.5000 5683.3843   17.1585
   -7.5000  -30.0000   22.5000 6963.7139   16.7164
    0.0000  -30.0000   22.5000 7196.7715   16.6709
    7.5000  -30.0000   22.5000 6738.7900   16.6585
   -7.5000  -22.5000   22.5000 8166.1265   16.4123
    0.0000  -22.5000   22.5000 8438.1611   16.3651
    7.5000  -22.5000   22.5000 7891.2681   16.3575
   -7.5000  -15.0000   22.5000 9366.5918   16.2230
    0.0000  -15.0000   22.5000 9667.0439   16.1798
    7.5000  -15.0000   22.5000 9048.5107   16.1687
   -7.5000   -7.5000   22.500010496.0967   16.1417
    0.0000   -7.5000   22.500010826.4814   16.1063
    7.5000   -7.5000   22.500010163.7764   16.0871
   -7.5000    0.0000   22.500011567.4629   16.1152
    0.0000    0.0000   22.500011921.4160   16.0842
    7.5000    0.0000   22.500011213.8955   16.0608
   -7.5000    7.5000   22.500011743.0518   16.0985
    0.0000    7.5000   22.500012111.5996   16.0639
    7.5000    7.5000   22.500011432.1650   16.0447
   -7.5000   15.0000   22.500011770.4424   16.0958
    0.0000   15.0000   22.500012127.7109   16.0536
    7.5000   15.0000   22.500011467.4512   16.0421
   -7.5000   22.5000   22.500011660.4902   16.1026
    0.0000   22.5000   22.500011991.2314   16.0570
    7.5000   22.5000   22.500011357.3779   16.0495
   -7.5000   30.0000   22.500011375.3447   15.9206
    0.0000   30.0000   22.500011718.4512   15.8785
    7.5000   30.0000   22.500011118.2021   15.8678
   -7.5000   37.5000   22.500011436.4160   15.9205
    0.0000   37.5000   22.500011783.0254   15.8857
    7.5000   37.5000   22.500011188.4990   15.8667
   -7.5000   45.0000   22.500011015.5303   15.5332
    0.0000   45.0000   22.500011354.3076   15.5034
    7.5000   45.0000   22.500010786.8613   15.4808
   -7.5000  -45.0000   30.0000 4537.3379   18.5687
    0.0000  -45.0000   30.0000 4689.0220   18.5351
    7.5000  -45.0000   30.0000 4448.1777   18.5294
   -7.5000  -37.5000   30.0000 5244.1685   17.7794
    0.0000  -37.5000   30.0000 5418.8042   17.7447
    7.5000  -37.5000   30.0000 5120.4946   17.7395
   -7.5000  -30.0000   30.0000 6208.5615   17.2402
    0.0000  -30.0000   30.0000 6432.7007   17.2020
    7.5000  -30.0000   30.0000 6064.0322   17.2084
   -7.5000  -22.5000   30.0000 7290.4731   16.9225
    0.0000  -22.5000   30.0000 7558.6636   16.8832
    7.5000  -22.5000   30.0000 7121.9658   16.8958
   -7.5000  -15.0000   30.0000 8365.9043   16.7252
    0.0000  -15.0000   30.0000 8673.0303   16.6891
    7.5000  -15.0000   30.0000 8187.4038   16.6971
   -7.5000   -7.5000   30.0000 9417.7744   16.6397
    0.0000   -7.5000   30.0000 9745.7549   16.6102
    7.5000   -7.5000   30.0000 9231.0996   16.6067
   -7.5000    0.0000   30.000010412.2510   16.6095
    0.0000    0.0000   30.000010782.2549   16.5842
    7.5000    0.0000   30.000010208.3926   16.5744
   -7.5000    7.5000   30.000010610.5801   16.5890
    0.0000    7.5000   30.000010978.9404   16.5605
    7.5000    7.5000   30.000010405.7012   16.5560
   -7.5000   15.0000   30.000010664.4102   16.5846
    0.0000   15.0000   30.000011019.5625   16.5495
    7.5000   15.0000   30.000010451.7646   16.5553
   -7.5000   22.5000   30.000010593.9746   16.5942
    0.0000   22.5000   30.000010931.1426   16.5562
    7.5000   22.5000   30.000010367.9795   16.5680
   -7.5000   30.0000   30.000010364.3740   16.4105
    0.0000   30.0000   30.000010689.2100   16.3754
    7.5000   30.0000   30.000010132.2305   16.3833
   -7.5000   37.5000   30.000010421.1533   16.4113
    0.0000   37.5000   30.000010764.9727   16.3822
    7.5000   37.5000   30.000010228.1338   16.3788
   -7.5000   45.0000   30.000010054.8877   16.0096
    0.0000   45.0000   30.000010387.1592   15.9852
    7.5000   45.0000   30.0000 9877.6895   15.9758
   -7.5000  -45.0000   37.5000 4230.3755   19.5199
    0.0000  -45.0000   37.5000 4378.2192   19.4902
    7.5000  -45.0000   37.5000 4168.9258   19.4991
   -7.5000  -37.5000   37.5000 4893.1128   18.6821
    0.0000  -37.5000   37.5000 5068.3628   18.6570
    7.5000  -37.5000   37.5000 4828.7446   18.6710
   -7.5000  -30.0000   37.5000 5802.6895   18.1005
    0.0000  -30.0000   37.5000 6032.4062   18.0709
    7.5000  -30.0000   37.5000 5729.5923   18.0994
   -7.5000  -22.5000   37.5000 6811.7095   17.7408
    0.0000  -22.5000   37.5000 7090.2212   17.7047
    7.5000  -22.5000   37.5000 6720.4419   17.7365
   -7.5000  -15.0000   37.5000 7829.4727   17.5267
    0.0000  -15.0000   37.5000 8144.9673   17.4896
    7.5000  -15.0000   37.5000 7737.1201   17.5119
   -7.5000   -7.5000   37.5000 8861.0586   17.4460
    0.0000   -7.5000   37.5000 9185.6816   17.4163
    7.5000   -7.5000   37.5000 8728.0889   17.4240
   -7.5000    0.0000   37.5000 9830.3408   17.4260
    0.0000    0.0000   37.500010188.2529   17.4055
    7.5000    0.0000   37.5000 9663.0654   17.4076
   -7.5000    7.5000   37.500010027.9160   17.4021
    0.0000    7.5000   37.500010388.7754   17.3824
    7.5000    7.5000   37.5000 9849.4268   17.3950
   -7.5000   15.0000   37.500010100.4473   17.3828
    0.0000   15.0000   37.500010456.3535   17.3558
    7.5000   15.0000   37.5000 9921.2217   17.3821
   -7.5000   22.5000   37.500010052.8438   17.3820
    0.0000   22.5000   37.500010391.0205   17.3472
    7.5000   22.5000   37.5000 9859.3076   17.3775
   -7.5000   30.0000   37.5000 9829.7744   17.1920
    0.0000   30.0000   37.500010151.8965   17.1558
    7.5000   30.0000   37.5000 9639.7373   17.1777
   -7.5000   37.5000   37.5000 9889.8467   17.2059
    0.0000   37.5000   37.500010236.6055   17.1767
    7.5000   37.5000   37.5000 9727.2949   17.1842
   -7.5000   45.0000   37.5000 9578.6299   16.7967
    0.0000   45.0000   37.5000 9914.7070   16.7769
    7.5000   45.0000   37.5000 9428.5273   16.7790
   -7.5000  -45.0000   45.0000 3785.1025   20.6368
    0.0000  -45.0000   45.0000 3921.1008   20.5761
    7.5000  -45.0000   45.0000 3716.2024   20.5577
   -7.5000  -37.5000   45.0000 4387.2822   19.7086
    0.0000  -37.5000   45.0000 4554.6489   19.6590
    7.5000  -37.5000   45.0000 4325.4209   19.6532
   -7.5000  -30.0000   45.0000 5230.5620   19.0793
    0.0000  -30.0000   45.0000 5436.8696   19.0281
    7.5000  -30.0000   45.0000 5167.9536   19.0410
   -7.5000  -22.5000   45.0000 6133.8018   18.7105
    0.0000  -22.5000   45.0000 6370.0312   18.6492
    7.5000  -22.5000   45.0000 6059.8428   18.6628
   -7.5000  -15.0000   45.0000 7052.8608   18.4853
    0.0000  -15.0000   45.0000 7314.9185   18.4207
    7.5000  -15.0000   45.0000 6982.3018   18.4203
   -7.5000   -7.5000   45.0000 7974.5610   18.3966
    0.0000   -7.5000   45.0000 8258.3965   18.3403
    7.5000   -7.5000   45.0000 7877.7822   18.3238
   -7.5000    0.0000   45.0000 8856.0283   18.3641
    0.0000    0.0000   45.0000 9168.5781   18.3205
    7.5000    0.0000   45.0000 8719.4648   18.3009
   -7.5000    7.5000   45.0000 9059.9678   18.3269
    0.0000    7.5000   45.0000 9388.7295   18.2875
    7.5000    7.5000   45.0000 8904.8848   18.2836
   -7.5000   15.0000   45.0000 9169.8271   18.3049
    0.0000   15.0000   45.0000 9496.2393   18.2579
    7.5000   15.0000   45.0000 9006.8623   18.2703
   -7.5000   22.5000   45.0000 9143.4756   18.3130
    0.0000   22.5000   45.0000 9458.7871   18.2543
    7.5000   22.5000   45.0000 8974.9307   18.2671
   -7.5000   30.0000   45.0000 8946.7598   18.1236
    0.0000   30.0000   45.0000 9252.0068   18.0607
    7.5000   30.0000   45.0000 8778.5908   18.0605
   -7.5000   37.5000   45.0000 9001.0146   18.1410
    0.0000   37.5000   45.0000 9322.8613   18.0855
    7.5000   37.5000   45.0000 8851.0264   18.0693
   -7.5000   45.0000   45.0000 8715.9053   17.7089
    0.0000   45.0000   45.0000 9023.8135   17.6669
    7.5000   45.0000   45.0000 8578.9277   17.6480

---------------------------------------------------------------------
imgreg_4dfp /opt/freesurfer/average/711-2C_as_mni_average_305 /opt/freesurfer/average/711-2B_as_mni_average_305_mask talsrcimg_g11 none talsrcimg_to_711-2C_as_mni_average_305_t4 4355
---------------------------------------------------------------------

freesurfer imgreg_4dfp.c
/opt/freesurfer/average/711-2C_as_mni_average_305.4dfp.img
       256       256       256         1
  1.000000  1.000000  1.000000
orientation T byte_order littleendian
Reading image: /opt/freesurfer/average/711-2C_as_mni_average_305.4dfp.img
dimensions:      256       256       256
mmppix:       1.0000   -1.0000   -1.0000
center:     128.0000 -129.0000 -129.0000
/opt/freesurfer/average/711-2B_as_mni_average_305_mask.4dfp.img
       256       256       256         1
  1.000000  1.000000  1.000000
orientation T byte_order littleendian
Reading mask: /opt/freesurfer/average/711-2B_as_mni_average_305_mask.4dfp.img (2306576 pixels)
talsrcimg_g11.4dfp.img
       256       256       256         1
  1.000000  1.000000  1.000000
orientation T byte_order littleendian
Reading image: talsrcimg_g11.4dfp.img
dimensions:      256       256       256
mmppix:       1.0000   -1.0000   -1.0000
center:     128.0000 -129.0000 -129.0000
rotation matrix determinant  1.000000
image alignment mode   4355 decimal     1103 hex
   -7.5000  -30.0000  -45.0000 1869.0059   18.2842
    0.0000  -30.0000  -45.0000 1851.9291   18.4304
    7.5000  -30.0000  -45.0000 1828.2880   18.7334
   -7.5000  -22.5000  -45.0000 2004.1429   16.0459
    0.0000  -22.5000  -45.0000 1989.3125   16.1518
    7.5000  -22.5000  -45.0000 1959.0243   16.4347
   -7.5000  -15.0000  -45.0000 2142.3853   14.2746
    0.0000  -15.0000  -45.0000 2125.2952   14.3445
    7.5000  -15.0000  -45.0000 2091.7625   14.6063
   -7.5000   -7.5000  -45.0000 2265.5498   12.8618
    0.0000   -7.5000  -45.0000 2245.7512   12.9370
    7.5000   -7.5000  -45.0000 2211.4131   13.1891
   -7.5000    0.0000  -45.0000 2357.1592   11.7279
    0.0000    0.0000  -45.0000 2338.2485   11.7896
    7.5000    0.0000  -45.0000 2304.8928   12.0543
   -7.5000    7.5000  -45.0000 2436.4839   10.8969
    0.0000    7.5000  -45.0000 2415.7251   10.9359
    7.5000    7.5000  -45.0000 2387.5461   11.2179
   -7.5000   15.0000  -45.0000 2496.6785   10.3035
    0.0000   15.0000  -45.0000 2480.2942   10.3458
    7.5000   15.0000  -45.0000 2452.2266   10.6024
   -7.5000   22.5000  -45.0000 2538.8950    9.9951
    0.0000   22.5000  -45.0000 2525.6538   10.0297
    7.5000   22.5000  -45.0000 2492.8435   10.2267
   -7.5000   30.0000  -45.0000 2556.6318    9.9737
    0.0000   30.0000  -45.0000 2546.1570    9.9806
    7.5000   30.0000  -45.0000 2508.4326   10.1739
   -7.5000   37.5000  -45.0000 2549.0415   10.1544
    0.0000   37.5000  -45.0000 2542.2021   10.1812
    7.5000   37.5000  -45.0000 2498.6487   10.3668
   -7.5000   45.0000  -45.0000 2514.4734   10.4708
    0.0000   45.0000  -45.0000 2508.4084   10.5106
    7.5000   45.0000  -45.0000 2467.2310   10.6903
   -7.5000   52.5000  -45.0000 2438.8174   10.9139
    0.0000   52.5000  -45.0000 2434.6870   10.9353
    7.5000   52.5000  -45.0000 2390.7095   11.1297
   -7.5000   60.0000  -45.0000 2308.8635   11.3761
    0.0000   60.0000  -45.0000 2303.6187   11.3929
    7.5000   60.0000  -45.0000 2267.3472   11.6123
   -7.5000  -30.0000  -37.5000 1905.5959   17.6601
    0.0000  -30.0000  -37.5000 1889.8895   17.7500
    7.5000  -30.0000  -37.5000 1861.5139   18.0842
   -7.5000  -22.5000  -37.5000 2045.9691   15.4949
    0.0000  -22.5000  -37.5000 2031.1680   15.5366
    7.5000  -22.5000  -37.5000 1997.5969   15.8545
   -7.5000  -15.0000  -37.5000 2186.3882   13.7459
    0.0000  -15.0000  -37.5000 2169.1296   13.7654
    7.5000  -15.0000  -37.5000 2136.2791   14.0834
   -7.5000   -7.5000  -37.5000 2312.4893   12.3671
    0.0000   -7.5000  -37.5000 2294.5571   12.3994
    7.5000   -7.5000  -37.5000 2257.8250   12.6957
   -7.5000    0.0000  -37.5000 2405.7502   11.2504
    0.0000    0.0000  -37.5000 2390.7847   11.2920
    7.5000    0.0000  -37.5000 2356.8850   11.5832
   -7.5000    7.5000  -37.5000 2489.7578   10.3904
    0.0000    7.5000  -37.5000 2475.4263   10.4364
    7.5000    7.5000  -37.5000 2441.9670   10.6881
   -7.5000   15.0000  -37.5000 2563.3828    9.7780
    0.0000   15.0000  -37.5000 2554.4575    9.8236
    7.5000   15.0000  -37.5000 2518.6902   10.0467
   -7.5000   22.5000  -37.5000 2615.3655    9.4490
    0.0000   22.5000  -37.5000 2603.9778    9.4845
    7.5000   22.5000  -37.5000 2566.8132    9.6686
   -7.5000   30.0000  -37.5000 2639.1387    9.4209
    0.0000   30.0000  -37.5000 2630.3879    9.4425
    7.5000   30.0000  -37.5000 2588.2417    9.6106
   -7.5000   37.5000  -37.5000 2638.6970    9.6098
    0.0000   37.5000  -37.5000 2632.7651    9.6273
    7.5000   37.5000  -37.5000 2586.0469    9.7902
   -7.5000   45.0000  -37.5000 2605.5342    9.9671
    0.0000   45.0000  -37.5000 2601.7183    9.9860
    7.5000   45.0000  -37.5000 2554.1890   10.1279
   -7.5000   52.5000  -37.5000 2525.3882   10.3839
    0.0000   52.5000  -37.5000 2518.8083   10.3998
    7.5000   52.5000  -37.5000 2473.9724   10.5644
   -7.5000   60.0000  -37.5000 2386.0710   10.7972
    0.0000   60.0000  -37.5000 2379.6902   10.8065
    7.5000   60.0000  -37.5000 2341.5769   11.0104
   -7.5000  -30.0000  -30.0000 1966.5952   17.7266
    0.0000  -30.0000  -30.0000 1954.3938   17.7783
    7.5000  -30.0000  -30.0000 1926.1287   18.1921
   -7.5000  -22.5000  -30.0000 2112.7971   15.4984
    0.0000  -22.5000  -30.0000 2096.3328   15.5110
    7.5000  -22.5000  -30.0000 2065.9585   15.9123
   -7.5000  -15.0000  -30.0000 2253.9573   13.7235
    0.0000  -15.0000  -30.0000 2236.1406   13.7458
    7.5000  -15.0000  -30.0000 2203.0034   14.1063
   -7.5000   -7.5000  -30.0000 2383.5273   12.3179
    0.0000   -7.5000  -30.0000 2366.5415   12.3527
    7.5000   -7.5000  -30.0000 2329.3523   12.6817
   -7.5000    0.0000  -30.0000 2487.9248   11.1976
    0.0000    0.0000  -30.0000 2472.4766   11.2415
    7.5000    0.0000  -30.0000 2439.8359   11.5379
   -7.5000    7.5000  -30.0000 2579.3979   10.2821
    0.0000    7.5000  -30.0000 2567.8745   10.3336
    7.5000    7.5000  -30.0000 2531.1660   10.6125
   -7.5000   15.0000  -30.0000 2664.1733    9.6469
    0.0000   15.0000  -30.0000 2655.8271    9.6891
    7.5000   15.0000  -30.0000 2616.8171    9.9296
   -7.5000   22.5000  -30.0000 2733.1348    9.2997
    0.0000   22.5000  -30.0000 2720.6118    9.3375
    7.5000   22.5000  -30.0000 2678.8450    9.5306
   -7.5000   30.0000  -30.0000 2770.0129    9.2352
    0.0000   30.0000  -30.0000 2758.3223    9.2716
    7.5000   30.0000  -30.0000 2714.3779    9.4887
   -7.5000   37.5000  -30.0000 2773.4246    9.4292
    0.0000   37.5000  -30.0000 2764.8740    9.4564
    7.5000   37.5000  -30.0000 2719.0962    9.6434
   -7.5000   45.0000  -30.0000 2744.6082    9.8224
    0.0000   45.0000  -30.0000 2738.1096    9.8297
    7.5000   45.0000  -30.0000 2686.2405    9.9731
   -7.5000   52.5000  -30.0000 2651.9443   10.2441
    0.0000   52.5000  -30.0000 2646.1711   10.2565
    7.5000   52.5000  -30.0000 2600.1074   10.4077
   -7.5000   60.0000  -30.0000 2506.0564   10.6651
    0.0000   60.0000  -30.0000 2500.1252   10.6727
    7.5000   60.0000  -30.0000 2460.4041   10.8730
   -7.5000  -30.0000  -22.5000 1991.1365   17.7177
    0.0000  -30.0000  -22.5000 1982.4159   17.8001
    7.5000  -30.0000  -22.5000 1957.1963   18.3467
   -7.5000  -22.5000  -22.5000 2138.9856   15.4379
    0.0000  -22.5000  -22.5000 2123.4099   15.4670
    7.5000  -22.5000  -22.5000 2095.4019   15.9578
   -7.5000  -15.0000  -22.5000 2281.5623   13.6195
    0.0000  -15.0000  -22.5000 2264.7034   13.6707
    7.5000  -15.0000  -22.5000 2228.9133   14.1107
   -7.5000   -7.5000  -22.5000 2416.5542   12.2043
    0.0000   -7.5000  -22.5000 2397.8313   12.2297
    7.5000   -7.5000  -22.5000 2362.7278   12.6552
   -7.5000    0.0000  -22.5000 2532.2021   11.0547
    0.0000    0.0000  -22.5000 2513.5764   11.0987
    7.5000    0.0000  -22.5000 2480.0967   11.4816
   -7.5000    7.5000  -22.5000 2629.5469   10.1125
    0.0000    7.5000  -22.5000 2614.9497   10.1771
    7.5000    7.5000  -22.5000 2582.8865   10.5227
   -7.5000   15.0000  -22.5000 2719.6467    9.4785
    0.0000   15.0000  -22.5000 2709.7837    9.5225
    7.5000   15.0000  -22.5000 2673.8159    9.8330
   -7.5000   22.5000  -22.5000 2805.9529    9.1697
    0.0000   22.5000  -22.5000 2800.6553    9.1920
    7.5000   22.5000  -22.5000 2753.2773    9.4530
   -7.5000   30.0000  -22.5000 2863.3022    9.0970
    0.0000   30.0000  -22.5000 2852.4592    9.1717
    7.5000   30.0000  -22.5000 2804.8088    9.4380
   -7.5000   37.5000  -22.5000 2868.8562    9.2472
    0.0000   37.5000  -22.5000 2863.6018    9.2748
    7.5000   37.5000  -22.5000 2814.5740    9.5547
   -7.5000   45.0000  -22.5000 2836.1577    9.6190
    0.0000   45.0000  -22.5000 2827.2410    9.6396
    7.5000   45.0000  -22.5000 2777.1196    9.8643
   -7.5000   52.5000  -22.5000 2738.6379   10.0523
    0.0000   52.5000  -22.5000 2733.6504   10.0763
    7.5000   52.5000  -22.5000 2683.7832   10.2954
   -7.5000   60.0000  -22.5000 2582.5391   10.4779
    0.0000   60.0000  -22.5000 2578.9678   10.5070
    7.5000   60.0000  -22.5000 2534.6021   10.7439
   -7.5000  -30.0000  -15.0000 1983.4713   17.9077
    0.0000  -30.0000  -15.0000 1974.7845   18.0237
    7.5000  -30.0000  -15.0000 1954.1100   18.7832
   -7.5000  -22.5000  -15.0000 2135.4998   15.5007
    0.0000  -22.5000  -15.0000 2121.3245   15.6030
    7.5000  -22.5000  -15.0000 2096.5261   16.2373
   -7.5000  -15.0000  -15.0000 2275.5918   13.6020
    0.0000  -15.0000  -15.0000 2257.8936   13.6860
    7.5000  -15.0000  -15.0000 2228.9558   14.2530
   -7.5000   -7.5000  -15.0000 2407.7517   12.1208
    0.0000   -7.5000  -15.0000 2389.9924   12.2079
    7.5000   -7.5000  -15.0000 2359.8582   12.7079
   -7.5000    0.0000  -15.0000 2525.4580   10.9326
    0.0000    0.0000  -15.0000 2511.7720   11.0208
    7.5000    0.0000  -15.0000 2475.6931   11.4799
   -7.5000    7.5000  -15.0000 2627.6104   10.0130
    0.0000    7.5000  -15.0000 2615.4995   10.1072
    7.5000    7.5000  -15.0000 2585.5901   10.5538
   -7.5000   15.0000  -15.0000 2728.2141    9.3985
    0.0000   15.0000  -15.0000 2719.5034    9.4652
    7.5000   15.0000  -15.0000 2687.8687    9.8863
   -7.5000   22.5000  -15.0000 2832.2900    9.1134
    0.0000   22.5000  -15.0000 2828.1558    9.1893
    7.5000   22.5000  -15.0000 2784.0686    9.5199
   -7.5000   30.0000  -15.0000 2902.0591    9.0651
    0.0000   30.0000  -15.0000 2900.2695    9.1810
    7.5000   30.0000  -15.0000 2842.3801    9.4860
   -7.5000   37.5000  -15.0000 2918.8459    9.1342
    0.0000   37.5000  -15.0000 2919.7251    9.2443
    7.5000   37.5000  -15.0000 2859.5530    9.6067
   -7.5000   45.0000  -15.0000 2881.3816    9.4429
    0.0000   45.0000  -15.0000 2882.4753    9.5260
    7.5000   45.0000  -15.0000 2822.5686    9.8610
   -7.5000   52.5000  -15.0000 2778.7107    9.8737
    0.0000   52.5000  -15.0000 2780.5186    9.9349
    7.5000   52.5000  -15.0000 2719.6064   10.2221
   -7.5000   60.0000  -15.0000 2613.1504   10.3044
    0.0000   60.0000  -15.0000 2610.6338   10.3716
    7.5000   60.0000  -15.0000 2560.4021   10.6265
   -7.5000  -30.0000   -7.5000 1942.9084   18.2604
    0.0000  -30.0000   -7.5000 1942.2894   18.3922
    7.5000  -30.0000   -7.5000 1924.0956   19.2191
   -7.5000  -22.5000   -7.5000 2099.6125   15.7330
    0.0000  -22.5000   -7.5000 2094.9951   15.8395
    7.5000  -22.5000   -7.5000 2073.3948   16.5667
   -7.5000  -15.0000   -7.5000 2238.1440   13.7782
    0.0000  -15.0000   -7.5000 2229.3108   13.8704
    7.5000  -15.0000   -7.5000 2207.9260   14.5300
   -7.5000   -7.5000   -7.5000 2370.0688   12.2443
    0.0000   -7.5000   -7.5000 2359.3044   12.3301
    7.5000   -7.5000   -7.5000 2338.0232   12.9281
   -7.5000    0.0000   -7.5000 2489.2129   11.0412
    0.0000    0.0000   -7.5000 2481.0029   11.1377
    7.5000    0.0000   -7.5000 2454.4099   11.6958
   -7.5000    7.5000   -7.5000 2593.4858   10.1271
    0.0000    7.5000   -7.5000 2590.4460   10.2434
    7.5000    7.5000   -7.5000 2568.1487   10.7669
   -7.5000   15.0000   -7.5000 2703.6416    9.4917
    0.0000   15.0000   -7.5000 2708.0447    9.6121
    7.5000   15.0000   -7.5000 2683.0613   10.0963
   -7.5000   22.5000   -7.5000 2814.8372    9.2492
    0.0000   22.5000   -7.5000 2830.7532    9.3819
    7.5000   22.5000   -7.5000 2785.7871    9.7441
   -7.5000   30.0000   -7.5000 2900.7178    9.1711
    0.0000   30.0000   -7.5000 2910.7195    9.3201
    7.5000   30.0000   -7.5000 2846.4626    9.6319
   -7.5000   37.5000   -7.5000 2927.2236    9.2241
    0.0000   37.5000   -7.5000 2931.7563    9.3258
    7.5000   37.5000   -7.5000 2862.0378    9.6696
   -7.5000   45.0000   -7.5000 2896.4370    9.4572
    0.0000   45.0000   -7.5000 2896.3506    9.5462
    7.5000   45.0000   -7.5000 2827.4429    9.8572
   -7.5000   52.5000   -7.5000 2785.6265    9.7902
    0.0000   52.5000   -7.5000 2784.8018    9.8596
    7.5000   52.5000   -7.5000 2723.6155   10.1587
   -7.5000   60.0000   -7.5000 2612.1709   10.2459
    0.0000   60.0000   -7.5000 2608.6431   10.2783
    7.5000   60.0000   -7.5000 2560.3650   10.5812
   -7.5000  -30.0000    0.0000 1886.5150   19.1624
    0.0000  -30.0000    0.0000 1893.5562   19.3198
    7.5000  -30.0000    0.0000 1880.8494   20.1305
   -7.5000  -22.5000    0.0000 2048.9194   16.3619
    0.0000  -22.5000    0.0000 2055.4731   16.4806
    7.5000  -22.5000    0.0000 2035.9822   17.2123
   -7.5000  -15.0000    0.0000 2189.2915   14.2770
    0.0000  -15.0000    0.0000 2190.4709   14.3625
    7.5000  -15.0000    0.0000 2174.8560   15.0286
   -7.5000   -7.5000    0.0000 2320.6465   12.7102
    0.0000   -7.5000    0.0000 2326.6892   12.8189
    7.5000   -7.5000    0.0000 2309.0579   13.3723
   -7.5000    0.0000    0.0000 2437.4246   11.4952
    0.0000    0.0000    0.0000 2449.1877   11.6281
    7.5000    0.0000    0.0000 2430.0967   12.1112
   -7.5000    7.5000    0.0000 2552.5369   10.5690
    0.0000    7.5000    0.0000 2565.4785   10.7133
    7.5000    7.5000    0.0000 2546.5508   11.1703
   -7.5000   15.0000    0.0000 2673.1099    9.9815
    0.0000   15.0000    0.0000 2688.9626   10.0994
    7.5000   15.0000    0.0000 2658.9424   10.5123
   -7.5000   22.5000    0.0000 2784.5183    9.6919
    0.0000   22.5000    0.0000 2798.9036    9.7904
    7.5000   22.5000    0.0000 2749.1233   10.1086
   -7.5000   30.0000    0.0000 2864.1519    9.5017
    0.0000   30.0000    0.0000 2865.6238    9.5631
    7.5000   30.0000    0.0000 2807.6594    9.8916
   -7.5000   37.5000    0.0000 2888.1885    9.5467
    0.0000   37.5000    0.0000 2887.4722    9.5548
    7.5000   37.5000    0.0000 2825.8167    9.8664
   -7.5000   45.0000    0.0000 2859.6665    9.7353
    0.0000   45.0000    0.0000 2854.7812    9.7452
    7.5000   45.0000    0.0000 2797.1853   10.0114
   -7.5000   52.5000    0.0000 2750.9204   10.0451
    0.0000   52.5000    0.0000 2748.5601   10.0444
    7.5000   52.5000    0.0000 2695.0044   10.3416
   -7.5000   60.0000    0.0000 2582.9768   10.4217
    0.0000   60.0000    0.0000 2582.7893   10.4226
    7.5000   60.0000    0.0000 2538.2429   10.7422
   -7.5000  -30.0000    7.5000 1821.2458   20.5031
    0.0000  -30.0000    7.5000 1832.6543   20.7230
    7.5000  -30.0000    7.5000 1826.2021   21.4535
   -7.5000  -22.5000    7.5000 1990.3423   17.4618
    0.0000  -22.5000    7.5000 2001.7719   17.6457
    7.5000  -22.5000    7.5000 1985.5521   18.2586
   -7.5000  -15.0000    7.5000 2138.0454   15.2699
    0.0000  -15.0000    7.5000 2147.8779   15.4546
    7.5000  -15.0000    7.5000 2128.3162   15.9566
   -7.5000   -7.5000    7.5000 2277.1990   13.6298
    0.0000   -7.5000    7.5000 2287.4407   13.7772
    7.5000   -7.5000    7.5000 2264.5054   14.2330
   -7.5000    0.0000    7.5000 2402.1116   12.3299
    0.0000    0.0000    7.5000 2411.9761   12.4612
    7.5000    0.0000    7.5000 2388.2617   12.8873
   -7.5000    7.5000    7.5000 2524.4170   11.3240
    0.0000    7.5000    7.5000 2532.9954   11.4304
    7.5000    7.5000    7.5000 2507.6033   11.8189
   -7.5000   15.0000    7.5000 2633.9614   10.6510
    0.0000   15.0000    7.5000 2642.0642   10.7011
    7.5000   15.0000    7.5000 2612.6440   11.0444
   -7.5000   22.5000    7.5000 2734.9177   10.2015
    0.0000   22.5000    7.5000 2740.4167   10.2187
    7.5000   22.5000    7.5000 2699.7129   10.5533
   -7.5000   30.0000    7.5000 2800.9346    9.9243
    0.0000   30.0000    7.5000 2799.2422    9.9220
    7.5000   30.0000    7.5000 2753.8477   10.2862
   -7.5000   37.5000    7.5000 2814.1814    9.9295
    0.0000   37.5000    7.5000 2809.7278    9.9213
    7.5000   37.5000    7.5000 2768.9167   10.2399
   -7.5000   45.0000    7.5000 2782.7852   10.0976
    0.0000   45.0000    7.5000 2779.2722   10.0993
    7.5000   45.0000    7.5000 2735.5964   10.3913
   -7.5000   52.5000    7.5000 2685.6824   10.4045
    0.0000   52.5000    7.5000 2682.6289   10.3966
    7.5000   52.5000    7.5000 2638.8362   10.7089
   -7.5000   60.0000    7.5000 2529.8777   10.7888
    0.0000   60.0000    7.5000 2528.7710   10.7794
    7.5000   60.0000    7.5000 2491.8137   11.1044
   -7.5000  -30.0000   15.0000 1766.8451   22.6549
    0.0000  -30.0000   15.0000 1772.2018   22.8296
    7.5000  -30.0000   15.0000 1767.4438   23.3304
   -7.5000  -22.5000   15.0000 1937.7101   19.1866
    0.0000  -22.5000   15.0000 1945.8470   19.2825
    7.5000  -22.5000   15.0000 1929.6304   19.7742
   -7.5000  -15.0000   15.0000 2089.3213   16.6564
    0.0000  -15.0000   15.0000 2095.1118   16.7716
    7.5000  -15.0000   15.0000 2073.9861   17.2395
   -7.5000   -7.5000   15.0000 2228.7188   14.7304
    0.0000   -7.5000   15.0000 2232.0706   14.8166
    7.5000   -7.5000   15.0000 2205.5039   15.2409
   -7.5000    0.0000   15.0000 2359.2476   13.2461
    0.0000    0.0000   15.0000 2361.7571   13.2931
    7.5000    0.0000   15.0000 2335.5273   13.6948
   -7.5000    7.5000   15.0000 2477.4331   12.1241
    0.0000    7.5000   15.0000 2483.2407   12.1545
    7.5000    7.5000   15.0000 2454.2419   12.5332
   -7.5000   15.0000   15.0000 2579.1819   11.3463
    0.0000   15.0000   15.0000 2587.0374   11.3558
    7.5000   15.0000   15.0000 2551.8813   11.7161
   -7.5000   22.5000   15.0000 2667.0867   10.8239
    0.0000   22.5000   15.0000 2674.6584   10.8065
    7.5000   22.5000   15.0000 2633.7363   11.1664
   -7.5000   30.0000   15.0000 2719.7690   10.5144
    0.0000   30.0000   15.0000 2719.9568   10.5279
    7.5000   30.0000   15.0000 2682.5386   10.8621
   -7.5000   37.5000   15.0000 2721.4253   10.5067
    0.0000   37.5000   15.0000 2722.7224   10.5253
    7.5000   37.5000   15.0000 2688.8464   10.8283
   -7.5000   45.0000   15.0000 2683.0256   10.6752
    0.0000   45.0000   15.0000 2686.8247   10.6937
    7.5000   45.0000   15.0000 2654.5020   10.9831
   -7.5000   52.5000   15.0000 2594.9128   10.9477
    0.0000   52.5000   15.0000 2596.7852   10.9522
    7.5000   52.5000   15.0000 2565.3323   11.2700
   -7.5000   60.0000   15.0000 2453.6611   11.2953
    0.0000   60.0000   15.0000 2457.3293   11.2954
    7.5000   60.0000   15.0000 2423.2734   11.6239
   -7.5000  -30.0000   22.5000 1703.1049   24.9844
    0.0000  -30.0000   22.5000 1705.4633   25.0859
    7.5000  -30.0000   22.5000 1700.5502   25.4877
   -7.5000  -22.5000   22.5000 1872.8503   20.9827
    0.0000  -22.5000   22.5000 1878.8380   21.0562
    7.5000  -22.5000   22.5000 1868.2484   21.4700
   -7.5000  -15.0000   22.5000 2028.2683   18.0997
    0.0000  -15.0000   22.5000 2030.4106   18.0891
    7.5000  -15.0000   22.5000 2016.6241   18.5158
   -7.5000   -7.5000   22.5000 2165.6367   15.8665
    0.0000   -7.5000   22.5000 2169.0059   15.8626
    7.5000   -7.5000   22.5000 2150.1475   16.2932
   -7.5000    0.0000   22.5000 2296.9900   14.2026
    0.0000    0.0000   22.5000 2299.8684   14.1872
    7.5000    0.0000   22.5000 2274.0742   14.6261
   -7.5000    7.5000   22.5000 2413.3174   13.0193
    0.0000    7.5000   22.5000 2419.6794   12.9992
    7.5000    7.5000   22.5000 2389.1824   13.4098
   -7.5000   15.0000   22.5000 2509.8047   12.1916
    0.0000   15.0000   22.5000 2517.6912   12.1409
    7.5000   15.0000   22.5000 2480.5898   12.5456
   -7.5000   22.5000   22.5000 2590.9648   11.6157
    0.0000   22.5000   22.5000 2596.4463   11.5698
    7.5000   22.5000   22.5000 2557.7593   11.9588
   -7.5000   30.0000   22.5000 2629.3643   11.3098
    0.0000   30.0000   22.5000 2629.7991   11.3024
    7.5000   30.0000   22.5000 2598.3911   11.6616
   -7.5000   37.5000   22.5000 2622.9543   11.2687
    0.0000   37.5000   22.5000 2627.3838   11.2558
    7.5000   37.5000   22.5000 2597.2283   11.5999
   -7.5000   45.0000   22.5000 2583.4802   11.4310
    0.0000   45.0000   22.5000 2587.4817   11.4185
    7.5000   45.0000   22.5000 2564.2012   11.7337
   -7.5000   52.5000   22.5000 2498.6509   11.7105
    0.0000   52.5000   22.5000 2502.9373   11.7028
    7.5000   52.5000   22.5000 2481.6553   12.0218
   -7.5000   60.0000   22.5000 2368.4590   12.0268
    0.0000   60.0000   22.5000 2372.7434   12.0108
    7.5000   60.0000   22.5000 2345.3232   12.3430
   -7.5000  -30.0000   30.0000 1628.3354   27.4238
    0.0000  -30.0000   30.0000 1629.6447   27.4941
    7.5000  -30.0000   30.0000 1624.1786   28.0441
   -7.5000  -22.5000   30.0000 1802.9587   22.8036
    0.0000  -22.5000   30.0000 1807.5001   22.8454
    7.5000  -22.5000   30.0000 1796.9718   23.2826
   -7.5000  -15.0000   30.0000 1961.8005   19.5436
    0.0000  -15.0000   30.0000 1966.4027   19.5132
    7.5000  -15.0000   30.0000 1951.6254   19.9822
   -7.5000   -7.5000   30.0000 2102.9099   17.1255
    0.0000   -7.5000   30.0000 2107.3071   17.0720
    7.5000   -7.5000   30.0000 2086.2317   17.5820
   -7.5000    0.0000   30.0000 2224.7266   15.3855
    0.0000    0.0000   30.0000 2230.8083   15.3550
    7.5000    0.0000   30.0000 2204.3984   15.8308
   -7.5000    7.5000   30.0000 2334.9414   14.1382
    0.0000    7.5000   30.0000 2340.0195   14.0912
    7.5000    7.5000   30.0000 2311.4407   14.5132
   -7.5000   15.0000   30.0000 2429.3948   13.2358
    0.0000   15.0000   30.0000 2435.6843   13.1691
    7.5000   15.0000   30.0000 2402.4263   13.5950
   -7.5000   22.5000   30.0000 2500.6323   12.6197
    0.0000   22.5000   30.0000 2503.3748   12.5714
    7.5000   22.5000   30.0000 2469.7966   12.9550
   -7.5000   30.0000   30.0000 2530.9287   12.2916
    0.0000   30.0000   30.0000 2529.6555   12.2625
    7.5000   30.0000   30.0000 2496.3948   12.6228
   -7.5000   37.5000   30.0000 2522.2598   12.2131
    0.0000   37.5000   30.0000 2527.0757   12.1769
    7.5000   37.5000   30.0000 2499.8774   12.5220
   -7.5000   45.0000   30.0000 2483.4739   12.3744
    0.0000   45.0000   30.0000 2487.9182   12.3232
    7.5000   45.0000   30.0000 2469.3958   12.6430
   -7.5000   52.5000   30.0000 2402.8188   12.6534
    0.0000   52.5000   30.0000 2408.9001   12.6347
    7.5000   52.5000   30.0000 2390.8843   12.9343
   -7.5000   60.0000   30.0000 2283.5579   12.9293
    0.0000   60.0000   30.0000 2287.2683   12.9200
    7.5000   60.0000   30.0000 2265.4021   13.2463
   -7.5000  -30.0000   37.5000 1552.3219   30.3211
    0.0000  -30.0000   37.5000 1557.1201   30.2804
    7.5000  -30.0000   37.5000 1553.5691   31.0873
   -7.5000  -22.5000   37.5000 1724.0220   25.0076
    0.0000  -22.5000   37.5000 1731.3433   25.0174
    7.5000  -22.5000   37.5000 1717.1162   25.5857
   -7.5000  -15.0000   37.5000 1884.4065   21.3653
    0.0000  -15.0000   37.5000 1891.3597   21.3504
    7.5000  -15.0000   37.5000 1873.5659   21.8814
   -7.5000   -7.5000   37.5000 2028.4641   18.7917
    0.0000   -7.5000   37.5000 2031.0544   18.7473
    7.5000   -7.5000   37.5000 2010.4965   19.2668
   -7.5000    0.0000   37.5000 2144.1155   16.9489
    0.0000    0.0000   37.5000 2150.4263   16.8868
    7.5000    0.0000   37.5000 2125.1128   17.3234
   -7.5000    7.5000   37.5000 2248.0022   15.5691
    0.0000    7.5000   37.5000 2256.8225   15.4561
    7.5000    7.5000   37.5000 2225.9465   15.9014
   -7.5000   15.0000   37.5000 2339.3340   14.5444
    0.0000   15.0000   37.5000 2348.5408   14.4487
    7.5000   15.0000   37.5000 2314.9932   14.8740
   -7.5000   22.5000   37.5000 2402.1089   13.8808
    0.0000   22.5000   37.5000 2408.1140   13.8085
    7.5000   22.5000   37.5000 2377.5164   14.1759
   -7.5000   30.0000   37.5000 2424.9509   13.4851
    0.0000   30.0000   37.5000 2426.9124   13.4169
    7.5000   30.0000   37.5000 2400.1345   13.7773
   -7.5000   37.5000   37.5000 2413.9243   13.3839
    0.0000   37.5000   37.5000 2421.3545   13.3369
    7.5000   37.5000   37.5000 2397.3018   13.6665
   -7.5000   45.0000   37.5000 2383.6814   13.5344
    0.0000   45.0000   37.5000 2389.4392   13.4870
    7.5000   45.0000   37.5000 2370.9094   13.7869
   -7.5000   52.5000   37.5000 2310.3660   13.8010
    0.0000   52.5000   37.5000 2316.8376   13.7754
    7.5000   52.5000   37.5000 2298.9441   14.0356
   -7.5000   60.0000   37.5000 2197.3086   14.0700
    0.0000   60.0000   37.5000 2202.6482   14.0602
    7.5000   60.0000   37.5000 2182.7021   14.3314
   -7.5000  -30.0000   45.0000 1478.4554   34.1986
    0.0000  -30.0000   45.0000 1486.7996   34.0704
    7.5000  -30.0000   45.0000 1478.8114   34.9923
   -7.5000  -22.5000   45.0000 1638.1000   28.0022
    0.0000  -22.5000   45.0000 1647.4847   27.8439
    7.5000  -22.5000   45.0000 1632.4983   28.6379
   -7.5000  -15.0000   45.0000 1795.0333   23.8343
    0.0000  -15.0000   45.0000 1800.8116   23.7167
    7.5000  -15.0000   45.0000 1786.3524   24.3898
   -7.5000   -7.5000   45.0000 1935.3914   20.9398
    0.0000   -7.5000   45.0000 1939.0118   20.8158
    7.5000   -7.5000   45.0000 1920.8973   21.4002
   -7.5000    0.0000   45.0000 2047.3514   18.8833
    0.0000    0.0000   45.0000 2054.3044   18.7256
    7.5000    0.0000   45.0000 2032.8837   19.2034
   -7.5000    7.5000   45.0000 2149.2026   17.3327
    0.0000    7.5000   45.0000 2161.7415   17.1714
    7.5000    7.5000   45.0000 2131.4910   17.6066
   -7.5000   15.0000   45.0000 2239.7678   16.2057
    0.0000   15.0000   45.0000 2250.2520   16.0604
    7.5000   15.0000   45.0000 2218.0156   16.4552
   -7.5000   22.5000   45.0000 2298.9043   15.4330
    0.0000   22.5000   45.0000 2302.6184   15.3317
    7.5000   22.5000   45.0000 2278.6833   15.6646
   -7.5000   30.0000   45.0000 2312.4617   14.9490
    0.0000   30.0000   45.0000 2318.8083   14.8565
    7.5000   30.0000   45.0000 2296.9092   15.1887
   -7.5000   37.5000   45.0000 2300.0239   14.8145
    0.0000   37.5000   45.0000 2305.2830   14.7550
    7.5000   37.5000   45.0000 2290.2615   15.0542
   -7.5000   45.0000   45.0000 2269.8481   14.8993
    0.0000   45.0000   45.0000 2274.2134   14.8604
    7.5000   45.0000   45.0000 2264.3435   15.1455
   -7.5000   52.5000   45.0000 2208.6089   15.1524
    0.0000   52.5000   45.0000 2213.6814   15.1135
    7.5000   52.5000   45.0000 2200.2087   15.3715
   -7.5000   60.0000   45.0000 2101.5215   15.4235
    0.0000   60.0000   45.0000 2106.5364   15.3771
    7.5000   60.0000   45.0000 2089.8462   15.6427

---------------------------------------------------------------------
imgreg_4dfp /opt/freesurfer/average/711-2C_as_mni_average_305 /opt/freesurfer/average/711-2B_as_mni_average_305_mask talsrcimg_g11 none talsrcimg_to_711-2C_as_mni_average_305_t4 1283
---------------------------------------------------------------------

freesurfer imgreg_4dfp.c
/opt/freesurfer/average/711-2C_as_mni_average_305.4dfp.img
       256       256       256         1
  1.000000  1.000000  1.000000
orientation T byte_order littleendian
Reading image: /opt/freesurfer/average/711-2C_as_mni_average_305.4dfp.img
dimensions:      256       256       256
mmppix:       1.0000   -1.0000   -1.0000
center:     128.0000 -129.0000 -129.0000
/opt/freesurfer/average/711-2B_as_mni_average_305_mask.4dfp.img
       256       256       256         1
  1.000000  1.000000  1.000000
orientation T byte_order littleendian
Reading mask: /opt/freesurfer/average/711-2B_as_mni_average_305_mask.4dfp.img (2306576 pixels)
talsrcimg_g11.4dfp.img
       256       256       256         1
  1.000000  1.000000  1.000000
orientation T byte_order littleendian
Reading image: talsrcimg_g11.4dfp.img
dimensions:      256       256       256
mmppix:       1.0000   -1.0000   -1.0000
center:     128.0000 -129.0000 -129.0000
rotation matrix determinant  1.000000
fimgreg.f
image alignment mode   1283 decimal      503 hex
parameters
    0.0000   37.5000   -7.5000    0.0000    0.0000    0.0000
eta,q 0.92061  9.33688
niter,ni,del,rscale     5    3   12.0000    1.2000
parameter  1  0.605812 ->  0.500000 qaram    1.1500
parameter  4  0.948124 ->  0.500000 qaram    1.1500
parameters
   -3.4500   36.5772   -8.8758   -3.4500    1.2156   -0.5998
eta,q 0.92863  9.07383
  0.0777  0.0838  0.0789  0.0719  0.0771  0.0759
  0.0763  0.0787  0.0764  0.0720  0.0750  0.0729
  0.0770  0.0753  0.0752  0.0727  0.0734  0.0713
  0.0792  0.0760  0.0752  0.0752  0.0720  0.0716
  0.0835  0.0800  0.0771  0.0792  0.0715  0.0731
  0.0897  0.0842  0.0806  0.0835  0.0724  0.0750
  0.0971  0.0875  0.0847  0.0874  0.0746  0.0768
niter,ni,del,rscale     6    3   12.0000    1.2000
parameter  4  0.739363 ->  0.500000 qaram    1.3225
parameters
   -3.8369   37.1280   -9.7544   -7.4175    1.4721   -0.3014
eta,q 0.93015  9.03399
  0.0831  0.0859  0.0780  0.0687  0.0745  0.0748
  0.0770  0.0789  0.0750  0.0696  0.0725  0.0722
  0.0729  0.0735  0.0721  0.0703  0.0707  0.0706
  0.0714  0.0714  0.0714  0.0713  0.0698  0.0699
  0.0733  0.0730  0.0742  0.0735  0.0703  0.0705
  0.0787  0.0771  0.0785  0.0775  0.0717  0.0721
  0.0864  0.0807  0.0828  0.0829  0.0741  0.0736
niter,ni,del,rscale     6    3   12.0000    1.2000
parameters
   -3.6859   38.6963  -10.5254   -9.7294    1.0259   -0.1142
eta,q 0.93339  9.01767
  0.0829  0.0826  0.0759  0.0720  0.0711  0.0725
  0.0775  0.0775  0.0719  0.0672  0.0693  0.0700
  0.0727  0.0734  0.0685  0.0665  0.0673  0.0679
  0.0698  0.0698  0.0684  0.0680  0.0666  0.0666
  0.0709  0.0684  0.0719  0.0710  0.0678  0.0672
  0.0754  0.0704  0.0759  0.0751  0.0701  0.0696
  0.0832  0.0747  0.0789  0.0793  0.0727  0.0720
niter,ni,del,rscale     5    3   12.0000    1.2000
parameters
   -3.7680   39.0852  -11.1040  -10.6536    0.9796   -0.0743
eta,q 0.93407  9.02242
  0.0799  0.0803  0.0750  0.0729  0.0705  0.0719
  0.0749  0.0738  0.0710  0.0699  0.0690  0.0692
  0.0699  0.0684  0.0672  0.0662  0.0671  0.0671
  0.0666  0.0666  0.0667  0.0663  0.0659  0.0659
  0.0684  0.0682  0.0703  0.0683  0.0667  0.0667
  0.0742  0.0722  0.0742  0.0723  0.0687  0.0692
  0.0819  0.0767  0.0771  0.0769  0.0710  0.0718
niter,ni,del,rscale     4    3   12.0000    1.2000
parameters
   -3.8107   39.2388  -11.4313  -11.1674    1.0107   -0.1025
eta,q 0.93423  9.02775
  0.0791  0.0793  0.0751  0.0729  0.0702  0.0716
  0.0741  0.0726  0.0712  0.0708  0.0686  0.0690
  0.0694  0.0673  0.0675  0.0667  0.0669  0.0668
  0.0659  0.0660  0.0660  0.0659  0.0658  0.0658
  0.0676  0.0683  0.0690  0.0676  0.0664  0.0666
  0.0732  0.0728  0.0731  0.0711  0.0683  0.0691
  0.0808  0.0769  0.0764  0.0757  0.0704  0.0718
niter,ni,del,rscale     3    3   12.0000    1.2000
parameters
   -3.8225   39.3520  -11.5954  -11.4712    1.0254   -0.1394
eta,q 0.93424  9.03127
  0.0787  0.0788  0.0752  0.0729  0.0700  0.0716
  0.0736  0.0724  0.0714  0.0711  0.0685  0.0689
  0.0692  0.0671  0.0677  0.0672  0.0668  0.0668
  0.0658  0.0658  0.0658  0.0658  0.0658  0.0658
  0.0671  0.0683  0.0682  0.0673  0.0664  0.0666
  0.0727  0.0728  0.0723  0.0704  0.0682  0.0691
  0.0801  0.0768  0.0759  0.0751  0.0702  0.0717
niter,ni,del,rscale     2    3   12.0000    1.2000
parameters
   -3.8266   39.4419  -11.6838  -11.6548    1.0228   -0.1724
eta,q 0.93420  9.03381
  0.0785  0.0785  0.0752  0.0729  0.0699  0.0716
  0.0735  0.0723  0.0714  0.0711  0.0684  0.0689
  0.0692  0.0672  0.0678  0.0675  0.0668  0.0668
  0.0658  0.0658  0.0658  0.0658  0.0658  0.0658
  0.0670  0.0683  0.0679  0.0672  0.0664  0.0666
  0.0725  0.0728  0.0719  0.0701  0.0682  0.0691
  0.0799  0.0767  0.0756  0.0748  0.0702  0.0717
niter,ni,del,rscale     1    3   12.0000    1.2000
parameters
   -3.8266   39.5064  -11.7345  -11.7663    1.0027   -0.1991
eta,q 0.93416  9.03576
  0.0784  0.0782  0.0752  0.0729  0.0698  0.0716
  0.0734  0.0722  0.0714  0.0712  0.0683  0.0689
  0.0692  0.0672  0.0678  0.0677  0.0668  0.0669
  0.0658  0.0658  0.0658  0.0658  0.0658  0.0658
  0.0669  0.0684  0.0678  0.0672  0.0664  0.0666
  0.0725  0.0728  0.0717  0.0699  0.0682  0.0691
  0.0798  0.0767  0.0755  0.0746  0.0701  0.0717
registration optimization eta report
parameter search radius
    6.9000    6.0000    6.0000    7.9350    6.0000    6.0000
100000*second partial in parameter space
       27.       31.       25.       12.       11.       16.
  0.0784  0.0782  0.0752  0.0729  0.0698  0.0716
  0.0734  0.0722  0.0714  0.0712  0.0683  0.0689
  0.0692  0.0672  0.0678  0.0677  0.0668  0.0669
  0.0658  0.0658  0.0658  0.0658  0.0658  0.0658
  0.0669  0.0684  0.0678  0.0672  0.0664  0.0666
  0.0725  0.0728  0.0717  0.0699  0.0682  0.0691
  0.0798  0.0767  0.0755  0.0746  0.0701  0.0717
   -3.8266   39.5064  -11.7345  -11.7663    1.0027   -0.1991
eta,q 0.93416  9.03576

---------------------------------------------------------------------
imgreg_4dfp /opt/freesurfer/average/711-2C_as_mni_average_305 /opt/freesurfer/average/711-2B_as_mni_average_305_mask talsrcimg_g11 none talsrcimg_to_711-2C_as_mni_average_305_t4 3335
---------------------------------------------------------------------

freesurfer imgreg_4dfp.c
/opt/freesurfer/average/711-2C_as_mni_average_305.4dfp.img
       256       256       256         1
  1.000000  1.000000  1.000000
orientation T byte_order littleendian
Reading image: /opt/freesurfer/average/711-2C_as_mni_average_305.4dfp.img
dimensions:      256       256       256
mmppix:       1.0000   -1.0000   -1.0000
center:     128.0000 -129.0000 -129.0000
/opt/freesurfer/average/711-2B_as_mni_average_305_mask.4dfp.img
       256       256       256         1
  1.000000  1.000000  1.000000
orientation T byte_order littleendian
Reading mask: /opt/freesurfer/average/711-2B_as_mni_average_305_mask.4dfp.img (2306576 pixels)
talsrcimg_g11.4dfp.img
       256       256       256         1
  1.000000  1.000000  1.000000
orientation T byte_order littleendian
Reading image: talsrcimg_g11.4dfp.img
dimensions:      256       256       256
mmppix:       1.0000   -1.0000   -1.0000
center:     128.0000 -129.0000 -129.0000
fimgreg.f
image alignment mode   3335 decimal      D07 hex
parameters
   -3.8266   39.5064  -11.7345   -0.0159   -2.1031   -2.1162
    0.6970   -1.6423   -0.3474   20.3979    1.7500  -20.3889
eta,q 0.93189  9.11105
niter,ni,del,rscale     5    3    5.0000    1.2000
parameter  4  4.103760 ->  0.500000 qaram    1.1500
parameter  5  2.835506 ->  0.500000 qaram    1.1500
parameter  6  1.485919 ->  0.500000 qaram    1.1500
parameter 10  0.760871 ->  0.500000 qaram    1.1500
parameters
   -3.8614   40.1226  -11.2028   -4.1559   -6.2431   -6.2562
   -1.9168    0.7895   -1.2705   16.2579    0.0342  -22.2435
eta,q 0.95071  8.74692
  0.0690  0.0701  0.0693  0.0599  0.0540  0.0499  0.0521  0.0568  0.0519  0.0495  0.0501  0.0500
  0.0685  0.0691  0.0687  0.0620  0.0563  0.0510  0.0514  0.0543  0.0512  0.0494  0.0496  0.0495
  0.0682  0.0684  0.0683  0.0648  0.0592  0.0533  0.0512  0.0524  0.0508  0.0498  0.0494  0.0493
  0.0681  0.0681  0.0680  0.0680  0.0627  0.0570  0.0515  0.0512  0.0508  0.0507  0.0494  0.0494
  0.0682  0.0681  0.0680  0.0712  0.0667  0.0616  0.0522  0.0508  0.0511  0.0522  0.0498  0.0498
  0.0685  0.0683  0.0681  0.0746  0.0709  0.0664  0.0534  0.0512  0.0517  0.0542  0.0503  0.0504
  0.0691  0.0687  0.0686  0.0781  0.0753  0.0717  0.0549  0.0523  0.0527  0.0567  0.0512  0.0512
niter,ni,del,rscale     7    3    5.0000    1.2000
parameter  3  0.777289 ->  0.500000 qaram    1.1500
parameter  4  0.744344 ->  0.500000 qaram    1.3225
parameter  5  1.297317 ->  0.500000 qaram    1.3225
parameter  6  0.543157 ->  0.500000 qaram    1.3225
parameters
   -3.5915   40.2316  -12.5828   -8.9169  -11.0041  -11.0172
    0.4473    3.6404   -1.3855   17.3275   -1.3441  -24.8591
eta,q 0.95930  8.32922
  0.0519  0.0511  0.0485  0.0467  0.0412  0.0423  0.0449  0.0469  0.0423  0.0437  0.0417  0.0412
  0.0507  0.0501  0.0483  0.0461  0.0424  0.0421  0.0436  0.0449  0.0415  0.0423  0.0412  0.0408
  0.0498  0.0494  0.0486  0.0467  0.0440  0.0420  0.0426  0.0432  0.0411  0.0413  0.0409  0.0407
  0.0493  0.0492  0.0493  0.0484  0.0461  0.0428  0.0420  0.0417  0.0410  0.0410  0.0409  0.0409
  0.0493  0.0494  0.0503  0.0513  0.0489  0.0454  0.0417  0.0410  0.0411  0.0409  0.0412  0.0413
  0.0499  0.0499  0.0516  0.0549  0.0526  0.0497  0.0419  0.0413  0.0416  0.0413  0.0418  0.0419
  0.0510  0.0507  0.0532  0.0586  0.0571  0.0545  0.0426  0.0426  0.0424  0.0426  0.0426  0.0426
niter,ni,del,rscale     7    3    5.0000    1.2000
parameter  2 -0.713464 -> -0.500000 qaram    1.1500
parameter  3  0.806055 ->  0.500000 qaram    1.3225
parameter  5  0.704601 ->  0.500000 qaram    1.5209
parameter 12  0.885152 ->  0.500000 qaram    1.1500
parameters
   -3.1325   41.6116  -14.1698   -9.8200  -16.4793  -13.4334
   -0.0121    4.3722   -1.8292   19.9755   -1.9763  -28.9991
eta,q 0.96373  8.01627
  0.0444  0.0440  0.0389  0.0427  0.0374  0.0389  0.0392  0.0412  0.0389  0.0412  0.0376  0.0363
  0.0427  0.0425  0.0388  0.0413  0.0370  0.0379  0.0382  0.0395  0.0380  0.0395  0.0372  0.0362
  0.0414  0.0414  0.0391  0.0399  0.0376  0.0375  0.0375  0.0381  0.0374  0.0381  0.0370  0.0365
  0.0407  0.0406  0.0399  0.0389  0.0391  0.0370  0.0373  0.0373  0.0372  0.0372  0.0369  0.0369
  0.0407  0.0401  0.0410  0.0395  0.0413  0.0377  0.0377  0.0374  0.0375  0.0369  0.0371  0.0376
  0.0412  0.0398  0.0424  0.0419  0.0445  0.0402  0.0385  0.0384  0.0383  0.0372  0.0374  0.0384
  0.0424  0.0400  0.0441  0.0455  0.0486  0.0449  0.0397  0.0402  0.0393  0.0382  0.0379  0.0393
niter,ni,del,rscale     7    3    5.0000    1.2000
parameters
   -2.9752   42.0764  -15.4929   -9.3113  -18.2235  -14.5286
   -0.1704    4.8103   -2.2086   21.5811   -2.4064  -32.6308
eta,q 0.96478  7.96686
  0.0393  0.0400  0.0366  0.0398  0.0392  0.0384  0.0379  0.0397  0.0375  0.0394  0.0364  0.0358
  0.0377  0.0382  0.0360  0.0385  0.0372  0.0369  0.0368  0.0379  0.0365  0.0377  0.0359  0.0353
  0.0367  0.0369  0.0358  0.0371  0.0358  0.0361  0.0360  0.0365  0.0359  0.0364  0.0356  0.0352
  0.0363  0.0363  0.0362  0.0358  0.0357  0.0355  0.0357  0.0357  0.0357  0.0357  0.0355  0.0355
  0.0365  0.0363  0.0370  0.0355  0.0369  0.0357  0.0360  0.0359  0.0360  0.0356  0.0357  0.0361
  0.0373  0.0369  0.0382  0.0371  0.0391  0.0375  0.0369  0.0371  0.0368  0.0362  0.0360  0.0370
  0.0386  0.0381  0.0398  0.0399  0.0428  0.0414  0.0381  0.0391  0.0379  0.0374  0.0366  0.0380
niter,ni,del,rscale     6    3    5.0000    1.2000
parameters
   -3.0187   42.1748  -15.9215   -9.3126  -18.7719  -14.9870
   -0.2164    5.0307   -2.3719   22.6504   -2.6012  -33.3105
eta,q 0.96486  7.95309
  0.0379  0.0384  0.0367  0.0390  0.0398  0.0386  0.0376  0.0391  0.0372  0.0388  0.0362  0.0365
  0.0364  0.0367  0.0358  0.0377  0.0376  0.0369  0.0364  0.0372  0.0362  0.0371  0.0356  0.0357
  0.0355  0.0356  0.0352  0.0364  0.0358  0.0358  0.0355  0.0359  0.0355  0.0359  0.0352  0.0352
  0.0352  0.0352  0.0352  0.0352  0.0352  0.0352  0.0353  0.0353  0.0352  0.0352  0.0352  0.0352
  0.0356  0.0355  0.0357  0.0352  0.0360  0.0352  0.0355  0.0355  0.0355  0.0353  0.0353  0.0355
  0.0366  0.0365  0.0365  0.0369  0.0379  0.0366  0.0364  0.0368  0.0363  0.0360  0.0357  0.0361
  0.0381  0.0379  0.0378  0.0400  0.0411  0.0403  0.0377  0.0388  0.0374  0.0374  0.0363  0.0369
niter,ni,del,rscale     5    3    5.0000    1.2000
parameters
   -3.0111   42.2893  -16.1212   -9.3516  -19.0655  -15.2076
   -0.2239    5.1012   -2.4465   23.0380   -2.6014  -33.6435
eta,q 0.96482  7.94088
  0.0379  0.0383  0.0370  0.0389  0.0398  0.0387  0.0375  0.0389  0.0372  0.0383  0.0362  0.0366
  0.0364  0.0366  0.0359  0.0376  0.0378  0.0370  0.0363  0.0371  0.0361  0.0367  0.0356  0.0358
  0.0355  0.0355  0.0353  0.0363  0.0359  0.0359  0.0355  0.0358  0.0354  0.0357  0.0353  0.0353
  0.0351  0.0351  0.0351  0.0351  0.0351  0.0351  0.0352  0.0352  0.0352  0.0352  0.0352  0.0352
  0.0355  0.0355  0.0355  0.0351  0.0358  0.0351  0.0355  0.0355  0.0354  0.0354  0.0353  0.0354
  0.0364  0.0364  0.0363  0.0369  0.0376  0.0364  0.0363  0.0368  0.0362  0.0363  0.0357  0.0360
  0.0379  0.0377  0.0374  0.0399  0.0407  0.0400  0.0376  0.0389  0.0373  0.0378  0.0362  0.0368
niter,ni,del,rscale     4    3    5.0000    1.2000
parameters
   -3.0094   42.3525  -16.2294   -9.3711  -19.2056  -15.3552
   -0.2119    5.1142   -2.4804   23.2440   -2.5837  -33.8052
eta,q 0.96479  7.93386
  0.0379  0.0382  0.0371  0.0389  0.0399  0.0388  0.0376  0.0389  0.0372  0.0381  0.0362  0.0367
  0.0364  0.0365  0.0360  0.0376  0.0379  0.0370  0.0364  0.0371  0.0362  0.0366  0.0357  0.0359
  0.0355  0.0355  0.0354  0.0364  0.0360  0.0359  0.0355  0.0358  0.0355  0.0356  0.0353  0.0354
  0.0352  0.0352  0.0352  0.0352  0.0352  0.0352  0.0352  0.0352  0.0352  0.0352  0.0352  0.0352
  0.0355  0.0355  0.0355  0.0352  0.0358  0.0351  0.0355  0.0356  0.0355  0.0355  0.0353  0.0355
  0.0364  0.0365  0.0362  0.0369  0.0375  0.0364  0.0363  0.0369  0.0362  0.0364  0.0357  0.0360
  0.0379  0.0378  0.0373  0.0399  0.0406  0.0399  0.0376  0.0390  0.0373  0.0379  0.0362  0.0368
niter,ni,del,rscale     3    3    5.0000    1.2000
parameters
   -3.0129   42.3907  -16.2959   -9.3838  -19.2835  -15.4459
   -0.2059    5.1134   -2.5044   23.3629   -2.5571  -33.9020
eta,q 0.96476  7.92966
  0.0379  0.0381  0.0371  0.0389  0.0399  0.0389  0.0376  0.0389  0.0372  0.0381  0.0363  0.0367
  0.0364  0.0365  0.0361  0.0376  0.0379  0.0371  0.0364  0.0371  0.0362  0.0366  0.0357  0.0359
  0.0355  0.0355  0.0354  0.0364  0.0361  0.0359  0.0355  0.0358  0.0355  0.0356  0.0353  0.0354
  0.0352  0.0352  0.0352  0.0352  0.0352  0.0352  0.0352  0.0352  0.0352  0.0352  0.0352  0.0352
  0.0356  0.0356  0.0355  0.0352  0.0358  0.0351  0.0355  0.0356  0.0355  0.0356  0.0354  0.0355
  0.0365  0.0365  0.0362  0.0369  0.0375  0.0364  0.0364  0.0369  0.0362  0.0364  0.0357  0.0360
  0.0379  0.0379  0.0373  0.0399  0.0405  0.0399  0.0376  0.0390  0.0372  0.0379  0.0362  0.0367
niter,ni,del,rscale     2    3    5.0000    1.2000
parameters
   -3.0155   42.4163  -16.3364   -9.3906  -19.3335  -15.5066
   -0.2003    5.1083   -2.5169   23.4436   -2.5459  -33.9509
eta,q 0.96474  7.92698
  0.0379  0.0381  0.0372  0.0389  0.0399  0.0389  0.0376  0.0389  0.0372  0.0380  0.0363  0.0368
  0.0365  0.0365  0.0361  0.0377  0.0380  0.0371  0.0364  0.0371  0.0362  0.0366  0.0357  0.0359
  0.0355  0.0355  0.0354  0.0364  0.0361  0.0360  0.0356  0.0358  0.0355  0.0356  0.0354  0.0354
  0.0352  0.0352  0.0352  0.0352  0.0352  0.0352  0.0353  0.0353  0.0353  0.0353  0.0353  0.0353
  0.0356  0.0356  0.0355  0.0352  0.0358  0.0351  0.0355  0.0356  0.0355  0.0356  0.0354  0.0355
  0.0365  0.0366  0.0362  0.0369  0.0375  0.0364  0.0364  0.0369  0.0362  0.0365  0.0357  0.0360
  0.0379  0.0379  0.0373  0.0399  0.0405  0.0398  0.0376  0.0390  0.0372  0.0380  0.0362  0.0367
niter,ni,del,rscale     1    3    5.0000    1.2000
parameters
   -3.0178   42.4322  -16.3651   -9.3951  -19.3658  -15.5469
   -0.2024    5.1043   -2.5259   23.4954   -2.5244  -33.9842
eta,q 0.96473  7.92514
  0.0380  0.0381  0.0372  0.0389  0.0399  0.0389  0.0376  0.0389  0.0372  0.0380  0.0363  0.0368
  0.0365  0.0365  0.0361  0.0377  0.0380  0.0371  0.0364  0.0371  0.0362  0.0366  0.0357  0.0359
  0.0356  0.0355  0.0355  0.0364  0.0361  0.0360  0.0356  0.0358  0.0355  0.0356  0.0354  0.0354
  0.0353  0.0353  0.0353  0.0353  0.0353  0.0353  0.0353  0.0353  0.0353  0.0353  0.0353  0.0353
  0.0356  0.0357  0.0355  0.0352  0.0358  0.0351  0.0355  0.0356  0.0355  0.0356  0.0354  0.0355
  0.0365  0.0366  0.0362  0.0369  0.0375  0.0363  0.0364  0.0369  0.0362  0.0365  0.0357  0.0360
  0.0379  0.0379  0.0372  0.0399  0.0404  0.0398  0.0376  0.0391  0.0372  0.0380  0.0362  0.0367
registration optimization eta report
parameter search radius
    2.4000    2.7600    3.1740    9.5220   10.9503    9.5220
    7.2000    7.2000    7.2000    8.2800    7.2000    8.2800
100000*second partial in parameter space
       46.       36.       19.        4.        4.        5.
        4.        7.        4.        4.        2.        2.
  0.0380  0.0381  0.0372  0.0389  0.0399  0.0389  0.0376  0.0389  0.0372  0.0380  0.0363  0.0368
  0.0365  0.0365  0.0361  0.0377  0.0380  0.0371  0.0364  0.0371  0.0362  0.0366  0.0357  0.0359
  0.0356  0.0355  0.0355  0.0364  0.0361  0.0360  0.0356  0.0358  0.0355  0.0356  0.0354  0.0354
  0.0353  0.0353  0.0353  0.0353  0.0353  0.0353  0.0353  0.0353  0.0353  0.0353  0.0353  0.0353
  0.0356  0.0357  0.0355  0.0352  0.0358  0.0351  0.0355  0.0356  0.0355  0.0356  0.0354  0.0355
  0.0365  0.0366  0.0362  0.0369  0.0375  0.0363  0.0364  0.0369  0.0362  0.0365  0.0357  0.0360
  0.0379  0.0379  0.0372  0.0399  0.0404  0.0398  0.0376  0.0391  0.0372  0.0380  0.0362  0.0367
   -3.0178   42.4322  -16.3651   -9.3951  -19.3658  -15.5469
   -0.2024    5.1043   -2.5259   23.4954   -2.5244  -33.9842
eta,q 0.96473  7.92514

---------------------------------------------------------------------
imgreg_4dfp /opt/freesurfer/average/711-2C_as_mni_average_305 /opt/freesurfer/average/711-2B_as_mni_average_305_mask talsrcimg_g11 none talsrcimg_to_711-2C_as_mni_average_305_t4 2311
---------------------------------------------------------------------

freesurfer imgreg_4dfp.c
/opt/freesurfer/average/711-2C_as_mni_average_305.4dfp.img
       256       256       256         1
  1.000000  1.000000  1.000000
orientation T byte_order littleendian
Reading image: /opt/freesurfer/average/711-2C_as_mni_average_305.4dfp.img
dimensions:      256       256       256
mmppix:       1.0000   -1.0000   -1.0000
center:     128.0000 -129.0000 -129.0000
/opt/freesurfer/average/711-2B_as_mni_average_305_mask.4dfp.img
       256       256       256         1
  1.000000  1.000000  1.000000
orientation T byte_order littleendian
Reading mask: /opt/freesurfer/average/711-2B_as_mni_average_305_mask.4dfp.img (2306576 pixels)
talsrcimg_g11.4dfp.img
       256       256       256         1
  1.000000  1.000000  1.000000
orientation T byte_order littleendian
Reading image: talsrcimg_g11.4dfp.img
dimensions:      256       256       256
mmppix:       1.0000   -1.0000   -1.0000
center:     128.0000 -129.0000 -129.0000
fimgreg.f
image alignment mode   2311 decimal      907 hex
parameters
   -3.0178   42.4322  -16.3651   -9.3951  -19.3658  -15.5469
   -0.2024    5.1043   -2.5259   23.4954   -2.5244  -33.9842
eta,q 0.96473  7.92515
niter,ni,del,rscale     5    3    5.0000    0.8000
parameters
   -3.0267   42.3638  -16.4108   -7.9189  -19.0593  -14.2406
   -0.1796    5.2677   -2.5756   23.3687   -2.7696  -33.4910
eta,q 0.96513  8.03394
  0.0365  0.0362  0.0358  0.0371  0.0364  0.0362  0.0360  0.0369  0.0358  0.0359  0.0354  0.0355
  0.0358  0.0356  0.0355  0.0365  0.0357  0.0357  0.0354  0.0359  0.0353  0.0353  0.0351  0.0352
  0.0354  0.0353  0.0353  0.0358  0.0352  0.0354  0.0350  0.0352  0.0350  0.0350  0.0349  0.0350
  0.0353  0.0353  0.0353  0.0353  0.0350  0.0350  0.0349  0.0349  0.0349  0.0349  0.0349  0.0349
  0.0354  0.0354  0.0353  0.0350  0.0351  0.0349  0.0350  0.0350  0.0350  0.0350  0.0350  0.0349
  0.0358  0.0358  0.0355  0.0352  0.0355  0.0350  0.0354  0.0356  0.0353  0.0354  0.0352  0.0350
  0.0365  0.0363  0.0358  0.0359  0.0361  0.0355  0.0360  0.0367  0.0359  0.0360  0.0355  0.0353
niter,ni,del,rscale     4    3    5.0000    0.7000
parameters
   -3.0254   42.2651  -15.8858   -8.0257  -19.0112  -13.4987
   -0.1173    5.3417   -2.4940   23.0979   -2.8695  -32.9927
eta,q 0.96527  8.05217
  0.0359  0.0356  0.0357  0.0361  0.0358  0.0358  0.0357  0.0363  0.0355  0.0355  0.0352  0.0353
  0.0354  0.0351  0.0353  0.0355  0.0352  0.0354  0.0352  0.0355  0.0351  0.0351  0.0349  0.0350
  0.0350  0.0349  0.0350  0.0350  0.0349  0.0351  0.0349  0.0349  0.0348  0.0348  0.0348  0.0348
  0.0349  0.0349  0.0349  0.0348  0.0348  0.0348  0.0347  0.0347  0.0347  0.0347  0.0347  0.0347
  0.0350  0.0350  0.0348  0.0349  0.0349  0.0348  0.0348  0.0349  0.0348  0.0349  0.0348  0.0347
  0.0354  0.0353  0.0348  0.0355  0.0352  0.0349  0.0351  0.0354  0.0351  0.0352  0.0350  0.0349
  0.0359  0.0357  0.0350  0.0363  0.0357  0.0354  0.0356  0.0362  0.0355  0.0358  0.0352  0.0351
niter,ni,del,rscale     3    3    5.0000    0.6000
parameters
   -2.9934   42.2149  -15.6371   -8.0132  -18.9941  -13.0942
   -0.1213    5.3868   -2.4406   22.9235   -2.9155  -32.6656
eta,q 0.96532  8.06244
  0.0356  0.0353  0.0352  0.0357  0.0354  0.0355  0.0353  0.0358  0.0353  0.0353  0.0350  0.0351
  0.0351  0.0350  0.0350  0.0353  0.0350  0.0352  0.0350  0.0352  0.0350  0.0350  0.0348  0.0349
  0.0348  0.0348  0.0348  0.0349  0.0348  0.0349  0.0348  0.0348  0.0348  0.0347  0.0347  0.0347
  0.0347  0.0347  0.0347  0.0347  0.0347  0.0347  0.0347  0.0347  0.0347  0.0347  0.0347  0.0347
  0.0348  0.0348  0.0347  0.0348  0.0348  0.0347  0.0348  0.0348  0.0347  0.0348  0.0347  0.0347
  0.0351  0.0350  0.0348  0.0352  0.0350  0.0349  0.0350  0.0352  0.0349  0.0351  0.0348  0.0348
  0.0355  0.0354  0.0349  0.0358  0.0354  0.0353  0.0354  0.0358  0.0353  0.0355  0.0350  0.0349
niter,ni,del,rscale     2    3    5.0000    0.5000
parameters
   -2.9789   42.1861  -15.4961   -7.9843  -19.0066  -12.8329
   -0.1104    5.4098   -2.4176   22.8223   -2.9147  -32.4863
eta,q 0.96534  8.06881
  0.0353  0.0351  0.0350  0.0355  0.0352  0.0353  0.0351  0.0355  0.0351  0.0351  0.0349  0.0349
  0.0349  0.0349  0.0348  0.0351  0.0349  0.0350  0.0349  0.0350  0.0349  0.0349  0.0348  0.0348
  0.0347  0.0347  0.0347  0.0348  0.0347  0.0348  0.0347  0.0348  0.0347  0.0347  0.0347  0.0347
  0.0347  0.0347  0.0347  0.0347  0.0347  0.0347  0.0347  0.0347  0.0347  0.0347  0.0347  0.0347
  0.0347  0.0347  0.0347  0.0347  0.0347  0.0347  0.0347  0.0348  0.0347  0.0347  0.0347  0.0347
  0.0349  0.0349  0.0347  0.0350  0.0349  0.0349  0.0349  0.0350  0.0349  0.0349  0.0348  0.0347
  0.0352  0.0351  0.0349  0.0355  0.0352  0.0351  0.0351  0.0355  0.0351  0.0352  0.0349  0.0349
niter,ni,del,rscale     1    3    5.0000    0.4000
parameters
   -2.9714   42.1728  -15.4084   -7.9629  -19.0131  -12.6873
   -0.0876    5.4183   -2.4047   22.7526   -2.9289  -32.3675
eta,q 0.96534  8.07225
  0.0350  0.0349  0.0349  0.0352  0.0350  0.0351  0.0350  0.0352  0.0349  0.0350  0.0348  0.0348
  0.0348  0.0348  0.0348  0.0349  0.0348  0.0349  0.0348  0.0349  0.0348  0.0348  0.0347  0.0347
  0.0347  0.0347  0.0347  0.0347  0.0347  0.0347  0.0347  0.0347  0.0347  0.0347  0.0347  0.0347
  0.0347  0.0347  0.0347  0.0347  0.0347  0.0347  0.0347  0.0347  0.0347  0.0347  0.0347  0.0347
  0.0347  0.0347  0.0347  0.0347  0.0347  0.0347  0.0347  0.0347  0.0347  0.0347  0.0347  0.0347
  0.0348  0.0348  0.0347  0.0349  0.0348  0.0348  0.0348  0.0349  0.0348  0.0348  0.0347  0.0347
  0.0350  0.0349  0.0348  0.0352  0.0350  0.0350  0.0350  0.0352  0.0349  0.0350  0.0348  0.0348
registration optimization eta report
parameter search radius
    0.8000    0.8000    0.8000    2.4000    2.4000    2.4000
    2.4000    2.4000    2.4000    2.4000    2.4000    2.4000
100000*second partial in parameter space
       57.       43.       27.        9.        6.        7.
        5.        9.        5.        6.        3.        3.
  0.0350  0.0349  0.0349  0.0352  0.0350  0.0351  0.0350  0.0352  0.0349  0.0350  0.0348  0.0348
  0.0348  0.0348  0.0348  0.0349  0.0348  0.0349  0.0348  0.0349  0.0348  0.0348  0.0347  0.0347
  0.0347  0.0347  0.0347  0.0347  0.0347  0.0347  0.0347  0.0347  0.0347  0.0347  0.0347  0.0347
  0.0347  0.0347  0.0347  0.0347  0.0347  0.0347  0.0347  0.0347  0.0347  0.0347  0.0347  0.0347
  0.0347  0.0347  0.0347  0.0347  0.0347  0.0347  0.0347  0.0347  0.0347  0.0347  0.0347  0.0347
  0.0348  0.0348  0.0347  0.0349  0.0348  0.0348  0.0348  0.0349  0.0348  0.0348  0.0347  0.0347
  0.0350  0.0349  0.0348  0.0352  0.0350  0.0350  0.0350  0.0352  0.0349  0.0350  0.0348  0.0348
   -2.9714   42.1728  -15.4084   -7.9629  -19.0131  -12.6873
   -0.0876    5.4183   -2.4047   22.7526   -2.9289  -32.3675
eta,q 0.96534  8.07225

---------------------------------------------------------------------
imgreg_4dfp /opt/freesurfer/average/711-2C_as_mni_average_305 /opt/freesurfer/average/711-2B_as_mni_average_305_mask talsrcimg_g11 none talsrcimg_to_711-2C_as_mni_average_305_t4 2311
---------------------------------------------------------------------

freesurfer imgreg_4dfp.c
/opt/freesurfer/average/711-2C_as_mni_average_305.4dfp.img
       256       256       256         1
  1.000000  1.000000  1.000000
orientation T byte_order littleendian
Reading image: /opt/freesurfer/average/711-2C_as_mni_average_305.4dfp.img
dimensions:      256       256       256
mmppix:       1.0000   -1.0000   -1.0000
center:     128.0000 -129.0000 -129.0000
/opt/freesurfer/average/711-2B_as_mni_average_305_mask.4dfp.img
       256       256       256         1
  1.000000  1.000000  1.000000
orientation T byte_order littleendian
Reading mask: /opt/freesurfer/average/711-2B_as_mni_average_305_mask.4dfp.img (2306576 pixels)
talsrcimg_g11.4dfp.img
       256       256       256         1
  1.000000  1.000000  1.000000
orientation T byte_order littleendian
Reading image: talsrcimg_g11.4dfp.img
dimensions:      256       256       256
mmppix:       1.0000   -1.0000   -1.0000
center:     128.0000 -129.0000 -129.0000
fimgreg.f
image alignment mode   2311 decimal      907 hex
parameters
   -2.9714   42.1728  -15.4084   -7.9629  -19.0131  -12.6873
   -0.0876    5.4183   -2.4047   22.7526   -2.9289  -32.3675
eta,q 0.96534  8.07225
niter,ni,del,rscale     5    3    5.0000    0.8000
parameters
   -2.9638   42.1829  -15.3940   -8.2154  -18.9348  -13.0719
   -0.1252    5.3877   -2.4304   22.7476   -2.8842  -32.4896
eta,q 0.96532  8.05530
  0.0361  0.0358  0.0353  0.0362  0.0360  0.0357  0.0358  0.0366  0.0357  0.0359  0.0353  0.0352
  0.0353  0.0352  0.0350  0.0355  0.0353  0.0353  0.0352  0.0356  0.0352  0.0353  0.0350  0.0349
  0.0348  0.0348  0.0347  0.0349  0.0348  0.0349  0.0348  0.0349  0.0348  0.0348  0.0347  0.0347
  0.0347  0.0347  0.0347  0.0347  0.0347  0.0347  0.0347  0.0347  0.0347  0.0347  0.0347  0.0347
  0.0348  0.0348  0.0347  0.0349  0.0348  0.0348  0.0348  0.0349  0.0348  0.0348  0.0347  0.0347
  0.0353  0.0352  0.0350  0.0356  0.0352  0.0353  0.0352  0.0356  0.0352  0.0353  0.0349  0.0350
  0.0361  0.0357  0.0353  0.0367  0.0359  0.0364  0.0359  0.0367  0.0357  0.0359  0.0353  0.0353
niter,ni,del,rscale     4    3    5.0000    0.7000
parameters
   -2.9674   42.1775  -15.5040   -8.1125  -18.9281  -13.0598
   -0.1214    5.3943   -2.4278   22.7765   -2.9058  -32.5422
eta,q 0.96533  8.05979
  0.0358  0.0355  0.0351  0.0361  0.0357  0.0356  0.0356  0.0362  0.0355  0.0356  0.0351  0.0351
  0.0352  0.0351  0.0349  0.0355  0.0351  0.0352  0.0351  0.0354  0.0350  0.0351  0.0349  0.0349
  0.0348  0.0348  0.0347  0.0349  0.0348  0.0349  0.0348  0.0349  0.0348  0.0348  0.0347  0.0347
  0.0347  0.0347  0.0347  0.0347  0.0347  0.0347  0.0347  0.0347  0.0347  0.0347  0.0347  0.0347
  0.0348  0.0348  0.0348  0.0348  0.0348  0.0347  0.0348  0.0348  0.0348  0.0348  0.0347  0.0347
  0.0352  0.0351  0.0350  0.0352  0.0351  0.0351  0.0351  0.0354  0.0350  0.0351  0.0349  0.0349
  0.0358  0.0355  0.0353  0.0361  0.0356  0.0357  0.0356  0.0362  0.0355  0.0356  0.0351  0.0351
niter,ni,del,rscale     3    3    5.0000    0.6000
parameters
   -2.9720   42.1736  -15.4914   -8.0415  -18.9620  -12.9051
   -0.1172    5.4063   -2.4237   22.7808   -2.9205  -32.4890
eta,q 0.96534  8.06560
  0.0355  0.0353  0.0351  0.0358  0.0354  0.0354  0.0353  0.0358  0.0353  0.0354  0.0350  0.0350
  0.0350  0.0349  0.0349  0.0352  0.0350  0.0351  0.0350  0.0352  0.0349  0.0350  0.0348  0.0348
  0.0348  0.0347  0.0347  0.0349  0.0348  0.0348  0.0347  0.0348  0.0347  0.0348  0.0347  0.0347
  0.0347  0.0347  0.0347  0.0347  0.0347  0.0347  0.0347  0.0347  0.0347  0.0347  0.0347  0.0347
  0.0348  0.0348  0.0347  0.0348  0.0348  0.0347  0.0347  0.0348  0.0347  0.0348  0.0347  0.0347
  0.0350  0.0350  0.0348  0.0351  0.0350  0.0350  0.0350  0.0352  0.0349  0.0350  0.0348  0.0348
  0.0355  0.0353  0.0351  0.0357  0.0354  0.0354  0.0353  0.0358  0.0353  0.0354  0.0350  0.0350
niter,ni,del,rscale     2    3    5.0000    0.5000
parameters
   -2.9712   42.1723  -15.4343   -8.0000  -18.9926  -12.7493
   -0.0950    5.4196   -2.4186   22.7579   -2.9396  -32.3987
eta,q 0.96534  8.07011
  0.0352  0.0351  0.0350  0.0355  0.0352  0.0353  0.0351  0.0355  0.0351  0.0352  0.0349  0.0349
  0.0349  0.0349  0.0348  0.0351  0.0349  0.0350  0.0349  0.0350  0.0349  0.0349  0.0348  0.0348
  0.0347  0.0347  0.0347  0.0348  0.0347  0.0348  0.0347  0.0348  0.0347  0.0347  0.0347  0.0347
  0.0347  0.0347  0.0347  0.0347  0.0347  0.0347  0.0347  0.0347  0.0347  0.0347  0.0347  0.0347
  0.0347  0.0347  0.0347  0.0347  0.0347  0.0347  0.0347  0.0347  0.0347  0.0347  0.0347  0.0347
  0.0349  0.0349  0.0348  0.0350  0.0349  0.0349  0.0349  0.0350  0.0348  0.0349  0.0348  0.0348
  0.0352  0.0351  0.0349  0.0354  0.0352  0.0352  0.0351  0.0355  0.0351  0.0352  0.0349  0.0349
niter,ni,del,rscale     1    3    5.0000    0.4000
parameters
   -2.9680   42.1702  -15.3787   -7.9622  -19.0127  -12.6456
   -0.0881    5.4287   -2.4013   22.7248   -2.9340  -32.3151
eta,q 0.96534  8.07290
  0.0350  0.0349  0.0349  0.0352  0.0350  0.0351  0.0350  0.0352  0.0349  0.0350  0.0348  0.0348
  0.0348  0.0348  0.0348  0.0349  0.0348  0.0349  0.0348  0.0349  0.0348  0.0348  0.0347  0.0347
  0.0347  0.0347  0.0347  0.0347  0.0347  0.0347  0.0347  0.0347  0.0347  0.0347  0.0347  0.0347
  0.0347  0.0347  0.0347  0.0347  0.0347  0.0347  0.0347  0.0347  0.0347  0.0347  0.0347  0.0347
  0.0347  0.0347  0.0347  0.0347  0.0347  0.0347  0.0347  0.0347  0.0347  0.0347  0.0347  0.0347
  0.0348  0.0348  0.0347  0.0349  0.0348  0.0348  0.0348  0.0349  0.0348  0.0348  0.0347  0.0347
  0.0350  0.0349  0.0348  0.0352  0.0350  0.0350  0.0350  0.0352  0.0349  0.0350  0.0348  0.0348
registration optimization eta report
parameter search radius
    0.8000    0.8000    0.8000    2.4000    2.4000    2.4000
    2.4000    2.4000    2.4000    2.4000    2.4000    2.4000
100000*second partial in parameter space
       57.       44.       27.        9.        6.        7.
        5.        9.        5.        6.        3.        3.
  0.0350  0.0349  0.0349  0.0352  0.0350  0.0351  0.0350  0.0352  0.0349  0.0350  0.0348  0.0348
  0.0348  0.0348  0.0348  0.0349  0.0348  0.0349  0.0348  0.0349  0.0348  0.0348  0.0347  0.0347
  0.0347  0.0347  0.0347  0.0347  0.0347  0.0347  0.0347  0.0347  0.0347  0.0347  0.0347  0.0347
  0.0347  0.0347  0.0347  0.0347  0.0347  0.0347  0.0347  0.0347  0.0347  0.0347  0.0347  0.0347
  0.0347  0.0347  0.0347  0.0347  0.0347  0.0347  0.0347  0.0347  0.0347  0.0347  0.0347  0.0347
  0.0348  0.0348  0.0347  0.0349  0.0348  0.0348  0.0348  0.0349  0.0348  0.0348  0.0347  0.0347
  0.0350  0.0349  0.0348  0.0352  0.0350  0.0350  0.0350  0.0352  0.0349  0.0350  0.0348  0.0348
   -2.9680   42.1702  -15.3787   -7.9622  -19.0127  -12.6456
   -0.0881    5.4287   -2.4013   22.7248   -2.9340  -32.3151
eta,q 0.96534  8.07290

---------------------------------------------------------------------
compute_vox2vox talsrcimg talsrcimg_to_711-2C_as_mni_average_305_t4 /opt/freesurfer/average/711-2C_as_mni_average_305
---------------------------------------------------------------------

freesurfer compute_vox2vox.c
Reading: talsrcimg.4dfp.ifh
Reading: talsrcimg_to_711-2C_as_mni_average_305_t4
Reading: /opt/freesurfer/average/711-2C_as_mni_average_305.4dfp.ifh
Writing: talsrcimg_to_711-2C_as_mni_average_305_t4_vox2vox.txt

start time Mon Mar 9 21:42:31 CET 2026
end		time Mon Mar 9 21:43:56 CET 2026

mpr2mni305 success

avi2talxfm orig_nu.mgz /opt/freesurfer/average/mni305.cor.mgz talsrcimg_to_711-2C_as_mni_average_305_t4_vox2vox.txt transforms/talairach.auto.xfm
avi2talxfm done
mv -f /out/sourcedata/freesurfer/sub-v1s2x0051471_ses-1/mri/talsrcimg_to_711-2C_as_mni_average_305_t4_vox2vox.txt /out/sourcedata/freesurfer/sub-v1s2x0051471_ses-1/mri/transforms/talsrcimg_to_711-2C_as_mni_average_305_t4_vox2vox.txt
lta_convert --src orig_nu.mgz --trg /opt/freesurfer/average/mni305.cor.mgz --inxfm transforms/talairach.auto.xfm --outlta transforms/talairach.auto.xfm.lta --subject fsaverage
7.3.2

--src: orig_nu.mgz src image (geometry).
--trg: /opt/freesurfer/average/mni305.cor.mgz trg image (geometry).
--inmni: transforms/talairach.auto.xfm input MNI/XFM transform.
--outlta: transforms/talairach.auto.xfm.lta output LTA.
--s: fsaverage subject name
 LTA read, type : 1
 1.08395  -0.06131  -0.02328   4.21439;
 0.04375   1.03463   0.41288  -51.59340;
 0.01986  -0.29213   1.11822   22.96377;
 0.00000   0.00000   0.00000   1.00000;
setting subject to fsaverage
Writing  LTA to file transforms/talairach.auto.xfm.lta...
lta_convert successful.
 
 
Started at Mon Mar 9 21:42:31 CET 2026
Ended   at Mon Mar  9 21:43:57 CET 2026
talairach_avi done
