/out/sourcedata/freesurfer/sub-v1s2x0051459_ses-1/mri
/opt/freesurfer/bin/talairach_avi
--i orig_nu.mgz --xfm transforms/talairach.auto.xfm
talairach_avi 7.3.2
Linux dna062 5.14.0-427.37.1.el9_4.x86_64 #1 SMP PREEMPT_DYNAMIC Fri Sep 13 12:41:50 EDT 2024 x86_64 x86_64 x86_64 GNU/Linux
Mon Mar  9 21:22:26 CET 2026
mri_convert orig_nu.mgz talsrcimg.img 
reading from orig_nu.mgz...
TR=0.00, TE=0.00, TI=0.00, flip angle=0.00
i_ras = (-1, 0, 0)
j_ras = (0, 0, -1)
k_ras = (0, 1, 0)
writing to talsrcimg.img...
Analyze Output Matrix
-1.00000   0.00000   0.00000   130.85593;
 0.00000   0.00000   1.00000  -62.23729;
 0.00000  -1.00000   0.00000   103.55933;
 0.00000   0.00000   0.00000   1.00000;
--------------------
INFO: set hdr.hist.orient to -1
mpr2mni305 talsrcimg
Mon Mar  9 21:22:27 CET 2026
/opt/freesurfer/bin/mpr2mni305 talsrcimg
mpr2mni305 7.3.2
target=711-2C_as_mni_average_305

---------------------------------------------------------------------
analyzeto4dfp talsrcimg -O0 -y
---------------------------------------------------------------------

freesurfer ifh2hdr.c
Mon Mar  9 21:22:27 2026
Writing: talsrcimg.4dfp.hdr
freesurfer analyzeto4dfp.c
Reading: talsrcimg.hdr
header size 348 bytes
hdr.dime.datatype	offset=70	value=2
hdr.dime.bitpix		offset=72	value=8
hdr.hist.orient		offset=252	value=-1
dimensionality     4
dimensions       256       256       256         1
Reading: talsrcimg.img
Writing: talsrcimg.4dfp.img
Writing: talsrcimg.4dfp.ifh
ifh2hdr talsrcimg -r0to255
ori=2

---------------------------------------------------------------------
gauss_4dfp talsrcimg 1.1
---------------------------------------------------------------------

freesurfer gauss_4dfp.c
Reading: talsrcimg.4dfp.img
Writing: talsrcimg_g11.4dfp.img
image dimensions 256 256 256 padded to 288 288 288
processing volume 1freesurfer ifh2hdr.c
Mon Mar  9 21:22:28 2026
Writing: talsrcimg_g11.4dfp.hdr

Writing: talsrcimg_g11.4dfp.ifh
including: talsrcimg.4dfp.img.rec in talsrcimg_g11.4dfp.img.rec

---------------------------------------------------------------------
imgreg_4dfp /opt/freesurfer/average/711-2C_as_mni_average_305 none talsrcimg_g11 none talsrcimg_to_711-2C_as_mni_average_305_t4 4355
---------------------------------------------------------------------

freesurfer imgreg_4dfp.c
/opt/freesurfer/average/711-2C_as_mni_average_305.4dfp.img
       256       256       256         1
  1.000000  1.000000  1.000000
orientation T byte_order littleendian
Reading image: /opt/freesurfer/average/711-2C_as_mni_average_305.4dfp.img
dimensions:      256       256       256
mmppix:       1.0000   -1.0000   -1.0000
center:     128.0000 -129.0000 -129.0000
talsrcimg_g11.4dfp.img
       256       256       256         1
  1.000000  1.000000  1.000000
orientation T byte_order littleendian
Reading image: talsrcimg_g11.4dfp.img
dimensions:      256       256       256
mmppix:       1.0000   -1.0000   -1.0000
center:     128.0000 -129.0000 -129.0000
t4_read: open error in t4_sub.f l:  41 t4_file(1:l)talsrcimg_to_711-2C_as_mni_average_305_t4 
t4_read: transform initialized to I4
rotation matrix determinant  1.000000
image alignment mode   4355 decimal     1103 hex
   -7.5000  -45.0000  -45.0000 5674.1064   13.7113
    0.0000  -45.0000  -45.0000 5902.7651   13.7061
    7.5000  -45.0000  -45.0000 5654.3911   13.7258
   -7.5000  -37.5000  -45.0000 6296.1348   13.1064
    0.0000  -37.5000  -45.0000 6554.8120   13.0987
    7.5000  -37.5000  -45.0000 6273.0356   13.1117
   -7.5000  -30.0000  -45.0000 7233.4614   12.7049
    0.0000  -30.0000  -45.0000 7546.8545   12.6915
    7.5000  -30.0000  -45.0000 7219.1323   12.6997
   -7.5000  -22.5000  -45.0000 8304.5273   12.4603
    0.0000  -22.5000  -45.0000 8658.2285   12.4473
    7.5000  -22.5000  -45.0000 8281.7100   12.4558
   -7.5000  -15.0000  -45.0000 9446.8926   12.3138
    0.0000  -15.0000  -45.0000 9841.0938   12.3037
    7.5000  -15.0000  -45.0000 9394.4668   12.3172
   -7.5000   -7.5000  -45.000010593.6172   12.2645
    0.0000   -7.5000  -45.000011046.3398   12.2589
    7.5000   -7.5000  -45.000010525.4766   12.2763
   -7.5000    0.0000  -45.000011670.5137   12.2504
    0.0000    0.0000  -45.000012159.9590   12.2464
    7.5000    0.0000  -45.000011599.0908   12.2634
   -7.5000    7.5000  -45.000011854.3730   12.2520
    0.0000    7.5000  -45.000012357.0547   12.2451
    7.5000    7.5000  -45.000011790.3604   12.2570
   -7.5000   15.0000  -45.000011858.7402   12.2576
    0.0000   15.0000  -45.000012375.4053   12.2469
    7.5000   15.0000  -45.000011786.3018   12.2541
   -7.5000   22.5000  -45.000011747.9668   12.2579
    0.0000   22.5000  -45.000012224.0107   12.2459
    7.5000   22.5000  -45.000011686.3184   12.2543
   -7.5000   30.0000  -45.000011540.4873   12.0962
    0.0000   30.0000  -45.000012023.4961   12.0866
    7.5000   30.0000  -45.000011452.8389   12.1000
   -7.5000   37.5000  -45.000011706.7012   12.0908
    0.0000   37.5000  -45.000012188.0000   12.0853
    7.5000   37.5000  -45.000011596.4307   12.1024
   -7.5000   45.0000  -45.000011319.2305   11.7802
    0.0000   45.0000  -45.000011780.9824   11.7764
    7.5000   45.0000  -45.000011213.5068   11.7927
   -7.5000  -45.0000  -37.5000 5866.9482   13.7450
    0.0000  -45.0000  -37.5000 6103.5483   13.7384
    7.5000  -45.0000  -37.5000 5832.5864   13.7517
   -7.5000  -37.5000  -37.5000 6521.0015   13.1360
    0.0000  -37.5000  -37.5000 6793.3354   13.1304
    7.5000  -37.5000  -37.5000 6496.7432   13.1395
   -7.5000  -30.0000  -37.5000 7527.4761   12.7348
    0.0000  -30.0000  -37.5000 7842.3936   12.7265
    7.5000  -30.0000  -37.5000 7498.5127   12.7317
   -7.5000  -22.5000  -37.5000 8658.9248   12.4883
    0.0000  -22.5000  -37.5000 9023.1943   12.4803
    7.5000  -22.5000  -37.5000 8625.4365   12.4855
   -7.5000  -15.0000  -37.5000 9851.4834   12.3411
    0.0000  -15.0000  -37.500010275.2871   12.3324
    7.5000  -15.0000  -37.5000 9798.7900   12.3415
   -7.5000   -7.5000  -37.500011049.8926   12.2922
    0.0000   -7.5000  -37.500011536.0947   12.2847
    7.5000   -7.5000  -37.500010998.9268   12.2969
   -7.5000    0.0000  -37.500012158.6768   12.2796
    0.0000    0.0000  -37.500012687.8340   12.2742
    7.5000    0.0000  -37.500012096.4941   12.2862
   -7.5000    7.5000  -37.500012359.7471   12.2823
    0.0000    7.5000  -37.500012886.6152   12.2774
    7.5000    7.5000  -37.500012292.6885   12.2854
   -7.5000   15.0000  -37.500012353.2969   12.2872
    0.0000   15.0000  -37.500012889.3281   12.2814
    7.5000   15.0000  -37.500012287.4980   12.2857
   -7.5000   22.5000  -37.500012231.0000   12.2857
    0.0000   22.5000  -37.500012740.5312   12.2786
    7.5000   22.5000  -37.500012149.6689   12.2839
   -7.5000   30.0000  -37.500012011.4951   12.1229
    0.0000   30.0000  -37.500012528.1016   12.1147
    7.5000   30.0000  -37.500011901.8398   12.1238
   -7.5000   37.5000  -37.500012194.8926   12.1180
    0.0000   37.5000  -37.500012711.8027   12.1106
    7.5000   37.5000  -37.500012054.6025   12.1227
   -7.5000   45.0000  -37.500011803.5234   11.8083
    0.0000   45.0000  -37.500012300.0635   11.8031
    7.5000   45.0000  -37.500011659.8594   11.8146
   -7.5000  -45.0000  -30.0000 6157.3271   14.3498
    0.0000  -45.0000  -30.0000 6382.4922   14.3453
    7.5000  -45.0000  -30.0000 6089.8125   14.3552
   -7.5000  -37.5000  -30.0000 6863.2041   13.7031
    0.0000  -37.5000  -30.0000 7145.4575   13.7019
    7.5000  -37.5000  -30.0000 6822.6035   13.7096
   -7.5000  -30.0000  -30.0000 7942.0332   13.2826
    0.0000  -30.0000  -30.0000 8288.9707   13.2800
    7.5000  -30.0000  -30.0000 7900.6699   13.2833
   -7.5000  -22.5000  -30.0000 9150.2266   13.0292
    0.0000  -22.5000  -30.0000 9549.3799   13.0262
    7.5000  -22.5000  -30.0000 9106.2969   13.0284
   -7.5000  -15.0000  -30.000010417.9248   12.8816
    0.0000  -15.0000  -30.000010878.3691   12.8753
    7.5000  -15.0000  -30.000010367.1152   12.8806
   -7.5000   -7.5000  -30.000011689.0361   12.8316
    0.0000   -7.5000  -30.000012201.2949   12.8248
    7.5000   -7.5000  -30.000011646.4727   12.8334
   -7.5000    0.0000  -30.000012880.8740   12.8142
    0.0000    0.0000  -30.000013441.8389   12.8106
    7.5000    0.0000  -30.000012831.9697   12.8201
   -7.5000    7.5000  -30.000013072.5723   12.8119
    0.0000    7.5000  -30.000013651.3203   12.8112
    7.5000    7.5000  -30.000013012.9248   12.8174
   -7.5000   15.0000  -30.000013069.5879   12.8147
    0.0000   15.0000  -30.000013644.3301   12.8145
    7.5000   15.0000  -30.000012987.2930   12.8169
   -7.5000   22.5000  -30.000012895.0400   12.8159
    0.0000   22.5000  -30.000013444.4854   12.8135
    7.5000   22.5000  -30.000012792.9111   12.8161
   -7.5000   30.0000  -30.000012653.7666   12.6549
    0.0000   30.0000  -30.000013203.0156   12.6490
    7.5000   30.0000  -30.000012521.1270   12.6543
   -7.5000   37.5000  -30.000012856.7080   12.6510
    0.0000   37.5000  -30.000013419.2637   12.6443
    7.5000   37.5000  -30.000012710.0635   12.6528
   -7.5000   45.0000  -30.000012449.5479   12.3315
    0.0000   45.0000  -30.000012995.8428   12.3279
    7.5000   45.0000  -30.000012309.8682   12.3371
   -7.5000  -45.0000  -22.5000 6427.2129   14.8610
    0.0000  -45.0000  -22.5000 6663.1226   14.8599
    7.5000  -45.0000  -22.5000 6347.6899   14.8732
   -7.5000  -37.5000  -22.5000 7187.4683   14.1841
    0.0000  -37.5000  -22.5000 7488.6938   14.1845
    7.5000  -37.5000  -22.5000 7129.9189   14.1952
   -7.5000  -30.0000  -22.5000 8323.9795   13.7470
    0.0000  -30.0000  -22.5000 8685.5459   13.7435
    7.5000  -30.0000  -22.5000 8282.4141   13.7485
   -7.5000  -22.5000  -22.5000 9597.5586   13.4913
    0.0000  -22.5000  -22.500010024.1133   13.4865
    7.5000  -22.5000  -22.5000 9568.3916   13.4894
   -7.5000  -15.0000  -22.500010937.1289   13.3455
    0.0000  -15.0000  -22.500011444.7119   13.3389
    7.5000  -15.0000  -22.500010915.3730   13.3450
   -7.5000   -7.5000  -22.500012309.3926   13.2933
    0.0000   -7.5000  -22.500012851.2930   13.2887
    7.5000   -7.5000  -22.500012257.2793   13.2996
   -7.5000    0.0000  -22.500013585.0400   13.2689
    0.0000    0.0000  -22.500014181.1807   13.2681
    7.5000    0.0000  -22.500013522.6289   13.2808
   -7.5000    7.5000  -22.500013767.9902   13.2602
    0.0000    7.5000  -22.500014392.4805   13.2612
    7.5000    7.5000  -22.500013702.4463   13.2699
   -7.5000   15.0000  -22.500013764.9941   13.2623
    0.0000   15.0000  -22.500014380.6963   13.2616
    7.5000   15.0000  -22.500013670.0000   13.2655
   -7.5000   22.5000  -22.500013515.2168   13.2691
    0.0000   22.5000  -22.500014106.2480   13.2650
    7.5000   22.5000  -22.500013420.7178   13.2681
   -7.5000   30.0000  -22.500013215.6895   13.1126
    0.0000   30.0000  -22.500013793.0898   13.1064
    7.5000   30.0000  -22.500013125.8906   13.1125
   -7.5000   37.5000  -22.500013437.0020   13.1082
    0.0000   37.5000  -22.500014008.4580   13.1037
    7.5000   37.5000  -22.500013325.5566   13.1144
   -7.5000   45.0000  -22.500013036.7432   12.7786
    0.0000   45.0000  -22.500013590.3125   12.7778
    7.5000   45.0000  -22.500012897.6006   12.7900
   -7.5000  -45.0000  -15.0000 6603.1392   15.2026
    0.0000  -45.0000  -15.0000 6874.8193   15.2021
    7.5000  -45.0000  -15.0000 6541.6372   15.2224
   -7.5000  -37.5000  -15.0000 7435.5239   14.5110
    0.0000  -37.5000  -15.0000 7761.8618   14.5088
    7.5000  -37.5000  -15.0000 7395.4561   14.5243
   -7.5000  -30.0000  -15.0000 8656.8242   14.0636
    0.0000  -30.0000  -15.0000 9033.2246   14.0539
    7.5000  -30.0000  -15.0000 8624.0752   14.0624
   -7.5000  -22.5000  -15.000010022.6084   13.8070
    0.0000  -22.5000  -15.000010452.5049   13.7956
    7.5000  -22.5000  -15.0000 9980.3848   13.8019
   -7.5000  -15.0000  -15.000011434.1523   13.6606
    0.0000  -15.0000  -15.000011943.8271   13.6512
    7.5000  -15.0000  -15.000011385.9023   13.6615
   -7.5000   -7.5000  -15.000012873.2510   13.6060
    0.0000   -7.5000  -15.000013434.0928   13.6021
    7.5000   -7.5000  -15.000012796.6631   13.6185
   -7.5000    0.0000  -15.000014225.5791   13.5767
    0.0000    0.0000  -15.000014845.4863   13.5767
    7.5000    0.0000  -15.000014129.9541   13.5952
   -7.5000    7.5000  -15.000014405.5371   13.5648
    0.0000    7.5000  -15.000015054.4814   13.5633
    7.5000    7.5000  -15.000014326.4170   13.5766
   -7.5000   15.0000  -15.000014365.5605   13.5683
    0.0000   15.0000  -15.000015018.5703   13.5616
    7.5000   15.0000  -15.000014304.5615   13.5689
   -7.5000   22.5000  -15.000014123.1211   13.5791
    0.0000   22.5000  -15.000014737.9609   13.5686
    7.5000   22.5000  -15.000014081.9395   13.5749
   -7.5000   30.0000  -15.000013753.7754   13.4241
    0.0000   30.0000  -15.000014342.2373   13.4151
    7.5000   30.0000  -15.000013735.8408   13.4254
   -7.5000   37.5000  -15.000014009.4873   13.4184
    0.0000   37.5000  -15.000014584.7002   13.4146
    7.5000   37.5000  -15.000013936.6113   13.4308
   -7.5000   45.0000  -15.000013623.2783   13.0830
    0.0000   45.0000  -15.000014204.7832   13.0829
    7.5000   45.0000  -15.000013489.6748   13.1007
   -7.5000  -45.0000   -7.5000 6778.8774   15.3409
    0.0000  -45.0000   -7.5000 7047.1758   15.3383
    7.5000  -45.0000   -7.5000 6712.6514   15.3628
   -7.5000  -37.5000   -7.5000 7635.7827   14.6537
    0.0000  -37.5000   -7.5000 7964.3828   14.6472
    7.5000  -37.5000   -7.5000 7597.5215   14.6645
   -7.5000  -30.0000   -7.5000 8920.4688   14.2030
    0.0000  -30.0000   -7.5000 9322.8545   14.1880
    7.5000  -30.0000   -7.5000 8887.2471   14.1985
   -7.5000  -22.5000   -7.500010367.2207   13.9390
    0.0000  -22.5000   -7.500010828.7422   13.9234
    7.5000  -22.5000   -7.500010310.2129   13.9329
   -7.5000  -15.0000   -7.500011855.0742   13.7847
    0.0000  -15.0000   -7.500012403.8271   13.7734
    7.5000  -15.0000   -7.500011803.4688   13.7881
   -7.5000   -7.5000   -7.500013376.4717   13.7293
    0.0000   -7.5000   -7.500014005.6348   13.7249
    7.5000   -7.5000   -7.500013334.7422   13.7453
   -7.5000    0.0000   -7.500014819.2852   13.7047
    0.0000    0.0000   -7.500015524.9346   13.7030
    7.5000    0.0000   -7.500014759.8340   13.7244
   -7.5000    7.5000   -7.500014986.1260   13.6979
    0.0000    7.5000   -7.500015677.0986   13.6923
    7.5000    7.5000   -7.500014964.7871   13.7079
   -7.5000   15.0000   -7.500014862.5742   13.7032
    0.0000   15.0000   -7.500015526.4941   13.6913
    7.5000   15.0000   -7.500014918.9824   13.7006
   -7.5000   22.5000   -7.500014691.4854   13.7077
    0.0000   22.5000   -7.500015427.3691   13.6933
    7.5000   22.5000   -7.500014732.8428   13.7027
   -7.5000   30.0000   -7.500014466.8682   13.5459
    0.0000   30.0000   -7.500015167.0166   13.5351
    7.5000   30.0000   -7.500014446.1484   13.5497
   -7.5000   37.5000   -7.500014784.4971   13.5396
    0.0000   37.5000   -7.500015412.2471   13.5354
    7.5000   37.5000   -7.500014640.7080   13.5556
   -7.5000   45.0000   -7.500014346.4004   13.2088
    0.0000   45.0000   -7.500014919.2295   13.2071
    7.5000   45.0000   -7.500014115.1084   13.2278
   -7.5000  -45.0000    0.0000 6840.7202   15.3430
    0.0000  -45.0000    0.0000 7129.2739   15.3372
    7.5000  -45.0000    0.0000 6804.2886   15.3592
   -7.5000  -37.5000    0.0000 7753.2368   14.6662
    0.0000  -37.5000    0.0000 8101.7441   14.6575
    7.5000  -37.5000    0.0000 7724.0327   14.6721
   -7.5000  -30.0000    0.0000 9110.8135   14.2168
    0.0000  -30.0000    0.0000 9526.9268   14.2018
    7.5000  -30.0000    0.0000 9073.4922   14.2110
   -7.5000  -22.5000    0.000010587.3232   13.9432
    0.0000  -22.5000    0.000011076.7891   13.9286
    7.5000  -22.5000    0.000010558.3164   13.9381
   -7.5000  -15.0000    0.000012121.4219   13.7792
    0.0000  -15.0000    0.000012697.0654   13.7679
    7.5000  -15.0000    0.000012113.5225   13.7830
   -7.5000   -7.5000    0.000013704.6494   13.7241
    0.0000   -7.5000    0.000014374.3623   13.7178
    7.5000   -7.5000    0.000013712.4688   13.7373
   -7.5000    0.0000    0.000015212.1846   13.7082
    0.0000    0.0000    0.000015984.1357   13.7038
    7.5000    0.0000    0.000015198.6631   13.7228
   -7.5000    7.5000    0.000015429.5752   13.7101
    0.0000    7.5000    0.000016213.2119   13.7024
    7.5000    7.5000    0.000015423.7168   13.7156
   -7.5000   15.0000    0.000015327.9062   13.7164
    0.0000   15.0000    0.000016002.1396   13.7043
    7.5000   15.0000    0.000015355.2715   13.7125
   -7.5000   22.5000    0.000015156.4688   13.7122
    0.0000   22.5000    0.000015902.2080   13.6987
    7.5000   22.5000    0.000015157.1260   13.7082
   -7.5000   30.0000    0.000015007.6934   13.5410
    0.0000   30.0000    0.000015683.2246   13.5303
    7.5000   30.0000    0.000014909.3779   13.5452
   -7.5000   37.5000    0.000015305.6748   13.5349
    0.0000   37.5000    0.000015915.2012   13.5288
    7.5000   37.5000    0.000015111.8857   13.5480
   -7.5000   45.0000    0.000014787.3359   13.2132
    0.0000   45.0000    0.000015375.3760   13.2089
    7.5000   45.0000    0.000014567.1416   13.2272
   -7.5000  -45.0000    7.5000 6418.5239   15.3810
    0.0000  -45.0000    7.5000 6688.9746   15.3736
    7.5000  -45.0000    7.5000 6378.3755   15.3885
   -7.5000  -37.5000    7.5000 7268.9966   14.6995
    0.0000  -37.5000    7.5000 7616.5059   14.6933
    7.5000  -37.5000    7.5000 7274.2495   14.7035
   -7.5000  -30.0000    7.5000 8555.6113   14.2506
    0.0000  -30.0000    7.5000 8957.7871   14.2413
    7.5000  -30.0000    7.5000 8549.3027   14.2471
   -7.5000  -22.5000    7.5000 9961.6699   13.9747
    0.0000  -22.5000    7.500010462.6270   13.9658
    7.5000  -22.5000    7.5000 9967.8516   13.9716
   -7.5000  -15.0000    7.500011444.0361   13.8100
    0.0000  -15.0000    7.500012027.6113   13.8003
    7.5000  -15.0000    7.500011437.9414   13.8105
   -7.5000   -7.5000    7.500012961.9805   13.7553
    0.0000   -7.5000    7.500013616.5410   13.7469
    7.5000   -7.5000    7.500012940.7910   13.7605
   -7.5000    0.0000    7.500014409.0127   13.7412
    0.0000    0.0000    7.500015123.1709   13.7352
    7.5000    0.0000    7.500014359.8154   13.7486
   -7.5000    7.5000    7.500014671.6123   13.7442
    0.0000    7.5000    7.500015361.8115   13.7388
    7.5000    7.5000    7.500014612.4385   13.7477
   -7.5000   15.0000    7.500014642.0576   13.7497
    0.0000   15.0000    7.500015257.2568   13.7432
    7.5000   15.0000    7.500014587.6553   13.7480
   -7.5000   22.5000    7.500014482.5996   13.7436
    0.0000   22.5000    7.500015087.0596   13.7356
    7.5000   22.5000    7.500014428.3545   13.7416
   -7.5000   30.0000    7.500014232.0020   13.5712
    0.0000   30.0000    7.500014752.0088   13.5619
    7.5000   30.0000    7.500014128.9287   13.5721
   -7.5000   37.5000    7.500014453.1973   13.5656
    0.0000   37.5000    7.500014948.3047   13.5574
    7.5000   37.5000    7.500014351.5508   13.5709
   -7.5000   45.0000    7.500014020.6455   13.2449
    0.0000   45.0000    7.500014546.1982   13.2391
    7.5000   45.0000    7.500013913.9014   13.2520
   -7.5000  -45.0000   15.0000 5932.1182   15.4840
    0.0000  -45.0000   15.0000 6182.6094   15.4786
    7.5000  -45.0000   15.0000 5877.8887   15.4895
   -7.5000  -37.5000   15.0000 6717.9639   14.7860
    0.0000  -37.5000   15.0000 7046.2529   14.7842
    7.5000  -37.5000   15.0000 6710.0459   14.7928
   -7.5000  -30.0000   15.0000 7921.1035   14.3328
    0.0000  -30.0000   15.0000 8307.7354   14.3295
    7.5000  -30.0000   15.0000 7892.2959   14.3333
   -7.5000  -22.5000   15.0000 9252.0098   14.0605
    0.0000  -22.5000   15.0000 9725.7783   14.0566
    7.5000  -22.5000   15.0000 9232.6484   14.0593
   -7.5000  -15.0000   15.000010656.9297   13.9021
    0.0000  -15.0000   15.000011177.4434   13.8947
    7.5000  -15.0000   15.000010621.8184   13.9006
   -7.5000   -7.5000   15.000012071.3799   13.8482
    0.0000   -7.5000   15.000012644.6953   13.8402
    7.5000   -7.5000   15.000012023.7100   13.8498
   -7.5000    0.0000   15.000013389.0547   13.8294
    0.0000    0.0000   15.000014019.7979   13.8249
    7.5000    0.0000   15.000013338.4707   13.8355
   -7.5000    7.5000   15.000013607.7031   13.8269
    0.0000    7.5000   15.000014221.8926   13.8257
    7.5000    7.5000   15.000013566.3594   13.8327
   -7.5000   15.0000   15.000013625.5039   13.8300
    0.0000   15.0000   15.000014214.3037   13.8294
    7.5000   15.0000   15.000013601.6855   13.8322
   -7.5000   22.5000   15.000013512.7666   13.8282
    0.0000   22.5000   15.000014085.3984   13.8251
    7.5000   22.5000   15.000013471.8398   13.8281
   -7.5000   30.0000   15.000013252.2686   13.6615
    0.0000   30.0000   15.000013765.9834   13.6545
    7.5000   30.0000   15.000013172.2197   13.6606
   -7.5000   37.5000   15.000013428.3652   13.6572
    0.0000   37.5000   15.000013956.2891   13.6494
    7.5000   37.5000   15.000013372.2080   13.6589
   -7.5000   45.0000   15.000013056.2236   13.3300
    0.0000   45.0000   15.000013580.8984   13.3256
    7.5000   45.0000   15.000012973.8535   13.3358
   -7.5000  -45.0000   22.5000 5394.5938   15.7005
    0.0000  -45.0000   22.5000 5614.3433   15.6973
    7.5000  -45.0000   22.5000 5341.4795   15.7128
   -7.5000  -37.5000   22.5000 6151.7344   14.9793
    0.0000  -37.5000   22.5000 6423.7285   14.9779
    7.5000  -37.5000   22.5000 6115.3232   14.9907
   -7.5000  -30.0000   22.5000 7267.8784   14.5153
    0.0000  -30.0000   22.5000 7610.6216   14.5100
    7.5000  -30.0000   22.5000 7215.7769   14.5166
   -7.5000  -22.5000   22.5000 8476.8018   14.2457
    0.0000  -22.5000   22.5000 8898.7480   14.2390
    7.5000  -22.5000   22.5000 8464.8359   14.2433
   -7.5000  -15.0000   22.5000 9754.5488   14.0931
    0.0000  -15.0000   22.500010225.6309   14.0844
    7.5000  -15.0000   22.5000 9741.7803   14.0920
   -7.5000   -7.5000   22.500011030.2236   14.0381
    0.0000   -7.5000   22.500011568.4756   14.0314
    7.5000   -7.5000   22.500011021.7266   14.0442
   -7.5000    0.0000   22.500012241.8809   14.0120
    0.0000    0.0000   22.500012838.9746   14.0094
    7.5000    0.0000   22.500012223.5801   14.0241
   -7.5000    7.5000   22.500012468.4297   14.0026
    0.0000    7.5000   22.500013055.4512   14.0021
    7.5000    7.5000   22.500012438.1816   14.0127
   -7.5000   15.0000   22.500012523.4160   14.0048
    0.0000   15.0000   22.500013090.8066   14.0026
    7.5000   15.0000   22.500012498.4541   14.0081
   -7.5000   22.5000   22.500012436.4551   14.0100
    0.0000   22.5000   22.500012949.1631   14.0041
    7.5000   22.5000   22.500012390.0576   14.0087
   -7.5000   30.0000   22.500012168.4297   13.8489
    0.0000   30.0000   22.500012662.9619   13.8407
    7.5000   30.0000   22.500012129.2471   13.8484
   -7.5000   37.5000   22.500012322.2402   13.8443
    0.0000   37.5000   22.500012833.4961   13.8378
    7.5000   37.5000   22.500012285.8623   13.8504
   -7.5000   45.0000   22.500011981.5312   13.5059
    0.0000   45.0000   22.500012475.1318   13.5034
    7.5000   45.0000   22.500011923.3955   13.5176
   -7.5000  -45.0000   30.0000 4857.8086   16.1053
    0.0000  -45.0000   30.0000 5063.2812   16.1032
    7.5000  -45.0000   30.0000 4830.9380   16.1266
   -7.5000  -37.5000   30.0000 5563.7241   15.3496
    0.0000  -37.5000   30.0000 5811.2993   15.3453
    7.5000  -37.5000   30.0000 5546.6953   15.3637
   -7.5000  -30.0000   30.0000 6583.5820   14.8637
    0.0000  -30.0000   30.0000 6900.3208   14.8516
    7.5000  -30.0000   30.0000 6564.1802   14.8626
   -7.5000  -22.5000   30.0000 7697.8359   14.5889
    0.0000  -22.5000   30.0000 8084.8760   14.5755
    7.5000  -22.5000   30.0000 7710.0410   14.5840
   -7.5000  -15.0000   30.0000 8867.2812   14.4354
    0.0000  -15.0000   30.0000 9295.9189   14.4243
    7.5000  -15.0000   30.0000 8881.2402   14.4371
   -7.5000   -7.5000   30.000010038.8896   14.3784
    0.0000   -7.5000   30.000010540.4971   14.3732
    7.5000   -7.5000   30.000010055.5225   14.3924
   -7.5000    0.0000   30.000011154.3711   14.3465
    0.0000    0.0000   30.000011691.4375   14.3451
    7.5000    0.0000   30.000011137.3340   14.3665
   -7.5000    7.5000   30.000011356.3525   14.3324
    0.0000    7.5000   30.000011888.9082   14.3291
    7.5000    7.5000   30.000011345.1885   14.3452
   -7.5000   15.0000   30.000011421.6777   14.3350
    0.0000   15.0000   30.000011924.2598   14.3263
    7.5000   15.0000   30.000011406.1006   14.3360
   -7.5000   22.5000   30.000011342.3379   14.3453
    0.0000   22.5000   30.000011804.0781   14.3330
    7.5000   22.5000   30.000011310.6494   14.3416
   -7.5000   30.0000   30.000011101.5703   14.1848
    0.0000   30.0000   30.000011570.0879   14.1742
    7.5000   30.0000   30.000011075.9150   14.1870
   -7.5000   37.5000   30.000011217.3193   14.1796
    0.0000   37.5000   30.000011695.5391   14.1745
    7.5000   37.5000   30.000011208.9414   14.1936
   -7.5000   45.0000   30.000010908.4658   13.8284
    0.0000   45.0000   30.000011360.5537   13.8270
    7.5000   45.0000   30.000010874.5381   13.8476
   -7.5000  -45.0000   37.5000 4571.8018   16.7465
    0.0000  -45.0000   37.5000 4769.6499   16.7360
    7.5000  -45.0000   37.5000 4563.3286   16.7624
   -7.5000  -37.5000   37.5000 5247.5420   15.9485
    0.0000  -37.5000   37.5000 5477.9824   15.9338
    7.5000  -37.5000   37.5000 5241.7573   15.9524
   -7.5000  -30.0000   37.5000 6216.7725   15.4277
    0.0000  -30.0000   37.5000 6507.3867   15.4044
    7.5000  -30.0000   37.5000 6224.4678   15.4153
   -7.5000  -22.5000   37.5000 7294.8359   15.1277
    0.0000  -22.5000   37.5000 7642.7158   15.1050
    7.5000  -22.5000   37.5000 7312.6343   15.1148
   -7.5000  -15.0000   37.5000 8421.6191   14.9566
    0.0000  -15.0000   37.5000 8806.7275   14.9395
    7.5000  -15.0000   37.5000 8420.7959   14.9552
   -7.5000   -7.5000   37.5000 9532.0039   14.8965
    0.0000   -7.5000   37.5000 9991.1582   14.8866
    7.5000   -7.5000   37.5000 9533.9697   14.9088
   -7.5000    0.0000   37.500010582.9727   14.8691
    0.0000    0.0000   37.500011084.0625   14.8612
    7.5000    0.0000   37.500010570.8701   14.8845
   -7.5000    7.5000   37.500010780.9209   14.8608
    0.0000    7.5000   37.500011296.7559   14.8480
    7.5000    7.5000   37.500010786.8809   14.8649
   -7.5000   15.0000   37.500010845.2900   14.8656
    0.0000   15.0000   37.500011346.2705   14.8463
    7.5000   15.0000   37.500010836.2002   14.8561
   -7.5000   22.5000   37.500010766.9150   14.8703
    0.0000   22.5000   37.500011230.5664   14.8492
    7.5000   22.5000   37.500010748.7188   14.8591
   -7.5000   30.0000   37.500010533.9678   14.6959
    0.0000   30.0000   37.500011020.5693   14.6796
    7.5000   30.0000   37.500010535.5127   14.6952
   -7.5000   37.5000   37.500010656.5742   14.6902
    0.0000   37.5000   37.500011145.4463   14.6805
    7.5000   37.5000   37.500010665.5869   14.7024
   -7.5000   45.0000   37.500010365.0049   14.3321
    0.0000   45.0000   37.500010832.8340   14.3245
    7.5000   45.0000   37.500010357.8047   14.3470
   -7.5000  -45.0000   45.0000 4116.9434   17.4234
    0.0000  -45.0000   45.0000 4311.0205   17.4090
    7.5000  -45.0000   45.0000 4136.3594   17.4339
   -7.5000  -37.5000   45.0000 4743.2817   16.5927
    0.0000  -37.5000   45.0000 4952.6592   16.5757
    7.5000  -37.5000   45.0000 4747.3237   16.5916
   -7.5000  -30.0000   45.0000 5620.6177   16.0310
    0.0000  -30.0000   45.0000 5886.2144   16.0076
    7.5000  -30.0000   45.0000 5639.1758   16.0166
   -7.5000  -22.5000   45.0000 6604.7637   15.6999
    0.0000  -22.5000   45.0000 6922.5845   15.6781
    7.5000  -22.5000   45.0000 6627.6494   15.6872
   -7.5000  -15.0000   45.0000 7641.6792   15.5114
    0.0000  -15.0000   45.0000 7994.1670   15.4934
    7.5000  -15.0000   45.0000 7650.6050   15.5094
   -7.5000   -7.5000   45.0000 8663.1953   15.4507
    0.0000   -7.5000   45.0000 9084.4277   15.4379
    7.5000   -7.5000   45.0000 8668.7158   15.4596
   -7.5000    0.0000   45.0000 9602.7910   15.4291
    0.0000    0.0000   45.000010073.2686   15.4179
    7.5000    0.0000   45.0000 9605.2803   15.4395
   -7.5000    7.5000   45.0000 9798.8682   15.4247
    0.0000    7.5000   45.000010288.4736   15.4099
    7.5000    7.5000   45.0000 9814.4873   15.4247
   -7.5000   15.0000   45.0000 9878.9121   15.4281
    0.0000   15.0000   45.000010364.8467   15.4089
    7.5000   15.0000   45.0000 9883.8340   15.4170
   -7.5000   22.5000   45.0000 9804.2656   15.4262
    0.0000   22.5000   45.000010268.1455   15.4060
    7.5000   22.5000   45.0000 9823.5488   15.4154
   -7.5000   30.0000   45.0000 9602.2979   15.2385
    0.0000   30.0000   45.000010063.2217   15.2214
    7.5000   30.0000   45.0000 9616.8682   15.2374
   -7.5000   37.5000   45.0000 9725.7832   15.2348
    0.0000   37.5000   45.000010188.8389   15.2223
    7.5000   37.5000   45.0000 9731.7070   15.2438
   -7.5000   45.0000   45.0000 9472.4277   14.8786
    0.0000   45.0000   45.0000 9921.2305   14.8678
    7.5000   45.0000   45.0000 9482.4668   14.8887

---------------------------------------------------------------------
imgreg_4dfp /opt/freesurfer/average/711-2C_as_mni_average_305 /opt/freesurfer/average/711-2B_as_mni_average_305_mask talsrcimg_g11 none talsrcimg_to_711-2C_as_mni_average_305_t4 4355
---------------------------------------------------------------------

freesurfer imgreg_4dfp.c
/opt/freesurfer/average/711-2C_as_mni_average_305.4dfp.img
       256       256       256         1
  1.000000  1.000000  1.000000
orientation T byte_order littleendian
Reading image: /opt/freesurfer/average/711-2C_as_mni_average_305.4dfp.img
dimensions:      256       256       256
mmppix:       1.0000   -1.0000   -1.0000
center:     128.0000 -129.0000 -129.0000
/opt/freesurfer/average/711-2B_as_mni_average_305_mask.4dfp.img
       256       256       256         1
  1.000000  1.000000  1.000000
orientation T byte_order littleendian
Reading mask: /opt/freesurfer/average/711-2B_as_mni_average_305_mask.4dfp.img (2306576 pixels)
talsrcimg_g11.4dfp.img
       256       256       256         1
  1.000000  1.000000  1.000000
orientation T byte_order littleendian
Reading image: talsrcimg_g11.4dfp.img
dimensions:      256       256       256
mmppix:       1.0000   -1.0000   -1.0000
center:     128.0000 -129.0000 -129.0000
rotation matrix determinant  1.000000
image alignment mode   4355 decimal     1103 hex
   -7.5000  -37.5000  -45.0000 1757.0519   20.7367
    0.0000  -37.5000  -45.0000 1759.7413   20.5787
    7.5000  -37.5000  -45.0000 1746.5574   20.6184
   -7.5000  -30.0000  -45.0000 1884.9115   17.7843
    0.0000  -30.0000  -45.0000 1896.6021   17.6738
    7.5000  -30.0000  -45.0000 1889.7495   17.7187
   -7.5000  -22.5000  -45.0000 2024.8051   15.5240
    0.0000  -22.5000  -45.0000 2034.6179   15.4247
    7.5000  -22.5000  -45.0000 2030.7396   15.4537
   -7.5000  -15.0000  -45.0000 2160.4885   13.7464
    0.0000  -15.0000  -45.0000 2168.4941   13.6527
    7.5000  -15.0000  -45.0000 2158.0974   13.7020
   -7.5000   -7.5000  -45.0000 2284.1997   12.3376
    0.0000   -7.5000  -45.0000 2294.6838   12.2571
    7.5000   -7.5000  -45.0000 2278.7017   12.3314
   -7.5000    0.0000  -45.0000 2383.8428   11.2422
    0.0000    0.0000  -45.0000 2393.6201   11.1670
    7.5000    0.0000  -45.0000 2378.3521   11.2533
   -7.5000    7.5000  -45.0000 2462.0308   10.4163
    0.0000    7.5000  -45.0000 2474.7983   10.3388
    7.5000    7.5000  -45.0000 2455.7393   10.4276
   -7.5000   15.0000  -45.0000 2517.4810    9.8444
    0.0000   15.0000  -45.0000 2529.8989    9.7570
    7.5000   15.0000  -45.0000 2509.5940    9.8608
   -7.5000   22.5000  -45.0000 2550.3784    9.5109
    0.0000   22.5000  -45.0000 2562.7039    9.4136
    7.5000   22.5000  -45.0000 2546.1963    9.5342
   -7.5000   30.0000  -45.0000 2560.0261    9.3735
    0.0000   30.0000  -45.0000 2570.7256    9.2989
    7.5000   30.0000  -45.0000 2555.5198    9.4035
   -7.5000   37.5000  -45.0000 2544.6177    9.4622
    0.0000   37.5000  -45.0000 2559.3511    9.3751
    7.5000   37.5000  -45.0000 2539.7498    9.4812
   -7.5000   45.0000  -45.0000 2508.5037    9.7044
    0.0000   45.0000  -45.0000 2523.8726    9.6041
    7.5000   45.0000  -45.0000 2504.5537    9.7130
   -7.5000   52.5000  -45.0000 2433.8506   10.0576
    0.0000   52.5000  -45.0000 2450.8677    9.9505
    7.5000   52.5000  -45.0000 2425.4009   10.0738
   -7.5000  -37.5000  -37.5000 1776.7365   20.0581
    0.0000  -37.5000  -37.5000 1782.1724   19.9202
    7.5000  -37.5000  -37.5000 1777.9840   19.9573
   -7.5000  -30.0000  -37.5000 1915.6887   17.1675
    0.0000  -30.0000  -37.5000 1927.3000   17.0488
    7.5000  -30.0000  -37.5000 1921.7703   17.1064
   -7.5000  -22.5000  -37.5000 2063.0117   14.9200
    0.0000  -22.5000  -37.5000 2072.6326   14.8051
    7.5000  -22.5000  -37.5000 2066.7458   14.8915
   -7.5000  -15.0000  -37.5000 2202.7017   13.1868
    0.0000  -15.0000  -37.5000 2215.1150   13.0878
    7.5000  -15.0000  -37.5000 2201.5068   13.1602
   -7.5000   -7.5000  -37.5000 2327.8728   11.7943
    0.0000   -7.5000  -37.5000 2342.9929   11.7025
    7.5000   -7.5000  -37.5000 2326.9963   11.7946
   -7.5000    0.0000  -37.5000 2429.5403   10.6909
    0.0000    0.0000  -37.5000 2444.4758   10.6071
    7.5000    0.0000  -37.5000 2429.9431   10.7086
   -7.5000    7.5000  -37.5000 2520.8623    9.8866
    0.0000    7.5000  -37.5000 2536.3940    9.8054
    7.5000    7.5000  -37.5000 2519.8186    9.9109
   -7.5000   15.0000  -37.5000 2585.3291    9.2940
    0.0000   15.0000  -37.5000 2599.4397    9.2141
    7.5000   15.0000  -37.5000 2584.7910    9.3190
   -7.5000   22.5000  -37.5000 2629.3604    8.9533
    0.0000   22.5000  -37.5000 2646.8074    8.8549
    7.5000   22.5000  -37.5000 2627.0938    8.9688
   -7.5000   30.0000  -37.5000 2652.7356    8.7891
    0.0000   30.0000  -37.5000 2665.1660    8.7224
    7.5000   30.0000  -37.5000 2644.1340    8.8096
   -7.5000   37.5000  -37.5000 2644.1047    8.8682
    0.0000   37.5000  -37.5000 2659.8179    8.7859
    7.5000   37.5000  -37.5000 2634.9941    8.8798
   -7.5000   45.0000  -37.5000 2605.7058    9.1012
    0.0000   45.0000  -37.5000 2622.4846    9.0179
    7.5000   45.0000  -37.5000 2597.4973    9.1099
   -7.5000   52.5000  -37.5000 2522.3059    9.4577
    0.0000   52.5000  -37.5000 2542.7495    9.3446
    7.5000   52.5000  -37.5000 2518.2378    9.4692
   -7.5000  -37.5000  -30.0000 1830.7681   20.1350
    0.0000  -37.5000  -30.0000 1839.2921   20.0090
    7.5000  -37.5000  -30.0000 1832.1797   20.1142
   -7.5000  -30.0000  -30.0000 1980.1416   17.1449
    0.0000  -30.0000  -30.0000 1993.4723   17.0667
    7.5000  -30.0000  -30.0000 1983.8862   17.1857
   -7.5000  -22.5000  -30.0000 2134.7209   14.8619
    0.0000  -22.5000  -30.0000 2146.3298   14.7850
    7.5000  -22.5000  -30.0000 2134.6191   14.9169
   -7.5000  -15.0000  -30.0000 2279.2512   13.1172
    0.0000  -15.0000  -30.0000 2291.6411   13.0382
    7.5000  -15.0000  -30.0000 2274.8684   13.1354
   -7.5000   -7.5000  -30.0000 2406.6978   11.7147
    0.0000   -7.5000  -30.0000 2423.1763   11.6248
    7.5000   -7.5000  -30.0000 2405.0640   11.7436
   -7.5000    0.0000  -30.0000 2516.1138   10.5887
    0.0000    0.0000  -30.0000 2534.0959   10.4925
    7.5000    0.0000  -30.0000 2518.9961   10.6223
   -7.5000    7.5000  -30.0000 2616.3870    9.7244
    0.0000    7.5000  -30.0000 2635.4741    9.6390
    7.5000    7.5000  -30.0000 2619.2859    9.7651
   -7.5000   15.0000  -30.0000 2697.3208    9.1121
    0.0000   15.0000  -30.0000 2715.0667    9.0351
    7.5000   15.0000  -30.0000 2696.8601    9.1375
   -7.5000   22.5000  -30.0000 2752.8657    8.7135
    0.0000   22.5000  -30.0000 2770.3904    8.6386
    7.5000   22.5000  -30.0000 2748.1245    8.7467
   -7.5000   30.0000  -30.0000 2784.7781    8.5292
    0.0000   30.0000  -30.0000 2802.9373    8.4615
    7.5000   30.0000  -30.0000 2774.4785    8.5623
   -7.5000   37.5000  -30.0000 2783.1750    8.6083
    0.0000   37.5000  -30.0000 2803.4077    8.5372
    7.5000   37.5000  -30.0000 2773.6921    8.6346
   -7.5000   45.0000  -30.0000 2747.9529    8.8507
    0.0000   45.0000  -30.0000 2768.2834    8.7663
    7.5000   45.0000  -30.0000 2741.5354    8.8757
   -7.5000   52.5000  -30.0000 2657.6807    9.1941
    0.0000   52.5000  -30.0000 2678.5134    9.0868
    7.5000   52.5000  -30.0000 2655.2041    9.2018
   -7.5000  -37.5000  -22.5000 1860.5808   20.1674
    0.0000  -37.5000  -22.5000 1869.9761   20.0527
    7.5000  -37.5000  -22.5000 1862.7689   20.2012
   -7.5000  -30.0000  -22.5000 2012.7791   17.0972
    0.0000  -30.0000  -22.5000 2026.1737   17.0114
    7.5000  -30.0000  -22.5000 2018.6584   17.1767
   -7.5000  -22.5000  -22.5000 2169.5044   14.7685
    0.0000  -22.5000  -22.5000 2183.7612   14.6853
    7.5000  -22.5000  -22.5000 2169.4036   14.8679
   -7.5000  -15.0000  -22.5000 2316.9360   12.9827
    0.0000  -15.0000  -22.5000 2334.2253   12.8991
    7.5000  -15.0000  -22.5000 2315.9468   13.0683
   -7.5000   -7.5000  -22.5000 2448.0217   11.5511
    0.0000   -7.5000  -22.5000 2466.1394   11.4681
    7.5000   -7.5000  -22.5000 2446.7222   11.6402
   -7.5000    0.0000  -22.5000 2567.3818   10.4205
    0.0000    0.0000  -22.5000 2584.3909   10.3278
    7.5000    0.0000  -22.5000 2566.5193   10.4959
   -7.5000    7.5000  -22.5000 2674.7019    9.5157
    0.0000    7.5000  -22.5000 2692.9558    9.4393
    7.5000    7.5000  -22.5000 2675.1692    9.5955
   -7.5000   15.0000  -22.5000 2768.1113    8.8637
    0.0000   15.0000  -22.5000 2792.8950    8.7882
    7.5000   15.0000  -22.5000 2770.0574    8.9138
   -7.5000   22.5000  -22.5000 2837.4216    8.4397
    0.0000   22.5000  -22.5000 2862.4011    8.3595
    7.5000   22.5000  -22.5000 2836.6897    8.4900
   -7.5000   30.0000  -22.5000 2879.8506    8.2303
    0.0000   30.0000  -22.5000 2908.4832    8.1487
    7.5000   30.0000  -22.5000 2873.8962    8.2969
   -7.5000   37.5000  -22.5000 2888.3721    8.3031
    0.0000   37.5000  -22.5000 2912.5667    8.2242
    7.5000   37.5000  -22.5000 2880.1204    8.3634
   -7.5000   45.0000  -22.5000 2853.8252    8.5509
    0.0000   45.0000  -22.5000 2878.3428    8.4587
    7.5000   45.0000  -22.5000 2845.9412    8.5983
   -7.5000   52.5000  -22.5000 2759.4050    8.8796
    0.0000   52.5000  -22.5000 2782.1509    8.7818
    7.5000   52.5000  -22.5000 2754.6516    8.9137
   -7.5000  -37.5000  -15.0000 1856.9677   20.3499
    0.0000  -37.5000  -15.0000 1868.8274   20.2884
    7.5000  -37.5000  -15.0000 1862.1008   20.4914
   -7.5000  -30.0000  -15.0000 2017.2334   17.2028
    0.0000  -30.0000  -15.0000 2031.2186   17.1141
    7.5000  -30.0000  -15.0000 2020.4122   17.3512
   -7.5000  -22.5000  -15.0000 2178.1443   14.8310
    0.0000  -22.5000  -15.0000 2191.4807   14.6996
    7.5000  -22.5000  -15.0000 2176.8167   14.9388
   -7.5000  -15.0000  -15.0000 2322.1663   12.9714
    0.0000  -15.0000  -15.0000 2339.2048   12.8419
    7.5000  -15.0000  -15.0000 2322.3596   13.0649
   -7.5000   -7.5000  -15.0000 2455.4795   11.4878
    0.0000   -7.5000  -15.0000 2470.8784   11.3824
    7.5000   -7.5000  -15.0000 2453.3079   11.5928
   -7.5000    0.0000  -15.0000 2578.2939   10.3006
    0.0000    0.0000  -15.0000 2596.3320   10.2004
    7.5000    0.0000  -15.0000 2573.9089   10.4058
   -7.5000    7.5000  -15.0000 2688.0994    9.3631
    0.0000    7.5000  -15.0000 2709.0522    9.2624
    7.5000    7.5000  -15.0000 2686.2002    9.4613
   -7.5000   15.0000  -15.0000 2789.0151    8.6621
    0.0000   15.0000  -15.0000 2814.8528    8.5720
    7.5000   15.0000  -15.0000 2790.6060    8.7527
   -7.5000   22.5000  -15.0000 2879.0701    8.2175
    0.0000   22.5000  -15.0000 2906.4617    8.1365
    7.5000   22.5000  -15.0000 2883.0525    8.2993
   -7.5000   30.0000  -15.0000 2937.5669    8.0004
    0.0000   30.0000  -15.0000 2976.7739    7.8862
    7.5000   30.0000  -15.0000 2934.4231    8.0962
   -7.5000   37.5000  -15.0000 2952.2026    8.0768
    0.0000   37.5000  -15.0000 2985.6841    7.9732
    7.5000   37.5000  -15.0000 2944.2305    8.1730
   -7.5000   45.0000  -15.0000 2914.7488    8.3366
    0.0000   45.0000  -15.0000 2945.3574    8.2554
    7.5000   45.0000  -15.0000 2906.2305    8.4089
   -7.5000   52.5000  -15.0000 2818.2310    8.6509
    0.0000   52.5000  -15.0000 2845.0293    8.5655
    7.5000   52.5000  -15.0000 2811.8987    8.6876
   -7.5000  -37.5000   -7.5000 1836.7322   20.6602
    0.0000  -37.5000   -7.5000 1850.0992   20.5179
    7.5000  -37.5000   -7.5000 1845.6874   20.8122
   -7.5000  -30.0000   -7.5000 2004.7068   17.3886
    0.0000  -30.0000   -7.5000 2017.8834   17.2716
    7.5000  -30.0000   -7.5000 2010.1923   17.5543
   -7.5000  -22.5000   -7.5000 2168.5168   14.9599
    0.0000  -22.5000   -7.5000 2180.6052   14.8604
    7.5000  -22.5000   -7.5000 2167.0120   15.0834
   -7.5000  -15.0000   -7.5000 2312.4609   13.0453
    0.0000  -15.0000   -7.5000 2327.9202   12.9501
    7.5000  -15.0000   -7.5000 2307.0300   13.1725
   -7.5000   -7.5000   -7.5000 2442.4778   11.5201
    0.0000   -7.5000   -7.5000 2460.3811   11.4354
    7.5000   -7.5000   -7.5000 2440.0786   11.6663
   -7.5000    0.0000   -7.5000 2563.6978   10.2859
    0.0000    0.0000   -7.5000 2582.8491   10.1952
    7.5000    0.0000   -7.5000 2561.2837   10.4322
   -7.5000    7.5000   -7.5000 2676.7297    9.3051
    0.0000    7.5000   -7.5000 2699.7590    9.2033
    7.5000    7.5000   -7.5000 2680.4268    9.4363
   -7.5000   15.0000   -7.5000 2777.3777    8.5659
    0.0000   15.0000   -7.5000 2801.6624    8.4614
    7.5000   15.0000   -7.5000 2786.1697    8.7149
   -7.5000   22.5000   -7.5000 2878.8628    8.1216
    0.0000   22.5000   -7.5000 2906.3655    8.0248
    7.5000   22.5000   -7.5000 2886.3826    8.2543
   -7.5000   30.0000   -7.5000 2955.5703    7.9728
    0.0000   30.0000   -7.5000 2994.9243    7.8895
    7.5000   30.0000   -7.5000 2956.3596    8.0403
   -7.5000   37.5000   -7.5000 2984.6648    8.0076
    0.0000   37.5000   -7.5000 3029.6262    7.9125
    7.5000   37.5000   -7.5000 2973.5154    8.0928
   -7.5000   45.0000   -7.5000 2944.4585    8.2297
    0.0000   45.0000   -7.5000 2982.5996    8.1580
    7.5000   45.0000   -7.5000 2933.7075    8.2953
   -7.5000   52.5000   -7.5000 2839.7314    8.5457
    0.0000   52.5000   -7.5000 2869.2185    8.4425
    7.5000   52.5000   -7.5000 2834.2356    8.5830
   -7.5000  -37.5000    0.0000 1801.3992   21.2578
    0.0000  -37.5000    0.0000 1812.2916   21.1447
    7.5000  -37.5000    0.0000 1812.8765   21.4419
   -7.5000  -30.0000    0.0000 1977.1772   17.8288
    0.0000  -30.0000    0.0000 1988.0164   17.7498
    7.5000  -30.0000    0.0000 1981.6423   18.0514
   -7.5000  -22.5000    0.0000 2143.0974   15.2597
    0.0000  -22.5000    0.0000 2159.6899   15.1491
    7.5000  -22.5000    0.0000 2142.7148   15.4345
   -7.5000  -15.0000    0.0000 2288.6555   13.2250
    0.0000  -15.0000    0.0000 2307.0889   13.1261
    7.5000  -15.0000    0.0000 2285.1592   13.4282
   -7.5000   -7.5000    0.0000 2418.0090   11.6574
    0.0000   -7.5000    0.0000 2437.9233   11.5684
    7.5000   -7.5000    0.0000 2421.3296   11.8844
   -7.5000    0.0000    0.0000 2533.8359   10.4457
    0.0000    0.0000    0.0000 2556.3679   10.3457
    7.5000    0.0000    0.0000 2542.5420   10.6227
   -7.5000    7.5000    0.0000 2646.7581    9.4855
    0.0000    7.5000    0.0000 2674.9331    9.3824
    7.5000    7.5000    0.0000 2659.4509    9.6221
   -7.5000   15.0000    0.0000 2750.3848    8.7422
    0.0000   15.0000    0.0000 2776.7092    8.6526
    7.5000   15.0000    0.0000 2760.6050    8.8776
   -7.5000   22.5000    0.0000 2854.5833    8.2653
    0.0000   22.5000    0.0000 2877.7832    8.1597
    7.5000   22.5000    0.0000 2860.7322    8.3838
   -7.5000   30.0000    0.0000 2934.7937    8.0869
    0.0000   30.0000    0.0000 2966.8750    7.9956
    7.5000   30.0000    0.0000 2936.1531    8.1677
   -7.5000   37.5000    0.0000 2968.2095    8.1340
    0.0000   37.5000    0.0000 3000.9541    8.0161
    7.5000   37.5000    0.0000 2960.1975    8.2000
   -7.5000   45.0000    0.0000 2935.4016    8.3285
    0.0000   45.0000    0.0000 2965.2102    8.2031
    7.5000   45.0000    0.0000 2925.2983    8.3956
   -7.5000   52.5000    0.0000 2833.0256    8.6369
    0.0000   52.5000    0.0000 2855.7578    8.5227
    7.5000   52.5000    0.0000 2824.0576    8.7026
   -7.5000  -37.5000    7.5000 1755.2621   22.1460
    0.0000  -37.5000    7.5000 1767.6262   22.1127
    7.5000  -37.5000    7.5000 1770.1909   22.4512
   -7.5000  -30.0000    7.5000 1934.4594   18.4657
    0.0000  -30.0000    7.5000 1948.0238   18.3933
    7.5000  -30.0000    7.5000 1942.6638   18.7633
   -7.5000  -22.5000    7.5000 2105.2485   15.7158
    0.0000  -22.5000    7.5000 2123.6213   15.6283
    7.5000  -22.5000    7.5000 2110.2056   15.9475
   -7.5000  -15.0000    7.5000 2252.3259   13.6253
    0.0000  -15.0000    7.5000 2273.3450   13.5415
    7.5000  -15.0000    7.5000 2254.8799   13.8476
   -7.5000   -7.5000    7.5000 2383.6865   12.0543
    0.0000   -7.5000    7.5000 2405.2151   11.9544
    7.5000   -7.5000    7.5000 2386.9653   12.2262
   -7.5000    0.0000    7.5000 2499.0017   10.8337
    0.0000    0.0000    7.5000 2521.4404   10.7176
    7.5000    0.0000    7.5000 2504.9883   10.9593
   -7.5000    7.5000    7.5000 2611.0598    9.8584
    0.0000    7.5000    7.5000 2637.8953    9.7306
    7.5000    7.5000    7.5000 2622.1589    9.9691
   -7.5000   15.0000    7.5000 2716.1750    9.1052
    0.0000   15.0000    7.5000 2743.4365    8.9670
    7.5000   15.0000    7.5000 2725.1448    9.2025
   -7.5000   22.5000    7.5000 2817.1335    8.6239
    0.0000   22.5000    7.5000 2844.0918    8.4739
    7.5000   22.5000    7.5000 2827.4038    8.6997
   -7.5000   30.0000    7.5000 2891.5022    8.4066
    0.0000   30.0000    7.5000 2926.2495    8.2736
    7.5000   30.0000    7.5000 2896.7952    8.4690
   -7.5000   37.5000    7.5000 2917.9482    8.4166
    0.0000   37.5000    7.5000 2946.3142    8.2586
    7.5000   37.5000    7.5000 2920.6155    8.4780
   -7.5000   45.0000    7.5000 2890.8020    8.6252
    0.0000   45.0000    7.5000 2916.4551    8.4849
    7.5000   45.0000    7.5000 2892.0471    8.6782
   -7.5000   52.5000    7.5000 2796.2258    8.9391
    0.0000   52.5000    7.5000 2817.1497    8.8036
    7.5000   52.5000    7.5000 2792.6780    8.9876
   -7.5000  -37.5000   15.0000 1700.9197   23.4559
    0.0000  -37.5000   15.0000 1715.3361   23.4220
    7.5000  -37.5000   15.0000 1717.0403   23.7527
   -7.5000  -30.0000   15.0000 1879.5815   19.4301
    0.0000  -30.0000   15.0000 1895.1545   19.3370
    7.5000  -30.0000   15.0000 1890.5067   19.6841
   -7.5000  -22.5000   15.0000 2044.8494   16.5268
    0.0000  -22.5000   15.0000 2068.0654   16.4193
    7.5000  -22.5000   15.0000 2056.8862   16.7166
   -7.5000  -15.0000   15.0000 2199.3518   14.3688
    0.0000  -15.0000   15.0000 2218.5120   14.2427
    7.5000  -15.0000   15.0000 2203.1362   14.5128
   -7.5000   -7.5000   15.0000 2335.9600   12.6949
    0.0000   -7.5000   15.0000 2354.6335   12.5583
    7.5000   -7.5000   15.0000 2337.1150   12.8082
   -7.5000    0.0000   15.0000 2454.1838   11.3939
    0.0000    0.0000   15.0000 2475.7693   11.2384
    7.5000    0.0000   15.0000 2458.2363   11.5008
   -7.5000    7.5000   15.0000 2565.6958   10.3786
    0.0000    7.5000   15.0000 2593.7073   10.2169
    7.5000    7.5000   15.0000 2575.2188   10.4671
   -7.5000   15.0000   15.0000 2672.9382    9.5935
    0.0000   15.0000   15.0000 2701.6248    9.4397
    7.5000   15.0000   15.0000 2683.2163    9.6894
   -7.5000   22.5000   15.0000 2769.6841    9.1277
    0.0000   22.5000   15.0000 2796.7434    8.9936
    7.5000   22.5000   15.0000 2777.6575    9.1921
   -7.5000   30.0000   15.0000 2829.6956    8.8998
    0.0000   30.0000   15.0000 2863.5703    8.7420
    7.5000   30.0000   15.0000 2836.8315    8.9418
   -7.5000   37.5000   15.0000 2851.0642    8.8851
    0.0000   37.5000   15.0000 2877.0552    8.7357
    7.5000   37.5000   15.0000 2859.5337    8.9156
   -7.5000   45.0000   15.0000 2826.1228    9.0693
    0.0000   45.0000   15.0000 2851.7397    8.9536
    7.5000   45.0000   15.0000 2829.3630    9.1143
   -7.5000   52.5000   15.0000 2735.4751    9.3701
    0.0000   52.5000   15.0000 2757.4941    9.2470
    7.5000   52.5000   15.0000 2734.8860    9.4076
   -7.5000  -37.5000   22.5000 1642.0093   25.4053
    0.0000  -37.5000   22.5000 1650.6598   25.2783
    7.5000  -37.5000   22.5000 1652.4703   25.5690
   -7.5000  -30.0000   22.5000 1816.6248   20.9181
    0.0000  -30.0000   22.5000 1833.6365   20.7501
    7.5000  -30.0000   22.5000 1825.8694   21.0440
   -7.5000  -22.5000   22.5000 1982.7961   17.6478
    0.0000  -22.5000   22.5000 2004.8440   17.5251
    7.5000  -22.5000   22.5000 1995.8906   17.8038
   -7.5000  -15.0000   22.5000 2141.5027   15.2608
    0.0000  -15.0000   22.5000 2159.2290   15.1217
    7.5000  -15.0000   22.5000 2146.8794   15.3855
   -7.5000   -7.5000   22.5000 2278.1360   13.4698
    0.0000   -7.5000   22.5000 2297.5718   13.3207
    7.5000   -7.5000   22.5000 2281.8967   13.5908
   -7.5000    0.0000   22.5000 2399.4192   12.0983
    0.0000    0.0000   22.5000 2423.3059   11.9454
    7.5000    0.0000   22.5000 2402.8708   12.1920
   -7.5000    7.5000   22.5000 2514.0342   11.0411
    0.0000    7.5000   22.5000 2539.8589   10.8810
    7.5000    7.5000   22.5000 2519.0017   11.1281
   -7.5000   15.0000   22.5000 2619.1655   10.2683
    0.0000   15.0000   22.5000 2645.5764   10.1203
    7.5000   15.0000   22.5000 2625.0603   10.3401
   -7.5000   22.5000   22.5000 2707.6665    9.7930
    0.0000   22.5000   22.5000 2734.4678    9.6525
    7.5000   22.5000   22.5000 2714.7896    9.8285
   -7.5000   30.0000   22.5000 2754.3916    9.5347
    0.0000   30.0000   22.5000 2783.3647    9.3819
    7.5000   30.0000   22.5000 2764.2834    9.5579
   -7.5000   37.5000   22.5000 2768.2632    9.4907
    0.0000   37.5000   22.5000 2794.4827    9.3592
    7.5000   37.5000   22.5000 2776.8809    9.5209
   -7.5000   45.0000   22.5000 2742.7542    9.6543
    0.0000   45.0000   22.5000 2768.3367    9.5368
    7.5000   45.0000   22.5000 2748.0735    9.6985
   -7.5000   52.5000   22.5000 2655.8982    9.9321
    0.0000   52.5000   22.5000 2680.1702    9.8065
    7.5000   52.5000   22.5000 2661.2231    9.9538
   -7.5000  -37.5000   30.0000 1581.1445   27.6130
    0.0000  -37.5000   30.0000 1591.2399   27.4332
    7.5000  -37.5000   30.0000 1587.5376   27.7699
   -7.5000  -30.0000   30.0000 1752.7913   22.6180
    0.0000  -30.0000   30.0000 1770.3313   22.4271
    7.5000  -30.0000   30.0000 1763.1533   22.6953
   -7.5000  -22.5000   30.0000 1924.7260   18.9775
    0.0000  -22.5000   30.0000 1943.6543   18.8600
    7.5000  -22.5000   30.0000 1934.6024   19.0973
   -7.5000  -15.0000   30.0000 2081.5308   16.3483
    0.0000  -15.0000   30.0000 2097.3459   16.2279
    7.5000  -15.0000   30.0000 2087.3066   16.4701
   -7.5000   -7.5000   30.0000 2216.0037   14.4374
    0.0000   -7.5000   30.0000 2235.6704   14.2848
    7.5000   -7.5000   30.0000 2220.2949   14.5318
   -7.5000    0.0000   30.0000 2336.5884   12.9772
    0.0000    0.0000   30.0000 2359.9375   12.8267
    7.5000    0.0000   30.0000 2341.4729   13.0473
   -7.5000    7.5000   30.0000 2448.3054   11.8708
    0.0000    7.5000   30.0000 2473.1345   11.7161
    7.5000    7.5000   30.0000 2452.6152   11.9330
   -7.5000   15.0000   30.0000 2549.7749   11.0769
    0.0000   15.0000   30.0000 2570.9229   10.9206
    7.5000   15.0000   30.0000 2555.0344   11.1138
   -7.5000   22.5000   30.0000 2627.4592   10.5850
    0.0000   22.5000   30.0000 2653.3708   10.4105
    7.5000   22.5000   30.0000 2633.5127   10.5903
   -7.5000   30.0000   30.0000 2669.2017   10.2861
    0.0000   30.0000   30.0000 2692.0671   10.1580
    7.5000   30.0000   30.0000 2675.3635   10.2929
   -7.5000   37.5000   30.0000 2669.8618   10.2255
    0.0000   37.5000   30.0000 2694.1995   10.1072
    7.5000   37.5000   30.0000 2678.5464   10.2556
   -7.5000   45.0000   30.0000 2642.2261   10.3596
    0.0000   45.0000   30.0000 2662.5198   10.2529
    7.5000   45.0000   30.0000 2646.9570   10.4105
   -7.5000   52.5000   30.0000 2568.4167   10.5959
    0.0000   52.5000   30.0000 2591.0867   10.4672
    7.5000   52.5000   30.0000 2574.6106   10.6126
   -7.5000  -37.5000   37.5000 1520.2820   30.2839
    0.0000  -37.5000   37.5000 1528.7870   29.9662
    7.5000  -37.5000   37.5000 1524.1853   30.3693
   -7.5000  -30.0000   37.5000 1689.4363   24.5680
    0.0000  -30.0000   37.5000 1704.7964   24.3376
    7.5000  -30.0000   37.5000 1696.3027   24.6606
   -7.5000  -22.5000   37.5000 1861.1786   20.5452
    0.0000  -22.5000   37.5000 1879.6742   20.3365
    7.5000  -22.5000   37.5000 1868.3352   20.6473
   -7.5000  -15.0000   37.5000 2020.0614   17.6922
    0.0000  -15.0000   37.5000 2035.2384   17.4853
    7.5000  -15.0000   37.5000 2020.7828   17.7715
   -7.5000   -7.5000   37.5000 2151.9229   15.6004
    0.0000   -7.5000   37.5000 2172.0964   15.4297
    7.5000   -7.5000   37.5000 2152.3862   15.6608
   -7.5000    0.0000   37.5000 2271.4788   14.0062
    0.0000    0.0000   37.5000 2293.6108   13.8546
    7.5000    0.0000   37.5000 2271.6724   14.0702
   -7.5000    7.5000   37.5000 2382.4229   12.8292
    0.0000    7.5000   37.5000 2405.4692   12.6797
    7.5000    7.5000   37.5000 2385.7363   12.8793
   -7.5000   15.0000   37.5000 2475.5576   11.9930
    0.0000   15.0000   37.5000 2496.6375   11.8507
    7.5000   15.0000   37.5000 2479.7344   12.0184
   -7.5000   22.5000   37.5000 2541.5393   11.4567
    0.0000   22.5000   37.5000 2566.2644   11.2999
    7.5000   22.5000   37.5000 2545.8101   11.4616
   -7.5000   30.0000   37.5000 2576.5090   11.1347
    0.0000   30.0000   37.5000 2598.3115   11.0260
    7.5000   30.0000   37.5000 2581.3721   11.1424
   -7.5000   37.5000   37.5000 2576.1482   11.0711
    0.0000   37.5000   37.5000 2598.3271   10.9661
    7.5000   37.5000   37.5000 2582.9951   11.0918
   -7.5000   45.0000   37.5000 2547.6853   11.1757
    0.0000   45.0000   37.5000 2564.8967   11.0909
    7.5000   45.0000   37.5000 2548.0205   11.2179
   -7.5000   52.5000   37.5000 2473.4944   11.3838
    0.0000   52.5000   37.5000 2490.4785   11.2729
    7.5000   52.5000   37.5000 2476.3142   11.3899
   -7.5000  -37.5000   45.0000 1457.5115   33.5028
    0.0000  -37.5000   45.0000 1468.7644   32.9638
    7.5000  -37.5000   45.0000 1460.3579   33.4663
   -7.5000  -30.0000   45.0000 1621.5444   26.9182
    0.0000  -30.0000   45.0000 1638.0118   26.5527
    7.5000  -30.0000   45.0000 1628.8401   27.0105
   -7.5000  -22.5000   45.0000 1788.7163   22.4630
    0.0000  -22.5000   45.0000 1808.8553   22.1338
    7.5000  -22.5000   45.0000 1797.0149   22.4376
   -7.5000  -15.0000   45.0000 1945.7601   19.3081
    0.0000  -15.0000   45.0000 1964.2170   19.0411
    7.5000  -15.0000   45.0000 1950.0911   19.3210
   -7.5000   -7.5000   45.0000 2079.5518   16.9996
    0.0000   -7.5000   45.0000 2104.1045   16.8054
    7.5000   -7.5000   45.0000 2082.2395   17.0280
   -7.5000    0.0000   45.0000 2196.4590   15.2590
    0.0000    0.0000   45.0000 2220.3181   15.1120
    7.5000    0.0000   45.0000 2197.5806   15.3158
   -7.5000    7.5000   45.0000 2303.8015   13.9726
    0.0000    7.5000   45.0000 2328.0525   13.8477
    7.5000    7.5000   45.0000 2308.9011   14.0303
   -7.5000   15.0000   45.0000 2394.6040   13.0803
    0.0000   15.0000   45.0000 2418.5569   12.9456
    7.5000   15.0000   45.0000 2400.8774   13.0991
   -7.5000   22.5000   45.0000 2452.1084   12.4789
    0.0000   22.5000   45.0000 2474.6660   12.3650
    7.5000   22.5000   45.0000 2459.1870   12.4894
   -7.5000   30.0000   45.0000 2481.2637   12.1039
    0.0000   30.0000   45.0000 2499.8667   12.0174
    7.5000   30.0000   45.0000 2488.3157   12.1270
   -7.5000   37.5000   45.0000 2478.4460   12.0145
    0.0000   37.5000   45.0000 2499.5469   11.9377
    7.5000   37.5000   45.0000 2486.3618   12.0357
   -7.5000   45.0000   45.0000 2451.2129   12.0988
    0.0000   45.0000   45.0000 2470.2241   12.0351
    7.5000   45.0000   45.0000 2458.7283   12.1550
   -7.5000   52.5000   45.0000 2381.1475   12.3073
    0.0000   52.5000   45.0000 2397.6489   12.2154
    7.5000   52.5000   45.0000 2386.1985   12.3087

---------------------------------------------------------------------
imgreg_4dfp /opt/freesurfer/average/711-2C_as_mni_average_305 /opt/freesurfer/average/711-2B_as_mni_average_305_mask talsrcimg_g11 none talsrcimg_to_711-2C_as_mni_average_305_t4 1283
---------------------------------------------------------------------

freesurfer imgreg_4dfp.c
/opt/freesurfer/average/711-2C_as_mni_average_305.4dfp.img
       256       256       256         1
  1.000000  1.000000  1.000000
orientation T byte_order littleendian
Reading image: /opt/freesurfer/average/711-2C_as_mni_average_305.4dfp.img
dimensions:      256       256       256
mmppix:       1.0000   -1.0000   -1.0000
center:     128.0000 -129.0000 -129.0000
/opt/freesurfer/average/711-2B_as_mni_average_305_mask.4dfp.img
       256       256       256         1
  1.000000  1.000000  1.000000
orientation T byte_order littleendian
Reading mask: /opt/freesurfer/average/711-2B_as_mni_average_305_mask.4dfp.img (2306576 pixels)
talsrcimg_g11.4dfp.img
       256       256       256         1
  1.000000  1.000000  1.000000
orientation T byte_order littleendian
Reading image: talsrcimg_g11.4dfp.img
dimensions:      256       256       256
mmppix:       1.0000   -1.0000   -1.0000
center:     128.0000 -129.0000 -129.0000
rotation matrix determinant  1.000000
fimgreg.f
image alignment mode   1283 decimal      503 hex
parameters
    0.0000   37.5000   -7.5000    0.0000    0.0000    0.0000
eta,q 0.95081  7.92837
niter,ni,del,rscale     5    3   12.0000    1.2000
parameter  4  1.099293 ->  0.500000 qaram    1.1500
parameter  6  1.730367 ->  0.500000 qaram    1.1500
parameters
   -0.4355   36.5118   -6.7178   -3.4500   -0.9113   -3.4500
eta,q 0.95455  7.89686
  0.0606  0.0557  0.0612  0.0476  0.0519  0.0449
  0.0562  0.0525  0.0559  0.0479  0.0501  0.0452
  0.0525  0.0508  0.0517  0.0494  0.0486  0.0463
  0.0510  0.0509  0.0506  0.0508  0.0482  0.0482
  0.0530  0.0527  0.0514  0.0523  0.0498  0.0503
  0.0577  0.0554  0.0533  0.0546  0.0520  0.0523
  0.0646  0.0603  0.0564  0.0585  0.0548  0.0543
niter,ni,del,rscale     6    3   12.0000    1.2000
parameter  4  1.113214 ->  0.500000 qaram    1.3225
parameters
   -0.3530   38.1635   -7.2270   -7.4175   -0.4507   -5.7839
eta,q 0.95918  7.89809
  0.0603  0.0580  0.0516  0.0414  0.0488  0.0441
  0.0535  0.0511  0.0465  0.0416  0.0454  0.0418
  0.0478  0.0467  0.0448  0.0432  0.0430  0.0408
  0.0455  0.0454  0.0454  0.0451  0.0419  0.0419
  0.0470  0.0455  0.0465  0.0470  0.0422  0.0442
  0.0526  0.0462  0.0490  0.0498  0.0440  0.0473
  0.0599  0.0483  0.0533  0.0541  0.0471  0.0503
niter,ni,del,rscale     6    3   12.0000    1.2000
parameters
   -0.5286   39.2945   -8.1464   -8.6980   -0.1725   -5.5050
eta,q 0.96139  7.84967
  0.0560  0.0562  0.0464  0.0463  0.0471  0.0467
  0.0480  0.0486  0.0409  0.0413  0.0429  0.0432
  0.0420  0.0433  0.0391  0.0386  0.0396  0.0401
  0.0408  0.0407  0.0404  0.0395  0.0386  0.0386
  0.0441  0.0406  0.0428  0.0425  0.0395  0.0396
  0.0503  0.0431  0.0456  0.0461  0.0418  0.0423
  0.0565  0.0477  0.0494  0.0509  0.0456  0.0457
niter,ni,del,rscale     5    3   12.0000    1.2000
parameters
   -0.6597   39.5911   -8.2150   -9.0142   -0.0885   -5.4091
eta,q 0.96156  7.84434
  0.0554  0.0535  0.0483  0.0476  0.0467  0.0464
  0.0468  0.0454  0.0421  0.0435  0.0424  0.0428
  0.0403  0.0403  0.0387  0.0393  0.0392  0.0397
  0.0386  0.0385  0.0386  0.0385  0.0384  0.0384
  0.0421  0.0402  0.0407  0.0410  0.0396  0.0397
  0.0488  0.0448  0.0435  0.0445  0.0421  0.0426
  0.0557  0.0500  0.0474  0.0487  0.0461  0.0460
niter,ni,del,rscale     4    3   12.0000    1.2000
parameters
   -0.6940   39.7041   -8.2305   -9.1278   -0.0680   -5.3753
eta,q 0.96158  7.84314
  0.0560  0.0528  0.0483  0.0478  0.0467  0.0464
  0.0473  0.0446  0.0423  0.0441  0.0422  0.0427
  0.0405  0.0398  0.0387  0.0397  0.0391  0.0396
  0.0384  0.0384  0.0384  0.0384  0.0384  0.0384
  0.0417  0.0406  0.0404  0.0407  0.0396  0.0397
  0.0483  0.0454  0.0433  0.0441  0.0422  0.0427
  0.0555  0.0504  0.0472  0.0483  0.0463  0.0461
niter,ni,del,rscale     3    3   12.0000    1.2000
parameters
   -0.6992   39.7486   -8.2352   -9.1718   -0.0674   -5.3630
eta,q 0.96158  7.84284
  0.0562  0.0525  0.0483  0.0479  0.0466  0.0463
  0.0474  0.0443  0.0423  0.0442  0.0422  0.0427
  0.0407  0.0397  0.0388  0.0398  0.0391  0.0396
  0.0384  0.0384  0.0384  0.0384  0.0384  0.0384
  0.0416  0.0408  0.0404  0.0406  0.0396  0.0398
  0.0482  0.0457  0.0432  0.0440  0.0423  0.0428
  0.0554  0.0506  0.0472  0.0481  0.0464  0.0461
registration optimization eta report
parameter search radius
    6.0000    6.0000    6.0000    7.9350    6.0000    6.9000
100000*second partial in parameter space
       47.       36.       26.       14.       22.       16.
  0.0562  0.0525  0.0483  0.0479  0.0466  0.0463
  0.0474  0.0443  0.0423  0.0442  0.0422  0.0427
  0.0407  0.0397  0.0388  0.0398  0.0391  0.0396
  0.0384  0.0384  0.0384  0.0384  0.0384  0.0384
  0.0416  0.0408  0.0404  0.0406  0.0396  0.0398
  0.0482  0.0457  0.0432  0.0440  0.0423  0.0428
  0.0554  0.0506  0.0472  0.0481  0.0464  0.0461
   -0.6992   39.7486   -8.2352   -9.1718   -0.0674   -5.3630
eta,q 0.96158  7.84284

---------------------------------------------------------------------
imgreg_4dfp /opt/freesurfer/average/711-2C_as_mni_average_305 /opt/freesurfer/average/711-2B_as_mni_average_305_mask talsrcimg_g11 none talsrcimg_to_711-2C_as_mni_average_305_t4 3335
---------------------------------------------------------------------

freesurfer imgreg_4dfp.c
/opt/freesurfer/average/711-2C_as_mni_average_305.4dfp.img
       256       256       256         1
  1.000000  1.000000  1.000000
orientation T byte_order littleendian
Reading image: /opt/freesurfer/average/711-2C_as_mni_average_305.4dfp.img
dimensions:      256       256       256
mmppix:       1.0000   -1.0000   -1.0000
center:     128.0000 -129.0000 -129.0000
/opt/freesurfer/average/711-2B_as_mni_average_305_mask.4dfp.img
       256       256       256         1
  1.000000  1.000000  1.000000
orientation T byte_order littleendian
Reading mask: /opt/freesurfer/average/711-2B_as_mni_average_305_mask.4dfp.img (2306576 pixels)
talsrcimg_g11.4dfp.img
       256       256       256         1
  1.000000  1.000000  1.000000
orientation T byte_order littleendian
Reading image: talsrcimg_g11.4dfp.img
dimensions:      256       256       256
mmppix:       1.0000   -1.0000   -1.0000
center:     128.0000 -129.0000 -129.0000
fimgreg.f
image alignment mode   3335 decimal      D07 hex
parameters
   -0.6992   39.7486   -8.2352   -0.4378   -1.7089   -1.2786
    9.2084    1.6054   -9.3466   15.8588   -0.1176  -15.9395
eta,q 0.96117  7.92664
niter,ni,del,rscale     5    3    5.0000    1.2000
parameter  5  1.506546 ->  0.500000 qaram    1.1500
parameters
   -0.6589   39.8973   -8.1180   -3.2582   -5.8489   -2.0088
    8.4493    2.2754   -8.7743   15.5761   -1.7470  -15.1052
eta,q 0.96577  7.68882
  0.0418  0.0408  0.0407  0.0398  0.0331  0.0378  0.0366  0.0390  0.0369  0.0375  0.0350  0.0362
  0.0402  0.0398  0.0397  0.0388  0.0339  0.0368  0.0353  0.0370  0.0356  0.0357  0.0345  0.0352
  0.0392  0.0391  0.0391  0.0383  0.0356  0.0353  0.0346  0.0353  0.0347  0.0345  0.0343  0.0345
  0.0388  0.0388  0.0388  0.0388  0.0383  0.0343  0.0344  0.0344  0.0343  0.0343  0.0343  0.0342
  0.0391  0.0390  0.0389  0.0406  0.0417  0.0349  0.0350  0.0345  0.0345  0.0349  0.0346  0.0343
  0.0401  0.0395  0.0395  0.0433  0.0452  0.0373  0.0361  0.0358  0.0351  0.0362  0.0353  0.0348
  0.0416  0.0404  0.0404  0.0466  0.0489  0.0405  0.0377  0.0378  0.0362  0.0379  0.0362  0.0354
niter,ni,del,rscale     5    3    5.0000    1.2000
parameter  5  0.520637 ->  0.500000 qaram    1.3225
parameters
   -0.4831   40.2736   -8.8519   -2.8255  -10.6099   -2.2737
    8.5110    2.8179   -8.9579   16.1331   -2.1158  -17.2225
eta,q 0.96749  7.53707
  0.0373  0.0371  0.0348  0.0377  0.0339  0.0362  0.0351  0.0372  0.0343  0.0359  0.0337  0.0333
  0.0357  0.0356  0.0342  0.0364  0.0328  0.0353  0.0339  0.0353  0.0334  0.0344  0.0331  0.0327
  0.0347  0.0346  0.0341  0.0351  0.0328  0.0339  0.0331  0.0337  0.0329  0.0333  0.0328  0.0325
  0.0342  0.0342  0.0342  0.0341  0.0340  0.0327  0.0328  0.0328  0.0327  0.0327  0.0327  0.0327
  0.0344  0.0343  0.0346  0.0339  0.0363  0.0329  0.0330  0.0329  0.0329  0.0329  0.0328  0.0332
  0.0352  0.0348  0.0354  0.0352  0.0398  0.0349  0.0338  0.0343  0.0335  0.0338  0.0333  0.0339
  0.0365  0.0357  0.0366  0.0375  0.0439  0.0378  0.0351  0.0362  0.0345  0.0351  0.0340  0.0347
niter,ni,del,rscale     5    3    5.0000    1.2000
parameters
   -0.3306   40.9062   -9.6332   -2.0896  -12.3332   -3.1323
    8.3981    3.2565   -9.2317   18.2472   -2.0416  -19.1888
eta,q 0.96822  7.48915
  0.0355  0.0355  0.0329  0.0360  0.0350  0.0354  0.0346  0.0367  0.0337  0.0359  0.0332  0.0326
  0.0339  0.0341  0.0324  0.0347  0.0338  0.0344  0.0334  0.0348  0.0329  0.0345  0.0326  0.0320
  0.0329  0.0331  0.0322  0.0334  0.0326  0.0330  0.0326  0.0332  0.0324  0.0332  0.0321  0.0318
  0.0325  0.0325  0.0324  0.0322  0.0320  0.0321  0.0323  0.0323  0.0322  0.0322  0.0319  0.0319
  0.0327  0.0324  0.0329  0.0320  0.0330  0.0328  0.0326  0.0325  0.0325  0.0319  0.0321  0.0324
  0.0335  0.0327  0.0336  0.0331  0.0356  0.0352  0.0334  0.0339  0.0331  0.0324  0.0325  0.0331
  0.0348  0.0335  0.0347  0.0353  0.0395  0.0383  0.0348  0.0360  0.0340  0.0334  0.0332  0.0338
niter,ni,del,rscale     4    3    5.0000    1.2000
parameters
   -0.2210   41.6976  -10.3973   -2.2677  -13.7900   -4.1113
    8.3957    3.5528   -9.6697   20.6999   -1.8787  -20.9781
eta,q 0.96879  7.42826
  0.0348  0.0348  0.0322  0.0347  0.0343  0.0348  0.0340  0.0360  0.0331  0.0356  0.0327  0.0320
  0.0332  0.0334  0.0316  0.0336  0.0332  0.0339  0.0329  0.0341  0.0323  0.0341  0.0320  0.0314
  0.0322  0.0324  0.0314  0.0323  0.0321  0.0324  0.0321  0.0326  0.0319  0.0328  0.0315  0.0312
  0.0318  0.0318  0.0316  0.0314  0.0315  0.0317  0.0318  0.0318  0.0318  0.0318  0.0314  0.0314
  0.0320  0.0316  0.0321  0.0317  0.0321  0.0325  0.0320  0.0321  0.0320  0.0314  0.0315  0.0318
  0.0329  0.0318  0.0329  0.0332  0.0343  0.0350  0.0328  0.0335  0.0326  0.0317  0.0319  0.0323
  0.0343  0.0324  0.0340  0.0357  0.0379  0.0379  0.0340  0.0356  0.0334  0.0327  0.0326  0.0329
niter,ni,del,rscale     3    3    5.0000    1.2000
parameters
   -0.1019   42.6088  -11.2309   -2.4885  -15.1529   -5.0649
    8.4280    3.7877   -9.6919   22.5702   -2.0743  -22.4283
eta,q 0.96929  7.36508
  0.0341  0.0342  0.0314  0.0337  0.0336  0.0343  0.0331  0.0352  0.0327  0.0349  0.0320  0.0315
  0.0326  0.0328  0.0309  0.0328  0.0325  0.0332  0.0321  0.0334  0.0318  0.0334  0.0314  0.0309
  0.0316  0.0318  0.0307  0.0316  0.0314  0.0317  0.0314  0.0319  0.0313  0.0320  0.0310  0.0307
  0.0312  0.0312  0.0310  0.0307  0.0308  0.0310  0.0311  0.0311  0.0311  0.0311  0.0308  0.0308
  0.0314  0.0310  0.0315  0.0309  0.0313  0.0318  0.0313  0.0315  0.0313  0.0308  0.0310  0.0312
  0.0322  0.0311  0.0323  0.0324  0.0334  0.0344  0.0320  0.0329  0.0318  0.0313  0.0315  0.0317
  0.0336  0.0316  0.0334  0.0349  0.0370  0.0373  0.0331  0.0349  0.0327  0.0325  0.0322  0.0322
niter,ni,del,rscale     2    3    5.0000    1.2000
parameters
   -0.0446   43.1388  -11.8901   -2.5009  -15.8750   -5.8532
    8.2923    3.9801   -9.5667   23.6867   -2.3035  -23.3431
eta,q 0.96942  7.33068
  0.0333  0.0331  0.0313  0.0333  0.0337  0.0341  0.0326  0.0349  0.0325  0.0343  0.0318  0.0315
  0.0319  0.0320  0.0307  0.0325  0.0325  0.0330  0.0317  0.0330  0.0316  0.0328  0.0312  0.0309
  0.0310  0.0312  0.0305  0.0315  0.0313  0.0314  0.0310  0.0315  0.0310  0.0315  0.0308  0.0306
  0.0307  0.0307  0.0306  0.0305  0.0305  0.0306  0.0308  0.0308  0.0308  0.0308  0.0306  0.0306
  0.0310  0.0306  0.0311  0.0305  0.0307  0.0313  0.0310  0.0311  0.0309  0.0307  0.0308  0.0309
  0.0318  0.0310  0.0318  0.0318  0.0325  0.0339  0.0317  0.0326  0.0315  0.0314  0.0313  0.0314
  0.0331  0.0316  0.0329  0.0341  0.0359  0.0368  0.0328  0.0347  0.0324  0.0328  0.0320  0.0319
niter,ni,del,rscale     1    3    5.0000    1.2000
parameters
   -0.0170   43.4029  -12.3660   -2.4654  -16.1989   -6.4788
    8.1316    4.1065   -9.5022   24.3721   -2.4509  -23.9201
eta,q 0.96942  7.31328
  0.0330  0.0326  0.0314  0.0332  0.0339  0.0342  0.0325  0.0348  0.0325  0.0339  0.0318  0.0316
  0.0317  0.0316  0.0308  0.0324  0.0327  0.0331  0.0316  0.0329  0.0315  0.0325  0.0312  0.0310
  0.0309  0.0309  0.0305  0.0314  0.0314  0.0315  0.0309  0.0314  0.0309  0.0313  0.0307  0.0306
  0.0306  0.0306  0.0306  0.0305  0.0305  0.0305  0.0307  0.0307  0.0307  0.0307  0.0306  0.0306
  0.0308  0.0306  0.0309  0.0304  0.0306  0.0311  0.0309  0.0311  0.0309  0.0307  0.0308  0.0309
  0.0317  0.0311  0.0316  0.0317  0.0322  0.0336  0.0316  0.0326  0.0315  0.0316  0.0312  0.0313
  0.0329  0.0319  0.0325  0.0339  0.0354  0.0365  0.0327  0.0347  0.0324  0.0331  0.0319  0.0318
registration optimization eta report
parameter search radius
    2.4000    2.4000    2.4000    7.2000    9.5220    7.2000
    7.2000    7.2000    7.2000    7.2000    7.2000    7.2000
100000*second partial in parameter space
       41.       29.       25.        6.        5.        9.
        4.        8.        3.        5.        2.        2.
  0.0330  0.0326  0.0314  0.0332  0.0339  0.0342  0.0325  0.0348  0.0325  0.0339  0.0318  0.0316
  0.0317  0.0316  0.0308  0.0324  0.0327  0.0331  0.0316  0.0329  0.0315  0.0325  0.0312  0.0310
  0.0309  0.0309  0.0305  0.0314  0.0314  0.0315  0.0309  0.0314  0.0309  0.0313  0.0307  0.0306
  0.0306  0.0306  0.0306  0.0305  0.0305  0.0305  0.0307  0.0307  0.0307  0.0307  0.0306  0.0306
  0.0308  0.0306  0.0309  0.0304  0.0306  0.0311  0.0309  0.0311  0.0309  0.0307  0.0308  0.0309
  0.0317  0.0311  0.0316  0.0317  0.0322  0.0336  0.0316  0.0326  0.0315  0.0316  0.0312  0.0313
  0.0329  0.0319  0.0325  0.0339  0.0354  0.0365  0.0327  0.0347  0.0324  0.0331  0.0319  0.0318
   -0.0170   43.4029  -12.3660   -2.4654  -16.1989   -6.4788
    8.1316    4.1065   -9.5022   24.3721   -2.4509  -23.9201
eta,q 0.96942  7.31328

---------------------------------------------------------------------
imgreg_4dfp /opt/freesurfer/average/711-2C_as_mni_average_305 /opt/freesurfer/average/711-2B_as_mni_average_305_mask talsrcimg_g11 none talsrcimg_to_711-2C_as_mni_average_305_t4 2311
---------------------------------------------------------------------

freesurfer imgreg_4dfp.c
/opt/freesurfer/average/711-2C_as_mni_average_305.4dfp.img
       256       256       256         1
  1.000000  1.000000  1.000000
orientation T byte_order littleendian
Reading image: /opt/freesurfer/average/711-2C_as_mni_average_305.4dfp.img
dimensions:      256       256       256
mmppix:       1.0000   -1.0000   -1.0000
center:     128.0000 -129.0000 -129.0000
/opt/freesurfer/average/711-2B_as_mni_average_305_mask.4dfp.img
       256       256       256         1
  1.000000  1.000000  1.000000
orientation T byte_order littleendian
Reading mask: /opt/freesurfer/average/711-2B_as_mni_average_305_mask.4dfp.img (2306576 pixels)
talsrcimg_g11.4dfp.img
       256       256       256         1
  1.000000  1.000000  1.000000
orientation T byte_order littleendian
Reading image: talsrcimg_g11.4dfp.img
dimensions:      256       256       256
mmppix:       1.0000   -1.0000   -1.0000
center:     128.0000 -129.0000 -129.0000
fimgreg.f
image alignment mode   2311 decimal      907 hex
parameters
   -0.0170   43.4029  -12.3660   -2.4654  -16.1989   -6.4788
    8.1316    4.1065   -9.5022   24.3721   -2.4509  -23.9201
eta,q 0.96942  7.31327
niter,ni,del,rscale     5    3    5.0000    0.8000
parameters
   -0.0158   43.5523  -12.7572   -1.6508  -15.1931   -6.7935
    7.9022    4.2925   -9.4285   24.9151   -2.4914  -24.0767
eta,q 0.96977  7.36886
  0.0317  0.0315  0.0309  0.0324  0.0320  0.0326  0.0313  0.0327  0.0313  0.0322  0.0309  0.0309
  0.0311  0.0310  0.0306  0.0318  0.0313  0.0315  0.0307  0.0315  0.0307  0.0313  0.0305  0.0305
  0.0307  0.0307  0.0305  0.0311  0.0308  0.0306  0.0304  0.0307  0.0304  0.0306  0.0303  0.0303
  0.0306  0.0306  0.0306  0.0305  0.0304  0.0303  0.0303  0.0303  0.0303  0.0303  0.0302  0.0302
  0.0307  0.0306  0.0307  0.0304  0.0302  0.0305  0.0304  0.0305  0.0304  0.0303  0.0303  0.0303
  0.0311  0.0308  0.0310  0.0308  0.0305  0.0317  0.0309  0.0312  0.0307  0.0307  0.0306  0.0306
  0.0317  0.0312  0.0315  0.0317  0.0312  0.0337  0.0316  0.0325  0.0312  0.0315  0.0309  0.0309
niter,ni,del,rscale     4    3    5.0000    0.7000
parameters
    0.0105   43.5782  -12.6425   -1.5466  -15.0714   -6.6789
    7.8336    4.3688   -9.3780   25.0068   -2.5258  -24.1081
eta,q 0.96980  7.38136
  0.0312  0.0309  0.0308  0.0318  0.0314  0.0324  0.0311  0.0321  0.0310  0.0315  0.0307  0.0307
  0.0307  0.0305  0.0305  0.0312  0.0309  0.0314  0.0306  0.0312  0.0305  0.0309  0.0304  0.0304
  0.0304  0.0303  0.0303  0.0306  0.0304  0.0306  0.0303  0.0305  0.0303  0.0304  0.0303  0.0303
  0.0302  0.0302  0.0302  0.0302  0.0302  0.0302  0.0302  0.0302  0.0302  0.0302  0.0302  0.0302
  0.0303  0.0303  0.0303  0.0303  0.0303  0.0303  0.0303  0.0304  0.0303  0.0303  0.0303  0.0303
  0.0307  0.0305  0.0304  0.0309  0.0307  0.0310  0.0306  0.0310  0.0305  0.0307  0.0304  0.0304
  0.0312  0.0309  0.0306  0.0318  0.0314  0.0324  0.0312  0.0320  0.0309  0.0314  0.0307  0.0307
niter,ni,del,rscale     3    3    5.0000    0.6000
parameters
    0.0394   43.5828  -12.5435   -1.4563  -15.0171   -6.4900
    7.7829    4.4425   -9.3677   25.0123   -2.5347  -24.1212
eta,q 0.96983  7.39093
  0.0310  0.0307  0.0306  0.0314  0.0311  0.0319  0.0308  0.0316  0.0307  0.0311  0.0306  0.0306
  0.0305  0.0304  0.0304  0.0309  0.0306  0.0311  0.0305  0.0309  0.0304  0.0306  0.0304  0.0303
  0.0303  0.0303  0.0303  0.0304  0.0303  0.0305  0.0303  0.0304  0.0302  0.0303  0.0302  0.0302
  0.0302  0.0302  0.0302  0.0302  0.0302  0.0302  0.0302  0.0302  0.0302  0.0302  0.0302  0.0302
  0.0303  0.0303  0.0302  0.0303  0.0303  0.0302  0.0302  0.0303  0.0302  0.0303  0.0302  0.0302
  0.0305  0.0304  0.0303  0.0307  0.0305  0.0307  0.0305  0.0308  0.0304  0.0306  0.0304  0.0303
  0.0309  0.0307  0.0305  0.0314  0.0311  0.0317  0.0309  0.0315  0.0307  0.0311  0.0306  0.0305
niter,ni,del,rscale     2    3    5.0000    0.5000
parameters
    0.0664   43.5715  -12.4229   -1.3842  -14.9634   -6.2834
    7.7454    4.5055   -9.3423   24.9758   -2.5355  -24.0981
eta,q 0.96986  7.39993
  0.0307  0.0305  0.0305  0.0311  0.0308  0.0314  0.0306  0.0312  0.0305  0.0308  0.0304  0.0304
  0.0304  0.0303  0.0303  0.0307  0.0305  0.0308  0.0304  0.0306  0.0303  0.0304  0.0303  0.0303
  0.0302  0.0302  0.0302  0.0303  0.0303  0.0304  0.0302  0.0303  0.0302  0.0302  0.0302  0.0302
  0.0302  0.0302  0.0302  0.0302  0.0302  0.0302  0.0301  0.0301  0.0301  0.0301  0.0301  0.0301
  0.0302  0.0302  0.0302  0.0302  0.0302  0.0302  0.0302  0.0302  0.0302  0.0302  0.0302  0.0302
  0.0304  0.0303  0.0302  0.0305  0.0304  0.0305  0.0304  0.0306  0.0303  0.0305  0.0303  0.0303
  0.0307  0.0305  0.0304  0.0311  0.0308  0.0312  0.0306  0.0311  0.0305  0.0308  0.0304  0.0304
niter,ni,del,rscale     1    3    5.0000    0.4000
parameters
    0.0949   43.5534  -12.2992   -1.3403  -14.9167   -6.0709
    7.7230    4.5672   -9.3400   24.9152   -2.5288  -24.0486
eta,q 0.96988  7.40780
  0.0305  0.0304  0.0304  0.0308  0.0306  0.0310  0.0304  0.0308  0.0304  0.0305  0.0303  0.0303
  0.0303  0.0302  0.0302  0.0305  0.0303  0.0305  0.0303  0.0305  0.0302  0.0303  0.0302  0.0302
  0.0302  0.0302  0.0302  0.0302  0.0302  0.0303  0.0302  0.0302  0.0301  0.0302  0.0301  0.0301
  0.0301  0.0301  0.0301  0.0301  0.0301  0.0301  0.0301  0.0301  0.0301  0.0301  0.0301  0.0301
  0.0302  0.0302  0.0301  0.0302  0.0302  0.0301  0.0302  0.0302  0.0301  0.0302  0.0301  0.0301
  0.0303  0.0303  0.0302  0.0304  0.0303  0.0303  0.0303  0.0304  0.0302  0.0303  0.0302  0.0302
  0.0305  0.0304  0.0303  0.0308  0.0305  0.0307  0.0304  0.0308  0.0304  0.0306  0.0303  0.0303
registration optimization eta report
parameter search radius
    0.8000    0.8000    0.8000    2.4000    2.4000    2.4000
    2.4000    2.4000    2.4000    2.4000    2.4000    2.4000
100000*second partial in parameter space
       53.       35.       25.       11.        7.       13.
        5.       11.        4.        8.        3.        3.
  0.0305  0.0304  0.0304  0.0308  0.0306  0.0310  0.0304  0.0308  0.0304  0.0305  0.0303  0.0303
  0.0303  0.0302  0.0302  0.0305  0.0303  0.0305  0.0303  0.0305  0.0302  0.0303  0.0302  0.0302
  0.0302  0.0302  0.0302  0.0302  0.0302  0.0303  0.0302  0.0302  0.0301  0.0302  0.0301  0.0301
  0.0301  0.0301  0.0301  0.0301  0.0301  0.0301  0.0301  0.0301  0.0301  0.0301  0.0301  0.0301
  0.0302  0.0302  0.0301  0.0302  0.0302  0.0301  0.0302  0.0302  0.0301  0.0302  0.0301  0.0301
  0.0303  0.0303  0.0302  0.0304  0.0303  0.0303  0.0303  0.0304  0.0302  0.0303  0.0302  0.0302
  0.0305  0.0304  0.0303  0.0308  0.0305  0.0307  0.0304  0.0308  0.0304  0.0306  0.0303  0.0303
    0.0949   43.5534  -12.2992   -1.3403  -14.9167   -6.0709
    7.7230    4.5672   -9.3400   24.9152   -2.5288  -24.0486
eta,q 0.96988  7.40780

---------------------------------------------------------------------
imgreg_4dfp /opt/freesurfer/average/711-2C_as_mni_average_305 /opt/freesurfer/average/711-2B_as_mni_average_305_mask talsrcimg_g11 none talsrcimg_to_711-2C_as_mni_average_305_t4 2311
---------------------------------------------------------------------

freesurfer imgreg_4dfp.c
/opt/freesurfer/average/711-2C_as_mni_average_305.4dfp.img
       256       256       256         1
  1.000000  1.000000  1.000000
orientation T byte_order littleendian
Reading image: /opt/freesurfer/average/711-2C_as_mni_average_305.4dfp.img
dimensions:      256       256       256
mmppix:       1.0000   -1.0000   -1.0000
center:     128.0000 -129.0000 -129.0000
/opt/freesurfer/average/711-2B_as_mni_average_305_mask.4dfp.img
       256       256       256         1
  1.000000  1.000000  1.000000
orientation T byte_order littleendian
Reading mask: /opt/freesurfer/average/711-2B_as_mni_average_305_mask.4dfp.img (2306576 pixels)
talsrcimg_g11.4dfp.img
       256       256       256         1
  1.000000  1.000000  1.000000
orientation T byte_order littleendian
Reading image: talsrcimg_g11.4dfp.img
dimensions:      256       256       256
mmppix:       1.0000   -1.0000   -1.0000
center:     128.0000 -129.0000 -129.0000
fimgreg.f
image alignment mode   2311 decimal      907 hex
parameters
    0.0949   43.5534  -12.2992   -1.3403  -14.9167   -6.0709
    7.7230    4.5672   -9.3400   24.9152   -2.5288  -24.0486
eta,q 0.96988  7.40780
niter,ni,del,rscale     5    3    5.0000    0.8000
parameters
    0.1221   43.5462  -12.1695   -1.6968  -15.1284   -6.1698
    7.7485    4.5069   -9.3518   24.8648   -2.5602  -24.0889
eta,q 0.96984  7.39105
  0.0315  0.0310  0.0309  0.0318  0.0314  0.0327  0.0313  0.0324  0.0311  0.0317  0.0309  0.0308
  0.0307  0.0305  0.0305  0.0311  0.0308  0.0315  0.0307  0.0313  0.0306  0.0309  0.0305  0.0305
  0.0303  0.0302  0.0302  0.0304  0.0304  0.0306  0.0303  0.0305  0.0303  0.0304  0.0302  0.0302
  0.0301  0.0301  0.0301  0.0301  0.0301  0.0301  0.0302  0.0302  0.0302  0.0302  0.0302  0.0302
  0.0303  0.0302  0.0302  0.0304  0.0303  0.0303  0.0303  0.0304  0.0303  0.0304  0.0302  0.0303
  0.0307  0.0305  0.0303  0.0313  0.0309  0.0314  0.0307  0.0313  0.0306  0.0309  0.0305  0.0305
  0.0314  0.0310  0.0307  0.0326  0.0318  0.0332  0.0313  0.0326  0.0311  0.0318  0.0309  0.0308
niter,ni,del,rscale     4    3    5.0000    0.7000
parameters
    0.1103   43.5545  -12.3115   -1.6180  -15.1001   -6.2479
    7.7463    4.5274   -9.3569   24.9153   -2.5677  -24.1368
eta,q 0.96985  7.39111
  0.0311  0.0308  0.0306  0.0317  0.0313  0.0322  0.0310  0.0320  0.0309  0.0315  0.0307  0.0307
  0.0306  0.0305  0.0303  0.0311  0.0307  0.0312  0.0306  0.0311  0.0305  0.0308  0.0304  0.0304
  0.0303  0.0302  0.0302  0.0305  0.0303  0.0305  0.0303  0.0304  0.0302  0.0303  0.0302  0.0302
  0.0302  0.0302  0.0302  0.0302  0.0301  0.0301  0.0302  0.0302  0.0302  0.0302  0.0302  0.0302
  0.0303  0.0302  0.0303  0.0302  0.0302  0.0303  0.0302  0.0303  0.0302  0.0303  0.0302  0.0302
  0.0306  0.0305  0.0304  0.0308  0.0306  0.0311  0.0306  0.0310  0.0305  0.0307  0.0304  0.0304
  0.0312  0.0308  0.0308  0.0318  0.0313  0.0326  0.0311  0.0320  0.0309  0.0314  0.0307  0.0307
niter,ni,del,rscale     3    3    5.0000    0.6000
parameters
    0.1051   43.5561  -12.3302   -1.5005  -15.0410   -6.2203
    7.7395    4.5554   -9.3535   24.9445   -2.5566  -24.1226
eta,q 0.96986  7.39679
  0.0309  0.0306  0.0305  0.0314  0.0310  0.0318  0.0308  0.0316  0.0307  0.0311  0.0306  0.0305
  0.0305  0.0304  0.0303  0.0309  0.0306  0.0310  0.0305  0.0308  0.0304  0.0306  0.0303  0.0303
  0.0302  0.0302  0.0302  0.0304  0.0303  0.0304  0.0302  0.0303  0.0302  0.0303  0.0302  0.0302
  0.0302  0.0302  0.0302  0.0302  0.0301  0.0301  0.0301  0.0301  0.0301  0.0301  0.0301  0.0301
  0.0302  0.0302  0.0302  0.0302  0.0302  0.0302  0.0302  0.0303  0.0302  0.0302  0.0302  0.0302
  0.0305  0.0304  0.0303  0.0306  0.0305  0.0308  0.0304  0.0308  0.0304  0.0306  0.0303  0.0303
  0.0309  0.0306  0.0305  0.0314  0.0310  0.0319  0.0308  0.0316  0.0307  0.0311  0.0306  0.0305
niter,ni,del,rscale     2    3    5.0000    0.5000
parameters
    0.1143   43.5600  -12.2930   -1.4191  -14.9854   -6.1188
    7.7266    4.5823   -9.3463   24.9398   -2.5453  -24.0935
eta,q 0.96988  7.40331
  0.0307  0.0305  0.0304  0.0311  0.0308  0.0313  0.0306  0.0311  0.0305  0.0308  0.0304  0.0304
  0.0304  0.0303  0.0303  0.0306  0.0305  0.0307  0.0303  0.0306  0.0303  0.0304  0.0303  0.0303
  0.0302  0.0302  0.0302  0.0303  0.0302  0.0303  0.0302  0.0303  0.0302  0.0302  0.0302  0.0302
  0.0301  0.0301  0.0301  0.0301  0.0301  0.0301  0.0301  0.0301  0.0301  0.0301  0.0301  0.0301
  0.0302  0.0302  0.0302  0.0302  0.0302  0.0302  0.0302  0.0302  0.0302  0.0302  0.0302  0.0302
  0.0304  0.0303  0.0302  0.0305  0.0304  0.0305  0.0303  0.0306  0.0303  0.0304  0.0303  0.0302
  0.0306  0.0305  0.0304  0.0311  0.0308  0.0313  0.0306  0.0311  0.0305  0.0308  0.0304  0.0304
niter,ni,del,rscale     1    3    5.0000    0.4000
parameters
    0.1270   43.5535  -12.2228   -1.3606  -14.9282   -5.9796
    7.7161    4.6132   -9.3408   24.9034   -2.5331  -24.0421
eta,q 0.96989  7.41000
  0.0305  0.0303  0.0303  0.0308  0.0305  0.0309  0.0304  0.0308  0.0304  0.0305  0.0303  0.0303
  0.0303  0.0302  0.0302  0.0305  0.0303  0.0305  0.0303  0.0304  0.0302  0.0303  0.0302  0.0302
  0.0302  0.0301  0.0302  0.0302  0.0302  0.0302  0.0301  0.0302  0.0301  0.0302  0.0301  0.0301
  0.0301  0.0301  0.0301  0.0301  0.0301  0.0301  0.0301  0.0301  0.0301  0.0301  0.0301  0.0301
  0.0302  0.0302  0.0301  0.0302  0.0302  0.0301  0.0301  0.0302  0.0301  0.0302  0.0301  0.0301
  0.0303  0.0302  0.0302  0.0304  0.0303  0.0303  0.0302  0.0304  0.0302  0.0303  0.0302  0.0302
  0.0304  0.0303  0.0303  0.0307  0.0305  0.0308  0.0304  0.0308  0.0304  0.0306  0.0303  0.0303
registration optimization eta report
parameter search radius
    0.8000    0.8000    0.8000    2.4000    2.4000    2.4000
    2.4000    2.4000    2.4000    2.4000    2.4000    2.4000
100000*second partial in parameter space
       52.       35.       26.       11.        7.       13.
        5.       12.        4.        8.        3.        3.
  0.0305  0.0303  0.0303  0.0308  0.0305  0.0309  0.0304  0.0308  0.0304  0.0305  0.0303  0.0303
  0.0303  0.0302  0.0302  0.0305  0.0303  0.0305  0.0303  0.0304  0.0302  0.0303  0.0302  0.0302
  0.0302  0.0301  0.0302  0.0302  0.0302  0.0302  0.0301  0.0302  0.0301  0.0302  0.0301  0.0301
  0.0301  0.0301  0.0301  0.0301  0.0301  0.0301  0.0301  0.0301  0.0301  0.0301  0.0301  0.0301
  0.0302  0.0302  0.0301  0.0302  0.0302  0.0301  0.0301  0.0302  0.0301  0.0302  0.0301  0.0301
  0.0303  0.0302  0.0302  0.0304  0.0303  0.0303  0.0302  0.0304  0.0302  0.0303  0.0302  0.0302
  0.0304  0.0303  0.0303  0.0307  0.0305  0.0308  0.0304  0.0308  0.0304  0.0306  0.0303  0.0303
    0.1270   43.5535  -12.2228   -1.3606  -14.9282   -5.9796
    7.7161    4.6132   -9.3408   24.9034   -2.5331  -24.0421
eta,q 0.96989  7.41000

---------------------------------------------------------------------
compute_vox2vox talsrcimg talsrcimg_to_711-2C_as_mni_average_305_t4 /opt/freesurfer/average/711-2C_as_mni_average_305
---------------------------------------------------------------------

freesurfer compute_vox2vox.c
Reading: talsrcimg.4dfp.ifh
Reading: talsrcimg_to_711-2C_as_mni_average_305_t4
Reading: /opt/freesurfer/average/711-2C_as_mni_average_305.4dfp.ifh
Writing: talsrcimg_to_711-2C_as_mni_average_305_t4_vox2vox.txt

start time Mon Mar 9 21:22:27 CET 2026
end		time Mon Mar 9 21:23:53 CET 2026

mpr2mni305 success

avi2talxfm orig_nu.mgz /opt/freesurfer/average/mni305.cor.mgz talsrcimg_to_711-2C_as_mni_average_305_t4_vox2vox.txt transforms/talairach.auto.xfm
avi2talxfm done
mv -f /out/sourcedata/freesurfer/sub-v1s2x0051459_ses-1/mri/talsrcimg_to_711-2C_as_mni_average_305_t4_vox2vox.txt /out/sourcedata/freesurfer/sub-v1s2x0051459_ses-1/mri/transforms/talsrcimg_to_711-2C_as_mni_average_305_t4_vox2vox.txt
lta_convert --src orig_nu.mgz --trg /opt/freesurfer/average/mni305.cor.mgz --inxfm transforms/talairach.auto.xfm --outlta transforms/talairach.auto.xfm.lta --subject fsaverage
7.3.2

--src: orig_nu.mgz src image (geometry).
--trg: /opt/freesurfer/average/mni305.cor.mgz trg image (geometry).
--inmni: transforms/talairach.auto.xfm input MNI/XFM transform.
--outlta: transforms/talairach.auto.xfm.lta output LTA.
--s: fsaverage subject name
 LTA read, type : 1
 1.00394  -0.02339  -0.09767   1.03058;
 0.05139   0.98833   0.27465  -58.99166;
 0.09519  -0.29189   1.08435  -4.20198;
 0.00000   0.00000   0.00000   1.00000;
setting subject to fsaverage
Writing  LTA to file transforms/talairach.auto.xfm.lta...
lta_convert successful.
 
 
Started at Mon Mar 9 21:22:26 CET 2026
Ended   at Mon Mar  9 21:23:53 CET 2026
talairach_avi done
