status file for recon-all
Mon Mar  9 21:29:37 CET 2026
#@# MotionCor Mon Mar  9 21:29:39 CET 2026
#@# Talairach Mon Mar  9 21:29:50 CET 2026
#@# Talairach Failure Detection Mon Mar  9 21:34:18 CET 2026
#@# Nu Intensity Correction Mon Mar  9 21:34:18 CET 2026
#@# Intensity Normalization Mon Mar  9 21:37:36 CET 2026
recon-all -s sub-v1s2x0051465_ses-1 finished without error at Mon Mar  9 21:39:14 CET 2026



#New# invocation of recon-all 



status file for recon-all
Mon Mar  9 21:45:58 CET 2026
#@# EM Registration Mon Mar  9 21:45:58 CET 2026
recon-all -s sub-v1s2x0051465_ses-1 finished without error at Mon Mar  9 21:48:22 CET 2026



#New# invocation of recon-all 



status file for recon-all
Mon Mar  9 21:48:26 CET 2026
#@# CA Normalize Mon Mar  9 21:48:26 CET 2026
#@# CA Reg Mon Mar  9 21:49:45 CET 2026
#@# SubCort Seg Mon Mar  9 22:41:39 CET 2026
#@# CC Seg Mon Mar  9 23:25:19 CET 2026
#@# Merge ASeg Mon Mar  9 23:26:47 CET 2026
#@# Intensity Normalization2 Mon Mar  9 23:26:47 CET 2026
#@# Mask BFS Mon Mar  9 23:28:58 CET 2026
#@# WM Segmentation Mon Mar  9 23:28:59 CET 2026
#@# Fill Mon Mar  9 23:31:20 CET 2026
recon-all -s sub-v1s2x0051465_ses-1 finished without error at Mon Mar  9 23:32:28 CET 2026



#New# invocation of recon-all 



status file for recon-all
Tue Mar 10 00:26:51 CET 2026
#@# white curv lh Tue Mar 10 00:26:51 CET 2026
#@# white area lh Tue Mar 10 00:26:51 CET 2026
#@# pial curv lh Tue Mar 10 00:26:51 CET 2026
#@# pial area lh Tue Mar 10 00:26:51 CET 2026
#@# thickness lh Tue Mar 10 00:26:51 CET 2026
#@# area and vertex vol lh Tue Mar 10 00:26:51 CET 2026
#@# white curv rh Tue Mar 10 00:26:51 CET 2026
#@# white area rh Tue Mar 10 00:26:51 CET 2026
#@# pial curv rh Tue Mar 10 00:26:51 CET 2026
#@# pial area rh Tue Mar 10 00:26:51 CET 2026
#@# thickness rh Tue Mar 10 00:26:51 CET 2026
#@# area and vertex vol rh Tue Mar 10 00:26:51 CET 2026
#@# Cortical ribbon mask Tue Mar 10 00:26:51 CET 2026
recon-all -s sub-v1s2x0051465_ses-1 finished without error at Tue Mar 10 00:32:26 CET 2026



#New# invocation of recon-all 



status file for recon-all
Tue Mar 10 00:40:09 CET 2026
#@# white curv lh Tue Mar 10 00:40:09 CET 2026
#@# white area lh Tue Mar 10 00:40:09 CET 2026
#@# pial curv lh Tue Mar 10 00:40:09 CET 2026
#@# pial area lh Tue Mar 10 00:40:09 CET 2026
#@# thickness lh Tue Mar 10 00:40:09 CET 2026
#@# area and vertex vol lh Tue Mar 10 00:40:09 CET 2026
#@# white curv rh Tue Mar 10 00:40:09 CET 2026
#@# white area rh Tue Mar 10 00:40:09 CET 2026
#@# pial curv rh Tue Mar 10 00:40:09 CET 2026
#@# pial area rh Tue Mar 10 00:40:09 CET 2026
#@# thickness rh Tue Mar 10 00:40:09 CET 2026
#@# area and vertex vol rh Tue Mar 10 00:40:09 CET 2026
#@# Curvature Stats lh Tue Mar 10 00:40:09 CET 2026
#@# Curvature Stats rh Tue Mar 10 00:40:12 CET 2026
#@# Relabel Hypointensities Tue Mar 10 00:40:15 CET 2026
#@# APas-to-ASeg Tue Mar 10 00:40:32 CET 2026
#@# AParc-to-ASeg aparc Tue Mar 10 00:40:42 CET 2026
#@# AParc-to-ASeg aparc.a2009s Tue Mar 10 00:41:18 CET 2026
#@# AParc-to-ASeg aparc.DKTatlas Tue Mar 10 00:41:52 CET 2026
#@# WMParc Tue Mar 10 00:42:29 CET 2026
#@# ASeg Stats Tue Mar 10 00:46:38 CET 2026
recon-all -s sub-v1s2x0051465_ses-1 finished without error at Tue Mar 10 00:47:16 CET 2026
