status file for recon-all
Mon Mar  9 23:55:46 CET 2026
#@# Tessellate rh Mon Mar  9 23:55:46 CET 2026
#@# Smooth1 rh Mon Mar  9 23:55:50 CET 2026
#@# Inflation1 rh Mon Mar  9 23:55:54 CET 2026
#@# QSphere rh Mon Mar  9 23:56:09 CET 2026
#@# Fix Topology rh Mon Mar  9 23:57:36 CET 2026
#@# Smooth2 rh Tue Mar 10 00:08:54 CET 2026
#@# Inflation2 rh Tue Mar 10 00:08:57 CET 2026
#@# Curv .H and .K rh Tue Mar 10 00:09:13 CET 2026
#@# Sphere rh Tue Mar 10 00:10:05 CET 2026
#@# Surf Reg rh Tue Mar 10 00:14:00 CET 2026
#@# Jacobian white rh Tue Mar 10 00:18:23 CET 2026
#@# AvgCurv rh Tue Mar 10 00:18:24 CET 2026
#@# Cortical Parc rh Tue Mar 10 00:18:25 CET 2026
#@# white curv rh Tue Mar 10 00:25:27 CET 2026
#@# white area rh Tue Mar 10 00:25:29 CET 2026
#@# pial curv rh Tue Mar 10 00:25:30 CET 2026
#@# pial area rh Tue Mar 10 00:25:33 CET 2026
#@# thickness rh Tue Mar 10 00:25:33 CET 2026
#@# area and vertex vol rh Tue Mar 10 00:26:10 CET 2026
#@# Curvature Stats rh Tue Mar 10 00:26:12 CET 2026
#@# Cortical Parc 2 rh Tue Mar 10 00:26:15 CET 2026
#@# Cortical Parc 3 rh Tue Mar 10 00:26:31 CET 2026
#@# WM/GM Contrast rh Tue Mar 10 00:26:43 CET 2026
recon-all -s sub-v1s2x0051465_ses-1 finished without error at Tue Mar 10 00:26:47 CET 2026



#New# invocation of recon-all 



status file for recon-all
Tue Mar 10 00:36:15 CET 2026
#@# white curv rh Tue Mar 10 00:36:15 CET 2026
#@# white area rh Tue Mar 10 00:36:15 CET 2026
#@# pial curv rh Tue Mar 10 00:36:15 CET 2026
#@# pial area rh Tue Mar 10 00:36:15 CET 2026
#@# thickness rh Tue Mar 10 00:36:15 CET 2026
#@# area and vertex vol rh Tue Mar 10 00:36:15 CET 2026
#@# Parcellation Stats rh Tue Mar 10 00:36:15 CET 2026
#@# Parcellation Stats 2 rh Tue Mar 10 00:36:37 CET 2026
#@# Parcellation Stats 3 rh Tue Mar 10 00:36:48 CET 2026
#@# BA_exvivo Labels rh Tue Mar 10 00:36:59 CET 2026
recon-all -s sub-v1s2x0051465_ses-1 finished without error at Tue Mar 10 00:40:06 CET 2026
