status file for recon-all
Mon Mar  9 23:32:33 CET 2026
#@# Tessellate lh Mon Mar  9 23:32:33 CET 2026
#@# Smooth1 lh Mon Mar  9 23:32:36 CET 2026
#@# Inflation1 lh Mon Mar  9 23:32:40 CET 2026
#@# QSphere lh Mon Mar  9 23:32:55 CET 2026
#@# Fix Topology lh Mon Mar  9 23:34:31 CET 2026
#@# Smooth2 lh Mon Mar  9 23:40:55 CET 2026
#@# Inflation2 lh Mon Mar  9 23:40:58 CET 2026
#@# Curv .H and .K lh Mon Mar  9 23:41:14 CET 2026
#@# Sphere lh Mon Mar  9 23:42:03 CET 2026
#@# Surf Reg lh Mon Mar  9 23:44:23 CET 2026
#@# Jacobian white lh Mon Mar  9 23:48:07 CET 2026
#@# AvgCurv lh Mon Mar  9 23:48:08 CET 2026
#@# Cortical Parc lh Mon Mar  9 23:48:09 CET 2026
#@# white curv lh Mon Mar  9 23:54:27 CET 2026
#@# white area lh Mon Mar  9 23:54:29 CET 2026
#@# pial curv lh Mon Mar  9 23:54:30 CET 2026
#@# pial area lh Mon Mar  9 23:54:32 CET 2026
#@# thickness lh Mon Mar  9 23:54:33 CET 2026
#@# area and vertex vol lh Mon Mar  9 23:55:08 CET 2026
#@# Curvature Stats lh Mon Mar  9 23:55:09 CET 2026
#@# Cortical Parc 2 lh Mon Mar  9 23:55:12 CET 2026
#@# Cortical Parc 3 lh Mon Mar  9 23:55:27 CET 2026
#@# WM/GM Contrast lh Mon Mar  9 23:55:39 CET 2026
recon-all -s sub-v1s2x0051465_ses-1 finished without error at Mon Mar  9 23:55:43 CET 2026



#New# invocation of recon-all 



status file for recon-all
Tue Mar 10 00:32:31 CET 2026
#@# white curv lh Tue Mar 10 00:32:31 CET 2026
#@# white area lh Tue Mar 10 00:32:31 CET 2026
#@# pial curv lh Tue Mar 10 00:32:31 CET 2026
#@# pial area lh Tue Mar 10 00:32:31 CET 2026
#@# thickness lh Tue Mar 10 00:32:31 CET 2026
#@# area and vertex vol lh Tue Mar 10 00:32:31 CET 2026
#@# Parcellation Stats lh Tue Mar 10 00:32:31 CET 2026
#@# Parcellation Stats 2 lh Tue Mar 10 00:32:52 CET 2026
#@# Parcellation Stats 3 lh Tue Mar 10 00:33:02 CET 2026
#@# BA_exvivo Labels lh Tue Mar 10 00:33:12 CET 2026
recon-all -s sub-v1s2x0051465_ses-1 finished without error at Tue Mar 10 00:36:14 CET 2026
