/out/sourcedata/freesurfer/sub-v1s2x0051461_ses-1/mri
/opt/freesurfer/bin/talairach_avi
--i orig_nu.mgz --xfm transforms/talairach.auto.xfm
talairach_avi 7.3.2
Linux dna078 5.14.0-427.37.1.el9_4.x86_64 #1 SMP PREEMPT_DYNAMIC Fri Sep 13 12:41:50 EDT 2024 x86_64 x86_64 x86_64 GNU/Linux
Mon Mar  9 21:24:05 CET 2026
mri_convert orig_nu.mgz talsrcimg.img 
reading from orig_nu.mgz...
TR=0.00, TE=0.00, TI=0.00, flip angle=0.00
i_ras = (-1, 0, 0)
j_ras = (0, 0, -1)
k_ras = (0, 1, 0)
writing to talsrcimg.img...
Analyze Output Matrix
-1.00000   0.00000   0.00000   130.85593;
 0.00000   0.00000   1.00000  -80.56971;
 0.00000  -1.00000   0.00000   157.76926;
 0.00000   0.00000   0.00000   1.00000;
--------------------
INFO: set hdr.hist.orient to -1
mpr2mni305 talsrcimg
Mon Mar  9 21:24:05 CET 2026
/opt/freesurfer/bin/mpr2mni305 talsrcimg
mpr2mni305 7.3.2
target=711-2C_as_mni_average_305

---------------------------------------------------------------------
analyzeto4dfp talsrcimg -O0 -y
---------------------------------------------------------------------

freesurfer ifh2hdr.c
Mon Mar  9 21:24:05 2026
Writing: talsrcimg.4dfp.hdr
freesurfer analyzeto4dfp.c
Reading: talsrcimg.hdr
header size 348 bytes
hdr.dime.datatype	offset=70	value=2
hdr.dime.bitpix		offset=72	value=8
hdr.hist.orient		offset=252	value=-1
dimensionality     4
dimensions       256       256       256         1
Reading: talsrcimg.img
Writing: talsrcimg.4dfp.img
Writing: talsrcimg.4dfp.ifh
ifh2hdr talsrcimg -r0to231
ori=2

---------------------------------------------------------------------
gauss_4dfp talsrcimg 1.1
---------------------------------------------------------------------

freesurfer gauss_4dfp.c
Reading: talsrcimg.4dfp.img
Writing: talsrcimg_g11.4dfp.img
image dimensions 256 256 256 padded to 288 288 288
processing volume 1freesurfer ifh2hdr.c
Mon Mar  9 21:24:07 2026
Writing: talsrcimg_g11.4dfp.hdr

Writing: talsrcimg_g11.4dfp.ifh
including: talsrcimg.4dfp.img.rec in talsrcimg_g11.4dfp.img.rec

---------------------------------------------------------------------
imgreg_4dfp /opt/freesurfer/average/711-2C_as_mni_average_305 none talsrcimg_g11 none talsrcimg_to_711-2C_as_mni_average_305_t4 4355
---------------------------------------------------------------------

freesurfer imgreg_4dfp.c
/opt/freesurfer/average/711-2C_as_mni_average_305.4dfp.img
       256       256       256         1
  1.000000  1.000000  1.000000
orientation T byte_order littleendian
Reading image: /opt/freesurfer/average/711-2C_as_mni_average_305.4dfp.img
dimensions:      256       256       256
mmppix:       1.0000   -1.0000   -1.0000
center:     128.0000 -129.0000 -129.0000
talsrcimg_g11.4dfp.img
       256       256       256         1
  1.000000  1.000000  1.000000
orientation T byte_order littleendian
Reading image: talsrcimg_g11.4dfp.img
dimensions:      256       256       256
mmppix:       1.0000   -1.0000   -1.0000
center:     128.0000 -129.0000 -129.0000
t4_read: open error in t4_sub.f l:  41 t4_file(1:l)talsrcimg_to_711-2C_as_mni_average_305_t4 
t4_read: transform initialized to I4
rotation matrix determinant  1.000000
image alignment mode   4355 decimal     1103 hex
   -7.5000  -45.0000  -45.0000 8918.0107   11.9409
    0.0000  -45.0000  -45.0000 9304.4580   11.9426
    7.5000  -45.0000  -45.0000 8985.2871   11.9277
   -7.5000  -37.5000  -45.0000 9218.8467   11.9301
    0.0000  -37.5000  -45.0000 9623.5576   11.9278
    7.5000  -37.5000  -45.0000 9279.8594   11.9139
   -7.5000  -30.0000  -45.0000 9842.7295   11.9252
    0.0000  -30.0000  -45.000010279.4189   11.9244
    7.5000  -30.0000  -45.0000 9902.7041   11.9179
   -7.5000  -22.5000  -45.000010308.2910   11.9215
    0.0000  -22.5000  -45.000010743.3477   11.9264
    7.5000  -22.5000  -45.000010325.5381   11.9267
   -7.5000  -15.0000  -45.000010713.9209   11.9231
    0.0000  -15.0000  -45.000011137.9180   11.9323
    7.5000  -15.0000  -45.000010667.7812   11.9322
   -7.5000   -7.5000  -45.000010945.6016   11.9276
    0.0000   -7.5000  -45.000011397.1299   11.9349
    7.5000   -7.5000  -45.000010917.3857   11.9270
   -7.5000    0.0000  -45.000010972.5215   11.9294
    0.0000    0.0000  -45.000011436.4893   11.9312
    7.5000    0.0000  -45.000010965.2598   11.9164
   -7.5000    7.5000  -45.000010177.9277   11.9287
    0.0000    7.5000  -45.000010612.2158   11.9265
    7.5000    7.5000  -45.000010158.5088   11.9126
   -7.5000   15.0000  -45.0000 9331.6289   11.9255
    0.0000   15.0000  -45.0000 9723.5586   11.9246
    7.5000   15.0000  -45.0000 9305.1055   11.9181
   -7.5000   22.5000  -45.0000 8521.0684   11.9374
    0.0000   22.5000  -45.0000 8873.4736   11.9425
    7.5000   22.5000  -45.0000 8484.8438   11.9428
   -7.5000   30.0000  -45.0000 7713.6621   11.9097
    0.0000   30.0000  -45.0000 8039.2168   11.9191
    7.5000   30.0000  -45.0000 7663.7783   11.9182
   -7.5000   37.5000  -45.0000 7180.0400   12.1577
    0.0000   37.5000  -45.0000 7474.2383   12.1654
    7.5000   37.5000  -45.0000 7153.8867   12.1546
   -7.5000   45.0000  -45.0000 6398.5142   12.1826
    0.0000   45.0000  -45.0000 6655.1719   12.1849
    7.5000   45.0000  -45.0000 6390.9253   12.1644
   -7.5000  -45.0000  -37.5000 9416.8955   11.7888
    0.0000  -45.0000  -37.5000 9854.0801   11.7783
    7.5000  -45.0000  -37.5000 9501.9014   11.7586
   -7.5000  -37.5000  -37.5000 9716.5361   11.7717
    0.0000  -37.5000  -37.500010174.3438   11.7586
    7.5000  -37.5000  -37.5000 9812.6162   11.7396
   -7.5000  -30.0000  -37.500010391.2871   11.7665
    0.0000  -30.0000  -37.500010870.5459   11.7566
    7.5000  -30.0000  -37.500010466.3828   11.7437
   -7.5000  -22.5000  -37.500010886.5811   11.7688
    0.0000  -22.5000  -37.500011377.6182   11.7654
    7.5000  -22.5000  -37.500010938.0537   11.7581
   -7.5000  -15.0000  -37.500011273.5850   11.7760
    0.0000  -15.0000  -37.500011757.6660   11.7759
    7.5000  -15.0000  -37.500011277.0840   11.7683
   -7.5000   -7.5000  -37.500011551.0918   11.7800
    0.0000   -7.5000  -37.500012032.6055   11.7761
    7.5000   -7.5000  -37.500011549.6260   11.7621
   -7.5000    0.0000  -37.500011612.3936   11.7766
    0.0000    0.0000  -37.500012120.8486   11.7662
    7.5000    0.0000  -37.500011617.5986   11.7466
   -7.5000    7.5000  -37.500010773.7119   11.7703
    0.0000    7.5000  -37.500011226.4795   11.7573
    7.5000    7.5000  -37.500010763.6826   11.7383
   -7.5000   15.0000  -37.5000 9864.7773   11.7668
    0.0000   15.0000  -37.500010284.9326   11.7569
    7.5000   15.0000  -37.5000 9839.0420   11.7439
   -7.5000   22.5000  -37.5000 8997.4395   11.7845
    0.0000   22.5000  -37.5000 9377.8301   11.7813
    7.5000   22.5000  -37.5000 8958.5146   11.7739
   -7.5000   30.0000  -37.5000 8160.8579   11.7616
    0.0000   30.0000  -37.5000 8502.3809   11.7618
    7.5000   30.0000  -37.5000 8092.4556   11.7534
   -7.5000   37.5000  -37.5000 7592.1382   12.0024
    0.0000   37.5000  -37.5000 7897.2144   11.9988
    7.5000   37.5000  -37.5000 7534.1392   11.9826
   -7.5000   45.0000  -37.5000 6770.6997   12.0146
    0.0000   45.0000  -37.5000 7033.4810   12.0052
    7.5000   45.0000  -37.5000 6729.6968   11.9815
   -7.5000  -45.0000  -30.000010151.3926   12.1983
    0.0000  -45.0000  -30.000010640.2461   12.1812
    7.5000  -45.0000  -30.000010252.1084   12.1574
   -7.5000  -37.5000  -30.000010472.5029   12.1754
    0.0000  -37.5000  -30.000010973.8018   12.1590
    7.5000  -37.5000  -30.000010583.3906   12.1370
   -7.5000  -30.0000  -30.000011191.9668   12.1698
    0.0000  -30.0000  -30.000011723.5068   12.1592
    7.5000  -30.0000  -30.000011288.0215   12.1427
   -7.5000  -22.5000  -30.000011715.3115   12.1773
    0.0000  -22.5000  -30.000012263.4678   12.1723
    7.5000  -22.5000  -30.000011803.9375   12.1596
   -7.5000  -15.0000  -30.000012091.8623   12.1902
    0.0000  -15.0000  -30.000012634.7314   12.1849
    7.5000  -15.0000  -30.000012124.6338   12.1708
   -7.5000   -7.5000  -30.000012406.0039   12.1939
    0.0000   -7.5000  -30.000012955.6230   12.1824
    7.5000   -7.5000  -30.000012441.4414   12.1627
   -7.5000    0.0000  -30.000012501.9072   12.1852
    0.0000    0.0000  -30.000013068.3037   12.1682
    7.5000    0.0000  -30.000012541.9229   12.1445
   -7.5000    7.5000  -30.000011585.8906   12.1740
    0.0000    7.5000  -30.000012096.3691   12.1577
    7.5000    7.5000  -30.000011620.1992   12.1357
   -7.5000   15.0000  -30.000010607.1943   12.1701
    0.0000   15.0000  -30.000011053.1064   12.1595
    7.5000   15.0000  -30.000010599.6152   12.1430
   -7.5000   22.5000  -30.0000 9661.8887   12.1921
    0.0000   22.5000  -30.000010066.7617   12.1871
    7.5000   22.5000  -30.0000 9625.6475   12.1742
   -7.5000   30.0000  -30.0000 8750.0488   12.1761
    0.0000   30.0000  -30.0000 9122.5469   12.1713
    7.5000   30.0000  -30.0000 8700.0908   12.1563
   -7.5000   37.5000  -30.0000 8140.7466   12.4208
    0.0000   37.5000  -30.0000 8475.7490   12.4105
    7.5000   37.5000  -30.0000 8098.7954   12.3891
   -7.5000   45.0000  -30.0000 7256.6489   12.4303
    0.0000   45.0000  -30.0000 7535.4312   12.4149
    7.5000   45.0000  -30.0000 7209.7651   12.3888
   -7.5000  -45.0000  -22.500010898.3955   12.5473
    0.0000  -45.0000  -22.500011431.3887   12.5381
    7.5000  -45.0000  -22.500011003.8418   12.5161
   -7.5000  -37.5000  -22.500011258.4209   12.5245
    0.0000  -37.5000  -22.500011787.5938   12.5176
    7.5000  -37.5000  -22.500011356.6035   12.4981
   -7.5000  -30.0000  -22.500012038.4170   12.5206
    0.0000  -30.0000  -22.500012599.8838   12.5194
    7.5000  -30.0000  -22.500012121.5527   12.5058
   -7.5000  -22.5000  -22.500012587.8975   12.5295
    0.0000  -22.5000  -22.500013180.8184   12.5317
    7.5000  -22.5000  -22.500012664.3096   12.5218
   -7.5000  -15.0000  -22.500012942.2568   12.5428
    0.0000  -15.0000  -22.500013528.9961   12.5427
    7.5000  -15.0000  -22.500013000.0449   12.5308
   -7.5000   -7.5000  -22.500013256.1484   12.5446
    0.0000   -7.5000  -22.500013870.0078   12.5390
    7.5000   -7.5000  -22.500013334.1582   12.5209
   -7.5000    0.0000  -22.500013428.6572   12.5339
    0.0000    0.0000  -22.500014031.1387   12.5248
    7.5000    0.0000  -22.500013473.9775   12.5029
   -7.5000    7.5000  -22.500012458.0430   12.5231
    0.0000    7.5000  -22.500013017.6748   12.5162
    7.5000    7.5000  -22.500012511.7646   12.4968
   -7.5000   15.0000  -22.500011350.1182   12.5209
    0.0000   15.0000  -22.500011848.7256   12.5197
    7.5000   15.0000  -22.500011384.8975   12.5061
   -7.5000   22.5000  -22.500010320.9941   12.5432
    0.0000   22.5000  -22.500010749.0605   12.5453
    7.5000   22.5000  -22.500010314.6465   12.5351
   -7.5000   30.0000  -22.5000 9341.7783   12.5296
    0.0000   30.0000  -22.5000 9731.3633   12.5300
    7.5000   30.0000  -22.5000 9303.5391   12.5171
   -7.5000   37.5000  -22.5000 8691.0752   12.7759
    0.0000   37.5000  -22.5000 9056.9766   12.7724
    7.5000   37.5000  -22.5000 8662.6748   12.7526
   -7.5000   45.0000  -22.5000 7735.7310   12.7891
    0.0000   45.0000  -22.5000 8029.3833   12.7819
    7.5000   45.0000  -22.5000 7692.0259   12.7577
   -7.5000  -45.0000  -15.000011725.4873   12.8288
    0.0000  -45.0000  -15.000012294.5986   12.8321
    7.5000  -45.0000  -15.000011833.8301   12.8135
   -7.5000  -37.5000  -15.000012117.4512   12.8120
    0.0000  -37.5000  -15.000012695.1729   12.8165
    7.5000  -37.5000  -15.000012215.6074   12.8006
   -7.5000  -30.0000  -15.000012922.4385   12.8091
    0.0000  -30.0000  -15.000013553.3564   12.8177
    7.5000  -30.0000  -15.000013032.4043   12.8090
   -7.5000  -22.5000  -15.000013492.1797   12.8121
    0.0000  -22.5000  -15.000014158.5371   12.8231
    7.5000  -22.5000  -15.000013587.6895   12.8193
   -7.5000  -15.0000  -15.000013855.7090   12.8189
    0.0000  -15.0000  -15.000014519.9766   12.8286
    7.5000  -15.0000  -15.000013936.7139   12.8229
   -7.5000   -7.5000  -15.000014191.7705   12.8206
    0.0000   -7.5000  -15.000014843.9580   12.8266
    7.5000   -7.5000  -15.000014262.8105   12.8133
   -7.5000    0.0000  -15.000014399.8496   12.8151
    0.0000    0.0000  -15.000015035.4268   12.8185
    7.5000    0.0000  -15.000014430.1816   12.8000
   -7.5000    7.5000  -15.000013385.9932   12.8105
    0.0000    7.5000  -15.000013981.5156   12.8151
    7.5000    7.5000  -15.000013427.8818   12.7993
   -7.5000   15.0000  -15.000012192.7676   12.8094
    0.0000   15.0000  -15.000012735.5020   12.8180
    7.5000   15.0000  -15.000012227.2549   12.8093
   -7.5000   22.5000  -15.000011026.1270   12.8251
    0.0000   22.5000  -15.000011508.2207   12.8360
    7.5000   22.5000  -15.000011025.8848   12.8321
   -7.5000   30.0000  -15.0000 9953.4150   12.8065
    0.0000   30.0000  -15.000010379.6836   12.8164
    7.5000   30.0000  -15.0000 9922.1748   12.8099
   -7.5000   37.5000  -15.0000 9276.0342   13.0579
    0.0000   37.5000  -15.0000 9664.7607   13.0661
    7.5000   37.5000  -15.0000 9230.1104   13.0507
   -7.5000   45.0000  -15.0000 8248.1045   13.0849
    0.0000   45.0000  -15.0000 8548.4795   13.0900
    7.5000   45.0000  -15.0000 8202.0605   13.0678
   -7.5000  -45.0000   -7.500012618.4316   12.9634
    0.0000  -45.0000   -7.500013207.1191   12.9727
    7.5000  -45.0000   -7.500012716.6230   12.9565
   -7.5000  -37.5000   -7.500013042.5840   12.9514
    0.0000  -37.5000   -7.500013660.1973   12.9588
    7.5000  -37.5000   -7.500013141.2021   12.9443
   -7.5000  -30.0000   -7.500013863.7109   12.9479
    0.0000  -30.0000   -7.500014562.4893   12.9571
    7.5000  -30.0000   -7.500013992.0840   12.9506
   -7.5000  -22.5000   -7.500014502.9561   12.9446
    0.0000  -22.5000   -7.500015230.5518   12.9574
    7.5000  -22.5000   -7.500014606.8330   12.9577
   -7.5000  -15.0000   -7.500014890.5693   12.9459
    0.0000  -15.0000   -7.500015629.5605   12.9605
    7.5000  -15.0000   -7.500014979.0850   12.9599
   -7.5000   -7.5000   -7.500015211.6689   12.9490
    0.0000   -7.5000   -7.500015899.1045   12.9618
    7.5000   -7.5000   -7.500015273.8193   12.9527
   -7.5000    0.0000   -7.500015425.6523   12.9497
    0.0000    0.0000   -7.500016091.6094   12.9590
    7.5000    0.0000   -7.500015445.3105   12.9429
   -7.5000    7.5000   -7.500014325.9561   12.9499
    0.0000    7.5000   -7.500014936.9209   12.9573
    7.5000    7.5000   -7.500014341.7598   12.9429
   -7.5000   15.0000   -7.500013068.7139   12.9483
    0.0000   15.0000   -7.500013619.4414   12.9574
    7.5000   15.0000   -7.500013096.8916   12.9508
   -7.5000   22.5000   -7.500011825.4541   12.9566
    0.0000   22.5000   -7.500012318.7217   12.9694
    7.5000   22.5000   -7.500011816.0566   12.9696
   -7.5000   30.0000   -7.500010642.0674   12.9320
    0.0000   30.0000   -7.500011087.1504   12.9467
    7.5000   30.0000   -7.500010599.3613   12.9452
   -7.5000   37.5000   -7.5000 9906.4639   13.1894
    0.0000   37.5000   -7.500010310.1357   13.2037
    7.5000   37.5000   -7.5000 9826.2168   13.1916
   -7.5000   45.0000   -7.5000 8821.2090   13.2286
    0.0000   45.0000   -7.5000 9149.1289   13.2391
    7.5000   45.0000   -7.5000 8765.2627   13.2175
   -7.5000  -45.0000    0.000013533.9326   12.9796
    0.0000  -45.0000    0.000014138.0527   12.9825
    7.5000  -45.0000    0.000013583.8203   12.9656
   -7.5000  -37.5000    0.000013956.2510   12.9668
    0.0000  -37.5000    0.000014590.9268   12.9658
    7.5000  -37.5000    0.000014028.5371   12.9497
   -7.5000  -30.0000    0.000014837.7451   12.9620
    0.0000  -30.0000    0.000015520.3867   12.9624
    7.5000  -30.0000    0.000014915.5547   12.9540
   -7.5000  -22.5000    0.000015529.7910   12.9579
    0.0000  -22.5000    0.000016255.7910   12.9642
    7.5000  -22.5000    0.000015565.0273   12.9633
   -7.5000  -15.0000    0.000015948.5889   12.9593
    0.0000  -15.0000    0.000016674.1504   12.9698
    7.5000  -15.0000    0.000015990.0684   12.9689
   -7.5000   -7.5000    0.000016215.2891   12.9638
    0.0000   -7.5000    0.000016913.2871   12.9724
    7.5000   -7.5000    0.000016254.4170   12.9631
   -7.5000    0.0000    0.000016388.3262   12.9658
    0.0000    0.0000    0.000017063.3125   12.9688
    7.5000    0.0000    0.000016386.0527   12.9519
   -7.5000    7.5000    0.000015235.4883   12.9654
    0.0000    7.5000    0.000015851.8174   12.9643
    7.5000    7.5000    0.000015225.8535   12.9483
   -7.5000   15.0000    0.000013932.3115   12.9622
    0.0000   15.0000    0.000014521.5381   12.9627
    7.5000   15.0000    0.000013921.8369   12.9543
   -7.5000   22.5000    0.000012598.0615   12.9705
    0.0000   22.5000    0.000013143.3018   12.9769
    7.5000   22.5000    0.000012575.7480   12.9761
   -7.5000   30.0000    0.000011332.0449   12.9452
    0.0000   30.0000    0.000011792.0557   12.9559
    7.5000   30.0000    0.000011262.6572   12.9541
   -7.5000   37.5000    0.000010531.3721   13.2065
    0.0000   37.5000    0.000010952.9551   13.2155
    7.5000   37.5000    0.000010426.0879   13.2031
   -7.5000   45.0000    0.0000 9367.1787   13.2486
    0.0000   45.0000    0.0000 9745.0625   13.2522
    7.5000   45.0000    0.0000 9298.6211   13.2293
   -7.5000  -45.0000    7.500013421.3535   12.9853
    0.0000  -45.0000    7.500014051.7832   12.9742
    7.5000  -45.0000    7.500013469.3496   12.9525
   -7.5000  -37.5000    7.500013838.0586   12.9664
    0.0000  -37.5000    7.500014499.8740   12.9529
    7.5000  -37.5000    7.500013937.3047   12.9321
   -7.5000  -30.0000    7.500014681.6826   12.9609
    0.0000  -30.0000    7.500015352.9961   12.9514
    7.5000  -30.0000    7.500014767.2246   12.9371
   -7.5000  -22.5000    7.500015360.3994   12.9631
    0.0000  -22.5000    7.500016023.1309   12.9607
    7.5000  -22.5000    7.500015380.6172   12.9526
   -7.5000  -15.0000    7.500015794.2012   12.9707
    0.0000  -15.0000    7.500016450.7852   12.9712
    7.5000  -15.0000    7.500015825.8076   12.9629
   -7.5000   -7.5000    7.500015993.0293   12.9750
    0.0000   -7.5000    7.500016671.6855   12.9710
    7.5000   -7.5000    7.500016047.7168   12.9556
   -7.5000    0.0000    7.500016098.0234   12.9715
    0.0000    0.0000    7.500016784.5332   12.9604
    7.5000    0.0000    7.500016157.7783   12.9389
   -7.5000    7.5000    7.500014957.6387   12.9650
    0.0000    7.5000    7.500015595.1885   12.9515
    7.5000    7.5000    7.500015002.5078   12.9307
   -7.5000   15.0000    7.500013745.2100   12.9612
    0.0000   15.0000    7.500014330.8984   12.9516
    7.5000   15.0000    7.500013735.8213   12.9373
   -7.5000   22.5000    7.500012426.1377   12.9760
    0.0000   22.5000    7.500012968.7422   12.9737
    7.5000   22.5000    7.500012402.4189   12.9655
   -7.5000   30.0000    7.500011187.9453   12.9573
    0.0000   30.0000    7.500011641.4541   12.9582
    7.5000   30.0000    7.500011106.7041   12.9491
   -7.5000   37.5000    7.500010369.6016   13.2183
    0.0000   37.5000    7.500010799.6074   13.2148
    7.5000   37.5000    7.500010282.7178   13.1969
   -7.5000   45.0000    7.5000 9195.9004   13.2521
    0.0000   45.0000    7.5000 9591.1514   13.2422
    7.5000   45.0000    7.5000 9134.4922   13.2162
   -7.5000  -45.0000   15.000013072.2734   12.9994
    0.0000  -45.0000   15.000013723.2041   12.9817
    7.5000  -45.0000   15.000013200.0645   12.9568
   -7.5000  -37.5000   15.000013482.9307   12.9747
    0.0000  -37.5000   15.000014249.3115   12.9578
    7.5000  -37.5000   15.000013687.2920   12.9345
   -7.5000  -30.0000   15.000014371.5703   12.9694
    0.0000  -30.0000   15.000015169.2607   12.9588
    7.5000  -30.0000   15.000014564.5117   12.9411
   -7.5000  -22.5000   15.000015035.2031   12.9785
    0.0000  -22.5000   15.000015751.0605   12.9738
    7.5000  -22.5000   15.000015127.2598   12.9603
   -7.5000  -15.0000   15.000015446.4453   12.9927
    0.0000  -15.0000   15.000016149.9346   12.9877
    7.5000  -15.0000   15.000015513.4746   12.9730
   -7.5000   -7.5000   15.000015543.9619   12.9958
    0.0000   -7.5000   15.000016299.8193   12.9843
    7.5000   -7.5000   15.000015682.8154   12.9638
   -7.5000    0.0000   15.000015629.8418   12.9855
    0.0000    0.0000   15.000016366.0166   12.9680
    7.5000    0.0000   15.000015752.6348   12.9431
   -7.5000    7.5000   15.000014515.9248   12.9732
    0.0000    7.5000   15.000015178.2324   12.9564
    7.5000    7.5000   15.000014592.4980   12.9331
   -7.5000   15.0000   15.000013351.0137   12.9697
    0.0000   15.0000   15.000013933.3740   12.9591
    7.5000   15.0000   15.000013359.6309   12.9414
   -7.5000   22.5000   15.000012114.9268   12.9913
    0.0000   22.5000   15.000012615.0664   12.9866
    7.5000   22.5000   15.000012074.7529   12.9729
   -7.5000   30.0000   15.000010906.2920   12.9803
    0.0000   30.0000   15.000011332.7656   12.9759
    7.5000   30.0000   15.000010830.4756   12.9603
   -7.5000   37.5000   15.000010103.0264   13.2384
    0.0000   37.5000   15.000010526.7891   13.2281
    7.5000   37.5000   15.000010036.1357   13.2058
   -7.5000   45.0000   15.0000 8950.0684   13.2621
    0.0000   45.0000   15.0000 9342.5449   13.2463
    7.5000   45.0000   15.0000 8911.7314   13.2189
   -7.5000  -45.0000   22.500012597.6172   13.0206
    0.0000  -45.0000   22.500013211.4023   13.0110
    7.5000  -45.0000   22.500012761.0664   12.9881
   -7.5000  -37.5000   22.500012935.0869   12.9970
    0.0000  -37.5000   22.500013717.6973   12.9897
    7.5000  -37.5000   22.500013239.6025   12.9695
   -7.5000  -30.0000   22.500013913.9980   12.9929
    0.0000  -30.0000   22.500014853.5820   12.9916
    7.5000  -30.0000   22.500014212.0391   12.9775
   -7.5000  -22.5000   22.500014614.9141   13.0021
    0.0000  -22.5000   22.500015488.7930   13.0044
    7.5000  -22.5000   22.500014834.5596   12.9941
   -7.5000  -15.0000   22.500014923.8730   13.0158
    0.0000  -15.0000   22.500015719.1709   13.0158
    7.5000  -15.0000   22.500015099.5312   13.0034
   -7.5000   -7.5000   22.500015027.8955   13.0177
    0.0000   -7.5000   22.500015801.3203   13.0119
    7.5000   -7.5000   22.500015191.5439   12.9931
   -7.5000    0.0000   22.500015063.0703   13.0067
    0.0000    0.0000   22.500015785.7119   12.9972
    7.5000    0.0000   22.500015186.4209   12.9744
   -7.5000    7.5000   22.500014004.9805   12.9955
    0.0000    7.5000   22.500014633.2275   12.9883
    7.5000    7.5000   22.500014074.1309   12.9681
   -7.5000   15.0000   22.500012881.9941   12.9933
    0.0000   15.0000   22.500013431.7910   12.9920
    7.5000   15.0000   22.500012910.0469   12.9778
   -7.5000   22.5000   22.500011699.0859   13.0143
    0.0000   22.5000   22.500012165.7627   13.0165
    7.5000   22.5000   22.500011657.2773   13.0059
   -7.5000   30.0000   22.500010552.8008   13.0039
    0.0000   30.0000   22.500010951.6123   13.0044
    7.5000   30.0000   22.500010477.8174   12.9910
   -7.5000   37.5000   22.5000 9774.2646   13.2595
    0.0000   37.5000   22.500010165.5215   13.2558
    7.5000   37.5000   22.5000 9709.6533   13.2353
   -7.5000   45.0000   22.5000 8653.7207   13.2828
    0.0000   45.0000   22.5000 9007.5039   13.2752
    7.5000   45.0000   22.5000 8609.4873   13.2500
   -7.5000  -45.0000   30.000011971.0381   13.0451
    0.0000  -45.0000   30.000012542.2363   13.0484
    7.5000  -45.0000   30.000012128.2754   13.0294
   -7.5000  -37.5000   30.000012318.4473   13.0280
    0.0000  -37.5000   30.000012938.5820   13.0325
    7.5000  -37.5000   30.000012499.5098   13.0162
   -7.5000  -30.0000   30.000013201.6338   13.0250
    0.0000  -30.0000   30.000013885.5293   13.0336
    7.5000  -30.0000   30.000013354.5361   13.0246
   -7.5000  -22.5000   30.000013804.4102   13.0280
    0.0000  -22.5000   30.000014491.8398   13.0391
    7.5000  -22.5000   30.000013979.1104   13.0351
   -7.5000  -15.0000   30.000014162.2119   13.0350
    0.0000  -15.0000   30.000014835.6182   13.0447
    7.5000  -15.0000   30.000014316.9033   13.0388
   -7.5000   -7.5000   30.000014352.5342   13.0367
    0.0000   -7.5000   30.000015022.2188   13.0427
    7.5000   -7.5000   30.000014472.2090   13.0291
   -7.5000    0.0000   30.000014379.4287   13.0313
    0.0000    0.0000   30.000015000.2256   13.0346
    7.5000    0.0000   30.000014449.6934   13.0156
   -7.5000    7.5000   30.000013363.6240   13.0265
    0.0000    7.5000   30.000013935.6875   13.0310
    7.5000    7.5000   30.000013433.2422   13.0148
   -7.5000   15.0000   30.000012260.9141   13.0253
    0.0000   15.0000   30.000012794.6465   13.0339
    7.5000   15.0000   30.000012321.5068   13.0249
   -7.5000   22.5000   30.000011112.1377   13.0398
    0.0000   22.5000   30.000011577.9004   13.0508
    7.5000   22.5000   30.000011117.9805   13.0468
   -7.5000   30.0000   30.000010013.7783   13.0228
    0.0000   30.0000   30.000010410.9072   13.0328
    7.5000   30.0000   30.0000 9989.7842   13.0261
   -7.5000   37.5000   30.0000 9285.9785   13.2793
    0.0000   37.5000   30.0000 9659.4609   13.2876
    7.5000   37.5000   30.0000 9237.9268   13.2718
   -7.5000   45.0000   30.0000 8231.9932   13.3113
    0.0000   45.0000   30.0000 8547.6357   13.3164
    7.5000   45.0000   30.0000 8178.3530   13.2937
   -7.5000  -45.0000   37.500011597.4570   13.0752
    0.0000  -45.0000   37.500012155.1719   13.0842
    7.5000  -45.0000   37.500011742.8340   13.0681
   -7.5000  -37.5000   37.500011993.5361   13.0635
    0.0000  -37.5000   37.500012576.9775   13.0705
    7.5000  -37.5000   37.500012136.6006   13.0562
   -7.5000  -30.0000   37.500012794.8672   13.0601
    0.0000  -30.0000   37.500013368.7656   13.0689
    7.5000  -30.0000   37.500012924.1260   13.0625
   -7.5000  -22.5000   37.500013382.5479   13.0564
    0.0000  -22.5000   37.500013947.6699   13.0688
    7.5000  -22.5000   37.500013515.0605   13.0693
   -7.5000  -15.0000   37.500013820.1748   13.0573
    0.0000  -15.0000   37.500014387.1553   13.0715
    7.5000  -15.0000   37.500013917.7246   13.0710
   -7.5000   -7.5000   37.500014086.1006   13.0602
    0.0000   -7.5000   37.500014689.0889   13.0728
    7.5000   -7.5000   37.500014155.8545   13.0637
   -7.5000    0.0000   37.500014125.2725   13.0613
    0.0000    0.0000   37.500014698.0625   13.0703
    7.5000    0.0000   37.500014188.2803   13.0542
   -7.5000    7.5000   37.500013109.5840   13.0620
    0.0000    7.5000   37.500013643.5205   13.0691
    7.5000    7.5000   37.500013176.3066   13.0547
   -7.5000   15.0000   37.500012012.4199   13.0603
    0.0000   15.0000   37.500012529.1611   13.0691
    7.5000   15.0000   37.500012065.0947   13.0627
   -7.5000   22.5000   37.500010867.6709   13.0681
    0.0000   22.5000   37.500011336.8691   13.0805
    7.5000   22.5000   37.500010883.5469   13.0809
   -7.5000   30.0000   37.5000 9763.2295   13.0433
    0.0000   30.0000   37.500010179.5449   13.0577
    7.5000   30.0000   37.5000 9775.0400   13.0564
   -7.5000   37.5000   37.5000 9050.2734   13.3036
    0.0000   37.5000   37.5000 9431.9307   13.3176
    7.5000   37.5000   37.5000 9031.9932   13.3056
   -7.5000   45.0000   37.5000 8031.8579   13.3455
    0.0000   45.0000   37.5000 8342.2568   13.3556
    7.5000   45.0000   37.5000 8001.5376   13.3340
   -7.5000  -45.0000   45.000010718.1143   13.1606
    0.0000  -45.0000   45.000011213.2920   13.1630
    7.5000  -45.0000   45.000010820.8965   13.1457
   -7.5000  -37.5000   45.000011088.6465   13.1463
    0.0000  -37.5000   45.000011609.3750   13.1445
    7.5000  -37.5000   45.000011182.6494   13.1282
   -7.5000  -30.0000   45.000011807.4277   13.1410
    0.0000  -30.0000   45.000012316.8311   13.1407
    7.5000  -30.0000   45.000011899.9883   13.1321
   -7.5000  -22.5000   45.000012405.1680   13.1380
    0.0000  -22.5000   45.000012916.2666   13.1437
    7.5000  -22.5000   45.000012462.2109   13.1428
   -7.5000  -15.0000   45.000012860.3916   13.1406
    0.0000  -15.0000   45.000013402.1826   13.1507
    7.5000  -15.0000   45.000012906.1768   13.1498
   -7.5000   -7.5000   45.000013140.2334   13.1452
    0.0000   -7.5000   45.000013696.4756   13.1534
    7.5000   -7.5000   45.000013185.1201   13.1439
   -7.5000    0.0000   45.000013164.8096   13.1463
    0.0000    0.0000   45.000013728.5312   13.1487
    7.5000    0.0000   45.000013236.5469   13.1316
   -7.5000    7.5000   45.000012197.5898   13.1448
    0.0000    7.5000   45.000012720.4434   13.1430
    7.5000    7.5000   45.000012271.8760   13.1267
   -7.5000   15.0000   45.000011214.3721   13.1411
    0.0000   15.0000   45.000011695.6025   13.1407
    7.5000   15.0000   45.000011243.0430   13.1322
   -7.5000   22.5000   45.000010166.2607   13.1492
    0.0000   22.5000   45.000010594.2188   13.1550
    7.5000   22.5000   45.000010164.0645   13.1542
   -7.5000   30.0000   45.0000 9114.6445   13.1216
    0.0000   30.0000   45.0000 9475.5225   13.1319
    7.5000   30.0000   45.0000 9102.7900   13.1302
   -7.5000   37.5000   45.0000 8424.1787   13.3768
    0.0000   37.5000   45.0000 8766.9287   13.3855
    7.5000   37.5000   45.0000 8417.2666   13.3729
   -7.5000   45.0000   45.0000 7472.0791   13.4173
    0.0000   45.0000   45.0000 7765.4248   13.4204
    7.5000   45.0000   45.0000 7457.9956   13.3973

---------------------------------------------------------------------
imgreg_4dfp /opt/freesurfer/average/711-2C_as_mni_average_305 /opt/freesurfer/average/711-2B_as_mni_average_305_mask talsrcimg_g11 none talsrcimg_to_711-2C_as_mni_average_305_t4 4355
---------------------------------------------------------------------

freesurfer imgreg_4dfp.c
/opt/freesurfer/average/711-2C_as_mni_average_305.4dfp.img
       256       256       256         1
  1.000000  1.000000  1.000000
orientation T byte_order littleendian
Reading image: /opt/freesurfer/average/711-2C_as_mni_average_305.4dfp.img
dimensions:      256       256       256
mmppix:       1.0000   -1.0000   -1.0000
center:     128.0000 -129.0000 -129.0000
/opt/freesurfer/average/711-2B_as_mni_average_305_mask.4dfp.img
       256       256       256         1
  1.000000  1.000000  1.000000
orientation T byte_order littleendian
Reading mask: /opt/freesurfer/average/711-2B_as_mni_average_305_mask.4dfp.img (2306576 pixels)
talsrcimg_g11.4dfp.img
       256       256       256         1
  1.000000  1.000000  1.000000
orientation T byte_order littleendian
Reading image: talsrcimg_g11.4dfp.img
dimensions:      256       256       256
mmppix:       1.0000   -1.0000   -1.0000
center:     128.0000 -129.0000 -129.0000
rotation matrix determinant  1.000000
image alignment mode   4355 decimal     1103 hex
   -7.5000  -45.0000  -45.0000 2229.5151   13.0548
    0.0000  -45.0000  -45.0000 2242.3940   12.8105
    7.5000  -45.0000  -45.0000 2247.6345   12.8167
   -7.5000  -37.5000  -45.0000 2231.5815   12.9768
    0.0000  -37.5000  -45.0000 2243.2188   12.7102
    7.5000  -37.5000  -45.0000 2248.1077   12.7408
   -7.5000  -30.0000  -45.0000 2223.3550   13.1347
    0.0000  -30.0000  -45.0000 2234.4795   12.8593
    7.5000  -30.0000  -45.0000 2233.6008   12.8886
   -7.5000  -22.5000  -45.0000 2205.1643   13.4396
    0.0000  -22.5000  -45.0000 2215.0308   13.2176
    7.5000  -22.5000  -45.0000 2213.7566   13.2421
   -7.5000  -15.0000  -45.0000 2177.3108   13.9302
    0.0000  -15.0000  -45.0000 2185.9521   13.7112
    7.5000  -15.0000  -45.0000 2183.3953   13.7653
   -7.5000   -7.5000  -45.0000 2134.1265   14.6265
    0.0000   -7.5000  -45.0000 2145.3735   14.4175
    7.5000   -7.5000  -45.0000 2145.6763   14.4747
   -7.5000    0.0000  -45.0000 2077.3145   15.5974
    0.0000    0.0000  -45.0000 2090.0569   15.3700
    7.5000    0.0000  -45.0000 2091.9175   15.4644
   -7.5000    7.5000  -45.0000 2016.0504   16.8981
    0.0000    7.5000  -45.0000 2029.5530   16.6209
    7.5000    7.5000  -45.0000 2025.2960   16.7029
   -7.5000   15.0000  -45.0000 1937.2214   18.5850
    0.0000   15.0000  -45.0000 1942.8688   18.2194
    7.5000   15.0000  -45.0000 1941.0344   18.3552
   -7.5000   22.5000  -45.0000 1846.6067   20.6793
    0.0000   22.5000  -45.0000 1847.3901   20.3199
    7.5000   22.5000  -45.0000 1839.9652   20.5756
   -7.5000   30.0000  -45.0000 1738.9347   23.4547
    0.0000   30.0000  -45.0000 1741.3209   23.0504
    7.5000   30.0000  -45.0000 1732.6838   23.3217
   -7.5000   37.5000  -45.0000 1626.2542   26.9804
    0.0000   37.5000  -45.0000 1630.4823   26.5893
    7.5000   37.5000  -45.0000 1630.3788   26.8956
   -7.5000   45.0000  -45.0000 1504.3481   31.7831
    0.0000   45.0000  -45.0000 1515.9225   31.3247
    7.5000   45.0000  -45.0000 1515.9259   31.6315
   -7.5000  -45.0000  -37.5000 2331.8118   11.9950
    0.0000  -45.0000  -37.5000 2348.0413   11.7527
    7.5000  -45.0000  -37.5000 2350.3013   11.7605
   -7.5000  -37.5000  -37.5000 2334.9436   11.8612
    0.0000  -37.5000  -37.5000 2352.7339   11.6373
    7.5000  -37.5000  -37.5000 2351.5112   11.6372
   -7.5000  -30.0000  -37.5000 2331.2991   11.9630
    0.0000  -30.0000  -37.5000 2342.8040   11.7080
    7.5000  -30.0000  -37.5000 2338.2942   11.7327
   -7.5000  -22.5000  -37.5000 2316.3396   12.2374
    0.0000  -22.5000  -37.5000 2331.9277   11.9859
    7.5000  -22.5000  -37.5000 2326.4243   11.9965
   -7.5000  -15.0000  -37.5000 2289.3550   12.6379
    0.0000  -15.0000  -37.5000 2301.9673   12.4159
    7.5000  -15.0000  -37.5000 2298.1665   12.4526
   -7.5000   -7.5000  -37.5000 2244.3823   13.2656
    0.0000   -7.5000  -37.5000 2255.8899   13.0464
    7.5000   -7.5000  -37.5000 2251.7205   13.1117
   -7.5000    0.0000  -37.5000 2183.5493   14.1280
    0.0000    0.0000  -37.5000 2197.6929   13.9038
    7.5000    0.0000  -37.5000 2197.0146   13.9726
   -7.5000    7.5000  -37.5000 2122.8137   15.2786
    0.0000    7.5000  -37.5000 2130.3408   15.0396
    7.5000    7.5000  -37.5000 2129.4656   15.0836
   -7.5000   15.0000  -37.5000 2039.0424   16.7614
    0.0000   15.0000  -37.5000 2045.8303   16.4862
    7.5000   15.0000  -37.5000 2042.4962   16.5462
   -7.5000   22.5000  -37.5000 1940.4597   18.6005
    0.0000   22.5000  -37.5000 1943.0586   18.3822
    7.5000   22.5000  -37.5000 1933.8091   18.5345
   -7.5000   30.0000  -37.5000 1828.2749   21.1305
    0.0000   30.0000  -37.5000 1833.0389   20.8590
    7.5000   30.0000  -37.5000 1821.2366   21.0457
   -7.5000   37.5000  -37.5000 1702.6375   24.2717
    0.0000   37.5000  -37.5000 1710.3677   23.9792
    7.5000   37.5000  -37.5000 1703.5209   24.1817
   -7.5000   45.0000  -37.5000 1581.1469   28.5458
    0.0000   45.0000  -37.5000 1588.9524   28.0862
    7.5000   45.0000  -37.5000 1583.9236   28.3320
   -7.5000  -45.0000  -30.0000 2482.6616   11.4679
    0.0000  -45.0000  -30.0000 2503.0903   11.2359
    7.5000  -45.0000  -30.0000 2502.0129   11.2571
   -7.5000  -37.5000  -30.0000 2485.4963   11.3040
    0.0000  -37.5000  -30.0000 2506.2717   11.0779
    7.5000  -37.5000  -30.0000 2504.8257   11.1037
   -7.5000  -30.0000  -30.0000 2482.9832   11.3205
    0.0000  -30.0000  -30.0000 2500.8396   11.0978
    7.5000  -30.0000  -30.0000 2499.4209   11.1225
   -7.5000  -22.5000  -30.0000 2467.2166   11.5430
    0.0000  -22.5000  -30.0000 2487.1179   11.3019
    7.5000  -22.5000  -30.0000 2484.1299   11.3185
   -7.5000  -15.0000  -30.0000 2440.2800   11.9109
    0.0000  -15.0000  -30.0000 2457.4929   11.6908
    7.5000  -15.0000  -30.0000 2447.9316   11.7408
   -7.5000   -7.5000  -30.0000 2394.3745   12.5054
    0.0000   -7.5000  -30.0000 2410.5928   12.2927
    7.5000   -7.5000  -30.0000 2401.2903   12.3653
   -7.5000    0.0000  -30.0000 2332.8176   13.2870
    0.0000    0.0000  -30.0000 2347.6709   13.0794
    7.5000    0.0000  -30.0000 2345.4556   13.1582
   -7.5000    7.5000  -30.0000 2263.3469   14.3340
    0.0000    7.5000  -30.0000 2275.7024   14.1103
    7.5000    7.5000  -30.0000 2273.5178   14.1601
   -7.5000   15.0000  -30.0000 2174.9426   15.6953
    0.0000   15.0000  -30.0000 2183.2344   15.4360
    7.5000   15.0000  -30.0000 2175.6584   15.5269
   -7.5000   22.5000  -30.0000 2070.8728   17.4928
    0.0000   22.5000  -30.0000 2075.3276   17.2402
    7.5000   22.5000  -30.0000 2061.9749   17.3645
   -7.5000   30.0000  -30.0000 1945.6180   19.8490
    0.0000   30.0000  -30.0000 1957.8907   19.6069
    7.5000   30.0000  -30.0000 1947.1106   19.7729
   -7.5000   37.5000  -30.0000 1813.6925   22.7329
    0.0000   37.5000  -30.0000 1824.7484   22.4619
    7.5000   37.5000  -30.0000 1817.7130   22.6387
   -7.5000   45.0000  -30.0000 1681.0874   26.5776
    0.0000   45.0000  -30.0000 1686.6698   26.2249
    7.5000   45.0000  -30.0000 1680.4103   26.4530
   -7.5000  -45.0000  -22.5000 2603.0833   10.8352
    0.0000  -45.0000  -22.5000 2626.9673   10.6318
    7.5000  -45.0000  -22.5000 2623.9792   10.6677
   -7.5000  -37.5000  -22.5000 2612.1895   10.6457
    0.0000  -37.5000  -22.5000 2636.9524   10.4469
    7.5000  -37.5000  -22.5000 2632.8220   10.4989
   -7.5000  -30.0000  -22.5000 2610.1768   10.6544
    0.0000  -30.0000  -22.5000 2632.7502   10.4509
    7.5000  -30.0000  -22.5000 2626.0752   10.4950
   -7.5000  -22.5000  -22.5000 2599.5393   10.8145
    0.0000  -22.5000  -22.5000 2616.7732   10.6085
    7.5000  -22.5000  -22.5000 2609.1487   10.6527
   -7.5000  -15.0000  -22.5000 2567.8359   11.1671
    0.0000  -15.0000  -22.5000 2584.2488   10.9641
    7.5000  -15.0000  -22.5000 2575.4236   11.0322
   -7.5000   -7.5000  -22.5000 2519.8164   11.7064
    0.0000   -7.5000  -22.5000 2537.8174   11.5178
    7.5000   -7.5000  -22.5000 2528.7146   11.5901
   -7.5000    0.0000  -22.5000 2463.0164   12.4356
    0.0000    0.0000  -22.5000 2478.7461   12.2275
    7.5000    0.0000  -22.5000 2471.4553   12.3032
   -7.5000    7.5000  -22.5000 2384.3110   13.4147
    0.0000    7.5000  -22.5000 2400.8396   13.1943
    7.5000    7.5000  -22.5000 2396.7488   13.2274
   -7.5000   15.0000  -22.5000 2282.6587   14.6723
    0.0000   15.0000  -22.5000 2299.7937   14.4421
    7.5000   15.0000  -22.5000 2292.6409   14.4980
   -7.5000   22.5000  -22.5000 2176.5891   16.3376
    0.0000   22.5000  -22.5000 2183.6531   16.1197
    7.5000   22.5000  -22.5000 2171.5227   16.2052
   -7.5000   30.0000  -22.5000 2045.8019   18.5177
    0.0000   30.0000  -22.5000 2057.8264   18.2826
    7.5000   30.0000  -22.5000 2047.5156   18.3598
   -7.5000   37.5000  -22.5000 1911.3119   21.2019
    0.0000   37.5000  -22.5000 1923.5448   20.9633
    7.5000   37.5000  -22.5000 1913.8170   21.0847
   -7.5000   45.0000  -22.5000 1765.0039   24.7115
    0.0000   45.0000  -22.5000 1765.4224   24.3710
    7.5000   45.0000  -22.5000 1761.7887   24.6116
   -7.5000  -45.0000  -15.0000 2688.2595   10.2471
    0.0000  -45.0000  -15.0000 2715.5037   10.0538
    7.5000  -45.0000  -15.0000 2719.1777   10.1063
   -7.5000  -37.5000  -15.0000 2706.3782   10.0493
    0.0000  -37.5000  -15.0000 2735.0330    9.8406
    7.5000  -37.5000  -15.0000 2733.6194    9.9040
   -7.5000  -30.0000  -15.0000 2709.9187   10.0001
    0.0000  -30.0000  -15.0000 2735.6143    9.8221
    7.5000  -30.0000  -15.0000 2729.4861    9.8950
   -7.5000  -22.5000  -15.0000 2698.9573   10.1222
    0.0000  -22.5000  -15.0000 2719.7644    9.9607
    7.5000  -22.5000  -15.0000 2710.4880   10.0218
   -7.5000  -15.0000  -15.0000 2667.7673   10.4546
    0.0000  -15.0000  -15.0000 2689.0461   10.2934
    7.5000  -15.0000  -15.0000 2677.4219   10.3526
   -7.5000   -7.5000  -15.0000 2623.3042   10.9654
    0.0000   -7.5000  -15.0000 2642.6375   10.7808
    7.5000   -7.5000  -15.0000 2632.2065   10.8540
   -7.5000    0.0000  -15.0000 2560.3596   11.6424
    0.0000    0.0000  -15.0000 2578.3186   11.4513
    7.5000    0.0000  -15.0000 2567.7417   11.5070
   -7.5000    7.5000  -15.0000 2477.5867   12.5568
    0.0000    7.5000  -15.0000 2494.2617   12.3635
    7.5000    7.5000  -15.0000 2487.4382   12.3880
   -7.5000   15.0000  -15.0000 2374.6333   13.7579
    0.0000   15.0000  -15.0000 2392.7244   13.5619
    7.5000   15.0000  -15.0000 2386.6965   13.6017
   -7.5000   22.5000  -15.0000 2254.7029   15.3158
    0.0000   22.5000  -15.0000 2269.4204   15.1077
    7.5000   22.5000  -15.0000 2256.2646   15.1768
   -7.5000   30.0000  -15.0000 2117.0540   17.2973
    0.0000   30.0000  -15.0000 2132.5754   17.0960
    7.5000   30.0000  -15.0000 2117.9758   17.1457
   -7.5000   37.5000  -15.0000 1979.9968   19.7950
    0.0000   37.5000  -15.0000 1991.6644   19.5644
    7.5000   37.5000  -15.0000 1979.1996   19.6310
   -7.5000   45.0000  -15.0000 1825.1987   23.0176
    0.0000   45.0000  -15.0000 1822.2400   22.6815
    7.5000   45.0000  -15.0000 1820.4989   22.7924
   -7.5000  -45.0000   -7.5000 2754.9316    9.7117
    0.0000  -45.0000   -7.5000 2786.5771    9.5189
    7.5000  -45.0000   -7.5000 2790.1040    9.5685
   -7.5000  -37.5000   -7.5000 2780.3303    9.4859
    0.0000  -37.5000   -7.5000 2812.2500    9.2903
    7.5000  -37.5000   -7.5000 2813.4519    9.3443
   -7.5000  -30.0000   -7.5000 2784.3174    9.4038
    0.0000  -30.0000   -7.5000 2821.6543    9.2388
    7.5000  -30.0000   -7.5000 2812.5791    9.3025
   -7.5000  -22.5000   -7.5000 2781.6030    9.5071
    0.0000  -22.5000   -7.5000 2810.7668    9.3601
    7.5000  -22.5000   -7.5000 2800.6609    9.4157
   -7.5000  -15.0000   -7.5000 2753.9126    9.8196
    0.0000  -15.0000   -7.5000 2781.8318    9.6596
    7.5000  -15.0000   -7.5000 2768.5232    9.7057
   -7.5000   -7.5000   -7.5000 2706.1604   10.2667
    0.0000   -7.5000   -7.5000 2728.3999   10.0882
    7.5000   -7.5000   -7.5000 2721.1562   10.1495
   -7.5000    0.0000   -7.5000 2641.8174   10.9149
    0.0000    0.0000   -7.5000 2658.0359   10.7221
    7.5000    0.0000   -7.5000 2649.0010   10.7768
   -7.5000    7.5000   -7.5000 2552.0039   11.7815
    0.0000    7.5000   -7.5000 2565.6316   11.5908
    7.5000    7.5000   -7.5000 2559.6787   11.6283
   -7.5000   15.0000   -7.5000 2444.1130   12.9419
    0.0000   15.0000   -7.5000 2456.8599   12.7306
    7.5000   15.0000   -7.5000 2455.2173   12.7922
   -7.5000   22.5000   -7.5000 2323.8330   14.4159
    0.0000   22.5000   -7.5000 2339.3899   14.1905
    7.5000   22.5000   -7.5000 2327.7927   14.2734
   -7.5000   30.0000   -7.5000 2182.3228   16.2492
    0.0000   30.0000   -7.5000 2195.7996   16.0429
    7.5000   30.0000   -7.5000 2181.3391   16.1096
   -7.5000   37.5000   -7.5000 2034.0227   18.5547
    0.0000   37.5000   -7.5000 2043.4572   18.2777
    7.5000   37.5000   -7.5000 2030.5776   18.3525
   -7.5000   45.0000   -7.5000 1870.3745   21.5762
    0.0000   45.0000   -7.5000 1873.5667   21.2122
    7.5000   45.0000   -7.5000 1872.3282   21.2472
   -7.5000  -45.0000    0.0000 2799.8906    9.3474
    0.0000  -45.0000    0.0000 2830.1780    9.1436
    7.5000  -45.0000    0.0000 2833.2664    9.1709
   -7.5000  -37.5000    0.0000 2834.0686    9.0512
    0.0000  -37.5000    0.0000 2866.1685    8.8486
    7.5000  -37.5000    0.0000 2866.2949    8.8995
   -7.5000  -30.0000    0.0000 2846.5117    8.9594
    0.0000  -30.0000    0.0000 2883.5962    8.7658
    7.5000  -30.0000    0.0000 2876.0754    8.8233
   -7.5000  -22.5000    0.0000 2851.6492    9.0530
    0.0000  -22.5000    0.0000 2886.5554    8.8591
    7.5000  -22.5000    0.0000 2872.1628    8.9052
   -7.5000  -15.0000    0.0000 2826.2437    9.3317
    0.0000  -15.0000    0.0000 2858.7920    9.1329
    7.5000  -15.0000    0.0000 2844.4351    9.1757
   -7.5000   -7.5000    0.0000 2773.7432    9.7413
    0.0000   -7.5000    0.0000 2800.5955    9.5429
    7.5000   -7.5000    0.0000 2792.8525    9.6111
   -7.5000    0.0000    0.0000 2704.0029   10.3336
    0.0000    0.0000    0.0000 2725.8972   10.1242
    7.5000    0.0000    0.0000 2717.0195   10.1983
   -7.5000    7.5000    0.0000 2612.7620   11.1772
    0.0000    7.5000    0.0000 2628.8982   10.9504
    7.5000    7.5000    0.0000 2622.8887   11.0220
   -7.5000   15.0000    0.0000 2502.8252   12.2984
    0.0000   15.0000    0.0000 2518.5823   12.0533
    7.5000   15.0000    0.0000 2510.9797   12.1278
   -7.5000   22.5000    0.0000 2380.0886   13.7188
    0.0000   22.5000    0.0000 2395.7156   13.4646
    7.5000   22.5000    0.0000 2384.3020   13.5320
   -7.5000   30.0000    0.0000 2230.9480   15.4624
    0.0000   30.0000    0.0000 2243.9985   15.2176
    7.5000   30.0000    0.0000 2231.0996   15.3160
   -7.5000   37.5000    0.0000 2078.0056   17.6377
    0.0000   37.5000    0.0000 2085.5635   17.3583
    7.5000   37.5000    0.0000 2075.9377   17.4589
   -7.5000   45.0000    0.0000 1911.3134   20.4416
    0.0000   45.0000    0.0000 1920.1149   20.0642
    7.5000   45.0000    0.0000 1918.0496   20.1721
   -7.5000  -45.0000    7.5000 2819.9104    9.1434
    0.0000  -45.0000    7.5000 2847.3152    8.9363
    7.5000  -45.0000    7.5000 2848.3618    8.9424
   -7.5000  -37.5000    7.5000 2867.5056    8.7865
    0.0000  -37.5000    7.5000 2899.6382    8.5835
    7.5000  -37.5000    7.5000 2902.3567    8.5998
   -7.5000  -30.0000    7.5000 2893.1633    8.6583
    0.0000  -30.0000    7.5000 2932.7178    8.4339
    7.5000  -30.0000    7.5000 2924.7300    8.4859
   -7.5000  -22.5000    7.5000 2908.3477    8.7335
    0.0000  -22.5000    7.5000 2946.2939    8.4866
    7.5000  -22.5000    7.5000 2927.9365    8.5522
   -7.5000  -15.0000    7.5000 2888.3918    8.9867
    0.0000  -15.0000    7.5000 2924.9983    8.7555
    7.5000  -15.0000    7.5000 2902.5630    8.8238
   -7.5000   -7.5000    7.5000 2835.3374    9.3485
    0.0000   -7.5000    7.5000 2869.4119    9.1411
    7.5000   -7.5000    7.5000 2851.4624    9.2169
   -7.5000    0.0000    7.5000 2758.2224    9.8938
    0.0000    0.0000    7.5000 2785.8809    9.6862
    7.5000    0.0000    7.5000 2773.1562    9.7657
   -7.5000    7.5000    7.5000 2657.9304   10.7091
    0.0000    7.5000    7.5000 2679.4441   10.4914
    7.5000    7.5000    7.5000 2670.3718   10.5586
   -7.5000   15.0000    7.5000 2548.0544   11.8130
    0.0000   15.0000    7.5000 2563.8042   11.5806
    7.5000   15.0000    7.5000 2551.7100   11.6493
   -7.5000   22.5000    7.5000 2419.0801   13.2108
    0.0000   22.5000    7.5000 2432.4021   12.9676
    7.5000   22.5000    7.5000 2418.5232   13.0440
   -7.5000   30.0000    7.5000 2269.7546   14.9098
    0.0000   30.0000    7.5000 2275.6243   14.6920
    7.5000   30.0000    7.5000 2261.5054   14.7633
   -7.5000   37.5000    7.5000 2112.4768   16.9586
    0.0000   37.5000    7.5000 2121.1665   16.7177
    7.5000   37.5000    7.5000 2113.4241   16.8302
   -7.5000   45.0000    7.5000 1943.9403   19.5624
    0.0000   45.0000    7.5000 1957.3900   19.2136
    7.5000   45.0000    7.5000 1950.6967   19.3781
   -7.5000  -45.0000   15.0000 2813.8184    9.0681
    0.0000  -45.0000   15.0000 2836.4170    8.8453
    7.5000  -45.0000   15.0000 2834.6702    8.8790
   -7.5000  -37.5000   15.0000 2876.0801    8.6839
    0.0000  -37.5000   15.0000 2899.9727    8.4985
    7.5000  -37.5000   15.0000 2904.8872    8.5189
   -7.5000  -30.0000   15.0000 2917.7134    8.5441
    0.0000  -30.0000   15.0000 2954.9580    8.3672
    7.5000  -30.0000   15.0000 2951.1782    8.3743
   -7.5000  -22.5000   15.0000 2945.7336    8.5561
    0.0000  -22.5000   15.0000 2992.0332    8.3281
    7.5000  -22.5000   15.0000 2968.5310    8.3963
   -7.5000  -15.0000   15.0000 2932.9187    8.7771
    0.0000  -15.0000   15.0000 2971.1980    8.5411
    7.5000  -15.0000   15.0000 2938.5942    8.6286
   -7.5000   -7.5000   15.0000 2877.5383    9.1108
    0.0000   -7.5000   15.0000 2910.4514    8.8981
    7.5000   -7.5000   15.0000 2886.2625    8.9785
   -7.5000    0.0000   15.0000 2798.8230    9.6221
    0.0000    0.0000   15.0000 2824.5093    9.4208
    7.5000    0.0000   15.0000 2809.4514    9.4943
   -7.5000    7.5000   15.0000 2692.7366   10.4104
    0.0000    7.5000   15.0000 2716.6401   10.2029
    7.5000    7.5000   15.0000 2705.3726   10.2629
   -7.5000   15.0000   15.0000 2572.9966   11.4964
    0.0000   15.0000   15.0000 2591.3298   11.2928
    7.5000   15.0000   15.0000 2576.0110   11.3524
   -7.5000   22.5000   15.0000 2443.7952   12.8598
    0.0000   22.5000   15.0000 2455.3503   12.6730
    7.5000   22.5000   15.0000 2437.2573   12.7293
   -7.5000   30.0000   15.0000 2292.0083   14.5300
    0.0000   30.0000   15.0000 2297.0942   14.3671
    7.5000   30.0000   15.0000 2281.8850   14.4408
   -7.5000   37.5000   15.0000 2130.4458   16.5542
    0.0000   37.5000   15.0000 2139.4988   16.3538
    7.5000   37.5000   15.0000 2127.0149   16.4554
   -7.5000   45.0000   15.0000 1965.6300   19.0970
    0.0000   45.0000   15.0000 1977.3793   18.7694
    7.5000   45.0000   15.0000 1965.0682   18.9168
   -7.5000  -45.0000   22.5000 2794.1868    9.1454
    0.0000  -45.0000   22.5000 2814.5723    8.9422
    7.5000  -45.0000   22.5000 2805.9434    9.0155
   -7.5000  -37.5000   22.5000 2865.1648    8.7076
    0.0000  -37.5000   22.5000 2889.1582    8.5275
    7.5000  -37.5000   22.5000 2888.6816    8.6002
   -7.5000  -30.0000   22.5000 2923.1633    8.5500
    0.0000  -30.0000   22.5000 2953.2261    8.4121
    7.5000  -30.0000   22.5000 2953.1416    8.4267
   -7.5000  -22.5000   22.5000 2962.4412    8.5814
    0.0000  -22.5000   22.5000 3008.1257    8.4271
    7.5000  -22.5000   22.5000 2978.0129    8.4652
   -7.5000  -15.0000   22.5000 2958.8940    8.7337
    0.0000  -15.0000   22.5000 2994.5305    8.5259
    7.5000  -15.0000   22.5000 2956.2603    8.6106
   -7.5000   -7.5000   22.5000 2903.9307    9.0410
    0.0000   -7.5000   22.5000 2931.8557    8.8268
    7.5000   -7.5000   22.5000 2900.0312    8.9139
   -7.5000    0.0000   22.5000 2817.7310    9.5590
    0.0000    0.0000   22.5000 2843.7151    9.3358
    7.5000    0.0000   22.5000 2825.4475    9.4023
   -7.5000    7.5000   22.5000 2716.8284   10.3139
    0.0000    7.5000   22.5000 2736.9253   10.1063
    7.5000    7.5000   22.5000 2721.9009   10.1554
   -7.5000   15.0000   22.5000 2591.8821   11.3766
    0.0000   15.0000   22.5000 2607.9482   11.1620
    7.5000   15.0000   22.5000 2594.9641   11.1976
   -7.5000   22.5000   22.5000 2454.6238   12.7498
    0.0000   22.5000   22.5000 2462.8555   12.5233
    7.5000   22.5000   22.5000 2445.8767   12.5675
   -7.5000   30.0000   22.5000 2297.9319   14.3840
    0.0000   30.0000   22.5000 2301.6479   14.1903
    7.5000   30.0000   22.5000 2289.0178   14.2717
   -7.5000   37.5000   22.5000 2136.0852   16.3483
    0.0000   37.5000   22.5000 2145.6587   16.1472
    7.5000   37.5000   22.5000 2131.8726   16.2685
   -7.5000   45.0000   22.5000 1973.5850   18.8144
    0.0000   45.0000   22.5000 1985.2915   18.5532
    7.5000   45.0000   22.5000 1971.5195   18.6787
   -7.5000  -45.0000   30.0000 2762.0334    9.3860
    0.0000  -45.0000   30.0000 2780.3860    9.1846
    7.5000  -45.0000   30.0000 2770.0481    9.2635
   -7.5000  -37.5000   30.0000 2841.5466    8.8972
    0.0000  -37.5000   30.0000 2862.4780    8.6974
    7.5000  -37.5000   30.0000 2857.8093    8.7920
   -7.5000  -30.0000   30.0000 2908.3052    8.6854
    0.0000  -30.0000   30.0000 2937.2424    8.4985
    7.5000  -30.0000   30.0000 2927.0811    8.5522
   -7.5000  -22.5000   30.0000 2952.0588    8.6696
    0.0000  -22.5000   30.0000 2993.0417    8.4679
    7.5000  -22.5000   30.0000 2958.3865    8.5412
   -7.5000  -15.0000   30.0000 2944.4863    8.8238
    0.0000  -15.0000   30.0000 2976.8025    8.5870
    7.5000  -15.0000   30.0000 2943.3997    8.7035
   -7.5000   -7.5000   30.0000 2892.2737    9.1789
    0.0000   -7.5000   30.0000 2916.2026    8.9515
    7.5000   -7.5000   30.0000 2889.8635    9.0264
   -7.5000    0.0000   30.0000 2808.4775    9.7010
    0.0000    0.0000   30.0000 2829.8269    9.4716
    7.5000    0.0000   30.0000 2813.7231    9.5242
   -7.5000    7.5000   30.0000 2709.5947   10.4394
    0.0000    7.5000   30.0000 2729.2029   10.2062
    7.5000    7.5000   30.0000 2714.1724   10.2544
   -7.5000   15.0000   30.0000 2583.9153   11.4379
    0.0000   15.0000   30.0000 2600.0955   11.2161
    7.5000   15.0000   30.0000 2590.2639   11.2446
   -7.5000   22.5000   30.0000 2446.3103   12.7493
    0.0000   22.5000   30.0000 2455.7637   12.5155
    7.5000   22.5000   30.0000 2441.7219   12.5457
   -7.5000   30.0000   30.0000 2289.9419   14.3498
    0.0000   30.0000   30.0000 2293.9072   14.1190
    7.5000   30.0000   30.0000 2281.7703   14.2100
   -7.5000   37.5000   30.0000 2127.7039   16.3309
    0.0000   37.5000   30.0000 2138.5012   16.0892
    7.5000   37.5000   30.0000 2122.0801   16.2110
   -7.5000   45.0000   30.0000 1964.8180   18.7689
    0.0000   45.0000   30.0000 1971.9103   18.5304
    7.5000   45.0000   30.0000 1963.3778   18.6409
   -7.5000  -45.0000   37.5000 2724.6050    9.7643
    0.0000  -45.0000   37.5000 2742.7729    9.5643
    7.5000  -45.0000   37.5000 2729.1899    9.6632
   -7.5000  -37.5000   37.5000 2808.7439    9.2586
    0.0000  -37.5000   37.5000 2830.0247    9.0487
    7.5000  -37.5000   37.5000 2818.2793    9.1509
   -7.5000  -30.0000   37.5000 2881.5171    9.0118
    0.0000  -30.0000   37.5000 2901.7468    8.8149
    7.5000  -30.0000   37.5000 2886.4800    8.8862
   -7.5000  -22.5000   37.5000 2924.0938    8.9142
    0.0000  -22.5000   37.5000 2945.8857    8.7014
    7.5000  -22.5000   37.5000 2913.5857    8.8356
   -7.5000  -15.0000   37.5000 2915.3958    9.0890
    0.0000  -15.0000   37.5000 2933.1836    8.8497
    7.5000  -15.0000   37.5000 2904.7517    8.9657
   -7.5000   -7.5000   37.5000 2863.9346    9.4714
    0.0000   -7.5000   37.5000 2883.4182    9.2359
    7.5000   -7.5000   37.5000 2855.9526    9.3057
   -7.5000    0.0000   37.5000 2778.0774   10.0159
    0.0000    0.0000   37.5000 2796.4170    9.7778
    7.5000    0.0000   37.5000 2784.4338    9.8273
   -7.5000    7.5000   37.5000 2680.3083   10.7262
    0.0000    7.5000   37.5000 2694.9993   10.4969
    7.5000    7.5000   37.5000 2690.7927   10.5423
   -7.5000   15.0000   37.5000 2558.6809   11.6607
    0.0000   15.0000   37.5000 2574.7258   11.4294
    7.5000   15.0000   37.5000 2563.0388   11.4752
   -7.5000   22.5000   37.5000 2425.5588   12.8935
    0.0000   22.5000   37.5000 2437.9146   12.6670
    7.5000   22.5000   37.5000 2420.6311   12.7009
   -7.5000   30.0000   37.5000 2265.4727   14.4459
    0.0000   30.0000   37.5000 2274.8513   14.2241
    7.5000   30.0000   37.5000 2264.2854   14.2972
   -7.5000   37.5000   37.5000 2108.3147   16.4144
    0.0000   37.5000   37.5000 2117.1191   16.1894
    7.5000   37.5000   37.5000 2105.4094   16.2790
   -7.5000   45.0000   37.5000 1946.2654   18.9321
    0.0000   45.0000   37.5000 1951.6302   18.6699
    7.5000   45.0000   37.5000 1949.1840   18.7772
   -7.5000  -45.0000   45.0000 2682.4819   10.3037
    0.0000  -45.0000   45.0000 2701.8674   10.0891
    7.5000  -45.0000   45.0000 2687.0479   10.1993
   -7.5000  -37.5000   45.0000 2768.3394    9.7901
    0.0000  -37.5000   45.0000 2785.5540    9.5956
    7.5000  -37.5000   45.0000 2770.8948    9.6713
   -7.5000  -30.0000   45.0000 2832.5938    9.4969
    0.0000  -30.0000   45.0000 2849.5918    9.3001
    7.5000  -30.0000   45.0000 2829.6494    9.3879
   -7.5000  -22.5000   45.0000 2873.9932    9.3576
    0.0000  -22.5000   45.0000 2883.6230    9.1724
    7.5000  -22.5000   45.0000 2858.4561    9.2967
   -7.5000  -15.0000   45.0000 2862.7888    9.5367
    0.0000  -15.0000   45.0000 2874.8604    9.3463
    7.5000  -15.0000   45.0000 2849.0986    9.4261
   -7.5000   -7.5000   45.0000 2814.4912    9.9023
    0.0000   -7.5000   45.0000 2828.7507    9.6984
    7.5000   -7.5000   45.0000 2805.7734    9.7554
   -7.5000    0.0000   45.0000 2732.0730   10.4178
    0.0000    0.0000   45.0000 2747.6646   10.1909
    7.5000    0.0000   45.0000 2738.1584   10.2496
   -7.5000    7.5000   45.0000 2631.1506   11.1042
    0.0000    7.5000   45.0000 2645.9597   10.8823
    7.5000    7.5000   45.0000 2644.3352   10.9365
   -7.5000   15.0000   45.0000 2518.4653   12.0485
    0.0000   15.0000   45.0000 2532.1641   11.8318
    7.5000   15.0000   45.0000 2519.2017   11.8659
   -7.5000   22.5000   45.0000 2392.7820   13.2513
    0.0000   22.5000   45.0000 2405.2373   13.0315
    7.5000   22.5000   45.0000 2387.3784   13.0659
   -7.5000   30.0000   45.0000 2235.4226   14.7637
    0.0000   30.0000   45.0000 2243.9045   14.5408
    7.5000   30.0000   45.0000 2233.5447   14.5983
   -7.5000   37.5000   45.0000 2075.3250   16.7172
    0.0000   37.5000   45.0000 2084.0498   16.5261
    7.5000   37.5000   45.0000 2076.0781   16.5684
   -7.5000   45.0000   45.0000 1916.4252   19.2674
    0.0000   45.0000   45.0000 1928.2441   18.9862
    7.5000   45.0000   45.0000 1923.1851   19.0602

---------------------------------------------------------------------
imgreg_4dfp /opt/freesurfer/average/711-2C_as_mni_average_305 /opt/freesurfer/average/711-2B_as_mni_average_305_mask talsrcimg_g11 none talsrcimg_to_711-2C_as_mni_average_305_t4 1283
---------------------------------------------------------------------

freesurfer imgreg_4dfp.c
/opt/freesurfer/average/711-2C_as_mni_average_305.4dfp.img
       256       256       256         1
  1.000000  1.000000  1.000000
orientation T byte_order littleendian
Reading image: /opt/freesurfer/average/711-2C_as_mni_average_305.4dfp.img
dimensions:      256       256       256
mmppix:       1.0000   -1.0000   -1.0000
center:     128.0000 -129.0000 -129.0000
/opt/freesurfer/average/711-2B_as_mni_average_305_mask.4dfp.img
       256       256       256         1
  1.000000  1.000000  1.000000
orientation T byte_order littleendian
Reading mask: /opt/freesurfer/average/711-2B_as_mni_average_305_mask.4dfp.img (2306576 pixels)
talsrcimg_g11.4dfp.img
       256       256       256         1
  1.000000  1.000000  1.000000
orientation T byte_order littleendian
Reading image: talsrcimg_g11.4dfp.img
dimensions:      256       256       256
mmppix:       1.0000   -1.0000   -1.0000
center:     128.0000 -129.0000 -129.0000
rotation matrix determinant  1.000000
fimgreg.f
image alignment mode   1283 decimal      503 hex
parameters
    0.0000  -22.5000   22.5000    0.0000    0.0000    0.0000
eta,q 0.94432  8.41123
niter,ni,del,rscale     5    3   12.0000    1.2000
parameter  4  1.270482 ->  0.500000 qaram    1.1500
parameter  5 -1.177013 -> -0.500000 qaram    1.1500
parameter  6 -2.258666 -> -0.500000 qaram    1.1500
parameters
    0.3874  -20.3777   22.2914   -3.4500    3.4500    3.4500
eta,q 0.95087  8.32800
  0.0673  0.0709  0.0623  0.0552  0.0659  0.0606
  0.0636  0.0661  0.0589  0.0560  0.0630  0.0578
  0.0607  0.0618  0.0574  0.0571  0.0596  0.0550
  0.0591  0.0587  0.0581  0.0580  0.0563  0.0527
  0.0595  0.0581  0.0592  0.0593  0.0539  0.0505
  0.0620  0.0593  0.0601  0.0613  0.0525  0.0487
  0.0658  0.0612  0.0618  0.0642  0.0528  0.0476
niter,ni,del,rscale     7    3   12.0000    1.2000
parameter  4  1.253947 ->  0.500000 qaram    1.3225
parameter  6 -0.539845 -> -0.500000 qaram    1.3225
parameters
   -0.2155  -19.8205   23.2425   -7.4175    5.4714    7.4175
eta,q 0.95540  8.44388
  0.0603  0.0572  0.0550  0.0458  0.0592  0.0550
  0.0553  0.0528  0.0524  0.0463  0.0556  0.0511
  0.0510  0.0504  0.0509  0.0474  0.0510  0.0477
  0.0491  0.0493  0.0492  0.0486  0.0466  0.0456
  0.0521  0.0494  0.0487  0.0503  0.0457  0.0449
  0.0589  0.0512  0.0502  0.0520  0.0480  0.0446
  0.0660  0.0547  0.0527  0.0551  0.0512  0.0453
niter,ni,del,rscale     7    3   12.0000    1.2000
parameter  4  0.659111 ->  0.500000 qaram    1.5209
parameters
   -0.5076  -19.4522   21.5385  -11.9801    5.9623    7.1123
eta,q 0.95847  8.42942
  0.0606  0.0513  0.0467  0.0428  0.0525  0.0496
  0.0527  0.0477  0.0447  0.0418  0.0477  0.0453
  0.0462  0.0459  0.0438  0.0419  0.0434  0.0421
  0.0446  0.0445  0.0443  0.0438  0.0416  0.0416
  0.0477  0.0437  0.0462  0.0459  0.0425  0.0432
  0.0553  0.0456  0.0486  0.0487  0.0456  0.0463
  0.0635  0.0509  0.0521  0.0517  0.0500  0.0506
niter,ni,del,rscale     7    3   12.0000    1.2000
parameters
   -0.6952  -18.3070   20.2132  -12.7645    5.8812    7.0084
eta,q 0.95904  8.41025
  0.0582  0.0549  0.0446  0.0478  0.0507  0.0483
  0.0496  0.0483  0.0418  0.0437  0.0456  0.0447
  0.0429  0.0439  0.0411  0.0417  0.0419  0.0420
  0.0415  0.0415  0.0413  0.0410  0.0410  0.0410
  0.0441  0.0416  0.0427  0.0426  0.0426  0.0422
  0.0510  0.0436  0.0456  0.0461  0.0463  0.0450
  0.0603  0.0475  0.0494  0.0500  0.0507  0.0486
niter,ni,del,rscale     6    3   12.0000    1.2000
parameters
   -0.6282  -18.1010   20.1200  -13.1160    5.7734    7.0295
eta,q 0.95903  8.40983
  0.0588  0.0512  0.0469  0.0483  0.0507  0.0482
  0.0509  0.0455  0.0431  0.0441  0.0456  0.0447
  0.0436  0.0422  0.0411  0.0419  0.0419  0.0421
  0.0410  0.0410  0.0410  0.0410  0.0410  0.0410
  0.0430  0.0423  0.0418  0.0421  0.0428  0.0420
  0.0495  0.0451  0.0438  0.0452  0.0465  0.0447
  0.0587  0.0495  0.0468  0.0493  0.0508  0.0481
niter,ni,del,rscale     5    3   12.0000    1.2000
parameters
   -0.5702  -17.9734   20.0283  -13.3676    5.6786    7.0429
eta,q 0.95904  8.40812
  0.0589  0.0507  0.0469  0.0483  0.0508  0.0480
  0.0510  0.0452  0.0432  0.0441  0.0457  0.0446
  0.0436  0.0420  0.0411  0.0420  0.0419  0.0421
  0.0410  0.0410  0.0410  0.0410  0.0410  0.0410
  0.0431  0.0424  0.0419  0.0420  0.0428  0.0420
  0.0497  0.0452  0.0438  0.0449  0.0465  0.0446
  0.0589  0.0495  0.0468  0.0491  0.0508  0.0480
niter,ni,del,rscale     4    3   12.0000    1.2000
parameters
   -0.5187  -17.8755   19.9486  -13.5724    5.6036    7.0477
eta,q 0.95905  8.40642
  0.0590  0.0505  0.0469  0.0483  0.0510  0.0479
  0.0511  0.0451  0.0432  0.0441  0.0458  0.0445
  0.0437  0.0419  0.0411  0.0420  0.0419  0.0421
  0.0410  0.0410  0.0410  0.0410  0.0410  0.0409
  0.0432  0.0424  0.0419  0.0419  0.0428  0.0420
  0.0498  0.0452  0.0438  0.0447  0.0466  0.0446
  0.0591  0.0494  0.0467  0.0490  0.0508  0.0479
niter,ni,del,rscale     3    3   12.0000    1.2000
parameters
   -0.4762  -17.7897   19.8768  -13.7478    5.5452    7.0439
eta,q 0.95906  8.40415
  0.0591  0.0503  0.0469  0.0482  0.0511  0.0478
  0.0511  0.0450  0.0432  0.0441  0.0458  0.0444
  0.0437  0.0419  0.0411  0.0420  0.0419  0.0421
  0.0410  0.0409  0.0410  0.0409  0.0409  0.0409
  0.0432  0.0424  0.0420  0.0419  0.0428  0.0419
  0.0499  0.0452  0.0438  0.0445  0.0466  0.0446
  0.0592  0.0492  0.0467  0.0489  0.0508  0.0477
niter,ni,del,rscale     2    3   12.0000    1.2000
parameters
   -0.4436  -17.7094   19.8146  -13.9074    5.5007    7.0278
eta,q 0.95905  8.40221
  0.0591  0.0502  0.0469  0.0482  0.0512  0.0477
  0.0512  0.0449  0.0433  0.0440  0.0459  0.0443
  0.0437  0.0418  0.0411  0.0421  0.0420  0.0421
  0.0409  0.0409  0.0410  0.0409  0.0410  0.0409
  0.0432  0.0424  0.0420  0.0419  0.0428  0.0420
  0.0500  0.0451  0.0438  0.0444  0.0467  0.0445
  0.0594  0.0492  0.0467  0.0488  0.0508  0.0477
niter,ni,del,rscale     1    3   12.0000    1.2000
parameters
   -0.4184  -17.6332   19.7610  -14.0515    5.4688    7.0045
eta,q 0.95903  8.40091
  0.0592  0.0501  0.0470  0.0481  0.0513  0.0476
  0.0512  0.0448  0.0434  0.0440  0.0460  0.0443
  0.0437  0.0418  0.0412  0.0421  0.0420  0.0421
  0.0409  0.0409  0.0410  0.0410  0.0410  0.0410
  0.0433  0.0424  0.0420  0.0419  0.0428  0.0420
  0.0502  0.0451  0.0438  0.0443  0.0467  0.0445
  0.0595  0.0491  0.0467  0.0488  0.0508  0.0476
registration optimization eta report
parameter search radius
    6.0000    6.0000    6.0000    9.1253    6.9000    7.9350
100000*second partial in parameter space
       50.       24.       16.        9.       21.       10.
  0.0592  0.0501  0.0470  0.0481  0.0513  0.0476
  0.0512  0.0448  0.0434  0.0440  0.0460  0.0443
  0.0437  0.0418  0.0412  0.0421  0.0420  0.0421
  0.0409  0.0409  0.0410  0.0410  0.0410  0.0410
  0.0433  0.0424  0.0420  0.0419  0.0428  0.0420
  0.0502  0.0451  0.0438  0.0443  0.0467  0.0445
  0.0595  0.0491  0.0467  0.0488  0.0508  0.0476
   -0.4184  -17.6332   19.7610  -14.0515    5.4688    7.0045
eta,q 0.95903  8.40091

---------------------------------------------------------------------
imgreg_4dfp /opt/freesurfer/average/711-2C_as_mni_average_305 /opt/freesurfer/average/711-2B_as_mni_average_305_mask talsrcimg_g11 none talsrcimg_to_711-2C_as_mni_average_305_t4 3335
---------------------------------------------------------------------

freesurfer imgreg_4dfp.c
/opt/freesurfer/average/711-2C_as_mni_average_305.4dfp.img
       256       256       256         1
  1.000000  1.000000  1.000000
orientation T byte_order littleendian
Reading image: /opt/freesurfer/average/711-2C_as_mni_average_305.4dfp.img
dimensions:      256       256       256
mmppix:       1.0000   -1.0000   -1.0000
center:     128.0000 -129.0000 -129.0000
/opt/freesurfer/average/711-2B_as_mni_average_305_mask.4dfp.img
       256       256       256         1
  1.000000  1.000000  1.000000
orientation T byte_order littleendian
Reading mask: /opt/freesurfer/average/711-2B_as_mni_average_305_mask.4dfp.img (2306576 pixels)
talsrcimg_g11.4dfp.img
       256       256       256         1
  1.000000  1.000000  1.000000
orientation T byte_order littleendian
Reading image: talsrcimg_g11.4dfp.img
dimensions:      256       256       256
mmppix:       1.0000   -1.0000   -1.0000
center:     128.0000 -129.0000 -129.0000
fimgreg.f
image alignment mode   3335 decimal      D07 hex
parameters
   -0.4184  -17.6332   19.7610   -1.1981   -3.4341   -3.4338
   -9.5333  -12.1370   12.1393   22.9708    9.5303  -24.1689
eta,q 0.95991  8.40258
niter,ni,del,rscale     5    3    5.0000    1.2000
parameters
   -0.5628  -17.0216   19.5881   -4.3239   -6.3139   -1.0277
   -9.8294  -12.7048   10.9746   24.9389    9.6306  -23.7720
eta,q 0.96174  8.30081
  0.0421  0.0428  0.0409  0.0403  0.0398  0.0423  0.0404  0.0413  0.0392  0.0417  0.0391  0.0396
  0.0409  0.0415  0.0403  0.0393  0.0389  0.0407  0.0393  0.0396  0.0387  0.0400  0.0386  0.0389
  0.0402  0.0406  0.0400  0.0392  0.0387  0.0395  0.0386  0.0386  0.0384  0.0389  0.0383  0.0384
  0.0401  0.0401  0.0400  0.0400  0.0391  0.0387  0.0384  0.0384  0.0384  0.0384  0.0383  0.0383
  0.0405  0.0400  0.0402  0.0411  0.0403  0.0384  0.0387  0.0391  0.0387  0.0383  0.0384  0.0384
  0.0413  0.0403  0.0405  0.0429  0.0423  0.0384  0.0395  0.0404  0.0392  0.0385  0.0386  0.0387
  0.0427  0.0409  0.0411  0.0455  0.0448  0.0395  0.0408  0.0423  0.0401  0.0393  0.0390  0.0393
niter,ni,del,rscale     4    3    5.0000    1.2000
parameters
   -0.3387  -16.0072   19.9315   -4.3315   -7.6775   -1.2691
   -9.5451  -12.6436   10.7992   26.6459    9.4099  -25.0651
eta,q 0.96233  8.27842
  0.0414  0.0412  0.0393  0.0413  0.0397  0.0406  0.0402  0.0414  0.0391  0.0412  0.0385  0.0384
  0.0399  0.0399  0.0386  0.0394  0.0385  0.0392  0.0389  0.0395  0.0383  0.0396  0.0381  0.0379
  0.0388  0.0389  0.0382  0.0383  0.0378  0.0382  0.0381  0.0383  0.0379  0.0384  0.0378  0.0377
  0.0383  0.0382  0.0379  0.0379  0.0379  0.0378  0.0378  0.0378  0.0378  0.0378  0.0377  0.0377
  0.0384  0.0379  0.0379  0.0385  0.0386  0.0377  0.0380  0.0382  0.0380  0.0377  0.0379  0.0380
  0.0392  0.0380  0.0382  0.0396  0.0399  0.0390  0.0387  0.0395  0.0384  0.0381  0.0382  0.0385
  0.0405  0.0385  0.0387  0.0411  0.0421  0.0416  0.0398  0.0413  0.0392  0.0390  0.0386  0.0393
niter,ni,del,rscale     3    3    5.0000    1.2000
parameters
   -0.4139  -15.3911   19.5532   -4.2647   -8.7701   -1.8045
   -9.1448  -12.7830   10.6079   28.2796    9.6642  -26.5147
eta,q 0.96265  8.25413
  0.0403  0.0402  0.0383  0.0410  0.0396  0.0401  0.0399  0.0409  0.0388  0.0411  0.0384  0.0381
  0.0389  0.0390  0.0378  0.0392  0.0383  0.0387  0.0387  0.0391  0.0381  0.0395  0.0378  0.0376
  0.0380  0.0381  0.0376  0.0380  0.0376  0.0378  0.0378  0.0379  0.0376  0.0382  0.0375  0.0374
  0.0377  0.0377  0.0376  0.0375  0.0375  0.0375  0.0375  0.0375  0.0375  0.0375  0.0374  0.0374
  0.0380  0.0376  0.0378  0.0381  0.0382  0.0375  0.0377  0.0380  0.0377  0.0374  0.0375  0.0377
  0.0391  0.0378  0.0382  0.0392  0.0394  0.0389  0.0383  0.0393  0.0382  0.0378  0.0378  0.0383
  0.0407  0.0385  0.0391  0.0407  0.0414  0.0417  0.0394  0.0412  0.0389  0.0389  0.0382  0.0390
niter,ni,del,rscale     2    3    5.0000    1.2000
parameters
   -0.4609  -14.9010   19.1670   -4.1974   -9.6590   -2.2664
   -8.7673  -12.9945   10.4866   29.4408   10.0922  -27.6892
eta,q 0.96284  8.23514
  0.0400  0.0398  0.0380  0.0407  0.0395  0.0400  0.0396  0.0406  0.0387  0.0409  0.0382  0.0380
  0.0386  0.0386  0.0375  0.0389  0.0382  0.0385  0.0384  0.0388  0.0379  0.0392  0.0377  0.0374
  0.0377  0.0378  0.0373  0.0377  0.0374  0.0375  0.0376  0.0376  0.0374  0.0379  0.0373  0.0372
  0.0374  0.0374  0.0373  0.0373  0.0373  0.0372  0.0373  0.0373  0.0373  0.0373  0.0372  0.0372
  0.0377  0.0373  0.0375  0.0378  0.0378  0.0373  0.0374  0.0378  0.0375  0.0373  0.0373  0.0374
  0.0387  0.0376  0.0379  0.0389  0.0390  0.0386  0.0381  0.0391  0.0380  0.0379  0.0375  0.0380
  0.0403  0.0384  0.0388  0.0405  0.0410  0.0414  0.0392  0.0410  0.0388  0.0392  0.0380  0.0387
niter,ni,del,rscale     1    3    5.0000    1.2000
parameters
   -0.5163  -14.6287   18.8925   -4.1019  -10.2195   -2.5604
   -8.4521  -13.2291   10.4259   30.1636   10.4861  -28.4531
eta,q 0.96289  8.22577
  0.0398  0.0394  0.0379  0.0406  0.0396  0.0400  0.0395  0.0405  0.0387  0.0406  0.0381  0.0381
  0.0384  0.0383  0.0374  0.0388  0.0383  0.0385  0.0382  0.0387  0.0378  0.0389  0.0376  0.0375
  0.0375  0.0375  0.0372  0.0375  0.0374  0.0375  0.0374  0.0375  0.0373  0.0377  0.0373  0.0371
  0.0372  0.0372  0.0371  0.0371  0.0371  0.0371  0.0372  0.0372  0.0372  0.0372  0.0371  0.0371
  0.0375  0.0372  0.0373  0.0377  0.0376  0.0371  0.0374  0.0377  0.0373  0.0373  0.0372  0.0373
  0.0385  0.0377  0.0377  0.0388  0.0387  0.0384  0.0380  0.0390  0.0379  0.0381  0.0375  0.0379
  0.0401  0.0386  0.0385  0.0403  0.0406  0.0411  0.0391  0.0409  0.0387  0.0395  0.0379  0.0386
registration optimization eta report
parameter search radius
    2.4000    2.4000    2.4000    7.2000    7.2000    7.2000
    7.2000    7.2000    7.2000    7.2000    7.2000    7.2000
100000*second partial in parameter space
       48.       32.       18.        6.        6.        7.
        4.        7.        3.        6.        2.        2.
  0.0398  0.0394  0.0379  0.0406  0.0396  0.0400  0.0395  0.0405  0.0387  0.0406  0.0381  0.0381
  0.0384  0.0383  0.0374  0.0388  0.0383  0.0385  0.0382  0.0387  0.0378  0.0389  0.0376  0.0375
  0.0375  0.0375  0.0372  0.0375  0.0374  0.0375  0.0374  0.0375  0.0373  0.0377  0.0373  0.0371
  0.0372  0.0372  0.0371  0.0371  0.0371  0.0371  0.0372  0.0372  0.0372  0.0372  0.0371  0.0371
  0.0375  0.0372  0.0373  0.0377  0.0376  0.0371  0.0374  0.0377  0.0373  0.0373  0.0372  0.0373
  0.0385  0.0377  0.0377  0.0388  0.0387  0.0384  0.0380  0.0390  0.0379  0.0381  0.0375  0.0379
  0.0401  0.0386  0.0385  0.0403  0.0406  0.0411  0.0391  0.0409  0.0387  0.0395  0.0379  0.0386
   -0.5163  -14.6287   18.8925   -4.1019  -10.2195   -2.5604
   -8.4521  -13.2291   10.4259   30.1636   10.4861  -28.4531
eta,q 0.96289  8.22577

---------------------------------------------------------------------
imgreg_4dfp /opt/freesurfer/average/711-2C_as_mni_average_305 /opt/freesurfer/average/711-2B_as_mni_average_305_mask talsrcimg_g11 none talsrcimg_to_711-2C_as_mni_average_305_t4 2311
---------------------------------------------------------------------

freesurfer imgreg_4dfp.c
/opt/freesurfer/average/711-2C_as_mni_average_305.4dfp.img
       256       256       256         1
  1.000000  1.000000  1.000000
orientation T byte_order littleendian
Reading image: /opt/freesurfer/average/711-2C_as_mni_average_305.4dfp.img
dimensions:      256       256       256
mmppix:       1.0000   -1.0000   -1.0000
center:     128.0000 -129.0000 -129.0000
/opt/freesurfer/average/711-2B_as_mni_average_305_mask.4dfp.img
       256       256       256         1
  1.000000  1.000000  1.000000
orientation T byte_order littleendian
Reading mask: /opt/freesurfer/average/711-2B_as_mni_average_305_mask.4dfp.img (2306576 pixels)
talsrcimg_g11.4dfp.img
       256       256       256         1
  1.000000  1.000000  1.000000
orientation T byte_order littleendian
Reading image: talsrcimg_g11.4dfp.img
dimensions:      256       256       256
mmppix:       1.0000   -1.0000   -1.0000
center:     128.0000 -129.0000 -129.0000
fimgreg.f
image alignment mode   2311 decimal      907 hex
parameters
   -0.5163  -14.6287   18.8925   -4.1019  -10.2195   -2.5604
   -8.4521  -13.2291   10.4259   30.1636   10.4861  -28.4531
eta,q 0.96289  8.22577
niter,ni,del,rscale     5    3    5.0000    0.8000
parameters
   -0.5604  -14.4928   18.7550   -4.2187  -10.3439   -2.1537
   -8.4001  -13.4952   10.3448   30.5797   10.8198  -28.9295
eta,q 0.96297  8.23378
  0.0383  0.0381  0.0375  0.0387  0.0384  0.0385  0.0380  0.0385  0.0377  0.0386  0.0375  0.0375
  0.0376  0.0376  0.0372  0.0378  0.0377  0.0377  0.0375  0.0377  0.0373  0.0378  0.0373  0.0372
  0.0372  0.0373  0.0371  0.0373  0.0372  0.0373  0.0371  0.0372  0.0371  0.0372  0.0371  0.0371
  0.0371  0.0371  0.0371  0.0371  0.0371  0.0371  0.0370  0.0370  0.0370  0.0370  0.0370  0.0370
  0.0373  0.0372  0.0372  0.0374  0.0373  0.0370  0.0372  0.0373  0.0371  0.0371  0.0371  0.0371
  0.0377  0.0374  0.0373  0.0380  0.0377  0.0373  0.0375  0.0379  0.0374  0.0375  0.0372  0.0374
  0.0385  0.0378  0.0376  0.0388  0.0385  0.0382  0.0380  0.0389  0.0378  0.0381  0.0374  0.0377
niter,ni,del,rscale     4    3    5.0000    0.7000
parameters
   -0.5944  -14.4816   18.7731   -4.3772  -10.5144   -1.9962
   -8.2707  -13.6740   10.3488   30.7386   11.1219  -29.1541
eta,q 0.96300  8.23193
  0.0380  0.0377  0.0374  0.0383  0.0380  0.0380  0.0378  0.0382  0.0376  0.0381  0.0374  0.0374
  0.0374  0.0373  0.0372  0.0376  0.0375  0.0375  0.0373  0.0375  0.0372  0.0375  0.0372  0.0371
  0.0371  0.0371  0.0371  0.0371  0.0371  0.0372  0.0371  0.0371  0.0371  0.0371  0.0371  0.0370
  0.0370  0.0370  0.0370  0.0370  0.0370  0.0370  0.0370  0.0370  0.0370  0.0370  0.0370  0.0370
  0.0372  0.0371  0.0371  0.0373  0.0372  0.0369  0.0371  0.0372  0.0371  0.0371  0.0370  0.0371
  0.0375  0.0373  0.0372  0.0378  0.0375  0.0372  0.0373  0.0377  0.0373  0.0374  0.0371  0.0372
  0.0381  0.0377  0.0374  0.0384  0.0382  0.0380  0.0377  0.0384  0.0375  0.0379  0.0373  0.0375
niter,ni,del,rscale     3    3    5.0000    0.6000
parameters
   -0.6293  -14.4584   18.7806   -4.4650  -10.5968   -1.8321
   -8.2268  -13.7940   10.3289   30.8009   11.3105  -29.2808
eta,q 0.96302  8.23266
  0.0377  0.0375  0.0373  0.0380  0.0377  0.0377  0.0375  0.0379  0.0374  0.0378  0.0372  0.0373
  0.0373  0.0372  0.0371  0.0374  0.0373  0.0374  0.0372  0.0374  0.0372  0.0373  0.0371  0.0371
  0.0371  0.0371  0.0370  0.0371  0.0371  0.0372  0.0370  0.0371  0.0370  0.0371  0.0370  0.0370
  0.0370  0.0370  0.0370  0.0370  0.0370  0.0370  0.0370  0.0370  0.0370  0.0370  0.0370  0.0370
  0.0371  0.0370  0.0370  0.0372  0.0371  0.0369  0.0370  0.0371  0.0370  0.0371  0.0370  0.0370
  0.0374  0.0372  0.0371  0.0375  0.0374  0.0371  0.0372  0.0374  0.0372  0.0373  0.0371  0.0371
  0.0378  0.0375  0.0373  0.0380  0.0378  0.0377  0.0375  0.0380  0.0374  0.0377  0.0372  0.0373
niter,ni,del,rscale     2    3    5.0000    0.5000
parameters
   -0.6519  -14.4556   18.7984   -4.5172  -10.6329   -1.6273
   -8.2024  -13.8531   10.2995   30.8142   11.4269  -29.3142
eta,q 0.96305  8.23466
  0.0375  0.0373  0.0372  0.0377  0.0375  0.0375  0.0373  0.0376  0.0372  0.0375  0.0371  0.0372
  0.0372  0.0371  0.0371  0.0373  0.0372  0.0373  0.0371  0.0372  0.0371  0.0372  0.0370  0.0370
  0.0370  0.0370  0.0370  0.0371  0.0370  0.0371  0.0370  0.0370  0.0370  0.0370  0.0370  0.0370
  0.0370  0.0370  0.0370  0.0370  0.0370  0.0370  0.0370  0.0370  0.0370  0.0370  0.0370  0.0370
  0.0370  0.0370  0.0370  0.0371  0.0370  0.0369  0.0370  0.0370  0.0370  0.0370  0.0370  0.0370
  0.0372  0.0371  0.0371  0.0373  0.0372  0.0371  0.0371  0.0373  0.0371  0.0372  0.0370  0.0371
  0.0375  0.0373  0.0372  0.0377  0.0375  0.0375  0.0373  0.0376  0.0372  0.0375  0.0371  0.0372
niter,ni,del,rscale     1    3    5.0000    0.4000
parameters
   -0.6642  -14.4656   18.8415   -4.5578  -10.6460   -1.3859
   -8.1974  -13.8812   10.2573   30.7890   11.4114  -29.3128
eta,q 0.96307  8.23740
  0.0373  0.0372  0.0371  0.0374  0.0373  0.0373  0.0372  0.0373  0.0371  0.0373  0.0370  0.0371
  0.0371  0.0370  0.0370  0.0372  0.0371  0.0372  0.0370  0.0371  0.0370  0.0371  0.0370  0.0370
  0.0370  0.0370  0.0370  0.0370  0.0370  0.0371  0.0370  0.0370  0.0369  0.0370  0.0369  0.0369
  0.0370  0.0370  0.0369  0.0370  0.0370  0.0370  0.0369  0.0369  0.0369  0.0369  0.0369  0.0369
  0.0370  0.0370  0.0370  0.0370  0.0370  0.0369  0.0370  0.0370  0.0370  0.0370  0.0369  0.0370
  0.0371  0.0370  0.0370  0.0372  0.0371  0.0370  0.0370  0.0371  0.0370  0.0371  0.0370  0.0370
  0.0373  0.0372  0.0371  0.0375  0.0373  0.0373  0.0372  0.0374  0.0371  0.0373  0.0370  0.0371
registration optimization eta report
parameter search radius
    0.8000    0.8000    0.8000    2.4000    2.4000    2.4000
    2.4000    2.4000    2.4000    2.4000    2.4000    2.4000
100000*second partial in parameter space
       51.       33.       22.        8.        6.        6.
        4.        7.        3.        6.        2.        3.
  0.0373  0.0372  0.0371  0.0374  0.0373  0.0373  0.0372  0.0373  0.0371  0.0373  0.0370  0.0371
  0.0371  0.0370  0.0370  0.0372  0.0371  0.0372  0.0370  0.0371  0.0370  0.0371  0.0370  0.0370
  0.0370  0.0370  0.0370  0.0370  0.0370  0.0371  0.0370  0.0370  0.0369  0.0370  0.0369  0.0369
  0.0370  0.0370  0.0369  0.0370  0.0370  0.0370  0.0369  0.0369  0.0369  0.0369  0.0369  0.0369
  0.0370  0.0370  0.0370  0.0370  0.0370  0.0369  0.0370  0.0370  0.0370  0.0370  0.0369  0.0370
  0.0371  0.0370  0.0370  0.0372  0.0371  0.0370  0.0370  0.0371  0.0370  0.0371  0.0370  0.0370
  0.0373  0.0372  0.0371  0.0375  0.0373  0.0373  0.0372  0.0374  0.0371  0.0373  0.0370  0.0371
   -0.6642  -14.4656   18.8415   -4.5578  -10.6460   -1.3859
   -8.1974  -13.8812   10.2573   30.7890   11.4114  -29.3128
eta,q 0.96307  8.23740

---------------------------------------------------------------------
imgreg_4dfp /opt/freesurfer/average/711-2C_as_mni_average_305 /opt/freesurfer/average/711-2B_as_mni_average_305_mask talsrcimg_g11 none talsrcimg_to_711-2C_as_mni_average_305_t4 2311
---------------------------------------------------------------------

freesurfer imgreg_4dfp.c
/opt/freesurfer/average/711-2C_as_mni_average_305.4dfp.img
       256       256       256         1
  1.000000  1.000000  1.000000
orientation T byte_order littleendian
Reading image: /opt/freesurfer/average/711-2C_as_mni_average_305.4dfp.img
dimensions:      256       256       256
mmppix:       1.0000   -1.0000   -1.0000
center:     128.0000 -129.0000 -129.0000
/opt/freesurfer/average/711-2B_as_mni_average_305_mask.4dfp.img
       256       256       256         1
  1.000000  1.000000  1.000000
orientation T byte_order littleendian
Reading mask: /opt/freesurfer/average/711-2B_as_mni_average_305_mask.4dfp.img (2306576 pixels)
talsrcimg_g11.4dfp.img
       256       256       256         1
  1.000000  1.000000  1.000000
orientation T byte_order littleendian
Reading image: talsrcimg_g11.4dfp.img
dimensions:      256       256       256
mmppix:       1.0000   -1.0000   -1.0000
center:     128.0000 -129.0000 -129.0000
fimgreg.f
image alignment mode   2311 decimal      907 hex
parameters
   -0.6642  -14.4656   18.8415   -4.5578  -10.6460   -1.3859
   -8.1974  -13.8812   10.2573   30.7890   11.4114  -29.3128
eta,q 0.96307  8.23740
niter,ni,del,rscale     5    3    5.0000    0.8000
parameters
   -0.6726  -14.4791   18.9139   -4.5183  -10.7670   -2.0042
   -7.9948  -13.9226   10.3721   30.8141   11.5172  -29.3290
eta,q 0.96300  8.22647
  0.0382  0.0378  0.0376  0.0386  0.0382  0.0381  0.0380  0.0386  0.0378  0.0384  0.0374  0.0376
  0.0375  0.0373  0.0372  0.0377  0.0375  0.0375  0.0375  0.0377  0.0373  0.0376  0.0372  0.0372
  0.0371  0.0370  0.0370  0.0371  0.0371  0.0372  0.0371  0.0372  0.0371  0.0371  0.0371  0.0371
  0.0369  0.0369  0.0369  0.0369  0.0369  0.0369  0.0370  0.0370  0.0370  0.0370  0.0370  0.0370
  0.0371  0.0370  0.0370  0.0372  0.0371  0.0371  0.0371  0.0372  0.0371  0.0372  0.0370  0.0371
  0.0375  0.0373  0.0372  0.0378  0.0376  0.0378  0.0374  0.0378  0.0373  0.0376  0.0372  0.0373
  0.0382  0.0378  0.0375  0.0385  0.0384  0.0393  0.0379  0.0387  0.0377  0.0383  0.0374  0.0376
niter,ni,del,rscale     4    3    5.0000    0.7000
parameters
   -0.6982  -14.4155   18.7739   -4.4468  -10.7221   -2.0614
   -8.0515  -13.9581   10.3279   30.8671   11.5821  -29.4008
eta,q 0.96299  8.22849
  0.0379  0.0377  0.0373  0.0384  0.0380  0.0380  0.0377  0.0383  0.0375  0.0381  0.0373  0.0374
  0.0374  0.0373  0.0371  0.0376  0.0375  0.0375  0.0373  0.0376  0.0372  0.0374  0.0372  0.0372
  0.0371  0.0371  0.0370  0.0372  0.0371  0.0372  0.0371  0.0371  0.0370  0.0371  0.0370  0.0370
  0.0370  0.0370  0.0370  0.0370  0.0370  0.0370  0.0370  0.0370  0.0370  0.0370  0.0370  0.0370
  0.0371  0.0371  0.0371  0.0372  0.0371  0.0370  0.0371  0.0371  0.0371  0.0371  0.0370  0.0371
  0.0375  0.0373  0.0372  0.0376  0.0374  0.0373  0.0373  0.0376  0.0373  0.0374  0.0371  0.0372
  0.0380  0.0376  0.0375  0.0382  0.0380  0.0382  0.0377  0.0383  0.0376  0.0380  0.0373  0.0374
niter,ni,del,rscale     3    3    5.0000    0.6000
parameters
   -0.7008  -14.4195   18.7377   -4.4700  -10.6819   -1.9098
   -8.0662  -13.9707   10.2848   30.8795   11.6192  -29.4162
eta,q 0.96302  8.23131
  0.0377  0.0375  0.0373  0.0380  0.0378  0.0377  0.0375  0.0379  0.0374  0.0378  0.0372  0.0373
  0.0373  0.0372  0.0371  0.0375  0.0374  0.0374  0.0372  0.0374  0.0372  0.0373  0.0371  0.0371
  0.0371  0.0370  0.0370  0.0371  0.0371  0.0372  0.0370  0.0371  0.0370  0.0371  0.0370  0.0370
  0.0370  0.0370  0.0370  0.0370  0.0370  0.0370  0.0370  0.0370  0.0370  0.0370  0.0370  0.0370
  0.0371  0.0371  0.0370  0.0371  0.0371  0.0369  0.0370  0.0371  0.0370  0.0371  0.0370  0.0370
  0.0373  0.0372  0.0371  0.0375  0.0373  0.0372  0.0372  0.0374  0.0372  0.0373  0.0371  0.0371
  0.0377  0.0375  0.0373  0.0380  0.0378  0.0378  0.0375  0.0379  0.0374  0.0377  0.0372  0.0373
niter,ni,del,rscale     2    3    5.0000    0.5000
parameters
   -0.6985  -14.4371   18.7745   -4.5230  -10.6742   -1.6740
   -8.0815  -13.9721   10.2645   30.8554   11.6150  -29.3904
eta,q 0.96304  8.23394
  0.0375  0.0373  0.0372  0.0377  0.0375  0.0375  0.0373  0.0376  0.0372  0.0375  0.0371  0.0372
  0.0372  0.0371  0.0371  0.0373  0.0372  0.0373  0.0371  0.0373  0.0371  0.0372  0.0370  0.0371
  0.0370  0.0370  0.0370  0.0371  0.0371  0.0371  0.0370  0.0370  0.0370  0.0370  0.0370  0.0370
  0.0370  0.0370  0.0370  0.0370  0.0370  0.0370  0.0370  0.0370  0.0370  0.0370  0.0370  0.0370
  0.0370  0.0370  0.0370  0.0371  0.0370  0.0369  0.0370  0.0370  0.0370  0.0370  0.0370  0.0370
  0.0372  0.0371  0.0371  0.0374  0.0372  0.0371  0.0371  0.0372  0.0371  0.0372  0.0370  0.0371
  0.0375  0.0373  0.0372  0.0377  0.0375  0.0375  0.0373  0.0376  0.0372  0.0375  0.0371  0.0372
niter,ni,del,rscale     1    3    5.0000    0.4000
parameters
   -0.6984  -14.4590   18.8199   -4.5642  -10.6700   -1.4094
   -8.1216  -13.9513   10.2353   30.8100   11.5124  -29.3682
eta,q 0.96307  8.23695
  0.0373  0.0372  0.0371  0.0374  0.0373  0.0373  0.0372  0.0374  0.0371  0.0373  0.0370  0.0371
  0.0371  0.0370  0.0370  0.0372  0.0371  0.0372  0.0370  0.0371  0.0370  0.0371  0.0370  0.0370
  0.0370  0.0370  0.0370  0.0370  0.0370  0.0371  0.0370  0.0370  0.0370  0.0370  0.0369  0.0369
  0.0370  0.0370  0.0370  0.0370  0.0370  0.0370  0.0369  0.0369  0.0369  0.0369  0.0369  0.0369
  0.0370  0.0370  0.0370  0.0370  0.0370  0.0369  0.0370  0.0370  0.0370  0.0370  0.0369  0.0369
  0.0371  0.0371  0.0370  0.0372  0.0371  0.0370  0.0370  0.0371  0.0370  0.0371  0.0370  0.0370
  0.0373  0.0372  0.0371  0.0375  0.0373  0.0373  0.0372  0.0373  0.0371  0.0373  0.0371  0.0371
registration optimization eta report
parameter search radius
    0.8000    0.8000    0.8000    2.4000    2.4000    2.4000
    2.4000    2.4000    2.4000    2.4000    2.4000    2.4000
100000*second partial in parameter space
       50.       34.       22.        8.        6.        6.
        4.        7.        3.        6.        2.        3.
  0.0373  0.0372  0.0371  0.0374  0.0373  0.0373  0.0372  0.0374  0.0371  0.0373  0.0370  0.0371
  0.0371  0.0370  0.0370  0.0372  0.0371  0.0372  0.0370  0.0371  0.0370  0.0371  0.0370  0.0370
  0.0370  0.0370  0.0370  0.0370  0.0370  0.0371  0.0370  0.0370  0.0370  0.0370  0.0369  0.0369
  0.0370  0.0370  0.0370  0.0370  0.0370  0.0370  0.0369  0.0369  0.0369  0.0369  0.0369  0.0369
  0.0370  0.0370  0.0370  0.0370  0.0370  0.0369  0.0370  0.0370  0.0370  0.0370  0.0369  0.0369
  0.0371  0.0371  0.0370  0.0372  0.0371  0.0370  0.0370  0.0371  0.0370  0.0371  0.0370  0.0370
  0.0373  0.0372  0.0371  0.0375  0.0373  0.0373  0.0372  0.0373  0.0371  0.0373  0.0371  0.0371
   -0.6984  -14.4590   18.8199   -4.5642  -10.6700   -1.4094
   -8.1216  -13.9513   10.2353   30.8100   11.5124  -29.3682
eta,q 0.96307  8.23695

---------------------------------------------------------------------
compute_vox2vox talsrcimg talsrcimg_to_711-2C_as_mni_average_305_t4 /opt/freesurfer/average/711-2C_as_mni_average_305
---------------------------------------------------------------------

freesurfer compute_vox2vox.c
Reading: talsrcimg.4dfp.ifh
Reading: talsrcimg_to_711-2C_as_mni_average_305_t4
Reading: /opt/freesurfer/average/711-2C_as_mni_average_305.4dfp.ifh
Writing: talsrcimg_to_711-2C_as_mni_average_305_t4_vox2vox.txt

start time Mon Mar 9 21:24:05 CET 2026
end		time Mon Mar 9 21:24:19 CET 2026

mpr2mni305 success

avi2talxfm orig_nu.mgz /opt/freesurfer/average/mni305.cor.mgz talsrcimg_to_711-2C_as_mni_average_305_t4_vox2vox.txt transforms/talairach.auto.xfm
avi2talxfm done
mv -f /out/sourcedata/freesurfer/sub-v1s2x0051461_ses-1/mri/talsrcimg_to_711-2C_as_mni_average_305_t4_vox2vox.txt /out/sourcedata/freesurfer/sub-v1s2x0051461_ses-1/mri/transforms/talsrcimg_to_711-2C_as_mni_average_305_t4_vox2vox.txt
lta_convert --src orig_nu.mgz --trg /opt/freesurfer/average/mni305.cor.mgz --inxfm transforms/talairach.auto.xfm --outlta transforms/talairach.auto.xfm.lta --subject fsaverage
7.3.2

--src: orig_nu.mgz src image (geometry).
--trg: /opt/freesurfer/average/mni305.cor.mgz trg image (geometry).
--inmni: transforms/talairach.auto.xfm input MNI/XFM transform.
--outlta: transforms/talairach.auto.xfm.lta output LTA.
--s: fsaverage subject name
 LTA read, type : 1
 1.02153   0.10477   0.12732  -9.94519;
-0.13979   0.90546   0.28497  -64.90307;
-0.06883  -0.32430   1.00657   7.16019;
 0.00000   0.00000   0.00000   1.00000;
setting subject to fsaverage
Writing  LTA to file transforms/talairach.auto.xfm.lta...
lta_convert successful.
 
 
Started at Mon Mar 9 21:24:05 CET 2026
Ended   at Mon Mar  9 21:24:19 CET 2026
talairach_avi done
