/out/sourcedata/freesurfer/sub-v1s2x0051487_ses-1/mri
/opt/freesurfer/bin/talairach_avi
--i orig_nu.mgz --xfm transforms/talairach.auto.xfm
talairach_avi 7.3.2
Linux dna063 5.14.0-427.37.1.el9_4.x86_64 #1 SMP PREEMPT_DYNAMIC Fri Sep 13 12:41:50 EDT 2024 x86_64 x86_64 x86_64 GNU/Linux
Wed Mar 11 21:23:46 CET 2026
mri_convert orig_nu.mgz talsrcimg.img 
reading from orig_nu.mgz...
TR=0.00, TE=0.00, TI=0.00, flip angle=0.00
i_ras = (-1, 0, 0)
j_ras = (0, 0, -1)
k_ras = (0, 1, 0)
writing to talsrcimg.img...
Analyze Output Matrix
-1.00000   0.00000   0.00000   130.85593;
 0.00000   0.00000   1.00000  -54.10170;
 0.00000  -1.00000   0.00000   102.20340;
 0.00000   0.00000   0.00000   1.00000;
--------------------
INFO: set hdr.hist.orient to -1
mpr2mni305 talsrcimg
Wed Mar 11 21:23:47 CET 2026
/opt/freesurfer/bin/mpr2mni305 talsrcimg
mpr2mni305 7.3.2
target=711-2C_as_mni_average_305

---------------------------------------------------------------------
analyzeto4dfp talsrcimg -O0 -y
---------------------------------------------------------------------

freesurfer ifh2hdr.c
Wed Mar 11 21:23:47 2026
Writing: talsrcimg.4dfp.hdr
freesurfer analyzeto4dfp.c
Reading: talsrcimg.hdr
header size 348 bytes
hdr.dime.datatype	offset=70	value=2
hdr.dime.bitpix		offset=72	value=8
hdr.hist.orient		offset=252	value=-1
dimensionality     4
dimensions       256       256       256         1
Reading: talsrcimg.img
Writing: talsrcimg.4dfp.img
Writing: talsrcimg.4dfp.ifh
ifh2hdr talsrcimg -r0to255
ori=2

---------------------------------------------------------------------
gauss_4dfp talsrcimg 1.1
---------------------------------------------------------------------

freesurfer gauss_4dfp.c
Reading: talsrcimg.4dfp.img
Writing: talsrcimg_g11.4dfp.img
image dimensions 256 256 256 padded to 288 288 288
processing volume 1freesurfer ifh2hdr.c
Wed Mar 11 21:23:49 2026
Writing: talsrcimg_g11.4dfp.hdr

Writing: talsrcimg_g11.4dfp.ifh
including: talsrcimg.4dfp.img.rec in talsrcimg_g11.4dfp.img.rec

---------------------------------------------------------------------
imgreg_4dfp /opt/freesurfer/average/711-2C_as_mni_average_305 none talsrcimg_g11 none talsrcimg_to_711-2C_as_mni_average_305_t4 4355
---------------------------------------------------------------------

freesurfer imgreg_4dfp.c
/opt/freesurfer/average/711-2C_as_mni_average_305.4dfp.img
       256       256       256         1
  1.000000  1.000000  1.000000
orientation T byte_order littleendian
Reading image: /opt/freesurfer/average/711-2C_as_mni_average_305.4dfp.img
dimensions:      256       256       256
mmppix:       1.0000   -1.0000   -1.0000
center:     128.0000 -129.0000 -129.0000
talsrcimg_g11.4dfp.img
       256       256       256         1
  1.000000  1.000000  1.000000
orientation T byte_order littleendian
Reading image: talsrcimg_g11.4dfp.img
dimensions:      256       256       256
mmppix:       1.0000   -1.0000   -1.0000
center:     128.0000 -129.0000 -129.0000
t4_read: open error in t4_sub.f l:  41 t4_file(1:l)talsrcimg_to_711-2C_as_mni_average_305_t4 
t4_read: transform initialized to I4
rotation matrix determinant  1.000000
image alignment mode   4355 decimal     1103 hex
   -7.5000  -45.0000  -45.0000 5929.4995   12.9053
    0.0000  -45.0000  -45.0000 6213.9668   12.8968
    7.5000  -45.0000  -45.0000 5968.3022   12.8950
   -7.5000  -37.5000  -45.0000 6605.0557   12.4900
    0.0000  -37.5000  -45.0000 6921.4141   12.4875
    7.5000  -37.5000  -45.0000 6630.0864   12.4857
   -7.5000  -30.0000  -45.0000 7605.2144   12.2265
    0.0000  -30.0000  -45.0000 7967.9058   12.2291
    7.5000  -30.0000  -45.0000 7619.6504   12.2239
   -7.5000  -22.5000  -45.0000 8663.8223   12.0426
    0.0000  -22.5000  -45.0000 9072.9902   12.0460
    7.5000  -22.5000  -45.0000 8677.5879   12.0392
   -7.5000  -15.0000  -45.0000 9731.1475   11.9359
    0.0000  -15.0000  -45.000010200.0225   11.9369
    7.5000  -15.0000  -45.0000 9758.0713   11.9323
   -7.5000   -7.5000  -45.000010788.2646   11.9064
    0.0000   -7.5000  -45.000011309.8555   11.9035
    7.5000   -7.5000  -45.000010818.1621   11.9024
   -7.5000    0.0000  -45.000011792.2051   11.9011
    0.0000    0.0000  -45.000012380.3770   11.8969
    7.5000    0.0000  -45.000011856.6484   11.8979
   -7.5000    7.5000  -45.000011907.7080   11.9012
    0.0000    7.5000  -45.000012494.2314   11.9006
    7.5000    7.5000  -45.000011953.7402   11.8997
   -7.5000   15.0000  -45.000011825.2783   11.9035
    0.0000   15.0000  -45.000012367.8574   11.9071
    7.5000   15.0000  -45.000011836.6416   11.9022
   -7.5000   22.5000  -45.000011696.5674   11.9026
    0.0000   22.5000  -45.000012214.7227   11.9068
    7.5000   22.5000  -45.000011677.9346   11.9005
   -7.5000   30.0000  -45.000011497.8867   11.7454
    0.0000   30.0000  -45.000011990.8750   11.7468
    7.5000   30.0000  -45.000011442.4834   11.7424
   -7.5000   37.5000  -45.000011539.3271   11.7439
    0.0000   37.5000  -45.000012025.8496   11.7411
    7.5000   37.5000  -45.000011473.7412   11.7400
   -7.5000   45.0000  -45.000011064.4189   11.4443
    0.0000   45.0000  -45.000011529.2598   11.4403
    7.5000   45.0000  -45.000011005.2939   11.4412
   -7.5000  -45.0000  -37.5000 6187.4819   12.9065
    0.0000  -45.0000  -37.5000 6488.7417   12.8928
    7.5000  -45.0000  -37.5000 6216.1787   12.8863
   -7.5000  -37.5000  -37.5000 6897.0947   12.4941
    0.0000  -37.5000  -37.5000 7222.7212   12.4887
    7.5000  -37.5000  -37.5000 6911.7764   12.4838
   -7.5000  -30.0000  -37.5000 7951.7114   12.2322
    0.0000  -30.0000  -37.5000 8324.8633   12.2327
    7.5000  -30.0000  -37.5000 7977.9395   12.2273
   -7.5000  -22.5000  -37.5000 9062.1094   12.0430
    0.0000  -22.5000  -37.5000 9504.2178   12.0423
    7.5000  -22.5000  -37.5000 9107.7988   12.0360
   -7.5000  -15.0000  -37.500010194.4004   11.9314
    0.0000  -15.0000  -37.500010702.1191   11.9259
    7.5000  -15.0000  -37.500010236.7129   11.9208
   -7.5000   -7.5000  -37.500011309.4033   11.9018
    0.0000   -7.5000  -37.500011866.9248   11.8922
    7.5000   -7.5000  -37.500011346.5195   11.8883
   -7.5000    0.0000  -37.500012355.5596   11.9011
    0.0000    0.0000  -37.500012970.2520   11.8921
    7.5000    0.0000  -37.500012412.8877   11.8887
   -7.5000    7.5000  -37.500012476.8320   11.9061
    0.0000    7.5000  -37.500013075.3877   11.9030
    7.5000    7.5000  -37.500012511.8018   11.8992
   -7.5000   15.0000  -37.500012380.9404   11.9087
    0.0000   15.0000  -37.500012930.6143   11.9103
    7.5000   15.0000  -37.500012381.2295   11.9052
   -7.5000   22.5000  -37.500012240.4600   11.9030
    0.0000   22.5000  -37.500012767.7861   11.9031
    7.5000   22.5000  -37.500012218.1445   11.8973
   -7.5000   30.0000  -37.500011999.7461   11.7409
    0.0000   30.0000  -37.500012521.3184   11.7359
    7.5000   30.0000  -37.500011975.5107   11.7311
   -7.5000   37.5000  -37.500012041.4717   11.7394
    0.0000   37.5000  -37.500012555.2051   11.7299
    7.5000   37.5000  -37.500012010.2637   11.7261
   -7.5000   45.0000  -37.500011534.0928   11.4444
    0.0000   45.0000  -37.500012007.8818   11.4356
    7.5000   45.0000  -37.500011493.2002   11.4324
   -7.5000  -45.0000  -30.0000 6529.8237   13.4492
    0.0000  -45.0000  -30.0000 6849.7217   13.4395
    7.5000  -45.0000  -30.0000 6559.1929   13.4288
   -7.5000  -37.5000  -30.0000 7293.8838   13.0196
    0.0000  -37.5000  -30.0000 7639.6577   13.0195
    7.5000  -37.5000  -30.0000 7308.5991   13.0125
   -7.5000  -30.0000  -30.0000 8407.3232   12.7457
    0.0000  -30.0000  -30.0000 8818.8066   12.7519
    7.5000  -30.0000  -30.0000 8452.0771   12.7490
   -7.5000  -22.5000  -30.0000 9599.0068   12.5427
    0.0000  -22.5000  -30.000010077.2217   12.5466
    7.5000  -22.5000  -30.0000 9652.7275   12.5447
   -7.5000  -15.0000  -30.000010819.4102   12.4235
    0.0000  -15.0000  -30.000011340.2979   12.4208
    7.5000  -15.0000  -30.000010855.2480   12.4187
   -7.5000   -7.5000  -30.000012002.3701   12.3949
    0.0000   -7.5000  -30.000012592.5420   12.3877
    7.5000   -7.5000  -30.000012055.4141   12.3829
   -7.5000    0.0000  -30.000013115.0312   12.3993
    0.0000    0.0000  -30.000013759.2500   12.3937
    7.5000    0.0000  -30.000013189.8428   12.3867
   -7.5000    7.5000  -30.000013219.4775   12.4073
    0.0000    7.5000  -30.000013822.7236   12.4092
    7.5000    7.5000  -30.000013266.9756   12.4036
   -7.5000   15.0000  -30.000013099.1074   12.4078
    0.0000   15.0000  -30.000013675.2256   12.4151
    7.5000   15.0000  -30.000013121.6973   12.4123
   -7.5000   22.5000  -30.000012923.9121   12.3957
    0.0000   22.5000  -30.000013503.3584   12.4002
    7.5000   22.5000  -30.000012941.0586   12.3988
   -7.5000   30.0000  -30.000012656.8301   12.2263
    0.0000   30.0000  -30.000013237.9658   12.2241
    7.5000   30.0000  -30.000012682.8047   12.2221
   -7.5000   37.5000  -30.000012726.9414   12.2268
    0.0000   37.5000  -30.000013321.1270   12.2198
    7.5000   37.5000  -30.000012737.5225   12.2151
   -7.5000   45.0000  -30.000012174.0264   11.9321
    0.0000   45.0000  -30.000012724.7227   11.9268
    7.5000   45.0000  -30.000012175.1201   11.9200
   -7.5000  -45.0000  -22.5000 6868.3618   13.9154
    0.0000  -45.0000  -22.5000 7189.0977   13.9164
    7.5000  -45.0000  -22.5000 6883.7549   13.9071
   -7.5000  -37.5000  -22.5000 7686.4287   13.4675
    0.0000  -37.5000  -22.5000 8044.8291   13.4772
    7.5000  -37.5000  -22.5000 7712.2632   13.4717
   -7.5000  -30.0000  -22.5000 8863.8486   13.1805
    0.0000  -30.0000  -22.5000 9281.7998   13.1962
    7.5000  -30.0000  -22.5000 8915.0205   13.1956
   -7.5000  -22.5000  -22.500010131.6816   12.9699
    0.0000  -22.5000  -22.500010603.9375   12.9838
    7.5000  -22.5000  -22.500010176.0654   12.9852
   -7.5000  -15.0000  -22.500011419.9951   12.8493
    0.0000  -15.0000  -22.500011948.6748   12.8569
    7.5000  -15.0000  -22.500011462.9141   12.8579
   -7.5000   -7.5000  -22.500012672.6113   12.8221
    0.0000   -7.5000  -22.500013292.8125   12.8255
    7.5000   -7.5000  -22.500012749.1631   12.8227
   -7.5000    0.0000  -22.500013841.1963   12.8272
    0.0000    0.0000  -22.500014502.5312   12.8316
    7.5000    0.0000  -22.500013915.6016   12.8258
   -7.5000    7.5000  -22.500013951.1826   12.8331
    0.0000    7.5000  -22.500014584.9375   12.8442
    7.5000    7.5000  -22.500014008.5400   12.8399
   -7.5000   15.0000  -22.500013806.8516   12.8306
    0.0000   15.0000  -22.500014439.0654   12.8470
    7.5000   15.0000  -22.500013849.0498   12.8465
   -7.5000   22.5000  -22.500013588.7324   12.8169
    0.0000   22.5000  -22.500014230.0371   12.8313
    7.5000   22.5000  -22.500013631.2158   12.8331
   -7.5000   30.0000  -22.500013294.6211   12.6472
    0.0000   30.0000  -22.500013953.8799   12.6551
    7.5000   30.0000  -22.500013343.1572   12.6562
   -7.5000   37.5000  -22.500013352.0410   12.6502
    0.0000   37.5000  -22.500014056.9004   12.6535
    7.5000   37.5000  -22.500013419.3740   12.6508
   -7.5000   45.0000  -22.500012773.6426   12.3533
    0.0000   45.0000  -22.500013433.2305   12.3575
    7.5000   45.0000  -22.500012834.4834   12.3518
   -7.5000  -45.0000  -15.0000 7150.6094   14.2520
    0.0000  -45.0000  -15.0000 7500.1050   14.2596
    7.5000  -45.0000  -15.0000 7181.9746   14.2551
   -7.5000  -37.5000  -15.0000 8018.7915   13.7893
    0.0000  -37.5000  -15.0000 8404.1074   13.8039
    7.5000  -37.5000  -15.0000 8065.1919   13.8017
   -7.5000  -30.0000  -15.0000 9264.9082   13.4926
    0.0000  -30.0000  -15.0000 9705.0811   13.5125
    7.5000  -30.0000  -15.0000 9324.3486   13.5123
   -7.5000  -22.5000  -15.000010628.0674   13.2824
    0.0000  -22.5000  -15.000011107.2783   13.3018
    7.5000  -22.5000  -15.000010647.8604   13.3027
   -7.5000  -15.0000  -15.000011995.7568   13.1647
    0.0000  -15.0000  -15.000012537.5215   13.1796
    7.5000  -15.0000  -15.000012032.5811   13.1811
   -7.5000   -7.5000  -15.000013312.9209   13.1376
    0.0000   -7.5000  -15.000013939.9854   13.1484
    7.5000   -7.5000  -15.000013383.8643   13.1485
   -7.5000    0.0000  -15.000014512.8633   13.1380
    0.0000    0.0000  -15.000015168.5625   13.1487
    7.5000    0.0000  -15.000014557.5723   13.1472
   -7.5000    7.5000  -15.000014688.6230   13.1384
    0.0000    7.5000  -15.000015298.7051   13.1540
    7.5000    7.5000  -15.000014671.5703   13.1527
   -7.5000   15.0000  -15.000014612.3965   13.1345
    0.0000   15.0000  -15.000015322.3789   13.1551
    7.5000   15.0000  -15.000014646.9863   13.1550
   -7.5000   22.5000  -15.000014301.0762   13.1250
    0.0000   22.5000  -15.000015142.6074   13.1450
    7.5000   22.5000  -15.000014446.1543   13.1464
   -7.5000   30.0000  -15.000013931.2275   12.9595
    0.0000   30.0000  -15.000014725.8008   12.9746
    7.5000   30.0000  -15.000014053.8242   12.9762
   -7.5000   37.5000  -15.000013992.6904   12.9632
    0.0000   37.5000  -15.000014773.2725   12.9740
    7.5000   37.5000  -15.000014096.3916   12.9741
   -7.5000   45.0000  -15.000013366.5938   12.6602
    0.0000   45.0000  -15.000014094.5400   12.6705
    7.5000   45.0000  -15.000013469.5498   12.6691
   -7.5000  -45.0000   -7.5000 7440.5669   14.4160
    0.0000  -45.0000   -7.5000 7777.8467   14.4180
    7.5000  -45.0000   -7.5000 7452.8394   14.4170
   -7.5000  -37.5000   -7.5000 8376.0137   13.9481
    0.0000  -37.5000   -7.5000 8764.7881   13.9559
    7.5000  -37.5000   -7.5000 8416.7803   13.9554
   -7.5000  -30.0000   -7.5000 9699.3027   13.6500
    0.0000  -30.0000   -7.500010166.3867   13.6629
    7.5000  -30.0000   -7.5000 9749.2578   13.6603
   -7.5000  -22.5000   -7.500011096.1113   13.4438
    0.0000  -22.5000   -7.500011639.0166   13.4579
    7.5000  -22.5000   -7.500011139.9570   13.4547
   -7.5000  -15.0000   -7.500012504.5410   13.3274
    0.0000  -15.0000   -7.500013129.9248   13.3390
    7.5000  -15.0000   -7.500012562.7178   13.3377
   -7.5000   -7.5000   -7.500013871.0332   13.2974
    0.0000   -7.5000   -7.500014558.7041   13.3047
    7.5000   -7.5000   -7.500013936.6855   13.3056
   -7.5000    0.0000   -7.500015124.2510   13.2922
    0.0000    0.0000   -7.500015814.5771   13.2979
    7.5000    0.0000   -7.500015166.4092   13.2998
   -7.5000    7.5000   -7.500015319.7412   13.2896
    0.0000    7.5000   -7.500015959.9775   13.2988
    7.5000    7.5000   -7.500015274.0391   13.2991
   -7.5000   15.0000   -7.500015317.2109   13.2886
    0.0000   15.0000   -7.500016268.0039   13.3024
    7.5000   15.0000   -7.500015452.5879   13.3001
   -7.5000   22.5000   -7.500015009.0771   13.2831
    0.0000   22.5000   -7.500016089.4990   13.2979
    7.5000   22.5000   -7.500015261.2520   13.2953
   -7.5000   30.0000   -7.500014580.0684   13.1194
    0.0000   30.0000   -7.500015503.8135   13.1312
    7.5000   30.0000   -7.500014757.7119   13.1301
   -7.5000   37.5000   -7.500014662.1289   13.1206
    0.0000   37.5000   -7.500015520.5361   13.1279
    7.5000   37.5000   -7.500014783.4375   13.1288
   -7.5000   45.0000   -7.500014045.9678   12.8111
    0.0000   45.0000   -7.500014846.8164   12.8166
    7.5000   45.0000   -7.500014129.5107   12.8185
   -7.5000  -45.0000    0.0000 7630.4067   14.4413
    0.0000  -45.0000    0.0000 7987.2554   14.4319
    7.5000  -45.0000    0.0000 7633.3789   14.4299
   -7.5000  -37.5000    0.0000 8601.8320   13.9766
    0.0000  -37.5000    0.0000 9019.9131   13.9738
    7.5000  -37.5000    0.0000 8643.0186   13.9718
   -7.5000  -30.0000    0.0000 9999.3828   13.6818
    0.0000  -30.0000    0.000010497.0547   13.6847
    7.5000  -30.0000    0.000010053.3369   13.6789
   -7.5000  -22.5000    0.000011470.4854   13.4760
    0.0000  -22.5000    0.000012021.3945   13.4798
    7.5000  -22.5000    0.000011512.9404   13.4722
   -7.5000  -15.0000    0.000012935.2432   13.3566
    0.0000  -15.0000    0.000013567.4746   13.3578
    7.5000  -15.0000    0.000012996.9932   13.3525
   -7.5000   -7.5000    0.000014327.3496   13.3236
    0.0000   -7.5000    0.000015057.0684   13.3204
    7.5000   -7.5000    0.000014435.1328   13.3192
   -7.5000    0.0000    0.000015581.8652   13.3176
    0.0000    0.0000    0.000016305.4150   13.3130
    7.5000    0.0000    0.000015651.7764   13.3140
   -7.5000    7.5000    0.000015735.5010   13.3177
    0.0000    7.5000    0.000016419.6270   13.3171
    7.5000    7.5000    0.000015744.3076   13.3160
   -7.5000   15.0000    0.000015713.4072   13.3203
    0.0000   15.0000    0.000016803.2734   13.3243
    7.5000   15.0000    0.000015943.1855   13.3189
   -7.5000   22.5000    0.000015603.0889   13.3150
    0.0000   22.5000    0.000016876.5625   13.3197
    7.5000   22.5000    0.000015882.4785   13.3127
   -7.5000   30.0000    0.000015296.8027   13.1486
    0.0000   30.0000    0.000016441.6758   13.1501
    7.5000   30.0000    0.000015449.5117   13.1451
   -7.5000   37.5000    0.000015325.1504   13.1468
    0.0000   37.5000    0.000016371.0635   13.1437
    7.5000   37.5000    0.000015406.9902   13.1425
   -7.5000   45.0000    0.000014613.4121   12.8366
    0.0000   45.0000    0.000015531.4531   12.8322
    7.5000   45.0000    0.000014634.6953   12.8332
   -7.5000  -45.0000    7.5000 7201.3501   14.4427
    0.0000  -45.0000    7.5000 7552.5239   14.4274
    7.5000  -45.0000    7.5000 7209.8535   14.4201
   -7.5000  -37.5000    7.5000 8168.6211   13.9812
    0.0000  -37.5000    7.5000 8562.4297   13.9752
    7.5000  -37.5000    7.5000 8195.9434   13.9697
   -7.5000  -30.0000    7.5000 9529.0195   13.6882
    0.0000  -30.0000    7.5000 9985.7969   13.6887
    7.5000  -30.0000    7.5000 9557.3945   13.6826
   -7.5000  -22.5000    7.500010937.2041   13.4764
    0.0000  -22.5000    7.500011452.8525   13.4756
    7.5000  -22.5000    7.500010962.7334   13.4686
   -7.5000  -15.0000    7.500012304.0146   13.3515
    0.0000  -15.0000    7.500012921.2109   13.3454
    7.5000  -15.0000    7.500012382.8418   13.3397
   -7.5000   -7.5000    7.500013622.1992   13.3185
    0.0000   -7.5000    7.500014327.7539   13.3077
    7.5000   -7.5000    7.500013735.0322   13.3034
   -7.5000    0.0000    7.500014888.7861   13.3177
    0.0000    0.0000    7.500015613.1367   13.3075
    7.5000    0.0000    7.500014931.2695   13.3038
   -7.5000    7.5000    7.500015029.3652   13.3232
    0.0000    7.5000    7.500015813.6611   13.3197
    7.5000    7.5000    7.500015099.8242   13.3155
   -7.5000   15.0000    7.500014944.2676   13.3261
    0.0000   15.0000    7.500015975.0967   13.3279
    7.5000   15.0000    7.500015214.9238   13.3222
   -7.5000   22.5000    7.500014839.5361   13.3154
    0.0000   22.5000    7.500015881.0615   13.3155
    7.5000   22.5000    7.500015079.4561   13.3091
   -7.5000   30.0000    7.500014616.5938   13.1435
    0.0000   30.0000    7.500015537.3496   13.1379
    7.5000   30.0000    7.500014754.8037   13.1325
   -7.5000   37.5000    7.500014690.6475   13.1418
    0.0000   37.5000    7.500015507.0107   13.1312
    7.5000   37.5000    7.500014775.1943   13.1269
   -7.5000   45.0000    7.500013982.3027   12.8367
    0.0000   45.0000    7.500014708.3359   12.8269
    7.5000   45.0000    7.500014027.1992   12.8233
   -7.5000  -45.0000   15.0000 6693.6489   14.4690
    0.0000  -45.0000   15.0000 7037.3823   14.4582
    7.5000  -45.0000   15.0000 6734.8101   14.4469
   -7.5000  -37.5000   15.0000 7600.4077   14.0077
    0.0000  -37.5000   15.0000 7997.8506   14.0074
    7.5000  -37.5000   15.0000 7645.9316   14.0000
   -7.5000  -30.0000   15.0000 8865.0586   13.7137
    0.0000  -30.0000   15.0000 9335.7119   13.7201
    7.5000  -30.0000   15.0000 8923.9619   13.7171
   -7.5000  -22.5000   15.000010188.4355   13.4949
    0.0000  -22.5000   15.000010750.9658   13.4988
    7.5000  -22.5000   15.000010270.9629   13.4969
   -7.5000  -15.0000   15.000011499.5303   13.3664
    0.0000  -15.0000   15.000012160.7637   13.3632
    7.5000  -15.0000   15.000011615.1982   13.3610
   -7.5000   -7.5000   15.000012778.6328   13.3355
    0.0000   -7.5000   15.000013503.2422   13.3276
    7.5000   -7.5000   15.000012913.1250   13.3225
   -7.5000    0.0000   15.000014013.8408   13.3403
    0.0000    0.0000   15.000014691.7979   13.3341
    7.5000    0.0000   15.000014065.2002   13.3267
   -7.5000    7.5000   15.000014167.5020   13.3490
    0.0000    7.5000   15.000014853.4697   13.3509
    7.5000    7.5000   15.000014230.4053   13.3450
   -7.5000   15.0000   15.000014071.6279   13.3495
    0.0000   15.0000   15.000014824.8516   13.3571
    7.5000   15.0000   15.000014211.2930   13.3543
   -7.5000   22.5000   15.000013869.3643   13.3334
    0.0000   22.5000   15.000014535.9131   13.3381
    7.5000   22.5000   15.000013981.3447   13.3367
   -7.5000   30.0000   15.000013593.0283   13.1580
    0.0000   30.0000   15.000014161.6543   13.1553
    7.5000   30.0000   15.000013643.5381   13.1534
   -7.5000   37.5000   15.000013697.4229   13.1586
    0.0000   37.5000   15.000014236.1240   13.1508
    7.5000   37.5000   15.000013725.5947   13.1458
   -7.5000   45.0000   15.000013108.8828   12.8586
    0.0000   45.0000   15.000013650.2139   12.8526
    7.5000   45.0000   15.000013140.1943   12.8454
   -7.5000  -45.0000   22.5000 6128.4082   14.5746
    0.0000  -45.0000   22.5000 6478.0054   14.5752
    7.5000  -45.0000   22.5000 6200.3418   14.5656
   -7.5000  -37.5000   22.5000 6972.5254   14.1055
    0.0000  -37.5000   22.5000 7374.4033   14.1151
    7.5000  -37.5000   22.5000 7041.5332   14.1096
   -7.5000  -30.0000   22.5000 8166.3623   13.8056
    0.0000  -30.0000   22.5000 8631.5537   13.8215
    7.5000  -30.0000   22.5000 8245.3799   13.8212
   -7.5000  -22.5000   22.5000 9398.1592   13.5844
    0.0000  -22.5000   22.5000 9920.2148   13.5984
    7.5000  -22.5000   22.5000 9486.6543   13.6001
   -7.5000  -15.0000   22.500010625.0635   13.4568
    0.0000  -15.0000   22.500011186.9014   13.4643
    7.5000  -15.0000   22.500010716.0166   13.4655
   -7.5000   -7.5000   22.500011829.8750   13.4281
    0.0000   -7.5000   22.500012405.4521   13.4311
    7.5000   -7.5000   22.500011872.0723   13.4285
   -7.5000    0.0000   22.500012977.7871   13.4337
    0.0000    0.0000   22.500013530.5088   13.4378
    7.5000    0.0000   22.500012947.8262   13.4319
   -7.5000    7.5000   22.500013107.2988   13.4399
    0.0000    7.5000   22.500013693.3838   13.4511
    7.5000    7.5000   22.500013127.7305   13.4468
   -7.5000   15.0000   22.500013044.5811   13.4372
    0.0000   15.0000   22.500013693.7500   13.4540
    7.5000   15.0000   22.500013117.4258   13.4538
   -7.5000   22.5000   22.500012878.5371   13.4207
    0.0000   22.5000   22.500013471.3086   13.4353
    7.5000   22.5000   22.500012897.8438   13.4375
   -7.5000   30.0000   22.500012577.0576   13.2467
    0.0000   30.0000   22.500013125.0176   13.2545
    7.5000   30.0000   22.500012550.8281   13.2559
   -7.5000   37.5000   22.500012670.2471   13.2499
    0.0000   37.5000   22.500013205.2822   13.2529
    7.5000   37.5000   22.500012633.4951   13.2503
   -7.5000   45.0000   22.500012177.5615   12.9485
    0.0000   45.0000   22.500012681.7012   12.9525
    7.5000   45.0000   22.500012131.8125   12.9468
   -7.5000  -45.0000   30.0000 5608.8423   14.8796
    0.0000  -45.0000   30.0000 5911.5688   14.8875
    7.5000  -45.0000   30.0000 5650.3550   14.8831
   -7.5000  -37.5000   30.0000 6377.1450   14.3892
    0.0000  -37.5000   30.0000 6727.9629   14.4046
    7.5000  -37.5000   30.0000 6421.5596   14.4029
   -7.5000  -30.0000   30.0000 7461.2529   14.0771
    0.0000  -30.0000   30.0000 7878.7490   14.0980
    7.5000  -30.0000   30.0000 7529.3071   14.0984
   -7.5000  -22.5000   30.0000 8602.4287   13.8549
    0.0000  -22.5000   30.0000 9065.9561   13.8752
    7.5000  -22.5000   30.0000 8663.7715   13.8766
   -7.5000  -15.0000   30.0000 9734.5938   13.7286
    0.0000  -15.0000   30.000010233.8213   13.7439
    7.5000  -15.0000   30.0000 9786.2090   13.7457
   -7.5000   -7.5000   30.000010842.2617   13.6991
    0.0000   -7.5000   30.000011372.6621   13.7101
    7.5000   -7.5000   30.000010867.0293   13.7105
   -7.5000    0.0000   30.000011895.6348   13.6994
    0.0000    0.0000   30.000012430.2393   13.7104
    7.5000    0.0000   30.000011883.6230   13.7093
   -7.5000    7.5000   30.000012041.3994   13.6999
    0.0000    7.5000   30.000012617.0684   13.7163
    7.5000    7.5000   30.000012070.4609   13.7155
   -7.5000   15.0000   30.000012021.6982   13.6962
    0.0000   15.0000   30.000012611.3428   13.7177
    7.5000   15.0000   30.000012056.2871   13.7183
   -7.5000   22.5000   30.000011858.7773   13.6849
    0.0000   22.5000   30.000012389.6455   13.7057
    7.5000   22.5000   30.000011847.8730   13.7075
   -7.5000   30.0000   30.000011566.0420   13.5136
    0.0000   30.0000   30.000012057.1123   13.5290
    7.5000   30.0000   30.000011532.3555   13.5310
   -7.5000   37.5000   30.000011639.9229   13.5172
    0.0000   37.5000   30.000012134.3135   13.5281
    7.5000   37.5000   30.000011615.3262   13.5285
   -7.5000   45.0000   30.000011211.7822   13.2047
    0.0000   45.0000   30.000011669.0000   13.2152
    7.5000   45.0000   30.000011171.0830   13.2142
   -7.5000  -45.0000   37.5000 5303.6094   15.3211
    0.0000  -45.0000   37.5000 5566.2549   15.3209
    7.5000  -45.0000   37.5000 5331.2114   15.3196
   -7.5000  -37.5000   37.5000 6031.2222   14.8050
    0.0000  -37.5000   37.5000 6344.6538   14.8114
    7.5000  -37.5000   37.5000 6085.3472   14.8105
   -7.5000  -30.0000   37.5000 7057.5103   14.4794
    0.0000  -30.0000   37.5000 7447.8042   14.4916
    7.5000  -30.0000   37.5000 7136.0312   14.4886
   -7.5000  -22.5000   37.5000 8159.9731   14.2530
    0.0000  -22.5000   37.5000 8579.7988   14.2668
    7.5000  -22.5000   37.5000 8204.8770   14.2634
   -7.5000  -15.0000   37.5000 9237.9883   14.1221
    0.0000  -15.0000   37.5000 9696.4512   14.1331
    7.5000  -15.0000   37.5000 9280.0732   14.1321
   -7.5000   -7.5000   37.500010302.1680   14.0884
    0.0000   -7.5000   37.500010793.3965   14.0946
    7.5000   -7.5000   37.500010320.0303   14.0957
   -7.5000    0.0000   37.500011314.7178   14.0833
    0.0000    0.0000   37.500011831.2920   14.0874
    7.5000    0.0000   37.500011304.0010   14.0894
   -7.5000    7.5000   37.500011448.5107   14.0812
    0.0000    7.5000   37.500011985.1738   14.0891
    7.5000    7.5000   37.500011471.3984   14.0893
   -7.5000   15.0000   37.500011423.8564   14.0801
    0.0000   15.0000   37.500011940.9756   14.0933
    7.5000   15.0000   37.500011439.6104   14.0907
   -7.5000   22.5000   37.500011241.7832   14.0737
    0.0000   22.5000   37.500011722.9785   14.0882
    7.5000   22.5000   37.500011223.5469   14.0855
   -7.5000   30.0000   37.500010964.2354   13.9000
    0.0000   30.0000   37.500011419.6250   13.9112
    7.5000   30.0000   37.500010944.3408   13.9104
   -7.5000   37.5000   37.500011019.3721   13.9012
    0.0000   37.5000   37.500011482.7969   13.9073
    7.5000   37.5000   37.500011007.4023   13.9085
   -7.5000   45.0000   37.500010609.8936   13.5747
    0.0000   45.0000   37.500011053.5176   13.5787
    7.5000   45.0000   37.500010586.3887   13.5806
   -7.5000  -45.0000   45.0000 4807.7666   15.8742
    0.0000  -45.0000   45.0000 5033.7490   15.8616
    7.5000  -45.0000   45.0000 4816.5996   15.8602
   -7.5000  -37.5000   45.0000 5464.6685   15.3371
    0.0000  -37.5000   45.0000 5740.4302   15.3317
    7.5000  -37.5000   45.0000 5509.5479   15.3300
   -7.5000  -30.0000   45.0000 6409.3262   14.9909
    0.0000  -30.0000   45.0000 6739.1030   14.9921
    7.5000  -30.0000   45.0000 6475.8804   14.9862
   -7.5000  -22.5000   45.0000 7409.0156   14.7486
    0.0000  -22.5000   45.0000 7773.4229   14.7514
    7.5000  -22.5000   45.0000 7446.6450   14.7438
   -7.5000  -15.0000   45.0000 8393.5771   14.6052
    0.0000  -15.0000   45.0000 8794.9932   14.6055
    7.5000  -15.0000   45.0000 8419.6641   14.6009
   -7.5000   -7.5000   45.0000 9367.5166   14.5675
    0.0000   -7.5000   45.0000 9808.9824   14.5627
    7.5000   -7.5000   45.0000 9382.5645   14.5624
   -7.5000    0.0000   45.000010276.9482   14.5633
    0.0000    0.0000   45.000010750.0186   14.5562
    7.5000    0.0000   45.000010289.4395   14.5583
   -7.5000    7.5000   45.000010412.6230   14.5641
    0.0000    7.5000   45.000010883.3135   14.5612
    7.5000    7.5000   45.000010421.8086   14.5607
   -7.5000   15.0000   45.000010386.3447   14.5647
    0.0000   15.0000   45.000010850.3389   14.5673
    7.5000   15.0000   45.000010382.0576   14.5619
   -7.5000   22.5000   45.000010199.6211   14.5564
    0.0000   22.5000   45.000010644.2344   14.5603
    7.5000   22.5000   45.000010176.2432   14.5534
   -7.5000   30.0000   45.0000 9942.9131   14.3726
    0.0000   30.0000   45.000010371.4834   14.3734
    7.5000   30.0000   45.0000 9932.9277   14.3691
   -7.5000   37.5000   45.000010008.9355   14.3725
    0.0000   37.5000   45.000010430.4912   14.3678
    7.5000   37.5000   45.0000 9986.5449   14.3676
   -7.5000   45.0000   45.0000 9642.7930   14.0437
    0.0000   45.0000   45.000010060.5947   14.0369
    7.5000   45.0000   45.0000 9621.6738   14.0389

---------------------------------------------------------------------
imgreg_4dfp /opt/freesurfer/average/711-2C_as_mni_average_305 /opt/freesurfer/average/711-2B_as_mni_average_305_mask talsrcimg_g11 none talsrcimg_to_711-2C_as_mni_average_305_t4 4355
---------------------------------------------------------------------

freesurfer imgreg_4dfp.c
/opt/freesurfer/average/711-2C_as_mni_average_305.4dfp.img
       256       256       256         1
  1.000000  1.000000  1.000000
orientation T byte_order littleendian
Reading image: /opt/freesurfer/average/711-2C_as_mni_average_305.4dfp.img
dimensions:      256       256       256
mmppix:       1.0000   -1.0000   -1.0000
center:     128.0000 -129.0000 -129.0000
/opt/freesurfer/average/711-2B_as_mni_average_305_mask.4dfp.img
       256       256       256         1
  1.000000  1.000000  1.000000
orientation T byte_order littleendian
Reading mask: /opt/freesurfer/average/711-2B_as_mni_average_305_mask.4dfp.img (2306576 pixels)
talsrcimg_g11.4dfp.img
       256       256       256         1
  1.000000  1.000000  1.000000
orientation T byte_order littleendian
Reading image: talsrcimg_g11.4dfp.img
dimensions:      256       256       256
mmppix:       1.0000   -1.0000   -1.0000
center:     128.0000 -129.0000 -129.0000
rotation matrix determinant  1.000000
image alignment mode   4355 decimal     1103 hex
   -7.5000  -22.5000  -45.0000 2101.8052   14.6145
    0.0000  -22.5000  -45.0000 2108.3755   14.6600
    7.5000  -22.5000  -45.0000 2098.5461   14.8153
   -7.5000  -15.0000  -45.0000 2219.6279   13.0850
    0.0000  -15.0000  -45.0000 2226.0247   13.1161
    7.5000  -15.0000  -45.0000 2218.0308   13.2586
   -7.5000   -7.5000  -45.0000 2320.9656   11.8629
    0.0000   -7.5000  -45.0000 2332.2358   11.8583
    7.5000   -7.5000  -45.0000 2320.9763   11.9876
   -7.5000    0.0000  -45.0000 2401.6062   10.9209
    0.0000    0.0000  -45.0000 2415.9805   10.8759
    7.5000    0.0000  -45.0000 2407.6641   10.9993
   -7.5000    7.5000  -45.0000 2461.3516   10.3095
    0.0000    7.5000  -45.0000 2474.2393   10.2191
    7.5000    7.5000  -45.0000 2463.2080   10.3473
   -7.5000   15.0000  -45.0000 2492.8652    9.9486
    0.0000   15.0000  -45.0000 2505.8462    9.8351
    7.5000   15.0000  -45.0000 2493.0723    9.9565
   -7.5000   22.5000  -45.0000 2511.9722    9.7693
    0.0000   22.5000  -45.0000 2525.2375    9.6506
    7.5000   22.5000  -45.0000 2511.8730    9.7630
   -7.5000   30.0000  -45.0000 2509.5247    9.7988
    0.0000   30.0000  -45.0000 2522.5422    9.6855
    7.5000   30.0000  -45.0000 2506.4290    9.7886
   -7.5000   37.5000  -45.0000 2485.6353    9.9864
    0.0000   37.5000  -45.0000 2501.9937    9.8521
    7.5000   37.5000  -45.0000 2484.6233    9.9821
   -7.5000   45.0000  -45.0000 2439.1589   10.3738
    0.0000   45.0000  -45.0000 2458.2480   10.2428
    7.5000   45.0000  -45.0000 2443.8721   10.3751
   -7.5000   52.5000  -45.0000 2354.6045   10.8953
    0.0000   52.5000  -45.0000 2370.3206   10.7776
    7.5000   52.5000  -45.0000 2359.1992   10.8808
   -7.5000   60.0000  -45.0000 2220.0366   11.5104
    0.0000   60.0000  -45.0000 2234.4529   11.4107
    7.5000   60.0000  -45.0000 2227.0730   11.4871
   -7.5000   67.5000  -45.0000 2056.2668   12.1504
    0.0000   67.5000  -45.0000 2072.6963   12.0495
    7.5000   67.5000  -45.0000 2064.4673   12.1274
   -7.5000  -22.5000  -37.5000 2152.1917   13.9265
    0.0000  -22.5000  -37.5000 2159.5056   13.9118
    7.5000  -22.5000  -37.5000 2148.9370   14.0835
   -7.5000  -15.0000  -37.5000 2276.4717   12.4090
    0.0000  -15.0000  -37.5000 2287.6375   12.3906
    7.5000  -15.0000  -37.5000 2273.3003   12.5648
   -7.5000   -7.5000  -37.5000 2383.2512   11.2235
    0.0000   -7.5000  -37.5000 2396.0427   11.1711
    7.5000   -7.5000  -37.5000 2384.4326   11.3219
   -7.5000    0.0000  -37.5000 2472.1790   10.3275
    0.0000    0.0000  -37.5000 2485.6719   10.2557
    7.5000    0.0000  -37.5000 2475.1052   10.3711
   -7.5000    7.5000  -37.5000 2540.6238    9.7007
    0.0000    7.5000  -37.5000 2554.9080    9.6135
    7.5000    7.5000  -37.5000 2542.5229    9.7108
   -7.5000   15.0000  -37.5000 2579.8794    9.3355
    0.0000   15.0000  -37.5000 2593.8245    9.2153
    7.5000   15.0000  -37.5000 2581.2424    9.3299
   -7.5000   22.5000  -37.5000 2604.6882    9.1387
    0.0000   22.5000  -37.5000 2619.0896    9.0210
    7.5000   22.5000  -37.5000 2607.6421    9.1262
   -7.5000   30.0000  -37.5000 2605.6738    9.1402
    0.0000   30.0000  -37.5000 2621.9863    9.0299
    7.5000   30.0000  -37.5000 2607.7170    9.1322
   -7.5000   37.5000  -37.5000 2581.6985    9.3156
    0.0000   37.5000  -37.5000 2601.9863    9.1832
    7.5000   37.5000  -37.5000 2585.7708    9.3046
   -7.5000   45.0000  -37.5000 2531.7427    9.6702
    0.0000   45.0000  -37.5000 2553.9661    9.5354
    7.5000   45.0000  -37.5000 2541.5405    9.6683
   -7.5000   52.5000  -37.5000 2442.6680   10.1624
    0.0000   52.5000  -37.5000 2459.5374   10.0410
    7.5000   52.5000  -37.5000 2449.8235   10.1422
   -7.5000   60.0000  -37.5000 2300.4822   10.7218
    0.0000   60.0000  -37.5000 2315.4031   10.5945
    7.5000   60.0000  -37.5000 2309.6116   10.6975
   -7.5000   67.5000  -37.5000 2128.9412   11.3273
    0.0000   67.5000  -37.5000 2146.5271   11.1902
    7.5000   67.5000  -37.5000 2142.5059   11.2805
   -7.5000  -22.5000  -30.0000 2227.9453   13.7836
    0.0000  -22.5000  -30.0000 2241.3394   13.7727
    7.5000  -22.5000  -30.0000 2229.8335   13.9595
   -7.5000  -15.0000  -30.0000 2361.1494   12.2666
    0.0000  -15.0000  -30.0000 2372.6243   12.2325
    7.5000  -15.0000  -30.0000 2359.9885   12.4004
   -7.5000   -7.5000  -30.0000 2477.2991   11.0549
    0.0000   -7.5000  -30.0000 2489.3462   10.9918
    7.5000   -7.5000  -30.0000 2477.4114   11.1546
   -7.5000    0.0000  -30.0000 2572.7766   10.1264
    0.0000    0.0000  -30.0000 2587.0039   10.0576
    7.5000    0.0000  -30.0000 2574.6812   10.2070
   -7.5000    7.5000  -30.0000 2653.1130    9.4710
    0.0000    7.5000  -30.0000 2664.5210    9.3897
    7.5000    7.5000  -30.0000 2652.1826    9.5339
   -7.5000   15.0000  -30.0000 2699.7007    9.0676
    0.0000   15.0000  -30.0000 2715.8169    8.9634
    7.5000   15.0000  -30.0000 2702.6099    9.0857
   -7.5000   22.5000  -30.0000 2735.0530    8.8473
    0.0000   22.5000  -30.0000 2753.5422    8.7460
    7.5000   22.5000  -30.0000 2740.5134    8.8452
   -7.5000   30.0000  -30.0000 2741.6472    8.8430
    0.0000   30.0000  -30.0000 2762.6318    8.7322
    7.5000   30.0000  -30.0000 2748.5056    8.8346
   -7.5000   37.5000  -30.0000 2722.6365    9.0261
    0.0000   37.5000  -30.0000 2746.5076    8.8916
    7.5000   37.5000  -30.0000 2730.5059    8.9926
   -7.5000   45.0000  -30.0000 2673.9736    9.3670
    0.0000   45.0000  -30.0000 2699.1782    9.2260
    7.5000   45.0000  -30.0000 2685.8774    9.3418
   -7.5000   52.5000  -30.0000 2576.7202    9.8256
    0.0000   52.5000  -30.0000 2595.6199    9.7009
    7.5000   52.5000  -30.0000 2585.9592    9.8102
   -7.5000   60.0000  -30.0000 2423.7327   10.3785
    0.0000   60.0000  -30.0000 2437.7014   10.2467
    7.5000   60.0000  -30.0000 2433.3110   10.3511
   -7.5000   67.5000  -30.0000 2240.2200   10.9883
    0.0000   67.5000  -30.0000 2255.1101   10.8541
    7.5000   67.5000  -30.0000 2254.9556   10.9452
   -7.5000  -22.5000  -22.5000 2273.7107   13.6102
    0.0000  -22.5000  -22.5000 2287.6099   13.5623
    7.5000  -22.5000  -22.5000 2276.1394   13.7744
   -7.5000  -15.0000  -22.5000 2409.1165   12.0902
    0.0000  -15.0000  -22.5000 2421.7888   12.0379
    7.5000  -15.0000  -22.5000 2412.2620   12.2096
   -7.5000   -7.5000  -22.5000 2531.1091   10.8748
    0.0000   -7.5000  -22.5000 2546.0679   10.8213
    7.5000   -7.5000  -22.5000 2537.3010   10.9637
   -7.5000    0.0000  -22.5000 2633.1235    9.9176
    0.0000    0.0000  -22.5000 2647.4827    9.8492
    7.5000    0.0000  -22.5000 2640.2864    9.9826
   -7.5000    7.5000  -22.5000 2726.9521    9.2301
    0.0000    7.5000  -22.5000 2738.4163    9.1429
    7.5000    7.5000  -22.5000 2727.2356    9.2861
   -7.5000   15.0000  -22.5000 2788.9470    8.7733
    0.0000   15.0000  -22.5000 2806.6670    8.6963
    7.5000   15.0000  -22.5000 2792.5393    8.8186
   -7.5000   22.5000  -22.5000 2833.8582    8.5312
    0.0000   22.5000  -22.5000 2857.7007    8.4337
    7.5000   22.5000  -22.5000 2837.6863    8.5488
   -7.5000   30.0000  -22.5000 2849.2959    8.5109
    0.0000   30.0000  -22.5000 2871.0325    8.4062
    7.5000   30.0000  -22.5000 2849.8372    8.5114
   -7.5000   37.5000  -22.5000 2829.8071    8.6948
    0.0000   37.5000  -22.5000 2857.0962    8.5703
    7.5000   37.5000  -22.5000 2838.1282    8.6612
   -7.5000   45.0000  -22.5000 2779.9807    9.0182
    0.0000   45.0000  -22.5000 2809.3674    8.8961
    7.5000   45.0000  -22.5000 2796.7373    8.9850
   -7.5000   52.5000  -22.5000 2673.7109    9.4652
    0.0000   52.5000  -22.5000 2696.4438    9.3380
    7.5000   52.5000  -22.5000 2689.6877    9.4391
   -7.5000   60.0000  -22.5000 2510.2659   10.0272
    0.0000   60.0000  -22.5000 2529.5720    9.8874
    7.5000   60.0000  -22.5000 2524.4133   10.0052
   -7.5000   67.5000  -22.5000 2318.0151   10.6552
    0.0000   67.5000  -22.5000 2335.8792   10.5050
    7.5000   67.5000  -22.5000 2330.2361   10.6288
   -7.5000  -22.5000  -15.0000 2284.8403   13.5208
    0.0000  -22.5000  -15.0000 2298.8418   13.4072
    7.5000  -22.5000  -15.0000 2288.6265   13.6110
   -7.5000  -15.0000  -15.0000 2421.0603   11.9874
    0.0000  -15.0000  -15.0000 2436.9165   11.8762
    7.5000  -15.0000  -15.0000 2429.2415   12.0488
   -7.5000   -7.5000  -15.0000 2545.0383   10.7480
    0.0000   -7.5000  -15.0000 2562.5376   10.6538
    7.5000   -7.5000  -15.0000 2555.4705   10.8137
   -7.5000    0.0000  -15.0000 2651.2397    9.7633
    0.0000    0.0000  -15.0000 2668.2131    9.6654
    7.5000    0.0000  -15.0000 2660.9778    9.8105
   -7.5000    7.5000  -15.0000 2760.5095    9.0424
    0.0000    7.5000  -15.0000 2772.3865    8.9391
    7.5000    7.5000  -15.0000 2761.2852    9.0717
   -7.5000   15.0000  -15.0000 2842.6887    8.5692
    0.0000   15.0000  -15.0000 2859.1946    8.4957
    7.5000   15.0000  -15.0000 2843.1367    8.5974
   -7.5000   22.5000  -15.0000 2900.0989    8.2953
    0.0000   22.5000  -15.0000 2923.9019    8.2382
    7.5000   22.5000  -15.0000 2903.0176    8.3192
   -7.5000   30.0000  -15.0000 2918.0974    8.2335
    0.0000   30.0000  -15.0000 2943.2776    8.1546
    7.5000   30.0000  -15.0000 2920.2231    8.2582
   -7.5000   37.5000  -15.0000 2897.2463    8.4072
    0.0000   37.5000  -15.0000 2926.4717    8.3145
    7.5000   37.5000  -15.0000 2904.8889    8.4060
   -7.5000   45.0000  -15.0000 2838.1497    8.7654
    0.0000   45.0000  -15.0000 2872.9519    8.6166
    7.5000   45.0000  -15.0000 2857.4604    8.7166
   -7.5000   52.5000  -15.0000 2727.9207    9.2142
    0.0000   52.5000  -15.0000 2755.4849    9.0576
    7.5000   52.5000  -15.0000 2745.9446    9.1681
   -7.5000   60.0000  -15.0000 2556.6445    9.7650
    0.0000   60.0000  -15.0000 2583.5017    9.6102
    7.5000   60.0000  -15.0000 2573.9424    9.7339
   -7.5000   67.5000  -15.0000 2360.9138   10.3939
    0.0000   67.5000  -15.0000 2382.3206   10.2389
    7.5000   67.5000  -15.0000 2374.2231   10.3567
   -7.5000  -22.5000   -7.5000 2276.9292   13.5024
    0.0000  -22.5000   -7.5000 2289.2729   13.3766
    7.5000  -22.5000   -7.5000 2284.3921   13.5357
   -7.5000  -15.0000   -7.5000 2409.6489   11.9091
    0.0000  -15.0000   -7.5000 2425.5774   11.8022
    7.5000  -15.0000   -7.5000 2419.7319   11.9499
   -7.5000   -7.5000   -7.5000 2531.0303   10.6484
    0.0000   -7.5000   -7.5000 2548.8953   10.5404
    7.5000   -7.5000   -7.5000 2541.1934   10.6843
   -7.5000    0.0000   -7.5000 2647.6787    9.6533
    0.0000    0.0000   -7.5000 2663.3259    9.5388
    7.5000    0.0000   -7.5000 2652.1294    9.6689
   -7.5000    7.5000   -7.5000 2766.7429    8.9060
    0.0000    7.5000   -7.5000 2777.6077    8.7907
    7.5000    7.5000   -7.5000 2761.3928    8.9066
   -7.5000   15.0000   -7.5000 2864.4207    8.4448
    0.0000   15.0000   -7.5000 2879.4275    8.3626
    7.5000   15.0000   -7.5000 2863.8816    8.4405
   -7.5000   22.5000   -7.5000 2934.2688    8.1781
    0.0000   22.5000   -7.5000 2965.0989    8.1726
    7.5000   22.5000   -7.5000 2944.9814    8.2100
   -7.5000   30.0000   -7.5000 2953.6489    8.0527
    0.0000   30.0000   -7.5000 2992.7424    8.0029
    7.5000   30.0000   -7.5000 2967.0354    8.0805
   -7.5000   37.5000   -7.5000 2929.2971    8.2505
    0.0000   37.5000   -7.5000 2964.6890    8.1309
    7.5000   37.5000   -7.5000 2938.6462    8.2249
   -7.5000   45.0000   -7.5000 2863.8726    8.6271
    0.0000   45.0000   -7.5000 2897.3384    8.4675
    7.5000   45.0000   -7.5000 2878.8777    8.5458
   -7.5000   52.5000   -7.5000 2750.0105    9.0740
    0.0000   52.5000   -7.5000 2778.4512    8.9205
    7.5000   52.5000   -7.5000 2765.1089    8.9888
   -7.5000   60.0000   -7.5000 2576.0430    9.6166
    0.0000   60.0000   -7.5000 2600.4099    9.4752
    7.5000   60.0000   -7.5000 2589.5491    9.5316
   -7.5000   67.5000   -7.5000 2376.8076   10.2455
    0.0000   67.5000   -7.5000 2395.4387   10.1002
    7.5000   67.5000   -7.5000 2387.7747   10.1639
   -7.5000  -22.5000    0.0000 2255.1028   13.6500
    0.0000  -22.5000    0.0000 2268.7578   13.5188
    7.5000  -22.5000    0.0000 2259.7744   13.6662
   -7.5000  -15.0000    0.0000 2384.1821   12.0012
    0.0000  -15.0000    0.0000 2399.6980   11.8603
    7.5000  -15.0000    0.0000 2390.2180   12.0203
   -7.5000   -7.5000    0.0000 2508.5540   10.7049
    0.0000   -7.5000    0.0000 2521.5442   10.5661
    7.5000   -7.5000    0.0000 2509.3364   10.7119
   -7.5000    0.0000    0.0000 2632.1611    9.6715
    0.0000    0.0000    0.0000 2640.3582    9.5529
    7.5000    0.0000    0.0000 2628.2090    9.6917
   -7.5000    7.5000    0.0000 2750.2456    8.9264
    0.0000    7.5000    0.0000 2756.4138    8.8149
    7.5000    7.5000    0.0000 2744.8254    8.9378
   -7.5000   15.0000    0.0000 2851.9761    8.4857
    0.0000   15.0000    0.0000 2871.5537    8.4283
    7.5000   15.0000    0.0000 2856.3296    8.4921
   -7.5000   22.5000    0.0000 2925.8616    8.2548
    0.0000   22.5000    0.0000 2964.3098    8.2936
    7.5000   22.5000    0.0000 2946.3616    8.2885
   -7.5000   30.0000    0.0000 2953.2400    8.1746
    0.0000   30.0000    0.0000 3002.1238    8.1360
    7.5000   30.0000    0.0000 2977.9656    8.1517
   -7.5000   37.5000    0.0000 2933.2434    8.2965
    0.0000   37.5000    0.0000 2974.7002    8.1755
    7.5000   37.5000    0.0000 2954.9360    8.2196
   -7.5000   45.0000    0.0000 2861.1345    8.6136
    0.0000   45.0000    0.0000 2897.3308    8.4707
    7.5000   45.0000    0.0000 2879.4421    8.5275
   -7.5000   52.5000    0.0000 2737.8384    9.0684
    0.0000   52.5000    0.0000 2767.7991    8.9204
    7.5000   52.5000    0.0000 2759.4211    8.9733
   -7.5000   60.0000    0.0000 2567.4822    9.6242
    0.0000   60.0000    0.0000 2587.3474    9.4767
    7.5000   60.0000    0.0000 2582.9268    9.5239
   -7.5000   67.5000    0.0000 2370.2659   10.2172
    0.0000   67.5000    0.0000 2384.2756   10.0795
    7.5000   67.5000    0.0000 2380.3289   10.1593
   -7.5000  -22.5000    7.5000 2226.0310   13.9635
    0.0000  -22.5000    7.5000 2237.6433   13.7756
    7.5000  -22.5000    7.5000 2226.6741   13.9813
   -7.5000  -15.0000    7.5000 2356.4106   12.2716
    0.0000  -15.0000    7.5000 2367.7644   12.0962
    7.5000  -15.0000    7.5000 2356.3101   12.2724
   -7.5000   -7.5000    7.5000 2480.8848   10.9427
    0.0000   -7.5000    7.5000 2489.7876   10.7936
    7.5000   -7.5000    7.5000 2477.2903   10.9532
   -7.5000    0.0000    7.5000 2604.8191    9.9213
    0.0000    0.0000    7.5000 2612.0979    9.8129
    7.5000    0.0000    7.5000 2596.2871    9.9522
   -7.5000    7.5000    7.5000 2720.8562    9.2041
    0.0000    7.5000    7.5000 2730.9089    9.1108
    7.5000    7.5000    7.5000 2713.2241    9.2286
   -7.5000   15.0000    7.5000 2819.2302    8.7350
    0.0000   15.0000    7.5000 2839.5205    8.7220
    7.5000   15.0000    7.5000 2820.5779    8.8037
   -7.5000   22.5000    7.5000 2893.9148    8.4774
    0.0000   22.5000    7.5000 2922.5986    8.4639
    7.5000   22.5000    7.5000 2902.0269    8.5369
   -7.5000   30.0000    7.5000 2924.3069    8.4400
    0.0000   30.0000    7.5000 2956.6682    8.3300
    7.5000   30.0000    7.5000 2942.6797    8.4057
   -7.5000   37.5000    7.5000 2904.0176    8.5662
    0.0000   37.5000    7.5000 2932.0906    8.4014
    7.5000   37.5000    7.5000 2923.7085    8.4908
   -7.5000   45.0000    7.5000 2829.3464    8.8708
    0.0000   45.0000    7.5000 2859.9182    8.6980
    7.5000   45.0000    7.5000 2849.8977    8.7934
   -7.5000   52.5000    7.5000 2700.9810    9.2945
    0.0000   52.5000    7.5000 2728.8159    9.1221
    7.5000   52.5000    7.5000 2724.5852    9.2132
   -7.5000   60.0000    7.5000 2534.7043    9.7906
    0.0000   60.0000    7.5000 2551.2554    9.6233
    7.5000   60.0000    7.5000 2547.5845    9.7149
   -7.5000   67.5000    7.5000 2343.7583   10.3389
    0.0000   67.5000    7.5000 2357.6501   10.1651
    7.5000   67.5000    7.5000 2352.8950   10.2657
   -7.5000  -22.5000   15.0000 2183.9790   14.4860
    0.0000  -22.5000   15.0000 2194.0159   14.3582
    7.5000  -22.5000   15.0000 2179.6975   14.5846
   -7.5000  -15.0000   15.0000 2320.6304   12.7446
    0.0000  -15.0000   15.0000 2331.8032   12.6472
    7.5000  -15.0000   15.0000 2314.3613   12.8311
   -7.5000   -7.5000   15.0000 2446.2266   11.3941
    0.0000   -7.5000   15.0000 2458.5217   11.2958
    7.5000   -7.5000   15.0000 2439.5686   11.4754
   -7.5000    0.0000   15.0000 2567.2104   10.3772
    0.0000    0.0000   15.0000 2575.2705   10.2672
    7.5000    0.0000   15.0000 2558.2590   10.4222
   -7.5000    7.5000   15.0000 2683.4634    9.6524
    0.0000    7.5000   15.0000 2689.9851    9.5207
    7.5000    7.5000   15.0000 2677.1555    9.6581
   -7.5000   15.0000   15.0000 2774.0073    9.1457
    0.0000   15.0000   15.0000 2789.3955    9.0553
    7.5000   15.0000   15.0000 2772.6587    9.1729
   -7.5000   22.5000   15.0000 2832.8772    8.8482
    0.0000   22.5000   15.0000 2856.4651    8.7208
    7.5000   22.5000   15.0000 2844.7693    8.8488
   -7.5000   30.0000   15.0000 2861.9946    8.7612
    0.0000   30.0000   15.0000 2884.2688    8.5883
    7.5000   30.0000   15.0000 2875.7773    8.7254
   -7.5000   37.5000   15.0000 2841.2988    8.9097
    0.0000   37.5000   15.0000 2859.5935    8.7130
    7.5000   37.5000   15.0000 2855.7139    8.8469
   -7.5000   45.0000   15.0000 2770.3784    9.2443
    0.0000   45.0000   15.0000 2794.8296    9.0471
    7.5000   45.0000   15.0000 2791.3921    9.1762
   -7.5000   52.5000   15.0000 2649.2271    9.6953
    0.0000   52.5000   15.0000 2671.1938    9.4941
    7.5000   52.5000   15.0000 2671.2302    9.6040
   -7.5000   60.0000   15.0000 2484.1414   10.1686
    0.0000   60.0000   15.0000 2494.7766   10.0050
    7.5000   60.0000   15.0000 2494.6960   10.0923
   -7.5000   67.5000   15.0000 2298.5151   10.6671
    0.0000   67.5000   15.0000 2314.2058   10.4937
    7.5000   67.5000   15.0000 2312.1555   10.5707
   -7.5000  -22.5000   22.5000 2137.0854   15.2506
    0.0000  -22.5000   22.5000 2145.3564   15.1536
    7.5000  -22.5000   22.5000 2126.4075   15.3895
   -7.5000  -15.0000   22.5000 2276.8611   13.4134
    0.0000  -15.0000   22.5000 2286.4448   13.2848
    7.5000  -15.0000   22.5000 2269.2847   13.4957
   -7.5000   -7.5000   22.5000 2404.6416   12.0279
    0.0000   -7.5000   22.5000 2416.1382   11.8627
    7.5000   -7.5000   22.5000 2400.3313   12.0340
   -7.5000    0.0000   22.5000 2523.9319   10.9817
    0.0000    0.0000   22.5000 2534.1963   10.7903
    7.5000    0.0000   22.5000 2522.2141   10.9372
   -7.5000    7.5000   22.5000 2634.8921   10.2090
    0.0000    7.5000   22.5000 2644.6108   10.0343
    7.5000    7.5000   22.5000 2633.0669   10.1684
   -7.5000   15.0000   22.5000 2714.0266    9.6936
    0.0000   15.0000   22.5000 2730.0388    9.5474
    7.5000   15.0000   22.5000 2718.5864    9.6662
   -7.5000   22.5000   22.5000 2762.4771    9.3827
    0.0000   22.5000   22.5000 2784.6316    9.2264
    7.5000   22.5000   22.5000 2777.2954    9.3400
   -7.5000   30.0000   22.5000 2778.6816    9.2608
    0.0000   30.0000   22.5000 2800.0439    9.1062
    7.5000   30.0000   22.5000 2790.3237    9.2209
   -7.5000   37.5000   22.5000 2756.3191    9.3834
    0.0000   37.5000   22.5000 2774.7559    9.2283
    7.5000   37.5000   22.5000 2770.5793    9.3211
   -7.5000   45.0000   22.5000 2695.8159    9.7202
    0.0000   45.0000   22.5000 2713.9453    9.5398
    7.5000   45.0000   22.5000 2710.6753    9.6353
   -7.5000   52.5000   22.5000 2586.4021   10.1615
    0.0000   52.5000   22.5000 2600.5815    9.9613
    7.5000   52.5000   22.5000 2600.0730   10.0580
   -7.5000   60.0000   22.5000 2424.7861   10.6300
    0.0000   60.0000   22.5000 2437.3059   10.4547
    7.5000   60.0000   22.5000 2437.5225   10.5567
   -7.5000   67.5000   22.5000 2240.9714   11.1225
    0.0000   67.5000   22.5000 2261.0286   10.9309
    7.5000   67.5000   22.5000 2263.1089   11.0258
   -7.5000  -22.5000   30.0000 2079.6921   16.1608
    0.0000  -22.5000   30.0000 2090.0818   16.0155
    7.5000  -22.5000   30.0000 2075.1233   16.2494
   -7.5000  -15.0000   30.0000 2220.4370   14.2330
    0.0000  -15.0000   30.0000 2232.4221   14.0483
    7.5000  -15.0000   30.0000 2219.8396   14.2457
   -7.5000   -7.5000   30.0000 2350.6375   12.8116
    0.0000   -7.5000   30.0000 2366.8647   12.5976
    7.5000   -7.5000   30.0000 2351.4368   12.7507
   -7.5000    0.0000   30.0000 2468.2051   11.7037
    0.0000    0.0000   30.0000 2480.4973   11.5101
    7.5000    0.0000   30.0000 2466.1226   11.6442
   -7.5000    7.5000   30.0000 2571.6216   10.9136
    0.0000    7.5000   30.0000 2584.9722   10.7320
    7.5000    7.5000   30.0000 2571.6948   10.8577
   -7.5000   15.0000   30.0000 2641.3433   10.3902
    0.0000   15.0000   30.0000 2659.2063   10.2275
    7.5000   15.0000   30.0000 2650.0713   10.3359
   -7.5000   22.5000   30.0000 2680.6948   10.0616
    0.0000   22.5000   30.0000 2702.5405    9.8821
    7.5000   22.5000   30.0000 2695.0247    9.9985
   -7.5000   30.0000   30.0000 2686.5420    9.9405
    0.0000   30.0000   30.0000 2706.8115    9.7723
    7.5000   30.0000   30.0000 2698.0056    9.8890
   -7.5000   37.5000   30.0000 2658.6392   10.0425
    0.0000   37.5000   30.0000 2680.6357    9.8686
    7.5000   37.5000   30.0000 2678.1333    9.9615
   -7.5000   45.0000   30.0000 2608.8506   10.3419
    0.0000   45.0000   30.0000 2624.5432   10.1598
    7.5000   45.0000   30.0000 2623.0969   10.2495
   -7.5000   52.5000   30.0000 2507.7290   10.7703
    0.0000   52.5000   30.0000 2525.4348   10.5542
    7.5000   52.5000   30.0000 2520.3303   10.6388
   -7.5000   60.0000   30.0000 2356.6797   11.2083
    0.0000   60.0000   30.0000 2375.8010   11.0070
    7.5000   60.0000   30.0000 2374.5796   11.0997
   -7.5000   67.5000   30.0000 2183.4312   11.6846
    0.0000   67.5000   30.0000 2198.9727   11.5113
    7.5000   67.5000   30.0000 2200.7419   11.5817
   -7.5000  -22.5000   37.5000 2018.6630   17.3504
    0.0000  -22.5000   37.5000 2031.3828   17.1672
    7.5000  -22.5000   37.5000 2018.2443   17.3510
   -7.5000  -15.0000   37.5000 2158.0024   15.2930
    0.0000  -15.0000   37.5000 2171.5198   15.0888
    7.5000  -15.0000   37.5000 2161.5024   15.2098
   -7.5000   -7.5000   37.5000 2288.5312   13.7312
    0.0000   -7.5000   37.5000 2305.1975   13.5441
    7.5000   -7.5000   37.5000 2292.4851   13.6882
   -7.5000    0.0000   37.5000 2402.0281   12.5981
    0.0000    0.0000   37.5000 2418.8638   12.3997
    7.5000    0.0000   37.5000 2402.0112   12.5500
   -7.5000    7.5000   37.5000 2494.4316   11.8055
    0.0000    7.5000   37.5000 2514.0547   11.5929
    7.5000    7.5000   37.5000 2499.4890   11.7369
   -7.5000   15.0000   37.5000 2554.1228   11.2487
    0.0000   15.0000   37.5000 2573.7388   11.0532
    7.5000   15.0000   37.5000 2563.9390   11.1796
   -7.5000   22.5000   37.5000 2588.7600   10.8904
    0.0000   22.5000   37.5000 2607.9238   10.7020
    7.5000   22.5000   37.5000 2598.1672   10.8231
   -7.5000   30.0000   37.5000 2591.8308   10.7622
    0.0000   30.0000   37.5000 2611.8760   10.5930
    7.5000   30.0000   37.5000 2603.3076   10.7134
   -7.5000   37.5000   37.5000 2558.4055   10.8302
    0.0000   37.5000   37.5000 2578.7791   10.6604
    7.5000   37.5000   37.5000 2577.4321   10.7480
   -7.5000   45.0000   37.5000 2510.0847   11.0950
    0.0000   45.0000   37.5000 2529.6460   10.9241
    7.5000   45.0000   37.5000 2522.5139   11.0275
   -7.5000   52.5000   37.5000 2419.8979   11.4800
    0.0000   52.5000   37.5000 2443.7007   11.2712
    7.5000   52.5000   37.5000 2436.9641   11.3668
   -7.5000   60.0000   37.5000 2284.4045   11.9038
    0.0000   60.0000   37.5000 2304.5542   11.6850
    7.5000   60.0000   37.5000 2300.4004   11.7743
   -7.5000   67.5000   37.5000 2114.3020   12.3649
    0.0000   67.5000   37.5000 2132.8855   12.1890
    7.5000   67.5000   37.5000 2130.5161   12.2482
   -7.5000  -22.5000   45.0000 1943.8187   18.8504
    0.0000  -22.5000   45.0000 1955.2825   18.6233
    7.5000  -22.5000   45.0000 1946.7053   18.8184
   -7.5000  -15.0000   45.0000 2083.6335   16.5769
    0.0000  -15.0000   45.0000 2098.6753   16.3691
    7.5000  -15.0000   45.0000 2087.3860   16.5309
   -7.5000   -7.5000   45.0000 2210.0979   14.9370
    0.0000   -7.5000   45.0000 2230.8408   14.7220
    7.5000   -7.5000   45.0000 2215.4731   14.8800
   -7.5000    0.0000   45.0000 2317.9487   13.7133
    0.0000    0.0000   45.0000 2338.1875   13.4936
    7.5000    0.0000   45.0000 2322.7336   13.6516
   -7.5000    7.5000   45.0000 2405.6458   12.8680
    0.0000    7.5000   45.0000 2427.5903   12.6450
    7.5000    7.5000   45.0000 2415.0598   12.7800
   -7.5000   15.0000   45.0000 2461.3630   12.2675
    0.0000   15.0000   45.0000 2483.4402   12.0661
    7.5000   15.0000   45.0000 2469.9458   12.1854
   -7.5000   22.5000   45.0000 2489.7144   11.8592
    0.0000   22.5000   45.0000 2508.0325   11.6916
    7.5000   22.5000   45.0000 2495.2705   11.8021
   -7.5000   30.0000   45.0000 2483.8694   11.7136
    0.0000   30.0000   45.0000 2506.4246   11.5698
    7.5000   30.0000   45.0000 2499.4299   11.6739
   -7.5000   37.5000   45.0000 2456.4878   11.7535
    0.0000   37.5000   45.0000 2478.6270   11.5982
    7.5000   37.5000   45.0000 2475.4377   11.6949
   -7.5000   45.0000   45.0000 2404.5120   12.0205
    0.0000   45.0000   45.0000 2429.2385   11.8542
    7.5000   45.0000   45.0000 2422.8345   11.9630
   -7.5000   52.5000   45.0000 2317.7300   12.3759
    0.0000   52.5000   45.0000 2344.0042   12.1864
    7.5000   52.5000   45.0000 2337.4753   12.2831
   -7.5000   60.0000   45.0000 2195.4368   12.7657
    0.0000   60.0000   45.0000 2219.4749   12.5686
    7.5000   60.0000   45.0000 2217.0405   12.6464
   -7.5000   67.5000   45.0000 2039.2665   13.1945
    0.0000   67.5000   45.0000 2058.0032   13.0444
    7.5000   67.5000   45.0000 2054.4917   13.0910

---------------------------------------------------------------------
imgreg_4dfp /opt/freesurfer/average/711-2C_as_mni_average_305 /opt/freesurfer/average/711-2B_as_mni_average_305_mask talsrcimg_g11 none talsrcimg_to_711-2C_as_mni_average_305_t4 1283
---------------------------------------------------------------------

freesurfer imgreg_4dfp.c
/opt/freesurfer/average/711-2C_as_mni_average_305.4dfp.img
       256       256       256         1
  1.000000  1.000000  1.000000
orientation T byte_order littleendian
Reading image: /opt/freesurfer/average/711-2C_as_mni_average_305.4dfp.img
dimensions:      256       256       256
mmppix:       1.0000   -1.0000   -1.0000
center:     128.0000 -129.0000 -129.0000
/opt/freesurfer/average/711-2B_as_mni_average_305_mask.4dfp.img
       256       256       256         1
  1.000000  1.000000  1.000000
orientation T byte_order littleendian
Reading mask: /opt/freesurfer/average/711-2B_as_mni_average_305_mask.4dfp.img (2306576 pixels)
talsrcimg_g11.4dfp.img
       256       256       256         1
  1.000000  1.000000  1.000000
orientation T byte_order littleendian
Reading image: talsrcimg_g11.4dfp.img
dimensions:      256       256       256
mmppix:       1.0000   -1.0000   -1.0000
center:     128.0000 -129.0000 -129.0000
rotation matrix determinant  1.000000
fimgreg.f
image alignment mode   1283 decimal      503 hex
parameters
    0.0000   30.0000    0.0000    0.0000    0.0000    0.0000
eta,q 0.94205  8.16315
niter,ni,del,rscale     5    3   12.0000    1.2000
parameter  3  0.564353 ->  0.500000 qaram    1.1500
parameter  4  1.138627 ->  0.500000 qaram    1.1500
parameter  6 -0.843748 -> -0.500000 qaram    1.1500
parameters
    1.4006   29.1982   -3.4500   -3.4500    1.7488    3.4500
eta,q 0.94818  8.04248
  0.0699  0.0636  0.0587  0.0532  0.0608  0.0596
  0.0668  0.0600  0.0570  0.0537  0.0579  0.0572
  0.0636  0.0589  0.0571  0.0546  0.0554  0.0553
  0.0606  0.0595  0.0589  0.0566  0.0539  0.0537
  0.0599  0.0614  0.0617  0.0598  0.0537  0.0524
  0.0615  0.0628  0.0644  0.0628  0.0545  0.0518
  0.0650  0.0648  0.0680  0.0662  0.0558  0.0522
niter,ni,del,rscale     7    3   12.0000    1.2000
parameters
    0.8975   30.0527   -3.2163   -5.7392    1.3394    3.8932
eta,q 0.94874  8.05447
  0.0617  0.0639  0.0603  0.0538  0.0552  0.0553
  0.0558  0.0589  0.0561  0.0516  0.0529  0.0534
  0.0523  0.0544  0.0525  0.0513  0.0516  0.0519
  0.0518  0.0517  0.0514  0.0514  0.0513  0.0513
  0.0547  0.0518  0.0528  0.0535  0.0521  0.0514
  0.0596  0.0546  0.0555  0.0578  0.0538  0.0525
  0.0641  0.0591  0.0589  0.0621  0.0562  0.0546
niter,ni,del,rscale     6    3   12.0000    1.2000
parameters
    1.0069   30.9921   -3.6966   -6.6988    1.0464    3.9603
eta,q 0.94929  8.05703
  0.0625  0.0643  0.0577  0.0556  0.0552  0.0546
  0.0569  0.0581  0.0533  0.0513  0.0527  0.0529
  0.0526  0.0530  0.0506  0.0505  0.0512  0.0515
  0.0513  0.0513  0.0513  0.0509  0.0507  0.0507
  0.0527  0.0517  0.0530  0.0516  0.0515  0.0511
  0.0567  0.0539  0.0550  0.0543  0.0534  0.0526
  0.0613  0.0579  0.0589  0.0590  0.0562  0.0547
niter,ni,del,rscale     5    3   12.0000    1.2000
parameters
    1.1870   31.5068   -3.9829   -7.3514    0.8986    3.7865
eta,q 0.94969  8.06441
  0.0622  0.0624  0.0580  0.0559  0.0554  0.0542
  0.0569  0.0560  0.0535  0.0515  0.0527  0.0526
  0.0524  0.0519  0.0503  0.0500  0.0509  0.0512
  0.0507  0.0507  0.0507  0.0505  0.0503  0.0503
  0.0522  0.0516  0.0528  0.0515  0.0510  0.0509
  0.0562  0.0547  0.0547  0.0536  0.0531  0.0526
  0.0608  0.0583  0.0583  0.0580  0.0559  0.0549
niter,ni,del,rscale     4    3   12.0000    1.2000
parameters
    1.2922   31.8421   -4.2040   -7.8125    0.8991    3.6012
eta,q 0.94992  8.06984
  0.0617  0.0614  0.0580  0.0562  0.0557  0.0540
  0.0565  0.0553  0.0536  0.0517  0.0528  0.0525
  0.0520  0.0514  0.0502  0.0498  0.0508  0.0511
  0.0503  0.0503  0.0504  0.0502  0.0500  0.0500
  0.0520  0.0517  0.0526  0.0513  0.0508  0.0507
  0.0562  0.0551  0.0546  0.0534  0.0528  0.0525
  0.0608  0.0582  0.0581  0.0574  0.0556  0.0549
niter,ni,del,rscale     3    3   12.0000    1.2000
parameters
    1.3138   32.0767   -4.3452   -8.1261    0.9752    3.4559
eta,q 0.95004  8.07400
  0.0614  0.0609  0.0580  0.0565  0.0558  0.0540
  0.0562  0.0548  0.0537  0.0520  0.0529  0.0524
  0.0517  0.0510  0.0503  0.0497  0.0507  0.0510
  0.0501  0.0501  0.0501  0.0500  0.0499  0.0499
  0.0520  0.0518  0.0523  0.0512  0.0507  0.0505
  0.0563  0.0552  0.0544  0.0533  0.0528  0.0523
  0.0609  0.0581  0.0578  0.0570  0.0555  0.0548
niter,ni,del,rscale     2    3   12.0000    1.2000
parameters
    1.2929   32.2325   -4.4404   -8.3312    1.0659    3.3524
eta,q 0.95009  8.07694
  0.0612  0.0606  0.0581  0.0567  0.0559  0.0540
  0.0560  0.0545  0.0537  0.0522  0.0530  0.0523
  0.0515  0.0507  0.0503  0.0496  0.0507  0.0509
  0.0500  0.0500  0.0500  0.0500  0.0499  0.0499
  0.0520  0.0519  0.0522  0.0511  0.0507  0.0504
  0.0563  0.0553  0.0542  0.0532  0.0528  0.0522
  0.0611  0.0581  0.0577  0.0568  0.0555  0.0547
niter,ni,del,rscale     1    3   12.0000    1.2000
parameters
    1.2596   32.3337   -4.4990   -8.4664    1.1417    3.2825
eta,q 0.95011  8.07865
  0.0611  0.0603  0.0581  0.0568  0.0559  0.0541
  0.0559  0.0543  0.0537  0.0523  0.0530  0.0523
  0.0514  0.0506  0.0504  0.0496  0.0506  0.0509
  0.0499  0.0499  0.0500  0.0499  0.0499  0.0499
  0.0519  0.0520  0.0521  0.0510  0.0507  0.0503
  0.0563  0.0554  0.0541  0.0532  0.0528  0.0522
  0.0611  0.0581  0.0576  0.0566  0.0555  0.0546
registration optimization eta report
parameter search radius
    6.0000    6.0000    6.9000    6.9000    6.0000    6.9000
100000*second partial in parameter space
       30.       25.       16.       15.       16.        9.
  0.0611  0.0603  0.0581  0.0568  0.0559  0.0541
  0.0559  0.0543  0.0537  0.0523  0.0530  0.0523
  0.0514  0.0506  0.0504  0.0496  0.0506  0.0509
  0.0499  0.0499  0.0500  0.0499  0.0499  0.0499
  0.0519  0.0520  0.0521  0.0510  0.0507  0.0503
  0.0563  0.0554  0.0541  0.0532  0.0528  0.0522
  0.0611  0.0581  0.0576  0.0566  0.0555  0.0546
    1.2596   32.3337   -4.4990   -8.4664    1.1417    3.2825
eta,q 0.95011  8.07865

---------------------------------------------------------------------
imgreg_4dfp /opt/freesurfer/average/711-2C_as_mni_average_305 /opt/freesurfer/average/711-2B_as_mni_average_305_mask talsrcimg_g11 none talsrcimg_to_711-2C_as_mni_average_305_t4 3335
---------------------------------------------------------------------

freesurfer imgreg_4dfp.c
/opt/freesurfer/average/711-2C_as_mni_average_305.4dfp.img
       256       256       256         1
  1.000000  1.000000  1.000000
orientation T byte_order littleendian
Reading image: /opt/freesurfer/average/711-2C_as_mni_average_305.4dfp.img
dimensions:      256       256       256
mmppix:       1.0000   -1.0000   -1.0000
center:     128.0000 -129.0000 -129.0000
/opt/freesurfer/average/711-2B_as_mni_average_305_mask.4dfp.img
       256       256       256         1
  1.000000  1.000000  1.000000
orientation T byte_order littleendian
Reading mask: /opt/freesurfer/average/711-2B_as_mni_average_305_mask.4dfp.img (2306576 pixels)
talsrcimg_g11.4dfp.img
       256       256       256         1
  1.000000  1.000000  1.000000
orientation T byte_order littleendian
Reading image: talsrcimg_g11.4dfp.img
dimensions:      256       256       256
mmppix:       1.0000   -1.0000   -1.0000
center:     128.0000 -129.0000 -129.0000
fimgreg.f
image alignment mode   3335 decimal      D07 hex
parameters
    1.2596   32.3337   -4.4990   -0.1839   -1.2352   -1.1094
   -5.3706   -2.8105    5.7248   14.5860    1.9924  -14.7201
eta,q 0.94956  8.10602
niter,ni,del,rscale     5    3    5.0000    1.2000
parameter  5  3.419457 ->  0.500000 qaram    1.1500
parameter  6  1.114242 ->  0.500000 qaram    1.1500
parameters
    0.8613   32.5274   -4.1721   -3.3350   -5.3752   -5.2494
   -3.1266   -2.2028    6.5525   12.8021    3.9966  -13.2829
eta,q 0.95933  7.90006
  0.0518  0.0516  0.0516  0.0507  0.0421  0.0408  0.0440  0.0452  0.0433  0.0426  0.0428  0.0426
  0.0509  0.0509  0.0510  0.0500  0.0441  0.0409  0.0427  0.0431  0.0421  0.0415  0.0419  0.0417
  0.0504  0.0505  0.0506  0.0499  0.0467  0.0422  0.0418  0.0417  0.0413  0.0409  0.0412  0.0410
  0.0504  0.0504  0.0504  0.0503  0.0499  0.0447  0.0412  0.0410  0.0410  0.0410  0.0408  0.0407
  0.0509  0.0504  0.0504  0.0515  0.0534  0.0481  0.0410  0.0412  0.0410  0.0419  0.0407  0.0407
  0.0518  0.0507  0.0506  0.0534  0.0568  0.0518  0.0413  0.0423  0.0415  0.0436  0.0409  0.0410
  0.0531  0.0512  0.0511  0.0558  0.0604  0.0556  0.0418  0.0440  0.0424  0.0457  0.0414  0.0415
niter,ni,del,rscale     6    3    5.0000    1.2000
parameter  3  0.626181 ->  0.500000 qaram    1.1500
parameter  5  1.025607 ->  0.500000 qaram    1.3225
parameters
    0.8469   32.3827   -5.5521   -0.3543  -10.1362   -8.3442
   -3.8329   -2.9668    7.5787   14.0811    4.2197  -13.5986
eta,q 0.96474  7.79479
  0.0426  0.0421  0.0403  0.0437  0.0356  0.0380  0.0370  0.0385  0.0378  0.0388  0.0366  0.0363
  0.0416  0.0412  0.0400  0.0423  0.0360  0.0364  0.0361  0.0367  0.0367  0.0372  0.0359  0.0357
  0.0409  0.0408  0.0401  0.0410  0.0371  0.0355  0.0356  0.0357  0.0359  0.0361  0.0354  0.0354
  0.0407  0.0407  0.0407  0.0400  0.0394  0.0362  0.0355  0.0355  0.0355  0.0354  0.0353  0.0353
  0.0409  0.0409  0.0415  0.0394  0.0425  0.0388  0.0359  0.0363  0.0355  0.0353  0.0354  0.0354
  0.0416  0.0415  0.0426  0.0395  0.0464  0.0429  0.0367  0.0379  0.0360  0.0358  0.0358  0.0358
  0.0427  0.0426  0.0440  0.0406  0.0506  0.0476  0.0377  0.0399  0.0368  0.0372  0.0365  0.0365
niter,ni,del,rscale     7    3    5.0000    1.2000
parameter  5  0.534766 ->  0.500000 qaram    1.5209
parameters
    0.7789   32.9981   -6.2851    1.2072  -15.6113   -9.7214
   -3.9324   -3.1458    8.1858   17.1083    4.2480  -13.4783
eta,q 0.96659  7.59805
  0.0375  0.0382  0.0361  0.0386  0.0341  0.0370  0.0355  0.0372  0.0356  0.0373  0.0346  0.0343
  0.0362  0.0368  0.0353  0.0373  0.0338  0.0356  0.0346  0.0354  0.0347  0.0358  0.0339  0.0338
  0.0355  0.0358  0.0350  0.0361  0.0339  0.0342  0.0340  0.0342  0.0341  0.0346  0.0335  0.0335
  0.0353  0.0353  0.0351  0.0350  0.0346  0.0338  0.0338  0.0338  0.0338  0.0338  0.0334  0.0334
  0.0356  0.0352  0.0357  0.0345  0.0364  0.0346  0.0340  0.0344  0.0339  0.0334  0.0335  0.0335
  0.0364  0.0355  0.0368  0.0352  0.0395  0.0373  0.0346  0.0357  0.0343  0.0335  0.0339  0.0338
  0.0377  0.0362  0.0384  0.0368  0.0438  0.0412  0.0355  0.0375  0.0351  0.0342  0.0346  0.0343
niter,ni,del,rscale     7    3    5.0000    1.2000
parameters
    0.7091   33.8694   -6.6253    1.7438  -18.6635  -10.7890
   -3.9913   -3.2223    8.0586   19.4025    4.4093  -12.5160
eta,q 0.96707  7.45763
  0.0358  0.0363  0.0346  0.0361  0.0344  0.0363  0.0347  0.0365  0.0343  0.0360  0.0341  0.0339
  0.0344  0.0349  0.0337  0.0351  0.0335  0.0351  0.0338  0.0348  0.0337  0.0346  0.0335  0.0334
  0.0336  0.0340  0.0333  0.0341  0.0331  0.0336  0.0333  0.0336  0.0333  0.0337  0.0331  0.0331
  0.0334  0.0334  0.0332  0.0332  0.0331  0.0331  0.0331  0.0331  0.0331  0.0331  0.0329  0.0329
  0.0338  0.0332  0.0336  0.0331  0.0338  0.0337  0.0333  0.0336  0.0333  0.0329  0.0330  0.0330
  0.0347  0.0334  0.0344  0.0341  0.0358  0.0359  0.0339  0.0349  0.0337  0.0331  0.0334  0.0331
  0.0360  0.0339  0.0356  0.0358  0.0392  0.0396  0.0348  0.0367  0.0344  0.0337  0.0340  0.0335
niter,ni,del,rscale     6    3    5.0000    1.2000
parameters
    0.5907   34.5829   -7.0182    1.4481  -20.9576  -12.0098
   -3.7129   -3.4641    7.7446   22.2547    4.5105  -11.5005
eta,q 0.96749  7.32942
  0.0352  0.0352  0.0342  0.0350  0.0343  0.0356  0.0345  0.0358  0.0339  0.0355  0.0337  0.0336
  0.0339  0.0341  0.0334  0.0343  0.0333  0.0346  0.0336  0.0343  0.0333  0.0343  0.0331  0.0331
  0.0331  0.0333  0.0329  0.0335  0.0328  0.0333  0.0331  0.0332  0.0329  0.0334  0.0327  0.0327
  0.0329  0.0329  0.0328  0.0328  0.0329  0.0328  0.0328  0.0328  0.0328  0.0328  0.0325  0.0325
  0.0333  0.0328  0.0332  0.0330  0.0333  0.0335  0.0330  0.0333  0.0330  0.0325  0.0326  0.0325
  0.0343  0.0330  0.0340  0.0342  0.0345  0.0356  0.0335  0.0346  0.0335  0.0326  0.0330  0.0327
  0.0356  0.0335  0.0353  0.0359  0.0372  0.0391  0.0342  0.0363  0.0341  0.0332  0.0336  0.0331
niter,ni,del,rscale     5    3    5.0000    1.2000
parameters
    0.4432   35.3248   -7.4922    0.9148  -23.3728  -13.2899
   -3.5749   -3.7191    7.6148   24.0394    4.9428  -11.1336
eta,q 0.96765  7.19598
  0.0345  0.0350  0.0336  0.0341  0.0339  0.0350  0.0339  0.0353  0.0339  0.0351  0.0335  0.0332
  0.0334  0.0338  0.0328  0.0336  0.0330  0.0342  0.0332  0.0338  0.0331  0.0340  0.0329  0.0327
  0.0327  0.0330  0.0324  0.0329  0.0324  0.0330  0.0327  0.0328  0.0326  0.0331  0.0325  0.0324
  0.0325  0.0325  0.0324  0.0323  0.0324  0.0324  0.0325  0.0325  0.0325  0.0325  0.0324  0.0323
  0.0329  0.0324  0.0328  0.0325  0.0331  0.0330  0.0326  0.0330  0.0327  0.0324  0.0324  0.0324
  0.0338  0.0326  0.0337  0.0336  0.0344  0.0351  0.0331  0.0341  0.0332  0.0326  0.0327  0.0326
  0.0350  0.0331  0.0350  0.0354  0.0367  0.0386  0.0338  0.0357  0.0339  0.0335  0.0333  0.0330
niter,ni,del,rscale     4    3    5.0000    1.2000
parameters
    0.3429   35.7354   -7.8209    0.9302  -24.3039  -14.0970
   -3.4430   -3.9136    7.3901   24.7455    5.4655  -11.0810
eta,q 0.96754  7.14807
  0.0341  0.0344  0.0336  0.0340  0.0344  0.0351  0.0339  0.0353  0.0339  0.0347  0.0335  0.0332
  0.0331  0.0333  0.0329  0.0335  0.0333  0.0344  0.0331  0.0338  0.0331  0.0336  0.0330  0.0328
  0.0325  0.0326  0.0324  0.0330  0.0326  0.0333  0.0327  0.0328  0.0326  0.0328  0.0326  0.0325
  0.0323  0.0323  0.0323  0.0323  0.0323  0.0323  0.0325  0.0325  0.0325  0.0325  0.0325  0.0325
  0.0326  0.0324  0.0326  0.0322  0.0326  0.0327  0.0326  0.0329  0.0327  0.0325  0.0325  0.0325
  0.0333  0.0327  0.0334  0.0330  0.0337  0.0344  0.0331  0.0341  0.0332  0.0330  0.0328  0.0328
  0.0345  0.0333  0.0345  0.0346  0.0356  0.0376  0.0338  0.0356  0.0340  0.0341  0.0333  0.0331
niter,ni,del,rscale     3    3    5.0000    1.2000
parameters
    0.2834   35.9277   -8.0526    1.0741  -24.4953  -14.5483
   -3.2858   -4.0724    7.2156   25.0619    5.7978  -11.1227
eta,q 0.96747  7.13818
  0.0342  0.0341  0.0338  0.0342  0.0348  0.0351  0.0339  0.0354  0.0339  0.0345  0.0335  0.0332
  0.0332  0.0332  0.0330  0.0336  0.0337  0.0345  0.0332  0.0339  0.0331  0.0335  0.0330  0.0328
  0.0326  0.0327  0.0326  0.0331  0.0328  0.0335  0.0327  0.0329  0.0327  0.0328  0.0327  0.0326
  0.0325  0.0325  0.0325  0.0325  0.0324  0.0324  0.0325  0.0325  0.0325  0.0325  0.0325  0.0325
  0.0327  0.0326  0.0327  0.0323  0.0326  0.0325  0.0327  0.0330  0.0327  0.0326  0.0326  0.0326
  0.0334  0.0330  0.0334  0.0331  0.0335  0.0340  0.0331  0.0341  0.0333  0.0332  0.0329  0.0328
  0.0344  0.0336  0.0343  0.0346  0.0353  0.0370  0.0338  0.0357  0.0340  0.0343  0.0334  0.0332
niter,ni,del,rscale     2    3    5.0000    1.2000
parameters
    0.2362   36.0197   -8.2040    1.1591  -24.5337  -14.7855
   -3.1604   -4.1845    7.1016   25.2104    5.9839  -11.1803
eta,q 0.96743  7.13553
  0.0343  0.0340  0.0338  0.0342  0.0349  0.0352  0.0340  0.0355  0.0340  0.0345  0.0335  0.0332
  0.0333  0.0332  0.0331  0.0337  0.0338  0.0346  0.0332  0.0340  0.0332  0.0335  0.0330  0.0329
  0.0327  0.0327  0.0327  0.0332  0.0329  0.0336  0.0328  0.0329  0.0327  0.0328  0.0327  0.0326
  0.0325  0.0325  0.0325  0.0325  0.0325  0.0325  0.0326  0.0326  0.0326  0.0326  0.0326  0.0326
  0.0328  0.0327  0.0327  0.0324  0.0326  0.0325  0.0327  0.0330  0.0328  0.0327  0.0326  0.0327
  0.0334  0.0331  0.0333  0.0332  0.0335  0.0338  0.0332  0.0341  0.0333  0.0333  0.0329  0.0329
  0.0345  0.0338  0.0342  0.0347  0.0353  0.0366  0.0339  0.0357  0.0341  0.0344  0.0335  0.0332
niter,ni,del,rscale     1    3    5.0000    1.2000
parameters
    0.2019   36.0649   -8.2959    1.2059  -24.5398  -14.9064
   -3.0708   -4.2624    7.0462   25.2879    6.1023  -11.2113
eta,q 0.96740  7.13479
  0.0344  0.0340  0.0339  0.0342  0.0350  0.0352  0.0340  0.0355  0.0340  0.0344  0.0335  0.0332
  0.0334  0.0332  0.0332  0.0338  0.0338  0.0346  0.0332  0.0340  0.0332  0.0334  0.0330  0.0329
  0.0328  0.0327  0.0327  0.0332  0.0330  0.0337  0.0328  0.0329  0.0327  0.0328  0.0327  0.0327
  0.0326  0.0326  0.0326  0.0326  0.0326  0.0326  0.0326  0.0326  0.0326  0.0326  0.0326  0.0326
  0.0328  0.0327  0.0328  0.0324  0.0327  0.0325  0.0327  0.0330  0.0328  0.0327  0.0327  0.0327
  0.0335  0.0332  0.0333  0.0333  0.0335  0.0337  0.0332  0.0341  0.0333  0.0333  0.0330  0.0329
  0.0345  0.0338  0.0341  0.0348  0.0353  0.0365  0.0339  0.0357  0.0341  0.0344  0.0335  0.0332
registration optimization eta report
parameter search radius
    2.4000    2.4000    2.7600    7.2000   10.9503    8.2800
    7.2000    7.2000    7.2000    7.2000    7.2000    7.2000
100000*second partial in parameter space
       32.       23.       19.        4.        2.        5.
        3.        6.        3.        4.        2.        1.
  0.0344  0.0340  0.0339  0.0342  0.0350  0.0352  0.0340  0.0355  0.0340  0.0344  0.0335  0.0332
  0.0334  0.0332  0.0332  0.0338  0.0338  0.0346  0.0332  0.0340  0.0332  0.0334  0.0330  0.0329
  0.0328  0.0327  0.0327  0.0332  0.0330  0.0337  0.0328  0.0329  0.0327  0.0328  0.0327  0.0327
  0.0326  0.0326  0.0326  0.0326  0.0326  0.0326  0.0326  0.0326  0.0326  0.0326  0.0326  0.0326
  0.0328  0.0327  0.0328  0.0324  0.0327  0.0325  0.0327  0.0330  0.0328  0.0327  0.0327  0.0327
  0.0335  0.0332  0.0333  0.0333  0.0335  0.0337  0.0332  0.0341  0.0333  0.0333  0.0330  0.0329
  0.0345  0.0338  0.0341  0.0348  0.0353  0.0365  0.0339  0.0357  0.0341  0.0344  0.0335  0.0332
    0.2019   36.0649   -8.2959    1.2059  -24.5398  -14.9064
   -3.0708   -4.2624    7.0462   25.2879    6.1023  -11.2113
eta,q 0.96740  7.13479

---------------------------------------------------------------------
imgreg_4dfp /opt/freesurfer/average/711-2C_as_mni_average_305 /opt/freesurfer/average/711-2B_as_mni_average_305_mask talsrcimg_g11 none talsrcimg_to_711-2C_as_mni_average_305_t4 2311
---------------------------------------------------------------------

freesurfer imgreg_4dfp.c
/opt/freesurfer/average/711-2C_as_mni_average_305.4dfp.img
       256       256       256         1
  1.000000  1.000000  1.000000
orientation T byte_order littleendian
Reading image: /opt/freesurfer/average/711-2C_as_mni_average_305.4dfp.img
dimensions:      256       256       256
mmppix:       1.0000   -1.0000   -1.0000
center:     128.0000 -129.0000 -129.0000
/opt/freesurfer/average/711-2B_as_mni_average_305_mask.4dfp.img
       256       256       256         1
  1.000000  1.000000  1.000000
orientation T byte_order littleendian
Reading mask: /opt/freesurfer/average/711-2B_as_mni_average_305_mask.4dfp.img (2306576 pixels)
talsrcimg_g11.4dfp.img
       256       256       256         1
  1.000000  1.000000  1.000000
orientation T byte_order littleendian
Reading image: talsrcimg_g11.4dfp.img
dimensions:      256       256       256
mmppix:       1.0000   -1.0000   -1.0000
center:     128.0000 -129.0000 -129.0000
fimgreg.f
image alignment mode   2311 decimal      907 hex
parameters
    0.2019   36.0649   -8.2959    1.2059  -24.5398  -14.9064
   -3.0708   -4.2624    7.0462   25.2879    6.1023  -11.2113
eta,q 0.96741  7.13480
niter,ni,del,rscale     5    3    5.0000    0.8000
parameters
    0.1880   36.0378   -8.2997    2.2501  -23.6827  -13.6425
   -2.7287   -4.3866    6.8841   24.5892    5.8435  -12.4450
eta,q 0.96785  7.21847
  0.0334  0.0332  0.0331  0.0338  0.0331  0.0343  0.0330  0.0338  0.0329  0.0328  0.0326  0.0323
  0.0330  0.0328  0.0328  0.0334  0.0327  0.0337  0.0326  0.0329  0.0325  0.0324  0.0324  0.0322
  0.0327  0.0326  0.0327  0.0330  0.0325  0.0330  0.0323  0.0324  0.0322  0.0322  0.0322  0.0322
  0.0326  0.0326  0.0326  0.0326  0.0324  0.0324  0.0322  0.0322  0.0322  0.0322  0.0322  0.0322
  0.0327  0.0327  0.0326  0.0324  0.0324  0.0322  0.0322  0.0324  0.0323  0.0324  0.0322  0.0323
  0.0330  0.0329  0.0328  0.0326  0.0325  0.0325  0.0324  0.0331  0.0326  0.0328  0.0324  0.0324
  0.0335  0.0332  0.0331  0.0333  0.0327  0.0332  0.0328  0.0340  0.0330  0.0334  0.0327  0.0326
niter,ni,del,rscale     4    3    5.0000    0.7000
parameters
    0.1078   35.9647   -7.8964    2.1571  -23.5200  -12.9783
   -2.4958   -4.4041    7.0532   24.3683    5.6128  -12.7981
eta,q 0.96796  7.23656
  0.0329  0.0326  0.0328  0.0331  0.0325  0.0338  0.0326  0.0334  0.0327  0.0327  0.0324  0.0323
  0.0324  0.0323  0.0325  0.0327  0.0323  0.0332  0.0323  0.0327  0.0323  0.0323  0.0322  0.0321
  0.0322  0.0322  0.0323  0.0323  0.0322  0.0325  0.0321  0.0322  0.0321  0.0321  0.0321  0.0321
  0.0322  0.0321  0.0321  0.0321  0.0321  0.0321  0.0320  0.0320  0.0320  0.0320  0.0320  0.0320
  0.0323  0.0322  0.0321  0.0322  0.0321  0.0321  0.0321  0.0322  0.0321  0.0321  0.0321  0.0321
  0.0326  0.0324  0.0322  0.0326  0.0322  0.0324  0.0322  0.0327  0.0323  0.0324  0.0323  0.0322
  0.0330  0.0327  0.0323  0.0334  0.0325  0.0331  0.0325  0.0334  0.0326  0.0328  0.0325  0.0323
niter,ni,del,rscale     3    3    5.0000    0.6000
parameters
    0.0937   35.8559   -7.7251    2.1899  -23.4396  -12.7004
   -2.4769   -4.3773    7.1302   24.1947    5.4883  -12.8369
eta,q 0.96799  7.24523
  0.0326  0.0323  0.0325  0.0329  0.0323  0.0333  0.0324  0.0330  0.0325  0.0325  0.0323  0.0322
  0.0323  0.0322  0.0323  0.0325  0.0322  0.0327  0.0322  0.0325  0.0322  0.0322  0.0321  0.0321
  0.0321  0.0321  0.0321  0.0322  0.0321  0.0322  0.0321  0.0321  0.0321  0.0321  0.0320  0.0320
  0.0320  0.0320  0.0320  0.0320  0.0320  0.0320  0.0320  0.0320  0.0320  0.0320  0.0320  0.0320
  0.0321  0.0321  0.0320  0.0321  0.0320  0.0321  0.0321  0.0321  0.0321  0.0321  0.0321  0.0320
  0.0323  0.0323  0.0321  0.0324  0.0321  0.0324  0.0322  0.0325  0.0322  0.0323  0.0322  0.0321
  0.0327  0.0325  0.0323  0.0330  0.0323  0.0330  0.0324  0.0330  0.0324  0.0326  0.0323  0.0322
niter,ni,del,rscale     2    3    5.0000    0.5000
parameters
    0.1034   35.7872   -7.6453    2.2706  -23.3742  -12.5809
   -2.4654   -4.3417    7.1688   24.0886    5.4335  -12.8207
eta,q 0.96799  7.25141
  0.0324  0.0322  0.0323  0.0327  0.0322  0.0329  0.0323  0.0327  0.0323  0.0323  0.0322  0.0321
  0.0322  0.0321  0.0322  0.0324  0.0321  0.0324  0.0321  0.0323  0.0321  0.0321  0.0321  0.0321
  0.0321  0.0320  0.0321  0.0322  0.0320  0.0321  0.0320  0.0321  0.0320  0.0320  0.0320  0.0320
  0.0320  0.0320  0.0320  0.0320  0.0320  0.0320  0.0320  0.0320  0.0320  0.0320  0.0320  0.0320
  0.0321  0.0321  0.0320  0.0320  0.0320  0.0321  0.0320  0.0321  0.0320  0.0320  0.0320  0.0320
  0.0322  0.0322  0.0321  0.0323  0.0321  0.0323  0.0321  0.0323  0.0321  0.0322  0.0321  0.0321
  0.0324  0.0323  0.0322  0.0327  0.0322  0.0328  0.0323  0.0327  0.0323  0.0324  0.0322  0.0321
niter,ni,del,rscale     1    3    5.0000    0.4000
parameters
    0.1116   35.7515   -7.6051    2.3528  -23.3199  -12.5543
   -2.4483   -4.3136    7.1687   24.0345    5.3806  -12.7800
eta,q 0.96800  7.25538
  0.0323  0.0322  0.0322  0.0325  0.0321  0.0326  0.0322  0.0325  0.0322  0.0322  0.0321  0.0321
  0.0321  0.0321  0.0321  0.0323  0.0321  0.0323  0.0321  0.0322  0.0321  0.0321  0.0321  0.0320
  0.0320  0.0320  0.0320  0.0321  0.0320  0.0321  0.0320  0.0321  0.0320  0.0320  0.0320  0.0320
  0.0320  0.0320  0.0320  0.0320  0.0320  0.0320  0.0320  0.0320  0.0320  0.0320  0.0320  0.0320
  0.0320  0.0320  0.0320  0.0320  0.0320  0.0321  0.0320  0.0320  0.0320  0.0320  0.0320  0.0320
  0.0321  0.0321  0.0321  0.0322  0.0321  0.0322  0.0321  0.0322  0.0321  0.0321  0.0321  0.0320
  0.0323  0.0322  0.0322  0.0325  0.0321  0.0325  0.0322  0.0325  0.0322  0.0322  0.0321  0.0321
registration optimization eta report
parameter search radius
    0.8000    0.8000    0.8000    2.4000    2.4000    2.4000
    2.4000    2.4000    2.4000    2.4000    2.4000    2.4000
100000*second partial in parameter space
       44.       26.       26.        8.        2.        9.
        3.        8.        3.        4.        2.        2.
  0.0323  0.0322  0.0322  0.0325  0.0321  0.0326  0.0322  0.0325  0.0322  0.0322  0.0321  0.0321
  0.0321  0.0321  0.0321  0.0323  0.0321  0.0323  0.0321  0.0322  0.0321  0.0321  0.0321  0.0320
  0.0320  0.0320  0.0320  0.0321  0.0320  0.0321  0.0320  0.0321  0.0320  0.0320  0.0320  0.0320
  0.0320  0.0320  0.0320  0.0320  0.0320  0.0320  0.0320  0.0320  0.0320  0.0320  0.0320  0.0320
  0.0320  0.0320  0.0320  0.0320  0.0320  0.0321  0.0320  0.0320  0.0320  0.0320  0.0320  0.0320
  0.0321  0.0321  0.0321  0.0322  0.0321  0.0322  0.0321  0.0322  0.0321  0.0321  0.0321  0.0320
  0.0323  0.0322  0.0322  0.0325  0.0321  0.0325  0.0322  0.0325  0.0322  0.0322  0.0321  0.0321
    0.1116   35.7515   -7.6051    2.3528  -23.3199  -12.5543
   -2.4483   -4.3136    7.1687   24.0345    5.3806  -12.7800
eta,q 0.96800  7.25538

---------------------------------------------------------------------
imgreg_4dfp /opt/freesurfer/average/711-2C_as_mni_average_305 /opt/freesurfer/average/711-2B_as_mni_average_305_mask talsrcimg_g11 none talsrcimg_to_711-2C_as_mni_average_305_t4 2311
---------------------------------------------------------------------

freesurfer imgreg_4dfp.c
/opt/freesurfer/average/711-2C_as_mni_average_305.4dfp.img
       256       256       256         1
  1.000000  1.000000  1.000000
orientation T byte_order littleendian
Reading image: /opt/freesurfer/average/711-2C_as_mni_average_305.4dfp.img
dimensions:      256       256       256
mmppix:       1.0000   -1.0000   -1.0000
center:     128.0000 -129.0000 -129.0000
/opt/freesurfer/average/711-2B_as_mni_average_305_mask.4dfp.img
       256       256       256         1
  1.000000  1.000000  1.000000
orientation T byte_order littleendian
Reading mask: /opt/freesurfer/average/711-2B_as_mni_average_305_mask.4dfp.img (2306576 pixels)
talsrcimg_g11.4dfp.img
       256       256       256         1
  1.000000  1.000000  1.000000
orientation T byte_order littleendian
Reading image: talsrcimg_g11.4dfp.img
dimensions:      256       256       256
mmppix:       1.0000   -1.0000   -1.0000
center:     128.0000 -129.0000 -129.0000
fimgreg.f
image alignment mode   2311 decimal      907 hex
parameters
    0.1116   35.7515   -7.6051    2.3528  -23.3199  -12.5543
   -2.4483   -4.3136    7.1687   24.0345    5.3806  -12.7800
eta,q 0.96800  7.25538
niter,ni,del,rscale     5    3    5.0000    0.8000
parameters
    0.1280   35.7681   -7.6376    1.8430  -23.4195  -12.6323
   -2.6652   -4.2571    7.2377   24.1231    5.3422  -12.6379
eta,q 0.96796  7.23763
  0.0331  0.0327  0.0326  0.0331  0.0325  0.0338  0.0327  0.0338  0.0328  0.0330  0.0326  0.0324
  0.0325  0.0323  0.0323  0.0327  0.0323  0.0330  0.0323  0.0329  0.0324  0.0325  0.0323  0.0322
  0.0321  0.0321  0.0321  0.0322  0.0321  0.0323  0.0321  0.0323  0.0321  0.0322  0.0321  0.0321
  0.0320  0.0320  0.0320  0.0320  0.0320  0.0320  0.0320  0.0320  0.0320  0.0320  0.0320  0.0320
  0.0321  0.0321  0.0321  0.0322  0.0321  0.0323  0.0321  0.0322  0.0321  0.0321  0.0321  0.0321
  0.0325  0.0323  0.0323  0.0329  0.0323  0.0329  0.0324  0.0328  0.0324  0.0324  0.0323  0.0322
  0.0331  0.0327  0.0327  0.0339  0.0326  0.0341  0.0328  0.0337  0.0327  0.0330  0.0326  0.0324
niter,ni,del,rscale     4    3    5.0000    0.7000
parameters
    0.1519   35.7699   -7.6330    1.9280  -23.4299  -12.6021
   -2.6838   -4.2321    7.2255   24.1050    5.3347  -12.6612
eta,q 0.96797  7.24001
  0.0329  0.0326  0.0325  0.0330  0.0324  0.0335  0.0326  0.0334  0.0326  0.0327  0.0324  0.0323
  0.0324  0.0323  0.0323  0.0327  0.0322  0.0328  0.0323  0.0327  0.0323  0.0323  0.0322  0.0322
  0.0321  0.0321  0.0321  0.0323  0.0321  0.0322  0.0321  0.0322  0.0321  0.0321  0.0321  0.0321
  0.0320  0.0320  0.0320  0.0320  0.0320  0.0320  0.0320  0.0320  0.0320  0.0320  0.0320  0.0320
  0.0321  0.0321  0.0321  0.0321  0.0321  0.0322  0.0321  0.0322  0.0321  0.0321  0.0321  0.0321
  0.0324  0.0323  0.0323  0.0324  0.0322  0.0327  0.0323  0.0326  0.0323  0.0323  0.0322  0.0322
  0.0328  0.0325  0.0325  0.0332  0.0324  0.0336  0.0326  0.0334  0.0326  0.0328  0.0324  0.0323
niter,ni,del,rscale     3    3    5.0000    0.6000
parameters
    0.1576   35.7563   -7.6092    2.0918  -23.3894  -12.5531
   -2.6250   -4.2315    7.2094   24.0562    5.3233  -12.7358
eta,q 0.96799  7.24671
  0.0326  0.0324  0.0324  0.0329  0.0323  0.0332  0.0324  0.0330  0.0324  0.0325  0.0323  0.0322
  0.0323  0.0322  0.0322  0.0326  0.0322  0.0326  0.0322  0.0325  0.0322  0.0322  0.0321  0.0321
  0.0321  0.0321  0.0321  0.0322  0.0321  0.0322  0.0321  0.0321  0.0321  0.0321  0.0320  0.0320
  0.0320  0.0320  0.0320  0.0320  0.0320  0.0320  0.0320  0.0320  0.0320  0.0320  0.0320  0.0320
  0.0321  0.0321  0.0321  0.0320  0.0320  0.0321  0.0321  0.0321  0.0321  0.0321  0.0320  0.0320
  0.0323  0.0322  0.0322  0.0323  0.0321  0.0325  0.0322  0.0325  0.0322  0.0322  0.0321  0.0321
  0.0326  0.0324  0.0324  0.0329  0.0323  0.0332  0.0324  0.0330  0.0324  0.0326  0.0323  0.0322
niter,ni,del,rscale     2    3    5.0000    0.5000
parameters
    0.1488   35.7435   -7.5946    2.2303  -23.3315  -12.5254
   -2.5527   -4.2375    7.2064   24.0155    5.3221  -12.7636
eta,q 0.96800  7.25257
  0.0324  0.0323  0.0323  0.0327  0.0322  0.0329  0.0323  0.0327  0.0323  0.0324  0.0322  0.0321
  0.0322  0.0321  0.0321  0.0324  0.0321  0.0324  0.0321  0.0323  0.0321  0.0322  0.0321  0.0321
  0.0321  0.0320  0.0320  0.0322  0.0320  0.0321  0.0320  0.0321  0.0320  0.0320  0.0320  0.0320
  0.0320  0.0320  0.0320  0.0320  0.0320  0.0320  0.0320  0.0320  0.0320  0.0320  0.0320  0.0320
  0.0321  0.0320  0.0320  0.0320  0.0320  0.0321  0.0320  0.0321  0.0320  0.0320  0.0320  0.0320
  0.0322  0.0321  0.0321  0.0322  0.0321  0.0324  0.0321  0.0323  0.0321  0.0322  0.0321  0.0321
  0.0324  0.0323  0.0323  0.0326  0.0322  0.0328  0.0323  0.0327  0.0323  0.0324  0.0322  0.0321
niter,ni,del,rscale     1    3    5.0000    0.4000
parameters
    0.1406   35.7274   -7.5830    2.3379  -23.3170  -12.5262
   -2.5024   -4.2552    7.1976   23.9978    5.3382  -12.7480
eta,q 0.96800  7.25541
  0.0323  0.0322  0.0322  0.0325  0.0321  0.0326  0.0322  0.0325  0.0322  0.0322  0.0321  0.0321
  0.0321  0.0321  0.0321  0.0323  0.0321  0.0322  0.0321  0.0322  0.0321  0.0321  0.0321  0.0320
  0.0320  0.0320  0.0320  0.0321  0.0320  0.0321  0.0320  0.0321  0.0320  0.0320  0.0320  0.0320
  0.0320  0.0320  0.0320  0.0320  0.0320  0.0320  0.0320  0.0320  0.0320  0.0320  0.0320  0.0320
  0.0320  0.0320  0.0320  0.0320  0.0320  0.0321  0.0320  0.0321  0.0320  0.0320  0.0320  0.0320
  0.0321  0.0321  0.0321  0.0322  0.0321  0.0323  0.0321  0.0322  0.0321  0.0321  0.0321  0.0320
  0.0323  0.0322  0.0322  0.0324  0.0321  0.0325  0.0322  0.0325  0.0322  0.0322  0.0321  0.0321
registration optimization eta report
parameter search radius
    0.8000    0.8000    0.8000    2.4000    2.4000    2.4000
    2.4000    2.4000    2.4000    2.4000    2.4000    2.4000
100000*second partial in parameter space
       43.       27.       27.        8.        2.        9.
        3.        8.        3.        4.        2.        2.
  0.0323  0.0322  0.0322  0.0325  0.0321  0.0326  0.0322  0.0325  0.0322  0.0322  0.0321  0.0321
  0.0321  0.0321  0.0321  0.0323  0.0321  0.0322  0.0321  0.0322  0.0321  0.0321  0.0321  0.0320
  0.0320  0.0320  0.0320  0.0321  0.0320  0.0321  0.0320  0.0321  0.0320  0.0320  0.0320  0.0320
  0.0320  0.0320  0.0320  0.0320  0.0320  0.0320  0.0320  0.0320  0.0320  0.0320  0.0320  0.0320
  0.0320  0.0320  0.0320  0.0320  0.0320  0.0321  0.0320  0.0321  0.0320  0.0320  0.0320  0.0320
  0.0321  0.0321  0.0321  0.0322  0.0321  0.0323  0.0321  0.0322  0.0321  0.0321  0.0321  0.0320
  0.0323  0.0322  0.0322  0.0324  0.0321  0.0325  0.0322  0.0325  0.0322  0.0322  0.0321  0.0321
    0.1406   35.7274   -7.5830    2.3379  -23.3170  -12.5262
   -2.5024   -4.2552    7.1976   23.9978    5.3382  -12.7480
eta,q 0.96800  7.25541

---------------------------------------------------------------------
compute_vox2vox talsrcimg talsrcimg_to_711-2C_as_mni_average_305_t4 /opt/freesurfer/average/711-2C_as_mni_average_305
---------------------------------------------------------------------

freesurfer compute_vox2vox.c
Reading: talsrcimg.4dfp.ifh
Reading: talsrcimg_to_711-2C_as_mni_average_305_t4
Reading: /opt/freesurfer/average/711-2C_as_mni_average_305.4dfp.ifh
Writing: talsrcimg_to_711-2C_as_mni_average_305_t4_vox2vox.txt

start time Wed Mar 11 21:23:47 CET 2026
end		time Wed Mar 11 21:25:20 CET 2026

mpr2mni305 success

avi2talxfm orig_nu.mgz /opt/freesurfer/average/mni305.cor.mgz talsrcimg_to_711-2C_as_mni_average_305_t4_vox2vox.txt transforms/talairach.auto.xfm
avi2talxfm done
mv -f /out/sourcedata/freesurfer/sub-v1s2x0051487_ses-1/mri/talsrcimg_to_711-2C_as_mni_average_305_t4_vox2vox.txt /out/sourcedata/freesurfer/sub-v1s2x0051487_ses-1/mri/transforms/talsrcimg_to_711-2C_as_mni_average_305_t4_vox2vox.txt
lta_convert --src orig_nu.mgz --trg /opt/freesurfer/average/mni305.cor.mgz --inxfm transforms/talairach.auto.xfm --outlta transforms/talairach.auto.xfm.lta --subject fsaverage
7.3.2

--src: orig_nu.mgz src image (geometry).
--trg: /opt/freesurfer/average/mni305.cor.mgz trg image (geometry).
--inmni: transforms/talairach.auto.xfm input MNI/XFM transform.
--outlta: transforms/talairach.auto.xfm.lta output LTA.
--s: fsaverage subject name
 LTA read, type : 1
 0.97256   0.03692   0.03788  -4.72832;
-0.06949   1.09070   0.17905  -74.79025;
-0.06954  -0.34480   1.24448   11.88991;
 0.00000   0.00000   0.00000   1.00000;
setting subject to fsaverage
Writing  LTA to file transforms/talairach.auto.xfm.lta...
lta_convert successful.
 
 
Started at Wed Mar 11 21:23:46 CET 2026
Ended   at Wed Mar 11 21:25:20 CET 2026
talairach_avi done
