status file for recon-all
Mon Mar  9 22:25:02 CET 2026
#@# MotionCor Mon Mar  9 22:25:04 CET 2026
#@# Talairach Mon Mar  9 22:25:11 CET 2026
#@# Talairach Failure Detection Mon Mar  9 22:29:36 CET 2026
#@# Nu Intensity Correction Mon Mar  9 22:29:36 CET 2026
#@# Intensity Normalization Mon Mar  9 22:32:53 CET 2026
recon-all -s sub-v1s2x0051480_ses-1 finished without error at Mon Mar  9 22:34:39 CET 2026



#New# invocation of recon-all 



status file for recon-all
Mon Mar  9 22:41:50 CET 2026
#@# EM Registration Mon Mar  9 22:41:50 CET 2026
recon-all -s sub-v1s2x0051480_ses-1 finished without error at Mon Mar  9 22:43:56 CET 2026



#New# invocation of recon-all 



status file for recon-all
Mon Mar  9 22:44:01 CET 2026
#@# CA Normalize Mon Mar  9 22:44:01 CET 2026
#@# CA Reg Mon Mar  9 22:45:28 CET 2026
#@# SubCort Seg Mon Mar  9 23:33:14 CET 2026
#@# CC Seg Tue Mar 10 00:03:41 CET 2026
#@# Merge ASeg Tue Mar 10 00:04:15 CET 2026
#@# Intensity Normalization2 Tue Mar 10 00:04:15 CET 2026
#@# Mask BFS Tue Mar 10 00:06:42 CET 2026
#@# WM Segmentation Tue Mar 10 00:06:43 CET 2026
#@# Fill Tue Mar 10 00:08:45 CET 2026
recon-all -s sub-v1s2x0051480_ses-1 finished without error at Tue Mar 10 00:09:45 CET 2026



#New# invocation of recon-all 



status file for recon-all
Tue Mar 10 00:57:54 CET 2026
#@# white curv lh Tue Mar 10 00:57:54 CET 2026
#@# white area lh Tue Mar 10 00:57:54 CET 2026
#@# pial curv lh Tue Mar 10 00:57:54 CET 2026
#@# pial area lh Tue Mar 10 00:57:54 CET 2026
#@# thickness lh Tue Mar 10 00:57:54 CET 2026
#@# area and vertex vol lh Tue Mar 10 00:57:54 CET 2026
#@# white curv rh Tue Mar 10 00:57:54 CET 2026
#@# white area rh Tue Mar 10 00:57:54 CET 2026
#@# pial curv rh Tue Mar 10 00:57:54 CET 2026
#@# pial area rh Tue Mar 10 00:57:54 CET 2026
#@# thickness rh Tue Mar 10 00:57:54 CET 2026
#@# area and vertex vol rh Tue Mar 10 00:57:54 CET 2026
#@# Cortical ribbon mask Tue Mar 10 00:57:54 CET 2026
recon-all -s sub-v1s2x0051480_ses-1 finished without error at Tue Mar 10 01:03:07 CET 2026



#New# invocation of recon-all 



status file for recon-all
Tue Mar 10 01:10:17 CET 2026
#@# white curv lh Tue Mar 10 01:10:18 CET 2026
#@# white area lh Tue Mar 10 01:10:18 CET 2026
#@# pial curv lh Tue Mar 10 01:10:18 CET 2026
#@# pial area lh Tue Mar 10 01:10:18 CET 2026
#@# thickness lh Tue Mar 10 01:10:18 CET 2026
#@# area and vertex vol lh Tue Mar 10 01:10:18 CET 2026
#@# white curv rh Tue Mar 10 01:10:18 CET 2026
#@# white area rh Tue Mar 10 01:10:18 CET 2026
#@# pial curv rh Tue Mar 10 01:10:18 CET 2026
#@# pial area rh Tue Mar 10 01:10:18 CET 2026
#@# thickness rh Tue Mar 10 01:10:18 CET 2026
#@# area and vertex vol rh Tue Mar 10 01:10:18 CET 2026
#@# Curvature Stats lh Tue Mar 10 01:10:18 CET 2026
#@# Curvature Stats rh Tue Mar 10 01:10:20 CET 2026
#@# Relabel Hypointensities Tue Mar 10 01:10:23 CET 2026
#@# APas-to-ASeg Tue Mar 10 01:10:37 CET 2026
#@# AParc-to-ASeg aparc Tue Mar 10 01:10:46 CET 2026
#@# AParc-to-ASeg aparc.a2009s Tue Mar 10 01:11:24 CET 2026
#@# AParc-to-ASeg aparc.DKTatlas Tue Mar 10 01:12:00 CET 2026
#@# WMParc Tue Mar 10 01:12:37 CET 2026
#@# ASeg Stats Tue Mar 10 01:16:25 CET 2026
recon-all -s sub-v1s2x0051480_ses-1 finished without error at Tue Mar 10 01:17:06 CET 2026
