status file for recon-all
Tue Mar 10 00:32:52 CET 2026
#@# Tessellate rh Tue Mar 10 00:32:52 CET 2026
#@# Smooth1 rh Tue Mar 10 00:32:55 CET 2026
#@# Inflation1 rh Tue Mar 10 00:32:58 CET 2026
#@# QSphere rh Tue Mar 10 00:33:14 CET 2026
#@# Fix Topology rh Tue Mar 10 00:34:31 CET 2026
#@# Smooth2 rh Tue Mar 10 00:40:13 CET 2026
#@# Inflation2 rh Tue Mar 10 00:40:16 CET 2026
#@# Curv .H and .K rh Tue Mar 10 00:40:33 CET 2026
#@# Sphere rh Tue Mar 10 00:41:19 CET 2026
#@# Surf Reg rh Tue Mar 10 00:46:05 CET 2026
#@# Jacobian white rh Tue Mar 10 00:50:39 CET 2026
#@# AvgCurv rh Tue Mar 10 00:50:40 CET 2026
#@# Cortical Parc rh Tue Mar 10 00:50:41 CET 2026
#@# white curv rh Tue Mar 10 00:56:47 CET 2026
#@# white area rh Tue Mar 10 00:56:49 CET 2026
#@# pial curv rh Tue Mar 10 00:56:49 CET 2026
#@# pial area rh Tue Mar 10 00:56:51 CET 2026
#@# thickness rh Tue Mar 10 00:56:52 CET 2026
#@# area and vertex vol rh Tue Mar 10 00:57:19 CET 2026
#@# Curvature Stats rh Tue Mar 10 00:57:21 CET 2026
#@# Cortical Parc 2 rh Tue Mar 10 00:57:24 CET 2026
#@# Cortical Parc 3 rh Tue Mar 10 00:57:36 CET 2026
#@# WM/GM Contrast rh Tue Mar 10 00:57:46 CET 2026
recon-all -s sub-v1s2x0051480_ses-1 finished without error at Tue Mar 10 00:57:49 CET 2026



#New# invocation of recon-all 



status file for recon-all
Tue Mar 10 01:06:46 CET 2026
#@# white curv rh Tue Mar 10 01:06:46 CET 2026
#@# white area rh Tue Mar 10 01:06:46 CET 2026
#@# pial curv rh Tue Mar 10 01:06:46 CET 2026
#@# pial area rh Tue Mar 10 01:06:46 CET 2026
#@# thickness rh Tue Mar 10 01:06:46 CET 2026
#@# area and vertex vol rh Tue Mar 10 01:06:46 CET 2026
#@# Parcellation Stats rh Tue Mar 10 01:06:46 CET 2026
#@# Parcellation Stats 2 rh Tue Mar 10 01:07:04 CET 2026
#@# Parcellation Stats 3 rh Tue Mar 10 01:07:14 CET 2026
#@# BA_exvivo Labels rh Tue Mar 10 01:07:23 CET 2026
recon-all -s sub-v1s2x0051480_ses-1 finished without error at Tue Mar 10 01:10:12 CET 2026
