status file for recon-all
Tue Mar 10 00:09:49 CET 2026
#@# Tessellate lh Tue Mar 10 00:09:50 CET 2026
#@# Smooth1 lh Tue Mar 10 00:09:53 CET 2026
#@# Inflation1 lh Tue Mar 10 00:09:56 CET 2026
#@# QSphere lh Tue Mar 10 00:10:10 CET 2026
#@# Fix Topology lh Tue Mar 10 00:11:37 CET 2026
#@# Smooth2 lh Tue Mar 10 00:17:50 CET 2026
#@# Inflation2 lh Tue Mar 10 00:17:53 CET 2026
#@# Curv .H and .K lh Tue Mar 10 00:18:11 CET 2026
#@# Sphere lh Tue Mar 10 00:18:56 CET 2026
#@# Surf Reg lh Tue Mar 10 00:21:42 CET 2026
#@# Jacobian white lh Tue Mar 10 00:25:37 CET 2026
#@# AvgCurv lh Tue Mar 10 00:25:38 CET 2026
#@# Cortical Parc lh Tue Mar 10 00:25:39 CET 2026
#@# white curv lh Tue Mar 10 00:31:42 CET 2026
#@# white area lh Tue Mar 10 00:31:44 CET 2026
#@# pial curv lh Tue Mar 10 00:31:45 CET 2026
#@# pial area lh Tue Mar 10 00:31:47 CET 2026
#@# thickness lh Tue Mar 10 00:31:48 CET 2026
#@# area and vertex vol lh Tue Mar 10 00:32:19 CET 2026
#@# Curvature Stats lh Tue Mar 10 00:32:20 CET 2026
#@# Cortical Parc 2 lh Tue Mar 10 00:32:23 CET 2026
#@# Cortical Parc 3 lh Tue Mar 10 00:32:36 CET 2026
#@# WM/GM Contrast lh Tue Mar 10 00:32:46 CET 2026
recon-all -s sub-v1s2x0051480_ses-1 finished without error at Tue Mar 10 00:32:50 CET 2026



#New# invocation of recon-all 



status file for recon-all
Tue Mar 10 01:03:10 CET 2026
#@# white curv lh Tue Mar 10 01:03:10 CET 2026
#@# white area lh Tue Mar 10 01:03:10 CET 2026
#@# pial curv lh Tue Mar 10 01:03:10 CET 2026
#@# pial area lh Tue Mar 10 01:03:10 CET 2026
#@# thickness lh Tue Mar 10 01:03:10 CET 2026
#@# area and vertex vol lh Tue Mar 10 01:03:10 CET 2026
#@# Parcellation Stats lh Tue Mar 10 01:03:10 CET 2026
#@# Parcellation Stats 2 lh Tue Mar 10 01:03:31 CET 2026
#@# Parcellation Stats 3 lh Tue Mar 10 01:03:44 CET 2026
#@# BA_exvivo Labels lh Tue Mar 10 01:03:54 CET 2026
recon-all -s sub-v1s2x0051480_ses-1 finished without error at Tue Mar 10 01:06:43 CET 2026
