status file for recon-all
Mon Mar  9 21:52:44 CET 2026
#@# MotionCor Mon Mar  9 21:52:46 CET 2026
#@# Talairach Mon Mar  9 21:52:54 CET 2026
#@# Talairach Failure Detection Mon Mar  9 21:57:17 CET 2026
#@# Nu Intensity Correction Mon Mar  9 21:57:17 CET 2026
#@# Intensity Normalization Mon Mar  9 22:00:32 CET 2026
recon-all -s sub-v1s2x0051477_ses-1 finished without error at Mon Mar  9 22:02:18 CET 2026



#New# invocation of recon-all 



status file for recon-all
Mon Mar  9 22:09:24 CET 2026
#@# EM Registration Mon Mar  9 22:09:24 CET 2026
recon-all -s sub-v1s2x0051477_ses-1 finished without error at Mon Mar  9 22:11:24 CET 2026



#New# invocation of recon-all 



status file for recon-all
Mon Mar  9 22:11:26 CET 2026
#@# CA Normalize Mon Mar  9 22:11:26 CET 2026
#@# CA Reg Mon Mar  9 22:12:50 CET 2026
#@# SubCort Seg Mon Mar  9 22:56:04 CET 2026
#@# CC Seg Mon Mar  9 23:34:11 CET 2026
#@# Merge ASeg Mon Mar  9 23:34:48 CET 2026
#@# Intensity Normalization2 Mon Mar  9 23:34:48 CET 2026
#@# Mask BFS Mon Mar  9 23:37:17 CET 2026
#@# WM Segmentation Mon Mar  9 23:37:18 CET 2026
#@# Fill Mon Mar  9 23:39:24 CET 2026
recon-all -s sub-v1s2x0051477_ses-1 finished without error at Mon Mar  9 23:40:24 CET 2026



#New# invocation of recon-all 



status file for recon-all
Tue Mar 10 00:30:01 CET 2026
#@# white curv lh Tue Mar 10 00:30:01 CET 2026
#@# white area lh Tue Mar 10 00:30:01 CET 2026
#@# pial curv lh Tue Mar 10 00:30:01 CET 2026
#@# pial area lh Tue Mar 10 00:30:01 CET 2026
#@# thickness lh Tue Mar 10 00:30:01 CET 2026
#@# area and vertex vol lh Tue Mar 10 00:30:01 CET 2026
#@# white curv rh Tue Mar 10 00:30:01 CET 2026
#@# white area rh Tue Mar 10 00:30:01 CET 2026
#@# pial curv rh Tue Mar 10 00:30:01 CET 2026
#@# pial area rh Tue Mar 10 00:30:01 CET 2026
#@# thickness rh Tue Mar 10 00:30:01 CET 2026
#@# area and vertex vol rh Tue Mar 10 00:30:01 CET 2026
#@# Cortical ribbon mask Tue Mar 10 00:30:01 CET 2026
recon-all -s sub-v1s2x0051477_ses-1 finished without error at Tue Mar 10 00:34:38 CET 2026



#New# invocation of recon-all 



status file for recon-all
Tue Mar 10 00:42:13 CET 2026
#@# white curv lh Tue Mar 10 00:42:13 CET 2026
#@# white area lh Tue Mar 10 00:42:13 CET 2026
#@# pial curv lh Tue Mar 10 00:42:13 CET 2026
#@# pial area lh Tue Mar 10 00:42:13 CET 2026
#@# thickness lh Tue Mar 10 00:42:13 CET 2026
#@# area and vertex vol lh Tue Mar 10 00:42:13 CET 2026
#@# white curv rh Tue Mar 10 00:42:14 CET 2026
#@# white area rh Tue Mar 10 00:42:14 CET 2026
#@# pial curv rh Tue Mar 10 00:42:14 CET 2026
#@# pial area rh Tue Mar 10 00:42:14 CET 2026
#@# thickness rh Tue Mar 10 00:42:14 CET 2026
#@# area and vertex vol rh Tue Mar 10 00:42:14 CET 2026
#@# Curvature Stats lh Tue Mar 10 00:42:14 CET 2026
#@# Curvature Stats rh Tue Mar 10 00:42:16 CET 2026
#@# Relabel Hypointensities Tue Mar 10 00:42:19 CET 2026
#@# APas-to-ASeg Tue Mar 10 00:42:34 CET 2026
#@# AParc-to-ASeg aparc Tue Mar 10 00:42:43 CET 2026
#@# AParc-to-ASeg aparc.a2009s Tue Mar 10 00:43:19 CET 2026
#@# AParc-to-ASeg aparc.DKTatlas Tue Mar 10 00:43:53 CET 2026
#@# WMParc Tue Mar 10 00:44:31 CET 2026
#@# ASeg Stats Tue Mar 10 00:49:37 CET 2026
recon-all -s sub-v1s2x0051477_ses-1 finished without error at Tue Mar 10 00:50:19 CET 2026
