/out/sourcedata/freesurfer/sub-v1s2x0051460_ses-1/mri
/opt/freesurfer/bin/talairach_avi
--i orig_nu.mgz --xfm transforms/talairach.auto.xfm
talairach_avi 7.3.2
Linux dna086 5.14.0-427.37.1.el9_4.x86_64 #1 SMP PREEMPT_DYNAMIC Fri Sep 13 12:41:50 EDT 2024 x86_64 x86_64 x86_64 GNU/Linux
Mon Mar  9 21:23:09 CET 2026
mri_convert orig_nu.mgz talsrcimg.img 
reading from orig_nu.mgz...
TR=0.00, TE=0.00, TI=0.00, flip angle=0.00
i_ras = (-1, 0, 0)
j_ras = (0, 0, -1)
k_ras = (0, 1, 0)
writing to talsrcimg.img...
Analyze Output Matrix
-1.00000   0.00000   0.00000   130.85593;
 0.00000   0.00000   1.00000  -61.55933;
 0.00000  -1.00000   0.00000   109.66101;
 0.00000   0.00000   0.00000   1.00000;
--------------------
INFO: set hdr.hist.orient to -1
mpr2mni305 talsrcimg
Mon Mar  9 21:23:10 CET 2026
/opt/freesurfer/bin/mpr2mni305 talsrcimg
mpr2mni305 7.3.2
target=711-2C_as_mni_average_305

---------------------------------------------------------------------
analyzeto4dfp talsrcimg -O0 -y
---------------------------------------------------------------------

freesurfer ifh2hdr.c
Mon Mar  9 21:23:10 2026
Writing: talsrcimg.4dfp.hdr
freesurfer analyzeto4dfp.c
Reading: talsrcimg.hdr
header size 348 bytes
hdr.dime.datatype	offset=70	value=2
hdr.dime.bitpix		offset=72	value=8
hdr.hist.orient		offset=252	value=-1
dimensionality     4
dimensions       256       256       256         1
Reading: talsrcimg.img
Writing: talsrcimg.4dfp.img
Writing: talsrcimg.4dfp.ifh
ifh2hdr talsrcimg -r0to255
ori=2

---------------------------------------------------------------------
gauss_4dfp talsrcimg 1.1
---------------------------------------------------------------------

freesurfer gauss_4dfp.c
Reading: talsrcimg.4dfp.img
Writing: talsrcimg_g11.4dfp.img
image dimensions 256 256 256 padded to 288 288 288
processing volume 1freesurfer ifh2hdr.c
Mon Mar  9 21:23:11 2026
Writing: talsrcimg_g11.4dfp.hdr

Writing: talsrcimg_g11.4dfp.ifh
including: talsrcimg.4dfp.img.rec in talsrcimg_g11.4dfp.img.rec

---------------------------------------------------------------------
imgreg_4dfp /opt/freesurfer/average/711-2C_as_mni_average_305 none talsrcimg_g11 none talsrcimg_to_711-2C_as_mni_average_305_t4 4355
---------------------------------------------------------------------

freesurfer imgreg_4dfp.c
/opt/freesurfer/average/711-2C_as_mni_average_305.4dfp.img
       256       256       256         1
  1.000000  1.000000  1.000000
orientation T byte_order littleendian
Reading image: /opt/freesurfer/average/711-2C_as_mni_average_305.4dfp.img
dimensions:      256       256       256
mmppix:       1.0000   -1.0000   -1.0000
center:     128.0000 -129.0000 -129.0000
talsrcimg_g11.4dfp.img
       256       256       256         1
  1.000000  1.000000  1.000000
orientation T byte_order littleendian
Reading image: talsrcimg_g11.4dfp.img
dimensions:      256       256       256
mmppix:       1.0000   -1.0000   -1.0000
center:     128.0000 -129.0000 -129.0000
t4_read: open error in t4_sub.f l:  41 t4_file(1:l)talsrcimg_to_711-2C_as_mni_average_305_t4 
t4_read: transform initialized to I4
rotation matrix determinant  1.000000
image alignment mode   4355 decimal     1103 hex
   -7.5000  -45.0000  -45.0000 5586.9155   15.1773
    0.0000  -45.0000  -45.0000 5880.2974   15.1436
    7.5000  -45.0000  -45.0000 5667.3750   15.0915
   -7.5000  -37.5000  -45.0000 6201.9204   14.5583
    0.0000  -37.5000  -45.0000 6535.9927   14.5235
    7.5000  -37.5000  -45.0000 6319.2412   14.4702
   -7.5000  -30.0000  -45.0000 7130.3545   14.1384
    0.0000  -30.0000  -45.0000 7511.1582   14.1072
    7.5000  -30.0000  -45.0000 7248.8823   14.0543
   -7.5000  -22.5000  -45.0000 8181.9043   13.8786
    0.0000  -22.5000  -45.0000 8613.2900   13.8526
    7.5000  -22.5000  -45.0000 8321.1514   13.8034
   -7.5000  -15.0000  -45.0000 9301.1719   13.6994
    0.0000  -15.0000  -45.0000 9806.8457   13.6754
    7.5000  -15.0000  -45.0000 9472.8623   13.6301
   -7.5000   -7.5000  -45.000010468.4023   13.5970
    0.0000   -7.5000  -45.000011033.5645   13.5693
    7.5000   -7.5000  -45.000010633.2480   13.5258
   -7.5000    0.0000  -45.000011577.2041   13.5602
    0.0000    0.0000  -45.000012179.5029   13.5277
    7.5000    0.0000  -45.000011744.1514   13.4837
   -7.5000    7.5000  -45.000011759.9639   13.5687
    0.0000    7.5000  -45.000012394.4150   13.5353
    7.5000    7.5000  -45.000011923.4492   13.4883
   -7.5000   15.0000  -45.000011743.6396   13.5926
    0.0000   15.0000  -45.000012359.6172   13.5626
    7.5000   15.0000  -45.000011879.7217   13.5136
   -7.5000   22.5000  -45.000011621.2617   13.6077
    0.0000   22.5000  -45.000012198.1123   13.5827
    7.5000   22.5000  -45.000011697.3203   13.5352
   -7.5000   30.0000  -45.000011375.4150   13.4256
    0.0000   30.0000  -45.000011958.1357   13.4022
    7.5000   30.0000  -45.000011450.2930   13.3580
   -7.5000   37.5000  -45.000011503.9893   13.3963
    0.0000   37.5000  -45.000012132.1338   13.3690
    7.5000   37.5000  -45.000011612.5381   13.3262
   -7.5000   45.0000  -45.000011223.0264   13.0398
    0.0000   45.0000  -45.000011817.9336   13.0085
    7.5000   45.0000  -45.000011322.4756   12.9662
   -7.5000  -45.0000  -37.5000 5792.2280   15.2267
    0.0000  -45.0000  -37.5000 6105.4751   15.2024
    7.5000  -45.0000  -37.5000 5889.5312   15.1518
   -7.5000  -37.5000  -37.5000 6454.6504   14.6010
    0.0000  -37.5000  -37.5000 6805.7183   14.5780
    7.5000  -37.5000  -37.5000 6563.6548   14.5280
   -7.5000  -30.0000  -37.5000 7451.7441   14.1832
    0.0000  -30.0000  -37.5000 7837.3613   14.1639
    7.5000  -30.0000  -37.5000 7549.3027   14.1153
   -7.5000  -22.5000  -37.5000 8569.8877   13.9287
    0.0000  -22.5000  -37.5000 9019.8809   13.9124
    7.5000  -22.5000  -37.5000 8706.4590   13.8679
   -7.5000  -15.0000  -37.5000 9760.3867   13.7525
    0.0000  -15.0000  -37.500010291.7314   13.7351
    7.5000  -15.0000  -37.5000 9921.1904   13.6940
   -7.5000   -7.5000  -37.500010952.5059   13.6480
    0.0000   -7.5000  -37.500011529.0625   13.6257
    7.5000   -7.5000  -37.500011109.7500   13.5854
   -7.5000    0.0000  -37.500012081.6006   13.6062
    0.0000    0.0000  -37.500012722.8906   13.5805
    7.5000    0.0000  -37.500012243.1162   13.5390
   -7.5000    7.5000  -37.500012284.5713   13.6115
    0.0000    7.5000  -37.500012945.4053   13.5877
    7.5000    7.5000  -37.500012432.4766   13.5434
   -7.5000   15.0000  -37.500012271.8457   13.6372
    0.0000   15.0000  -37.500012900.6543   13.6184
    7.5000   15.0000  -37.500012382.6309   13.5733
   -7.5000   22.5000  -37.500012102.3760   13.6578
    0.0000   22.5000  -37.500012709.2285   13.6422
    7.5000   22.5000  -37.500012186.5977   13.5992
   -7.5000   30.0000  -37.500011837.0176   13.4780
    0.0000   30.0000  -37.500012457.7529   13.4610
    7.5000   30.0000  -37.500011917.9863   13.4208
   -7.5000   37.5000  -37.500011961.9316   13.4464
    0.0000   37.5000  -37.500012617.1680   13.4244
    7.5000   37.5000  -37.500012058.4678   13.3849
   -7.5000   45.0000  -37.500011683.0586   13.0840
    0.0000   45.0000  -37.500012322.8408   13.0593
    7.5000   45.0000  -37.500011766.0439   13.0193
   -7.5000  -45.0000  -30.0000 6092.1240   15.8533
    0.0000  -45.0000  -30.0000 6416.5513   15.8422
    7.5000  -45.0000  -30.0000 6184.1055   15.7949
   -7.5000  -37.5000  -30.0000 6807.5054   15.2010
    0.0000  -37.5000  -30.0000 7167.2104   15.1917
    7.5000  -37.5000  -30.0000 6908.9214   15.1464
   -7.5000  -30.0000  -30.0000 7896.3008   14.7686
    0.0000  -30.0000  -30.0000 8291.2070   14.7608
    7.5000  -30.0000  -30.0000 7988.6631   14.7170
   -7.5000  -22.5000  -30.0000 9105.4980   14.5045
    0.0000  -22.5000  -30.0000 9580.6143   14.4982
    7.5000  -22.5000  -30.0000 9239.4297   14.4577
   -7.5000  -15.0000  -30.000010368.1992   14.3208
    0.0000  -15.0000  -30.000010930.7695   14.3121
    7.5000  -15.0000  -30.000010522.3857   14.2741
   -7.5000   -7.5000  -30.000011631.7988   14.2106
    0.0000   -7.5000  -30.000012235.5205   14.1969
    7.5000   -7.5000  -30.000011772.8770   14.1595
   -7.5000    0.0000  -30.000012813.3291   14.1656
    0.0000    0.0000  -30.000013474.7148   14.1498
    7.5000    0.0000  -30.000012942.7695   14.1115
   -7.5000    7.5000  -30.000012999.5664   14.1712
    0.0000    7.5000  -30.000013685.9941   14.1581
    7.5000    7.5000  -30.000013121.7949   14.1178
   -7.5000   15.0000  -30.000012987.7139   14.1989
    0.0000   15.0000  -30.000013657.5303   14.1908
    7.5000   15.0000  -30.000013081.5332   14.1500
   -7.5000   22.5000  -30.000012767.8213   14.2200
    0.0000   22.5000  -30.000013417.2227   14.2140
    7.5000   22.5000  -30.000012863.7246   14.1750
   -7.5000   30.0000  -30.000012484.5820   14.0359
    0.0000   30.0000  -30.000013142.6875   14.0273
    7.5000   30.0000  -30.000012546.0557   13.9902
   -7.5000   37.5000  -30.000012641.8799   14.0019
    0.0000   37.5000  -30.000013298.5391   13.9884
    7.5000   37.5000  -30.000012690.0303   13.9516
   -7.5000   45.0000  -30.000012363.5986   13.6320
    0.0000   45.0000  -30.000013012.5752   13.6167
    7.5000   45.0000  -30.000012417.7139   13.5799
   -7.5000  -45.0000  -22.5000 6383.4897   16.3602
    0.0000  -45.0000  -22.5000 6714.4380   16.3540
    7.5000  -45.0000  -22.5000 6456.4307   16.3092
   -7.5000  -37.5000  -22.5000 7146.7466   15.6933
    0.0000  -37.5000  -22.5000 7511.1558   15.6863
    7.5000  -37.5000  -22.5000 7229.6211   15.6423
   -7.5000  -30.0000  -22.5000 8309.8916   15.2459
    0.0000  -30.0000  -22.5000 8737.9111   15.2378
    7.5000  -30.0000  -22.5000 8420.4004   15.1943
   -7.5000  -22.5000  -22.5000 9600.6318   14.9673
    0.0000  -22.5000  -22.500010117.6455   14.9619
    7.5000  -22.5000  -22.5000 9736.9404   14.9210
   -7.5000  -15.0000  -22.500010940.7754   14.7740
    0.0000  -15.0000  -22.500011530.5166   14.7690
    7.5000  -15.0000  -22.500011084.6172   14.7303
   -7.5000   -7.5000  -22.500012277.2295   14.6626
    0.0000   -7.5000  -22.500012907.5059   14.6536
    7.5000   -7.5000  -22.500012410.3643   14.6163
   -7.5000    0.0000  -22.500013513.3857   14.6216
    0.0000    0.0000  -22.500014189.0049   14.6099
    7.5000    0.0000  -22.500013623.1299   14.5728
   -7.5000    7.5000  -22.500013647.8525   14.6315
    0.0000    7.5000  -22.500014340.3936   14.6201
    7.5000    7.5000  -22.500013750.7041   14.5813
   -7.5000   15.0000  -22.500013624.1260   14.6585
    0.0000   15.0000  -22.500014308.8350   14.6499
    7.5000   15.0000  -22.500013721.4043   14.6098
   -7.5000   22.5000  -22.500013399.9658   14.6729
    0.0000   22.5000  -22.500014099.8682   14.6678
    7.5000   22.5000  -22.500013508.1572   14.6283
   -7.5000   30.0000  -22.500013090.0186   14.4824
    0.0000   30.0000  -22.500013755.6826   14.4774
    7.5000   30.0000  -22.500013140.2881   14.4395
   -7.5000   37.5000  -22.500013262.0615   14.4494
    0.0000   37.5000  -22.500013884.2188   14.4406
    7.5000   37.5000  -22.500013258.5967   14.4039
   -7.5000   45.0000  -22.500012968.3066   14.0813
    0.0000   45.0000  -22.500013552.8145   14.0700
    7.5000   45.0000  -22.500012958.9189   14.0343
   -7.5000  -45.0000  -15.0000 6581.7036   16.7262
    0.0000  -45.0000  -15.0000 6918.4971   16.7102
    7.5000  -45.0000  -15.0000 6649.4106   16.6634
   -7.5000  -37.5000  -15.0000 7422.8062   16.0511
    0.0000  -37.5000  -15.0000 7800.8853   16.0311
    7.5000  -37.5000  -15.0000 7516.5464   15.9825
   -7.5000  -30.0000  -15.0000 8676.7051   15.5905
    0.0000  -30.0000  -15.0000 9125.4043   15.5690
    7.5000  -30.0000  -15.0000 8796.2031   15.5196
   -7.5000  -22.5000  -15.000010043.4424   15.2991
    0.0000  -22.5000  -15.000010578.6250   15.2829
    7.5000  -22.5000  -15.000010192.0078   15.2358
   -7.5000  -15.0000  -15.000011481.6006   15.0974
    0.0000  -15.0000  -15.000012061.9385   15.0857
    7.5000  -15.0000  -15.000011606.8086   15.0416
   -7.5000   -7.5000  -15.000012882.9326   14.9858
    0.0000   -7.5000  -15.000013533.7939   14.9716
    7.5000   -7.5000  -15.000013014.9814   14.9305
   -7.5000    0.0000  -15.000014133.0361   14.9502
    0.0000    0.0000  -15.000014858.2314   14.9312
    7.5000    0.0000  -15.000014267.2129   14.8912
   -7.5000    7.5000  -15.000014205.2236   14.9648
    0.0000    7.5000  -15.000014864.4043   14.9427
    7.5000    7.5000  -15.000014304.0420   14.9002
   -7.5000   15.0000  -15.000014067.0156   14.9904
    0.0000   15.0000  -15.000014728.5811   14.9693
    7.5000   15.0000  -15.000014193.2070   14.9238
   -7.5000   22.5000  -15.000013891.5732   14.9978
    0.0000   22.5000  -15.000014655.6846   14.9823
    7.5000   22.5000  -15.000014068.4443   14.9368
   -7.5000   30.0000  -15.000013693.5420   14.8017
    0.0000   30.0000  -15.000014374.0205   14.7902
    7.5000   30.0000  -15.000013750.8320   14.7471
   -7.5000   37.5000  -15.000013900.8398   14.7701
    0.0000   37.5000  -15.000014446.7324   14.7561
    7.5000   37.5000  -15.000013854.7324   14.7157
   -7.5000   45.0000  -15.000013562.9395   14.4065
    0.0000   45.0000  -15.000014045.3105   14.3882
    7.5000   45.0000  -15.000013508.3164   14.3496
   -7.5000  -45.0000   -7.5000 6799.8647   16.9274
    0.0000  -45.0000   -7.5000 7123.4023   16.8952
    7.5000  -45.0000   -7.5000 6871.0229   16.8418
   -7.5000  -37.5000   -7.5000 7679.8154   16.2433
    0.0000  -37.5000   -7.5000 8053.8037   16.2073
    7.5000  -37.5000   -7.5000 7762.7266   16.1511
   -7.5000  -30.0000   -7.5000 8966.8340   15.7753
    0.0000  -30.0000   -7.5000 9423.2100   15.7402
    7.5000  -30.0000   -7.5000 9086.3174   15.6832
   -7.5000  -22.5000   -7.500010383.7715   15.4806
    0.0000  -22.5000   -7.500010937.8574   15.4520
    7.5000  -22.5000   -7.500010538.5713   15.3982
   -7.5000  -15.0000   -7.500011889.2627   15.2767
    0.0000  -15.0000   -7.500012495.2148   15.2534
    7.5000  -15.0000   -7.500012028.8086   15.2036
   -7.5000   -7.5000   -7.500013353.5527   15.1639
    0.0000   -7.5000   -7.500014035.3047   15.1381
    7.5000   -7.5000   -7.500013515.9590   15.0914
   -7.5000    0.0000   -7.500014663.0205   15.1277
    0.0000    0.0000   -7.500015409.4746   15.0961
    7.5000    0.0000   -7.500014831.0312   15.0501
   -7.5000    7.5000   -7.500014751.7939   15.1415
    0.0000    7.5000   -7.500015378.5977   15.1064
    7.5000    7.5000   -7.500014865.5518   15.0573
   -7.5000   15.0000   -7.500014601.7939   15.1674
    0.0000   15.0000   -7.500015138.4980   15.1337
    7.5000   15.0000   -7.500014669.3408   15.0812
   -7.5000   22.5000   -7.500014528.5566   15.1739
    0.0000   22.5000   -7.500015208.6123   15.1464
    7.5000   22.5000   -7.500014644.3047   15.0944
   -7.5000   30.0000   -7.500014452.0771   14.9771
    0.0000   30.0000   -7.500015099.2539   14.9543
    7.5000   30.0000   -7.500014544.5801   14.9057
   -7.5000   37.5000   -7.500014717.3154   14.9454
    0.0000   37.5000   -7.500015305.0869   14.9200
    7.5000   37.5000   -7.500014768.4014   14.8741
   -7.5000   45.0000   -7.500014308.0068   14.5802
    0.0000   45.0000   -7.500014872.9404   14.5498
    7.5000   45.0000   -7.500014353.4180   14.5055
   -7.5000  -45.0000    0.0000 6904.0796   16.9837
    0.0000  -45.0000    0.0000 7243.4551   16.9460
    7.5000  -45.0000    0.0000 6985.7734   16.8877
   -7.5000  -37.5000    0.0000 7833.9917   16.2910
    0.0000  -37.5000    0.0000 8213.7539   16.2521
    7.5000  -37.5000    0.0000 7928.5322   16.1924
   -7.5000  -30.0000    0.0000 9175.7676   15.8212
    0.0000  -30.0000    0.0000 9643.3867   15.7863
    7.5000  -30.0000    0.0000 9303.3281   15.7270
   -7.5000  -22.5000    0.000010654.0156   15.5305
    0.0000  -22.5000    0.000011200.7227   15.5013
    7.5000  -22.5000    0.000010804.2832   15.4464
   -7.5000  -15.0000    0.000012191.9473   15.3299
    0.0000  -15.0000    0.000012780.2334   15.3031
    7.5000  -15.0000    0.000012332.7764   15.2524
   -7.5000   -7.5000    0.000013665.1982   15.2154
    0.0000   -7.5000    0.000014314.2529   15.1844
    7.5000   -7.5000    0.000013821.8643   15.1357
   -7.5000    0.0000    0.000014996.8467   15.1742
    0.0000    0.0000    0.000015693.8496   15.1378
    7.5000    0.0000    0.000015162.1807   15.0885
   -7.5000    7.5000    0.000015137.1318   15.1836
    0.0000    7.5000    0.000015743.1084   15.1463
    7.5000    7.5000    0.000015257.8789   15.0938
   -7.5000   15.0000    0.000015130.5820   15.2104
    0.0000   15.0000    0.000015699.4355   15.1769
    7.5000   15.0000    0.000015228.4336   15.1220
   -7.5000   22.5000    0.000015073.2236   15.2224
    0.0000   22.5000    0.000015722.6504   15.1944
    7.5000   22.5000    0.000015210.7393   15.1413
   -7.5000   30.0000    0.000014816.7285   15.0294
    0.0000   30.0000    0.000015466.7822   15.0032
    7.5000   30.0000    0.000015019.6699   14.9537
   -7.5000   37.5000    0.000015012.2842   14.9965
    0.0000   37.5000    0.000015751.9424   14.9660
    7.5000   37.5000    0.000015237.0029   14.9181
   -7.5000   45.0000    0.000014572.8984   14.6262
    0.0000   45.0000    0.000015358.0566   14.5911
    7.5000   45.0000    0.000014783.5479   14.5436
   -7.5000  -45.0000    7.5000 6515.7617   17.0391
    0.0000  -45.0000    7.5000 6849.9258   17.0119
    7.5000  -45.0000    7.5000 6596.5229   16.9552
   -7.5000  -37.5000    7.5000 7380.1035   16.3389
    0.0000  -37.5000    7.5000 7749.2227   16.3131
    7.5000  -37.5000    7.5000 7472.4434   16.2573
   -7.5000  -30.0000    7.5000 8633.8867   15.8714
    0.0000  -30.0000    7.5000 9061.8564   15.8497
    7.5000  -30.0000    7.5000 8751.1328   15.7954
   -7.5000  -22.5000    7.500010046.4434   15.5866
    0.0000  -22.5000    7.500010532.9072   15.5684
    7.5000  -22.5000    7.500010178.1523   15.5186
   -7.5000  -15.0000    7.500011520.2002   15.3894
    0.0000  -15.0000    7.500012053.2451   15.3700
    7.5000  -15.0000    7.500011652.7412   15.3239
   -7.5000   -7.5000    7.500012917.5566   15.2725
    0.0000   -7.5000    7.500013545.9795   15.2475
    7.5000   -7.5000    7.500013076.0518   15.2025
   -7.5000    0.0000    7.500014211.7715   15.2257
    0.0000    0.0000    7.500014917.3125   15.1970
    7.5000    0.0000    7.500014400.0801   15.1505
   -7.5000    7.5000    7.500014383.6807   15.2316
    0.0000    7.5000    7.500015085.7861   15.2050
    7.5000    7.5000    7.500014558.5908   15.1555
   -7.5000   15.0000    7.500014382.1230   15.2604
    0.0000   15.0000    7.500015080.7959   15.2393
    7.5000   15.0000    7.500014562.6846   15.1889
   -7.5000   22.5000    7.500014243.4502   15.2785
    0.0000   22.5000    7.500014935.8447   15.2611
    7.5000   22.5000    7.500014445.2305   15.2130
   -7.5000   30.0000    7.500013936.1973   15.0882
    0.0000   30.0000    7.500014559.7490   15.0691
    7.5000   30.0000    7.500014126.6338   15.0241
   -7.5000   37.5000    7.500014106.0703   15.0528
    0.0000   37.5000    7.500014763.0508   15.0281
    7.5000   37.5000    7.500014271.0371   14.9839
   -7.5000   45.0000    7.500013722.2158   14.6759
    0.0000   45.0000    7.500014363.0039   14.6481
    7.5000   45.0000    7.500013859.3438   14.6033
   -7.5000  -45.0000   15.0000 6005.5425   17.1103
    0.0000  -45.0000   15.0000 6323.8677   17.0981
    7.5000  -45.0000   15.0000 6084.0044   17.0468
   -7.5000  -37.5000   15.0000 6808.0552   16.4071
    0.0000  -37.5000   15.0000 7146.8979   16.3968
    7.5000  -37.5000   15.0000 6894.2656   16.3476
   -7.5000  -30.0000   15.0000 7980.9775   15.9417
    0.0000  -30.0000   15.0000 8374.7559   15.9331
    7.5000  -30.0000   15.0000 8089.3530   15.8855
   -7.5000  -22.5000   15.0000 9303.2305   15.6582
    0.0000  -22.5000   15.0000 9773.2051   15.6512
    7.5000  -22.5000   15.0000 9429.2842   15.6073
   -7.5000  -15.0000   15.000010651.4814   15.4613
    0.0000  -15.0000   15.000011210.5889   15.4518
    7.5000  -15.0000   15.000010804.8867   15.4106
   -7.5000   -7.5000   15.000011942.9854   15.3442
    0.0000   -7.5000   15.000012600.7734   15.3292
    7.5000   -7.5000   15.000012122.9385   15.2887
   -7.5000    0.0000   15.000013143.1797   15.2969
    0.0000    0.0000   15.000013876.4199   15.2795
    7.5000    0.0000   15.000013328.0166   15.2380
   -7.5000    7.5000   15.000013325.3877   15.3038
    0.0000    7.5000   15.000014054.3906   15.2894
    7.5000    7.5000   15.000013493.5264   15.2456
   -7.5000   15.0000   15.000013336.9600   15.3342
    0.0000   15.0000   15.000014043.5156   15.3252
    7.5000   15.0000   15.000013516.6309   15.2809
   -7.5000   22.5000   15.000013184.5938   15.3531
    0.0000   22.5000   15.000013831.9551   15.3465
    7.5000   22.5000   15.000013344.6719   15.3041
   -7.5000   30.0000   15.000012896.5488   15.1611
    0.0000   30.0000   15.000013463.3320   15.1516
    7.5000   30.0000   15.000013023.2939   15.1114
   -7.5000   37.5000   15.000013081.7412   15.1240
    0.0000   37.5000   15.000013662.1895   15.1093
    7.5000   37.5000   15.000013190.2041   15.0694
   -7.5000   45.0000   15.000012755.2666   14.7444
    0.0000   45.0000   15.000013312.6426   14.7277
    7.5000   45.0000   15.000012850.6201   14.6877
   -7.5000  -45.0000   22.5000 5518.2036   17.3369
    0.0000  -45.0000   22.5000 5791.4932   17.3314
    7.5000  -45.0000   22.5000 5582.4614   17.2841
   -7.5000  -37.5000   22.5000 6237.6919   16.6242
    0.0000  -37.5000   22.5000 6553.0850   16.6177
    7.5000  -37.5000   22.5000 6309.4648   16.5714
   -7.5000  -30.0000   22.5000 7303.4004   16.1481
    0.0000  -30.0000   22.5000 7690.6084   16.1403
    7.5000  -30.0000   22.5000 7410.6084   16.0945
   -7.5000  -22.5000   22.5000 8521.6680   15.8534
    0.0000  -22.5000   22.5000 8983.4844   15.8484
    7.5000  -22.5000   22.5000 8644.1318   15.8053
   -7.5000  -15.0000   22.5000 9767.0586   15.6502
    0.0000  -15.0000   22.500010287.5479   15.6455
    7.5000  -15.0000   22.5000 9894.0283   15.6046
   -7.5000   -7.5000   22.500010951.4570   15.5352
    0.0000   -7.5000   22.500011541.2568   15.5263
    7.5000   -7.5000   22.500011086.7275   15.4868
   -7.5000    0.0000   22.500012065.4541   15.4940
    0.0000    0.0000   22.500012699.3965   15.4821
    7.5000    0.0000   22.500012195.4414   15.4429
   -7.5000    7.5000   22.500012252.1475   15.5061
    0.0000    7.5000   22.500012871.3516   15.4946
    7.5000    7.5000   22.500012367.5850   15.4536
   -7.5000   15.0000   22.500012268.9082   15.5356
    0.0000   15.0000   22.500012881.5674   15.5271
    7.5000   15.0000   22.500012392.5518   15.4847
   -7.5000   22.5000   22.500012112.6758   15.5477
    0.0000   22.5000   22.500012684.3389   15.5429
    7.5000   22.5000   22.500012229.2168   15.5013
   -7.5000   30.0000   22.500011851.3135   15.3484
    0.0000   30.0000   22.500012395.7529   15.3437
    7.5000   30.0000   22.500011954.5273   15.3037
   -7.5000   37.5000   22.500012019.2744   15.3129
    0.0000   37.5000   22.500012565.3857   15.3041
    7.5000   37.5000   22.500012114.2822   15.2653
   -7.5000   45.0000   22.500011718.3047   14.9344
    0.0000   45.0000   22.500012245.9180   14.9230
    7.5000   45.0000   22.500011792.0537   14.8852
   -7.5000  -45.0000   30.0000 5078.2764   17.8705
    0.0000  -45.0000   30.0000 5318.2544   17.8517
    7.5000  -45.0000   30.0000 5121.7280   17.7982
   -7.5000  -37.5000   30.0000 5743.3105   17.1259
    0.0000  -37.5000   30.0000 6027.5552   17.1027
    7.5000  -37.5000   30.0000 5788.8066   17.0477
   -7.5000  -30.0000   30.0000 6738.8789   16.6188
    0.0000  -30.0000   30.0000 7079.0215   16.5937
    7.5000  -30.0000   30.0000 6799.4849   16.5385
   -7.5000  -22.5000   30.0000 7858.6138   16.3015
    0.0000  -22.5000   30.0000 8264.9717   16.2820
    7.5000  -22.5000   30.0000 7921.1523   16.2298
   -7.5000  -15.0000   30.0000 8993.1084   16.0855
    0.0000  -15.0000   30.0000 9454.4932   16.0709
    7.5000  -15.0000   30.0000 9059.3809   16.0220
   -7.5000   -7.5000   30.000010100.2197   15.9714
    0.0000   -7.5000   30.000010603.8604   15.9543
    7.5000   -7.5000   30.000010160.0039   15.9079
   -7.5000    0.0000   30.000011121.6045   15.9375
    0.0000    0.0000   30.000011654.3516   15.9154
    7.5000    0.0000   30.000011177.7676   15.8699
   -7.5000    7.5000   30.000011271.8984   15.9545
    0.0000    7.5000   30.000011818.8584   15.9290
    7.5000    7.5000   30.000011337.4443   15.8810
   -7.5000   15.0000   30.000011277.2910   15.9818
    0.0000   15.0000   30.000011823.8369   15.9571
    7.5000   15.0000   30.000011365.2197   15.9063
   -7.5000   22.5000   30.000011139.7783   15.9858
    0.0000   22.5000   30.000011653.9355   15.9670
    7.5000   22.5000   30.000011232.0850   15.9166
   -7.5000   30.0000   30.000010896.1006   15.7759
    0.0000   30.0000   30.000011389.4160   15.7615
    7.5000   30.0000   30.000010973.2266   15.7137
   -7.5000   37.5000   30.000011040.3320   15.7432
    0.0000   37.5000   30.000011536.9609   15.7264
    7.5000   37.5000   30.000011115.7998   15.6808
   -7.5000   45.0000   30.000010768.2246   15.3619
    0.0000   45.0000   30.000011255.5000   15.3406
    7.5000   45.0000   30.000010835.0996   15.2967
   -7.5000  -45.0000   37.5000 4847.8984   18.6324
    0.0000  -45.0000   37.5000 5065.5254   18.6022
    7.5000  -45.0000   37.5000 4887.8984   18.5359
   -7.5000  -37.5000   37.5000 5501.2534   17.8515
    0.0000  -37.5000   37.5000 5761.0889   17.8171
    7.5000  -37.5000   37.5000 5550.7642   17.7496
   -7.5000  -30.0000   37.5000 6463.9561   17.3107
    0.0000  -30.0000   37.5000 6764.4600   17.2769
    7.5000  -30.0000   37.5000 6517.7695   17.2103
   -7.5000  -22.5000   37.5000 7536.8374   16.9681
    0.0000  -22.5000   37.5000 7897.6240   16.9405
    7.5000  -22.5000   37.5000 7584.8408   16.8776
   -7.5000  -15.0000   37.5000 8626.7744   16.7349
    0.0000  -15.0000   37.5000 9048.9463   16.7122
    7.5000  -15.0000   37.5000 8666.2080   16.6529
   -7.5000   -7.5000   37.5000 9682.7832   16.6145
    0.0000   -7.5000   37.500010151.9492   16.5890
    7.5000   -7.5000   37.5000 9719.7803   16.5319
   -7.5000    0.0000   37.500010659.2656   16.5806
    0.0000    0.0000   37.500011168.0898   16.5494
    7.5000    0.0000   37.500010696.6133   16.4930
   -7.5000    7.5000   37.500010809.5596   16.6005
    0.0000    7.5000   37.500011321.2598   16.5661
    7.5000    7.5000   37.500010859.5303   16.5074
   -7.5000   15.0000   37.500010784.6211   16.6313
    0.0000   15.0000   37.500011295.7773   16.5984
    7.5000   15.0000   37.500010856.0586   16.5371
   -7.5000   22.5000   37.500010660.0869   16.6339
    0.0000   22.5000   37.500011149.0615   16.6071
    7.5000   22.5000   37.500010732.4082   16.5464
   -7.5000   30.0000   37.500010425.1201   16.4119
    0.0000   30.0000   37.500010889.9121   16.3897
    7.5000   30.0000   37.500010484.3115   16.3317
   -7.5000   37.5000   37.500010565.0801   16.3774
    0.0000   37.5000   37.500011049.7168   16.3522
    7.5000   37.5000   37.500010635.6836   16.2961
   -7.5000   45.0000   37.500010311.5889   15.9818
    0.0000   45.0000   37.500010795.6367   15.9517
    7.5000   45.0000   37.500010386.3691   15.8973
   -7.5000  -45.0000   45.0000 4412.2964   19.4081
    0.0000  -45.0000   45.0000 4609.6099   19.3751
    7.5000  -45.0000   45.0000 4444.1450   19.3011
   -7.5000  -37.5000   45.0000 5015.9160   18.5846
    0.0000  -37.5000   45.0000 5241.9199   18.5495
    7.5000  -37.5000   45.0000 5059.0586   18.4752
   -7.5000  -30.0000   45.0000 5902.2529   18.0190
    0.0000  -30.0000   45.0000 6162.4321   17.9898
    7.5000  -30.0000   45.0000 5943.7915   17.9193
   -7.5000  -22.5000   45.0000 6884.9033   17.6507
    0.0000  -22.5000   45.0000 7197.8662   17.6286
    7.5000  -22.5000   45.0000 6926.0278   17.5651
   -7.5000  -15.0000   45.0000 7886.3594   17.4026
    0.0000  -15.0000   45.0000 8263.6924   17.3823
    7.5000  -15.0000   45.0000 7930.2822   17.3234
   -7.5000   -7.5000   45.0000 8851.1172   17.2773
    0.0000   -7.5000   45.0000 9269.3154   17.2502
    7.5000   -7.5000   45.0000 8891.0430   17.1910
   -7.5000    0.0000   45.0000 9740.7051   17.2424
    0.0000    0.0000   45.000010193.5742   17.2079
    7.5000    0.0000   45.0000 9781.4971   17.1460
   -7.5000    7.5000   45.0000 9884.2539   17.2612
    0.0000    7.5000   45.000010333.3555   17.2263
    7.5000    7.5000   45.0000 9917.6914   17.1616
   -7.5000   15.0000   45.0000 9865.7891   17.2919
    0.0000   15.0000   45.000010299.0732   17.2631
    7.5000   15.0000   45.0000 9914.4121   17.1981
   -7.5000   22.5000   45.0000 9754.9189   17.2947
    0.0000   22.5000   45.000010193.4434   17.2732
    7.5000   22.5000   45.0000 9820.7441   17.2119
   -7.5000   30.0000   45.0000 9549.6602   17.0636
    0.0000   30.0000   45.0000 9982.5771   17.0435
    7.5000   30.0000   45.0000 9620.6328   16.9860
   -7.5000   37.5000   45.0000 9680.6641   17.0294
    0.0000   37.5000   45.000010129.4375   17.0027
    7.5000   37.5000   45.0000 9760.7393   16.9445
   -7.5000   45.0000   45.0000 9440.5898   16.6272
    0.0000   45.0000   45.0000 9885.1064   16.5939
    7.5000   45.0000   45.0000 9524.7373   16.5343

---------------------------------------------------------------------
imgreg_4dfp /opt/freesurfer/average/711-2C_as_mni_average_305 /opt/freesurfer/average/711-2B_as_mni_average_305_mask talsrcimg_g11 none talsrcimg_to_711-2C_as_mni_average_305_t4 4355
---------------------------------------------------------------------

freesurfer imgreg_4dfp.c
/opt/freesurfer/average/711-2C_as_mni_average_305.4dfp.img
       256       256       256         1
  1.000000  1.000000  1.000000
orientation T byte_order littleendian
Reading image: /opt/freesurfer/average/711-2C_as_mni_average_305.4dfp.img
dimensions:      256       256       256
mmppix:       1.0000   -1.0000   -1.0000
center:     128.0000 -129.0000 -129.0000
/opt/freesurfer/average/711-2B_as_mni_average_305_mask.4dfp.img
       256       256       256         1
  1.000000  1.000000  1.000000
orientation T byte_order littleendian
Reading mask: /opt/freesurfer/average/711-2B_as_mni_average_305_mask.4dfp.img (2306576 pixels)
talsrcimg_g11.4dfp.img
       256       256       256         1
  1.000000  1.000000  1.000000
orientation T byte_order littleendian
Reading image: talsrcimg_g11.4dfp.img
dimensions:      256       256       256
mmppix:       1.0000   -1.0000   -1.0000
center:     128.0000 -129.0000 -129.0000
rotation matrix determinant  1.000000
image alignment mode   4355 decimal     1103 hex
   -7.5000   -7.5000  -45.0000 2221.4189   13.5461
    0.0000   -7.5000  -45.0000 2251.4246   13.3378
    7.5000   -7.5000  -45.0000 2253.4868   13.3803
   -7.5000    0.0000  -45.0000 2332.3325   12.3262
    0.0000    0.0000  -45.0000 2361.6582   12.1452
    7.5000    0.0000  -45.0000 2363.8145   12.1759
   -7.5000    7.5000  -45.0000 2416.3750   11.4516
    0.0000    7.5000  -45.0000 2450.5645   11.2864
    7.5000    7.5000  -45.0000 2448.7358   11.2955
   -7.5000   15.0000  -45.0000 2468.7595   10.8657
    0.0000   15.0000  -45.0000 2501.4346   10.6851
    7.5000   15.0000  -45.0000 2502.2954   10.6788
   -7.5000   22.5000  -45.0000 2509.4031   10.4938
    0.0000   22.5000  -45.0000 2544.5508   10.3018
    7.5000   22.5000  -45.0000 2535.8975   10.3047
   -7.5000   30.0000  -45.0000 2526.6394   10.2950
    0.0000   30.0000  -45.0000 2556.8706   10.1202
    7.5000   30.0000  -45.0000 2550.3364   10.1263
   -7.5000   37.5000  -45.0000 2514.3982   10.3751
    0.0000   37.5000  -45.0000 2546.9343   10.2159
    7.5000   37.5000  -45.0000 2542.3464   10.2099
   -7.5000   45.0000  -45.0000 2483.7688   10.6432
    0.0000   45.0000  -45.0000 2520.1643   10.4823
    7.5000   45.0000  -45.0000 2510.5532   10.4860
   -7.5000   52.5000  -45.0000 2407.1519   11.1048
    0.0000   52.5000  -45.0000 2446.4539   10.9272
    7.5000   52.5000  -45.0000 2437.3354   10.9296
   -7.5000   60.0000  -45.0000 2287.0017   11.6505
    0.0000   60.0000  -45.0000 2318.3489   11.4744
    7.5000   60.0000  -45.0000 2310.8040   11.4739
   -7.5000   67.5000  -45.0000 2133.0784   12.2324
    0.0000   67.5000  -45.0000 2159.5618   12.0294
    7.5000   67.5000  -45.0000 2154.8242   12.0693
   -7.5000   75.0000  -45.0000 1955.1250   12.8008
    0.0000   75.0000  -45.0000 1977.4681   12.5734
    7.5000   75.0000  -45.0000 1972.4457   12.6112
   -7.5000   82.5000  -45.0000 1842.9244   14.3465
    0.0000   82.5000  -45.0000 1860.1356   14.0889
    7.5000   82.5000  -45.0000 1855.2097   14.1066
   -7.5000   -7.5000  -37.5000 2272.9683   12.9039
    0.0000   -7.5000  -37.5000 2303.5972   12.7118
    7.5000   -7.5000  -37.5000 2306.2612   12.7522
   -7.5000    0.0000  -37.5000 2383.9226   11.6992
    0.0000    0.0000  -37.5000 2415.6836   11.5260
    7.5000    0.0000  -37.5000 2415.1580   11.5542
   -7.5000    7.5000  -37.5000 2474.4302   10.8281
    0.0000    7.5000  -37.5000 2508.1431   10.6835
    7.5000    7.5000  -37.5000 2505.2019   10.6965
   -7.5000   15.0000  -37.5000 2534.4727   10.2362
    0.0000   15.0000  -37.5000 2565.6045   10.0917
    7.5000   15.0000  -37.5000 2565.1030   10.0887
   -7.5000   22.5000  -37.5000 2583.2339    9.8596
    0.0000   22.5000  -37.5000 2619.7620    9.6952
    7.5000   22.5000  -37.5000 2612.5679    9.6943
   -7.5000   30.0000  -37.5000 2609.7532    9.6662
    0.0000   30.0000  -37.5000 2646.6248    9.5155
    7.5000   30.0000  -37.5000 2637.4070    9.5294
   -7.5000   37.5000  -37.5000 2602.6785    9.7212
    0.0000   37.5000  -37.5000 2642.4719    9.6005
    7.5000   37.5000  -37.5000 2634.0234    9.5976
   -7.5000   45.0000  -37.5000 2570.3066   10.0053
    0.0000   45.0000  -37.5000 2615.6895    9.8582
    7.5000   45.0000  -37.5000 2603.7200    9.8762
   -7.5000   52.5000  -37.5000 2494.9578   10.4567
    0.0000   52.5000  -37.5000 2536.1814   10.2942
    7.5000   52.5000  -37.5000 2524.3037   10.3092
   -7.5000   60.0000  -37.5000 2363.8811   10.9928
    0.0000   60.0000  -37.5000 2397.9697   10.8128
    7.5000   60.0000  -37.5000 2388.2080   10.8320
   -7.5000   67.5000  -37.5000 2198.0046   11.5463
    0.0000   67.5000  -37.5000 2222.2188   11.3606
    7.5000   67.5000  -37.5000 2216.7297   11.3813
   -7.5000   75.0000  -37.5000 2008.2084   12.1067
    0.0000   75.0000  -37.5000 2031.5905   11.9065
    7.5000   75.0000  -37.5000 2026.3239   11.9195
   -7.5000   82.5000  -37.5000 1891.8218   13.5744
    0.0000   82.5000  -37.5000 1911.5391   13.3610
    7.5000   82.5000  -37.5000 1906.8350   13.3672
   -7.5000   -7.5000  -30.0000 2360.8723   12.7237
    0.0000   -7.5000  -30.0000 2392.4067   12.5300
    7.5000   -7.5000  -30.0000 2391.8804   12.5946
   -7.5000    0.0000  -30.0000 2473.9690   11.4859
    0.0000    0.0000  -30.0000 2503.7288   11.3331
    7.5000    0.0000  -30.0000 2503.6648   11.3574
   -7.5000    7.5000  -30.0000 2572.8108   10.5887
    0.0000    7.5000  -30.0000 2605.4983   10.4348
    7.5000    7.5000  -30.0000 2600.9268   10.4637
   -7.5000   15.0000  -30.0000 2645.3494    9.9758
    0.0000   15.0000  -30.0000 2676.7358    9.8397
    7.5000   15.0000  -30.0000 2674.1394    9.8550
   -7.5000   22.5000  -30.0000 2700.6250    9.5884
    0.0000   22.5000  -30.0000 2741.0188    9.4371
    7.5000   22.5000  -30.0000 2737.5593    9.4657
   -7.5000   30.0000  -30.0000 2736.0183    9.3810
    0.0000   30.0000  -30.0000 2785.4067    9.2390
    7.5000   30.0000  -30.0000 2769.7056    9.2617
   -7.5000   37.5000  -30.0000 2739.8542    9.4391
    0.0000   37.5000  -30.0000 2787.3477    9.2981
    7.5000   37.5000  -30.0000 2771.9680    9.3178
   -7.5000   45.0000  -30.0000 2711.7715    9.7543
    0.0000   45.0000  -30.0000 2761.3606    9.5888
    7.5000   45.0000  -30.0000 2747.0281    9.6127
   -7.5000   52.5000  -30.0000 2629.7598   10.2215
    0.0000   52.5000  -30.0000 2670.7983   10.0486
    7.5000   52.5000  -30.0000 2657.6987   10.0600
   -7.5000   60.0000  -30.0000 2485.3660   10.7566
    0.0000   60.0000  -30.0000 2519.6707   10.5805
    7.5000   60.0000  -30.0000 2506.7358   10.5947
   -7.5000   67.5000  -30.0000 2306.3230   11.3150
    0.0000   67.5000  -30.0000 2329.9819   11.1402
    7.5000   67.5000  -30.0000 2322.5940   11.1446
   -7.5000   75.0000  -30.0000 2105.3799   11.8837
    0.0000   75.0000  -30.0000 2125.6116   11.7018
    7.5000   75.0000  -30.0000 2120.4875   11.7064
   -7.5000   82.5000  -30.0000 1981.3113   13.3296
    0.0000   82.5000  -30.0000 1998.8639   13.1496
    7.5000   82.5000  -30.0000 1994.3312   13.1696
   -7.5000   -7.5000  -22.5000 2416.3203   12.4966
    0.0000   -7.5000  -22.5000 2451.5405   12.2549
    7.5000   -7.5000  -22.5000 2445.3035   12.3630
   -7.5000    0.0000  -22.5000 2530.5693   11.2462
    0.0000    0.0000  -22.5000 2565.1309   11.0534
    7.5000    0.0000  -22.5000 2560.6643   11.1185
   -7.5000    7.5000  -22.5000 2634.5232   10.3108
    0.0000    7.5000  -22.5000 2671.8909   10.1327
    7.5000    7.5000  -22.5000 2665.3838   10.1881
   -7.5000   15.0000  -22.5000 2723.2029    9.6714
    0.0000   15.0000  -22.5000 2759.7788    9.4980
    7.5000   15.0000  -22.5000 2753.3679    9.5518
   -7.5000   22.5000  -22.5000 2789.1624    9.2842
    0.0000   22.5000  -22.5000 2834.5757    9.1374
    7.5000   22.5000  -22.5000 2829.7053    9.1693
   -7.5000   30.0000  -22.5000 2832.2825    9.0995
    0.0000   30.0000  -22.5000 2891.9692    8.9159
    7.5000   30.0000  -22.5000 2874.6621    8.9614
   -7.5000   37.5000  -22.5000 2846.3081    9.1565
    0.0000   37.5000  -22.5000 2895.3694    8.9670
    7.5000   37.5000  -22.5000 2878.4143    9.0025
   -7.5000   45.0000  -22.5000 2814.7778    9.4844
    0.0000   45.0000  -22.5000 2856.3657    9.2948
    7.5000   45.0000  -22.5000 2846.6116    9.3054
   -7.5000   52.5000  -22.5000 2725.1931    9.9520
    0.0000   52.5000  -22.5000 2764.5066    9.7580
    7.5000   52.5000  -22.5000 2750.0537    9.7767
   -7.5000   60.0000  -22.5000 2568.1462   10.4835
    0.0000   60.0000  -22.5000 2600.3142   10.2831
    7.5000   60.0000  -22.5000 2589.1133   10.2996
   -7.5000   67.5000  -22.5000 2377.4961   11.0217
    0.0000   67.5000  -22.5000 2404.9651   10.8311
    7.5000   67.5000  -22.5000 2394.0820   10.8495
   -7.5000   75.0000  -22.5000 2167.5947   11.5912
    0.0000   75.0000  -22.5000 2189.3086   11.3855
    7.5000   75.0000  -22.5000 2179.6199   11.4235
   -7.5000   82.5000  -22.5000 2035.8140   13.0275
    0.0000   82.5000  -22.5000 2053.3032   12.7986
    7.5000   82.5000  -22.5000 2046.3439   12.8519
   -7.5000   -7.5000  -15.0000 2440.4927   12.3772
    0.0000   -7.5000  -15.0000 2470.9473   12.1143
    7.5000   -7.5000  -15.0000 2465.8098   12.2190
   -7.5000    0.0000  -15.0000 2550.1731   11.1037
    0.0000    0.0000  -15.0000 2585.9141   10.8815
    7.5000    0.0000  -15.0000 2580.3855   10.9629
   -7.5000    7.5000  -15.0000 2656.7769   10.1218
    0.0000    7.5000  -15.0000 2695.9443    9.9249
    7.5000    7.5000  -15.0000 2688.9106    9.9982
   -7.5000   15.0000  -15.0000 2751.9495    9.4337
    0.0000   15.0000  -15.0000 2792.5686    9.2245
    7.5000   15.0000  -15.0000 2783.4158    9.3085
   -7.5000   22.5000  -15.0000 2837.6904    9.0445
    0.0000   22.5000  -15.0000 2880.3894    8.8890
    7.5000   22.5000  -15.0000 2874.8440    8.9209
   -7.5000   30.0000  -15.0000 2889.6204    8.9415
    0.0000   30.0000  -15.0000 2954.5586    8.7518
    7.5000   30.0000  -15.0000 2933.1089    8.7917
   -7.5000   37.5000  -15.0000 2911.9026    9.0305
    0.0000   37.5000  -15.0000 2969.8020    8.7636
    7.5000   37.5000  -15.0000 2943.1575    8.8275
   -7.5000   45.0000  -15.0000 2876.2107    9.3430
    0.0000   45.0000  -15.0000 2913.9702    9.0874
    7.5000   45.0000  -15.0000 2902.5520    9.1249
   -7.5000   52.5000  -15.0000 2774.0366    9.7593
    0.0000   52.5000  -15.0000 2812.5137    9.5350
    7.5000   52.5000  -15.0000 2799.7466    9.5680
   -7.5000   60.0000  -15.0000 2608.2783   10.2641
    0.0000   60.0000  -15.0000 2648.4126   10.0398
    7.5000   60.0000  -15.0000 2636.0481   10.0660
   -7.5000   67.5000  -15.0000 2410.0461   10.8004
    0.0000   67.5000  -15.0000 2441.2493   10.6168
    7.5000   67.5000  -15.0000 2429.6775   10.6408
   -7.5000   75.0000  -15.0000 2195.0811   11.3807
    0.0000   75.0000  -15.0000 2216.8206   11.2117
    7.5000   75.0000  -15.0000 2205.9377   11.2204
   -7.5000   82.5000  -15.0000 2061.1121   12.7831
    0.0000   82.5000  -15.0000 2079.0652   12.6011
    7.5000   82.5000  -15.0000 2070.6497   12.6180
   -7.5000   -7.5000   -7.5000 2436.3240   12.3721
    0.0000   -7.5000   -7.5000 2469.1748   12.0840
    7.5000   -7.5000   -7.5000 2460.6174   12.2255
   -7.5000    0.0000   -7.5000 2547.4648   11.0957
    0.0000    0.0000   -7.5000 2582.8096   10.8432
    7.5000    0.0000   -7.5000 2573.6155   10.9730
   -7.5000    7.5000   -7.5000 2658.1431   10.1057
    0.0000    7.5000   -7.5000 2695.5374    9.8558
    7.5000    7.5000   -7.5000 2685.7263    9.9781
   -7.5000   15.0000   -7.5000 2760.0596    9.3993
    0.0000   15.0000   -7.5000 2797.0308    9.1183
    7.5000   15.0000   -7.5000 2784.4946    9.2468
   -7.5000   22.5000   -7.5000 2860.6931    9.0236
    0.0000   22.5000   -7.5000 2897.7332    8.7649
    7.5000   22.5000   -7.5000 2886.2151    8.8589
   -7.5000   30.0000   -7.5000 2927.4426    8.9684
    0.0000   30.0000   -7.5000 2983.6218    8.7567
    7.5000   30.0000   -7.5000 2957.0271    8.8112
   -7.5000   37.5000   -7.5000 2948.4329    9.0890
    0.0000   37.5000   -7.5000 3005.9041    8.8435
    7.5000   37.5000   -7.5000 2976.2175    8.9147
   -7.5000   45.0000   -7.5000 2899.5776    9.3363
    0.0000   45.0000   -7.5000 2948.4128    9.1044
    7.5000   45.0000   -7.5000 2930.3420    9.1620
   -7.5000   52.5000   -7.5000 2789.3391    9.6513
    0.0000   52.5000   -7.5000 2838.5066    9.4448
    7.5000   52.5000   -7.5000 2822.4250    9.4771
   -7.5000   60.0000   -7.5000 2617.9619   10.1371
    0.0000   60.0000   -7.5000 2656.2085    9.9419
    7.5000   60.0000   -7.5000 2642.5984    9.9482
   -7.5000   67.5000   -7.5000 2419.9490   10.7209
    0.0000   67.5000   -7.5000 2446.4478   10.5302
    7.5000   67.5000   -7.5000 2435.9031   10.5378
   -7.5000   75.0000   -7.5000 2200.3350   11.3013
    0.0000   75.0000   -7.5000 2222.2859   11.1215
    7.5000   75.0000   -7.5000 2211.3030   11.1336
   -7.5000   82.5000   -7.5000 2064.6482   12.7133
    0.0000   82.5000   -7.5000 2084.8647   12.5009
    7.5000   82.5000   -7.5000 2072.4067   12.5359
   -7.5000   -7.5000    0.0000 2425.6208   12.5065
    0.0000   -7.5000    0.0000 2453.6899   12.1758
    7.5000   -7.5000    0.0000 2445.5151   12.3337
   -7.5000    0.0000    0.0000 2537.8850   11.2807
    0.0000    0.0000    0.0000 2564.9314   10.9626
    7.5000    0.0000    0.0000 2557.9509   11.1035
   -7.5000    7.5000    0.0000 2652.9404   10.3428
    0.0000    7.5000    0.0000 2679.1353   10.0364
    7.5000    7.5000    0.0000 2669.5952   10.1747
   -7.5000   15.0000    0.0000 2759.0759    9.6647
    0.0000   15.0000    0.0000 2788.7910    9.3683
    7.5000   15.0000    0.0000 2773.1428    9.5212
   -7.5000   22.5000    0.0000 2857.3623    9.2688
    0.0000   22.5000    0.0000 2894.1597    9.0244
    7.5000   22.5000    0.0000 2876.6572    9.1356
   -7.5000   30.0000    0.0000 2921.8667    9.1291
    0.0000   30.0000    0.0000 2973.3645    8.9087
    7.5000   30.0000    0.0000 2944.9878    9.0332
   -7.5000   37.5000    0.0000 2938.9868    9.1870
    0.0000   37.5000    0.0000 2993.5874    8.9804
    7.5000   37.5000    0.0000 2961.0920    9.1072
   -7.5000   45.0000    0.0000 2880.6248    9.4481
    0.0000   45.0000    0.0000 2932.6990    9.2732
    7.5000   45.0000    0.0000 2909.7976    9.3367
   -7.5000   52.5000    0.0000 2771.4060    9.7699
    0.0000   52.5000    0.0000 2816.3018    9.5940
    7.5000   52.5000    0.0000 2797.9622    9.6195
   -7.5000   60.0000    0.0000 2603.1079   10.2558
    0.0000   60.0000    0.0000 2634.1992   10.0638
    7.5000   60.0000    0.0000 2624.1819   10.0763
   -7.5000   67.5000    0.0000 2407.6455   10.7985
    0.0000   67.5000    0.0000 2432.8560   10.5972
    7.5000   67.5000    0.0000 2424.3694   10.6011
   -7.5000   75.0000    0.0000 2193.1758   11.3464
    0.0000   75.0000    0.0000 2210.9397   11.1452
    7.5000   75.0000    0.0000 2202.1506   11.1640
   -7.5000   82.5000    0.0000 2057.6667   12.7142
    0.0000   82.5000    0.0000 2074.4878   12.4974
    7.5000   82.5000    0.0000 2064.5164   12.5220
   -7.5000   -7.5000    7.5000 2411.0625   12.9279
    0.0000   -7.5000    7.5000 2430.6628   12.5882
    7.5000   -7.5000    7.5000 2421.5115   12.7442
   -7.5000    0.0000    7.5000 2529.1775   11.6886
    0.0000    0.0000    7.5000 2549.5500   11.4070
    7.5000    0.0000    7.5000 2537.2715   11.5529
   -7.5000    7.5000    7.5000 2643.8186   10.7297
    0.0000    7.5000    7.5000 2668.9951   10.4780
    7.5000    7.5000    7.5000 2648.8442   10.6362
   -7.5000   15.0000    7.5000 2741.4758   10.0486
    0.0000   15.0000    7.5000 2772.3274    9.8218
    7.5000   15.0000    7.5000 2749.8730    9.9625
   -7.5000   22.5000    7.5000 2830.3560    9.6374
    0.0000   22.5000    7.5000 2871.2966    9.4364
    7.5000   22.5000    7.5000 2848.4661    9.5339
   -7.5000   30.0000    7.5000 2885.9075    9.4235
    0.0000   30.0000    7.5000 2929.6387    9.2016
    7.5000   30.0000    7.5000 2904.7148    9.3318
   -7.5000   37.5000    7.5000 2891.2991    9.4564
    0.0000   37.5000    7.5000 2934.9912    9.2654
    7.5000   37.5000    7.5000 2909.6631    9.3546
   -7.5000   45.0000    7.5000 2835.9258    9.7208
    0.0000   45.0000    7.5000 2878.4341    9.5284
    7.5000   45.0000    7.5000 2858.8440    9.5857
   -7.5000   52.5000    7.5000 2732.0322   10.0908
    0.0000   52.5000    7.5000 2766.6445    9.8500
    7.5000   52.5000    7.5000 2751.4075    9.9070
   -7.5000   60.0000    7.5000 2567.9297   10.5442
    0.0000   60.0000    7.5000 2593.9199   10.3096
    7.5000   60.0000    7.5000 2585.1074   10.3521
   -7.5000   67.5000    7.5000 2379.9846   11.0277
    0.0000   67.5000    7.5000 2400.0986   10.8157
    7.5000   67.5000    7.5000 2391.7434   10.8347
   -7.5000   75.0000    7.5000 2173.2148   11.5056
    0.0000   75.0000    7.5000 2190.4685   11.3071
    7.5000   75.0000    7.5000 2179.0322   11.3309
   -7.5000   82.5000    7.5000 2038.1937   12.8600
    0.0000   82.5000    7.5000 2054.4368   12.6440
    7.5000   82.5000    7.5000 2040.4166   12.6800
   -7.5000   -7.5000   15.0000 2382.8936   13.4749
    0.0000   -7.5000   15.0000 2404.7771   13.2495
    7.5000   -7.5000   15.0000 2389.2305   13.3888
   -7.5000    0.0000   15.0000 2498.0901   12.2085
    0.0000    0.0000   15.0000 2523.9231   12.0141
    7.5000    0.0000   15.0000 2503.2812   12.1493
   -7.5000    7.5000   15.0000 2608.1243   11.2606
    0.0000    7.5000   15.0000 2638.8718   11.0912
    7.5000    7.5000   15.0000 2613.2556   11.2025
   -7.5000   15.0000   15.0000 2703.4658   10.5920
    0.0000   15.0000   15.0000 2733.9729   10.4119
    7.5000   15.0000   15.0000 2713.0232   10.5185
   -7.5000   22.5000   15.0000 2779.6924   10.1463
    0.0000   22.5000   15.0000 2819.3481    9.9384
    7.5000   22.5000   15.0000 2794.2495   10.0365
   -7.5000   30.0000   15.0000 2827.2046    9.8709
    0.0000   30.0000   15.0000 2859.5669    9.6552
    7.5000   30.0000   15.0000 2835.1985    9.7730
   -7.5000   37.5000   15.0000 2827.2078    9.8926
    0.0000   37.5000   15.0000 2860.0249    9.6993
    7.5000   37.5000   15.0000 2835.3459    9.7799
   -7.5000   45.0000   15.0000 2772.7678   10.1660
    0.0000   45.0000   15.0000 2808.0657    9.9619
    7.5000   45.0000   15.0000 2788.3125   10.0340
   -7.5000   52.5000   15.0000 2671.4141   10.5433
    0.0000   52.5000   15.0000 2694.6172   10.3062
    7.5000   52.5000   15.0000 2682.9897   10.3533
   -7.5000   60.0000   15.0000 2517.1094   10.9608
    0.0000   60.0000   15.0000 2540.2070   10.7258
    7.5000   60.0000   15.0000 2527.2375   10.7667
   -7.5000   67.5000   15.0000 2336.2686   11.4199
    0.0000   67.5000   15.0000 2355.7563   11.1915
    7.5000   67.5000   15.0000 2343.1809   11.2178
   -7.5000   75.0000   15.0000 2137.0015   11.8437
    0.0000   75.0000   15.0000 2155.8394   11.6323
    7.5000   75.0000   15.0000 2145.2107   11.6545
   -7.5000   82.5000   15.0000 2000.2904   13.1954
    0.0000   82.5000   15.0000 2016.3768   12.9746
    7.5000   82.5000   15.0000 2006.7906   13.0221
   -7.5000   -7.5000   22.5000 2339.7446   14.1616
    0.0000   -7.5000   22.5000 2363.9539   13.9890
    7.5000   -7.5000   22.5000 2344.9875   14.1090
   -7.5000    0.0000   22.5000 2453.3394   12.8867
    0.0000    0.0000   22.5000 2480.8804   12.7213
    7.5000    0.0000   22.5000 2458.6553   12.8234
   -7.5000    7.5000   22.5000 2561.5847   11.9585
    0.0000    7.5000   22.5000 2587.8442   11.7943
    7.5000    7.5000   22.5000 2565.7861   11.8886
   -7.5000   15.0000   22.5000 2650.2834   11.2593
    0.0000   15.0000   22.5000 2678.9275   11.0767
    7.5000   15.0000   22.5000 2659.1445   11.1659
   -7.5000   22.5000   22.5000 2717.8689   10.7480
    0.0000   22.5000   22.5000 2751.2622   10.5476
    7.5000   22.5000   22.5000 2726.2773   10.6627
   -7.5000   30.0000   22.5000 2754.9653   10.4724
    0.0000   30.0000   22.5000 2780.8628   10.2967
    7.5000   30.0000   22.5000 2757.8445   10.3714
   -7.5000   37.5000   22.5000 2747.9126   10.4896
    0.0000   37.5000   22.5000 2775.3928   10.3123
    7.5000   37.5000   22.5000 2752.9182   10.3840
   -7.5000   45.0000   22.5000 2694.8901   10.7497
    0.0000   45.0000   22.5000 2725.4912   10.5492
    7.5000   45.0000   22.5000 2702.5020   10.6225
   -7.5000   52.5000   22.5000 2596.0342   11.0983
    0.0000   52.5000   22.5000 2618.8293   10.8841
    7.5000   52.5000   22.5000 2606.1624   10.9391
   -7.5000   60.0000   22.5000 2451.5212   11.4940
    0.0000   60.0000   22.5000 2473.7158   11.2733
    7.5000   60.0000   22.5000 2460.2903   11.3332
   -7.5000   67.5000   22.5000 2279.6304   11.9180
    0.0000   67.5000   22.5000 2299.2361   11.7174
    7.5000   67.5000   22.5000 2285.7693   11.7548
   -7.5000   75.0000   22.5000 2088.7161   12.3342
    0.0000   75.0000   22.5000 2108.4546   12.1347
    7.5000   75.0000   22.5000 2093.0891   12.1758
   -7.5000   82.5000   22.5000 1952.4402   13.7035
    0.0000   82.5000   22.5000 1970.1067   13.4867
    7.5000   82.5000   22.5000 1955.9869   13.5369
   -7.5000   -7.5000   30.0000 2288.8662   15.0652
    0.0000   -7.5000   30.0000 2313.8213   14.8966
    7.5000   -7.5000   30.0000 2293.5447   14.9787
   -7.5000    0.0000   30.0000 2400.1990   13.7547
    0.0000    0.0000   30.0000 2423.5754   13.5984
    7.5000    0.0000   30.0000 2404.2439   13.6703
   -7.5000    7.5000   30.0000 2500.4265   12.7740
    0.0000    7.5000   30.0000 2525.3464   12.6349
    7.5000    7.5000   30.0000 2504.8733   12.7050
   -7.5000   15.0000   30.0000 2581.6680   12.0224
    0.0000   15.0000   30.0000 2607.8796   11.8508
    7.5000   15.0000   30.0000 2587.8154   11.9498
   -7.5000   22.5000   30.0000 2639.9517   11.5043
    0.0000   22.5000   30.0000 2666.1780   11.3356
    7.5000   22.5000   30.0000 2647.3252   11.4163
   -7.5000   30.0000   30.0000 2665.1812   11.2354
    0.0000   30.0000   30.0000 2687.1677   11.0820
    7.5000   30.0000   30.0000 2668.9724   11.1357
   -7.5000   37.5000   30.0000 2652.5483   11.2494
    0.0000   37.5000   30.0000 2675.9558   11.0802
    7.5000   37.5000   30.0000 2658.9949   11.1464
   -7.5000   45.0000   30.0000 2607.9277   11.4782
    0.0000   45.0000   30.0000 2633.3928   11.3038
    7.5000   45.0000   30.0000 2614.4907   11.3705
   -7.5000   52.5000   30.0000 2515.8213   11.7903
    0.0000   52.5000   30.0000 2539.7129   11.6044
    7.5000   52.5000   30.0000 2522.8792   11.6652
   -7.5000   60.0000   30.0000 2379.7485   12.1595
    0.0000   60.0000   30.0000 2400.4709   11.9714
    7.5000   60.0000   30.0000 2386.0032   12.0261
   -7.5000   67.5000   30.0000 2215.0381   12.5576
    0.0000   67.5000   30.0000 2231.7654   12.3764
    7.5000   67.5000   30.0000 2217.6902   12.4178
   -7.5000   75.0000   30.0000 2026.3915   12.9728
    0.0000   75.0000   30.0000 2041.4535   12.8132
    7.5000   75.0000   30.0000 2027.7039   12.8409
   -7.5000   82.5000   30.0000 1898.3855   14.3722
    0.0000   82.5000   30.0000 1911.0809   14.1984
    7.5000   82.5000   30.0000 1898.8496   14.2275
   -7.5000   -7.5000   37.5000 2231.2197   16.2309
    0.0000   -7.5000   37.5000 2253.5435   16.0415
    7.5000   -7.5000   37.5000 2231.8269   16.1373
   -7.5000    0.0000   37.5000 2337.5488   14.8517
    0.0000    0.0000   37.5000 2358.0374   14.6838
    7.5000    0.0000   37.5000 2336.2283   14.7705
   -7.5000    7.5000   37.5000 2433.7576   13.7986
    0.0000    7.5000   37.5000 2450.7534   13.6440
    7.5000    7.5000   37.5000 2432.0708   13.7214
   -7.5000   15.0000   37.5000 2499.8958   12.9816
    0.0000   15.0000   37.5000 2521.3389   12.8092
    7.5000   15.0000   37.5000 2503.1870   12.9143
   -7.5000   22.5000   37.5000 2551.7815   12.4181
    0.0000   22.5000   37.5000 2573.2043   12.2765
    7.5000   22.5000   37.5000 2555.8352   12.3391
   -7.5000   30.0000   37.5000 2567.8267   12.1401
    0.0000   30.0000   37.5000 2586.7747   11.9847
    7.5000   30.0000   37.5000 2570.4043   12.0450
   -7.5000   37.5000   37.5000 2554.6929   12.1513
    0.0000   37.5000   37.5000 2576.9116   12.0096
    7.5000   37.5000   37.5000 2560.6279   12.0669
   -7.5000   45.0000   37.5000 2513.9707   12.3574
    0.0000   45.0000   37.5000 2538.2581   12.2095
    7.5000   45.0000   37.5000 2523.5022   12.2758
   -7.5000   52.5000   37.5000 2433.6418   12.6380
    0.0000   52.5000   37.5000 2457.2397   12.4836
    7.5000   52.5000   37.5000 2438.4917   12.5488
   -7.5000   60.0000   37.5000 2304.7329   12.9732
    0.0000   60.0000   37.5000 2327.3018   12.8027
    7.5000   60.0000   37.5000 2307.6321   12.8768
   -7.5000   67.5000   37.5000 2146.5132   13.3590
    0.0000   67.5000   37.5000 2162.3970   13.1948
    7.5000   67.5000   37.5000 2148.0012   13.2650
   -7.5000   75.0000   37.5000 1957.8418   13.7923
    0.0000   75.0000   37.5000 1967.4897   13.6395
    7.5000   75.0000   37.5000 1959.8760   13.7021
   -7.5000   82.5000   37.5000 1837.2965   15.2168
    0.0000   82.5000   37.5000 1846.9760   15.0399
    7.5000   82.5000   37.5000 1839.6357   15.1221
   -7.5000   -7.5000   45.0000 2159.4971   17.6597
    0.0000   -7.5000   45.0000 2180.6709   17.4543
    7.5000   -7.5000   45.0000 2160.1162   17.5738
   -7.5000    0.0000   45.0000 2262.8240   16.1690
    0.0000    0.0000   45.0000 2278.6006   16.0019
    7.5000    0.0000   45.0000 2257.4280   16.1085
   -7.5000    7.5000   45.0000 2351.8254   15.0430
    0.0000    7.5000   45.0000 2364.3879   14.8561
    7.5000    7.5000   45.0000 2344.8643   14.9752
   -7.5000   15.0000   45.0000 2416.2104   14.1574
    0.0000   15.0000   45.0000 2426.5068   13.9904
    7.5000   15.0000   45.0000 2412.1406   14.0923
   -7.5000   22.5000   45.0000 2458.7034   13.5396
    0.0000   22.5000   45.0000 2472.0835   13.3986
    7.5000   22.5000   45.0000 2459.3911   13.4755
   -7.5000   30.0000   45.0000 2469.6416   13.2212
    0.0000   30.0000   45.0000 2486.6843   13.0587
    7.5000   30.0000   45.0000 2473.1504   13.1481
   -7.5000   37.5000   45.0000 2453.6360   13.2047
    0.0000   37.5000   45.0000 2473.6487   13.0518
    7.5000   37.5000   45.0000 2463.4473   13.1384
   -7.5000   45.0000   45.0000 2417.0332   13.3961
    0.0000   45.0000   45.0000 2437.8494   13.2465
    7.5000   45.0000   45.0000 2424.9077   13.3454
   -7.5000   52.5000   45.0000 2343.2766   13.6568
    0.0000   52.5000   45.0000 2362.0369   13.4983
    7.5000   52.5000   45.0000 2350.9917   13.5963
   -7.5000   60.0000   45.0000 2221.0757   13.9575
    0.0000   60.0000   45.0000 2237.5769   13.7955
    7.5000   60.0000   45.0000 2223.5391   13.8992
   -7.5000   67.5000   45.0000 2065.1628   14.3343
    0.0000   67.5000   45.0000 2077.6970   14.1781
    7.5000   67.5000   45.0000 2067.3525   14.2775
   -7.5000   75.0000   45.0000 1887.1691   14.7754
    0.0000   75.0000   45.0000 1891.5658   14.6199
    7.5000   75.0000   45.0000 1885.8363   14.7191
   -7.5000   82.5000   45.0000 1769.3433   16.2947
    0.0000   82.5000   45.0000 1775.0303   16.0742
    7.5000   82.5000   45.0000 1770.3406   16.2116

---------------------------------------------------------------------
imgreg_4dfp /opt/freesurfer/average/711-2C_as_mni_average_305 /opt/freesurfer/average/711-2B_as_mni_average_305_mask talsrcimg_g11 none talsrcimg_to_711-2C_as_mni_average_305_t4 1283
---------------------------------------------------------------------

freesurfer imgreg_4dfp.c
/opt/freesurfer/average/711-2C_as_mni_average_305.4dfp.img
       256       256       256         1
  1.000000  1.000000  1.000000
orientation T byte_order littleendian
Reading image: /opt/freesurfer/average/711-2C_as_mni_average_305.4dfp.img
dimensions:      256       256       256
mmppix:       1.0000   -1.0000   -1.0000
center:     128.0000 -129.0000 -129.0000
/opt/freesurfer/average/711-2B_as_mni_average_305_mask.4dfp.img
       256       256       256         1
  1.000000  1.000000  1.000000
orientation T byte_order littleendian
Reading mask: /opt/freesurfer/average/711-2B_as_mni_average_305_mask.4dfp.img (2306576 pixels)
talsrcimg_g11.4dfp.img
       256       256       256         1
  1.000000  1.000000  1.000000
orientation T byte_order littleendian
Reading image: talsrcimg_g11.4dfp.img
dimensions:      256       256       256
mmppix:       1.0000   -1.0000   -1.0000
center:     128.0000 -129.0000 -129.0000
rotation matrix determinant  1.000000
fimgreg.f
image alignment mode   1283 decimal      503 hex
parameters
    0.0000   37.5000   -7.5000    0.0000    0.0000    0.0000
eta,q 0.94524  8.81348
niter,ni,del,rscale     5    3   12.0000    1.2000
parameter  2  0.549254 ->  0.500000 qaram    1.1500
parameter  3 -0.607060 -> -0.500000 qaram    1.1500
parameter  5 -0.703835 -> -0.500000 qaram    1.1500
parameters
    0.9865   34.0500   -4.0500    0.1178    3.4500    0.3956
eta,q 0.94680  8.80161
  0.0693  0.0587  0.0634  0.0620  0.0648  0.0582
  0.0646  0.0571  0.0599  0.0577  0.0618  0.0559
  0.0619  0.0574  0.0582  0.0555  0.0588  0.0541
  0.0597  0.0592  0.0572  0.0559  0.0558  0.0533
  0.0592  0.0614  0.0562  0.0566  0.0535  0.0536
  0.0611  0.0646  0.0556  0.0584  0.0535  0.0551
  0.0650  0.0692  0.0562  0.0605  0.0546  0.0571
niter,ni,del,rscale     7    3   12.0000    1.2000
parameters
    0.2185   35.1283   -4.7918   -1.0714    4.4393    0.4703
eta,q 0.94805  8.79919
  0.0611  0.0704  0.0582  0.0572  0.0611  0.0574
  0.0573  0.0622  0.0557  0.0531  0.0574  0.0549
  0.0536  0.0563  0.0537  0.0518  0.0539  0.0529
  0.0532  0.0529  0.0524  0.0526  0.0520  0.0520
  0.0563  0.0532  0.0530  0.0550  0.0526  0.0527
  0.0607  0.0573  0.0568  0.0580  0.0544  0.0547
  0.0658  0.0620  0.0632  0.0601  0.0574  0.0572
niter,ni,del,rscale     6    3   12.0000    1.2000
parameters
   -0.0099   35.6784   -4.8857   -1.4103    4.6479    0.4968
eta,q 0.94802  8.80762
  0.0622  0.0685  0.0586  0.0592  0.0600  0.0575
  0.0577  0.0608  0.0559  0.0549  0.0561  0.0549
  0.0533  0.0545  0.0536  0.0522  0.0529  0.0529
  0.0519  0.0519  0.0520  0.0521  0.0519  0.0520
  0.0543  0.0542  0.0521  0.0538  0.0532  0.0527
  0.0585  0.0587  0.0547  0.0569  0.0555  0.0549
  0.0638  0.0633  0.0605  0.0599  0.0589  0.0574
niter,ni,del,rscale     5    3   12.0000    1.2000
parameters
   -0.0179   35.9000   -4.9301   -1.5815    4.6490    0.5303
eta,q 0.94796  8.81192
  0.0630  0.0673  0.0588  0.0595  0.0597  0.0575
  0.0584  0.0596  0.0560  0.0555  0.0558  0.0550
  0.0537  0.0536  0.0536  0.0525  0.0527  0.0530
  0.0520  0.0520  0.0521  0.0521  0.0520  0.0520
  0.0540  0.0551  0.0522  0.0536  0.0535  0.0528
  0.0579  0.0597  0.0547  0.0565  0.0559  0.0549
  0.0633  0.0641  0.0604  0.0598  0.0594  0.0575
niter,ni,del,rscale     4    3   12.0000    1.2000
parameters
    0.0016   36.0030   -4.9499   -1.6891    4.6227    0.5640
eta,q 0.94793  8.81366
  0.0632  0.0669  0.0588  0.0596  0.0597  0.0575
  0.0586  0.0591  0.0560  0.0557  0.0558  0.0550
  0.0538  0.0532  0.0536  0.0526  0.0527  0.0530
  0.0520  0.0520  0.0521  0.0521  0.0521  0.0521
  0.0540  0.0555  0.0523  0.0535  0.0536  0.0528
  0.0579  0.0600  0.0547  0.0564  0.0560  0.0549
  0.0634  0.0644  0.0603  0.0597  0.0594  0.0575
niter,ni,del,rscale     3    3   12.0000    1.2000
parameters
    0.0171   36.0626   -4.9603   -1.7591    4.6017    0.5905
eta,q 0.94792  8.81459
  0.0633  0.0667  0.0588  0.0596  0.0597  0.0575
  0.0586  0.0589  0.0560  0.0558  0.0559  0.0550
  0.0538  0.0531  0.0536  0.0527  0.0528  0.0530
  0.0521  0.0521  0.0521  0.0521  0.0521  0.0521
  0.0540  0.0556  0.0523  0.0535  0.0536  0.0528
  0.0580  0.0600  0.0546  0.0562  0.0560  0.0549
  0.0634  0.0644  0.0602  0.0596  0.0595  0.0575
niter,ni,del,rscale     2    3   12.0000    1.2000
parameters
    0.0267   36.1013   -4.9660   -1.8062    4.5870    0.6086
eta,q 0.94791  8.81511
  0.0633  0.0666  0.0588  0.0596  0.0597  0.0575
  0.0586  0.0588  0.0560  0.0558  0.0559  0.0550
  0.0538  0.0530  0.0536  0.0528  0.0528  0.0530
  0.0521  0.0521  0.0521  0.0521  0.0521  0.0521
  0.0540  0.0557  0.0523  0.0535  0.0536  0.0528
  0.0580  0.0601  0.0546  0.0561  0.0560  0.0550
  0.0635  0.0644  0.0602  0.0595  0.0595  0.0575
registration optimization eta report
parameter search radius
    6.0000    6.9000    6.9000    6.0000    6.9000    6.0000
100000*second partial in parameter space
       30.       27.       15.       20.       15.       15.
  0.0633  0.0666  0.0588  0.0596  0.0597  0.0575
  0.0586  0.0588  0.0560  0.0558  0.0559  0.0550
  0.0538  0.0530  0.0536  0.0528  0.0528  0.0530
  0.0521  0.0521  0.0521  0.0521  0.0521  0.0521
  0.0540  0.0557  0.0523  0.0535  0.0536  0.0528
  0.0580  0.0601  0.0546  0.0561  0.0560  0.0550
  0.0635  0.0644  0.0602  0.0595  0.0595  0.0575
    0.0267   36.1013   -4.9660   -1.8062    4.5870    0.6086
eta,q 0.94791  8.81511

---------------------------------------------------------------------
imgreg_4dfp /opt/freesurfer/average/711-2C_as_mni_average_305 /opt/freesurfer/average/711-2B_as_mni_average_305_mask talsrcimg_g11 none talsrcimg_to_711-2C_as_mni_average_305_t4 3335
---------------------------------------------------------------------

freesurfer imgreg_4dfp.c
/opt/freesurfer/average/711-2C_as_mni_average_305.4dfp.img
       256       256       256         1
  1.000000  1.000000  1.000000
orientation T byte_order littleendian
Reading image: /opt/freesurfer/average/711-2C_as_mni_average_305.4dfp.img
dimensions:      256       256       256
mmppix:       1.0000   -1.0000   -1.0000
center:     128.0000 -129.0000 -129.0000
/opt/freesurfer/average/711-2B_as_mni_average_305_mask.4dfp.img
       256       256       256         1
  1.000000  1.000000  1.000000
orientation T byte_order littleendian
Reading mask: /opt/freesurfer/average/711-2B_as_mni_average_305_mask.4dfp.img (2306576 pixels)
talsrcimg_g11.4dfp.img
       256       256       256         1
  1.000000  1.000000  1.000000
orientation T byte_order littleendian
Reading image: talsrcimg_g11.4dfp.img
dimensions:      256       256       256
mmppix:       1.0000   -1.0000   -1.0000
center:     128.0000 -129.0000 -129.0000
fimgreg.f
image alignment mode   3335 decimal      D07 hex
parameters
    0.0267   36.1013   -4.9660   -0.3259   -0.0526   -0.3698
   -0.8096   -8.0263    1.0588    3.0667    7.9973   -3.1417
eta,q 0.94889  8.82189
niter,ni,del,rscale     5    3    5.0000    1.2000
parameter  4  2.269711 ->  0.500000 qaram    1.1500
parameter  5  1.712806 ->  0.500000 qaram    1.1500
parameter  6  0.661564 ->  0.500000 qaram    1.1500
parameter 10  0.687003 ->  0.500000 qaram    1.1500
parameter 12  0.819907 ->  0.500000 qaram    1.1500
parameters
   -0.0550   35.8338   -5.7327   -4.4659   -4.1926   -4.5098
   -1.4865   -6.0957   -0.1675   -1.0733    5.3287   -7.2817
eta,q 0.96077  8.39002
  0.0527  0.0523  0.0516  0.0447  0.0409  0.0414  0.0434  0.0465  0.0422  0.0405  0.0403  0.0393
  0.0518  0.0516  0.0511  0.0462  0.0421  0.0416  0.0423  0.0446  0.0416  0.0401  0.0400  0.0392
  0.0512  0.0512  0.0510  0.0486  0.0439  0.0417  0.0417  0.0428  0.0413  0.0404  0.0399  0.0394
  0.0511  0.0511  0.0511  0.0510  0.0468  0.0425  0.0416  0.0416  0.0413  0.0412  0.0401  0.0399
  0.0514  0.0514  0.0515  0.0535  0.0501  0.0444  0.0420  0.0413  0.0416  0.0428  0.0404  0.0407
  0.0519  0.0520  0.0523  0.0567  0.0535  0.0478  0.0429  0.0420  0.0422  0.0449  0.0410  0.0416
  0.0529  0.0531  0.0533  0.0606  0.0575  0.0509  0.0442  0.0433  0.0432  0.0470  0.0418  0.0427
niter,ni,del,rscale     7    3    5.0000    1.2000
parameter  4  0.502750 ->  0.500000 qaram    1.3225
parameter  5  0.528527 ->  0.500000 qaram    1.3225
parameters
    0.2773   36.1249   -6.8605   -9.2269   -8.9536   -4.3551
    0.1153   -4.9299    0.8373    1.6619    4.9722   -9.6729
eta,q 0.96350  8.03982
  0.0429  0.0421  0.0392  0.0391  0.0377  0.0385  0.0400  0.0409  0.0389  0.0413  0.0377  0.0374
  0.0412  0.0407  0.0389  0.0382  0.0373  0.0380  0.0388  0.0392  0.0380  0.0394  0.0371  0.0367
  0.0399  0.0396  0.0389  0.0380  0.0374  0.0377  0.0378  0.0379  0.0374  0.0379  0.0368  0.0365
  0.0392  0.0392  0.0391  0.0389  0.0381  0.0373  0.0373  0.0372  0.0370  0.0370  0.0367  0.0367
  0.0393  0.0392  0.0396  0.0411  0.0398  0.0369  0.0372  0.0371  0.0370  0.0367  0.0369  0.0372
  0.0400  0.0399  0.0402  0.0435  0.0425  0.0370  0.0376  0.0378  0.0374  0.0370  0.0373  0.0380
  0.0414  0.0410  0.0410  0.0467  0.0463  0.0393  0.0384  0.0392  0.0381  0.0379  0.0379  0.0390
niter,ni,del,rscale     7    3    5.0000    1.2000
parameters
    0.3321   36.8664   -7.2273   -9.2240  -10.7446   -4.5588
   -0.1029   -5.1544    1.1281    4.6325    4.9691  -10.9319
eta,q 0.96412  7.96302
  0.0393  0.0396  0.0372  0.0400  0.0381  0.0379  0.0382  0.0391  0.0377  0.0399  0.0372  0.0371
  0.0377  0.0381  0.0366  0.0386  0.0372  0.0373  0.0372  0.0377  0.0370  0.0384  0.0366  0.0363
  0.0368  0.0371  0.0363  0.0372  0.0365  0.0370  0.0366  0.0367  0.0366  0.0373  0.0361  0.0359
  0.0365  0.0365  0.0363  0.0363  0.0363  0.0363  0.0364  0.0364  0.0364  0.0364  0.0359  0.0359
  0.0368  0.0364  0.0367  0.0362  0.0368  0.0361  0.0367  0.0367  0.0365  0.0360  0.0361  0.0364
  0.0376  0.0366  0.0372  0.0381  0.0384  0.0365  0.0374  0.0378  0.0369  0.0362  0.0365  0.0371
  0.0390  0.0372  0.0378  0.0406  0.0414  0.0390  0.0384  0.0396  0.0376  0.0371  0.0372  0.0380
niter,ni,del,rscale     6    3    5.0000    1.2000
parameters
    0.2408   37.6685   -7.6448   -9.9708  -12.6046   -5.7777
    0.0731   -5.4356    0.9032    8.2695    5.4585  -11.5346
eta,q 0.96457  7.81098
  0.0383  0.0389  0.0366  0.0386  0.0373  0.0371  0.0379  0.0385  0.0372  0.0397  0.0368  0.0368
  0.0369  0.0375  0.0360  0.0374  0.0365  0.0367  0.0370  0.0372  0.0366  0.0384  0.0362  0.0360
  0.0361  0.0365  0.0357  0.0364  0.0359  0.0364  0.0364  0.0364  0.0362  0.0371  0.0357  0.0355
  0.0359  0.0359  0.0357  0.0356  0.0358  0.0358  0.0361  0.0361  0.0361  0.0361  0.0354  0.0354
  0.0363  0.0357  0.0361  0.0357  0.0362  0.0360  0.0363  0.0365  0.0362  0.0355  0.0355  0.0358
  0.0372  0.0359  0.0367  0.0378  0.0375  0.0368  0.0368  0.0374  0.0367  0.0356  0.0359  0.0364
  0.0386  0.0365  0.0374  0.0404  0.0401  0.0393  0.0377  0.0389  0.0374  0.0366  0.0365  0.0372
niter,ni,del,rscale     5    3    5.0000    1.2000
parameters
    0.1920   38.6847   -8.3986  -10.9672  -14.8386   -7.5618
   -0.1727   -5.1749   -0.1252   10.2382    6.3676  -11.3422
eta,q 0.96489  7.60930
  0.0376  0.0388  0.0356  0.0372  0.0364  0.0361  0.0368  0.0381  0.0365  0.0392  0.0363  0.0365
  0.0364  0.0373  0.0351  0.0362  0.0355  0.0357  0.0361  0.0368  0.0359  0.0377  0.0357  0.0358
  0.0357  0.0362  0.0349  0.0354  0.0351  0.0356  0.0356  0.0358  0.0355  0.0364  0.0353  0.0353
  0.0354  0.0354  0.0351  0.0349  0.0351  0.0350  0.0354  0.0354  0.0354  0.0354  0.0351  0.0351
  0.0357  0.0351  0.0356  0.0349  0.0357  0.0353  0.0356  0.0357  0.0357  0.0351  0.0351  0.0353
  0.0365  0.0352  0.0362  0.0366  0.0370  0.0364  0.0362  0.0365  0.0364  0.0357  0.0354  0.0357
  0.0378  0.0357  0.0369  0.0394  0.0393  0.0391  0.0371  0.0378  0.0373  0.0370  0.0358  0.0364
niter,ni,del,rscale     4    3    5.0000    1.2000
parameters
    0.3065   39.1250   -8.9589  -11.4558  -15.6872   -8.9212
   -0.3919   -4.8305   -0.7324   10.9289    7.1765  -10.6910
eta,q 0.96484  7.51124
  0.0371  0.0376  0.0355  0.0371  0.0371  0.0359  0.0366  0.0379  0.0365  0.0383  0.0361  0.0366
  0.0361  0.0363  0.0351  0.0360  0.0360  0.0354  0.0359  0.0365  0.0358  0.0369  0.0356  0.0359
  0.0354  0.0355  0.0350  0.0353  0.0352  0.0353  0.0354  0.0356  0.0353  0.0358  0.0353  0.0354
  0.0351  0.0351  0.0351  0.0350  0.0350  0.0350  0.0352  0.0352  0.0352  0.0352  0.0352  0.0352
  0.0352  0.0351  0.0353  0.0347  0.0354  0.0348  0.0354  0.0354  0.0355  0.0353  0.0352  0.0353
  0.0358  0.0355  0.0357  0.0357  0.0364  0.0356  0.0360  0.0362  0.0361  0.0361  0.0354  0.0356
  0.0368  0.0362  0.0362  0.0384  0.0382  0.0380  0.0368  0.0375  0.0370  0.0376  0.0358  0.0362
niter,ni,del,rscale     3    3    5.0000    1.2000
parameters
    0.4035   39.3811   -9.0435  -11.5545  -16.2080   -9.4558
   -0.5640   -4.6368   -1.0327   11.2107    7.6052  -10.1463
eta,q 0.96486  7.47421
  0.0370  0.0372  0.0358  0.0372  0.0373  0.0359  0.0366  0.0377  0.0366  0.0379  0.0359  0.0365
  0.0361  0.0361  0.0354  0.0361  0.0362  0.0354  0.0358  0.0364  0.0358  0.0365  0.0355  0.0358
  0.0355  0.0354  0.0352  0.0354  0.0354  0.0351  0.0353  0.0355  0.0353  0.0356  0.0353  0.0353
  0.0352  0.0352  0.0351  0.0351  0.0351  0.0352  0.0352  0.0352  0.0352  0.0352  0.0352  0.0351
  0.0352  0.0353  0.0352  0.0349  0.0354  0.0348  0.0354  0.0354  0.0354  0.0354  0.0352  0.0352
  0.0358  0.0357  0.0355  0.0355  0.0364  0.0352  0.0359  0.0361  0.0360  0.0362  0.0354  0.0356
  0.0368  0.0365  0.0358  0.0379  0.0380  0.0367  0.0367  0.0375  0.0368  0.0377  0.0358  0.0362
niter,ni,del,rscale     2    3    5.0000    1.2000
parameters
    0.4389   39.4831   -9.0093  -11.6131  -16.5306   -9.6462
   -0.6426   -4.5548   -1.1606   11.2981    7.8337   -9.8128
eta,q 0.96486  7.45559
  0.0368  0.0369  0.0358  0.0372  0.0374  0.0359  0.0367  0.0376  0.0366  0.0377  0.0358  0.0364
  0.0360  0.0359  0.0354  0.0361  0.0363  0.0354  0.0358  0.0363  0.0358  0.0364  0.0355  0.0357
  0.0354  0.0353  0.0352  0.0353  0.0355  0.0351  0.0353  0.0354  0.0353  0.0355  0.0353  0.0353
  0.0351  0.0351  0.0351  0.0351  0.0351  0.0352  0.0352  0.0351  0.0351  0.0351  0.0351  0.0351
  0.0352  0.0353  0.0352  0.0350  0.0354  0.0349  0.0354  0.0353  0.0353  0.0354  0.0352  0.0353
  0.0358  0.0358  0.0354  0.0355  0.0363  0.0351  0.0359  0.0362  0.0359  0.0362  0.0354  0.0356
  0.0368  0.0366  0.0358  0.0378  0.0379  0.0363  0.0367  0.0375  0.0367  0.0377  0.0358  0.0362
niter,ni,del,rscale     1    3    5.0000    1.2000
parameters
    0.4493   39.5111   -8.9814  -11.6289  -16.6784   -9.7908
   -0.6837   -4.5260   -1.2152   11.3083    7.9296   -9.5992
eta,q 0.96486  7.44592
  0.0368  0.0368  0.0358  0.0372  0.0374  0.0359  0.0367  0.0375  0.0366  0.0376  0.0358  0.0363
  0.0359  0.0358  0.0354  0.0361  0.0363  0.0354  0.0358  0.0363  0.0358  0.0363  0.0355  0.0357
  0.0354  0.0353  0.0352  0.0353  0.0355  0.0351  0.0353  0.0354  0.0353  0.0355  0.0352  0.0353
  0.0351  0.0351  0.0351  0.0351  0.0351  0.0351  0.0351  0.0351  0.0351  0.0351  0.0351  0.0351
  0.0353  0.0353  0.0352  0.0350  0.0353  0.0349  0.0353  0.0353  0.0353  0.0354  0.0352  0.0353
  0.0358  0.0359  0.0354  0.0355  0.0362  0.0351  0.0359  0.0362  0.0359  0.0363  0.0354  0.0356
  0.0369  0.0366  0.0358  0.0377  0.0378  0.0363  0.0367  0.0375  0.0367  0.0377  0.0358  0.0362
registration optimization eta report
parameter search radius
    2.4000    2.4000    2.4000    9.5220    9.5220    8.2800
    7.2000    7.2000    7.2000    8.2800    7.2000    8.2800
100000*second partial in parameter space
       30.       27.       11.        3.        3.        2.
        3.        5.        3.        4.        1.        2.
  0.0368  0.0368  0.0358  0.0372  0.0374  0.0359  0.0367  0.0375  0.0366  0.0376  0.0358  0.0363
  0.0359  0.0358  0.0354  0.0361  0.0363  0.0354  0.0358  0.0363  0.0358  0.0363  0.0355  0.0357
  0.0354  0.0353  0.0352  0.0353  0.0355  0.0351  0.0353  0.0354  0.0353  0.0355  0.0352  0.0353
  0.0351  0.0351  0.0351  0.0351  0.0351  0.0351  0.0351  0.0351  0.0351  0.0351  0.0351  0.0351
  0.0353  0.0353  0.0352  0.0350  0.0353  0.0349  0.0353  0.0353  0.0353  0.0354  0.0352  0.0353
  0.0358  0.0359  0.0354  0.0355  0.0362  0.0351  0.0359  0.0362  0.0359  0.0363  0.0354  0.0356
  0.0369  0.0366  0.0358  0.0377  0.0378  0.0363  0.0367  0.0375  0.0367  0.0377  0.0358  0.0362
    0.4493   39.5111   -8.9814  -11.6289  -16.6784   -9.7908
   -0.6837   -4.5260   -1.2152   11.3083    7.9296   -9.5992
eta,q 0.96486  7.44592

---------------------------------------------------------------------
imgreg_4dfp /opt/freesurfer/average/711-2C_as_mni_average_305 /opt/freesurfer/average/711-2B_as_mni_average_305_mask talsrcimg_g11 none talsrcimg_to_711-2C_as_mni_average_305_t4 2311
---------------------------------------------------------------------

freesurfer imgreg_4dfp.c
/opt/freesurfer/average/711-2C_as_mni_average_305.4dfp.img
       256       256       256         1
  1.000000  1.000000  1.000000
orientation T byte_order littleendian
Reading image: /opt/freesurfer/average/711-2C_as_mni_average_305.4dfp.img
dimensions:      256       256       256
mmppix:       1.0000   -1.0000   -1.0000
center:     128.0000 -129.0000 -129.0000
/opt/freesurfer/average/711-2B_as_mni_average_305_mask.4dfp.img
       256       256       256         1
  1.000000  1.000000  1.000000
orientation T byte_order littleendian
Reading mask: /opt/freesurfer/average/711-2B_as_mni_average_305_mask.4dfp.img (2306576 pixels)
talsrcimg_g11.4dfp.img
       256       256       256         1
  1.000000  1.000000  1.000000
orientation T byte_order littleendian
Reading image: talsrcimg_g11.4dfp.img
dimensions:      256       256       256
mmppix:       1.0000   -1.0000   -1.0000
center:     128.0000 -129.0000 -129.0000
fimgreg.f
image alignment mode   2311 decimal      907 hex
parameters
    0.4493   39.5111   -8.9814  -11.6289  -16.6784   -9.7908
   -0.6837   -4.5260   -1.2152   11.3083    7.9296   -9.5992
eta,q 0.96486  7.44592
niter,ni,del,rscale     5    3    5.0000    0.8000
parameter  4 -0.597597 -> -0.500000 qaram    1.1500
parameters
    0.5194   39.4674   -8.9110   -8.8689  -16.0160   -8.6718
   -0.7411   -4.3825   -0.9497   10.7524    6.4161  -10.7463
eta,q 0.96505  7.61318
  0.0359  0.0358  0.0354  0.0357  0.0358  0.0353  0.0357  0.0365  0.0358  0.0358  0.0352  0.0352
  0.0355  0.0354  0.0353  0.0353  0.0354  0.0351  0.0354  0.0357  0.0354  0.0353  0.0350  0.0350
  0.0353  0.0352  0.0352  0.0352  0.0352  0.0350  0.0351  0.0352  0.0352  0.0351  0.0350  0.0350
  0.0351  0.0351  0.0351  0.0351  0.0350  0.0350  0.0351  0.0350  0.0350  0.0350  0.0350  0.0350
  0.0352  0.0352  0.0352  0.0351  0.0350  0.0350  0.0351  0.0352  0.0351  0.0353  0.0352  0.0351
  0.0354  0.0355  0.0352  0.0350  0.0352  0.0349  0.0354  0.0356  0.0353  0.0357  0.0354  0.0353
  0.0358  0.0359  0.0354  0.0350  0.0355  0.0351  0.0358  0.0363  0.0357  0.0363  0.0357  0.0356
niter,ni,del,rscale     5    3    5.0000    0.8000
parameters
    0.3116   39.4199   -8.9015  -10.0052  -15.5872   -6.9225
   -0.5217   -4.8451   -0.3138   10.7673    6.3010  -12.1319
eta,q 0.96523  7.64911
  0.0356  0.0356  0.0352  0.0353  0.0358  0.0353  0.0355  0.0360  0.0357  0.0360  0.0353  0.0350
  0.0352  0.0352  0.0351  0.0352  0.0354  0.0351  0.0351  0.0353  0.0353  0.0353  0.0350  0.0348
  0.0350  0.0350  0.0350  0.0351  0.0352  0.0351  0.0349  0.0349  0.0350  0.0349  0.0348  0.0348
  0.0349  0.0349  0.0349  0.0349  0.0351  0.0351  0.0348  0.0348  0.0348  0.0348  0.0348  0.0348
  0.0351  0.0350  0.0350  0.0349  0.0351  0.0349  0.0349  0.0351  0.0348  0.0349  0.0349  0.0349
  0.0355  0.0353  0.0351  0.0354  0.0352  0.0348  0.0351  0.0357  0.0350  0.0353  0.0351  0.0352
  0.0360  0.0357  0.0352  0.0367  0.0356  0.0351  0.0354  0.0365  0.0353  0.0360  0.0353  0.0355
niter,ni,del,rscale     4    3    5.0000    0.7000
parameters
    0.4440   39.3528   -8.9851   -9.8877  -15.2206   -6.8050
   -0.2511   -4.8477   -0.1485   10.8766    6.0062  -12.6647
eta,q 0.96528  7.67735
  0.0355  0.0353  0.0351  0.0352  0.0353  0.0352  0.0353  0.0359  0.0353  0.0357  0.0351  0.0350
  0.0351  0.0350  0.0349  0.0350  0.0350  0.0351  0.0350  0.0353  0.0350  0.0352  0.0349  0.0348
  0.0349  0.0348  0.0348  0.0349  0.0348  0.0350  0.0348  0.0349  0.0348  0.0348  0.0347  0.0347
  0.0348  0.0348  0.0348  0.0348  0.0348  0.0347  0.0347  0.0347  0.0347  0.0347  0.0347  0.0347
  0.0348  0.0349  0.0348  0.0347  0.0348  0.0346  0.0347  0.0349  0.0348  0.0348  0.0348  0.0348
  0.0350  0.0351  0.0350  0.0347  0.0349  0.0349  0.0349  0.0353  0.0349  0.0351  0.0349  0.0349
  0.0353  0.0354  0.0352  0.0353  0.0351  0.0353  0.0352  0.0359  0.0352  0.0356  0.0352  0.0352
niter,ni,del,rscale     3    3    5.0000    0.6000
parameters
    0.4118   39.3796   -8.9925   -9.2138  -14.9291   -6.5526
   -0.2120   -4.7823    0.0173   10.7613    5.6056  -13.0929
eta,q 0.96540  7.73177
  0.0351  0.0352  0.0350  0.0351  0.0350  0.0351  0.0350  0.0356  0.0351  0.0353  0.0349  0.0348
  0.0349  0.0349  0.0348  0.0349  0.0348  0.0350  0.0348  0.0351  0.0348  0.0349  0.0347  0.0347
  0.0347  0.0348  0.0347  0.0348  0.0347  0.0349  0.0347  0.0347  0.0347  0.0347  0.0346  0.0346
  0.0347  0.0347  0.0347  0.0347  0.0347  0.0346  0.0346  0.0346  0.0346  0.0346  0.0346  0.0346
  0.0348  0.0348  0.0347  0.0346  0.0347  0.0346  0.0346  0.0347  0.0346  0.0347  0.0347  0.0347
  0.0349  0.0349  0.0348  0.0346  0.0347  0.0348  0.0348  0.0350  0.0348  0.0349  0.0348  0.0348
  0.0352  0.0351  0.0350  0.0350  0.0349  0.0351  0.0350  0.0355  0.0350  0.0353  0.0350  0.0349
niter,ni,del,rscale     2    3    5.0000    0.5000
parameters
    0.3044   39.4052   -8.9133   -8.7914  -14.6284   -6.1603
   -0.2136   -4.7834    0.1503   10.6419    5.3853  -13.4872
eta,q 0.96551  7.78252
  0.0349  0.0349  0.0349  0.0349  0.0348  0.0350  0.0348  0.0352  0.0348  0.0349  0.0347  0.0346
  0.0347  0.0347  0.0347  0.0348  0.0347  0.0349  0.0346  0.0348  0.0346  0.0347  0.0346  0.0345
  0.0346  0.0346  0.0346  0.0347  0.0346  0.0347  0.0345  0.0346  0.0345  0.0345  0.0345  0.0345
  0.0346  0.0346  0.0346  0.0346  0.0345  0.0345  0.0345  0.0345  0.0345  0.0345  0.0345  0.0345
  0.0347  0.0346  0.0346  0.0345  0.0346  0.0345  0.0345  0.0346  0.0345  0.0346  0.0345  0.0345
  0.0348  0.0347  0.0347  0.0346  0.0346  0.0346  0.0346  0.0348  0.0346  0.0347  0.0346  0.0346
  0.0350  0.0349  0.0348  0.0349  0.0347  0.0349  0.0348  0.0352  0.0348  0.0350  0.0348  0.0347
niter,ni,del,rscale     1    3    5.0000    0.4000
parameters
    0.2290   39.4199   -8.7952   -8.4338  -14.4258   -5.8064
   -0.2214   -4.7831    0.1868   10.5640    5.2319  -13.7643
eta,q 0.96557  7.82349
  0.0347  0.0347  0.0347  0.0348  0.0346  0.0349  0.0346  0.0349  0.0346  0.0347  0.0346  0.0345
  0.0346  0.0346  0.0346  0.0347  0.0345  0.0347  0.0345  0.0346  0.0345  0.0346  0.0345  0.0345
  0.0345  0.0345  0.0345  0.0346  0.0345  0.0346  0.0345  0.0345  0.0345  0.0345  0.0344  0.0344
  0.0345  0.0345  0.0345  0.0345  0.0345  0.0345  0.0344  0.0344  0.0344  0.0344  0.0344  0.0344
  0.0345  0.0345  0.0345  0.0344  0.0345  0.0344  0.0345  0.0345  0.0344  0.0345  0.0345  0.0345
  0.0346  0.0346  0.0345  0.0345  0.0345  0.0345  0.0345  0.0346  0.0345  0.0346  0.0345  0.0345
  0.0348  0.0347  0.0346  0.0348  0.0346  0.0347  0.0346  0.0349  0.0346  0.0348  0.0346  0.0346
registration optimization eta report
parameter search radius
    0.8000    0.8000    0.8000    2.7600    2.4000    2.4000
    2.4000    2.4000    2.4000    2.4000    2.4000    2.4000
100000*second partial in parameter space
       39.       31.       24.        4.        2.        6.
        4.        8.        3.        5.        3.        2.
  0.0347  0.0347  0.0347  0.0348  0.0346  0.0349  0.0346  0.0349  0.0346  0.0347  0.0346  0.0345
  0.0346  0.0346  0.0346  0.0347  0.0345  0.0347  0.0345  0.0346  0.0345  0.0346  0.0345  0.0345
  0.0345  0.0345  0.0345  0.0346  0.0345  0.0346  0.0345  0.0345  0.0345  0.0345  0.0344  0.0344
  0.0345  0.0345  0.0345  0.0345  0.0345  0.0345  0.0344  0.0344  0.0344  0.0344  0.0344  0.0344
  0.0345  0.0345  0.0345  0.0344  0.0345  0.0344  0.0345  0.0345  0.0344  0.0345  0.0345  0.0345
  0.0346  0.0346  0.0345  0.0345  0.0345  0.0345  0.0345  0.0346  0.0345  0.0346  0.0345  0.0345
  0.0348  0.0347  0.0346  0.0348  0.0346  0.0347  0.0346  0.0349  0.0346  0.0348  0.0346  0.0346
    0.2290   39.4199   -8.7952   -8.4338  -14.4258   -5.8064
   -0.2214   -4.7831    0.1868   10.5640    5.2319  -13.7643
eta,q 0.96557  7.82349

---------------------------------------------------------------------
imgreg_4dfp /opt/freesurfer/average/711-2C_as_mni_average_305 /opt/freesurfer/average/711-2B_as_mni_average_305_mask talsrcimg_g11 none talsrcimg_to_711-2C_as_mni_average_305_t4 2311
---------------------------------------------------------------------

freesurfer imgreg_4dfp.c
/opt/freesurfer/average/711-2C_as_mni_average_305.4dfp.img
       256       256       256         1
  1.000000  1.000000  1.000000
orientation T byte_order littleendian
Reading image: /opt/freesurfer/average/711-2C_as_mni_average_305.4dfp.img
dimensions:      256       256       256
mmppix:       1.0000   -1.0000   -1.0000
center:     128.0000 -129.0000 -129.0000
/opt/freesurfer/average/711-2B_as_mni_average_305_mask.4dfp.img
       256       256       256         1
  1.000000  1.000000  1.000000
orientation T byte_order littleendian
Reading mask: /opt/freesurfer/average/711-2B_as_mni_average_305_mask.4dfp.img (2306576 pixels)
talsrcimg_g11.4dfp.img
       256       256       256         1
  1.000000  1.000000  1.000000
orientation T byte_order littleendian
Reading image: talsrcimg_g11.4dfp.img
dimensions:      256       256       256
mmppix:       1.0000   -1.0000   -1.0000
center:     128.0000 -129.0000 -129.0000
fimgreg.f
image alignment mode   2311 decimal      907 hex
parameters
    0.2290   39.4199   -8.7952   -8.4338  -14.4258   -5.8064
   -0.2214   -4.7831    0.1868   10.5640    5.2319  -13.7643
eta,q 0.96557  7.82349
niter,ni,del,rscale     5    3    5.0000    0.8000
parameters
    0.2441   39.4473   -8.6663   -9.3649  -14.6915   -6.0941
   -0.1725   -4.8899    0.3156   11.0022    5.4176  -13.3531
eta,q 0.96546  7.76365
  0.0356  0.0353  0.0352  0.0350  0.0350  0.0353  0.0353  0.0360  0.0353  0.0360  0.0352  0.0351
  0.0349  0.0348  0.0348  0.0348  0.0347  0.0351  0.0349  0.0353  0.0349  0.0353  0.0348  0.0348
  0.0345  0.0345  0.0345  0.0346  0.0346  0.0349  0.0347  0.0347  0.0347  0.0348  0.0346  0.0346
  0.0344  0.0344  0.0344  0.0344  0.0345  0.0345  0.0346  0.0346  0.0346  0.0346  0.0345  0.0345
  0.0346  0.0345  0.0345  0.0345  0.0346  0.0346  0.0346  0.0348  0.0346  0.0346  0.0346  0.0346
  0.0349  0.0348  0.0347  0.0351  0.0348  0.0350  0.0349  0.0353  0.0349  0.0350  0.0348  0.0347
  0.0355  0.0352  0.0350  0.0362  0.0352  0.0357  0.0353  0.0362  0.0352  0.0356  0.0351  0.0349
niter,ni,del,rscale     4    3    5.0000    0.7000
parameters
    0.2988   39.3847   -8.7350   -9.3810  -14.8833   -6.1820
   -0.2030   -4.8771    0.2418   10.9103    5.5051  -13.1764
eta,q 0.96544  7.74572
  0.0353  0.0351  0.0350  0.0350  0.0349  0.0352  0.0351  0.0358  0.0351  0.0355  0.0350  0.0349
  0.0349  0.0348  0.0347  0.0348  0.0347  0.0351  0.0348  0.0351  0.0348  0.0350  0.0348  0.0347
  0.0346  0.0346  0.0346  0.0347  0.0346  0.0348  0.0346  0.0347  0.0346  0.0346  0.0346  0.0346
  0.0345  0.0345  0.0345  0.0345  0.0345  0.0345  0.0346  0.0346  0.0346  0.0346  0.0346  0.0346
  0.0346  0.0346  0.0346  0.0345  0.0346  0.0346  0.0346  0.0347  0.0346  0.0347  0.0346  0.0346
  0.0348  0.0349  0.0348  0.0346  0.0347  0.0349  0.0348  0.0351  0.0348  0.0350  0.0347  0.0347
  0.0352  0.0352  0.0350  0.0352  0.0350  0.0354  0.0351  0.0358  0.0351  0.0356  0.0350  0.0349
niter,ni,del,rscale     3    3    5.0000    0.6000
parameters
    0.3082   39.3777   -8.7611   -8.9791  -14.7925   -6.1184
   -0.2085   -4.8253    0.2045   10.7437    5.4217  -13.2954
eta,q 0.96550  7.76824
  0.0351  0.0350  0.0349  0.0349  0.0348  0.0351  0.0349  0.0355  0.0349  0.0351  0.0348  0.0348
  0.0348  0.0347  0.0347  0.0348  0.0347  0.0349  0.0347  0.0350  0.0347  0.0348  0.0346  0.0346
  0.0346  0.0346  0.0346  0.0347  0.0346  0.0347  0.0346  0.0346  0.0346  0.0346  0.0345  0.0345
  0.0346  0.0346  0.0346  0.0346  0.0345  0.0345  0.0345  0.0345  0.0345  0.0345  0.0345  0.0345
  0.0346  0.0346  0.0346  0.0345  0.0345  0.0345  0.0346  0.0346  0.0346  0.0346  0.0346  0.0345
  0.0348  0.0348  0.0347  0.0345  0.0346  0.0348  0.0347  0.0349  0.0347  0.0349  0.0347  0.0346
  0.0351  0.0350  0.0349  0.0349  0.0348  0.0352  0.0349  0.0354  0.0349  0.0353  0.0349  0.0348
niter,ni,del,rscale     2    3    5.0000    0.5000
parameters
    0.2486   39.3952   -8.7460   -8.5907  -14.6376   -5.9123
   -0.2363   -4.8138    0.2128   10.6184    5.3116  -13.5197
eta,q 0.96555  7.80071
  0.0348  0.0348  0.0348  0.0348  0.0347  0.0350  0.0348  0.0351  0.0347  0.0349  0.0347  0.0346
  0.0346  0.0346  0.0346  0.0347  0.0346  0.0348  0.0346  0.0348  0.0346  0.0346  0.0345  0.0345
  0.0345  0.0345  0.0345  0.0346  0.0345  0.0346  0.0345  0.0345  0.0345  0.0345  0.0345  0.0345
  0.0345  0.0345  0.0345  0.0345  0.0345  0.0345  0.0344  0.0344  0.0344  0.0344  0.0345  0.0344
  0.0346  0.0345  0.0345  0.0344  0.0345  0.0345  0.0345  0.0345  0.0345  0.0345  0.0345  0.0345
  0.0347  0.0346  0.0346  0.0345  0.0345  0.0346  0.0346  0.0347  0.0346  0.0347  0.0346  0.0345
  0.0349  0.0348  0.0347  0.0348  0.0347  0.0349  0.0348  0.0351  0.0347  0.0350  0.0347  0.0347
niter,ni,del,rscale     1    3    5.0000    0.4000
parameters
    0.1973   39.4070   -8.6874   -8.3370  -14.4576   -5.6698
   -0.2066   -4.8144    0.1837   10.5506    5.2322  -13.7401
eta,q 0.96559  7.83127
  0.0347  0.0346  0.0346  0.0347  0.0346  0.0349  0.0346  0.0349  0.0346  0.0347  0.0346  0.0345
  0.0345  0.0345  0.0345  0.0346  0.0345  0.0347  0.0345  0.0346  0.0345  0.0345  0.0345  0.0344
  0.0345  0.0345  0.0345  0.0345  0.0345  0.0345  0.0344  0.0345  0.0344  0.0344  0.0344  0.0344
  0.0344  0.0344  0.0344  0.0344  0.0344  0.0344  0.0344  0.0344  0.0344  0.0344  0.0344  0.0344
  0.0345  0.0345  0.0345  0.0344  0.0344  0.0344  0.0344  0.0345  0.0344  0.0344  0.0344  0.0344
  0.0346  0.0345  0.0345  0.0345  0.0345  0.0346  0.0345  0.0346  0.0345  0.0346  0.0345  0.0345
  0.0347  0.0346  0.0346  0.0347  0.0345  0.0348  0.0346  0.0349  0.0346  0.0347  0.0346  0.0345
registration optimization eta report
parameter search radius
    0.8000    0.8000    0.8000    2.4000    2.4000    2.4000
    2.4000    2.4000    2.4000    2.4000    2.4000    2.4000
100000*second partial in parameter space
       41.       30.       25.        5.        2.        6.
        4.        8.        3.        5.        3.        2.
  0.0347  0.0346  0.0346  0.0347  0.0346  0.0349  0.0346  0.0349  0.0346  0.0347  0.0346  0.0345
  0.0345  0.0345  0.0345  0.0346  0.0345  0.0347  0.0345  0.0346  0.0345  0.0345  0.0345  0.0344
  0.0345  0.0345  0.0345  0.0345  0.0345  0.0345  0.0344  0.0345  0.0344  0.0344  0.0344  0.0344
  0.0344  0.0344  0.0344  0.0344  0.0344  0.0344  0.0344  0.0344  0.0344  0.0344  0.0344  0.0344
  0.0345  0.0345  0.0345  0.0344  0.0344  0.0344  0.0344  0.0345  0.0344  0.0344  0.0344  0.0344
  0.0346  0.0345  0.0345  0.0345  0.0345  0.0346  0.0345  0.0346  0.0345  0.0346  0.0345  0.0345
  0.0347  0.0346  0.0346  0.0347  0.0345  0.0348  0.0346  0.0349  0.0346  0.0347  0.0346  0.0345
    0.1973   39.4070   -8.6874   -8.3370  -14.4576   -5.6698
   -0.2066   -4.8144    0.1837   10.5506    5.2322  -13.7401
eta,q 0.96559  7.83127

---------------------------------------------------------------------
compute_vox2vox talsrcimg talsrcimg_to_711-2C_as_mni_average_305_t4 /opt/freesurfer/average/711-2C_as_mni_average_305
---------------------------------------------------------------------

freesurfer compute_vox2vox.c
Reading: talsrcimg.4dfp.ifh
Reading: talsrcimg_to_711-2C_as_mni_average_305_t4
Reading: /opt/freesurfer/average/711-2C_as_mni_average_305.4dfp.ifh
Writing: talsrcimg_to_711-2C_as_mni_average_305_t4_vox2vox.txt

start time Mon Mar 9 21:23:10 CET 2026
end		time Mon Mar 9 21:23:24 CET 2026

mpr2mni305 success

avi2talxfm orig_nu.mgz /opt/freesurfer/average/mni305.cor.mgz talsrcimg_to_711-2C_as_mni_average_305_t4_vox2vox.txt transforms/talairach.auto.xfm
avi2talxfm done
mv -f /out/sourcedata/freesurfer/sub-v1s2x0051460_ses-1/mri/talsrcimg_to_711-2C_as_mni_average_305_t4_vox2vox.txt /out/sourcedata/freesurfer/sub-v1s2x0051460_ses-1/mri/transforms/talsrcimg_to_711-2C_as_mni_average_305_t4_vox2vox.txt
lta_convert --src orig_nu.mgz --trg /opt/freesurfer/average/mni305.cor.mgz --inxfm transforms/talairach.auto.xfm --outlta transforms/talairach.auto.xfm.lta --subject fsaverage
7.3.2

--src: orig_nu.mgz src image (geometry).
--trg: /opt/freesurfer/average/mni305.cor.mgz trg image (geometry).
--inmni: transforms/talairach.auto.xfm input MNI/XFM transform.
--outlta: transforms/talairach.auto.xfm.lta output LTA.
--s: fsaverage subject name
 LTA read, type : 1
 1.08783   0.05425   0.01134  -5.59442;
-0.05961   1.03842   0.16665  -64.19434;
 0.00502  -0.12819   1.14843  -15.65353;
 0.00000   0.00000   0.00000   1.00000;
setting subject to fsaverage
Writing  LTA to file transforms/talairach.auto.xfm.lta...
lta_convert successful.
 
 
Started at Mon Mar 9 21:23:09 CET 2026
Ended   at Mon Mar  9 21:23:25 CET 2026
talairach_avi done
