status file for recon-all
Wed Mar 11 23:33:18 CET 2026
#@# Tessellate rh Wed Mar 11 23:33:18 CET 2026
#@# Smooth1 rh Wed Mar 11 23:33:22 CET 2026
#@# Inflation1 rh Wed Mar 11 23:33:24 CET 2026
#@# QSphere rh Wed Mar 11 23:33:35 CET 2026
#@# Fix Topology rh Wed Mar 11 23:34:41 CET 2026
#@# Smooth2 rh Wed Mar 11 23:41:35 CET 2026
#@# Inflation2 rh Wed Mar 11 23:41:38 CET 2026
#@# Curv .H and .K rh Wed Mar 11 23:41:50 CET 2026
#@# Sphere rh Wed Mar 11 23:42:38 CET 2026
#@# Surf Reg rh Wed Mar 11 23:44:38 CET 2026
#@# Jacobian white rh Wed Mar 11 23:48:00 CET 2026
#@# AvgCurv rh Wed Mar 11 23:48:00 CET 2026
#@# Cortical Parc rh Wed Mar 11 23:48:01 CET 2026
#@# white curv rh Wed Mar 11 23:53:55 CET 2026
#@# white area rh Wed Mar 11 23:53:57 CET 2026
#@# pial curv rh Wed Mar 11 23:53:58 CET 2026
#@# pial area rh Wed Mar 11 23:54:00 CET 2026
#@# thickness rh Wed Mar 11 23:54:00 CET 2026
#@# area and vertex vol rh Wed Mar 11 23:54:32 CET 2026
#@# Curvature Stats rh Wed Mar 11 23:54:34 CET 2026
#@# Cortical Parc 2 rh Wed Mar 11 23:54:36 CET 2026
#@# Cortical Parc 3 rh Wed Mar 11 23:54:50 CET 2026
#@# WM/GM Contrast rh Wed Mar 11 23:55:00 CET 2026
recon-all -s sub-v1s2x0051491_ses-1 finished without error at Wed Mar 11 23:55:03 CET 2026



#New# invocation of recon-all 



status file for recon-all
Thu Mar 12 00:02:18 CET 2026
#@# white curv rh Thu Mar 12 00:02:18 CET 2026
#@# white area rh Thu Mar 12 00:02:18 CET 2026
#@# pial curv rh Thu Mar 12 00:02:18 CET 2026
#@# pial area rh Thu Mar 12 00:02:18 CET 2026
#@# thickness rh Thu Mar 12 00:02:18 CET 2026
#@# area and vertex vol rh Thu Mar 12 00:02:18 CET 2026
#@# Parcellation Stats rh Thu Mar 12 00:02:18 CET 2026
#@# Parcellation Stats 2 rh Thu Mar 12 00:02:37 CET 2026
#@# Parcellation Stats 3 rh Thu Mar 12 00:02:48 CET 2026
#@# BA_exvivo Labels rh Thu Mar 12 00:02:57 CET 2026
recon-all -s sub-v1s2x0051491_ses-1 finished without error at Thu Mar 12 00:05:31 CET 2026
