/out/sourcedata/freesurfer/sub-v1s2x0051469_ses-1/mri
/opt/freesurfer/bin/talairach_avi
--i orig_nu.mgz --xfm transforms/talairach.auto.xfm
talairach_avi 7.3.2
Linux dna060 5.14.0-427.37.1.el9_4.x86_64 #1 SMP PREEMPT_DYNAMIC Fri Sep 13 12:41:50 EDT 2024 x86_64 x86_64 x86_64 GNU/Linux
Mon Mar  9 21:36:03 CET 2026
mri_convert orig_nu.mgz talsrcimg.img 
reading from orig_nu.mgz...
TR=0.00, TE=0.00, TI=0.00, flip angle=0.00
i_ras = (-1, 0, 0)
j_ras = (0, 0, -1)
k_ras = (0, 1, 0)
writing to talsrcimg.img...
Analyze Output Matrix
-1.00000   0.00000   0.00000   128.14407;
 0.00000   0.00000   1.00000  -62.91525;
 0.00000  -1.00000   0.00000   117.11865;
 0.00000   0.00000   0.00000   1.00000;
--------------------
INFO: set hdr.hist.orient to -1
mpr2mni305 talsrcimg
Mon Mar  9 21:36:04 CET 2026
/opt/freesurfer/bin/mpr2mni305 talsrcimg
mpr2mni305 7.3.2
target=711-2C_as_mni_average_305

---------------------------------------------------------------------
analyzeto4dfp talsrcimg -O0 -y
---------------------------------------------------------------------

freesurfer ifh2hdr.c
Mon Mar  9 21:36:04 2026
Writing: talsrcimg.4dfp.hdr
freesurfer analyzeto4dfp.c
Reading: talsrcimg.hdr
header size 348 bytes
hdr.dime.datatype	offset=70	value=2
hdr.dime.bitpix		offset=72	value=8
hdr.hist.orient		offset=252	value=-1
dimensionality     4
dimensions       256       256       256         1
Reading: talsrcimg.img
Writing: talsrcimg.4dfp.img
Writing: talsrcimg.4dfp.ifh
ifh2hdr talsrcimg -r0to204
ori=2

---------------------------------------------------------------------
gauss_4dfp talsrcimg 1.1
---------------------------------------------------------------------

freesurfer gauss_4dfp.c
Reading: talsrcimg.4dfp.img
Writing: talsrcimg_g11.4dfp.img
image dimensions 256 256 256 padded to 288 288 288
processing volume 1freesurfer ifh2hdr.c
Mon Mar  9 21:36:05 2026
Writing: talsrcimg_g11.4dfp.hdr

Writing: talsrcimg_g11.4dfp.ifh
including: talsrcimg.4dfp.img.rec in talsrcimg_g11.4dfp.img.rec

---------------------------------------------------------------------
imgreg_4dfp /opt/freesurfer/average/711-2C_as_mni_average_305 none talsrcimg_g11 none talsrcimg_to_711-2C_as_mni_average_305_t4 4355
---------------------------------------------------------------------

freesurfer imgreg_4dfp.c
/opt/freesurfer/average/711-2C_as_mni_average_305.4dfp.img
       256       256       256         1
  1.000000  1.000000  1.000000
orientation T byte_order littleendian
Reading image: /opt/freesurfer/average/711-2C_as_mni_average_305.4dfp.img
dimensions:      256       256       256
mmppix:       1.0000   -1.0000   -1.0000
center:     128.0000 -129.0000 -129.0000
talsrcimg_g11.4dfp.img
       256       256       256         1
  1.000000  1.000000  1.000000
orientation T byte_order littleendian
Reading image: talsrcimg_g11.4dfp.img
dimensions:      256       256       256
mmppix:       1.0000   -1.0000   -1.0000
center:     128.0000 -129.0000 -129.0000
t4_read: open error in t4_sub.f l:  41 t4_file(1:l)talsrcimg_to_711-2C_as_mni_average_305_t4 
t4_read: transform initialized to I4
rotation matrix determinant  1.000000
image alignment mode   4355 decimal     1103 hex
   -7.5000  -45.0000  -45.0000 6498.7207   13.7332
    0.0000  -45.0000  -45.0000 6750.0112   13.7230
    7.5000  -45.0000  -45.0000 6427.9048   13.7406
   -7.5000  -37.5000  -45.0000 7086.5210   13.2568
    0.0000  -37.5000  -45.0000 7365.4434   13.2522
    7.5000  -37.5000  -45.0000 7004.9106   13.2732
   -7.5000  -30.0000  -45.0000 8007.2041   12.9428
    0.0000  -30.0000  -45.0000 8334.3760   12.9375
    7.5000  -30.0000  -45.0000 7905.3037   12.9588
   -7.5000  -22.5000  -45.0000 9034.8477   12.7505
    0.0000  -22.5000  -45.0000 9400.0605   12.7447
    7.5000  -22.5000  -45.0000 8922.4316   12.7635
   -7.5000  -15.0000  -45.000010088.1191   12.6078
    0.0000  -15.0000  -45.000010505.9736   12.6016
    7.5000  -15.0000  -45.0000 9976.7314   12.6172
   -7.5000   -7.5000  -45.000011160.6162   12.5503
    0.0000   -7.5000  -45.000011615.6465   12.5450
    7.5000   -7.5000  -45.000011052.6426   12.5602
   -7.5000    0.0000  -45.000012132.3154   12.5243
    0.0000    0.0000  -45.000012627.6143   12.5203
    7.5000    0.0000  -45.000012031.7051   12.5369
   -7.5000    7.5000  -45.000012149.5820   12.5236
    0.0000    7.5000  -45.000012644.2549   12.5198
    7.5000    7.5000  -45.000012041.5459   12.5382
   -7.5000   15.0000  -45.000012025.9893   12.5342
    0.0000   15.0000  -45.000012547.2148   12.5299
    7.5000   15.0000  -45.000011916.7998   12.5494
   -7.5000   22.5000  -45.000011863.7139   12.5446
    0.0000   22.5000  -45.000012379.9717   12.5393
    7.5000   22.5000  -45.000011765.3203   12.5573
   -7.5000   30.0000  -45.000011609.2920   12.3840
    0.0000   30.0000  -45.000012107.7197   12.3780
    7.5000   30.0000  -45.000011507.0156   12.3932
   -7.5000   37.5000  -45.000011545.8945   12.3703
    0.0000   37.5000  -45.000012017.1357   12.3651
    7.5000   37.5000  -45.000011425.5381   12.3800
   -7.5000   45.0000  -45.000011067.7246   12.0436
    0.0000   45.0000  -45.000011497.3154   12.0397
    7.5000   45.0000  -45.000010952.4678   12.0557
   -7.5000  -45.0000  -37.5000 6777.0845   13.7285
    0.0000  -45.0000  -37.5000 7043.0522   13.7193
    7.5000  -45.0000  -37.5000 6710.1597   13.7301
   -7.5000  -37.5000  -37.5000 7395.1460   13.2528
    0.0000  -37.5000  -37.5000 7694.7163   13.2450
    7.5000  -37.5000  -37.5000 7315.4775   13.2577
   -7.5000  -30.0000  -37.5000 8364.2061   12.9373
    0.0000  -30.0000  -37.5000 8713.0742   12.9260
    7.5000  -30.0000  -37.5000 8279.9746   12.9383
   -7.5000  -22.5000  -37.5000 9455.9023   12.7389
    0.0000  -22.5000  -37.5000 9852.1201   12.7289
    7.5000  -22.5000  -37.5000 9363.7334   12.7400
   -7.5000  -15.0000  -37.500010567.8057   12.5959
    0.0000  -15.0000  -37.500011021.7051   12.5892
    7.5000  -15.0000  -37.500010478.0850   12.5986
   -7.5000   -7.5000  -37.500011695.1123   12.5448
    0.0000   -7.5000  -37.500012191.6934   12.5407
    7.5000   -7.5000  -37.500011614.9219   12.5498
   -7.5000    0.0000  -37.500012727.3838   12.5239
    0.0000    0.0000  -37.500013261.0205   12.5201
    7.5000    0.0000  -37.500012628.5566   12.5297
   -7.5000    7.5000  -37.500012745.1621   12.5219
    0.0000    7.5000  -37.500013276.6953   12.5149
    7.5000    7.5000  -37.500012635.8828   12.5253
   -7.5000   15.0000  -37.500012613.7842   12.5274
    0.0000   15.0000  -37.500013158.6484   12.5175
    7.5000   15.0000  -37.500012498.5791   12.5285
   -7.5000   22.5000  -37.500012434.9268   12.5326
    0.0000   22.5000  -37.500012986.2148   12.5233
    7.5000   22.5000  -37.500012338.0498   12.5338
   -7.5000   30.0000  -37.500012153.9492   12.3720
    0.0000   30.0000  -37.500012697.8525   12.3655
    7.5000   30.0000  -37.500012062.8857   12.3747
   -7.5000   37.5000  -37.500012067.5674   12.3647
    0.0000   37.5000  -37.500012588.2373   12.3607
    7.5000   37.5000  -37.500011952.6855   12.3697
   -7.5000   45.0000  -37.500011537.7207   12.0433
    0.0000   45.0000  -37.500012009.0488   12.0395
    7.5000   45.0000  -37.500011423.6455   12.0488
   -7.5000  -45.0000  -30.0000 7161.8511   14.3198
    0.0000  -45.0000  -30.0000 7449.1841   14.3135
    7.5000  -45.0000  -30.0000 7102.4341   14.3167
   -7.5000  -37.5000  -30.0000 7835.0386   13.8230
    0.0000  -37.5000  -30.0000 8158.0356   13.8155
    7.5000  -37.5000  -30.0000 7775.0088   13.8214
   -7.5000  -30.0000  -30.0000 8895.4902   13.4921
    0.0000  -30.0000  -30.0000 9269.5107   13.4785
    7.5000  -30.0000  -30.0000 8826.3633   13.4827
   -7.5000  -22.5000  -30.000010079.6250   13.2813
    0.0000  -22.5000  -30.000010487.7207   13.2694
    7.5000  -22.5000  -30.0000 9988.5781   13.2717
   -7.5000  -15.0000  -30.000011248.2637   13.1318
    0.0000  -15.0000  -30.000011715.0625   13.1255
    7.5000  -15.0000  -30.000011161.7725   13.1268
   -7.5000   -7.5000  -30.000012437.8555   13.0833
    0.0000   -7.5000  -30.000012963.5039   13.0819
    7.5000   -7.5000  -30.000012372.3096   13.0842
   -7.5000    0.0000  -30.000013537.6543   13.0666
    0.0000    0.0000  -30.000014115.8809   13.0653
    7.5000    0.0000  -30.000013445.2998   13.0691
   -7.5000    7.5000  -30.000013568.6279   13.0641
    0.0000    7.5000  -30.000014144.3301   13.0572
    7.5000    7.5000  -30.000013471.2344   13.0612
   -7.5000   15.0000  -30.000013426.8906   13.0655
    0.0000   15.0000  -30.000014022.0059   13.0534
    7.5000   15.0000  -30.000013338.9727   13.0567
   -7.5000   22.5000  -30.000013228.9951   13.0650
    0.0000   22.5000  -30.000013828.1865   13.0538
    7.5000   22.5000  -30.000013138.0820   13.0558
   -7.5000   30.0000  -30.000012923.2227   12.8995
    0.0000   30.0000  -30.000013540.9824   12.8935
    7.5000   30.0000  -30.000012854.4717   12.8947
   -7.5000   37.5000  -30.000012828.5898   12.8967
    0.0000   37.5000  -30.000013428.3604   12.8953
    7.5000   37.5000  -30.000012752.5049   12.8976
   -7.5000   45.0000  -30.000012221.7275   12.5744
    0.0000   45.0000  -30.000012782.4023   12.5731
    7.5000   45.0000  -30.000012151.2607   12.5767
   -7.5000  -45.0000  -22.5000 7512.8613   14.8135
    0.0000  -45.0000  -22.5000 7836.3633   14.8100
    7.5000  -45.0000  -22.5000 7458.5073   14.8135
   -7.5000  -37.5000  -22.5000 8243.3350   14.2990
    0.0000  -37.5000  -22.5000 8599.0312   14.2961
    7.5000  -37.5000  -22.5000 8198.7266   14.3042
   -7.5000  -30.0000  -22.5000 9401.3467   13.9559
    0.0000  -30.0000  -22.5000 9793.7295   13.9469
    7.5000  -30.0000  -22.5000 9335.2734   13.9522
   -7.5000  -22.5000  -22.500010647.2295   13.7397
    0.0000  -22.5000  -22.500011096.2217   13.7307
    7.5000  -22.5000  -22.500010581.6719   13.7319
   -7.5000  -15.0000  -22.500011870.4189   13.5840
    0.0000  -15.0000  -22.500012379.5635   13.5791
    7.5000  -15.0000  -22.500011808.2676   13.5788
   -7.5000   -7.5000  -22.500013127.6650   13.5323
    0.0000   -7.5000  -22.500013694.3984   13.5327
    7.5000   -7.5000  -22.500013082.3721   13.5353
   -7.5000    0.0000  -22.500014312.3066   13.5153
    0.0000    0.0000  -22.500014948.4355   13.5171
    7.5000    0.0000  -22.500014273.2930   13.5232
   -7.5000    7.5000  -22.500014353.6367   13.5141
    0.0000    7.5000  -22.500015002.6270   13.5116
    7.5000    7.5000  -22.500014328.7080   13.5183
   -7.5000   15.0000  -22.500014250.0713   13.5164
    0.0000   15.0000  -22.500014898.4766   13.5088
    7.5000   15.0000  -22.500014221.0586   13.5132
   -7.5000   22.5000  -22.500014030.1738   13.5152
    0.0000   22.5000  -22.500014686.3223   13.5067
    7.5000   22.5000  -22.500013982.7969   13.5076
   -7.5000   30.0000  -22.500013694.6494   13.3458
    0.0000   30.0000  -22.500014386.9385   13.3411
    7.5000   30.0000  -22.500013677.0869   13.3408
   -7.5000   37.5000  -22.500013590.3408   13.3413
    0.0000   37.5000  -22.500014271.1270   13.3418
    7.5000   37.5000  -22.500013574.5039   13.3444
   -7.5000   45.0000  -22.500012928.3301   13.0159
    0.0000   45.0000  -22.500013558.8887   13.0176
    7.5000   45.0000  -22.500012904.7266   13.0235
   -7.5000  -45.0000  -15.0000 7862.6279   15.1510
    0.0000  -45.0000  -15.0000 8172.6924   15.1475
    7.5000  -45.0000  -15.0000 7779.5146   15.1586
   -7.5000  -37.5000  -15.0000 8652.6328   14.6238
    0.0000  -37.5000  -15.0000 9006.6777   14.6256
    7.5000  -37.5000  -15.0000 8591.6826   14.6432
   -7.5000  -30.0000  -15.0000 9879.4951   14.2735
    0.0000  -30.0000  -15.000010308.9580   14.2718
    7.5000  -30.0000  -15.0000 9818.0977   14.2871
   -7.5000  -22.5000  -15.000011185.9150   14.0584
    0.0000  -22.5000  -15.000011683.1602   14.0540
    7.5000  -22.5000  -15.000011126.0596   14.0636
   -7.5000  -15.0000  -15.000012461.1221   13.8995
    0.0000  -15.0000  -15.000013011.7520   13.8951
    7.5000  -15.0000  -15.000012423.0244   13.9018
   -7.5000   -7.5000  -15.000013788.6338   13.8408
    0.0000   -7.5000  -15.000014403.7529   13.8404
    7.5000   -7.5000  -15.000013762.6865   13.8500
   -7.5000    0.0000  -15.000015046.6973   13.8187
    0.0000    0.0000  -15.000015730.6172   13.8215
    7.5000    0.0000  -15.000015052.9102   13.8357
   -7.5000    7.5000  -15.000015144.6553   13.8184
    0.0000    7.5000  -15.000015846.9902   13.8206
    7.5000    7.5000  -15.000015153.6416   13.8367
   -7.5000   15.0000  -15.000015104.6318   13.8252
    0.0000   15.0000  -15.000015803.0703   13.8244
    7.5000   15.0000  -15.000015059.2354   13.8383
   -7.5000   22.5000  -15.000014881.4951   13.8282
    0.0000   22.5000  -15.000015642.2051   13.8243
    7.5000   22.5000  -15.000014836.7422   13.8333
   -7.5000   30.0000  -15.000014545.0713   13.6577
    0.0000   30.0000  -15.000015309.4434   13.6536
    7.5000   30.0000  -15.000014522.3584   13.6601
   -7.5000   37.5000  -15.000014421.2812   13.6475
    0.0000   37.5000  -15.000015147.7109   13.6471
    7.5000   37.5000  -15.000014385.2266   13.6566
   -7.5000   45.0000  -15.000013700.4219   13.3162
    0.0000   45.0000  -15.000014383.1494   13.3188
    7.5000   45.0000  -15.000013633.2422   13.3325
   -7.5000  -45.0000   -7.5000 8152.5034   15.3020
    0.0000  -45.0000   -7.5000 8497.8115   15.2941
    7.5000  -45.0000   -7.5000 8063.0654   15.3125
   -7.5000  -37.5000   -7.5000 9023.9941   14.7702
    0.0000  -37.5000   -7.5000 9428.9473   14.7706
    7.5000  -37.5000   -7.5000 8953.6279   14.7953
   -7.5000  -30.0000   -7.500010342.7090   14.4193
    0.0000  -30.0000   -7.500010830.8711   14.4188
    7.5000  -30.0000   -7.500010293.7695   14.4432
   -7.5000  -22.5000   -7.500011724.7002   14.2067
    0.0000  -22.5000   -7.500012262.2324   14.2034
    7.5000  -22.5000   -7.500011684.3125   14.2229
   -7.5000  -15.0000   -7.500013078.6699   14.0473
    0.0000  -15.0000   -7.500013662.8418   14.0416
    7.5000  -15.0000   -7.500013069.8438   14.0570
   -7.5000   -7.5000   -7.500014507.8848   13.9826
    0.0000   -7.5000   -7.500015159.5752   13.9785
    7.5000   -7.5000   -7.500014504.0811   13.9948
   -7.5000    0.0000   -7.500015880.6240   13.9542
    0.0000    0.0000   -7.500016599.2461   13.9533
    7.5000    0.0000   -7.500015865.7969   13.9731
   -7.5000    7.5000   -7.500016048.7607   13.9540
    0.0000    7.5000   -7.500016787.3027   13.9550
    7.5000    7.5000   -7.500015967.6924   13.9775
   -7.5000   15.0000   -7.500016096.2217   13.9657
    0.0000   15.0000   -7.500016880.2598   13.9661
    7.5000   15.0000   -7.500015860.0498   13.9886
   -7.5000   22.5000   -7.500015985.9111   13.9727
    0.0000   22.5000   -7.500016912.5176   13.9698
    7.5000   22.5000   -7.500015722.3086   13.9885
   -7.5000   30.0000   -7.500015604.7021   13.8027
    0.0000   30.0000   -7.500016504.0234   13.7973
    7.5000   30.0000   -7.500015440.0439   13.8123
   -7.5000   37.5000   -7.500015369.1768   13.7869
    0.0000   37.5000   -7.500016164.6084   13.7830
    7.5000   37.5000   -7.500015200.9238   13.7990
   -7.5000   45.0000   -7.500014493.0615   13.4493
    0.0000   45.0000   -7.500015182.5742   13.4484
    7.5000   45.0000   -7.500014282.0537   13.4675
   -7.5000  -45.0000    0.0000 8365.3398   15.3263
    0.0000  -45.0000    0.0000 8749.0459   15.3146
    7.5000  -45.0000    0.0000 8292.2559   15.3342
   -7.5000  -37.5000    0.0000 9316.1777   14.7955
    0.0000  -37.5000    0.0000 9768.7949   14.7902
    7.5000  -37.5000    0.0000 9253.3896   14.8135
   -7.5000  -30.0000    0.000010701.6270   14.4454
    0.0000  -30.0000    0.000011254.9209   14.4393
    7.5000  -30.0000    0.000010673.6650   14.4631
   -7.5000  -22.5000    0.000012145.1289   14.2306
    0.0000  -22.5000    0.000012757.5381   14.2240
    7.5000  -22.5000    0.000012124.3164   14.2451
   -7.5000  -15.0000    0.000013618.7334   14.0712
    0.0000  -15.0000    0.000014302.9814   14.0641
    7.5000  -15.0000    0.000013600.2607   14.0816
   -7.5000   -7.5000    0.000015183.1670   14.0070
    0.0000   -7.5000    0.000015985.5820   14.0008
    7.5000   -7.5000    0.000015144.7744   14.0178
   -7.5000    0.0000    0.000016676.0957   13.9781
    0.0000    0.0000    0.000017553.2109   13.9733
    7.5000    0.0000    0.000016567.2910   13.9919
   -7.5000    7.5000    0.000016798.1758   13.9774
    0.0000    7.5000    0.000017601.2422   13.9730
    7.5000    7.5000    0.000016575.2520   13.9936
   -7.5000   15.0000    0.000016769.7812   13.9892
    0.0000   15.0000    0.000017573.1777   13.9843
    7.5000   15.0000    0.000016451.3340   14.0061
   -7.5000   22.5000    0.000016744.7090   13.9961
    0.0000   22.5000    0.000017760.8691   13.9900
    7.5000   22.5000    0.000016450.0938   14.0102
   -7.5000   30.0000    0.000016417.0840   13.8266
    0.0000   30.0000    0.000017495.5840   13.8197
    7.5000   30.0000    0.000016215.1475   13.8368
   -7.5000   37.5000    0.000016093.6377   13.8114
    0.0000   37.5000    0.000017003.7012   13.8053
    7.5000   37.5000    0.000015903.4375   13.8220
   -7.5000   45.0000    0.000015030.3652   13.4732
    0.0000   45.0000    0.000015781.5430   13.4687
    7.5000   45.0000    0.000014845.9150   13.4866
   -7.5000  -45.0000    7.5000 7863.1938   15.3616
    0.0000  -45.0000    7.5000 8240.7969   15.3513
    7.5000  -45.0000    7.5000 7793.9233   15.3634
   -7.5000  -37.5000    7.5000 8799.8955   14.8294
    0.0000  -37.5000    7.5000 9260.3906   14.8206
    7.5000  -37.5000    7.5000 8736.9941   14.8348
   -7.5000  -30.0000    7.500010169.4814   14.4764
    0.0000  -30.0000    7.500010724.9287   14.4637
    7.5000  -30.0000    7.500010105.1904   14.4775
   -7.5000  -22.5000    7.500011591.3496   14.2543
    0.0000  -22.5000    7.500012207.4678   14.2432
    7.5000  -22.5000    7.500011525.9941   14.2556
   -7.5000  -15.0000    7.500013061.5742   14.0945
    0.0000  -15.0000    7.500013732.3789   14.0869
    7.5000  -15.0000    7.500012994.2559   14.0974
   -7.5000   -7.5000    7.500014580.3340   14.0372
    0.0000   -7.5000    7.500015334.0781   14.0326
    7.5000   -7.5000    7.500014499.2227   14.0428
   -7.5000    0.0000    7.500015946.9111   14.0138
    0.0000    0.0000    7.500016758.1602   14.0095
    7.5000    0.0000    7.500015827.0322   14.0203
   -7.5000    7.5000    7.500015979.2705   14.0116
    0.0000    7.5000    7.500016697.9434   14.0037
    7.5000    7.5000    7.500015800.5547   14.0153
   -7.5000   15.0000    7.500015795.3350   14.0177
    0.0000   15.0000    7.500016570.4316   14.0066
    7.5000   15.0000    7.500015742.4248   14.0190
   -7.5000   22.5000    7.500015648.8311   14.0190
    0.0000   22.5000    7.500016560.1191   14.0086
    7.5000   22.5000    7.500015710.4717   14.0203
   -7.5000   30.0000    7.500015403.5234   13.8493
    0.0000   30.0000    7.500016222.9033   13.8420
    7.5000   30.0000    7.500015387.9131   13.8522
   -7.5000   37.5000    7.500015245.5742   13.8410
    0.0000   37.5000    7.500015998.8936   13.8366
    7.5000   37.5000    7.500015187.0879   13.8466
   -7.5000   45.0000    7.500014295.8076   13.5077
    0.0000   45.0000    7.500014993.2666   13.5035
    7.5000   45.0000    7.500014254.4053   13.5140
   -7.5000  -45.0000   15.0000 7266.3022   15.4333
    0.0000  -45.0000   15.0000 7595.0322   15.4262
    7.5000  -45.0000   15.0000 7195.8936   15.4296
   -7.5000  -37.5000   15.0000 8139.1387   14.8983
    0.0000  -37.5000   15.0000 8550.9727   14.8898
    7.5000  -37.5000   15.0000 8099.0918   14.8961
   -7.5000  -30.0000   15.0000 9428.9580   14.5421
    0.0000  -30.0000   15.0000 9934.8330   14.5271
    7.5000  -30.0000   15.0000 9394.0479   14.5314
   -7.5000  -22.5000   15.000010775.7510   14.3150
    0.0000  -22.5000   15.000011350.6484   14.3019
    7.5000  -22.5000   15.000010751.3691   14.3042
   -7.5000  -15.0000   15.000012139.9971   14.1533
    0.0000  -15.0000   15.000012781.9004   14.1462
    7.5000  -15.0000   15.000012134.6709   14.1475
   -7.5000   -7.5000   15.000013513.1113   14.1004
    0.0000   -7.5000   15.000014206.0137   14.0986
    7.5000   -7.5000   15.000013502.5420   14.1010
   -7.5000    0.0000   15.000014743.6172   14.0823
    0.0000    0.0000   15.000015466.4834   14.0805
    7.5000    0.0000   15.000014727.6299   14.0845
   -7.5000    7.5000   15.000014797.3477   14.0800
    0.0000    7.5000   15.000015451.2334   14.0722
    7.5000    7.5000   15.000014765.8389   14.0764
   -7.5000   15.0000   15.000014682.5322   14.0819
    0.0000   15.0000   15.000015385.2100   14.0684
    7.5000   15.0000   15.000014725.9521   14.0718
   -7.5000   22.5000   15.000014521.7002   14.0783
    0.0000   22.5000   15.000015215.4863   14.0659
    7.5000   22.5000   15.000014580.0938   14.0679
   -7.5000   30.0000   15.000014225.5361   13.9069
    0.0000   30.0000   15.000014808.5527   13.9001
    7.5000   30.0000   15.000014207.2539   13.9013
   -7.5000   37.5000   15.000014172.5117   13.9034
    0.0000   37.5000   15.000014745.5234   13.9016
    7.5000   37.5000   15.000014134.9189   13.9040
   -7.5000   45.0000   15.000013403.3252   13.5738
    0.0000   45.0000   15.000013962.0938   13.5720
    7.5000   45.0000   15.000013376.6260   13.5759
   -7.5000  -45.0000   22.5000 6648.4419   15.6704
    0.0000  -45.0000   22.5000 6944.2153   15.6656
    7.5000  -45.0000   22.5000 6635.7686   15.6690
   -7.5000  -37.5000   22.5000 7458.0410   15.1211
    0.0000  -37.5000   22.5000 7831.6924   15.1169
    7.5000  -37.5000   22.5000 7472.7354   15.1251
   -7.5000  -30.0000   22.5000 8662.2979   14.7554
    0.0000  -30.0000   22.5000 9117.6357   14.7447
    7.5000  -30.0000   22.5000 8684.8604   14.7499
   -7.5000  -22.5000   22.5000 9911.3916   14.5252
    0.0000  -22.5000   22.500010432.4102   14.5145
    7.5000  -22.5000   22.5000 9937.7812   14.5151
   -7.5000  -15.0000   22.500011163.8828   14.3591
    0.0000  -15.0000   22.500011744.2734   14.3528
    7.5000  -15.0000   22.500011197.8848   14.3520
   -7.5000   -7.5000   22.500012425.1123   14.3047
    0.0000   -7.5000   22.500013038.8711   14.3040
    7.5000   -7.5000   22.500012465.7568   14.3066
   -7.5000    0.0000   22.500013579.0049   14.2865
    0.0000    0.0000   22.500014238.7686   14.2874
    7.5000    0.0000   22.500013614.2520   14.2938
   -7.5000    7.5000   22.500013671.0059   14.2858
    0.0000    7.5000   22.500014296.7012   14.2821
    7.5000    7.5000   22.500013698.6006   14.2889
   -7.5000   15.0000   22.500013608.6367   14.2888
    0.0000   15.0000   22.500014257.8076   14.2796
    7.5000   15.0000   22.500013668.0527   14.2838
   -7.5000   22.5000   22.500013511.7578   14.2852
    0.0000   22.5000   22.500014100.8828   14.2751
    7.5000   22.5000   22.500013509.4238   14.2755
   -7.5000   30.0000   22.500013257.2559   14.1098
    0.0000   30.0000   22.500013772.2129   14.1037
    7.5000   30.0000   22.500013175.4248   14.1030
   -7.5000   37.5000   22.500013246.0361   14.1045
    0.0000   37.5000   22.500013764.1357   14.1039
    7.5000   37.5000   22.500013169.3125   14.1065
   -7.5000   45.0000   22.500012547.0488   13.7705
    0.0000   45.0000   22.500013036.3652   13.7714
    7.5000   45.0000   22.500012463.9414   13.7775
   -7.5000  -45.0000   30.0000 6117.9551   16.0554
    0.0000  -45.0000   30.0000 6388.7969   16.0500
    7.5000  -45.0000   30.0000 6113.1396   16.0610
   -7.5000  -37.5000   30.0000 6854.1621   15.4836
    0.0000  -37.5000   30.0000 7189.5229   15.4841
    7.5000  -37.5000   30.0000 6883.9150   15.5021
   -7.5000  -30.0000   30.0000 7973.7739   15.1031
    0.0000  -30.0000   30.0000 8368.0615   15.0995
    7.5000  -30.0000   30.0000 8004.5479   15.1150
   -7.5000  -22.5000   30.0000 9136.9150   14.8659
    0.0000  -22.5000   30.0000 9591.3926   14.8593
    7.5000  -22.5000   30.0000 9166.9668   14.8688
   -7.5000  -15.0000   30.000010294.8252   14.6906
    0.0000  -15.0000   30.000010819.4717   14.6841
    7.5000  -15.0000   30.000010336.8789   14.6907
   -7.5000   -7.5000   30.000011448.2910   14.6303
    0.0000   -7.5000   30.000012016.6592   14.6282
    7.5000   -7.5000   30.000011494.8311   14.6381
   -7.5000    0.0000   30.000012511.3887   14.6099
    0.0000    0.0000   30.000013117.4814   14.6114
    7.5000    0.0000   30.000012539.9961   14.6262
   -7.5000    7.5000   30.000012599.9277   14.6136
    0.0000    7.5000   30.000013196.9160   14.6144
    7.5000    7.5000   30.000012634.4766   14.6310
   -7.5000   15.0000   30.000012547.0684   14.6220
    0.0000   15.0000   30.000013155.1006   14.6194
    7.5000   15.0000   30.000012598.9502   14.6336
   -7.5000   22.5000   30.000012456.5898   14.6195
    0.0000   22.5000   30.000012994.0596   14.6133
    7.5000   22.5000   30.000012421.6396   14.6223
   -7.5000   30.0000   30.000012235.8467   14.4363
    0.0000   30.0000   30.000012717.8164   14.4301
    7.5000   30.0000   30.000012151.6240   14.4365
   -7.5000   37.5000   30.000012282.9180   14.4254
    0.0000   37.5000   30.000012774.4473   14.4234
    7.5000   37.5000   30.000012209.7490   14.4332
   -7.5000   45.0000   30.000011665.6357   14.0822
    0.0000   45.0000   30.000012126.9121   14.0837
    7.5000   45.0000   30.000011567.2559   14.0980
   -7.5000  -45.0000   37.5000 5855.5576   16.6266
    0.0000  -45.0000   37.5000 6129.5967   16.6148
    7.5000  -45.0000   37.5000 5852.8584   16.6337
   -7.5000  -37.5000   37.5000 6574.9751   16.0206
    0.0000  -37.5000   37.5000 6890.2104   16.0191
    7.5000  -37.5000   37.5000 6607.3340   16.0455
   -7.5000  -30.0000   37.5000 7649.5054   15.6163
    0.0000  -30.0000   37.5000 7994.5493   15.6136
    7.5000  -30.0000   37.5000 7661.9976   15.6393
   -7.5000  -22.5000   37.5000 8759.3311   15.3628
    0.0000  -22.5000   37.5000 9160.9580   15.3562
    7.5000  -22.5000   37.5000 8776.4287   15.3761
   -7.5000  -15.0000   37.5000 9875.5312   15.1755
    0.0000  -15.0000   37.500010350.5684   15.1656
    7.5000  -15.0000   37.5000 9914.1592   15.1807
   -7.5000   -7.5000   37.500010978.2695   15.1103
    0.0000   -7.5000   37.500011515.7441   15.1025
    7.5000   -7.5000   37.500011027.5225   15.1191
   -7.5000    0.0000   37.500011985.4961   15.0882
    0.0000    0.0000   37.500012563.0518   15.0848
    7.5000    0.0000   37.500012013.9512   15.1059
   -7.5000    7.5000   37.500012071.8877   15.0965
    0.0000    7.5000   37.500012655.1201   15.0957
    7.5000    7.5000   37.500012105.3965   15.1200
   -7.5000   15.0000   37.500012009.0283   15.1088
    0.0000   15.0000   37.500012589.0498   15.1072
    7.5000   15.0000   37.500012042.5967   15.1310
   -7.5000   22.5000   37.500011867.5273   15.1052
    0.0000   22.5000   37.500012403.0000   15.0990
    7.5000   22.5000   37.500011867.4727   15.1181
   -7.5000   30.0000   37.500011643.2168   14.9131
    0.0000   30.0000   37.500012147.9189   14.9036
    7.5000   30.0000   37.500011607.7334   14.9184
   -7.5000   37.5000   37.500011740.8438   14.8984
    0.0000   37.5000   37.500012229.9561   14.8908
    7.5000   37.5000   37.500011685.5459   14.9072
   -7.5000   45.0000   37.500011177.2666   14.5433
    0.0000   45.0000   37.500011642.8447   14.5400
    7.5000   45.0000   37.500011112.7422   14.5603
   -7.5000  -45.0000   45.0000 5360.0508   17.2253
    0.0000  -45.0000   45.0000 5632.4956   17.2078
    7.5000  -45.0000   45.0000 5372.0479   17.2183
   -7.5000  -37.5000   45.0000 6036.0493   16.5958
    0.0000  -37.5000   45.0000 6321.3228   16.5871
    7.5000  -37.5000   45.0000 6054.9580   16.6030
   -7.5000  -30.0000   45.0000 7017.6016   16.1601
    0.0000  -30.0000   45.0000 7319.0327   16.1498
    7.5000  -30.0000   45.0000 7025.7163   16.1658
   -7.5000  -22.5000   45.0000 8029.7832   15.8843
    0.0000  -22.5000   45.0000 8369.1895   15.8718
    7.5000  -22.5000   45.0000 8041.9609   15.8844
   -7.5000  -15.0000   45.0000 9053.3545   15.6864
    0.0000  -15.0000   45.0000 9470.8389   15.6726
    7.5000  -15.0000   45.0000 9086.6553   15.6815
   -7.5000   -7.5000   45.000010048.8174   15.6225
    0.0000   -7.5000   45.000010537.4395   15.6109
    7.5000   -7.5000   45.000010102.8945   15.6202
   -7.5000    0.0000   45.000010978.1230   15.6022
    0.0000    0.0000   45.000011507.6377   15.5938
    7.5000    0.0000   45.000011018.8057   15.6058
   -7.5000    7.5000   45.000011050.9004   15.6112
    0.0000    7.5000   45.000011602.0732   15.6036
    7.5000    7.5000   45.000011099.2324   15.6178
   -7.5000   15.0000   45.000010990.5059   15.6206
    0.0000   15.0000   45.000011520.5000   15.6117
    7.5000   15.0000   45.000011009.8867   15.6264
   -7.5000   22.5000   45.000010847.2285   15.6131
    0.0000   22.5000   45.000011346.7793   15.6014
    7.5000   22.5000   45.000010840.0625   15.6134
   -7.5000   30.0000   45.000010620.7861   15.4138
    0.0000   30.0000   45.000011092.1357   15.4005
    7.5000   30.0000   45.000010599.6309   15.4092
   -7.5000   37.5000   45.000010724.6963   15.4019
    0.0000   37.5000   45.000011186.9346   15.3905
    7.5000   37.5000   45.000010693.4297   15.3997
   -7.5000   45.0000   45.000010222.1602   15.0456
    0.0000   45.0000   45.000010671.9092   15.0374
    7.5000   45.0000   45.000010199.1016   15.0490

---------------------------------------------------------------------
imgreg_4dfp /opt/freesurfer/average/711-2C_as_mni_average_305 /opt/freesurfer/average/711-2B_as_mni_average_305_mask talsrcimg_g11 none talsrcimg_to_711-2C_as_mni_average_305_t4 4355
---------------------------------------------------------------------

freesurfer imgreg_4dfp.c
/opt/freesurfer/average/711-2C_as_mni_average_305.4dfp.img
       256       256       256         1
  1.000000  1.000000  1.000000
orientation T byte_order littleendian
Reading image: /opt/freesurfer/average/711-2C_as_mni_average_305.4dfp.img
dimensions:      256       256       256
mmppix:       1.0000   -1.0000   -1.0000
center:     128.0000 -129.0000 -129.0000
/opt/freesurfer/average/711-2B_as_mni_average_305_mask.4dfp.img
       256       256       256         1
  1.000000  1.000000  1.000000
orientation T byte_order littleendian
Reading mask: /opt/freesurfer/average/711-2B_as_mni_average_305_mask.4dfp.img (2306576 pixels)
talsrcimg_g11.4dfp.img
       256       256       256         1
  1.000000  1.000000  1.000000
orientation T byte_order littleendian
Reading image: talsrcimg_g11.4dfp.img
dimensions:      256       256       256
mmppix:       1.0000   -1.0000   -1.0000
center:     128.0000 -129.0000 -129.0000
rotation matrix determinant  1.000000
image alignment mode   4355 decimal     1103 hex
   -7.5000  -22.5000  -45.0000 2237.1211   15.1465
    0.0000  -22.5000  -45.0000 2242.0840   15.1606
    7.5000  -22.5000  -45.0000 2208.8188   15.3455
   -7.5000  -15.0000  -45.0000 2345.8687   13.7981
    0.0000  -15.0000  -45.0000 2350.0271   13.7775
    7.5000  -15.0000  -45.0000 2318.6936   13.9757
   -7.5000   -7.5000  -45.0000 2430.1848   12.7400
    0.0000   -7.5000  -45.0000 2433.4097   12.7316
    7.5000   -7.5000  -45.0000 2409.7603   12.9117
   -7.5000    0.0000  -45.0000 2484.3413   11.9601
    0.0000    0.0000  -45.0000 2484.2065   11.9400
    7.5000    0.0000  -45.0000 2463.5601   12.1160
   -7.5000    7.5000  -45.0000 2518.4683   11.3786
    0.0000    7.5000  -45.0000 2518.8511   11.3511
    7.5000    7.5000  -45.0000 2501.8032   11.5112
   -7.5000   15.0000  -45.0000 2535.4412   11.0290
    0.0000   15.0000  -45.0000 2538.2917   10.9910
    7.5000   15.0000  -45.0000 2519.2183   11.1511
   -7.5000   22.5000  -45.0000 2531.1699   10.9144
    0.0000   22.5000  -45.0000 2537.9238   10.8694
    7.5000   22.5000  -45.0000 2517.1267   11.0436
   -7.5000   30.0000  -45.0000 2523.5061   10.9821
    0.0000   30.0000  -45.0000 2531.1152   10.9148
    7.5000   30.0000  -45.0000 2510.8157   11.1074
   -7.5000   37.5000  -45.0000 2501.4966   11.2795
    0.0000   37.5000  -45.0000 2511.1885   11.2017
    7.5000   37.5000  -45.0000 2486.5798   11.4056
   -7.5000   45.0000  -45.0000 2462.7595   11.7849
    0.0000   45.0000  -45.0000 2471.3904   11.7148
    7.5000   45.0000  -45.0000 2447.4343   11.9006
   -7.5000   52.5000  -45.0000 2380.5100   12.4164
    0.0000   52.5000  -45.0000 2387.4768   12.3430
    7.5000   52.5000  -45.0000 2361.7434   12.5472
   -7.5000   60.0000  -45.0000 2250.7788   13.1435
    0.0000   60.0000  -45.0000 2259.4304   13.0977
    7.5000   60.0000  -45.0000 2236.6758   13.2777
   -7.5000   67.5000  -45.0000 2089.5090   13.9596
    0.0000   67.5000  -45.0000 2101.8108   13.8895
    7.5000   67.5000  -45.0000 2081.2305   14.0563
   -7.5000  -22.5000  -37.5000 2292.4102   14.4649
    0.0000  -22.5000  -37.5000 2296.7427   14.4544
    7.5000  -22.5000  -37.5000 2266.7537   14.6808
   -7.5000  -15.0000  -37.5000 2401.2322   13.1131
    0.0000  -15.0000  -37.5000 2409.1440   13.1070
    7.5000  -15.0000  -37.5000 2376.4148   13.3177
   -7.5000   -7.5000  -37.5000 2489.8474   12.0887
    0.0000   -7.5000  -37.5000 2495.8286   12.0793
    7.5000   -7.5000  -37.5000 2470.7646   12.2836
   -7.5000    0.0000  -37.5000 2547.8381   11.3167
    0.0000    0.0000  -37.5000 2554.2769   11.2958
    7.5000    0.0000  -37.5000 2530.7000   11.4814
   -7.5000    7.5000  -37.5000 2589.8621   10.7364
    0.0000    7.5000  -37.5000 2593.4548   10.7150
    7.5000    7.5000  -37.5000 2572.3584   10.8541
   -7.5000   15.0000  -37.5000 2617.0535   10.3489
    0.0000   15.0000  -37.5000 2622.6992   10.3192
    7.5000   15.0000  -37.5000 2600.3613   10.4590
   -7.5000   22.5000  -37.5000 2620.2148   10.2207
    0.0000   22.5000  -37.5000 2631.5659   10.1826
    7.5000   22.5000  -37.5000 2609.3472   10.3254
   -7.5000   30.0000  -37.5000 2615.4009   10.2793
    0.0000   30.0000  -37.5000 2625.5803   10.2192
    7.5000   30.0000  -37.5000 2607.9912   10.3777
   -7.5000   37.5000  -37.5000 2594.4988   10.5831
    0.0000   37.5000  -37.5000 2603.7834   10.4933
    7.5000   37.5000  -37.5000 2583.7712   10.6660
   -7.5000   45.0000  -37.5000 2551.7710   11.0447
    0.0000   45.0000  -37.5000 2561.9778   10.9594
    7.5000   45.0000  -37.5000 2539.2537   11.1353
   -7.5000   52.5000  -37.5000 2465.7534   11.6485
    0.0000   52.5000  -37.5000 2476.8149   11.5374
    7.5000   52.5000  -37.5000 2454.2092   11.7244
   -7.5000   60.0000  -37.5000 2331.2896   12.3245
    0.0000   60.0000  -37.5000 2339.9751   12.2314
    7.5000   60.0000  -37.5000 2320.5366   12.4057
   -7.5000   67.5000  -37.5000 2161.7861   13.0673
    0.0000   67.5000  -37.5000 2172.7610   12.9739
    7.5000   67.5000  -37.5000 2152.3892   13.1493
   -7.5000  -22.5000  -30.0000 2378.0679   14.3712
    0.0000  -22.5000  -30.0000 2386.9512   14.3183
    7.5000  -22.5000  -30.0000 2361.2498   14.5514
   -7.5000  -15.0000  -30.0000 2486.9319   13.0073
    0.0000  -15.0000  -30.0000 2494.4973   12.9649
    7.5000  -15.0000  -30.0000 2470.6543   13.1800
   -7.5000   -7.5000  -30.0000 2580.3359   11.9066
    0.0000   -7.5000  -30.0000 2588.2346   11.8843
    7.5000   -7.5000  -30.0000 2567.2351   12.0955
   -7.5000    0.0000  -30.0000 2648.8242   11.0633
    0.0000    0.0000  -30.0000 2656.8276   11.0453
    7.5000    0.0000  -30.0000 2632.4517   11.2429
   -7.5000    7.5000  -30.0000 2699.3591   10.4619
    0.0000    7.5000  -30.0000 2705.5979   10.4485
    7.5000    7.5000  -30.0000 2683.6479   10.6215
   -7.5000   15.0000  -30.0000 2735.4426   10.0582
    0.0000   15.0000  -30.0000 2745.5479   10.0323
    7.5000   15.0000  -30.0000 2722.4880   10.2015
   -7.5000   22.5000  -30.0000 2749.6541    9.9120
    0.0000   22.5000  -30.0000 2768.7864    9.8633
    7.5000   22.5000  -30.0000 2742.2515   10.0186
   -7.5000   30.0000  -30.0000 2750.6021    9.9640
    0.0000   30.0000  -30.0000 2768.5200    9.9334
    7.5000   30.0000  -30.0000 2745.8459   10.0673
   -7.5000   37.5000  -30.0000 2734.2395   10.2646
    0.0000   37.5000  -30.0000 2750.4895   10.1979
    7.5000   37.5000  -30.0000 2727.2017   10.3517
   -7.5000   45.0000  -30.0000 2690.0974   10.7428
    0.0000   45.0000  -30.0000 2706.2883   10.6384
    7.5000   45.0000  -30.0000 2681.6265   10.8092
   -7.5000   52.5000  -30.0000 2596.8718   11.3316
    0.0000   52.5000  -30.0000 2611.9946   11.2154
    7.5000   52.5000  -30.0000 2588.3083   11.4069
   -7.5000   60.0000  -30.0000 2452.8940   12.0261
    0.0000   60.0000  -30.0000 2463.3269   11.9110
    7.5000   60.0000  -30.0000 2444.4082   12.0845
   -7.5000   67.5000  -30.0000 2271.8774   12.7574
    0.0000   67.5000  -30.0000 2281.9304   12.6461
    7.5000   67.5000  -30.0000 2264.7800   12.8110
   -7.5000  -22.5000  -22.5000 2423.3875   14.1329
    0.0000  -22.5000  -22.5000 2434.3345   14.0917
    7.5000  -22.5000  -22.5000 2405.3513   14.4198
   -7.5000  -15.0000  -22.5000 2530.9597   12.7541
    0.0000  -15.0000  -22.5000 2544.0476   12.7186
    7.5000  -15.0000  -22.5000 2516.3489   12.9944
   -7.5000   -7.5000  -22.5000 2628.6714   11.6307
    0.0000   -7.5000  -22.5000 2638.4365   11.6014
    7.5000   -7.5000  -22.5000 2617.0295   11.8612
   -7.5000    0.0000  -22.5000 2710.3708   10.7562
    0.0000    0.0000  -22.5000 2719.5002   10.7417
    7.5000    0.0000  -22.5000 2698.9219   10.9608
   -7.5000    7.5000  -22.5000 2772.1238   10.1129
    0.0000    7.5000  -22.5000 2784.6741   10.0856
    7.5000    7.5000  -22.5000 2764.3821   10.3106
   -7.5000   15.0000  -22.5000 2813.0234    9.7344
    0.0000   15.0000  -22.5000 2828.0850    9.7081
    7.5000   15.0000  -22.5000 2807.7900    9.9200
   -7.5000   22.5000  -22.5000 2844.7585    9.5725
    0.0000   22.5000  -22.5000 2867.0808    9.5335
    7.5000   22.5000  -22.5000 2838.0823    9.7180
   -7.5000   30.0000  -22.5000 2855.8257    9.6099
    0.0000   30.0000  -22.5000 2877.2385    9.5876
    7.5000   30.0000  -22.5000 2846.0979    9.7583
   -7.5000   37.5000  -22.5000 2837.9690    9.8845
    0.0000   37.5000  -22.5000 2859.9360    9.8282
    7.5000   37.5000  -22.5000 2831.1206   10.0149
   -7.5000   45.0000  -22.5000 2789.2998   10.3533
    0.0000   45.0000  -22.5000 2812.1887   10.2721
    7.5000   45.0000  -22.5000 2786.9575   10.4664
   -7.5000   52.5000  -22.5000 2690.0447   10.9451
    0.0000   52.5000  -22.5000 2707.4431   10.8536
    7.5000   52.5000  -22.5000 2687.0684   11.0458
   -7.5000   60.0000  -22.5000 2538.1221   11.6413
    0.0000   60.0000  -22.5000 2553.6516   11.5393
    7.5000   60.0000  -22.5000 2532.2012   11.7212
   -7.5000   67.5000  -22.5000 2354.8835   12.3382
    0.0000   67.5000  -22.5000 2366.8320   12.2414
    7.5000   67.5000  -22.5000 2344.5398   12.4120
   -7.5000  -22.5000  -15.0000 2426.7854   13.9898
    0.0000  -22.5000  -15.0000 2440.1721   13.9513
    7.5000  -22.5000  -15.0000 2413.5088   14.3312
   -7.5000  -15.0000  -15.0000 2532.6392   12.5570
    0.0000  -15.0000  -15.0000 2547.4822   12.5030
    7.5000  -15.0000  -15.0000 2524.3438   12.8453
   -7.5000   -7.5000  -15.0000 2635.6863   11.4117
    0.0000   -7.5000  -15.0000 2646.5891   11.3427
    7.5000   -7.5000  -15.0000 2628.6711   11.6495
   -7.5000    0.0000  -15.0000 2725.9319   10.5086
    0.0000    0.0000  -15.0000 2735.6680   10.4472
    7.5000    0.0000  -15.0000 2722.1025   10.7157
   -7.5000    7.5000  -15.0000 2803.0105    9.8726
    0.0000    7.5000  -15.0000 2817.7263    9.8125
    7.5000    7.5000  -15.0000 2801.5637   10.0650
   -7.5000   15.0000  -15.0000 2860.2305    9.4840
    0.0000   15.0000  -15.0000 2876.5530    9.4352
    7.5000   15.0000  -15.0000 2857.3940    9.6587
   -7.5000   22.5000  -15.0000 2904.3481    9.3314
    0.0000   22.5000  -15.0000 2929.4956    9.2989
    7.5000   22.5000  -15.0000 2898.9448    9.4809
   -7.5000   30.0000  -15.0000 2926.3931    9.3458
    0.0000   30.0000  -15.0000 2958.0815    9.3241
    7.5000   30.0000  -15.0000 2915.3208    9.5173
   -7.5000   37.5000  -15.0000 2906.2227    9.5828
    0.0000   37.5000  -15.0000 2932.6763    9.5389
    7.5000   37.5000  -15.0000 2897.7161    9.7383
   -7.5000   45.0000  -15.0000 2852.9829   10.0305
    0.0000   45.0000  -15.0000 2879.4580    9.9622
    7.5000   45.0000  -15.0000 2849.4744   10.1523
   -7.5000   52.5000  -15.0000 2748.4419   10.6287
    0.0000   52.5000  -15.0000 2771.3367   10.5335
    7.5000   52.5000  -15.0000 2744.5920   10.7116
   -7.5000   60.0000  -15.0000 2588.2578   11.2947
    0.0000   60.0000  -15.0000 2606.4358   11.1972
    7.5000   60.0000  -15.0000 2584.8398   11.3625
   -7.5000   67.5000  -15.0000 2396.9285   11.9967
    0.0000   67.5000  -15.0000 2414.5422   11.8866
    7.5000   67.5000  -15.0000 2395.6707   12.0458
   -7.5000  -22.5000   -7.5000 2404.1650   13.9754
    0.0000  -22.5000   -7.5000 2421.0635   13.9168
    7.5000  -22.5000   -7.5000 2401.0376   14.3040
   -7.5000  -15.0000   -7.5000 2510.2192   12.4801
    0.0000  -15.0000   -7.5000 2522.3137   12.3991
    7.5000  -15.0000   -7.5000 2510.6492   12.7621
   -7.5000   -7.5000   -7.5000 2621.8613   11.3124
    0.0000   -7.5000   -7.5000 2632.0933   11.2282
    7.5000   -7.5000   -7.5000 2623.8696   11.5382
   -7.5000    0.0000   -7.5000 2720.4492   10.4127
    0.0000    0.0000   -7.5000 2730.6997   10.3471
    7.5000    0.0000   -7.5000 2726.0603   10.6103
   -7.5000    7.5000   -7.5000 2811.2017    9.7997
    0.0000    7.5000   -7.5000 2827.7563    9.7379
    7.5000    7.5000   -7.5000 2814.9062    9.9448
   -7.5000   15.0000   -7.5000 2885.5583    9.4165
    0.0000   15.0000   -7.5000 2905.8442    9.3590
    7.5000   15.0000   -7.5000 2883.2324    9.5198
   -7.5000   22.5000   -7.5000 2951.6562    9.2784
    0.0000   22.5000   -7.5000 2982.6121    9.2465
    7.5000   22.5000   -7.5000 2947.7947    9.3270
   -7.5000   30.0000   -7.5000 2976.4695    9.2623
    0.0000   30.0000   -7.5000 3021.9954    9.2680
    7.5000   30.0000   -7.5000 2973.6963    9.3379
   -7.5000   37.5000   -7.5000 2951.2742    9.4058
    0.0000   37.5000   -7.5000 2983.3540    9.3816
    7.5000   37.5000   -7.5000 2944.7100    9.5157
   -7.5000   45.0000   -7.5000 2890.2000    9.8017
    0.0000   45.0000   -7.5000 2914.2004    9.7510
    7.5000   45.0000   -7.5000 2887.7058    9.8668
   -7.5000   52.5000   -7.5000 2780.1602   10.3524
    0.0000   52.5000   -7.5000 2802.5884   10.2723
    7.5000   52.5000   -7.5000 2779.7197   10.3813
   -7.5000   60.0000   -7.5000 2614.0518   11.0139
    0.0000   60.0000   -7.5000 2631.8799   10.9298
    7.5000   60.0000   -7.5000 2615.5872   11.0402
   -7.5000   67.5000   -7.5000 2414.8884   11.7198
    0.0000   67.5000   -7.5000 2433.8147   11.6176
    7.5000   67.5000   -7.5000 2420.5159   11.7389
   -7.5000  -22.5000    0.0000 2376.0813   14.1935
    0.0000  -22.5000    0.0000 2392.3340   14.1597
    7.5000  -22.5000    0.0000 2384.0200   14.4848
   -7.5000  -15.0000    0.0000 2490.9973   12.6581
    0.0000  -15.0000    0.0000 2501.9890   12.6098
    7.5000  -15.0000    0.0000 2495.2339   12.8904
   -7.5000   -7.5000    0.0000 2609.5166   11.4813
    0.0000   -7.5000    0.0000 2622.1416   11.4362
    7.5000   -7.5000    0.0000 2614.4170   11.6560
   -7.5000    0.0000    0.0000 2717.0852   10.5780
    0.0000    0.0000    0.0000 2727.1736   10.5317
    7.5000    0.0000    0.0000 2719.7837   10.7113
   -7.5000    7.5000    0.0000 2811.5381    9.9127
    0.0000    7.5000    0.0000 2825.2686    9.8745
    7.5000    7.5000    0.0000 2810.9419   10.0001
   -7.5000   15.0000    0.0000 2896.6511    9.4725
    0.0000   15.0000    0.0000 2910.2637    9.4233
    7.5000   15.0000    0.0000 2888.4795    9.5361
   -7.5000   22.5000    0.0000 2971.2585    9.3369
    0.0000   22.5000    0.0000 2997.0625    9.3061
    7.5000   22.5000    0.0000 2967.1375    9.3445
   -7.5000   30.0000    0.0000 2992.3374    9.3790
    0.0000   30.0000    0.0000 3044.3467    9.3751
    7.5000   30.0000    0.0000 3001.1487    9.3954
   -7.5000   37.5000    0.0000 2969.8550    9.4318
    0.0000   37.5000    0.0000 3001.3940    9.4173
    7.5000   37.5000    0.0000 2969.6311    9.5157
   -7.5000   45.0000    0.0000 2908.9480    9.7122
    0.0000   45.0000    0.0000 2932.3699    9.6526
    7.5000   45.0000    0.0000 2909.0215    9.7712
   -7.5000   52.5000    0.0000 2792.2878   10.2163
    0.0000   52.5000    0.0000 2811.0298   10.1416
    7.5000   52.5000    0.0000 2796.2419   10.2603
   -7.5000   60.0000    0.0000 2621.1221   10.8678
    0.0000   60.0000    0.0000 2636.2493   10.7936
    7.5000   60.0000    0.0000 2627.2563   10.9341
   -7.5000   67.5000    0.0000 2419.8745   11.5650
    0.0000   67.5000    0.0000 2436.7791   11.4769
    7.5000   67.5000    0.0000 2427.9324   11.6317
   -7.5000  -22.5000    7.5000 2358.2454   14.7190
    0.0000  -22.5000    7.5000 2374.5461   14.7064
    7.5000  -22.5000    7.5000 2356.1938   14.9837
   -7.5000  -15.0000    7.5000 2478.9246   13.1209
    0.0000  -15.0000    7.5000 2492.0161   13.0804
    7.5000  -15.0000    7.5000 2477.4910   13.3012
   -7.5000   -7.5000    7.5000 2597.3987   11.8831
    0.0000   -7.5000    7.5000 2606.6182   11.8257
    7.5000   -7.5000    7.5000 2598.2209   12.0196
   -7.5000    0.0000    7.5000 2699.8132   10.8895
    0.0000    0.0000    7.5000 2711.1821   10.8181
    7.5000    0.0000    7.5000 2700.0073   11.0001
   -7.5000    7.5000    7.5000 2797.2271   10.1455
    0.0000    7.5000    7.5000 2809.8992   10.0694
    7.5000    7.5000    7.5000 2794.0305   10.2126
   -7.5000   15.0000    7.5000 2887.3440    9.6375
    0.0000   15.0000    7.5000 2905.0217    9.5472
    7.5000   15.0000    7.5000 2883.8997    9.6925
   -7.5000   22.5000    7.5000 2956.9434    9.4072
    0.0000   22.5000    7.5000 2984.8950    9.3426
    7.5000   22.5000    7.5000 2964.0898    9.4920
   -7.5000   30.0000    7.5000 2975.1160    9.4309
    0.0000   30.0000    7.5000 3018.9988    9.3565
    7.5000   30.0000    7.5000 2992.9924    9.5129
   -7.5000   37.5000    7.5000 2947.0554    9.6112
    0.0000   37.5000    7.5000 2983.7090    9.4926
    7.5000   37.5000    7.5000 2960.6104    9.6547
   -7.5000   45.0000    7.5000 2885.6272    9.9385
    0.0000   45.0000    7.5000 2915.5154    9.8322
    7.5000   45.0000    7.5000 2897.0549    9.9690
   -7.5000   52.5000    7.5000 2777.6624   10.3877
    0.0000   52.5000    7.5000 2797.6311   10.2944
    7.5000   52.5000    7.5000 2785.2283   10.4456
   -7.5000   60.0000    7.5000 2610.7546   10.9438
    0.0000   60.0000    7.5000 2623.5442   10.8643
    7.5000   60.0000    7.5000 2618.0972   11.0295
   -7.5000   67.5000    7.5000 2412.9651   11.5843
    0.0000   67.5000    7.5000 2425.2600   11.4826
    7.5000   67.5000    7.5000 2419.1292   11.6368
   -7.5000  -22.5000   15.0000 2332.9622   15.3472
    0.0000  -22.5000   15.0000 2344.2593   15.2881
    7.5000  -22.5000   15.0000 2321.9873   15.5870
   -7.5000  -15.0000   15.0000 2454.4719   13.6359
    0.0000  -15.0000   15.0000 2470.1233   13.5513
    7.5000  -15.0000   15.0000 2450.2241   13.7998
   -7.5000   -7.5000   15.0000 2568.0642   12.3237
    0.0000   -7.5000   15.0000 2585.8911   12.2013
    7.5000   -7.5000   15.0000 2570.7539   12.4124
   -7.5000    0.0000   15.0000 2666.3457   11.2660
    0.0000    0.0000   15.0000 2684.8523   11.1357
    7.5000    0.0000   15.0000 2676.6982   11.3408
   -7.5000    7.5000   15.0000 2766.1182   10.4731
    0.0000    7.5000   15.0000 2782.9402   10.3291
    7.5000    7.5000   15.0000 2773.7903   10.5217
   -7.5000   15.0000   15.0000 2855.3459    9.9053
    0.0000   15.0000   15.0000 2873.6836    9.7794
    7.5000   15.0000   15.0000 2864.3967    9.9681
   -7.5000   22.5000   15.0000 2917.4070    9.6457
    0.0000   22.5000   15.0000 2943.2009    9.5496
    7.5000   22.5000   15.0000 2935.1577    9.7298
   -7.5000   30.0000   15.0000 2929.6152    9.6541
    0.0000   30.0000   15.0000 2964.0718    9.4952
    7.5000   30.0000   15.0000 2948.5608    9.6892
   -7.5000   37.5000   15.0000 2906.2368    9.8484
    0.0000   37.5000   15.0000 2936.8420    9.6775
    7.5000   37.5000   15.0000 2921.5291    9.8784
   -7.5000   45.0000   15.0000 2847.7483   10.2257
    0.0000   45.0000   15.0000 2872.3225   10.0911
    7.5000   45.0000   15.0000 2858.6226   10.2739
   -7.5000   52.5000   15.0000 2741.2639   10.7136
    0.0000   52.5000   15.0000 2760.0955   10.5994
    7.5000   52.5000   15.0000 2753.5454   10.7706
   -7.5000   60.0000   15.0000 2580.9878   11.2688
    0.0000   60.0000   15.0000 2593.3486   11.1699
    7.5000   60.0000   15.0000 2587.7583   11.3362
   -7.5000   67.5000   15.0000 2387.1736   11.8602
    0.0000   67.5000   15.0000 2399.4429   11.7491
    7.5000   67.5000   15.0000 2394.1353   11.8875
   -7.5000  -22.5000   22.5000 2292.5024   15.9979
    0.0000  -22.5000   22.5000 2303.8779   15.9118
    7.5000  -22.5000   22.5000 2283.9255   16.2215
   -7.5000  -15.0000   22.5000 2417.1733   14.1929
    0.0000  -15.0000   22.5000 2435.3926   14.0429
    7.5000  -15.0000   22.5000 2414.0898   14.3223
   -7.5000   -7.5000   22.5000 2531.6003   12.8318
    0.0000   -7.5000   22.5000 2554.0820   12.6573
    7.5000   -7.5000   22.5000 2536.5571   12.8837
   -7.5000    0.0000   22.5000 2634.5042   11.7447
    0.0000    0.0000   22.5000 2659.7544   11.5695
    7.5000    0.0000   22.5000 2646.3135   11.7775
   -7.5000    7.5000   22.5000 2732.0872   10.9081
    0.0000    7.5000   22.5000 2756.7063   10.7659
    7.5000    7.5000   22.5000 2746.9834   10.9815
   -7.5000   15.0000   22.5000 2811.4607   10.3632
    0.0000   15.0000   22.5000 2837.2075   10.2451
    7.5000   15.0000   22.5000 2830.4299   10.4470
   -7.5000   22.5000   22.5000 2865.7087   10.1353
    0.0000   22.5000   22.5000 2898.4690    9.9896
    7.5000   22.5000   22.5000 2892.1208   10.1633
   -7.5000   30.0000   22.5000 2875.6060   10.1111
    0.0000   30.0000   22.5000 2908.5044    9.9312
    7.5000   30.0000   22.5000 2894.7590   10.0984
   -7.5000   37.5000   22.5000 2848.4270   10.2900
    0.0000   37.5000   22.5000 2880.4563   10.1272
    7.5000   37.5000   22.5000 2868.3088   10.2981
   -7.5000   45.0000   22.5000 2791.3721   10.6690
    0.0000   45.0000   22.5000 2812.2910   10.5437
    7.5000   45.0000   22.5000 2804.0854   10.6951
   -7.5000   52.5000   22.5000 2690.9976   11.1318
    0.0000   52.5000   22.5000 2707.6450   11.0130
    7.5000   52.5000   22.5000 2699.7871   11.1717
   -7.5000   60.0000   22.5000 2535.4333   11.6771
    0.0000   60.0000   22.5000 2549.5254   11.5717
    7.5000   60.0000   22.5000 2544.0618   11.7274
   -7.5000   67.5000   22.5000 2345.0159   12.2576
    0.0000   67.5000   22.5000 2359.4277   12.1613
    7.5000   67.5000   22.5000 2356.8398   12.2790
   -7.5000  -22.5000   30.0000 2249.3096   16.7890
    0.0000  -22.5000   30.0000 2260.4871   16.6618
    7.5000  -22.5000   30.0000 2245.2319   16.9819
   -7.5000  -15.0000   30.0000 2376.5479   14.9301
    0.0000  -15.0000   30.0000 2395.0151   14.7423
    7.5000  -15.0000   30.0000 2378.2732   14.9947
   -7.5000   -7.5000   30.0000 2493.3970   13.4823
    0.0000   -7.5000   30.0000 2514.0974   13.2733
    7.5000   -7.5000   30.0000 2500.3281   13.5113
   -7.5000    0.0000   30.0000 2593.9775   12.3692
    0.0000    0.0000   30.0000 2619.8750   12.1759
    7.5000    0.0000   30.0000 2603.6482   12.3906
   -7.5000    7.5000   30.0000 2685.0691   11.5529
    0.0000    7.5000   30.0000 2715.8379   11.3859
    7.5000    7.5000   30.0000 2700.2107   11.6013
   -7.5000   15.0000   30.0000 2753.3313   11.0211
    0.0000   15.0000   30.0000 2785.7927   10.8729
    7.5000   15.0000   30.0000 2776.1970   11.0752
   -7.5000   22.5000   30.0000 2801.1685   10.7725
    0.0000   22.5000   30.0000 2840.6616   10.5870
    7.5000   22.5000   30.0000 2829.2651   10.7454
   -7.5000   30.0000   30.0000 2814.8376   10.7056
    0.0000   30.0000   30.0000 2843.1741   10.5244
    7.5000   30.0000   30.0000 2831.9700   10.6818
   -7.5000   37.5000   30.0000 2786.5776   10.8842
    0.0000   37.5000   30.0000 2813.2261   10.7420
    7.5000   37.5000   30.0000 2808.5054   10.8816
   -7.5000   45.0000   30.0000 2730.5144   11.2576
    0.0000   45.0000   30.0000 2748.3845   11.1407
    7.5000   45.0000   30.0000 2741.7876   11.2636
   -7.5000   52.5000   30.0000 2629.0833   11.7088
    0.0000   52.5000   30.0000 2644.6013   11.5873
    7.5000   52.5000   30.0000 2633.8506   11.7105
   -7.5000   60.0000   30.0000 2477.0667   12.1972
    0.0000   60.0000   30.0000 2493.7148   12.0904
    7.5000   60.0000   30.0000 2484.4927   12.1992
   -7.5000   67.5000   30.0000 2291.5913   12.7519
    0.0000   67.5000   30.0000 2311.0146   12.6785
    7.5000   67.5000   30.0000 2307.3203   12.7582
   -7.5000  -22.5000   37.5000 2202.1208   17.8230
    0.0000  -22.5000   37.5000 2213.7183   17.5862
    7.5000  -22.5000   37.5000 2198.5100   17.9309
   -7.5000  -15.0000   37.5000 2329.5154   15.8448
    0.0000  -15.0000   37.5000 2348.2090   15.6066
    7.5000  -15.0000   37.5000 2334.4529   15.8592
   -7.5000   -7.5000   37.5000 2445.1187   14.3311
    0.0000   -7.5000   37.5000 2469.0574   14.0984
    7.5000   -7.5000   37.5000 2457.7510   14.3222
   -7.5000    0.0000   37.5000 2542.3206   13.1798
    0.0000    0.0000   37.5000 2570.9541   12.9755
    7.5000    0.0000   37.5000 2556.2251   13.1836
   -7.5000    7.5000   37.5000 2628.8743   12.3225
    0.0000    7.5000   37.5000 2662.9722   12.1500
    7.5000    7.5000   37.5000 2646.6992   12.3595
   -7.5000   15.0000   37.5000 2687.2073   11.7967
    0.0000   15.0000   37.5000 2722.5811   11.6201
    7.5000   15.0000   37.5000 2711.8716   11.8072
   -7.5000   22.5000   37.5000 2721.6416   11.5226
    0.0000   22.5000   37.5000 2759.5886   11.3479
    7.5000   22.5000   37.5000 2749.0403   11.4980
   -7.5000   30.0000   37.5000 2736.2551   11.4134
    0.0000   30.0000   37.5000 2764.3274   11.2700
    7.5000   30.0000   37.5000 2754.6333   11.4196
   -7.5000   37.5000   37.5000 2708.7422   11.6032
    0.0000   37.5000   37.5000 2736.1694   11.4614
    7.5000   37.5000   37.5000 2729.7954   11.5860
   -7.5000   45.0000   37.5000 2654.9941   11.9564
    0.0000   45.0000   37.5000 2677.6548   11.8315
    7.5000   45.0000   37.5000 2671.9983   11.9301
   -7.5000   52.5000   37.5000 2556.5232   12.4155
    0.0000   52.5000   37.5000 2575.6787   12.2810
    7.5000   52.5000   37.5000 2564.8752   12.3699
   -7.5000   60.0000   37.5000 2407.3105   12.8825
    0.0000   60.0000   37.5000 2426.8916   12.7674
    7.5000   60.0000   37.5000 2417.9685   12.8484
   -7.5000   67.5000   37.5000 2229.5410   13.3983
    0.0000   67.5000   37.5000 2249.8030   13.3101
    7.5000   67.5000   37.5000 2242.0955   13.3901
   -7.5000  -22.5000   45.0000 2144.9814   19.0748
    0.0000  -22.5000   45.0000 2158.1472   18.7331
    7.5000  -22.5000   45.0000 2143.0479   19.0921
   -7.5000  -15.0000   45.0000 2270.7827   16.9693
    0.0000  -15.0000   45.0000 2293.7913   16.6541
    7.5000  -15.0000   45.0000 2282.9385   16.9066
   -7.5000   -7.5000   45.0000 2382.8704   15.3394
    0.0000   -7.5000   45.0000 2413.1501   15.0924
    7.5000   -7.5000   45.0000 2405.4639   15.2975
   -7.5000    0.0000   45.0000 2479.2654   14.0996
    0.0000    0.0000   45.0000 2511.7329   13.8960
    7.5000    0.0000   45.0000 2503.0728   14.1101
   -7.5000    7.5000   45.0000 2558.2285   13.2501
    0.0000    7.5000   45.0000 2593.5996   13.0654
    7.5000    7.5000   45.0000 2586.5208   13.2705
   -7.5000   15.0000   45.0000 2609.1372   12.7040
    0.0000   15.0000   45.0000 2644.0969   12.5438
    7.5000   15.0000   45.0000 2637.2043   12.7063
   -7.5000   22.5000   45.0000 2637.2073   12.4059
    0.0000   22.5000   45.0000 2670.7092   12.2516
    7.5000   22.5000   45.0000 2661.6184   12.3963
   -7.5000   30.0000   45.0000 2644.4690   12.2899
    0.0000   30.0000   45.0000 2671.4700   12.1416
    7.5000   30.0000   45.0000 2665.6094   12.2741
   -7.5000   37.5000   45.0000 2617.6411   12.4504
    0.0000   37.5000   45.0000 2647.2761   12.2977
    7.5000   37.5000   45.0000 2644.2117   12.3982
   -7.5000   45.0000   45.0000 2568.7112   12.7786
    0.0000   45.0000   45.0000 2598.1917   12.6448
    7.5000   45.0000   45.0000 2597.9575   12.7236
   -7.5000   52.5000   45.0000 2473.2649   13.2405
    0.0000   52.5000   45.0000 2495.4148   13.1103
    7.5000   52.5000   45.0000 2493.1648   13.1628
   -7.5000   60.0000   45.0000 2329.2642   13.7144
    0.0000   60.0000   45.0000 2350.1082   13.6061
    7.5000   60.0000   45.0000 2347.0071   13.6592
   -7.5000   67.5000   45.0000 2158.0273   14.2430
    0.0000   67.5000   45.0000 2177.7190   14.1431
    7.5000   67.5000   45.0000 2172.4810   14.2129

---------------------------------------------------------------------
imgreg_4dfp /opt/freesurfer/average/711-2C_as_mni_average_305 /opt/freesurfer/average/711-2B_as_mni_average_305_mask talsrcimg_g11 none talsrcimg_to_711-2C_as_mni_average_305_t4 1283
---------------------------------------------------------------------

freesurfer imgreg_4dfp.c
/opt/freesurfer/average/711-2C_as_mni_average_305.4dfp.img
       256       256       256         1
  1.000000  1.000000  1.000000
orientation T byte_order littleendian
Reading image: /opt/freesurfer/average/711-2C_as_mni_average_305.4dfp.img
dimensions:      256       256       256
mmppix:       1.0000   -1.0000   -1.0000
center:     128.0000 -129.0000 -129.0000
/opt/freesurfer/average/711-2B_as_mni_average_305_mask.4dfp.img
       256       256       256         1
  1.000000  1.000000  1.000000
orientation T byte_order littleendian
Reading mask: /opt/freesurfer/average/711-2B_as_mni_average_305_mask.4dfp.img (2306576 pixels)
talsrcimg_g11.4dfp.img
       256       256       256         1
  1.000000  1.000000  1.000000
orientation T byte_order littleendian
Reading image: talsrcimg_g11.4dfp.img
dimensions:      256       256       256
mmppix:       1.0000   -1.0000   -1.0000
center:     128.0000 -129.0000 -129.0000
rotation matrix determinant  1.000000
fimgreg.f
image alignment mode   1283 decimal      503 hex
parameters
    0.0000   30.0000    0.0000    0.0000    0.0000    0.0000
eta,q 0.95473  9.42484
niter,ni,del,rscale     5    3   12.0000    1.2000
parameter  5  0.563552 ->  0.500000 qaram    1.1500
parameter  6  0.504390 ->  0.500000 qaram    1.1500
parameters
    0.3920   30.0855    0.3975   -2.4867   -3.4500   -3.4500
eta,q 0.95953  9.40110
  0.0618  0.0555  0.0532  0.0460  0.0442  0.0430
  0.0542  0.0508  0.0492  0.0447  0.0426  0.0408
  0.0481  0.0468  0.0459  0.0444  0.0426  0.0405
  0.0457  0.0454  0.0453  0.0453  0.0444  0.0424
  0.0466  0.0466  0.0469  0.0469  0.0482  0.0454
  0.0510  0.0501  0.0489  0.0489  0.0531  0.0484
  0.0585  0.0552  0.0505  0.0519  0.0576  0.0513
niter,ni,del,rscale     6    3   12.0000    1.2000
parameters
    0.9495   30.6700   -0.0180   -3.7072   -3.6434   -2.6664
eta,q 0.96080  9.39675
  0.0595  0.0524  0.0461  0.0417  0.0496  0.0487
  0.0527  0.0479  0.0418  0.0405  0.0452  0.0454
  0.0455  0.0432  0.0395  0.0395  0.0412  0.0417
  0.0405  0.0399  0.0396  0.0394  0.0393  0.0393
  0.0408  0.0399  0.0416  0.0402  0.0412  0.0399
  0.0467  0.0435  0.0441  0.0424  0.0455  0.0426
  0.0555  0.0498  0.0468  0.0456  0.0512  0.0458
niter,ni,del,rscale     5    3   12.0000    1.2000
parameters
    1.1215   30.9235   -0.3281   -4.0225   -3.8039   -2.4361
eta,q 0.96110  9.38965
  0.0579  0.0509  0.0458  0.0420  0.0494  0.0474
  0.0509  0.0460  0.0412  0.0408  0.0450  0.0439
  0.0434  0.0416  0.0390  0.0395  0.0409  0.0404
  0.0392  0.0391  0.0390  0.0388  0.0389  0.0389
  0.0411  0.0397  0.0407  0.0391  0.0406  0.0403
  0.0481  0.0443  0.0431  0.0406  0.0450  0.0433
  0.0574  0.0498  0.0462  0.0435  0.0511  0.0463
niter,ni,del,rscale     4    3   12.0000    1.2000
parameters
    1.1877   31.0458   -0.4493   -4.1416   -3.8869   -2.3669
eta,q 0.96120  9.38593
  0.0575  0.0501  0.0462  0.0420  0.0496  0.0469
  0.0505  0.0452  0.0414  0.0408  0.0452  0.0434
  0.0430  0.0411  0.0390  0.0395  0.0409  0.0401
  0.0389  0.0389  0.0388  0.0388  0.0388  0.0388
  0.0412  0.0398  0.0404  0.0389  0.0404  0.0404
  0.0486  0.0445  0.0428  0.0402  0.0447  0.0434
  0.0581  0.0496  0.0457  0.0431  0.0509  0.0464
niter,ni,del,rscale     3    3   12.0000    1.2000
parameters
    1.2157   31.1081   -0.5053   -4.2005   -3.9236   -2.3429
eta,q 0.96125  9.38404
  0.0574  0.0498  0.0464  0.0420  0.0497  0.0468
  0.0504  0.0449  0.0415  0.0408  0.0453  0.0433
  0.0428  0.0409  0.0390  0.0395  0.0410  0.0400
  0.0388  0.0388  0.0388  0.0387  0.0387  0.0387
  0.0412  0.0399  0.0403  0.0389  0.0402  0.0404
  0.0488  0.0446  0.0426  0.0401  0.0446  0.0434
  0.0584  0.0496  0.0456  0.0429  0.0508  0.0464
niter,ni,del,rscale     2    3   12.0000    1.2000
parameters
    1.2249   31.1390   -0.5314   -4.2262   -3.9377   -2.3361
eta,q 0.96127  9.38311
  0.0573  0.0496  0.0465  0.0420  0.0497  0.0467
  0.0503  0.0447  0.0415  0.0408  0.0453  0.0432
  0.0428  0.0408  0.0390  0.0395  0.0410  0.0399
  0.0388  0.0387  0.0387  0.0387  0.0387  0.0387
  0.0413  0.0400  0.0403  0.0389  0.0402  0.0404
  0.0489  0.0447  0.0426  0.0400  0.0445  0.0434
  0.0586  0.0495  0.0455  0.0428  0.0507  0.0464
registration optimization eta report
parameter search radius
    6.0000    6.0000    6.0000    6.0000    6.9000    6.9000
100000*second partial in parameter space
       51.       29.       20.       10.       23.       16.
  0.0573  0.0496  0.0465  0.0420  0.0497  0.0467
  0.0503  0.0447  0.0415  0.0408  0.0453  0.0432
  0.0428  0.0408  0.0390  0.0395  0.0410  0.0399
  0.0388  0.0387  0.0387  0.0387  0.0387  0.0387
  0.0413  0.0400  0.0403  0.0389  0.0402  0.0404
  0.0489  0.0447  0.0426  0.0400  0.0445  0.0434
  0.0586  0.0495  0.0455  0.0428  0.0507  0.0464
    1.2249   31.1390   -0.5314   -4.2262   -3.9377   -2.3361
eta,q 0.96127  9.38311

---------------------------------------------------------------------
imgreg_4dfp /opt/freesurfer/average/711-2C_as_mni_average_305 /opt/freesurfer/average/711-2B_as_mni_average_305_mask talsrcimg_g11 none talsrcimg_to_711-2C_as_mni_average_305_t4 3335
---------------------------------------------------------------------

freesurfer imgreg_4dfp.c
/opt/freesurfer/average/711-2C_as_mni_average_305.4dfp.img
       256       256       256         1
  1.000000  1.000000  1.000000
orientation T byte_order littleendian
Reading image: /opt/freesurfer/average/711-2C_as_mni_average_305.4dfp.img
dimensions:      256       256       256
mmppix:       1.0000   -1.0000   -1.0000
center:     128.0000 -129.0000 -129.0000
/opt/freesurfer/average/711-2B_as_mni_average_305_mask.4dfp.img
       256       256       256         1
  1.000000  1.000000  1.000000
orientation T byte_order littleendian
Reading mask: /opt/freesurfer/average/711-2B_as_mni_average_305_mask.4dfp.img (2306576 pixels)
talsrcimg_g11.4dfp.img
       256       256       256         1
  1.000000  1.000000  1.000000
orientation T byte_order littleendian
Reading image: talsrcimg_g11.4dfp.img
dimensions:      256       256       256
mmppix:       1.0000   -1.0000   -1.0000
center:     128.0000 -129.0000 -129.0000
fimgreg.f
image alignment mode   3335 decimal      D07 hex
parameters
    1.2249   31.1390   -0.5314   -0.3190   -0.3342   -0.5073
    3.5594    7.1433   -4.0666    7.0842   -6.8673   -7.3521
eta,q 0.96162  9.45856
niter,ni,del,rscale     5    3    5.0000    1.2000
parameter  4  0.659509 ->  0.500000 qaram    1.1500
parameters
    1.2179   31.2623   -0.9866   -4.4590   -2.0908   -1.2630
    4.4197    8.4064   -2.2386    8.8039   -5.5469   -5.4673
eta,q 0.96305  9.20961
  0.0413  0.0407  0.0393  0.0376  0.0384  0.0385  0.0398  0.0416  0.0391  0.0397  0.0383  0.0385
  0.0397  0.0395  0.0387  0.0372  0.0377  0.0381  0.0386  0.0395  0.0382  0.0385  0.0376  0.0378
  0.0387  0.0387  0.0383  0.0374  0.0372  0.0378  0.0377  0.0379  0.0376  0.0376  0.0372  0.0373
  0.0384  0.0384  0.0384  0.0383  0.0372  0.0372  0.0373  0.0373  0.0372  0.0371  0.0370  0.0370
  0.0387  0.0385  0.0388  0.0401  0.0377  0.0374  0.0374  0.0373  0.0371  0.0370  0.0371  0.0370
  0.0398  0.0392  0.0395  0.0423  0.0391  0.0382  0.0379  0.0380  0.0373  0.0373  0.0372  0.0371
  0.0414  0.0403  0.0404  0.0448  0.0412  0.0399  0.0389  0.0394  0.0379  0.0381  0.0376  0.0375
niter,ni,del,rscale     5    3    5.0000    1.2000
parameters
    1.6091   31.5864   -1.2117   -6.1833   -3.5830   -2.7489
    3.4578    8.3957   -1.9686   11.0410   -4.1191   -4.3424
eta,q 0.96338  8.96818
  0.0406  0.0391  0.0379  0.0384  0.0379  0.0377  0.0383  0.0397  0.0381  0.0391  0.0379  0.0382
  0.0388  0.0380  0.0372  0.0376  0.0373  0.0372  0.0375  0.0382  0.0376  0.0383  0.0374  0.0375
  0.0376  0.0372  0.0369  0.0371  0.0370  0.0371  0.0371  0.0373  0.0372  0.0376  0.0370  0.0370
  0.0370  0.0369  0.0368  0.0368  0.0369  0.0369  0.0370  0.0370  0.0370  0.0370  0.0367  0.0367
  0.0369  0.0369  0.0371  0.0373  0.0372  0.0372  0.0374  0.0372  0.0371  0.0367  0.0367  0.0367
  0.0376  0.0374  0.0376  0.0389  0.0381  0.0378  0.0381  0.0381  0.0374  0.0370  0.0369  0.0370
  0.0388  0.0382  0.0383  0.0415  0.0397  0.0392  0.0391  0.0397  0.0380  0.0376  0.0373  0.0375
niter,ni,del,rscale     4    3    5.0000    1.2000
parameters
    1.5137   31.8730   -1.2560   -7.5442   -5.4997   -3.6868
    2.9458    8.4831   -3.3371   12.5640   -3.0658   -4.5565
eta,q 0.96356  8.74823
  0.0390  0.0388  0.0379  0.0379  0.0373  0.0380  0.0381  0.0395  0.0373  0.0390  0.0378  0.0377
  0.0376  0.0377  0.0371  0.0372  0.0369  0.0372  0.0373  0.0381  0.0368  0.0380  0.0372  0.0370
  0.0369  0.0369  0.0367  0.0368  0.0367  0.0367  0.0368  0.0371  0.0366  0.0371  0.0367  0.0365
  0.0366  0.0366  0.0366  0.0366  0.0367  0.0366  0.0366  0.0366  0.0366  0.0366  0.0365  0.0364
  0.0370  0.0367  0.0368  0.0368  0.0370  0.0370  0.0369  0.0369  0.0369  0.0365  0.0365  0.0366
  0.0379  0.0372  0.0372  0.0378  0.0378  0.0378  0.0376  0.0379  0.0373  0.0369  0.0367  0.0371
  0.0394  0.0379  0.0379  0.0399  0.0391  0.0388  0.0386  0.0396  0.0380  0.0377  0.0372  0.0378
niter,ni,del,rscale     3    3    5.0000    1.2000
parameters
    1.4207   32.3984   -1.6218   -8.1931   -7.3218   -4.4709
    3.1028    8.4386   -3.9594   14.2621   -2.7780   -5.2937
eta,q 0.96381  8.59344
  0.0387  0.0387  0.0373  0.0376  0.0369  0.0378  0.0380  0.0393  0.0372  0.0389  0.0373  0.0371
  0.0374  0.0375  0.0367  0.0369  0.0365  0.0370  0.0372  0.0378  0.0367  0.0377  0.0367  0.0365
  0.0367  0.0368  0.0364  0.0365  0.0364  0.0365  0.0366  0.0367  0.0364  0.0368  0.0363  0.0362
  0.0364  0.0364  0.0364  0.0363  0.0364  0.0363  0.0363  0.0363  0.0363  0.0363  0.0362  0.0362
  0.0368  0.0364  0.0367  0.0363  0.0366  0.0366  0.0365  0.0367  0.0365  0.0362  0.0363  0.0364
  0.0376  0.0367  0.0372  0.0369  0.0373  0.0376  0.0371  0.0378  0.0369  0.0366  0.0366  0.0369
  0.0391  0.0373  0.0380  0.0385  0.0383  0.0386  0.0379  0.0394  0.0375  0.0373  0.0371  0.0375
niter,ni,del,rscale     2    3    5.0000    1.2000
parameters
    1.3399   33.0533   -2.1221   -8.6619   -8.7519   -5.4250
    3.1894    8.3366   -3.6981   15.9662   -3.0496   -5.7903
eta,q 0.96409  8.47232
  0.0384  0.0385  0.0368  0.0371  0.0367  0.0373  0.0376  0.0388  0.0372  0.0385  0.0367  0.0367
  0.0371  0.0374  0.0363  0.0365  0.0362  0.0367  0.0368  0.0374  0.0366  0.0373  0.0363  0.0362
  0.0364  0.0366  0.0360  0.0361  0.0360  0.0362  0.0363  0.0364  0.0362  0.0365  0.0360  0.0360
  0.0362  0.0362  0.0361  0.0360  0.0360  0.0360  0.0360  0.0360  0.0360  0.0360  0.0359  0.0359
  0.0365  0.0361  0.0364  0.0361  0.0362  0.0363  0.0362  0.0364  0.0361  0.0359  0.0361  0.0361
  0.0373  0.0363  0.0370  0.0364  0.0368  0.0372  0.0368  0.0374  0.0365  0.0362  0.0364  0.0364
  0.0387  0.0368  0.0378  0.0377  0.0377  0.0383  0.0376  0.0390  0.0371  0.0369  0.0368  0.0369
niter,ni,del,rscale     1    3    5.0000    1.2000
parameters
    1.2763   33.6648   -2.7205   -9.1404   -9.8626   -6.6902
    3.1407    8.2206   -3.2159   17.3908   -3.4595   -5.6392
eta,q 0.96435  8.36059
  0.0380  0.0381  0.0364  0.0367  0.0365  0.0367  0.0373  0.0384  0.0371  0.0379  0.0363  0.0364
  0.0368  0.0370  0.0360  0.0360  0.0360  0.0363  0.0365  0.0370  0.0364  0.0368  0.0359  0.0360
  0.0361  0.0363  0.0358  0.0357  0.0357  0.0358  0.0359  0.0360  0.0359  0.0361  0.0357  0.0357
  0.0359  0.0359  0.0358  0.0357  0.0357  0.0357  0.0357  0.0357  0.0357  0.0357  0.0357  0.0356
  0.0362  0.0358  0.0361  0.0359  0.0359  0.0359  0.0359  0.0361  0.0358  0.0357  0.0358  0.0357
  0.0370  0.0361  0.0367  0.0361  0.0364  0.0369  0.0365  0.0371  0.0362  0.0360  0.0361  0.0360
  0.0382  0.0366  0.0375  0.0371  0.0372  0.0381  0.0373  0.0386  0.0368  0.0366  0.0365  0.0364
registration optimization eta report
parameter search radius
    2.4000    2.4000    2.4000    8.2800    7.2000    7.2000
    7.2000    7.2000    7.2000    7.2000    7.2000    7.2000
100000*second partial in parameter space
       38.       25.       19.        2.        2.        3.
        3.        5.        2.        3.        1.        1.
  0.0380  0.0381  0.0364  0.0367  0.0365  0.0367  0.0373  0.0384  0.0371  0.0379  0.0363  0.0364
  0.0368  0.0370  0.0360  0.0360  0.0360  0.0363  0.0365  0.0370  0.0364  0.0368  0.0359  0.0360
  0.0361  0.0363  0.0358  0.0357  0.0357  0.0358  0.0359  0.0360  0.0359  0.0361  0.0357  0.0357
  0.0359  0.0359  0.0358  0.0357  0.0357  0.0357  0.0357  0.0357  0.0357  0.0357  0.0357  0.0356
  0.0362  0.0358  0.0361  0.0359  0.0359  0.0359  0.0359  0.0361  0.0358  0.0357  0.0358  0.0357
  0.0370  0.0361  0.0367  0.0361  0.0364  0.0369  0.0365  0.0371  0.0362  0.0360  0.0361  0.0360
  0.0382  0.0366  0.0375  0.0371  0.0372  0.0381  0.0373  0.0386  0.0368  0.0366  0.0365  0.0364
    1.2763   33.6648   -2.7205   -9.1404   -9.8626   -6.6902
    3.1407    8.2206   -3.2159   17.3908   -3.4595   -5.6392
eta,q 0.96435  8.36059

---------------------------------------------------------------------
imgreg_4dfp /opt/freesurfer/average/711-2C_as_mni_average_305 /opt/freesurfer/average/711-2B_as_mni_average_305_mask talsrcimg_g11 none talsrcimg_to_711-2C_as_mni_average_305_t4 2311
---------------------------------------------------------------------

freesurfer imgreg_4dfp.c
/opt/freesurfer/average/711-2C_as_mni_average_305.4dfp.img
       256       256       256         1
  1.000000  1.000000  1.000000
orientation T byte_order littleendian
Reading image: /opt/freesurfer/average/711-2C_as_mni_average_305.4dfp.img
dimensions:      256       256       256
mmppix:       1.0000   -1.0000   -1.0000
center:     128.0000 -129.0000 -129.0000
/opt/freesurfer/average/711-2B_as_mni_average_305_mask.4dfp.img
       256       256       256         1
  1.000000  1.000000  1.000000
orientation T byte_order littleendian
Reading mask: /opt/freesurfer/average/711-2B_as_mni_average_305_mask.4dfp.img (2306576 pixels)
talsrcimg_g11.4dfp.img
       256       256       256         1
  1.000000  1.000000  1.000000
orientation T byte_order littleendian
Reading image: talsrcimg_g11.4dfp.img
dimensions:      256       256       256
mmppix:       1.0000   -1.0000   -1.0000
center:     128.0000 -129.0000 -129.0000
fimgreg.f
image alignment mode   2311 decimal      907 hex
parameters
    1.2763   33.6648   -2.7205   -9.1404   -9.8626   -6.6902
    3.1407    8.2206   -3.2159   17.3908   -3.4595   -5.6392
eta,q 0.96435  8.36059
niter,ni,del,rscale     5    3    5.0000    0.8000
parameters
    1.2101   34.1544   -3.3067  -10.6730  -10.6756   -7.4541
    3.0876    8.0666   -3.0146   18.5712   -4.2033   -5.1897
eta,q 0.96464  8.23229
  0.0365  0.0367  0.0357  0.0357  0.0358  0.0358  0.0362  0.0367  0.0361  0.0363  0.0356  0.0357
  0.0360  0.0362  0.0356  0.0355  0.0355  0.0356  0.0358  0.0359  0.0358  0.0359  0.0354  0.0356
  0.0357  0.0358  0.0355  0.0354  0.0354  0.0355  0.0355  0.0355  0.0355  0.0356  0.0354  0.0354
  0.0356  0.0356  0.0356  0.0355  0.0354  0.0354  0.0354  0.0354  0.0354  0.0354  0.0354  0.0354
  0.0358  0.0356  0.0358  0.0357  0.0355  0.0355  0.0355  0.0356  0.0355  0.0354  0.0355  0.0354
  0.0361  0.0357  0.0360  0.0358  0.0357  0.0358  0.0358  0.0361  0.0357  0.0355  0.0356  0.0355
  0.0367  0.0359  0.0364  0.0359  0.0361  0.0364  0.0363  0.0368  0.0360  0.0357  0.0358  0.0356
niter,ni,del,rscale     4    3    5.0000    0.7000
parameters
    1.2000   34.5053   -3.6487  -10.9585  -11.3311   -8.3145
    3.1319    7.9455   -2.8205   19.2275   -4.5618   -4.9426
eta,q 0.96474  8.17331
  0.0361  0.0361  0.0355  0.0357  0.0356  0.0355  0.0360  0.0362  0.0359  0.0358  0.0355  0.0355
  0.0357  0.0357  0.0354  0.0354  0.0354  0.0354  0.0356  0.0357  0.0355  0.0355  0.0353  0.0354
  0.0354  0.0355  0.0353  0.0353  0.0353  0.0353  0.0354  0.0354  0.0353  0.0354  0.0353  0.0353
  0.0354  0.0354  0.0353  0.0353  0.0353  0.0353  0.0353  0.0353  0.0353  0.0353  0.0353  0.0353
  0.0354  0.0353  0.0354  0.0354  0.0354  0.0354  0.0353  0.0354  0.0353  0.0353  0.0353  0.0353
  0.0357  0.0354  0.0356  0.0356  0.0355  0.0355  0.0356  0.0358  0.0355  0.0354  0.0354  0.0353
  0.0361  0.0356  0.0359  0.0358  0.0358  0.0359  0.0359  0.0363  0.0358  0.0356  0.0356  0.0355
niter,ni,del,rscale     3    3    5.0000    0.6000
parameters
    1.1981   34.6993   -3.8260  -11.2162  -11.6720   -8.9536
    3.1153    7.8057   -2.7104   19.5789   -4.8795   -4.8437
eta,q 0.96478  8.13517
  0.0358  0.0357  0.0354  0.0356  0.0355  0.0354  0.0357  0.0359  0.0356  0.0356  0.0354  0.0354
  0.0355  0.0355  0.0353  0.0354  0.0353  0.0353  0.0355  0.0355  0.0354  0.0354  0.0353  0.0353
  0.0353  0.0353  0.0353  0.0353  0.0352  0.0353  0.0353  0.0353  0.0353  0.0353  0.0352  0.0352
  0.0353  0.0353  0.0352  0.0352  0.0352  0.0352  0.0352  0.0352  0.0352  0.0352  0.0352  0.0352
  0.0353  0.0353  0.0353  0.0353  0.0353  0.0353  0.0353  0.0353  0.0353  0.0352  0.0353  0.0352
  0.0355  0.0353  0.0354  0.0355  0.0354  0.0354  0.0355  0.0356  0.0354  0.0353  0.0353  0.0353
  0.0358  0.0355  0.0356  0.0356  0.0356  0.0356  0.0357  0.0360  0.0356  0.0355  0.0354  0.0354
niter,ni,del,rscale     2    3    5.0000    0.5000
parameters
    1.2269   34.8200   -3.9432  -11.4351  -11.8345   -9.4491
    3.0394    7.6885   -2.6382   19.7850   -5.1732   -4.8247
eta,q 0.96479  8.10966
  0.0356  0.0355  0.0353  0.0355  0.0354  0.0353  0.0356  0.0357  0.0355  0.0354  0.0353  0.0353
  0.0354  0.0354  0.0353  0.0353  0.0353  0.0353  0.0354  0.0354  0.0354  0.0353  0.0352  0.0353
  0.0353  0.0353  0.0352  0.0352  0.0352  0.0352  0.0352  0.0352  0.0352  0.0353  0.0352  0.0352
  0.0352  0.0352  0.0352  0.0352  0.0352  0.0352  0.0352  0.0352  0.0352  0.0352  0.0352  0.0352
  0.0353  0.0352  0.0353  0.0353  0.0352  0.0352  0.0353  0.0353  0.0352  0.0352  0.0352  0.0352
  0.0354  0.0353  0.0353  0.0354  0.0353  0.0353  0.0354  0.0355  0.0353  0.0353  0.0353  0.0353
  0.0356  0.0354  0.0354  0.0355  0.0354  0.0354  0.0356  0.0357  0.0355  0.0354  0.0354  0.0353
niter,ni,del,rscale     1    3    5.0000    0.4000
parameters
    1.2667   34.9082   -4.0116  -11.6277  -12.0077   -9.8007
    2.9315    7.5534   -2.5777   19.8716   -5.4024   -4.7915
eta,q 0.96480  8.08675
  0.0355  0.0354  0.0353  0.0354  0.0353  0.0353  0.0354  0.0355  0.0354  0.0353  0.0353  0.0353
  0.0353  0.0353  0.0352  0.0353  0.0352  0.0352  0.0353  0.0353  0.0353  0.0353  0.0352  0.0352
  0.0352  0.0352  0.0352  0.0352  0.0352  0.0352  0.0352  0.0352  0.0352  0.0352  0.0352  0.0352
  0.0352  0.0352  0.0352  0.0352  0.0352  0.0352  0.0352  0.0352  0.0352  0.0352  0.0352  0.0352
  0.0352  0.0352  0.0352  0.0352  0.0352  0.0352  0.0352  0.0353  0.0352  0.0352  0.0352  0.0352
  0.0353  0.0353  0.0353  0.0353  0.0353  0.0353  0.0353  0.0354  0.0353  0.0352  0.0353  0.0352
  0.0354  0.0353  0.0353  0.0354  0.0353  0.0354  0.0355  0.0355  0.0354  0.0353  0.0353  0.0353
registration optimization eta report
parameter search radius
    0.8000    0.8000    0.8000    2.4000    2.4000    2.4000
    2.4000    2.4000    2.4000    2.4000    2.4000    2.4000
100000*second partial in parameter space
       39.       25.       17.        3.        2.        2.
        4.        5.        3.        2.        2.        1.
  0.0355  0.0354  0.0353  0.0354  0.0353  0.0353  0.0354  0.0355  0.0354  0.0353  0.0353  0.0353
  0.0353  0.0353  0.0352  0.0353  0.0352  0.0352  0.0353  0.0353  0.0353  0.0353  0.0352  0.0352
  0.0352  0.0352  0.0352  0.0352  0.0352  0.0352  0.0352  0.0352  0.0352  0.0352  0.0352  0.0352
  0.0352  0.0352  0.0352  0.0352  0.0352  0.0352  0.0352  0.0352  0.0352  0.0352  0.0352  0.0352
  0.0352  0.0352  0.0352  0.0352  0.0352  0.0352  0.0352  0.0353  0.0352  0.0352  0.0352  0.0352
  0.0353  0.0353  0.0353  0.0353  0.0353  0.0353  0.0353  0.0354  0.0353  0.0352  0.0353  0.0352
  0.0354  0.0353  0.0353  0.0354  0.0353  0.0354  0.0355  0.0355  0.0354  0.0353  0.0353  0.0353
    1.2667   34.9082   -4.0116  -11.6277  -12.0077   -9.8007
    2.9315    7.5534   -2.5777   19.8716   -5.4024   -4.7915
eta,q 0.96480  8.08675

---------------------------------------------------------------------
imgreg_4dfp /opt/freesurfer/average/711-2C_as_mni_average_305 /opt/freesurfer/average/711-2B_as_mni_average_305_mask talsrcimg_g11 none talsrcimg_to_711-2C_as_mni_average_305_t4 2311
---------------------------------------------------------------------

freesurfer imgreg_4dfp.c
/opt/freesurfer/average/711-2C_as_mni_average_305.4dfp.img
       256       256       256         1
  1.000000  1.000000  1.000000
orientation T byte_order littleendian
Reading image: /opt/freesurfer/average/711-2C_as_mni_average_305.4dfp.img
dimensions:      256       256       256
mmppix:       1.0000   -1.0000   -1.0000
center:     128.0000 -129.0000 -129.0000
/opt/freesurfer/average/711-2B_as_mni_average_305_mask.4dfp.img
       256       256       256         1
  1.000000  1.000000  1.000000
orientation T byte_order littleendian
Reading mask: /opt/freesurfer/average/711-2B_as_mni_average_305_mask.4dfp.img (2306576 pixels)
talsrcimg_g11.4dfp.img
       256       256       256         1
  1.000000  1.000000  1.000000
orientation T byte_order littleendian
Reading image: talsrcimg_g11.4dfp.img
dimensions:      256       256       256
mmppix:       1.0000   -1.0000   -1.0000
center:     128.0000 -129.0000 -129.0000
fimgreg.f
image alignment mode   2311 decimal      907 hex
parameters
    1.2667   34.9082   -4.0116  -11.6277  -12.0077   -9.8007
    2.9315    7.5534   -2.5777   19.8716   -5.4024   -4.7915
eta,q 0.96480  8.08675
niter,ni,del,rscale     5    3    5.0000    0.8000
parameters
    1.2918   34.9955   -4.0345  -11.5044  -12.0029  -10.3948
    2.8964    7.6257   -2.5367   19.7165   -5.4571   -4.7380
eta,q 0.96479  8.07527
  0.0362  0.0359  0.0356  0.0359  0.0357  0.0355  0.0361  0.0365  0.0359  0.0357  0.0355  0.0355
  0.0357  0.0355  0.0354  0.0355  0.0354  0.0353  0.0356  0.0358  0.0355  0.0354  0.0353  0.0354
  0.0353  0.0353  0.0352  0.0353  0.0352  0.0352  0.0353  0.0353  0.0353  0.0353  0.0352  0.0352
  0.0352  0.0352  0.0352  0.0352  0.0352  0.0352  0.0352  0.0352  0.0352  0.0352  0.0352  0.0352
  0.0353  0.0353  0.0353  0.0353  0.0353  0.0353  0.0353  0.0354  0.0353  0.0353  0.0353  0.0352
  0.0356  0.0354  0.0354  0.0355  0.0354  0.0354  0.0356  0.0358  0.0355  0.0354  0.0354  0.0354
  0.0362  0.0358  0.0356  0.0358  0.0357  0.0357  0.0361  0.0363  0.0359  0.0358  0.0355  0.0355
niter,ni,del,rscale     4    3    5.0000    0.7000
parameters
    1.3243   35.0306   -4.0987  -11.6390  -12.1099  -10.5563
    2.7972    7.5499   -2.5326   19.7694   -5.5766   -4.7454
eta,q 0.96479  8.06174
  0.0360  0.0357  0.0355  0.0357  0.0356  0.0355  0.0359  0.0361  0.0358  0.0356  0.0355  0.0354
  0.0356  0.0354  0.0353  0.0354  0.0353  0.0353  0.0355  0.0356  0.0355  0.0354  0.0353  0.0353
  0.0353  0.0353  0.0352  0.0352  0.0352  0.0352  0.0353  0.0353  0.0353  0.0352  0.0352  0.0352
  0.0352  0.0352  0.0352  0.0352  0.0352  0.0352  0.0352  0.0352  0.0352  0.0352  0.0352  0.0352
  0.0353  0.0353  0.0353  0.0353  0.0353  0.0352  0.0353  0.0354  0.0353  0.0352  0.0352  0.0352
  0.0355  0.0354  0.0354  0.0355  0.0354  0.0353  0.0355  0.0357  0.0355  0.0353  0.0353  0.0353
  0.0359  0.0357  0.0355  0.0357  0.0356  0.0355  0.0359  0.0361  0.0357  0.0356  0.0355  0.0354
niter,ni,del,rscale     3    3    5.0000    0.6000
parameters
    1.3491   35.0690   -4.1034  -11.7805  -12.2117  -10.7238
    2.7260    7.4619   -2.5017   19.7805   -5.7013   -4.7968
eta,q 0.96480  8.04796
  0.0358  0.0356  0.0354  0.0356  0.0355  0.0354  0.0357  0.0359  0.0356  0.0355  0.0354  0.0354
  0.0355  0.0354  0.0353  0.0354  0.0353  0.0353  0.0354  0.0355  0.0354  0.0353  0.0353  0.0353
  0.0353  0.0352  0.0352  0.0352  0.0352  0.0352  0.0353  0.0352  0.0353  0.0352  0.0352  0.0352
  0.0352  0.0352  0.0352  0.0352  0.0352  0.0352  0.0352  0.0352  0.0352  0.0352  0.0352  0.0352
  0.0353  0.0352  0.0352  0.0353  0.0353  0.0352  0.0353  0.0353  0.0352  0.0352  0.0352  0.0352
  0.0354  0.0353  0.0353  0.0354  0.0353  0.0353  0.0355  0.0356  0.0354  0.0353  0.0353  0.0353
  0.0357  0.0355  0.0354  0.0356  0.0355  0.0354  0.0357  0.0359  0.0356  0.0355  0.0354  0.0354
niter,ni,del,rscale     2    3    5.0000    0.5000
parameters
    1.3708   35.1122   -4.1033  -11.8779  -12.3734  -10.8957
    2.6507    7.3519   -2.4710   19.7583   -5.7788   -4.7830
eta,q 0.96481  8.03300
  0.0356  0.0355  0.0354  0.0355  0.0354  0.0353  0.0356  0.0357  0.0355  0.0354  0.0353  0.0353
  0.0354  0.0353  0.0353  0.0353  0.0353  0.0352  0.0354  0.0354  0.0353  0.0353  0.0353  0.0353
  0.0352  0.0352  0.0352  0.0352  0.0352  0.0352  0.0352  0.0352  0.0352  0.0352  0.0352  0.0352
  0.0352  0.0352  0.0352  0.0352  0.0352  0.0352  0.0352  0.0352  0.0352  0.0352  0.0352  0.0352
  0.0352  0.0352  0.0352  0.0352  0.0352  0.0352  0.0352  0.0353  0.0352  0.0352  0.0352  0.0352
  0.0354  0.0353  0.0353  0.0354  0.0353  0.0352  0.0354  0.0355  0.0353  0.0353  0.0353  0.0353
  0.0356  0.0354  0.0353  0.0355  0.0354  0.0354  0.0356  0.0357  0.0355  0.0354  0.0353  0.0353
niter,ni,del,rscale     1    3    5.0000    0.4000
parameters
    1.3869   35.1371   -4.0764  -11.9358  -12.5266  -10.9834
    2.5901    7.2733   -2.4515   19.7346   -5.8822   -4.8648
eta,q 0.96481  8.02227
  0.0355  0.0354  0.0353  0.0354  0.0353  0.0353  0.0354  0.0355  0.0354  0.0353  0.0353  0.0353
  0.0353  0.0353  0.0352  0.0353  0.0352  0.0352  0.0353  0.0353  0.0353  0.0352  0.0352  0.0352
  0.0352  0.0352  0.0352  0.0352  0.0352  0.0352  0.0352  0.0352  0.0352  0.0352  0.0352  0.0352
  0.0352  0.0352  0.0352  0.0352  0.0352  0.0352  0.0352  0.0352  0.0352  0.0352  0.0352  0.0352
  0.0352  0.0352  0.0352  0.0352  0.0352  0.0352  0.0352  0.0353  0.0352  0.0352  0.0352  0.0352
  0.0353  0.0353  0.0352  0.0353  0.0353  0.0352  0.0353  0.0354  0.0353  0.0352  0.0352  0.0352
  0.0354  0.0353  0.0353  0.0354  0.0353  0.0353  0.0354  0.0355  0.0354  0.0353  0.0353  0.0353
registration optimization eta report
parameter search radius
    0.8000    0.8000    0.8000    2.4000    2.4000    2.4000
    2.4000    2.4000    2.4000    2.4000    2.4000    2.4000
100000*second partial in parameter space
       40.       24.       15.        4.        2.        1.
        4.        6.        3.        2.        2.        1.
  0.0355  0.0354  0.0353  0.0354  0.0353  0.0353  0.0354  0.0355  0.0354  0.0353  0.0353  0.0353
  0.0353  0.0353  0.0352  0.0353  0.0352  0.0352  0.0353  0.0353  0.0353  0.0352  0.0352  0.0352
  0.0352  0.0352  0.0352  0.0352  0.0352  0.0352  0.0352  0.0352  0.0352  0.0352  0.0352  0.0352
  0.0352  0.0352  0.0352  0.0352  0.0352  0.0352  0.0352  0.0352  0.0352  0.0352  0.0352  0.0352
  0.0352  0.0352  0.0352  0.0352  0.0352  0.0352  0.0352  0.0353  0.0352  0.0352  0.0352  0.0352
  0.0353  0.0353  0.0352  0.0353  0.0353  0.0352  0.0353  0.0354  0.0353  0.0352  0.0352  0.0352
  0.0354  0.0353  0.0353  0.0354  0.0353  0.0353  0.0354  0.0355  0.0354  0.0353  0.0353  0.0353
    1.3869   35.1371   -4.0764  -11.9358  -12.5266  -10.9834
    2.5901    7.2733   -2.4515   19.7346   -5.8822   -4.8648
eta,q 0.96481  8.02227

---------------------------------------------------------------------
compute_vox2vox talsrcimg talsrcimg_to_711-2C_as_mni_average_305_t4 /opt/freesurfer/average/711-2C_as_mni_average_305
---------------------------------------------------------------------

freesurfer compute_vox2vox.c
Reading: talsrcimg.4dfp.ifh
Reading: talsrcimg_to_711-2C_as_mni_average_305_t4
Reading: /opt/freesurfer/average/711-2C_as_mni_average_305.4dfp.ifh
Writing: talsrcimg_to_711-2C_as_mni_average_305_t4_vox2vox.txt

start time Mon Mar 9 21:36:04 CET 2026
end		time Mon Mar 9 21:37:28 CET 2026

mpr2mni305 success

avi2talxfm orig_nu.mgz /opt/freesurfer/average/mni305.cor.mgz talsrcimg_to_711-2C_as_mni_average_305_t4_vox2vox.txt transforms/talairach.auto.xfm
avi2talxfm done
mv -f /out/sourcedata/freesurfer/sub-v1s2x0051469_ses-1/mri/talsrcimg_to_711-2C_as_mni_average_305_t4_vox2vox.txt /out/sourcedata/freesurfer/sub-v1s2x0051469_ses-1/mri/transforms/talsrcimg_to_711-2C_as_mni_average_305_t4_vox2vox.txt
lta_convert --src orig_nu.mgz --trg /opt/freesurfer/average/mni305.cor.mgz --inxfm transforms/talairach.auto.xfm --outlta transforms/talairach.auto.xfm.lta --subject fsaverage
7.3.2

--src: orig_nu.mgz src image (geometry).
--trg: /opt/freesurfer/average/mni305.cor.mgz trg image (geometry).
--inmni: transforms/talairach.auto.xfm input MNI/XFM transform.
--outlta: transforms/talairach.auto.xfm.lta output LTA.
--s: fsaverage subject name
 LTA read, type : 1
 1.12888  -0.08379  -0.03809   5.39848;
 0.07540   1.10411   0.05917  -69.77594;
 0.01463  -0.25144   1.12879  -10.91847;
 0.00000   0.00000   0.00000   1.00000;
setting subject to fsaverage
Writing  LTA to file transforms/talairach.auto.xfm.lta...
lta_convert successful.
 
 
Started at Mon Mar 9 21:36:03 CET 2026
Ended   at Mon Mar  9 21:37:29 CET 2026
talairach_avi done
