/out/sourcedata/freesurfer/sub-v1s2x0051457_ses-1/mri
/opt/freesurfer/bin/talairach_avi
--i orig_nu.mgz --xfm transforms/talairach.auto.xfm
talairach_avi 7.3.2
Linux dna023 5.14.0-427.37.1.el9_4.x86_64 #1 SMP PREEMPT_DYNAMIC Fri Sep 13 12:41:50 EDT 2024 x86_64 x86_64 x86_64 GNU/Linux
Mon Mar  9 21:20:57 CET 2026
mri_convert orig_nu.mgz talsrcimg.img 
reading from orig_nu.mgz...
TR=0.00, TE=0.00, TI=0.00, flip angle=0.00
i_ras = (-1, 0, 0)
j_ras = (0, 0, -1)
k_ras = (0, 1, 0)
writing to talsrcimg.img...
Analyze Output Matrix
-1.00000   0.00000   0.00000   124.07627;
 0.00000   0.00000   1.00000  -59.52542;
 0.00000  -1.00000   0.00000   118.47458;
 0.00000   0.00000   0.00000   1.00000;
--------------------
INFO: set hdr.hist.orient to -1
mpr2mni305 talsrcimg
Mon Mar  9 21:20:58 CET 2026
/opt/freesurfer/bin/mpr2mni305 talsrcimg
mpr2mni305 7.3.2
target=711-2C_as_mni_average_305

---------------------------------------------------------------------
analyzeto4dfp talsrcimg -O0 -y
---------------------------------------------------------------------

freesurfer ifh2hdr.c
Mon Mar  9 21:20:58 2026
Writing: talsrcimg.4dfp.hdr
freesurfer analyzeto4dfp.c
Reading: talsrcimg.hdr
header size 348 bytes
hdr.dime.datatype	offset=70	value=2
hdr.dime.bitpix		offset=72	value=8
hdr.hist.orient		offset=252	value=-1
dimensionality     4
dimensions       256       256       256         1
Reading: talsrcimg.img
Writing: talsrcimg.4dfp.img
Writing: talsrcimg.4dfp.ifh
ifh2hdr talsrcimg -r0to243
ori=2

---------------------------------------------------------------------
gauss_4dfp talsrcimg 1.1
---------------------------------------------------------------------

freesurfer gauss_4dfp.c
Reading: talsrcimg.4dfp.img
Writing: talsrcimg_g11.4dfp.img
image dimensions 256 256 256 padded to 288 288 288
processing volume 1freesurfer ifh2hdr.c
Mon Mar  9 21:20:59 2026
Writing: talsrcimg_g11.4dfp.hdr

Writing: talsrcimg_g11.4dfp.ifh
including: talsrcimg.4dfp.img.rec in talsrcimg_g11.4dfp.img.rec

---------------------------------------------------------------------
imgreg_4dfp /opt/freesurfer/average/711-2C_as_mni_average_305 none talsrcimg_g11 none talsrcimg_to_711-2C_as_mni_average_305_t4 4355
---------------------------------------------------------------------

freesurfer imgreg_4dfp.c
/opt/freesurfer/average/711-2C_as_mni_average_305.4dfp.img
       256       256       256         1
  1.000000  1.000000  1.000000
orientation T byte_order littleendian
Reading image: /opt/freesurfer/average/711-2C_as_mni_average_305.4dfp.img
dimensions:      256       256       256
mmppix:       1.0000   -1.0000   -1.0000
center:     128.0000 -129.0000 -129.0000
talsrcimg_g11.4dfp.img
       256       256       256         1
  1.000000  1.000000  1.000000
orientation T byte_order littleendian
Reading image: talsrcimg_g11.4dfp.img
dimensions:      256       256       256
mmppix:       1.0000   -1.0000   -1.0000
center:     128.0000 -129.0000 -129.0000
t4_read: open error in t4_sub.f l:  41 t4_file(1:l)talsrcimg_to_711-2C_as_mni_average_305_t4 
t4_read: transform initialized to I4
rotation matrix determinant  1.000000
image alignment mode   4355 decimal     1103 hex
   -7.5000  -45.0000  -45.0000 6367.4692   11.7355
    0.0000  -45.0000  -45.0000 6629.3633   11.7338
    7.5000  -45.0000  -45.0000 6338.3623   11.7290
   -7.5000  -37.5000  -45.0000 6930.3022   11.2466
    0.0000  -37.5000  -45.0000 7212.1641   11.2441
    7.5000  -37.5000  -45.0000 6885.9790   11.2404
   -7.5000  -30.0000  -45.0000 7817.9082   10.9058
    0.0000  -30.0000  -45.0000 8142.0400   10.9024
    7.5000  -30.0000  -45.0000 7756.9331   10.9006
   -7.5000  -22.5000  -45.0000 8787.4248   10.6929
    0.0000  -22.5000  -45.0000 9174.5215   10.6910
    7.5000  -22.5000  -45.0000 8735.1904   10.6917
   -7.5000  -15.0000  -45.0000 9822.2979   10.5459
    0.0000  -15.0000  -45.000010262.3252   10.5468
    7.5000  -15.0000  -45.0000 9764.0820   10.5478
   -7.5000   -7.5000  -45.000010893.2676   10.4791
    0.0000   -7.5000  -45.000011357.6846   10.4819
    7.5000   -7.5000  -45.000010817.7725   10.4810
   -7.5000    0.0000  -45.000011893.4990   10.4682
    0.0000    0.0000  -45.000012408.2422   10.4706
    7.5000    0.0000  -45.000011800.3574   10.4671
   -7.5000    7.5000  -45.000011939.7773   10.4706
    0.0000    7.5000  -45.000012451.1211   10.4705
    7.5000    7.5000  -45.000011844.0303   10.4664
   -7.5000   15.0000  -45.000011870.6104   10.4739
    0.0000   15.0000  -45.000012376.1064   10.4718
    7.5000   15.0000  -45.000011768.6445   10.4695
   -7.5000   22.5000  -45.000011746.6982   10.4738
    0.0000   22.5000  -45.000012255.4893   10.4725
    7.5000   22.5000  -45.000011665.8477   10.4726
   -7.5000   30.0000  -45.000011550.0049   10.3353
    0.0000   30.0000  -45.000012034.6543   10.3364
    7.5000   30.0000  -45.000011459.0176   10.3374
   -7.5000   37.5000  -45.000011548.4082   10.3299
    0.0000   37.5000  -45.000012022.1387   10.3327
    7.5000   37.5000  -45.000011418.6709   10.3318
   -7.5000   45.0000  -45.000011145.4727   10.0665
    0.0000   45.0000  -45.000011585.2373   10.0687
    7.5000   45.0000  -45.000010978.5332   10.0654
   -7.5000  -45.0000  -37.5000 6615.0747   11.6271
    0.0000  -45.0000  -37.5000 6891.5098   11.6270
    7.5000  -45.0000  -37.5000 6586.2212   11.6197
   -7.5000  -37.5000  -37.5000 7201.9287   11.1436
    0.0000  -37.5000  -37.5000 7503.4565   11.1440
    7.5000  -37.5000  -37.5000 7163.5684   11.1406
   -7.5000  -30.0000  -37.5000 8134.4429   10.8047
    0.0000  -30.0000  -37.5000 8492.0332   10.8019
    7.5000  -30.0000  -37.5000 8089.5767   10.8008
   -7.5000  -22.5000  -37.5000 9181.7803   10.5994
    0.0000  -22.5000  -37.5000 9598.9775   10.5946
    7.5000  -22.5000  -37.5000 9139.3574   10.5939
   -7.5000  -15.0000  -37.500010287.7715   10.4602
    0.0000  -15.0000  -37.500010745.2148   10.4565
    7.5000  -15.0000  -37.500010229.0449   10.4537
   -7.5000   -7.5000  -37.500011409.5293   10.3960
    0.0000   -7.5000  -37.500011911.2197   10.3963
    7.5000   -7.5000  -37.500011346.5039   10.3915
   -7.5000    0.0000  -37.500012440.9453   10.3818
    0.0000    0.0000  -37.500012980.7051   10.3851
    7.5000    0.0000  -37.500012369.5068   10.3799
   -7.5000    7.5000  -37.500012500.3398   10.3785
    0.0000    7.5000  -37.500013034.0342   10.3806
    7.5000    7.5000  -37.500012411.9961   10.3769
   -7.5000   15.0000  -37.500012422.6855   10.3796
    0.0000   15.0000  -37.500012956.1797   10.3780
    7.5000   15.0000  -37.500012340.9551   10.3764
   -7.5000   22.5000  -37.500012291.7305   10.3833
    0.0000   22.5000  -37.500012827.2930   10.3792
    7.5000   22.5000  -37.500012227.5908   10.3779
   -7.5000   30.0000  -37.500012075.6924   10.2517
    0.0000   30.0000  -37.500012581.7852   10.2482
    7.5000   30.0000  -37.500011980.5244   10.2454
   -7.5000   37.5000  -37.500012062.6289   10.2480
    0.0000   37.5000  -37.500012555.3916   10.2484
    7.5000   37.5000  -37.500011936.8506   10.2436
   -7.5000   45.0000  -37.500011627.7754    9.9834
    0.0000   45.0000  -37.500012094.5986    9.9865
    7.5000   45.0000  -37.500011469.6904    9.9815
   -7.5000  -45.0000  -30.0000 6986.4717   12.0882
    0.0000  -45.0000  -30.0000 7276.0991   12.0922
    7.5000  -45.0000  -30.0000 6943.8281   12.0879
   -7.5000  -37.5000  -30.0000 7627.1055   11.5897
    0.0000  -37.5000  -30.0000 7962.9502   11.5928
    7.5000  -37.5000  -30.0000 7582.6533   11.5920
   -7.5000  -30.0000  -30.0000 8640.9971   11.2374
    0.0000  -30.0000  -30.0000 9025.4229   11.2338
    7.5000  -30.0000  -30.0000 8594.3037   11.2348
   -7.5000  -22.5000  -30.0000 9771.4072   11.0273
    0.0000  -22.5000  -30.000010209.7529   11.0198
    7.5000  -22.5000  -30.0000 9728.2109   11.0202
   -7.5000  -15.0000  -30.000010957.2803   10.8847
    0.0000  -15.0000  -30.000011432.2910   10.8790
    7.5000  -15.0000  -30.000010887.5303   10.8770
   -7.5000   -7.5000  -30.000012150.6172   10.8170
    0.0000   -7.5000  -30.000012685.9395   10.8185
    7.5000   -7.5000  -30.000012090.9863   10.8150
   -7.5000    0.0000  -30.000013259.5908   10.7991
    0.0000    0.0000  -30.000013833.3594   10.8060
    7.5000    0.0000  -30.000013187.8506   10.8026
   -7.5000    7.5000  -30.000013332.0361   10.7931
    0.0000    7.5000  -30.000013885.9600   10.7977
    7.5000    7.5000  -30.000013240.9238   10.7963
   -7.5000   15.0000  -30.000013250.8896   10.7950
    0.0000   15.0000  -30.000013808.5547   10.7929
    7.5000   15.0000  -30.000013169.9111   10.7934
   -7.5000   22.5000  -30.000013111.6006   10.8013
    0.0000   22.5000  -30.000013656.3115   10.7944
    7.5000   22.5000  -30.000013030.3896   10.7945
   -7.5000   30.0000  -30.000012863.8564   10.6687
    0.0000   30.0000  -30.000013399.8926   10.6633
    7.5000   30.0000  -30.000012762.9600   10.6613
   -7.5000   37.5000  -30.000012841.5137   10.6640
    0.0000   37.5000  -30.000013375.5234   10.6656
    7.5000   37.5000  -30.000012728.9219   10.6621
   -7.5000   45.0000  -30.000012352.4248   10.3923
    0.0000   45.0000  -30.000012835.8760   10.3989
    7.5000   45.0000  -30.000012210.5996   10.3957
   -7.5000  -45.0000  -22.5000 7314.4053   12.4890
    0.0000  -45.0000  -22.5000 7633.0923   12.4953
    7.5000  -45.0000  -22.5000 7272.9531   12.4968
   -7.5000  -37.5000  -22.5000 8016.3716   11.9817
    0.0000  -37.5000  -22.5000 8371.3340   11.9840
    7.5000  -37.5000  -22.5000 7967.1460   11.9860
   -7.5000  -30.0000  -22.5000 9116.1270   11.6221
    0.0000  -30.0000  -22.5000 9518.6924   11.6169
    7.5000  -30.0000  -22.5000 9062.7393   11.6192
   -7.5000  -22.5000  -22.500010345.5029   11.4035
    0.0000  -22.5000  -22.500010781.9365   11.3961
    7.5000  -22.5000  -22.500010273.8389   11.3994
   -7.5000  -15.0000  -22.500011612.0264   11.2513
    0.0000  -15.0000  -22.500012083.9160   11.2486
    7.5000  -15.0000  -22.500011506.8896   11.2518
   -7.5000   -7.5000  -22.500012887.8965   11.1779
    0.0000   -7.5000  -22.500013419.3594   11.1833
    7.5000   -7.5000  -22.500012794.5791   11.1856
   -7.5000    0.0000  -22.500014084.8662   11.1602
    0.0000    0.0000  -22.500014689.6768   11.1693
    7.5000    0.0000  -22.500013996.0977   11.1701
   -7.5000    7.5000  -22.500014172.2881   11.1583
    0.0000    7.5000  -22.500014748.2783   11.1626
    7.5000    7.5000  -22.500014099.3223   11.1633
   -7.5000   15.0000  -22.500014103.5371   11.1639
    0.0000   15.0000  -22.500014682.2812   11.1604
    7.5000   15.0000  -22.500014032.9336   11.1623
   -7.5000   22.5000  -22.500013916.8027   11.1689
    0.0000   22.5000  -22.500014484.9404   11.1622
    7.5000   22.5000  -22.500013842.6602   11.1650
   -7.5000   30.0000  -22.500013652.9746   11.0299
    0.0000   30.0000  -22.500014212.1279   11.0274
    7.5000   30.0000  -22.500013582.0869   11.0303
   -7.5000   37.5000  -22.500013641.7012   11.0216
    0.0000   37.5000  -22.500014197.7783   11.0270
    7.5000   37.5000  -22.500013574.1670   11.0291
   -7.5000   45.0000  -22.500013086.2500   10.7479
    0.0000   45.0000  -22.500013587.1416   10.7566
    7.5000   45.0000  -22.500012983.2666   10.7574
   -7.5000  -45.0000  -15.0000 7640.3906   12.7774
    0.0000  -45.0000  -15.0000 7975.1304   12.7823
    7.5000  -45.0000  -15.0000 7604.4751   12.7867
   -7.5000  -37.5000  -15.0000 8406.5361   12.2633
    0.0000  -37.5000  -15.0000 8760.6553   12.2623
    7.5000  -37.5000  -15.0000 8349.3125   12.2637
   -7.5000  -30.0000  -15.0000 9596.1738   11.8999
    0.0000  -30.0000  -15.0000 9982.3057   11.8934
    7.5000  -30.0000  -15.0000 9507.0498   11.8944
   -7.5000  -22.5000  -15.000010891.8037   11.6710
    0.0000  -22.5000  -15.000011325.0498   11.6658
    7.5000  -22.5000  -15.000010794.8643   11.6702
   -7.5000  -15.0000  -15.000012210.5586   11.5084
    0.0000  -15.0000  -15.000012693.6895   11.5102
    7.5000  -15.0000  -15.000012102.8789   11.5176
   -7.5000   -7.5000  -15.000013568.0996   11.4311
    0.0000   -7.5000  -15.000014106.7266   11.4395
    7.5000   -7.5000  -15.000013466.3779   11.4462
   -7.5000    0.0000  -15.000014866.2383   11.4174
    0.0000    0.0000  -15.000015496.9854   11.4257
    7.5000    0.0000  -15.000014797.9502   11.4285
   -7.5000    7.5000  -15.000015003.2236   11.4225
    0.0000    7.5000  -15.000015626.4834   11.4241
    7.5000    7.5000  -15.000014970.2314   11.4243
   -7.5000   15.0000  -15.000014977.2393   11.4309
    0.0000   15.0000  -15.000015597.4072   11.4261
    7.5000   15.0000  -15.000014951.5518   11.4268
   -7.5000   22.5000  -15.000014796.1553   11.4308
    0.0000   22.5000  -15.000015409.7461   11.4262
    7.5000   22.5000  -15.000014753.5029   11.4301
   -7.5000   30.0000  -15.000014509.4707   11.2835
    0.0000   30.0000  -15.000015110.2344   11.2855
    7.5000   30.0000  -15.000014494.3867   11.2927
   -7.5000   37.5000  -15.000014512.5205   11.2729
    0.0000   37.5000  -15.000015112.8496   11.2811
    7.5000   37.5000  -15.000014479.5020   11.2877
   -7.5000   45.0000  -15.000013904.2422   11.0022
    0.0000   45.0000  -15.000014468.5869   11.0102
    7.5000   45.0000  -15.000013799.5508   11.0129
   -7.5000  -45.0000   -7.5000 7950.4907   12.9262
    0.0000  -45.0000   -7.5000 8289.7402   12.9275
    7.5000  -45.0000   -7.5000 7911.2446   12.9285
   -7.5000  -37.5000   -7.5000 8766.8975   12.4021
    0.0000  -37.5000   -7.5000 9139.1953   12.3990
    7.5000  -37.5000   -7.5000 8702.1650   12.3977
   -7.5000  -30.0000   -7.500010045.8398   12.0341
    0.0000  -30.0000   -7.500010458.9727   12.0288
    7.5000  -30.0000   -7.5000 9961.2451   12.0282
   -7.5000  -22.5000   -7.500011426.6299   11.7990
    0.0000  -22.5000   -7.500011882.0918   11.7969
    7.5000  -22.5000   -7.500011338.3203   11.8007
   -7.5000  -15.0000   -7.500012808.7773   11.6331
    0.0000  -15.0000   -7.500013311.9580   11.6371
    7.5000  -15.0000   -7.500012753.7607   11.6439
   -7.5000   -7.5000   -7.500014263.3447   11.5569
    0.0000   -7.5000   -7.500014807.2793   11.5643
    7.5000   -7.5000   -7.500014223.2832   11.5697
   -7.5000    0.0000   -7.500015667.9727   11.5465
    0.0000    0.0000   -7.500016290.3213   11.5518
    7.5000    0.0000   -7.500015657.4043   11.5525
   -7.5000    7.5000   -7.500015893.9990   11.5537
    0.0000    7.5000   -7.500016553.7461   11.5536
    7.5000    7.5000   -7.500015873.6885   11.5514
   -7.5000   15.0000   -7.500015966.0840   11.5608
    0.0000   15.0000   -7.500016661.1875   11.5570
    7.5000   15.0000   -7.500015888.8809   11.5559
   -7.5000   22.5000   -7.500015934.1406   11.5555
    0.0000   22.5000   -7.500016691.0527   11.5539
    7.5000   22.5000   -7.500015779.3271   11.5570
   -7.5000   30.0000   -7.500015650.3369   11.4056
    0.0000   30.0000   -7.500016390.6465   11.4098
    7.5000   30.0000   -7.500015521.6348   11.4163
   -7.5000   37.5000   -7.500015536.4814   11.3965
    0.0000   37.5000   -7.500016237.5537   11.4039
    7.5000   37.5000   -7.500015398.5010   11.4091
   -7.5000   45.0000   -7.500014778.1299   11.1286
    0.0000   45.0000   -7.500015405.5107   11.1338
    7.5000   45.0000   -7.500014565.7910   11.1344
   -7.5000  -45.0000    0.0000 8211.7930   12.9621
    0.0000  -45.0000    0.0000 8533.2578   12.9605
    7.5000  -45.0000    0.0000 8158.1675   12.9553
   -7.5000  -37.5000    0.0000 9068.0391   12.4276
    0.0000  -37.5000    0.0000 9454.2207   12.4252
    7.5000  -37.5000    0.0000 9021.3193   12.4214
   -7.5000  -30.0000    0.000010402.0859   12.0543
    0.0000  -30.0000    0.000010858.7236   12.0510
    7.5000  -30.0000    0.000010375.1484   12.0494
   -7.5000  -22.5000    0.000011837.8975   11.8207
    0.0000  -22.5000    0.000012353.0352   11.8190
    7.5000  -22.5000    0.000011827.4443   11.8202
   -7.5000  -15.0000    0.000013322.6162   11.6594
    0.0000  -15.0000    0.000013891.1631   11.6608
    7.5000  -15.0000    0.000013313.2012   11.6622
   -7.5000   -7.5000    0.000014888.3604   11.5864
    0.0000   -7.5000    0.000015549.2236   11.5898
    7.5000   -7.5000    0.000014868.1035   11.5889
   -7.5000    0.0000    0.000016413.8203   11.5750
    0.0000    0.0000    0.000017198.6895   11.5777
    7.5000    0.0000    0.000016367.0400   11.5740
   -7.5000    7.5000    0.000016628.5703   11.5777
    0.0000    7.5000    0.000017391.4785   11.5778
    7.5000    7.5000    0.000016527.5566   11.5736
   -7.5000   15.0000    0.000016661.6211   11.5810
    0.0000   15.0000    0.000017384.0078   11.5791
    7.5000   15.0000    0.000016441.9727   11.5769
   -7.5000   22.5000    0.000016713.8418   11.5768
    0.0000   22.5000    0.000017623.4570   11.5756
    7.5000   22.5000    0.000016398.6309   11.5761
   -7.5000   30.0000    0.000016518.5254   11.4317
    0.0000   30.0000    0.000017543.6094   11.4332
    7.5000   30.0000    0.000016279.9307   11.4345
   -7.5000   37.5000    0.000016295.7539   11.4260
    0.0000   37.5000    0.000017218.9258   11.4293
    7.5000   37.5000    0.000016116.9717   11.4285
   -7.5000   45.0000    0.000015333.5850   11.1570
    0.0000   45.0000    0.000016071.4443   11.1596
    7.5000   45.0000    0.000015119.9951   11.1560
   -7.5000  -45.0000    7.5000 7777.3560   12.9837
    0.0000  -45.0000    7.5000 8110.6191   12.9836
    7.5000  -45.0000    7.5000 7719.4277   12.9754
   -7.5000  -37.5000    7.5000 8626.0791   12.4446
    0.0000  -37.5000    7.5000 9026.6904   12.4451
    7.5000  -37.5000    7.5000 8582.3584   12.4412
   -7.5000  -30.0000    7.5000 9932.5332   12.0667
    0.0000  -30.0000    7.500010415.2432   12.0636
    7.5000  -30.0000    7.5000 9895.7168   12.0623
   -7.5000  -22.5000    7.500011335.4150   11.8379
    0.0000  -22.5000    7.500011890.6133   11.8326
    7.5000  -22.5000    7.500011296.4121   11.8317
   -7.5000  -15.0000    7.500012787.8994   11.6829
    0.0000  -15.0000    7.500013405.1963   11.6788
    7.5000  -15.0000    7.500012729.9912   11.6756
   -7.5000   -7.5000    7.500014310.2812   11.6115
    0.0000   -7.5000    7.500015019.7051   11.6120
    7.5000   -7.5000    7.500014244.5723   11.6065
   -7.5000    0.0000    7.500015788.3379   11.5957
    0.0000    0.0000    7.500016597.0664   11.5994
    7.5000    0.0000    7.500015691.9844   11.5935
   -7.5000    7.5000    7.500016000.5283   11.5918
    0.0000    7.5000    7.500016715.9277   11.5942
    7.5000    7.5000    7.500015853.6445   11.5900
   -7.5000   15.0000    7.500015979.5635   11.5928
    0.0000   15.0000    7.500016673.5098   11.5911
    7.5000   15.0000    7.500015829.4102   11.5893
   -7.5000   22.5000    7.500015973.1572   11.5933
    0.0000   22.5000    7.500016932.7617   11.5887
    7.5000   22.5000    7.500015869.4248   11.5872
   -7.5000   30.0000    7.500015793.5771   11.4546
    0.0000   30.0000    7.500016815.4160   11.4508
    7.5000   30.0000    7.500015754.8965   11.4475
   -7.5000   37.5000    7.500015621.5908   11.4507
    0.0000   37.5000    7.500016523.6953   11.4512
    7.5000   37.5000    7.500015632.1240   11.4458
   -7.5000   45.0000    7.500014736.4551   11.1769
    0.0000   45.0000    7.500015495.9395   11.1805
    7.5000   45.0000    7.500014700.4150   11.1748
   -7.5000  -45.0000   15.0000 7231.0210   13.0415
    0.0000  -45.0000   15.0000 7571.7588   13.0459
    7.5000  -45.0000   15.0000 7183.0103   13.0413
   -7.5000  -37.5000   15.0000 8070.0151   12.5033
    0.0000  -37.5000   15.0000 8478.9004   12.5066
    7.5000  -37.5000   15.0000 8016.4854   12.5059
   -7.5000  -30.0000   15.0000 9322.1221   12.1233
    0.0000  -30.0000   15.0000 9796.5156   12.1193
    7.5000  -30.0000   15.0000 9261.8350   12.1205
   -7.5000  -22.5000   15.000010667.4561   11.8972
    0.0000  -22.5000   15.000011189.1504   11.8888
    7.5000  -22.5000   15.000010603.4336   11.8895
   -7.5000  -15.0000   15.000012033.7852   11.7439
    0.0000  -15.0000   15.000012621.2100   11.7376
    7.5000  -15.0000   15.000011983.0508   11.7356
   -7.5000   -7.5000   15.000013452.9277   11.6717
    0.0000   -7.5000   15.000014113.6924   11.6732
    7.5000   -7.5000   15.000013410.5801   11.6695
   -7.5000    0.0000   15.000014794.7764   11.6524
    0.0000    0.0000   15.000015527.7539   11.6596
    7.5000    0.0000   15.000014746.1201   11.6561
   -7.5000    7.5000   15.000014992.0186   11.6459
    0.0000    7.5000   15.000015661.0244   11.6507
    7.5000    7.5000   15.000014907.2363   11.6492
   -7.5000   15.0000   15.000015037.5469   11.6480
    0.0000   15.0000   15.000015801.5957   11.6455
    7.5000   15.0000   15.000015006.5996   11.6461
   -7.5000   22.5000   15.000015024.5986   11.6522
    0.0000   22.5000   15.000015924.4688   11.6446
    7.5000   22.5000   15.000015020.2559   11.6448
   -7.5000   30.0000   15.000014752.1611   11.5151
    0.0000   30.0000   15.000015514.9873   11.5091
    7.5000   30.0000   15.000014741.8154   11.5070
   -7.5000   37.5000   15.000014642.7881   11.5100
    0.0000   37.5000   15.000015326.3027   11.5115
    7.5000   37.5000   15.000014650.9150   11.5079
   -7.5000   45.0000   15.000013871.4736   11.2315
    0.0000   45.0000   15.000014508.1572   11.2385
    7.5000   45.0000   15.000013867.6172   11.2351
   -7.5000  -45.0000   22.5000 6682.6206   13.2298
    0.0000  -45.0000   22.5000 6988.1221   13.2369
    7.5000  -45.0000   22.5000 6669.2490   13.2392
   -7.5000  -37.5000   22.5000 7482.5083   12.6860
    0.0000  -37.5000   22.5000 7826.2974   12.6889
    7.5000  -37.5000   22.5000 7439.7725   12.6919
   -7.5000  -30.0000   22.5000 8677.5459   12.3019
    0.0000  -30.0000   22.5000 9094.0410   12.2966
    7.5000  -30.0000   22.5000 8641.0049   12.2999
   -7.5000  -22.5000   22.5000 9965.1211   12.0696
    0.0000  -22.5000   22.500010428.2061   12.0615
    7.5000  -22.5000   22.5000 9930.6152   12.0655
   -7.5000  -15.0000   22.500011235.0752   11.9084
    0.0000  -15.0000   22.500011764.5674   11.9050
    7.5000  -15.0000   22.500011205.2617   11.9086
   -7.5000   -7.5000   22.500012519.9561   11.8314
    0.0000   -7.5000   22.500013117.9648   11.8370
    7.5000   -7.5000   22.500012492.5693   11.8396
   -7.5000    0.0000   22.500013760.4521   11.8120
    0.0000    0.0000   22.500014400.0566   11.8218
    7.5000    0.0000   22.500013716.0605   11.8231
   -7.5000    7.5000   22.500013958.7354   11.8100
    0.0000    7.5000   22.500014581.5361   11.8147
    7.5000    7.5000   22.500013912.1387   11.8162
   -7.5000   15.0000   22.500014029.6387   11.8165
    0.0000   15.0000   22.500014750.0625   11.8128
    7.5000   15.0000   22.500014041.3906   11.8156
   -7.5000   22.5000   22.500013978.0303   11.8204
    0.0000   22.5000   22.500014701.2100   11.8130
    7.5000   22.5000   22.500013968.6064   11.8165
   -7.5000   30.0000   22.500013735.3730   11.6767
    0.0000   30.0000   22.500014298.6807   11.6737
    7.5000   30.0000   22.500013677.7676   11.6770
   -7.5000   37.5000   22.500013759.5801   11.6675
    0.0000   37.5000   22.500014307.8770   11.6730
    7.5000   37.5000   22.500013710.8750   11.6755
   -7.5000   45.0000   22.500013069.5508   11.3854
    0.0000   45.0000   22.500013636.7246   11.3949
    7.5000   45.0000   22.500013028.6074   11.3961
   -7.5000  -45.0000   30.0000 6179.9844   13.5249
    0.0000  -45.0000   30.0000 6465.6968   13.5291
    7.5000  -45.0000   30.0000 6178.5117   13.5331
   -7.5000  -37.5000   30.0000 6914.1641   12.9634
    0.0000  -37.5000   30.0000 7227.6421   12.9617
    7.5000  -37.5000   30.0000 6908.0928   12.9630
   -7.5000  -30.0000   30.0000 8019.7002   12.5681
    0.0000  -30.0000   30.0000 8407.5605   12.5604
    7.5000  -30.0000   30.0000 8016.8647   12.5615
   -7.5000  -22.5000   30.0000 9204.7314   12.3215
    0.0000  -22.5000   30.0000 9643.8408   12.3146
    7.5000  -22.5000   30.0000 9190.4707   12.3192
   -7.5000  -15.0000   30.000010378.5449   12.1481
    0.0000  -15.0000   30.000010872.8066   12.1481
    7.5000  -15.0000   30.000010365.8379   12.1555
   -7.5000   -7.5000   30.000011585.7451   12.0681
    0.0000   -7.5000   30.000012128.4727   12.0753
    7.5000   -7.5000   30.000011550.6934   12.0817
   -7.5000    0.0000   30.000012765.2715   12.0532
    0.0000    0.0000   30.000013347.3750   12.0609
    7.5000    0.0000   30.000012712.9043   12.0633
   -7.5000    7.5000   30.000012943.6865   12.0582
    0.0000    7.5000   30.000013539.9023   12.0592
    7.5000    7.5000   30.000012912.9502   12.0591
   -7.5000   15.0000   30.000012996.7422   12.0669
    0.0000   15.0000   30.000013645.3516   12.0609
    7.5000   15.0000   30.000013004.7949   12.0615
   -7.5000   22.5000   30.000012917.9414   12.0656
    0.0000   22.5000   30.000013496.3906   12.0593
    7.5000   22.5000   30.000012874.7314   12.0633
   -7.5000   30.0000   30.000012687.7852   11.9119
    0.0000   30.0000   30.000013168.4180   11.9121
    7.5000   30.0000   30.000012610.1650   11.9192
   -7.5000   37.5000   30.000012775.1582   11.9007
    0.0000   37.5000   30.000013281.2852   11.9078
    7.5000   37.5000   30.000012715.8184   11.9142
   -7.5000   45.0000   30.000012186.0762   11.6179
    0.0000   45.0000   30.000012675.4189   11.6253
    7.5000   45.0000   30.000012105.0605   11.6276
   -7.5000  -45.0000   37.5000 5969.0645   14.0074
    0.0000  -45.0000   37.5000 6240.9038   14.0041
    7.5000  -45.0000   37.5000 5968.5034   14.0017
   -7.5000  -37.5000   37.5000 6670.5469   13.4044
    0.0000  -37.5000   37.5000 6977.1079   13.3974
    7.5000  -37.5000   37.5000 6681.0156   13.3932
   -7.5000  -30.0000   37.5000 7735.8359   12.9826
    0.0000  -30.0000   37.5000 8103.3457   12.9735
    7.5000  -30.0000   37.5000 7747.7798   12.9708
   -7.5000  -22.5000   37.5000 8876.8896   12.7145
    0.0000  -22.5000   37.5000 9299.2051   12.7085
    7.5000  -22.5000   37.5000 8873.8662   12.7110
   -7.5000  -15.0000   37.500010013.2578   12.5283
    0.0000  -15.0000   37.500010480.9004   12.5284
    7.5000  -15.0000   37.5000 9996.9482   12.5340
   -7.5000   -7.5000   37.500011185.3350   12.4482
    0.0000   -7.5000   37.500011692.4365   12.4519
    7.5000   -7.5000   37.500011135.5879   12.4552
   -7.5000    0.0000   37.500012319.4951   12.4387
    0.0000    0.0000   37.500012876.2617   12.4406
    7.5000    0.0000   37.500012267.3877   12.4385
   -7.5000    7.5000   37.500012488.3945   12.4477
    0.0000    7.5000   37.500013053.5225   12.4442
    7.5000    7.5000   37.500012462.1846   12.4394
   -7.5000   15.0000   37.500012505.4082   12.4547
    0.0000   15.0000   37.500013090.2656   12.4473
    7.5000   15.0000   37.500012492.1572   12.4442
   -7.5000   22.5000   37.500012397.9414   12.4465
    0.0000   22.5000   37.500012936.2939   12.4410
    7.5000   22.5000   37.500012355.0342   12.4427
   -7.5000   30.0000   37.500012177.5615   12.2841
    0.0000   30.0000   37.500012653.0283   12.2843
    7.5000   30.0000   37.500012110.4932   12.2896
   -7.5000   37.5000   37.500012307.4102   12.2754
    0.0000   37.5000   37.500012792.0400   12.2791
    7.5000   37.5000   37.500012252.4346   12.2823
   -7.5000   45.0000   37.500011754.9092   11.9895
    0.0000   45.0000   37.500012229.4795   11.9913
    7.5000   45.0000   37.500011684.7383   11.9892
   -7.5000  -45.0000   45.0000 5495.6357   14.5022
    0.0000  -45.0000   45.0000 5749.0884   14.4956
    7.5000  -45.0000   45.0000 5509.2856   14.4872
   -7.5000  -37.5000   45.0000 6152.7700   13.8680
    0.0000  -37.5000   45.0000 6454.0288   13.8610
    7.5000  -37.5000   45.0000 6182.2734   13.8549
   -7.5000  -30.0000   45.0000 7141.4351   13.4147
    0.0000  -30.0000   45.0000 7488.4067   13.4065
    7.5000  -30.0000   45.0000 7168.6211   13.4036
   -7.5000  -22.5000   45.0000 8199.7090   13.1289
    0.0000  -22.5000   45.0000 8587.3047   13.1224
    7.5000  -22.5000   45.0000 8205.1475   13.1230
   -7.5000  -15.0000   45.0000 9256.5068   12.9343
    0.0000  -15.0000   45.0000 9682.8301   12.9312
    7.5000  -15.0000   45.0000 9245.9590   12.9320
   -7.5000   -7.5000   45.000010330.0898   12.8537
    0.0000   -7.5000   45.000010778.0645   12.8531
    7.5000   -7.5000   45.000010291.3359   12.8508
   -7.5000    0.0000   45.000011355.7539   12.8441
    0.0000    0.0000   45.000011847.2080   12.8432
    7.5000    0.0000   45.000011312.9912   12.8373
   -7.5000    7.5000   45.000011509.8125   12.8508
    0.0000    7.5000   45.000012020.8154   12.8470
    7.5000    7.5000   45.000011478.9512   12.8408
   -7.5000   15.0000   45.000011516.4023   12.8551
    0.0000   15.0000   45.000012028.2324   12.8485
    7.5000   15.0000   45.000011487.4951   12.8449
   -7.5000   22.5000   45.000011397.2861   12.8460
    0.0000   22.5000   45.000011880.0889   12.8400
    7.5000   22.5000   45.000011357.4980   12.8398
   -7.5000   30.0000   45.000011173.6172   12.6799
    0.0000   30.0000   45.000011626.6543   12.6770
    7.5000   30.0000   45.000011123.2236   12.6776
   -7.5000   37.5000   45.000011305.4141   12.6740
    0.0000   37.5000   45.000011759.3057   12.6735
    7.5000   37.5000   45.000011261.3643   12.6711
   -7.5000   45.0000   45.000010818.0078   12.3858
    0.0000   45.0000   45.000011248.7715   12.3850
    7.5000   45.0000   45.000010767.2998   12.3793

---------------------------------------------------------------------
imgreg_4dfp /opt/freesurfer/average/711-2C_as_mni_average_305 /opt/freesurfer/average/711-2B_as_mni_average_305_mask talsrcimg_g11 none talsrcimg_to_711-2C_as_mni_average_305_t4 4355
---------------------------------------------------------------------

freesurfer imgreg_4dfp.c
/opt/freesurfer/average/711-2C_as_mni_average_305.4dfp.img
       256       256       256         1
  1.000000  1.000000  1.000000
orientation T byte_order littleendian
Reading image: /opt/freesurfer/average/711-2C_as_mni_average_305.4dfp.img
dimensions:      256       256       256
mmppix:       1.0000   -1.0000   -1.0000
center:     128.0000 -129.0000 -129.0000
/opt/freesurfer/average/711-2B_as_mni_average_305_mask.4dfp.img
       256       256       256         1
  1.000000  1.000000  1.000000
orientation T byte_order littleendian
Reading mask: /opt/freesurfer/average/711-2B_as_mni_average_305_mask.4dfp.img (2306576 pixels)
talsrcimg_g11.4dfp.img
       256       256       256         1
  1.000000  1.000000  1.000000
orientation T byte_order littleendian
Reading image: talsrcimg_g11.4dfp.img
dimensions:      256       256       256
mmppix:       1.0000   -1.0000   -1.0000
center:     128.0000 -129.0000 -129.0000
rotation matrix determinant  1.000000
image alignment mode   4355 decimal     1103 hex
   -7.5000  -22.5000  -45.0000 2250.4441   13.4557
    0.0000  -22.5000  -45.0000 2255.4880   13.5103
    7.5000  -22.5000  -45.0000 2233.5649   13.6022
   -7.5000  -15.0000  -45.0000 2360.1528   12.2046
    0.0000  -15.0000  -45.0000 2365.9021   12.2466
    7.5000  -15.0000  -45.0000 2345.9070   12.3307
   -7.5000   -7.5000  -45.0000 2454.2146   11.2476
    0.0000   -7.5000  -45.0000 2460.1257   11.2640
    7.5000   -7.5000  -45.0000 2439.5696   11.3583
   -7.5000    0.0000  -45.0000 2510.8398   10.5343
    0.0000    0.0000  -45.0000 2521.1511   10.5506
    7.5000    0.0000  -45.0000 2498.3711   10.6460
   -7.5000    7.5000  -45.0000 2548.1838   10.0023
    0.0000    7.5000  -45.0000 2556.3440    9.9965
    7.5000    7.5000  -45.0000 2536.3662   10.1130
   -7.5000   15.0000  -45.0000 2567.2896    9.6599
    0.0000   15.0000  -45.0000 2573.6455    9.6519
    7.5000   15.0000  -45.0000 2554.3491    9.7808
   -7.5000   22.5000  -45.0000 2569.5278    9.5190
    0.0000   22.5000  -45.0000 2577.8618    9.5126
    7.5000   22.5000  -45.0000 2557.6892    9.6366
   -7.5000   30.0000  -45.0000 2566.6472    9.5269
    0.0000   30.0000  -45.0000 2571.5300    9.5152
    7.5000   30.0000  -45.0000 2552.6912    9.6495
   -7.5000   37.5000  -45.0000 2546.7070    9.7706
    0.0000   37.5000  -45.0000 2556.0266    9.7518
    7.5000   37.5000  -45.0000 2530.2722    9.8893
   -7.5000   45.0000  -45.0000 2509.6519   10.1302
    0.0000   45.0000  -45.0000 2516.3096   10.1458
    7.5000   45.0000  -45.0000 2491.3198   10.2749
   -7.5000   52.5000  -45.0000 2434.8423   10.6140
    0.0000   52.5000  -45.0000 2442.3860   10.6199
    7.5000   52.5000  -45.0000 2412.5627   10.7576
   -7.5000   60.0000  -45.0000 2309.9932   11.1607
    0.0000   60.0000  -45.0000 2316.6909   11.1652
    7.5000   60.0000  -45.0000 2291.5745   11.2935
   -7.5000   67.5000  -45.0000 2151.6233   11.6786
    0.0000   67.5000  -45.0000 2158.6501   11.6746
    7.5000   67.5000  -45.0000 2138.5403   11.8152
   -7.5000  -22.5000  -37.5000 2304.1750   12.8349
    0.0000  -22.5000  -37.5000 2312.5896   12.8942
    7.5000  -22.5000  -37.5000 2290.8691   13.0081
   -7.5000  -15.0000  -37.5000 2418.1147   11.6245
    0.0000  -15.0000  -37.5000 2426.7463   11.6392
    7.5000  -15.0000  -37.5000 2406.0386   11.7489
   -7.5000   -7.5000  -37.5000 2515.7700   10.6741
    0.0000   -7.5000  -37.5000 2527.6216   10.6728
    7.5000   -7.5000  -37.5000 2506.3618   10.7982
   -7.5000    0.0000  -37.5000 2579.3755    9.9679
    0.0000    0.0000  -37.5000 2590.3389    9.9601
    7.5000    0.0000  -37.5000 2570.7615   10.0864
   -7.5000    7.5000  -37.5000 2623.6213    9.4342
    0.0000    7.5000  -37.5000 2630.9563    9.4422
    7.5000    7.5000  -37.5000 2612.0132    9.5395
   -7.5000   15.0000  -37.5000 2651.0007    9.0477
    0.0000   15.0000  -37.5000 2659.8320    9.0343
    7.5000   15.0000  -37.5000 2641.2576    9.1622
   -7.5000   22.5000  -37.5000 2657.5681    8.8950
    0.0000   22.5000  -37.5000 2668.5850    8.8827
    7.5000   22.5000  -37.5000 2648.4719    9.0168
   -7.5000   30.0000  -37.5000 2656.9656    8.9048
    0.0000   30.0000  -37.5000 2663.9116    8.8815
    7.5000   30.0000  -37.5000 2643.6470    9.0193
   -7.5000   37.5000  -37.5000 2639.4216    9.1083
    0.0000   37.5000  -37.5000 2647.0728    9.0884
    7.5000   37.5000  -37.5000 2623.5818    9.2200
   -7.5000   45.0000  -37.5000 2602.1477    9.4482
    0.0000   45.0000  -37.5000 2609.3513    9.4367
    7.5000   45.0000  -37.5000 2583.6558    9.5688
   -7.5000   52.5000  -37.5000 2523.9321    9.9014
    0.0000   52.5000  -37.5000 2527.9119    9.8782
    7.5000   52.5000  -37.5000 2500.4851   10.0273
   -7.5000   60.0000  -37.5000 2392.8301   10.4019
    0.0000   60.0000  -37.5000 2397.7332   10.3747
    7.5000   60.0000  -37.5000 2374.6765   10.5018
   -7.5000   67.5000  -37.5000 2226.5273   10.9079
    0.0000   67.5000  -37.5000 2232.5491   10.8704
    7.5000   67.5000  -37.5000 2214.0925   10.9927
   -7.5000  -22.5000  -30.0000 2389.6899   12.7461
    0.0000  -22.5000  -30.0000 2398.5193   12.7790
    7.5000  -22.5000  -30.0000 2378.9819   12.9362
   -7.5000  -15.0000  -30.0000 2507.5889   11.5187
    0.0000  -15.0000  -30.0000 2518.2441   11.5255
    7.5000  -15.0000  -30.0000 2495.0090   11.6683
   -7.5000   -7.5000  -30.0000 2608.0198   10.5383
    0.0000   -7.5000  -30.0000 2621.4885   10.5259
    7.5000   -7.5000  -30.0000 2600.1177   10.6887
   -7.5000    0.0000  -30.0000 2681.0847    9.7752
    0.0000    0.0000  -30.0000 2694.3979    9.7580
    7.5000    0.0000  -30.0000 2671.5557    9.9131
   -7.5000    7.5000  -30.0000 2734.9600    9.2091
    0.0000    7.5000  -30.0000 2740.4211    9.2054
    7.5000    7.5000  -30.0000 2719.1709    9.3409
   -7.5000   15.0000  -30.0000 2771.5220    8.8081
    0.0000   15.0000  -30.0000 2779.6990    8.7956
    7.5000   15.0000  -30.0000 2757.5415    8.9358
   -7.5000   22.5000  -30.0000 2791.4270    8.6150
    0.0000   22.5000  -30.0000 2801.1292    8.5776
    7.5000   22.5000  -30.0000 2780.2109    8.7359
   -7.5000   30.0000  -30.0000 2794.6938    8.6186
    0.0000   30.0000  -30.0000 2801.6797    8.5747
    7.5000   30.0000  -30.0000 2777.5879    8.7280
   -7.5000   37.5000  -30.0000 2779.8608    8.8113
    0.0000   37.5000  -30.0000 2788.5090    8.7815
    7.5000   37.5000  -30.0000 2761.2175    8.9211
   -7.5000   45.0000  -30.0000 2743.7136    9.1487
    0.0000   45.0000  -30.0000 2750.5361    9.1128
    7.5000   45.0000  -30.0000 2720.7800    9.2647
   -7.5000   52.5000  -30.0000 2658.8967    9.5909
    0.0000   52.5000  -30.0000 2664.1877    9.5386
    7.5000   52.5000  -30.0000 2638.0410    9.7003
   -7.5000   60.0000  -30.0000 2518.9622   10.0767
    0.0000   60.0000  -30.0000 2524.0430   10.0238
    7.5000   60.0000  -30.0000 2503.4097   10.1666
   -7.5000   67.5000  -30.0000 2342.1445   10.5888
    0.0000   67.5000  -30.0000 2349.5388   10.5342
    7.5000   67.5000  -30.0000 2329.4900   10.6789
   -7.5000  -22.5000  -22.5000 2441.3862   12.6033
    0.0000  -22.5000  -22.5000 2448.4939   12.6113
    7.5000  -22.5000  -22.5000 2426.7175   12.8034
   -7.5000  -15.0000  -22.5000 2561.5571   11.3498
    0.0000  -15.0000  -22.5000 2570.1218   11.3392
    7.5000  -15.0000  -22.5000 2544.5464   11.5226
   -7.5000   -7.5000  -22.5000 2663.6335   10.3453
    0.0000   -7.5000  -22.5000 2675.2058   10.3294
    7.5000   -7.5000  -22.5000 2651.3374   10.5106
   -7.5000    0.0000  -22.5000 2743.0967    9.5425
    0.0000    0.0000  -22.5000 2757.2874    9.5270
    7.5000    0.0000  -22.5000 2730.1565    9.7134
   -7.5000    7.5000  -22.5000 2803.2612    8.9342
    0.0000    7.5000  -22.5000 2812.3770    8.9133
    7.5000    7.5000  -22.5000 2787.7612    9.1015
   -7.5000   15.0000  -22.5000 2847.7197    8.5145
    0.0000   15.0000  -22.5000 2856.7869    8.4954
    7.5000   15.0000  -22.5000 2829.0273    8.6870
   -7.5000   22.5000  -22.5000 2877.7280    8.3180
    0.0000   22.5000  -22.5000 2891.4392    8.2689
    7.5000   22.5000  -22.5000 2864.3765    8.4533
   -7.5000   30.0000  -22.5000 2893.1445    8.2961
    0.0000   30.0000  -22.5000 2901.8560    8.2471
    7.5000   30.0000  -22.5000 2871.5574    8.4321
   -7.5000   37.5000  -22.5000 2884.2571    8.4856
    0.0000   37.5000  -22.5000 2894.3054    8.4275
    7.5000   37.5000  -22.5000 2862.5081    8.6188
   -7.5000   45.0000  -22.5000 2847.4900    8.8099
    0.0000   45.0000  -22.5000 2857.2563    8.7443
    7.5000   45.0000  -22.5000 2827.0623    8.9415
   -7.5000   52.5000  -22.5000 2757.0464    9.2297
    0.0000   52.5000  -22.5000 2766.2764    9.1704
    7.5000   52.5000  -22.5000 2739.7466    9.3551
   -7.5000   60.0000  -22.5000 2611.8623    9.7118
    0.0000   60.0000  -22.5000 2620.4629    9.6545
    7.5000   60.0000  -22.5000 2598.2068    9.8259
   -7.5000   67.5000  -22.5000 2430.0869   10.2171
    0.0000   67.5000  -22.5000 2438.7273   10.1661
    7.5000   67.5000  -22.5000 2412.8574   10.3379
   -7.5000  -22.5000  -15.0000 2459.7639   12.5161
    0.0000  -22.5000  -15.0000 2467.6211   12.4625
    7.5000  -22.5000  -15.0000 2442.6985   12.7078
   -7.5000  -15.0000  -15.0000 2579.1853   11.2134
    0.0000  -15.0000  -15.0000 2586.6104   11.1679
    7.5000  -15.0000  -15.0000 2560.2695   11.4106
   -7.5000   -7.5000  -15.0000 2680.6555   10.1722
    0.0000   -7.5000  -15.0000 2689.8853   10.1368
    7.5000   -7.5000  -15.0000 2665.5862   10.3679
   -7.5000    0.0000  -15.0000 2763.4858    9.3510
    0.0000    0.0000  -15.0000 2774.4922    9.3135
    7.5000    0.0000  -15.0000 2751.7339    9.5297
   -7.5000    7.5000  -15.0000 2828.7715    8.7265
    0.0000    7.5000  -15.0000 2838.8384    8.6886
    7.5000    7.5000  -15.0000 2815.8242    8.9118
   -7.5000   15.0000  -15.0000 2878.3208    8.3037
    0.0000   15.0000  -15.0000 2890.4971    8.2605
    7.5000   15.0000  -15.0000 2864.4724    8.4932
   -7.5000   22.5000  -15.0000 2922.4868    8.0801
    0.0000   22.5000  -15.0000 2941.8411    8.0348
    7.5000   22.5000  -15.0000 2911.0803    8.2490
   -7.5000   30.0000  -15.0000 2947.8552    8.0464
    0.0000   30.0000  -15.0000 2966.8049    7.9807
    7.5000   30.0000  -15.0000 2928.1152    8.2121
   -7.5000   37.5000  -15.0000 2950.0566    8.1939
    0.0000   37.5000  -15.0000 2962.5710    8.1157
    7.5000   37.5000  -15.0000 2927.1101    8.3568
   -7.5000   45.0000  -15.0000 2911.9949    8.5146
    0.0000   45.0000  -15.0000 2926.5352    8.4437
    7.5000   45.0000  -15.0000 2891.6289    8.6446
   -7.5000   52.5000  -15.0000 2821.7676    8.9299
    0.0000   52.5000  -15.0000 2837.8455    8.8623
    7.5000   52.5000  -15.0000 2804.5901    9.0310
   -7.5000   60.0000  -15.0000 2669.4822    9.3989
    0.0000   60.0000  -15.0000 2682.8250    9.3399
    7.5000   60.0000  -15.0000 2655.9446    9.4988
   -7.5000   67.5000  -15.0000 2485.1411    9.8976
    0.0000   67.5000  -15.0000 2494.3948    9.8470
    7.5000   67.5000  -15.0000 2468.1711    9.9952
   -7.5000  -22.5000   -7.5000 2452.2205   12.4949
    0.0000  -22.5000   -7.5000 2461.9355   12.3918
    7.5000  -22.5000   -7.5000 2436.5298   12.6852
   -7.5000  -15.0000   -7.5000 2567.2439   11.1334
    0.0000  -15.0000   -7.5000 2576.8596   11.0523
    7.5000  -15.0000   -7.5000 2556.7891   11.3558
   -7.5000   -7.5000   -7.5000 2673.1560   10.0730
    0.0000   -7.5000   -7.5000 2677.8333    9.9973
    7.5000   -7.5000   -7.5000 2661.5842   10.2881
   -7.5000    0.0000   -7.5000 2756.8806    9.2411
    0.0000    0.0000   -7.5000 2764.9370    9.1741
    7.5000    0.0000   -7.5000 2751.8970    9.4324
   -7.5000    7.5000   -7.5000 2831.7805    8.6293
    0.0000    7.5000   -7.5000 2841.7759    8.5690
    7.5000    7.5000   -7.5000 2827.9351    8.8060
   -7.5000   15.0000   -7.5000 2891.5217    8.2065
    0.0000   15.0000   -7.5000 2904.0276    8.1605
    7.5000   15.0000   -7.5000 2885.7102    8.3566
   -7.5000   22.5000   -7.5000 2948.8772    7.9982
    0.0000   22.5000   -7.5000 2971.9453    7.9695
    7.5000   22.5000   -7.5000 2942.2148    8.1106
   -7.5000   30.0000   -7.5000 2988.4224    7.9471
    0.0000   30.0000   -7.5000 3015.4915    7.9261
    7.5000   30.0000   -7.5000 2971.0188    8.0591
   -7.5000   37.5000   -7.5000 2991.1362    7.9871
    0.0000   37.5000   -7.5000 3013.2810    7.9313
    7.5000   37.5000   -7.5000 2966.4893    8.1202
   -7.5000   45.0000   -7.5000 2951.3884    8.2636
    0.0000   45.0000   -7.5000 2966.9302    8.2019
    7.5000   45.0000   -7.5000 2929.8655    8.3554
   -7.5000   52.5000   -7.5000 2858.3689    8.6562
    0.0000   52.5000   -7.5000 2875.5847    8.5885
    7.5000   52.5000   -7.5000 2839.7224    8.7143
   -7.5000   60.0000   -7.5000 2703.6038    9.1350
    0.0000   60.0000   -7.5000 2718.3472    9.0688
    7.5000   60.0000   -7.5000 2690.3760    9.1906
   -7.5000   67.5000   -7.5000 2513.2842    9.6506
    0.0000   67.5000   -7.5000 2526.1377    9.5928
    7.5000   67.5000   -7.5000 2500.0483    9.7170
   -7.5000  -22.5000    0.0000 2427.2954   12.5917
    0.0000  -22.5000    0.0000 2438.6765   12.5249
    7.5000  -22.5000    0.0000 2421.1018   12.8568
   -7.5000  -15.0000    0.0000 2538.7341   11.2440
    0.0000  -15.0000    0.0000 2547.9106   11.1788
    7.5000  -15.0000    0.0000 2536.0422   11.4948
   -7.5000   -7.5000    0.0000 2645.1721   10.1787
    0.0000   -7.5000    0.0000 2653.1394   10.1346
    7.5000   -7.5000    0.0000 2643.7925   10.3886
   -7.5000    0.0000    0.0000 2737.6418    9.3368
    0.0000    0.0000    0.0000 2745.9878    9.3082
    7.5000    0.0000    0.0000 2734.1755    9.5114
   -7.5000    7.5000    0.0000 2822.7104    8.6773
    0.0000    7.5000    0.0000 2831.7109    8.6697
    7.5000    7.5000    0.0000 2814.3284    8.8352
   -7.5000   15.0000    0.0000 2892.3616    8.2080
    0.0000   15.0000    0.0000 2905.7468    8.1905
    7.5000   15.0000    0.0000 2885.1343    8.3423
   -7.5000   22.5000    0.0000 2962.6724    7.9910
    0.0000   22.5000    0.0000 2986.9260    7.9643
    7.5000   22.5000    0.0000 2954.6995    8.0562
   -7.5000   30.0000    0.0000 3002.2727    7.9906
    0.0000   30.0000    0.0000 3040.0833    8.0022
    7.5000   30.0000    0.0000 2985.7756    8.0399
   -7.5000   37.5000    0.0000 3001.9102    7.9748
    0.0000   37.5000    0.0000 3030.9463    7.9916
    7.5000   37.5000    0.0000 2982.1204    8.0628
   -7.5000   45.0000    0.0000 2966.2798    8.1153
    0.0000   45.0000    0.0000 2982.9705    8.0894
    7.5000   45.0000    0.0000 2945.3965    8.2009
   -7.5000   52.5000    0.0000 2874.2593    8.4769
    0.0000   52.5000    0.0000 2887.4915    8.4051
    7.5000   52.5000    0.0000 2859.1045    8.5346
   -7.5000   60.0000    0.0000 2718.7561    8.9661
    0.0000   60.0000    0.0000 2730.7371    8.8964
    7.5000   60.0000    0.0000 2707.9355    9.0283
   -7.5000   67.5000    0.0000 2526.0352    9.4817
    0.0000   67.5000    0.0000 2536.1936    9.4391
    7.5000   67.5000    0.0000 2515.1687    9.5770
   -7.5000  -22.5000    7.5000 2400.8328   12.9373
    0.0000  -22.5000    7.5000 2412.9404   12.9183
    7.5000  -22.5000    7.5000 2395.3965   13.2018
   -7.5000  -15.0000    7.5000 2509.3855   11.5396
    0.0000  -15.0000    7.5000 2522.1763   11.5236
    7.5000  -15.0000    7.5000 2504.3640   11.7684
   -7.5000   -7.5000    7.5000 2616.9268   10.4297
    0.0000   -7.5000    7.5000 2627.8579   10.4284
    7.5000   -7.5000    7.5000 2611.7183   10.6394
   -7.5000    0.0000    7.5000 2716.0681    9.5372
    0.0000    0.0000    7.5000 2724.7083    9.5442
    7.5000    0.0000    7.5000 2705.8472    9.7135
   -7.5000    7.5000    7.5000 2809.9951    8.8306
    0.0000    7.5000    7.5000 2818.5854    8.8318
    7.5000    7.5000    7.5000 2795.6426    8.9866
   -7.5000   15.0000    7.5000 2890.3530    8.3105
    0.0000   15.0000    7.5000 2900.4973    8.3005
    7.5000   15.0000    7.5000 2879.6887    8.4443
   -7.5000   22.5000    7.5000 2967.2466    8.0564
    0.0000   22.5000    7.5000 2991.7410    8.0366
    7.5000   22.5000    7.5000 2960.0596    8.1517
   -7.5000   30.0000    7.5000 3006.1311    8.0145
    0.0000   30.0000    7.5000 3046.6748    8.0452
    7.5000   30.0000    7.5000 2999.4944    8.1231
   -7.5000   37.5000    7.5000 2999.4077    8.0132
    0.0000   37.5000    7.5000 3023.0283    8.0327
    7.5000   37.5000    7.5000 2984.5127    8.1503
   -7.5000   45.0000    7.5000 2960.7290    8.1939
    0.0000   45.0000    7.5000 2977.1218    8.1549
    7.5000   45.0000    7.5000 2943.6416    8.2881
   -7.5000   52.5000    7.5000 2866.6758    8.5321
    0.0000   52.5000    7.5000 2884.4700    8.4640
    7.5000   52.5000    7.5000 2855.8130    8.6087
   -7.5000   60.0000    7.5000 2712.1562    8.9823
    0.0000   60.0000    7.5000 2723.1370    8.9196
    7.5000   60.0000    7.5000 2701.7588    9.0709
   -7.5000   67.5000    7.5000 2523.7466    9.4690
    0.0000   67.5000    7.5000 2533.6411    9.4160
    7.5000   67.5000    7.5000 2515.1062    9.5516
   -7.5000  -22.5000   15.0000 2365.7839   13.4101
    0.0000  -22.5000   15.0000 2380.2273   13.3857
    7.5000  -22.5000   15.0000 2360.8845   13.6247
   -7.5000  -15.0000   15.0000 2476.8223   11.9278
    0.0000  -15.0000   15.0000 2489.9519   11.8943
    7.5000  -15.0000   15.0000 2472.0725   12.1293
   -7.5000   -7.5000   15.0000 2588.6118   10.7518
    0.0000   -7.5000   15.0000 2598.6572   10.7206
    7.5000   -7.5000   15.0000 2582.5627   10.9417
   -7.5000    0.0000   15.0000 2691.4824    9.7799
    0.0000    0.0000   15.0000 2703.4287    9.7552
    7.5000    0.0000   15.0000 2683.4971    9.9482
   -7.5000    7.5000   15.0000 2790.7524    9.0254
    0.0000    7.5000   15.0000 2800.6917    8.9962
    7.5000    7.5000   15.0000 2779.4688    9.1738
   -7.5000   15.0000   15.0000 2876.7805    8.5010
    0.0000   15.0000   15.0000 2889.6704    8.4562
    7.5000   15.0000   15.0000 2868.2688    8.6188
   -7.5000   22.5000   15.0000 2953.3188    8.2252
    0.0000   22.5000   15.0000 2977.5774    8.2167
    7.5000   22.5000   15.0000 2950.8843    8.3308
   -7.5000   30.0000   15.0000 2986.3899    8.1202
    0.0000   30.0000   15.0000 3018.5303    8.1086
    7.5000   30.0000   15.0000 2983.4937    8.2440
   -7.5000   37.5000   15.0000 2974.0486    8.1351
    0.0000   37.5000   15.0000 2994.1443    8.0473
    7.5000   37.5000   15.0000 2966.4331    8.2569
   -7.5000   45.0000   15.0000 2932.5466    8.3558
    0.0000   45.0000   15.0000 2952.3169    8.2747
    7.5000   45.0000   15.0000 2922.7881    8.4451
   -7.5000   52.5000   15.0000 2842.1985    8.7084
    0.0000   52.5000   15.0000 2858.7253    8.6336
    7.5000   52.5000   15.0000 2835.3801    8.7849
   -7.5000   60.0000   15.0000 2690.2656    9.1469
    0.0000   60.0000   15.0000 2701.0010    9.0796
    7.5000   60.0000   15.0000 2682.3218    9.2307
   -7.5000   67.5000   15.0000 2503.7515    9.6245
    0.0000   67.5000   15.0000 2510.9026    9.5584
    7.5000   67.5000   15.0000 2497.1960    9.6858
   -7.5000  -22.5000   22.5000 2329.2222   13.9424
    0.0000  -22.5000   22.5000 2338.8833   13.8728
    7.5000  -22.5000   22.5000 2320.0022   14.1075
   -7.5000  -15.0000   22.5000 2449.0466   12.3633
    0.0000  -15.0000   22.5000 2457.8726   12.2838
    7.5000  -15.0000   22.5000 2438.4043   12.5124
   -7.5000   -7.5000   22.5000 2557.6450   11.1183
    0.0000   -7.5000   22.5000 2571.6611   11.0415
    7.5000   -7.5000   22.5000 2551.1443   11.2338
   -7.5000    0.0000   22.5000 2659.4131   10.1184
    0.0000    0.0000   22.5000 2675.4507   10.0234
    7.5000    0.0000   22.5000 2657.2302   10.2199
   -7.5000    7.5000   22.5000 2759.1821    9.3305
    0.0000    7.5000   22.5000 2774.6602    9.2421
    7.5000    7.5000   22.5000 2755.5601    9.4368
   -7.5000   15.0000   22.5000 2853.3105    8.7786
    0.0000   15.0000   22.5000 2867.9746    8.7327
    7.5000   15.0000   22.5000 2848.5066    8.9012
   -7.5000   22.5000   22.5000 2923.6628    8.4953
    0.0000   22.5000   22.5000 2944.0193    8.4753
    7.5000   22.5000   22.5000 2917.7974    8.6077
   -7.5000   30.0000   22.5000 2944.7764    8.3963
    0.0000   30.0000   22.5000 2965.7646    8.2906
    7.5000   30.0000   22.5000 2937.4238    8.4734
   -7.5000   37.5000   22.5000 2937.7729    8.4614
    0.0000   37.5000   22.5000 2952.1355    8.3421
    7.5000   37.5000   22.5000 2933.0344    8.5352
   -7.5000   45.0000   22.5000 2894.4880    8.6983
    0.0000   45.0000   22.5000 2911.7422    8.6210
    7.5000   45.0000   22.5000 2888.8838    8.7794
   -7.5000   52.5000   22.5000 2803.7891    9.0364
    0.0000   52.5000   22.5000 2818.7898    8.9625
    7.5000   52.5000   22.5000 2798.2034    9.1052
   -7.5000   60.0000   22.5000 2654.5747    9.4511
    0.0000   60.0000   22.5000 2664.1941    9.3734
    7.5000   60.0000   22.5000 2649.5034    9.5045
   -7.5000   67.5000   22.5000 2469.4597    9.8866
    0.0000   67.5000   22.5000 2477.4087    9.8229
    7.5000   67.5000   22.5000 2466.1475    9.9462
   -7.5000  -22.5000   30.0000 2280.1377   14.4871
    0.0000  -22.5000   30.0000 2286.2419   14.3753
    7.5000  -22.5000   30.0000 2271.7944   14.5970
   -7.5000  -15.0000   30.0000 2403.6575   12.8404
    0.0000  -15.0000   30.0000 2412.5059   12.7220
    7.5000  -15.0000   30.0000 2395.4248   12.9269
   -7.5000   -7.5000   30.0000 2518.1653   11.5759
    0.0000   -7.5000   30.0000 2533.1704   11.4445
    7.5000   -7.5000   30.0000 2512.7156   11.6276
   -7.5000    0.0000   30.0000 2627.3044   10.5610
    0.0000    0.0000   30.0000 2645.8184   10.4207
    7.5000    0.0000   30.0000 2627.3506   10.6017
   -7.5000    7.5000   30.0000 2725.3103    9.7487
    0.0000    7.5000   30.0000 2748.2024    9.6468
    7.5000    7.5000   30.0000 2727.6741    9.8363
   -7.5000   15.0000   30.0000 2813.5317    9.2091
    0.0000   15.0000   30.0000 2833.7964    9.1530
    7.5000   15.0000   30.0000 2814.3044    9.3182
   -7.5000   22.5000   30.0000 2874.8406    8.9075
    0.0000   22.5000   30.0000 2897.0667    8.8335
    7.5000   22.5000   30.0000 2872.4658    8.9906
   -7.5000   30.0000   30.0000 2890.6702    8.7901
    0.0000   30.0000   30.0000 2911.7959    8.6543
    7.5000   30.0000   30.0000 2886.5024    8.8425
   -7.5000   37.5000   30.0000 2883.9663    8.8633
    0.0000   37.5000   30.0000 2904.6267    8.7586
    7.5000   37.5000   30.0000 2886.6653    8.9138
   -7.5000   45.0000   30.0000 2838.6780    9.1405
    0.0000   45.0000   30.0000 2853.0488    9.0599
    7.5000   45.0000   30.0000 2833.9209    9.1856
   -7.5000   52.5000   30.0000 2748.0249    9.4927
    0.0000   52.5000   30.0000 2757.8623    9.4073
    7.5000   52.5000   30.0000 2740.0991    9.5372
   -7.5000   60.0000   30.0000 2601.5908    9.8742
    0.0000   60.0000   30.0000 2611.3069    9.7959
    7.5000   60.0000   30.0000 2597.2949    9.9219
   -7.5000   67.5000   30.0000 2425.7976   10.2604
    0.0000   67.5000   30.0000 2433.0508   10.2038
    7.5000   67.5000   30.0000 2420.3081   10.3206
   -7.5000  -22.5000   37.5000 2229.9771   15.1978
    0.0000  -22.5000   37.5000 2238.7788   15.0408
    7.5000  -22.5000   37.5000 2224.9243   15.2483
   -7.5000  -15.0000   37.5000 2354.7576   13.4788
    0.0000  -15.0000   37.5000 2367.6750   13.3125
    7.5000  -15.0000   37.5000 2353.1914   13.4976
   -7.5000   -7.5000   37.5000 2474.5991   12.1606
    0.0000   -7.5000   37.5000 2489.6909   11.9822
    7.5000   -7.5000   37.5000 2472.0649   12.1582
   -7.5000    0.0000   37.5000 2584.9072   11.1285
    0.0000    0.0000   37.5000 2606.4448   10.9579
    7.5000    0.0000   37.5000 2587.6814   11.1352
   -7.5000    7.5000   37.5000 2682.6616   10.3278
    0.0000    7.5000   37.5000 2705.1675   10.1926
    7.5000    7.5000   37.5000 2684.9902   10.3755
   -7.5000   15.0000   37.5000 2757.7881    9.7703
    0.0000   15.0000   37.5000 2782.3315    9.6592
    7.5000   15.0000   37.5000 2760.2458    9.8323
   -7.5000   22.5000   37.5000 2811.7690    9.4372
    0.0000   22.5000   37.5000 2839.8813    9.3096
    7.5000   22.5000   37.5000 2814.7002    9.4874
   -7.5000   30.0000   37.5000 2831.6885    9.2845
    0.0000   30.0000   37.5000 2851.7820    9.1602
    7.5000   30.0000   37.5000 2830.0256    9.3328
   -7.5000   37.5000   37.5000 2820.8093    9.3994
    0.0000   37.5000   37.5000 2842.8633    9.2816
    7.5000   37.5000   37.5000 2825.5020    9.4230
   -7.5000   45.0000   37.5000 2771.7725    9.6819
    0.0000   45.0000   37.5000 2786.5432    9.5789
    7.5000   45.0000   37.5000 2773.0249    9.6919
   -7.5000   52.5000   37.5000 2679.7527   10.0281
    0.0000   52.5000   37.5000 2690.2224    9.9304
    7.5000   52.5000   37.5000 2676.6597   10.0424
   -7.5000   60.0000   37.5000 2540.7571   10.3924
    0.0000   60.0000   37.5000 2550.2124   10.2981
    7.5000   60.0000   37.5000 2537.7358   10.4296
   -7.5000   67.5000   37.5000 2369.4329   10.7397
    0.0000   67.5000   37.5000 2377.2986   10.6844
    7.5000   67.5000   37.5000 2365.2922   10.7897
   -7.5000  -22.5000   45.0000 2175.9241   16.1381
    0.0000  -22.5000   45.0000 2188.7261   15.9225
    7.5000  -22.5000   45.0000 2170.3979   16.1252
   -7.5000  -15.0000   45.0000 2304.9338   14.3224
    0.0000  -15.0000   45.0000 2320.8833   14.0847
    7.5000  -15.0000   45.0000 2305.2441   14.2672
   -7.5000   -7.5000   45.0000 2422.2639   12.9192
    0.0000   -7.5000   45.0000 2439.7925   12.6987
    7.5000   -7.5000   45.0000 2424.2271   12.8627
   -7.5000    0.0000   45.0000 2530.3606   11.8298
    0.0000    0.0000   45.0000 2549.3579   11.6416
    7.5000    0.0000   45.0000 2534.3420   11.8171
   -7.5000    7.5000   45.0000 2623.9111   11.0056
    0.0000    7.5000   45.0000 2646.8721   10.8562
    7.5000    7.5000   45.0000 2627.8555   11.0182
   -7.5000   15.0000   45.0000 2690.6289   10.4352
    0.0000   15.0000   45.0000 2716.8188   10.2857
    7.5000   15.0000   45.0000 2691.3811   10.4619
   -7.5000   22.5000   45.0000 2734.4841   10.0850
    0.0000   22.5000   45.0000 2759.8843    9.9607
    7.5000   22.5000   45.0000 2735.5171   10.1328
   -7.5000   30.0000   45.0000 2752.2556    9.9280
    0.0000   30.0000   45.0000 2770.0034    9.8192
    7.5000   30.0000   45.0000 2750.9355    9.9832
   -7.5000   37.5000   45.0000 2737.3411   10.0640
    0.0000   37.5000   45.0000 2757.5664    9.9358
    7.5000   37.5000   45.0000 2740.8196   10.0778
   -7.5000   45.0000   45.0000 2695.7947   10.3169
    0.0000   45.0000   45.0000 2711.9297   10.1997
    7.5000   45.0000   45.0000 2699.8792   10.3021
   -7.5000   52.5000   45.0000 2604.8704   10.6435
    0.0000   52.5000   45.0000 2617.4919   10.5406
    7.5000   52.5000   45.0000 2604.2322   10.6418
   -7.5000   60.0000   45.0000 2470.3962   10.9785
    0.0000   60.0000   45.0000 2482.8689   10.8847
    7.5000   60.0000   45.0000 2467.8613   11.0064
   -7.5000   67.5000   45.0000 2300.1975   11.3228
    0.0000   67.5000   45.0000 2315.2161   11.2545
    7.5000   67.5000   45.0000 2299.2769   11.3655

---------------------------------------------------------------------
imgreg_4dfp /opt/freesurfer/average/711-2C_as_mni_average_305 /opt/freesurfer/average/711-2B_as_mni_average_305_mask talsrcimg_g11 none talsrcimg_to_711-2C_as_mni_average_305_t4 1283
---------------------------------------------------------------------

freesurfer imgreg_4dfp.c
/opt/freesurfer/average/711-2C_as_mni_average_305.4dfp.img
       256       256       256         1
  1.000000  1.000000  1.000000
orientation T byte_order littleendian
Reading image: /opt/freesurfer/average/711-2C_as_mni_average_305.4dfp.img
dimensions:      256       256       256
mmppix:       1.0000   -1.0000   -1.0000
center:     128.0000 -129.0000 -129.0000
/opt/freesurfer/average/711-2B_as_mni_average_305_mask.4dfp.img
       256       256       256         1
  1.000000  1.000000  1.000000
orientation T byte_order littleendian
Reading mask: /opt/freesurfer/average/711-2B_as_mni_average_305_mask.4dfp.img (2306576 pixels)
talsrcimg_g11.4dfp.img
       256       256       256         1
  1.000000  1.000000  1.000000
orientation T byte_order littleendian
Reading image: talsrcimg_g11.4dfp.img
dimensions:      256       256       256
mmppix:       1.0000   -1.0000   -1.0000
center:     128.0000 -129.0000 -129.0000
rotation matrix determinant  1.000000
fimgreg.f
image alignment mode   1283 decimal      503 hex
parameters
    0.0000   30.0000    7.5000    0.0000    0.0000    0.0000
eta,q 0.95550  8.06134
niter,ni,del,rscale     5    3   12.0000    1.2000
parameter  4  0.873339 ->  0.500000 qaram    1.1500
parameters
   -0.4125   32.2223    5.3986   -3.4500   -0.9887    1.5095
eta,q 0.95801  7.99989
  0.0571  0.0569  0.0449  0.0420  0.0458  0.0460
  0.0517  0.0514  0.0442  0.0423  0.0434  0.0442
  0.0471  0.0479  0.0437  0.0428  0.0424  0.0431
  0.0457  0.0455  0.0439  0.0437  0.0424  0.0423
  0.0483  0.0441  0.0452  0.0456  0.0436  0.0420
  0.0540  0.0448  0.0472  0.0478  0.0458  0.0424
  0.0606  0.0472  0.0500  0.0504  0.0489  0.0436
niter,ni,del,rscale     5    3   12.0000    1.2000
parameter  4  0.510182 ->  0.500000 qaram    1.3225
parameters
   -0.1181   33.6042    3.3613   -7.4175   -1.1158    1.8770
eta,q 0.96061  7.98493
  0.0559  0.0516  0.0420  0.0402  0.0447  0.0431
  0.0504  0.0476  0.0404  0.0397  0.0413  0.0416
  0.0449  0.0447  0.0399  0.0392  0.0394  0.0403
  0.0420  0.0419  0.0407  0.0399  0.0395  0.0395
  0.0425  0.0407  0.0421  0.0426  0.0404  0.0395
  0.0468  0.0425  0.0437  0.0466  0.0418  0.0406
  0.0550  0.0463  0.0459  0.0497  0.0447  0.0427
niter,ni,del,rscale     5    3   12.0000    1.2000
parameters
   -0.2510   35.1216    1.3045  -10.7169   -0.9196    1.5658
eta,q 0.96309  7.99846
  0.0530  0.0506  0.0408  0.0389  0.0435  0.0409
  0.0467  0.0451  0.0389  0.0368  0.0403  0.0389
  0.0414  0.0412  0.0380  0.0371  0.0378  0.0373
  0.0394  0.0394  0.0389  0.0380  0.0369  0.0369
  0.0410  0.0389  0.0411  0.0397  0.0376  0.0378
  0.0463  0.0402  0.0438  0.0434  0.0395  0.0395
  0.0555  0.0429  0.0463  0.0479  0.0429  0.0417
niter,ni,del,rscale     4    3   12.0000    1.2000
parameters
   -0.4084   36.1865    0.4633  -11.6288   -0.7694    1.0639
eta,q 0.96387  8.01982
  0.0512  0.0495  0.0402  0.0412  0.0419  0.0396
  0.0445  0.0439  0.0371  0.0384  0.0394  0.0376
  0.0392  0.0397  0.0362  0.0368  0.0374  0.0363
  0.0369  0.0369  0.0364  0.0362  0.0362  0.0362
  0.0388  0.0367  0.0377  0.0375  0.0366  0.0372
  0.0447  0.0394  0.0395  0.0404  0.0385  0.0387
  0.0537  0.0432  0.0423  0.0443  0.0419  0.0406
niter,ni,del,rscale     3    3   12.0000    1.2000
parameters
   -0.4223   36.4791    0.4112  -11.9948   -0.7048    0.9280
eta,q 0.96376  8.02461
  0.0505  0.0471  0.0412  0.0419  0.0416  0.0400
  0.0438  0.0415  0.0375  0.0388  0.0393  0.0378
  0.0386  0.0375  0.0362  0.0373  0.0373  0.0365
  0.0361  0.0361  0.0362  0.0362  0.0363  0.0363
  0.0376  0.0376  0.0369  0.0368  0.0368  0.0370
  0.0430  0.0409  0.0384  0.0395  0.0386  0.0383
  0.0516  0.0446  0.0407  0.0434  0.0419  0.0400
niter,ni,del,rscale     2    3   12.0000    1.2000
parameters
   -0.4311   36.5831    0.3048  -12.1457   -0.6664    0.8872
eta,q 0.96371  8.02576
  0.0503  0.0465  0.0409  0.0422  0.0415  0.0401
  0.0438  0.0409  0.0374  0.0390  0.0392  0.0379
  0.0387  0.0371  0.0363  0.0375  0.0373  0.0366
  0.0362  0.0362  0.0363  0.0362  0.0363  0.0363
  0.0377  0.0380  0.0370  0.0366  0.0368  0.0369
  0.0429  0.0414  0.0383  0.0392  0.0387  0.0382
  0.0514  0.0449  0.0406  0.0431  0.0419  0.0399
niter,ni,del,rscale     1    3   12.0000    1.2000
parameters
   -0.4370   36.6164    0.2654  -12.1945   -0.6499    0.8744
eta,q 0.96369  8.02597
  0.0503  0.0463  0.0410  0.0423  0.0415  0.0401
  0.0438  0.0406  0.0375  0.0390  0.0392  0.0379
  0.0387  0.0370  0.0363  0.0376  0.0373  0.0367
  0.0363  0.0363  0.0363  0.0363  0.0363  0.0363
  0.0377  0.0382  0.0370  0.0365  0.0369  0.0369
  0.0429  0.0415  0.0382  0.0390  0.0387  0.0382
  0.0513  0.0450  0.0405  0.0430  0.0419  0.0399
registration optimization eta report
parameter search radius
    6.0000    6.0000    6.0000    7.9350    6.0000    6.0000
100000*second partial in parameter space
       40.       26.       13.       10.       15.       10.
  0.0503  0.0463  0.0410  0.0423  0.0415  0.0401
  0.0438  0.0406  0.0375  0.0390  0.0392  0.0379
  0.0387  0.0370  0.0363  0.0376  0.0373  0.0367
  0.0363  0.0363  0.0363  0.0363  0.0363  0.0363
  0.0377  0.0382  0.0370  0.0365  0.0369  0.0369
  0.0429  0.0415  0.0382  0.0390  0.0387  0.0382
  0.0513  0.0450  0.0405  0.0430  0.0419  0.0399
   -0.4370   36.6164    0.2654  -12.1945   -0.6499    0.8744
eta,q 0.96369  8.02597

---------------------------------------------------------------------
imgreg_4dfp /opt/freesurfer/average/711-2C_as_mni_average_305 /opt/freesurfer/average/711-2B_as_mni_average_305_mask talsrcimg_g11 none talsrcimg_to_711-2C_as_mni_average_305_t4 3335
---------------------------------------------------------------------

freesurfer imgreg_4dfp.c
/opt/freesurfer/average/711-2C_as_mni_average_305.4dfp.img
       256       256       256         1
  1.000000  1.000000  1.000000
orientation T byte_order littleendian
Reading image: /opt/freesurfer/average/711-2C_as_mni_average_305.4dfp.img
dimensions:      256       256       256
mmppix:       1.0000   -1.0000   -1.0000
center:     128.0000 -129.0000 -129.0000
/opt/freesurfer/average/711-2B_as_mni_average_305_mask.4dfp.img
       256       256       256         1
  1.000000  1.000000  1.000000
orientation T byte_order littleendian
Reading mask: /opt/freesurfer/average/711-2B_as_mni_average_305_mask.4dfp.img (2306576 pixels)
talsrcimg_g11.4dfp.img
       256       256       256         1
  1.000000  1.000000  1.000000
orientation T byte_order littleendian
Reading image: talsrcimg_g11.4dfp.img
dimensions:      256       256       256
mmppix:       1.0000   -1.0000   -1.0000
center:     128.0000 -129.0000 -129.0000
fimgreg.f
image alignment mode   3335 decimal      D07 hex
parameters
   -0.4370   36.6164    0.2654   -0.0181   -2.2714   -2.2627
   -1.7312    0.7862    1.5260   21.1376   -1.1343  -21.1218
eta,q 0.96481  8.05142
niter,ni,del,rscale     5    3    5.0000    1.2000
parameters
   -0.6134   36.6949   -0.5588   -2.1951   -5.2896   -2.7688
   -1.6843    0.6856    2.3222   19.9305   -1.4012  -23.2365
eta,q 0.96607  7.88491
  0.0371  0.0373  0.0355  0.0363  0.0352  0.0354  0.0361  0.0373  0.0363  0.0359  0.0349  0.0345
  0.0360  0.0362  0.0351  0.0352  0.0344  0.0348  0.0351  0.0357  0.0352  0.0348  0.0344  0.0341
  0.0354  0.0354  0.0351  0.0346  0.0341  0.0345  0.0344  0.0346  0.0345  0.0341  0.0342  0.0339
  0.0352  0.0352  0.0352  0.0350  0.0346  0.0341  0.0342  0.0342  0.0342  0.0342  0.0341  0.0341
  0.0355  0.0354  0.0355  0.0362  0.0360  0.0342  0.0344  0.0346  0.0343  0.0348  0.0342  0.0344
  0.0364  0.0360  0.0360  0.0377  0.0383  0.0350  0.0351  0.0358  0.0347  0.0359  0.0345  0.0349
  0.0378  0.0370  0.0365  0.0399  0.0412  0.0361  0.0360  0.0375  0.0355  0.0374  0.0350  0.0354
niter,ni,del,rscale     4    3    5.0000    1.2000
parameters
   -0.7335   36.7351   -1.2161   -1.7977   -5.7957   -3.5514
   -1.9920    0.5838    2.5670   20.5417   -1.1342  -23.6632
eta,q 0.96611  7.86637
  0.0362  0.0359  0.0344  0.0369  0.0363  0.0355  0.0358  0.0372  0.0358  0.0369  0.0349  0.0348
  0.0349  0.0348  0.0340  0.0358  0.0351  0.0348  0.0348  0.0355  0.0348  0.0356  0.0344  0.0343
  0.0341  0.0341  0.0338  0.0346  0.0342  0.0343  0.0341  0.0344  0.0342  0.0345  0.0340  0.0339
  0.0339  0.0339  0.0339  0.0338  0.0338  0.0338  0.0339  0.0339  0.0339  0.0339  0.0339  0.0339
  0.0343  0.0342  0.0342  0.0341  0.0341  0.0341  0.0343  0.0344  0.0341  0.0341  0.0340  0.0341
  0.0353  0.0348  0.0347  0.0351  0.0354  0.0354  0.0350  0.0356  0.0347  0.0349  0.0343  0.0345
  0.0366  0.0357  0.0353  0.0366  0.0375  0.0367  0.0361  0.0374  0.0356  0.0362  0.0348  0.0350
niter,ni,del,rscale     3    3    5.0000    1.2000
parameters
   -0.7494   36.9170   -1.6026   -1.5975   -5.9659   -4.1986
   -2.0768    0.4847    2.4941   20.9548   -0.8825  -23.8559
eta,q 0.96607  7.85607
  0.0363  0.0360  0.0346  0.0368  0.0365  0.0356  0.0359  0.0372  0.0357  0.0367  0.0349  0.0349
  0.0350  0.0349  0.0341  0.0357  0.0353  0.0349  0.0349  0.0355  0.0347  0.0355  0.0344  0.0343
  0.0342  0.0341  0.0339  0.0345  0.0343  0.0343  0.0342  0.0344  0.0341  0.0345  0.0341  0.0340
  0.0339  0.0339  0.0339  0.0338  0.0338  0.0338  0.0340  0.0340  0.0340  0.0340  0.0339  0.0339
  0.0342  0.0340  0.0341  0.0342  0.0341  0.0340  0.0342  0.0344  0.0342  0.0342  0.0340  0.0341
  0.0351  0.0346  0.0345  0.0353  0.0351  0.0353  0.0350  0.0356  0.0348  0.0350  0.0343  0.0345
  0.0364  0.0354  0.0351  0.0368  0.0371  0.0367  0.0360  0.0374  0.0357  0.0363  0.0348  0.0350
niter,ni,del,rscale     2    3    5.0000    1.2000
parameters
   -0.7677   37.0501   -1.9138   -1.4838   -6.0548   -4.7404
   -2.0118    0.4012    2.3773   21.2400   -0.6814  -23.9533
eta,q 0.96601  7.84678
  0.0363  0.0359  0.0346  0.0368  0.0366  0.0357  0.0360  0.0372  0.0357  0.0367  0.0349  0.0350
  0.0351  0.0348  0.0341  0.0358  0.0354  0.0349  0.0350  0.0356  0.0348  0.0355  0.0344  0.0344
  0.0342  0.0342  0.0339  0.0345  0.0344  0.0343  0.0343  0.0344  0.0342  0.0345  0.0341  0.0340
  0.0339  0.0339  0.0339  0.0339  0.0339  0.0339  0.0340  0.0340  0.0340  0.0340  0.0340  0.0340
  0.0342  0.0341  0.0341  0.0343  0.0341  0.0340  0.0343  0.0344  0.0342  0.0342  0.0341  0.0342
  0.0351  0.0346  0.0345  0.0354  0.0351  0.0352  0.0349  0.0357  0.0348  0.0351  0.0344  0.0345
  0.0364  0.0355  0.0350  0.0369  0.0371  0.0367  0.0360  0.0374  0.0358  0.0364  0.0348  0.0350
niter,ni,del,rscale     1    3    5.0000    1.2000
parameters
   -0.7927   37.1538   -2.1522   -1.3945   -6.1128   -5.1661
   -1.9022    0.3303    2.2586   21.4430   -0.5258  -24.0061
eta,q 0.96596  7.83953
  0.0364  0.0359  0.0347  0.0369  0.0367  0.0357  0.0361  0.0372  0.0357  0.0366  0.0349  0.0351
  0.0351  0.0348  0.0342  0.0358  0.0355  0.0350  0.0350  0.0356  0.0348  0.0354  0.0345  0.0344
  0.0343  0.0342  0.0340  0.0346  0.0345  0.0344  0.0343  0.0345  0.0342  0.0345  0.0342  0.0341
  0.0340  0.0340  0.0340  0.0340  0.0340  0.0340  0.0340  0.0340  0.0340  0.0340  0.0340  0.0340
  0.0343  0.0342  0.0342  0.0344  0.0342  0.0339  0.0343  0.0345  0.0343  0.0343  0.0341  0.0342
  0.0352  0.0347  0.0345  0.0354  0.0352  0.0351  0.0350  0.0357  0.0348  0.0352  0.0344  0.0346
  0.0365  0.0355  0.0350  0.0370  0.0371  0.0366  0.0360  0.0374  0.0358  0.0364  0.0349  0.0350
registration optimization eta report
parameter search radius
    2.4000    2.4000    2.4000    7.2000    7.2000    7.2000
    7.2000    7.2000    7.2000    7.2000    7.2000    7.2000
100000*second partial in parameter space
       42.       30.       15.        5.        6.        4.
        4.        6.        3.        5.        2.        2.
  0.0364  0.0359  0.0347  0.0369  0.0367  0.0357  0.0361  0.0372  0.0357  0.0366  0.0349  0.0351
  0.0351  0.0348  0.0342  0.0358  0.0355  0.0350  0.0350  0.0356  0.0348  0.0354  0.0345  0.0344
  0.0343  0.0342  0.0340  0.0346  0.0345  0.0344  0.0343  0.0345  0.0342  0.0345  0.0342  0.0341
  0.0340  0.0340  0.0340  0.0340  0.0340  0.0340  0.0340  0.0340  0.0340  0.0340  0.0340  0.0340
  0.0343  0.0342  0.0342  0.0344  0.0342  0.0339  0.0343  0.0345  0.0343  0.0343  0.0341  0.0342
  0.0352  0.0347  0.0345  0.0354  0.0352  0.0351  0.0350  0.0357  0.0348  0.0352  0.0344  0.0346
  0.0365  0.0355  0.0350  0.0370  0.0371  0.0366  0.0360  0.0374  0.0358  0.0364  0.0349  0.0350
   -0.7927   37.1538   -2.1522   -1.3945   -6.1128   -5.1661
   -1.9022    0.3303    2.2586   21.4430   -0.5258  -24.0061
eta,q 0.96596  7.83953

---------------------------------------------------------------------
imgreg_4dfp /opt/freesurfer/average/711-2C_as_mni_average_305 /opt/freesurfer/average/711-2B_as_mni_average_305_mask talsrcimg_g11 none talsrcimg_to_711-2C_as_mni_average_305_t4 2311
---------------------------------------------------------------------

freesurfer imgreg_4dfp.c
/opt/freesurfer/average/711-2C_as_mni_average_305.4dfp.img
       256       256       256         1
  1.000000  1.000000  1.000000
orientation T byte_order littleendian
Reading image: /opt/freesurfer/average/711-2C_as_mni_average_305.4dfp.img
dimensions:      256       256       256
mmppix:       1.0000   -1.0000   -1.0000
center:     128.0000 -129.0000 -129.0000
/opt/freesurfer/average/711-2B_as_mni_average_305_mask.4dfp.img
       256       256       256         1
  1.000000  1.000000  1.000000
orientation T byte_order littleendian
Reading mask: /opt/freesurfer/average/711-2B_as_mni_average_305_mask.4dfp.img (2306576 pixels)
talsrcimg_g11.4dfp.img
       256       256       256         1
  1.000000  1.000000  1.000000
orientation T byte_order littleendian
Reading image: talsrcimg_g11.4dfp.img
dimensions:      256       256       256
mmppix:       1.0000   -1.0000   -1.0000
center:     128.0000 -129.0000 -129.0000
fimgreg.f
image alignment mode   2311 decimal      907 hex
parameters
   -0.7927   37.1538   -2.1522   -1.3945   -6.1128   -5.1661
   -1.9022    0.3303    2.2586   21.4430   -0.5258  -24.0061
eta,q 0.96596  7.83953
niter,ni,del,rscale     5    3    5.0000    0.8000
parameters
   -0.8024   37.1826   -2.3703   -1.1552   -5.7719   -5.0105
   -1.8738    0.3075    2.1720   21.6235   -0.1940  -24.4568
eta,q 0.96602  7.86467
  0.0352  0.0348  0.0343  0.0358  0.0355  0.0350  0.0350  0.0357  0.0347  0.0354  0.0345  0.0344
  0.0346  0.0344  0.0341  0.0350  0.0348  0.0346  0.0345  0.0348  0.0343  0.0347  0.0342  0.0341
  0.0342  0.0341  0.0340  0.0343  0.0343  0.0343  0.0341  0.0342  0.0341  0.0342  0.0341  0.0340
  0.0340  0.0340  0.0340  0.0340  0.0340  0.0340  0.0340  0.0340  0.0340  0.0340  0.0340  0.0340
  0.0342  0.0341  0.0341  0.0343  0.0341  0.0339  0.0341  0.0342  0.0341  0.0341  0.0340  0.0341
  0.0346  0.0344  0.0343  0.0348  0.0345  0.0342  0.0344  0.0348  0.0344  0.0346  0.0341  0.0343
  0.0352  0.0348  0.0345  0.0355  0.0352  0.0351  0.0350  0.0357  0.0348  0.0352  0.0344  0.0346
niter,ni,del,rscale     4    3    5.0000    0.7000
parameters
   -0.7943   37.1349   -2.2866   -1.2087   -5.7271   -4.6700
   -1.8509    0.2458    2.0846   21.7184   -0.0260  -24.6375
eta,q 0.96607  7.87448
  0.0349  0.0346  0.0343  0.0353  0.0351  0.0348  0.0347  0.0353  0.0345  0.0351  0.0343  0.0343
  0.0344  0.0342  0.0341  0.0346  0.0345  0.0345  0.0343  0.0346  0.0342  0.0345  0.0341  0.0341
  0.0341  0.0340  0.0340  0.0341  0.0341  0.0342  0.0340  0.0341  0.0340  0.0341  0.0340  0.0340
  0.0340  0.0340  0.0340  0.0340  0.0340  0.0340  0.0339  0.0339  0.0339  0.0339  0.0339  0.0339
  0.0341  0.0341  0.0340  0.0342  0.0341  0.0339  0.0340  0.0341  0.0340  0.0340  0.0340  0.0340
  0.0344  0.0343  0.0341  0.0347  0.0344  0.0341  0.0343  0.0346  0.0342  0.0344  0.0341  0.0342
  0.0349  0.0346  0.0342  0.0353  0.0351  0.0348  0.0347  0.0353  0.0346  0.0350  0.0343  0.0344
niter,ni,del,rscale     3    3    5.0000    0.6000
parameters
   -0.7966   37.1096   -2.2013   -1.3091   -5.7189   -4.3237
   -1.8149    0.2144    2.0365   21.7333    0.0650  -24.7072
eta,q 0.96612  7.88032
  0.0346  0.0344  0.0342  0.0349  0.0347  0.0346  0.0345  0.0349  0.0343  0.0347  0.0342  0.0342
  0.0342  0.0341  0.0341  0.0344  0.0343  0.0343  0.0342  0.0344  0.0341  0.0343  0.0340  0.0340
  0.0340  0.0340  0.0340  0.0340  0.0340  0.0341  0.0340  0.0340  0.0339  0.0340  0.0339  0.0339
  0.0339  0.0339  0.0339  0.0339  0.0339  0.0339  0.0339  0.0339  0.0339  0.0339  0.0339  0.0339
  0.0340  0.0340  0.0340  0.0341  0.0340  0.0338  0.0339  0.0340  0.0339  0.0340  0.0339  0.0339
  0.0342  0.0341  0.0340  0.0345  0.0343  0.0340  0.0341  0.0344  0.0341  0.0343  0.0340  0.0340
  0.0346  0.0344  0.0341  0.0350  0.0347  0.0345  0.0344  0.0350  0.0343  0.0347  0.0341  0.0342
niter,ni,del,rscale     2    3    5.0000    0.5000
parameters
   -0.7992   37.0793   -2.1042   -1.3938   -5.7136   -3.9700
   -1.7963    0.2065    2.0024   21.6970    0.1032  -24.7293
eta,q 0.96617  7.88563
  0.0344  0.0342  0.0341  0.0346  0.0344  0.0344  0.0342  0.0346  0.0341  0.0344  0.0340  0.0341
  0.0341  0.0340  0.0340  0.0342  0.0341  0.0342  0.0340  0.0342  0.0340  0.0341  0.0339  0.0339
  0.0339  0.0339  0.0339  0.0339  0.0339  0.0340  0.0339  0.0339  0.0339  0.0339  0.0339  0.0339
  0.0339  0.0339  0.0339  0.0339  0.0339  0.0339  0.0338  0.0338  0.0338  0.0338  0.0338  0.0338
  0.0339  0.0339  0.0339  0.0340  0.0339  0.0338  0.0339  0.0339  0.0339  0.0339  0.0339  0.0339
  0.0341  0.0340  0.0339  0.0343  0.0341  0.0339  0.0340  0.0342  0.0340  0.0341  0.0339  0.0339
  0.0344  0.0342  0.0340  0.0347  0.0345  0.0343  0.0342  0.0346  0.0342  0.0344  0.0340  0.0341
niter,ni,del,rscale     1    3    5.0000    0.4000
parameters
   -0.7971   37.0511   -1.9921   -1.4834   -5.7059   -3.6008
   -1.8168    0.2201    2.0054   21.6292    0.0811  -24.7589
eta,q 0.96621  7.89079
  0.0342  0.0340  0.0340  0.0343  0.0342  0.0342  0.0341  0.0343  0.0340  0.0342  0.0339  0.0339
  0.0340  0.0339  0.0339  0.0340  0.0340  0.0341  0.0339  0.0340  0.0339  0.0340  0.0339  0.0339
  0.0339  0.0338  0.0339  0.0339  0.0339  0.0339  0.0338  0.0339  0.0338  0.0338  0.0338  0.0338
  0.0338  0.0338  0.0338  0.0338  0.0338  0.0338  0.0338  0.0338  0.0338  0.0338  0.0338  0.0338
  0.0339  0.0339  0.0338  0.0339  0.0339  0.0338  0.0338  0.0338  0.0338  0.0338  0.0338  0.0338
  0.0340  0.0339  0.0339  0.0341  0.0340  0.0339  0.0339  0.0340  0.0339  0.0340  0.0339  0.0339
  0.0341  0.0340  0.0339  0.0344  0.0342  0.0341  0.0341  0.0343  0.0340  0.0342  0.0339  0.0339
registration optimization eta report
parameter search radius
    0.8000    0.8000    0.8000    2.4000    2.4000    2.4000
    2.4000    2.4000    2.4000    2.4000    2.4000    2.4000
100000*second partial in parameter space
       50.       32.       19.        9.        6.        6.
        5.        9.        4.        7.        2.        3.
  0.0342  0.0340  0.0340  0.0343  0.0342  0.0342  0.0341  0.0343  0.0340  0.0342  0.0339  0.0339
  0.0340  0.0339  0.0339  0.0340  0.0340  0.0341  0.0339  0.0340  0.0339  0.0340  0.0339  0.0339
  0.0339  0.0338  0.0339  0.0339  0.0339  0.0339  0.0338  0.0339  0.0338  0.0338  0.0338  0.0338
  0.0338  0.0338  0.0338  0.0338  0.0338  0.0338  0.0338  0.0338  0.0338  0.0338  0.0338  0.0338
  0.0339  0.0339  0.0338  0.0339  0.0339  0.0338  0.0338  0.0338  0.0338  0.0338  0.0338  0.0338
  0.0340  0.0339  0.0339  0.0341  0.0340  0.0339  0.0339  0.0340  0.0339  0.0340  0.0339  0.0339
  0.0341  0.0340  0.0339  0.0344  0.0342  0.0341  0.0341  0.0343  0.0340  0.0342  0.0339  0.0339
   -0.7971   37.0511   -1.9921   -1.4834   -5.7059   -3.6008
   -1.8168    0.2201    2.0054   21.6292    0.0811  -24.7589
eta,q 0.96621  7.89079

---------------------------------------------------------------------
imgreg_4dfp /opt/freesurfer/average/711-2C_as_mni_average_305 /opt/freesurfer/average/711-2B_as_mni_average_305_mask talsrcimg_g11 none talsrcimg_to_711-2C_as_mni_average_305_t4 2311
---------------------------------------------------------------------

freesurfer imgreg_4dfp.c
/opt/freesurfer/average/711-2C_as_mni_average_305.4dfp.img
       256       256       256         1
  1.000000  1.000000  1.000000
orientation T byte_order littleendian
Reading image: /opt/freesurfer/average/711-2C_as_mni_average_305.4dfp.img
dimensions:      256       256       256
mmppix:       1.0000   -1.0000   -1.0000
center:     128.0000 -129.0000 -129.0000
/opt/freesurfer/average/711-2B_as_mni_average_305_mask.4dfp.img
       256       256       256         1
  1.000000  1.000000  1.000000
orientation T byte_order littleendian
Reading mask: /opt/freesurfer/average/711-2B_as_mni_average_305_mask.4dfp.img (2306576 pixels)
talsrcimg_g11.4dfp.img
       256       256       256         1
  1.000000  1.000000  1.000000
orientation T byte_order littleendian
Reading image: talsrcimg_g11.4dfp.img
dimensions:      256       256       256
mmppix:       1.0000   -1.0000   -1.0000
center:     128.0000 -129.0000 -129.0000
fimgreg.f
image alignment mode   2311 decimal      907 hex
parameters
   -0.7971   37.0511   -1.9921   -1.4834   -5.7059   -3.6008
   -1.8168    0.2201    2.0054   21.6292    0.0811  -24.7589
eta,q 0.96621  7.89079
niter,ni,del,rscale     5    3    5.0000    0.8000
parameters
   -0.8094   37.0489   -1.7989   -1.4490   -5.9273   -4.0199
   -1.7505    0.1700    2.0292   21.6611   -0.1064  -24.6743
eta,q 0.96615  7.87839
  0.0350  0.0346  0.0344  0.0356  0.0351  0.0348  0.0349  0.0356  0.0347  0.0352  0.0343  0.0344
  0.0343  0.0341  0.0341  0.0347  0.0344  0.0344  0.0343  0.0347  0.0342  0.0345  0.0340  0.0341
  0.0339  0.0339  0.0339  0.0340  0.0340  0.0341  0.0340  0.0341  0.0339  0.0340  0.0339  0.0339
  0.0338  0.0338  0.0338  0.0338  0.0338  0.0338  0.0339  0.0339  0.0339  0.0339  0.0339  0.0339
  0.0339  0.0339  0.0338  0.0341  0.0340  0.0339  0.0340  0.0341  0.0339  0.0340  0.0339  0.0339
  0.0344  0.0342  0.0340  0.0347  0.0345  0.0345  0.0343  0.0347  0.0342  0.0345  0.0341  0.0341
  0.0350  0.0346  0.0342  0.0355  0.0354  0.0355  0.0348  0.0357  0.0347  0.0352  0.0344  0.0344
niter,ni,del,rscale     4    3    5.0000    0.7000
parameters
   -0.8222   37.0751   -1.9977   -1.3539   -5.8515   -4.2191
   -1.7589    0.1932    2.0471   21.6946   -0.0382  -24.7073
eta,q 0.96613  7.87822
  0.0348  0.0345  0.0341  0.0353  0.0349  0.0346  0.0346  0.0353  0.0345  0.0350  0.0342  0.0343
  0.0343  0.0341  0.0339  0.0346  0.0344  0.0343  0.0342  0.0345  0.0341  0.0344  0.0340  0.0340
  0.0340  0.0339  0.0338  0.0340  0.0340  0.0341  0.0340  0.0341  0.0339  0.0340  0.0339  0.0339
  0.0339  0.0339  0.0339  0.0338  0.0338  0.0338  0.0339  0.0339  0.0339  0.0339  0.0339  0.0339
  0.0340  0.0339  0.0339  0.0341  0.0339  0.0338  0.0340  0.0340  0.0339  0.0340  0.0339  0.0339
  0.0343  0.0341  0.0341  0.0345  0.0343  0.0343  0.0342  0.0345  0.0341  0.0344  0.0340  0.0341
  0.0348  0.0344  0.0343  0.0352  0.0349  0.0351  0.0346  0.0352  0.0345  0.0349  0.0342  0.0343
niter,ni,del,rscale     3    3    5.0000    0.6000
parameters
   -0.8148   37.0771   -2.0721   -1.3621   -5.7752   -4.1596
   -1.7856    0.1941    2.0434   21.7057    0.0201  -24.7332
eta,q 0.96614  7.88125
  0.0345  0.0343  0.0341  0.0350  0.0347  0.0345  0.0344  0.0349  0.0343  0.0347  0.0341  0.0342
  0.0342  0.0341  0.0340  0.0344  0.0343  0.0343  0.0341  0.0344  0.0341  0.0342  0.0340  0.0340
  0.0340  0.0339  0.0339  0.0340  0.0340  0.0340  0.0339  0.0340  0.0339  0.0340  0.0339  0.0339
  0.0339  0.0339  0.0339  0.0339  0.0339  0.0339  0.0339  0.0339  0.0339  0.0339  0.0339  0.0339
  0.0339  0.0339  0.0339  0.0340  0.0339  0.0338  0.0339  0.0340  0.0339  0.0340  0.0339  0.0339
  0.0342  0.0341  0.0340  0.0344  0.0342  0.0341  0.0341  0.0343  0.0341  0.0342  0.0340  0.0340
  0.0345  0.0343  0.0341  0.0349  0.0347  0.0346  0.0344  0.0349  0.0343  0.0347  0.0341  0.0342
niter,ni,del,rscale     2    3    5.0000    0.5000
parameters
   -0.8103   37.0638   -2.0481   -1.4132   -5.7245   -3.9008
   -1.8041    0.2068    2.0308   21.6696    0.0644  -24.7285
eta,q 0.96618  7.88626
  0.0343  0.0342  0.0340  0.0346  0.0344  0.0344  0.0342  0.0346  0.0341  0.0344  0.0340  0.0341
  0.0341  0.0340  0.0339  0.0342  0.0341  0.0342  0.0340  0.0342  0.0340  0.0341  0.0339  0.0339
  0.0339  0.0339  0.0339  0.0339  0.0339  0.0340  0.0339  0.0339  0.0339  0.0339  0.0339  0.0338
  0.0339  0.0339  0.0339  0.0339  0.0339  0.0338  0.0338  0.0338  0.0338  0.0338  0.0338  0.0338
  0.0339  0.0339  0.0339  0.0340  0.0339  0.0338  0.0339  0.0339  0.0339  0.0339  0.0338  0.0339
  0.0341  0.0340  0.0339  0.0343  0.0341  0.0339  0.0340  0.0342  0.0340  0.0341  0.0339  0.0339
  0.0343  0.0342  0.0340  0.0347  0.0344  0.0343  0.0342  0.0346  0.0341  0.0344  0.0340  0.0341
niter,ni,del,rscale     1    3    5.0000    0.4000
parameters
   -0.7999   37.0391   -1.9642   -1.4863   -5.7028   -3.5653
   -1.8381    0.2269    2.0414   21.6016    0.0581  -24.7327
eta,q 0.96621  7.89131
  0.0342  0.0340  0.0340  0.0343  0.0342  0.0342  0.0341  0.0343  0.0340  0.0342  0.0339  0.0339
  0.0340  0.0339  0.0339  0.0340  0.0340  0.0341  0.0339  0.0340  0.0339  0.0340  0.0339  0.0339
  0.0339  0.0338  0.0338  0.0339  0.0339  0.0339  0.0338  0.0339  0.0338  0.0338  0.0338  0.0338
  0.0338  0.0338  0.0338  0.0338  0.0338  0.0338  0.0338  0.0338  0.0338  0.0338  0.0338  0.0338
  0.0339  0.0339  0.0338  0.0339  0.0339  0.0338  0.0338  0.0338  0.0338  0.0338  0.0338  0.0338
  0.0340  0.0339  0.0339  0.0341  0.0340  0.0339  0.0339  0.0340  0.0339  0.0340  0.0339  0.0339
  0.0341  0.0340  0.0339  0.0344  0.0342  0.0341  0.0341  0.0343  0.0340  0.0342  0.0339  0.0339
registration optimization eta report
parameter search radius
    0.8000    0.8000    0.8000    2.4000    2.4000    2.4000
    2.4000    2.4000    2.4000    2.4000    2.4000    2.4000
100000*second partial in parameter space
       50.       32.       20.        9.        6.        6.
        5.        9.        4.        7.        2.        3.
  0.0342  0.0340  0.0340  0.0343  0.0342  0.0342  0.0341  0.0343  0.0340  0.0342  0.0339  0.0339
  0.0340  0.0339  0.0339  0.0340  0.0340  0.0341  0.0339  0.0340  0.0339  0.0340  0.0339  0.0339
  0.0339  0.0338  0.0338  0.0339  0.0339  0.0339  0.0338  0.0339  0.0338  0.0338  0.0338  0.0338
  0.0338  0.0338  0.0338  0.0338  0.0338  0.0338  0.0338  0.0338  0.0338  0.0338  0.0338  0.0338
  0.0339  0.0339  0.0338  0.0339  0.0339  0.0338  0.0338  0.0338  0.0338  0.0338  0.0338  0.0338
  0.0340  0.0339  0.0339  0.0341  0.0340  0.0339  0.0339  0.0340  0.0339  0.0340  0.0339  0.0339
  0.0341  0.0340  0.0339  0.0344  0.0342  0.0341  0.0341  0.0343  0.0340  0.0342  0.0339  0.0339
   -0.7999   37.0391   -1.9642   -1.4863   -5.7028   -3.5653
   -1.8381    0.2269    2.0414   21.6016    0.0581  -24.7327
eta,q 0.96621  7.89131

---------------------------------------------------------------------
compute_vox2vox talsrcimg talsrcimg_to_711-2C_as_mni_average_305_t4 /opt/freesurfer/average/711-2C_as_mni_average_305
---------------------------------------------------------------------

freesurfer compute_vox2vox.c
Reading: talsrcimg.4dfp.ifh
Reading: talsrcimg_to_711-2C_as_mni_average_305_t4
Reading: /opt/freesurfer/average/711-2C_as_mni_average_305.4dfp.ifh
Writing: talsrcimg_to_711-2C_as_mni_average_305_t4_vox2vox.txt

start time Mon Mar 9 21:20:58 CET 2026
end		time Mon Mar 9 21:22:24 CET 2026

mpr2mni305 success

avi2talxfm orig_nu.mgz /opt/freesurfer/average/mni305.cor.mgz talsrcimg_to_711-2C_as_mni_average_305_t4_vox2vox.txt transforms/talairach.auto.xfm
avi2talxfm done
mv -f /out/sourcedata/freesurfer/sub-v1s2x0051457_ses-1/mri/talsrcimg_to_711-2C_as_mni_average_305_t4_vox2vox.txt /out/sourcedata/freesurfer/sub-v1s2x0051457_ses-1/mri/transforms/talsrcimg_to_711-2C_as_mni_average_305_t4_vox2vox.txt
lta_convert --src orig_nu.mgz --trg /opt/freesurfer/average/mni305.cor.mgz --inxfm transforms/talairach.auto.xfm --outlta transforms/talairach.auto.xfm.lta --subject fsaverage
7.3.2

--src: orig_nu.mgz src image (geometry).
--trg: /opt/freesurfer/average/mni305.cor.mgz trg image (geometry).
--inmni: transforms/talairach.auto.xfm input MNI/XFM transform.
--outlta: transforms/talairach.auto.xfm.lta output LTA.
--s: fsaverage subject name
 LTA read, type : 1
 1.01472  -0.00644   0.01809   5.75653;
-0.00590   0.97947   0.25678  -72.98658;
-0.02062  -0.22424   1.00126  -11.75111;
 0.00000   0.00000   0.00000   1.00000;
setting subject to fsaverage
Writing  LTA to file transforms/talairach.auto.xfm.lta...
lta_convert successful.
 
 
Started at Mon Mar 9 21:20:57 CET 2026
Ended   at Mon Mar  9 21:22:24 CET 2026
talairach_avi done
