status file for recon-all
Mon Mar  9 21:32:57 CET 2026
#@# MotionCor Mon Mar  9 21:33:00 CET 2026
#@# Talairach Mon Mar  9 21:33:08 CET 2026
#@# Talairach Failure Detection Mon Mar  9 21:37:31 CET 2026
#@# Nu Intensity Correction Mon Mar  9 21:37:31 CET 2026
#@# Intensity Normalization Mon Mar  9 21:40:47 CET 2026
recon-all -s sub-v1s2x0051469_ses-1 finished without error at Mon Mar  9 21:42:27 CET 2026



#New# invocation of recon-all 



status file for recon-all
Mon Mar  9 21:49:39 CET 2026
#@# EM Registration Mon Mar  9 21:49:39 CET 2026
recon-all -s sub-v1s2x0051469_ses-1 finished without error at Mon Mar  9 21:51:20 CET 2026



#New# invocation of recon-all 



status file for recon-all
Mon Mar  9 21:51:23 CET 2026
#@# CA Normalize Mon Mar  9 21:51:23 CET 2026
#@# CA Reg Mon Mar  9 21:52:45 CET 2026
#@# SubCort Seg Mon Mar  9 22:39:27 CET 2026
#@# CC Seg Mon Mar  9 23:28:16 CET 2026
#@# Merge ASeg Mon Mar  9 23:29:01 CET 2026
#@# Intensity Normalization2 Mon Mar  9 23:29:02 CET 2026
#@# Mask BFS Mon Mar  9 23:31:32 CET 2026
#@# WM Segmentation Mon Mar  9 23:31:33 CET 2026
#@# Fill Mon Mar  9 23:33:53 CET 2026
recon-all -s sub-v1s2x0051469_ses-1 finished without error at Mon Mar  9 23:34:54 CET 2026



#New# invocation of recon-all 



status file for recon-all
Tue Mar 10 00:31:48 CET 2026
#@# white curv lh Tue Mar 10 00:31:48 CET 2026
#@# white area lh Tue Mar 10 00:31:48 CET 2026
#@# pial curv lh Tue Mar 10 00:31:48 CET 2026
#@# pial area lh Tue Mar 10 00:31:48 CET 2026
#@# thickness lh Tue Mar 10 00:31:48 CET 2026
#@# area and vertex vol lh Tue Mar 10 00:31:48 CET 2026
#@# white curv rh Tue Mar 10 00:31:48 CET 2026
#@# white area rh Tue Mar 10 00:31:48 CET 2026
#@# pial curv rh Tue Mar 10 00:31:48 CET 2026
#@# pial area rh Tue Mar 10 00:31:48 CET 2026
#@# thickness rh Tue Mar 10 00:31:48 CET 2026
#@# area and vertex vol rh Tue Mar 10 00:31:48 CET 2026
#@# Cortical ribbon mask Tue Mar 10 00:31:48 CET 2026
recon-all -s sub-v1s2x0051469_ses-1 finished without error at Tue Mar 10 00:36:43 CET 2026



#New# invocation of recon-all 



status file for recon-all
Tue Mar 10 00:45:06 CET 2026
#@# white curv lh Tue Mar 10 00:45:06 CET 2026
#@# white area lh Tue Mar 10 00:45:06 CET 2026
#@# pial curv lh Tue Mar 10 00:45:06 CET 2026
#@# pial area lh Tue Mar 10 00:45:06 CET 2026
#@# thickness lh Tue Mar 10 00:45:06 CET 2026
#@# area and vertex vol lh Tue Mar 10 00:45:06 CET 2026
#@# white curv rh Tue Mar 10 00:45:06 CET 2026
#@# white area rh Tue Mar 10 00:45:06 CET 2026
#@# pial curv rh Tue Mar 10 00:45:06 CET 2026
#@# pial area rh Tue Mar 10 00:45:06 CET 2026
#@# thickness rh Tue Mar 10 00:45:06 CET 2026
#@# area and vertex vol rh Tue Mar 10 00:45:06 CET 2026
#@# Curvature Stats lh Tue Mar 10 00:45:06 CET 2026
#@# Curvature Stats rh Tue Mar 10 00:45:10 CET 2026
#@# Relabel Hypointensities Tue Mar 10 00:45:13 CET 2026
#@# APas-to-ASeg Tue Mar 10 00:45:31 CET 2026
#@# AParc-to-ASeg aparc Tue Mar 10 00:45:41 CET 2026
#@# AParc-to-ASeg aparc.a2009s Tue Mar 10 00:46:16 CET 2026
#@# AParc-to-ASeg aparc.DKTatlas Tue Mar 10 00:46:49 CET 2026
#@# WMParc Tue Mar 10 00:47:20 CET 2026
#@# ASeg Stats Tue Mar 10 00:51:47 CET 2026
recon-all -s sub-v1s2x0051469_ses-1 finished without error at Tue Mar 10 00:52:31 CET 2026
