status file for recon-all
Tue Mar 10 00:02:10 CET 2026
#@# Tessellate rh Tue Mar 10 00:02:10 CET 2026
#@# Smooth1 rh Tue Mar 10 00:02:14 CET 2026
#@# Inflation1 rh Tue Mar 10 00:02:17 CET 2026
#@# QSphere rh Tue Mar 10 00:02:33 CET 2026
#@# Fix Topology rh Tue Mar 10 00:04:27 CET 2026
#@# Smooth2 rh Tue Mar 10 00:10:29 CET 2026
#@# Inflation2 rh Tue Mar 10 00:10:32 CET 2026
#@# Curv .H and .K rh Tue Mar 10 00:10:51 CET 2026
#@# Sphere rh Tue Mar 10 00:11:48 CET 2026
#@# Surf Reg rh Tue Mar 10 00:16:59 CET 2026
#@# Jacobian white rh Tue Mar 10 00:22:34 CET 2026
#@# AvgCurv rh Tue Mar 10 00:22:35 CET 2026
#@# Cortical Parc rh Tue Mar 10 00:22:37 CET 2026
#@# white curv rh Tue Mar 10 00:30:21 CET 2026
#@# white area rh Tue Mar 10 00:30:24 CET 2026
#@# pial curv rh Tue Mar 10 00:30:25 CET 2026
#@# pial area rh Tue Mar 10 00:30:27 CET 2026
#@# thickness rh Tue Mar 10 00:30:28 CET 2026
#@# area and vertex vol rh Tue Mar 10 00:31:06 CET 2026
#@# Curvature Stats rh Tue Mar 10 00:31:08 CET 2026
#@# Cortical Parc 2 rh Tue Mar 10 00:31:11 CET 2026
#@# Cortical Parc 3 rh Tue Mar 10 00:31:28 CET 2026
#@# WM/GM Contrast rh Tue Mar 10 00:31:39 CET 2026
recon-all -s sub-v1s2x0051469_ses-1 finished without error at Tue Mar 10 00:31:43 CET 2026



#New# invocation of recon-all 



status file for recon-all
Tue Mar 10 00:40:54 CET 2026
#@# white curv rh Tue Mar 10 00:40:54 CET 2026
#@# white area rh Tue Mar 10 00:40:54 CET 2026
#@# pial curv rh Tue Mar 10 00:40:54 CET 2026
#@# pial area rh Tue Mar 10 00:40:54 CET 2026
#@# thickness rh Tue Mar 10 00:40:54 CET 2026
#@# area and vertex vol rh Tue Mar 10 00:40:54 CET 2026
#@# Parcellation Stats rh Tue Mar 10 00:40:54 CET 2026
#@# Parcellation Stats 2 rh Tue Mar 10 00:41:20 CET 2026
#@# Parcellation Stats 3 rh Tue Mar 10 00:41:32 CET 2026
#@# BA_exvivo Labels rh Tue Mar 10 00:41:45 CET 2026
recon-all -s sub-v1s2x0051469_ses-1 finished without error at Tue Mar 10 00:45:03 CET 2026
