status file for recon-all
Mon Mar  9 23:35:00 CET 2026
#@# Tessellate lh Mon Mar  9 23:35:00 CET 2026
#@# Smooth1 lh Mon Mar  9 23:35:03 CET 2026
#@# Inflation1 lh Mon Mar  9 23:35:06 CET 2026
#@# QSphere lh Mon Mar  9 23:35:22 CET 2026
#@# Fix Topology lh Mon Mar  9 23:36:50 CET 2026
#@# Smooth2 lh Mon Mar  9 23:43:10 CET 2026
#@# Inflation2 lh Mon Mar  9 23:43:13 CET 2026
#@# Curv .H and .K lh Mon Mar  9 23:43:31 CET 2026
#@# Sphere lh Mon Mar  9 23:44:29 CET 2026
#@# Surf Reg lh Mon Mar  9 23:47:36 CET 2026
#@# Jacobian white lh Mon Mar  9 23:52:52 CET 2026
#@# AvgCurv lh Mon Mar  9 23:52:53 CET 2026
#@# Cortical Parc lh Mon Mar  9 23:52:54 CET 2026
#@# white curv lh Tue Mar 10 00:00:46 CET 2026
#@# white area lh Tue Mar 10 00:00:48 CET 2026
#@# pial curv lh Tue Mar 10 00:00:49 CET 2026
#@# pial area lh Tue Mar 10 00:00:51 CET 2026
#@# thickness lh Tue Mar 10 00:00:52 CET 2026
#@# area and vertex vol lh Tue Mar 10 00:01:30 CET 2026
#@# Curvature Stats lh Tue Mar 10 00:01:32 CET 2026
#@# Cortical Parc 2 lh Tue Mar 10 00:01:35 CET 2026
#@# Cortical Parc 3 lh Tue Mar 10 00:01:52 CET 2026
#@# WM/GM Contrast lh Tue Mar 10 00:02:04 CET 2026
recon-all -s sub-v1s2x0051469_ses-1 finished without error at Tue Mar 10 00:02:08 CET 2026



#New# invocation of recon-all 



status file for recon-all
Tue Mar 10 00:36:48 CET 2026
#@# white curv lh Tue Mar 10 00:36:48 CET 2026
#@# white area lh Tue Mar 10 00:36:48 CET 2026
#@# pial curv lh Tue Mar 10 00:36:48 CET 2026
#@# pial area lh Tue Mar 10 00:36:48 CET 2026
#@# thickness lh Tue Mar 10 00:36:48 CET 2026
#@# area and vertex vol lh Tue Mar 10 00:36:48 CET 2026
#@# Parcellation Stats lh Tue Mar 10 00:36:49 CET 2026
#@# Parcellation Stats 2 lh Tue Mar 10 00:37:13 CET 2026
#@# Parcellation Stats 3 lh Tue Mar 10 00:37:26 CET 2026
#@# BA_exvivo Labels lh Tue Mar 10 00:37:38 CET 2026
recon-all -s sub-v1s2x0051469_ses-1 finished without error at Tue Mar 10 00:40:53 CET 2026
